[0.004s][warning][gc] -XX:+PrintGCDetails is deprecated. Will use -Xlog:gc* instead.
[0.011s][debug  ][gc,heap] Minimum heap 2147483648  Initial heap 2147483648  Maximum heap 2147483648
[0.011s][info   ][gc     ] Using Parallel
[0.011s][debug  ][gc,heap,coops] Heap address: 0x0000000080000000, size: 2048 MB, Compressed Oops mode: 32-bit
[0.016s][info   ][gc,init      ] Version: 17.0.2+8-86 (release)
[0.016s][info   ][gc,init      ] CPUs: 12 total, 12 available
[0.016s][info   ][gc,init      ] Memory: 14188M
[0.016s][info   ][gc,init      ] Large Page Support: Disabled
[0.016s][info   ][gc,init      ] NUMA Support: Disabled
[0.016s][info   ][gc,init      ] Compressed Oops: Enabled (32-bit)
[0.016s][info   ][gc,init      ] Alignments: Space 512K, Generation 512K, Heap 2M
[0.016s][info   ][gc,init      ] Heap Min Capacity: 2G
[0.016s][info   ][gc,init      ] Heap Initial Capacity: 2G
[0.016s][info   ][gc,init      ] Heap Max Capacity: 2G
[0.016s][info   ][gc,init      ] Pre-touch: Disabled
[0.016s][info   ][gc,init      ] Parallel Workers: 8
[0.017s][info   ][gc,metaspace ] CDS archive(s) mapped at: [0x0000000800000000-0x0000000800bc0000-0x0000000800bc0000), size 12320768, SharedBaseAddress: 0x0000000800000000, ArchiveRelocationMode: 0.
[0.017s][info   ][gc,metaspace ] Compressed class space mapped at: 0x0000000800c00000-0x0000000840c00000, reserved size: 1073741824
[0.017s][info   ][gc,metaspace ] Narrow klass base: 0x0000000800000000, Narrow klass shift: 0, Narrow klass range: 0x100000000
[0.352s][debug  ][gc,heap      ] GC(0) Heap before GC invocations=1 (full 0):
[0.352s][debug  ][gc,heap      ] GC(0)  PSYoungGen      total 229376K, used 189809K [0x00000000f0000000, 0x0000000100000000, 0x0000000100000000)
[0.352s][debug  ][gc,heap      ] GC(0)   eden space 196608K, 96% used [0x00000000f0000000,0x00000000fb95c500,0x00000000fc000000)
[0.352s][debug  ][gc,heap      ] GC(0)   from space 32768K, 0% used [0x00000000fe000000,0x00000000fe000000,0x0000000100000000)
[0.352s][debug  ][gc,heap      ] GC(0)   to   space 32768K, 0% used [0x00000000fc000000,0x00000000fc000000,0x00000000fe000000)
[0.352s][debug  ][gc,heap      ] GC(0)  ParOldGen       total 1835008K, used 0K [0x0000000080000000, 0x00000000f0000000, 0x00000000f0000000)
[0.352s][debug  ][gc,heap      ] GC(0)   object space 1835008K, 0% used [0x0000000080000000,0x0000000080000000,0x00000000f0000000)
[0.352s][debug  ][gc,heap      ] GC(0)  Metaspace       used 715K, committed 896K, reserved 1056768K
[0.352s][debug  ][gc,heap      ] GC(0)   class space    used 59K, committed 128K, reserved 1048576K
[0.352s][debug  ][gc,tlab      ] GC(0) TLAB totals: thrds: 4  refills: 4 max: 1 slow allocs: 18 max 18 waste: 89.8% gc: 14463392B max: 4026448B slow: 0B max: 0B
[0.352s][info   ][gc,start     ] GC(0) Pause Young (Allocation Failure)
[0.353s][debug  ][gc,phases,start] GC(0) Scavenge
[0.369s][debug  ][gc,phases      ] GC(0) Scavenge 16.176ms
[0.369s][debug  ][gc,phases,start] GC(0) Reference Processing
[0.369s][debug  ][gc,ref         ] GC(0) Skipped phase 1 of Reference Processing: no references
[0.369s][debug  ][gc,ref         ] GC(0) ReferenceProcessor::execute queues: 1, RefProcThreadModel::Single, marks_oops_alive: false
[0.369s][debug  ][gc,ref         ] GC(0) Skipped phase 3 of Reference Processing: no references
[0.369s][debug  ][gc,ref         ] GC(0) ReferenceProcessor::execute queues: 1, RefProcThreadModel::Single, marks_oops_alive: false
[0.369s][debug  ][gc,phases,ref  ] GC(0) Reference Processing: 0.1ms
[0.369s][debug  ][gc,phases,ref  ] GC(0)   Reconsider SoftReferences: 0.0ms
[0.369s][debug  ][gc,phases,ref  ] GC(0)     SoftRef (ms):                  skipped
[0.369s][debug  ][gc,phases,ref  ] GC(0)   Notify Soft/WeakReferences: 0.0ms
[0.369s][debug  ][gc,phases,ref  ] GC(0)     SoftRef (ms):                  Min:  0.0, Avg:  0.0, Max:  0.0, Diff:  0.0, Sum:  0.0, Workers: 8
[0.369s][debug  ][gc,phases,ref  ] GC(0)     WeakRef (ms):                  Min:  0.0, Avg:  0.0, Max:  0.0, Diff:  0.0, Sum:  0.0, Workers: 8
[0.369s][debug  ][gc,phases,ref  ] GC(0)     FinalRef (ms):                 Min:  0.0, Avg:  0.0, Max:  0.0, Diff:  0.0, Sum:  0.0, Workers: 8
[0.369s][debug  ][gc,phases,ref  ] GC(0)     Total (ms):                    Min:  0.0, Avg:  0.0, Max:  0.0, Diff:  0.0, Sum:  0.0, Workers: 8
[0.369s][debug  ][gc,phases,ref  ] GC(0)   Notify and keep alive finalizable: 0.0ms
[0.369s][debug  ][gc,phases,ref  ] GC(0)     FinalRef (ms):                 skipped
[0.369s][debug  ][gc,phases,ref  ] GC(0)   Notify PhantomReferences: 0.0ms
[0.369s][debug  ][gc,phases,ref  ] GC(0)     PhantomRef (ms):               Min:  0.0, Avg:  0.0, Max:  0.0, Diff:  0.0, Sum:  0.0, Workers: 8
[0.369s][debug  ][gc,phases,ref  ] GC(0)   SoftReference:
[0.369s][debug  ][gc,phases,ref  ] GC(0)     Discovered: 0
[0.369s][debug  ][gc,phases,ref  ] GC(0)     Cleared: 0
[0.369s][debug  ][gc,phases,ref  ] GC(0)   WeakReference:
[0.369s][debug  ][gc,phases,ref  ] GC(0)     Discovered: 76
[0.370s][debug  ][gc,phases,ref  ] GC(0)     Cleared: 53
[0.370s][debug  ][gc,phases,ref  ] GC(0)   FinalReference:
[0.370s][debug  ][gc,phases,ref  ] GC(0)     Discovered: 0
[0.370s][debug  ][gc,phases,ref  ] GC(0)     Cleared: 0
[0.370s][debug  ][gc,phases,ref  ] GC(0)   PhantomReference:
[0.370s][debug  ][gc,phases,ref  ] GC(0)     Discovered: 19
[0.370s][debug  ][gc,phases,ref  ] GC(0)     Cleared: 4
[0.370s][debug  ][gc,phases      ] GC(0) Reference Processing 0.672ms
[0.370s][debug  ][gc,phases,start] GC(0) Weak Processing
[0.370s][debug  ][gc,phases      ] GC(0)   VM Weak                        Min:  0.0, Avg:  0.0, Max:  0.0, Diff:  0.0, Sum:  0.0, Workers: 3
[0.370s][debug  ][gc,phases      ] GC(0)     Dead                           Min: 0, Avg:  0.0, Max: 0, Diff: 0, Sum: 0, Workers: 3
[0.370s][debug  ][gc,phases      ] GC(0)     Total                          Min: 0, Avg:  2.3, Max: 7, Diff: 7, Sum: 7, Workers: 3
[0.370s][debug  ][gc,phases      ] GC(0)   ObjectSynchronizer Weak        Min:  0.0, Avg:  0.0, Max:  0.0, Diff:  0.0, Sum:  0.0, Workers: 3
[0.370s][debug  ][gc,phases      ] GC(0)     Dead                           Min: 0, Avg:  0.0, Max: 0, Diff: 0, Sum: 0, Workers: 3
[0.370s][debug  ][gc,phases      ] GC(0)     Total                          Min: 0, Avg:  1.0, Max: 3, Diff: 3, Sum: 3, Workers: 3
[0.370s][debug  ][gc,phases      ] GC(0)   JVMTI Tag Weak OopStorage      Min:  0.0, Avg:  0.0, Max:  0.0, Diff:  0.0, Sum:  0.0, Workers: 3
[0.370s][debug  ][gc,phases      ] GC(0)     Dead                           Min: 0, Avg:  0.0, Max: 0, Diff: 0, Sum: 0, Workers: 3
[0.370s][debug  ][gc,phases      ] GC(0)     Total                          Min: 0, Avg:  0.0, Max: 0, Diff: 0, Sum: 0, Workers: 3
[0.370s][debug  ][gc,phases      ] GC(0)   StringTable Weak               Min:  0.0, Avg:  0.0, Max:  0.0, Diff:  0.0, Sum:  0.1, Workers: 3
[0.370s][debug  ][gc,phases      ] GC(0)     Dead                           Min: 0, Avg:  1.3, Max: 2, Diff: 2, Sum: 4, Workers: 3
[0.370s][debug  ][gc,phases      ] GC(0)     Total                          Min: 829, Avg: 873.7, Max: 960, Diff: 131, Sum: 2621, Workers: 3
[0.370s][debug  ][gc,phases      ] GC(0)   ResolvedMethodTable Weak       Min:  0.0, Avg:  0.0, Max:  0.0, Diff:  0.0, Sum:  0.0, Workers: 3
[0.370s][debug  ][gc,phases      ] GC(0)     Dead                           Min: 0, Avg:  0.3, Max: 1, Diff: 1, Sum: 1, Workers: 3
[0.370s][debug  ][gc,phases      ] GC(0)     Total                          Min: 0, Avg: 27.7, Max: 64, Diff: 64, Sum: 83, Workers: 3
[0.370s][debug  ][gc,phases      ] GC(0)   JNI Weak                       Min:  0.0, Avg:  0.0, Max:  0.0, Diff:  0.0, Sum:  0.0, Workers: 3
[0.370s][debug  ][gc,phases      ] GC(0)     Dead                           Min: 0, Avg:  0.0, Max: 0, Diff: 0, Sum: 0, Workers: 3
[0.370s][debug  ][gc,phases      ] GC(0)     Total                          Min: 0, Avg:  0.0, Max: 0, Diff: 0, Sum: 0, Workers: 3
[0.370s][debug  ][gc,phases      ] GC(0)   StringDedup Table Weak         Min:  0.0, Avg:  0.0, Max:  0.0, Diff:  0.0, Sum:  0.0, Workers: 3
[0.370s][debug  ][gc,phases      ] GC(0)     Dead                           Min: 0, Avg:  0.0, Max: 0, Diff: 0, Sum: 0, Workers: 3
[0.370s][debug  ][gc,phases      ] GC(0)     Total                          Min: 0, Avg:  0.0, Max: 0, Diff: 0, Sum: 0, Workers: 3
[0.370s][debug  ][gc,phases      ] GC(0)   StringDedup Requests0 Weak     Min:  0.0, Avg:  0.0, Max:  0.0, Diff:  0.0, Sum:  0.0, Workers: 3
[0.370s][debug  ][gc,phases      ] GC(0)     Dead                           Min: 0, Avg:  0.0, Max: 0, Diff: 0, Sum: 0, Workers: 3
[0.370s][debug  ][gc,phases      ] GC(0)     Total                          Min: 0, Avg:  0.0, Max: 0, Diff: 0, Sum: 0, Workers: 3
[0.370s][debug  ][gc,phases      ] GC(0)   StringDedup Requests1 Weak     Min:  0.0, Avg:  0.0, Max:  0.0, Diff:  0.0, Sum:  0.0, Workers: 3
[0.370s][debug  ][gc,phases      ] GC(0)     Dead                           Min: 0, Avg:  0.0, Max: 0, Diff: 0, Sum: 0, Workers: 3
[0.370s][debug  ][gc,phases      ] GC(0)     Total                          Min: 0, Avg:  0.0, Max: 0, Diff: 0, Sum: 0, Workers: 3
[0.370s][debug  ][gc,phases      ] GC(0)   Weak JFR Old Object Samples    Min:  0.0, Avg:  0.0, Max:  0.0, Diff:  0.0, Sum:  0.0, Workers: 3
[0.370s][debug  ][gc,phases      ] GC(0)     Dead                           Min: 0, Avg:  0.0, Max: 0, Diff: 0, Sum: 0, Workers: 3
[0.370s][debug  ][gc,phases      ] GC(0)     Total                          Min: 0, Avg:  0.0, Max: 0, Diff: 0, Sum: 0, Workers: 3
[0.370s][debug  ][gc,phases      ] GC(0) Weak Processing 0.738ms
[0.370s][debug  ][gc,ergo        ] GC(0) AdaptiveSizeStart:  collection: 1 
[0.370s][debug  ][gc,age         ] GC(0) Desired survivor size 33554432 bytes, new threshold 7 (max threshold 15)
[0.370s][debug  ][gc,ergo        ] GC(0) PSAdaptiveSizePolicy::compute_eden_space_size limits: desired_eden_size: 402653184 old_eden_size: 201326592 eden_limit: 201326592 cur_eden: 201326592 max_eden_size: 201326592 avg_young_live: 32514128
[0.370s][debug  ][gc,ergo        ] GC(0) PSAdaptiveSizePolicy::compute_eden_space_size: costs minor_time: 0.050399 major_cost: 0.000000 mutator_cost: 0.949601 throughput_goal: 0.990000
[0.370s][debug  ][gc,ergo        ] GC(0) Live_space: 300949568 free_space: 402653184
[0.371s][debug  ][gc,ergo        ] GC(0) Old eden_size: 201326592 desired_eden_size: 201326592
[0.371s][debug  ][gc,ergo        ] GC(0) AdaptiveSizeStop: collection: 1 
[0.371s][info   ][gc,heap        ] GC(0) PSYoungGen: 189809K(229376K)->31752K(229376K) Eden: 189809K(196608K)->0K(196608K) From: 0K(32768K)->31752K(32768K)
[0.371s][info   ][gc,heap        ] GC(0) ParOldGen: 0K(1835008K)->143368K(1835008K)
[0.371s][info   ][gc,metaspace   ] GC(0) Metaspace: 715K(896K)->715K(896K) NonClass: 655K(768K)->655K(768K) Class: 59K(128K)->59K(128K)
[0.371s][info   ][gc             ] GC(0) Pause Young (Allocation Failure) 185M->171M(2016M) 18.148ms
[0.371s][info   ][gc,cpu         ] GC(0) User=0.02s Sys=0.02s Real=0.02s
[0.371s][debug  ][gc,heap        ] GC(0) Heap after GC invocations=1 (full 0):
[0.371s][debug  ][gc,heap        ] GC(0)  PSYoungGen      total 229376K, used 31752K [0x00000000f0000000, 0x0000000100000000, 0x0000000100000000)
[0.371s][debug  ][gc,heap        ] GC(0)   eden space 196608K, 0% used [0x00000000f0000000,0x00000000f0000000,0x00000000fc000000)
[0.371s][debug  ][gc,heap        ] GC(0)   from space 32768K, 96% used [0x00000000fc000000,0x00000000fdf02050,0x00000000fe000000)
[0.371s][debug  ][gc,heap        ] GC(0)   to   space 32768K, 0% used [0x00000000fe000000,0x00000000fe000000,0x0000000100000000)
[0.371s][debug  ][gc,heap        ] GC(0)  ParOldGen       total 1835008K, used 143368K [0x0000000080000000, 0x00000000f0000000, 0x00000000f0000000)
[0.371s][debug  ][gc,heap        ] GC(0)   object space 1835008K, 7% used [0x0000000080000000,0x0000000088c020e0,0x00000000f0000000)
[0.371s][debug  ][gc,heap        ] GC(0)  Metaspace       used 715K, committed 896K, reserved 1056768K
[0.371s][debug  ][gc,heap        ] GC(0)   class space    used 59K, committed 128K, reserved 1048576K
[0.371s][debug  ][gc,task,time   ] GC(0) VM-Thread 3521976 3689610 3708815
[0.653s][debug  ][gc,heap        ] GC(1) Heap before GC invocations=2 (full 0):
[0.653s][debug  ][gc,heap        ] GC(1)  PSYoungGen      total 229376K, used 219841K [0x00000000f0000000, 0x0000000100000000, 0x0000000100000000)
[0.653s][debug  ][gc,heap        ] GC(1)   eden space 196608K, 95% used [0x00000000f0000000,0x00000000fb7ae610,0x00000000fc000000)
[0.653s][debug  ][gc,heap        ] GC(1)   from space 32768K, 96% used [0x00000000fc000000,0x00000000fdf02050,0x00000000fe000000)
[0.653s][debug  ][gc,heap        ] GC(1)   to   space 32768K, 0% used [0x00000000fe000000,0x00000000fe000000,0x0000000100000000)
[0.654s][debug  ][gc,heap        ] GC(1)  ParOldGen       total 1835008K, used 143368K [0x0000000080000000, 0x00000000f0000000, 0x00000000f0000000)
[0.654s][debug  ][gc,heap        ] GC(1)   object space 1835008K, 7% used [0x0000000080000000,0x0000000088c020e0,0x00000000f0000000)
[0.654s][debug  ][gc,heap        ] GC(1)  Metaspace       used 715K, committed 896K, reserved 1056768K
[0.654s][debug  ][gc,heap        ] GC(1)   class space    used 59K, committed 128K, reserved 1048576K
[0.654s][debug  ][gc,tlab        ] GC(1) TLAB totals: thrds: 1  refills: 1 max: 1 slow allocs: 17 max 17 waste: 26.9% gc: 3859328B max: 3859328B slow: 0B max: 0B
[0.654s][info   ][gc,start       ] GC(1) Pause Young (Allocation Failure)
[0.654s][debug  ][gc,phases,start] GC(1) Scavenge
[0.673s][debug  ][gc,phases      ] GC(1) Scavenge 18.992ms
[0.673s][debug  ][gc,phases,start] GC(1) Reference Processing
[0.673s][debug  ][gc,ref         ] GC(1) Skipped phase 1 of Reference Processing: no references
[0.673s][debug  ][gc,ref         ] GC(1) ReferenceProcessor::execute queues: 1, RefProcThreadModel::Single, marks_oops_alive: false
[0.673s][debug  ][gc,ref         ] GC(1) Skipped phase 3 of Reference Processing: no references
[0.673s][debug  ][gc,ref         ] GC(1) ReferenceProcessor::execute queues: 1, RefProcThreadModel::Single, marks_oops_alive: false
[0.673s][debug  ][gc,phases,ref  ] GC(1) Reference Processing: 0.1ms
[0.673s][debug  ][gc,phases,ref  ] GC(1)   Reconsider SoftReferences: 0.0ms
[0.673s][debug  ][gc,phases,ref  ] GC(1)     SoftRef (ms):                  skipped
[0.673s][debug  ][gc,phases,ref  ] GC(1)   Notify Soft/WeakReferences: 0.0ms
[0.673s][debug  ][gc,phases,ref  ] GC(1)     SoftRef (ms):                  Min:  0.0, Avg:  0.0, Max:  0.0, Diff:  0.0, Sum:  0.0, Workers: 8
[0.673s][debug  ][gc,phases,ref  ] GC(1)     WeakRef (ms):                  Min:  0.0, Avg:  0.0, Max:  0.0, Diff:  0.0, Sum:  0.0, Workers: 8
[0.673s][debug  ][gc,phases,ref  ] GC(1)     FinalRef (ms):                 Min:  0.0, Avg:  0.0, Max:  0.0, Diff:  0.0, Sum:  0.0, Workers: 8
[0.673s][debug  ][gc,phases,ref  ] GC(1)     Total (ms):                    Min:  0.0, Avg:  0.0, Max:  0.0, Diff:  0.0, Sum:  0.0, Workers: 8
[0.673s][debug  ][gc,phases,ref  ] GC(1)   Notify and keep alive finalizable: 0.0ms
[0.673s][debug  ][gc,phases,ref  ] GC(1)     FinalRef (ms):                 skipped
[0.673s][debug  ][gc,phases,ref  ] GC(1)   Notify PhantomReferences: 0.0ms
[0.673s][debug  ][gc,phases,ref  ] GC(1)     PhantomRef (ms):               Min:  0.0, Avg:  0.0, Max:  0.0, Diff:  0.0, Sum:  0.0, Workers: 8
[0.673s][debug  ][gc,phases,ref  ] GC(1)   SoftReference:
[0.673s][debug  ][gc,phases,ref  ] GC(1)     Discovered: 0
[0.673s][debug  ][gc,phases,ref  ] GC(1)     Cleared: 0
[0.673s][debug  ][gc,phases,ref  ] GC(1)   WeakReference:
[0.673s][debug  ][gc,phases,ref  ] GC(1)     Discovered: 3
[0.673s][debug  ][gc,phases,ref  ] GC(1)     Cleared: 3
[0.673s][debug  ][gc,phases,ref  ] GC(1)   FinalReference:
[0.673s][debug  ][gc,phases,ref  ] GC(1)     Discovered: 0
[0.673s][debug  ][gc,phases,ref  ] GC(1)     Cleared: 0
[0.673s][debug  ][gc,phases,ref  ] GC(1)   PhantomReference:
[0.673s][debug  ][gc,phases,ref  ] GC(1)     Discovered: 5
[0.673s][debug  ][gc,phases,ref  ] GC(1)     Cleared: 5
[0.673s][debug  ][gc,phases      ] GC(1) Reference Processing 0.615ms
[0.673s][debug  ][gc,phases,start] GC(1) Weak Processing
[0.674s][debug  ][gc,phases      ] GC(1)   VM Weak                        Min:  0.0, Avg:  0.0, Max:  0.0, Diff:  0.0, Sum:  0.0, Workers: 3
[0.674s][debug  ][gc,phases      ] GC(1)     Dead                           Min: 0, Avg:  0.0, Max: 0, Diff: 0, Sum: 0, Workers: 3
[0.674s][debug  ][gc,phases      ] GC(1)     Total                          Min: 0, Avg:  2.3, Max: 7, Diff: 7, Sum: 7, Workers: 3
[0.674s][debug  ][gc,phases      ] GC(1)   ObjectSynchronizer Weak        Min:  0.0, Avg:  0.0, Max:  0.0, Diff:  0.0, Sum:  0.0, Workers: 3
[0.674s][debug  ][gc,phases      ] GC(1)     Dead                           Min: 0, Avg:  0.0, Max: 0, Diff: 0, Sum: 0, Workers: 3
[0.674s][debug  ][gc,phases      ] GC(1)     Total                          Min: 0, Avg:  1.0, Max: 3, Diff: 3, Sum: 3, Workers: 3
[0.674s][debug  ][gc,phases      ] GC(1)   JVMTI Tag Weak OopStorage      Min:  0.0, Avg:  0.0, Max:  0.0, Diff:  0.0, Sum:  0.0, Workers: 3
[0.674s][debug  ][gc,phases      ] GC(1)     Dead                           Min: 0, Avg:  0.0, Max: 0, Diff: 0, Sum: 0, Workers: 3
[0.674s][debug  ][gc,phases      ] GC(1)     Total                          Min: 0, Avg:  0.0, Max: 0, Diff: 0, Sum: 0, Workers: 3
[0.674s][debug  ][gc,phases      ] GC(1)   StringTable Weak               Min:  0.0, Avg:  0.0, Max:  0.0, Diff:  0.0, Sum:  0.1, Workers: 3
[0.674s][debug  ][gc,phases      ] GC(1)     Dead                           Min: 0, Avg:  0.0, Max: 0, Diff: 0, Sum: 0, Workers: 3
[0.674s][debug  ][gc,phases      ] GC(1)     Total                          Min: 768, Avg: 873.7, Max: 1021, Diff: 253, Sum: 2621, Workers: 3
[0.674s][debug  ][gc,phases      ] GC(1)   ResolvedMethodTable Weak       Min:  0.0, Avg:  0.0, Max:  0.0, Diff:  0.0, Sum:  0.0, Workers: 3
[0.674s][debug  ][gc,phases      ] GC(1)     Dead                           Min: 0, Avg:  0.0, Max: 0, Diff: 0, Sum: 0, Workers: 3
[0.674s][debug  ][gc,phases      ] GC(1)     Total                          Min: 0, Avg: 27.7, Max: 64, Diff: 64, Sum: 83, Workers: 3
[0.674s][debug  ][gc,phases      ] GC(1)   JNI Weak                       Min:  0.0, Avg:  0.0, Max:  0.0, Diff:  0.0, Sum:  0.0, Workers: 3
[0.674s][debug  ][gc,phases      ] GC(1)     Dead                           Min: 0, Avg:  0.0, Max: 0, Diff: 0, Sum: 0, Workers: 3
[0.674s][debug  ][gc,phases      ] GC(1)     Total                          Min: 0, Avg:  0.0, Max: 0, Diff: 0, Sum: 0, Workers: 3
[0.674s][debug  ][gc,phases      ] GC(1)   StringDedup Table Weak         Min:  0.0, Avg:  0.0, Max:  0.0, Diff:  0.0, Sum:  0.0, Workers: 3
[0.674s][debug  ][gc,phases      ] GC(1)     Dead                           Min: 0, Avg:  0.0, Max: 0, Diff: 0, Sum: 0, Workers: 3
[0.674s][debug  ][gc,phases      ] GC(1)     Total                          Min: 0, Avg:  0.0, Max: 0, Diff: 0, Sum: 0, Workers: 3
[0.674s][debug  ][gc,phases      ] GC(1)   StringDedup Requests0 Weak     Min:  0.0, Avg:  0.0, Max:  0.0, Diff:  0.0, Sum:  0.0, Workers: 3
[0.674s][debug  ][gc,phases      ] GC(1)     Dead                           Min: 0, Avg:  0.0, Max: 0, Diff: 0, Sum: 0, Workers: 3
[0.674s][debug  ][gc,phases      ] GC(1)     Total                          Min: 0, Avg:  0.0, Max: 0, Diff: 0, Sum: 0, Workers: 3
[0.674s][debug  ][gc,phases      ] GC(1)   StringDedup Requests1 Weak     Min:  0.0, Avg:  0.0, Max:  0.0, Diff:  0.0, Sum:  0.0, Workers: 3
[0.674s][debug  ][gc,phases      ] GC(1)     Dead                           Min: 0, Avg:  0.0, Max: 0, Diff: 0, Sum: 0, Workers: 3
[0.674s][debug  ][gc,phases      ] GC(1)     Total                          Min: 0, Avg:  0.0, Max: 0, Diff: 0, Sum: 0, Workers: 3
[0.674s][debug  ][gc,phases      ] GC(1)   Weak JFR Old Object Samples    Min:  0.0, Avg:  0.0, Max:  0.0, Diff:  0.0, Sum:  0.0, Workers: 3
[0.674s][debug  ][gc,phases      ] GC(1)     Dead                           Min: 0, Avg:  0.0, Max: 0, Diff: 0, Sum: 0, Workers: 3
[0.674s][debug  ][gc,phases      ] GC(1)     Total                          Min: 0, Avg:  0.0, Max: 0, Diff: 0, Sum: 0, Workers: 3
[0.674s][debug  ][gc,phases      ] GC(1) Weak Processing 0.915ms
[0.674s][debug  ][gc,ergo        ] GC(1) AdaptiveSizeStart:  collection: 2 
[0.674s][debug  ][gc,age         ] GC(1) Desired survivor size 33554432 bytes, new threshold 7 (max threshold 15)
[0.674s][debug  ][gc,ergo        ] GC(1) PSAdaptiveSizePolicy::compute_eden_space_size limits: desired_eden_size: 402653184 old_eden_size: 201326592 eden_limit: 201326592 cur_eden: 201326592 max_eden_size: 201326592 avg_young_live: 32522328
[0.674s][debug  ][gc,ergo        ] GC(1) PSAdaptiveSizePolicy::compute_eden_space_size: costs minor_time: 0.059249 major_cost: 0.000000 mutator_cost: 0.940751 throughput_goal: 0.990000
[0.674s][debug  ][gc,ergo        ] GC(1) Live_space: 300957792 free_space: 402653184
[0.674s][debug  ][gc,ergo        ] GC(1) Old eden_size: 201326592 desired_eden_size: 201326592
[0.674s][debug  ][gc,ergo        ] GC(1) AdaptiveSizeStop: collection: 2 
[0.675s][info   ][gc,heap        ] GC(1) PSYoungGen: 219841K(229376K)->31768K(229376K) Eden: 188089K(196608K)->0K(196608K) From: 31752K(32768K)->31768K(32768K)
[0.675s][info   ][gc,heap        ] GC(1) ParOldGen: 143368K(1835008K)->327696K(1835008K)
[0.675s][info   ][gc,metaspace   ] GC(1) Metaspace: 715K(896K)->715K(896K) NonClass: 656K(768K)->656K(768K) Class: 59K(128K)->59K(128K)
[0.675s][info   ][gc             ] GC(1) Pause Young (Allocation Failure) 354M->351M(2016M) 21.000ms
[0.675s][info   ][gc,cpu         ] GC(1) User=0.00s Sys=0.11s Real=0.02s
[0.675s][debug  ][gc,heap        ] GC(1) Heap after GC invocations=2 (full 0):
[0.675s][debug  ][gc,heap        ] GC(1)  PSYoungGen      total 229376K, used 31768K [0x00000000f0000000, 0x0000000100000000, 0x0000000100000000)
[0.675s][debug  ][gc,heap        ] GC(1)   eden space 196608K, 0% used [0x00000000f0000000,0x00000000f0000000,0x00000000fc000000)
[0.675s][debug  ][gc,heap        ] GC(1)   from space 32768K, 96% used [0x00000000fe000000,0x00000000fff06060,0x0000000100000000)
[0.675s][debug  ][gc,heap        ] GC(1)   to   space 32768K, 0% used [0x00000000fc000000,0x00000000fc000000,0x00000000fe000000)
[0.675s][debug  ][gc,heap        ] GC(1)  ParOldGen       total 1835008K, used 327696K [0x0000000080000000, 0x00000000f0000000, 0x00000000f0000000)
[0.675s][debug  ][gc,heap        ] GC(1)   object space 1835008K, 17% used [0x0000000080000000,0x0000000094004200,0x00000000f0000000)
[0.675s][debug  ][gc,heap        ] GC(1)  Metaspace       used 715K, committed 896K, reserved 1056768K
[0.675s][debug  ][gc,heap        ] GC(1)   class space    used 59K, committed 128K, reserved 1048576K
[0.675s][debug  ][gc,task,time   ] GC(1) VM-Thread 6533436 6726932 6748568
[0.969s][debug  ][gc,heap        ] GC(2) Heap before GC invocations=3 (full 0):
[0.970s][debug  ][gc,heap        ] GC(2)  PSYoungGen      total 229376K, used 219822K [0x00000000f0000000, 0x0000000100000000, 0x0000000100000000)
[0.970s][debug  ][gc,heap        ] GC(2)   eden space 196608K, 95% used [0x00000000f0000000,0x00000000fb7a5b40,0x00000000fc000000)
[0.970s][debug  ][gc,heap        ] GC(2)   from space 32768K, 96% used [0x00000000fe000000,0x00000000fff06060,0x0000000100000000)
[0.970s][debug  ][gc,heap        ] GC(2)   to   space 32768K, 0% used [0x00000000fc000000,0x00000000fc000000,0x00000000fe000000)
[0.970s][debug  ][gc,heap        ] GC(2)  ParOldGen       total 1835008K, used 327696K [0x0000000080000000, 0x00000000f0000000, 0x00000000f0000000)
[0.970s][debug  ][gc,heap        ] GC(2)   object space 1835008K, 17% used [0x0000000080000000,0x0000000094004200,0x00000000f0000000)
[0.970s][debug  ][gc,heap        ] GC(2)  Metaspace       used 715K, committed 896K, reserved 1056768K
[0.970s][debug  ][gc,heap        ] GC(2)   class space    used 59K, committed 128K, reserved 1048576K
[0.970s][debug  ][gc,tlab        ] GC(2) TLAB totals: thrds: 1  refills: 1 max: 1 slow allocs: 17 max 17 waste: 26.7% gc: 3823848B max: 3823848B slow: 0B max: 0B
[0.970s][info   ][gc,start       ] GC(2) Pause Young (Allocation Failure)
[0.970s][debug  ][gc,phases,start] GC(2) Scavenge
[0.988s][debug  ][gc,phases      ] GC(2) Scavenge 18.372ms
[0.988s][debug  ][gc,phases,start] GC(2) Reference Processing
[0.988s][debug  ][gc,ref         ] GC(2) Skipped phase 1 of Reference Processing: no references
[0.988s][debug  ][gc,ref         ] GC(2) ReferenceProcessor::execute queues: 1, RefProcThreadModel::Single, marks_oops_alive: false
[0.988s][debug  ][gc,ref         ] GC(2) Skipped phase 3 of Reference Processing: no references
[0.988s][debug  ][gc,ref         ] GC(2) ReferenceProcessor::execute queues: 1, RefProcThreadModel::Single, marks_oops_alive: false
[0.988s][debug  ][gc,phases,ref  ] GC(2) Reference Processing: 0.1ms
[0.988s][debug  ][gc,phases,ref  ] GC(2)   Reconsider SoftReferences: 0.0ms
[0.988s][debug  ][gc,phases,ref  ] GC(2)     SoftRef (ms):                  skipped
[0.988s][debug  ][gc,phases,ref  ] GC(2)   Notify Soft/WeakReferences: 0.0ms
[0.989s][debug  ][gc,phases,ref  ] GC(2)     SoftRef (ms):                  Min:  0.0, Avg:  0.0, Max:  0.0, Diff:  0.0, Sum:  0.0, Workers: 8
[0.989s][debug  ][gc,phases,ref  ] GC(2)     WeakRef (ms):                  Min:  0.0, Avg:  0.0, Max:  0.0, Diff:  0.0, Sum:  0.0, Workers: 8
[0.989s][debug  ][gc,phases,ref  ] GC(2)     FinalRef (ms):                 Min:  0.0, Avg:  0.0, Max:  0.0, Diff:  0.0, Sum:  0.0, Workers: 8
[0.989s][debug  ][gc,phases,ref  ] GC(2)     Total (ms):                    Min:  0.0, Avg:  0.0, Max:  0.0, Diff:  0.0, Sum:  0.0, Workers: 8
[0.989s][debug  ][gc,phases,ref  ] GC(2)   Notify and keep alive finalizable: 0.0ms
[0.989s][debug  ][gc,phases,ref  ] GC(2)     FinalRef (ms):                 skipped
[0.989s][debug  ][gc,phases,ref  ] GC(2)   Notify PhantomReferences: 0.0ms
[0.989s][debug  ][gc,phases,ref  ] GC(2)     PhantomRef (ms):               Min:  0.0, Avg:  0.0, Max:  0.0, Diff:  0.0, Sum:  0.0, Workers: 8
[0.989s][debug  ][gc,phases,ref  ] GC(2)   SoftReference:
[0.989s][debug  ][gc,phases,ref  ] GC(2)     Discovered: 0
[0.989s][debug  ][gc,phases,ref  ] GC(2)     Cleared: 0
[0.989s][debug  ][gc,phases,ref  ] GC(2)   WeakReference:
[0.989s][debug  ][gc,phases,ref  ] GC(2)     Discovered: 3
[0.989s][debug  ][gc,phases,ref  ] GC(2)     Cleared: 3
[0.989s][debug  ][gc,phases,ref  ] GC(2)   FinalReference:
[0.989s][debug  ][gc,phases,ref  ] GC(2)     Discovered: 0
[0.989s][debug  ][gc,phases,ref  ] GC(2)     Cleared: 0
[0.989s][debug  ][gc,phases,ref  ] GC(2)   PhantomReference:
[0.989s][debug  ][gc,phases,ref  ] GC(2)     Discovered: 4
[0.989s][debug  ][gc,phases,ref  ] GC(2)     Cleared: 4
[0.989s][debug  ][gc,phases      ] GC(2) Reference Processing 0.728ms
[0.989s][debug  ][gc,phases,start] GC(2) Weak Processing
[0.989s][debug  ][gc,phases      ] GC(2)   VM Weak                        Min:  0.0, Avg:  0.0, Max:  0.0, Diff:  0.0, Sum:  0.0, Workers: 3
[0.989s][debug  ][gc,phases      ] GC(2)     Dead                           Min: 0, Avg:  0.0, Max: 0, Diff: 0, Sum: 0, Workers: 3
[0.989s][debug  ][gc,phases      ] GC(2)     Total                          Min: 0, Avg:  2.3, Max: 7, Diff: 7, Sum: 7, Workers: 3
[0.989s][debug  ][gc,phases      ] GC(2)   ObjectSynchronizer Weak        Min:  0.0, Avg:  0.0, Max:  0.0, Diff:  0.0, Sum:  0.0, Workers: 3
[0.989s][debug  ][gc,phases      ] GC(2)     Dead                           Min: 0, Avg:  0.0, Max: 0, Diff: 0, Sum: 0, Workers: 3
[0.989s][debug  ][gc,phases      ] GC(2)     Total                          Min: 0, Avg:  1.0, Max: 3, Diff: 3, Sum: 3, Workers: 3
[0.989s][debug  ][gc,phases      ] GC(2)   JVMTI Tag Weak OopStorage      Min:  0.0, Avg:  0.0, Max:  0.0, Diff:  0.0, Sum:  0.0, Workers: 3
[0.989s][debug  ][gc,phases      ] GC(2)     Dead                           Min: 0, Avg:  0.0, Max: 0, Diff: 0, Sum: 0, Workers: 3
[0.989s][debug  ][gc,phases      ] GC(2)     Total                          Min: 0, Avg:  0.0, Max: 0, Diff: 0, Sum: 0, Workers: 3
[0.989s][debug  ][gc,phases      ] GC(2)   StringTable Weak               Min:  0.0, Avg:  0.0, Max:  0.0, Diff:  0.0, Sum:  0.1, Workers: 3
[0.989s][debug  ][gc,phases      ] GC(2)     Dead                           Min: 0, Avg:  0.0, Max: 0, Diff: 0, Sum: 0, Workers: 3
[0.989s][debug  ][gc,phases      ] GC(2)     Total                          Min: 768, Avg: 873.7, Max: 1021, Diff: 253, Sum: 2621, Workers: 3
[0.989s][debug  ][gc,phases      ] GC(2)   ResolvedMethodTable Weak       Min:  0.0, Avg:  0.0, Max:  0.0, Diff:  0.0, Sum:  0.0, Workers: 3
[0.989s][debug  ][gc,phases      ] GC(2)     Dead                           Min: 0, Avg:  0.0, Max: 0, Diff: 0, Sum: 0, Workers: 3
[0.989s][debug  ][gc,phases      ] GC(2)     Total                          Min: 0, Avg: 27.7, Max: 64, Diff: 64, Sum: 83, Workers: 3
[0.990s][debug  ][gc,phases      ] GC(2)   JNI Weak                       Min:  0.0, Avg:  0.0, Max:  0.0, Diff:  0.0, Sum:  0.0, Workers: 3
[0.990s][debug  ][gc,phases      ] GC(2)     Dead                           Min: 0, Avg:  0.0, Max: 0, Diff: 0, Sum: 0, Workers: 3
[0.990s][debug  ][gc,phases      ] GC(2)     Total                          Min: 0, Avg:  0.0, Max: 0, Diff: 0, Sum: 0, Workers: 3
[0.990s][debug  ][gc,phases      ] GC(2)   StringDedup Table Weak         Min:  0.0, Avg:  0.0, Max:  0.0, Diff:  0.0, Sum:  0.0, Workers: 3
[0.990s][debug  ][gc,phases      ] GC(2)     Dead                           Min: 0, Avg:  0.0, Max: 0, Diff: 0, Sum: 0, Workers: 3
[0.990s][debug  ][gc,phases      ] GC(2)     Total                          Min: 0, Avg:  0.0, Max: 0, Diff: 0, Sum: 0, Workers: 3
[0.990s][debug  ][gc,phases      ] GC(2)   StringDedup Requests0 Weak     Min:  0.0, Avg:  0.0, Max:  0.0, Diff:  0.0, Sum:  0.0, Workers: 3
[0.990s][debug  ][gc,phases      ] GC(2)     Dead                           Min: 0, Avg:  0.0, Max: 0, Diff: 0, Sum: 0, Workers: 3
[0.990s][debug  ][gc,phases      ] GC(2)     Total                          Min: 0, Avg:  0.0, Max: 0, Diff: 0, Sum: 0, Workers: 3
[0.990s][debug  ][gc,phases      ] GC(2)   StringDedup Requests1 Weak     Min:  0.0, Avg:  0.0, Max:  0.0, Diff:  0.0, Sum:  0.0, Workers: 3
[0.990s][debug  ][gc,phases      ] GC(2)     Dead                           Min: 0, Avg:  0.0, Max: 0, Diff: 0, Sum: 0, Workers: 3
[0.990s][debug  ][gc,phases      ] GC(2)     Total                          Min: 0, Avg:  0.0, Max: 0, Diff: 0, Sum: 0, Workers: 3
[0.990s][debug  ][gc,phases      ] GC(2)   Weak JFR Old Object Samples    Min:  0.0, Avg:  0.0, Max:  0.0, Diff:  0.0, Sum:  0.0, Workers: 3
[0.990s][debug  ][gc,phases      ] GC(2)     Dead                           Min: 0, Avg:  0.0, Max: 0, Diff: 0, Sum: 0, Workers: 3
[0.990s][debug  ][gc,phases      ] GC(2)     Total                          Min: 0, Avg:  0.0, Max: 0, Diff: 0, Sum: 0, Workers: 3
[0.990s][debug  ][gc,phases      ] GC(2) Weak Processing 0.877ms
[0.990s][debug  ][gc,ergo        ] GC(2) AdaptiveSizeStart:  collection: 3 
[0.990s][debug  ][gc,age         ] GC(2) Desired survivor size 33554432 bytes, new threshold 7 (max threshold 15)
[0.990s][debug  ][gc,ergo        ] GC(2) PSAdaptiveSizePolicy::compute_eden_space_size limits: desired_eden_size: 402653184 old_eden_size: 201326592 eden_limit: 201326592 cur_eden: 201326592 max_eden_size: 201326592 avg_young_live: 32519622
[0.990s][debug  ][gc,ergo        ] GC(2) PSAdaptiveSizePolicy::compute_eden_space_size: costs minor_time: 0.060710 major_cost: 0.000000 mutator_cost: 0.939290 throughput_goal: 0.990000
[0.990s][debug  ][gc,ergo        ] GC(2) Live_space: 300955072 free_space: 402653184
[0.990s][debug  ][gc,ergo        ] GC(2) Old eden_size: 201326592 desired_eden_size: 201326592
[0.990s][debug  ][gc,ergo        ] GC(2) AdaptiveSizeStop: collection: 3 
[0.990s][info   ][gc,heap        ] GC(2) PSYoungGen: 219822K(229376K)->31752K(229376K) Eden: 188054K(196608K)->0K(196608K) From: 31768K(32768K)->31752K(32768K)
[0.990s][info   ][gc,heap        ] GC(2) ParOldGen: 327696K(1835008K)->512016K(1835008K)
[0.990s][info   ][gc,metaspace   ] GC(2) Metaspace: 715K(896K)->715K(896K) NonClass: 656K(768K)->656K(768K) Class: 59K(128K)->59K(128K)
[0.990s][info   ][gc             ] GC(2) Pause Young (Allocation Failure) 534M->531M(2016M) 20.383ms
[0.990s][info   ][gc,cpu         ] GC(2) User=0.00s Sys=0.12s Real=0.02s
[0.990s][debug  ][gc,heap        ] GC(2) Heap after GC invocations=3 (full 0):
[0.990s][debug  ][gc,heap        ] GC(2)  PSYoungGen      total 229376K, used 31752K [0x00000000f0000000, 0x0000000100000000, 0x0000000100000000)
[0.990s][debug  ][gc,heap        ] GC(2)   eden space 196608K, 0% used [0x00000000f0000000,0x00000000f0000000,0x00000000fc000000)
[0.990s][debug  ][gc,heap        ] GC(2)   from space 32768K, 96% used [0x00000000fc000000,0x00000000fdf02050,0x00000000fe000000)
[0.990s][debug  ][gc,heap        ] GC(2)   to   space 32768K, 0% used [0x00000000fe000000,0x00000000fe000000,0x0000000100000000)
[0.990s][debug  ][gc,heap        ] GC(2)  ParOldGen       total 1835008K, used 512016K [0x0000000080000000, 0x00000000f0000000, 0x00000000f0000000)
[0.990s][debug  ][gc,heap        ] GC(2)   object space 1835008K, 27% used [0x0000000080000000,0x000000009f404320,0x00000000f0000000)
[0.990s][debug  ][gc,heap        ] GC(2)  Metaspace       used 715K, committed 896K, reserved 1056768K
[0.990s][debug  ][gc,heap        ] GC(2)   class space    used 59K, committed 128K, reserved 1048576K
[0.990s][debug  ][gc,task,time   ] GC(2) VM-Thread 9694739 9882606 9904652
[1.272s][debug  ][gc,heap        ] GC(3) Heap before GC invocations=4 (full 0):
[1.272s][debug  ][gc,heap        ] GC(3)  PSYoungGen      total 229376K, used 225747K [0x00000000f0000000, 0x0000000100000000, 0x0000000100000000)
[1.272s][debug  ][gc,heap        ] GC(3)   eden space 196608K, 98% used [0x00000000f0000000,0x00000000fbd72c20,0x00000000fc000000)
[1.272s][debug  ][gc,heap        ] GC(3)   from space 32768K, 96% used [0x00000000fc000000,0x00000000fdf02050,0x00000000fe000000)
[1.272s][debug  ][gc,heap        ] GC(3)   to   space 32768K, 0% used [0x00000000fe000000,0x00000000fe000000,0x0000000100000000)
[1.272s][debug  ][gc,heap        ] GC(3)  ParOldGen       total 1835008K, used 512016K [0x0000000080000000, 0x00000000f0000000, 0x00000000f0000000)
[1.272s][debug  ][gc,heap        ] GC(3)   object space 1835008K, 27% used [0x0000000080000000,0x000000009f404320,0x00000000f0000000)
[1.272s][debug  ][gc,heap        ] GC(3)  Metaspace       used 947K, committed 1152K, reserved 1056768K
[1.272s][debug  ][gc,heap        ] GC(3)   class space    used 74K, committed 192K, reserved 1048576K
[1.272s][debug  ][gc,tlab        ] GC(3) TLAB totals: thrds: 3  refills: 3 max: 1 slow allocs: 17 max 17 waste: 44.9% gc: 9165080B max: 3867008B slow: 0B max: 0B
[1.272s][info   ][gc,start       ] GC(3) Pause Young (Allocation Failure)
[1.272s][debug  ][gc,phases,start] GC(3) Scavenge
[1.291s][debug  ][gc,phases      ] GC(3) Scavenge 18.648ms
[1.291s][debug  ][gc,phases,start] GC(3) Reference Processing
[1.291s][debug  ][gc,ref         ] GC(3) Skipped phase 1 of Reference Processing: no references
[1.291s][debug  ][gc,ref         ] GC(3) ReferenceProcessor::execute queues: 1, RefProcThreadModel::Single, marks_oops_alive: false
[1.291s][debug  ][gc,ref         ] GC(3) Skipped phase 3 of Reference Processing: no references
[1.291s][debug  ][gc,ref         ] GC(3) ReferenceProcessor::execute queues: 1, RefProcThreadModel::Single, marks_oops_alive: false
[1.291s][debug  ][gc,phases,ref  ] GC(3) Reference Processing: 0.1ms
[1.291s][debug  ][gc,phases,ref  ] GC(3)   Reconsider SoftReferences: 0.0ms
[1.291s][debug  ][gc,phases,ref  ] GC(3)     SoftRef (ms):                  skipped
[1.291s][debug  ][gc,phases,ref  ] GC(3)   Notify Soft/WeakReferences: 0.0ms
[1.291s][debug  ][gc,phases,ref  ] GC(3)     SoftRef (ms):                  Min:  0.0, Avg:  0.0, Max:  0.0, Diff:  0.0, Sum:  0.0, Workers: 8
[1.291s][debug  ][gc,phases,ref  ] GC(3)     WeakRef (ms):                  Min:  0.0, Avg:  0.0, Max:  0.0, Diff:  0.0, Sum:  0.0, Workers: 8
[1.291s][debug  ][gc,phases,ref  ] GC(3)     FinalRef (ms):                 Min:  0.0, Avg:  0.0, Max:  0.0, Diff:  0.0, Sum:  0.0, Workers: 8
[1.291s][debug  ][gc,phases,ref  ] GC(3)     Total (ms):                    Min:  0.0, Avg:  0.0, Max:  0.0, Diff:  0.0, Sum:  0.0, Workers: 8
[1.291s][debug  ][gc,phases,ref  ] GC(3)   Notify and keep alive finalizable: 0.0ms
[1.291s][debug  ][gc,phases,ref  ] GC(3)     FinalRef (ms):                 skipped
[1.291s][debug  ][gc,phases,ref  ] GC(3)   Notify PhantomReferences: 0.0ms
[1.291s][debug  ][gc,phases,ref  ] GC(3)     PhantomRef (ms):               Min:  0.0, Avg:  0.0, Max:  0.0, Diff:  0.0, Sum:  0.0, Workers: 8
[1.291s][debug  ][gc,phases,ref  ] GC(3)   SoftReference:
[1.291s][debug  ][gc,phases,ref  ] GC(3)     Discovered: 0
[1.291s][debug  ][gc,phases,ref  ] GC(3)     Cleared: 0
[1.291s][debug  ][gc,phases,ref  ] GC(3)   WeakReference:
[1.291s][debug  ][gc,phases,ref  ] GC(3)     Discovered: 8
[1.291s][debug  ][gc,phases,ref  ] GC(3)     Cleared: 3
[1.291s][debug  ][gc,phases,ref  ] GC(3)   FinalReference:
[1.291s][debug  ][gc,phases,ref  ] GC(3)     Discovered: 0
[1.291s][debug  ][gc,phases,ref  ] GC(3)     Cleared: 0
[1.291s][debug  ][gc,phases,ref  ] GC(3)   PhantomReference:
[1.291s][debug  ][gc,phases,ref  ] GC(3)     Discovered: 9
[1.291s][debug  ][gc,phases,ref  ] GC(3)     Cleared: 4
[1.291s][debug  ][gc,phases      ] GC(3) Reference Processing 0.617ms
[1.291s][debug  ][gc,phases,start] GC(3) Weak Processing
[1.291s][debug  ][gc,phases      ] GC(3)   VM Weak                        Min:  0.0, Avg:  0.0, Max:  0.0, Diff:  0.0, Sum:  0.0, Workers: 5
[1.291s][debug  ][gc,phases      ] GC(3)     Dead                           Min: 0, Avg:  0.0, Max: 0, Diff: 0, Sum: 0, Workers: 5
[1.291s][debug  ][gc,phases      ] GC(3)     Total                          Min: 0, Avg:  1.6, Max: 8, Diff: 8, Sum: 8, Workers: 5
[1.292s][debug  ][gc,phases      ] GC(3)   ObjectSynchronizer Weak        Min:  0.0, Avg:  0.0, Max:  0.0, Diff:  0.0, Sum:  0.0, Workers: 5
[1.292s][debug  ][gc,phases      ] GC(3)     Dead                           Min: 0, Avg:  0.0, Max: 0, Diff: 0, Sum: 0, Workers: 5
[1.292s][debug  ][gc,phases      ] GC(3)     Total                          Min: 0, Avg:  0.6, Max: 3, Diff: 3, Sum: 3, Workers: 5
[1.292s][debug  ][gc,phases      ] GC(3)   JVMTI Tag Weak OopStorage      Min:  0.0, Avg:  0.0, Max:  0.0, Diff:  0.0, Sum:  0.0, Workers: 5
[1.292s][debug  ][gc,phases      ] GC(3)     Dead                           Min: 0, Avg:  0.0, Max: 0, Diff: 0, Sum: 0, Workers: 5
[1.292s][debug  ][gc,phases      ] GC(3)     Total                          Min: 0, Avg:  0.0, Max: 0, Diff: 0, Sum: 0, Workers: 5
[1.292s][debug  ][gc,phases      ] GC(3)   StringTable Weak               Min:  0.0, Avg:  0.0, Max:  0.0, Diff:  0.0, Sum:  0.2, Workers: 5
[1.292s][debug  ][gc,phases      ] GC(3)     Dead                           Min: 0, Avg:  0.2, Max: 1, Diff: 1, Sum: 1, Workers: 5
[1.292s][debug  ][gc,phases      ] GC(3)     Total                          Min: 576, Avg: 948.8, Max: 1472, Diff: 896, Sum: 4744, Workers: 5
[1.292s][debug  ][gc,phases      ] GC(3)   ResolvedMethodTable Weak       Min:  0.0, Avg:  0.0, Max:  0.0, Diff:  0.0, Sum:  0.0, Workers: 5
[1.292s][debug  ][gc,phases      ] GC(3)     Dead                           Min: 0, Avg:  0.0, Max: 0, Diff: 0, Sum: 0, Workers: 5
[1.292s][debug  ][gc,phases      ] GC(3)     Total                          Min: 0, Avg: 18.4, Max: 64, Diff: 64, Sum: 92, Workers: 5
[1.292s][debug  ][gc,phases      ] GC(3)   JNI Weak                       Min:  0.0, Avg:  0.0, Max:  0.0, Diff:  0.0, Sum:  0.0, Workers: 5
[1.292s][debug  ][gc,phases      ] GC(3)     Dead                           Min: 0, Avg:  0.0, Max: 0, Diff: 0, Sum: 0, Workers: 5
[1.292s][debug  ][gc,phases      ] GC(3)     Total                          Min: 0, Avg:  0.0, Max: 0, Diff: 0, Sum: 0, Workers: 5
[1.292s][debug  ][gc,phases      ] GC(3)   StringDedup Table Weak         Min:  0.0, Avg:  0.0, Max:  0.0, Diff:  0.0, Sum:  0.0, Workers: 5
[1.292s][debug  ][gc,phases      ] GC(3)     Dead                           Min: 0, Avg:  0.0, Max: 0, Diff: 0, Sum: 0, Workers: 5
[1.292s][debug  ][gc,phases      ] GC(3)     Total                          Min: 0, Avg:  0.0, Max: 0, Diff: 0, Sum: 0, Workers: 5
[1.292s][debug  ][gc,phases      ] GC(3)   StringDedup Requests0 Weak     Min:  0.0, Avg:  0.0, Max:  0.0, Diff:  0.0, Sum:  0.0, Workers: 5
[1.292s][debug  ][gc,phases      ] GC(3)     Dead                           Min: 0, Avg:  0.0, Max: 0, Diff: 0, Sum: 0, Workers: 5
[1.292s][debug  ][gc,phases      ] GC(3)     Total                          Min: 0, Avg:  0.0, Max: 0, Diff: 0, Sum: 0, Workers: 5
[1.292s][debug  ][gc,phases      ] GC(3)   StringDedup Requests1 Weak     Min:  0.0, Avg:  0.0, Max:  0.0, Diff:  0.0, Sum:  0.0, Workers: 5
[1.292s][debug  ][gc,phases      ] GC(3)     Dead                           Min: 0, Avg:  0.0, Max: 0, Diff: 0, Sum: 0, Workers: 5
[1.292s][debug  ][gc,phases      ] GC(3)     Total                          Min: 0, Avg:  0.0, Max: 0, Diff: 0, Sum: 0, Workers: 5
[1.292s][debug  ][gc,phases      ] GC(3)   Weak JFR Old Object Samples    Min:  0.0, Avg:  0.0, Max:  0.0, Diff:  0.0, Sum:  0.0, Workers: 5
[1.292s][debug  ][gc,phases      ] GC(3)     Dead                           Min: 0, Avg:  0.0, Max: 0, Diff: 0, Sum: 0, Workers: 5
[1.292s][debug  ][gc,phases      ] GC(3)     Total                          Min: 0, Avg:  0.0, Max: 0, Diff: 0, Sum: 0, Workers: 5
[1.292s][debug  ][gc,phases      ] GC(3) Weak Processing 0.707ms
[1.292s][debug  ][gc,ergo        ] GC(3) AdaptiveSizeStart:  collection: 4 
[1.292s][debug  ][gc,age         ] GC(3) Desired survivor size 33554432 bytes, new threshold 7 (max threshold 15)
[1.292s][debug  ][gc,ergo        ] GC(3) PSAdaptiveSizePolicy::compute_eden_space_size limits: desired_eden_size: 402653184 old_eden_size: 201326592 eden_limit: 201326592 cur_eden: 201326592 max_eden_size: 201326592 avg_young_live: 32649320
[1.292s][debug  ][gc,ergo        ] GC(3) PSAdaptiveSizePolicy::compute_eden_space_size: costs minor_time: 0.062156 major_cost: 0.000000 mutator_cost: 0.937844 throughput_goal: 0.990000
[1.292s][debug  ][gc,ergo        ] GC(3) Live_space: 301084768 free_space: 402653184
[1.292s][debug  ][gc,ergo        ] GC(3) Old eden_size: 201326592 desired_eden_size: 201326592
[1.292s][debug  ][gc,ergo        ] GC(3) AdaptiveSizeStop: collection: 4 
[1.292s][info   ][gc,heap        ] GC(3) PSYoungGen: 225747K(229376K)->32264K(229376K) Eden: 193995K(196608K)->0K(196608K) From: 31752K(32768K)->32264K(32768K)
[1.292s][info   ][gc,heap        ] GC(3) ParOldGen: 512016K(1835008K)->696345K(1835008K)
[1.292s][info   ][gc,metaspace   ] GC(3) Metaspace: 947K(1152K)->947K(1152K) NonClass: 872K(960K)->872K(960K) Class: 74K(192K)->74K(192K)
[1.292s][info   ][gc             ] GC(3) Pause Young (Allocation Failure) 720M->711M(2016M) 20.365ms
[1.292s][info   ][gc,cpu         ] GC(3) User=0.11s Sys=0.05s Real=0.02s
[1.292s][debug  ][gc,heap        ] GC(3) Heap after GC invocations=4 (full 0):
[1.292s][debug  ][gc,heap        ] GC(3)  PSYoungGen      total 229376K, used 32264K [0x00000000f0000000, 0x0000000100000000, 0x0000000100000000)
[1.292s][debug  ][gc,heap        ] GC(3)   eden space 196608K, 0% used [0x00000000f0000000,0x00000000f0000000,0x00000000fc000000)
[1.292s][debug  ][gc,heap        ] GC(3)   from space 32768K, 98% used [0x00000000fe000000,0x00000000fff82050,0x0000000100000000)
[1.292s][debug  ][gc,heap        ] GC(3)   to   space 32768K, 0% used [0x00000000fc000000,0x00000000fc000000,0x00000000fe000000)
[1.292s][debug  ][gc,heap        ] GC(3)  ParOldGen       total 1835008K, used 696345K [0x0000000080000000, 0x00000000f0000000, 0x00000000f0000000)
[1.292s][debug  ][gc,heap        ] GC(3)   object space 1835008K, 37% used [0x0000000080000000,0x00000000aa806440,0x00000000f0000000)
[1.292s][debug  ][gc,heap        ] GC(3)  Metaspace       used 947K, committed 1152K, reserved 1056768K
[1.293s][debug  ][gc,heap        ] GC(3)   class space    used 74K, committed 192K, reserved 1048576K
[1.293s][debug  ][gc,task,time   ] GC(3) VM-Thread 12715447 12907163 12925419
[1.574s][debug  ][gc,heap        ] GC(4) Heap before GC invocations=5 (full 0):
[1.574s][debug  ][gc,heap        ] GC(4)  PSYoungGen      total 229376K, used 220346K [0x00000000f0000000, 0x0000000100000000, 0x0000000100000000)
[1.574s][debug  ][gc,heap        ] GC(4)   eden space 196608K, 95% used [0x00000000f0000000,0x00000000fb7aca30,0x00000000fc000000)
[1.574s][debug  ][gc,heap        ] GC(4)   from space 32768K, 98% used [0x00000000fe000000,0x00000000fff82050,0x0000000100000000)
[1.574s][debug  ][gc,heap        ] GC(4)   to   space 32768K, 0% used [0x00000000fc000000,0x00000000fc000000,0x00000000fe000000)
[1.574s][debug  ][gc,heap        ] GC(4)  ParOldGen       total 1835008K, used 696345K [0x0000000080000000, 0x00000000f0000000, 0x00000000f0000000)
[1.574s][debug  ][gc,heap        ] GC(4)   object space 1835008K, 37% used [0x0000000080000000,0x00000000aa806440,0x00000000f0000000)
[1.574s][debug  ][gc,heap        ] GC(4)  Metaspace       used 947K, committed 1152K, reserved 1056768K
[1.574s][debug  ][gc,heap        ] GC(4)   class space    used 74K, committed 192K, reserved 1048576K
[1.574s][debug  ][gc,tlab        ] GC(4) TLAB totals: thrds: 1  refills: 1 max: 1 slow allocs: 17 max 17 waste: 26.9% gc: 3852104B max: 3852104B slow: 0B max: 0B
[1.574s][info   ][gc,start       ] GC(4) Pause Young (Allocation Failure)
[1.574s][debug  ][gc,phases,start] GC(4) Scavenge
[1.594s][debug  ][gc,phases      ] GC(4) Scavenge 19.915ms
[1.594s][debug  ][gc,phases,start] GC(4) Reference Processing
[1.594s][debug  ][gc,ref         ] GC(4) Skipped phase 1 of Reference Processing: no references
[1.594s][debug  ][gc,ref         ] GC(4) ReferenceProcessor::execute queues: 1, RefProcThreadModel::Single, marks_oops_alive: false
[1.594s][debug  ][gc,ref         ] GC(4) Skipped phase 3 of Reference Processing: no references
[1.594s][debug  ][gc,ref         ] GC(4) ReferenceProcessor::execute queues: 1, RefProcThreadModel::Single, marks_oops_alive: false
[1.594s][debug  ][gc,phases,ref  ] GC(4) Reference Processing: 0.1ms
[1.594s][debug  ][gc,phases,ref  ] GC(4)   Reconsider SoftReferences: 0.0ms
[1.594s][debug  ][gc,phases,ref  ] GC(4)     SoftRef (ms):                  skipped
[1.594s][debug  ][gc,phases,ref  ] GC(4)   Notify Soft/WeakReferences: 0.0ms
[1.594s][debug  ][gc,phases,ref  ] GC(4)     SoftRef (ms):                  Min:  0.0, Avg:  0.0, Max:  0.0, Diff:  0.0, Sum:  0.0, Workers: 8
[1.594s][debug  ][gc,phases,ref  ] GC(4)     WeakRef (ms):                  Min:  0.0, Avg:  0.0, Max:  0.0, Diff:  0.0, Sum:  0.0, Workers: 8
[1.594s][debug  ][gc,phases,ref  ] GC(4)     FinalRef (ms):                 Min:  0.0, Avg:  0.0, Max:  0.0, Diff:  0.0, Sum:  0.0, Workers: 8
[1.594s][debug  ][gc,phases,ref  ] GC(4)     Total (ms):                    Min:  0.0, Avg:  0.0, Max:  0.0, Diff:  0.0, Sum:  0.0, Workers: 8
[1.594s][debug  ][gc,phases,ref  ] GC(4)   Notify and keep alive finalizable: 0.0ms
[1.594s][debug  ][gc,phases,ref  ] GC(4)     FinalRef (ms):                 skipped
[1.594s][debug  ][gc,phases,ref  ] GC(4)   Notify PhantomReferences: 0.0ms
[1.594s][debug  ][gc,phases,ref  ] GC(4)     PhantomRef (ms):               Min:  0.0, Avg:  0.0, Max:  0.0, Diff:  0.0, Sum:  0.0, Workers: 8
[1.594s][debug  ][gc,phases,ref  ] GC(4)   SoftReference:
[1.595s][debug  ][gc,phases,ref  ] GC(4)     Discovered: 0
[1.595s][debug  ][gc,phases,ref  ] GC(4)     Cleared: 0
[1.595s][debug  ][gc,phases,ref  ] GC(4)   WeakReference:
[1.595s][debug  ][gc,phases,ref  ] GC(4)     Discovered: 3
[1.595s][debug  ][gc,phases,ref  ] GC(4)     Cleared: 3
[1.595s][debug  ][gc,phases,ref  ] GC(4)   FinalReference:
[1.595s][debug  ][gc,phases,ref  ] GC(4)     Discovered: 0
[1.595s][debug  ][gc,phases,ref  ] GC(4)     Cleared: 0
[1.595s][debug  ][gc,phases,ref  ] GC(4)   PhantomReference:
[1.595s][debug  ][gc,phases,ref  ] GC(4)     Discovered: 5
[1.595s][debug  ][gc,phases,ref  ] GC(4)     Cleared: 5
[1.595s][debug  ][gc,phases      ] GC(4) Reference Processing 0.622ms
[1.595s][debug  ][gc,phases,start] GC(4) Weak Processing
[1.595s][debug  ][gc,phases      ] GC(4)   VM Weak                        Min:  0.0, Avg:  0.0, Max:  0.0, Diff:  0.0, Sum:  0.0, Workers: 5
[1.595s][debug  ][gc,phases      ] GC(4)     Dead                           Min: 0, Avg:  0.0, Max: 0, Diff: 0, Sum: 0, Workers: 5
[1.595s][debug  ][gc,phases      ] GC(4)     Total                          Min: 0, Avg:  1.6, Max: 8, Diff: 8, Sum: 8, Workers: 5
[1.595s][debug  ][gc,phases      ] GC(4)   ObjectSynchronizer Weak        Min:  0.0, Avg:  0.0, Max:  0.0, Diff:  0.0, Sum:  0.0, Workers: 5
[1.595s][debug  ][gc,phases      ] GC(4)     Dead                           Min: 0, Avg:  0.0, Max: 0, Diff: 0, Sum: 0, Workers: 5
[1.595s][debug  ][gc,phases      ] GC(4)     Total                          Min: 0, Avg:  0.6, Max: 3, Diff: 3, Sum: 3, Workers: 5
[1.595s][debug  ][gc,phases      ] GC(4)   JVMTI Tag Weak OopStorage      Min:  0.0, Avg:  0.0, Max:  0.0, Diff:  0.0, Sum:  0.0, Workers: 5
[1.595s][debug  ][gc,phases      ] GC(4)     Dead                           Min: 0, Avg:  0.0, Max: 0, Diff: 0, Sum: 0, Workers: 5
[1.595s][debug  ][gc,phases      ] GC(4)     Total                          Min: 0, Avg:  0.0, Max: 0, Diff: 0, Sum: 0, Workers: 5
[1.595s][debug  ][gc,phases      ] GC(4)   StringTable Weak               Min:  0.0, Avg:  0.0, Max:  0.0, Diff:  0.0, Sum:  0.2, Workers: 5
[1.595s][debug  ][gc,phases      ] GC(4)     Dead                           Min: 0, Avg:  0.0, Max: 0, Diff: 0, Sum: 0, Workers: 5
[1.595s][debug  ][gc,phases      ] GC(4)     Total                          Min: 576, Avg: 948.8, Max: 1408, Diff: 832, Sum: 4744, Workers: 5
[1.595s][debug  ][gc,phases      ] GC(4)   ResolvedMethodTable Weak       Min:  0.0, Avg:  0.0, Max:  0.0, Diff:  0.0, Sum:  0.0, Workers: 5
[1.595s][debug  ][gc,phases      ] GC(4)     Dead                           Min: 0, Avg:  0.0, Max: 0, Diff: 0, Sum: 0, Workers: 5
[1.595s][debug  ][gc,phases      ] GC(4)     Total                          Min: 0, Avg: 18.4, Max: 64, Diff: 64, Sum: 92, Workers: 5
[1.595s][debug  ][gc,phases      ] GC(4)   JNI Weak                       Min:  0.0, Avg:  0.0, Max:  0.0, Diff:  0.0, Sum:  0.0, Workers: 5
[1.595s][debug  ][gc,phases      ] GC(4)     Dead                           Min: 0, Avg:  0.0, Max: 0, Diff: 0, Sum: 0, Workers: 5
[1.595s][debug  ][gc,phases      ] GC(4)     Total                          Min: 0, Avg:  0.0, Max: 0, Diff: 0, Sum: 0, Workers: 5
[1.595s][debug  ][gc,phases      ] GC(4)   StringDedup Table Weak         Min:  0.0, Avg:  0.0, Max:  0.0, Diff:  0.0, Sum:  0.0, Workers: 5
[1.595s][debug  ][gc,phases      ] GC(4)     Dead                           Min: 0, Avg:  0.0, Max: 0, Diff: 0, Sum: 0, Workers: 5
[1.595s][debug  ][gc,phases      ] GC(4)     Total                          Min: 0, Avg:  0.0, Max: 0, Diff: 0, Sum: 0, Workers: 5
[1.595s][debug  ][gc,phases      ] GC(4)   StringDedup Requests0 Weak     Min:  0.0, Avg:  0.0, Max:  0.0, Diff:  0.0, Sum:  0.0, Workers: 5
[1.595s][debug  ][gc,phases      ] GC(4)     Dead                           Min: 0, Avg:  0.0, Max: 0, Diff: 0, Sum: 0, Workers: 5
[1.595s][debug  ][gc,phases      ] GC(4)     Total                          Min: 0, Avg:  0.0, Max: 0, Diff: 0, Sum: 0, Workers: 5
[1.595s][debug  ][gc,phases      ] GC(4)   StringDedup Requests1 Weak     Min:  0.0, Avg:  0.0, Max:  0.0, Diff:  0.0, Sum:  0.0, Workers: 5
[1.595s][debug  ][gc,phases      ] GC(4)     Dead                           Min: 0, Avg:  0.0, Max: 0, Diff: 0, Sum: 0, Workers: 5
[1.595s][debug  ][gc,phases      ] GC(4)     Total                          Min: 0, Avg:  0.0, Max: 0, Diff: 0, Sum: 0, Workers: 5
[1.595s][debug  ][gc,phases      ] GC(4)   Weak JFR Old Object Samples    Min:  0.0, Avg:  0.0, Max:  0.0, Diff:  0.0, Sum:  0.0, Workers: 5
[1.595s][debug  ][gc,phases      ] GC(4)     Dead                           Min: 0, Avg:  0.0, Max: 0, Diff: 0, Sum: 0, Workers: 5
[1.595s][debug  ][gc,phases      ] GC(4)     Total                          Min: 0, Avg:  0.0, Max: 0, Diff: 0, Sum: 0, Workers: 5
[1.595s][debug  ][gc,phases      ] GC(4) Weak Processing 0.703ms
[1.595s][debug  ][gc,ergo        ] GC(4) AdaptiveSizeStart:  collection: 5 
[1.595s][debug  ][gc,ergo        ] GC(4) avg_survived_padded_avg: 33166722.000000
[1.596s][debug  ][gc,ergo        ] GC(4) avg_promoted_padded_avg: 212686688.000000  avg_pretenured_padded_avg: 0.000000  tenuring_thresh: 6  target_size: 33554432
[1.596s][debug  ][gc,age         ] GC(4) Desired survivor size 33554432 bytes, new threshold 6 (max threshold 15)
[1.596s][debug  ][gc,ergo        ] GC(4) PSAdaptiveSizePolicy::compute_eden_space_size limits: desired_eden_size: 402653184 old_eden_size: 201326592 eden_limit: 201326592 cur_eden: 201326592 max_eden_size: 201326592 avg_young_live: 32730416
[1.596s][debug  ][gc,ergo        ] GC(4) PSAdaptiveSizePolicy::compute_eden_space_size: costs minor_time: 0.064220 major_cost: 0.000000 mutator_cost: 0.935780 throughput_goal: 0.990000
[1.596s][debug  ][gc,ergo        ] GC(4) Live_space: 301165888 free_space: 402653184
[1.596s][debug  ][gc,ergo        ] GC(4) Old eden_size: 201326592 desired_eden_size: 201326592
[1.596s][debug  ][gc,ergo        ] GC(4) AdaptiveSizeStop: collection: 5 
[1.596s][info   ][gc,heap        ] GC(4) PSYoungGen: 220346K(229376K)->32280K(229376K) Eden: 188082K(196608K)->0K(196608K) From: 32264K(32768K)->32280K(32768K)
[1.596s][info   ][gc,heap        ] GC(4) ParOldGen: 696345K(1835008K)->880665K(1835008K)
[1.596s][info   ][gc,metaspace   ] GC(4) Metaspace: 947K(1152K)->947K(1152K) NonClass: 872K(960K)->872K(960K) Class: 74K(192K)->74K(192K)
[1.596s][info   ][gc             ] GC(4) Pause Young (Allocation Failure) 895M->891M(2016M) 21.683ms
[1.596s][info   ][gc,cpu         ] GC(4) User=0.00s Sys=0.12s Real=0.02s
[1.596s][debug  ][gc,heap        ] GC(4) Heap after GC invocations=5 (full 0):
[1.596s][debug  ][gc,heap        ] GC(4)  PSYoungGen      total 229376K, used 32280K [0x00000000f0000000, 0x0000000100000000, 0x0000000100000000)
[1.596s][debug  ][gc,heap        ] GC(4)   eden space 196608K, 0% used [0x00000000f0000000,0x00000000f0000000,0x00000000fc000000)
[1.596s][debug  ][gc,heap        ] GC(4)   from space 32768K, 98% used [0x00000000fc000000,0x00000000fdf86060,0x00000000fe000000)
[1.596s][debug  ][gc,heap        ] GC(4)   to   space 32768K, 0% used [0x00000000fe000000,0x00000000fe000000,0x0000000100000000)
[1.596s][debug  ][gc,heap        ] GC(4)  ParOldGen       total 1835008K, used 880665K [0x0000000080000000, 0x00000000f0000000, 0x00000000f0000000)
[1.596s][debug  ][gc,heap        ] GC(4)   object space 1835008K, 47% used [0x0000000080000000,0x00000000b5c06560,0x00000000f0000000)
[1.596s][debug  ][gc,heap        ] GC(4)  Metaspace       used 947K, committed 1152K, reserved 1056768K
[1.596s][debug  ][gc,heap        ] GC(4)   class space    used 74K, committed 192K, reserved 1048576K
[1.596s][debug  ][gc,task,time   ] GC(4) VM-Thread 15736407 15940911 15959592
[1.905s][debug  ][gc,heap        ] GC(5) Heap before GC invocations=6 (full 0):
[1.905s][debug  ][gc,heap        ] GC(5)  PSYoungGen      total 229376K, used 221672K [0x00000000f0000000, 0x0000000100000000, 0x0000000100000000)
[1.905s][debug  ][gc,heap        ] GC(5)   eden space 196608K, 96% used [0x00000000f0000000,0x00000000fb8f41c8,0x00000000fc000000)
[1.905s][debug  ][gc,heap        ] GC(5)   from space 32768K, 98% used [0x00000000fc000000,0x00000000fdf86060,0x00000000fe000000)
[1.905s][debug  ][gc,heap        ] GC(5)   to   space 32768K, 0% used [0x00000000fe000000,0x00000000fe000000,0x0000000100000000)
[1.905s][debug  ][gc,heap        ] GC(5)  ParOldGen       total 1835008K, used 880665K [0x0000000080000000, 0x00000000f0000000, 0x00000000f0000000)
[1.905s][debug  ][gc,heap        ] GC(5)   object space 1835008K, 47% used [0x0000000080000000,0x00000000b5c06560,0x00000000f0000000)
[1.905s][debug  ][gc,heap        ] GC(5)  Metaspace       used 1019K, committed 1152K, reserved 1056768K
[1.906s][debug  ][gc,heap        ] GC(5)   class space    used 83K, committed 192K, reserved 1048576K
[1.906s][debug  ][gc,tlab        ] GC(5) TLAB totals: thrds: 2  refills: 2 max: 1 slow allocs: 17 max 17 waste: 31.0% gc: 4856592B max: 3548168B slow: 0B max: 0B
[1.906s][info   ][gc,start       ] GC(5) Pause Young (Allocation Failure)
[1.906s][debug  ][gc,phases,start] GC(5) Scavenge
[1.913s][debug  ][gc,phases      ] GC(5) Scavenge 7.270ms
[1.913s][debug  ][gc,phases,start] GC(5) Reference Processing
[1.913s][debug  ][gc,ref         ] GC(5) Skipped phase 1 of Reference Processing: no references
[1.913s][debug  ][gc,ref         ] GC(5) ReferenceProcessor::execute queues: 1, RefProcThreadModel::Single, marks_oops_alive: false
[1.913s][debug  ][gc,ref         ] GC(5) Skipped phase 3 of Reference Processing: no references
[1.913s][debug  ][gc,ref         ] GC(5) ReferenceProcessor::execute queues: 1, RefProcThreadModel::Single, marks_oops_alive: false
[1.913s][debug  ][gc,phases,ref  ] GC(5) Reference Processing: 0.1ms
[1.913s][debug  ][gc,phases,ref  ] GC(5)   Reconsider SoftReferences: 0.0ms
[1.913s][debug  ][gc,phases,ref  ] GC(5)     SoftRef (ms):                  skipped
[1.913s][debug  ][gc,phases,ref  ] GC(5)   Notify Soft/WeakReferences: 0.0ms
[1.913s][debug  ][gc,phases,ref  ] GC(5)     SoftRef (ms):                  Min:  0.0, Avg:  0.0, Max:  0.0, Diff:  0.0, Sum:  0.0, Workers: 8
[1.913s][debug  ][gc,phases,ref  ] GC(5)     WeakRef (ms):                  Min:  0.0, Avg:  0.0, Max:  0.0, Diff:  0.0, Sum:  0.0, Workers: 8
[1.913s][debug  ][gc,phases,ref  ] GC(5)     FinalRef (ms):                 Min:  0.0, Avg:  0.0, Max:  0.0, Diff:  0.0, Sum:  0.0, Workers: 8
[1.913s][debug  ][gc,phases,ref  ] GC(5)     Total (ms):                    Min:  0.0, Avg:  0.0, Max:  0.0, Diff:  0.0, Sum:  0.0, Workers: 8
[1.913s][debug  ][gc,phases,ref  ] GC(5)   Notify and keep alive finalizable: 0.0ms
[1.913s][debug  ][gc,phases,ref  ] GC(5)     FinalRef (ms):                 skipped
[1.913s][debug  ][gc,phases,ref  ] GC(5)   Notify PhantomReferences: 0.0ms
[1.914s][debug  ][gc,phases,ref  ] GC(5)     PhantomRef (ms):               Min:  0.0, Avg:  0.0, Max:  0.0, Diff:  0.0, Sum:  0.0, Workers: 8
[1.914s][debug  ][gc,phases,ref  ] GC(5)   SoftReference:
[1.914s][debug  ][gc,phases,ref  ] GC(5)     Discovered: 0
[1.914s][debug  ][gc,phases,ref  ] GC(5)     Cleared: 0
[1.914s][debug  ][gc,phases,ref  ] GC(5)   WeakReference:
[1.914s][debug  ][gc,phases,ref  ] GC(5)     Discovered: 107
[1.914s][debug  ][gc,phases,ref  ] GC(5)     Cleared: 86
[1.914s][debug  ][gc,phases,ref  ] GC(5)   FinalReference:
[1.914s][debug  ][gc,phases,ref  ] GC(5)     Discovered: 0
[1.914s][debug  ][gc,phases,ref  ] GC(5)     Cleared: 0
[1.914s][debug  ][gc,phases,ref  ] GC(5)   PhantomReference:
[1.914s][debug  ][gc,phases,ref  ] GC(5)     Discovered: 14
[1.914s][debug  ][gc,phases,ref  ] GC(5)     Cleared: 4
[1.914s][debug  ][gc,phases      ] GC(5) Reference Processing 0.871ms
[1.914s][debug  ][gc,phases,start] GC(5) Weak Processing
[1.914s][debug  ][gc,phases      ] GC(5)   VM Weak                        Min:  0.0, Avg:  0.0, Max:  0.0, Diff:  0.0, Sum:  0.0, Workers: 6
[1.914s][debug  ][gc,phases      ] GC(5)     Dead                           Min: 0, Avg:  0.0, Max: 0, Diff: 0, Sum: 0, Workers: 6
[1.914s][debug  ][gc,phases      ] GC(5)     Total                          Min: 0, Avg:  1.3, Max: 8, Diff: 8, Sum: 8, Workers: 6
[1.914s][debug  ][gc,phases      ] GC(5)   ObjectSynchronizer Weak        Min:  0.0, Avg:  0.0, Max:  0.0, Diff:  0.0, Sum:  0.0, Workers: 6
[1.914s][debug  ][gc,phases      ] GC(5)     Dead                           Min: 0, Avg:  0.0, Max: 0, Diff: 0, Sum: 0, Workers: 6
[1.914s][debug  ][gc,phases      ] GC(5)     Total                          Min: 0, Avg:  0.5, Max: 3, Diff: 3, Sum: 3, Workers: 6
[1.914s][debug  ][gc,phases      ] GC(5)   JVMTI Tag Weak OopStorage      Min:  0.0, Avg:  0.0, Max:  0.0, Diff:  0.0, Sum:  0.0, Workers: 6
[1.914s][debug  ][gc,phases      ] GC(5)     Dead                           Min: 0, Avg:  0.0, Max: 0, Diff: 0, Sum: 0, Workers: 6
[1.914s][debug  ][gc,phases      ] GC(5)     Total                          Min: 0, Avg:  0.0, Max: 0, Diff: 0, Sum: 0, Workers: 6
[1.914s][debug  ][gc,phases      ] GC(5)   StringTable Weak               Min:  0.0, Avg:  0.0, Max:  0.0, Diff:  0.0, Sum:  0.2, Workers: 6
[1.914s][debug  ][gc,phases      ] GC(5)     Dead                           Min: 0, Avg:  0.5, Max: 2, Diff: 2, Sum: 3, Workers: 6
[1.914s][debug  ][gc,phases      ] GC(5)     Total                          Min: 576, Avg: 892.5, Max: 1260, Diff: 684, Sum: 5355, Workers: 6
[1.914s][debug  ][gc,phases      ] GC(5)   ResolvedMethodTable Weak       Min:  0.0, Avg:  0.0, Max:  0.0, Diff:  0.0, Sum:  0.0, Workers: 6
[1.914s][debug  ][gc,phases      ] GC(5)     Dead                           Min: 0, Avg:  0.0, Max: 0, Diff: 0, Sum: 0, Workers: 6
[1.914s][debug  ][gc,phases      ] GC(5)     Total                          Min: 0, Avg: 21.5, Max: 64, Diff: 64, Sum: 129, Workers: 6
[1.914s][debug  ][gc,phases      ] GC(5)   JNI Weak                       Min:  0.0, Avg:  0.0, Max:  0.0, Diff:  0.0, Sum:  0.0, Workers: 6
[1.914s][debug  ][gc,phases      ] GC(5)     Dead                           Min: 0, Avg:  0.0, Max: 0, Diff: 0, Sum: 0, Workers: 6
[1.914s][debug  ][gc,phases      ] GC(5)     Total                          Min: 0, Avg:  0.0, Max: 0, Diff: 0, Sum: 0, Workers: 6
[1.914s][debug  ][gc,phases      ] GC(5)   StringDedup Table Weak         Min:  0.0, Avg:  0.0, Max:  0.0, Diff:  0.0, Sum:  0.0, Workers: 6
[1.914s][debug  ][gc,phases      ] GC(5)     Dead                           Min: 0, Avg:  0.0, Max: 0, Diff: 0, Sum: 0, Workers: 6
[1.914s][debug  ][gc,phases      ] GC(5)     Total                          Min: 0, Avg:  0.0, Max: 0, Diff: 0, Sum: 0, Workers: 6
[1.915s][debug  ][gc,phases      ] GC(5)   StringDedup Requests0 Weak     Min:  0.0, Avg:  0.0, Max:  0.0, Diff:  0.0, Sum:  0.0, Workers: 6
[1.915s][debug  ][gc,phases      ] GC(5)     Dead                           Min: 0, Avg:  0.0, Max: 0, Diff: 0, Sum: 0, Workers: 6
[1.915s][debug  ][gc,phases      ] GC(5)     Total                          Min: 0, Avg:  0.0, Max: 0, Diff: 0, Sum: 0, Workers: 6
[1.915s][debug  ][gc,phases      ] GC(5)   StringDedup Requests1 Weak     Min:  0.0, Avg:  0.0, Max:  0.0, Diff:  0.0, Sum:  0.0, Workers: 6
[1.915s][debug  ][gc,phases      ] GC(5)     Dead                           Min: 0, Avg:  0.0, Max: 0, Diff: 0, Sum: 0, Workers: 6
[1.915s][debug  ][gc,phases      ] GC(5)     Total                          Min: 0, Avg:  0.0, Max: 0, Diff: 0, Sum: 0, Workers: 6
[1.915s][debug  ][gc,phases      ] GC(5)   Weak JFR Old Object Samples    Min:  0.0, Avg:  0.0, Max:  0.0, Diff:  0.0, Sum:  0.0, Workers: 6
[1.915s][debug  ][gc,phases      ] GC(5)     Dead                           Min: 0, Avg:  0.0, Max: 0, Diff: 0, Sum: 0, Workers: 6
[1.915s][debug  ][gc,phases      ] GC(5)     Total                          Min: 0, Avg:  0.0, Max: 0, Diff: 0, Sum: 0, Workers: 6
[1.915s][debug  ][gc,phases      ] GC(5) Weak Processing 0.820ms
[1.915s][debug  ][gc,ergo        ] GC(5) AdaptiveSizeStart:  collection: 6 
[1.915s][debug  ][gc,ergo        ] GC(5) avg_survived_padded_avg: 33390344.000000
[1.915s][debug  ][gc,ergo        ] GC(5) avg_promoted_padded_avg: 241158592.000000  avg_pretenured_padded_avg: 0.000000  tenuring_thresh: 5  target_size: 33554432
[1.915s][debug  ][gc,age         ] GC(5) Desired survivor size 33554432 bytes, new threshold 5 (max threshold 15)
[1.915s][debug  ][gc,ergo        ] GC(5) PSAdaptiveSizePolicy::compute_eden_space_size limits: desired_eden_size: 402653184 old_eden_size: 201326592 eden_limit: 201326592 cur_eden: 201326592 max_eden_size: 201326592 avg_young_live: 32813778
[1.915s][debug  ][gc,ergo        ] GC(5) PSAdaptiveSizePolicy::compute_eden_space_size: costs minor_time: 0.055288 major_cost: 0.000000 mutator_cost: 0.944712 throughput_goal: 0.990000
[1.915s][debug  ][gc,ergo        ] GC(5) Live_space: 301249248 free_space: 402653184
[1.915s][debug  ][gc,ergo        ] GC(5) Old eden_size: 201326592 desired_eden_size: 201326592
[1.915s][debug  ][gc,ergo        ] GC(5) AdaptiveSizeStop: collection: 6 
[1.915s][info   ][gc,heap        ] GC(5) PSYoungGen: 221672K(229376K)->32472K(229376K) Eden: 189392K(196608K)->0K(196608K) From: 32280K(32768K)->32472K(32768K)
[1.915s][info   ][gc,heap        ] GC(5) ParOldGen: 880665K(1835008K)->921633K(1835008K)
[1.915s][info   ][gc,metaspace   ] GC(5) Metaspace: 1019K(1152K)->1019K(1152K) NonClass: 935K(960K)->935K(960K) Class: 83K(192K)->83K(192K)
[1.915s][info   ][gc             ] GC(5) Pause Young (Allocation Failure) 1076M->931M(2016M) 9.505ms
[1.915s][info   ][gc,cpu         ] GC(5) User=0.00s Sys=0.02s Real=0.01s
[1.915s][debug  ][gc,heap        ] GC(5) Heap after GC invocations=6 (full 0):
[1.915s][debug  ][gc,heap        ] GC(5)  PSYoungGen      total 229376K, used 32472K [0x00000000f0000000, 0x0000000100000000, 0x0000000100000000)
[1.915s][debug  ][gc,heap        ] GC(5)   eden space 196608K, 0% used [0x00000000f0000000,0x00000000f0000000,0x00000000fc000000)
[1.915s][debug  ][gc,heap        ] GC(5)   from space 32768K, 99% used [0x00000000fe000000,0x00000000fffb6060,0x0000000100000000)
[1.915s][debug  ][gc,heap        ] GC(5)   to   space 32768K, 0% used [0x00000000fc000000,0x00000000fc000000,0x00000000fe000000)
[1.915s][debug  ][gc,heap        ] GC(5)  ParOldGen       total 1835008K, used 921633K [0x0000000080000000, 0x00000000f0000000, 0x00000000f0000000)
[1.915s][debug  ][gc,heap        ] GC(5)   object space 1835008K, 50% used [0x0000000080000000,0x00000000b84085a0,0x00000000f0000000)
[1.915s][debug  ][gc,heap        ] GC(5)  Metaspace       used 1019K, committed 1152K, reserved 1056768K
[1.915s][debug  ][gc,heap        ] GC(5)   class space    used 83K, committed 192K, reserved 1048576K
[1.915s][debug  ][gc,task,time   ] GC(5) VM-Thread 19052102 19129958 19153480
[2.204s][debug  ][gc,heap        ] GC(6) Heap before GC invocations=7 (full 0):
[2.204s][debug  ][gc,heap        ] GC(6)  PSYoungGen      total 229376K, used 220598K [0x00000000f0000000, 0x0000000100000000, 0x0000000100000000)
[2.204s][debug  ][gc,heap        ] GC(6)   eden space 196608K, 95% used [0x00000000f0000000,0x00000000fb7b77a0,0x00000000fc000000)
[2.205s][debug  ][gc,heap        ] GC(6)   from space 32768K, 99% used [0x00000000fe000000,0x00000000fffb6060,0x0000000100000000)
[2.205s][debug  ][gc,heap        ] GC(6)   to   space 32768K, 0% used [0x00000000fc000000,0x00000000fc000000,0x00000000fe000000)
[2.205s][debug  ][gc,heap        ] GC(6)  ParOldGen       total 1835008K, used 921633K [0x0000000080000000, 0x00000000f0000000, 0x00000000f0000000)
[2.205s][debug  ][gc,heap        ] GC(6)   object space 1835008K, 50% used [0x0000000080000000,0x00000000b84085a0,0x00000000f0000000)
[2.205s][debug  ][gc,heap        ] GC(6)  Metaspace       used 1019K, committed 1152K, reserved 1056768K
[2.205s][debug  ][gc,heap        ] GC(6)   class space    used 83K, committed 192K, reserved 1048576K
[2.205s][debug  ][gc,tlab        ] GC(6) TLAB totals: thrds: 1  refills: 1 max: 1 slow allocs: 17 max 17 waste: 27.1% gc: 3896960B max: 3896960B slow: 0B max: 0B
[2.205s][info   ][gc,start       ] GC(6) Pause Young (Allocation Failure)
[2.205s][debug  ][gc,phases,start] GC(6) Scavenge
[2.225s][debug  ][gc,phases      ] GC(6) Scavenge 20.551ms
[2.225s][debug  ][gc,phases,start] GC(6) Reference Processing
[2.225s][debug  ][gc,ref         ] GC(6) Skipped phase 1 of Reference Processing: no references
[2.225s][debug  ][gc,ref         ] GC(6) Skipped phase 2 of Reference Processing: no references
[2.226s][debug  ][gc,ref         ] GC(6) Skipped phase 3 of Reference Processing: no references
[2.226s][debug  ][gc,ref         ] GC(6) Skipped phase 4 of Reference Processing: no references
[2.226s][debug  ][gc,phases,ref  ] GC(6) Reference Processing: 0.1ms
[2.226s][debug  ][gc,phases,ref  ] GC(6)   Reconsider SoftReferences: 0.0ms
[2.226s][debug  ][gc,phases,ref  ] GC(6)     SoftRef (ms):                  skipped
[2.226s][debug  ][gc,phases,ref  ] GC(6)   Notify Soft/WeakReferences: 0.0ms
[2.226s][debug  ][gc,phases,ref  ] GC(6)     SoftRef (ms):                  skipped
[2.226s][debug  ][gc,phases,ref  ] GC(6)     WeakRef (ms):                  skipped
[2.226s][debug  ][gc,phases,ref  ] GC(6)     FinalRef (ms):                 skipped
[2.226s][debug  ][gc,phases,ref  ] GC(6)     Total (ms):                    skipped
[2.226s][debug  ][gc,phases,ref  ] GC(6)   Notify and keep alive finalizable: 0.0ms
[2.226s][debug  ][gc,phases,ref  ] GC(6)     FinalRef (ms):                 skipped
[2.226s][debug  ][gc,phases,ref  ] GC(6)   Notify PhantomReferences: 0.0ms
[2.226s][debug  ][gc,phases,ref  ] GC(6)     PhantomRef (ms):               skipped
[2.226s][debug  ][gc,phases,ref  ] GC(6)   SoftReference:
[2.226s][debug  ][gc,phases,ref  ] GC(6)     Discovered: 0
[2.226s][debug  ][gc,phases,ref  ] GC(6)     Cleared: 0
[2.226s][debug  ][gc,phases,ref  ] GC(6)   WeakReference:
[2.226s][debug  ][gc,phases,ref  ] GC(6)     Discovered: 0
[2.226s][debug  ][gc,phases,ref  ] GC(6)     Cleared: 0
[2.226s][debug  ][gc,phases,ref  ] GC(6)   FinalReference:
[2.226s][debug  ][gc,phases,ref  ] GC(6)     Discovered: 0
[2.226s][debug  ][gc,phases,ref  ] GC(6)     Cleared: 0
[2.226s][debug  ][gc,phases,ref  ] GC(6)   PhantomReference:
[2.226s][debug  ][gc,phases,ref  ] GC(6)     Discovered: 0
[2.226s][debug  ][gc,phases,ref  ] GC(6)     Cleared: 0
[2.226s][debug  ][gc,phases      ] GC(6) Reference Processing 0.702ms
[2.226s][debug  ][gc,phases,start] GC(6) Weak Processing
[2.226s][debug  ][gc,phases      ] GC(6)   VM Weak                        Min:  0.0, Avg:  0.0, Max:  0.0, Diff:  0.0, Sum:  0.0, Workers: 6
[2.226s][debug  ][gc,phases      ] GC(6)     Dead                           Min: 0, Avg:  0.0, Max: 0, Diff: 0, Sum: 0, Workers: 6
[2.226s][debug  ][gc,phases      ] GC(6)     Total                          Min: 0, Avg:  1.3, Max: 8, Diff: 8, Sum: 8, Workers: 6
[2.226s][debug  ][gc,phases      ] GC(6)   ObjectSynchronizer Weak        Min:  0.0, Avg:  0.0, Max:  0.0, Diff:  0.0, Sum:  0.0, Workers: 6
[2.226s][debug  ][gc,phases      ] GC(6)     Dead                           Min: 0, Avg:  0.0, Max: 0, Diff: 0, Sum: 0, Workers: 6
[2.226s][debug  ][gc,phases      ] GC(6)     Total                          Min: 0, Avg:  0.5, Max: 3, Diff: 3, Sum: 3, Workers: 6
[2.226s][debug  ][gc,phases      ] GC(6)   JVMTI Tag Weak OopStorage      Min:  0.0, Avg:  0.0, Max:  0.0, Diff:  0.0, Sum:  0.0, Workers: 6
[2.226s][debug  ][gc,phases      ] GC(6)     Dead                           Min: 0, Avg:  0.0, Max: 0, Diff: 0, Sum: 0, Workers: 6
[2.226s][debug  ][gc,phases      ] GC(6)     Total                          Min: 0, Avg:  0.0, Max: 0, Diff: 0, Sum: 0, Workers: 6
[2.226s][debug  ][gc,phases      ] GC(6)   StringTable Weak               Min:  0.0, Avg:  0.0, Max:  0.0, Diff:  0.0, Sum:  0.2, Workers: 6
[2.226s][debug  ][gc,phases      ] GC(6)     Dead                           Min: 0, Avg:  0.0, Max: 0, Diff: 0, Sum: 0, Workers: 6
[2.227s][debug  ][gc,phases      ] GC(6)     Total                          Min: 576, Avg: 892.5, Max: 1472, Diff: 896, Sum: 5355, Workers: 6
[2.227s][debug  ][gc,phases      ] GC(6)   ResolvedMethodTable Weak       Min:  0.0, Avg:  0.0, Max:  0.0, Diff:  0.0, Sum:  0.0, Workers: 6
[2.227s][debug  ][gc,phases      ] GC(6)     Dead                           Min: 0, Avg:  0.0, Max: 0, Diff: 0, Sum: 0, Workers: 6
[2.227s][debug  ][gc,phases      ] GC(6)     Total                          Min: 0, Avg: 21.5, Max: 64, Diff: 64, Sum: 129, Workers: 6
[2.227s][debug  ][gc,phases      ] GC(6)   JNI Weak                       Min:  0.0, Avg:  0.0, Max:  0.0, Diff:  0.0, Sum:  0.0, Workers: 6
[2.227s][debug  ][gc,phases      ] GC(6)     Dead                           Min: 0, Avg:  0.0, Max: 0, Diff: 0, Sum: 0, Workers: 6
[2.227s][debug  ][gc,phases      ] GC(6)     Total                          Min: 0, Avg:  0.0, Max: 0, Diff: 0, Sum: 0, Workers: 6
[2.227s][debug  ][gc,phases      ] GC(6)   StringDedup Table Weak         Min:  0.0, Avg:  0.0, Max:  0.0, Diff:  0.0, Sum:  0.0, Workers: 6
[2.227s][debug  ][gc,phases      ] GC(6)     Dead                           Min: 0, Avg:  0.0, Max: 0, Diff: 0, Sum: 0, Workers: 6
[2.227s][debug  ][gc,phases      ] GC(6)     Total                          Min: 0, Avg:  0.0, Max: 0, Diff: 0, Sum: 0, Workers: 6
[2.227s][debug  ][gc,phases      ] GC(6)   StringDedup Requests0 Weak     Min:  0.0, Avg:  0.0, Max:  0.0, Diff:  0.0, Sum:  0.0, Workers: 6
[2.227s][debug  ][gc,phases      ] GC(6)     Dead                           Min: 0, Avg:  0.0, Max: 0, Diff: 0, Sum: 0, Workers: 6
[2.227s][debug  ][gc,phases      ] GC(6)     Total                          Min: 0, Avg:  0.0, Max: 0, Diff: 0, Sum: 0, Workers: 6
[2.227s][debug  ][gc,phases      ] GC(6)   StringDedup Requests1 Weak     Min:  0.0, Avg:  0.0, Max:  0.0, Diff:  0.0, Sum:  0.0, Workers: 6
[2.227s][debug  ][gc,phases      ] GC(6)     Dead                           Min: 0, Avg:  0.0, Max: 0, Diff: 0, Sum: 0, Workers: 6
[2.227s][debug  ][gc,phases      ] GC(6)     Total                          Min: 0, Avg:  0.0, Max: 0, Diff: 0, Sum: 0, Workers: 6
[2.227s][debug  ][gc,phases      ] GC(6)   Weak JFR Old Object Samples    Min:  0.0, Avg:  0.0, Max:  0.0, Diff:  0.0, Sum:  0.0, Workers: 6
[2.227s][debug  ][gc,phases      ] GC(6)     Dead                           Min: 0, Avg:  0.0, Max: 0, Diff: 0, Sum: 0, Workers: 6
[2.227s][debug  ][gc,phases      ] GC(6)     Total                          Min: 0, Avg:  0.0, Max: 0, Diff: 0, Sum: 0, Workers: 6
[2.227s][debug  ][gc,phases      ] GC(6) Weak Processing 0.726ms
[2.227s][debug  ][gc,ergo        ] GC(6) AdaptiveSizeStart:  collection: 7 
[2.227s][debug  ][gc,ergo        ] GC(6) avg_survived_padded_avg: 33406720.000000
[2.227s][debug  ][gc,ergo        ] GC(6) avg_promoted_padded_avg: 245339808.000000  avg_pretenured_padded_avg: 0.000000  tenuring_thresh: 4  target_size: 33554432
[2.227s][debug  ][gc,age         ] GC(6) Desired survivor size 33554432 bytes, new threshold 4 (max threshold 15)
[2.227s][debug  ][gc,ergo        ] GC(6) PSAdaptiveSizePolicy::compute_eden_space_size limits: desired_eden_size: 402653184 old_eden_size: 201326592 eden_limit: 201326592 cur_eden: 201326592 max_eden_size: 201326592 avg_young_live: 32752326
[2.227s][debug  ][gc,ergo        ] GC(6) PSAdaptiveSizePolicy::compute_eden_space_size: costs minor_time: 0.059169 major_cost: 0.000000 mutator_cost: 0.940831 throughput_goal: 0.990000
[2.227s][debug  ][gc,ergo        ] GC(6) Live_space: 301187776 free_space: 402653184
[2.227s][debug  ][gc,ergo        ] GC(6) Old eden_size: 201326592 desired_eden_size: 201326592
[2.227s][debug  ][gc,ergo        ] GC(6) AdaptiveSizeStop: collection: 7 
[2.227s][info   ][gc,heap        ] GC(6) PSYoungGen: 220598K(229376K)->31616K(229376K) Eden: 188125K(196608K)->0K(196608K) From: 32472K(32768K)->31616K(32768K)
[2.227s][info   ][gc,heap        ] GC(6) ParOldGen: 921633K(1835008K)->1106887K(1835008K)
[2.227s][info   ][gc,metaspace   ] GC(6) Metaspace: 1019K(1152K)->1019K(1152K) NonClass: 935K(960K)->935K(960K) Class: 83K(192K)->83K(192K)
[2.227s][info   ][gc             ] GC(6) Pause Young (Allocation Failure) 1115M->1111M(2016M) 22.424ms
[2.227s][info   ][gc,cpu         ] GC(6) User=0.03s Sys=0.08s Real=0.02s
[2.227s][debug  ][gc,heap        ] GC(6) Heap after GC invocations=7 (full 0):
[2.227s][debug  ][gc,heap        ] GC(6)  PSYoungGen      total 229376K, used 31616K [0x00000000f0000000, 0x0000000100000000, 0x0000000100000000)
[2.227s][debug  ][gc,heap        ] GC(6)   eden space 196608K, 0% used [0x00000000f0000000,0x00000000f0000000,0x00000000fc000000)
[2.227s][debug  ][gc,heap        ] GC(6)   from space 32768K, 96% used [0x00000000fc000000,0x00000000fdee0030,0x00000000fe000000)
[2.227s][debug  ][gc,heap        ] GC(6)   to   space 32768K, 0% used [0x00000000fe000000,0x00000000fe000000,0x0000000100000000)
[2.227s][debug  ][gc,heap        ] GC(6)  ParOldGen       total 1835008K, used 1106887K [0x0000000080000000, 0x00000000f0000000, 0x00000000f0000000)
[2.227s][debug  ][gc,heap        ] GC(6)   object space 1835008K, 60% used [0x0000000080000000,0x00000000c38f1f30,0x00000000f0000000)
[2.227s][debug  ][gc,heap        ] GC(6)  Metaspace       used 1019K, committed 1152K, reserved 1056768K
[2.227s][debug  ][gc,heap        ] GC(6)   class space    used 83K, committed 192K, reserved 1048576K
[2.227s][debug  ][gc,task,time   ] GC(6) VM-Thread 22043381 22254345 22274198
[2.521s][debug  ][gc,heap        ] GC(7) Heap before GC invocations=8 (full 0):
[2.521s][debug  ][gc,heap        ] GC(7)  PSYoungGen      total 229376K, used 219760K [0x00000000f0000000, 0x0000000100000000, 0x0000000100000000)
[2.521s][debug  ][gc,heap        ] GC(7)   eden space 196608K, 95% used [0x00000000f0000000,0x00000000fb7bc308,0x00000000fc000000)
[2.521s][debug  ][gc,heap        ] GC(7)   from space 32768K, 96% used [0x00000000fc000000,0x00000000fdee0030,0x00000000fe000000)
[2.521s][debug  ][gc,heap        ] GC(7)   to   space 32768K, 0% used [0x00000000fe000000,0x00000000fe000000,0x0000000100000000)
[2.521s][debug  ][gc,heap        ] GC(7)  ParOldGen       total 1835008K, used 1106887K [0x0000000080000000, 0x00000000f0000000, 0x00000000f0000000)
[2.521s][debug  ][gc,heap        ] GC(7)   object space 1835008K, 60% used [0x0000000080000000,0x00000000c38f1f30,0x00000000f0000000)
[2.521s][debug  ][gc,heap        ] GC(7)  Metaspace       used 1019K, committed 1152K, reserved 1056768K
[2.521s][debug  ][gc,heap        ] GC(7)   class space    used 83K, committed 192K, reserved 1048576K
[2.521s][debug  ][gc,tlab        ] GC(7) TLAB totals: thrds: 1  refills: 1 max: 1 slow allocs: 17 max 17 waste: 27.2% gc: 3916264B max: 3916264B slow: 0B max: 0B
[2.521s][info   ][gc,start       ] GC(7) Pause Young (Allocation Failure)
[2.521s][debug  ][gc,phases,start] GC(7) Scavenge
[2.542s][debug  ][gc,phases      ] GC(7) Scavenge 20.694ms
[2.542s][debug  ][gc,phases,start] GC(7) Reference Processing
[2.542s][debug  ][gc,ref         ] GC(7) Skipped phase 1 of Reference Processing: no references
[2.542s][debug  ][gc,ref         ] GC(7) ReferenceProcessor::execute queues: 1, RefProcThreadModel::Single, marks_oops_alive: false
[2.542s][debug  ][gc,ref         ] GC(7) Skipped phase 3 of Reference Processing: no references
[2.542s][debug  ][gc,ref         ] GC(7) Skipped phase 4 of Reference Processing: no references
[2.542s][debug  ][gc,phases,ref  ] GC(7) Reference Processing: 0.1ms
[2.542s][debug  ][gc,phases,ref  ] GC(7)   Reconsider SoftReferences: 0.0ms
[2.542s][debug  ][gc,phases,ref  ] GC(7)     SoftRef (ms):                  skipped
[2.542s][debug  ][gc,phases,ref  ] GC(7)   Notify Soft/WeakReferences: 0.0ms
[2.542s][debug  ][gc,phases,ref  ] GC(7)     SoftRef (ms):                  Min:  0.0, Avg:  0.0, Max:  0.0, Diff:  0.0, Sum:  0.0, Workers: 8
[2.542s][debug  ][gc,phases,ref  ] GC(7)     WeakRef (ms):                  Min:  0.0, Avg:  0.0, Max:  0.0, Diff:  0.0, Sum:  0.0, Workers: 8
[2.542s][debug  ][gc,phases,ref  ] GC(7)     FinalRef (ms):                 Min:  0.0, Avg:  0.0, Max:  0.0, Diff:  0.0, Sum:  0.0, Workers: 8
[2.543s][debug  ][gc,phases,ref  ] GC(7)     Total (ms):                    Min:  0.0, Avg:  0.0, Max:  0.0, Diff:  0.0, Sum:  0.0, Workers: 8
[2.543s][debug  ][gc,phases,ref  ] GC(7)   Notify and keep alive finalizable: 0.0ms
[2.543s][debug  ][gc,phases,ref  ] GC(7)     FinalRef (ms):                 skipped
[2.543s][debug  ][gc,phases,ref  ] GC(7)   Notify PhantomReferences: 0.0ms
[2.543s][debug  ][gc,phases,ref  ] GC(7)     PhantomRef (ms):               skipped
[2.543s][debug  ][gc,phases,ref  ] GC(7)   SoftReference:
[2.543s][debug  ][gc,phases,ref  ] GC(7)     Discovered: 0
[2.543s][debug  ][gc,phases,ref  ] GC(7)     Cleared: 0
[2.543s][debug  ][gc,phases,ref  ] GC(7)   WeakReference:
[2.543s][debug  ][gc,phases,ref  ] GC(7)     Discovered: 27
[2.543s][debug  ][gc,phases,ref  ] GC(7)     Cleared: 27
[2.543s][debug  ][gc,phases,ref  ] GC(7)   FinalReference:
[2.543s][debug  ][gc,phases,ref  ] GC(7)     Discovered: 0
[2.543s][debug  ][gc,phases,ref  ] GC(7)     Cleared: 0
[2.543s][debug  ][gc,phases,ref  ] GC(7)   PhantomReference:
[2.543s][debug  ][gc,phases,ref  ] GC(7)     Discovered: 0
[2.543s][debug  ][gc,phases,ref  ] GC(7)     Cleared: 0
[2.543s][debug  ][gc,phases      ] GC(7) Reference Processing 0.726ms
[2.543s][debug  ][gc,phases,start] GC(7) Weak Processing
[2.543s][debug  ][gc,phases      ] GC(7)   VM Weak                        Min:  0.0, Avg:  0.0, Max:  0.0, Diff:  0.0, Sum:  0.0, Workers: 6
[2.543s][debug  ][gc,phases      ] GC(7)     Dead                           Min: 0, Avg:  0.0, Max: 0, Diff: 0, Sum: 0, Workers: 6
[2.543s][debug  ][gc,phases      ] GC(7)     Total                          Min: 0, Avg:  1.3, Max: 8, Diff: 8, Sum: 8, Workers: 6
[2.543s][debug  ][gc,phases      ] GC(7)   ObjectSynchronizer Weak        Min:  0.0, Avg:  0.0, Max:  0.0, Diff:  0.0, Sum:  0.0, Workers: 6
[2.543s][debug  ][gc,phases      ] GC(7)     Dead                           Min: 0, Avg:  0.0, Max: 0, Diff: 0, Sum: 0, Workers: 6
[2.543s][debug  ][gc,phases      ] GC(7)     Total                          Min: 0, Avg:  0.5, Max: 3, Diff: 3, Sum: 3, Workers: 6
[2.543s][debug  ][gc,phases      ] GC(7)   JVMTI Tag Weak OopStorage      Min:  0.0, Avg:  0.0, Max:  0.0, Diff:  0.0, Sum:  0.0, Workers: 6
[2.543s][debug  ][gc,phases      ] GC(7)     Dead                           Min: 0, Avg:  0.0, Max: 0, Diff: 0, Sum: 0, Workers: 6
[2.543s][debug  ][gc,phases      ] GC(7)     Total                          Min: 0, Avg:  0.0, Max: 0, Diff: 0, Sum: 0, Workers: 6
[2.543s][debug  ][gc,phases      ] GC(7)   StringTable Weak               Min:  0.0, Avg:  0.0, Max:  0.0, Diff:  0.0, Sum:  0.1, Workers: 6
[2.543s][debug  ][gc,phases      ] GC(7)     Dead                           Min: 0, Avg:  0.0, Max: 0, Diff: 0, Sum: 0, Workers: 6
[2.543s][debug  ][gc,phases      ] GC(7)     Total                          Min: 448, Avg: 892.5, Max: 1324, Diff: 876, Sum: 5355, Workers: 6
[2.543s][debug  ][gc,phases      ] GC(7)   ResolvedMethodTable Weak       Min:  0.0, Avg:  0.0, Max:  0.0, Diff:  0.0, Sum:  0.0, Workers: 6
[2.543s][debug  ][gc,phases      ] GC(7)     Dead                           Min: 0, Avg:  0.0, Max: 0, Diff: 0, Sum: 0, Workers: 6
[2.543s][debug  ][gc,phases      ] GC(7)     Total                          Min: 0, Avg: 21.5, Max: 64, Diff: 64, Sum: 129, Workers: 6
[2.543s][debug  ][gc,phases      ] GC(7)   JNI Weak                       Min:  0.0, Avg:  0.0, Max:  0.0, Diff:  0.0, Sum:  0.0, Workers: 6
[2.543s][debug  ][gc,phases      ] GC(7)     Dead                           Min: 0, Avg:  0.0, Max: 0, Diff: 0, Sum: 0, Workers: 6
[2.543s][debug  ][gc,phases      ] GC(7)     Total                          Min: 0, Avg:  0.0, Max: 0, Diff: 0, Sum: 0, Workers: 6
[2.544s][debug  ][gc,phases      ] GC(7)   StringDedup Table Weak         Min:  0.0, Avg:  0.0, Max:  0.0, Diff:  0.0, Sum:  0.0, Workers: 6
[2.544s][debug  ][gc,phases      ] GC(7)     Dead                           Min: 0, Avg:  0.0, Max: 0, Diff: 0, Sum: 0, Workers: 6
[2.544s][debug  ][gc,phases      ] GC(7)     Total                          Min: 0, Avg:  0.0, Max: 0, Diff: 0, Sum: 0, Workers: 6
[2.544s][debug  ][gc,phases      ] GC(7)   StringDedup Requests0 Weak     Min:  0.0, Avg:  0.0, Max:  0.0, Diff:  0.0, Sum:  0.0, Workers: 6
[2.544s][debug  ][gc,phases      ] GC(7)     Dead                           Min: 0, Avg:  0.0, Max: 0, Diff: 0, Sum: 0, Workers: 6
[2.544s][debug  ][gc,phases      ] GC(7)     Total                          Min: 0, Avg:  0.0, Max: 0, Diff: 0, Sum: 0, Workers: 6
[2.544s][debug  ][gc,phases      ] GC(7)   StringDedup Requests1 Weak     Min:  0.0, Avg:  0.0, Max:  0.0, Diff:  0.0, Sum:  0.0, Workers: 6
[2.544s][debug  ][gc,phases      ] GC(7)     Dead                           Min: 0, Avg:  0.0, Max: 0, Diff: 0, Sum: 0, Workers: 6
[2.544s][debug  ][gc,phases      ] GC(7)     Total                          Min: 0, Avg:  0.0, Max: 0, Diff: 0, Sum: 0, Workers: 6
[2.544s][debug  ][gc,phases      ] GC(7)   Weak JFR Old Object Samples    Min:  0.0, Avg:  0.0, Max:  0.0, Diff:  0.0, Sum:  0.0, Workers: 6
[2.544s][debug  ][gc,phases      ] GC(7)     Dead                           Min: 0, Avg:  0.0, Max: 0, Diff: 0, Sum: 0, Workers: 6
[2.544s][debug  ][gc,phases      ] GC(7)     Total                          Min: 0, Avg:  0.0, Max: 0, Diff: 0, Sum: 0, Workers: 6
[2.544s][debug  ][gc,phases      ] GC(7) Weak Processing 0.853ms
[2.544s][debug  ][gc,ergo        ] GC(7) AdaptiveSizeStart:  collection: 8 
[2.544s][debug  ][gc,ergo        ] GC(7) avg_survived_padded_avg: 33499216.000000
[2.544s][debug  ][gc,ergo        ] GC(7) avg_promoted_padded_avg: 247072768.000000  avg_pretenured_padded_avg: 0.000000  tenuring_thresh: 3  target_size: 33554432
[2.544s][debug  ][gc,age         ] GC(7) Desired survivor size 33554432 bytes, new threshold 3 (max threshold 15)
[2.544s][debug  ][gc,ergo        ] GC(7) PSAdaptiveSizePolicy::compute_eden_space_size limits: desired_eden_size: 402653184 old_eden_size: 201326592 eden_limit: 201326592 cur_eden: 201326592 max_eden_size: 201326592 avg_young_live: 32648044
[2.544s][debug  ][gc,ergo        ] GC(7) PSAdaptiveSizePolicy::compute_eden_space_size: costs minor_time: 0.062049 major_cost: 0.000000 mutator_cost: 0.937951 throughput_goal: 0.990000
[2.544s][debug  ][gc,ergo        ] GC(7) Live_space: 301083488 free_space: 402653184
[2.544s][debug  ][gc,ergo        ] GC(7) Old eden_size: 201326592 desired_eden_size: 201326592
[2.544s][debug  ][gc,ergo        ] GC(7) AdaptiveSizeStop: collection: 8 
[2.544s][info   ][gc,heap        ] GC(7) PSYoungGen: 219760K(229376K)->31136K(229376K) Eden: 188144K(196608K)->0K(196608K) From: 31616K(32768K)->31136K(32768K)
[2.544s][info   ][gc,heap        ] GC(7) ParOldGen: 1106887K(1835008K)->1291743K(1835008K)
[2.544s][info   ][gc,metaspace   ] GC(7) Metaspace: 1019K(1152K)->1019K(1152K) NonClass: 935K(960K)->935K(960K) Class: 83K(192K)->83K(192K)
[2.544s][info   ][gc             ] GC(7) Pause Young (Allocation Failure) 1295M->1291M(2016M) 22.759ms
[2.544s][info   ][gc,cpu         ] GC(7) User=0.08s Sys=0.08s Real=0.02s
[2.544s][debug  ][gc,heap        ] GC(7) Heap after GC invocations=8 (full 0):
[2.544s][debug  ][gc,heap        ] GC(7)  PSYoungGen      total 229376K, used 31136K [0x00000000f0000000, 0x0000000100000000, 0x0000000100000000)
[2.544s][debug  ][gc,heap        ] GC(7)   eden space 196608K, 0% used [0x00000000f0000000,0x00000000f0000000,0x00000000fc000000)
[2.544s][debug  ][gc,heap        ] GC(7)   from space 32768K, 95% used [0x00000000fe000000,0x00000000ffe68030,0x0000000100000000)
[2.544s][debug  ][gc,heap        ] GC(7)   to   space 32768K, 0% used [0x00000000fc000000,0x00000000fc000000,0x00000000fe000000)
[2.544s][debug  ][gc,heap        ] GC(7)  ParOldGen       total 1835008K, used 1291743K [0x0000000080000000, 0x00000000f0000000, 0x00000000f0000000)
[2.544s][debug  ][gc,heap        ] GC(7)   object space 1835008K, 70% used [0x0000000080000000,0x00000000ced77fd0,0x00000000f0000000)
[2.544s][debug  ][gc,heap        ] GC(7)  Metaspace       used 1019K, committed 1152K, reserved 1056768K
[2.544s][debug  ][gc,heap        ] GC(7)   class space    used 83K, committed 192K, reserved 1048576K
[2.544s][debug  ][gc,task,time   ] GC(7) VM-Thread 25209605 25421954 25443666
[2.838s][debug  ][gc,heap        ] GC(8) Heap before GC invocations=9 (full 0):
[2.838s][debug  ][gc,heap        ] GC(8)  PSYoungGen      total 229376K, used 219290K [0x00000000f0000000, 0x0000000100000000, 0x0000000100000000)
[2.838s][debug  ][gc,heap        ] GC(8)   eden space 196608K, 95% used [0x00000000f0000000,0x00000000fb7be9e8,0x00000000fc000000)
[2.838s][debug  ][gc,heap        ] GC(8)   from space 32768K, 95% used [0x00000000fe000000,0x00000000ffe68030,0x0000000100000000)
[2.838s][debug  ][gc,heap        ] GC(8)   to   space 32768K, 0% used [0x00000000fc000000,0x00000000fc000000,0x00000000fe000000)
[2.838s][debug  ][gc,heap        ] GC(8)  ParOldGen       total 1835008K, used 1291743K [0x0000000080000000, 0x00000000f0000000, 0x00000000f0000000)
[2.838s][debug  ][gc,heap        ] GC(8)   object space 1835008K, 70% used [0x0000000080000000,0x00000000ced77fd0,0x00000000f0000000)
[2.838s][debug  ][gc,heap        ] GC(8)  Metaspace       used 1019K, committed 1152K, reserved 1056768K
[2.838s][debug  ][gc,heap        ] GC(8)   class space    used 83K, committed 192K, reserved 1048576K
[2.838s][debug  ][gc,tlab        ] GC(8) TLAB totals: thrds: 1  refills: 1 max: 1 slow allocs: 17 max 17 waste: 27.2% gc: 3926216B max: 3926216B slow: 0B max: 0B
[2.838s][info   ][gc,start       ] GC(8) Pause Young (Allocation Failure)
[2.839s][debug  ][gc,phases,start] GC(8) Scavenge
[2.859s][debug  ][gc,phases      ] GC(8) Scavenge 20.383ms
[2.859s][debug  ][gc,phases,start] GC(8) Reference Processing
[2.859s][debug  ][gc,ref         ] GC(8) Skipped phase 1 of Reference Processing: no references
[2.859s][debug  ][gc,ref         ] GC(8) Skipped phase 2 of Reference Processing: no references
[2.859s][debug  ][gc,ref         ] GC(8) Skipped phase 3 of Reference Processing: no references
[2.859s][debug  ][gc,ref         ] GC(8) Skipped phase 4 of Reference Processing: no references
[2.859s][debug  ][gc,phases,ref  ] GC(8) Reference Processing: 0.1ms
[2.859s][debug  ][gc,phases,ref  ] GC(8)   Reconsider SoftReferences: 0.0ms
[2.859s][debug  ][gc,phases,ref  ] GC(8)     SoftRef (ms):                  skipped
[2.859s][debug  ][gc,phases,ref  ] GC(8)   Notify Soft/WeakReferences: 0.0ms
[2.859s][debug  ][gc,phases,ref  ] GC(8)     SoftRef (ms):                  skipped
[2.859s][debug  ][gc,phases,ref  ] GC(8)     WeakRef (ms):                  skipped
[2.859s][debug  ][gc,phases,ref  ] GC(8)     FinalRef (ms):                 skipped
[2.859s][debug  ][gc,phases,ref  ] GC(8)     Total (ms):                    skipped
[2.859s][debug  ][gc,phases,ref  ] GC(8)   Notify and keep alive finalizable: 0.0ms
[2.859s][debug  ][gc,phases,ref  ] GC(8)     FinalRef (ms):                 skipped
[2.859s][debug  ][gc,phases,ref  ] GC(8)   Notify PhantomReferences: 0.0ms
[2.859s][debug  ][gc,phases,ref  ] GC(8)     PhantomRef (ms):               skipped
[2.859s][debug  ][gc,phases,ref  ] GC(8)   SoftReference:
[2.859s][debug  ][gc,phases,ref  ] GC(8)     Discovered: 0
[2.859s][debug  ][gc,phases,ref  ] GC(8)     Cleared: 0
[2.859s][debug  ][gc,phases,ref  ] GC(8)   WeakReference:
[2.859s][debug  ][gc,phases,ref  ] GC(8)     Discovered: 0
[2.859s][debug  ][gc,phases,ref  ] GC(8)     Cleared: 0
[2.859s][debug  ][gc,phases,ref  ] GC(8)   FinalReference:
[2.859s][debug  ][gc,phases,ref  ] GC(8)     Discovered: 0
[2.859s][debug  ][gc,phases,ref  ] GC(8)     Cleared: 0
[2.859s][debug  ][gc,phases,ref  ] GC(8)   PhantomReference:
[2.859s][debug  ][gc,phases,ref  ] GC(8)     Discovered: 0
[2.860s][debug  ][gc,phases,ref  ] GC(8)     Cleared: 0
[2.860s][debug  ][gc,phases      ] GC(8) Reference Processing 0.569ms
[2.860s][debug  ][gc,phases,start] GC(8) Weak Processing
[2.860s][debug  ][gc,phases      ] GC(8)   VM Weak                        Min:  0.0, Avg:  0.0, Max:  0.0, Diff:  0.0, Sum:  0.0, Workers: 6
[2.860s][debug  ][gc,phases      ] GC(8)     Dead                           Min: 0, Avg:  0.0, Max: 0, Diff: 0, Sum: 0, Workers: 6
[2.860s][debug  ][gc,phases      ] GC(8)     Total                          Min: 0, Avg:  1.3, Max: 8, Diff: 8, Sum: 8, Workers: 6
[2.860s][debug  ][gc,phases      ] GC(8)   ObjectSynchronizer Weak        Min:  0.0, Avg:  0.0, Max:  0.0, Diff:  0.0, Sum:  0.0, Workers: 6
[2.860s][debug  ][gc,phases      ] GC(8)     Dead                           Min: 0, Avg:  0.0, Max: 0, Diff: 0, Sum: 0, Workers: 6
[2.860s][debug  ][gc,phases      ] GC(8)     Total                          Min: 0, Avg:  0.5, Max: 3, Diff: 3, Sum: 3, Workers: 6
[2.860s][debug  ][gc,phases      ] GC(8)   JVMTI Tag Weak OopStorage      Min:  0.0, Avg:  0.0, Max:  0.0, Diff:  0.0, Sum:  0.0, Workers: 6
[2.860s][debug  ][gc,phases      ] GC(8)     Dead                           Min: 0, Avg:  0.0, Max: 0, Diff: 0, Sum: 0, Workers: 6
[2.860s][debug  ][gc,phases      ] GC(8)     Total                          Min: 0, Avg:  0.0, Max: 0, Diff: 0, Sum: 0, Workers: 6
[2.860s][debug  ][gc,phases      ] GC(8)   StringTable Weak               Min:  0.0, Avg:  0.0, Max:  0.0, Diff:  0.0, Sum:  0.0, Workers: 6
[2.860s][debug  ][gc,phases      ] GC(8)     Dead                           Min: 0, Avg:  0.0, Max: 0, Diff: 0, Sum: 0, Workers: 6
[2.860s][debug  ][gc,phases      ] GC(8)     Total                          Min: 703, Avg: 892.5, Max: 1024, Diff: 321, Sum: 5355, Workers: 6
[2.860s][debug  ][gc,phases      ] GC(8)   ResolvedMethodTable Weak       Min:  0.0, Avg:  0.0, Max:  0.0, Diff:  0.0, Sum:  0.0, Workers: 6
[2.860s][debug  ][gc,phases      ] GC(8)     Dead                           Min: 0, Avg:  0.0, Max: 0, Diff: 0, Sum: 0, Workers: 6
[2.860s][debug  ][gc,phases      ] GC(8)     Total                          Min: 0, Avg: 21.5, Max: 65, Diff: 65, Sum: 129, Workers: 6
[2.860s][debug  ][gc,phases      ] GC(8)   JNI Weak                       Min:  0.0, Avg:  0.0, Max:  0.0, Diff:  0.0, Sum:  0.0, Workers: 6
[2.860s][debug  ][gc,phases      ] GC(8)     Dead                           Min: 0, Avg:  0.0, Max: 0, Diff: 0, Sum: 0, Workers: 6
[2.860s][debug  ][gc,phases      ] GC(8)     Total                          Min: 0, Avg:  0.0, Max: 0, Diff: 0, Sum: 0, Workers: 6
[2.860s][debug  ][gc,phases      ] GC(8)   StringDedup Table Weak         Min:  0.0, Avg:  0.0, Max:  0.0, Diff:  0.0, Sum:  0.0, Workers: 6
[2.860s][debug  ][gc,phases      ] GC(8)     Dead                           Min: 0, Avg:  0.0, Max: 0, Diff: 0, Sum: 0, Workers: 6
[2.860s][debug  ][gc,phases      ] GC(8)     Total                          Min: 0, Avg:  0.0, Max: 0, Diff: 0, Sum: 0, Workers: 6
[2.860s][debug  ][gc,phases      ] GC(8)   StringDedup Requests0 Weak     Min:  0.0, Avg:  0.0, Max:  0.0, Diff:  0.0, Sum:  0.0, Workers: 6
[2.860s][debug  ][gc,phases      ] GC(8)     Dead                           Min: 0, Avg:  0.0, Max: 0, Diff: 0, Sum: 0, Workers: 6
[2.860s][debug  ][gc,phases      ] GC(8)     Total                          Min: 0, Avg:  0.0, Max: 0, Diff: 0, Sum: 0, Workers: 6
[2.860s][debug  ][gc,phases      ] GC(8)   StringDedup Requests1 Weak     Min:  0.0, Avg:  0.0, Max:  0.0, Diff:  0.0, Sum:  0.0, Workers: 6
[2.860s][debug  ][gc,phases      ] GC(8)     Dead                           Min: 0, Avg:  0.0, Max: 0, Diff: 0, Sum: 0, Workers: 6
[2.860s][debug  ][gc,phases      ] GC(8)     Total                          Min: 0, Avg:  0.0, Max: 0, Diff: 0, Sum: 0, Workers: 6
[2.860s][debug  ][gc,phases      ] GC(8)   Weak JFR Old Object Samples    Min:  0.0, Avg:  0.0, Max:  0.0, Diff:  0.0, Sum:  0.0, Workers: 6
[2.860s][debug  ][gc,phases      ] GC(8)     Dead                           Min: 0, Avg:  0.0, Max: 0, Diff: 0, Sum: 0, Workers: 6
[2.860s][debug  ][gc,phases      ] GC(8)     Total                          Min: 0, Avg:  0.0, Max: 0, Diff: 0, Sum: 0, Workers: 6
[2.860s][debug  ][gc,phases      ] GC(8) Weak Processing 0.674ms
[2.860s][debug  ][gc,ergo        ] GC(8) AdaptiveSizeStart:  collection: 9 
[2.860s][debug  ][gc,ergo        ] GC(8) avg_survived_padded_avg: 33624320.000000
[2.860s][debug  ][gc,ergo        ] GC(8) avg_promoted_padded_avg: 247519840.000000  avg_pretenured_padded_avg: 0.000000  tenuring_thresh: 2  target_size: 34078720
[2.860s][debug  ][gc,age         ] GC(8) Desired survivor size 34078720 bytes, new threshold 2 (max threshold 15)
[2.860s][debug  ][gc,ergo        ] GC(8) PSAdaptiveSizePolicy::compute_eden_space_size limits: desired_eden_size: 322437120 old_eden_size: 201326592 eden_limit: 201326592 cur_eden: 201326592 max_eden_size: 201326592 avg_young_live: 32517066
[2.860s][debug  ][gc,ergo        ] GC(8) PSAdaptiveSizePolicy::compute_eden_space_size: costs minor_time: 0.063717 major_cost: 0.000000 mutator_cost: 0.936283 throughput_goal: 0.990000
[2.860s][debug  ][gc,ergo        ] GC(8) Live_space: 300952512 free_space: 402653184
[2.860s][debug  ][gc,ergo        ] GC(8) Old eden_size: 201326592 desired_eden_size: 201326592
[2.860s][debug  ][gc,ergo        ] GC(8) AdaptiveSizeStop: collection: 9 
[2.860s][info   ][gc,heap        ] GC(8) PSYoungGen: 219290K(229376K)->30720K(227840K) Eden: 188154K(196608K)->0K(196608K) From: 31136K(32768K)->30720K(31232K)
[2.860s][info   ][gc,heap        ] GC(8) ParOldGen: 1291743K(1835008K)->1476363K(1835008K)
[2.860s][info   ][gc,metaspace   ] GC(8) Metaspace: 1019K(1152K)->1019K(1152K) NonClass: 935K(960K)->935K(960K) Class: 83K(192K)->83K(192K)
[2.861s][info   ][gc             ] GC(8) Pause Young (Allocation Failure) 1475M->1471M(2014M) 22.059ms
[2.861s][info   ][gc,cpu         ] GC(8) User=0.05s Sys=0.08s Real=0.02s
[2.861s][debug  ][gc,heap        ] GC(8) Heap after GC invocations=9 (full 0):
[2.861s][debug  ][gc,heap        ] GC(8)  PSYoungGen      total 227840K, used 30720K [0x00000000f0000000, 0x0000000100000000, 0x0000000100000000)
[2.861s][debug  ][gc,heap        ] GC(8)   eden space 196608K, 0% used [0x00000000f0000000,0x00000000f0000000,0x00000000fc000000)
[2.861s][debug  ][gc,heap        ] GC(8)   from space 31232K, 98% used [0x00000000fc000000,0x00000000fde00030,0x00000000fde80000)
[2.861s][debug  ][gc,heap        ] GC(8)   to   space 33280K, 0% used [0x00000000fdf80000,0x00000000fdf80000,0x0000000100000000)
[2.861s][debug  ][gc,heap        ] GC(8)  ParOldGen       total 1835008K, used 1476363K [0x0000000080000000, 0x00000000f0000000, 0x00000000f0000000)
[2.861s][debug  ][gc,heap        ] GC(8)   object space 1835008K, 80% used [0x0000000080000000,0x00000000da1c2cb0,0x00000000f0000000)
[2.861s][debug  ][gc,heap        ] GC(8)  Metaspace       used 1019K, committed 1152K, reserved 1056768K
[2.861s][debug  ][gc,heap        ] GC(8)   class space    used 83K, committed 192K, reserved 1048576K
[2.861s][debug  ][gc,task,time   ] GC(8) VM-Thread 28380486 28589578 28607464
[3.155s][debug  ][gc,heap        ] GC(9) Heap before GC invocations=10 (full 0):
[3.155s][debug  ][gc,heap        ] GC(9)  PSYoungGen      total 227840K, used 218880K [0x00000000f0000000, 0x0000000100000000, 0x0000000100000000)
[3.155s][debug  ][gc,heap        ] GC(9)   eden space 196608K, 95% used [0x00000000f0000000,0x00000000fb7c02e0,0x00000000fc000000)
[3.155s][debug  ][gc,heap        ] GC(9)   from space 31232K, 98% used [0x00000000fc000000,0x00000000fde00030,0x00000000fde80000)
[3.155s][debug  ][gc,heap        ] GC(9)   to   space 33280K, 0% used [0x00000000fdf80000,0x00000000fdf80000,0x0000000100000000)
[3.155s][debug  ][gc,heap        ] GC(9)  ParOldGen       total 1835008K, used 1476363K [0x0000000080000000, 0x00000000f0000000, 0x00000000f0000000)
[3.155s][debug  ][gc,heap        ] GC(9)   object space 1835008K, 80% used [0x0000000080000000,0x00000000da1c2cb0,0x00000000f0000000)
[3.155s][debug  ][gc,heap        ] GC(9)  Metaspace       used 1019K, committed 1152K, reserved 1056768K
[3.155s][debug  ][gc,heap        ] GC(9)   class space    used 83K, committed 192K, reserved 1048576K
[3.155s][debug  ][gc,tlab        ] GC(9) TLAB totals: thrds: 1  refills: 1 max: 1 slow allocs: 17 max 17 waste: 27.3% gc: 3932608B max: 3932608B slow: 0B max: 0B
[3.155s][info   ][gc,start       ] GC(9) Pause Young (Allocation Failure)
[3.155s][debug  ][gc,phases,start] GC(9) Scavenge
[3.175s][debug  ][gc,phases      ] GC(9) Scavenge 20.480ms
[3.175s][debug  ][gc,phases,start] GC(9) Reference Processing
[3.176s][debug  ][gc,ref         ] GC(9) Skipped phase 1 of Reference Processing: no references
[3.176s][debug  ][gc,ref         ] GC(9) Skipped phase 2 of Reference Processing: no references
[3.176s][debug  ][gc,ref         ] GC(9) Skipped phase 3 of Reference Processing: no references
[3.176s][debug  ][gc,ref         ] GC(9) Skipped phase 4 of Reference Processing: no references
[3.176s][debug  ][gc,phases,ref  ] GC(9) Reference Processing: 0.1ms
[3.176s][debug  ][gc,phases,ref  ] GC(9)   Reconsider SoftReferences: 0.0ms
[3.176s][debug  ][gc,phases,ref  ] GC(9)     SoftRef (ms):                  skipped
[3.176s][debug  ][gc,phases,ref  ] GC(9)   Notify Soft/WeakReferences: 0.0ms
[3.176s][debug  ][gc,phases,ref  ] GC(9)     SoftRef (ms):                  skipped
[3.176s][debug  ][gc,phases,ref  ] GC(9)     WeakRef (ms):                  skipped
[3.176s][debug  ][gc,phases,ref  ] GC(9)     FinalRef (ms):                 skipped
[3.176s][debug  ][gc,phases,ref  ] GC(9)     Total (ms):                    skipped
[3.176s][debug  ][gc,phases,ref  ] GC(9)   Notify and keep alive finalizable: 0.0ms
[3.176s][debug  ][gc,phases,ref  ] GC(9)     FinalRef (ms):                 skipped
[3.176s][debug  ][gc,phases,ref  ] GC(9)   Notify PhantomReferences: 0.0ms
[3.176s][debug  ][gc,phases,ref  ] GC(9)     PhantomRef (ms):               skipped
[3.176s][debug  ][gc,phases,ref  ] GC(9)   SoftReference:
[3.176s][debug  ][gc,phases,ref  ] GC(9)     Discovered: 0
[3.176s][debug  ][gc,phases,ref  ] GC(9)     Cleared: 0
[3.176s][debug  ][gc,phases,ref  ] GC(9)   WeakReference:
[3.176s][debug  ][gc,phases,ref  ] GC(9)     Discovered: 0
[3.176s][debug  ][gc,phases,ref  ] GC(9)     Cleared: 0
[3.176s][debug  ][gc,phases,ref  ] GC(9)   FinalReference:
[3.176s][debug  ][gc,phases,ref  ] GC(9)     Discovered: 0
[3.176s][debug  ][gc,phases,ref  ] GC(9)     Cleared: 0
[3.176s][debug  ][gc,phases,ref  ] GC(9)   PhantomReference:
[3.176s][debug  ][gc,phases,ref  ] GC(9)     Discovered: 0
[3.176s][debug  ][gc,phases,ref  ] GC(9)     Cleared: 0
[3.176s][debug  ][gc,phases      ] GC(9) Reference Processing 0.704ms
[3.176s][debug  ][gc,phases,start] GC(9) Weak Processing
[3.176s][debug  ][gc,phases      ] GC(9)   VM Weak                        Min:  0.0, Avg:  0.0, Max:  0.0, Diff:  0.0, Sum:  0.0, Workers: 6
[3.176s][debug  ][gc,phases      ] GC(9)     Dead                           Min: 0, Avg:  0.0, Max: 0, Diff: 0, Sum: 0, Workers: 6
[3.176s][debug  ][gc,phases      ] GC(9)     Total                          Min: 0, Avg:  1.3, Max: 8, Diff: 8, Sum: 8, Workers: 6
[3.176s][debug  ][gc,phases      ] GC(9)   ObjectSynchronizer Weak        Min:  0.0, Avg:  0.0, Max:  0.0, Diff:  0.0, Sum:  0.0, Workers: 6
[3.176s][debug  ][gc,phases      ] GC(9)     Dead                           Min: 0, Avg:  0.0, Max: 0, Diff: 0, Sum: 0, Workers: 6
[3.176s][debug  ][gc,phases      ] GC(9)     Total                          Min: 0, Avg:  0.5, Max: 3, Diff: 3, Sum: 3, Workers: 6
[3.176s][debug  ][gc,phases      ] GC(9)   JVMTI Tag Weak OopStorage      Min:  0.0, Avg:  0.0, Max:  0.0, Diff:  0.0, Sum:  0.0, Workers: 6
[3.176s][debug  ][gc,phases      ] GC(9)     Dead                           Min: 0, Avg:  0.0, Max: 0, Diff: 0, Sum: 0, Workers: 6
[3.177s][debug  ][gc,phases      ] GC(9)     Total                          Min: 0, Avg:  0.0, Max: 0, Diff: 0, Sum: 0, Workers: 6
[3.177s][debug  ][gc,phases      ] GC(9)   StringTable Weak               Min:  0.0, Avg:  0.0, Max:  0.0, Diff:  0.0, Sum:  0.0, Workers: 6
[3.177s][debug  ][gc,phases      ] GC(9)     Dead                           Min: 0, Avg:  0.0, Max: 0, Diff: 0, Sum: 0, Workers: 6
[3.177s][debug  ][gc,phases      ] GC(9)     Total                          Min: 0, Avg: 892.5, Max: 1152, Diff: 1152, Sum: 5355, Workers: 6
[3.177s][debug  ][gc,phases      ] GC(9)   ResolvedMethodTable Weak       Min:  0.0, Avg:  0.0, Max:  0.0, Diff:  0.0, Sum:  0.0, Workers: 6
[3.177s][debug  ][gc,phases      ] GC(9)     Dead                           Min: 0, Avg:  0.0, Max: 0, Diff: 0, Sum: 0, Workers: 6
[3.177s][debug  ][gc,phases      ] GC(9)     Total                          Min: 0, Avg: 21.5, Max: 64, Diff: 64, Sum: 129, Workers: 6
[3.177s][debug  ][gc,phases      ] GC(9)   JNI Weak                       Min:  0.0, Avg:  0.0, Max:  0.0, Diff:  0.0, Sum:  0.0, Workers: 6
[3.177s][debug  ][gc,phases      ] GC(9)     Dead                           Min: 0, Avg:  0.0, Max: 0, Diff: 0, Sum: 0, Workers: 6
[3.177s][debug  ][gc,phases      ] GC(9)     Total                          Min: 0, Avg:  0.0, Max: 0, Diff: 0, Sum: 0, Workers: 6
[3.177s][debug  ][gc,phases      ] GC(9)   StringDedup Table Weak         Min:  0.0, Avg:  0.0, Max:  0.0, Diff:  0.0, Sum:  0.0, Workers: 6
[3.177s][debug  ][gc,phases      ] GC(9)     Dead                           Min: 0, Avg:  0.0, Max: 0, Diff: 0, Sum: 0, Workers: 6
[3.177s][debug  ][gc,phases      ] GC(9)     Total                          Min: 0, Avg:  0.0, Max: 0, Diff: 0, Sum: 0, Workers: 6
[3.177s][debug  ][gc,phases      ] GC(9)   StringDedup Requests0 Weak     Min:  0.0, Avg:  0.0, Max:  0.0, Diff:  0.0, Sum:  0.0, Workers: 6
[3.177s][debug  ][gc,phases      ] GC(9)     Dead                           Min: 0, Avg:  0.0, Max: 0, Diff: 0, Sum: 0, Workers: 6
[3.177s][debug  ][gc,phases      ] GC(9)     Total                          Min: 0, Avg:  0.0, Max: 0, Diff: 0, Sum: 0, Workers: 6
[3.177s][debug  ][gc,phases      ] GC(9)   StringDedup Requests1 Weak     Min:  0.0, Avg:  0.0, Max:  0.0, Diff:  0.0, Sum:  0.0, Workers: 6
[3.177s][debug  ][gc,phases      ] GC(9)     Dead                           Min: 0, Avg:  0.0, Max: 0, Diff: 0, Sum: 0, Workers: 6
[3.177s][debug  ][gc,phases      ] GC(9)     Total                          Min: 0, Avg:  0.0, Max: 0, Diff: 0, Sum: 0, Workers: 6
[3.177s][debug  ][gc,phases      ] GC(9)   Weak JFR Old Object Samples    Min:  0.0, Avg:  0.0, Max:  0.0, Diff:  0.0, Sum:  0.0, Workers: 6
[3.177s][debug  ][gc,phases      ] GC(9)     Dead                           Min: 0, Avg:  0.0, Max: 0, Diff: 0, Sum: 0, Workers: 6
[3.177s][debug  ][gc,phases      ] GC(9)     Total                          Min: 0, Avg:  0.0, Max: 0, Diff: 0, Sum: 0, Workers: 6
[3.177s][debug  ][gc,phases      ] GC(9) Weak Processing 0.837ms
[3.177s][debug  ][gc,ergo        ] GC(9) AdaptiveSizeStart:  collection: 10 
[3.177s][debug  ][gc,ergo        ] GC(9) avg_survived_padded_avg: 33693752.000000
[3.177s][debug  ][gc,ergo        ] GC(9) avg_promoted_padded_avg: 247147424.000000  avg_pretenured_padded_avg: 0.000000  tenuring_thresh: 1  target_size: 34078720
[3.177s][debug  ][gc,age         ] GC(9) Desired survivor size 34078720 bytes, new threshold 1 (max threshold 15)
[3.177s][debug  ][gc,ergo        ] GC(9) PSAdaptiveSizePolicy::compute_eden_space_size limits: desired_eden_size: 322437120 old_eden_size: 201326592 eden_limit: 202375168 cur_eden: 201326592 max_eden_size: 202375168 avg_young_live: 32411092
[3.177s][debug  ][gc,ergo        ] GC(9) PSAdaptiveSizePolicy::compute_eden_space_size: costs minor_time: 0.065265 major_cost: 0.000000 mutator_cost: 0.934735 throughput_goal: 0.990000
[3.177s][debug  ][gc,ergo        ] GC(9) Live_space: 300846560 free_space: 402653184
[3.177s][debug  ][gc,ergo        ] GC(9) Old eden_size: 201326592 desired_eden_size: 202375168
[3.177s][debug  ][gc,ergo        ] GC(9) AdaptiveSizeStop: collection: 10 
[3.177s][info   ][gc,heap        ] GC(9) PSYoungGen: 218880K(227840K)->30720K(228864K) Eden: 188160K(196608K)->0K(195584K) From: 30720K(31232K)->30720K(33280K)
[3.177s][info   ][gc,heap        ] GC(9) ParOldGen: 1476363K(1835008K)->1660683K(1835008K)
[3.177s][info   ][gc,metaspace   ] GC(9) Metaspace: 1019K(1152K)->1019K(1152K) NonClass: 935K(960K)->935K(960K) Class: 83K(192K)->83K(192K)
[3.177s][info   ][gc             ] GC(9) Pause Young (Allocation Failure) 1655M->1651M(2015M) 22.479ms
[3.177s][info   ][gc,cpu         ] GC(9) User=0.00s Sys=0.12s Real=0.02s
[3.177s][debug  ][gc,heap        ] GC(9) Heap after GC invocations=10 (full 0):
[3.177s][debug  ][gc,heap        ] GC(9)  PSYoungGen      total 228864K, used 30720K [0x00000000f0000000, 0x0000000100000000, 0x0000000100000000)
[3.177s][debug  ][gc,heap        ] GC(9)   eden space 195584K, 0% used [0x00000000f0000000,0x00000000f0000000,0x00000000fbf00000)
[3.177s][debug  ][gc,heap        ] GC(9)   from space 33280K, 92% used [0x00000000fdf80000,0x00000000ffd80030,0x0000000100000000)
[3.178s][debug  ][gc,heap        ] GC(9)   to   space 33280K, 0% used [0x00000000fbf00000,0x00000000fbf00000,0x00000000fdf80000)
[3.178s][debug  ][gc,heap        ] GC(9)  ParOldGen       total 1835008K, used 1660683K [0x0000000080000000, 0x00000000f0000000, 0x00000000f0000000)
[3.178s][debug  ][gc,heap        ] GC(9)   object space 1835008K, 90% used [0x0000000080000000,0x00000000e55c2dd0,0x00000000f0000000)
[3.178s][debug  ][gc,heap        ] GC(9)  Metaspace       used 1019K, committed 1152K, reserved 1056768K
[3.178s][debug  ][gc,heap        ] GC(9)   class space    used 83K, committed 192K, reserved 1048576K
[3.178s][debug  ][gc,task,time   ] GC(9) VM-Thread 31545781 31754912 31776072
[3.178s][debug  ][gc,phases,start] GC(10) Pre Compact
[3.178s][debug  ][gc,heap        ] GC(10) Heap before GC invocations=11 (full 1):
[3.178s][debug  ][gc,heap        ] GC(10)  PSYoungGen      total 228864K, used 30720K [0x00000000f0000000, 0x0000000100000000, 0x0000000100000000)
[3.178s][debug  ][gc,heap        ] GC(10)   eden space 195584K, 0% used [0x00000000f0000000,0x00000000f0000000,0x00000000fbf00000)
[3.178s][debug  ][gc,heap        ] GC(10)   from space 33280K, 92% used [0x00000000fdf80000,0x00000000ffd80030,0x0000000100000000)
[3.178s][debug  ][gc,heap        ] GC(10)   to   space 33280K, 0% used [0x00000000fbf00000,0x00000000fbf00000,0x00000000fdf80000)
[3.178s][debug  ][gc,heap        ] GC(10)  ParOldGen       total 1835008K, used 1660683K [0x0000000080000000, 0x00000000f0000000, 0x00000000f0000000)
[3.178s][debug  ][gc,heap        ] GC(10)   object space 1835008K, 90% used [0x0000000080000000,0x00000000e55c2dd0,0x00000000f0000000)
[3.178s][debug  ][gc,heap        ] GC(10)  Metaspace       used 1019K, committed 1152K, reserved 1056768K
[3.178s][debug  ][gc,heap        ] GC(10)   class space    used 83K, committed 192K, reserved 1048576K
[3.178s][debug  ][gc,phases      ] GC(10) Pre Compact 0.203ms
[3.178s][info   ][gc,start       ] GC(10) Pause Full (Ergonomics)
[3.178s][info   ][gc,phases,start] GC(10) Marking Phase
[3.178s][debug  ][gc,phases,start] GC(10) Par Mark
[3.178s][debug  ][gc,phases      ] GC(10) Par Mark 0.429ms
[3.178s][debug  ][gc,phases,start] GC(10) Reference Processing
[3.178s][debug  ][gc,ref         ] GC(10) Skipped phase 1 of Reference Processing: no references
[3.178s][debug  ][gc,ref         ] GC(10) ReferenceProcessor::execute queues: 1, RefProcThreadModel::Single, marks_oops_alive: false
[3.178s][debug  ][gc,ref         ] GC(10) Skipped phase 3 of Reference Processing: no references
[3.178s][debug  ][gc,ref         ] GC(10) ReferenceProcessor::execute queues: 1, RefProcThreadModel::Single, marks_oops_alive: false
[3.178s][debug  ][gc,phases,ref  ] GC(10) Reference Processing: 0.1ms
[3.178s][debug  ][gc,phases,ref  ] GC(10)   Reconsider SoftReferences: 0.0ms
[3.179s][debug  ][gc,phases,ref  ] GC(10)     SoftRef (ms):                  skipped
[3.179s][debug  ][gc,phases,ref  ] GC(10)   Notify Soft/WeakReferences: 0.0ms
[3.179s][debug  ][gc,phases,ref  ] GC(10)     SoftRef (ms):                  Min:  0.0, Avg:  0.0, Max:  0.0, Diff:  0.0, Sum:  0.0, Workers: 8
[3.179s][debug  ][gc,phases,ref  ] GC(10)     WeakRef (ms):                  Min:  0.0, Avg:  0.0, Max:  0.0, Diff:  0.0, Sum:  0.0, Workers: 8
[3.179s][debug  ][gc,phases,ref  ] GC(10)     FinalRef (ms):                 Min:  0.0, Avg:  0.0, Max:  0.0, Diff:  0.0, Sum:  0.0, Workers: 8
[3.179s][debug  ][gc,phases,ref  ] GC(10)     Total (ms):                    Min:  0.0, Avg:  0.0, Max:  0.0, Diff:  0.0, Sum:  0.0, Workers: 8
[3.179s][debug  ][gc,phases,ref  ] GC(10)   Notify and keep alive finalizable: 0.0ms
[3.179s][debug  ][gc,phases,ref  ] GC(10)     FinalRef (ms):                 skipped
[3.179s][debug  ][gc,phases,ref  ] GC(10)   Notify PhantomReferences: 0.0ms
[3.179s][debug  ][gc,phases,ref  ] GC(10)     PhantomRef (ms):               Min:  0.0, Avg:  0.0, Max:  0.0, Diff:  0.0, Sum:  0.0, Workers: 8
[3.179s][debug  ][gc,phases,ref  ] GC(10)   SoftReference:
[3.179s][debug  ][gc,phases,ref  ] GC(10)     Discovered: 0
[3.179s][debug  ][gc,phases,ref  ] GC(10)     Cleared: 0
[3.179s][debug  ][gc,phases,ref  ] GC(10)   WeakReference:
[3.179s][debug  ][gc,phases,ref  ] GC(10)     Discovered: 92
[3.179s][debug  ][gc,phases,ref  ] GC(10)     Cleared: 92
[3.179s][debug  ][gc,phases,ref  ] GC(10)   FinalReference:
[3.179s][debug  ][gc,phases,ref  ] GC(10)     Discovered: 0
[3.179s][debug  ][gc,phases,ref  ] GC(10)     Cleared: 0
[3.179s][debug  ][gc,phases,ref  ] GC(10)   PhantomReference:
[3.179s][debug  ][gc,phases,ref  ] GC(10)     Discovered: 5
[3.179s][debug  ][gc,phases,ref  ] GC(10)     Cleared: 5
[3.179s][debug  ][gc,phases      ] GC(10) Reference Processing 0.580ms
[3.179s][debug  ][gc,phases,start] GC(10) Weak Processing
[3.179s][debug  ][gc,phases      ] GC(10)   VM Weak                        Min:  0.0, Avg:  0.0, Max:  0.0, Diff:  0.0, Sum:  0.0, Workers: 6
[3.179s][debug  ][gc,phases      ] GC(10)     Dead                           Min: 0, Avg:  0.0, Max: 0, Diff: 0, Sum: 0, Workers: 6
[3.179s][debug  ][gc,phases      ] GC(10)     Total                          Min: 0, Avg:  1.3, Max: 8, Diff: 8, Sum: 8, Workers: 6
[3.179s][debug  ][gc,phases      ] GC(10)   ObjectSynchronizer Weak        Min:  0.0, Avg:  0.0, Max:  0.0, Diff:  0.0, Sum:  0.0, Workers: 6
[3.179s][debug  ][gc,phases      ] GC(10)     Dead                           Min: 0, Avg:  0.0, Max: 0, Diff: 0, Sum: 0, Workers: 6
[3.179s][debug  ][gc,phases      ] GC(10)     Total                          Min: 0, Avg:  0.5, Max: 3, Diff: 3, Sum: 3, Workers: 6
[3.179s][debug  ][gc,phases      ] GC(10)   JVMTI Tag Weak OopStorage      Min:  0.0, Avg:  0.0, Max:  0.0, Diff:  0.0, Sum:  0.0, Workers: 6
[3.179s][debug  ][gc,phases      ] GC(10)     Dead                           Min: 0, Avg:  0.0, Max: 0, Diff: 0, Sum: 0, Workers: 6
[3.179s][debug  ][gc,phases      ] GC(10)     Total                          Min: 0, Avg:  0.0, Max: 0, Diff: 0, Sum: 0, Workers: 6
[3.179s][debug  ][gc,phases      ] GC(10)   StringTable Weak               Min:  0.0, Avg:  0.0, Max:  0.0, Diff:  0.0, Sum:  0.0, Workers: 6
[3.179s][debug  ][gc,phases      ] GC(10)     Dead                           Min: 0, Avg:  0.0, Max: 0, Diff: 0, Sum: 0, Workers: 6
[3.179s][debug  ][gc,phases      ] GC(10)     Total                          Min: 704, Avg: 892.5, Max: 1088, Diff: 384, Sum: 5355, Workers: 6
[3.179s][debug  ][gc,phases      ] GC(10)   ResolvedMethodTable Weak       Min:  0.0, Avg:  0.0, Max:  0.0, Diff:  0.0, Sum:  0.0, Workers: 6
[3.179s][debug  ][gc,phases      ] GC(10)     Dead                           Min: 0, Avg:  0.0, Max: 0, Diff: 0, Sum: 0, Workers: 6
[3.179s][debug  ][gc,phases      ] GC(10)     Total                          Min: 0, Avg: 21.5, Max: 64, Diff: 64, Sum: 129, Workers: 6
[3.179s][debug  ][gc,phases      ] GC(10)   JNI Weak                       Min:  0.0, Avg:  0.0, Max:  0.0, Diff:  0.0, Sum:  0.0, Workers: 6
[3.179s][debug  ][gc,phases      ] GC(10)     Dead                           Min: 0, Avg:  0.0, Max: 0, Diff: 0, Sum: 0, Workers: 6
[3.179s][debug  ][gc,phases      ] GC(10)     Total                          Min: 0, Avg:  0.0, Max: 0, Diff: 0, Sum: 0, Workers: 6
[3.179s][debug  ][gc,phases      ] GC(10)   StringDedup Table Weak         Min:  0.0, Avg:  0.0, Max:  0.0, Diff:  0.0, Sum:  0.0, Workers: 6
[3.179s][debug  ][gc,phases      ] GC(10)     Dead                           Min: 0, Avg:  0.0, Max: 0, Diff: 0, Sum: 0, Workers: 6
[3.179s][debug  ][gc,phases      ] GC(10)     Total                          Min: 0, Avg:  0.0, Max: 0, Diff: 0, Sum: 0, Workers: 6
[3.179s][debug  ][gc,phases      ] GC(10)   StringDedup Requests0 Weak     Min:  0.0, Avg:  0.0, Max:  0.0, Diff:  0.0, Sum:  0.0, Workers: 6
[3.179s][debug  ][gc,phases      ] GC(10)     Dead                           Min: 0, Avg:  0.0, Max: 0, Diff: 0, Sum: 0, Workers: 6
[3.179s][debug  ][gc,phases      ] GC(10)     Total                          Min: 0, Avg:  0.0, Max: 0, Diff: 0, Sum: 0, Workers: 6
[3.179s][debug  ][gc,phases      ] GC(10)   StringDedup Requests1 Weak     Min:  0.0, Avg:  0.0, Max:  0.0, Diff:  0.0, Sum:  0.0, Workers: 6
[3.180s][debug  ][gc,phases      ] GC(10)     Dead                           Min: 0, Avg:  0.0, Max: 0, Diff: 0, Sum: 0, Workers: 6
[3.180s][debug  ][gc,phases      ] GC(10)     Total                          Min: 0, Avg:  0.0, Max: 0, Diff: 0, Sum: 0, Workers: 6
[3.180s][debug  ][gc,phases      ] GC(10)   Weak JFR Old Object Samples    Min:  0.0, Avg:  0.0, Max:  0.0, Diff:  0.0, Sum:  0.0, Workers: 6
[3.180s][debug  ][gc,phases      ] GC(10)     Dead                           Min: 0, Avg:  0.0, Max: 0, Diff: 0, Sum: 0, Workers: 6
[3.180s][debug  ][gc,phases      ] GC(10)     Total                          Min: 0, Avg:  0.0, Max: 0, Diff: 0, Sum: 0, Workers: 6
[3.180s][debug  ][gc,phases      ] GC(10) Weak Processing 0.653ms
[3.180s][debug  ][gc,phases,start] GC(10) Class Unloading
[3.180s][debug  ][gc,phases,start] GC(10) ClassLoaderData
[3.180s][debug  ][gc,phases      ] GC(10) ClassLoaderData 0.021ms
[3.180s][debug  ][gc,phases,start] GC(10) Trigger cleanups
[3.180s][debug  ][gc,phases      ] GC(10) Trigger cleanups 0.019ms
[3.180s][debug  ][gc,phases      ] GC(10) Class Unloading 0.256ms
[3.180s][info   ][gc,phases      ] GC(10) Marking Phase 2.028ms
[3.180s][info   ][gc,phases,start] GC(10) Summary Phase
[3.180s][info   ][gc,phases      ] GC(10) Summary Phase 0.041ms
[3.180s][info   ][gc,phases,start] GC(10) Adjust Roots
[3.180s][info   ][gc,phases      ] GC(10) Adjust Roots 0.327ms
[3.180s][info   ][gc,phases,start] GC(10) Compaction Phase
[3.267s][info   ][gc,phases      ] GC(10) Compaction Phase 86.990ms
[3.267s][info   ][gc,phases,start] GC(10) Post Compact
[3.279s][info   ][gc,phases      ] GC(10) Post Compact 11.732ms
[3.279s][debug  ][gc,ergo        ] GC(10) AdaptiveSizeStart: collection: 11 
[3.279s][debug  ][gc,ergo        ] GC(10) PSAdaptiveSizePolicy::compute_eden_space_size limits: desired_eden_size: 281975143 old_eden_size: 202375168 eden_limit: 200278016 cur_eden: 200278016 max_eden_size: 200278016 avg_young_live: 29169984
[3.279s][debug  ][gc,ergo        ] GC(10) PSAdaptiveSizePolicy::compute_eden_space_size: costs minor_time: 0.065265 major_cost: 0.031067 mutator_cost: 0.903668 throughput_goal: 0.990000
[3.279s][debug  ][gc,ergo        ] GC(10) Live_space: 297605440 free_space: 403701760
[3.279s][debug  ][gc,ergo        ] GC(10) Old eden_size: 202375168 desired_eden_size: 200278016
[3.279s][debug  ][gc,ergo        ] GC(10) PSAdaptiveSizePolicy::compute_old_gen_free_space: costs minor_time: 0.065265 major_cost: 0.031067  mutator_cost: 0.903668 throughput_goal: 0.990000
[3.279s][debug  ][gc,ergo        ] GC(10) Live_space: 1127655936 free_space: 401604608
[3.279s][debug  ][gc,ergo        ] GC(10) Old promo_size: 201326592 desired_promo_size: 266338304
[3.297s][debug  ][gc             ] GC(10) Shrinking ParOldGen from 1835008K by 522752K to 1312256K
[3.297s][debug  ][gc,ergo        ] GC(10) AdaptiveSizeStop: collection: 11 
[3.297s][info   ][gc,heap        ] GC(10) PSYoungGen: 30720K(228864K)->0K(228864K) Eden: 0K(195584K)->0K(195584K) From: 30720K(33280K)->0K(33280K)
[3.297s][info   ][gc,heap        ] GC(10) ParOldGen: 1660683K(1835008K)->810596K(1312256K)
[3.297s][info   ][gc,metaspace   ] GC(10) Metaspace: 1019K(1152K)->1019K(1152K) NonClass: 935K(960K)->935K(960K) Class: 83K(192K)->83K(192K)
[3.297s][info   ][gc             ] GC(10) Pause Full (Ergonomics) 1651M->791M(1505M) 118.895ms
[3.297s][info   ][gc,cpu         ] GC(10) User=0.58s Sys=0.08s Real=0.12s
[3.297s][debug  ][gc,heap        ] GC(10) Heap after GC invocations=11 (full 1):
[3.297s][debug  ][gc,heap        ] GC(10)  PSYoungGen      total 228864K, used 0K [0x00000000f0000000, 0x0000000100000000, 0x0000000100000000)
[3.297s][debug  ][gc,heap        ] GC(10)   eden space 195584K, 0% used [0x00000000f0000000,0x00000000f0000000,0x00000000fbf00000)
[3.297s][debug  ][gc,heap        ] GC(10)   from space 33280K, 0% used [0x00000000fbf00000,0x00000000fbf00000,0x00000000fdf80000)
[3.297s][debug  ][gc,heap        ] GC(10)   to   space 33280K, 0% used [0x00000000fdf80000,0x00000000fdf80000,0x0000000100000000)
[3.297s][debug  ][gc,heap        ] GC(10)  ParOldGen       total 1312256K, used 810596K [0x0000000080000000, 0x00000000d0180000, 0x00000000f0000000)
[3.297s][debug  ][gc,heap        ] GC(10)   object space 1312256K, 61% used [0x0000000080000000,0x00000000b17990f8,0x00000000d0180000)
[3.297s][debug  ][gc,heap        ] GC(10)  Metaspace       used 1019K, committed 1152K, reserved 1056768K
[3.297s][debug  ][gc,heap        ] GC(10)   class space    used 83K, committed 192K, reserved 1048576K
[3.297s][debug  ][gc,task,time   ] GC(10) VM-Thread 31778779 31803739 32968034
[3.580s][debug  ][gc,heap        ] GC(11) Heap before GC invocations=12 (full 1):
[3.580s][debug  ][gc,heap        ] GC(11)  PSYoungGen      total 228864K, used 188144K [0x00000000f0000000, 0x0000000100000000, 0x0000000100000000)
[3.580s][debug  ][gc,heap        ] GC(11)   eden space 195584K, 96% used [0x00000000f0000000,0x00000000fb7bc2d0,0x00000000fbf00000)
[3.580s][debug  ][gc,heap        ] GC(11)   from space 33280K, 0% used [0x00000000fbf00000,0x00000000fbf00000,0x00000000fdf80000)
[3.580s][debug  ][gc,heap        ] GC(11)   to   space 33280K, 0% used [0x00000000fdf80000,0x00000000fdf80000,0x0000000100000000)
[3.580s][debug  ][gc,heap        ] GC(11)  ParOldGen       total 1312256K, used 810596K [0x0000000080000000, 0x00000000d0180000, 0x00000000f0000000)
[3.581s][debug  ][gc,heap        ] GC(11)   object space 1312256K, 61% used [0x0000000080000000,0x00000000b17990f8,0x00000000d0180000)
[3.581s][debug  ][gc,heap        ] GC(11)  Metaspace       used 1021K, committed 1216K, reserved 1056768K
[3.581s][debug  ][gc,heap        ] GC(11)   class space    used 83K, committed 192K, reserved 1048576K
[3.581s][debug  ][gc,tlab        ] GC(11) TLAB totals: thrds: 1  refills: 1 max: 1 slow allocs: 17 max 17 waste: 27.2% gc: 3916208B max: 3916208B slow: 0B max: 0B
[3.581s][info   ][gc,start       ] GC(11) Pause Young (Allocation Failure)
[3.581s][debug  ][gc,phases,start] GC(11) Scavenge
[3.594s][debug  ][gc,phases      ] GC(11) Scavenge 13.014ms
[3.594s][debug  ][gc,phases,start] GC(11) Reference Processing
[3.594s][debug  ][gc,ref         ] GC(11) Skipped phase 1 of Reference Processing: no references
[3.594s][debug  ][gc,ref         ] GC(11) Skipped phase 2 of Reference Processing: no references
[3.594s][debug  ][gc,ref         ] GC(11) Skipped phase 3 of Reference Processing: no references
[3.594s][debug  ][gc,ref         ] GC(11) Skipped phase 4 of Reference Processing: no references
[3.594s][debug  ][gc,phases,ref  ] GC(11) Reference Processing: 0.1ms
[3.594s][debug  ][gc,phases,ref  ] GC(11)   Reconsider SoftReferences: 0.0ms
[3.594s][debug  ][gc,phases,ref  ] GC(11)     SoftRef (ms):                  skipped
[3.594s][debug  ][gc,phases,ref  ] GC(11)   Notify Soft/WeakReferences: 0.0ms
[3.594s][debug  ][gc,phases,ref  ] GC(11)     SoftRef (ms):                  skipped
[3.594s][debug  ][gc,phases,ref  ] GC(11)     WeakRef (ms):                  skipped
[3.594s][debug  ][gc,phases,ref  ] GC(11)     FinalRef (ms):                 skipped
[3.594s][debug  ][gc,phases,ref  ] GC(11)     Total (ms):                    skipped
[3.594s][debug  ][gc,phases,ref  ] GC(11)   Notify and keep alive finalizable: 0.0ms
[3.594s][debug  ][gc,phases,ref  ] GC(11)     FinalRef (ms):                 skipped
[3.594s][debug  ][gc,phases,ref  ] GC(11)   Notify PhantomReferences: 0.0ms
[3.594s][debug  ][gc,phases,ref  ] GC(11)     PhantomRef (ms):               skipped
[3.594s][debug  ][gc,phases,ref  ] GC(11)   SoftReference:
[3.594s][debug  ][gc,phases,ref  ] GC(11)     Discovered: 0
[3.594s][debug  ][gc,phases,ref  ] GC(11)     Cleared: 0
[3.594s][debug  ][gc,phases,ref  ] GC(11)   WeakReference:
[3.594s][debug  ][gc,phases,ref  ] GC(11)     Discovered: 0
[3.594s][debug  ][gc,phases,ref  ] GC(11)     Cleared: 0
[3.594s][debug  ][gc,phases,ref  ] GC(11)   FinalReference:
[3.594s][debug  ][gc,phases,ref  ] GC(11)     Discovered: 0
[3.594s][debug  ][gc,phases,ref  ] GC(11)     Cleared: 0
[3.594s][debug  ][gc,phases,ref  ] GC(11)   PhantomReference:
[3.594s][debug  ][gc,phases,ref  ] GC(11)     Discovered: 0
[3.594s][debug  ][gc,phases,ref  ] GC(11)     Cleared: 0
[3.594s][debug  ][gc,phases      ] GC(11) Reference Processing 0.572ms
[3.594s][debug  ][gc,phases,start] GC(11) Weak Processing
[3.594s][debug  ][gc,phases      ] GC(11)   VM Weak                        Min:  0.0, Avg:  0.0, Max:  0.0, Diff:  0.0, Sum:  0.0, Workers: 6
[3.594s][debug  ][gc,phases      ] GC(11)     Dead                           Min: 0, Avg:  0.0, Max: 0, Diff: 0, Sum: 0, Workers: 6
[3.594s][debug  ][gc,phases      ] GC(11)     Total                          Min: 0, Avg:  1.3, Max: 8, Diff: 8, Sum: 8, Workers: 6
[3.595s][debug  ][gc,phases      ] GC(11)   ObjectSynchronizer Weak        Min:  0.0, Avg:  0.0, Max:  0.0, Diff:  0.0, Sum:  0.0, Workers: 6
[3.595s][debug  ][gc,phases      ] GC(11)     Dead                           Min: 0, Avg:  0.0, Max: 0, Diff: 0, Sum: 0, Workers: 6
[3.595s][debug  ][gc,phases      ] GC(11)     Total                          Min: 0, Avg:  0.5, Max: 3, Diff: 3, Sum: 3, Workers: 6
[3.595s][debug  ][gc,phases      ] GC(11)   JVMTI Tag Weak OopStorage      Min:  0.0, Avg:  0.0, Max:  0.0, Diff:  0.0, Sum:  0.0, Workers: 6
[3.595s][debug  ][gc,phases      ] GC(11)     Dead                           Min: 0, Avg:  0.0, Max: 0, Diff: 0, Sum: 0, Workers: 6
[3.595s][debug  ][gc,phases      ] GC(11)     Total                          Min: 0, Avg:  0.0, Max: 0, Diff: 0, Sum: 0, Workers: 6
[3.595s][debug  ][gc,phases      ] GC(11)   StringTable Weak               Min:  0.0, Avg:  0.0, Max:  0.0, Diff:  0.0, Sum:  0.0, Workers: 6
[3.595s][debug  ][gc,phases      ] GC(11)     Dead                           Min: 0, Avg:  0.0, Max: 0, Diff: 0, Sum: 0, Workers: 6
[3.595s][debug  ][gc,phases      ] GC(11)     Total                          Min: 0, Avg: 892.5, Max: 1216, Diff: 1216, Sum: 5355, Workers: 6
[3.595s][debug  ][gc,phases      ] GC(11)   ResolvedMethodTable Weak       Min:  0.0, Avg:  0.0, Max:  0.0, Diff:  0.0, Sum:  0.0, Workers: 6
[3.595s][debug  ][gc,phases      ] GC(11)     Dead                           Min: 0, Avg:  0.0, Max: 0, Diff: 0, Sum: 0, Workers: 6
[3.595s][debug  ][gc,phases      ] GC(11)     Total                          Min: 0, Avg: 21.5, Max: 64, Diff: 64, Sum: 129, Workers: 6
[3.595s][debug  ][gc,phases      ] GC(11)   JNI Weak                       Min:  0.0, Avg:  0.0, Max:  0.0, Diff:  0.0, Sum:  0.0, Workers: 6
[3.595s][debug  ][gc,phases      ] GC(11)     Dead                           Min: 0, Avg:  0.0, Max: 0, Diff: 0, Sum: 0, Workers: 6
[3.595s][debug  ][gc,phases      ] GC(11)     Total                          Min: 0, Avg:  0.0, Max: 0, Diff: 0, Sum: 0, Workers: 6
[3.595s][debug  ][gc,phases      ] GC(11)   StringDedup Table Weak         Min:  0.0, Avg:  0.0, Max:  0.0, Diff:  0.0, Sum:  0.0, Workers: 6
[3.595s][debug  ][gc,phases      ] GC(11)     Dead                           Min: 0, Avg:  0.0, Max: 0, Diff: 0, Sum: 0, Workers: 6
[3.595s][debug  ][gc,phases      ] GC(11)     Total                          Min: 0, Avg:  0.0, Max: 0, Diff: 0, Sum: 0, Workers: 6
[3.595s][debug  ][gc,phases      ] GC(11)   StringDedup Requests0 Weak     Min:  0.0, Avg:  0.0, Max:  0.0, Diff:  0.0, Sum:  0.0, Workers: 6
[3.595s][debug  ][gc,phases      ] GC(11)     Dead                           Min: 0, Avg:  0.0, Max: 0, Diff: 0, Sum: 0, Workers: 6
[3.595s][debug  ][gc,phases      ] GC(11)     Total                          Min: 0, Avg:  0.0, Max: 0, Diff: 0, Sum: 0, Workers: 6
[3.595s][debug  ][gc,phases      ] GC(11)   StringDedup Requests1 Weak     Min:  0.0, Avg:  0.0, Max:  0.0, Diff:  0.0, Sum:  0.0, Workers: 6
[3.595s][debug  ][gc,phases      ] GC(11)     Dead                           Min: 0, Avg:  0.0, Max: 0, Diff: 0, Sum: 0, Workers: 6
[3.595s][debug  ][gc,phases      ] GC(11)     Total                          Min: 0, Avg:  0.0, Max: 0, Diff: 0, Sum: 0, Workers: 6
[3.595s][debug  ][gc,phases      ] GC(11)   Weak JFR Old Object Samples    Min:  0.0, Avg:  0.0, Max:  0.0, Diff:  0.0, Sum:  0.0, Workers: 6
[3.595s][debug  ][gc,phases      ] GC(11)     Dead                           Min: 0, Avg:  0.0, Max: 0, Diff: 0, Sum: 0, Workers: 6
[3.595s][debug  ][gc,phases      ] GC(11)     Total                          Min: 0, Avg:  0.0, Max: 0, Diff: 0, Sum: 0, Workers: 6
[3.595s][debug  ][gc,phases      ] GC(11) Weak Processing 0.705ms
[3.595s][debug  ][gc,ergo        ] GC(11) AdaptiveSizeStart:  collection: 12 
[3.595s][debug  ][gc,ergo        ] GC(11) avg_survived_padded_avg: 33727624.000000
[3.595s][debug  ][gc,ergo        ] GC(11) avg_promoted_padded_avg: 241700176.000000  avg_pretenured_padded_avg: 0.000000  tenuring_thresh: 1  target_size: 34078720
[3.595s][debug  ][gc,age         ] GC(11) Desired survivor size 34078720 bytes, new threshold 1 (max threshold 15)
[3.595s][debug  ][gc,ergo        ] GC(11) PSAdaptiveSizePolicy::compute_eden_space_size limits: desired_eden_size: 278598638 old_eden_size: 200278016 eden_limit: 200278016 cur_eden: 200278016 max_eden_size: 200278016 avg_young_live: 29398716
[3.595s][debug  ][gc,ergo        ] GC(11) PSAdaptiveSizePolicy::compute_eden_space_size: costs minor_time: 0.057569 major_cost: 0.031067 mutator_cost: 0.911364 throughput_goal: 0.990000
[3.595s][debug  ][gc,ergo        ] GC(11) Live_space: 1127884800 free_space: 466616320
[3.595s][debug  ][gc,ergo        ] GC(11) Old eden_size: 200278016 desired_eden_size: 200278016
[3.595s][debug  ][gc,ergo        ] GC(11) AdaptiveSizeStop: collection: 12 
[3.595s][info   ][gc,heap        ] GC(11) PSYoungGen: 188144K(228864K)->30720K(228864K) Eden: 188144K(195584K)->0K(195584K) From: 0K(33280K)->30720K(33280K)
[3.595s][info   ][gc,heap        ] GC(11) ParOldGen: 810596K(1312256K)->964196K(1312256K)
[3.595s][info   ][gc,metaspace   ] GC(11) Metaspace: 1021K(1216K)->1021K(1216K) NonClass: 937K(1024K)->937K(1024K) Class: 83K(192K)->83K(192K)
[3.595s][info   ][gc             ] GC(11) Pause Young (Allocation Failure) 975M->971M(1505M) 14.804ms
[3.595s][info   ][gc,cpu         ] GC(11) User=0.12s Sys=0.00s Real=0.02s
[3.595s][debug  ][gc,heap        ] GC(11) Heap after GC invocations=12 (full 1):
[3.596s][debug  ][gc,heap        ] GC(11)  PSYoungGen      total 228864K, used 30720K [0x00000000f0000000, 0x0000000100000000, 0x0000000100000000)
[3.596s][debug  ][gc,heap        ] GC(11)   eden space 195584K, 0% used [0x00000000f0000000,0x00000000f0000000,0x00000000fbf00000)
[3.596s][debug  ][gc,heap        ] GC(11)   from space 33280K, 92% used [0x00000000fdf80000,0x00000000ffd80030,0x0000000100000000)
[3.596s][debug  ][gc,heap        ] GC(11)   to   space 33280K, 0% used [0x00000000fbf00000,0x00000000fbf00000,0x00000000fdf80000)
[3.596s][debug  ][gc,heap        ] GC(11)  ParOldGen       total 1312256K, used 964196K [0x0000000080000000, 0x00000000d0180000, 0x00000000f0000000)
[3.596s][debug  ][gc,heap        ] GC(11)   object space 1312256K, 73% used [0x0000000080000000,0x00000000bad991e8,0x00000000d0180000)
[3.596s][debug  ][gc,heap        ] GC(11)  Metaspace       used 1021K, committed 1216K, reserved 1056768K
[3.596s][debug  ][gc,heap        ] GC(11)   class space    used 83K, committed 192K, reserved 1048576K
[3.596s][debug  ][gc,task,time   ] GC(11) VM-Thread 35802849 35937624 35956839
[3.882s][debug  ][gc,heap        ] GC(12) Heap before GC invocations=13 (full 1):
[3.883s][debug  ][gc,heap        ] GC(12)  PSYoungGen      total 228864K, used 218792K [0x00000000f0000000, 0x0000000100000000, 0x0000000100000000)
[3.883s][debug  ][gc,heap        ] GC(12)   eden space 195584K, 96% used [0x00000000f0000000,0x00000000fb7aa398,0x00000000fbf00000)
[3.883s][debug  ][gc,heap        ] GC(12)   from space 33280K, 92% used [0x00000000fdf80000,0x00000000ffd80030,0x0000000100000000)
[3.883s][debug  ][gc,heap        ] GC(12)   to   space 33280K, 0% used [0x00000000fbf00000,0x00000000fbf00000,0x00000000fdf80000)
[3.883s][debug  ][gc,heap        ] GC(12)  ParOldGen       total 1312256K, used 964196K [0x0000000080000000, 0x00000000d0180000, 0x00000000f0000000)
[3.883s][debug  ][gc,heap        ] GC(12)   object space 1312256K, 73% used [0x0000000080000000,0x00000000bad991e8,0x00000000d0180000)
[3.883s][debug  ][gc,heap        ] GC(12)  Metaspace       used 1021K, committed 1216K, reserved 1056768K
[3.883s][debug  ][gc,heap        ] GC(12)   class space    used 83K, committed 192K, reserved 1048576K
[3.883s][debug  ][gc,tlab        ] GC(12) TLAB totals: thrds: 1  refills: 1 max: 1 slow allocs: 17 max 17 waste: 26.8% gc: 3841512B max: 3841512B slow: 0B max: 0B
[3.883s][info   ][gc,start       ] GC(12) Pause Young (Allocation Failure)
[3.883s][debug  ][gc,phases,start] GC(12) Scavenge
[3.894s][debug  ][gc,phases      ] GC(12) Scavenge 11.109ms
[3.894s][debug  ][gc,phases,start] GC(12) Reference Processing
[3.894s][debug  ][gc,ref         ] GC(12) Skipped phase 1 of Reference Processing: no references
[3.894s][debug  ][gc,ref         ] GC(12) Skipped phase 2 of Reference Processing: no references
[3.894s][debug  ][gc,ref         ] GC(12) Skipped phase 3 of Reference Processing: no references
[3.894s][debug  ][gc,ref         ] GC(12) Skipped phase 4 of Reference Processing: no references
[3.894s][debug  ][gc,phases,ref  ] GC(12) Reference Processing: 0.1ms
[3.894s][debug  ][gc,phases,ref  ] GC(12)   Reconsider SoftReferences: 0.0ms
[3.894s][debug  ][gc,phases,ref  ] GC(12)     SoftRef (ms):                  skipped
[3.894s][debug  ][gc,phases,ref  ] GC(12)   Notify Soft/WeakReferences: 0.0ms
[3.894s][debug  ][gc,phases,ref  ] GC(12)     SoftRef (ms):                  skipped
[3.894s][debug  ][gc,phases,ref  ] GC(12)     WeakRef (ms):                  skipped
[3.894s][debug  ][gc,phases,ref  ] GC(12)     FinalRef (ms):                 skipped
[3.894s][debug  ][gc,phases,ref  ] GC(12)     Total (ms):                    skipped
[3.894s][debug  ][gc,phases,ref  ] GC(12)   Notify and keep alive finalizable: 0.0ms
[3.894s][debug  ][gc,phases,ref  ] GC(12)     FinalRef (ms):                 skipped
[3.894s][debug  ][gc,phases,ref  ] GC(12)   Notify PhantomReferences: 0.0ms
[3.894s][debug  ][gc,phases,ref  ] GC(12)     PhantomRef (ms):               skipped
[3.894s][debug  ][gc,phases,ref  ] GC(12)   SoftReference:
[3.895s][debug  ][gc,phases,ref  ] GC(12)     Discovered: 0
[3.895s][debug  ][gc,phases,ref  ] GC(12)     Cleared: 0
[3.895s][debug  ][gc,phases,ref  ] GC(12)   WeakReference:
[3.895s][debug  ][gc,phases,ref  ] GC(12)     Discovered: 0
[3.895s][debug  ][gc,phases,ref  ] GC(12)     Cleared: 0
[3.895s][debug  ][gc,phases,ref  ] GC(12)   FinalReference:
[3.895s][debug  ][gc,phases,ref  ] GC(12)     Discovered: 0
[3.895s][debug  ][gc,phases,ref  ] GC(12)     Cleared: 0
[3.895s][debug  ][gc,phases,ref  ] GC(12)   PhantomReference:
[3.895s][debug  ][gc,phases,ref  ] GC(12)     Discovered: 0
[3.895s][debug  ][gc,phases,ref  ] GC(12)     Cleared: 0
[3.895s][debug  ][gc,phases      ] GC(12) Reference Processing 0.691ms
[3.895s][debug  ][gc,phases,start] GC(12) Weak Processing
[3.895s][debug  ][gc,phases      ] GC(12)   VM Weak                        Min:  0.0, Avg:  0.0, Max:  0.0, Diff:  0.0, Sum:  0.0, Workers: 6
[3.895s][debug  ][gc,phases      ] GC(12)     Dead                           Min: 0, Avg:  0.0, Max: 0, Diff: 0, Sum: 0, Workers: 6
[3.895s][debug  ][gc,phases      ] GC(12)     Total                          Min: 0, Avg:  1.3, Max: 8, Diff: 8, Sum: 8, Workers: 6
[3.895s][debug  ][gc,phases      ] GC(12)   ObjectSynchronizer Weak        Min:  0.0, Avg:  0.0, Max:  0.0, Diff:  0.0, Sum:  0.0, Workers: 6
[3.895s][debug  ][gc,phases      ] GC(12)     Dead                           Min: 0, Avg:  0.0, Max: 0, Diff: 0, Sum: 0, Workers: 6
[3.895s][debug  ][gc,phases      ] GC(12)     Total                          Min: 0, Avg:  0.5, Max: 3, Diff: 3, Sum: 3, Workers: 6
[3.895s][debug  ][gc,phases      ] GC(12)   JVMTI Tag Weak OopStorage      Min:  0.0, Avg:  0.0, Max:  0.0, Diff:  0.0, Sum:  0.0, Workers: 6
[3.895s][debug  ][gc,phases      ] GC(12)     Dead                           Min: 0, Avg:  0.0, Max: 0, Diff: 0, Sum: 0, Workers: 6
[3.895s][debug  ][gc,phases      ] GC(12)     Total                          Min: 0, Avg:  0.0, Max: 0, Diff: 0, Sum: 0, Workers: 6
[3.895s][debug  ][gc,phases      ] GC(12)   StringTable Weak               Min:  0.0, Avg:  0.0, Max:  0.0, Diff:  0.0, Sum:  0.0, Workers: 6
[3.895s][debug  ][gc,phases      ] GC(12)     Dead                           Min: 0, Avg:  0.0, Max: 0, Diff: 0, Sum: 0, Workers: 6
[3.895s][debug  ][gc,phases      ] GC(12)     Total                          Min: 748, Avg: 892.5, Max: 1088, Diff: 340, Sum: 5355, Workers: 6
[3.895s][debug  ][gc,phases      ] GC(12)   ResolvedMethodTable Weak       Min:  0.0, Avg:  0.0, Max:  0.0, Diff:  0.0, Sum:  0.0, Workers: 6
[3.895s][debug  ][gc,phases      ] GC(12)     Dead                           Min: 0, Avg:  0.0, Max: 0, Diff: 0, Sum: 0, Workers: 6
[3.895s][debug  ][gc,phases      ] GC(12)     Total                          Min: 0, Avg: 21.5, Max: 64, Diff: 64, Sum: 129, Workers: 6
[3.895s][debug  ][gc,phases      ] GC(12)   JNI Weak                       Min:  0.0, Avg:  0.0, Max:  0.0, Diff:  0.0, Sum:  0.0, Workers: 6
[3.895s][debug  ][gc,phases      ] GC(12)     Dead                           Min: 0, Avg:  0.0, Max: 0, Diff: 0, Sum: 0, Workers: 6
[3.895s][debug  ][gc,phases      ] GC(12)     Total                          Min: 0, Avg:  0.0, Max: 0, Diff: 0, Sum: 0, Workers: 6
[3.895s][debug  ][gc,phases      ] GC(12)   StringDedup Table Weak         Min:  0.0, Avg:  0.0, Max:  0.0, Diff:  0.0, Sum:  0.0, Workers: 6
[3.895s][debug  ][gc,phases      ] GC(12)     Dead                           Min: 0, Avg:  0.0, Max: 0, Diff: 0, Sum: 0, Workers: 6
[3.895s][debug  ][gc,phases      ] GC(12)     Total                          Min: 0, Avg:  0.0, Max: 0, Diff: 0, Sum: 0, Workers: 6
[3.895s][debug  ][gc,phases      ] GC(12)   StringDedup Requests0 Weak     Min:  0.0, Avg:  0.0, Max:  0.0, Diff:  0.0, Sum:  0.0, Workers: 6
[3.895s][debug  ][gc,phases      ] GC(12)     Dead                           Min: 0, Avg:  0.0, Max: 0, Diff: 0, Sum: 0, Workers: 6
[3.895s][debug  ][gc,phases      ] GC(12)     Total                          Min: 0, Avg:  0.0, Max: 0, Diff: 0, Sum: 0, Workers: 6
[3.895s][debug  ][gc,phases      ] GC(12)   StringDedup Requests1 Weak     Min:  0.0, Avg:  0.0, Max:  0.0, Diff:  0.0, Sum:  0.0, Workers: 6
[3.895s][debug  ][gc,phases      ] GC(12)     Dead                           Min: 0, Avg:  0.0, Max: 0, Diff: 0, Sum: 0, Workers: 6
[3.896s][debug  ][gc,phases      ] GC(12)     Total                          Min: 0, Avg:  0.0, Max: 0, Diff: 0, Sum: 0, Workers: 6
[3.896s][debug  ][gc,phases      ] GC(12)   Weak JFR Old Object Samples    Min:  0.0, Avg:  0.0, Max:  0.0, Diff:  0.0, Sum:  0.0, Workers: 6
[3.896s][debug  ][gc,phases      ] GC(12)     Dead                           Min: 0, Avg:  0.0, Max: 0, Diff: 0, Sum: 0, Workers: 6
[3.896s][debug  ][gc,phases      ] GC(12)     Total                          Min: 0, Avg:  0.0, Max: 0, Diff: 0, Sum: 0, Workers: 6
[3.896s][debug  ][gc,phases      ] GC(12) Weak Processing 0.815ms
[3.896s][debug  ][gc,ergo        ] GC(12) AdaptiveSizeStart:  collection: 13 
[3.896s][debug  ][gc,ergo        ] GC(12) avg_survived_padded_avg: 33732360.000000
[3.896s][debug  ][gc,ergo        ] GC(12) avg_promoted_padded_avg: 241791520.000000  avg_pretenured_padded_avg: 0.000000  tenuring_thresh: 1  target_size: 34078720
[3.896s][debug  ][gc,age         ] GC(12) Desired survivor size 34078720 bytes, new threshold 1 (max threshold 15)
[3.896s][debug  ][gc,ergo        ] GC(12) PSAdaptiveSizePolicy::compute_eden_space_size limits: desired_eden_size: 276710636 old_eden_size: 200278016 eden_limit: 200278016 cur_eden: 200278016 max_eden_size: 200278016 avg_young_live: 29604576
[3.896s][debug  ][gc,ergo        ] GC(12) PSAdaptiveSizePolicy::compute_eden_space_size: costs minor_time: 0.053779 major_cost: 0.031067 mutator_cost: 0.915154 throughput_goal: 0.990000
[3.896s][debug  ][gc,ergo        ] GC(12) Live_space: 1128090624 free_space: 466616320
[3.896s][debug  ][gc,ergo        ] GC(12) Old eden_size: 200278016 desired_eden_size: 200278016
[3.896s][debug  ][gc,ergo        ] GC(12) AdaptiveSizeStop: collection: 13 
[3.896s][info   ][gc,heap        ] GC(12) PSYoungGen: 218792K(228864K)->30720K(228864K) Eden: 188072K(195584K)->0K(195584K) From: 30720K(33280K)->30720K(33280K)
[3.896s][info   ][gc,heap        ] GC(12) ParOldGen: 964196K(1312256K)->1087076K(1312256K)
[3.896s][info   ][gc,metaspace   ] GC(12) Metaspace: 1021K(1216K)->1021K(1216K) NonClass: 937K(1024K)->937K(1024K) Class: 83K(192K)->83K(192K)
[3.896s][info   ][gc             ] GC(12) Pause Young (Allocation Failure) 1155M->1091M(1505M) 13.108ms
[3.896s][info   ][gc,cpu         ] GC(12) User=0.12s Sys=0.00s Real=0.01s
[3.896s][debug  ][gc,heap        ] GC(12) Heap after GC invocations=13 (full 1):
[3.896s][debug  ][gc,heap        ] GC(12)  PSYoungGen      total 228864K, used 30720K [0x00000000f0000000, 0x0000000100000000, 0x0000000100000000)
[3.896s][debug  ][gc,heap        ] GC(12)   eden space 195584K, 0% used [0x00000000f0000000,0x00000000f0000000,0x00000000fbf00000)
[3.896s][debug  ][gc,heap        ] GC(12)   from space 33280K, 92% used [0x00000000fbf00000,0x00000000fdd00030,0x00000000fdf80000)
[3.896s][debug  ][gc,heap        ] GC(12)   to   space 33280K, 0% used [0x00000000fdf80000,0x00000000fdf80000,0x0000000100000000)
[3.896s][debug  ][gc,heap        ] GC(12)  ParOldGen       total 1312256K, used 1087076K [0x0000000080000000, 0x00000000d0180000, 0x00000000f0000000)
[3.896s][debug  ][gc,heap        ] GC(12)   object space 1312256K, 82% used [0x0000000080000000,0x00000000c25992a8,0x00000000d0180000)
[3.896s][debug  ][gc,heap        ] GC(12)  Metaspace       used 1021K, committed 1216K, reserved 1056768K
[3.896s][debug  ][gc,heap        ] GC(12)   class space    used 83K, committed 192K, reserved 1048576K
[3.896s][debug  ][gc,task,time   ] GC(12) VM-Thread 38824083 38940716 38962229
[3.896s][debug  ][gc,phases,start] GC(13) Pre Compact
[3.896s][debug  ][gc,heap        ] GC(13) Heap before GC invocations=14 (full 2):
[3.896s][debug  ][gc,heap        ] GC(13)  PSYoungGen      total 228864K, used 30720K [0x00000000f0000000, 0x0000000100000000, 0x0000000100000000)
[3.896s][debug  ][gc,heap        ] GC(13)   eden space 195584K, 0% used [0x00000000f0000000,0x00000000f0000000,0x00000000fbf00000)
[3.896s][debug  ][gc,heap        ] GC(13)   from space 33280K, 92% used [0x00000000fbf00000,0x00000000fdd00030,0x00000000fdf80000)
[3.896s][debug  ][gc,heap        ] GC(13)   to   space 33280K, 0% used [0x00000000fdf80000,0x00000000fdf80000,0x0000000100000000)
[3.896s][debug  ][gc,heap        ] GC(13)  ParOldGen       total 1312256K, used 1087076K [0x0000000080000000, 0x00000000d0180000, 0x00000000f0000000)
[3.896s][debug  ][gc,heap        ] GC(13)   object space 1312256K, 82% used [0x0000000080000000,0x00000000c25992a8,0x00000000d0180000)
[3.896s][debug  ][gc,heap        ] GC(13)  Metaspace       used 1021K, committed 1216K, reserved 1056768K
[3.896s][debug  ][gc,heap        ] GC(13)   class space    used 83K, committed 192K, reserved 1048576K
[3.896s][debug  ][gc,phases      ] GC(13) Pre Compact 0.243ms
[3.897s][info   ][gc,start       ] GC(13) Pause Full (Ergonomics)
[3.897s][info   ][gc,phases,start] GC(13) Marking Phase
[3.897s][debug  ][gc,phases,start] GC(13) Par Mark
[3.897s][debug  ][gc,phases      ] GC(13) Par Mark 0.520ms
[3.897s][debug  ][gc,phases,start] GC(13) Reference Processing
[3.897s][debug  ][gc,ref         ] GC(13) Skipped phase 1 of Reference Processing: no references
[3.897s][debug  ][gc,ref         ] GC(13) ReferenceProcessor::execute queues: 1, RefProcThreadModel::Single, marks_oops_alive: false
[3.897s][debug  ][gc,ref         ] GC(13) Skipped phase 3 of Reference Processing: no references
[3.897s][debug  ][gc,ref         ] GC(13) ReferenceProcessor::execute queues: 1, RefProcThreadModel::Single, marks_oops_alive: false
[3.897s][debug  ][gc,phases,ref  ] GC(13) Reference Processing: 0.1ms
[3.897s][debug  ][gc,phases,ref  ] GC(13)   Reconsider SoftReferences: 0.0ms
[3.897s][debug  ][gc,phases,ref  ] GC(13)     SoftRef (ms):                  skipped
[3.897s][debug  ][gc,phases,ref  ] GC(13)   Notify Soft/WeakReferences: 0.0ms
[3.897s][debug  ][gc,phases,ref  ] GC(13)     SoftRef (ms):                  Min:  0.0, Avg:  0.0, Max:  0.0, Diff:  0.0, Sum:  0.0, Workers: 8
[3.897s][debug  ][gc,phases,ref  ] GC(13)     WeakRef (ms):                  Min:  0.0, Avg:  0.0, Max:  0.0, Diff:  0.0, Sum:  0.0, Workers: 8
[3.897s][debug  ][gc,phases,ref  ] GC(13)     FinalRef (ms):                 Min:  0.0, Avg:  0.0, Max:  0.0, Diff:  0.0, Sum:  0.0, Workers: 8
[3.897s][debug  ][gc,phases,ref  ] GC(13)     Total (ms):                    Min:  0.0, Avg:  0.0, Max:  0.0, Diff:  0.0, Sum:  0.0, Workers: 8
[3.897s][debug  ][gc,phases,ref  ] GC(13)   Notify and keep alive finalizable: 0.0ms
[3.897s][debug  ][gc,phases,ref  ] GC(13)     FinalRef (ms):                 skipped
[3.898s][debug  ][gc,phases,ref  ] GC(13)   Notify PhantomReferences: 0.0ms
[3.898s][debug  ][gc,phases,ref  ] GC(13)     PhantomRef (ms):               Min:  0.0, Avg:  0.0, Max:  0.0, Diff:  0.0, Sum:  0.0, Workers: 8
[3.898s][debug  ][gc,phases,ref  ] GC(13)   SoftReference:
[3.898s][debug  ][gc,phases,ref  ] GC(13)     Discovered: 0
[3.898s][debug  ][gc,phases,ref  ] GC(13)     Cleared: 0
[3.898s][debug  ][gc,phases,ref  ] GC(13)   WeakReference:
[3.898s][debug  ][gc,phases,ref  ] GC(13)     Discovered: 90
[3.898s][debug  ][gc,phases,ref  ] GC(13)     Cleared: 90
[3.898s][debug  ][gc,phases,ref  ] GC(13)   FinalReference:
[3.898s][debug  ][gc,phases,ref  ] GC(13)     Discovered: 0
[3.898s][debug  ][gc,phases,ref  ] GC(13)     Cleared: 0
[3.898s][debug  ][gc,phases,ref  ] GC(13)   PhantomReference:
[3.898s][debug  ][gc,phases,ref  ] GC(13)     Discovered: 3
[3.898s][debug  ][gc,phases,ref  ] GC(13)     Cleared: 3
[3.898s][debug  ][gc,phases      ] GC(13) Reference Processing 0.696ms
[3.898s][debug  ][gc,phases,start] GC(13) Weak Processing
[3.898s][debug  ][gc,phases      ] GC(13)   VM Weak                        Min:  0.0, Avg:  0.0, Max:  0.0, Diff:  0.0, Sum:  0.0, Workers: 6
[3.898s][debug  ][gc,phases      ] GC(13)     Dead                           Min: 0, Avg:  0.0, Max: 0, Diff: 0, Sum: 0, Workers: 6
[3.898s][debug  ][gc,phases      ] GC(13)     Total                          Min: 0, Avg:  1.3, Max: 8, Diff: 8, Sum: 8, Workers: 6
[3.898s][debug  ][gc,phases      ] GC(13)   ObjectSynchronizer Weak        Min:  0.0, Avg:  0.0, Max:  0.0, Diff:  0.0, Sum:  0.0, Workers: 6
[3.898s][debug  ][gc,phases      ] GC(13)     Dead                           Min: 0, Avg:  0.0, Max: 0, Diff: 0, Sum: 0, Workers: 6
[3.898s][debug  ][gc,phases      ] GC(13)     Total                          Min: 0, Avg:  0.5, Max: 3, Diff: 3, Sum: 3, Workers: 6
[3.898s][debug  ][gc,phases      ] GC(13)   JVMTI Tag Weak OopStorage      Min:  0.0, Avg:  0.0, Max:  0.0, Diff:  0.0, Sum:  0.0, Workers: 6
[3.898s][debug  ][gc,phases      ] GC(13)     Dead                           Min: 0, Avg:  0.0, Max: 0, Diff: 0, Sum: 0, Workers: 6
[3.898s][debug  ][gc,phases      ] GC(13)     Total                          Min: 0, Avg:  0.0, Max: 0, Diff: 0, Sum: 0, Workers: 6
[3.898s][debug  ][gc,phases      ] GC(13)   StringTable Weak               Min:  0.0, Avg:  0.0, Max:  0.0, Diff:  0.0, Sum:  0.0, Workers: 6
[3.898s][debug  ][gc,phases      ] GC(13)     Dead                           Min: 0, Avg:  0.0, Max: 0, Diff: 0, Sum: 0, Workers: 6
[3.898s][debug  ][gc,phases      ] GC(13)     Total                          Min: 576, Avg: 892.5, Max: 1152, Diff: 576, Sum: 5355, Workers: 6
[3.898s][debug  ][gc,phases      ] GC(13)   ResolvedMethodTable Weak       Min:  0.0, Avg:  0.0, Max:  0.0, Diff:  0.0, Sum:  0.0, Workers: 6
[3.898s][debug  ][gc,phases      ] GC(13)     Dead                           Min: 0, Avg:  0.0, Max: 0, Diff: 0, Sum: 0, Workers: 6
[3.898s][debug  ][gc,phases      ] GC(13)     Total                          Min: 0, Avg: 21.5, Max: 65, Diff: 65, Sum: 129, Workers: 6
[3.898s][debug  ][gc,phases      ] GC(13)   JNI Weak                       Min:  0.0, Avg:  0.0, Max:  0.0, Diff:  0.0, Sum:  0.0, Workers: 6
[3.898s][debug  ][gc,phases      ] GC(13)     Dead                           Min: 0, Avg:  0.0, Max: 0, Diff: 0, Sum: 0, Workers: 6
[3.898s][debug  ][gc,phases      ] GC(13)     Total                          Min: 0, Avg:  0.0, Max: 0, Diff: 0, Sum: 0, Workers: 6
[3.898s][debug  ][gc,phases      ] GC(13)   StringDedup Table Weak         Min:  0.0, Avg:  0.0, Max:  0.0, Diff:  0.0, Sum:  0.0, Workers: 6
[3.898s][debug  ][gc,phases      ] GC(13)     Dead                           Min: 0, Avg:  0.0, Max: 0, Diff: 0, Sum: 0, Workers: 6
[3.898s][debug  ][gc,phases      ] GC(13)     Total                          Min: 0, Avg:  0.0, Max: 0, Diff: 0, Sum: 0, Workers: 6
[3.898s][debug  ][gc,phases      ] GC(13)   StringDedup Requests0 Weak     Min:  0.0, Avg:  0.0, Max:  0.0, Diff:  0.0, Sum:  0.0, Workers: 6
[3.898s][debug  ][gc,phases      ] GC(13)     Dead                           Min: 0, Avg:  0.0, Max: 0, Diff: 0, Sum: 0, Workers: 6
[3.898s][debug  ][gc,phases      ] GC(13)     Total                          Min: 0, Avg:  0.0, Max: 0, Diff: 0, Sum: 0, Workers: 6
[3.898s][debug  ][gc,phases      ] GC(13)   StringDedup Requests1 Weak     Min:  0.0, Avg:  0.0, Max:  0.0, Diff:  0.0, Sum:  0.0, Workers: 6
[3.899s][debug  ][gc,phases      ] GC(13)     Dead                           Min: 0, Avg:  0.0, Max: 0, Diff: 0, Sum: 0, Workers: 6
[3.899s][debug  ][gc,phases      ] GC(13)     Total                          Min: 0, Avg:  0.0, Max: 0, Diff: 0, Sum: 0, Workers: 6
[3.899s][debug  ][gc,phases      ] GC(13)   Weak JFR Old Object Samples    Min:  0.0, Avg:  0.0, Max:  0.0, Diff:  0.0, Sum:  0.0, Workers: 6
[3.899s][debug  ][gc,phases      ] GC(13)     Dead                           Min: 0, Avg:  0.0, Max: 0, Diff: 0, Sum: 0, Workers: 6
[3.899s][debug  ][gc,phases      ] GC(13)     Total                          Min: 0, Avg:  0.0, Max: 0, Diff: 0, Sum: 0, Workers: 6
[3.899s][debug  ][gc,phases      ] GC(13) Weak Processing 0.779ms
[3.899s][debug  ][gc,phases,start] GC(13) Class Unloading
[3.899s][debug  ][gc,phases,start] GC(13) ClassLoaderData
[3.899s][debug  ][gc,phases      ] GC(13) ClassLoaderData 0.022ms
[3.899s][debug  ][gc,phases,start] GC(13) Trigger cleanups
[3.899s][debug  ][gc,phases      ] GC(13) Trigger cleanups 0.021ms
[3.899s][debug  ][gc,phases      ] GC(13) Class Unloading 0.277ms
[3.899s][info   ][gc,phases      ] GC(13) Marking Phase 2.399ms
[3.899s][info   ][gc,phases,start] GC(13) Summary Phase
[3.899s][info   ][gc,phases      ] GC(13) Summary Phase 0.030ms
[3.899s][info   ][gc,phases,start] GC(13) Adjust Roots
[3.899s][info   ][gc,phases      ] GC(13) Adjust Roots 0.369ms
[3.899s][info   ][gc,phases,start] GC(13) Compaction Phase
[3.916s][info   ][gc,phases      ] GC(13) Compaction Phase 16.325ms
[3.916s][info   ][gc,phases,start] GC(13) Post Compact
[3.919s][info   ][gc,phases      ] GC(13) Post Compact 3.517ms
[3.919s][debug  ][gc,ergo        ] GC(13) AdaptiveSizeStart: collection: 14 
[3.920s][debug  ][gc,ergo        ] GC(13) PSAdaptiveSizePolicy::compute_eden_space_size limits: desired_eden_size: 274627936 old_eden_size: 200278016 eden_limit: 200278016 cur_eden: 200278016 max_eden_size: 200278016 avg_young_live: 26644120
[3.920s][debug  ][gc,ergo        ] GC(13) PSAdaptiveSizePolicy::compute_eden_space_size: costs minor_time: 0.053779 major_cost: 0.033444 mutator_cost: 0.912777 throughput_goal: 0.990000
[3.920s][debug  ][gc,ergo        ] GC(13) Live_space: 1125130112 free_space: 466616320
[3.920s][debug  ][gc,ergo        ] GC(13) Old eden_size: 200278016 desired_eden_size: 200278016
[3.920s][debug  ][gc,ergo        ] GC(13) PSAdaptiveSizePolicy::compute_old_gen_free_space: costs minor_time: 0.053779 major_cost: 0.033444  mutator_cost: 0.912777 throughput_goal: 0.990000
[3.920s][debug  ][gc,ergo        ] GC(13) Live_space: 789585280 free_space: 466616320
[3.920s][debug  ][gc,ergo        ] GC(13) Old promo_size: 266338304 desired_promo_size: 368574464
[3.946s][debug  ][gc             ] GC(13) Shrinking ParOldGen from 1312256K by 560640K to 751616K
[3.946s][debug  ][gc,ergo        ] GC(13) AdaptiveSizeStop: collection: 14 
[3.946s][info   ][gc,heap        ] GC(13) PSYoungGen: 30720K(228864K)->0K(228864K) Eden: 0K(195584K)->0K(195584K) From: 30720K(33280K)->0K(33280K)
[3.946s][info   ][gc,heap        ] GC(13) ParOldGen: 1087076K(1312256K)->155235K(751616K)
[3.946s][info   ][gc,metaspace   ] GC(13) Metaspace: 1021K(1216K)->1021K(1216K) NonClass: 937K(1024K)->937K(1024K) Class: 83K(192K)->83K(192K)
[3.946s][info   ][gc             ] GC(13) Pause Full (Ergonomics) 1091M->151M(957M) 49.850ms
[3.946s][info   ][gc,cpu         ] GC(13) User=0.23s Sys=0.02s Real=0.05s
[3.946s][debug  ][gc,heap        ] GC(13) Heap after GC invocations=14 (full 2):
[3.946s][debug  ][gc,heap        ] GC(13)  PSYoungGen      total 228864K, used 0K [0x00000000f0000000, 0x0000000100000000, 0x0000000100000000)
[3.946s][debug  ][gc,heap        ] GC(13)   eden space 195584K, 0% used [0x00000000f0000000,0x00000000f0000000,0x00000000fbf00000)
[3.946s][debug  ][gc,heap        ] GC(13)   from space 33280K, 0% used [0x00000000fdf80000,0x00000000fdf80000,0x0000000100000000)
[3.947s][debug  ][gc,heap        ] GC(13)   to   space 33280K, 0% used [0x00000000fbf00000,0x00000000fbf00000,0x00000000fdf80000)
[3.947s][debug  ][gc,heap        ] GC(13)  ParOldGen       total 751616K, used 155235K [0x0000000080000000, 0x00000000ade00000, 0x00000000f0000000)
[3.947s][debug  ][gc,heap        ] GC(13)   object space 751616K, 20% used [0x0000000080000000,0x0000000089798cf8,0x00000000ade00000)
[3.947s][debug  ][gc,heap        ] GC(13)  Metaspace       used 1021K, committed 1216K, reserved 1056768K
[3.947s][debug  ][gc,heap        ] GC(13)   class space    used 83K, committed 192K, reserved 1048576K
[3.947s][debug  ][gc,task,time   ] GC(13) VM-Thread 38965469 38994512 39464238
[4.230s][debug  ][gc,heap        ] GC(14) Heap before GC invocations=15 (full 2):
[4.230s][debug  ][gc,heap        ] GC(14)  PSYoungGen      total 228864K, used 188101K [0x00000000f0000000, 0x0000000100000000, 0x0000000100000000)
[4.230s][debug  ][gc,heap        ] GC(14)   eden space 195584K, 96% used [0x00000000f0000000,0x00000000fb7b1500,0x00000000fbf00000)
[4.230s][debug  ][gc,heap        ] GC(14)   from space 33280K, 0% used [0x00000000fdf80000,0x00000000fdf80000,0x0000000100000000)
[4.230s][debug  ][gc,heap        ] GC(14)   to   space 33280K, 0% used [0x00000000fbf00000,0x00000000fbf00000,0x00000000fdf80000)
[4.230s][debug  ][gc,heap        ] GC(14)  ParOldGen       total 751616K, used 155235K [0x0000000080000000, 0x00000000ade00000, 0x00000000f0000000)
[4.230s][debug  ][gc,heap        ] GC(14)   object space 751616K, 20% used [0x0000000080000000,0x0000000089798cf8,0x00000000ade00000)
[4.230s][debug  ][gc,heap        ] GC(14)  Metaspace       used 1021K, committed 1216K, reserved 1056768K
[4.230s][debug  ][gc,heap        ] GC(14)   class space    used 83K, committed 192K, reserved 1048576K
[4.230s][debug  ][gc,tlab        ] GC(14) TLAB totals: thrds: 1  refills: 1 max: 1 slow allocs: 17 max 17 waste: 27.0% gc: 3871712B max: 3871712B slow: 0B max: 0B
[4.230s][info   ][gc,start       ] GC(14) Pause Young (Allocation Failure)
[4.230s][debug  ][gc,phases,start] GC(14) Scavenge
[4.243s][debug  ][gc,phases      ] GC(14) Scavenge 12.656ms
[4.243s][debug  ][gc,phases,start] GC(14) Reference Processing
[4.243s][debug  ][gc,ref         ] GC(14) Skipped phase 1 of Reference Processing: no references
[4.243s][debug  ][gc,ref         ] GC(14) Skipped phase 2 of Reference Processing: no references
[4.243s][debug  ][gc,ref         ] GC(14) Skipped phase 3 of Reference Processing: no references
[4.243s][debug  ][gc,ref         ] GC(14) Skipped phase 4 of Reference Processing: no references
[4.243s][debug  ][gc,phases,ref  ] GC(14) Reference Processing: 0.1ms
[4.243s][debug  ][gc,phases,ref  ] GC(14)   Reconsider SoftReferences: 0.0ms
[4.243s][debug  ][gc,phases,ref  ] GC(14)     SoftRef (ms):                  skipped
[4.243s][debug  ][gc,phases,ref  ] GC(14)   Notify Soft/WeakReferences: 0.0ms
[4.243s][debug  ][gc,phases,ref  ] GC(14)     SoftRef (ms):                  skipped
[4.243s][debug  ][gc,phases,ref  ] GC(14)     WeakRef (ms):                  skipped
[4.243s][debug  ][gc,phases,ref  ] GC(14)     FinalRef (ms):                 skipped
[4.243s][debug  ][gc,phases,ref  ] GC(14)     Total (ms):                    skipped
[4.243s][debug  ][gc,phases,ref  ] GC(14)   Notify and keep alive finalizable: 0.0ms
[4.243s][debug  ][gc,phases,ref  ] GC(14)     FinalRef (ms):                 skipped
[4.243s][debug  ][gc,phases,ref  ] GC(14)   Notify PhantomReferences: 0.0ms
[4.243s][debug  ][gc,phases,ref  ] GC(14)     PhantomRef (ms):               skipped
[4.243s][debug  ][gc,phases,ref  ] GC(14)   SoftReference:
[4.243s][debug  ][gc,phases,ref  ] GC(14)     Discovered: 0
[4.243s][debug  ][gc,phases,ref  ] GC(14)     Cleared: 0
[4.243s][debug  ][gc,phases,ref  ] GC(14)   WeakReference:
[4.243s][debug  ][gc,phases,ref  ] GC(14)     Discovered: 0
[4.244s][debug  ][gc,phases,ref  ] GC(14)     Cleared: 0
[4.244s][debug  ][gc,phases,ref  ] GC(14)   FinalReference:
[4.244s][debug  ][gc,phases,ref  ] GC(14)     Discovered: 0
[4.244s][debug  ][gc,phases,ref  ] GC(14)     Cleared: 0
[4.244s][debug  ][gc,phases,ref  ] GC(14)   PhantomReference:
[4.244s][debug  ][gc,phases,ref  ] GC(14)     Discovered: 0
[4.244s][debug  ][gc,phases,ref  ] GC(14)     Cleared: 0
[4.244s][debug  ][gc,phases      ] GC(14) Reference Processing 0.685ms
[4.244s][debug  ][gc,phases,start] GC(14) Weak Processing
[4.244s][debug  ][gc,phases      ] GC(14)   VM Weak                        Min:  0.0, Avg:  0.0, Max:  0.0, Diff:  0.0, Sum:  0.0, Workers: 6
[4.244s][debug  ][gc,phases      ] GC(14)     Dead                           Min: 0, Avg:  0.0, Max: 0, Diff: 0, Sum: 0, Workers: 6
[4.244s][debug  ][gc,phases      ] GC(14)     Total                          Min: 0, Avg:  1.3, Max: 8, Diff: 8, Sum: 8, Workers: 6
[4.244s][debug  ][gc,phases      ] GC(14)   ObjectSynchronizer Weak        Min:  0.0, Avg:  0.0, Max:  0.0, Diff:  0.0, Sum:  0.0, Workers: 6
[4.244s][debug  ][gc,phases      ] GC(14)     Dead                           Min: 0, Avg:  0.0, Max: 0, Diff: 0, Sum: 0, Workers: 6
[4.244s][debug  ][gc,phases      ] GC(14)     Total                          Min: 0, Avg:  0.5, Max: 3, Diff: 3, Sum: 3, Workers: 6
[4.244s][debug  ][gc,phases      ] GC(14)   JVMTI Tag Weak OopStorage      Min:  0.0, Avg:  0.0, Max:  0.0, Diff:  0.0, Sum:  0.0, Workers: 6
[4.244s][debug  ][gc,phases      ] GC(14)     Dead                           Min: 0, Avg:  0.0, Max: 0, Diff: 0, Sum: 0, Workers: 6
[4.244s][debug  ][gc,phases      ] GC(14)     Total                          Min: 0, Avg:  0.0, Max: 0, Diff: 0, Sum: 0, Workers: 6
[4.244s][debug  ][gc,phases      ] GC(14)   StringTable Weak               Min:  0.0, Avg:  0.0, Max:  0.0, Diff:  0.0, Sum:  0.0, Workers: 6
[4.244s][debug  ][gc,phases      ] GC(14)     Dead                           Min: 0, Avg:  0.0, Max: 0, Diff: 0, Sum: 0, Workers: 6
[4.244s][debug  ][gc,phases      ] GC(14)     Total                          Min: 640, Avg: 892.5, Max: 1024, Diff: 384, Sum: 5355, Workers: 6
[4.244s][debug  ][gc,phases      ] GC(14)   ResolvedMethodTable Weak       Min:  0.0, Avg:  0.0, Max:  0.0, Diff:  0.0, Sum:  0.0, Workers: 6
[4.244s][debug  ][gc,phases      ] GC(14)     Dead                           Min: 0, Avg:  0.0, Max: 0, Diff: 0, Sum: 0, Workers: 6
[4.244s][debug  ][gc,phases      ] GC(14)     Total                          Min: 0, Avg: 21.5, Max: 64, Diff: 64, Sum: 129, Workers: 6
[4.244s][debug  ][gc,phases      ] GC(14)   JNI Weak                       Min:  0.0, Avg:  0.0, Max:  0.0, Diff:  0.0, Sum:  0.0, Workers: 6
[4.244s][debug  ][gc,phases      ] GC(14)     Dead                           Min: 0, Avg:  0.0, Max: 0, Diff: 0, Sum: 0, Workers: 6
[4.244s][debug  ][gc,phases      ] GC(14)     Total                          Min: 0, Avg:  0.0, Max: 0, Diff: 0, Sum: 0, Workers: 6
[4.244s][debug  ][gc,phases      ] GC(14)   StringDedup Table Weak         Min:  0.0, Avg:  0.0, Max:  0.0, Diff:  0.0, Sum:  0.0, Workers: 6
[4.244s][debug  ][gc,phases      ] GC(14)     Dead                           Min: 0, Avg:  0.0, Max: 0, Diff: 0, Sum: 0, Workers: 6
[4.244s][debug  ][gc,phases      ] GC(14)     Total                          Min: 0, Avg:  0.0, Max: 0, Diff: 0, Sum: 0, Workers: 6
[4.244s][debug  ][gc,phases      ] GC(14)   StringDedup Requests0 Weak     Min:  0.0, Avg:  0.0, Max:  0.0, Diff:  0.0, Sum:  0.0, Workers: 6
[4.244s][debug  ][gc,phases      ] GC(14)     Dead                           Min: 0, Avg:  0.0, Max: 0, Diff: 0, Sum: 0, Workers: 6
[4.244s][debug  ][gc,phases      ] GC(14)     Total                          Min: 0, Avg:  0.0, Max: 0, Diff: 0, Sum: 0, Workers: 6
[4.244s][debug  ][gc,phases      ] GC(14)   StringDedup Requests1 Weak     Min:  0.0, Avg:  0.0, Max:  0.0, Diff:  0.0, Sum:  0.0, Workers: 6
[4.244s][debug  ][gc,phases      ] GC(14)     Dead                           Min: 0, Avg:  0.0, Max: 0, Diff: 0, Sum: 0, Workers: 6
[4.244s][debug  ][gc,phases      ] GC(14)     Total                          Min: 0, Avg:  0.0, Max: 0, Diff: 0, Sum: 0, Workers: 6
[4.244s][debug  ][gc,phases      ] GC(14)   Weak JFR Old Object Samples    Min:  0.0, Avg:  0.0, Max:  0.0, Diff:  0.0, Sum:  0.0, Workers: 6
[4.244s][debug  ][gc,phases      ] GC(14)     Dead                           Min: 0, Avg:  0.0, Max: 0, Diff: 0, Sum: 0, Workers: 6
[4.244s][debug  ][gc,phases      ] GC(14)     Total                          Min: 0, Avg:  0.0, Max: 0, Diff: 0, Sum: 0, Workers: 6
[4.244s][debug  ][gc,phases      ] GC(14) Weak Processing 0.789ms
[4.244s][debug  ][gc,ergo        ] GC(14) AdaptiveSizeStart:  collection: 15 
[4.245s][debug  ][gc,ergo        ] GC(14) avg_survived_padded_avg: 33713444.000000
[4.245s][debug  ][gc,ergo        ] GC(14) avg_promoted_padded_avg: 235358128.000000  avg_pretenured_padded_avg: 0.000000  tenuring_thresh: 1  target_size: 34078720
[4.245s][debug  ][gc,age         ] GC(14) Desired survivor size 34078720 bytes, new threshold 1 (max threshold 15)
[4.245s][debug  ][gc,ergo        ] GC(14) PSAdaptiveSizePolicy::compute_eden_space_size limits: desired_eden_size: 272852603 old_eden_size: 200278016 eden_limit: 200278016 cur_eden: 200278016 max_eden_size: 200278016 avg_young_live: 27125438
[4.245s][debug  ][gc,ergo        ] GC(14) PSAdaptiveSizePolicy::compute_eden_space_size: costs minor_time: 0.050554 major_cost: 0.033444 mutator_cost: 0.916002 throughput_goal: 0.990000
[4.245s][debug  ][gc,ergo        ] GC(14) Live_space: 790066624 free_space: 568852480
[4.245s][debug  ][gc,ergo        ] GC(14) Old eden_size: 200278016 desired_eden_size: 200278016
[4.245s][debug  ][gc,ergo        ] GC(14) AdaptiveSizeStop: collection: 15 
[4.245s][info   ][gc,heap        ] GC(14) PSYoungGen: 188101K(228864K)->30720K(228864K) Eden: 188101K(195584K)->0K(195584K) From: 0K(33280K)->30720K(33280K)
[4.245s][info   ][gc,heap        ] GC(14) ParOldGen: 155235K(751616K)->308835K(751616K)
[4.245s][info   ][gc,metaspace   ] GC(14) Metaspace: 1021K(1216K)->1021K(1216K) NonClass: 937K(1024K)->937K(1024K) Class: 83K(192K)->83K(192K)
[4.245s][info   ][gc             ] GC(14) Pause Young (Allocation Failure) 335M->331M(957M) 14.631ms
[4.245s][info   ][gc,cpu         ] GC(14) User=0.11s Sys=0.00s Real=0.02s
[4.245s][debug  ][gc,heap        ] GC(14) Heap after GC invocations=15 (full 2):
[4.245s][debug  ][gc,heap        ] GC(14)  PSYoungGen      total 228864K, used 30720K [0x00000000f0000000, 0x0000000100000000, 0x0000000100000000)
[4.245s][debug  ][gc,heap        ] GC(14)   eden space 195584K, 0% used [0x00000000f0000000,0x00000000f0000000,0x00000000fbf00000)
[4.245s][debug  ][gc,heap        ] GC(14)   from space 33280K, 92% used [0x00000000fbf00000,0x00000000fdd00030,0x00000000fdf80000)
[4.245s][debug  ][gc,heap        ] GC(14)   to   space 33280K, 0% used [0x00000000fdf80000,0x00000000fdf80000,0x0000000100000000)
[4.245s][debug  ][gc,heap        ] GC(14)  ParOldGen       total 751616K, used 308835K [0x0000000080000000, 0x00000000ade00000, 0x00000000f0000000)
[4.245s][debug  ][gc,heap        ] GC(14)   object space 751616K, 41% used [0x0000000080000000,0x0000000092d98de8,0x00000000ade00000)
[4.245s][debug  ][gc,heap        ] GC(14)  Metaspace       used 1021K, committed 1216K, reserved 1056768K
[4.245s][debug  ][gc,heap        ] GC(14)   class space    used 83K, committed 192K, reserved 1048576K
[4.245s][debug  ][gc,task,time   ] GC(14) VM-Thread 42297505 42429746 42450946
[4.532s][debug  ][gc,heap        ] GC(15) Heap before GC invocations=16 (full 2):
[4.532s][debug  ][gc,heap        ] GC(15)  PSYoungGen      total 228864K, used 218764K [0x00000000f0000000, 0x0000000100000000, 0x0000000100000000)
[4.532s][debug  ][gc,heap        ] GC(15)   eden space 195584K, 96% used [0x00000000f0000000,0x00000000fb7a33c8,0x00000000fbf00000)
[4.532s][debug  ][gc,heap        ] GC(15)   from space 33280K, 92% used [0x00000000fbf00000,0x00000000fdd00030,0x00000000fdf80000)
[4.532s][debug  ][gc,heap        ] GC(15)   to   space 33280K, 0% used [0x00000000fdf80000,0x00000000fdf80000,0x0000000100000000)
[4.532s][debug  ][gc,heap        ] GC(15)  ParOldGen       total 751616K, used 308835K [0x0000000080000000, 0x00000000ade00000, 0x00000000f0000000)
[4.532s][debug  ][gc,heap        ] GC(15)   object space 751616K, 41% used [0x0000000080000000,0x0000000092d98de8,0x00000000ade00000)
[4.532s][debug  ][gc,heap        ] GC(15)  Metaspace       used 1021K, committed 1216K, reserved 1056768K
[4.532s][debug  ][gc,heap        ] GC(15)   class space    used 83K, committed 192K, reserved 1048576K
[4.532s][debug  ][gc,tlab        ] GC(15) TLAB totals: thrds: 1  refills: 1 max: 1 slow allocs: 17 max 17 waste: 26.7% gc: 3814056B max: 3814056B slow: 0B max: 0B
[4.532s][info   ][gc,start       ] GC(15) Pause Young (Allocation Failure)
[4.532s][debug  ][gc,phases,start] GC(15) Scavenge
[4.547s][debug  ][gc,phases      ] GC(15) Scavenge 14.576ms
[4.547s][debug  ][gc,phases,start] GC(15) Reference Processing
[4.547s][debug  ][gc,ref         ] GC(15) Skipped phase 1 of Reference Processing: no references
[4.547s][debug  ][gc,ref         ] GC(15) Skipped phase 2 of Reference Processing: no references
[4.547s][debug  ][gc,ref         ] GC(15) Skipped phase 3 of Reference Processing: no references
[4.547s][debug  ][gc,ref         ] GC(15) Skipped phase 4 of Reference Processing: no references
[4.547s][debug  ][gc,phases,ref  ] GC(15) Reference Processing: 0.1ms
[4.547s][debug  ][gc,phases,ref  ] GC(15)   Reconsider SoftReferences: 0.0ms
[4.547s][debug  ][gc,phases,ref  ] GC(15)     SoftRef (ms):                  skipped
[4.547s][debug  ][gc,phases,ref  ] GC(15)   Notify Soft/WeakReferences: 0.0ms
[4.547s][debug  ][gc,phases,ref  ] GC(15)     SoftRef (ms):                  skipped
[4.547s][debug  ][gc,phases,ref  ] GC(15)     WeakRef (ms):                  skipped
[4.547s][debug  ][gc,phases,ref  ] GC(15)     FinalRef (ms):                 skipped
[4.547s][debug  ][gc,phases,ref  ] GC(15)     Total (ms):                    skipped
[4.547s][debug  ][gc,phases,ref  ] GC(15)   Notify and keep alive finalizable: 0.0ms
[4.547s][debug  ][gc,phases,ref  ] GC(15)     FinalRef (ms):                 skipped
[4.547s][debug  ][gc,phases,ref  ] GC(15)   Notify PhantomReferences: 0.0ms
[4.547s][debug  ][gc,phases,ref  ] GC(15)     PhantomRef (ms):               skipped
[4.547s][debug  ][gc,phases,ref  ] GC(15)   SoftReference:
[4.547s][debug  ][gc,phases,ref  ] GC(15)     Discovered: 0
[4.547s][debug  ][gc,phases,ref  ] GC(15)     Cleared: 0
[4.547s][debug  ][gc,phases,ref  ] GC(15)   WeakReference:
[4.547s][debug  ][gc,phases,ref  ] GC(15)     Discovered: 0
[4.547s][debug  ][gc,phases,ref  ] GC(15)     Cleared: 0
[4.547s][debug  ][gc,phases,ref  ] GC(15)   FinalReference:
[4.547s][debug  ][gc,phases,ref  ] GC(15)     Discovered: 0
[4.547s][debug  ][gc,phases,ref  ] GC(15)     Cleared: 0
[4.547s][debug  ][gc,phases,ref  ] GC(15)   PhantomReference:
[4.547s][debug  ][gc,phases,ref  ] GC(15)     Discovered: 0
[4.547s][debug  ][gc,phases,ref  ] GC(15)     Cleared: 0
[4.547s][debug  ][gc,phases      ] GC(15) Reference Processing 0.678ms
[4.547s][debug  ][gc,phases,start] GC(15) Weak Processing
[4.548s][debug  ][gc,phases      ] GC(15)   VM Weak                        Min:  0.0, Avg:  0.0, Max:  0.0, Diff:  0.0, Sum:  0.0, Workers: 6
[4.548s][debug  ][gc,phases      ] GC(15)     Dead                           Min: 0, Avg:  0.0, Max: 0, Diff: 0, Sum: 0, Workers: 6
[4.548s][debug  ][gc,phases      ] GC(15)     Total                          Min: 0, Avg:  1.3, Max: 8, Diff: 8, Sum: 8, Workers: 6
[4.548s][debug  ][gc,phases      ] GC(15)   ObjectSynchronizer Weak        Min:  0.0, Avg:  0.0, Max:  0.0, Diff:  0.0, Sum:  0.0, Workers: 6
[4.548s][debug  ][gc,phases      ] GC(15)     Dead                           Min: 0, Avg:  0.0, Max: 0, Diff: 0, Sum: 0, Workers: 6
[4.548s][debug  ][gc,phases      ] GC(15)     Total                          Min: 0, Avg:  0.5, Max: 3, Diff: 3, Sum: 3, Workers: 6
[4.548s][debug  ][gc,phases      ] GC(15)   JVMTI Tag Weak OopStorage      Min:  0.0, Avg:  0.0, Max:  0.0, Diff:  0.0, Sum:  0.0, Workers: 6
[4.548s][debug  ][gc,phases      ] GC(15)     Dead                           Min: 0, Avg:  0.0, Max: 0, Diff: 0, Sum: 0, Workers: 6
[4.548s][debug  ][gc,phases      ] GC(15)     Total                          Min: 0, Avg:  0.0, Max: 0, Diff: 0, Sum: 0, Workers: 6
[4.548s][debug  ][gc,phases      ] GC(15)   StringTable Weak               Min:  0.0, Avg:  0.0, Max:  0.0, Diff:  0.0, Sum:  0.0, Workers: 6
[4.548s][debug  ][gc,phases      ] GC(15)     Dead                           Min: 0, Avg:  0.0, Max: 0, Diff: 0, Sum: 0, Workers: 6
[4.548s][debug  ][gc,phases      ] GC(15)     Total                          Min: 747, Avg: 892.5, Max: 1088, Diff: 341, Sum: 5355, Workers: 6
[4.548s][debug  ][gc,phases      ] GC(15)   ResolvedMethodTable Weak       Min:  0.0, Avg:  0.0, Max:  0.0, Diff:  0.0, Sum:  0.0, Workers: 6
[4.548s][debug  ][gc,phases      ] GC(15)     Dead                           Min: 0, Avg:  0.0, Max: 0, Diff: 0, Sum: 0, Workers: 6
[4.548s][debug  ][gc,phases      ] GC(15)     Total                          Min: 0, Avg: 21.5, Max: 64, Diff: 64, Sum: 129, Workers: 6
[4.548s][debug  ][gc,phases      ] GC(15)   JNI Weak                       Min:  0.0, Avg:  0.0, Max:  0.0, Diff:  0.0, Sum:  0.0, Workers: 6
[4.548s][debug  ][gc,phases      ] GC(15)     Dead                           Min: 0, Avg:  0.0, Max: 0, Diff: 0, Sum: 0, Workers: 6
[4.548s][debug  ][gc,phases      ] GC(15)     Total                          Min: 0, Avg:  0.0, Max: 0, Diff: 0, Sum: 0, Workers: 6
[4.548s][debug  ][gc,phases      ] GC(15)   StringDedup Table Weak         Min:  0.0, Avg:  0.0, Max:  0.0, Diff:  0.0, Sum:  0.0, Workers: 6
[4.548s][debug  ][gc,phases      ] GC(15)     Dead                           Min: 0, Avg:  0.0, Max: 0, Diff: 0, Sum: 0, Workers: 6
[4.548s][debug  ][gc,phases      ] GC(15)     Total                          Min: 0, Avg:  0.0, Max: 0, Diff: 0, Sum: 0, Workers: 6
[4.548s][debug  ][gc,phases      ] GC(15)   StringDedup Requests0 Weak     Min:  0.0, Avg:  0.0, Max:  0.0, Diff:  0.0, Sum:  0.0, Workers: 6
[4.548s][debug  ][gc,phases      ] GC(15)     Dead                           Min: 0, Avg:  0.0, Max: 0, Diff: 0, Sum: 0, Workers: 6
[4.548s][debug  ][gc,phases      ] GC(15)     Total                          Min: 0, Avg:  0.0, Max: 0, Diff: 0, Sum: 0, Workers: 6
[4.548s][debug  ][gc,phases      ] GC(15)   StringDedup Requests1 Weak     Min:  0.0, Avg:  0.0, Max:  0.0, Diff:  0.0, Sum:  0.0, Workers: 6
[4.548s][debug  ][gc,phases      ] GC(15)     Dead                           Min: 0, Avg:  0.0, Max: 0, Diff: 0, Sum: 0, Workers: 6
[4.548s][debug  ][gc,phases      ] GC(15)     Total                          Min: 0, Avg:  0.0, Max: 0, Diff: 0, Sum: 0, Workers: 6
[4.548s][debug  ][gc,phases      ] GC(15)   Weak JFR Old Object Samples    Min:  0.0, Avg:  0.0, Max:  0.0, Diff:  0.0, Sum:  0.0, Workers: 6
[4.548s][debug  ][gc,phases      ] GC(15)     Dead                           Min: 0, Avg:  0.0, Max: 0, Diff: 0, Sum: 0, Workers: 6
[4.548s][debug  ][gc,phases      ] GC(15)     Total                          Min: 0, Avg:  0.0, Max: 0, Diff: 0, Sum: 0, Workers: 6
[4.548s][debug  ][gc,phases      ] GC(15) Weak Processing 0.757ms
[4.548s][debug  ][gc,ergo        ] GC(15) AdaptiveSizeStart:  collection: 16 
[4.548s][debug  ][gc,ergo        ] GC(15) avg_survived_padded_avg: 33675556.000000
[4.548s][debug  ][gc,ergo        ] GC(15) avg_promoted_padded_avg: 237374800.000000  avg_pretenured_padded_avg: 0.000000  tenuring_thresh: 1  target_size: 34078720
[4.548s][debug  ][gc,age         ] GC(15) Desired survivor size 34078720 bytes, new threshold 1 (max threshold 15)
[4.548s][debug  ][gc,ergo        ] GC(15) PSAdaptiveSizePolicy::compute_eden_space_size limits: desired_eden_size: 273222361 old_eden_size: 200278016 eden_limit: 200278016 cur_eden: 200278016 max_eden_size: 200278016 avg_young_live: 27558626
[4.548s][debug  ][gc,ergo        ] GC(15) PSAdaptiveSizePolicy::compute_eden_space_size: costs minor_time: 0.051206 major_cost: 0.033444 mutator_cost: 0.915350 throughput_goal: 0.990000
[4.548s][debug  ][gc,ergo        ] GC(15) Live_space: 790499840 free_space: 568852480
[4.548s][debug  ][gc,ergo        ] GC(15) Old eden_size: 200278016 desired_eden_size: 200278016
[4.548s][debug  ][gc,ergo        ] GC(15) AdaptiveSizeStop: collection: 16 
[4.548s][info   ][gc,heap        ] GC(15) PSYoungGen: 218764K(228864K)->30720K(228864K) Eden: 188044K(195584K)->0K(195584K) From: 30720K(33280K)->30720K(33280K)
[4.548s][info   ][gc,heap        ] GC(15) ParOldGen: 308835K(751616K)->493155K(751616K)
[4.549s][info   ][gc,metaspace   ] GC(15) Metaspace: 1021K(1216K)->1021K(1216K) NonClass: 937K(1024K)->937K(1024K) Class: 83K(192K)->83K(192K)
[4.549s][info   ][gc             ] GC(15) Pause Young (Allocation Failure) 515M->511M(957M) 16.490ms
[4.549s][info   ][gc,cpu         ] GC(15) User=0.12s Sys=0.00s Real=0.02s
[4.549s][debug  ][gc,heap        ] GC(15) Heap after GC invocations=16 (full 2):
[4.549s][debug  ][gc,heap        ] GC(15)  PSYoungGen      total 228864K, used 30720K [0x00000000f0000000, 0x0000000100000000, 0x0000000100000000)
[4.549s][debug  ][gc,heap        ] GC(15)   eden space 195584K, 0% used [0x00000000f0000000,0x00000000f0000000,0x00000000fbf00000)
[4.549s][debug  ][gc,heap        ] GC(15)   from space 33280K, 92% used [0x00000000fdf80000,0x00000000ffd80030,0x0000000100000000)
[4.549s][debug  ][gc,heap        ] GC(15)   to   space 33280K, 0% used [0x00000000fbf00000,0x00000000fbf00000,0x00000000fdf80000)
[4.549s][debug  ][gc,heap        ] GC(15)  ParOldGen       total 751616K, used 493155K [0x0000000080000000, 0x00000000ade00000, 0x00000000f0000000)
[4.549s][debug  ][gc,heap        ] GC(15)   object space 751616K, 65% used [0x0000000080000000,0x000000009e198f08,0x00000000ade00000)
[4.549s][debug  ][gc,heap        ] GC(15)  Metaspace       used 1021K, committed 1216K, reserved 1056768K
[4.549s][debug  ][gc,heap        ] GC(15)   class space    used 83K, committed 192K, reserved 1048576K
[4.549s][debug  ][gc,task,time   ] GC(15) VM-Thread 45316206 45467715 45488035
[4.834s][debug  ][gc,heap        ] GC(16) Heap before GC invocations=17 (full 2):
[4.834s][debug  ][gc,heap        ] GC(16)  PSYoungGen      total 228864K, used 218803K [0x00000000f0000000, 0x0000000100000000, 0x0000000100000000)
[4.834s][debug  ][gc,heap        ] GC(16)   eden space 195584K, 96% used [0x00000000f0000000,0x00000000fb7acd20,0x00000000fbf00000)
[4.834s][debug  ][gc,heap        ] GC(16)   from space 33280K, 92% used [0x00000000fdf80000,0x00000000ffd80030,0x0000000100000000)
[4.834s][debug  ][gc,heap        ] GC(16)   to   space 33280K, 0% used [0x00000000fbf00000,0x00000000fbf00000,0x00000000fdf80000)
[4.834s][debug  ][gc,heap        ] GC(16)  ParOldGen       total 751616K, used 493155K [0x0000000080000000, 0x00000000ade00000, 0x00000000f0000000)
[4.834s][debug  ][gc,heap        ] GC(16)   object space 751616K, 65% used [0x0000000080000000,0x000000009e198f08,0x00000000ade00000)
[4.834s][debug  ][gc,heap        ] GC(16)  Metaspace       used 1021K, committed 1216K, reserved 1056768K
[4.834s][debug  ][gc,heap        ] GC(16)   class space    used 83K, committed 192K, reserved 1048576K
[4.835s][debug  ][gc,tlab        ] GC(16) TLAB totals: thrds: 1  refills: 1 max: 1 slow allocs: 17 max 17 waste: 26.9% gc: 3853312B max: 3853312B slow: 0B max: 0B
[4.835s][info   ][gc,start       ] GC(16) Pause Young (Allocation Failure)
[4.835s][debug  ][gc,phases,start] GC(16) Scavenge
[4.849s][debug  ][gc,phases      ] GC(16) Scavenge 14.597ms
[4.849s][debug  ][gc,phases,start] GC(16) Reference Processing
[4.849s][debug  ][gc,ref         ] GC(16) Skipped phase 1 of Reference Processing: no references
[4.849s][debug  ][gc,ref         ] GC(16) Skipped phase 2 of Reference Processing: no references
[4.849s][debug  ][gc,ref         ] GC(16) Skipped phase 3 of Reference Processing: no references
[4.849s][debug  ][gc,ref         ] GC(16) Skipped phase 4 of Reference Processing: no references
[4.849s][debug  ][gc,phases,ref  ] GC(16) Reference Processing: 0.1ms
[4.850s][debug  ][gc,phases,ref  ] GC(16)   Reconsider SoftReferences: 0.0ms
[4.850s][debug  ][gc,phases,ref  ] GC(16)     SoftRef (ms):                  skipped
[4.850s][debug  ][gc,phases,ref  ] GC(16)   Notify Soft/WeakReferences: 0.0ms
[4.850s][debug  ][gc,phases,ref  ] GC(16)     SoftRef (ms):                  skipped
[4.850s][debug  ][gc,phases,ref  ] GC(16)     WeakRef (ms):                  skipped
[4.850s][debug  ][gc,phases,ref  ] GC(16)     FinalRef (ms):                 skipped
[4.850s][debug  ][gc,phases,ref  ] GC(16)     Total (ms):                    skipped
[4.850s][debug  ][gc,phases,ref  ] GC(16)   Notify and keep alive finalizable: 0.0ms
[4.850s][debug  ][gc,phases,ref  ] GC(16)     FinalRef (ms):                 skipped
[4.850s][debug  ][gc,phases,ref  ] GC(16)   Notify PhantomReferences: 0.0ms
[4.850s][debug  ][gc,phases,ref  ] GC(16)     PhantomRef (ms):               skipped
[4.850s][debug  ][gc,phases,ref  ] GC(16)   SoftReference:
[4.850s][debug  ][gc,phases,ref  ] GC(16)     Discovered: 0
[4.850s][debug  ][gc,phases,ref  ] GC(16)     Cleared: 0
[4.850s][debug  ][gc,phases,ref  ] GC(16)   WeakReference:
[4.850s][debug  ][gc,phases,ref  ] GC(16)     Discovered: 0
[4.850s][debug  ][gc,phases,ref  ] GC(16)     Cleared: 0
[4.850s][debug  ][gc,phases,ref  ] GC(16)   FinalReference:
[4.850s][debug  ][gc,phases,ref  ] GC(16)     Discovered: 0
[4.850s][debug  ][gc,phases,ref  ] GC(16)     Cleared: 0
[4.850s][debug  ][gc,phases,ref  ] GC(16)   PhantomReference:
[4.850s][debug  ][gc,phases,ref  ] GC(16)     Discovered: 0
[4.850s][debug  ][gc,phases,ref  ] GC(16)     Cleared: 0
[4.850s][debug  ][gc,phases      ] GC(16) Reference Processing 0.905ms
[4.850s][debug  ][gc,phases,start] GC(16) Weak Processing
[4.850s][debug  ][gc,phases      ] GC(16)   VM Weak                        Min:  0.0, Avg:  0.0, Max:  0.0, Diff:  0.0, Sum:  0.0, Workers: 6
[4.850s][debug  ][gc,phases      ] GC(16)     Dead                           Min: 0, Avg:  0.0, Max: 0, Diff: 0, Sum: 0, Workers: 6
[4.850s][debug  ][gc,phases      ] GC(16)     Total                          Min: 0, Avg:  1.3, Max: 8, Diff: 8, Sum: 8, Workers: 6
[4.850s][debug  ][gc,phases      ] GC(16)   ObjectSynchronizer Weak        Min:  0.0, Avg:  0.0, Max:  0.0, Diff:  0.0, Sum:  0.0, Workers: 6
[4.850s][debug  ][gc,phases      ] GC(16)     Dead                           Min: 0, Avg:  0.0, Max: 0, Diff: 0, Sum: 0, Workers: 6
[4.850s][debug  ][gc,phases      ] GC(16)     Total                          Min: 0, Avg:  0.5, Max: 3, Diff: 3, Sum: 3, Workers: 6
[4.850s][debug  ][gc,phases      ] GC(16)   JVMTI Tag Weak OopStorage      Min:  0.0, Avg:  0.0, Max:  0.0, Diff:  0.0, Sum:  0.0, Workers: 6
[4.850s][debug  ][gc,phases      ] GC(16)     Dead                           Min: 0, Avg:  0.0, Max: 0, Diff: 0, Sum: 0, Workers: 6
[4.851s][debug  ][gc,phases      ] GC(16)     Total                          Min: 0, Avg:  0.0, Max: 0, Diff: 0, Sum: 0, Workers: 6
[4.851s][debug  ][gc,phases      ] GC(16)   StringTable Weak               Min:  0.0, Avg:  0.0, Max:  0.0, Diff:  0.0, Sum:  0.0, Workers: 6
[4.851s][debug  ][gc,phases      ] GC(16)     Dead                           Min: 0, Avg:  0.0, Max: 0, Diff: 0, Sum: 0, Workers: 6
[4.851s][debug  ][gc,phases      ] GC(16)     Total                          Min: 768, Avg: 892.5, Max: 1324, Diff: 556, Sum: 5355, Workers: 6
[4.851s][debug  ][gc,phases      ] GC(16)   ResolvedMethodTable Weak       Min:  0.0, Avg:  0.0, Max:  0.0, Diff:  0.0, Sum:  0.0, Workers: 6
[4.851s][debug  ][gc,phases      ] GC(16)     Dead                           Min: 0, Avg:  0.0, Max: 0, Diff: 0, Sum: 0, Workers: 6
[4.851s][debug  ][gc,phases      ] GC(16)     Total                          Min: 0, Avg: 21.5, Max: 64, Diff: 64, Sum: 129, Workers: 6
[4.851s][debug  ][gc,phases      ] GC(16)   JNI Weak                       Min:  0.0, Avg:  0.0, Max:  0.0, Diff:  0.0, Sum:  0.0, Workers: 6
[4.851s][debug  ][gc,phases      ] GC(16)     Dead                           Min: 0, Avg:  0.0, Max: 0, Diff: 0, Sum: 0, Workers: 6
[4.851s][debug  ][gc,phases      ] GC(16)     Total                          Min: 0, Avg:  0.0, Max: 0, Diff: 0, Sum: 0, Workers: 6
[4.851s][debug  ][gc,phases      ] GC(16)   StringDedup Table Weak         Min:  0.0, Avg:  0.0, Max:  0.0, Diff:  0.0, Sum:  0.0, Workers: 6
[4.851s][debug  ][gc,phases      ] GC(16)     Dead                           Min: 0, Avg:  0.0, Max: 0, Diff: 0, Sum: 0, Workers: 6
[4.851s][debug  ][gc,phases      ] GC(16)     Total                          Min: 0, Avg:  0.0, Max: 0, Diff: 0, Sum: 0, Workers: 6
[4.851s][debug  ][gc,phases      ] GC(16)   StringDedup Requests0 Weak     Min:  0.0, Avg:  0.0, Max:  0.0, Diff:  0.0, Sum:  0.0, Workers: 6
[4.851s][debug  ][gc,phases      ] GC(16)     Dead                           Min: 0, Avg:  0.0, Max: 0, Diff: 0, Sum: 0, Workers: 6
[4.851s][debug  ][gc,phases      ] GC(16)     Total                          Min: 0, Avg:  0.0, Max: 0, Diff: 0, Sum: 0, Workers: 6
[4.851s][debug  ][gc,phases      ] GC(16)   StringDedup Requests1 Weak     Min:  0.0, Avg:  0.0, Max:  0.0, Diff:  0.0, Sum:  0.0, Workers: 6
[4.851s][debug  ][gc,phases      ] GC(16)     Dead                           Min: 0, Avg:  0.0, Max: 0, Diff: 0, Sum: 0, Workers: 6
[4.851s][debug  ][gc,phases      ] GC(16)     Total                          Min: 0, Avg:  0.0, Max: 0, Diff: 0, Sum: 0, Workers: 6
[4.851s][debug  ][gc,phases      ] GC(16)   Weak JFR Old Object Samples    Min:  0.0, Avg:  0.0, Max:  0.0, Diff:  0.0, Sum:  0.0, Workers: 6
[4.851s][debug  ][gc,phases      ] GC(16)     Dead                           Min: 0, Avg:  0.0, Max: 0, Diff: 0, Sum: 0, Workers: 6
[4.851s][debug  ][gc,phases      ] GC(16)     Total                          Min: 0, Avg:  0.0, Max: 0, Diff: 0, Sum: 0, Workers: 6
[4.851s][debug  ][gc,phases      ] GC(16) Weak Processing 0.773ms
[4.851s][debug  ][gc,ergo        ] GC(16) AdaptiveSizeStart:  collection: 17 
[4.851s][debug  ][gc,ergo        ] GC(16) avg_survived_padded_avg: 33622688.000000
[4.851s][debug  ][gc,ergo        ] GC(16) avg_promoted_padded_avg: 238522000.000000  avg_pretenured_padded_avg: 0.000000  tenuring_thresh: 1  target_size: 34078720
[4.851s][debug  ][gc,age         ] GC(16) Desired survivor size 34078720 bytes, new threshold 1 (max threshold 15)
[4.851s][debug  ][gc,ergo        ] GC(16) PSAdaptiveSizePolicy::compute_eden_space_size limits: desired_eden_size: 273642973 old_eden_size: 200278016 eden_limit: 200278016 cur_eden: 200278016 max_eden_size: 200278016 avg_young_live: 27948494
[4.851s][debug  ][gc,ergo        ] GC(16) PSAdaptiveSizePolicy::compute_eden_space_size: costs minor_time: 0.051960 major_cost: 0.033444 mutator_cost: 0.914596 throughput_goal: 0.990000
[4.851s][debug  ][gc,ergo        ] GC(16) Live_space: 790889664 free_space: 568852480
[4.851s][debug  ][gc,ergo        ] GC(16) Old eden_size: 200278016 desired_eden_size: 200278016
[4.851s][debug  ][gc,ergo        ] GC(16) AdaptiveSizeStop: collection: 17 
[4.851s][info   ][gc,heap        ] GC(16) PSYoungGen: 218803K(228864K)->30720K(228864K) Eden: 188083K(195584K)->0K(195584K) From: 30720K(33280K)->30720K(33280K)
[4.851s][info   ][gc,heap        ] GC(16) ParOldGen: 493155K(751616K)->677476K(751616K)
[4.851s][info   ][gc,metaspace   ] GC(16) Metaspace: 1021K(1216K)->1021K(1216K) NonClass: 937K(1024K)->937K(1024K) Class: 83K(192K)->83K(192K)
[4.851s][info   ][gc             ] GC(16) Pause Young (Allocation Failure) 695M->691M(957M) 16.753ms
[4.851s][info   ][gc,cpu         ] GC(16) User=0.12s Sys=0.00s Real=0.02s
[4.851s][debug  ][gc,heap        ] GC(16) Heap after GC invocations=17 (full 2):
[4.851s][debug  ][gc,heap        ] GC(16)  PSYoungGen      total 228864K, used 30720K [0x00000000f0000000, 0x0000000100000000, 0x0000000100000000)
[4.851s][debug  ][gc,heap        ] GC(16)   eden space 195584K, 0% used [0x00000000f0000000,0x00000000f0000000,0x00000000fbf00000)
[4.851s][debug  ][gc,heap        ] GC(16)   from space 33280K, 92% used [0x00000000fbf00000,0x00000000fdd00030,0x00000000fdf80000)
[4.851s][debug  ][gc,heap        ] GC(16)   to   space 33280K, 0% used [0x00000000fdf80000,0x00000000fdf80000,0x0000000100000000)
[4.851s][debug  ][gc,heap        ] GC(16)  ParOldGen       total 751616K, used 677476K [0x0000000080000000, 0x00000000ade00000, 0x00000000f0000000)
[4.852s][debug  ][gc,heap        ] GC(16)   object space 751616K, 90% used [0x0000000080000000,0x00000000a9599028,0x00000000ade00000)
[4.852s][debug  ][gc,heap        ] GC(16)  Metaspace       used 1021K, committed 1216K, reserved 1056768K
[4.852s][debug  ][gc,heap        ] GC(16)   class space    used 83K, committed 192K, reserved 1048576K
[4.852s][debug  ][gc,task,time   ] GC(16) VM-Thread 48341621 48493085 48515753
[4.852s][debug  ][gc,phases,start] GC(17) Pre Compact
[4.852s][debug  ][gc,heap        ] GC(17) Heap before GC invocations=18 (full 3):
[4.852s][debug  ][gc,heap        ] GC(17)  PSYoungGen      total 228864K, used 30720K [0x00000000f0000000, 0x0000000100000000, 0x0000000100000000)
[4.852s][debug  ][gc,heap        ] GC(17)   eden space 195584K, 0% used [0x00000000f0000000,0x00000000f0000000,0x00000000fbf00000)
[4.852s][debug  ][gc,heap        ] GC(17)   from space 33280K, 92% used [0x00000000fbf00000,0x00000000fdd00030,0x00000000fdf80000)
[4.852s][debug  ][gc,heap        ] GC(17)   to   space 33280K, 0% used [0x00000000fdf80000,0x00000000fdf80000,0x0000000100000000)
[4.852s][debug  ][gc,heap        ] GC(17)  ParOldGen       total 751616K, used 677476K [0x0000000080000000, 0x00000000ade00000, 0x00000000f0000000)
[4.852s][debug  ][gc,heap        ] GC(17)   object space 751616K, 90% used [0x0000000080000000,0x00000000a9599028,0x00000000ade00000)
[4.852s][debug  ][gc,heap        ] GC(17)  Metaspace       used 1021K, committed 1216K, reserved 1056768K
[4.852s][debug  ][gc,heap        ] GC(17)   class space    used 83K, committed 192K, reserved 1048576K
[4.852s][debug  ][gc,phases      ] GC(17) Pre Compact 0.209ms
[4.852s][info   ][gc,start       ] GC(17) Pause Full (Ergonomics)
[4.852s][info   ][gc,phases,start] GC(17) Marking Phase
[4.852s][debug  ][gc,phases,start] GC(17) Par Mark
[4.852s][debug  ][gc,phases      ] GC(17) Par Mark 0.488ms
[4.852s][debug  ][gc,phases,start] GC(17) Reference Processing
[4.852s][debug  ][gc,ref         ] GC(17) Skipped phase 1 of Reference Processing: no references
[4.852s][debug  ][gc,ref         ] GC(17) ReferenceProcessor::execute queues: 1, RefProcThreadModel::Single, marks_oops_alive: false
[4.852s][debug  ][gc,ref         ] GC(17) Skipped phase 3 of Reference Processing: no references
[4.852s][debug  ][gc,ref         ] GC(17) ReferenceProcessor::execute queues: 1, RefProcThreadModel::Single, marks_oops_alive: false
[4.853s][debug  ][gc,phases,ref  ] GC(17) Reference Processing: 0.1ms
[4.853s][debug  ][gc,phases,ref  ] GC(17)   Reconsider SoftReferences: 0.0ms
[4.853s][debug  ][gc,phases,ref  ] GC(17)     SoftRef (ms):                  skipped
[4.853s][debug  ][gc,phases,ref  ] GC(17)   Notify Soft/WeakReferences: 0.0ms
[4.853s][debug  ][gc,phases,ref  ] GC(17)     SoftRef (ms):                  Min:  0.0, Avg:  0.0, Max:  0.0, Diff:  0.0, Sum:  0.0, Workers: 8
[4.853s][debug  ][gc,phases,ref  ] GC(17)     WeakRef (ms):                  Min:  0.0, Avg:  0.0, Max:  0.0, Diff:  0.0, Sum:  0.0, Workers: 8
[4.853s][debug  ][gc,phases,ref  ] GC(17)     FinalRef (ms):                 Min:  0.0, Avg:  0.0, Max:  0.0, Diff:  0.0, Sum:  0.0, Workers: 8
[4.853s][debug  ][gc,phases,ref  ] GC(17)     Total (ms):                    Min:  0.0, Avg:  0.0, Max:  0.0, Diff:  0.0, Sum:  0.0, Workers: 8
[4.853s][debug  ][gc,phases,ref  ] GC(17)   Notify and keep alive finalizable: 0.0ms
[4.853s][debug  ][gc,phases,ref  ] GC(17)     FinalRef (ms):                 skipped
[4.853s][debug  ][gc,phases,ref  ] GC(17)   Notify PhantomReferences: 0.0ms
[4.853s][debug  ][gc,phases,ref  ] GC(17)     PhantomRef (ms):               Min:  0.0, Avg:  0.0, Max:  0.0, Diff:  0.0, Sum:  0.0, Workers: 8
[4.853s][debug  ][gc,phases,ref  ] GC(17)   SoftReference:
[4.853s][debug  ][gc,phases,ref  ] GC(17)     Discovered: 0
[4.853s][debug  ][gc,phases,ref  ] GC(17)     Cleared: 0
[4.853s][debug  ][gc,phases,ref  ] GC(17)   WeakReference:
[4.853s][debug  ][gc,phases,ref  ] GC(17)     Discovered: 88
[4.853s][debug  ][gc,phases,ref  ] GC(17)     Cleared: 88
[4.853s][debug  ][gc,phases,ref  ] GC(17)   FinalReference:
[4.853s][debug  ][gc,phases,ref  ] GC(17)     Discovered: 0
[4.853s][debug  ][gc,phases,ref  ] GC(17)     Cleared: 0
[4.853s][debug  ][gc,phases,ref  ] GC(17)   PhantomReference:
[4.853s][debug  ][gc,phases,ref  ] GC(17)     Discovered: 3
[4.853s][debug  ][gc,phases,ref  ] GC(17)     Cleared: 3
[4.853s][debug  ][gc,phases      ] GC(17) Reference Processing 0.590ms
[4.853s][debug  ][gc,phases,start] GC(17) Weak Processing
[4.853s][debug  ][gc,phases      ] GC(17)   VM Weak                        Min:  0.0, Avg:  0.0, Max:  0.0, Diff:  0.0, Sum:  0.0, Workers: 6
[4.853s][debug  ][gc,phases      ] GC(17)     Dead                           Min: 0, Avg:  0.0, Max: 0, Diff: 0, Sum: 0, Workers: 6
[4.853s][debug  ][gc,phases      ] GC(17)     Total                          Min: 0, Avg:  1.3, Max: 8, Diff: 8, Sum: 8, Workers: 6
[4.853s][debug  ][gc,phases      ] GC(17)   ObjectSynchronizer Weak        Min:  0.0, Avg:  0.0, Max:  0.0, Diff:  0.0, Sum:  0.0, Workers: 6
[4.853s][debug  ][gc,phases      ] GC(17)     Dead                           Min: 0, Avg:  0.0, Max: 0, Diff: 0, Sum: 0, Workers: 6
[4.853s][debug  ][gc,phases      ] GC(17)     Total                          Min: 0, Avg:  0.5, Max: 3, Diff: 3, Sum: 3, Workers: 6
[4.853s][debug  ][gc,phases      ] GC(17)   JVMTI Tag Weak OopStorage      Min:  0.0, Avg:  0.0, Max:  0.0, Diff:  0.0, Sum:  0.0, Workers: 6
[4.853s][debug  ][gc,phases      ] GC(17)     Dead                           Min: 0, Avg:  0.0, Max: 0, Diff: 0, Sum: 0, Workers: 6
[4.853s][debug  ][gc,phases      ] GC(17)     Total                          Min: 0, Avg:  0.0, Max: 0, Diff: 0, Sum: 0, Workers: 6
[4.853s][debug  ][gc,phases      ] GC(17)   StringTable Weak               Min:  0.0, Avg:  0.0, Max:  0.0, Diff:  0.0, Sum:  0.0, Workers: 6
[4.853s][debug  ][gc,phases      ] GC(17)     Dead                           Min: 0, Avg:  0.0, Max: 0, Diff: 0, Sum: 0, Workers: 6
[4.853s][debug  ][gc,phases      ] GC(17)     Total                          Min: 703, Avg: 892.5, Max: 1280, Diff: 577, Sum: 5355, Workers: 6
[4.853s][debug  ][gc,phases      ] GC(17)   ResolvedMethodTable Weak       Min:  0.0, Avg:  0.0, Max:  0.0, Diff:  0.0, Sum:  0.0, Workers: 6
[4.853s][debug  ][gc,phases      ] GC(17)     Dead                           Min: 0, Avg:  0.0, Max: 0, Diff: 0, Sum: 0, Workers: 6
[4.853s][debug  ][gc,phases      ] GC(17)     Total                          Min: 0, Avg: 21.5, Max: 64, Diff: 64, Sum: 129, Workers: 6
[4.853s][debug  ][gc,phases      ] GC(17)   JNI Weak                       Min:  0.0, Avg:  0.0, Max:  0.0, Diff:  0.0, Sum:  0.0, Workers: 6
[4.853s][debug  ][gc,phases      ] GC(17)     Dead                           Min: 0, Avg:  0.0, Max: 0, Diff: 0, Sum: 0, Workers: 6
[4.853s][debug  ][gc,phases      ] GC(17)     Total                          Min: 0, Avg:  0.0, Max: 0, Diff: 0, Sum: 0, Workers: 6
[4.853s][debug  ][gc,phases      ] GC(17)   StringDedup Table Weak         Min:  0.0, Avg:  0.0, Max:  0.0, Diff:  0.0, Sum:  0.0, Workers: 6
[4.853s][debug  ][gc,phases      ] GC(17)     Dead                           Min: 0, Avg:  0.0, Max: 0, Diff: 0, Sum: 0, Workers: 6
[4.853s][debug  ][gc,phases      ] GC(17)     Total                          Min: 0, Avg:  0.0, Max: 0, Diff: 0, Sum: 0, Workers: 6
[4.853s][debug  ][gc,phases      ] GC(17)   StringDedup Requests0 Weak     Min:  0.0, Avg:  0.0, Max:  0.0, Diff:  0.0, Sum:  0.0, Workers: 6
[4.854s][debug  ][gc,phases      ] GC(17)     Dead                           Min: 0, Avg:  0.0, Max: 0, Diff: 0, Sum: 0, Workers: 6
[4.854s][debug  ][gc,phases      ] GC(17)     Total                          Min: 0, Avg:  0.0, Max: 0, Diff: 0, Sum: 0, Workers: 6
[4.854s][debug  ][gc,phases      ] GC(17)   StringDedup Requests1 Weak     Min:  0.0, Avg:  0.0, Max:  0.0, Diff:  0.0, Sum:  0.0, Workers: 6
[4.854s][debug  ][gc,phases      ] GC(17)     Dead                           Min: 0, Avg:  0.0, Max: 0, Diff: 0, Sum: 0, Workers: 6
[4.854s][debug  ][gc,phases      ] GC(17)     Total                          Min: 0, Avg:  0.0, Max: 0, Diff: 0, Sum: 0, Workers: 6
[4.854s][debug  ][gc,phases      ] GC(17)   Weak JFR Old Object Samples    Min:  0.0, Avg:  0.0, Max:  0.0, Diff:  0.0, Sum:  0.0, Workers: 6
[4.854s][debug  ][gc,phases      ] GC(17)     Dead                           Min: 0, Avg:  0.0, Max: 0, Diff: 0, Sum: 0, Workers: 6
[4.854s][debug  ][gc,phases      ] GC(17)     Total                          Min: 0, Avg:  0.0, Max: 0, Diff: 0, Sum: 0, Workers: 6
[4.854s][debug  ][gc,phases      ] GC(17) Weak Processing 0.714ms
[4.854s][debug  ][gc,phases,start] GC(17) Class Unloading
[4.854s][debug  ][gc,phases,start] GC(17) ClassLoaderData
[4.854s][debug  ][gc,phases      ] GC(17) ClassLoaderData 0.019ms
[4.854s][debug  ][gc,phases,start] GC(17) Trigger cleanups
[4.854s][debug  ][gc,phases      ] GC(17) Trigger cleanups 0.019ms
[4.854s][debug  ][gc,phases      ] GC(17) Class Unloading 0.254ms
[4.854s][info   ][gc,phases      ] GC(17) Marking Phase 2.163ms
[4.854s][info   ][gc,phases,start] GC(17) Summary Phase
[4.854s][info   ][gc,phases      ] GC(17) Summary Phase 0.028ms
[4.854s][info   ][gc,phases,start] GC(17) Adjust Roots
[4.854s][info   ][gc,phases      ] GC(17) Adjust Roots 0.173ms
[4.854s][info   ][gc,phases,start] GC(17) Compaction Phase
[4.858s][info   ][gc,phases      ] GC(17) Compaction Phase 3.346ms
[4.858s][info   ][gc,phases,start] GC(17) Post Compact
[4.860s][info   ][gc,phases      ] GC(17) Post Compact 2.197ms
[4.860s][debug  ][gc,ergo        ] GC(17) AdaptiveSizeStart: collection: 18 
[4.860s][debug  ][gc,ergo        ] GC(17) PSAdaptiveSizePolicy::compute_eden_space_size limits: desired_eden_size: 281416747 old_eden_size: 200278016 eden_limit: 200278016 cur_eden: 200278016 max_eden_size: 200278016 avg_young_live: 25153644
[4.860s][debug  ][gc,ergo        ] GC(17) PSAdaptiveSizePolicy::compute_eden_space_size: costs minor_time: 0.051960 major_cost: 0.025261 mutator_cost: 0.922779 throughput_goal: 0.990000
[4.860s][debug  ][gc,ergo        ] GC(17) Live_space: 788094848 free_space: 568852480
[4.860s][debug  ][gc,ergo        ] GC(17) Old eden_size: 200278016 desired_eden_size: 200278016
[4.860s][debug  ][gc,ergo        ] GC(17) PSAdaptiveSizePolicy::compute_old_gen_free_space: costs minor_time: 0.051960 major_cost: 0.025261  mutator_cost: 0.922779 throughput_goal: 0.990000
[4.860s][debug  ][gc,ergo        ] GC(17) Live_space: 864221568 free_space: 568852480
[4.860s][debug  ][gc,ergo        ] GC(17) Old promo_size: 368574464 desired_promo_size: 441450496
[4.862s][debug  ][gc             ] GC(17) Expanding ParOldGen from 751616K by 621056K to 1372672K
[4.862s][debug  ][gc,ergo        ] GC(17) AdaptiveSizeStop: collection: 18 
[4.862s][info   ][gc,heap        ] GC(17) PSYoungGen: 30720K(228864K)->0K(228864K) Eden: 0K(195584K)->0K(195584K) From: 30720K(33280K)->0K(33280K)
[4.862s][info   ][gc,heap        ] GC(17) ParOldGen: 677476K(751616K)->708196K(1372672K)
[4.862s][info   ][gc,metaspace   ] GC(17) Metaspace: 1021K(1216K)->1021K(1216K) NonClass: 937K(1024K)->937K(1024K) Class: 83K(192K)->83K(192K)
[4.862s][info   ][gc             ] GC(17) Pause Full (Ergonomics) 691M->691M(1564M) 9.854ms
[4.862s][info   ][gc,cpu         ] GC(17) User=0.00s Sys=0.02s Real=0.01s
[4.862s][debug  ][gc,heap        ] GC(17) Heap after GC invocations=18 (full 3):
[4.862s][debug  ][gc,heap        ] GC(17)  PSYoungGen      total 228864K, used 0K [0x00000000f0000000, 0x0000000100000000, 0x0000000100000000)
[4.862s][debug  ][gc,heap        ] GC(17)   eden space 195584K, 0% used [0x00000000f0000000,0x00000000f0000000,0x00000000fbf00000)
[4.862s][debug  ][gc,heap        ] GC(17)   from space 33280K, 0% used [0x00000000fdf80000,0x00000000fdf80000,0x0000000100000000)
[4.862s][debug  ][gc,heap        ] GC(17)   to   space 33280K, 0% used [0x00000000fbf00000,0x00000000fbf00000,0x00000000fdf80000)
[4.862s][debug  ][gc,heap        ] GC(17)  ParOldGen       total 1372672K, used 708196K [0x0000000080000000, 0x00000000d3c80000, 0x00000000f0000000)
[4.862s][debug  ][gc,heap        ] GC(17)   object space 1372672K, 51% used [0x0000000080000000,0x00000000ab399058,0x00000000d3c80000)
[4.862s][debug  ][gc,heap        ] GC(17)  Metaspace       used 1021K, committed 1216K, reserved 1056768K
[4.862s][debug  ][gc,heap        ] GC(17)   class space    used 83K, committed 192K, reserved 1048576K
[4.862s][debug  ][gc,task,time   ] GC(17) VM-Thread 48518535 48543027 48617432
[5.150s][debug  ][gc,heap        ] GC(18) Heap before GC invocations=19 (full 3):
[5.150s][debug  ][gc,heap        ] GC(18)  PSYoungGen      total 228864K, used 188107K [0x00000000f0000000, 0x0000000100000000, 0x0000000100000000)
[5.150s][debug  ][gc,heap        ] GC(18)   eden space 195584K, 96% used [0x00000000f0000000,0x00000000fb7b2fb8,0x00000000fbf00000)
[5.150s][debug  ][gc,heap        ] GC(18)   from space 33280K, 0% used [0x00000000fdf80000,0x00000000fdf80000,0x0000000100000000)
[5.150s][debug  ][gc,heap        ] GC(18)   to   space 33280K, 0% used [0x00000000fbf00000,0x00000000fbf00000,0x00000000fdf80000)
[5.150s][debug  ][gc,heap        ] GC(18)  ParOldGen       total 1372672K, used 708196K [0x0000000080000000, 0x00000000d3c80000, 0x00000000f0000000)
[5.150s][debug  ][gc,heap        ] GC(18)   object space 1372672K, 51% used [0x0000000080000000,0x00000000ab399058,0x00000000d3c80000)
[5.150s][debug  ][gc,heap        ] GC(18)  Metaspace       used 1021K, committed 1216K, reserved 1056768K
[5.150s][debug  ][gc,heap        ] GC(18)   class space    used 83K, committed 192K, reserved 1048576K
[5.150s][debug  ][gc,tlab        ] GC(18) TLAB totals: thrds: 1  refills: 1 max: 1 slow allocs: 17 max 17 waste: 27.0% gc: 3878552B max: 3878552B slow: 0B max: 0B
[5.150s][info   ][gc,start       ] GC(18) Pause Young (Allocation Failure)
[5.150s][debug  ][gc,phases,start] GC(18) Scavenge
[5.167s][debug  ][gc,phases      ] GC(18) Scavenge 16.531ms
[5.167s][debug  ][gc,phases,start] GC(18) Reference Processing
[5.167s][debug  ][gc,ref         ] GC(18) Skipped phase 1 of Reference Processing: no references
[5.167s][debug  ][gc,ref         ] GC(18) Skipped phase 2 of Reference Processing: no references
[5.167s][debug  ][gc,ref         ] GC(18) Skipped phase 3 of Reference Processing: no references
[5.167s][debug  ][gc,ref         ] GC(18) Skipped phase 4 of Reference Processing: no references
[5.167s][debug  ][gc,phases,ref  ] GC(18) Reference Processing: 0.1ms
[5.167s][debug  ][gc,phases,ref  ] GC(18)   Reconsider SoftReferences: 0.0ms
[5.167s][debug  ][gc,phases,ref  ] GC(18)     SoftRef (ms):                  skipped
[5.167s][debug  ][gc,phases,ref  ] GC(18)   Notify Soft/WeakReferences: 0.0ms
[5.167s][debug  ][gc,phases,ref  ] GC(18)     SoftRef (ms):                  skipped
[5.167s][debug  ][gc,phases,ref  ] GC(18)     WeakRef (ms):                  skipped
[5.167s][debug  ][gc,phases,ref  ] GC(18)     FinalRef (ms):                 skipped
[5.167s][debug  ][gc,phases,ref  ] GC(18)     Total (ms):                    skipped
[5.167s][debug  ][gc,phases,ref  ] GC(18)   Notify and keep alive finalizable: 0.0ms
[5.167s][debug  ][gc,phases,ref  ] GC(18)     FinalRef (ms):                 skipped
[5.167s][debug  ][gc,phases,ref  ] GC(18)   Notify PhantomReferences: 0.0ms
[5.167s][debug  ][gc,phases,ref  ] GC(18)     PhantomRef (ms):               skipped
[5.167s][debug  ][gc,phases,ref  ] GC(18)   SoftReference:
[5.167s][debug  ][gc,phases,ref  ] GC(18)     Discovered: 0
[5.167s][debug  ][gc,phases,ref  ] GC(18)     Cleared: 0
[5.167s][debug  ][gc,phases,ref  ] GC(18)   WeakReference:
[5.167s][debug  ][gc,phases,ref  ] GC(18)     Discovered: 0
[5.167s][debug  ][gc,phases,ref  ] GC(18)     Cleared: 0
[5.167s][debug  ][gc,phases,ref  ] GC(18)   FinalReference:
[5.167s][debug  ][gc,phases,ref  ] GC(18)     Discovered: 0
[5.168s][debug  ][gc,phases,ref  ] GC(18)     Cleared: 0
[5.168s][debug  ][gc,phases,ref  ] GC(18)   PhantomReference:
[5.168s][debug  ][gc,phases,ref  ] GC(18)     Discovered: 0
[5.168s][debug  ][gc,phases,ref  ] GC(18)     Cleared: 0
[5.168s][debug  ][gc,phases      ] GC(18) Reference Processing 0.624ms
[5.168s][debug  ][gc,phases,start] GC(18) Weak Processing
[5.168s][debug  ][gc,phases      ] GC(18)   VM Weak                        Min:  0.0, Avg:  0.0, Max:  0.0, Diff:  0.0, Sum:  0.0, Workers: 6
[5.168s][debug  ][gc,phases      ] GC(18)     Dead                           Min: 0, Avg:  0.0, Max: 0, Diff: 0, Sum: 0, Workers: 6
[5.168s][debug  ][gc,phases      ] GC(18)     Total                          Min: 0, Avg:  1.3, Max: 8, Diff: 8, Sum: 8, Workers: 6
[5.168s][debug  ][gc,phases      ] GC(18)   ObjectSynchronizer Weak        Min:  0.0, Avg:  0.0, Max:  0.0, Diff:  0.0, Sum:  0.0, Workers: 6
[5.168s][debug  ][gc,phases      ] GC(18)     Dead                           Min: 0, Avg:  0.0, Max: 0, Diff: 0, Sum: 0, Workers: 6
[5.168s][debug  ][gc,phases      ] GC(18)     Total                          Min: 0, Avg:  0.5, Max: 3, Diff: 3, Sum: 3, Workers: 6
[5.168s][debug  ][gc,phases      ] GC(18)   JVMTI Tag Weak OopStorage      Min:  0.0, Avg:  0.0, Max:  0.0, Diff:  0.0, Sum:  0.0, Workers: 6
[5.168s][debug  ][gc,phases      ] GC(18)     Dead                           Min: 0, Avg:  0.0, Max: 0, Diff: 0, Sum: 0, Workers: 6
[5.168s][debug  ][gc,phases      ] GC(18)     Total                          Min: 0, Avg:  0.0, Max: 0, Diff: 0, Sum: 0, Workers: 6
[5.168s][debug  ][gc,phases      ] GC(18)   StringTable Weak               Min:  0.0, Avg:  0.0, Max:  0.0, Diff:  0.0, Sum:  0.0, Workers: 6
[5.168s][debug  ][gc,phases      ] GC(18)     Dead                           Min: 0, Avg:  0.0, Max: 0, Diff: 0, Sum: 0, Workers: 6
[5.168s][debug  ][gc,phases      ] GC(18)     Total                          Min: 704, Avg: 892.5, Max: 1088, Diff: 384, Sum: 5355, Workers: 6
[5.168s][debug  ][gc,phases      ] GC(18)   ResolvedMethodTable Weak       Min:  0.0, Avg:  0.0, Max:  0.0, Diff:  0.0, Sum:  0.0, Workers: 6
[5.168s][debug  ][gc,phases      ] GC(18)     Dead                           Min: 0, Avg:  0.0, Max: 0, Diff: 0, Sum: 0, Workers: 6
[5.168s][debug  ][gc,phases      ] GC(18)     Total                          Min: 0, Avg: 21.5, Max: 64, Diff: 64, Sum: 129, Workers: 6
[5.168s][debug  ][gc,phases      ] GC(18)   JNI Weak                       Min:  0.0, Avg:  0.0, Max:  0.0, Diff:  0.0, Sum:  0.0, Workers: 6
[5.168s][debug  ][gc,phases      ] GC(18)     Dead                           Min: 0, Avg:  0.0, Max: 0, Diff: 0, Sum: 0, Workers: 6
[5.168s][debug  ][gc,phases      ] GC(18)     Total                          Min: 0, Avg:  0.0, Max: 0, Diff: 0, Sum: 0, Workers: 6
[5.168s][debug  ][gc,phases      ] GC(18)   StringDedup Table Weak         Min:  0.0, Avg:  0.0, Max:  0.0, Diff:  0.0, Sum:  0.0, Workers: 6
[5.168s][debug  ][gc,phases      ] GC(18)     Dead                           Min: 0, Avg:  0.0, Max: 0, Diff: 0, Sum: 0, Workers: 6
[5.168s][debug  ][gc,phases      ] GC(18)     Total                          Min: 0, Avg:  0.0, Max: 0, Diff: 0, Sum: 0, Workers: 6
[5.168s][debug  ][gc,phases      ] GC(18)   StringDedup Requests0 Weak     Min:  0.0, Avg:  0.0, Max:  0.0, Diff:  0.0, Sum:  0.0, Workers: 6
[5.168s][debug  ][gc,phases      ] GC(18)     Dead                           Min: 0, Avg:  0.0, Max: 0, Diff: 0, Sum: 0, Workers: 6
[5.168s][debug  ][gc,phases      ] GC(18)     Total                          Min: 0, Avg:  0.0, Max: 0, Diff: 0, Sum: 0, Workers: 6
[5.168s][debug  ][gc,phases      ] GC(18)   StringDedup Requests1 Weak     Min:  0.0, Avg:  0.0, Max:  0.0, Diff:  0.0, Sum:  0.0, Workers: 6
[5.168s][debug  ][gc,phases      ] GC(18)     Dead                           Min: 0, Avg:  0.0, Max: 0, Diff: 0, Sum: 0, Workers: 6
[5.168s][debug  ][gc,phases      ] GC(18)     Total                          Min: 0, Avg:  0.0, Max: 0, Diff: 0, Sum: 0, Workers: 6
[5.168s][debug  ][gc,phases      ] GC(18)   Weak JFR Old Object Samples    Min:  0.0, Avg:  0.0, Max:  0.0, Diff:  0.0, Sum:  0.0, Workers: 6
[5.168s][debug  ][gc,phases      ] GC(18)     Dead                           Min: 0, Avg:  0.0, Max: 0, Diff: 0, Sum: 0, Workers: 6
[5.168s][debug  ][gc,phases      ] GC(18)     Total                          Min: 0, Avg:  0.0, Max: 0, Diff: 0, Sum: 0, Workers: 6
[5.168s][debug  ][gc,phases      ] GC(18) Weak Processing 0.779ms
[5.168s][debug  ][gc,ergo        ] GC(18) AdaptiveSizeStart:  collection: 19 
[5.168s][debug  ][gc,ergo        ] GC(18) avg_survived_padded_avg: 33558212.000000
[5.168s][debug  ][gc,ergo        ] GC(18) avg_promoted_padded_avg: 233482688.000000  avg_pretenured_padded_avg: 0.000000  tenuring_thresh: 1  target_size: 34078720
[5.168s][debug  ][gc,age         ] GC(18) Desired survivor size 34078720 bytes, new threshold 1 (max threshold 15)
[5.168s][debug  ][gc,ergo        ] GC(18) PSAdaptiveSizePolicy::compute_eden_space_size limits: desired_eden_size: 282037908 old_eden_size: 200278016 eden_limit: 200278016 cur_eden: 200278016 max_eden_size: 200278016 avg_young_live: 25784012
[5.169s][debug  ][gc,ergo        ] GC(18) PSAdaptiveSizePolicy::compute_eden_space_size: costs minor_time: 0.053195 major_cost: 0.025261 mutator_cost: 0.921543 throughput_goal: 0.990000
[5.169s][debug  ][gc,ergo        ] GC(18) Live_space: 864851904 free_space: 641728512
[5.169s][debug  ][gc,ergo        ] GC(18) Old eden_size: 200278016 desired_eden_size: 200278016
[5.169s][debug  ][gc,ergo        ] GC(18) AdaptiveSizeStop: collection: 19 
[5.169s][info   ][gc,heap        ] GC(18) PSYoungGen: 188107K(228864K)->30720K(228864K) Eden: 188107K(195584K)->0K(195584K) From: 0K(33280K)->30720K(33280K)
[5.169s][info   ][gc,heap        ] GC(18) ParOldGen: 708196K(1372672K)->861796K(1372672K)
[5.169s][info   ][gc,metaspace   ] GC(18) Metaspace: 1021K(1216K)->1021K(1216K) NonClass: 937K(1024K)->937K(1024K) Class: 83K(192K)->83K(192K)
[5.169s][info   ][gc             ] GC(18) Pause Young (Allocation Failure) 875M->871M(1564M) 18.374ms
[5.169s][info   ][gc,cpu         ] GC(18) User=0.02s Sys=0.05s Real=0.02s
[5.169s][debug  ][gc,heap        ] GC(18) Heap after GC invocations=19 (full 3):
[5.169s][debug  ][gc,heap        ] GC(18)  PSYoungGen      total 228864K, used 30720K [0x00000000f0000000, 0x0000000100000000, 0x0000000100000000)
[5.169s][debug  ][gc,heap        ] GC(18)   eden space 195584K, 0% used [0x00000000f0000000,0x00000000f0000000,0x00000000fbf00000)
[5.169s][debug  ][gc,heap        ] GC(18)   from space 33280K, 92% used [0x00000000fbf00000,0x00000000fdd00030,0x00000000fdf80000)
[5.169s][debug  ][gc,heap        ] GC(18)   to   space 33280K, 0% used [0x00000000fdf80000,0x00000000fdf80000,0x0000000100000000)
[5.169s][debug  ][gc,heap        ] GC(18)  ParOldGen       total 1372672K, used 861796K [0x0000000080000000, 0x00000000d3c80000, 0x00000000f0000000)
[5.169s][debug  ][gc,heap        ] GC(18)   object space 1372672K, 62% used [0x0000000080000000,0x00000000b4999148,0x00000000d3c80000)
[5.169s][debug  ][gc,heap        ] GC(18)  Metaspace       used 1021K, committed 1216K, reserved 1056768K
[5.169s][debug  ][gc,heap        ] GC(18)   class space    used 83K, committed 192K, reserved 1048576K
[5.169s][debug  ][gc,task,time   ] GC(18) VM-Thread 51498650 51669605 51689070
[5.449s][debug  ][gc,heap        ] GC(19) Heap before GC invocations=20 (full 3):
[5.449s][debug  ][gc,heap        ] GC(19)  PSYoungGen      total 228864K, used 218769K [0x00000000f0000000, 0x0000000100000000, 0x0000000100000000)
[5.449s][debug  ][gc,heap        ] GC(19)   eden space 195584K, 96% used [0x00000000f0000000,0x00000000fb7a44f8,0x00000000fbf00000)
[5.449s][debug  ][gc,heap        ] GC(19)   from space 33280K, 92% used [0x00000000fbf00000,0x00000000fdd00030,0x00000000fdf80000)
[5.449s][debug  ][gc,heap        ] GC(19)   to   space 33280K, 0% used [0x00000000fdf80000,0x00000000fdf80000,0x0000000100000000)
[5.449s][debug  ][gc,heap        ] GC(19)  ParOldGen       total 1372672K, used 861796K [0x0000000080000000, 0x00000000d3c80000, 0x00000000f0000000)
[5.449s][debug  ][gc,heap        ] GC(19)   object space 1372672K, 62% used [0x0000000080000000,0x00000000b4999148,0x00000000d3c80000)
[5.449s][debug  ][gc,heap        ] GC(19)  Metaspace       used 1021K, committed 1216K, reserved 1056768K
[5.449s][debug  ][gc,heap        ] GC(19)   class space    used 83K, committed 192K, reserved 1048576K
[5.449s][debug  ][gc,tlab        ] GC(19) TLAB totals: thrds: 1  refills: 1 max: 1 slow allocs: 17 max 17 waste: 26.7% gc: 3817288B max: 3817288B slow: 0B max: 0B
[5.449s][info   ][gc,start       ] GC(19) Pause Young (Allocation Failure)
[5.449s][debug  ][gc,phases,start] GC(19) Scavenge
[5.455s][debug  ][gc,phases      ] GC(19) Scavenge 6.086ms
[5.455s][debug  ][gc,phases,start] GC(19) Reference Processing
[5.455s][debug  ][gc,ref         ] GC(19) Skipped phase 1 of Reference Processing: no references
[5.455s][debug  ][gc,ref         ] GC(19) Skipped phase 2 of Reference Processing: no references
[5.455s][debug  ][gc,ref         ] GC(19) Skipped phase 3 of Reference Processing: no references
[5.455s][debug  ][gc,ref         ] GC(19) Skipped phase 4 of Reference Processing: no references
[5.455s][debug  ][gc,phases,ref  ] GC(19) Reference Processing: 0.1ms
[5.455s][debug  ][gc,phases,ref  ] GC(19)   Reconsider SoftReferences: 0.0ms
[5.455s][debug  ][gc,phases,ref  ] GC(19)     SoftRef (ms):                  skipped
[5.455s][debug  ][gc,phases,ref  ] GC(19)   Notify Soft/WeakReferences: 0.0ms
[5.456s][debug  ][gc,phases,ref  ] GC(19)     SoftRef (ms):                  skipped
[5.456s][debug  ][gc,phases,ref  ] GC(19)     WeakRef (ms):                  skipped
[5.456s][debug  ][gc,phases,ref  ] GC(19)     FinalRef (ms):                 skipped
[5.456s][debug  ][gc,phases,ref  ] GC(19)     Total (ms):                    skipped
[5.456s][debug  ][gc,phases,ref  ] GC(19)   Notify and keep alive finalizable: 0.0ms
[5.456s][debug  ][gc,phases,ref  ] GC(19)     FinalRef (ms):                 skipped
[5.456s][debug  ][gc,phases,ref  ] GC(19)   Notify PhantomReferences: 0.0ms
[5.456s][debug  ][gc,phases,ref  ] GC(19)     PhantomRef (ms):               skipped
[5.456s][debug  ][gc,phases,ref  ] GC(19)   SoftReference:
[5.456s][debug  ][gc,phases,ref  ] GC(19)     Discovered: 0
[5.456s][debug  ][gc,phases,ref  ] GC(19)     Cleared: 0
[5.456s][debug  ][gc,phases,ref  ] GC(19)   WeakReference:
[5.456s][debug  ][gc,phases,ref  ] GC(19)     Discovered: 0
[5.456s][debug  ][gc,phases,ref  ] GC(19)     Cleared: 0
[5.456s][debug  ][gc,phases,ref  ] GC(19)   FinalReference:
[5.456s][debug  ][gc,phases,ref  ] GC(19)     Discovered: 0
[5.456s][debug  ][gc,phases,ref  ] GC(19)     Cleared: 0
[5.456s][debug  ][gc,phases,ref  ] GC(19)   PhantomReference:
[5.456s][debug  ][gc,phases,ref  ] GC(19)     Discovered: 0
[5.456s][debug  ][gc,phases,ref  ] GC(19)     Cleared: 0
[5.456s][debug  ][gc,phases      ] GC(19) Reference Processing 0.836ms
[5.456s][debug  ][gc,phases,start] GC(19) Weak Processing
[5.456s][debug  ][gc,phases      ] GC(19)   VM Weak                        Min:  0.0, Avg:  0.0, Max:  0.0, Diff:  0.0, Sum:  0.0, Workers: 6
[5.456s][debug  ][gc,phases      ] GC(19)     Dead                           Min: 0, Avg:  0.0, Max: 0, Diff: 0, Sum: 0, Workers: 6
[5.456s][debug  ][gc,phases      ] GC(19)     Total                          Min: 0, Avg:  1.3, Max: 8, Diff: 8, Sum: 8, Workers: 6
[5.456s][debug  ][gc,phases      ] GC(19)   ObjectSynchronizer Weak        Min:  0.0, Avg:  0.0, Max:  0.0, Diff:  0.0, Sum:  0.0, Workers: 6
[5.456s][debug  ][gc,phases      ] GC(19)     Dead                           Min: 0, Avg:  0.0, Max: 0, Diff: 0, Sum: 0, Workers: 6
[5.456s][debug  ][gc,phases      ] GC(19)     Total                          Min: 0, Avg:  0.5, Max: 3, Diff: 3, Sum: 3, Workers: 6
[5.456s][debug  ][gc,phases      ] GC(19)   JVMTI Tag Weak OopStorage      Min:  0.0, Avg:  0.0, Max:  0.0, Diff:  0.0, Sum:  0.0, Workers: 6
[5.456s][debug  ][gc,phases      ] GC(19)     Dead                           Min: 0, Avg:  0.0, Max: 0, Diff: 0, Sum: 0, Workers: 6
[5.456s][debug  ][gc,phases      ] GC(19)     Total                          Min: 0, Avg:  0.0, Max: 0, Diff: 0, Sum: 0, Workers: 6
[5.456s][debug  ][gc,phases      ] GC(19)   StringTable Weak               Min:  0.0, Avg:  0.0, Max:  0.0, Diff:  0.0, Sum:  0.0, Workers: 6
[5.457s][debug  ][gc,phases      ] GC(19)     Dead                           Min: 0, Avg:  0.0, Max: 0, Diff: 0, Sum: 0, Workers: 6
[5.457s][debug  ][gc,phases      ] GC(19)     Total                          Min: 704, Avg: 892.5, Max: 1152, Diff: 448, Sum: 5355, Workers: 6
[5.457s][debug  ][gc,phases      ] GC(19)   ResolvedMethodTable Weak       Min:  0.0, Avg:  0.0, Max:  0.0, Diff:  0.0, Sum:  0.0, Workers: 6
[5.457s][debug  ][gc,phases      ] GC(19)     Dead                           Min: 0, Avg:  0.0, Max: 0, Diff: 0, Sum: 0, Workers: 6
[5.457s][debug  ][gc,phases      ] GC(19)     Total                          Min: 0, Avg: 21.5, Max: 64, Diff: 64, Sum: 129, Workers: 6
[5.457s][debug  ][gc,phases      ] GC(19)   JNI Weak                       Min:  0.0, Avg:  0.0, Max:  0.0, Diff:  0.0, Sum:  0.0, Workers: 6
[5.457s][debug  ][gc,phases      ] GC(19)     Dead                           Min: 0, Avg:  0.0, Max: 0, Diff: 0, Sum: 0, Workers: 6
[5.457s][debug  ][gc,phases      ] GC(19)     Total                          Min: 0, Avg:  0.0, Max: 0, Diff: 0, Sum: 0, Workers: 6
[5.457s][debug  ][gc,phases      ] GC(19)   StringDedup Table Weak         Min:  0.0, Avg:  0.0, Max:  0.0, Diff:  0.0, Sum:  0.0, Workers: 6
[5.457s][debug  ][gc,phases      ] GC(19)     Dead                           Min: 0, Avg:  0.0, Max: 0, Diff: 0, Sum: 0, Workers: 6
[5.457s][debug  ][gc,phases      ] GC(19)     Total                          Min: 0, Avg:  0.0, Max: 0, Diff: 0, Sum: 0, Workers: 6
[5.457s][debug  ][gc,phases      ] GC(19)   StringDedup Requests0 Weak     Min:  0.0, Avg:  0.0, Max:  0.0, Diff:  0.0, Sum:  0.0, Workers: 6
[5.457s][debug  ][gc,phases      ] GC(19)     Dead                           Min: 0, Avg:  0.0, Max: 0, Diff: 0, Sum: 0, Workers: 6
[5.457s][debug  ][gc,phases      ] GC(19)     Total                          Min: 0, Avg:  0.0, Max: 0, Diff: 0, Sum: 0, Workers: 6
[5.457s][debug  ][gc,phases      ] GC(19)   StringDedup Requests1 Weak     Min:  0.0, Avg:  0.0, Max:  0.0, Diff:  0.0, Sum:  0.0, Workers: 6
[5.457s][debug  ][gc,phases      ] GC(19)     Dead                           Min: 0, Avg:  0.0, Max: 0, Diff: 0, Sum: 0, Workers: 6
[5.457s][debug  ][gc,phases      ] GC(19)     Total                          Min: 0, Avg:  0.0, Max: 0, Diff: 0, Sum: 0, Workers: 6
[5.457s][debug  ][gc,phases      ] GC(19)   Weak JFR Old Object Samples    Min:  0.0, Avg:  0.0, Max:  0.0, Diff:  0.0, Sum:  0.0, Workers: 6
[5.457s][debug  ][gc,phases      ] GC(19)     Dead                           Min: 0, Avg:  0.0, Max: 0, Diff: 0, Sum: 0, Workers: 6
[5.457s][debug  ][gc,phases      ] GC(19)     Total                          Min: 0, Avg:  0.0, Max: 0, Diff: 0, Sum: 0, Workers: 6
[5.457s][debug  ][gc,phases      ] GC(19) Weak Processing 1.053ms
[5.457s][debug  ][gc,ergo        ] GC(19) AdaptiveSizeStart:  collection: 20 
[5.457s][debug  ][gc,ergo        ] GC(19) avg_survived_padded_avg: 33484974.000000
[5.457s][debug  ][gc,ergo        ] GC(19) avg_promoted_padded_avg: 251812448.000000  avg_pretenured_padded_avg: 0.000000  tenuring_thresh: 1  target_size: 33554432
[5.457s][debug  ][gc,age         ] GC(19) Desired survivor size 33554432 bytes, new threshold 1 (max threshold 15)
[5.457s][debug  ][gc,ergo        ] GC(19) PSAdaptiveSizePolicy::compute_eden_space_size limits: desired_eden_size: 252420150 old_eden_size: 200278016 eden_limit: 200278016 cur_eden: 200278016 max_eden_size: 200278016 avg_young_live: 26351344
[5.457s][debug  ][gc,ergo        ] GC(19) PSAdaptiveSizePolicy::compute_eden_space_size: costs minor_time: 0.046918 major_cost: 0.025261 mutator_cost: 0.927820 throughput_goal: 0.990000
[5.457s][debug  ][gc,ergo        ] GC(19) Live_space: 865419264 free_space: 641728512
[5.457s][debug  ][gc,ergo        ] GC(19) Old eden_size: 200278016 desired_eden_size: 200278016
[5.457s][debug  ][gc,ergo        ] GC(19) AdaptiveSizeStop: collection: 20 
[5.457s][info   ][gc,heap        ] GC(19) PSYoungGen: 218769K(228864K)->30720K(229376K) Eden: 188049K(195584K)->0K(196096K) From: 30720K(33280K)->30720K(33280K)
[5.458s][info   ][gc,heap        ] GC(19) ParOldGen: 861796K(1372672K)->882276K(1372672K)
[5.458s][info   ][gc,metaspace   ] GC(19) Metaspace: 1021K(1216K)->1021K(1216K) NonClass: 937K(1024K)->937K(1024K) Class: 83K(192K)->83K(192K)
[5.458s][info   ][gc             ] GC(19) Pause Young (Allocation Failure) 1055M->891M(1564M) 8.580ms
[5.458s][info   ][gc,cpu         ] GC(19) User=0.00s Sys=0.00s Real=0.01s
[5.458s][debug  ][gc,heap        ] GC(19) Heap after GC invocations=20 (full 3):
[5.458s][debug  ][gc,heap        ] GC(19)  PSYoungGen      total 229376K, used 30720K [0x00000000f0000000, 0x0000000100000000, 0x0000000100000000)
[5.458s][debug  ][gc,heap        ] GC(19)   eden space 196096K, 0% used [0x00000000f0000000,0x00000000f0000000,0x00000000fbf80000)
[5.458s][debug  ][gc,heap        ] GC(19)   from space 33280K, 92% used [0x00000000fdf80000,0x00000000ffd80030,0x0000000100000000)
[5.458s][debug  ][gc,heap        ] GC(19)   to   space 32768K, 0% used [0x00000000fbf80000,0x00000000fbf80000,0x00000000fdf80000)
[5.458s][debug  ][gc,heap        ] GC(19)  ParOldGen       total 1372672K, used 882276K [0x0000000080000000, 0x00000000d3c80000, 0x00000000f0000000)
[5.458s][debug  ][gc,heap        ] GC(19)   object space 1372672K, 64% used [0x0000000080000000,0x00000000b5d99168,0x00000000d3c80000)
[5.458s][debug  ][gc,heap        ] GC(19)  Metaspace       used 1021K, committed 1216K, reserved 1056768K
[5.458s][debug  ][gc,heap        ] GC(19)   class space    used 83K, committed 192K, reserved 1048576K
[5.458s][debug  ][gc,task,time   ] GC(19) VM-Thread 54485886 54552291 54578933
[5.746s][debug  ][gc,heap        ] GC(20) Heap before GC invocations=21 (full 3):
[5.746s][debug  ][gc,heap        ] GC(20)  PSYoungGen      total 229376K, used 218815K [0x00000000f0000000, 0x0000000100000000, 0x0000000100000000)
[5.746s][debug  ][gc,heap        ] GC(20)   eden space 196096K, 95% used [0x00000000f0000000,0x00000000fb7aff98,0x00000000fbf80000)
[5.746s][debug  ][gc,heap        ] GC(20)   from space 33280K, 92% used [0x00000000fdf80000,0x00000000ffd80030,0x0000000100000000)
[5.746s][debug  ][gc,heap        ] GC(20)   to   space 32768K, 0% used [0x00000000fbf80000,0x00000000fbf80000,0x00000000fdf80000)
[5.746s][debug  ][gc,heap        ] GC(20)  ParOldGen       total 1372672K, used 882276K [0x0000000080000000, 0x00000000d3c80000, 0x00000000f0000000)
[5.746s][debug  ][gc,heap        ] GC(20)   object space 1372672K, 64% used [0x0000000080000000,0x00000000b5d99168,0x00000000d3c80000)
[5.746s][debug  ][gc,heap        ] GC(20)  Metaspace       used 1021K, committed 1216K, reserved 1056768K
[5.746s][debug  ][gc,heap        ] GC(20)   class space    used 83K, committed 192K, reserved 1048576K
[5.746s][debug  ][gc,tlab        ] GC(20) TLAB totals: thrds: 1  refills: 1 max: 1 slow allocs: 17 max 17 waste: 26.9% gc: 3866232B max: 3866232B slow: 0B max: 0B
[5.746s][info   ][gc,start       ] GC(20) Pause Young (Allocation Failure)
[5.746s][debug  ][gc,phases,start] GC(20) Scavenge
[5.765s][debug  ][gc,phases      ] GC(20) Scavenge 18.790ms
[5.765s][debug  ][gc,phases,start] GC(20) Reference Processing
[5.765s][debug  ][gc,ref         ] GC(20) Skipped phase 1 of Reference Processing: no references
[5.765s][debug  ][gc,ref         ] GC(20) Skipped phase 2 of Reference Processing: no references
[5.765s][debug  ][gc,ref         ] GC(20) Skipped phase 3 of Reference Processing: no references
[5.765s][debug  ][gc,ref         ] GC(20) Skipped phase 4 of Reference Processing: no references
[5.765s][debug  ][gc,phases,ref  ] GC(20) Reference Processing: 0.1ms
[5.765s][debug  ][gc,phases,ref  ] GC(20)   Reconsider SoftReferences: 0.0ms
[5.766s][debug  ][gc,phases,ref  ] GC(20)     SoftRef (ms):                  skipped
[5.766s][debug  ][gc,phases,ref  ] GC(20)   Notify Soft/WeakReferences: 0.0ms
[5.766s][debug  ][gc,phases,ref  ] GC(20)     SoftRef (ms):                  skipped
[5.766s][debug  ][gc,phases,ref  ] GC(20)     WeakRef (ms):                  skipped
[5.766s][debug  ][gc,phases,ref  ] GC(20)     FinalRef (ms):                 skipped
[5.766s][debug  ][gc,phases,ref  ] GC(20)     Total (ms):                    skipped
[5.766s][debug  ][gc,phases,ref  ] GC(20)   Notify and keep alive finalizable: 0.0ms
[5.766s][debug  ][gc,phases,ref  ] GC(20)     FinalRef (ms):                 skipped
[5.766s][debug  ][gc,phases,ref  ] GC(20)   Notify PhantomReferences: 0.0ms
[5.766s][debug  ][gc,phases,ref  ] GC(20)     PhantomRef (ms):               skipped
[5.766s][debug  ][gc,phases,ref  ] GC(20)   SoftReference:
[5.766s][debug  ][gc,phases,ref  ] GC(20)     Discovered: 0
[5.766s][debug  ][gc,phases,ref  ] GC(20)     Cleared: 0
[5.766s][debug  ][gc,phases,ref  ] GC(20)   WeakReference:
[5.766s][debug  ][gc,phases,ref  ] GC(20)     Discovered: 0
[5.766s][debug  ][gc,phases,ref  ] GC(20)     Cleared: 0
[5.766s][debug  ][gc,phases,ref  ] GC(20)   FinalReference:
[5.766s][debug  ][gc,phases,ref  ] GC(20)     Discovered: 0
[5.766s][debug  ][gc,phases,ref  ] GC(20)     Cleared: 0
[5.766s][debug  ][gc,phases,ref  ] GC(20)   PhantomReference:
[5.766s][debug  ][gc,phases,ref  ] GC(20)     Discovered: 0
[5.766s][debug  ][gc,phases,ref  ] GC(20)     Cleared: 0
[5.766s][debug  ][gc,phases      ] GC(20) Reference Processing 0.580ms
[5.766s][debug  ][gc,phases,start] GC(20) Weak Processing
[5.766s][debug  ][gc,phases      ] GC(20)   VM Weak                        Min:  0.0, Avg:  0.0, Max:  0.0, Diff:  0.0, Sum:  0.0, Workers: 6
[5.766s][debug  ][gc,phases      ] GC(20)     Dead                           Min: 0, Avg:  0.0, Max: 0, Diff: 0, Sum: 0, Workers: 6
[5.766s][debug  ][gc,phases      ] GC(20)     Total                          Min: 0, Avg:  1.3, Max: 8, Diff: 8, Sum: 8, Workers: 6
[5.766s][debug  ][gc,phases      ] GC(20)   ObjectSynchronizer Weak        Min:  0.0, Avg:  0.0, Max:  0.0, Diff:  0.0, Sum:  0.0, Workers: 6
[5.766s][debug  ][gc,phases      ] GC(20)     Dead                           Min: 0, Avg:  0.0, Max: 0, Diff: 0, Sum: 0, Workers: 6
[5.766s][debug  ][gc,phases      ] GC(20)     Total                          Min: 0, Avg:  0.5, Max: 3, Diff: 3, Sum: 3, Workers: 6
[5.766s][debug  ][gc,phases      ] GC(20)   JVMTI Tag Weak OopStorage      Min:  0.0, Avg:  0.0, Max:  0.0, Diff:  0.0, Sum:  0.0, Workers: 6
[5.766s][debug  ][gc,phases      ] GC(20)     Dead                           Min: 0, Avg:  0.0, Max: 0, Diff: 0, Sum: 0, Workers: 6
[5.766s][debug  ][gc,phases      ] GC(20)     Total                          Min: 0, Avg:  0.0, Max: 0, Diff: 0, Sum: 0, Workers: 6
[5.766s][debug  ][gc,phases      ] GC(20)   StringTable Weak               Min:  0.0, Avg:  0.0, Max:  0.0, Diff:  0.0, Sum:  0.0, Workers: 6
[5.766s][debug  ][gc,phases      ] GC(20)     Dead                           Min: 0, Avg:  0.0, Max: 0, Diff: 0, Sum: 0, Workers: 6
[5.766s][debug  ][gc,phases      ] GC(20)     Total                          Min: 748, Avg: 892.5, Max: 1024, Diff: 276, Sum: 5355, Workers: 6
[5.766s][debug  ][gc,phases      ] GC(20)   ResolvedMethodTable Weak       Min:  0.0, Avg:  0.0, Max:  0.0, Diff:  0.0, Sum:  0.0, Workers: 6
[5.766s][debug  ][gc,phases      ] GC(20)     Dead                           Min: 0, Avg:  0.0, Max: 0, Diff: 0, Sum: 0, Workers: 6
[5.766s][debug  ][gc,phases      ] GC(20)     Total                          Min: 0, Avg: 21.5, Max: 64, Diff: 64, Sum: 129, Workers: 6
[5.766s][debug  ][gc,phases      ] GC(20)   JNI Weak                       Min:  0.0, Avg:  0.0, Max:  0.0, Diff:  0.0, Sum:  0.0, Workers: 6
[5.766s][debug  ][gc,phases      ] GC(20)     Dead                           Min: 0, Avg:  0.0, Max: 0, Diff: 0, Sum: 0, Workers: 6
[5.766s][debug  ][gc,phases      ] GC(20)     Total                          Min: 0, Avg:  0.0, Max: 0, Diff: 0, Sum: 0, Workers: 6
[5.766s][debug  ][gc,phases      ] GC(20)   StringDedup Table Weak         Min:  0.0, Avg:  0.0, Max:  0.0, Diff:  0.0, Sum:  0.0, Workers: 6
[5.766s][debug  ][gc,phases      ] GC(20)     Dead                           Min: 0, Avg:  0.0, Max: 0, Diff: 0, Sum: 0, Workers: 6
[5.766s][debug  ][gc,phases      ] GC(20)     Total                          Min: 0, Avg:  0.0, Max: 0, Diff: 0, Sum: 0, Workers: 6
[5.766s][debug  ][gc,phases      ] GC(20)   StringDedup Requests0 Weak     Min:  0.0, Avg:  0.0, Max:  0.0, Diff:  0.0, Sum:  0.0, Workers: 6
[5.766s][debug  ][gc,phases      ] GC(20)     Dead                           Min: 0, Avg:  0.0, Max: 0, Diff: 0, Sum: 0, Workers: 6
[5.766s][debug  ][gc,phases      ] GC(20)     Total                          Min: 0, Avg:  0.0, Max: 0, Diff: 0, Sum: 0, Workers: 6
[5.766s][debug  ][gc,phases      ] GC(20)   StringDedup Requests1 Weak     Min:  0.0, Avg:  0.0, Max:  0.0, Diff:  0.0, Sum:  0.0, Workers: 6
[5.767s][debug  ][gc,phases      ] GC(20)     Dead                           Min: 0, Avg:  0.0, Max: 0, Diff: 0, Sum: 0, Workers: 6
[5.767s][debug  ][gc,phases      ] GC(20)     Total                          Min: 0, Avg:  0.0, Max: 0, Diff: 0, Sum: 0, Workers: 6
[5.767s][debug  ][gc,phases      ] GC(20)   Weak JFR Old Object Samples    Min:  0.0, Avg:  0.0, Max:  0.0, Diff:  0.0, Sum:  0.0, Workers: 6
[5.767s][debug  ][gc,phases      ] GC(20)     Dead                           Min: 0, Avg:  0.0, Max: 0, Diff: 0, Sum: 0, Workers: 6
[5.767s][debug  ][gc,phases      ] GC(20)     Total                          Min: 0, Avg:  0.0, Max: 0, Diff: 0, Sum: 0, Workers: 6
[5.767s][debug  ][gc,phases      ] GC(20) Weak Processing 0.686ms
[5.767s][debug  ][gc,ergo        ] GC(20) AdaptiveSizeStart:  collection: 21 
[5.767s][debug  ][gc,ergo        ] GC(20) avg_survived_padded_avg: 33405372.000000
[5.767s][debug  ][gc,ergo        ] GC(20) avg_promoted_padded_avg: 255181360.000000  avg_pretenured_padded_avg: 0.000000  tenuring_thresh: 1  target_size: 33554432
[5.767s][debug  ][gc,age         ] GC(20) Desired survivor size 33554432 bytes, new threshold 1 (max threshold 15)
[5.767s][debug  ][gc,ergo        ] GC(20) PSAdaptiveSizePolicy::compute_eden_space_size limits: desired_eden_size: 254967763 old_eden_size: 200278016 eden_limit: 200802304 cur_eden: 200802304 max_eden_size: 200802304 avg_young_live: 26861940
[5.767s][debug  ][gc,ergo        ] GC(20) PSAdaptiveSizePolicy::compute_eden_space_size: costs minor_time: 0.051488 major_cost: 0.025261 mutator_cost: 0.923250 throughput_goal: 0.990000
[5.767s][debug  ][gc,ergo        ] GC(20) Live_space: 865929856 free_space: 641728512
[5.767s][debug  ][gc,ergo        ] GC(20) Old eden_size: 200278016 desired_eden_size: 200802304
[5.767s][debug  ][gc,ergo        ] GC(20) AdaptiveSizeStop: collection: 21 
[5.767s][info   ][gc,heap        ] GC(20) PSYoungGen: 218815K(229376K)->30720K(228864K) Eden: 188095K(196096K)->0K(196096K) From: 30720K(33280K)->30720K(32768K)
[5.767s][info   ][gc,heap        ] GC(20) ParOldGen: 882276K(1372672K)->1066596K(1372672K)
[5.767s][info   ][gc,metaspace   ] GC(20) Metaspace: 1021K(1216K)->1021K(1216K) NonClass: 937K(1024K)->937K(1024K) Class: 83K(192K)->83K(192K)
[5.767s][info   ][gc             ] GC(20) Pause Young (Allocation Failure) 1075M->1071M(1564M) 20.540ms
[5.767s][info   ][gc,cpu         ] GC(20) User=0.02s Sys=0.09s Real=0.02s
[5.767s][debug  ][gc,heap        ] GC(20) Heap after GC invocations=21 (full 3):
[5.767s][debug  ][gc,heap        ] GC(20)  PSYoungGen      total 228864K, used 30720K [0x00000000f0000000, 0x0000000100000000, 0x0000000100000000)
[5.767s][debug  ][gc,heap        ] GC(20)   eden space 196096K, 0% used [0x00000000f0000000,0x00000000f0000000,0x00000000fbf80000)
[5.767s][debug  ][gc,heap        ] GC(20)   from space 32768K, 93% used [0x00000000fbf80000,0x00000000fdd80030,0x00000000fdf80000)
[5.767s][debug  ][gc,heap        ] GC(20)   to   space 32768K, 0% used [0x00000000fe000000,0x00000000fe000000,0x0000000100000000)
[5.767s][debug  ][gc,heap        ] GC(20)  ParOldGen       total 1372672K, used 1066596K [0x0000000080000000, 0x00000000d3c80000, 0x00000000f0000000)
[5.767s][debug  ][gc,heap        ] GC(20)   object space 1372672K, 77% used [0x0000000080000000,0x00000000c1199288,0x00000000d3c80000)
[5.767s][debug  ][gc,heap        ] GC(20)  Metaspace       used 1021K, committed 1216K, reserved 1056768K
[5.767s][debug  ][gc,heap        ] GC(20)   class space    used 83K, committed 192K, reserved 1048576K
[5.767s][debug  ][gc,task,time   ] GC(20) VM-Thread 57459836 57653507 57672168
[6.049s][debug  ][gc,heap        ] GC(21) Heap before GC invocations=22 (full 3):
[6.049s][debug  ][gc,heap        ] GC(21)  PSYoungGen      total 228864K, used 218839K [0x00000000f0000000, 0x0000000100000000, 0x0000000100000000)
[6.049s][debug  ][gc,heap        ] GC(21)   eden space 196096K, 95% used [0x00000000f0000000,0x00000000fb7b5e40,0x00000000fbf80000)
[6.049s][debug  ][gc,heap        ] GC(21)   from space 32768K, 93% used [0x00000000fbf80000,0x00000000fdd80030,0x00000000fdf80000)
[6.049s][debug  ][gc,heap        ] GC(21)   to   space 32768K, 0% used [0x00000000fe000000,0x00000000fe000000,0x0000000100000000)
[6.049s][debug  ][gc,heap        ] GC(21)  ParOldGen       total 1372672K, used 1066596K [0x0000000080000000, 0x00000000d3c80000, 0x00000000f0000000)
[6.049s][debug  ][gc,heap        ] GC(21)   object space 1372672K, 77% used [0x0000000080000000,0x00000000c1199288,0x00000000d3c80000)
[6.049s][debug  ][gc,heap        ] GC(21)  Metaspace       used 1021K, committed 1216K, reserved 1056768K
[6.049s][debug  ][gc,heap        ] GC(21)   class space    used 83K, committed 192K, reserved 1048576K
[6.049s][debug  ][gc,tlab        ] GC(21) TLAB totals: thrds: 1  refills: 1 max: 1 slow allocs: 17 max 17 waste: 27.1% gc: 3890464B max: 3890464B slow: 0B max: 0B
[6.049s][info   ][gc,start       ] GC(21) Pause Young (Allocation Failure)
[6.049s][debug  ][gc,phases,start] GC(21) Scavenge
[6.068s][debug  ][gc,phases      ] GC(21) Scavenge 19.377ms
[6.069s][debug  ][gc,phases,start] GC(21) Reference Processing
[6.069s][debug  ][gc,ref         ] GC(21) Skipped phase 1 of Reference Processing: no references
[6.069s][debug  ][gc,ref         ] GC(21) Skipped phase 2 of Reference Processing: no references
[6.069s][debug  ][gc,ref         ] GC(21) Skipped phase 3 of Reference Processing: no references
[6.069s][debug  ][gc,ref         ] GC(21) Skipped phase 4 of Reference Processing: no references
[6.069s][debug  ][gc,phases,ref  ] GC(21) Reference Processing: 0.1ms
[6.069s][debug  ][gc,phases,ref  ] GC(21)   Reconsider SoftReferences: 0.0ms
[6.069s][debug  ][gc,phases,ref  ] GC(21)     SoftRef (ms):                  skipped
[6.069s][debug  ][gc,phases,ref  ] GC(21)   Notify Soft/WeakReferences: 0.0ms
[6.069s][debug  ][gc,phases,ref  ] GC(21)     SoftRef (ms):                  skipped
[6.069s][debug  ][gc,phases,ref  ] GC(21)     WeakRef (ms):                  skipped
[6.069s][debug  ][gc,phases,ref  ] GC(21)     FinalRef (ms):                 skipped
[6.069s][debug  ][gc,phases,ref  ] GC(21)     Total (ms):                    skipped
[6.069s][debug  ][gc,phases,ref  ] GC(21)   Notify and keep alive finalizable: 0.0ms
[6.069s][debug  ][gc,phases,ref  ] GC(21)     FinalRef (ms):                 skipped
[6.069s][debug  ][gc,phases,ref  ] GC(21)   Notify PhantomReferences: 0.0ms
[6.069s][debug  ][gc,phases,ref  ] GC(21)     PhantomRef (ms):               skipped
[6.069s][debug  ][gc,phases,ref  ] GC(21)   SoftReference:
[6.069s][debug  ][gc,phases,ref  ] GC(21)     Discovered: 0
[6.069s][debug  ][gc,phases,ref  ] GC(21)     Cleared: 0
[6.069s][debug  ][gc,phases,ref  ] GC(21)   WeakReference:
[6.069s][debug  ][gc,phases,ref  ] GC(21)     Discovered: 0
[6.069s][debug  ][gc,phases,ref  ] GC(21)     Cleared: 0
[6.069s][debug  ][gc,phases,ref  ] GC(21)   FinalReference:
[6.069s][debug  ][gc,phases,ref  ] GC(21)     Discovered: 0
[6.069s][debug  ][gc,phases,ref  ] GC(21)     Cleared: 0
[6.069s][debug  ][gc,phases,ref  ] GC(21)   PhantomReference:
[6.069s][debug  ][gc,phases,ref  ] GC(21)     Discovered: 0
[6.069s][debug  ][gc,phases,ref  ] GC(21)     Cleared: 0
[6.069s][debug  ][gc,phases      ] GC(21) Reference Processing 0.658ms
[6.069s][debug  ][gc,phases,start] GC(21) Weak Processing
[6.069s][debug  ][gc,phases      ] GC(21)   VM Weak                        Min:  0.0, Avg:  0.0, Max:  0.0, Diff:  0.0, Sum:  0.0, Workers: 6
[6.069s][debug  ][gc,phases      ] GC(21)     Dead                           Min: 0, Avg:  0.0, Max: 0, Diff: 0, Sum: 0, Workers: 6
[6.069s][debug  ][gc,phases      ] GC(21)     Total                          Min: 0, Avg:  1.3, Max: 8, Diff: 8, Sum: 8, Workers: 6
[6.069s][debug  ][gc,phases      ] GC(21)   ObjectSynchronizer Weak        Min:  0.0, Avg:  0.0, Max:  0.0, Diff:  0.0, Sum:  0.0, Workers: 6
[6.069s][debug  ][gc,phases      ] GC(21)     Dead                           Min: 0, Avg:  0.0, Max: 0, Diff: 0, Sum: 0, Workers: 6
[6.069s][debug  ][gc,phases      ] GC(21)     Total                          Min: 0, Avg:  0.5, Max: 3, Diff: 3, Sum: 3, Workers: 6
[6.069s][debug  ][gc,phases      ] GC(21)   JVMTI Tag Weak OopStorage      Min:  0.0, Avg:  0.0, Max:  0.0, Diff:  0.0, Sum:  0.0, Workers: 6
[6.069s][debug  ][gc,phases      ] GC(21)     Dead                           Min: 0, Avg:  0.0, Max: 0, Diff: 0, Sum: 0, Workers: 6
[6.070s][debug  ][gc,phases      ] GC(21)     Total                          Min: 0, Avg:  0.0, Max: 0, Diff: 0, Sum: 0, Workers: 6
[6.070s][debug  ][gc,phases      ] GC(21)   StringTable Weak               Min:  0.0, Avg:  0.0, Max:  0.0, Diff:  0.0, Sum:  0.0, Workers: 6
[6.070s][debug  ][gc,phases      ] GC(21)     Dead                           Min: 0, Avg:  0.0, Max: 0, Diff: 0, Sum: 0, Workers: 6
[6.070s][debug  ][gc,phases      ] GC(21)     Total                          Min: 640, Avg: 892.5, Max: 1003, Diff: 363, Sum: 5355, Workers: 6
[6.070s][debug  ][gc,phases      ] GC(21)   ResolvedMethodTable Weak       Min:  0.0, Avg:  0.0, Max:  0.0, Diff:  0.0, Sum:  0.0, Workers: 6
[6.070s][debug  ][gc,phases      ] GC(21)     Dead                           Min: 0, Avg:  0.0, Max: 0, Diff: 0, Sum: 0, Workers: 6
[6.070s][debug  ][gc,phases      ] GC(21)     Total                          Min: 0, Avg: 21.5, Max: 64, Diff: 64, Sum: 129, Workers: 6
[6.070s][debug  ][gc,phases      ] GC(21)   JNI Weak                       Min:  0.0, Avg:  0.0, Max:  0.0, Diff:  0.0, Sum:  0.0, Workers: 6
[6.070s][debug  ][gc,phases      ] GC(21)     Dead                           Min: 0, Avg:  0.0, Max: 0, Diff: 0, Sum: 0, Workers: 6
[6.070s][debug  ][gc,phases      ] GC(21)     Total                          Min: 0, Avg:  0.0, Max: 0, Diff: 0, Sum: 0, Workers: 6
[6.070s][debug  ][gc,phases      ] GC(21)   StringDedup Table Weak         Min:  0.0, Avg:  0.0, Max:  0.0, Diff:  0.0, Sum:  0.0, Workers: 6
[6.070s][debug  ][gc,phases      ] GC(21)     Dead                           Min: 0, Avg:  0.0, Max: 0, Diff: 0, Sum: 0, Workers: 6
[6.070s][debug  ][gc,phases      ] GC(21)     Total                          Min: 0, Avg:  0.0, Max: 0, Diff: 0, Sum: 0, Workers: 6
[6.070s][debug  ][gc,phases      ] GC(21)   StringDedup Requests0 Weak     Min:  0.0, Avg:  0.0, Max:  0.0, Diff:  0.0, Sum:  0.0, Workers: 6
[6.070s][debug  ][gc,phases      ] GC(21)     Dead                           Min: 0, Avg:  0.0, Max: 0, Diff: 0, Sum: 0, Workers: 6
[6.070s][debug  ][gc,phases      ] GC(21)     Total                          Min: 0, Avg:  0.0, Max: 0, Diff: 0, Sum: 0, Workers: 6
[6.070s][debug  ][gc,phases      ] GC(21)   StringDedup Requests1 Weak     Min:  0.0, Avg:  0.0, Max:  0.0, Diff:  0.0, Sum:  0.0, Workers: 6
[6.070s][debug  ][gc,phases      ] GC(21)     Dead                           Min: 0, Avg:  0.0, Max: 0, Diff: 0, Sum: 0, Workers: 6
[6.070s][debug  ][gc,phases      ] GC(21)     Total                          Min: 0, Avg:  0.0, Max: 0, Diff: 0, Sum: 0, Workers: 6
[6.070s][debug  ][gc,phases      ] GC(21)   Weak JFR Old Object Samples    Min:  0.0, Avg:  0.0, Max:  0.0, Diff:  0.0, Sum:  0.0, Workers: 6
[6.070s][debug  ][gc,phases      ] GC(21)     Dead                           Min: 0, Avg:  0.0, Max: 0, Diff: 0, Sum: 0, Workers: 6
[6.070s][debug  ][gc,phases      ] GC(21)     Total                          Min: 0, Avg:  0.0, Max: 0, Diff: 0, Sum: 0, Workers: 6
[6.070s][debug  ][gc,phases      ] GC(21) Weak Processing 0.789ms
[6.070s][debug  ][gc,ergo        ] GC(21) AdaptiveSizeStart:  collection: 22 
[6.070s][debug  ][gc,ergo        ] GC(21) avg_survived_padded_avg: 33321418.000000
[6.070s][debug  ][gc,ergo        ] GC(21) avg_promoted_padded_avg: 257245808.000000  avg_pretenured_padded_avg: 0.000000  tenuring_thresh: 1  target_size: 33554432
[6.070s][debug  ][gc,age         ] GC(21) Desired survivor size 33554432 bytes, new threshold 1 (max threshold 15)
[6.070s][debug  ][gc,ergo        ] GC(21) PSAdaptiveSizePolicy::compute_eden_space_size limits: desired_eden_size: 256404927 old_eden_size: 200802304 eden_limit: 201326592 cur_eden: 200802304 max_eden_size: 201326592 avg_young_live: 27321478
[6.070s][debug  ][gc,ergo        ] GC(21) PSAdaptiveSizePolicy::compute_eden_space_size: costs minor_time: 0.055876 major_cost: 0.025261 mutator_cost: 0.918862 throughput_goal: 0.990000
[6.070s][debug  ][gc,ergo        ] GC(21) Live_space: 866389376 free_space: 642252800
[6.070s][debug  ][gc,ergo        ] GC(21) Old eden_size: 200802304 desired_eden_size: 201326592
[6.070s][debug  ][gc,ergo        ] GC(21) AdaptiveSizeStop: collection: 22 
[6.070s][info   ][gc,heap        ] GC(21) PSYoungGen: 218839K(228864K)->30720K(229376K) Eden: 188119K(196096K)->0K(196608K) From: 30720K(32768K)->30720K(32768K)
[6.070s][info   ][gc,heap        ] GC(21) ParOldGen: 1066596K(1372672K)->1250916K(1372672K)
[6.070s][info   ][gc,metaspace   ] GC(21) Metaspace: 1021K(1216K)->1021K(1216K) NonClass: 937K(1024K)->937K(1024K) Class: 83K(192K)->83K(192K)
[6.070s][info   ][gc             ] GC(21) Pause Young (Allocation Failure) 1255M->1251M(1564M) 21.268ms
[6.070s][info   ][gc,cpu         ] GC(21) User=0.02s Sys=0.09s Real=0.02s
[6.070s][debug  ][gc,heap        ] GC(21) Heap after GC invocations=22 (full 3):
[6.070s][debug  ][gc,heap        ] GC(21)  PSYoungGen      total 229376K, used 30720K [0x00000000f0000000, 0x0000000100000000, 0x0000000100000000)
[6.070s][debug  ][gc,heap        ] GC(21)   eden space 196608K, 0% used [0x00000000f0000000,0x00000000f0000000,0x00000000fc000000)
[6.070s][debug  ][gc,heap        ] GC(21)   from space 32768K, 93% used [0x00000000fe000000,0x00000000ffe00030,0x0000000100000000)
[6.070s][debug  ][gc,heap        ] GC(21)   to   space 32768K, 0% used [0x00000000fc000000,0x00000000fc000000,0x00000000fe000000)
[6.070s][debug  ][gc,heap        ] GC(21)  ParOldGen       total 1372672K, used 1250916K [0x0000000080000000, 0x00000000d3c80000, 0x00000000f0000000)
[6.070s][debug  ][gc,heap        ] GC(21)   object space 1372672K, 91% used [0x0000000080000000,0x00000000cc5993a8,0x00000000d3c80000)
[6.070s][debug  ][gc,heap        ] GC(21)  Metaspace       used 1021K, committed 1216K, reserved 1056768K
[6.071s][debug  ][gc,heap        ] GC(21)   class space    used 83K, committed 192K, reserved 1048576K
[6.071s][debug  ][gc,task,time   ] GC(21) VM-Thread 60485849 60685402 60705376
[6.071s][debug  ][gc,phases,start] GC(22) Pre Compact
[6.071s][debug  ][gc,heap        ] GC(22) Heap before GC invocations=23 (full 4):
[6.071s][debug  ][gc,heap        ] GC(22)  PSYoungGen      total 229376K, used 30720K [0x00000000f0000000, 0x0000000100000000, 0x0000000100000000)
[6.071s][debug  ][gc,heap        ] GC(22)   eden space 196608K, 0% used [0x00000000f0000000,0x00000000f0000000,0x00000000fc000000)
[6.071s][debug  ][gc,heap        ] GC(22)   from space 32768K, 93% used [0x00000000fe000000,0x00000000ffe00030,0x0000000100000000)
[6.071s][debug  ][gc,heap        ] GC(22)   to   space 32768K, 0% used [0x00000000fc000000,0x00000000fc000000,0x00000000fe000000)
[6.071s][debug  ][gc,heap        ] GC(22)  ParOldGen       total 1372672K, used 1250916K [0x0000000080000000, 0x00000000d3c80000, 0x00000000f0000000)
[6.071s][debug  ][gc,heap        ] GC(22)   object space 1372672K, 91% used [0x0000000080000000,0x00000000cc5993a8,0x00000000d3c80000)
[6.071s][debug  ][gc,heap        ] GC(22)  Metaspace       used 1021K, committed 1216K, reserved 1056768K
[6.071s][debug  ][gc,heap        ] GC(22)   class space    used 83K, committed 192K, reserved 1048576K
[6.071s][debug  ][gc,phases      ] GC(22) Pre Compact 0.204ms
[6.071s][info   ][gc,start       ] GC(22) Pause Full (Ergonomics)
[6.071s][info   ][gc,phases,start] GC(22) Marking Phase
[6.071s][debug  ][gc,phases,start] GC(22) Par Mark
[6.071s][debug  ][gc,phases      ] GC(22) Par Mark 0.529ms
[6.071s][debug  ][gc,phases,start] GC(22) Reference Processing
[6.071s][debug  ][gc,ref         ] GC(22) Skipped phase 1 of Reference Processing: no references
[6.071s][debug  ][gc,ref         ] GC(22) ReferenceProcessor::execute queues: 1, RefProcThreadModel::Single, marks_oops_alive: false
[6.071s][debug  ][gc,ref         ] GC(22) Skipped phase 3 of Reference Processing: no references
[6.072s][debug  ][gc,ref         ] GC(22) ReferenceProcessor::execute queues: 1, RefProcThreadModel::Single, marks_oops_alive: false
[6.072s][debug  ][gc,phases,ref  ] GC(22) Reference Processing: 0.1ms
[6.072s][debug  ][gc,phases,ref  ] GC(22)   Reconsider SoftReferences: 0.0ms
[6.072s][debug  ][gc,phases,ref  ] GC(22)     SoftRef (ms):                  skipped
[6.072s][debug  ][gc,phases,ref  ] GC(22)   Notify Soft/WeakReferences: 0.0ms
[6.072s][debug  ][gc,phases,ref  ] GC(22)     SoftRef (ms):                  Min:  0.0, Avg:  0.0, Max:  0.0, Diff:  0.0, Sum:  0.0, Workers: 8
[6.072s][debug  ][gc,phases,ref  ] GC(22)     WeakRef (ms):                  Min:  0.0, Avg:  0.0, Max:  0.0, Diff:  0.0, Sum:  0.0, Workers: 8
[6.072s][debug  ][gc,phases,ref  ] GC(22)     FinalRef (ms):                 Min:  0.0, Avg:  0.0, Max:  0.0, Diff:  0.0, Sum:  0.0, Workers: 8
[6.072s][debug  ][gc,phases,ref  ] GC(22)     Total (ms):                    Min:  0.0, Avg:  0.0, Max:  0.0, Diff:  0.0, Sum:  0.0, Workers: 8
[6.072s][debug  ][gc,phases,ref  ] GC(22)   Notify and keep alive finalizable: 0.0ms
[6.072s][debug  ][gc,phases,ref  ] GC(22)     FinalRef (ms):                 skipped
[6.072s][debug  ][gc,phases,ref  ] GC(22)   Notify PhantomReferences: 0.0ms
[6.072s][debug  ][gc,phases,ref  ] GC(22)     PhantomRef (ms):               Min:  0.0, Avg:  0.0, Max:  0.0, Diff:  0.0, Sum:  0.0, Workers: 8
[6.072s][debug  ][gc,phases,ref  ] GC(22)   SoftReference:
[6.072s][debug  ][gc,phases,ref  ] GC(22)     Discovered: 0
[6.072s][debug  ][gc,phases,ref  ] GC(22)     Cleared: 0
[6.072s][debug  ][gc,phases,ref  ] GC(22)   WeakReference:
[6.072s][debug  ][gc,phases,ref  ] GC(22)     Discovered: 83
[6.072s][debug  ][gc,phases,ref  ] GC(22)     Cleared: 83
[6.072s][debug  ][gc,phases,ref  ] GC(22)   FinalReference:
[6.072s][debug  ][gc,phases,ref  ] GC(22)     Discovered: 0
[6.072s][debug  ][gc,phases,ref  ] GC(22)     Cleared: 0
[6.072s][debug  ][gc,phases,ref  ] GC(22)   PhantomReference:
[6.072s][debug  ][gc,phases,ref  ] GC(22)     Discovered: 5
[6.072s][debug  ][gc,phases,ref  ] GC(22)     Cleared: 5
[6.072s][debug  ][gc,phases      ] GC(22) Reference Processing 0.653ms
[6.072s][debug  ][gc,phases,start] GC(22) Weak Processing
[6.072s][debug  ][gc,phases      ] GC(22)   VM Weak                        Min:  0.0, Avg:  0.0, Max:  0.0, Diff:  0.0, Sum:  0.0, Workers: 6
[6.072s][debug  ][gc,phases      ] GC(22)     Dead                           Min: 0, Avg:  0.0, Max: 0, Diff: 0, Sum: 0, Workers: 6
[6.072s][debug  ][gc,phases      ] GC(22)     Total                          Min: 0, Avg:  1.3, Max: 8, Diff: 8, Sum: 8, Workers: 6
[6.072s][debug  ][gc,phases      ] GC(22)   ObjectSynchronizer Weak        Min:  0.0, Avg:  0.0, Max:  0.0, Diff:  0.0, Sum:  0.0, Workers: 6
[6.072s][debug  ][gc,phases      ] GC(22)     Dead                           Min: 0, Avg:  0.0, Max: 0, Diff: 0, Sum: 0, Workers: 6
[6.072s][debug  ][gc,phases      ] GC(22)     Total                          Min: 0, Avg:  0.5, Max: 3, Diff: 3, Sum: 3, Workers: 6
[6.072s][debug  ][gc,phases      ] GC(22)   JVMTI Tag Weak OopStorage      Min:  0.0, Avg:  0.0, Max:  0.0, Diff:  0.0, Sum:  0.0, Workers: 6
[6.072s][debug  ][gc,phases      ] GC(22)     Dead                           Min: 0, Avg:  0.0, Max: 0, Diff: 0, Sum: 0, Workers: 6
[6.072s][debug  ][gc,phases      ] GC(22)     Total                          Min: 0, Avg:  0.0, Max: 0, Diff: 0, Sum: 0, Workers: 6
[6.072s][debug  ][gc,phases      ] GC(22)   StringTable Weak               Min:  0.0, Avg:  0.0, Max:  0.0, Diff:  0.0, Sum:  0.0, Workers: 6
[6.072s][debug  ][gc,phases      ] GC(22)     Dead                           Min: 0, Avg:  0.0, Max: 0, Diff: 0, Sum: 0, Workers: 6
[6.072s][debug  ][gc,phases      ] GC(22)     Total                          Min: 640, Avg: 892.5, Max: 1068, Diff: 428, Sum: 5355, Workers: 6
[6.072s][debug  ][gc,phases      ] GC(22)   ResolvedMethodTable Weak       Min:  0.0, Avg:  0.0, Max:  0.0, Diff:  0.0, Sum:  0.0, Workers: 6
[6.072s][debug  ][gc,phases      ] GC(22)     Dead                           Min: 0, Avg:  0.0, Max: 0, Diff: 0, Sum: 0, Workers: 6
[6.072s][debug  ][gc,phases      ] GC(22)     Total                          Min: 0, Avg: 21.5, Max: 64, Diff: 64, Sum: 129, Workers: 6
[6.072s][debug  ][gc,phases      ] GC(22)   JNI Weak                       Min:  0.0, Avg:  0.0, Max:  0.0, Diff:  0.0, Sum:  0.0, Workers: 6
[6.072s][debug  ][gc,phases      ] GC(22)     Dead                           Min: 0, Avg:  0.0, Max: 0, Diff: 0, Sum: 0, Workers: 6
[6.072s][debug  ][gc,phases      ] GC(22)     Total                          Min: 0, Avg:  0.0, Max: 0, Diff: 0, Sum: 0, Workers: 6
[6.072s][debug  ][gc,phases      ] GC(22)   StringDedup Table Weak         Min:  0.0, Avg:  0.0, Max:  0.0, Diff:  0.0, Sum:  0.0, Workers: 6
[6.073s][debug  ][gc,phases      ] GC(22)     Dead                           Min: 0, Avg:  0.0, Max: 0, Diff: 0, Sum: 0, Workers: 6
[6.073s][debug  ][gc,phases      ] GC(22)     Total                          Min: 0, Avg:  0.0, Max: 0, Diff: 0, Sum: 0, Workers: 6
[6.073s][debug  ][gc,phases      ] GC(22)   StringDedup Requests0 Weak     Min:  0.0, Avg:  0.0, Max:  0.0, Diff:  0.0, Sum:  0.0, Workers: 6
[6.073s][debug  ][gc,phases      ] GC(22)     Dead                           Min: 0, Avg:  0.0, Max: 0, Diff: 0, Sum: 0, Workers: 6
[6.073s][debug  ][gc,phases      ] GC(22)     Total                          Min: 0, Avg:  0.0, Max: 0, Diff: 0, Sum: 0, Workers: 6
[6.073s][debug  ][gc,phases      ] GC(22)   StringDedup Requests1 Weak     Min:  0.0, Avg:  0.0, Max:  0.0, Diff:  0.0, Sum:  0.0, Workers: 6
[6.073s][debug  ][gc,phases      ] GC(22)     Dead                           Min: 0, Avg:  0.0, Max: 0, Diff: 0, Sum: 0, Workers: 6
[6.073s][debug  ][gc,phases      ] GC(22)     Total                          Min: 0, Avg:  0.0, Max: 0, Diff: 0, Sum: 0, Workers: 6
[6.073s][debug  ][gc,phases      ] GC(22)   Weak JFR Old Object Samples    Min:  0.0, Avg:  0.0, Max:  0.0, Diff:  0.0, Sum:  0.0, Workers: 6
[6.073s][debug  ][gc,phases      ] GC(22)     Dead                           Min: 0, Avg:  0.0, Max: 0, Diff: 0, Sum: 0, Workers: 6
[6.073s][debug  ][gc,phases      ] GC(22)     Total                          Min: 0, Avg:  0.0, Max: 0, Diff: 0, Sum: 0, Workers: 6
[6.073s][debug  ][gc,phases      ] GC(22) Weak Processing 0.658ms
[6.073s][debug  ][gc,phases,start] GC(22) Class Unloading
[6.073s][debug  ][gc,phases,start] GC(22) ClassLoaderData
[6.073s][debug  ][gc,phases      ] GC(22) ClassLoaderData 0.019ms
[6.073s][debug  ][gc,phases,start] GC(22) Trigger cleanups
[6.073s][debug  ][gc,phases      ] GC(22) Trigger cleanups 0.019ms
[6.073s][debug  ][gc,phases      ] GC(22) Class Unloading 0.252ms
[6.073s][info   ][gc,phases      ] GC(22) Marking Phase 2.219ms
[6.073s][info   ][gc,phases,start] GC(22) Summary Phase
[6.073s][info   ][gc,phases      ] GC(22) Summary Phase 0.032ms
[6.073s][info   ][gc,phases,start] GC(22) Adjust Roots
[6.073s][info   ][gc,phases      ] GC(22) Adjust Roots 0.154ms
[6.073s][info   ][gc,phases,start] GC(22) Compaction Phase
[6.117s][info   ][gc,phases      ] GC(22) Compaction Phase 44.094ms
[6.117s][info   ][gc,phases,start] GC(22) Post Compact
[6.121s][info   ][gc,phases      ] GC(22) Post Compact 3.801ms
[6.121s][debug  ][gc,ergo        ] GC(22) AdaptiveSizeStart: collection: 23 
[6.121s][debug  ][gc,ergo        ] GC(22) PSAdaptiveSizePolicy::compute_eden_space_size limits: desired_eden_size: 254501173 old_eden_size: 201326592 eden_limit: 201326592 cur_eden: 201326592 max_eden_size: 201326592 avg_young_live: 24589330
[6.121s][debug  ][gc,ergo        ] GC(22) PSAdaptiveSizePolicy::compute_eden_space_size: costs minor_time: 0.055876 major_cost: 0.028966 mutator_cost: 0.915157 throughput_goal: 0.990000
[6.121s][debug  ][gc,ergo        ] GC(22) Live_space: 863657216 free_space: 642777088
[6.121s][debug  ][gc,ergo        ] GC(22) Old eden_size: 201326592 desired_eden_size: 201326592
[6.121s][debug  ][gc,ergo        ] GC(22) PSAdaptiveSizePolicy::compute_old_gen_free_space: costs minor_time: 0.055876 major_cost: 0.028966  mutator_cost: 0.915157 throughput_goal: 0.990000
[6.121s][debug  ][gc,ergo        ] GC(22) Live_space: 828896896 free_space: 642777088
[6.122s][debug  ][gc,ergo        ] GC(22) Old promo_size: 441450496 desired_promo_size: 532152320
[6.125s][debug  ][gc             ] GC(22) Shrinking ParOldGen from 1372672K by 180224K to 1192448K
[6.125s][debug  ][gc,ergo        ] GC(22) AdaptiveSizeStop: collection: 23 
[6.125s][info   ][gc,heap        ] GC(22) PSYoungGen: 30720K(229376K)->0K(229376K) Eden: 0K(196608K)->0K(196608K) From: 30720K(32768K)->0K(32768K)
[6.125s][info   ][gc,heap        ] GC(22) ParOldGen: 1250916K(1372672K)->421475K(1192448K)
[6.125s][info   ][gc,metaspace   ] GC(22) Metaspace: 1021K(1216K)->1021K(1216K) NonClass: 937K(1024K)->937K(1024K) Class: 83K(192K)->83K(192K)
[6.125s][info   ][gc             ] GC(22) Pause Full (Ergonomics) 1251M->411M(1388M) 54.218ms
[6.125s][info   ][gc,cpu         ] GC(22) User=0.25s Sys=0.02s Real=0.06s
[6.125s][debug  ][gc,heap        ] GC(22) Heap after GC invocations=23 (full 4):
[6.125s][debug  ][gc,heap        ] GC(22)  PSYoungGen      total 229376K, used 0K [0x00000000f0000000, 0x0000000100000000, 0x0000000100000000)
[6.125s][debug  ][gc,heap        ] GC(22)   eden space 196608K, 0% used [0x00000000f0000000,0x00000000f0000000,0x00000000fc000000)
[6.125s][debug  ][gc,heap        ] GC(22)   from space 32768K, 0% used [0x00000000fc000000,0x00000000fc000000,0x00000000fe000000)
[6.125s][debug  ][gc,heap        ] GC(22)   to   space 32768K, 0% used [0x00000000fe000000,0x00000000fe000000,0x0000000100000000)
[6.125s][debug  ][gc,heap        ] GC(22)  ParOldGen       total 1192448K, used 421475K [0x0000000080000000, 0x00000000c8c80000, 0x00000000f0000000)
[6.125s][debug  ][gc,heap        ] GC(22)   object space 1192448K, 35% used [0x0000000080000000,0x0000000099b98e98,0x00000000c8c80000)
[6.125s][debug  ][gc,heap        ] GC(22)  Metaspace       used 1021K, committed 1216K, reserved 1056768K
[6.125s][debug  ][gc,heap        ] GC(22)   class space    used 83K, committed 192K, reserved 1048576K
[6.125s][debug  ][gc,task,time   ] GC(22) VM-Thread 60708102 60732947 61250566
[6.414s][debug  ][gc,heap        ] GC(23) Heap before GC invocations=24 (full 4):
[6.414s][debug  ][gc,heap        ] GC(23)  PSYoungGen      total 229376K, used 188144K [0x00000000f0000000, 0x0000000100000000, 0x0000000100000000)
[6.414s][debug  ][gc,heap        ] GC(23)   eden space 196608K, 95% used [0x00000000f0000000,0x00000000fb7bc2e0,0x00000000fc000000)
[6.414s][debug  ][gc,heap        ] GC(23)   from space 32768K, 0% used [0x00000000fc000000,0x00000000fc000000,0x00000000fe000000)
[6.414s][debug  ][gc,heap        ] GC(23)   to   space 32768K, 0% used [0x00000000fe000000,0x00000000fe000000,0x0000000100000000)
[6.414s][debug  ][gc,heap        ] GC(23)  ParOldGen       total 1192448K, used 421475K [0x0000000080000000, 0x00000000c8c80000, 0x00000000f0000000)
[6.414s][debug  ][gc,heap        ] GC(23)   object space 1192448K, 35% used [0x0000000080000000,0x0000000099b98e98,0x00000000c8c80000)
[6.414s][debug  ][gc,heap        ] GC(23)  Metaspace       used 1021K, committed 1216K, reserved 1056768K
[6.414s][debug  ][gc,heap        ] GC(23)   class space    used 83K, committed 192K, reserved 1048576K
[6.414s][debug  ][gc,tlab        ] GC(23) TLAB totals: thrds: 1  refills: 1 max: 1 slow allocs: 17 max 17 waste: 27.2% gc: 3916224B max: 3916224B slow: 0B max: 0B
[6.414s][info   ][gc,start       ] GC(23) Pause Young (Allocation Failure)
[6.414s][debug  ][gc,phases,start] GC(23) Scavenge
[6.427s][debug  ][gc,phases      ] GC(23) Scavenge 12.621ms
[6.427s][debug  ][gc,phases,start] GC(23) Reference Processing
[6.427s][debug  ][gc,ref         ] GC(23) Skipped phase 1 of Reference Processing: no references
[6.427s][debug  ][gc,ref         ] GC(23) Skipped phase 2 of Reference Processing: no references
[6.427s][debug  ][gc,ref         ] GC(23) Skipped phase 3 of Reference Processing: no references
[6.427s][debug  ][gc,ref         ] GC(23) Skipped phase 4 of Reference Processing: no references
[6.427s][debug  ][gc,phases,ref  ] GC(23) Reference Processing: 0.1ms
[6.427s][debug  ][gc,phases,ref  ] GC(23)   Reconsider SoftReferences: 0.0ms
[6.427s][debug  ][gc,phases,ref  ] GC(23)     SoftRef (ms):                  skipped
[6.427s][debug  ][gc,phases,ref  ] GC(23)   Notify Soft/WeakReferences: 0.0ms
[6.427s][debug  ][gc,phases,ref  ] GC(23)     SoftRef (ms):                  skipped
[6.427s][debug  ][gc,phases,ref  ] GC(23)     WeakRef (ms):                  skipped
[6.427s][debug  ][gc,phases,ref  ] GC(23)     FinalRef (ms):                 skipped
[6.427s][debug  ][gc,phases,ref  ] GC(23)     Total (ms):                    skipped
[6.427s][debug  ][gc,phases,ref  ] GC(23)   Notify and keep alive finalizable: 0.0ms
[6.427s][debug  ][gc,phases,ref  ] GC(23)     FinalRef (ms):                 skipped
[6.427s][debug  ][gc,phases,ref  ] GC(23)   Notify PhantomReferences: 0.0ms
[6.427s][debug  ][gc,phases,ref  ] GC(23)     PhantomRef (ms):               skipped
[6.427s][debug  ][gc,phases,ref  ] GC(23)   SoftReference:
[6.427s][debug  ][gc,phases,ref  ] GC(23)     Discovered: 0
[6.427s][debug  ][gc,phases,ref  ] GC(23)     Cleared: 0
[6.427s][debug  ][gc,phases,ref  ] GC(23)   WeakReference:
[6.427s][debug  ][gc,phases,ref  ] GC(23)     Discovered: 0
[6.427s][debug  ][gc,phases,ref  ] GC(23)     Cleared: 0
[6.427s][debug  ][gc,phases,ref  ] GC(23)   FinalReference:
[6.427s][debug  ][gc,phases,ref  ] GC(23)     Discovered: 0
[6.427s][debug  ][gc,phases,ref  ] GC(23)     Cleared: 0
[6.427s][debug  ][gc,phases,ref  ] GC(23)   PhantomReference:
[6.427s][debug  ][gc,phases,ref  ] GC(23)     Discovered: 0
[6.427s][debug  ][gc,phases,ref  ] GC(23)     Cleared: 0
[6.428s][debug  ][gc,phases      ] GC(23) Reference Processing 0.677ms
[6.428s][debug  ][gc,phases,start] GC(23) Weak Processing
[6.428s][debug  ][gc,phases      ] GC(23)   VM Weak                        Min:  0.0, Avg:  0.0, Max:  0.0, Diff:  0.0, Sum:  0.0, Workers: 6
[6.428s][debug  ][gc,phases      ] GC(23)     Dead                           Min: 0, Avg:  0.0, Max: 0, Diff: 0, Sum: 0, Workers: 6
[6.428s][debug  ][gc,phases      ] GC(23)     Total                          Min: 0, Avg:  1.3, Max: 8, Diff: 8, Sum: 8, Workers: 6
[6.428s][debug  ][gc,phases      ] GC(23)   ObjectSynchronizer Weak        Min:  0.0, Avg:  0.0, Max:  0.0, Diff:  0.0, Sum:  0.0, Workers: 6
[6.428s][debug  ][gc,phases      ] GC(23)     Dead                           Min: 0, Avg:  0.0, Max: 0, Diff: 0, Sum: 0, Workers: 6
[6.428s][debug  ][gc,phases      ] GC(23)     Total                          Min: 0, Avg:  0.5, Max: 3, Diff: 3, Sum: 3, Workers: 6
[6.428s][debug  ][gc,phases      ] GC(23)   JVMTI Tag Weak OopStorage      Min:  0.0, Avg:  0.0, Max:  0.0, Diff:  0.0, Sum:  0.0, Workers: 6
[6.428s][debug  ][gc,phases      ] GC(23)     Dead                           Min: 0, Avg:  0.0, Max: 0, Diff: 0, Sum: 0, Workers: 6
[6.428s][debug  ][gc,phases      ] GC(23)     Total                          Min: 0, Avg:  0.0, Max: 0, Diff: 0, Sum: 0, Workers: 6
[6.428s][debug  ][gc,phases      ] GC(23)   StringTable Weak               Min:  0.0, Avg:  0.0, Max:  0.0, Diff:  0.0, Sum:  0.0, Workers: 6
[6.428s][debug  ][gc,phases      ] GC(23)     Dead                           Min: 0, Avg:  0.0, Max: 0, Diff: 0, Sum: 0, Workers: 6
[6.428s][debug  ][gc,phases      ] GC(23)     Total                          Min: 768, Avg: 892.5, Max: 1151, Diff: 383, Sum: 5355, Workers: 6
[6.428s][debug  ][gc,phases      ] GC(23)   ResolvedMethodTable Weak       Min:  0.0, Avg:  0.0, Max:  0.0, Diff:  0.0, Sum:  0.0, Workers: 6
[6.428s][debug  ][gc,phases      ] GC(23)     Dead                           Min: 0, Avg:  0.0, Max: 0, Diff: 0, Sum: 0, Workers: 6
[6.428s][debug  ][gc,phases      ] GC(23)     Total                          Min: 0, Avg: 21.5, Max: 64, Diff: 64, Sum: 129, Workers: 6
[6.428s][debug  ][gc,phases      ] GC(23)   JNI Weak                       Min:  0.0, Avg:  0.0, Max:  0.0, Diff:  0.0, Sum:  0.0, Workers: 6
[6.428s][debug  ][gc,phases      ] GC(23)     Dead                           Min: 0, Avg:  0.0, Max: 0, Diff: 0, Sum: 0, Workers: 6
[6.428s][debug  ][gc,phases      ] GC(23)     Total                          Min: 0, Avg:  0.0, Max: 0, Diff: 0, Sum: 0, Workers: 6
[6.428s][debug  ][gc,phases      ] GC(23)   StringDedup Table Weak         Min:  0.0, Avg:  0.0, Max:  0.0, Diff:  0.0, Sum:  0.0, Workers: 6
[6.428s][debug  ][gc,phases      ] GC(23)     Dead                           Min: 0, Avg:  0.0, Max: 0, Diff: 0, Sum: 0, Workers: 6
[6.428s][debug  ][gc,phases      ] GC(23)     Total                          Min: 0, Avg:  0.0, Max: 0, Diff: 0, Sum: 0, Workers: 6
[6.428s][debug  ][gc,phases      ] GC(23)   StringDedup Requests0 Weak     Min:  0.0, Avg:  0.0, Max:  0.0, Diff:  0.0, Sum:  0.0, Workers: 6
[6.428s][debug  ][gc,phases      ] GC(23)     Dead                           Min: 0, Avg:  0.0, Max: 0, Diff: 0, Sum: 0, Workers: 6
[6.428s][debug  ][gc,phases      ] GC(23)     Total                          Min: 0, Avg:  0.0, Max: 0, Diff: 0, Sum: 0, Workers: 6
[6.428s][debug  ][gc,phases      ] GC(23)   StringDedup Requests1 Weak     Min:  0.0, Avg:  0.0, Max:  0.0, Diff:  0.0, Sum:  0.0, Workers: 6
[6.428s][debug  ][gc,phases      ] GC(23)     Dead                           Min: 0, Avg:  0.0, Max: 0, Diff: 0, Sum: 0, Workers: 6
[6.428s][debug  ][gc,phases      ] GC(23)     Total                          Min: 0, Avg:  0.0, Max: 0, Diff: 0, Sum: 0, Workers: 6
[6.428s][debug  ][gc,phases      ] GC(23)   Weak JFR Old Object Samples    Min:  0.0, Avg:  0.0, Max:  0.0, Diff:  0.0, Sum:  0.0, Workers: 6
[6.428s][debug  ][gc,phases      ] GC(23)     Dead                           Min: 0, Avg:  0.0, Max: 0, Diff: 0, Sum: 0, Workers: 6
[6.428s][debug  ][gc,phases      ] GC(23)     Total                          Min: 0, Avg:  0.0, Max: 0, Diff: 0, Sum: 0, Workers: 6
[6.428s][debug  ][gc,phases      ] GC(23) Weak Processing 0.828ms
[6.428s][debug  ][gc,ergo        ] GC(23) AdaptiveSizeStart:  collection: 24 
[6.428s][debug  ][gc,ergo        ] GC(23) avg_survived_padded_avg: 33234772.000000
[6.428s][debug  ][gc,ergo        ] GC(23) avg_promoted_padded_avg: 247906016.000000  avg_pretenured_padded_avg: 0.000000  tenuring_thresh: 1  target_size: 33554432
[6.428s][debug  ][gc,age         ] GC(23) Desired survivor size 33554432 bytes, new threshold 1 (max threshold 15)
[6.428s][debug  ][gc,ergo        ] GC(23) PSAdaptiveSizePolicy::compute_eden_space_size limits: desired_eden_size: 253129011 old_eden_size: 201326592 eden_limit: 201326592 cur_eden: 201326592 max_eden_size: 201326592 avg_young_live: 25276128
[6.429s][debug  ][gc,ergo        ] GC(23) PSAdaptiveSizePolicy::compute_eden_space_size: costs minor_time: 0.051853 major_cost: 0.028966 mutator_cost: 0.919180 throughput_goal: 0.990000
[6.429s][debug  ][gc,ergo        ] GC(23) Live_space: 829583680 free_space: 733478912
[6.429s][debug  ][gc,ergo        ] GC(23) Old eden_size: 201326592 desired_eden_size: 201326592
[6.429s][debug  ][gc,ergo        ] GC(23) AdaptiveSizeStop: collection: 24 
[6.429s][info   ][gc,heap        ] GC(23) PSYoungGen: 188144K(229376K)->30720K(229376K) Eden: 188144K(196608K)->0K(196608K) From: 0K(32768K)->30720K(32768K)
[6.429s][info   ][gc,heap        ] GC(23) ParOldGen: 421475K(1192448K)->575075K(1192448K)
[6.429s][info   ][gc,metaspace   ] GC(23) Metaspace: 1021K(1216K)->1021K(1216K) NonClass: 937K(1024K)->937K(1024K) Class: 83K(192K)->83K(192K)
[6.429s][info   ][gc             ] GC(23) Pause Young (Allocation Failure) 595M->591M(1388M) 14.607ms
[6.429s][info   ][gc,cpu         ] GC(23) User=0.12s Sys=0.00s Real=0.02s
[6.429s][debug  ][gc,heap        ] GC(23) Heap after GC invocations=24 (full 4):
[6.429s][debug  ][gc,heap        ] GC(23)  PSYoungGen      total 229376K, used 30720K [0x00000000f0000000, 0x0000000100000000, 0x0000000100000000)
[6.429s][debug  ][gc,heap        ] GC(23)   eden space 196608K, 0% used [0x00000000f0000000,0x00000000f0000000,0x00000000fc000000)
[6.429s][debug  ][gc,heap        ] GC(23)   from space 32768K, 93% used [0x00000000fe000000,0x00000000ffe00030,0x0000000100000000)
[6.429s][debug  ][gc,heap        ] GC(23)   to   space 32768K, 0% used [0x00000000fc000000,0x00000000fc000000,0x00000000fe000000)
[6.429s][debug  ][gc,heap        ] GC(23)  ParOldGen       total 1192448K, used 575075K [0x0000000080000000, 0x00000000c8c80000, 0x00000000f0000000)
[6.429s][debug  ][gc,heap        ] GC(23)   object space 1192448K, 48% used [0x0000000080000000,0x00000000a3198f88,0x00000000c8c80000)
[6.429s][debug  ][gc,heap        ] GC(23)  Metaspace       used 1021K, committed 1216K, reserved 1056768K
[6.429s][debug  ][gc,heap        ] GC(23)   class space    used 83K, committed 192K, reserved 1048576K
[6.429s][debug  ][gc,task,time   ] GC(23) VM-Thread 64136915 64268266 64289483
[6.716s][debug  ][gc,heap        ] GC(24) Heap before GC invocations=25 (full 4):
[6.716s][debug  ][gc,heap        ] GC(24)  PSYoungGen      total 229376K, used 218799K [0x00000000f0000000, 0x0000000100000000, 0x0000000100000000)
[6.716s][debug  ][gc,heap        ] GC(24)   eden space 196608K, 95% used [0x00000000f0000000,0x00000000fb7abe28,0x00000000fc000000)
[6.716s][debug  ][gc,heap        ] GC(24)   from space 32768K, 93% used [0x00000000fe000000,0x00000000ffe00030,0x0000000100000000)
[6.716s][debug  ][gc,heap        ] GC(24)   to   space 32768K, 0% used [0x00000000fc000000,0x00000000fc000000,0x00000000fe000000)
[6.716s][debug  ][gc,heap        ] GC(24)  ParOldGen       total 1192448K, used 575075K [0x0000000080000000, 0x00000000c8c80000, 0x00000000f0000000)
[6.716s][debug  ][gc,heap        ] GC(24)   object space 1192448K, 48% used [0x0000000080000000,0x00000000a3198f88,0x00000000c8c80000)
[6.716s][debug  ][gc,heap        ] GC(24)  Metaspace       used 1021K, committed 1216K, reserved 1056768K
[6.716s][debug  ][gc,heap        ] GC(24)   class space    used 83K, committed 192K, reserved 1048576K
[6.716s][debug  ][gc,tlab        ] GC(24) TLAB totals: thrds: 1  refills: 1 max: 1 slow allocs: 17 max 17 waste: 26.9% gc: 3849480B max: 3849480B slow: 0B max: 0B
[6.716s][info   ][gc,start       ] GC(24) Pause Young (Allocation Failure)
[6.716s][debug  ][gc,phases,start] GC(24) Scavenge
[6.731s][debug  ][gc,phases      ] GC(24) Scavenge 14.646ms
[6.731s][debug  ][gc,phases,start] GC(24) Reference Processing
[6.731s][debug  ][gc,ref         ] GC(24) Skipped phase 1 of Reference Processing: no references
[6.731s][debug  ][gc,ref         ] GC(24) Skipped phase 2 of Reference Processing: no references
[6.731s][debug  ][gc,ref         ] GC(24) Skipped phase 3 of Reference Processing: no references
[6.731s][debug  ][gc,ref         ] GC(24) Skipped phase 4 of Reference Processing: no references
[6.731s][debug  ][gc,phases,ref  ] GC(24) Reference Processing: 0.1ms
[6.731s][debug  ][gc,phases,ref  ] GC(24)   Reconsider SoftReferences: 0.0ms
[6.731s][debug  ][gc,phases,ref  ] GC(24)     SoftRef (ms):                  skipped
[6.731s][debug  ][gc,phases,ref  ] GC(24)   Notify Soft/WeakReferences: 0.0ms
[6.731s][debug  ][gc,phases,ref  ] GC(24)     SoftRef (ms):                  skipped
[6.731s][debug  ][gc,phases,ref  ] GC(24)     WeakRef (ms):                  skipped
[6.731s][debug  ][gc,phases,ref  ] GC(24)     FinalRef (ms):                 skipped
[6.731s][debug  ][gc,phases,ref  ] GC(24)     Total (ms):                    skipped
[6.731s][debug  ][gc,phases,ref  ] GC(24)   Notify and keep alive finalizable: 0.0ms
[6.731s][debug  ][gc,phases,ref  ] GC(24)     FinalRef (ms):                 skipped
[6.731s][debug  ][gc,phases,ref  ] GC(24)   Notify PhantomReferences: 0.0ms
[6.732s][debug  ][gc,phases,ref  ] GC(24)     PhantomRef (ms):               skipped
[6.732s][debug  ][gc,phases,ref  ] GC(24)   SoftReference:
[6.732s][debug  ][gc,phases,ref  ] GC(24)     Discovered: 0
[6.732s][debug  ][gc,phases,ref  ] GC(24)     Cleared: 0
[6.732s][debug  ][gc,phases,ref  ] GC(24)   WeakReference:
[6.732s][debug  ][gc,phases,ref  ] GC(24)     Discovered: 0
[6.732s][debug  ][gc,phases,ref  ] GC(24)     Cleared: 0
[6.732s][debug  ][gc,phases,ref  ] GC(24)   FinalReference:
[6.732s][debug  ][gc,phases,ref  ] GC(24)     Discovered: 0
[6.732s][debug  ][gc,phases,ref  ] GC(24)     Cleared: 0
[6.732s][debug  ][gc,phases,ref  ] GC(24)   PhantomReference:
[6.732s][debug  ][gc,phases,ref  ] GC(24)     Discovered: 0
[6.732s][debug  ][gc,phases,ref  ] GC(24)     Cleared: 0
[6.732s][debug  ][gc,phases      ] GC(24) Reference Processing 0.695ms
[6.732s][debug  ][gc,phases,start] GC(24) Weak Processing
[6.732s][debug  ][gc,phases      ] GC(24)   VM Weak                        Min:  0.0, Avg:  0.0, Max:  0.0, Diff:  0.0, Sum:  0.0, Workers: 6
[6.732s][debug  ][gc,phases      ] GC(24)     Dead                           Min: 0, Avg:  0.0, Max: 0, Diff: 0, Sum: 0, Workers: 6
[6.732s][debug  ][gc,phases      ] GC(24)     Total                          Min: 0, Avg:  1.3, Max: 8, Diff: 8, Sum: 8, Workers: 6
[6.732s][debug  ][gc,phases      ] GC(24)   ObjectSynchronizer Weak        Min:  0.0, Avg:  0.0, Max:  0.0, Diff:  0.0, Sum:  0.0, Workers: 6
[6.732s][debug  ][gc,phases      ] GC(24)     Dead                           Min: 0, Avg:  0.0, Max: 0, Diff: 0, Sum: 0, Workers: 6
[6.732s][debug  ][gc,phases      ] GC(24)     Total                          Min: 0, Avg:  0.5, Max: 3, Diff: 3, Sum: 3, Workers: 6
[6.732s][debug  ][gc,phases      ] GC(24)   JVMTI Tag Weak OopStorage      Min:  0.0, Avg:  0.0, Max:  0.0, Diff:  0.0, Sum:  0.0, Workers: 6
[6.732s][debug  ][gc,phases      ] GC(24)     Dead                           Min: 0, Avg:  0.0, Max: 0, Diff: 0, Sum: 0, Workers: 6
[6.732s][debug  ][gc,phases      ] GC(24)     Total                          Min: 0, Avg:  0.0, Max: 0, Diff: 0, Sum: 0, Workers: 6
[6.732s][debug  ][gc,phases      ] GC(24)   StringTable Weak               Min:  0.0, Avg:  0.0, Max:  0.0, Diff:  0.0, Sum:  0.0, Workers: 6
[6.732s][debug  ][gc,phases      ] GC(24)     Dead                           Min: 0, Avg:  0.0, Max: 0, Diff: 0, Sum: 0, Workers: 6
[6.732s][debug  ][gc,phases      ] GC(24)     Total                          Min: 768, Avg: 892.5, Max: 1068, Diff: 300, Sum: 5355, Workers: 6
[6.732s][debug  ][gc,phases      ] GC(24)   ResolvedMethodTable Weak       Min:  0.0, Avg:  0.0, Max:  0.0, Diff:  0.0, Sum:  0.0, Workers: 6
[6.732s][debug  ][gc,phases      ] GC(24)     Dead                           Min: 0, Avg:  0.0, Max: 0, Diff: 0, Sum: 0, Workers: 6
[6.732s][debug  ][gc,phases      ] GC(24)     Total                          Min: 0, Avg: 21.5, Max: 64, Diff: 64, Sum: 129, Workers: 6
[6.732s][debug  ][gc,phases      ] GC(24)   JNI Weak                       Min:  0.0, Avg:  0.0, Max:  0.0, Diff:  0.0, Sum:  0.0, Workers: 6
[6.732s][debug  ][gc,phases      ] GC(24)     Dead                           Min: 0, Avg:  0.0, Max: 0, Diff: 0, Sum: 0, Workers: 6
[6.732s][debug  ][gc,phases      ] GC(24)     Total                          Min: 0, Avg:  0.0, Max: 0, Diff: 0, Sum: 0, Workers: 6
[6.732s][debug  ][gc,phases      ] GC(24)   StringDedup Table Weak         Min:  0.0, Avg:  0.0, Max:  0.0, Diff:  0.0, Sum:  0.0, Workers: 6
[6.732s][debug  ][gc,phases      ] GC(24)     Dead                           Min: 0, Avg:  0.0, Max: 0, Diff: 0, Sum: 0, Workers: 6
[6.732s][debug  ][gc,phases      ] GC(24)     Total                          Min: 0, Avg:  0.0, Max: 0, Diff: 0, Sum: 0, Workers: 6
[6.732s][debug  ][gc,phases      ] GC(24)   StringDedup Requests0 Weak     Min:  0.0, Avg:  0.0, Max:  0.0, Diff:  0.0, Sum:  0.0, Workers: 6
[6.732s][debug  ][gc,phases      ] GC(24)     Dead                           Min: 0, Avg:  0.0, Max: 0, Diff: 0, Sum: 0, Workers: 6
[6.732s][debug  ][gc,phases      ] GC(24)     Total                          Min: 0, Avg:  0.0, Max: 0, Diff: 0, Sum: 0, Workers: 6
[6.732s][debug  ][gc,phases      ] GC(24)   StringDedup Requests1 Weak     Min:  0.0, Avg:  0.0, Max:  0.0, Diff:  0.0, Sum:  0.0, Workers: 6
[6.732s][debug  ][gc,phases      ] GC(24)     Dead                           Min: 0, Avg:  0.0, Max: 0, Diff: 0, Sum: 0, Workers: 6
[6.733s][debug  ][gc,phases      ] GC(24)     Total                          Min: 0, Avg:  0.0, Max: 0, Diff: 0, Sum: 0, Workers: 6
[6.733s][debug  ][gc,phases      ] GC(24)   Weak JFR Old Object Samples    Min:  0.0, Avg:  0.0, Max:  0.0, Diff:  0.0, Sum:  0.0, Workers: 6
[6.733s][debug  ][gc,phases      ] GC(24)     Dead                           Min: 0, Avg:  0.0, Max: 0, Diff: 0, Sum: 0, Workers: 6
[6.733s][debug  ][gc,phases      ] GC(24)     Total                          Min: 0, Avg:  0.0, Max: 0, Diff: 0, Sum: 0, Workers: 6
[6.733s][debug  ][gc,phases      ] GC(24) Weak Processing 0.785ms
[6.733s][debug  ][gc,ergo        ] GC(24) AdaptiveSizeStart:  collection: 25 
[6.733s][debug  ][gc,ergo        ] GC(24) avg_survived_padded_avg: 33146814.000000
[6.733s][debug  ][gc,ergo        ] GC(24) avg_promoted_padded_avg: 249892800.000000  avg_pretenured_padded_avg: 0.000000  tenuring_thresh: 1  target_size: 33554432
[6.733s][debug  ][gc,age         ] GC(24) Desired survivor size 33554432 bytes, new threshold 1 (max threshold 15)
[6.733s][debug  ][gc,ergo        ] GC(24) PSAdaptiveSizePolicy::compute_eden_space_size limits: desired_eden_size: 253272422 old_eden_size: 201326592 eden_limit: 201326592 cur_eden: 201326592 max_eden_size: 201326592 avg_young_live: 25894248
[6.733s][debug  ][gc,ergo        ] GC(24) PSAdaptiveSizePolicy::compute_eden_space_size: costs minor_time: 0.052256 major_cost: 0.028966 mutator_cost: 0.918778 throughput_goal: 0.990000
[6.733s][debug  ][gc,ergo        ] GC(24) Live_space: 830201792 free_space: 733478912
[6.733s][debug  ][gc,ergo        ] GC(24) Old eden_size: 201326592 desired_eden_size: 201326592
[6.733s][debug  ][gc,ergo        ] GC(24) AdaptiveSizeStop: collection: 25 
[6.733s][info   ][gc,heap        ] GC(24) PSYoungGen: 218799K(229376K)->30720K(229376K) Eden: 188079K(196608K)->0K(196608K) From: 30720K(32768K)->30720K(32768K)
[6.733s][info   ][gc,heap        ] GC(24) ParOldGen: 575075K(1192448K)->759396K(1192448K)
[6.733s][info   ][gc,metaspace   ] GC(24) Metaspace: 1021K(1216K)->1021K(1216K) NonClass: 937K(1024K)->937K(1024K) Class: 83K(192K)->83K(192K)
[6.733s][info   ][gc             ] GC(24) Pause Young (Allocation Failure) 775M->771M(1388M) 16.595ms
[6.733s][info   ][gc,cpu         ] GC(24) User=0.12s Sys=0.00s Real=0.02s
[6.733s][debug  ][gc,heap        ] GC(24) Heap after GC invocations=25 (full 4):
[6.733s][debug  ][gc,heap        ] GC(24)  PSYoungGen      total 229376K, used 30720K [0x00000000f0000000, 0x0000000100000000, 0x0000000100000000)
[6.733s][debug  ][gc,heap        ] GC(24)   eden space 196608K, 0% used [0x00000000f0000000,0x00000000f0000000,0x00000000fc000000)
[6.733s][debug  ][gc,heap        ] GC(24)   from space 32768K, 93% used [0x00000000fc000000,0x00000000fde00030,0x00000000fe000000)
[6.733s][debug  ][gc,heap        ] GC(24)   to   space 32768K, 0% used [0x00000000fe000000,0x00000000fe000000,0x0000000100000000)
[6.733s][debug  ][gc,heap        ] GC(24)  ParOldGen       total 1192448K, used 759396K [0x0000000080000000, 0x00000000c8c80000, 0x00000000f0000000)
[6.733s][debug  ][gc,heap        ] GC(24)   object space 1192448K, 63% used [0x0000000080000000,0x00000000ae5990a8,0x00000000c8c80000)
[6.733s][debug  ][gc,heap        ] GC(24)  Metaspace       used 1021K, committed 1216K, reserved 1056768K
[6.733s][debug  ][gc,heap        ] GC(24)   class space    used 83K, committed 192K, reserved 1048576K
[6.733s][debug  ][gc,task,time   ] GC(24) VM-Thread 67158608 67311003 67331576
[7.017s][debug  ][gc,heap        ] GC(25) Heap before GC invocations=26 (full 4):
[7.017s][debug  ][gc,heap        ] GC(25)  PSYoungGen      total 229376K, used 218832K [0x00000000f0000000, 0x0000000100000000, 0x0000000100000000)
[7.017s][debug  ][gc,heap        ] GC(25)   eden space 196608K, 95% used [0x00000000f0000000,0x00000000fb7b4230,0x00000000fc000000)
[7.017s][debug  ][gc,heap        ] GC(25)   from space 32768K, 93% used [0x00000000fc000000,0x00000000fde00030,0x00000000fe000000)
[7.017s][debug  ][gc,heap        ] GC(25)   to   space 32768K, 0% used [0x00000000fe000000,0x00000000fe000000,0x0000000100000000)
[7.017s][debug  ][gc,heap        ] GC(25)  ParOldGen       total 1192448K, used 759396K [0x0000000080000000, 0x00000000c8c80000, 0x00000000f0000000)
[7.017s][debug  ][gc,heap        ] GC(25)   object space 1192448K, 63% used [0x0000000080000000,0x00000000ae5990a8,0x00000000c8c80000)
[7.017s][debug  ][gc,heap        ] GC(25)  Metaspace       used 1021K, committed 1216K, reserved 1056768K
[7.017s][debug  ][gc,heap        ] GC(25)   class space    used 83K, committed 192K, reserved 1048576K
[7.017s][debug  ][gc,tlab        ] GC(25) TLAB totals: thrds: 1  refills: 1 max: 1 slow allocs: 17 max 17 waste: 27.0% gc: 3883280B max: 3883280B slow: 0B max: 0B
[7.017s][info   ][gc,start       ] GC(25) Pause Young (Allocation Failure)
[7.017s][debug  ][gc,phases,start] GC(25) Scavenge
[7.031s][debug  ][gc,phases      ] GC(25) Scavenge 14.020ms
[7.031s][debug  ][gc,phases,start] GC(25) Reference Processing
[7.031s][debug  ][gc,ref         ] GC(25) Skipped phase 1 of Reference Processing: no references
[7.031s][debug  ][gc,ref         ] GC(25) Skipped phase 2 of Reference Processing: no references
[7.031s][debug  ][gc,ref         ] GC(25) Skipped phase 3 of Reference Processing: no references
[7.031s][debug  ][gc,ref         ] GC(25) Skipped phase 4 of Reference Processing: no references
[7.031s][debug  ][gc,phases,ref  ] GC(25) Reference Processing: 0.1ms
[7.031s][debug  ][gc,phases,ref  ] GC(25)   Reconsider SoftReferences: 0.0ms
[7.031s][debug  ][gc,phases,ref  ] GC(25)     SoftRef (ms):                  skipped
[7.031s][debug  ][gc,phases,ref  ] GC(25)   Notify Soft/WeakReferences: 0.0ms
[7.031s][debug  ][gc,phases,ref  ] GC(25)     SoftRef (ms):                  skipped
[7.031s][debug  ][gc,phases,ref  ] GC(25)     WeakRef (ms):                  skipped
[7.031s][debug  ][gc,phases,ref  ] GC(25)     FinalRef (ms):                 skipped
[7.031s][debug  ][gc,phases,ref  ] GC(25)     Total (ms):                    skipped
[7.031s][debug  ][gc,phases,ref  ] GC(25)   Notify and keep alive finalizable: 0.0ms
[7.031s][debug  ][gc,phases,ref  ] GC(25)     FinalRef (ms):                 skipped
[7.031s][debug  ][gc,phases,ref  ] GC(25)   Notify PhantomReferences: 0.0ms
[7.031s][debug  ][gc,phases,ref  ] GC(25)     PhantomRef (ms):               skipped
[7.032s][debug  ][gc,phases,ref  ] GC(25)   SoftReference:
[7.032s][debug  ][gc,phases,ref  ] GC(25)     Discovered: 0
[7.032s][debug  ][gc,phases,ref  ] GC(25)     Cleared: 0
[7.032s][debug  ][gc,phases,ref  ] GC(25)   WeakReference:
[7.032s][debug  ][gc,phases,ref  ] GC(25)     Discovered: 0
[7.032s][debug  ][gc,phases,ref  ] GC(25)     Cleared: 0
[7.032s][debug  ][gc,phases,ref  ] GC(25)   FinalReference:
[7.032s][debug  ][gc,phases,ref  ] GC(25)     Discovered: 0
[7.032s][debug  ][gc,phases,ref  ] GC(25)     Cleared: 0
[7.032s][debug  ][gc,phases,ref  ] GC(25)   PhantomReference:
[7.032s][debug  ][gc,phases,ref  ] GC(25)     Discovered: 0
[7.032s][debug  ][gc,phases,ref  ] GC(25)     Cleared: 0
[7.032s][debug  ][gc,phases      ] GC(25) Reference Processing 0.670ms
[7.032s][debug  ][gc,phases,start] GC(25) Weak Processing
[7.032s][debug  ][gc,phases      ] GC(25)   VM Weak                        Min:  0.0, Avg:  0.0, Max:  0.0, Diff:  0.0, Sum:  0.0, Workers: 6
[7.032s][debug  ][gc,phases      ] GC(25)     Dead                           Min: 0, Avg:  0.0, Max: 0, Diff: 0, Sum: 0, Workers: 6
[7.032s][debug  ][gc,phases      ] GC(25)     Total                          Min: 0, Avg:  1.3, Max: 8, Diff: 8, Sum: 8, Workers: 6
[7.032s][debug  ][gc,phases      ] GC(25)   ObjectSynchronizer Weak        Min:  0.0, Avg:  0.0, Max:  0.0, Diff:  0.0, Sum:  0.0, Workers: 6
[7.032s][debug  ][gc,phases      ] GC(25)     Dead                           Min: 0, Avg:  0.0, Max: 0, Diff: 0, Sum: 0, Workers: 6
[7.032s][debug  ][gc,phases      ] GC(25)     Total                          Min: 0, Avg:  0.5, Max: 3, Diff: 3, Sum: 3, Workers: 6
[7.032s][debug  ][gc,phases      ] GC(25)   JVMTI Tag Weak OopStorage      Min:  0.0, Avg:  0.0, Max:  0.0, Diff:  0.0, Sum:  0.0, Workers: 6
[7.032s][debug  ][gc,phases      ] GC(25)     Dead                           Min: 0, Avg:  0.0, Max: 0, Diff: 0, Sum: 0, Workers: 6
[7.032s][debug  ][gc,phases      ] GC(25)     Total                          Min: 0, Avg:  0.0, Max: 0, Diff: 0, Sum: 0, Workers: 6
[7.032s][debug  ][gc,phases      ] GC(25)   StringTable Weak               Min:  0.0, Avg:  0.0, Max:  0.0, Diff:  0.0, Sum:  0.0, Workers: 6
[7.032s][debug  ][gc,phases      ] GC(25)     Dead                           Min: 0, Avg:  0.0, Max: 0, Diff: 0, Sum: 0, Workers: 6
[7.032s][debug  ][gc,phases      ] GC(25)     Total                          Min: 704, Avg: 892.5, Max: 960, Diff: 256, Sum: 5355, Workers: 6
[7.032s][debug  ][gc,phases      ] GC(25)   ResolvedMethodTable Weak       Min:  0.0, Avg:  0.0, Max:  0.0, Diff:  0.0, Sum:  0.0, Workers: 6
[7.032s][debug  ][gc,phases      ] GC(25)     Dead                           Min: 0, Avg:  0.0, Max: 0, Diff: 0, Sum: 0, Workers: 6
[7.032s][debug  ][gc,phases      ] GC(25)     Total                          Min: 0, Avg: 21.5, Max: 64, Diff: 64, Sum: 129, Workers: 6
[7.032s][debug  ][gc,phases      ] GC(25)   JNI Weak                       Min:  0.0, Avg:  0.0, Max:  0.0, Diff:  0.0, Sum:  0.0, Workers: 6
[7.032s][debug  ][gc,phases      ] GC(25)     Dead                           Min: 0, Avg:  0.0, Max: 0, Diff: 0, Sum: 0, Workers: 6
[7.032s][debug  ][gc,phases      ] GC(25)     Total                          Min: 0, Avg:  0.0, Max: 0, Diff: 0, Sum: 0, Workers: 6
[7.032s][debug  ][gc,phases      ] GC(25)   StringDedup Table Weak         Min:  0.0, Avg:  0.0, Max:  0.0, Diff:  0.0, Sum:  0.0, Workers: 6
[7.032s][debug  ][gc,phases      ] GC(25)     Dead                           Min: 0, Avg:  0.0, Max: 0, Diff: 0, Sum: 0, Workers: 6
[7.032s][debug  ][gc,phases      ] GC(25)     Total                          Min: 0, Avg:  0.0, Max: 0, Diff: 0, Sum: 0, Workers: 6
[7.032s][debug  ][gc,phases      ] GC(25)   StringDedup Requests0 Weak     Min:  0.0, Avg:  0.0, Max:  0.0, Diff:  0.0, Sum:  0.0, Workers: 6
[7.032s][debug  ][gc,phases      ] GC(25)     Dead                           Min: 0, Avg:  0.0, Max: 0, Diff: 0, Sum: 0, Workers: 6
[7.032s][debug  ][gc,phases      ] GC(25)     Total                          Min: 0, Avg:  0.0, Max: 0, Diff: 0, Sum: 0, Workers: 6
[7.032s][debug  ][gc,phases      ] GC(25)   StringDedup Requests1 Weak     Min:  0.0, Avg:  0.0, Max:  0.0, Diff:  0.0, Sum:  0.0, Workers: 6
[7.032s][debug  ][gc,phases      ] GC(25)     Dead                           Min: 0, Avg:  0.0, Max: 0, Diff: 0, Sum: 0, Workers: 6
[7.032s][debug  ][gc,phases      ] GC(25)     Total                          Min: 0, Avg:  0.0, Max: 0, Diff: 0, Sum: 0, Workers: 6
[7.032s][debug  ][gc,phases      ] GC(25)   Weak JFR Old Object Samples    Min:  0.0, Avg:  0.0, Max:  0.0, Diff:  0.0, Sum:  0.0, Workers: 6
[7.032s][debug  ][gc,phases      ] GC(25)     Dead                           Min: 0, Avg:  0.0, Max: 0, Diff: 0, Sum: 0, Workers: 6
[7.032s][debug  ][gc,phases      ] GC(25)     Total                          Min: 0, Avg:  0.0, Max: 0, Diff: 0, Sum: 0, Workers: 6
[7.032s][debug  ][gc,phases      ] GC(25) Weak Processing 0.658ms
[7.032s][debug  ][gc,ergo        ] GC(25) AdaptiveSizeStart:  collection: 26 
[7.032s][debug  ][gc,ergo        ] GC(25) avg_survived_padded_avg: 33058672.000000
[7.033s][debug  ][gc,ergo        ] GC(25) avg_promoted_padded_avg: 250890592.000000  avg_pretenured_padded_avg: 0.000000  tenuring_thresh: 1  target_size: 33554432
[7.033s][debug  ][gc,age         ] GC(25) Desired survivor size 33554432 bytes, new threshold 1 (max threshold 15)
[7.033s][debug  ][gc,ergo        ] GC(25) PSAdaptiveSizePolicy::compute_eden_space_size limits: desired_eden_size: 253215632 old_eden_size: 201326592 eden_limit: 201326592 cur_eden: 201326592 max_eden_size: 201326592 avg_young_live: 26450556
[7.033s][debug  ][gc,ergo        ] GC(25) PSAdaptiveSizePolicy::compute_eden_space_size: costs minor_time: 0.052096 major_cost: 0.028966 mutator_cost: 0.918938 throughput_goal: 0.990000
[7.033s][debug  ][gc,ergo        ] GC(25) Live_space: 830758144 free_space: 733478912
[7.033s][debug  ][gc,ergo        ] GC(25) Old eden_size: 201326592 desired_eden_size: 201326592
[7.033s][debug  ][gc,ergo        ] GC(25) AdaptiveSizeStop: collection: 26 
[7.033s][info   ][gc,heap        ] GC(25) PSYoungGen: 218832K(229376K)->30720K(229376K) Eden: 188112K(196608K)->0K(196608K) From: 30720K(32768K)->30720K(32768K)
[7.033s][info   ][gc,heap        ] GC(25) ParOldGen: 759396K(1192448K)->943716K(1192448K)
[7.033s][info   ][gc,metaspace   ] GC(25) Metaspace: 1021K(1216K)->1021K(1216K) NonClass: 937K(1024K)->937K(1024K) Class: 83K(192K)->83K(192K)
[7.033s][info   ][gc             ] GC(25) Pause Young (Allocation Failure) 955M->951M(1388M) 15.790ms
[7.033s][info   ][gc,cpu         ] GC(25) User=0.12s Sys=0.00s Real=0.02s
[7.033s][debug  ][gc,heap        ] GC(25) Heap after GC invocations=26 (full 4):
[7.033s][debug  ][gc,heap        ] GC(25)  PSYoungGen      total 229376K, used 30720K [0x00000000f0000000, 0x0000000100000000, 0x0000000100000000)
[7.033s][debug  ][gc,heap        ] GC(25)   eden space 196608K, 0% used [0x00000000f0000000,0x00000000f0000000,0x00000000fc000000)
[7.033s][debug  ][gc,heap        ] GC(25)   from space 32768K, 93% used [0x00000000fe000000,0x00000000ffe00030,0x0000000100000000)
[7.033s][debug  ][gc,heap        ] GC(25)   to   space 32768K, 0% used [0x00000000fc000000,0x00000000fc000000,0x00000000fe000000)
[7.033s][debug  ][gc,heap        ] GC(25)  ParOldGen       total 1192448K, used 943716K [0x0000000080000000, 0x00000000c8c80000, 0x00000000f0000000)
[7.033s][debug  ][gc,heap        ] GC(25)   object space 1192448K, 79% used [0x0000000080000000,0x00000000b99991c8,0x00000000c8c80000)
[7.033s][debug  ][gc,heap        ] GC(25)  Metaspace       used 1021K, committed 1216K, reserved 1056768K
[7.033s][debug  ][gc,heap        ] GC(25)   class space    used 83K, committed 192K, reserved 1048576K
[7.033s][debug  ][gc,task,time   ] GC(25) VM-Thread 70165433 70310897 70330309
[7.317s][debug  ][gc,heap        ] GC(26) Heap before GC invocations=27 (full 4):
[7.317s][debug  ][gc,heap        ] GC(26)  PSYoungGen      total 229376K, used 218853K [0x00000000f0000000, 0x0000000100000000, 0x0000000100000000)
[7.317s][debug  ][gc,heap        ] GC(26)   eden space 196608K, 95% used [0x00000000f0000000,0x00000000fb7b9710,0x00000000fc000000)
[7.317s][debug  ][gc,heap        ] GC(26)   from space 32768K, 93% used [0x00000000fe000000,0x00000000ffe00030,0x0000000100000000)
[7.317s][debug  ][gc,heap        ] GC(26)   to   space 32768K, 0% used [0x00000000fc000000,0x00000000fc000000,0x00000000fe000000)
[7.317s][debug  ][gc,heap        ] GC(26)  ParOldGen       total 1192448K, used 943716K [0x0000000080000000, 0x00000000c8c80000, 0x00000000f0000000)
[7.317s][debug  ][gc,heap        ] GC(26)   object space 1192448K, 79% used [0x0000000080000000,0x00000000b99991c8,0x00000000c8c80000)
[7.317s][debug  ][gc,heap        ] GC(26)  Metaspace       used 1021K, committed 1216K, reserved 1056768K
[7.317s][debug  ][gc,heap        ] GC(26)   class space    used 83K, committed 192K, reserved 1048576K
[7.317s][debug  ][gc,tlab        ] GC(26) TLAB totals: thrds: 1  refills: 1 max: 1 slow allocs: 17 max 17 waste: 27.1% gc: 3903840B max: 3903840B slow: 0B max: 0B
[7.317s][info   ][gc,start       ] GC(26) Pause Young (Allocation Failure)
[7.317s][debug  ][gc,phases,start] GC(26) Scavenge
[7.326s][debug  ][gc,phases      ] GC(26) Scavenge 8.877ms
[7.326s][debug  ][gc,phases,start] GC(26) Reference Processing
[7.326s][debug  ][gc,ref         ] GC(26) Skipped phase 1 of Reference Processing: no references
[7.326s][debug  ][gc,ref         ] GC(26) Skipped phase 2 of Reference Processing: no references
[7.326s][debug  ][gc,ref         ] GC(26) Skipped phase 3 of Reference Processing: no references
[7.326s][debug  ][gc,ref         ] GC(26) Skipped phase 4 of Reference Processing: no references
[7.326s][debug  ][gc,phases,ref  ] GC(26) Reference Processing: 0.1ms
[7.326s][debug  ][gc,phases,ref  ] GC(26)   Reconsider SoftReferences: 0.0ms
[7.326s][debug  ][gc,phases,ref  ] GC(26)     SoftRef (ms):                  skipped
[7.326s][debug  ][gc,phases,ref  ] GC(26)   Notify Soft/WeakReferences: 0.0ms
[7.326s][debug  ][gc,phases,ref  ] GC(26)     SoftRef (ms):                  skipped
[7.326s][debug  ][gc,phases,ref  ] GC(26)     WeakRef (ms):                  skipped
[7.326s][debug  ][gc,phases,ref  ] GC(26)     FinalRef (ms):                 skipped
[7.326s][debug  ][gc,phases,ref  ] GC(26)     Total (ms):                    skipped
[7.326s][debug  ][gc,phases,ref  ] GC(26)   Notify and keep alive finalizable: 0.0ms
[7.326s][debug  ][gc,phases,ref  ] GC(26)     FinalRef (ms):                 skipped
[7.327s][debug  ][gc,phases,ref  ] GC(26)   Notify PhantomReferences: 0.0ms
[7.327s][debug  ][gc,phases,ref  ] GC(26)     PhantomRef (ms):               skipped
[7.327s][debug  ][gc,phases,ref  ] GC(26)   SoftReference:
[7.327s][debug  ][gc,phases,ref  ] GC(26)     Discovered: 0
[7.327s][debug  ][gc,phases,ref  ] GC(26)     Cleared: 0
[7.327s][debug  ][gc,phases,ref  ] GC(26)   WeakReference:
[7.327s][debug  ][gc,phases,ref  ] GC(26)     Discovered: 0
[7.327s][debug  ][gc,phases,ref  ] GC(26)     Cleared: 0
[7.327s][debug  ][gc,phases,ref  ] GC(26)   FinalReference:
[7.327s][debug  ][gc,phases,ref  ] GC(26)     Discovered: 0
[7.327s][debug  ][gc,phases,ref  ] GC(26)     Cleared: 0
[7.327s][debug  ][gc,phases,ref  ] GC(26)   PhantomReference:
[7.327s][debug  ][gc,phases,ref  ] GC(26)     Discovered: 0
[7.327s][debug  ][gc,phases,ref  ] GC(26)     Cleared: 0
[7.327s][debug  ][gc,phases      ] GC(26) Reference Processing 0.698ms
[7.327s][debug  ][gc,phases,start] GC(26) Weak Processing
[7.327s][debug  ][gc,phases      ] GC(26)   VM Weak                        Min:  0.0, Avg:  0.0, Max:  0.0, Diff:  0.0, Sum:  0.0, Workers: 6
[7.327s][debug  ][gc,phases      ] GC(26)     Dead                           Min: 0, Avg:  0.0, Max: 0, Diff: 0, Sum: 0, Workers: 6
[7.327s][debug  ][gc,phases      ] GC(26)     Total                          Min: 0, Avg:  1.3, Max: 8, Diff: 8, Sum: 8, Workers: 6
[7.327s][debug  ][gc,phases      ] GC(26)   ObjectSynchronizer Weak        Min:  0.0, Avg:  0.0, Max:  0.0, Diff:  0.0, Sum:  0.0, Workers: 6
[7.327s][debug  ][gc,phases      ] GC(26)     Dead                           Min: 0, Avg:  0.0, Max: 0, Diff: 0, Sum: 0, Workers: 6
[7.327s][debug  ][gc,phases      ] GC(26)     Total                          Min: 0, Avg:  0.5, Max: 3, Diff: 3, Sum: 3, Workers: 6
[7.327s][debug  ][gc,phases      ] GC(26)   JVMTI Tag Weak OopStorage      Min:  0.0, Avg:  0.0, Max:  0.0, Diff:  0.0, Sum:  0.0, Workers: 6
[7.327s][debug  ][gc,phases      ] GC(26)     Dead                           Min: 0, Avg:  0.0, Max: 0, Diff: 0, Sum: 0, Workers: 6
[7.327s][debug  ][gc,phases      ] GC(26)     Total                          Min: 0, Avg:  0.0, Max: 0, Diff: 0, Sum: 0, Workers: 6
[7.327s][debug  ][gc,phases      ] GC(26)   StringTable Weak               Min:  0.0, Avg:  0.0, Max:  0.0, Diff:  0.0, Sum:  0.0, Workers: 6
[7.327s][debug  ][gc,phases      ] GC(26)     Dead                           Min: 0, Avg:  0.0, Max: 0, Diff: 0, Sum: 0, Workers: 6
[7.327s][debug  ][gc,phases      ] GC(26)     Total                          Min: 704, Avg: 892.5, Max: 1152, Diff: 448, Sum: 5355, Workers: 6
[7.327s][debug  ][gc,phases      ] GC(26)   ResolvedMethodTable Weak       Min:  0.0, Avg:  0.0, Max:  0.0, Diff:  0.0, Sum:  0.0, Workers: 6
[7.327s][debug  ][gc,phases      ] GC(26)     Dead                           Min: 0, Avg:  0.0, Max: 0, Diff: 0, Sum: 0, Workers: 6
[7.327s][debug  ][gc,phases      ] GC(26)     Total                          Min: 0, Avg: 21.5, Max: 64, Diff: 64, Sum: 129, Workers: 6
[7.327s][debug  ][gc,phases      ] GC(26)   JNI Weak                       Min:  0.0, Avg:  0.0, Max:  0.0, Diff:  0.0, Sum:  0.0, Workers: 6
[7.327s][debug  ][gc,phases      ] GC(26)     Dead                           Min: 0, Avg:  0.0, Max: 0, Diff: 0, Sum: 0, Workers: 6
[7.327s][debug  ][gc,phases      ] GC(26)     Total                          Min: 0, Avg:  0.0, Max: 0, Diff: 0, Sum: 0, Workers: 6
[7.327s][debug  ][gc,phases      ] GC(26)   StringDedup Table Weak         Min:  0.0, Avg:  0.0, Max:  0.0, Diff:  0.0, Sum:  0.0, Workers: 6
[7.327s][debug  ][gc,phases      ] GC(26)     Dead                           Min: 0, Avg:  0.0, Max: 0, Diff: 0, Sum: 0, Workers: 6
[7.327s][debug  ][gc,phases      ] GC(26)     Total                          Min: 0, Avg:  0.0, Max: 0, Diff: 0, Sum: 0, Workers: 6
[7.327s][debug  ][gc,phases      ] GC(26)   StringDedup Requests0 Weak     Min:  0.0, Avg:  0.0, Max:  0.0, Diff:  0.0, Sum:  0.0, Workers: 6
[7.327s][debug  ][gc,phases      ] GC(26)     Dead                           Min: 0, Avg:  0.0, Max: 0, Diff: 0, Sum: 0, Workers: 6
[7.327s][debug  ][gc,phases      ] GC(26)     Total                          Min: 0, Avg:  0.0, Max: 0, Diff: 0, Sum: 0, Workers: 6
[7.327s][debug  ][gc,phases      ] GC(26)   StringDedup Requests1 Weak     Min:  0.0, Avg:  0.0, Max:  0.0, Diff:  0.0, Sum:  0.0, Workers: 6
[7.327s][debug  ][gc,phases      ] GC(26)     Dead                           Min: 0, Avg:  0.0, Max: 0, Diff: 0, Sum: 0, Workers: 6
[7.327s][debug  ][gc,phases      ] GC(26)     Total                          Min: 0, Avg:  0.0, Max: 0, Diff: 0, Sum: 0, Workers: 6
[7.328s][debug  ][gc,phases      ] GC(26)   Weak JFR Old Object Samples    Min:  0.0, Avg:  0.0, Max:  0.0, Diff:  0.0, Sum:  0.0, Workers: 6
[7.328s][debug  ][gc,phases      ] GC(26)     Dead                           Min: 0, Avg:  0.0, Max: 0, Diff: 0, Sum: 0, Workers: 6
[7.328s][debug  ][gc,phases      ] GC(26)     Total                          Min: 0, Avg:  0.0, Max: 0, Diff: 0, Sum: 0, Workers: 6
[7.328s][debug  ][gc,phases      ] GC(26) Weak Processing 0.723ms
[7.328s][debug  ][gc,ergo        ] GC(26) AdaptiveSizeStart:  collection: 27 
[7.328s][debug  ][gc,ergo        ] GC(26) avg_survived_padded_avg: 32971264.000000
[7.328s][debug  ][gc,ergo        ] GC(26) avg_promoted_padded_avg: 252535168.000000  avg_pretenured_padded_avg: 0.000000  tenuring_thresh: 1  target_size: 33030144
[7.328s][debug  ][gc,age         ] GC(26) Desired survivor size 33030144 bytes, new threshold 1 (max threshold 15)
[7.328s][debug  ][gc,ergo        ] GC(26) PSAdaptiveSizePolicy::compute_eden_space_size limits: desired_eden_size: 251636504 old_eden_size: 201326592 eden_limit: 201326592 cur_eden: 201326592 max_eden_size: 201326592 avg_young_live: 26951234
[7.328s][debug  ][gc,ergo        ] GC(26) PSAdaptiveSizePolicy::compute_eden_space_size: costs minor_time: 0.047889 major_cost: 0.028966 mutator_cost: 0.923144 throughput_goal: 0.990000
[7.328s][debug  ][gc,ergo        ] GC(26) Live_space: 831258752 free_space: 733478912
[7.328s][debug  ][gc,ergo        ] GC(26) Old eden_size: 201326592 desired_eden_size: 201326592
[7.328s][debug  ][gc,ergo        ] GC(26) AdaptiveSizeStop: collection: 27 
[7.328s][info   ][gc,heap        ] GC(26) PSYoungGen: 218853K(229376K)->30720K(229376K) Eden: 188133K(196608K)->0K(196608K) From: 30720K(32768K)->30720K(32768K)
[7.328s][info   ][gc,heap        ] GC(26) ParOldGen: 943716K(1192448K)->1046116K(1192448K)
[7.328s][info   ][gc,metaspace   ] GC(26) Metaspace: 1021K(1216K)->1021K(1216K) NonClass: 937K(1024K)->937K(1024K) Class: 83K(192K)->83K(192K)
[7.328s][info   ][gc             ] GC(26) Pause Young (Allocation Failure) 1135M->1051M(1388M) 10.715ms
[7.328s][info   ][gc,cpu         ] GC(26) User=0.11s Sys=0.00s Real=0.01s
[7.328s][debug  ][gc,heap        ] GC(26) Heap after GC invocations=27 (full 4):
[7.328s][debug  ][gc,heap        ] GC(26)  PSYoungGen      total 229376K, used 30720K [0x00000000f0000000, 0x0000000100000000, 0x0000000100000000)
[7.328s][debug  ][gc,heap        ] GC(26)   eden space 196608K, 0% used [0x00000000f0000000,0x00000000f0000000,0x00000000fc000000)
[7.328s][debug  ][gc,heap        ] GC(26)   from space 32768K, 93% used [0x00000000fc000000,0x00000000fde00030,0x00000000fe000000)
[7.328s][debug  ][gc,heap        ] GC(26)   to   space 32256K, 0% used [0x00000000fe080000,0x00000000fe080000,0x0000000100000000)
[7.328s][debug  ][gc,heap        ] GC(26)  ParOldGen       total 1192448K, used 1046116K [0x0000000080000000, 0x00000000c8c80000, 0x00000000f0000000)
[7.328s][debug  ][gc,heap        ] GC(26)   object space 1192448K, 87% used [0x0000000080000000,0x00000000bfd99268,0x00000000c8c80000)
[7.328s][debug  ][gc,heap        ] GC(26)  Metaspace       used 1021K, committed 1216K, reserved 1056768K
[7.328s][debug  ][gc,heap        ] GC(26)   class space    used 83K, committed 192K, reserved 1048576K
[7.328s][debug  ][gc,task,time   ] GC(26) VM-Thread 73168813 73261318 73281014
[7.328s][debug  ][gc,phases,start] GC(27) Pre Compact
[7.328s][debug  ][gc,heap        ] GC(27) Heap before GC invocations=28 (full 5):
[7.328s][debug  ][gc,heap        ] GC(27)  PSYoungGen      total 229376K, used 30720K [0x00000000f0000000, 0x0000000100000000, 0x0000000100000000)
[7.328s][debug  ][gc,heap        ] GC(27)   eden space 196608K, 0% used [0x00000000f0000000,0x00000000f0000000,0x00000000fc000000)
[7.328s][debug  ][gc,heap        ] GC(27)   from space 32768K, 93% used [0x00000000fc000000,0x00000000fde00030,0x00000000fe000000)
[7.328s][debug  ][gc,heap        ] GC(27)   to   space 32256K, 0% used [0x00000000fe080000,0x00000000fe080000,0x0000000100000000)
[7.328s][debug  ][gc,heap        ] GC(27)  ParOldGen       total 1192448K, used 1046116K [0x0000000080000000, 0x00000000c8c80000, 0x00000000f0000000)
[7.328s][debug  ][gc,heap        ] GC(27)   object space 1192448K, 87% used [0x0000000080000000,0x00000000bfd99268,0x00000000c8c80000)
[7.328s][debug  ][gc,heap        ] GC(27)  Metaspace       used 1021K, committed 1216K, reserved 1056768K
[7.328s][debug  ][gc,heap        ] GC(27)   class space    used 83K, committed 192K, reserved 1048576K
[7.328s][debug  ][gc,phases      ] GC(27) Pre Compact 0.202ms
[7.328s][info   ][gc,start       ] GC(27) Pause Full (Ergonomics)
[7.328s][info   ][gc,phases,start] GC(27) Marking Phase
[7.328s][debug  ][gc,phases,start] GC(27) Par Mark
[7.329s][debug  ][gc,phases      ] GC(27) Par Mark 0.526ms
[7.329s][debug  ][gc,phases,start] GC(27) Reference Processing
[7.329s][debug  ][gc,ref         ] GC(27) Skipped phase 1 of Reference Processing: no references
[7.329s][debug  ][gc,ref         ] GC(27) ReferenceProcessor::execute queues: 1, RefProcThreadModel::Single, marks_oops_alive: false
[7.329s][debug  ][gc,ref         ] GC(27) Skipped phase 3 of Reference Processing: no references
[7.329s][debug  ][gc,ref         ] GC(27) ReferenceProcessor::execute queues: 1, RefProcThreadModel::Single, marks_oops_alive: false
[7.329s][debug  ][gc,phases,ref  ] GC(27) Reference Processing: 0.1ms
[7.329s][debug  ][gc,phases,ref  ] GC(27)   Reconsider SoftReferences: 0.0ms
[7.329s][debug  ][gc,phases,ref  ] GC(27)     SoftRef (ms):                  skipped
[7.329s][debug  ][gc,phases,ref  ] GC(27)   Notify Soft/WeakReferences: 0.0ms
[7.329s][debug  ][gc,phases,ref  ] GC(27)     SoftRef (ms):                  Min:  0.0, Avg:  0.0, Max:  0.0, Diff:  0.0, Sum:  0.0, Workers: 8
[7.329s][debug  ][gc,phases,ref  ] GC(27)     WeakRef (ms):                  Min:  0.0, Avg:  0.0, Max:  0.0, Diff:  0.0, Sum:  0.0, Workers: 8
[7.329s][debug  ][gc,phases,ref  ] GC(27)     FinalRef (ms):                 Min:  0.0, Avg:  0.0, Max:  0.0, Diff:  0.0, Sum:  0.0, Workers: 8
[7.329s][debug  ][gc,phases,ref  ] GC(27)     Total (ms):                    Min:  0.0, Avg:  0.0, Max:  0.0, Diff:  0.0, Sum:  0.0, Workers: 8
[7.329s][debug  ][gc,phases,ref  ] GC(27)   Notify and keep alive finalizable: 0.0ms
[7.329s][debug  ][gc,phases,ref  ] GC(27)     FinalRef (ms):                 skipped
[7.329s][debug  ][gc,phases,ref  ] GC(27)   Notify PhantomReferences: 0.0ms
[7.329s][debug  ][gc,phases,ref  ] GC(27)     PhantomRef (ms):               Min:  0.0, Avg:  0.0, Max:  0.0, Diff:  0.0, Sum:  0.0, Workers: 8
[7.329s][debug  ][gc,phases,ref  ] GC(27)   SoftReference:
[7.329s][debug  ][gc,phases,ref  ] GC(27)     Discovered: 0
[7.329s][debug  ][gc,phases,ref  ] GC(27)     Cleared: 0
[7.329s][debug  ][gc,phases,ref  ] GC(27)   WeakReference:
[7.329s][debug  ][gc,phases,ref  ] GC(27)     Discovered: 90
[7.329s][debug  ][gc,phases,ref  ] GC(27)     Cleared: 90
[7.329s][debug  ][gc,phases,ref  ] GC(27)   FinalReference:
[7.329s][debug  ][gc,phases,ref  ] GC(27)     Discovered: 0
[7.329s][debug  ][gc,phases,ref  ] GC(27)     Cleared: 0
[7.329s][debug  ][gc,phases,ref  ] GC(27)   PhantomReference:
[7.329s][debug  ][gc,phases,ref  ] GC(27)     Discovered: 5
[7.330s][debug  ][gc,phases,ref  ] GC(27)     Cleared: 5
[7.330s][debug  ][gc,phases      ] GC(27) Reference Processing 0.586ms
[7.330s][debug  ][gc,phases,start] GC(27) Weak Processing
[7.330s][debug  ][gc,phases      ] GC(27)   VM Weak                        Min:  0.0, Avg:  0.0, Max:  0.0, Diff:  0.0, Sum:  0.0, Workers: 6
[7.330s][debug  ][gc,phases      ] GC(27)     Dead                           Min: 0, Avg:  0.0, Max: 0, Diff: 0, Sum: 0, Workers: 6
[7.330s][debug  ][gc,phases      ] GC(27)     Total                          Min: 0, Avg:  1.3, Max: 8, Diff: 8, Sum: 8, Workers: 6
[7.330s][debug  ][gc,phases      ] GC(27)   ObjectSynchronizer Weak        Min:  0.0, Avg:  0.0, Max:  0.0, Diff:  0.0, Sum:  0.0, Workers: 6
[7.330s][debug  ][gc,phases      ] GC(27)     Dead                           Min: 0, Avg:  0.0, Max: 0, Diff: 0, Sum: 0, Workers: 6
[7.330s][debug  ][gc,phases      ] GC(27)     Total                          Min: 0, Avg:  0.5, Max: 3, Diff: 3, Sum: 3, Workers: 6
[7.330s][debug  ][gc,phases      ] GC(27)   JVMTI Tag Weak OopStorage      Min:  0.0, Avg:  0.0, Max:  0.0, Diff:  0.0, Sum:  0.0, Workers: 6
[7.330s][debug  ][gc,phases      ] GC(27)     Dead                           Min: 0, Avg:  0.0, Max: 0, Diff: 0, Sum: 0, Workers: 6
[7.330s][debug  ][gc,phases      ] GC(27)     Total                          Min: 0, Avg:  0.0, Max: 0, Diff: 0, Sum: 0, Workers: 6
[7.330s][debug  ][gc,phases      ] GC(27)   StringTable Weak               Min:  0.0, Avg:  0.0, Max:  0.0, Diff:  0.0, Sum:  0.0, Workers: 6
[7.330s][debug  ][gc,phases      ] GC(27)     Dead                           Min: 0, Avg:  0.0, Max: 0, Diff: 0, Sum: 0, Workers: 6
[7.330s][debug  ][gc,phases      ] GC(27)     Total                          Min: 448, Avg: 892.5, Max: 1260, Diff: 812, Sum: 5355, Workers: 6
[7.330s][debug  ][gc,phases      ] GC(27)   ResolvedMethodTable Weak       Min:  0.0, Avg:  0.0, Max:  0.0, Diff:  0.0, Sum:  0.0, Workers: 6
[7.330s][debug  ][gc,phases      ] GC(27)     Dead                           Min: 0, Avg:  0.0, Max: 0, Diff: 0, Sum: 0, Workers: 6
[7.330s][debug  ][gc,phases      ] GC(27)     Total                          Min: 0, Avg: 21.5, Max: 64, Diff: 64, Sum: 129, Workers: 6
[7.330s][debug  ][gc,phases      ] GC(27)   JNI Weak                       Min:  0.0, Avg:  0.0, Max:  0.0, Diff:  0.0, Sum:  0.0, Workers: 6
[7.330s][debug  ][gc,phases      ] GC(27)     Dead                           Min: 0, Avg:  0.0, Max: 0, Diff: 0, Sum: 0, Workers: 6
[7.330s][debug  ][gc,phases      ] GC(27)     Total                          Min: 0, Avg:  0.0, Max: 0, Diff: 0, Sum: 0, Workers: 6
[7.330s][debug  ][gc,phases      ] GC(27)   StringDedup Table Weak         Min:  0.0, Avg:  0.0, Max:  0.0, Diff:  0.0, Sum:  0.0, Workers: 6
[7.330s][debug  ][gc,phases      ] GC(27)     Dead                           Min: 0, Avg:  0.0, Max: 0, Diff: 0, Sum: 0, Workers: 6
[7.330s][debug  ][gc,phases      ] GC(27)     Total                          Min: 0, Avg:  0.0, Max: 0, Diff: 0, Sum: 0, Workers: 6
[7.330s][debug  ][gc,phases      ] GC(27)   StringDedup Requests0 Weak     Min:  0.0, Avg:  0.0, Max:  0.0, Diff:  0.0, Sum:  0.0, Workers: 6
[7.330s][debug  ][gc,phases      ] GC(27)     Dead                           Min: 0, Avg:  0.0, Max: 0, Diff: 0, Sum: 0, Workers: 6
[7.330s][debug  ][gc,phases      ] GC(27)     Total                          Min: 0, Avg:  0.0, Max: 0, Diff: 0, Sum: 0, Workers: 6
[7.330s][debug  ][gc,phases      ] GC(27)   StringDedup Requests1 Weak     Min:  0.0, Avg:  0.0, Max:  0.0, Diff:  0.0, Sum:  0.0, Workers: 6
[7.330s][debug  ][gc,phases      ] GC(27)     Dead                           Min: 0, Avg:  0.0, Max: 0, Diff: 0, Sum: 0, Workers: 6
[7.330s][debug  ][gc,phases      ] GC(27)     Total                          Min: 0, Avg:  0.0, Max: 0, Diff: 0, Sum: 0, Workers: 6
[7.330s][debug  ][gc,phases      ] GC(27)   Weak JFR Old Object Samples    Min:  0.0, Avg:  0.0, Max:  0.0, Diff:  0.0, Sum:  0.0, Workers: 6
[7.330s][debug  ][gc,phases      ] GC(27)     Dead                           Min: 0, Avg:  0.0, Max: 0, Diff: 0, Sum: 0, Workers: 6
[7.330s][debug  ][gc,phases      ] GC(27)     Total                          Min: 0, Avg:  0.0, Max: 0, Diff: 0, Sum: 0, Workers: 6
[7.330s][debug  ][gc,phases      ] GC(27) Weak Processing 0.655ms
[7.330s][debug  ][gc,phases,start] GC(27) Class Unloading
[7.330s][debug  ][gc,phases,start] GC(27) ClassLoaderData
[7.330s][debug  ][gc,phases      ] GC(27) ClassLoaderData 0.019ms
[7.330s][debug  ][gc,phases,start] GC(27) Trigger cleanups
[7.330s][debug  ][gc,phases      ] GC(27) Trigger cleanups 0.019ms
[7.330s][debug  ][gc,phases      ] GC(27) Class Unloading 0.251ms
[7.331s][info   ][gc,phases      ] GC(27) Marking Phase 2.127ms
[7.331s][info   ][gc,phases,start] GC(27) Summary Phase
[7.331s][info   ][gc,phases      ] GC(27) Summary Phase 0.029ms
[7.331s][info   ][gc,phases,start] GC(27) Adjust Roots
[7.331s][info   ][gc,phases      ] GC(27) Adjust Roots 0.139ms
[7.331s][info   ][gc,phases,start] GC(27) Compaction Phase
[7.345s][info   ][gc,phases      ] GC(27) Compaction Phase 13.764ms
[7.345s][info   ][gc,phases,start] GC(27) Post Compact
[7.348s][info   ][gc,phases      ] GC(27) Post Compact 3.515ms
[7.348s][debug  ][gc,ergo        ] GC(27) AdaptiveSizeStart: collection: 28 
[7.348s][debug  ][gc,ergo        ] GC(27) PSAdaptiveSizePolicy::compute_eden_space_size limits: desired_eden_size: 253823303 old_eden_size: 201326592 eden_limit: 201850880 cur_eden: 201326592 max_eden_size: 201850880 avg_young_live: 24256110
[7.348s][debug  ][gc,ergo        ] GC(27) PSAdaptiveSizePolicy::compute_eden_space_size: costs minor_time: 0.047889 major_cost: 0.025765 mutator_cost: 0.926346 throughput_goal: 0.990000
[7.348s][debug  ][gc,ergo        ] GC(27) Live_space: 828563648 free_space: 733478912
[7.348s][debug  ][gc,ergo        ] GC(27) Old eden_size: 201326592 desired_eden_size: 201850880
[7.348s][debug  ][gc,ergo        ] GC(27) PSAdaptiveSizePolicy::compute_old_gen_free_space: costs minor_time: 0.047889 major_cost: 0.025765  mutator_cost: 0.926346 throughput_goal: 0.990000
[7.348s][debug  ][gc,ergo        ] GC(27) Live_space: 748987136 free_space: 734003200
[7.348s][debug  ][gc,ergo        ] GC(27) Old promo_size: 532152320 desired_promo_size: 607125504
[7.359s][debug  ][gc             ] GC(27) Shrinking ParOldGen from 1192448K by 218112K to 974336K
[7.359s][debug  ][gc,ergo        ] GC(27) AdaptiveSizeStop: collection: 28 
[7.359s][info   ][gc,heap        ] GC(27) PSYoungGen: 30720K(229376K)->0K(229888K) Eden: 0K(196608K)->0K(197632K) From: 30720K(32768K)->0K(32256K)
[7.359s][info   ][gc,heap        ] GC(27) ParOldGen: 1046116K(1192448K)->134755K(974336K)
[7.359s][info   ][gc,metaspace   ] GC(27) Metaspace: 1021K(1216K)->1021K(1216K) NonClass: 937K(1024K)->937K(1024K) Class: 83K(192K)->83K(192K)
[7.359s][info   ][gc             ] GC(27) Pause Full (Ergonomics) 1051M->131M(1176M) 30.768ms
[7.359s][info   ][gc,cpu         ] GC(27) User=0.12s Sys=0.02s Real=0.03s
[7.359s][debug  ][gc,heap        ] GC(27) Heap after GC invocations=28 (full 5):
[7.359s][debug  ][gc,heap        ] GC(27)  PSYoungGen      total 229888K, used 0K [0x00000000f0000000, 0x0000000100000000, 0x0000000100000000)
[7.359s][debug  ][gc,heap        ] GC(27)   eden space 197632K, 0% used [0x00000000f0000000,0x00000000f0000000,0x00000000fc100000)
[7.359s][debug  ][gc,heap        ] GC(27)   from space 32256K, 0% used [0x00000000fe080000,0x00000000fe080000,0x0000000100000000)
[7.359s][debug  ][gc,heap        ] GC(27)   to   space 32256K, 0% used [0x00000000fc100000,0x00000000fc100000,0x00000000fe080000)
[7.359s][debug  ][gc,heap        ] GC(27)  ParOldGen       total 974336K, used 134755K [0x0000000080000000, 0x00000000bb780000, 0x00000000f0000000)
[7.359s][debug  ][gc,heap        ] GC(27)   object space 974336K, 13% used [0x0000000080000000,0x0000000088398cd8,0x00000000bb780000)
[7.359s][debug  ][gc,heap        ] GC(27)  Metaspace       used 1021K, committed 1216K, reserved 1056768K
[7.359s][debug  ][gc,heap        ] GC(27)   class space    used 83K, committed 192K, reserved 1048576K
[7.359s][debug  ][gc,task,time   ] GC(27) VM-Thread 73283720 73307631 73591701
[7.650s][debug  ][gc,heap        ] GC(28) Heap before GC invocations=29 (full 5):
[7.650s][debug  ][gc,heap        ] GC(28)  PSYoungGen      total 229888K, used 188167K [0x00000000f0000000, 0x0000000100000000, 0x0000000100000000)
[7.650s][debug  ][gc,heap        ] GC(28)   eden space 197632K, 95% used [0x00000000f0000000,0x00000000fb7c1d58,0x00000000fc100000)
[7.650s][debug  ][gc,heap        ] GC(28)   from space 32256K, 0% used [0x00000000fe080000,0x00000000fe080000,0x0000000100000000)
[7.650s][debug  ][gc,heap        ] GC(28)   to   space 32256K, 0% used [0x00000000fc100000,0x00000000fc100000,0x00000000fe080000)
[7.650s][debug  ][gc,heap        ] GC(28)  ParOldGen       total 974336K, used 134755K [0x0000000080000000, 0x00000000bb780000, 0x00000000f0000000)
[7.650s][debug  ][gc,heap        ] GC(28)   object space 974336K, 13% used [0x0000000080000000,0x0000000088398cd8,0x00000000bb780000)
[7.650s][debug  ][gc,heap        ] GC(28)  Metaspace       used 1021K, committed 1216K, reserved 1056768K
[7.650s][debug  ][gc,heap        ] GC(28)   class space    used 83K, committed 192K, reserved 1048576K
[7.650s][debug  ][gc,tlab        ] GC(28) TLAB totals: thrds: 1  refills: 1 max: 1 slow allocs: 17 max 17 waste: 27.3% gc: 3939384B max: 3939384B slow: 0B max: 0B
[7.650s][info   ][gc,start       ] GC(28) Pause Young (Allocation Failure)
[7.650s][debug  ][gc,phases,start] GC(28) Scavenge
[7.662s][debug  ][gc,phases      ] GC(28) Scavenge 12.044ms
[7.662s][debug  ][gc,phases,start] GC(28) Reference Processing
[7.662s][debug  ][gc,ref         ] GC(28) Skipped phase 1 of Reference Processing: no references
[7.662s][debug  ][gc,ref         ] GC(28) Skipped phase 2 of Reference Processing: no references
[7.662s][debug  ][gc,ref         ] GC(28) Skipped phase 3 of Reference Processing: no references
[7.662s][debug  ][gc,ref         ] GC(28) Skipped phase 4 of Reference Processing: no references
[7.662s][debug  ][gc,phases,ref  ] GC(28) Reference Processing: 0.1ms
[7.662s][debug  ][gc,phases,ref  ] GC(28)   Reconsider SoftReferences: 0.0ms
[7.662s][debug  ][gc,phases,ref  ] GC(28)     SoftRef (ms):                  skipped
[7.662s][debug  ][gc,phases,ref  ] GC(28)   Notify Soft/WeakReferences: 0.0ms
[7.662s][debug  ][gc,phases,ref  ] GC(28)     SoftRef (ms):                  skipped
[7.662s][debug  ][gc,phases,ref  ] GC(28)     WeakRef (ms):                  skipped
[7.662s][debug  ][gc,phases,ref  ] GC(28)     FinalRef (ms):                 skipped
[7.662s][debug  ][gc,phases,ref  ] GC(28)     Total (ms):                    skipped
[7.662s][debug  ][gc,phases,ref  ] GC(28)   Notify and keep alive finalizable: 0.0ms
[7.662s][debug  ][gc,phases,ref  ] GC(28)     FinalRef (ms):                 skipped
[7.662s][debug  ][gc,phases,ref  ] GC(28)   Notify PhantomReferences: 0.0ms
[7.662s][debug  ][gc,phases,ref  ] GC(28)     PhantomRef (ms):               skipped
[7.663s][debug  ][gc,phases,ref  ] GC(28)   SoftReference:
[7.663s][debug  ][gc,phases,ref  ] GC(28)     Discovered: 0
[7.663s][debug  ][gc,phases,ref  ] GC(28)     Cleared: 0
[7.663s][debug  ][gc,phases,ref  ] GC(28)   WeakReference:
[7.663s][debug  ][gc,phases,ref  ] GC(28)     Discovered: 0
[7.663s][debug  ][gc,phases,ref  ] GC(28)     Cleared: 0
[7.663s][debug  ][gc,phases,ref  ] GC(28)   FinalReference:
[7.663s][debug  ][gc,phases,ref  ] GC(28)     Discovered: 0
[7.663s][debug  ][gc,phases,ref  ] GC(28)     Cleared: 0
[7.663s][debug  ][gc,phases,ref  ] GC(28)   PhantomReference:
[7.663s][debug  ][gc,phases,ref  ] GC(28)     Discovered: 0
[7.663s][debug  ][gc,phases,ref  ] GC(28)     Cleared: 0
[7.663s][debug  ][gc,phases      ] GC(28) Reference Processing 0.587ms
[7.663s][debug  ][gc,phases,start] GC(28) Weak Processing
[7.663s][debug  ][gc,phases      ] GC(28)   VM Weak                        Min:  0.0, Avg:  0.0, Max:  0.0, Diff:  0.0, Sum:  0.0, Workers: 6
[7.663s][debug  ][gc,phases      ] GC(28)     Dead                           Min: 0, Avg:  0.0, Max: 0, Diff: 0, Sum: 0, Workers: 6
[7.663s][debug  ][gc,phases      ] GC(28)     Total                          Min: 0, Avg:  1.3, Max: 8, Diff: 8, Sum: 8, Workers: 6
[7.663s][debug  ][gc,phases      ] GC(28)   ObjectSynchronizer Weak        Min:  0.0, Avg:  0.0, Max:  0.0, Diff:  0.0, Sum:  0.0, Workers: 6
[7.663s][debug  ][gc,phases      ] GC(28)     Dead                           Min: 0, Avg:  0.0, Max: 0, Diff: 0, Sum: 0, Workers: 6
[7.663s][debug  ][gc,phases      ] GC(28)     Total                          Min: 0, Avg:  0.5, Max: 3, Diff: 3, Sum: 3, Workers: 6
[7.663s][debug  ][gc,phases      ] GC(28)   JVMTI Tag Weak OopStorage      Min:  0.0, Avg:  0.0, Max:  0.0, Diff:  0.0, Sum:  0.0, Workers: 6
[7.663s][debug  ][gc,phases      ] GC(28)     Dead                           Min: 0, Avg:  0.0, Max: 0, Diff: 0, Sum: 0, Workers: 6
[7.663s][debug  ][gc,phases      ] GC(28)     Total                          Min: 0, Avg:  0.0, Max: 0, Diff: 0, Sum: 0, Workers: 6
[7.663s][debug  ][gc,phases      ] GC(28)   StringTable Weak               Min:  0.0, Avg:  0.0, Max:  0.0, Diff:  0.0, Sum:  0.0, Workers: 6
[7.663s][debug  ][gc,phases      ] GC(28)     Dead                           Min: 0, Avg:  0.0, Max: 0, Diff: 0, Sum: 0, Workers: 6
[7.663s][debug  ][gc,phases      ] GC(28)     Total                          Min: 512, Avg: 892.5, Max: 1131, Diff: 619, Sum: 5355, Workers: 6
[7.663s][debug  ][gc,phases      ] GC(28)   ResolvedMethodTable Weak       Min:  0.0, Avg:  0.0, Max:  0.0, Diff:  0.0, Sum:  0.0, Workers: 6
[7.663s][debug  ][gc,phases      ] GC(28)     Dead                           Min: 0, Avg:  0.0, Max: 0, Diff: 0, Sum: 0, Workers: 6
[7.663s][debug  ][gc,phases      ] GC(28)     Total                          Min: 0, Avg: 21.5, Max: 64, Diff: 64, Sum: 129, Workers: 6
[7.663s][debug  ][gc,phases      ] GC(28)   JNI Weak                       Min:  0.0, Avg:  0.0, Max:  0.0, Diff:  0.0, Sum:  0.0, Workers: 6
[7.663s][debug  ][gc,phases      ] GC(28)     Dead                           Min: 0, Avg:  0.0, Max: 0, Diff: 0, Sum: 0, Workers: 6
[7.663s][debug  ][gc,phases      ] GC(28)     Total                          Min: 0, Avg:  0.0, Max: 0, Diff: 0, Sum: 0, Workers: 6
[7.663s][debug  ][gc,phases      ] GC(28)   StringDedup Table Weak         Min:  0.0, Avg:  0.0, Max:  0.0, Diff:  0.0, Sum:  0.0, Workers: 6
[7.663s][debug  ][gc,phases      ] GC(28)     Dead                           Min: 0, Avg:  0.0, Max: 0, Diff: 0, Sum: 0, Workers: 6
[7.663s][debug  ][gc,phases      ] GC(28)     Total                          Min: 0, Avg:  0.0, Max: 0, Diff: 0, Sum: 0, Workers: 6
[7.663s][debug  ][gc,phases      ] GC(28)   StringDedup Requests0 Weak     Min:  0.0, Avg:  0.0, Max:  0.0, Diff:  0.0, Sum:  0.0, Workers: 6
[7.663s][debug  ][gc,phases      ] GC(28)     Dead                           Min: 0, Avg:  0.0, Max: 0, Diff: 0, Sum: 0, Workers: 6
[7.663s][debug  ][gc,phases      ] GC(28)     Total                          Min: 0, Avg:  0.0, Max: 0, Diff: 0, Sum: 0, Workers: 6
[7.663s][debug  ][gc,phases      ] GC(28)   StringDedup Requests1 Weak     Min:  0.0, Avg:  0.0, Max:  0.0, Diff:  0.0, Sum:  0.0, Workers: 6
[7.663s][debug  ][gc,phases      ] GC(28)     Dead                           Min: 0, Avg:  0.0, Max: 0, Diff: 0, Sum: 0, Workers: 6
[7.663s][debug  ][gc,phases      ] GC(28)     Total                          Min: 0, Avg:  0.0, Max: 0, Diff: 0, Sum: 0, Workers: 6
[7.663s][debug  ][gc,phases      ] GC(28)   Weak JFR Old Object Samples    Min:  0.0, Avg:  0.0, Max:  0.0, Diff:  0.0, Sum:  0.0, Workers: 6
[7.663s][debug  ][gc,phases      ] GC(28)     Dead                           Min: 0, Avg:  0.0, Max: 0, Diff: 0, Sum: 0, Workers: 6
[7.663s][debug  ][gc,phases      ] GC(28)     Total                          Min: 0, Avg:  0.0, Max: 0, Diff: 0, Sum: 0, Workers: 6
[7.663s][debug  ][gc,phases      ] GC(28) Weak Processing 0.662ms
[7.663s][debug  ][gc,ergo        ] GC(28) AdaptiveSizeStart:  collection: 29 
[7.663s][debug  ][gc,ergo        ] GC(28) avg_survived_padded_avg: 32885322.000000
[7.663s][debug  ][gc,ergo        ] GC(28) avg_promoted_padded_avg: 243477600.000000  avg_pretenured_padded_avg: 0.000000  tenuring_thresh: 1  target_size: 33030144
[7.663s][debug  ][gc,age         ] GC(28) Desired survivor size 33030144 bytes, new threshold 1 (max threshold 15)
[7.664s][debug  ][gc,ergo        ] GC(28) PSAdaptiveSizePolicy::compute_eden_space_size limits: desired_eden_size: 254419484 old_eden_size: 201850880 eden_limit: 202375168 cur_eden: 202375168 max_eden_size: 202375168 avg_young_live: 24976232
[7.664s][debug  ][gc,ergo        ] GC(28) PSAdaptiveSizePolicy::compute_eden_space_size: costs minor_time: 0.045890 major_cost: 0.025765 mutator_cost: 0.928345 throughput_goal: 0.990000
[7.664s][debug  ][gc,ergo        ] GC(28) Live_space: 749707264 free_space: 808976384
[7.664s][debug  ][gc,ergo        ] GC(28) Old eden_size: 201850880 desired_eden_size: 202375168
[7.664s][debug  ][gc,ergo        ] GC(28) AdaptiveSizeStop: collection: 29 
[7.664s][info   ][gc,heap        ] GC(28) PSYoungGen: 188167K(229888K)->30720K(229888K) Eden: 188167K(197632K)->0K(197632K) From: 0K(32256K)->30720K(32256K)
[7.664s][info   ][gc,heap        ] GC(28) ParOldGen: 134755K(974336K)->288355K(974336K)
[7.664s][info   ][gc,metaspace   ] GC(28) Metaspace: 1021K(1216K)->1021K(1216K) NonClass: 937K(1024K)->937K(1024K) Class: 83K(192K)->83K(192K)
[7.664s][info   ][gc             ] GC(28) Pause Young (Allocation Failure) 315M->311M(1176M) 13.698ms
[7.664s][info   ][gc,cpu         ] GC(28) User=0.00s Sys=0.00s Real=0.01s
[7.664s][debug  ][gc,heap        ] GC(28) Heap after GC invocations=29 (full 5):
[7.664s][debug  ][gc,heap        ] GC(28)  PSYoungGen      total 229888K, used 30720K [0x00000000f0000000, 0x0000000100000000, 0x0000000100000000)
[7.664s][debug  ][gc,heap        ] GC(28)   eden space 197632K, 0% used [0x00000000f0000000,0x00000000f0000000,0x00000000fc100000)
[7.664s][debug  ][gc,heap        ] GC(28)   from space 32256K, 95% used [0x00000000fc100000,0x00000000fdf00030,0x00000000fe080000)
[7.664s][debug  ][gc,heap        ] GC(28)   to   space 32256K, 0% used [0x00000000fe080000,0x00000000fe080000,0x0000000100000000)
[7.664s][debug  ][gc,heap        ] GC(28)  ParOldGen       total 974336K, used 288355K [0x0000000080000000, 0x00000000bb780000, 0x00000000f0000000)
[7.664s][debug  ][gc,heap        ] GC(28)   object space 974336K, 29% used [0x0000000080000000,0x0000000091998dc8,0x00000000bb780000)
[7.664s][debug  ][gc,heap        ] GC(28)  Metaspace       used 1021K, committed 1216K, reserved 1056768K
[7.664s][debug  ][gc,heap        ] GC(28)   class space    used 83K, committed 192K, reserved 1048576K
[7.664s][debug  ][gc,task,time   ] GC(28) VM-Thread 76497022 76621449 76639336
[7.952s][debug  ][gc,heap        ] GC(29) Heap before GC invocations=30 (full 5):
[7.952s][debug  ][gc,heap        ] GC(29)  PSYoungGen      total 229888K, used 218820K [0x00000000f0000000, 0x0000000100000000, 0x0000000100000000)
[7.952s][debug  ][gc,heap        ] GC(29)   eden space 197632K, 95% used [0x00000000f0000000,0x00000000fb7b12e0,0x00000000fc100000)
[7.952s][debug  ][gc,heap        ] GC(29)   from space 32256K, 95% used [0x00000000fc100000,0x00000000fdf00030,0x00000000fe080000)
[7.952s][debug  ][gc,heap        ] GC(29)   to   space 32256K, 0% used [0x00000000fe080000,0x00000000fe080000,0x0000000100000000)
[7.952s][debug  ][gc,heap        ] GC(29)  ParOldGen       total 974336K, used 288355K [0x0000000080000000, 0x00000000bb780000, 0x00000000f0000000)
[7.952s][debug  ][gc,heap        ] GC(29)   object space 974336K, 29% used [0x0000000080000000,0x0000000091998dc8,0x00000000bb780000)
[7.952s][debug  ][gc,heap        ] GC(29)  Metaspace       used 1021K, committed 1216K, reserved 1056768K
[7.952s][debug  ][gc,heap        ] GC(29)   class space    used 83K, committed 192K, reserved 1048576K
[7.952s][debug  ][gc,tlab        ] GC(29) TLAB totals: thrds: 1  refills: 1 max: 1 slow allocs: 17 max 17 waste: 27.0% gc: 3871168B max: 3871168B slow: 0B max: 0B
[7.952s][info   ][gc,start       ] GC(29) Pause Young (Allocation Failure)
[7.952s][debug  ][gc,phases,start] GC(29) Scavenge
[7.967s][debug  ][gc,phases      ] GC(29) Scavenge 14.445ms
[7.967s][debug  ][gc,phases,start] GC(29) Reference Processing
[7.967s][debug  ][gc,ref         ] GC(29) Skipped phase 1 of Reference Processing: no references
[7.967s][debug  ][gc,ref         ] GC(29) Skipped phase 2 of Reference Processing: no references
[7.967s][debug  ][gc,ref         ] GC(29) Skipped phase 3 of Reference Processing: no references
[7.967s][debug  ][gc,ref         ] GC(29) Skipped phase 4 of Reference Processing: no references
[7.967s][debug  ][gc,phases,ref  ] GC(29) Reference Processing: 0.1ms
[7.967s][debug  ][gc,phases,ref  ] GC(29)   Reconsider SoftReferences: 0.0ms
[7.967s][debug  ][gc,phases,ref  ] GC(29)     SoftRef (ms):                  skipped
[7.967s][debug  ][gc,phases,ref  ] GC(29)   Notify Soft/WeakReferences: 0.0ms
[7.967s][debug  ][gc,phases,ref  ] GC(29)     SoftRef (ms):                  skipped
[7.967s][debug  ][gc,phases,ref  ] GC(29)     WeakRef (ms):                  skipped
[7.967s][debug  ][gc,phases,ref  ] GC(29)     FinalRef (ms):                 skipped
[7.967s][debug  ][gc,phases,ref  ] GC(29)     Total (ms):                    skipped
[7.967s][debug  ][gc,phases,ref  ] GC(29)   Notify and keep alive finalizable: 0.0ms
[7.967s][debug  ][gc,phases,ref  ] GC(29)     FinalRef (ms):                 skipped
[7.967s][debug  ][gc,phases,ref  ] GC(29)   Notify PhantomReferences: 0.0ms
[7.967s][debug  ][gc,phases,ref  ] GC(29)     PhantomRef (ms):               skipped
[7.967s][debug  ][gc,phases,ref  ] GC(29)   SoftReference:
[7.967s][debug  ][gc,phases,ref  ] GC(29)     Discovered: 0
[7.967s][debug  ][gc,phases,ref  ] GC(29)     Cleared: 0
[7.967s][debug  ][gc,phases,ref  ] GC(29)   WeakReference:
[7.967s][debug  ][gc,phases,ref  ] GC(29)     Discovered: 0
[7.967s][debug  ][gc,phases,ref  ] GC(29)     Cleared: 0
[7.967s][debug  ][gc,phases,ref  ] GC(29)   FinalReference:
[7.967s][debug  ][gc,phases,ref  ] GC(29)     Discovered: 0
[7.967s][debug  ][gc,phases,ref  ] GC(29)     Cleared: 0
[7.967s][debug  ][gc,phases,ref  ] GC(29)   PhantomReference:
[7.967s][debug  ][gc,phases,ref  ] GC(29)     Discovered: 0
[7.967s][debug  ][gc,phases,ref  ] GC(29)     Cleared: 0
[7.967s][debug  ][gc,phases      ] GC(29) Reference Processing 0.616ms
[7.967s][debug  ][gc,phases,start] GC(29) Weak Processing
[7.968s][debug  ][gc,phases      ] GC(29)   VM Weak                        Min:  0.0, Avg:  0.0, Max:  0.0, Diff:  0.0, Sum:  0.0, Workers: 6
[7.968s][debug  ][gc,phases      ] GC(29)     Dead                           Min: 0, Avg:  0.0, Max: 0, Diff: 0, Sum: 0, Workers: 6
[7.968s][debug  ][gc,phases      ] GC(29)     Total                          Min: 0, Avg:  1.3, Max: 8, Diff: 8, Sum: 8, Workers: 6
[7.968s][debug  ][gc,phases      ] GC(29)   ObjectSynchronizer Weak        Min:  0.0, Avg:  0.0, Max:  0.0, Diff:  0.0, Sum:  0.0, Workers: 6
[7.968s][debug  ][gc,phases      ] GC(29)     Dead                           Min: 0, Avg:  0.0, Max: 0, Diff: 0, Sum: 0, Workers: 6
[7.968s][debug  ][gc,phases      ] GC(29)     Total                          Min: 0, Avg:  0.5, Max: 3, Diff: 3, Sum: 3, Workers: 6
[7.968s][debug  ][gc,phases      ] GC(29)   JVMTI Tag Weak OopStorage      Min:  0.0, Avg:  0.0, Max:  0.0, Diff:  0.0, Sum:  0.0, Workers: 6
[7.968s][debug  ][gc,phases      ] GC(29)     Dead                           Min: 0, Avg:  0.0, Max: 0, Diff: 0, Sum: 0, Workers: 6
[7.968s][debug  ][gc,phases      ] GC(29)     Total                          Min: 0, Avg:  0.0, Max: 0, Diff: 0, Sum: 0, Workers: 6
[7.968s][debug  ][gc,phases      ] GC(29)   StringTable Weak               Min:  0.0, Avg:  0.0, Max:  0.0, Diff:  0.0, Sum:  0.0, Workers: 6
[7.968s][debug  ][gc,phases      ] GC(29)     Dead                           Min: 0, Avg:  0.0, Max: 0, Diff: 0, Sum: 0, Workers: 6
[7.968s][debug  ][gc,phases      ] GC(29)     Total                          Min: 767, Avg: 892.5, Max: 1216, Diff: 449, Sum: 5355, Workers: 6
[7.968s][debug  ][gc,phases      ] GC(29)   ResolvedMethodTable Weak       Min:  0.0, Avg:  0.0, Max:  0.0, Diff:  0.0, Sum:  0.0, Workers: 6
[7.968s][debug  ][gc,phases      ] GC(29)     Dead                           Min: 0, Avg:  0.0, Max: 0, Diff: 0, Sum: 0, Workers: 6
[7.968s][debug  ][gc,phases      ] GC(29)     Total                          Min: 0, Avg: 21.5, Max: 64, Diff: 64, Sum: 129, Workers: 6
[7.968s][debug  ][gc,phases      ] GC(29)   JNI Weak                       Min:  0.0, Avg:  0.0, Max:  0.0, Diff:  0.0, Sum:  0.0, Workers: 6
[7.968s][debug  ][gc,phases      ] GC(29)     Dead                           Min: 0, Avg:  0.0, Max: 0, Diff: 0, Sum: 0, Workers: 6
[7.968s][debug  ][gc,phases      ] GC(29)     Total                          Min: 0, Avg:  0.0, Max: 0, Diff: 0, Sum: 0, Workers: 6
[7.968s][debug  ][gc,phases      ] GC(29)   StringDedup Table Weak         Min:  0.0, Avg:  0.0, Max:  0.0, Diff:  0.0, Sum:  0.0, Workers: 6
[7.968s][debug  ][gc,phases      ] GC(29)     Dead                           Min: 0, Avg:  0.0, Max: 0, Diff: 0, Sum: 0, Workers: 6
[7.968s][debug  ][gc,phases      ] GC(29)     Total                          Min: 0, Avg:  0.0, Max: 0, Diff: 0, Sum: 0, Workers: 6
[7.968s][debug  ][gc,phases      ] GC(29)   StringDedup Requests0 Weak     Min:  0.0, Avg:  0.0, Max:  0.0, Diff:  0.0, Sum:  0.0, Workers: 6
[7.968s][debug  ][gc,phases      ] GC(29)     Dead                           Min: 0, Avg:  0.0, Max: 0, Diff: 0, Sum: 0, Workers: 6
[7.968s][debug  ][gc,phases      ] GC(29)     Total                          Min: 0, Avg:  0.0, Max: 0, Diff: 0, Sum: 0, Workers: 6
[7.968s][debug  ][gc,phases      ] GC(29)   StringDedup Requests1 Weak     Min:  0.0, Avg:  0.0, Max:  0.0, Diff:  0.0, Sum:  0.0, Workers: 6
[7.968s][debug  ][gc,phases      ] GC(29)     Dead                           Min: 0, Avg:  0.0, Max: 0, Diff: 0, Sum: 0, Workers: 6
[7.968s][debug  ][gc,phases      ] GC(29)     Total                          Min: 0, Avg:  0.0, Max: 0, Diff: 0, Sum: 0, Workers: 6
[7.968s][debug  ][gc,phases      ] GC(29)   Weak JFR Old Object Samples    Min:  0.0, Avg:  0.0, Max:  0.0, Diff:  0.0, Sum:  0.0, Workers: 6
[7.968s][debug  ][gc,phases      ] GC(29)     Dead                           Min: 0, Avg:  0.0, Max: 0, Diff: 0, Sum: 0, Workers: 6
[7.968s][debug  ][gc,phases      ] GC(29)     Total                          Min: 0, Avg:  0.0, Max: 0, Diff: 0, Sum: 0, Workers: 6
[7.968s][debug  ][gc,phases      ] GC(29) Weak Processing 0.745ms
[7.968s][debug  ][gc,ergo        ] GC(29) AdaptiveSizeStart:  collection: 30 
[7.968s][debug  ][gc,ergo        ] GC(29) avg_survived_padded_avg: 32801432.000000
[7.968s][debug  ][gc,ergo        ] GC(29) avg_promoted_padded_avg: 246077152.000000  avg_pretenured_padded_avg: 0.000000  tenuring_thresh: 1  target_size: 33030144
[7.968s][debug  ][gc,age         ] GC(29) Desired survivor size 33030144 bytes, new threshold 1 (max threshold 15)
[7.968s][debug  ][gc,ergo        ] GC(29) PSAdaptiveSizePolicy::compute_eden_space_size limits: desired_eden_size: 241796663 old_eden_size: 202375168 eden_limit: 202375168 cur_eden: 202375168 max_eden_size: 202375168 avg_young_live: 25624342
[7.968s][debug  ][gc,ergo        ] GC(29) PSAdaptiveSizePolicy::compute_eden_space_size: costs minor_time: 0.047471 major_cost: 0.025765 mutator_cost: 0.926764 throughput_goal: 0.990000
[7.968s][debug  ][gc,ergo        ] GC(29) Live_space: 750355328 free_space: 809500672
[7.968s][debug  ][gc,ergo        ] GC(29) Old eden_size: 202375168 desired_eden_size: 202375168
[7.968s][debug  ][gc,ergo        ] GC(29) AdaptiveSizeStop: collection: 30 
[7.968s][info   ][gc,heap        ] GC(29) PSYoungGen: 218820K(229888K)->30720K(229888K) Eden: 188100K(197632K)->0K(197632K) From: 30720K(32256K)->30720K(32256K)
[7.968s][info   ][gc,heap        ] GC(29) ParOldGen: 288355K(974336K)->472675K(974336K)
[7.968s][info   ][gc,metaspace   ] GC(29) Metaspace: 1021K(1216K)->1021K(1216K) NonClass: 937K(1024K)->937K(1024K) Class: 83K(192K)->83K(192K)
[7.968s][info   ][gc             ] GC(29) Pause Young (Allocation Failure) 495M->491M(1176M) 16.225ms
[7.969s][info   ][gc,cpu         ] GC(29) User=0.12s Sys=0.00s Real=0.02s
[7.969s][debug  ][gc,heap        ] GC(29) Heap after GC invocations=30 (full 5):
[7.969s][debug  ][gc,heap        ] GC(29)  PSYoungGen      total 229888K, used 30720K [0x00000000f0000000, 0x0000000100000000, 0x0000000100000000)
[7.969s][debug  ][gc,heap        ] GC(29)   eden space 197632K, 0% used [0x00000000f0000000,0x00000000f0000000,0x00000000fc100000)
[7.969s][debug  ][gc,heap        ] GC(29)   from space 32256K, 95% used [0x00000000fe080000,0x00000000ffe80030,0x0000000100000000)
[7.969s][debug  ][gc,heap        ] GC(29)   to   space 32256K, 0% used [0x00000000fc100000,0x00000000fc100000,0x00000000fe080000)
[7.969s][debug  ][gc,heap        ] GC(29)  ParOldGen       total 974336K, used 472675K [0x0000000080000000, 0x00000000bb780000, 0x00000000f0000000)
[7.969s][debug  ][gc,heap        ] GC(29)   object space 974336K, 48% used [0x0000000080000000,0x000000009cd98ee8,0x00000000bb780000)
[7.969s][debug  ][gc,heap        ] GC(29)  Metaspace       used 1021K, committed 1216K, reserved 1056768K
[7.969s][debug  ][gc,heap        ] GC(29)   class space    used 83K, committed 192K, reserved 1048576K
[7.969s][debug  ][gc,task,time   ] GC(29) VM-Thread 79517782 79668092 79687218
[8.252s][debug  ][gc,heap        ] GC(30) Heap before GC invocations=31 (full 5):
[8.252s][debug  ][gc,heap        ] GC(30)  PSYoungGen      total 229888K, used 218853K [0x00000000f0000000, 0x0000000100000000, 0x0000000100000000)
[8.252s][debug  ][gc,heap        ] GC(30)   eden space 197632K, 95% used [0x00000000f0000000,0x00000000fb7b94c0,0x00000000fc100000)
[8.252s][debug  ][gc,heap        ] GC(30)   from space 32256K, 95% used [0x00000000fe080000,0x00000000ffe80030,0x0000000100000000)
[8.252s][debug  ][gc,heap        ] GC(30)   to   space 32256K, 0% used [0x00000000fc100000,0x00000000fc100000,0x00000000fe080000)
[8.252s][debug  ][gc,heap        ] GC(30)  ParOldGen       total 974336K, used 472675K [0x0000000080000000, 0x00000000bb780000, 0x00000000f0000000)
[8.253s][debug  ][gc,heap        ] GC(30)   object space 974336K, 48% used [0x0000000080000000,0x000000009cd98ee8,0x00000000bb780000)
[8.253s][debug  ][gc,heap        ] GC(30)  Metaspace       used 1021K, committed 1216K, reserved 1056768K
[8.253s][debug  ][gc,heap        ] GC(30)   class space    used 83K, committed 192K, reserved 1048576K
[8.253s][debug  ][gc,tlab        ] GC(30) TLAB totals: thrds: 1  refills: 1 max: 1 slow allocs: 17 max 17 waste: 27.1% gc: 3904416B max: 3904416B slow: 0B max: 0B
[8.253s][info   ][gc,start       ] GC(30) Pause Young (Allocation Failure)
[8.253s][debug  ][gc,phases,start] GC(30) Scavenge
[8.268s][debug  ][gc,phases      ] GC(30) Scavenge 14.864ms
[8.268s][debug  ][gc,phases,start] GC(30) Reference Processing
[8.268s][debug  ][gc,ref         ] GC(30) Skipped phase 1 of Reference Processing: no references
[8.268s][debug  ][gc,ref         ] GC(30) Skipped phase 2 of Reference Processing: no references
[8.268s][debug  ][gc,ref         ] GC(30) Skipped phase 3 of Reference Processing: no references
[8.268s][debug  ][gc,ref         ] GC(30) Skipped phase 4 of Reference Processing: no references
[8.268s][debug  ][gc,phases,ref  ] GC(30) Reference Processing: 0.1ms
[8.268s][debug  ][gc,phases,ref  ] GC(30)   Reconsider SoftReferences: 0.0ms
[8.268s][debug  ][gc,phases,ref  ] GC(30)     SoftRef (ms):                  skipped
[8.268s][debug  ][gc,phases,ref  ] GC(30)   Notify Soft/WeakReferences: 0.0ms
[8.268s][debug  ][gc,phases,ref  ] GC(30)     SoftRef (ms):                  skipped
[8.268s][debug  ][gc,phases,ref  ] GC(30)     WeakRef (ms):                  skipped
[8.268s][debug  ][gc,phases,ref  ] GC(30)     FinalRef (ms):                 skipped
[8.268s][debug  ][gc,phases,ref  ] GC(30)     Total (ms):                    skipped
[8.268s][debug  ][gc,phases,ref  ] GC(30)   Notify and keep alive finalizable: 0.0ms
[8.268s][debug  ][gc,phases,ref  ] GC(30)     FinalRef (ms):                 skipped
[8.268s][debug  ][gc,phases,ref  ] GC(30)   Notify PhantomReferences: 0.0ms
[8.268s][debug  ][gc,phases,ref  ] GC(30)     PhantomRef (ms):               skipped
[8.268s][debug  ][gc,phases,ref  ] GC(30)   SoftReference:
[8.268s][debug  ][gc,phases,ref  ] GC(30)     Discovered: 0
[8.268s][debug  ][gc,phases,ref  ] GC(30)     Cleared: 0
[8.268s][debug  ][gc,phases,ref  ] GC(30)   WeakReference:
[8.268s][debug  ][gc,phases,ref  ] GC(30)     Discovered: 0
[8.268s][debug  ][gc,phases,ref  ] GC(30)     Cleared: 0
[8.268s][debug  ][gc,phases,ref  ] GC(30)   FinalReference:
[8.268s][debug  ][gc,phases,ref  ] GC(30)     Discovered: 0
[8.268s][debug  ][gc,phases,ref  ] GC(30)     Cleared: 0
[8.268s][debug  ][gc,phases,ref  ] GC(30)   PhantomReference:
[8.268s][debug  ][gc,phases,ref  ] GC(30)     Discovered: 0
[8.268s][debug  ][gc,phases,ref  ] GC(30)     Cleared: 0
[8.268s][debug  ][gc,phases      ] GC(30) Reference Processing 0.569ms
[8.268s][debug  ][gc,phases,start] GC(30) Weak Processing
[8.268s][debug  ][gc,phases      ] GC(30)   VM Weak                        Min:  0.0, Avg:  0.0, Max:  0.0, Diff:  0.0, Sum:  0.0, Workers: 6
[8.268s][debug  ][gc,phases      ] GC(30)     Dead                           Min: 0, Avg:  0.0, Max: 0, Diff: 0, Sum: 0, Workers: 6
[8.268s][debug  ][gc,phases      ] GC(30)     Total                          Min: 0, Avg:  1.3, Max: 8, Diff: 8, Sum: 8, Workers: 6
[8.268s][debug  ][gc,phases      ] GC(30)   ObjectSynchronizer Weak        Min:  0.0, Avg:  0.0, Max:  0.0, Diff:  0.0, Sum:  0.0, Workers: 6
[8.268s][debug  ][gc,phases      ] GC(30)     Dead                           Min: 0, Avg:  0.0, Max: 0, Diff: 0, Sum: 0, Workers: 6
[8.268s][debug  ][gc,phases      ] GC(30)     Total                          Min: 0, Avg:  0.5, Max: 3, Diff: 3, Sum: 3, Workers: 6
[8.268s][debug  ][gc,phases      ] GC(30)   JVMTI Tag Weak OopStorage      Min:  0.0, Avg:  0.0, Max:  0.0, Diff:  0.0, Sum:  0.0, Workers: 6
[8.268s][debug  ][gc,phases      ] GC(30)     Dead                           Min: 0, Avg:  0.0, Max: 0, Diff: 0, Sum: 0, Workers: 6
[8.268s][debug  ][gc,phases      ] GC(30)     Total                          Min: 0, Avg:  0.0, Max: 0, Diff: 0, Sum: 0, Workers: 6
[8.268s][debug  ][gc,phases      ] GC(30)   StringTable Weak               Min:  0.0, Avg:  0.0, Max:  0.0, Diff:  0.0, Sum:  0.0, Workers: 6
[8.268s][debug  ][gc,phases      ] GC(30)     Dead                           Min: 0, Avg:  0.0, Max: 0, Diff: 0, Sum: 0, Workers: 6
[8.268s][debug  ][gc,phases      ] GC(30)     Total                          Min: 640, Avg: 892.5, Max: 1216, Diff: 576, Sum: 5355, Workers: 6
[8.269s][debug  ][gc,phases      ] GC(30)   ResolvedMethodTable Weak       Min:  0.0, Avg:  0.0, Max:  0.0, Diff:  0.0, Sum:  0.0, Workers: 6
[8.269s][debug  ][gc,phases      ] GC(30)     Dead                           Min: 0, Avg:  0.0, Max: 0, Diff: 0, Sum: 0, Workers: 6
[8.269s][debug  ][gc,phases      ] GC(30)     Total                          Min: 0, Avg: 21.5, Max: 64, Diff: 64, Sum: 129, Workers: 6
[8.269s][debug  ][gc,phases      ] GC(30)   JNI Weak                       Min:  0.0, Avg:  0.0, Max:  0.0, Diff:  0.0, Sum:  0.0, Workers: 6
[8.269s][debug  ][gc,phases      ] GC(30)     Dead                           Min: 0, Avg:  0.0, Max: 0, Diff: 0, Sum: 0, Workers: 6
[8.269s][debug  ][gc,phases      ] GC(30)     Total                          Min: 0, Avg:  0.0, Max: 0, Diff: 0, Sum: 0, Workers: 6
[8.269s][debug  ][gc,phases      ] GC(30)   StringDedup Table Weak         Min:  0.0, Avg:  0.0, Max:  0.0, Diff:  0.0, Sum:  0.0, Workers: 6
[8.269s][debug  ][gc,phases      ] GC(30)     Dead                           Min: 0, Avg:  0.0, Max: 0, Diff: 0, Sum: 0, Workers: 6
[8.269s][debug  ][gc,phases      ] GC(30)     Total                          Min: 0, Avg:  0.0, Max: 0, Diff: 0, Sum: 0, Workers: 6
[8.269s][debug  ][gc,phases      ] GC(30)   StringDedup Requests0 Weak     Min:  0.0, Avg:  0.0, Max:  0.0, Diff:  0.0, Sum:  0.0, Workers: 6
[8.269s][debug  ][gc,phases      ] GC(30)     Dead                           Min: 0, Avg:  0.0, Max: 0, Diff: 0, Sum: 0, Workers: 6
[8.269s][debug  ][gc,phases      ] GC(30)     Total                          Min: 0, Avg:  0.0, Max: 0, Diff: 0, Sum: 0, Workers: 6
[8.269s][debug  ][gc,phases      ] GC(30)   StringDedup Requests1 Weak     Min:  0.0, Avg:  0.0, Max:  0.0, Diff:  0.0, Sum:  0.0, Workers: 6
[8.269s][debug  ][gc,phases      ] GC(30)     Dead                           Min: 0, Avg:  0.0, Max: 0, Diff: 0, Sum: 0, Workers: 6
[8.269s][debug  ][gc,phases      ] GC(30)     Total                          Min: 0, Avg:  0.0, Max: 0, Diff: 0, Sum: 0, Workers: 6
[8.269s][debug  ][gc,phases      ] GC(30)   Weak JFR Old Object Samples    Min:  0.0, Avg:  0.0, Max:  0.0, Diff:  0.0, Sum:  0.0, Workers: 6
[8.269s][debug  ][gc,phases      ] GC(30)     Dead                           Min: 0, Avg:  0.0, Max: 0, Diff: 0, Sum: 0, Workers: 6
[8.269s][debug  ][gc,phases      ] GC(30)     Total                          Min: 0, Avg:  0.0, Max: 0, Diff: 0, Sum: 0, Workers: 6
[8.269s][debug  ][gc,phases      ] GC(30) Weak Processing 0.730ms
[8.269s][debug  ][gc,ergo        ] GC(30) AdaptiveSizeStart:  collection: 31 
[8.269s][debug  ][gc,ergo        ] GC(30) avg_survived_padded_avg: 32720036.000000
[8.269s][debug  ][gc,ergo        ] GC(30) avg_promoted_padded_avg: 247609472.000000  avg_pretenured_padded_avg: 0.000000  tenuring_thresh: 1  target_size: 33030144
[8.269s][debug  ][gc,age         ] GC(30) Desired survivor size 33030144 bytes, new threshold 1 (max threshold 15)
[8.269s][debug  ][gc,ergo        ] GC(30) PSAdaptiveSizePolicy::compute_eden_space_size limits: desired_eden_size: 242270423 old_eden_size: 202375168 eden_limit: 202375168 cur_eden: 202375168 max_eden_size: 202375168 avg_young_live: 26207640
[8.269s][debug  ][gc,ergo        ] GC(30) PSAdaptiveSizePolicy::compute_eden_space_size: costs minor_time: 0.049129 major_cost: 0.025765 mutator_cost: 0.925106 throughput_goal: 0.990000
[8.269s][debug  ][gc,ergo        ] GC(30) Live_space: 750938624 free_space: 809500672
[8.269s][debug  ][gc,ergo        ] GC(30) Old eden_size: 202375168 desired_eden_size: 202375168
[8.269s][debug  ][gc,ergo        ] GC(30) AdaptiveSizeStop: collection: 31 
[8.269s][info   ][gc,heap        ] GC(30) PSYoungGen: 218853K(229888K)->30720K(229888K) Eden: 188133K(197632K)->0K(197632K) From: 30720K(32256K)->30720K(32256K)
[8.269s][info   ][gc,heap        ] GC(30) ParOldGen: 472675K(974336K)->656996K(974336K)
[8.269s][info   ][gc,metaspace   ] GC(30) Metaspace: 1021K(1216K)->1021K(1216K) NonClass: 937K(1024K)->937K(1024K) Class: 83K(192K)->83K(192K)
[8.269s][info   ][gc             ] GC(30) Pause Young (Allocation Failure) 675M->671M(1176M) 16.574ms
[8.269s][info   ][gc,cpu         ] GC(30) User=0.12s Sys=0.00s Real=0.02s
[8.269s][debug  ][gc,heap        ] GC(30) Heap after GC invocations=31 (full 5):
[8.269s][debug  ][gc,heap        ] GC(30)  PSYoungGen      total 229888K, used 30720K [0x00000000f0000000, 0x0000000100000000, 0x0000000100000000)
[8.269s][debug  ][gc,heap        ] GC(30)   eden space 197632K, 0% used [0x00000000f0000000,0x00000000f0000000,0x00000000fc100000)
[8.269s][debug  ][gc,heap        ] GC(30)   from space 32256K, 95% used [0x00000000fc100000,0x00000000fdf00030,0x00000000fe080000)
[8.269s][debug  ][gc,heap        ] GC(30)   to   space 32256K, 0% used [0x00000000fe080000,0x00000000fe080000,0x0000000100000000)
[8.269s][debug  ][gc,heap        ] GC(30)  ParOldGen       total 974336K, used 656996K [0x0000000080000000, 0x00000000bb780000, 0x00000000f0000000)
[8.269s][debug  ][gc,heap        ] GC(30)   object space 974336K, 67% used [0x0000000080000000,0x00000000a8199008,0x00000000bb780000)
[8.269s][debug  ][gc,heap        ] GC(30)  Metaspace       used 1021K, committed 1216K, reserved 1056768K
[8.269s][debug  ][gc,heap        ] GC(30)   class space    used 83K, committed 192K, reserved 1048576K
[8.269s][debug  ][gc,task,time   ] GC(30) VM-Thread 82523305 82675761 82694285
[8.553s][debug  ][gc,heap        ] GC(31) Heap before GC invocations=32 (full 5):
[8.553s][debug  ][gc,heap        ] GC(31)  PSYoungGen      total 229888K, used 218874K [0x00000000f0000000, 0x0000000100000000, 0x0000000100000000)
[8.553s][debug  ][gc,heap        ] GC(31)   eden space 197632K, 95% used [0x00000000f0000000,0x00000000fb7be838,0x00000000fc100000)
[8.553s][debug  ][gc,heap        ] GC(31)   from space 32256K, 95% used [0x00000000fc100000,0x00000000fdf00030,0x00000000fe080000)
[8.554s][debug  ][gc,heap        ] GC(31)   to   space 32256K, 0% used [0x00000000fe080000,0x00000000fe080000,0x0000000100000000)
[8.554s][debug  ][gc,heap        ] GC(31)  ParOldGen       total 974336K, used 656996K [0x0000000080000000, 0x00000000bb780000, 0x00000000f0000000)
[8.554s][debug  ][gc,heap        ] GC(31)   object space 974336K, 67% used [0x0000000080000000,0x00000000a8199008,0x00000000bb780000)
[8.554s][debug  ][gc,heap        ] GC(31)  Metaspace       used 1021K, committed 1216K, reserved 1056768K
[8.554s][debug  ][gc,heap        ] GC(31)   class space    used 83K, committed 192K, reserved 1048576K
[8.554s][debug  ][gc,tlab        ] GC(31) TLAB totals: thrds: 1  refills: 1 max: 1 slow allocs: 17 max 17 waste: 27.2% gc: 3925784B max: 3925784B slow: 0B max: 0B
[8.554s][info   ][gc,start       ] GC(31) Pause Young (Allocation Failure)
[8.554s][debug  ][gc,phases,start] GC(31) Scavenge
[8.568s][debug  ][gc,phases      ] GC(31) Scavenge 14.535ms
[8.568s][debug  ][gc,phases,start] GC(31) Reference Processing
[8.568s][debug  ][gc,ref         ] GC(31) Skipped phase 1 of Reference Processing: no references
[8.568s][debug  ][gc,ref         ] GC(31) Skipped phase 2 of Reference Processing: no references
[8.569s][debug  ][gc,ref         ] GC(31) Skipped phase 3 of Reference Processing: no references
[8.569s][debug  ][gc,ref         ] GC(31) Skipped phase 4 of Reference Processing: no references
[8.569s][debug  ][gc,phases,ref  ] GC(31) Reference Processing: 0.1ms
[8.569s][debug  ][gc,phases,ref  ] GC(31)   Reconsider SoftReferences: 0.0ms
[8.569s][debug  ][gc,phases,ref  ] GC(31)     SoftRef (ms):                  skipped
[8.569s][debug  ][gc,phases,ref  ] GC(31)   Notify Soft/WeakReferences: 0.0ms
[8.569s][debug  ][gc,phases,ref  ] GC(31)     SoftRef (ms):                  skipped
[8.569s][debug  ][gc,phases,ref  ] GC(31)     WeakRef (ms):                  skipped
[8.569s][debug  ][gc,phases,ref  ] GC(31)     FinalRef (ms):                 skipped
[8.569s][debug  ][gc,phases,ref  ] GC(31)     Total (ms):                    skipped
[8.569s][debug  ][gc,phases,ref  ] GC(31)   Notify and keep alive finalizable: 0.0ms
[8.569s][debug  ][gc,phases,ref  ] GC(31)     FinalRef (ms):                 skipped
[8.569s][debug  ][gc,phases,ref  ] GC(31)   Notify PhantomReferences: 0.0ms
[8.569s][debug  ][gc,phases,ref  ] GC(31)     PhantomRef (ms):               skipped
[8.569s][debug  ][gc,phases,ref  ] GC(31)   SoftReference:
[8.569s][debug  ][gc,phases,ref  ] GC(31)     Discovered: 0
[8.569s][debug  ][gc,phases,ref  ] GC(31)     Cleared: 0
[8.569s][debug  ][gc,phases,ref  ] GC(31)   WeakReference:
[8.569s][debug  ][gc,phases,ref  ] GC(31)     Discovered: 0
[8.569s][debug  ][gc,phases,ref  ] GC(31)     Cleared: 0
[8.569s][debug  ][gc,phases,ref  ] GC(31)   FinalReference:
[8.569s][debug  ][gc,phases,ref  ] GC(31)     Discovered: 0
[8.569s][debug  ][gc,phases,ref  ] GC(31)     Cleared: 0
[8.569s][debug  ][gc,phases,ref  ] GC(31)   PhantomReference:
[8.569s][debug  ][gc,phases,ref  ] GC(31)     Discovered: 0
[8.569s][debug  ][gc,phases,ref  ] GC(31)     Cleared: 0
[8.569s][debug  ][gc,phases      ] GC(31) Reference Processing 0.855ms
[8.569s][debug  ][gc,phases,start] GC(31) Weak Processing
[8.569s][debug  ][gc,phases      ] GC(31)   VM Weak                        Min:  0.0, Avg:  0.0, Max:  0.0, Diff:  0.0, Sum:  0.0, Workers: 6
[8.569s][debug  ][gc,phases      ] GC(31)     Dead                           Min: 0, Avg:  0.0, Max: 0, Diff: 0, Sum: 0, Workers: 6
[8.569s][debug  ][gc,phases      ] GC(31)     Total                          Min: 0, Avg:  1.3, Max: 8, Diff: 8, Sum: 8, Workers: 6
[8.570s][debug  ][gc,phases      ] GC(31)   ObjectSynchronizer Weak        Min:  0.0, Avg:  0.0, Max:  0.0, Diff:  0.0, Sum:  0.0, Workers: 6
[8.570s][debug  ][gc,phases      ] GC(31)     Dead                           Min: 0, Avg:  0.0, Max: 0, Diff: 0, Sum: 0, Workers: 6
[8.570s][debug  ][gc,phases      ] GC(31)     Total                          Min: 0, Avg:  0.5, Max: 3, Diff: 3, Sum: 3, Workers: 6
[8.570s][debug  ][gc,phases      ] GC(31)   JVMTI Tag Weak OopStorage      Min:  0.0, Avg:  0.0, Max:  0.0, Diff:  0.0, Sum:  0.0, Workers: 6
[8.570s][debug  ][gc,phases      ] GC(31)     Dead                           Min: 0, Avg:  0.0, Max: 0, Diff: 0, Sum: 0, Workers: 6
[8.570s][debug  ][gc,phases      ] GC(31)     Total                          Min: 0, Avg:  0.0, Max: 0, Diff: 0, Sum: 0, Workers: 6
[8.570s][debug  ][gc,phases      ] GC(31)   StringTable Weak               Min:  0.0, Avg:  0.0, Max:  0.0, Diff:  0.0, Sum:  0.1, Workers: 6
[8.570s][debug  ][gc,phases      ] GC(31)     Dead                           Min: 0, Avg:  0.0, Max: 0, Diff: 0, Sum: 0, Workers: 6
[8.570s][debug  ][gc,phases      ] GC(31)     Total                          Min: 704, Avg: 892.5, Max: 1024, Diff: 320, Sum: 5355, Workers: 6
[8.570s][debug  ][gc,phases      ] GC(31)   ResolvedMethodTable Weak       Min:  0.0, Avg:  0.0, Max:  0.0, Diff:  0.0, Sum:  0.0, Workers: 6
[8.570s][debug  ][gc,phases      ] GC(31)     Dead                           Min: 0, Avg:  0.0, Max: 0, Diff: 0, Sum: 0, Workers: 6
[8.570s][debug  ][gc,phases      ] GC(31)     Total                          Min: 0, Avg: 21.5, Max: 64, Diff: 64, Sum: 129, Workers: 6
[8.570s][debug  ][gc,phases      ] GC(31)   JNI Weak                       Min:  0.0, Avg:  0.0, Max:  0.0, Diff:  0.0, Sum:  0.0, Workers: 6
[8.570s][debug  ][gc,phases      ] GC(31)     Dead                           Min: 0, Avg:  0.0, Max: 0, Diff: 0, Sum: 0, Workers: 6
[8.570s][debug  ][gc,phases      ] GC(31)     Total                          Min: 0, Avg:  0.0, Max: 0, Diff: 0, Sum: 0, Workers: 6
[8.570s][debug  ][gc,phases      ] GC(31)   StringDedup Table Weak         Min:  0.0, Avg:  0.0, Max:  0.0, Diff:  0.0, Sum:  0.0, Workers: 6
[8.570s][debug  ][gc,phases      ] GC(31)     Dead                           Min: 0, Avg:  0.0, Max: 0, Diff: 0, Sum: 0, Workers: 6
[8.570s][debug  ][gc,phases      ] GC(31)     Total                          Min: 0, Avg:  0.0, Max: 0, Diff: 0, Sum: 0, Workers: 6
[8.570s][debug  ][gc,phases      ] GC(31)   StringDedup Requests0 Weak     Min:  0.0, Avg:  0.0, Max:  0.0, Diff:  0.0, Sum:  0.0, Workers: 6
[8.570s][debug  ][gc,phases      ] GC(31)     Dead                           Min: 0, Avg:  0.0, Max: 0, Diff: 0, Sum: 0, Workers: 6
[8.570s][debug  ][gc,phases      ] GC(31)     Total                          Min: 0, Avg:  0.0, Max: 0, Diff: 0, Sum: 0, Workers: 6
[8.570s][debug  ][gc,phases      ] GC(31)   StringDedup Requests1 Weak     Min:  0.0, Avg:  0.0, Max:  0.0, Diff:  0.0, Sum:  0.0, Workers: 6
[8.570s][debug  ][gc,phases      ] GC(31)     Dead                           Min: 0, Avg:  0.0, Max: 0, Diff: 0, Sum: 0, Workers: 6
[8.570s][debug  ][gc,phases      ] GC(31)     Total                          Min: 0, Avg:  0.0, Max: 0, Diff: 0, Sum: 0, Workers: 6
[8.570s][debug  ][gc,phases      ] GC(31)   Weak JFR Old Object Samples    Min:  0.0, Avg:  0.0, Max:  0.0, Diff:  0.0, Sum:  0.0, Workers: 6
[8.570s][debug  ][gc,phases      ] GC(31)     Dead                           Min: 0, Avg:  0.0, Max: 0, Diff: 0, Sum: 0, Workers: 6
[8.570s][debug  ][gc,phases      ] GC(31)     Total                          Min: 0, Avg:  0.0, Max: 0, Diff: 0, Sum: 0, Workers: 6
[8.570s][debug  ][gc,phases      ] GC(31) Weak Processing 0.953ms
[8.570s][debug  ][gc,ergo        ] GC(31) AdaptiveSizeStart:  collection: 32 
[8.570s][debug  ][gc,ergo        ] GC(31) avg_survived_padded_avg: 32641480.000000
[8.570s][debug  ][gc,ergo        ] GC(31) avg_promoted_padded_avg: 248262000.000000  avg_pretenured_padded_avg: 0.000000  tenuring_thresh: 1  target_size: 33030144
[8.570s][debug  ][gc,age         ] GC(31) Desired survivor size 33030144 bytes, new threshold 1 (max threshold 15)
[8.570s][debug  ][gc,ergo        ] GC(31) PSAdaptiveSizePolicy::compute_eden_space_size limits: desired_eden_size: 242656327 old_eden_size: 202375168 eden_limit: 202375168 cur_eden: 202375168 max_eden_size: 202375168 avg_young_live: 26732606
[8.570s][debug  ][gc,ergo        ] GC(31) PSAdaptiveSizePolicy::compute_eden_space_size: costs minor_time: 0.050537 major_cost: 0.025765 mutator_cost: 0.923698 throughput_goal: 0.990000
[8.570s][debug  ][gc,ergo        ] GC(31) Live_space: 751463616 free_space: 809500672
[8.570s][debug  ][gc,ergo        ] GC(31) Old eden_size: 202375168 desired_eden_size: 202375168
[8.570s][debug  ][gc,ergo        ] GC(31) AdaptiveSizeStop: collection: 32 
[8.571s][info   ][gc,heap        ] GC(31) PSYoungGen: 218874K(229888K)->30720K(229888K) Eden: 188154K(197632K)->0K(197632K) From: 30720K(32256K)->30720K(32256K)
[8.571s][info   ][gc,heap        ] GC(31) ParOldGen: 656996K(974336K)->841316K(974336K)
[8.571s][info   ][gc,metaspace   ] GC(31) Metaspace: 1021K(1216K)->1021K(1216K) NonClass: 937K(1024K)->937K(1024K) Class: 83K(192K)->83K(192K)
[8.571s][info   ][gc             ] GC(31) Pause Young (Allocation Failure) 855M->851M(1176M) 16.893ms
[8.571s][info   ][gc,cpu         ] GC(31) User=0.12s Sys=0.00s Real=0.02s
[8.571s][debug  ][gc,heap        ] GC(31) Heap after GC invocations=32 (full 5):
[8.571s][debug  ][gc,heap        ] GC(31)  PSYoungGen      total 229888K, used 30720K [0x00000000f0000000, 0x0000000100000000, 0x0000000100000000)
[8.571s][debug  ][gc,heap        ] GC(31)   eden space 197632K, 0% used [0x00000000f0000000,0x00000000f0000000,0x00000000fc100000)
[8.571s][debug  ][gc,heap        ] GC(31)   from space 32256K, 95% used [0x00000000fe080000,0x00000000ffe80030,0x0000000100000000)
[8.571s][debug  ][gc,heap        ] GC(31)   to   space 32256K, 0% used [0x00000000fc100000,0x00000000fc100000,0x00000000fe080000)
[8.571s][debug  ][gc,heap        ] GC(31)  ParOldGen       total 974336K, used 841316K [0x0000000080000000, 0x00000000bb780000, 0x00000000f0000000)
[8.571s][debug  ][gc,heap        ] GC(31)   object space 974336K, 86% used [0x0000000080000000,0x00000000b3599128,0x00000000bb780000)
[8.571s][debug  ][gc,heap        ] GC(31)  Metaspace       used 1021K, committed 1216K, reserved 1056768K
[8.571s][debug  ][gc,heap        ] GC(31)   class space    used 83K, committed 192K, reserved 1048576K
[8.571s][debug  ][gc,task,time   ] GC(31) VM-Thread 85532930 85684030 85708511
[8.571s][debug  ][gc,phases,start] GC(32) Pre Compact
[8.571s][debug  ][gc,heap        ] GC(32) Heap before GC invocations=33 (full 6):
[8.571s][debug  ][gc,heap        ] GC(32)  PSYoungGen      total 229888K, used 30720K [0x00000000f0000000, 0x0000000100000000, 0x0000000100000000)
[8.571s][debug  ][gc,heap        ] GC(32)   eden space 197632K, 0% used [0x00000000f0000000,0x00000000f0000000,0x00000000fc100000)
[8.571s][debug  ][gc,heap        ] GC(32)   from space 32256K, 95% used [0x00000000fe080000,0x00000000ffe80030,0x0000000100000000)
[8.571s][debug  ][gc,heap        ] GC(32)   to   space 32256K, 0% used [0x00000000fc100000,0x00000000fc100000,0x00000000fe080000)
[8.571s][debug  ][gc,heap        ] GC(32)  ParOldGen       total 974336K, used 841316K [0x0000000080000000, 0x00000000bb780000, 0x00000000f0000000)
[8.571s][debug  ][gc,heap        ] GC(32)   object space 974336K, 86% used [0x0000000080000000,0x00000000b3599128,0x00000000bb780000)
[8.571s][debug  ][gc,heap        ] GC(32)  Metaspace       used 1021K, committed 1216K, reserved 1056768K
[8.571s][debug  ][gc,heap        ] GC(32)   class space    used 83K, committed 192K, reserved 1048576K
[8.571s][debug  ][gc,phases      ] GC(32) Pre Compact 0.203ms
[8.571s][info   ][gc,start       ] GC(32) Pause Full (Ergonomics)
[8.571s][info   ][gc,phases,start] GC(32) Marking Phase
[8.571s][debug  ][gc,phases,start] GC(32) Par Mark
[8.572s][debug  ][gc,phases      ] GC(32) Par Mark 0.498ms
[8.572s][debug  ][gc,phases,start] GC(32) Reference Processing
[8.572s][debug  ][gc,ref         ] GC(32) Skipped phase 1 of Reference Processing: no references
[8.572s][debug  ][gc,ref         ] GC(32) ReferenceProcessor::execute queues: 1, RefProcThreadModel::Single, marks_oops_alive: false
[8.572s][debug  ][gc,ref         ] GC(32) Skipped phase 3 of Reference Processing: no references
[8.572s][debug  ][gc,ref         ] GC(32) ReferenceProcessor::execute queues: 1, RefProcThreadModel::Single, marks_oops_alive: false
[8.572s][debug  ][gc,phases,ref  ] GC(32) Reference Processing: 0.1ms
[8.572s][debug  ][gc,phases,ref  ] GC(32)   Reconsider SoftReferences: 0.0ms
[8.572s][debug  ][gc,phases,ref  ] GC(32)     SoftRef (ms):                  skipped
[8.572s][debug  ][gc,phases,ref  ] GC(32)   Notify Soft/WeakReferences: 0.0ms
[8.572s][debug  ][gc,phases,ref  ] GC(32)     SoftRef (ms):                  Min:  0.0, Avg:  0.0, Max:  0.0, Diff:  0.0, Sum:  0.0, Workers: 8
[8.572s][debug  ][gc,phases,ref  ] GC(32)     WeakRef (ms):                  Min:  0.0, Avg:  0.0, Max:  0.0, Diff:  0.0, Sum:  0.0, Workers: 8
[8.572s][debug  ][gc,phases,ref  ] GC(32)     FinalRef (ms):                 Min:  0.0, Avg:  0.0, Max:  0.0, Diff:  0.0, Sum:  0.0, Workers: 8
[8.572s][debug  ][gc,phases,ref  ] GC(32)     Total (ms):                    Min:  0.0, Avg:  0.0, Max:  0.0, Diff:  0.0, Sum:  0.0, Workers: 8
[8.572s][debug  ][gc,phases,ref  ] GC(32)   Notify and keep alive finalizable: 0.0ms
[8.572s][debug  ][gc,phases,ref  ] GC(32)     FinalRef (ms):                 skipped
[8.572s][debug  ][gc,phases,ref  ] GC(32)   Notify PhantomReferences: 0.0ms
[8.572s][debug  ][gc,phases,ref  ] GC(32)     PhantomRef (ms):               Min:  0.0, Avg:  0.0, Max:  0.0, Diff:  0.0, Sum:  0.0, Workers: 8
[8.572s][debug  ][gc,phases,ref  ] GC(32)   SoftReference:
[8.572s][debug  ][gc,phases,ref  ] GC(32)     Discovered: 0
[8.572s][debug  ][gc,phases,ref  ] GC(32)     Cleared: 0
[8.572s][debug  ][gc,phases,ref  ] GC(32)   WeakReference:
[8.572s][debug  ][gc,phases,ref  ] GC(32)     Discovered: 83
[8.572s][debug  ][gc,phases,ref  ] GC(32)     Cleared: 83
[8.572s][debug  ][gc,phases,ref  ] GC(32)   FinalReference:
[8.572s][debug  ][gc,phases,ref  ] GC(32)     Discovered: 0
[8.572s][debug  ][gc,phases,ref  ] GC(32)     Cleared: 0
[8.572s][debug  ][gc,phases,ref  ] GC(32)   PhantomReference:
[8.572s][debug  ][gc,phases,ref  ] GC(32)     Discovered: 5
[8.572s][debug  ][gc,phases,ref  ] GC(32)     Cleared: 5
[8.572s][debug  ][gc,phases      ] GC(32) Reference Processing 0.724ms
[8.572s][debug  ][gc,phases,start] GC(32) Weak Processing
[8.572s][debug  ][gc,phases      ] GC(32)   VM Weak                        Min:  0.0, Avg:  0.0, Max:  0.0, Diff:  0.0, Sum:  0.0, Workers: 6
[8.573s][debug  ][gc,phases      ] GC(32)     Dead                           Min: 0, Avg:  0.0, Max: 0, Diff: 0, Sum: 0, Workers: 6
[8.573s][debug  ][gc,phases      ] GC(32)     Total                          Min: 0, Avg:  1.3, Max: 8, Diff: 8, Sum: 8, Workers: 6
[8.573s][debug  ][gc,phases      ] GC(32)   ObjectSynchronizer Weak        Min:  0.0, Avg:  0.0, Max:  0.0, Diff:  0.0, Sum:  0.0, Workers: 6
[8.573s][debug  ][gc,phases      ] GC(32)     Dead                           Min: 0, Avg:  0.0, Max: 0, Diff: 0, Sum: 0, Workers: 6
[8.573s][debug  ][gc,phases      ] GC(32)     Total                          Min: 0, Avg:  0.5, Max: 3, Diff: 3, Sum: 3, Workers: 6
[8.573s][debug  ][gc,phases      ] GC(32)   JVMTI Tag Weak OopStorage      Min:  0.0, Avg:  0.0, Max:  0.0, Diff:  0.0, Sum:  0.0, Workers: 6
[8.573s][debug  ][gc,phases      ] GC(32)     Dead                           Min: 0, Avg:  0.0, Max: 0, Diff: 0, Sum: 0, Workers: 6
[8.573s][debug  ][gc,phases      ] GC(32)     Total                          Min: 0, Avg:  0.0, Max: 0, Diff: 0, Sum: 0, Workers: 6
[8.573s][debug  ][gc,phases      ] GC(32)   StringTable Weak               Min:  0.0, Avg:  0.0, Max:  0.0, Diff:  0.0, Sum:  0.0, Workers: 6
[8.573s][debug  ][gc,phases      ] GC(32)     Dead                           Min: 0, Avg:  0.0, Max: 0, Diff: 0, Sum: 0, Workers: 6
[8.573s][debug  ][gc,phases      ] GC(32)     Total                          Min: 640, Avg: 892.5, Max: 1152, Diff: 512, Sum: 5355, Workers: 6
[8.573s][debug  ][gc,phases      ] GC(32)   ResolvedMethodTable Weak       Min:  0.0, Avg:  0.0, Max:  0.0, Diff:  0.0, Sum:  0.0, Workers: 6
[8.573s][debug  ][gc,phases      ] GC(32)     Dead                           Min: 0, Avg:  0.0, Max: 0, Diff: 0, Sum: 0, Workers: 6
[8.573s][debug  ][gc,phases      ] GC(32)     Total                          Min: 0, Avg: 21.5, Max: 64, Diff: 64, Sum: 129, Workers: 6
[8.573s][debug  ][gc,phases      ] GC(32)   JNI Weak                       Min:  0.0, Avg:  0.0, Max:  0.0, Diff:  0.0, Sum:  0.0, Workers: 6
[8.573s][debug  ][gc,phases      ] GC(32)     Dead                           Min: 0, Avg:  0.0, Max: 0, Diff: 0, Sum: 0, Workers: 6
[8.573s][debug  ][gc,phases      ] GC(32)     Total                          Min: 0, Avg:  0.0, Max: 0, Diff: 0, Sum: 0, Workers: 6
[8.573s][debug  ][gc,phases      ] GC(32)   StringDedup Table Weak         Min:  0.0, Avg:  0.0, Max:  0.0, Diff:  0.0, Sum:  0.0, Workers: 6
[8.573s][debug  ][gc,phases      ] GC(32)     Dead                           Min: 0, Avg:  0.0, Max: 0, Diff: 0, Sum: 0, Workers: 6
[8.573s][debug  ][gc,phases      ] GC(32)     Total                          Min: 0, Avg:  0.0, Max: 0, Diff: 0, Sum: 0, Workers: 6
[8.573s][debug  ][gc,phases      ] GC(32)   StringDedup Requests0 Weak     Min:  0.0, Avg:  0.0, Max:  0.0, Diff:  0.0, Sum:  0.0, Workers: 6
[8.573s][debug  ][gc,phases      ] GC(32)     Dead                           Min: 0, Avg:  0.0, Max: 0, Diff: 0, Sum: 0, Workers: 6
[8.573s][debug  ][gc,phases      ] GC(32)     Total                          Min: 0, Avg:  0.0, Max: 0, Diff: 0, Sum: 0, Workers: 6
[8.573s][debug  ][gc,phases      ] GC(32)   StringDedup Requests1 Weak     Min:  0.0, Avg:  0.0, Max:  0.0, Diff:  0.0, Sum:  0.0, Workers: 6
[8.573s][debug  ][gc,phases      ] GC(32)     Dead                           Min: 0, Avg:  0.0, Max: 0, Diff: 0, Sum: 0, Workers: 6
[8.573s][debug  ][gc,phases      ] GC(32)     Total                          Min: 0, Avg:  0.0, Max: 0, Diff: 0, Sum: 0, Workers: 6
[8.573s][debug  ][gc,phases      ] GC(32)   Weak JFR Old Object Samples    Min:  0.0, Avg:  0.0, Max:  0.0, Diff:  0.0, Sum:  0.0, Workers: 6
[8.573s][debug  ][gc,phases      ] GC(32)     Dead                           Min: 0, Avg:  0.0, Max: 0, Diff: 0, Sum: 0, Workers: 6
[8.573s][debug  ][gc,phases      ] GC(32)     Total                          Min: 0, Avg:  0.0, Max: 0, Diff: 0, Sum: 0, Workers: 6
[8.573s][debug  ][gc,phases      ] GC(32) Weak Processing 0.714ms
[8.573s][debug  ][gc,phases,start] GC(32) Class Unloading
[8.573s][debug  ][gc,phases,start] GC(32) ClassLoaderData
[8.573s][debug  ][gc,phases      ] GC(32) ClassLoaderData 0.020ms
[8.573s][debug  ][gc,phases,start] GC(32) Trigger cleanups
[8.573s][debug  ][gc,phases      ] GC(32) Trigger cleanups 0.019ms
[8.573s][debug  ][gc,phases      ] GC(32) Class Unloading 0.258ms
[8.573s][info   ][gc,phases      ] GC(32) Marking Phase 2.322ms
[8.573s][info   ][gc,phases,start] GC(32) Summary Phase
[8.573s][info   ][gc,phases      ] GC(32) Summary Phase 0.029ms
[8.574s][info   ][gc,phases,start] GC(32) Adjust Roots
[8.574s][info   ][gc,phases      ] GC(32) Adjust Roots 0.149ms
[8.574s][info   ][gc,phases,start] GC(32) Compaction Phase
[8.577s][info   ][gc,phases      ] GC(32) Compaction Phase 3.368ms
[8.577s][info   ][gc,phases,start] GC(32) Post Compact
[8.580s][info   ][gc,phases      ] GC(32) Post Compact 2.587ms
[8.580s][debug  ][gc,ergo        ] GC(32) AdaptiveSizeStart: collection: 33 
[8.580s][debug  ][gc,ergo        ] GC(32) PSAdaptiveSizePolicy::compute_eden_space_size limits: desired_eden_size: 245288628 old_eden_size: 202375168 eden_limit: 202375168 cur_eden: 202375168 max_eden_size: 202375168 avg_young_live: 24059346
[8.580s][debug  ][gc,ergo        ] GC(32) PSAdaptiveSizePolicy::compute_eden_space_size: costs minor_time: 0.050537 major_cost: 0.021085 mutator_cost: 0.928379 throughput_goal: 0.990000
[8.580s][debug  ][gc,ergo        ] GC(32) Live_space: 748790400 free_space: 809500672
[8.580s][debug  ][gc,ergo        ] GC(32) Old eden_size: 202375168 desired_eden_size: 202375168
[8.580s][debug  ][gc,ergo        ] GC(32) PSAdaptiveSizePolicy::compute_old_gen_free_space: costs minor_time: 0.050537 major_cost: 0.021085  mutator_cost: 0.928379 throughput_goal: 0.990000
[8.580s][debug  ][gc,ergo        ] GC(32) Live_space: 818657536 free_space: 809500672
[8.580s][debug  ][gc,ergo        ] GC(32) Old promo_size: 607125504 desired_promo_size: 678952960
[8.582s][debug  ][gc             ] GC(32) Expanding ParOldGen from 974336K by 803328K to 1777664K
[8.582s][debug  ][gc,ergo        ] GC(32) AdaptiveSizeStop: collection: 33 
[8.582s][info   ][gc,heap        ] GC(32) PSYoungGen: 30720K(229888K)->0K(229888K) Eden: 0K(197632K)->0K(197632K) From: 30720K(32256K)->0K(32256K)
[8.582s][info   ][gc,heap        ] GC(32) ParOldGen: 841316K(974336K)->872036K(1777664K)
[8.582s][info   ][gc,metaspace   ] GC(32) Metaspace: 1021K(1216K)->1021K(1216K) NonClass: 937K(1024K)->937K(1024K) Class: 83K(192K)->83K(192K)
[8.582s][info   ][gc             ] GC(32) Pause Full (Ergonomics) 851M->851M(1960M) 10.547ms
[8.582s][info   ][gc,cpu         ] GC(32) User=0.12s Sys=0.00s Real=0.01s
[8.582s][debug  ][gc,heap        ] GC(32) Heap after GC invocations=33 (full 6):
[8.582s][debug  ][gc,heap        ] GC(32)  PSYoungGen      total 229888K, used 0K [0x00000000f0000000, 0x0000000100000000, 0x0000000100000000)
[8.582s][debug  ][gc,heap        ] GC(32)   eden space 197632K, 0% used [0x00000000f0000000,0x00000000f0000000,0x00000000fc100000)
[8.582s][debug  ][gc,heap        ] GC(32)   from space 32256K, 0% used [0x00000000fc100000,0x00000000fc100000,0x00000000fe080000)
[8.582s][debug  ][gc,heap        ] GC(32)   to   space 32256K, 0% used [0x00000000fe080000,0x00000000fe080000,0x0000000100000000)
[8.582s][debug  ][gc,heap        ] GC(32)  ParOldGen       total 1777664K, used 872036K [0x0000000080000000, 0x00000000ec800000, 0x00000000f0000000)
[8.582s][debug  ][gc,heap        ] GC(32)   object space 1777664K, 49% used [0x0000000080000000,0x00000000b5399158,0x00000000ec800000)
[8.582s][debug  ][gc,heap        ] GC(32)  Metaspace       used 1021K, committed 1216K, reserved 1056768K
[8.582s][debug  ][gc,heap        ] GC(32)   class space    used 83K, committed 192K, reserved 1048576K
[8.582s][debug  ][gc,task,time   ] GC(32) VM-Thread 85711230 85736954 85816968
[8.872s][debug  ][gc,heap        ] GC(33) Heap before GC invocations=34 (full 6):
[8.873s][debug  ][gc,heap        ] GC(33)  PSYoungGen      total 229888K, used 188167K [0x00000000f0000000, 0x0000000100000000, 0x0000000100000000)
[8.873s][debug  ][gc,heap        ] GC(33)   eden space 197632K, 95% used [0x00000000f0000000,0x00000000fb7c1de0,0x00000000fc100000)
[8.873s][debug  ][gc,heap        ] GC(33)   from space 32256K, 0% used [0x00000000fc100000,0x00000000fc100000,0x00000000fe080000)
[8.873s][debug  ][gc,heap        ] GC(33)   to   space 32256K, 0% used [0x00000000fe080000,0x00000000fe080000,0x0000000100000000)
[8.873s][debug  ][gc,heap        ] GC(33)  ParOldGen       total 1777664K, used 872036K [0x0000000080000000, 0x00000000ec800000, 0x00000000f0000000)
[8.873s][debug  ][gc,heap        ] GC(33)   object space 1777664K, 49% used [0x0000000080000000,0x00000000b5399158,0x00000000ec800000)
[8.873s][debug  ][gc,heap        ] GC(33)  Metaspace       used 1021K, committed 1216K, reserved 1056768K
[8.873s][debug  ][gc,heap        ] GC(33)   class space    used 83K, committed 192K, reserved 1048576K
[8.873s][debug  ][gc,tlab        ] GC(33) TLAB totals: thrds: 1  refills: 1 max: 1 slow allocs: 17 max 17 waste: 27.3% gc: 3938352B max: 3938352B slow: 0B max: 0B
[8.873s][info   ][gc,start       ] GC(33) Pause Young (Allocation Failure)
[8.873s][debug  ][gc,phases,start] GC(33) Scavenge
[8.877s][debug  ][gc,phases      ] GC(33) Scavenge 3.926ms
[8.877s][debug  ][gc,phases,start] GC(33) Reference Processing
[8.877s][debug  ][gc,ref         ] GC(33) Skipped phase 1 of Reference Processing: no references
[8.877s][debug  ][gc,ref         ] GC(33) Skipped phase 2 of Reference Processing: no references
[8.877s][debug  ][gc,ref         ] GC(33) Skipped phase 3 of Reference Processing: no references
[8.877s][debug  ][gc,ref         ] GC(33) Skipped phase 4 of Reference Processing: no references
[8.877s][debug  ][gc,phases,ref  ] GC(33) Reference Processing: 0.1ms
[8.877s][debug  ][gc,phases,ref  ] GC(33)   Reconsider SoftReferences: 0.0ms
[8.877s][debug  ][gc,phases,ref  ] GC(33)     SoftRef (ms):                  skipped
[8.877s][debug  ][gc,phases,ref  ] GC(33)   Notify Soft/WeakReferences: 0.0ms
[8.877s][debug  ][gc,phases,ref  ] GC(33)     SoftRef (ms):                  skipped
[8.877s][debug  ][gc,phases,ref  ] GC(33)     WeakRef (ms):                  skipped
[8.877s][debug  ][gc,phases,ref  ] GC(33)     FinalRef (ms):                 skipped
[8.877s][debug  ][gc,phases,ref  ] GC(33)     Total (ms):                    skipped
[8.877s][debug  ][gc,phases,ref  ] GC(33)   Notify and keep alive finalizable: 0.0ms
[8.877s][debug  ][gc,phases,ref  ] GC(33)     FinalRef (ms):                 skipped
[8.877s][debug  ][gc,phases,ref  ] GC(33)   Notify PhantomReferences: 0.0ms
[8.877s][debug  ][gc,phases,ref  ] GC(33)     PhantomRef (ms):               skipped
[8.877s][debug  ][gc,phases,ref  ] GC(33)   SoftReference:
[8.877s][debug  ][gc,phases,ref  ] GC(33)     Discovered: 0
[8.877s][debug  ][gc,phases,ref  ] GC(33)     Cleared: 0
[8.878s][debug  ][gc,phases,ref  ] GC(33)   WeakReference:
[8.878s][debug  ][gc,phases,ref  ] GC(33)     Discovered: 0
[8.878s][debug  ][gc,phases,ref  ] GC(33)     Cleared: 0
[8.878s][debug  ][gc,phases,ref  ] GC(33)   FinalReference:
[8.878s][debug  ][gc,phases,ref  ] GC(33)     Discovered: 0
[8.878s][debug  ][gc,phases,ref  ] GC(33)     Cleared: 0
[8.878s][debug  ][gc,phases,ref  ] GC(33)   PhantomReference:
[8.878s][debug  ][gc,phases,ref  ] GC(33)     Discovered: 0
[8.878s][debug  ][gc,phases,ref  ] GC(33)     Cleared: 0
[8.878s][debug  ][gc,phases      ] GC(33) Reference Processing 0.695ms
[8.878s][debug  ][gc,phases,start] GC(33) Weak Processing
[8.878s][debug  ][gc,phases      ] GC(33)   VM Weak                        Min:  0.0, Avg:  0.0, Max:  0.0, Diff:  0.0, Sum:  0.0, Workers: 6
[8.878s][debug  ][gc,phases      ] GC(33)     Dead                           Min: 0, Avg:  0.0, Max: 0, Diff: 0, Sum: 0, Workers: 6
[8.878s][debug  ][gc,phases      ] GC(33)     Total                          Min: 0, Avg:  1.3, Max: 8, Diff: 8, Sum: 8, Workers: 6
[8.878s][debug  ][gc,phases      ] GC(33)   ObjectSynchronizer Weak        Min:  0.0, Avg:  0.0, Max:  0.0, Diff:  0.0, Sum:  0.0, Workers: 6
[8.878s][debug  ][gc,phases      ] GC(33)     Dead                           Min: 0, Avg:  0.0, Max: 0, Diff: 0, Sum: 0, Workers: 6
[8.878s][debug  ][gc,phases      ] GC(33)     Total                          Min: 0, Avg:  0.5, Max: 3, Diff: 3, Sum: 3, Workers: 6
[8.878s][debug  ][gc,phases      ] GC(33)   JVMTI Tag Weak OopStorage      Min:  0.0, Avg:  0.0, Max:  0.0, Diff:  0.0, Sum:  0.0, Workers: 6
[8.878s][debug  ][gc,phases      ] GC(33)     Dead                           Min: 0, Avg:  0.0, Max: 0, Diff: 0, Sum: 0, Workers: 6
[8.878s][debug  ][gc,phases      ] GC(33)     Total                          Min: 0, Avg:  0.0, Max: 0, Diff: 0, Sum: 0, Workers: 6
[8.878s][debug  ][gc,phases      ] GC(33)   StringTable Weak               Min:  0.0, Avg:  0.0, Max:  0.0, Diff:  0.0, Sum:  0.0, Workers: 6
[8.878s][debug  ][gc,phases      ] GC(33)     Dead                           Min: 0, Avg:  0.0, Max: 0, Diff: 0, Sum: 0, Workers: 6
[8.878s][debug  ][gc,phases      ] GC(33)     Total                          Min: 703, Avg: 892.5, Max: 1088, Diff: 385, Sum: 5355, Workers: 6
[8.878s][debug  ][gc,phases      ] GC(33)   ResolvedMethodTable Weak       Min:  0.0, Avg:  0.0, Max:  0.0, Diff:  0.0, Sum:  0.0, Workers: 6
[8.878s][debug  ][gc,phases      ] GC(33)     Dead                           Min: 0, Avg:  0.0, Max: 0, Diff: 0, Sum: 0, Workers: 6
[8.878s][debug  ][gc,phases      ] GC(33)     Total                          Min: 0, Avg: 21.5, Max: 64, Diff: 64, Sum: 129, Workers: 6
[8.878s][debug  ][gc,phases      ] GC(33)   JNI Weak                       Min:  0.0, Avg:  0.0, Max:  0.0, Diff:  0.0, Sum:  0.0, Workers: 6
[8.878s][debug  ][gc,phases      ] GC(33)     Dead                           Min: 0, Avg:  0.0, Max: 0, Diff: 0, Sum: 0, Workers: 6
[8.878s][debug  ][gc,phases      ] GC(33)     Total                          Min: 0, Avg:  0.0, Max: 0, Diff: 0, Sum: 0, Workers: 6
[8.878s][debug  ][gc,phases      ] GC(33)   StringDedup Table Weak         Min:  0.0, Avg:  0.0, Max:  0.0, Diff:  0.0, Sum:  0.0, Workers: 6
[8.878s][debug  ][gc,phases      ] GC(33)     Dead                           Min: 0, Avg:  0.0, Max: 0, Diff: 0, Sum: 0, Workers: 6
[8.878s][debug  ][gc,phases      ] GC(33)     Total                          Min: 0, Avg:  0.0, Max: 0, Diff: 0, Sum: 0, Workers: 6
[8.878s][debug  ][gc,phases      ] GC(33)   StringDedup Requests0 Weak     Min:  0.0, Avg:  0.0, Max:  0.0, Diff:  0.0, Sum:  0.0, Workers: 6
[8.878s][debug  ][gc,phases      ] GC(33)     Dead                           Min: 0, Avg:  0.0, Max: 0, Diff: 0, Sum: 0, Workers: 6
[8.878s][debug  ][gc,phases      ] GC(33)     Total                          Min: 0, Avg:  0.0, Max: 0, Diff: 0, Sum: 0, Workers: 6
[8.878s][debug  ][gc,phases      ] GC(33)   StringDedup Requests1 Weak     Min:  0.0, Avg:  0.0, Max:  0.0, Diff:  0.0, Sum:  0.0, Workers: 6
[8.878s][debug  ][gc,phases      ] GC(33)     Dead                           Min: 0, Avg:  0.0, Max: 0, Diff: 0, Sum: 0, Workers: 6
[8.878s][debug  ][gc,phases      ] GC(33)     Total                          Min: 0, Avg:  0.0, Max: 0, Diff: 0, Sum: 0, Workers: 6
[8.879s][debug  ][gc,phases      ] GC(33)   Weak JFR Old Object Samples    Min:  0.0, Avg:  0.0, Max:  0.0, Diff:  0.0, Sum:  0.0, Workers: 6
[8.879s][debug  ][gc,phases      ] GC(33)     Dead                           Min: 0, Avg:  0.0, Max: 0, Diff: 0, Sum: 0, Workers: 6
[8.879s][debug  ][gc,phases      ] GC(33)     Total                          Min: 0, Avg:  0.0, Max: 0, Diff: 0, Sum: 0, Workers: 6
[8.879s][debug  ][gc,phases      ] GC(33) Weak Processing 0.843ms
[8.879s][debug  ][gc,ergo        ] GC(33) AdaptiveSizeStart:  collection: 34 
[8.879s][debug  ][gc,ergo        ] GC(33) avg_survived_padded_avg: 32566006.000000
[8.879s][debug  ][gc,ergo        ] GC(33) avg_promoted_padded_avg: 231567296.000000  avg_pretenured_padded_avg: 0.000000  tenuring_thresh: 1  target_size: 33030144
[8.879s][debug  ][gc,age         ] GC(33) Desired survivor size 33030144 bytes, new threshold 1 (max threshold 15)
[8.879s][debug  ][gc,ergo        ] GC(33) PSAdaptiveSizePolicy::compute_eden_space_size limits: desired_eden_size: 243004775 old_eden_size: 202375168 eden_limit: 202375168 cur_eden: 202375168 max_eden_size: 202375168 avg_young_live: 24799144
[8.879s][debug  ][gc,ergo        ] GC(33) PSAdaptiveSizePolicy::compute_eden_space_size: costs minor_time: 0.042434 major_cost: 0.021085 mutator_cost: 0.936481 throughput_goal: 0.990000
[8.879s][debug  ][gc,ergo        ] GC(33) Live_space: 819397312 free_space: 881328128
[8.879s][debug  ][gc,ergo        ] GC(33) Old eden_size: 202375168 desired_eden_size: 202375168
[8.879s][debug  ][gc,ergo        ] GC(33) AdaptiveSizeStop: collection: 34 
[8.879s][info   ][gc,heap        ] GC(33) PSYoungGen: 188167K(229888K)->30720K(229888K) Eden: 188167K(197632K)->0K(197632K) From: 0K(32256K)->30720K(32256K)
[8.879s][info   ][gc,heap        ] GC(33) ParOldGen: 872036K(1777664K)->872036K(1777664K)
[8.879s][info   ][gc,metaspace   ] GC(33) Metaspace: 1021K(1216K)->1021K(1216K) NonClass: 937K(1024K)->937K(1024K) Class: 83K(192K)->83K(192K)
[8.879s][info   ][gc             ] GC(33) Pause Young (Allocation Failure) 1035M->881M(1960M) 5.979ms
[8.879s][info   ][gc,cpu         ] GC(33) User=0.00s Sys=0.00s Real=0.01s
[8.879s][debug  ][gc,heap        ] GC(33) Heap after GC invocations=34 (full 6):
[8.879s][debug  ][gc,heap        ] GC(33)  PSYoungGen      total 229888K, used 30720K [0x00000000f0000000, 0x0000000100000000, 0x0000000100000000)
[8.879s][debug  ][gc,heap        ] GC(33)   eden space 197632K, 0% used [0x00000000f0000000,0x00000000f0000000,0x00000000fc100000)
[8.879s][debug  ][gc,heap        ] GC(33)   from space 32256K, 95% used [0x00000000fe080000,0x00000000ffe80030,0x0000000100000000)
[8.879s][debug  ][gc,heap        ] GC(33)   to   space 32256K, 0% used [0x00000000fc100000,0x00000000fc100000,0x00000000fe080000)
[8.879s][debug  ][gc,heap        ] GC(33)  ParOldGen       total 1777664K, used 872036K [0x0000000080000000, 0x00000000ec800000, 0x00000000f0000000)
[8.879s][debug  ][gc,heap        ] GC(33)   object space 1777664K, 49% used [0x0000000080000000,0x00000000b5399158,0x00000000ec800000)
[8.879s][debug  ][gc,heap        ] GC(33)  Metaspace       used 1021K, committed 1216K, reserved 1056768K
[8.879s][debug  ][gc,heap        ] GC(33)   class space    used 83K, committed 192K, reserved 1048576K
[8.879s][debug  ][gc,task,time   ] GC(33) VM-Thread 88724620 88770267 88792554
[9.173s][debug  ][gc,heap        ] GC(34) Heap before GC invocations=35 (full 6):
[9.173s][debug  ][gc,heap        ] GC(34)  PSYoungGen      total 229888K, used 218820K [0x00000000f0000000, 0x0000000100000000, 0x0000000100000000)
[9.173s][debug  ][gc,heap        ] GC(34)   eden space 197632K, 95% used [0x00000000f0000000,0x00000000fb7b1338,0x00000000fc100000)
[9.173s][debug  ][gc,heap        ] GC(34)   from space 32256K, 95% used [0x00000000fe080000,0x00000000ffe80030,0x0000000100000000)
[9.173s][debug  ][gc,heap        ] GC(34)   to   space 32256K, 0% used [0x00000000fc100000,0x00000000fc100000,0x00000000fe080000)
[9.173s][debug  ][gc,heap        ] GC(34)  ParOldGen       total 1777664K, used 872036K [0x0000000080000000, 0x00000000ec800000, 0x00000000f0000000)
[9.173s][debug  ][gc,heap        ] GC(34)   object space 1777664K, 49% used [0x0000000080000000,0x00000000b5399158,0x00000000ec800000)
[9.173s][debug  ][gc,heap        ] GC(34)  Metaspace       used 1021K, committed 1216K, reserved 1056768K
[9.173s][debug  ][gc,heap        ] GC(34)   class space    used 83K, committed 192K, reserved 1048576K
[9.173s][debug  ][gc,tlab        ] GC(34) TLAB totals: thrds: 1  refills: 1 max: 1 slow allocs: 17 max 17 waste: 27.0% gc: 3871256B max: 3871256B slow: 0B max: 0B
[9.173s][info   ][gc,start       ] GC(34) Pause Young (Allocation Failure)
[9.173s][debug  ][gc,phases,start] GC(34) Scavenge
[9.190s][debug  ][gc,phases      ] GC(34) Scavenge 16.756ms
[9.190s][debug  ][gc,phases,start] GC(34) Reference Processing
[9.190s][debug  ][gc,ref         ] GC(34) Skipped phase 1 of Reference Processing: no references
[9.190s][debug  ][gc,ref         ] GC(34) Skipped phase 2 of Reference Processing: no references
[9.190s][debug  ][gc,ref         ] GC(34) Skipped phase 3 of Reference Processing: no references
[9.190s][debug  ][gc,ref         ] GC(34) Skipped phase 4 of Reference Processing: no references
[9.190s][debug  ][gc,phases,ref  ] GC(34) Reference Processing: 0.1ms
[9.190s][debug  ][gc,phases,ref  ] GC(34)   Reconsider SoftReferences: 0.0ms
[9.190s][debug  ][gc,phases,ref  ] GC(34)     SoftRef (ms):                  skipped
[9.190s][debug  ][gc,phases,ref  ] GC(34)   Notify Soft/WeakReferences: 0.0ms
[9.190s][debug  ][gc,phases,ref  ] GC(34)     SoftRef (ms):                  skipped
[9.190s][debug  ][gc,phases,ref  ] GC(34)     WeakRef (ms):                  skipped
[9.190s][debug  ][gc,phases,ref  ] GC(34)     FinalRef (ms):                 skipped
[9.190s][debug  ][gc,phases,ref  ] GC(34)     Total (ms):                    skipped
[9.190s][debug  ][gc,phases,ref  ] GC(34)   Notify and keep alive finalizable: 0.0ms
[9.190s][debug  ][gc,phases,ref  ] GC(34)     FinalRef (ms):                 skipped
[9.190s][debug  ][gc,phases,ref  ] GC(34)   Notify PhantomReferences: 0.0ms
[9.190s][debug  ][gc,phases,ref  ] GC(34)     PhantomRef (ms):               skipped
[9.190s][debug  ][gc,phases,ref  ] GC(34)   SoftReference:
[9.190s][debug  ][gc,phases,ref  ] GC(34)     Discovered: 0
[9.190s][debug  ][gc,phases,ref  ] GC(34)     Cleared: 0
[9.190s][debug  ][gc,phases,ref  ] GC(34)   WeakReference:
[9.190s][debug  ][gc,phases,ref  ] GC(34)     Discovered: 0
[9.190s][debug  ][gc,phases,ref  ] GC(34)     Cleared: 0
[9.190s][debug  ][gc,phases,ref  ] GC(34)   FinalReference:
[9.190s][debug  ][gc,phases,ref  ] GC(34)     Discovered: 0
[9.190s][debug  ][gc,phases,ref  ] GC(34)     Cleared: 0
[9.190s][debug  ][gc,phases,ref  ] GC(34)   PhantomReference:
[9.190s][debug  ][gc,phases,ref  ] GC(34)     Discovered: 0
[9.190s][debug  ][gc,phases,ref  ] GC(34)     Cleared: 0
[9.191s][debug  ][gc,phases      ] GC(34) Reference Processing 0.578ms
[9.191s][debug  ][gc,phases,start] GC(34) Weak Processing
[9.191s][debug  ][gc,phases      ] GC(34)   VM Weak                        Min:  0.0, Avg:  0.0, Max:  0.0, Diff:  0.0, Sum:  0.0, Workers: 6
[9.191s][debug  ][gc,phases      ] GC(34)     Dead                           Min: 0, Avg:  0.0, Max: 0, Diff: 0, Sum: 0, Workers: 6
[9.191s][debug  ][gc,phases      ] GC(34)     Total                          Min: 0, Avg:  1.3, Max: 8, Diff: 8, Sum: 8, Workers: 6
[9.191s][debug  ][gc,phases      ] GC(34)   ObjectSynchronizer Weak        Min:  0.0, Avg:  0.0, Max:  0.0, Diff:  0.0, Sum:  0.0, Workers: 6
[9.191s][debug  ][gc,phases      ] GC(34)     Dead                           Min: 0, Avg:  0.0, Max: 0, Diff: 0, Sum: 0, Workers: 6
[9.191s][debug  ][gc,phases      ] GC(34)     Total                          Min: 0, Avg:  0.5, Max: 3, Diff: 3, Sum: 3, Workers: 6
[9.191s][debug  ][gc,phases      ] GC(34)   JVMTI Tag Weak OopStorage      Min:  0.0, Avg:  0.0, Max:  0.0, Diff:  0.0, Sum:  0.0, Workers: 6
[9.191s][debug  ][gc,phases      ] GC(34)     Dead                           Min: 0, Avg:  0.0, Max: 0, Diff: 0, Sum: 0, Workers: 6
[9.191s][debug  ][gc,phases      ] GC(34)     Total                          Min: 0, Avg:  0.0, Max: 0, Diff: 0, Sum: 0, Workers: 6
[9.191s][debug  ][gc,phases      ] GC(34)   StringTable Weak               Min:  0.0, Avg:  0.0, Max:  0.0, Diff:  0.0, Sum:  0.0, Workers: 6
[9.191s][debug  ][gc,phases      ] GC(34)     Dead                           Min: 0, Avg:  0.0, Max: 0, Diff: 0, Sum: 0, Workers: 6
[9.191s][debug  ][gc,phases      ] GC(34)     Total                          Min: 576, Avg: 892.5, Max: 1152, Diff: 576, Sum: 5355, Workers: 6
[9.191s][debug  ][gc,phases      ] GC(34)   ResolvedMethodTable Weak       Min:  0.0, Avg:  0.0, Max:  0.0, Diff:  0.0, Sum:  0.0, Workers: 6
[9.191s][debug  ][gc,phases      ] GC(34)     Dead                           Min: 0, Avg:  0.0, Max: 0, Diff: 0, Sum: 0, Workers: 6
[9.191s][debug  ][gc,phases      ] GC(34)     Total                          Min: 0, Avg: 21.5, Max: 64, Diff: 64, Sum: 129, Workers: 6
[9.191s][debug  ][gc,phases      ] GC(34)   JNI Weak                       Min:  0.0, Avg:  0.0, Max:  0.0, Diff:  0.0, Sum:  0.0, Workers: 6
[9.191s][debug  ][gc,phases      ] GC(34)     Dead                           Min: 0, Avg:  0.0, Max: 0, Diff: 0, Sum: 0, Workers: 6
[9.191s][debug  ][gc,phases      ] GC(34)     Total                          Min: 0, Avg:  0.0, Max: 0, Diff: 0, Sum: 0, Workers: 6
[9.191s][debug  ][gc,phases      ] GC(34)   StringDedup Table Weak         Min:  0.0, Avg:  0.0, Max:  0.0, Diff:  0.0, Sum:  0.0, Workers: 6
[9.191s][debug  ][gc,phases      ] GC(34)     Dead                           Min: 0, Avg:  0.0, Max: 0, Diff: 0, Sum: 0, Workers: 6
[9.191s][debug  ][gc,phases      ] GC(34)     Total                          Min: 0, Avg:  0.0, Max: 0, Diff: 0, Sum: 0, Workers: 6
[9.191s][debug  ][gc,phases      ] GC(34)   StringDedup Requests0 Weak     Min:  0.0, Avg:  0.0, Max:  0.0, Diff:  0.0, Sum:  0.0, Workers: 6
[9.191s][debug  ][gc,phases      ] GC(34)     Dead                           Min: 0, Avg:  0.0, Max: 0, Diff: 0, Sum: 0, Workers: 6
[9.191s][debug  ][gc,phases      ] GC(34)     Total                          Min: 0, Avg:  0.0, Max: 0, Diff: 0, Sum: 0, Workers: 6
[9.191s][debug  ][gc,phases      ] GC(34)   StringDedup Requests1 Weak     Min:  0.0, Avg:  0.0, Max:  0.0, Diff:  0.0, Sum:  0.0, Workers: 6
[9.191s][debug  ][gc,phases      ] GC(34)     Dead                           Min: 0, Avg:  0.0, Max: 0, Diff: 0, Sum: 0, Workers: 6
[9.191s][debug  ][gc,phases      ] GC(34)     Total                          Min: 0, Avg:  0.0, Max: 0, Diff: 0, Sum: 0, Workers: 6
[9.191s][debug  ][gc,phases      ] GC(34)   Weak JFR Old Object Samples    Min:  0.0, Avg:  0.0, Max:  0.0, Diff:  0.0, Sum:  0.0, Workers: 6
[9.191s][debug  ][gc,phases      ] GC(34)     Dead                           Min: 0, Avg:  0.0, Max: 0, Diff: 0, Sum: 0, Workers: 6
[9.191s][debug  ][gc,phases      ] GC(34)     Total                          Min: 0, Avg:  0.0, Max: 0, Diff: 0, Sum: 0, Workers: 6
[9.191s][debug  ][gc,phases      ] GC(34) Weak Processing 0.661ms
[9.191s][debug  ][gc,ergo        ] GC(34) AdaptiveSizeStart:  collection: 35 
[9.191s][debug  ][gc,ergo        ] GC(34) avg_survived_padded_avg: 32493786.000000
[9.191s][debug  ][gc,ergo        ] GC(34) avg_promoted_padded_avg: 237677696.000000  avg_pretenured_padded_avg: 0.000000  tenuring_thresh: 1  target_size: 32505856
[9.191s][debug  ][gc,age         ] GC(34) Desired survivor size 32505856 bytes, new threshold 1 (max threshold 15)
[9.191s][debug  ][gc,ergo        ] GC(34) PSAdaptiveSizePolicy::compute_eden_space_size limits: desired_eden_size: 244162765 old_eden_size: 202375168 eden_limit: 202375168 cur_eden: 202375168 max_eden_size: 202375168 avg_young_live: 25464962
[9.191s][debug  ][gc,ergo        ] GC(34) PSAdaptiveSizePolicy::compute_eden_space_size: costs minor_time: 0.046300 major_cost: 0.021085 mutator_cost: 0.932616 throughput_goal: 0.990000
[9.191s][debug  ][gc,ergo        ] GC(34) Live_space: 820063104 free_space: 881328128
[9.191s][debug  ][gc,ergo        ] GC(34) Old eden_size: 202375168 desired_eden_size: 202375168
[9.191s][debug  ][gc,ergo        ] GC(34) AdaptiveSizeStop: collection: 35 
[9.191s][info   ][gc,heap        ] GC(34) PSYoungGen: 218820K(229888K)->30720K(229888K) Eden: 188100K(197632K)->0K(197632K) From: 30720K(32256K)->30720K(32256K)
[9.191s][info   ][gc,heap        ] GC(34) ParOldGen: 872036K(1777664K)->1056356K(1777664K)
[9.191s][info   ][gc,metaspace   ] GC(34) Metaspace: 1021K(1216K)->1021K(1216K) NonClass: 937K(1024K)->937K(1024K) Class: 83K(192K)->83K(192K)
[9.191s][info   ][gc             ] GC(34) Pause Young (Allocation Failure) 1065M->1061M(1960M) 18.412ms
[9.192s][info   ][gc,cpu         ] GC(34) User=0.12s Sys=0.00s Real=0.02s
[9.192s][debug  ][gc,heap        ] GC(34) Heap after GC invocations=35 (full 6):
[9.192s][debug  ][gc,heap        ] GC(34)  PSYoungGen      total 229888K, used 30720K [0x00000000f0000000, 0x0000000100000000, 0x0000000100000000)
[9.192s][debug  ][gc,heap        ] GC(34)   eden space 197632K, 0% used [0x00000000f0000000,0x00000000f0000000,0x00000000fc100000)
[9.192s][debug  ][gc,heap        ] GC(34)   from space 32256K, 95% used [0x00000000fc100000,0x00000000fdf00030,0x00000000fe080000)
[9.192s][debug  ][gc,heap        ] GC(34)   to   space 31744K, 0% used [0x00000000fe100000,0x00000000fe100000,0x0000000100000000)
[9.192s][debug  ][gc,heap        ] GC(34)  ParOldGen       total 1777664K, used 1056356K [0x0000000080000000, 0x00000000ec800000, 0x00000000f0000000)
[9.192s][debug  ][gc,heap        ] GC(34)   object space 1777664K, 59% used [0x0000000080000000,0x00000000c0799278,0x00000000ec800000)
[9.192s][debug  ][gc,heap        ] GC(34)  Metaspace       used 1021K, committed 1216K, reserved 1056768K
[9.192s][debug  ][gc,heap        ] GC(34)   class space    used 83K, committed 192K, reserved 1048576K
[9.192s][debug  ][gc,task,time   ] GC(34) VM-Thread 91726325 91899394 91917247
[9.473s][debug  ][gc,heap        ] GC(35) Heap before GC invocations=36 (full 6):
[9.473s][debug  ][gc,heap        ] GC(35)  PSYoungGen      total 229888K, used 218853K [0x00000000f0000000, 0x0000000100000000, 0x0000000100000000)
[9.473s][debug  ][gc,heap        ] GC(35)   eden space 197632K, 95% used [0x00000000f0000000,0x00000000fb7b9500,0x00000000fc100000)
[9.473s][debug  ][gc,heap        ] GC(35)   from space 32256K, 95% used [0x00000000fc100000,0x00000000fdf00030,0x00000000fe080000)
[9.473s][debug  ][gc,heap        ] GC(35)   to   space 31744K, 0% used [0x00000000fe100000,0x00000000fe100000,0x0000000100000000)
[9.474s][debug  ][gc,heap        ] GC(35)  ParOldGen       total 1777664K, used 1056356K [0x0000000080000000, 0x00000000ec800000, 0x00000000f0000000)
[9.474s][debug  ][gc,heap        ] GC(35)   object space 1777664K, 59% used [0x0000000080000000,0x00000000c0799278,0x00000000ec800000)
[9.474s][debug  ][gc,heap        ] GC(35)  Metaspace       used 1021K, committed 1216K, reserved 1056768K
[9.474s][debug  ][gc,heap        ] GC(35)   class space    used 83K, committed 192K, reserved 1048576K
[9.474s][debug  ][gc,tlab        ] GC(35) TLAB totals: thrds: 1  refills: 1 max: 1 slow allocs: 17 max 17 waste: 27.1% gc: 3904480B max: 3904480B slow: 0B max: 0B
[9.474s][info   ][gc,start       ] GC(35) Pause Young (Allocation Failure)
[9.474s][debug  ][gc,phases,start] GC(35) Scavenge
[9.494s][debug  ][gc,phases      ] GC(35) Scavenge 19.775ms
[9.494s][debug  ][gc,phases,start] GC(35) Reference Processing
[9.494s][debug  ][gc,ref         ] GC(35) Skipped phase 1 of Reference Processing: no references
[9.494s][debug  ][gc,ref         ] GC(35) Skipped phase 2 of Reference Processing: no references
[9.494s][debug  ][gc,ref         ] GC(35) Skipped phase 3 of Reference Processing: no references
[9.494s][debug  ][gc,ref         ] GC(35) Skipped phase 4 of Reference Processing: no references
[9.494s][debug  ][gc,phases,ref  ] GC(35) Reference Processing: 0.1ms
[9.494s][debug  ][gc,phases,ref  ] GC(35)   Reconsider SoftReferences: 0.0ms
[9.494s][debug  ][gc,phases,ref  ] GC(35)     SoftRef (ms):                  skipped
[9.494s][debug  ][gc,phases,ref  ] GC(35)   Notify Soft/WeakReferences: 0.0ms
[9.494s][debug  ][gc,phases,ref  ] GC(35)     SoftRef (ms):                  skipped
[9.494s][debug  ][gc,phases,ref  ] GC(35)     WeakRef (ms):                  skipped
[9.494s][debug  ][gc,phases,ref  ] GC(35)     FinalRef (ms):                 skipped
[9.494s][debug  ][gc,phases,ref  ] GC(35)     Total (ms):                    skipped
[9.494s][debug  ][gc,phases,ref  ] GC(35)   Notify and keep alive finalizable: 0.0ms
[9.494s][debug  ][gc,phases,ref  ] GC(35)     FinalRef (ms):                 skipped
[9.494s][debug  ][gc,phases,ref  ] GC(35)   Notify PhantomReferences: 0.0ms
[9.494s][debug  ][gc,phases,ref  ] GC(35)     PhantomRef (ms):               skipped
[9.494s][debug  ][gc,phases,ref  ] GC(35)   SoftReference:
[9.494s][debug  ][gc,phases,ref  ] GC(35)     Discovered: 0
[9.494s][debug  ][gc,phases,ref  ] GC(35)     Cleared: 0
[9.494s][debug  ][gc,phases,ref  ] GC(35)   WeakReference:
[9.494s][debug  ][gc,phases,ref  ] GC(35)     Discovered: 0
[9.494s][debug  ][gc,phases,ref  ] GC(35)     Cleared: 0
[9.494s][debug  ][gc,phases,ref  ] GC(35)   FinalReference:
[9.494s][debug  ][gc,phases,ref  ] GC(35)     Discovered: 0
[9.494s][debug  ][gc,phases,ref  ] GC(35)     Cleared: 0
[9.494s][debug  ][gc,phases,ref  ] GC(35)   PhantomReference:
[9.494s][debug  ][gc,phases,ref  ] GC(35)     Discovered: 0
[9.494s][debug  ][gc,phases,ref  ] GC(35)     Cleared: 0
[9.494s][debug  ][gc,phases      ] GC(35) Reference Processing 0.757ms
[9.494s][debug  ][gc,phases,start] GC(35) Weak Processing
[9.494s][debug  ][gc,phases      ] GC(35)   VM Weak                        Min:  0.0, Avg:  0.0, Max:  0.0, Diff:  0.0, Sum:  0.0, Workers: 6
[9.494s][debug  ][gc,phases      ] GC(35)     Dead                           Min: 0, Avg:  0.0, Max: 0, Diff: 0, Sum: 0, Workers: 6
[9.495s][debug  ][gc,phases      ] GC(35)     Total                          Min: 0, Avg:  1.3, Max: 8, Diff: 8, Sum: 8, Workers: 6
[9.495s][debug  ][gc,phases      ] GC(35)   ObjectSynchronizer Weak        Min:  0.0, Avg:  0.0, Max:  0.0, Diff:  0.0, Sum:  0.0, Workers: 6
[9.495s][debug  ][gc,phases      ] GC(35)     Dead                           Min: 0, Avg:  0.0, Max: 0, Diff: 0, Sum: 0, Workers: 6
[9.495s][debug  ][gc,phases      ] GC(35)     Total                          Min: 0, Avg:  0.5, Max: 3, Diff: 3, Sum: 3, Workers: 6
[9.495s][debug  ][gc,phases      ] GC(35)   JVMTI Tag Weak OopStorage      Min:  0.0, Avg:  0.0, Max:  0.0, Diff:  0.0, Sum:  0.0, Workers: 6
[9.495s][debug  ][gc,phases      ] GC(35)     Dead                           Min: 0, Avg:  0.0, Max: 0, Diff: 0, Sum: 0, Workers: 6
[9.495s][debug  ][gc,phases      ] GC(35)     Total                          Min: 0, Avg:  0.0, Max: 0, Diff: 0, Sum: 0, Workers: 6
[9.495s][debug  ][gc,phases      ] GC(35)   StringTable Weak               Min:  0.0, Avg:  0.0, Max:  0.0, Diff:  0.0, Sum:  0.0, Workers: 6
[9.495s][debug  ][gc,phases      ] GC(35)     Dead                           Min: 0, Avg:  0.0, Max: 0, Diff: 0, Sum: 0, Workers: 6
[9.495s][debug  ][gc,phases      ] GC(35)     Total                          Min: 748, Avg: 892.5, Max: 960, Diff: 212, Sum: 5355, Workers: 6
[9.495s][debug  ][gc,phases      ] GC(35)   ResolvedMethodTable Weak       Min:  0.0, Avg:  0.0, Max:  0.0, Diff:  0.0, Sum:  0.0, Workers: 6
[9.495s][debug  ][gc,phases      ] GC(35)     Dead                           Min: 0, Avg:  0.0, Max: 0, Diff: 0, Sum: 0, Workers: 6
[9.495s][debug  ][gc,phases      ] GC(35)     Total                          Min: 0, Avg: 21.5, Max: 64, Diff: 64, Sum: 129, Workers: 6
[9.495s][debug  ][gc,phases      ] GC(35)   JNI Weak                       Min:  0.0, Avg:  0.0, Max:  0.0, Diff:  0.0, Sum:  0.0, Workers: 6
[9.495s][debug  ][gc,phases      ] GC(35)     Dead                           Min: 0, Avg:  0.0, Max: 0, Diff: 0, Sum: 0, Workers: 6
[9.495s][debug  ][gc,phases      ] GC(35)     Total                          Min: 0, Avg:  0.0, Max: 0, Diff: 0, Sum: 0, Workers: 6
[9.495s][debug  ][gc,phases      ] GC(35)   StringDedup Table Weak         Min:  0.0, Avg:  0.0, Max:  0.0, Diff:  0.0, Sum:  0.0, Workers: 6
[9.495s][debug  ][gc,phases      ] GC(35)     Dead                           Min: 0, Avg:  0.0, Max: 0, Diff: 0, Sum: 0, Workers: 6
[9.495s][debug  ][gc,phases      ] GC(35)     Total                          Min: 0, Avg:  0.0, Max: 0, Diff: 0, Sum: 0, Workers: 6
[9.495s][debug  ][gc,phases      ] GC(35)   StringDedup Requests0 Weak     Min:  0.0, Avg:  0.0, Max:  0.0, Diff:  0.0, Sum:  0.0, Workers: 6
[9.495s][debug  ][gc,phases      ] GC(35)     Dead                           Min: 0, Avg:  0.0, Max: 0, Diff: 0, Sum: 0, Workers: 6
[9.495s][debug  ][gc,phases      ] GC(35)     Total                          Min: 0, Avg:  0.0, Max: 0, Diff: 0, Sum: 0, Workers: 6
[9.495s][debug  ][gc,phases      ] GC(35)   StringDedup Requests1 Weak     Min:  0.0, Avg:  0.0, Max:  0.0, Diff:  0.0, Sum:  0.0, Workers: 6
[9.495s][debug  ][gc,phases      ] GC(35)     Dead                           Min: 0, Avg:  0.0, Max: 0, Diff: 0, Sum: 0, Workers: 6
[9.495s][debug  ][gc,phases      ] GC(35)     Total                          Min: 0, Avg:  0.0, Max: 0, Diff: 0, Sum: 0, Workers: 6
[9.495s][debug  ][gc,phases      ] GC(35)   Weak JFR Old Object Samples    Min:  0.0, Avg:  0.0, Max:  0.0, Diff:  0.0, Sum:  0.0, Workers: 6
[9.495s][debug  ][gc,phases      ] GC(35)     Dead                           Min: 0, Avg:  0.0, Max: 0, Diff: 0, Sum: 0, Workers: 6
[9.495s][debug  ][gc,phases      ] GC(35)     Total                          Min: 0, Avg:  0.0, Max: 0, Diff: 0, Sum: 0, Workers: 6
[9.495s][debug  ][gc,phases      ] GC(35) Weak Processing 0.725ms
[9.495s][debug  ][gc,ergo        ] GC(35) AdaptiveSizeStart:  collection: 36 
[9.495s][debug  ][gc,ergo        ] GC(35) avg_survived_padded_avg: 32424922.000000
[9.495s][debug  ][gc,ergo        ] GC(35) avg_promoted_padded_avg: 242137776.000000  avg_pretenured_padded_avg: 0.000000  tenuring_thresh: 1  target_size: 32505856
[9.495s][debug  ][gc,age         ] GC(35) Desired survivor size 32505856 bytes, new threshold 1 (max threshold 15)
[9.495s][debug  ][gc,ergo        ] GC(35) PSAdaptiveSizePolicy::compute_eden_space_size limits: desired_eden_size: 245721527 old_eden_size: 202375168 eden_limit: 202899456 cur_eden: 202375168 max_eden_size: 202899456 avg_young_live: 26064198
[9.495s][debug  ][gc,ergo        ] GC(35) PSAdaptiveSizePolicy::compute_eden_space_size: costs minor_time: 0.052312 major_cost: 0.021085 mutator_cost: 0.926604 throughput_goal: 0.990000
[9.495s][debug  ][gc,ergo        ] GC(35) Live_space: 820662400 free_space: 881328128
[9.495s][debug  ][gc,ergo        ] GC(35) Old eden_size: 202375168 desired_eden_size: 202899456
[9.495s][debug  ][gc,ergo        ] GC(35) AdaptiveSizeStop: collection: 36 
[9.495s][info   ][gc,heap        ] GC(35) PSYoungGen: 218853K(229888K)->30720K(230400K) Eden: 188133K(197632K)->0K(198656K) From: 30720K(32256K)->30720K(31744K)
[9.495s][info   ][gc,heap        ] GC(35) ParOldGen: 1056356K(1777664K)->1240676K(1777664K)
[9.495s][info   ][gc,metaspace   ] GC(35) Metaspace: 1021K(1216K)->1021K(1216K) NonClass: 937K(1024K)->937K(1024K) Class: 83K(192K)->83K(192K)
[9.495s][info   ][gc             ] GC(35) Pause Young (Allocation Failure) 1245M->1241M(1961M) 21.702ms
[9.495s][info   ][gc,cpu         ] GC(35) User=0.11s Sys=0.06s Real=0.02s
[9.495s][debug  ][gc,heap        ] GC(35) Heap after GC invocations=36 (full 6):
[9.495s][debug  ][gc,heap        ] GC(35)  PSYoungGen      total 230400K, used 30720K [0x00000000f0000000, 0x0000000100000000, 0x0000000100000000)
[9.496s][debug  ][gc,heap        ] GC(35)   eden space 198656K, 0% used [0x00000000f0000000,0x00000000f0000000,0x00000000fc200000)
[9.496s][debug  ][gc,heap        ] GC(35)   from space 31744K, 96% used [0x00000000fe100000,0x00000000fff00030,0x0000000100000000)
[9.496s][debug  ][gc,heap        ] GC(35)   to   space 31744K, 0% used [0x00000000fc200000,0x00000000fc200000,0x00000000fe100000)
[9.496s][debug  ][gc,heap        ] GC(35)  ParOldGen       total 1777664K, used 1240676K [0x0000000080000000, 0x00000000ec800000, 0x00000000f0000000)
[9.496s][debug  ][gc,heap        ] GC(35)   object space 1777664K, 69% used [0x0000000080000000,0x00000000cbb99398,0x00000000ec800000)
[9.496s][debug  ][gc,heap        ] GC(35)  Metaspace       used 1021K, committed 1216K, reserved 1056768K
[9.496s][debug  ][gc,heap        ] GC(35)   class space    used 83K, committed 192K, reserved 1048576K
[9.496s][debug  ][gc,task,time   ] GC(35) VM-Thread 94732285 94936312 94956558
[9.806s][debug  ][gc,heap        ] GC(36) Heap before GC invocations=37 (full 6):
[9.806s][debug  ][gc,heap        ] GC(36)  PSYoungGen      total 230400K, used 229134K [0x00000000f0000000, 0x0000000100000000, 0x0000000100000000)
[9.806s][debug  ][gc,heap        ] GC(36)   eden space 198656K, 99% used [0x00000000f0000000,0x00000000fc1c37e8,0x00000000fc200000)
[9.806s][debug  ][gc,heap        ] GC(36)   from space 31744K, 96% used [0x00000000fe100000,0x00000000fff00030,0x0000000100000000)
[9.806s][debug  ][gc,heap        ] GC(36)   to   space 31744K, 0% used [0x00000000fc200000,0x00000000fc200000,0x00000000fe100000)
[9.806s][debug  ][gc,heap        ] GC(36)  ParOldGen       total 1777664K, used 1240676K [0x0000000080000000, 0x00000000ec800000, 0x00000000f0000000)
[9.806s][debug  ][gc,heap        ] GC(36)   object space 1777664K, 69% used [0x0000000080000000,0x00000000cbb99398,0x00000000ec800000)
[9.806s][debug  ][gc,heap        ] GC(36)  Metaspace       used 1021K, committed 1216K, reserved 1056768K
[9.806s][debug  ][gc,heap        ] GC(36)   class space    used 83K, committed 192K, reserved 1048576K
[9.807s][debug  ][gc,tlab        ] GC(36) TLAB totals: thrds: 1  refills: 1 max: 1 slow allocs: 18 max 18 waste: 27.3% gc: 3946168B max: 3946168B slow: 0B max: 0B
[9.807s][info   ][gc,start       ] GC(36) Pause Young (Allocation Failure)
[9.807s][debug  ][gc,phases,start] GC(36) Scavenge
[9.826s][debug  ][gc,phases      ] GC(36) Scavenge 19.562ms
[9.826s][debug  ][gc,phases,start] GC(36) Reference Processing
[9.826s][debug  ][gc,ref         ] GC(36) Skipped phase 1 of Reference Processing: no references
[9.826s][debug  ][gc,ref         ] GC(36) Skipped phase 2 of Reference Processing: no references
[9.826s][debug  ][gc,ref         ] GC(36) Skipped phase 3 of Reference Processing: no references
[9.826s][debug  ][gc,ref         ] GC(36) Skipped phase 4 of Reference Processing: no references
[9.826s][debug  ][gc,phases,ref  ] GC(36) Reference Processing: 0.1ms
[9.826s][debug  ][gc,phases,ref  ] GC(36)   Reconsider SoftReferences: 0.0ms
[9.826s][debug  ][gc,phases,ref  ] GC(36)     SoftRef (ms):                  skipped
[9.826s][debug  ][gc,phases,ref  ] GC(36)   Notify Soft/WeakReferences: 0.0ms
[9.826s][debug  ][gc,phases,ref  ] GC(36)     SoftRef (ms):                  skipped
[9.826s][debug  ][gc,phases,ref  ] GC(36)     WeakRef (ms):                  skipped
[9.826s][debug  ][gc,phases,ref  ] GC(36)     FinalRef (ms):                 skipped
[9.826s][debug  ][gc,phases,ref  ] GC(36)     Total (ms):                    skipped
[9.827s][debug  ][gc,phases,ref  ] GC(36)   Notify and keep alive finalizable: 0.0ms
[9.827s][debug  ][gc,phases,ref  ] GC(36)     FinalRef (ms):                 skipped
[9.827s][debug  ][gc,phases,ref  ] GC(36)   Notify PhantomReferences: 0.0ms
[9.827s][debug  ][gc,phases,ref  ] GC(36)     PhantomRef (ms):               skipped
[9.827s][debug  ][gc,phases,ref  ] GC(36)   SoftReference:
[9.827s][debug  ][gc,phases,ref  ] GC(36)     Discovered: 0
[9.827s][debug  ][gc,phases,ref  ] GC(36)     Cleared: 0
[9.827s][debug  ][gc,phases,ref  ] GC(36)   WeakReference:
[9.827s][debug  ][gc,phases,ref  ] GC(36)     Discovered: 0
[9.827s][debug  ][gc,phases,ref  ] GC(36)     Cleared: 0
[9.827s][debug  ][gc,phases,ref  ] GC(36)   FinalReference:
[9.827s][debug  ][gc,phases,ref  ] GC(36)     Discovered: 0
[9.827s][debug  ][gc,phases,ref  ] GC(36)     Cleared: 0
[9.827s][debug  ][gc,phases,ref  ] GC(36)   PhantomReference:
[9.827s][debug  ][gc,phases,ref  ] GC(36)     Discovered: 0
[9.827s][debug  ][gc,phases,ref  ] GC(36)     Cleared: 0
[9.827s][debug  ][gc,phases      ] GC(36) Reference Processing 0.570ms
[9.827s][debug  ][gc,phases,start] GC(36) Weak Processing
[9.827s][debug  ][gc,phases      ] GC(36)   VM Weak                        Min:  0.0, Avg:  0.0, Max:  0.0, Diff:  0.0, Sum:  0.0, Workers: 6
[9.827s][debug  ][gc,phases      ] GC(36)     Dead                           Min: 0, Avg:  0.0, Max: 0, Diff: 0, Sum: 0, Workers: 6
[9.827s][debug  ][gc,phases      ] GC(36)     Total                          Min: 0, Avg:  1.3, Max: 8, Diff: 8, Sum: 8, Workers: 6
[9.827s][debug  ][gc,phases      ] GC(36)   ObjectSynchronizer Weak        Min:  0.0, Avg:  0.0, Max:  0.0, Diff:  0.0, Sum:  0.0, Workers: 6
[9.827s][debug  ][gc,phases      ] GC(36)     Dead                           Min: 0, Avg:  0.0, Max: 0, Diff: 0, Sum: 0, Workers: 6
[9.827s][debug  ][gc,phases      ] GC(36)     Total                          Min: 0, Avg:  0.5, Max: 3, Diff: 3, Sum: 3, Workers: 6
[9.827s][debug  ][gc,phases      ] GC(36)   JVMTI Tag Weak OopStorage      Min:  0.0, Avg:  0.0, Max:  0.0, Diff:  0.0, Sum:  0.0, Workers: 6
[9.827s][debug  ][gc,phases      ] GC(36)     Dead                           Min: 0, Avg:  0.0, Max: 0, Diff: 0, Sum: 0, Workers: 6
[9.827s][debug  ][gc,phases      ] GC(36)     Total                          Min: 0, Avg:  0.0, Max: 0, Diff: 0, Sum: 0, Workers: 6
[9.827s][debug  ][gc,phases      ] GC(36)   StringTable Weak               Min:  0.0, Avg:  0.0, Max:  0.0, Diff:  0.0, Sum:  0.0, Workers: 6
[9.827s][debug  ][gc,phases      ] GC(36)     Dead                           Min: 0, Avg:  0.0, Max: 0, Diff: 0, Sum: 0, Workers: 6
[9.827s][debug  ][gc,phases      ] GC(36)     Total                          Min: 684, Avg: 892.5, Max: 1023, Diff: 339, Sum: 5355, Workers: 6
[9.827s][debug  ][gc,phases      ] GC(36)   ResolvedMethodTable Weak       Min:  0.0, Avg:  0.0, Max:  0.0, Diff:  0.0, Sum:  0.0, Workers: 6
[9.827s][debug  ][gc,phases      ] GC(36)     Dead                           Min: 0, Avg:  0.0, Max: 0, Diff: 0, Sum: 0, Workers: 6
[9.827s][debug  ][gc,phases      ] GC(36)     Total                          Min: 0, Avg: 21.5, Max: 64, Diff: 64, Sum: 129, Workers: 6
[9.827s][debug  ][gc,phases      ] GC(36)   JNI Weak                       Min:  0.0, Avg:  0.0, Max:  0.0, Diff:  0.0, Sum:  0.0, Workers: 6
[9.827s][debug  ][gc,phases      ] GC(36)     Dead                           Min: 0, Avg:  0.0, Max: 0, Diff: 0, Sum: 0, Workers: 6
[9.827s][debug  ][gc,phases      ] GC(36)     Total                          Min: 0, Avg:  0.0, Max: 0, Diff: 0, Sum: 0, Workers: 6
[9.827s][debug  ][gc,phases      ] GC(36)   StringDedup Table Weak         Min:  0.0, Avg:  0.0, Max:  0.0, Diff:  0.0, Sum:  0.0, Workers: 6
[9.827s][debug  ][gc,phases      ] GC(36)     Dead                           Min: 0, Avg:  0.0, Max: 0, Diff: 0, Sum: 0, Workers: 6
[9.827s][debug  ][gc,phases      ] GC(36)     Total                          Min: 0, Avg:  0.0, Max: 0, Diff: 0, Sum: 0, Workers: 6
[9.827s][debug  ][gc,phases      ] GC(36)   StringDedup Requests0 Weak     Min:  0.0, Avg:  0.0, Max:  0.0, Diff:  0.0, Sum:  0.0, Workers: 6
[9.827s][debug  ][gc,phases      ] GC(36)     Dead                           Min: 0, Avg:  0.0, Max: 0, Diff: 0, Sum: 0, Workers: 6
[9.827s][debug  ][gc,phases      ] GC(36)     Total                          Min: 0, Avg:  0.0, Max: 0, Diff: 0, Sum: 0, Workers: 6
[9.827s][debug  ][gc,phases      ] GC(36)   StringDedup Requests1 Weak     Min:  0.0, Avg:  0.0, Max:  0.0, Diff:  0.0, Sum:  0.0, Workers: 6
[9.827s][debug  ][gc,phases      ] GC(36)     Dead                           Min: 0, Avg:  0.0, Max: 0, Diff: 0, Sum: 0, Workers: 6
[9.827s][debug  ][gc,phases      ] GC(36)     Total                          Min: 0, Avg:  0.0, Max: 0, Diff: 0, Sum: 0, Workers: 6
[9.827s][debug  ][gc,phases      ] GC(36)   Weak JFR Old Object Samples    Min:  0.0, Avg:  0.0, Max:  0.0, Diff:  0.0, Sum:  0.0, Workers: 6
[9.827s][debug  ][gc,phases      ] GC(36)     Dead                           Min: 0, Avg:  0.0, Max: 0, Diff: 0, Sum: 0, Workers: 6
[9.827s][debug  ][gc,phases      ] GC(36)     Total                          Min: 0, Avg:  0.0, Max: 0, Diff: 0, Sum: 0, Workers: 6
[9.828s][debug  ][gc,phases      ] GC(36) Weak Processing 0.672ms
[9.828s][debug  ][gc,ergo        ] GC(36) AdaptiveSizeStart:  collection: 37 
[9.828s][debug  ][gc,ergo        ] GC(36) avg_survived_padded_avg: 32359464.000000
[9.828s][debug  ][gc,ergo        ] GC(36) avg_promoted_padded_avg: 249096240.000000  avg_pretenured_padded_avg: 0.000000  tenuring_thresh: 1  target_size: 32505856
[9.828s][debug  ][gc,age         ] GC(36) Desired survivor size 32505856 bytes, new threshold 1 (max threshold 15)
[9.828s][debug  ][gc,ergo        ] GC(36) PSAdaptiveSizePolicy::compute_eden_space_size limits: desired_eden_size: 247759260 old_eden_size: 202899456 eden_limit: 203423744 cur_eden: 203423744 max_eden_size: 203423744 avg_young_live: 26603512
[9.828s][debug  ][gc,ergo        ] GC(36) PSAdaptiveSizePolicy::compute_eden_space_size: costs minor_time: 0.054968 major_cost: 0.021085 mutator_cost: 0.923948 throughput_goal: 0.990000
[9.828s][debug  ][gc,ergo        ] GC(36) Live_space: 821201664 free_space: 881852416
[9.828s][debug  ][gc,ergo        ] GC(36) Old eden_size: 202899456 desired_eden_size: 203423744
[9.828s][debug  ][gc,ergo        ] GC(36) AdaptiveSizeStop: collection: 37 
[9.828s][info   ][gc,heap        ] GC(36) PSYoungGen: 229134K(230400K)->30720K(230400K) Eden: 198413K(198656K)->0K(198656K) From: 30720K(31744K)->30720K(31744K)
[9.828s][info   ][gc,heap        ] GC(36) ParOldGen: 1240676K(1777664K)->1435237K(1777664K)
[9.828s][info   ][gc,metaspace   ] GC(36) Metaspace: 1021K(1216K)->1021K(1216K) NonClass: 937K(1024K)->937K(1024K) Class: 83K(192K)->83K(192K)
[9.828s][info   ][gc             ] GC(36) Pause Young (Allocation Failure) 1435M->1431M(1961M) 21.239ms
[9.828s][info   ][gc,cpu         ] GC(36) User=0.03s Sys=0.09s Real=0.02s
[9.828s][debug  ][gc,heap        ] GC(36) Heap after GC invocations=37 (full 6):
[9.828s][debug  ][gc,heap        ] GC(36)  PSYoungGen      total 230400K, used 30720K [0x00000000f0000000, 0x0000000100000000, 0x0000000100000000)
[9.828s][debug  ][gc,heap        ] GC(36)   eden space 198656K, 0% used [0x00000000f0000000,0x00000000f0000000,0x00000000fc200000)
[9.828s][debug  ][gc,heap        ] GC(36)   from space 31744K, 96% used [0x00000000fc200000,0x00000000fe000030,0x00000000fe100000)
[9.828s][debug  ][gc,heap        ] GC(36)   to   space 31744K, 0% used [0x00000000fe100000,0x00000000fe100000,0x0000000100000000)
[9.828s][debug  ][gc,heap        ] GC(36)  ParOldGen       total 1777664K, used 1435237K [0x0000000080000000, 0x00000000ec800000, 0x00000000f0000000)
[9.828s][debug  ][gc,heap        ] GC(36)   object space 1777664K, 80% used [0x0000000080000000,0x00000000d79994c8,0x00000000ec800000)
[9.828s][debug  ][gc,heap        ] GC(36)  Metaspace       used 1021K, committed 1216K, reserved 1056768K
[9.828s][debug  ][gc,heap        ] GC(36)   class space    used 83K, committed 192K, reserved 1048576K
[9.828s][debug  ][gc,task,time   ] GC(36) VM-Thread 98060252 98262461 98280418
[10.123s][debug  ][gc,heap        ] GC(37) Heap before GC invocations=38 (full 6):
[10.123s][debug  ][gc,heap        ] GC(37)  PSYoungGen      total 230400K, used 229148K [0x00000000f0000000, 0x0000000100000000, 0x0000000100000000)
[10.123s][debug  ][gc,heap        ] GC(37)   eden space 198656K, 99% used [0x00000000f0000000,0x00000000fc1c7310,0x00000000fc200000)
[10.123s][debug  ][gc,heap        ] GC(37)   from space 31744K, 96% used [0x00000000fc200000,0x00000000fe000030,0x00000000fe100000)
[10.123s][debug  ][gc,heap        ] GC(37)   to   space 31744K, 0% used [0x00000000fe100000,0x00000000fe100000,0x0000000100000000)
[10.123s][debug  ][gc,heap        ] GC(37)  ParOldGen       total 1777664K, used 1435237K [0x0000000080000000, 0x00000000ec800000, 0x00000000f0000000)
[10.123s][debug  ][gc,heap        ] GC(37)   object space 1777664K, 80% used [0x0000000080000000,0x00000000d79994c8,0x00000000ec800000)
[10.123s][debug  ][gc,heap        ] GC(37)  Metaspace       used 1021K, committed 1216K, reserved 1056768K
[10.123s][debug  ][gc,heap        ] GC(37)   class space    used 83K, committed 192K, reserved 1048576K
[10.124s][debug  ][gc,tlab        ] GC(37) TLAB totals: thrds: 1  refills: 1 max: 1 slow allocs: 18 max 18 waste: 27.4% gc: 3961312B max: 3961312B slow: 0B max: 0B
[10.124s][info   ][gc,start       ] GC(37) Pause Young (Allocation Failure)
[10.124s][debug  ][gc,phases,start] GC(37) Scavenge
[10.143s][debug  ][gc,phases      ] GC(37) Scavenge 19.860ms
[10.144s][debug  ][gc,phases,start] GC(37) Reference Processing
[10.144s][debug  ][gc,ref         ] GC(37) Skipped phase 1 of Reference Processing: no references
[10.144s][debug  ][gc,ref         ] GC(37) Skipped phase 2 of Reference Processing: no references
[10.144s][debug  ][gc,ref         ] GC(37) Skipped phase 3 of Reference Processing: no references
[10.144s][debug  ][gc,ref         ] GC(37) Skipped phase 4 of Reference Processing: no references
[10.144s][debug  ][gc,phases,ref  ] GC(37) Reference Processing: 0.1ms
[10.144s][debug  ][gc,phases,ref  ] GC(37)   Reconsider SoftReferences: 0.0ms
[10.144s][debug  ][gc,phases,ref  ] GC(37)     SoftRef (ms):                  skipped
[10.144s][debug  ][gc,phases,ref  ] GC(37)   Notify Soft/WeakReferences: 0.0ms
[10.144s][debug  ][gc,phases,ref  ] GC(37)     SoftRef (ms):                  skipped
[10.144s][debug  ][gc,phases,ref  ] GC(37)     WeakRef (ms):                  skipped
[10.144s][debug  ][gc,phases,ref  ] GC(37)     FinalRef (ms):                 skipped
[10.144s][debug  ][gc,phases,ref  ] GC(37)     Total (ms):                    skipped
[10.144s][debug  ][gc,phases,ref  ] GC(37)   Notify and keep alive finalizable: 0.0ms
[10.144s][debug  ][gc,phases,ref  ] GC(37)     FinalRef (ms):                 skipped
[10.144s][debug  ][gc,phases,ref  ] GC(37)   Notify PhantomReferences: 0.0ms
[10.144s][debug  ][gc,phases,ref  ] GC(37)     PhantomRef (ms):               skipped
[10.144s][debug  ][gc,phases,ref  ] GC(37)   SoftReference:
[10.144s][debug  ][gc,phases,ref  ] GC(37)     Discovered: 0
[10.144s][debug  ][gc,phases,ref  ] GC(37)     Cleared: 0
[10.144s][debug  ][gc,phases,ref  ] GC(37)   WeakReference:
[10.144s][debug  ][gc,phases,ref  ] GC(37)     Discovered: 0
[10.144s][debug  ][gc,phases,ref  ] GC(37)     Cleared: 0
[10.144s][debug  ][gc,phases,ref  ] GC(37)   FinalReference:
[10.144s][debug  ][gc,phases,ref  ] GC(37)     Discovered: 0
[10.144s][debug  ][gc,phases,ref  ] GC(37)     Cleared: 0
[10.144s][debug  ][gc,phases,ref  ] GC(37)   PhantomReference:
[10.144s][debug  ][gc,phases,ref  ] GC(37)     Discovered: 0
[10.144s][debug  ][gc,phases,ref  ] GC(37)     Cleared: 0
[10.144s][debug  ][gc,phases      ] GC(37) Reference Processing 0.706ms
[10.144s][debug  ][gc,phases,start] GC(37) Weak Processing
[10.144s][debug  ][gc,phases      ] GC(37)   VM Weak                        Min:  0.0, Avg:  0.0, Max:  0.0, Diff:  0.0, Sum:  0.0, Workers: 6
[10.144s][debug  ][gc,phases      ] GC(37)     Dead                           Min: 0, Avg:  0.0, Max: 0, Diff: 0, Sum: 0, Workers: 6
[10.144s][debug  ][gc,phases      ] GC(37)     Total                          Min: 0, Avg:  1.3, Max: 8, Diff: 8, Sum: 8, Workers: 6
[10.144s][debug  ][gc,phases      ] GC(37)   ObjectSynchronizer Weak        Min:  0.0, Avg:  0.0, Max:  0.0, Diff:  0.0, Sum:  0.0, Workers: 6
[10.144s][debug  ][gc,phases      ] GC(37)     Dead                           Min: 0, Avg:  0.0, Max: 0, Diff: 0, Sum: 0, Workers: 6
[10.144s][debug  ][gc,phases      ] GC(37)     Total                          Min: 0, Avg:  0.5, Max: 3, Diff: 3, Sum: 3, Workers: 6
[10.144s][debug  ][gc,phases      ] GC(37)   JVMTI Tag Weak OopStorage      Min:  0.0, Avg:  0.0, Max:  0.0, Diff:  0.0, Sum:  0.0, Workers: 6
[10.145s][debug  ][gc,phases      ] GC(37)     Dead                           Min: 0, Avg:  0.0, Max: 0, Diff: 0, Sum: 0, Workers: 6
[10.145s][debug  ][gc,phases      ] GC(37)     Total                          Min: 0, Avg:  0.0, Max: 0, Diff: 0, Sum: 0, Workers: 6
[10.145s][debug  ][gc,phases      ] GC(37)   StringTable Weak               Min:  0.0, Avg:  0.0, Max:  0.0, Diff:  0.0, Sum:  0.0, Workers: 6
[10.145s][debug  ][gc,phases      ] GC(37)     Dead                           Min: 0, Avg:  0.0, Max: 0, Diff: 0, Sum: 0, Workers: 6
[10.145s][debug  ][gc,phases      ] GC(37)     Total                          Min: 448, Avg: 892.5, Max: 1088, Diff: 640, Sum: 5355, Workers: 6
[10.145s][debug  ][gc,phases      ] GC(37)   ResolvedMethodTable Weak       Min:  0.0, Avg:  0.0, Max:  0.0, Diff:  0.0, Sum:  0.0, Workers: 6
[10.145s][debug  ][gc,phases      ] GC(37)     Dead                           Min: 0, Avg:  0.0, Max: 0, Diff: 0, Sum: 0, Workers: 6
[10.145s][debug  ][gc,phases      ] GC(37)     Total                          Min: 0, Avg: 21.5, Max: 64, Diff: 64, Sum: 129, Workers: 6
[10.145s][debug  ][gc,phases      ] GC(37)   JNI Weak                       Min:  0.0, Avg:  0.0, Max:  0.0, Diff:  0.0, Sum:  0.0, Workers: 6
[10.145s][debug  ][gc,phases      ] GC(37)     Dead                           Min: 0, Avg:  0.0, Max: 0, Diff: 0, Sum: 0, Workers: 6
[10.145s][debug  ][gc,phases      ] GC(37)     Total                          Min: 0, Avg:  0.0, Max: 0, Diff: 0, Sum: 0, Workers: 6
[10.145s][debug  ][gc,phases      ] GC(37)   StringDedup Table Weak         Min:  0.0, Avg:  0.0, Max:  0.0, Diff:  0.0, Sum:  0.0, Workers: 6
[10.145s][debug  ][gc,phases      ] GC(37)     Dead                           Min: 0, Avg:  0.0, Max: 0, Diff: 0, Sum: 0, Workers: 6
[10.145s][debug  ][gc,phases      ] GC(37)     Total                          Min: 0, Avg:  0.0, Max: 0, Diff: 0, Sum: 0, Workers: 6
[10.145s][debug  ][gc,phases      ] GC(37)   StringDedup Requests0 Weak     Min:  0.0, Avg:  0.0, Max:  0.0, Diff:  0.0, Sum:  0.0, Workers: 6
[10.145s][debug  ][gc,phases      ] GC(37)     Dead                           Min: 0, Avg:  0.0, Max: 0, Diff: 0, Sum: 0, Workers: 6
[10.145s][debug  ][gc,phases      ] GC(37)     Total                          Min: 0, Avg:  0.0, Max: 0, Diff: 0, Sum: 0, Workers: 6
[10.145s][debug  ][gc,phases      ] GC(37)   StringDedup Requests1 Weak     Min:  0.0, Avg:  0.0, Max:  0.0, Diff:  0.0, Sum:  0.0, Workers: 6
[10.145s][debug  ][gc,phases      ] GC(37)     Dead                           Min: 0, Avg:  0.0, Max: 0, Diff: 0, Sum: 0, Workers: 6
[10.145s][debug  ][gc,phases      ] GC(37)     Total                          Min: 0, Avg:  0.0, Max: 0, Diff: 0, Sum: 0, Workers: 6
[10.145s][debug  ][gc,phases      ] GC(37)   Weak JFR Old Object Samples    Min:  0.0, Avg:  0.0, Max:  0.0, Diff:  0.0, Sum:  0.0, Workers: 6
[10.145s][debug  ][gc,phases      ] GC(37)     Dead                           Min: 0, Avg:  0.0, Max: 0, Diff: 0, Sum: 0, Workers: 6
[10.145s][debug  ][gc,phases      ] GC(37)     Total                          Min: 0, Avg:  0.0, Max: 0, Diff: 0, Sum: 0, Workers: 6
[10.145s][debug  ][gc,phases      ] GC(37) Weak Processing 0.720ms
[10.145s][debug  ][gc,ergo        ] GC(37) AdaptiveSizeStart:  collection: 38 
[10.145s][debug  ][gc,ergo        ] GC(37) avg_survived_padded_avg: 32297426.000000
[10.145s][debug  ][gc,ergo        ] GC(37) avg_promoted_padded_avg: 254233936.000000  avg_pretenured_padded_avg: 0.000000  tenuring_thresh: 1  target_size: 32505856
[10.145s][debug  ][gc,age         ] GC(37) Desired survivor size 32505856 bytes, new threshold 1 (max threshold 15)
[10.145s][debug  ][gc,ergo        ] GC(37) PSAdaptiveSizePolicy::compute_eden_space_size limits: desired_eden_size: 248426957 old_eden_size: 203423744 eden_limit: 203423744 cur_eden: 203423744 max_eden_size: 203423744 avg_young_live: 27088892
[10.145s][debug  ][gc,ergo        ] GC(37) PSAdaptiveSizePolicy::compute_eden_space_size: costs minor_time: 0.058076 major_cost: 0.021085 mutator_cost: 0.920840 throughput_goal: 0.990000
[10.145s][debug  ][gc,ergo        ] GC(37) Live_space: 821687040 free_space: 882376704
[10.145s][debug  ][gc,ergo        ] GC(37) Old eden_size: 203423744 desired_eden_size: 203423744
[10.145s][debug  ][gc,ergo        ] GC(37) AdaptiveSizeStop: collection: 38 
[10.145s][info   ][gc,heap        ] GC(37) PSYoungGen: 229148K(230400K)->30720K(230400K) Eden: 198428K(198656K)->0K(198656K) From: 30720K(31744K)->30720K(31744K)
[10.145s][info   ][gc,heap        ] GC(37) ParOldGen: 1435237K(1777664K)->1629797K(1777664K)
[10.145s][info   ][gc,metaspace   ] GC(37) Metaspace: 1021K(1216K)->1021K(1216K) NonClass: 937K(1024K)->937K(1024K) Class: 83K(192K)->83K(192K)
[10.145s][info   ][gc             ] GC(37) Pause Young (Allocation Failure) 1625M->1621M(1961M) 21.721ms
[10.145s][info   ][gc,cpu         ] GC(37) User=0.03s Sys=0.09s Real=0.02s
[10.145s][debug  ][gc,heap        ] GC(37) Heap after GC invocations=38 (full 6):
[10.145s][debug  ][gc,heap        ] GC(37)  PSYoungGen      total 230400K, used 30720K [0x00000000f0000000, 0x0000000100000000, 0x0000000100000000)
[10.145s][debug  ][gc,heap        ] GC(37)   eden space 198656K, 0% used [0x00000000f0000000,0x00000000f0000000,0x00000000fc200000)
[10.145s][debug  ][gc,heap        ] GC(37)   from space 31744K, 96% used [0x00000000fe100000,0x00000000fff00030,0x0000000100000000)
[10.145s][debug  ][gc,heap        ] GC(37)   to   space 31744K, 0% used [0x00000000fc200000,0x00000000fc200000,0x00000000fe100000)
[10.145s][debug  ][gc,heap        ] GC(37)  ParOldGen       total 1777664K, used 1629797K [0x0000000080000000, 0x00000000ec800000, 0x00000000f0000000)
[10.145s][debug  ][gc,heap        ] GC(37)   object space 1777664K, 91% used [0x0000000080000000,0x00000000e37995f8,0x00000000ec800000)
[10.145s][debug  ][gc,heap        ] GC(37)  Metaspace       used 1021K, committed 1216K, reserved 1056768K
[10.145s][debug  ][gc,heap        ] GC(37)   class space    used 83K, committed 192K, reserved 1048576K
[10.146s][debug  ][gc,task,time   ] GC(37) VM-Thread 101231267 101435426 101455190
[10.146s][debug  ][gc,phases,start] GC(38) Pre Compact
[10.146s][debug  ][gc,heap        ] GC(38) Heap before GC invocations=39 (full 7):
[10.146s][debug  ][gc,heap        ] GC(38)  PSYoungGen      total 230400K, used 30720K [0x00000000f0000000, 0x0000000100000000, 0x0000000100000000)
[10.146s][debug  ][gc,heap        ] GC(38)   eden space 198656K, 0% used [0x00000000f0000000,0x00000000f0000000,0x00000000fc200000)
[10.146s][debug  ][gc,heap        ] GC(38)   from space 31744K, 96% used [0x00000000fe100000,0x00000000fff00030,0x0000000100000000)
[10.146s][debug  ][gc,heap        ] GC(38)   to   space 31744K, 0% used [0x00000000fc200000,0x00000000fc200000,0x00000000fe100000)
[10.146s][debug  ][gc,heap        ] GC(38)  ParOldGen       total 1777664K, used 1629797K [0x0000000080000000, 0x00000000ec800000, 0x00000000f0000000)
[10.146s][debug  ][gc,heap        ] GC(38)   object space 1777664K, 91% used [0x0000000080000000,0x00000000e37995f8,0x00000000ec800000)
[10.146s][debug  ][gc,heap        ] GC(38)  Metaspace       used 1021K, committed 1216K, reserved 1056768K
[10.146s][debug  ][gc,heap        ] GC(38)   class space    used 83K, committed 192K, reserved 1048576K
[10.146s][debug  ][gc,phases      ] GC(38) Pre Compact 0.201ms
[10.146s][info   ][gc,start       ] GC(38) Pause Full (Ergonomics)
[10.146s][info   ][gc,phases,start] GC(38) Marking Phase
[10.146s][debug  ][gc,phases,start] GC(38) Par Mark
[10.146s][debug  ][gc,phases      ] GC(38) Par Mark 0.528ms
[10.146s][debug  ][gc,phases,start] GC(38) Reference Processing
[10.146s][debug  ][gc,ref         ] GC(38) Skipped phase 1 of Reference Processing: no references
[10.146s][debug  ][gc,ref         ] GC(38) ReferenceProcessor::execute queues: 1, RefProcThreadModel::Single, marks_oops_alive: false
[10.146s][debug  ][gc,ref         ] GC(38) Skipped phase 3 of Reference Processing: no references
[10.146s][debug  ][gc,ref         ] GC(38) ReferenceProcessor::execute queues: 1, RefProcThreadModel::Single, marks_oops_alive: false
[10.146s][debug  ][gc,phases,ref  ] GC(38) Reference Processing: 0.1ms
[10.146s][debug  ][gc,phases,ref  ] GC(38)   Reconsider SoftReferences: 0.0ms
[10.147s][debug  ][gc,phases,ref  ] GC(38)     SoftRef (ms):                  skipped
[10.147s][debug  ][gc,phases,ref  ] GC(38)   Notify Soft/WeakReferences: 0.0ms
[10.147s][debug  ][gc,phases,ref  ] GC(38)     SoftRef (ms):                  Min:  0.0, Avg:  0.0, Max:  0.0, Diff:  0.0, Sum:  0.0, Workers: 8
[10.147s][debug  ][gc,phases,ref  ] GC(38)     WeakRef (ms):                  Min:  0.0, Avg:  0.0, Max:  0.0, Diff:  0.0, Sum:  0.0, Workers: 8
[10.147s][debug  ][gc,phases,ref  ] GC(38)     FinalRef (ms):                 Min:  0.0, Avg:  0.0, Max:  0.0, Diff:  0.0, Sum:  0.0, Workers: 8
[10.147s][debug  ][gc,phases,ref  ] GC(38)     Total (ms):                    Min:  0.0, Avg:  0.0, Max:  0.0, Diff:  0.0, Sum:  0.0, Workers: 8
[10.147s][debug  ][gc,phases,ref  ] GC(38)   Notify and keep alive finalizable: 0.0ms
[10.147s][debug  ][gc,phases,ref  ] GC(38)     FinalRef (ms):                 skipped
[10.147s][debug  ][gc,phases,ref  ] GC(38)   Notify PhantomReferences: 0.0ms
[10.147s][debug  ][gc,phases,ref  ] GC(38)     PhantomRef (ms):               Min:  0.0, Avg:  0.0, Max:  0.0, Diff:  0.0, Sum:  0.0, Workers: 8
[10.147s][debug  ][gc,phases,ref  ] GC(38)   SoftReference:
[10.147s][debug  ][gc,phases,ref  ] GC(38)     Discovered: 0
[10.147s][debug  ][gc,phases,ref  ] GC(38)     Cleared: 0
[10.147s][debug  ][gc,phases,ref  ] GC(38)   WeakReference:
[10.147s][debug  ][gc,phases,ref  ] GC(38)     Discovered: 84
[10.147s][debug  ][gc,phases,ref  ] GC(38)     Cleared: 84
[10.147s][debug  ][gc,phases,ref  ] GC(38)   FinalReference:
[10.147s][debug  ][gc,phases,ref  ] GC(38)     Discovered: 0
[10.147s][debug  ][gc,phases,ref  ] GC(38)     Cleared: 0
[10.147s][debug  ][gc,phases,ref  ] GC(38)   PhantomReference:
[10.147s][debug  ][gc,phases,ref  ] GC(38)     Discovered: 5
[10.147s][debug  ][gc,phases,ref  ] GC(38)     Cleared: 5
[10.147s][debug  ][gc,phases      ] GC(38) Reference Processing 0.579ms
[10.147s][debug  ][gc,phases,start] GC(38) Weak Processing
[10.147s][debug  ][gc,phases      ] GC(38)   VM Weak                        Min:  0.0, Avg:  0.0, Max:  0.0, Diff:  0.0, Sum:  0.0, Workers: 6
[10.147s][debug  ][gc,phases      ] GC(38)     Dead                           Min: 0, Avg:  0.0, Max: 0, Diff: 0, Sum: 0, Workers: 6
[10.147s][debug  ][gc,phases      ] GC(38)     Total                          Min: 0, Avg:  1.3, Max: 8, Diff: 8, Sum: 8, Workers: 6
[10.147s][debug  ][gc,phases      ] GC(38)   ObjectSynchronizer Weak        Min:  0.0, Avg:  0.0, Max:  0.0, Diff:  0.0, Sum:  0.0, Workers: 6
[10.147s][debug  ][gc,phases      ] GC(38)     Dead                           Min: 0, Avg:  0.0, Max: 0, Diff: 0, Sum: 0, Workers: 6
[10.147s][debug  ][gc,phases      ] GC(38)     Total                          Min: 0, Avg:  0.5, Max: 3, Diff: 3, Sum: 3, Workers: 6
[10.147s][debug  ][gc,phases      ] GC(38)   JVMTI Tag Weak OopStorage      Min:  0.0, Avg:  0.0, Max:  0.0, Diff:  0.0, Sum:  0.0, Workers: 6
[10.147s][debug  ][gc,phases      ] GC(38)     Dead                           Min: 0, Avg:  0.0, Max: 0, Diff: 0, Sum: 0, Workers: 6
[10.147s][debug  ][gc,phases      ] GC(38)     Total                          Min: 0, Avg:  0.0, Max: 0, Diff: 0, Sum: 0, Workers: 6
[10.147s][debug  ][gc,phases      ] GC(38)   StringTable Weak               Min:  0.0, Avg:  0.0, Max:  0.0, Diff:  0.0, Sum:  0.0, Workers: 6
[10.147s][debug  ][gc,phases      ] GC(38)     Dead                           Min: 0, Avg:  0.0, Max: 0, Diff: 0, Sum: 0, Workers: 6
[10.147s][debug  ][gc,phases      ] GC(38)     Total                          Min: 684, Avg: 892.5, Max: 1152, Diff: 468, Sum: 5355, Workers: 6
[10.147s][debug  ][gc,phases      ] GC(38)   ResolvedMethodTable Weak       Min:  0.0, Avg:  0.0, Max:  0.0, Diff:  0.0, Sum:  0.0, Workers: 6
[10.147s][debug  ][gc,phases      ] GC(38)     Dead                           Min: 0, Avg:  0.0, Max: 0, Diff: 0, Sum: 0, Workers: 6
[10.147s][debug  ][gc,phases      ] GC(38)     Total                          Min: 0, Avg: 21.5, Max: 64, Diff: 64, Sum: 129, Workers: 6
[10.147s][debug  ][gc,phases      ] GC(38)   JNI Weak                       Min:  0.0, Avg:  0.0, Max:  0.0, Diff:  0.0, Sum:  0.0, Workers: 6
[10.147s][debug  ][gc,phases      ] GC(38)     Dead                           Min: 0, Avg:  0.0, Max: 0, Diff: 0, Sum: 0, Workers: 6
[10.147s][debug  ][gc,phases      ] GC(38)     Total                          Min: 0, Avg:  0.0, Max: 0, Diff: 0, Sum: 0, Workers: 6
[10.147s][debug  ][gc,phases      ] GC(38)   StringDedup Table Weak         Min:  0.0, Avg:  0.0, Max:  0.0, Diff:  0.0, Sum:  0.0, Workers: 6
[10.147s][debug  ][gc,phases      ] GC(38)     Dead                           Min: 0, Avg:  0.0, Max: 0, Diff: 0, Sum: 0, Workers: 6
[10.147s][debug  ][gc,phases      ] GC(38)     Total                          Min: 0, Avg:  0.0, Max: 0, Diff: 0, Sum: 0, Workers: 6
[10.147s][debug  ][gc,phases      ] GC(38)   StringDedup Requests0 Weak     Min:  0.0, Avg:  0.0, Max:  0.0, Diff:  0.0, Sum:  0.0, Workers: 6
[10.147s][debug  ][gc,phases      ] GC(38)     Dead                           Min: 0, Avg:  0.0, Max: 0, Diff: 0, Sum: 0, Workers: 6
[10.147s][debug  ][gc,phases      ] GC(38)     Total                          Min: 0, Avg:  0.0, Max: 0, Diff: 0, Sum: 0, Workers: 6
[10.148s][debug  ][gc,phases      ] GC(38)   StringDedup Requests1 Weak     Min:  0.0, Avg:  0.0, Max:  0.0, Diff:  0.0, Sum:  0.0, Workers: 6
[10.148s][debug  ][gc,phases      ] GC(38)     Dead                           Min: 0, Avg:  0.0, Max: 0, Diff: 0, Sum: 0, Workers: 6
[10.148s][debug  ][gc,phases      ] GC(38)     Total                          Min: 0, Avg:  0.0, Max: 0, Diff: 0, Sum: 0, Workers: 6
[10.148s][debug  ][gc,phases      ] GC(38)   Weak JFR Old Object Samples    Min:  0.0, Avg:  0.0, Max:  0.0, Diff:  0.0, Sum:  0.0, Workers: 6
[10.148s][debug  ][gc,phases      ] GC(38)     Dead                           Min: 0, Avg:  0.0, Max: 0, Diff: 0, Sum: 0, Workers: 6
[10.148s][debug  ][gc,phases      ] GC(38)     Total                          Min: 0, Avg:  0.0, Max: 0, Diff: 0, Sum: 0, Workers: 6
[10.148s][debug  ][gc,phases      ] GC(38) Weak Processing 0.674ms
[10.148s][debug  ][gc,phases,start] GC(38) Class Unloading
[10.148s][debug  ][gc,phases,start] GC(38) ClassLoaderData
[10.148s][debug  ][gc,phases      ] GC(38) ClassLoaderData 0.019ms
[10.148s][debug  ][gc,phases,start] GC(38) Trigger cleanups
[10.148s][debug  ][gc,phases      ] GC(38) Trigger cleanups 0.018ms
[10.148s][debug  ][gc,phases      ] GC(38) Class Unloading 0.253ms
[10.148s][info   ][gc,phases      ] GC(38) Marking Phase 2.143ms
[10.148s][info   ][gc,phases,start] GC(38) Summary Phase
[10.148s][info   ][gc,phases      ] GC(38) Summary Phase 0.036ms
[10.148s][info   ][gc,phases,start] GC(38) Adjust Roots
[10.148s][info   ][gc,phases      ] GC(38) Adjust Roots 0.150ms
[10.148s][info   ][gc,phases,start] GC(38) Compaction Phase
[10.232s][info   ][gc,phases      ] GC(38) Compaction Phase 83.923ms
[10.232s][info   ][gc,phases,start] GC(38) Post Compact
[10.237s][info   ][gc,phases      ] GC(38) Post Compact 5.068ms
[10.237s][debug  ][gc,ergo        ] GC(38) AdaptiveSizeStart: collection: 39 
[10.237s][debug  ][gc,ergo        ] GC(38) PSAdaptiveSizePolicy::compute_eden_space_size limits: desired_eden_size: 237100980 old_eden_size: 203423744 eden_limit: 203423744 cur_eden: 203423744 max_eden_size: 203423744 avg_young_live: 24380004
[10.237s][debug  ][gc,ergo        ] GC(38) PSAdaptiveSizePolicy::compute_eden_space_size: costs minor_time: 0.058076 major_cost: 0.029624 mutator_cost: 0.912300 throughput_goal: 0.990000
[10.237s][debug  ][gc,ergo        ] GC(38) Live_space: 818978176 free_space: 882376704
[10.237s][debug  ][gc,ergo        ] GC(38) Old eden_size: 203423744 desired_eden_size: 203423744
[10.237s][debug  ][gc,ergo        ] GC(38) PSAdaptiveSizePolicy::compute_old_gen_free_space: costs minor_time: 0.058076 major_cost: 0.029624  mutator_cost: 0.912300 throughput_goal: 0.990000
[10.237s][debug  ][gc,ergo        ] GC(38) Live_space: 858586496 free_space: 882376704
[10.237s][debug  ][gc,ergo        ] GC(38) Old promo_size: 678952960 desired_promo_size: 748158976
[10.238s][debug  ][gc             ] GC(38) Shrinking ParOldGen from 1777664K by 8192K to 1769472K
[10.238s][debug  ][gc,ergo        ] GC(38) AdaptiveSizeStop: collection: 39 
[10.238s][info   ][gc,heap        ] GC(38) PSYoungGen: 30720K(230400K)->0K(230400K) Eden: 0K(198656K)->0K(198656K) From: 30720K(31744K)->0K(31744K)
[10.238s][info   ][gc,heap        ] GC(38) ParOldGen: 1629797K(1777664K)->790116K(1769472K)
[10.238s][info   ][gc,metaspace   ] GC(38) Metaspace: 1021K(1216K)->1021K(1216K) NonClass: 937K(1024K)->937K(1024K) Class: 83K(192K)->83K(192K)
[10.238s][info   ][gc             ] GC(38) Pause Full (Ergonomics) 1621M->771M(1953M) 91.924ms
[10.238s][info   ][gc,cpu         ] GC(38) User=0.72s Sys=0.00s Real=0.09s
[10.238s][debug  ][gc,heap        ] GC(38) Heap after GC invocations=39 (full 7):
[10.238s][debug  ][gc,heap        ] GC(38)  PSYoungGen      total 230400K, used 0K [0x00000000f0000000, 0x0000000100000000, 0x0000000100000000)
[10.238s][debug  ][gc,heap        ] GC(38)   eden space 198656K, 0% used [0x00000000f0000000,0x00000000f0000000,0x00000000fc200000)
[10.238s][debug  ][gc,heap        ] GC(38)   from space 31744K, 0% used [0x00000000fc200000,0x00000000fc200000,0x00000000fe100000)
[10.238s][debug  ][gc,heap        ] GC(38)   to   space 31744K, 0% used [0x00000000fe100000,0x00000000fe100000,0x0000000100000000)
[10.238s][debug  ][gc,heap        ] GC(38)  ParOldGen       total 1769472K, used 790116K [0x0000000080000000, 0x00000000ec000000, 0x00000000f0000000)
[10.238s][debug  ][gc,heap        ] GC(38)   object space 1769472K, 44% used [0x0000000080000000,0x00000000b03990d8,0x00000000ec000000)
[10.238s][debug  ][gc,heap        ] GC(38)  Metaspace       used 1021K, committed 1216K, reserved 1056768K
[10.238s][debug  ][gc,heap        ] GC(38)   class space    used 83K, committed 192K, reserved 1048576K
[10.238s][debug  ][gc,task,time   ] GC(38) VM-Thread 101457873 101481904 102377455
[10.538s][debug  ][gc,heap        ] GC(39) Heap before GC invocations=40 (full 7):
[10.538s][debug  ][gc,heap        ] GC(39)  PSYoungGen      total 230400K, used 198438K [0x00000000f0000000, 0x0000000100000000, 0x0000000100000000)
[10.538s][debug  ][gc,heap        ] GC(39)   eden space 198656K, 99% used [0x00000000f0000000,0x00000000fc1c9920,0x00000000fc200000)
[10.538s][debug  ][gc,heap        ] GC(39)   from space 31744K, 0% used [0x00000000fc200000,0x00000000fc200000,0x00000000fe100000)
[10.538s][debug  ][gc,heap        ] GC(39)   to   space 31744K, 0% used [0x00000000fe100000,0x00000000fe100000,0x0000000100000000)
[10.538s][debug  ][gc,heap        ] GC(39)  ParOldGen       total 1769472K, used 790116K [0x0000000080000000, 0x00000000ec000000, 0x00000000f0000000)
[10.538s][debug  ][gc,heap        ] GC(39)   object space 1769472K, 44% used [0x0000000080000000,0x00000000b03990d8,0x00000000ec000000)
[10.538s][debug  ][gc,heap        ] GC(39)  Metaspace       used 1021K, committed 1216K, reserved 1056768K
[10.538s][debug  ][gc,heap        ] GC(39)   class space    used 83K, committed 192K, reserved 1048576K
[10.538s][debug  ][gc,tlab        ] GC(39) TLAB totals: thrds: 1  refills: 1 max: 1 slow allocs: 18 max 18 waste: 27.5% gc: 3971056B max: 3971056B slow: 0B max: 0B
[10.538s][info   ][gc,start       ] GC(39) Pause Young (Allocation Failure)
[10.538s][debug  ][gc,phases,start] GC(39) Scavenge
[10.551s][debug  ][gc,phases      ] GC(39) Scavenge 13.298ms
[10.552s][debug  ][gc,phases,start] GC(39) Reference Processing
[10.552s][debug  ][gc,ref         ] GC(39) Skipped phase 1 of Reference Processing: no references
[10.552s][debug  ][gc,ref         ] GC(39) Skipped phase 2 of Reference Processing: no references
[10.552s][debug  ][gc,ref         ] GC(39) Skipped phase 3 of Reference Processing: no references
[10.552s][debug  ][gc,ref         ] GC(39) Skipped phase 4 of Reference Processing: no references
[10.552s][debug  ][gc,phases,ref  ] GC(39) Reference Processing: 0.1ms
[10.552s][debug  ][gc,phases,ref  ] GC(39)   Reconsider SoftReferences: 0.0ms
[10.552s][debug  ][gc,phases,ref  ] GC(39)     SoftRef (ms):                  skipped
[10.552s][debug  ][gc,phases,ref  ] GC(39)   Notify Soft/WeakReferences: 0.0ms
[10.552s][debug  ][gc,phases,ref  ] GC(39)     SoftRef (ms):                  skipped
[10.552s][debug  ][gc,phases,ref  ] GC(39)     WeakRef (ms):                  skipped
[10.552s][debug  ][gc,phases,ref  ] GC(39)     FinalRef (ms):                 skipped
[10.552s][debug  ][gc,phases,ref  ] GC(39)     Total (ms):                    skipped
[10.552s][debug  ][gc,phases,ref  ] GC(39)   Notify and keep alive finalizable: 0.0ms
[10.552s][debug  ][gc,phases,ref  ] GC(39)     FinalRef (ms):                 skipped
[10.552s][debug  ][gc,phases,ref  ] GC(39)   Notify PhantomReferences: 0.0ms
[10.552s][debug  ][gc,phases,ref  ] GC(39)     PhantomRef (ms):               skipped
[10.552s][debug  ][gc,phases,ref  ] GC(39)   SoftReference:
[10.552s][debug  ][gc,phases,ref  ] GC(39)     Discovered: 0
[10.552s][debug  ][gc,phases,ref  ] GC(39)     Cleared: 0
[10.552s][debug  ][gc,phases,ref  ] GC(39)   WeakReference:
[10.552s][debug  ][gc,phases,ref  ] GC(39)     Discovered: 0
[10.552s][debug  ][gc,phases,ref  ] GC(39)     Cleared: 0
[10.552s][debug  ][gc,phases,ref  ] GC(39)   FinalReference:
[10.552s][debug  ][gc,phases,ref  ] GC(39)     Discovered: 0
[10.552s][debug  ][gc,phases,ref  ] GC(39)     Cleared: 0
[10.552s][debug  ][gc,phases,ref  ] GC(39)   PhantomReference:
[10.552s][debug  ][gc,phases,ref  ] GC(39)     Discovered: 0
[10.552s][debug  ][gc,phases,ref  ] GC(39)     Cleared: 0
[10.552s][debug  ][gc,phases      ] GC(39) Reference Processing 0.718ms
[10.552s][debug  ][gc,phases,start] GC(39) Weak Processing
[10.552s][debug  ][gc,phases      ] GC(39)   VM Weak                        Min:  0.0, Avg:  0.0, Max:  0.0, Diff:  0.0, Sum:  0.0, Workers: 6
[10.552s][debug  ][gc,phases      ] GC(39)     Dead                           Min: 0, Avg:  0.0, Max: 0, Diff: 0, Sum: 0, Workers: 6
[10.552s][debug  ][gc,phases      ] GC(39)     Total                          Min: 0, Avg:  1.3, Max: 8, Diff: 8, Sum: 8, Workers: 6
[10.552s][debug  ][gc,phases      ] GC(39)   ObjectSynchronizer Weak        Min:  0.0, Avg:  0.0, Max:  0.0, Diff:  0.0, Sum:  0.0, Workers: 6
[10.552s][debug  ][gc,phases      ] GC(39)     Dead                           Min: 0, Avg:  0.0, Max: 0, Diff: 0, Sum: 0, Workers: 6
[10.552s][debug  ][gc,phases      ] GC(39)     Total                          Min: 0, Avg:  0.5, Max: 3, Diff: 3, Sum: 3, Workers: 6
[10.553s][debug  ][gc,phases      ] GC(39)   JVMTI Tag Weak OopStorage      Min:  0.0, Avg:  0.0, Max:  0.0, Diff:  0.0, Sum:  0.0, Workers: 6
[10.553s][debug  ][gc,phases      ] GC(39)     Dead                           Min: 0, Avg:  0.0, Max: 0, Diff: 0, Sum: 0, Workers: 6
[10.553s][debug  ][gc,phases      ] GC(39)     Total                          Min: 0, Avg:  0.0, Max: 0, Diff: 0, Sum: 0, Workers: 6
[10.553s][debug  ][gc,phases      ] GC(39)   StringTable Weak               Min:  0.0, Avg:  0.0, Max:  0.0, Diff:  0.0, Sum:  0.0, Workers: 6
[10.553s][debug  ][gc,phases      ] GC(39)     Dead                           Min: 0, Avg:  0.0, Max: 0, Diff: 0, Sum: 0, Workers: 6
[10.553s][debug  ][gc,phases      ] GC(39)     Total                          Min: 576, Avg: 892.5, Max: 1260, Diff: 684, Sum: 5355, Workers: 6
[10.553s][debug  ][gc,phases      ] GC(39)   ResolvedMethodTable Weak       Min:  0.0, Avg:  0.0, Max:  0.0, Diff:  0.0, Sum:  0.0, Workers: 6
[10.553s][debug  ][gc,phases      ] GC(39)     Dead                           Min: 0, Avg:  0.0, Max: 0, Diff: 0, Sum: 0, Workers: 6
[10.553s][debug  ][gc,phases      ] GC(39)     Total                          Min: 0, Avg: 21.5, Max: 64, Diff: 64, Sum: 129, Workers: 6
[10.553s][debug  ][gc,phases      ] GC(39)   JNI Weak                       Min:  0.0, Avg:  0.0, Max:  0.0, Diff:  0.0, Sum:  0.0, Workers: 6
[10.553s][debug  ][gc,phases      ] GC(39)     Dead                           Min: 0, Avg:  0.0, Max: 0, Diff: 0, Sum: 0, Workers: 6
[10.553s][debug  ][gc,phases      ] GC(39)     Total                          Min: 0, Avg:  0.0, Max: 0, Diff: 0, Sum: 0, Workers: 6
[10.553s][debug  ][gc,phases      ] GC(39)   StringDedup Table Weak         Min:  0.0, Avg:  0.0, Max:  0.0, Diff:  0.0, Sum:  0.0, Workers: 6
[10.553s][debug  ][gc,phases      ] GC(39)     Dead                           Min: 0, Avg:  0.0, Max: 0, Diff: 0, Sum: 0, Workers: 6
[10.553s][debug  ][gc,phases      ] GC(39)     Total                          Min: 0, Avg:  0.0, Max: 0, Diff: 0, Sum: 0, Workers: 6
[10.553s][debug  ][gc,phases      ] GC(39)   StringDedup Requests0 Weak     Min:  0.0, Avg:  0.0, Max:  0.0, Diff:  0.0, Sum:  0.0, Workers: 6
[10.553s][debug  ][gc,phases      ] GC(39)     Dead                           Min: 0, Avg:  0.0, Max: 0, Diff: 0, Sum: 0, Workers: 6
[10.553s][debug  ][gc,phases      ] GC(39)     Total                          Min: 0, Avg:  0.0, Max: 0, Diff: 0, Sum: 0, Workers: 6
[10.553s][debug  ][gc,phases      ] GC(39)   StringDedup Requests1 Weak     Min:  0.0, Avg:  0.0, Max:  0.0, Diff:  0.0, Sum:  0.0, Workers: 6
[10.553s][debug  ][gc,phases      ] GC(39)     Dead                           Min: 0, Avg:  0.0, Max: 0, Diff: 0, Sum: 0, Workers: 6
[10.553s][debug  ][gc,phases      ] GC(39)     Total                          Min: 0, Avg:  0.0, Max: 0, Diff: 0, Sum: 0, Workers: 6
[10.553s][debug  ][gc,phases      ] GC(39)   Weak JFR Old Object Samples    Min:  0.0, Avg:  0.0, Max:  0.0, Diff:  0.0, Sum:  0.0, Workers: 6
[10.553s][debug  ][gc,phases      ] GC(39)     Dead                           Min: 0, Avg:  0.0, Max: 0, Diff: 0, Sum: 0, Workers: 6
[10.553s][debug  ][gc,phases      ] GC(39)     Total                          Min: 0, Avg:  0.0, Max: 0, Diff: 0, Sum: 0, Workers: 6
[10.553s][debug  ][gc,phases      ] GC(39) Weak Processing 0.800ms
[10.553s][debug  ][gc,ergo        ] GC(39) AdaptiveSizeStart:  collection: 40 
[10.553s][debug  ][gc,ergo        ] GC(39) avg_survived_padded_avg: 32238776.000000
[10.553s][debug  ][gc,ergo        ] GC(39) avg_promoted_padded_avg: 246206224.000000  avg_pretenured_padded_avg: 0.000000  tenuring_thresh: 1  target_size: 32505856
[10.553s][debug  ][gc,age         ] GC(39) Desired survivor size 32505856 bytes, new threshold 1 (max threshold 15)
[10.553s][debug  ][gc,ergo        ] GC(39) PSAdaptiveSizePolicy::compute_eden_space_size limits: desired_eden_size: 235982369 old_eden_size: 203423744 eden_limit: 203423744 cur_eden: 203423744 max_eden_size: 203423744 avg_young_live: 25087736
[10.553s][debug  ][gc,ergo        ] GC(39) PSAdaptiveSizePolicy::compute_eden_space_size: costs minor_time: 0.052714 major_cost: 0.029624 mutator_cost: 0.917661 throughput_goal: 0.990000
[10.553s][debug  ][gc,ergo        ] GC(39) Live_space: 859294208 free_space: 951582720
[10.553s][debug  ][gc,ergo        ] GC(39) Old eden_size: 203423744 desired_eden_size: 203423744
[10.553s][debug  ][gc,ergo        ] GC(39) AdaptiveSizeStop: collection: 40 
[10.553s][info   ][gc,heap        ] GC(39) PSYoungGen: 198438K(230400K)->30720K(230400K) Eden: 198438K(198656K)->0K(198656K) From: 0K(31744K)->30720K(31744K)
[10.553s][info   ][gc,heap        ] GC(39) ParOldGen: 790116K(1769472K)->953956K(1769472K)
[10.553s][info   ][gc,metaspace   ] GC(39) Metaspace: 1021K(1216K)->1021K(1216K) NonClass: 937K(1024K)->937K(1024K) Class: 83K(192K)->83K(192K)
[10.553s][info   ][gc             ] GC(39) Pause Young (Allocation Failure) 965M->961M(1953M) 15.362ms
[10.554s][info   ][gc,cpu         ] GC(39) User=0.12s Sys=0.00s Real=0.02s
[10.554s][debug  ][gc,heap        ] GC(39) Heap after GC invocations=40 (full 7):
[10.554s][debug  ][gc,heap        ] GC(39)  PSYoungGen      total 230400K, used 30720K [0x00000000f0000000, 0x0000000100000000, 0x0000000100000000)
[10.554s][debug  ][gc,heap        ] GC(39)   eden space 198656K, 0% used [0x00000000f0000000,0x00000000f0000000,0x00000000fc200000)
[10.554s][debug  ][gc,heap        ] GC(39)   from space 31744K, 96% used [0x00000000fe100000,0x00000000fff00030,0x0000000100000000)
[10.554s][debug  ][gc,heap        ] GC(39)   to   space 31744K, 0% used [0x00000000fc200000,0x00000000fc200000,0x00000000fe100000)
[10.554s][debug  ][gc,heap        ] GC(39)  ParOldGen       total 1769472K, used 953956K [0x0000000080000000, 0x00000000ec000000, 0x00000000f0000000)
[10.554s][debug  ][gc,heap        ] GC(39)   object space 1769472K, 53% used [0x0000000080000000,0x00000000ba3991d8,0x00000000ec000000)
[10.554s][debug  ][gc,heap        ] GC(39)  Metaspace       used 1021K, committed 1216K, reserved 1056768K
[10.554s][debug  ][gc,heap        ] GC(39)   class space    used 83K, committed 192K, reserved 1048576K
[10.554s][debug  ][gc,task,time   ] GC(39) VM-Thread 105376937 105515582 105537884
[10.856s][debug  ][gc,heap        ] GC(40) Heap before GC invocations=41 (full 7):
[10.856s][debug  ][gc,heap        ] GC(40)  PSYoungGen      total 230400K, used 229092K [0x00000000f0000000, 0x0000000100000000, 0x0000000100000000)
[10.856s][debug  ][gc,heap        ] GC(40)   eden space 198656K, 99% used [0x00000000f0000000,0x00000000fc1b9298,0x00000000fc200000)
[10.856s][debug  ][gc,heap        ] GC(40)   from space 31744K, 96% used [0x00000000fe100000,0x00000000fff00030,0x0000000100000000)
[10.856s][debug  ][gc,heap        ] GC(40)   to   space 31744K, 0% used [0x00000000fc200000,0x00000000fc200000,0x00000000fe100000)
[10.856s][debug  ][gc,heap        ] GC(40)  ParOldGen       total 1769472K, used 953956K [0x0000000080000000, 0x00000000ec000000, 0x00000000f0000000)
[10.856s][debug  ][gc,heap        ] GC(40)   object space 1769472K, 53% used [0x0000000080000000,0x00000000ba3991d8,0x00000000ec000000)
[10.856s][debug  ][gc,heap        ] GC(40)  Metaspace       used 1021K, committed 1216K, reserved 1056768K
[10.856s][debug  ][gc,heap        ] GC(40)   class space    used 83K, committed 192K, reserved 1048576K
[10.856s][debug  ][gc,tlab        ] GC(40) TLAB totals: thrds: 1  refills: 1 max: 1 slow allocs: 18 max 18 waste: 27.1% gc: 3902680B max: 3902680B slow: 0B max: 0B
[10.856s][info   ][gc,start       ] GC(40) Pause Young (Allocation Failure)
[10.856s][debug  ][gc,phases,start] GC(40) Scavenge
[10.866s][debug  ][gc,phases      ] GC(40) Scavenge 10.303ms
[10.866s][debug  ][gc,phases,start] GC(40) Reference Processing
[10.867s][debug  ][gc,ref         ] GC(40) Skipped phase 1 of Reference Processing: no references
[10.867s][debug  ][gc,ref         ] GC(40) Skipped phase 2 of Reference Processing: no references
[10.867s][debug  ][gc,ref         ] GC(40) Skipped phase 3 of Reference Processing: no references
[10.867s][debug  ][gc,ref         ] GC(40) Skipped phase 4 of Reference Processing: no references
[10.867s][debug  ][gc,phases,ref  ] GC(40) Reference Processing: 0.1ms
[10.867s][debug  ][gc,phases,ref  ] GC(40)   Reconsider SoftReferences: 0.0ms
[10.867s][debug  ][gc,phases,ref  ] GC(40)     SoftRef (ms):                  skipped
[10.867s][debug  ][gc,phases,ref  ] GC(40)   Notify Soft/WeakReferences: 0.0ms
[10.867s][debug  ][gc,phases,ref  ] GC(40)     SoftRef (ms):                  skipped
[10.867s][debug  ][gc,phases,ref  ] GC(40)     WeakRef (ms):                  skipped
[10.867s][debug  ][gc,phases,ref  ] GC(40)     FinalRef (ms):                 skipped
[10.867s][debug  ][gc,phases,ref  ] GC(40)     Total (ms):                    skipped
[10.867s][debug  ][gc,phases,ref  ] GC(40)   Notify and keep alive finalizable: 0.0ms
[10.867s][debug  ][gc,phases,ref  ] GC(40)     FinalRef (ms):                 skipped
[10.867s][debug  ][gc,phases,ref  ] GC(40)   Notify PhantomReferences: 0.0ms
[10.867s][debug  ][gc,phases,ref  ] GC(40)     PhantomRef (ms):               skipped
[10.867s][debug  ][gc,phases,ref  ] GC(40)   SoftReference:
[10.867s][debug  ][gc,phases,ref  ] GC(40)     Discovered: 0
[10.867s][debug  ][gc,phases,ref  ] GC(40)     Cleared: 0
[10.867s][debug  ][gc,phases,ref  ] GC(40)   WeakReference:
[10.867s][debug  ][gc,phases,ref  ] GC(40)     Discovered: 0
[10.867s][debug  ][gc,phases,ref  ] GC(40)     Cleared: 0
[10.867s][debug  ][gc,phases,ref  ] GC(40)   FinalReference:
[10.867s][debug  ][gc,phases,ref  ] GC(40)     Discovered: 0
[10.867s][debug  ][gc,phases,ref  ] GC(40)     Cleared: 0
[10.867s][debug  ][gc,phases,ref  ] GC(40)   PhantomReference:
[10.867s][debug  ][gc,phases,ref  ] GC(40)     Discovered: 0
[10.867s][debug  ][gc,phases,ref  ] GC(40)     Cleared: 0
[10.867s][debug  ][gc,phases      ] GC(40) Reference Processing 0.762ms
[10.867s][debug  ][gc,phases,start] GC(40) Weak Processing
[10.867s][debug  ][gc,phases      ] GC(40)   VM Weak                        Min:  0.0, Avg:  0.0, Max:  0.0, Diff:  0.0, Sum:  0.0, Workers: 6
[10.867s][debug  ][gc,phases      ] GC(40)     Dead                           Min: 0, Avg:  0.0, Max: 0, Diff: 0, Sum: 0, Workers: 6
[10.867s][debug  ][gc,phases      ] GC(40)     Total                          Min: 0, Avg:  1.3, Max: 8, Diff: 8, Sum: 8, Workers: 6
[10.867s][debug  ][gc,phases      ] GC(40)   ObjectSynchronizer Weak        Min:  0.0, Avg:  0.0, Max:  0.0, Diff:  0.0, Sum:  0.0, Workers: 6
[10.868s][debug  ][gc,phases      ] GC(40)     Dead                           Min: 0, Avg:  0.0, Max: 0, Diff: 0, Sum: 0, Workers: 6
[10.868s][debug  ][gc,phases      ] GC(40)     Total                          Min: 0, Avg:  0.5, Max: 3, Diff: 3, Sum: 3, Workers: 6
[10.868s][debug  ][gc,phases      ] GC(40)   JVMTI Tag Weak OopStorage      Min:  0.0, Avg:  0.0, Max:  0.0, Diff:  0.0, Sum:  0.0, Workers: 6
[10.868s][debug  ][gc,phases      ] GC(40)     Dead                           Min: 0, Avg:  0.0, Max: 0, Diff: 0, Sum: 0, Workers: 6
[10.868s][debug  ][gc,phases      ] GC(40)     Total                          Min: 0, Avg:  0.0, Max: 0, Diff: 0, Sum: 0, Workers: 6
[10.868s][debug  ][gc,phases      ] GC(40)   StringTable Weak               Min:  0.0, Avg:  0.0, Max:  0.0, Diff:  0.0, Sum:  0.0, Workers: 6
[10.868s][debug  ][gc,phases      ] GC(40)     Dead                           Min: 0, Avg:  0.0, Max: 0, Diff: 0, Sum: 0, Workers: 6
[10.868s][debug  ][gc,phases      ] GC(40)     Total                          Min: 576, Avg: 892.5, Max: 1088, Diff: 512, Sum: 5355, Workers: 6
[10.868s][debug  ][gc,phases      ] GC(40)   ResolvedMethodTable Weak       Min:  0.0, Avg:  0.0, Max:  0.0, Diff:  0.0, Sum:  0.0, Workers: 6
[10.868s][debug  ][gc,phases      ] GC(40)     Dead                           Min: 0, Avg:  0.0, Max: 0, Diff: 0, Sum: 0, Workers: 6
[10.868s][debug  ][gc,phases      ] GC(40)     Total                          Min: 0, Avg: 21.5, Max: 64, Diff: 64, Sum: 129, Workers: 6
[10.868s][debug  ][gc,phases      ] GC(40)   JNI Weak                       Min:  0.0, Avg:  0.0, Max:  0.0, Diff:  0.0, Sum:  0.0, Workers: 6
[10.868s][debug  ][gc,phases      ] GC(40)     Dead                           Min: 0, Avg:  0.0, Max: 0, Diff: 0, Sum: 0, Workers: 6
[10.868s][debug  ][gc,phases      ] GC(40)     Total                          Min: 0, Avg:  0.0, Max: 0, Diff: 0, Sum: 0, Workers: 6
[10.868s][debug  ][gc,phases      ] GC(40)   StringDedup Table Weak         Min:  0.0, Avg:  0.0, Max:  0.0, Diff:  0.0, Sum:  0.0, Workers: 6
[10.868s][debug  ][gc,phases      ] GC(40)     Dead                           Min: 0, Avg:  0.0, Max: 0, Diff: 0, Sum: 0, Workers: 6
[10.868s][debug  ][gc,phases      ] GC(40)     Total                          Min: 0, Avg:  0.0, Max: 0, Diff: 0, Sum: 0, Workers: 6
[10.868s][debug  ][gc,phases      ] GC(40)   StringDedup Requests0 Weak     Min:  0.0, Avg:  0.0, Max:  0.0, Diff:  0.0, Sum:  0.0, Workers: 6
[10.868s][debug  ][gc,phases      ] GC(40)     Dead                           Min: 0, Avg:  0.0, Max: 0, Diff: 0, Sum: 0, Workers: 6
[10.868s][debug  ][gc,phases      ] GC(40)     Total                          Min: 0, Avg:  0.0, Max: 0, Diff: 0, Sum: 0, Workers: 6
[10.868s][debug  ][gc,phases      ] GC(40)   StringDedup Requests1 Weak     Min:  0.0, Avg:  0.0, Max:  0.0, Diff:  0.0, Sum:  0.0, Workers: 6
[10.868s][debug  ][gc,phases      ] GC(40)     Dead                           Min: 0, Avg:  0.0, Max: 0, Diff: 0, Sum: 0, Workers: 6
[10.868s][debug  ][gc,phases      ] GC(40)     Total                          Min: 0, Avg:  0.0, Max: 0, Diff: 0, Sum: 0, Workers: 6
[10.868s][debug  ][gc,phases      ] GC(40)   Weak JFR Old Object Samples    Min:  0.0, Avg:  0.0, Max:  0.0, Diff:  0.0, Sum:  0.0, Workers: 6
[10.868s][debug  ][gc,phases      ] GC(40)     Dead                           Min: 0, Avg:  0.0, Max: 0, Diff: 0, Sum: 0, Workers: 6
[10.868s][debug  ][gc,phases      ] GC(40)     Total                          Min: 0, Avg:  0.0, Max: 0, Diff: 0, Sum: 0, Workers: 6
[10.868s][debug  ][gc,phases      ] GC(40) Weak Processing 0.947ms
[10.868s][debug  ][gc,ergo        ] GC(40) AdaptiveSizeStart:  collection: 41 
[10.868s][debug  ][gc,ergo        ] GC(40) avg_survived_padded_avg: 32183450.000000
[10.868s][debug  ][gc,ergo        ] GC(40) avg_promoted_padded_avg: 244936576.000000  avg_pretenured_padded_avg: 0.000000  tenuring_thresh: 1  target_size: 32505856
[10.868s][debug  ][gc,age         ] GC(40) Desired survivor size 32505856 bytes, new threshold 1 (max threshold 15)
[10.868s][debug  ][gc,ergo        ] GC(40) PSAdaptiveSizePolicy::compute_eden_space_size limits: desired_eden_size: 235159509 old_eden_size: 203423744 eden_limit: 203423744 cur_eden: 203423744 max_eden_size: 203423744 avg_young_live: 25724694
[10.868s][debug  ][gc,ergo        ] GC(40) PSAdaptiveSizePolicy::compute_eden_space_size: costs minor_time: 0.049171 major_cost: 0.029624 mutator_cost: 0.921205 throughput_goal: 0.990000
[10.868s][debug  ][gc,ergo        ] GC(40) Live_space: 859931136 free_space: 951582720
[10.868s][debug  ][gc,ergo        ] GC(40) Old eden_size: 203423744 desired_eden_size: 203423744
[10.868s][debug  ][gc,ergo        ] GC(40) AdaptiveSizeStop: collection: 41 
[10.868s][info   ][gc,heap        ] GC(40) PSYoungGen: 229092K(230400K)->30720K(230400K) Eden: 198372K(198656K)->0K(198656K) From: 30720K(31744K)->30720K(31744K)
[10.868s][info   ][gc,heap        ] GC(40) ParOldGen: 953956K(1769472K)->1076836K(1769472K)
[10.869s][info   ][gc,metaspace   ] GC(40) Metaspace: 1021K(1216K)->1021K(1216K) NonClass: 937K(1024K)->937K(1024K) Class: 83K(192K)->83K(192K)
[10.869s][info   ][gc             ] GC(40) Pause Young (Allocation Failure) 1155M->1081M(1953M) 12.494ms
[10.869s][info   ][gc,cpu         ] GC(40) User=0.00s Sys=0.02s Real=0.01s
[10.869s][debug  ][gc,heap        ] GC(40) Heap after GC invocations=41 (full 7):
[10.869s][debug  ][gc,heap        ] GC(40)  PSYoungGen      total 230400K, used 30720K [0x00000000f0000000, 0x0000000100000000, 0x0000000100000000)
[10.869s][debug  ][gc,heap        ] GC(40)   eden space 198656K, 0% used [0x00000000f0000000,0x00000000f0000000,0x00000000fc200000)
[10.869s][debug  ][gc,heap        ] GC(40)   from space 31744K, 96% used [0x00000000fc200000,0x00000000fe000030,0x00000000fe100000)
[10.869s][debug  ][gc,heap        ] GC(40)   to   space 31744K, 0% used [0x00000000fe100000,0x00000000fe100000,0x0000000100000000)
[10.869s][debug  ][gc,heap        ] GC(40)  ParOldGen       total 1769472K, used 1076836K [0x0000000080000000, 0x00000000ec000000, 0x00000000f0000000)
[10.869s][debug  ][gc,heap        ] GC(40)   object space 1769472K, 60% used [0x0000000080000000,0x00000000c1b99298,0x00000000ec000000)
[10.869s][debug  ][gc,heap        ] GC(40)  Metaspace       used 1021K, committed 1216K, reserved 1056768K
[10.869s][debug  ][gc,heap        ] GC(40)   class space    used 83K, committed 192K, reserved 1048576K
[10.869s][debug  ][gc,task,time   ] GC(40) VM-Thread 108555415 108664847 108688232
[11.175s][debug  ][gc,heap        ] GC(41) Heap before GC invocations=42 (full 7):
[11.176s][debug  ][gc,heap        ] GC(41)  PSYoungGen      total 230400K, used 229122K [0x00000000f0000000, 0x0000000100000000, 0x0000000100000000)
[11.176s][debug  ][gc,heap        ] GC(41)   eden space 198656K, 99% used [0x00000000f0000000,0x00000000fc1c08c0,0x00000000fc200000)
[11.176s][debug  ][gc,heap        ] GC(41)   from space 31744K, 96% used [0x00000000fc200000,0x00000000fe000030,0x00000000fe100000)
[11.176s][debug  ][gc,heap        ] GC(41)   to   space 31744K, 0% used [0x00000000fe100000,0x00000000fe100000,0x0000000100000000)
[11.176s][debug  ][gc,heap        ] GC(41)  ParOldGen       total 1769472K, used 1076836K [0x0000000080000000, 0x00000000ec000000, 0x00000000f0000000)
[11.176s][debug  ][gc,heap        ] GC(41)   object space 1769472K, 60% used [0x0000000080000000,0x00000000c1b99298,0x00000000ec000000)
[11.176s][debug  ][gc,heap        ] GC(41)  Metaspace       used 1021K, committed 1216K, reserved 1056768K
[11.176s][debug  ][gc,heap        ] GC(41)   class space    used 83K, committed 192K, reserved 1048576K
[11.176s][debug  ][gc,tlab        ] GC(41) TLAB totals: thrds: 1  refills: 1 max: 1 slow allocs: 18 max 18 waste: 27.3% gc: 3934096B max: 3934096B slow: 0B max: 0B
[11.176s][info   ][gc,start       ] GC(41) Pause Young (Allocation Failure)
[11.176s][debug  ][gc,phases,start] GC(41) Scavenge
[11.191s][debug  ][gc,phases      ] GC(41) Scavenge 14.984ms
[11.191s][debug  ][gc,phases,start] GC(41) Reference Processing
[11.191s][debug  ][gc,ref         ] GC(41) Skipped phase 1 of Reference Processing: no references
[11.191s][debug  ][gc,ref         ] GC(41) Skipped phase 2 of Reference Processing: no references
[11.191s][debug  ][gc,ref         ] GC(41) Skipped phase 3 of Reference Processing: no references
[11.191s][debug  ][gc,ref         ] GC(41) Skipped phase 4 of Reference Processing: no references
[11.191s][debug  ][gc,phases,ref  ] GC(41) Reference Processing: 0.1ms
[11.191s][debug  ][gc,phases,ref  ] GC(41)   Reconsider SoftReferences: 0.0ms
[11.191s][debug  ][gc,phases,ref  ] GC(41)     SoftRef (ms):                  skipped
[11.191s][debug  ][gc,phases,ref  ] GC(41)   Notify Soft/WeakReferences: 0.0ms
[11.191s][debug  ][gc,phases,ref  ] GC(41)     SoftRef (ms):                  skipped
[11.191s][debug  ][gc,phases,ref  ] GC(41)     WeakRef (ms):                  skipped
[11.191s][debug  ][gc,phases,ref  ] GC(41)     FinalRef (ms):                 skipped
[11.191s][debug  ][gc,phases,ref  ] GC(41)     Total (ms):                    skipped
[11.191s][debug  ][gc,phases,ref  ] GC(41)   Notify and keep alive finalizable: 0.0ms
[11.191s][debug  ][gc,phases,ref  ] GC(41)     FinalRef (ms):                 skipped
[11.191s][debug  ][gc,phases,ref  ] GC(41)   Notify PhantomReferences: 0.0ms
[11.191s][debug  ][gc,phases,ref  ] GC(41)     PhantomRef (ms):               skipped
[11.191s][debug  ][gc,phases,ref  ] GC(41)   SoftReference:
[11.191s][debug  ][gc,phases,ref  ] GC(41)     Discovered: 0
[11.191s][debug  ][gc,phases,ref  ] GC(41)     Cleared: 0
[11.191s][debug  ][gc,phases,ref  ] GC(41)   WeakReference:
[11.191s][debug  ][gc,phases,ref  ] GC(41)     Discovered: 0
[11.191s][debug  ][gc,phases,ref  ] GC(41)     Cleared: 0
[11.191s][debug  ][gc,phases,ref  ] GC(41)   FinalReference:
[11.191s][debug  ][gc,phases,ref  ] GC(41)     Discovered: 0
[11.191s][debug  ][gc,phases,ref  ] GC(41)     Cleared: 0
[11.192s][debug  ][gc,phases,ref  ] GC(41)   PhantomReference:
[11.192s][debug  ][gc,phases,ref  ] GC(41)     Discovered: 0
[11.192s][debug  ][gc,phases,ref  ] GC(41)     Cleared: 0
[11.192s][debug  ][gc,phases      ] GC(41) Reference Processing 0.692ms
[11.192s][debug  ][gc,phases,start] GC(41) Weak Processing
[11.192s][debug  ][gc,phases      ] GC(41)   VM Weak                        Min:  0.0, Avg:  0.0, Max:  0.0, Diff:  0.0, Sum:  0.0, Workers: 6
[11.192s][debug  ][gc,phases      ] GC(41)     Dead                           Min: 0, Avg:  0.0, Max: 0, Diff: 0, Sum: 0, Workers: 6
[11.192s][debug  ][gc,phases      ] GC(41)     Total                          Min: 0, Avg:  1.3, Max: 8, Diff: 8, Sum: 8, Workers: 6
[11.192s][debug  ][gc,phases      ] GC(41)   ObjectSynchronizer Weak        Min:  0.0, Avg:  0.0, Max:  0.0, Diff:  0.0, Sum:  0.0, Workers: 6
[11.192s][debug  ][gc,phases      ] GC(41)     Dead                           Min: 0, Avg:  0.0, Max: 0, Diff: 0, Sum: 0, Workers: 6
[11.192s][debug  ][gc,phases      ] GC(41)     Total                          Min: 0, Avg:  0.5, Max: 3, Diff: 3, Sum: 3, Workers: 6
[11.192s][debug  ][gc,phases      ] GC(41)   JVMTI Tag Weak OopStorage      Min:  0.0, Avg:  0.0, Max:  0.0, Diff:  0.0, Sum:  0.0, Workers: 6
[11.192s][debug  ][gc,phases      ] GC(41)     Dead                           Min: 0, Avg:  0.0, Max: 0, Diff: 0, Sum: 0, Workers: 6
[11.192s][debug  ][gc,phases      ] GC(41)     Total                          Min: 0, Avg:  0.0, Max: 0, Diff: 0, Sum: 0, Workers: 6
[11.192s][debug  ][gc,phases      ] GC(41)   StringTable Weak               Min:  0.0, Avg:  0.0, Max:  0.0, Diff:  0.0, Sum:  0.0, Workers: 6
[11.192s][debug  ][gc,phases      ] GC(41)     Dead                           Min: 0, Avg:  0.0, Max: 0, Diff: 0, Sum: 0, Workers: 6
[11.192s][debug  ][gc,phases      ] GC(41)     Total                          Min: 703, Avg: 892.5, Max: 1132, Diff: 429, Sum: 5355, Workers: 6
[11.192s][debug  ][gc,phases      ] GC(41)   ResolvedMethodTable Weak       Min:  0.0, Avg:  0.0, Max:  0.0, Diff:  0.0, Sum:  0.0, Workers: 6
[11.192s][debug  ][gc,phases      ] GC(41)     Dead                           Min: 0, Avg:  0.0, Max: 0, Diff: 0, Sum: 0, Workers: 6
[11.192s][debug  ][gc,phases      ] GC(41)     Total                          Min: 0, Avg: 21.5, Max: 64, Diff: 64, Sum: 129, Workers: 6
[11.192s][debug  ][gc,phases      ] GC(41)   JNI Weak                       Min:  0.0, Avg:  0.0, Max:  0.0, Diff:  0.0, Sum:  0.0, Workers: 6
[11.192s][debug  ][gc,phases      ] GC(41)     Dead                           Min: 0, Avg:  0.0, Max: 0, Diff: 0, Sum: 0, Workers: 6
[11.192s][debug  ][gc,phases      ] GC(41)     Total                          Min: 0, Avg:  0.0, Max: 0, Diff: 0, Sum: 0, Workers: 6
[11.192s][debug  ][gc,phases      ] GC(41)   StringDedup Table Weak         Min:  0.0, Avg:  0.0, Max:  0.0, Diff:  0.0, Sum:  0.0, Workers: 6
[11.192s][debug  ][gc,phases      ] GC(41)     Dead                           Min: 0, Avg:  0.0, Max: 0, Diff: 0, Sum: 0, Workers: 6
[11.192s][debug  ][gc,phases      ] GC(41)     Total                          Min: 0, Avg:  0.0, Max: 0, Diff: 0, Sum: 0, Workers: 6
[11.192s][debug  ][gc,phases      ] GC(41)   StringDedup Requests0 Weak     Min:  0.0, Avg:  0.0, Max:  0.0, Diff:  0.0, Sum:  0.0, Workers: 6
[11.192s][debug  ][gc,phases      ] GC(41)     Dead                           Min: 0, Avg:  0.0, Max: 0, Diff: 0, Sum: 0, Workers: 6
[11.192s][debug  ][gc,phases      ] GC(41)     Total                          Min: 0, Avg:  0.0, Max: 0, Diff: 0, Sum: 0, Workers: 6
[11.192s][debug  ][gc,phases      ] GC(41)   StringDedup Requests1 Weak     Min:  0.0, Avg:  0.0, Max:  0.0, Diff:  0.0, Sum:  0.0, Workers: 6
[11.192s][debug  ][gc,phases      ] GC(41)     Dead                           Min: 0, Avg:  0.0, Max: 0, Diff: 0, Sum: 0, Workers: 6
[11.192s][debug  ][gc,phases      ] GC(41)     Total                          Min: 0, Avg:  0.0, Max: 0, Diff: 0, Sum: 0, Workers: 6
[11.192s][debug  ][gc,phases      ] GC(41)   Weak JFR Old Object Samples    Min:  0.0, Avg:  0.0, Max:  0.0, Diff:  0.0, Sum:  0.0, Workers: 6
[11.192s][debug  ][gc,phases      ] GC(41)     Dead                           Min: 0, Avg:  0.0, Max: 0, Diff: 0, Sum: 0, Workers: 6
[11.192s][debug  ][gc,phases      ] GC(41)     Total                          Min: 0, Avg:  0.0, Max: 0, Diff: 0, Sum: 0, Workers: 6
[11.192s][debug  ][gc,phases      ] GC(41) Weak Processing 0.659ms
[11.192s][debug  ][gc,ergo        ] GC(41) AdaptiveSizeStart:  collection: 42 
[11.192s][debug  ][gc,ergo        ] GC(41) avg_survived_padded_avg: 32131376.000000
[11.192s][debug  ][gc,ergo        ] GC(41) avg_promoted_padded_avg: 250492768.000000  avg_pretenured_padded_avg: 0.000000  tenuring_thresh: 1  target_size: 32505856
[11.192s][debug  ][gc,age         ] GC(41) Desired survivor size 32505856 bytes, new threshold 1 (max threshold 15)
[11.192s][debug  ][gc,ergo        ] GC(41) PSAdaptiveSizePolicy::compute_eden_space_size limits: desired_eden_size: 235255777 old_eden_size: 203423744 eden_limit: 203423744 cur_eden: 203423744 max_eden_size: 203423744 avg_young_live: 26297958
[11.192s][debug  ][gc,ergo        ] GC(41) PSAdaptiveSizePolicy::compute_eden_space_size: costs minor_time: 0.049569 major_cost: 0.029624 mutator_cost: 0.920806 throughput_goal: 0.990000
[11.192s][debug  ][gc,ergo        ] GC(41) Live_space: 860504448 free_space: 951582720
[11.192s][debug  ][gc,ergo        ] GC(41) Old eden_size: 203423744 desired_eden_size: 203423744
[11.192s][debug  ][gc,ergo        ] GC(41) AdaptiveSizeStop: collection: 42 
[11.192s][info   ][gc,heap        ] GC(41) PSYoungGen: 229122K(230400K)->30720K(230400K) Eden: 198402K(198656K)->0K(198656K) From: 30720K(31744K)->30720K(31744K)
[11.192s][info   ][gc,heap        ] GC(41) ParOldGen: 1076836K(1769472K)->1271396K(1769472K)
[11.193s][info   ][gc,metaspace   ] GC(41) Metaspace: 1021K(1216K)->1021K(1216K) NonClass: 937K(1024K)->937K(1024K) Class: 83K(192K)->83K(192K)
[11.193s][info   ][gc             ] GC(41) Pause Young (Allocation Failure) 1275M->1271M(1953M) 16.753ms
[11.193s][info   ][gc,cpu         ] GC(41) User=0.11s Sys=0.00s Real=0.02s
[11.193s][debug  ][gc,heap        ] GC(41) Heap after GC invocations=42 (full 7):
[11.193s][debug  ][gc,heap        ] GC(41)  PSYoungGen      total 230400K, used 30720K [0x00000000f0000000, 0x0000000100000000, 0x0000000100000000)
[11.193s][debug  ][gc,heap        ] GC(41)   eden space 198656K, 0% used [0x00000000f0000000,0x00000000f0000000,0x00000000fc200000)
[11.193s][debug  ][gc,heap        ] GC(41)   from space 31744K, 96% used [0x00000000fe100000,0x00000000fff00030,0x0000000100000000)
[11.193s][debug  ][gc,heap        ] GC(41)   to   space 31744K, 0% used [0x00000000fc200000,0x00000000fc200000,0x00000000fe100000)
[11.193s][debug  ][gc,heap        ] GC(41)  ParOldGen       total 1769472K, used 1271396K [0x0000000080000000, 0x00000000ec000000, 0x00000000f0000000)
[11.193s][debug  ][gc,heap        ] GC(41)   object space 1769472K, 71% used [0x0000000080000000,0x00000000cd9993c8,0x00000000ec000000)
[11.193s][debug  ][gc,heap        ] GC(41)  Metaspace       used 1021K, committed 1216K, reserved 1056768K
[11.193s][debug  ][gc,heap        ] GC(41)   class space    used 83K, committed 192K, reserved 1048576K
[11.193s][debug  ][gc,task,time   ] GC(41) VM-Thread 111754602 111908827 111927788
[11.495s][debug  ][gc,heap        ] GC(42) Heap before GC invocations=43 (full 7):
[11.495s][debug  ][gc,heap        ] GC(42)  PSYoungGen      total 230400K, used 229141K [0x00000000f0000000, 0x0000000100000000, 0x0000000100000000)
[11.495s][debug  ][gc,heap        ] GC(42)   eden space 198656K, 99% used [0x00000000f0000000,0x00000000fc1c54c8,0x00000000fc200000)
[11.495s][debug  ][gc,heap        ] GC(42)   from space 31744K, 96% used [0x00000000fe100000,0x00000000fff00030,0x0000000100000000)
[11.495s][debug  ][gc,heap        ] GC(42)   to   space 31744K, 0% used [0x00000000fc200000,0x00000000fc200000,0x00000000fe100000)
[11.495s][debug  ][gc,heap        ] GC(42)  ParOldGen       total 1769472K, used 1271396K [0x0000000080000000, 0x00000000ec000000, 0x00000000f0000000)
[11.495s][debug  ][gc,heap        ] GC(42)   object space 1769472K, 71% used [0x0000000080000000,0x00000000cd9993c8,0x00000000ec000000)
[11.495s][debug  ][gc,heap        ] GC(42)  Metaspace       used 1021K, committed 1216K, reserved 1056768K
[11.495s][debug  ][gc,heap        ] GC(42)   class space    used 83K, committed 192K, reserved 1048576K
[11.495s][debug  ][gc,tlab        ] GC(42) TLAB totals: thrds: 1  refills: 1 max: 1 slow allocs: 18 max 18 waste: 27.4% gc: 3953560B max: 3953560B slow: 0B max: 0B
[11.495s][info   ][gc,start       ] GC(42) Pause Young (Allocation Failure)
[11.495s][debug  ][gc,phases,start] GC(42) Scavenge
[11.511s][debug  ][gc,phases      ] GC(42) Scavenge 15.537ms
[11.511s][debug  ][gc,phases,start] GC(42) Reference Processing
[11.511s][debug  ][gc,ref         ] GC(42) Skipped phase 1 of Reference Processing: no references
[11.511s][debug  ][gc,ref         ] GC(42) Skipped phase 2 of Reference Processing: no references
[11.511s][debug  ][gc,ref         ] GC(42) Skipped phase 3 of Reference Processing: no references
[11.511s][debug  ][gc,ref         ] GC(42) Skipped phase 4 of Reference Processing: no references
[11.511s][debug  ][gc,phases,ref  ] GC(42) Reference Processing: 0.1ms
[11.511s][debug  ][gc,phases,ref  ] GC(42)   Reconsider SoftReferences: 0.0ms
[11.511s][debug  ][gc,phases,ref  ] GC(42)     SoftRef (ms):                  skipped
[11.511s][debug  ][gc,phases,ref  ] GC(42)   Notify Soft/WeakReferences: 0.0ms
[11.511s][debug  ][gc,phases,ref  ] GC(42)     SoftRef (ms):                  skipped
[11.511s][debug  ][gc,phases,ref  ] GC(42)     WeakRef (ms):                  skipped
[11.511s][debug  ][gc,phases,ref  ] GC(42)     FinalRef (ms):                 skipped
[11.511s][debug  ][gc,phases,ref  ] GC(42)     Total (ms):                    skipped
[11.511s][debug  ][gc,phases,ref  ] GC(42)   Notify and keep alive finalizable: 0.0ms
[11.511s][debug  ][gc,phases,ref  ] GC(42)     FinalRef (ms):                 skipped
[11.511s][debug  ][gc,phases,ref  ] GC(42)   Notify PhantomReferences: 0.0ms
[11.511s][debug  ][gc,phases,ref  ] GC(42)     PhantomRef (ms):               skipped
[11.511s][debug  ][gc,phases,ref  ] GC(42)   SoftReference:
[11.511s][debug  ][gc,phases,ref  ] GC(42)     Discovered: 0
[11.511s][debug  ][gc,phases,ref  ] GC(42)     Cleared: 0
[11.511s][debug  ][gc,phases,ref  ] GC(42)   WeakReference:
[11.511s][debug  ][gc,phases,ref  ] GC(42)     Discovered: 0
[11.511s][debug  ][gc,phases,ref  ] GC(42)     Cleared: 0
[11.511s][debug  ][gc,phases,ref  ] GC(42)   FinalReference:
[11.511s][debug  ][gc,phases,ref  ] GC(42)     Discovered: 0
[11.511s][debug  ][gc,phases,ref  ] GC(42)     Cleared: 0
[11.511s][debug  ][gc,phases,ref  ] GC(42)   PhantomReference:
[11.511s][debug  ][gc,phases,ref  ] GC(42)     Discovered: 0
[11.511s][debug  ][gc,phases,ref  ] GC(42)     Cleared: 0
[11.511s][debug  ][gc,phases      ] GC(42) Reference Processing 0.659ms
[11.511s][debug  ][gc,phases,start] GC(42) Weak Processing
[11.511s][debug  ][gc,phases      ] GC(42)   VM Weak                        Min:  0.0, Avg:  0.0, Max:  0.0, Diff:  0.0, Sum:  0.0, Workers: 6
[11.511s][debug  ][gc,phases      ] GC(42)     Dead                           Min: 0, Avg:  0.0, Max: 0, Diff: 0, Sum: 0, Workers: 6
[11.511s][debug  ][gc,phases      ] GC(42)     Total                          Min: 0, Avg:  1.3, Max: 8, Diff: 8, Sum: 8, Workers: 6
[11.512s][debug  ][gc,phases      ] GC(42)   ObjectSynchronizer Weak        Min:  0.0, Avg:  0.0, Max:  0.0, Diff:  0.0, Sum:  0.0, Workers: 6
[11.512s][debug  ][gc,phases      ] GC(42)     Dead                           Min: 0, Avg:  0.0, Max: 0, Diff: 0, Sum: 0, Workers: 6
[11.512s][debug  ][gc,phases      ] GC(42)     Total                          Min: 0, Avg:  0.5, Max: 3, Diff: 3, Sum: 3, Workers: 6
[11.512s][debug  ][gc,phases      ] GC(42)   JVMTI Tag Weak OopStorage      Min:  0.0, Avg:  0.0, Max:  0.0, Diff:  0.0, Sum:  0.0, Workers: 6
[11.512s][debug  ][gc,phases      ] GC(42)     Dead                           Min: 0, Avg:  0.0, Max: 0, Diff: 0, Sum: 0, Workers: 6
[11.512s][debug  ][gc,phases      ] GC(42)     Total                          Min: 0, Avg:  0.0, Max: 0, Diff: 0, Sum: 0, Workers: 6
[11.512s][debug  ][gc,phases      ] GC(42)   StringTable Weak               Min:  0.0, Avg:  0.0, Max:  0.0, Diff:  0.0, Sum:  0.0, Workers: 6
[11.512s][debug  ][gc,phases      ] GC(42)     Dead                           Min: 0, Avg:  0.0, Max: 0, Diff: 0, Sum: 0, Workers: 6
[11.512s][debug  ][gc,phases      ] GC(42)     Total                          Min: 704, Avg: 892.5, Max: 1024, Diff: 320, Sum: 5355, Workers: 6
[11.512s][debug  ][gc,phases      ] GC(42)   ResolvedMethodTable Weak       Min:  0.0, Avg:  0.0, Max:  0.0, Diff:  0.0, Sum:  0.0, Workers: 6
[11.512s][debug  ][gc,phases      ] GC(42)     Dead                           Min: 0, Avg:  0.0, Max: 0, Diff: 0, Sum: 0, Workers: 6
[11.512s][debug  ][gc,phases      ] GC(42)     Total                          Min: 0, Avg: 21.5, Max: 64, Diff: 64, Sum: 129, Workers: 6
[11.512s][debug  ][gc,phases      ] GC(42)   JNI Weak                       Min:  0.0, Avg:  0.0, Max:  0.0, Diff:  0.0, Sum:  0.0, Workers: 6
[11.512s][debug  ][gc,phases      ] GC(42)     Dead                           Min: 0, Avg:  0.0, Max: 0, Diff: 0, Sum: 0, Workers: 6
[11.512s][debug  ][gc,phases      ] GC(42)     Total                          Min: 0, Avg:  0.0, Max: 0, Diff: 0, Sum: 0, Workers: 6
[11.512s][debug  ][gc,phases      ] GC(42)   StringDedup Table Weak         Min:  0.0, Avg:  0.0, Max:  0.0, Diff:  0.0, Sum:  0.0, Workers: 6
[11.512s][debug  ][gc,phases      ] GC(42)     Dead                           Min: 0, Avg:  0.0, Max: 0, Diff: 0, Sum: 0, Workers: 6
[11.512s][debug  ][gc,phases      ] GC(42)     Total                          Min: 0, Avg:  0.0, Max: 0, Diff: 0, Sum: 0, Workers: 6
[11.512s][debug  ][gc,phases      ] GC(42)   StringDedup Requests0 Weak     Min:  0.0, Avg:  0.0, Max:  0.0, Diff:  0.0, Sum:  0.0, Workers: 6
[11.512s][debug  ][gc,phases      ] GC(42)     Dead                           Min: 0, Avg:  0.0, Max: 0, Diff: 0, Sum: 0, Workers: 6
[11.512s][debug  ][gc,phases      ] GC(42)     Total                          Min: 0, Avg:  0.0, Max: 0, Diff: 0, Sum: 0, Workers: 6
[11.512s][debug  ][gc,phases      ] GC(42)   StringDedup Requests1 Weak     Min:  0.0, Avg:  0.0, Max:  0.0, Diff:  0.0, Sum:  0.0, Workers: 6
[11.512s][debug  ][gc,phases      ] GC(42)     Dead                           Min: 0, Avg:  0.0, Max: 0, Diff: 0, Sum: 0, Workers: 6
[11.512s][debug  ][gc,phases      ] GC(42)     Total                          Min: 0, Avg:  0.0, Max: 0, Diff: 0, Sum: 0, Workers: 6
[11.512s][debug  ][gc,phases      ] GC(42)   Weak JFR Old Object Samples    Min:  0.0, Avg:  0.0, Max:  0.0, Diff:  0.0, Sum:  0.0, Workers: 6
[11.512s][debug  ][gc,phases      ] GC(42)     Dead                           Min: 0, Avg:  0.0, Max: 0, Diff: 0, Sum: 0, Workers: 6
[11.512s][debug  ][gc,phases      ] GC(42)     Total                          Min: 0, Avg:  0.0, Max: 0, Diff: 0, Sum: 0, Workers: 6
[11.512s][debug  ][gc,phases      ] GC(42) Weak Processing 0.727ms
[11.512s][debug  ][gc,ergo        ] GC(42) AdaptiveSizeStart:  collection: 43 
[11.512s][debug  ][gc,ergo        ] GC(42) avg_survived_padded_avg: 32082456.000000
[11.512s][debug  ][gc,ergo        ] GC(42) avg_promoted_padded_avg: 254480640.000000  avg_pretenured_padded_avg: 0.000000  tenuring_thresh: 1  target_size: 32505856
[11.512s][debug  ][gc,age         ] GC(42) Desired survivor size 32505856 bytes, new threshold 1 (max threshold 15)
[11.512s][debug  ][gc,ergo        ] GC(42) PSAdaptiveSizePolicy::compute_eden_space_size limits: desired_eden_size: 235476280 old_eden_size: 203423744 eden_limit: 203423744 cur_eden: 203423744 max_eden_size: 203423744 avg_young_live: 26813894
[11.512s][debug  ][gc,ergo        ] GC(42) PSAdaptiveSizePolicy::compute_eden_space_size: costs minor_time: 0.050498 major_cost: 0.029624 mutator_cost: 0.919878 throughput_goal: 0.990000
[11.512s][debug  ][gc,ergo        ] GC(42) Live_space: 861020352 free_space: 951582720
[11.512s][debug  ][gc,ergo        ] GC(42) Old eden_size: 203423744 desired_eden_size: 203423744
[11.512s][debug  ][gc,ergo        ] GC(42) AdaptiveSizeStop: collection: 43 
[11.512s][info   ][gc,heap        ] GC(42) PSYoungGen: 229141K(230400K)->30720K(230400K) Eden: 198421K(198656K)->0K(198656K) From: 30720K(31744K)->30720K(31744K)
[11.512s][info   ][gc,heap        ] GC(42) ParOldGen: 1271396K(1769472K)->1465957K(1769472K)
[11.512s][info   ][gc,metaspace   ] GC(42) Metaspace: 1021K(1216K)->1021K(1216K) NonClass: 937K(1024K)->937K(1024K) Class: 83K(192K)->83K(192K)
[11.512s][info   ][gc             ] GC(42) Pause Young (Allocation Failure) 1465M->1461M(1953M) 17.364ms
[11.512s][info   ][gc,cpu         ] GC(42) User=0.12s Sys=0.00s Real=0.02s
[11.512s][debug  ][gc,heap        ] GC(42) Heap after GC invocations=43 (full 7):
[11.512s][debug  ][gc,heap        ] GC(42)  PSYoungGen      total 230400K, used 30720K [0x00000000f0000000, 0x0000000100000000, 0x0000000100000000)
[11.513s][debug  ][gc,heap        ] GC(42)   eden space 198656K, 0% used [0x00000000f0000000,0x00000000f0000000,0x00000000fc200000)
[11.513s][debug  ][gc,heap        ] GC(42)   from space 31744K, 96% used [0x00000000fc200000,0x00000000fe000030,0x00000000fe100000)
[11.513s][debug  ][gc,heap        ] GC(42)   to   space 31744K, 0% used [0x00000000fe100000,0x00000000fe100000,0x0000000100000000)
[11.513s][debug  ][gc,heap        ] GC(42)  ParOldGen       total 1769472K, used 1465957K [0x0000000080000000, 0x00000000ec000000, 0x00000000f0000000)
[11.513s][debug  ][gc,heap        ] GC(42)   object space 1769472K, 82% used [0x0000000080000000,0x00000000d97994f8,0x00000000ec000000)
[11.513s][debug  ][gc,heap        ] GC(42)  Metaspace       used 1021K, committed 1216K, reserved 1056768K
[11.513s][debug  ][gc,heap        ] GC(42)   class space    used 83K, committed 192K, reserved 1048576K
[11.513s][debug  ][gc,task,time   ] GC(42) VM-Thread 114946024 115106986 115126423
[11.809s][debug  ][gc,heap        ] GC(43) Heap before GC invocations=44 (full 7):
[11.809s][debug  ][gc,heap        ] GC(43)  PSYoungGen      total 230400K, used 229153K [0x00000000f0000000, 0x0000000100000000, 0x0000000100000000)
[11.809s][debug  ][gc,heap        ] GC(43)   eden space 198656K, 99% used [0x00000000f0000000,0x00000000fc1c85a8,0x00000000fc200000)
[11.809s][debug  ][gc,heap        ] GC(43)   from space 31744K, 96% used [0x00000000fc200000,0x00000000fe000030,0x00000000fe100000)
[11.809s][debug  ][gc,heap        ] GC(43)   to   space 31744K, 0% used [0x00000000fe100000,0x00000000fe100000,0x0000000100000000)
[11.809s][debug  ][gc,heap        ] GC(43)  ParOldGen       total 1769472K, used 1465957K [0x0000000080000000, 0x00000000ec000000, 0x00000000f0000000)
[11.809s][debug  ][gc,heap        ] GC(43)   object space 1769472K, 82% used [0x0000000080000000,0x00000000d97994f8,0x00000000ec000000)
[11.809s][debug  ][gc,heap        ] GC(43)  Metaspace       used 1021K, committed 1216K, reserved 1056768K
[11.809s][debug  ][gc,heap        ] GC(43)   class space    used 83K, committed 192K, reserved 1048576K
[11.809s][debug  ][gc,tlab        ] GC(43) TLAB totals: thrds: 1  refills: 1 max: 1 slow allocs: 18 max 18 waste: 27.4% gc: 3966072B max: 3966072B slow: 0B max: 0B
[11.809s][info   ][gc,start       ] GC(43) Pause Young (Allocation Failure)
[11.809s][debug  ][gc,phases,start] GC(43) Scavenge
[11.827s][debug  ][gc,phases      ] GC(43) Scavenge 17.508ms
[11.827s][debug  ][gc,phases,start] GC(43) Reference Processing
[11.827s][debug  ][gc,ref         ] GC(43) Skipped phase 1 of Reference Processing: no references
[11.827s][debug  ][gc,ref         ] GC(43) Skipped phase 2 of Reference Processing: no references
[11.827s][debug  ][gc,ref         ] GC(43) Skipped phase 3 of Reference Processing: no references
[11.827s][debug  ][gc,ref         ] GC(43) Skipped phase 4 of Reference Processing: no references
[11.827s][debug  ][gc,phases,ref  ] GC(43) Reference Processing: 0.1ms
[11.827s][debug  ][gc,phases,ref  ] GC(43)   Reconsider SoftReferences: 0.0ms
[11.827s][debug  ][gc,phases,ref  ] GC(43)     SoftRef (ms):                  skipped
[11.827s][debug  ][gc,phases,ref  ] GC(43)   Notify Soft/WeakReferences: 0.0ms
[11.827s][debug  ][gc,phases,ref  ] GC(43)     SoftRef (ms):                  skipped
[11.827s][debug  ][gc,phases,ref  ] GC(43)     WeakRef (ms):                  skipped
[11.827s][debug  ][gc,phases,ref  ] GC(43)     FinalRef (ms):                 skipped
[11.827s][debug  ][gc,phases,ref  ] GC(43)     Total (ms):                    skipped
[11.827s][debug  ][gc,phases,ref  ] GC(43)   Notify and keep alive finalizable: 0.0ms
[11.827s][debug  ][gc,phases,ref  ] GC(43)     FinalRef (ms):                 skipped
[11.827s][debug  ][gc,phases,ref  ] GC(43)   Notify PhantomReferences: 0.0ms
[11.827s][debug  ][gc,phases,ref  ] GC(43)     PhantomRef (ms):               skipped
[11.827s][debug  ][gc,phases,ref  ] GC(43)   SoftReference:
[11.827s][debug  ][gc,phases,ref  ] GC(43)     Discovered: 0
[11.827s][debug  ][gc,phases,ref  ] GC(43)     Cleared: 0
[11.827s][debug  ][gc,phases,ref  ] GC(43)   WeakReference:
[11.827s][debug  ][gc,phases,ref  ] GC(43)     Discovered: 0
[11.827s][debug  ][gc,phases,ref  ] GC(43)     Cleared: 0
[11.828s][debug  ][gc,phases,ref  ] GC(43)   FinalReference:
[11.828s][debug  ][gc,phases,ref  ] GC(43)     Discovered: 0
[11.828s][debug  ][gc,phases,ref  ] GC(43)     Cleared: 0
[11.828s][debug  ][gc,phases,ref  ] GC(43)   PhantomReference:
[11.828s][debug  ][gc,phases,ref  ] GC(43)     Discovered: 0
[11.828s][debug  ][gc,phases,ref  ] GC(43)     Cleared: 0
[11.828s][debug  ][gc,phases      ] GC(43) Reference Processing 0.699ms
[11.828s][debug  ][gc,phases,start] GC(43) Weak Processing
[11.828s][debug  ][gc,phases      ] GC(43)   VM Weak                        Min:  0.0, Avg:  0.0, Max:  0.0, Diff:  0.0, Sum:  0.0, Workers: 6
[11.828s][debug  ][gc,phases      ] GC(43)     Dead                           Min: 0, Avg:  0.0, Max: 0, Diff: 0, Sum: 0, Workers: 6
[11.828s][debug  ][gc,phases      ] GC(43)     Total                          Min: 0, Avg:  1.3, Max: 8, Diff: 8, Sum: 8, Workers: 6
[11.828s][debug  ][gc,phases      ] GC(43)   ObjectSynchronizer Weak        Min:  0.0, Avg:  0.0, Max:  0.0, Diff:  0.0, Sum:  0.0, Workers: 6
[11.828s][debug  ][gc,phases      ] GC(43)     Dead                           Min: 0, Avg:  0.0, Max: 0, Diff: 0, Sum: 0, Workers: 6
[11.828s][debug  ][gc,phases      ] GC(43)     Total                          Min: 0, Avg:  0.5, Max: 3, Diff: 3, Sum: 3, Workers: 6
[11.828s][debug  ][gc,phases      ] GC(43)   JVMTI Tag Weak OopStorage      Min:  0.0, Avg:  0.0, Max:  0.0, Diff:  0.0, Sum:  0.0, Workers: 6
[11.828s][debug  ][gc,phases      ] GC(43)     Dead                           Min: 0, Avg:  0.0, Max: 0, Diff: 0, Sum: 0, Workers: 6
[11.828s][debug  ][gc,phases      ] GC(43)     Total                          Min: 0, Avg:  0.0, Max: 0, Diff: 0, Sum: 0, Workers: 6
[11.828s][debug  ][gc,phases      ] GC(43)   StringTable Weak               Min:  0.0, Avg:  0.0, Max:  0.0, Diff:  0.0, Sum:  0.0, Workers: 6
[11.828s][debug  ][gc,phases      ] GC(43)     Dead                           Min: 0, Avg:  0.0, Max: 0, Diff: 0, Sum: 0, Workers: 6
[11.828s][debug  ][gc,phases      ] GC(43)     Total                          Min: 640, Avg: 892.5, Max: 1216, Diff: 576, Sum: 5355, Workers: 6
[11.828s][debug  ][gc,phases      ] GC(43)   ResolvedMethodTable Weak       Min:  0.0, Avg:  0.0, Max:  0.0, Diff:  0.0, Sum:  0.0, Workers: 6
[11.828s][debug  ][gc,phases      ] GC(43)     Dead                           Min: 0, Avg:  0.0, Max: 0, Diff: 0, Sum: 0, Workers: 6
[11.828s][debug  ][gc,phases      ] GC(43)     Total                          Min: 0, Avg: 21.5, Max: 64, Diff: 64, Sum: 129, Workers: 6
[11.828s][debug  ][gc,phases      ] GC(43)   JNI Weak                       Min:  0.0, Avg:  0.0, Max:  0.0, Diff:  0.0, Sum:  0.0, Workers: 6
[11.828s][debug  ][gc,phases      ] GC(43)     Dead                           Min: 0, Avg:  0.0, Max: 0, Diff: 0, Sum: 0, Workers: 6
[11.828s][debug  ][gc,phases      ] GC(43)     Total                          Min: 0, Avg:  0.0, Max: 0, Diff: 0, Sum: 0, Workers: 6
[11.828s][debug  ][gc,phases      ] GC(43)   StringDedup Table Weak         Min:  0.0, Avg:  0.0, Max:  0.0, Diff:  0.0, Sum:  0.0, Workers: 6
[11.828s][debug  ][gc,phases      ] GC(43)     Dead                           Min: 0, Avg:  0.0, Max: 0, Diff: 0, Sum: 0, Workers: 6
[11.828s][debug  ][gc,phases      ] GC(43)     Total                          Min: 0, Avg:  0.0, Max: 0, Diff: 0, Sum: 0, Workers: 6
[11.828s][debug  ][gc,phases      ] GC(43)   StringDedup Requests0 Weak     Min:  0.0, Avg:  0.0, Max:  0.0, Diff:  0.0, Sum:  0.0, Workers: 6
[11.828s][debug  ][gc,phases      ] GC(43)     Dead                           Min: 0, Avg:  0.0, Max: 0, Diff: 0, Sum: 0, Workers: 6
[11.828s][debug  ][gc,phases      ] GC(43)     Total                          Min: 0, Avg:  0.0, Max: 0, Diff: 0, Sum: 0, Workers: 6
[11.828s][debug  ][gc,phases      ] GC(43)   StringDedup Requests1 Weak     Min:  0.0, Avg:  0.0, Max:  0.0, Diff:  0.0, Sum:  0.0, Workers: 6
[11.828s][debug  ][gc,phases      ] GC(43)     Dead                           Min: 0, Avg:  0.0, Max: 0, Diff: 0, Sum: 0, Workers: 6
[11.828s][debug  ][gc,phases      ] GC(43)     Total                          Min: 0, Avg:  0.0, Max: 0, Diff: 0, Sum: 0, Workers: 6
[11.828s][debug  ][gc,phases      ] GC(43)   Weak JFR Old Object Samples    Min:  0.0, Avg:  0.0, Max:  0.0, Diff:  0.0, Sum:  0.0, Workers: 6
[11.828s][debug  ][gc,phases      ] GC(43)     Dead                           Min: 0, Avg:  0.0, Max: 0, Diff: 0, Sum: 0, Workers: 6
[11.828s][debug  ][gc,phases      ] GC(43)     Total                          Min: 0, Avg:  0.0, Max: 0, Diff: 0, Sum: 0, Workers: 6
[11.828s][debug  ][gc,phases      ] GC(43) Weak Processing 0.681ms
[11.828s][debug  ][gc,ergo        ] GC(43) AdaptiveSizeStart:  collection: 44 
[11.828s][debug  ][gc,ergo        ] GC(43) avg_survived_padded_avg: 32036578.000000
[11.828s][debug  ][gc,ergo        ] GC(43) avg_promoted_padded_avg: 257158304.000000  avg_pretenured_padded_avg: 0.000000  tenuring_thresh: 1  target_size: 32505856
[11.828s][debug  ][gc,age         ] GC(43) Desired survivor size 32505856 bytes, new threshold 1 (max threshold 15)
[11.828s][debug  ][gc,ergo        ] GC(43) PSAdaptiveSizePolicy::compute_eden_space_size limits: desired_eden_size: 236024202 old_eden_size: 203423744 eden_limit: 203423744 cur_eden: 203423744 max_eden_size: 203423744 avg_young_live: 27278238
[11.828s][debug  ][gc,ergo        ] GC(43) PSAdaptiveSizePolicy::compute_eden_space_size: costs minor_time: 0.052903 major_cost: 0.029624 mutator_cost: 0.917473 throughput_goal: 0.990000
[11.829s][debug  ][gc,ergo        ] GC(43) Live_space: 861484672 free_space: 951582720
[11.829s][debug  ][gc,ergo        ] GC(43) Old eden_size: 203423744 desired_eden_size: 203423744
[11.829s][debug  ][gc,ergo        ] GC(43) AdaptiveSizeStop: collection: 44 
[11.829s][info   ][gc,heap        ] GC(43) PSYoungGen: 229153K(230400K)->30720K(230400K) Eden: 198433K(198656K)->0K(198656K) From: 30720K(31744K)->30720K(31744K)
[11.829s][info   ][gc,heap        ] GC(43) ParOldGen: 1465957K(1769472K)->1660517K(1769472K)
[11.829s][info   ][gc,metaspace   ] GC(43) Metaspace: 1021K(1216K)->1021K(1216K) NonClass: 937K(1024K)->937K(1024K) Class: 83K(192K)->83K(192K)
[11.829s][info   ][gc             ] GC(43) Pause Young (Allocation Failure) 1655M->1651M(1953M) 19.331ms
[11.829s][info   ][gc,cpu         ] GC(43) User=0.12s Sys=0.00s Real=0.02s
[11.829s][debug  ][gc,heap        ] GC(43) Heap after GC invocations=44 (full 7):
[11.829s][debug  ][gc,heap        ] GC(43)  PSYoungGen      total 230400K, used 30720K [0x00000000f0000000, 0x0000000100000000, 0x0000000100000000)
[11.829s][debug  ][gc,heap        ] GC(43)   eden space 198656K, 0% used [0x00000000f0000000,0x00000000f0000000,0x00000000fc200000)
[11.829s][debug  ][gc,heap        ] GC(43)   from space 31744K, 96% used [0x00000000fe100000,0x00000000fff00030,0x0000000100000000)
[11.829s][debug  ][gc,heap        ] GC(43)   to   space 31744K, 0% used [0x00000000fc200000,0x00000000fc200000,0x00000000fe100000)
[11.829s][debug  ][gc,heap        ] GC(43)  ParOldGen       total 1769472K, used 1660517K [0x0000000080000000, 0x00000000ec000000, 0x00000000f0000000)
[11.829s][debug  ][gc,heap        ] GC(43)   object space 1769472K, 93% used [0x0000000080000000,0x00000000e5599628,0x00000000ec000000)
[11.829s][debug  ][gc,heap        ] GC(43)  Metaspace       used 1021K, committed 1216K, reserved 1056768K
[11.829s][debug  ][gc,heap        ] GC(43)   class space    used 83K, committed 192K, reserved 1048576K
[11.829s][debug  ][gc,task,time   ] GC(43) VM-Thread 118087441 118269511 118288818
[11.829s][debug  ][gc,phases,start] GC(44) Pre Compact
[11.829s][debug  ][gc,heap        ] GC(44) Heap before GC invocations=45 (full 8):
[11.829s][debug  ][gc,heap        ] GC(44)  PSYoungGen      total 230400K, used 30720K [0x00000000f0000000, 0x0000000100000000, 0x0000000100000000)
[11.829s][debug  ][gc,heap        ] GC(44)   eden space 198656K, 0% used [0x00000000f0000000,0x00000000f0000000,0x00000000fc200000)
[11.829s][debug  ][gc,heap        ] GC(44)   from space 31744K, 96% used [0x00000000fe100000,0x00000000fff00030,0x0000000100000000)
[11.829s][debug  ][gc,heap        ] GC(44)   to   space 31744K, 0% used [0x00000000fc200000,0x00000000fc200000,0x00000000fe100000)
[11.829s][debug  ][gc,heap        ] GC(44)  ParOldGen       total 1769472K, used 1660517K [0x0000000080000000, 0x00000000ec000000, 0x00000000f0000000)
[11.829s][debug  ][gc,heap        ] GC(44)   object space 1769472K, 93% used [0x0000000080000000,0x00000000e5599628,0x00000000ec000000)
[11.829s][debug  ][gc,heap        ] GC(44)  Metaspace       used 1021K, committed 1216K, reserved 1056768K
[11.829s][debug  ][gc,heap        ] GC(44)   class space    used 83K, committed 192K, reserved 1048576K
[11.829s][debug  ][gc,phases      ] GC(44) Pre Compact 0.200ms
[11.829s][info   ][gc,start       ] GC(44) Pause Full (Ergonomics)
[11.829s][info   ][gc,phases,start] GC(44) Marking Phase
[11.829s][debug  ][gc,phases,start] GC(44) Par Mark
[11.830s][debug  ][gc,phases      ] GC(44) Par Mark 0.561ms
[11.830s][debug  ][gc,phases,start] GC(44) Reference Processing
[11.830s][debug  ][gc,ref         ] GC(44) Skipped phase 1 of Reference Processing: no references
[11.830s][debug  ][gc,ref         ] GC(44) ReferenceProcessor::execute queues: 1, RefProcThreadModel::Single, marks_oops_alive: false
[11.830s][debug  ][gc,ref         ] GC(44) Skipped phase 3 of Reference Processing: no references
[11.830s][debug  ][gc,ref         ] GC(44) ReferenceProcessor::execute queues: 1, RefProcThreadModel::Single, marks_oops_alive: false
[11.830s][debug  ][gc,phases,ref  ] GC(44) Reference Processing: 0.1ms
[11.830s][debug  ][gc,phases,ref  ] GC(44)   Reconsider SoftReferences: 0.0ms
[11.830s][debug  ][gc,phases,ref  ] GC(44)     SoftRef (ms):                  skipped
[11.830s][debug  ][gc,phases,ref  ] GC(44)   Notify Soft/WeakReferences: 0.0ms
[11.830s][debug  ][gc,phases,ref  ] GC(44)     SoftRef (ms):                  Min:  0.0, Avg:  0.0, Max:  0.0, Diff:  0.0, Sum:  0.0, Workers: 8
[11.830s][debug  ][gc,phases,ref  ] GC(44)     WeakRef (ms):                  Min:  0.0, Avg:  0.0, Max:  0.0, Diff:  0.0, Sum:  0.0, Workers: 8
[11.830s][debug  ][gc,phases,ref  ] GC(44)     FinalRef (ms):                 Min:  0.0, Avg:  0.0, Max:  0.0, Diff:  0.0, Sum:  0.0, Workers: 8
[11.830s][debug  ][gc,phases,ref  ] GC(44)     Total (ms):                    Min:  0.0, Avg:  0.0, Max:  0.0, Diff:  0.0, Sum:  0.0, Workers: 8
[11.830s][debug  ][gc,phases,ref  ] GC(44)   Notify and keep alive finalizable: 0.0ms
[11.830s][debug  ][gc,phases,ref  ] GC(44)     FinalRef (ms):                 skipped
[11.830s][debug  ][gc,phases,ref  ] GC(44)   Notify PhantomReferences: 0.0ms
[11.830s][debug  ][gc,phases,ref  ] GC(44)     PhantomRef (ms):               Min:  0.0, Avg:  0.0, Max:  0.0, Diff:  0.0, Sum:  0.0, Workers: 8
[11.830s][debug  ][gc,phases,ref  ] GC(44)   SoftReference:
[11.830s][debug  ][gc,phases,ref  ] GC(44)     Discovered: 0
[11.830s][debug  ][gc,phases,ref  ] GC(44)     Cleared: 0
[11.830s][debug  ][gc,phases,ref  ] GC(44)   WeakReference:
[11.830s][debug  ][gc,phases,ref  ] GC(44)     Discovered: 87
[11.830s][debug  ][gc,phases,ref  ] GC(44)     Cleared: 87
[11.830s][debug  ][gc,phases,ref  ] GC(44)   FinalReference:
[11.830s][debug  ][gc,phases,ref  ] GC(44)     Discovered: 0
[11.830s][debug  ][gc,phases,ref  ] GC(44)     Cleared: 0
[11.830s][debug  ][gc,phases,ref  ] GC(44)   PhantomReference:
[11.830s][debug  ][gc,phases,ref  ] GC(44)     Discovered: 3
[11.830s][debug  ][gc,phases,ref  ] GC(44)     Cleared: 3
[11.830s][debug  ][gc,phases      ] GC(44) Reference Processing 0.577ms
[11.830s][debug  ][gc,phases,start] GC(44) Weak Processing
[11.830s][debug  ][gc,phases      ] GC(44)   VM Weak                        Min:  0.0, Avg:  0.0, Max:  0.0, Diff:  0.0, Sum:  0.0, Workers: 6
[11.830s][debug  ][gc,phases      ] GC(44)     Dead                           Min: 0, Avg:  0.0, Max: 0, Diff: 0, Sum: 0, Workers: 6
[11.830s][debug  ][gc,phases      ] GC(44)     Total                          Min: 0, Avg:  1.3, Max: 8, Diff: 8, Sum: 8, Workers: 6
[11.830s][debug  ][gc,phases      ] GC(44)   ObjectSynchronizer Weak        Min:  0.0, Avg:  0.0, Max:  0.0, Diff:  0.0, Sum:  0.0, Workers: 6
[11.830s][debug  ][gc,phases      ] GC(44)     Dead                           Min: 0, Avg:  0.0, Max: 0, Diff: 0, Sum: 0, Workers: 6
[11.831s][debug  ][gc,phases      ] GC(44)     Total                          Min: 0, Avg:  0.5, Max: 3, Diff: 3, Sum: 3, Workers: 6
[11.831s][debug  ][gc,phases      ] GC(44)   JVMTI Tag Weak OopStorage      Min:  0.0, Avg:  0.0, Max:  0.0, Diff:  0.0, Sum:  0.0, Workers: 6
[11.831s][debug  ][gc,phases      ] GC(44)     Dead                           Min: 0, Avg:  0.0, Max: 0, Diff: 0, Sum: 0, Workers: 6
[11.831s][debug  ][gc,phases      ] GC(44)     Total                          Min: 0, Avg:  0.0, Max: 0, Diff: 0, Sum: 0, Workers: 6
[11.831s][debug  ][gc,phases      ] GC(44)   StringTable Weak               Min:  0.0, Avg:  0.0, Max:  0.0, Diff:  0.0, Sum:  0.0, Workers: 6
[11.831s][debug  ][gc,phases      ] GC(44)     Dead                           Min: 0, Avg:  0.0, Max: 0, Diff: 0, Sum: 0, Workers: 6
[11.831s][debug  ][gc,phases      ] GC(44)     Total                          Min: 640, Avg: 892.5, Max: 1067, Diff: 427, Sum: 5355, Workers: 6
[11.831s][debug  ][gc,phases      ] GC(44)   ResolvedMethodTable Weak       Min:  0.0, Avg:  0.0, Max:  0.0, Diff:  0.0, Sum:  0.0, Workers: 6
[11.831s][debug  ][gc,phases      ] GC(44)     Dead                           Min: 0, Avg:  0.0, Max: 0, Diff: 0, Sum: 0, Workers: 6
[11.831s][debug  ][gc,phases      ] GC(44)     Total                          Min: 0, Avg: 21.5, Max: 64, Diff: 64, Sum: 129, Workers: 6
[11.831s][debug  ][gc,phases      ] GC(44)   JNI Weak                       Min:  0.0, Avg:  0.0, Max:  0.0, Diff:  0.0, Sum:  0.0, Workers: 6
[11.831s][debug  ][gc,phases      ] GC(44)     Dead                           Min: 0, Avg:  0.0, Max: 0, Diff: 0, Sum: 0, Workers: 6
[11.831s][debug  ][gc,phases      ] GC(44)     Total                          Min: 0, Avg:  0.0, Max: 0, Diff: 0, Sum: 0, Workers: 6
[11.831s][debug  ][gc,phases      ] GC(44)   StringDedup Table Weak         Min:  0.0, Avg:  0.0, Max:  0.0, Diff:  0.0, Sum:  0.0, Workers: 6
[11.831s][debug  ][gc,phases      ] GC(44)     Dead                           Min: 0, Avg:  0.0, Max: 0, Diff: 0, Sum: 0, Workers: 6
[11.831s][debug  ][gc,phases      ] GC(44)     Total                          Min: 0, Avg:  0.0, Max: 0, Diff: 0, Sum: 0, Workers: 6
[11.831s][debug  ][gc,phases      ] GC(44)   StringDedup Requests0 Weak     Min:  0.0, Avg:  0.0, Max:  0.0, Diff:  0.0, Sum:  0.0, Workers: 6
[11.831s][debug  ][gc,phases      ] GC(44)     Dead                           Min: 0, Avg:  0.0, Max: 0, Diff: 0, Sum: 0, Workers: 6
[11.831s][debug  ][gc,phases      ] GC(44)     Total                          Min: 0, Avg:  0.0, Max: 0, Diff: 0, Sum: 0, Workers: 6
[11.831s][debug  ][gc,phases      ] GC(44)   StringDedup Requests1 Weak     Min:  0.0, Avg:  0.0, Max:  0.0, Diff:  0.0, Sum:  0.0, Workers: 6
[11.831s][debug  ][gc,phases      ] GC(44)     Dead                           Min: 0, Avg:  0.0, Max: 0, Diff: 0, Sum: 0, Workers: 6
[11.831s][debug  ][gc,phases      ] GC(44)     Total                          Min: 0, Avg:  0.0, Max: 0, Diff: 0, Sum: 0, Workers: 6
[11.831s][debug  ][gc,phases      ] GC(44)   Weak JFR Old Object Samples    Min:  0.0, Avg:  0.0, Max:  0.0, Diff:  0.0, Sum:  0.0, Workers: 6
[11.831s][debug  ][gc,phases      ] GC(44)     Dead                           Min: 0, Avg:  0.0, Max: 0, Diff: 0, Sum: 0, Workers: 6
[11.831s][debug  ][gc,phases      ] GC(44)     Total                          Min: 0, Avg:  0.0, Max: 0, Diff: 0, Sum: 0, Workers: 6
[11.831s][debug  ][gc,phases      ] GC(44) Weak Processing 0.652ms
[11.831s][debug  ][gc,phases,start] GC(44) Class Unloading
[11.831s][debug  ][gc,phases,start] GC(44) ClassLoaderData
[11.831s][debug  ][gc,phases      ] GC(44) ClassLoaderData 0.019ms
[11.831s][debug  ][gc,phases,start] GC(44) Trigger cleanups
[11.831s][debug  ][gc,phases      ] GC(44) Trigger cleanups 0.019ms
[11.831s][debug  ][gc,phases      ] GC(44) Class Unloading 0.252ms
[11.831s][info   ][gc,phases      ] GC(44) Marking Phase 2.153ms
[11.831s][info   ][gc,phases,start] GC(44) Summary Phase
[11.831s][info   ][gc,phases      ] GC(44) Summary Phase 0.036ms
[11.831s][info   ][gc,phases,start] GC(44) Adjust Roots
[11.832s][info   ][gc,phases      ] GC(44) Adjust Roots 0.138ms
[11.832s][info   ][gc,phases,start] GC(44) Compaction Phase
[11.911s][info   ][gc,phases      ] GC(44) Compaction Phase 79.367ms
[11.911s][info   ][gc,phases,start] GC(44) Post Compact
[11.916s][info   ][gc,phases      ] GC(44) Post Compact 5.125ms
[11.916s][debug  ][gc,ergo        ] GC(44) AdaptiveSizeStart: collection: 45 
[11.916s][debug  ][gc,ergo        ] GC(44) PSAdaptiveSizePolicy::compute_eden_space_size limits: desired_eden_size: 233966514 old_eden_size: 203423744 eden_limit: 203423744 cur_eden: 203423744 max_eden_size: 203423744 avg_young_live: 24550416
[11.916s][debug  ][gc,ergo        ] GC(44) PSAdaptiveSizePolicy::compute_eden_space_size: costs minor_time: 0.052903 major_cost: 0.035184 mutator_cost: 0.911913 throughput_goal: 0.990000
[11.916s][debug  ][gc,ergo        ] GC(44) Live_space: 858756864 free_space: 951582720
[11.916s][debug  ][gc,ergo        ] GC(44) Old eden_size: 203423744 desired_eden_size: 203423744
[11.916s][debug  ][gc,ergo        ] GC(44) PSAdaptiveSizePolicy::compute_old_gen_free_space: costs minor_time: 0.052903 major_cost: 0.035184  mutator_cost: 0.911913 throughput_goal: 0.990000
[11.916s][debug  ][gc,ergo        ] GC(44) Live_space: 881662336 free_space: 951582720
[11.916s][debug  ][gc,ergo        ] GC(44) Old promo_size: 748158976 desired_promo_size: 838336512
[11.917s][debug  ][gc             ] GC(44) Expanding ParOldGen from 1769472K by 39424K to 1808896K
[11.917s][debug  ][gc,ergo        ] GC(44) AdaptiveSizeStop: collection: 45 
[11.917s][info   ][gc,heap        ] GC(44) PSYoungGen: 30720K(230400K)->0K(230400K) Eden: 0K(198656K)->0K(198656K) From: 30720K(31744K)->0K(31744K)
[11.917s][info   ][gc,heap        ] GC(44) ParOldGen: 1660517K(1769472K)->738916K(1808896K)
[11.917s][info   ][gc,metaspace   ] GC(44) Metaspace: 1021K(1216K)->1021K(1216K) NonClass: 937K(1024K)->937K(1024K) Class: 83K(192K)->83K(192K)
[11.917s][info   ][gc             ] GC(44) Pause Full (Ergonomics) 1651M->721M(1991M) 87.543ms
[11.917s][info   ][gc,cpu         ] GC(44) User=0.62s Sys=0.02s Real=0.09s
[11.917s][debug  ][gc,heap        ] GC(44) Heap after GC invocations=45 (full 8):
[11.917s][debug  ][gc,heap        ] GC(44)  PSYoungGen      total 230400K, used 0K [0x00000000f0000000, 0x0000000100000000, 0x0000000100000000)
[11.917s][debug  ][gc,heap        ] GC(44)   eden space 198656K, 0% used [0x00000000f0000000,0x00000000f0000000,0x00000000fc200000)
[11.917s][debug  ][gc,heap        ] GC(44)   from space 31744K, 0% used [0x00000000fc200000,0x00000000fc200000,0x00000000fe100000)
[11.917s][debug  ][gc,heap        ] GC(44)   to   space 31744K, 0% used [0x00000000fe100000,0x00000000fe100000,0x0000000100000000)
[11.917s][debug  ][gc,heap        ] GC(44)  ParOldGen       total 1808896K, used 738916K [0x0000000080000000, 0x00000000ee680000, 0x00000000f0000000)
[11.917s][debug  ][gc,heap        ] GC(44)   object space 1808896K, 40% used [0x0000000080000000,0x00000000ad199088,0x00000000ee680000)
[11.917s][debug  ][gc,heap        ] GC(44)  Metaspace       used 1021K, committed 1216K, reserved 1056768K
[11.917s][debug  ][gc,heap        ] GC(44)   class space    used 83K, committed 192K, reserved 1048576K
[11.917s][debug  ][gc,task,time   ] GC(44) VM-Thread 118291509 118315657 119167212
[12.220s][debug  ][gc,heap        ] GC(45) Heap before GC invocations=46 (full 8):
[12.220s][debug  ][gc,heap        ] GC(45)  PSYoungGen      total 230400K, used 198441K [0x00000000f0000000, 0x0000000100000000, 0x0000000100000000)
[12.221s][debug  ][gc,heap        ] GC(45)   eden space 198656K, 99% used [0x00000000f0000000,0x00000000fc1ca518,0x00000000fc200000)
[12.221s][debug  ][gc,heap        ] GC(45)   from space 31744K, 0% used [0x00000000fc200000,0x00000000fc200000,0x00000000fe100000)
[12.221s][debug  ][gc,heap        ] GC(45)   to   space 31744K, 0% used [0x00000000fe100000,0x00000000fe100000,0x0000000100000000)
[12.221s][debug  ][gc,heap        ] GC(45)  ParOldGen       total 1808896K, used 738916K [0x0000000080000000, 0x00000000ee680000, 0x00000000f0000000)
[12.221s][debug  ][gc,heap        ] GC(45)   object space 1808896K, 40% used [0x0000000080000000,0x00000000ad199088,0x00000000ee680000)
[12.221s][debug  ][gc,heap        ] GC(45)  Metaspace       used 1021K, committed 1216K, reserved 1056768K
[12.221s][debug  ][gc,heap        ] GC(45)   class space    used 83K, committed 192K, reserved 1048576K
[12.221s][debug  ][gc,tlab        ] GC(45) TLAB totals: thrds: 1  refills: 1 max: 1 slow allocs: 18 max 18 waste: 27.5% gc: 3974120B max: 3974120B slow: 0B max: 0B
[12.221s][info   ][gc,start       ] GC(45) Pause Young (Allocation Failure)
[12.221s][debug  ][gc,phases,start] GC(45) Scavenge
[12.234s][debug  ][gc,phases      ] GC(45) Scavenge 13.354ms
[12.234s][debug  ][gc,phases,start] GC(45) Reference Processing
[12.234s][debug  ][gc,ref         ] GC(45) Skipped phase 1 of Reference Processing: no references
[12.234s][debug  ][gc,ref         ] GC(45) Skipped phase 2 of Reference Processing: no references
[12.234s][debug  ][gc,ref         ] GC(45) Skipped phase 3 of Reference Processing: no references
[12.234s][debug  ][gc,ref         ] GC(45) Skipped phase 4 of Reference Processing: no references
[12.234s][debug  ][gc,phases,ref  ] GC(45) Reference Processing: 0.1ms
[12.234s][debug  ][gc,phases,ref  ] GC(45)   Reconsider SoftReferences: 0.0ms
[12.234s][debug  ][gc,phases,ref  ] GC(45)     SoftRef (ms):                  skipped
[12.235s][debug  ][gc,phases,ref  ] GC(45)   Notify Soft/WeakReferences: 0.0ms
[12.235s][debug  ][gc,phases,ref  ] GC(45)     SoftRef (ms):                  skipped
[12.235s][debug  ][gc,phases,ref  ] GC(45)     WeakRef (ms):                  skipped
[12.235s][debug  ][gc,phases,ref  ] GC(45)     FinalRef (ms):                 skipped
[12.235s][debug  ][gc,phases,ref  ] GC(45)     Total (ms):                    skipped
[12.235s][debug  ][gc,phases,ref  ] GC(45)   Notify and keep alive finalizable: 0.0ms
[12.235s][debug  ][gc,phases,ref  ] GC(45)     FinalRef (ms):                 skipped
[12.235s][debug  ][gc,phases,ref  ] GC(45)   Notify PhantomReferences: 0.0ms
[12.235s][debug  ][gc,phases,ref  ] GC(45)     PhantomRef (ms):               skipped
[12.235s][debug  ][gc,phases,ref  ] GC(45)   SoftReference:
[12.235s][debug  ][gc,phases,ref  ] GC(45)     Discovered: 0
[12.235s][debug  ][gc,phases,ref  ] GC(45)     Cleared: 0
[12.235s][debug  ][gc,phases,ref  ] GC(45)   WeakReference:
[12.235s][debug  ][gc,phases,ref  ] GC(45)     Discovered: 0
[12.235s][debug  ][gc,phases,ref  ] GC(45)     Cleared: 0
[12.235s][debug  ][gc,phases,ref  ] GC(45)   FinalReference:
[12.235s][debug  ][gc,phases,ref  ] GC(45)     Discovered: 0
[12.235s][debug  ][gc,phases,ref  ] GC(45)     Cleared: 0
[12.235s][debug  ][gc,phases,ref  ] GC(45)   PhantomReference:
[12.235s][debug  ][gc,phases,ref  ] GC(45)     Discovered: 0
[12.235s][debug  ][gc,phases,ref  ] GC(45)     Cleared: 0
[12.235s][debug  ][gc,phases      ] GC(45) Reference Processing 0.584ms
[12.235s][debug  ][gc,phases,start] GC(45) Weak Processing
[12.235s][debug  ][gc,phases      ] GC(45)   VM Weak                        Min:  0.0, Avg:  0.0, Max:  0.0, Diff:  0.0, Sum:  0.0, Workers: 6
[12.235s][debug  ][gc,phases      ] GC(45)     Dead                           Min: 0, Avg:  0.0, Max: 0, Diff: 0, Sum: 0, Workers: 6
[12.235s][debug  ][gc,phases      ] GC(45)     Total                          Min: 0, Avg:  1.3, Max: 8, Diff: 8, Sum: 8, Workers: 6
[12.235s][debug  ][gc,phases      ] GC(45)   ObjectSynchronizer Weak        Min:  0.0, Avg:  0.0, Max:  0.0, Diff:  0.0, Sum:  0.0, Workers: 6
[12.235s][debug  ][gc,phases      ] GC(45)     Dead                           Min: 0, Avg:  0.0, Max: 0, Diff: 0, Sum: 0, Workers: 6
[12.235s][debug  ][gc,phases      ] GC(45)     Total                          Min: 0, Avg:  0.5, Max: 3, Diff: 3, Sum: 3, Workers: 6
[12.235s][debug  ][gc,phases      ] GC(45)   JVMTI Tag Weak OopStorage      Min:  0.0, Avg:  0.0, Max:  0.0, Diff:  0.0, Sum:  0.0, Workers: 6
[12.235s][debug  ][gc,phases      ] GC(45)     Dead                           Min: 0, Avg:  0.0, Max: 0, Diff: 0, Sum: 0, Workers: 6
[12.235s][debug  ][gc,phases      ] GC(45)     Total                          Min: 0, Avg:  0.0, Max: 0, Diff: 0, Sum: 0, Workers: 6
[12.235s][debug  ][gc,phases      ] GC(45)   StringTable Weak               Min:  0.0, Avg:  0.0, Max:  0.0, Diff:  0.0, Sum:  0.0, Workers: 6
[12.235s][debug  ][gc,phases      ] GC(45)     Dead                           Min: 0, Avg:  0.0, Max: 0, Diff: 0, Sum: 0, Workers: 6
[12.235s][debug  ][gc,phases      ] GC(45)     Total                          Min: 748, Avg: 892.5, Max: 1024, Diff: 276, Sum: 5355, Workers: 6
[12.235s][debug  ][gc,phases      ] GC(45)   ResolvedMethodTable Weak       Min:  0.0, Avg:  0.0, Max:  0.0, Diff:  0.0, Sum:  0.0, Workers: 6
[12.235s][debug  ][gc,phases      ] GC(45)     Dead                           Min: 0, Avg:  0.0, Max: 0, Diff: 0, Sum: 0, Workers: 6
[12.235s][debug  ][gc,phases      ] GC(45)     Total                          Min: 0, Avg: 21.5, Max: 64, Diff: 64, Sum: 129, Workers: 6
[12.235s][debug  ][gc,phases      ] GC(45)   JNI Weak                       Min:  0.0, Avg:  0.0, Max:  0.0, Diff:  0.0, Sum:  0.0, Workers: 6
[12.235s][debug  ][gc,phases      ] GC(45)     Dead                           Min: 0, Avg:  0.0, Max: 0, Diff: 0, Sum: 0, Workers: 6
[12.235s][debug  ][gc,phases      ] GC(45)     Total                          Min: 0, Avg:  0.0, Max: 0, Diff: 0, Sum: 0, Workers: 6
[12.235s][debug  ][gc,phases      ] GC(45)   StringDedup Table Weak         Min:  0.0, Avg:  0.0, Max:  0.0, Diff:  0.0, Sum:  0.0, Workers: 6
[12.235s][debug  ][gc,phases      ] GC(45)     Dead                           Min: 0, Avg:  0.0, Max: 0, Diff: 0, Sum: 0, Workers: 6
[12.236s][debug  ][gc,phases      ] GC(45)     Total                          Min: 0, Avg:  0.0, Max: 0, Diff: 0, Sum: 0, Workers: 6
[12.236s][debug  ][gc,phases      ] GC(45)   StringDedup Requests0 Weak     Min:  0.0, Avg:  0.0, Max:  0.0, Diff:  0.0, Sum:  0.0, Workers: 6
[12.236s][debug  ][gc,phases      ] GC(45)     Dead                           Min: 0, Avg:  0.0, Max: 0, Diff: 0, Sum: 0, Workers: 6
[12.236s][debug  ][gc,phases      ] GC(45)     Total                          Min: 0, Avg:  0.0, Max: 0, Diff: 0, Sum: 0, Workers: 6
[12.236s][debug  ][gc,phases      ] GC(45)   StringDedup Requests1 Weak     Min:  0.0, Avg:  0.0, Max:  0.0, Diff:  0.0, Sum:  0.0, Workers: 6
[12.236s][debug  ][gc,phases      ] GC(45)     Dead                           Min: 0, Avg:  0.0, Max: 0, Diff: 0, Sum: 0, Workers: 6
[12.236s][debug  ][gc,phases      ] GC(45)     Total                          Min: 0, Avg:  0.0, Max: 0, Diff: 0, Sum: 0, Workers: 6
[12.236s][debug  ][gc,phases      ] GC(45)   Weak JFR Old Object Samples    Min:  0.0, Avg:  0.0, Max:  0.0, Diff:  0.0, Sum:  0.0, Workers: 6
[12.236s][debug  ][gc,phases      ] GC(45)     Dead                           Min: 0, Avg:  0.0, Max: 0, Diff: 0, Sum: 0, Workers: 6
[12.236s][debug  ][gc,phases      ] GC(45)     Total                          Min: 0, Avg:  0.0, Max: 0, Diff: 0, Sum: 0, Workers: 6
[12.236s][debug  ][gc,phases      ] GC(45) Weak Processing 0.796ms
[12.236s][debug  ][gc,ergo        ] GC(45) AdaptiveSizeStart:  collection: 46 
[12.236s][debug  ][gc,ergo        ] GC(45) avg_survived_padded_avg: 31993622.000000
[12.236s][debug  ][gc,ergo        ] GC(45) avg_promoted_padded_avg: 249330720.000000  avg_pretenured_padded_avg: 0.000000  tenuring_thresh: 1  target_size: 32505856
[12.236s][debug  ][gc,age         ] GC(45) Desired survivor size 32505856 bytes, new threshold 1 (max threshold 15)
[12.236s][debug  ][gc,ergo        ] GC(45) PSAdaptiveSizePolicy::compute_eden_space_size limits: desired_eden_size: 232971814 old_eden_size: 203423744 eden_limit: 203423744 cur_eden: 203423744 max_eden_size: 203423744 avg_young_live: 25241108
[12.236s][debug  ][gc,ergo        ] GC(45) PSAdaptiveSizePolicy::compute_eden_space_size: costs minor_time: 0.048791 major_cost: 0.035184 mutator_cost: 0.916025 throughput_goal: 0.990000
[12.236s][debug  ][gc,ergo        ] GC(45) Live_space: 882353024 free_space: 1041760256
[12.236s][debug  ][gc,ergo        ] GC(45) Old eden_size: 203423744 desired_eden_size: 203423744
[12.236s][debug  ][gc,ergo        ] GC(45) AdaptiveSizeStop: collection: 46 
[12.236s][info   ][gc,heap        ] GC(45) PSYoungGen: 198441K(230400K)->30720K(230400K) Eden: 198441K(198656K)->0K(198656K) From: 0K(31744K)->30720K(31744K)
[12.236s][info   ][gc,heap        ] GC(45) ParOldGen: 738916K(1808896K)->902756K(1808896K)
[12.236s][info   ][gc,metaspace   ] GC(45) Metaspace: 1021K(1216K)->1021K(1216K) NonClass: 937K(1024K)->937K(1024K) Class: 83K(192K)->83K(192K)
[12.236s][info   ][gc             ] GC(45) Pause Young (Allocation Failure) 915M->911M(1991M) 15.176ms
[12.236s][info   ][gc,cpu         ] GC(45) User=0.12s Sys=0.00s Real=0.01s
[12.236s][debug  ][gc,heap        ] GC(45) Heap after GC invocations=46 (full 8):
[12.236s][debug  ][gc,heap        ] GC(45)  PSYoungGen      total 230400K, used 30720K [0x00000000f0000000, 0x0000000100000000, 0x0000000100000000)
[12.236s][debug  ][gc,heap        ] GC(45)   eden space 198656K, 0% used [0x00000000f0000000,0x00000000f0000000,0x00000000fc200000)
[12.236s][debug  ][gc,heap        ] GC(45)   from space 31744K, 96% used [0x00000000fe100000,0x00000000fff00030,0x0000000100000000)
[12.236s][debug  ][gc,heap        ] GC(45)   to   space 31744K, 0% used [0x00000000fc200000,0x00000000fc200000,0x00000000fe100000)
[12.236s][debug  ][gc,heap        ] GC(45)  ParOldGen       total 1808896K, used 902756K [0x0000000080000000, 0x00000000ee680000, 0x00000000f0000000)
[12.236s][debug  ][gc,heap        ] GC(45)   object space 1808896K, 49% used [0x0000000080000000,0x00000000b7199188,0x00000000ee680000)
[12.236s][debug  ][gc,heap        ] GC(45)  Metaspace       used 1021K, committed 1216K, reserved 1056768K
[12.236s][debug  ][gc,heap        ] GC(45)   class space    used 83K, committed 192K, reserved 1048576K
[12.236s][debug  ][gc,task,time   ] GC(45) VM-Thread 122204007 122343279 122362530
[12.536s][debug  ][gc,heap        ] GC(46) Heap before GC invocations=47 (full 8):
[12.536s][debug  ][gc,heap        ] GC(46)  PSYoungGen      total 230400K, used 229094K [0x00000000f0000000, 0x0000000100000000, 0x0000000100000000)
[12.536s][debug  ][gc,heap        ] GC(46)   eden space 198656K, 99% used [0x00000000f0000000,0x00000000fc1b9a48,0x00000000fc200000)
[12.536s][debug  ][gc,heap        ] GC(46)   from space 31744K, 96% used [0x00000000fe100000,0x00000000fff00030,0x0000000100000000)
[12.536s][debug  ][gc,heap        ] GC(46)   to   space 31744K, 0% used [0x00000000fc200000,0x00000000fc200000,0x00000000fe100000)
[12.536s][debug  ][gc,heap        ] GC(46)  ParOldGen       total 1808896K, used 902756K [0x0000000080000000, 0x00000000ee680000, 0x00000000f0000000)
[12.536s][debug  ][gc,heap        ] GC(46)   object space 1808896K, 49% used [0x0000000080000000,0x00000000b7199188,0x00000000ee680000)
[12.536s][debug  ][gc,heap        ] GC(46)  Metaspace       used 1021K, committed 1216K, reserved 1056768K
[12.536s][debug  ][gc,heap        ] GC(46)   class space    used 83K, committed 192K, reserved 1048576K
[12.536s][debug  ][gc,tlab        ] GC(46) TLAB totals: thrds: 1  refills: 1 max: 1 slow allocs: 18 max 18 waste: 27.1% gc: 3904648B max: 3904648B slow: 0B max: 0B
[12.537s][info   ][gc,start       ] GC(46) Pause Young (Allocation Failure)
[12.537s][debug  ][gc,phases,start] GC(46) Scavenge
[12.544s][debug  ][gc,phases      ] GC(46) Scavenge 7.126ms
[12.544s][debug  ][gc,phases,start] GC(46) Reference Processing
[12.544s][debug  ][gc,ref         ] GC(46) Skipped phase 1 of Reference Processing: no references
[12.544s][debug  ][gc,ref         ] GC(46) Skipped phase 2 of Reference Processing: no references
[12.544s][debug  ][gc,ref         ] GC(46) Skipped phase 3 of Reference Processing: no references
[12.544s][debug  ][gc,ref         ] GC(46) Skipped phase 4 of Reference Processing: no references
[12.544s][debug  ][gc,phases,ref  ] GC(46) Reference Processing: 0.1ms
[12.544s][debug  ][gc,phases,ref  ] GC(46)   Reconsider SoftReferences: 0.0ms
[12.544s][debug  ][gc,phases,ref  ] GC(46)     SoftRef (ms):                  skipped
[12.544s][debug  ][gc,phases,ref  ] GC(46)   Notify Soft/WeakReferences: 0.0ms
[12.544s][debug  ][gc,phases,ref  ] GC(46)     SoftRef (ms):                  skipped
[12.544s][debug  ][gc,phases,ref  ] GC(46)     WeakRef (ms):                  skipped
[12.544s][debug  ][gc,phases,ref  ] GC(46)     FinalRef (ms):                 skipped
[12.544s][debug  ][gc,phases,ref  ] GC(46)     Total (ms):                    skipped
[12.544s][debug  ][gc,phases,ref  ] GC(46)   Notify and keep alive finalizable: 0.0ms
[12.544s][debug  ][gc,phases,ref  ] GC(46)     FinalRef (ms):                 skipped
[12.544s][debug  ][gc,phases,ref  ] GC(46)   Notify PhantomReferences: 0.0ms
[12.544s][debug  ][gc,phases,ref  ] GC(46)     PhantomRef (ms):               skipped
[12.544s][debug  ][gc,phases,ref  ] GC(46)   SoftReference:
[12.544s][debug  ][gc,phases,ref  ] GC(46)     Discovered: 0
[12.544s][debug  ][gc,phases,ref  ] GC(46)     Cleared: 0
[12.544s][debug  ][gc,phases,ref  ] GC(46)   WeakReference:
[12.544s][debug  ][gc,phases,ref  ] GC(46)     Discovered: 0
[12.544s][debug  ][gc,phases,ref  ] GC(46)     Cleared: 0
[12.544s][debug  ][gc,phases,ref  ] GC(46)   FinalReference:
[12.544s][debug  ][gc,phases,ref  ] GC(46)     Discovered: 0
[12.544s][debug  ][gc,phases,ref  ] GC(46)     Cleared: 0
[12.544s][debug  ][gc,phases,ref  ] GC(46)   PhantomReference:
[12.544s][debug  ][gc,phases,ref  ] GC(46)     Discovered: 0
[12.544s][debug  ][gc,phases,ref  ] GC(46)     Cleared: 0
[12.544s][debug  ][gc,phases      ] GC(46) Reference Processing 0.690ms
[12.544s][debug  ][gc,phases,start] GC(46) Weak Processing
[12.545s][debug  ][gc,phases      ] GC(46)   VM Weak                        Min:  0.0, Avg:  0.0, Max:  0.0, Diff:  0.0, Sum:  0.0, Workers: 6
[12.545s][debug  ][gc,phases      ] GC(46)     Dead                           Min: 0, Avg:  0.0, Max: 0, Diff: 0, Sum: 0, Workers: 6
[12.545s][debug  ][gc,phases      ] GC(46)     Total                          Min: 0, Avg:  1.3, Max: 8, Diff: 8, Sum: 8, Workers: 6
[12.545s][debug  ][gc,phases      ] GC(46)   ObjectSynchronizer Weak        Min:  0.0, Avg:  0.0, Max:  0.0, Diff:  0.0, Sum:  0.0, Workers: 6
[12.545s][debug  ][gc,phases      ] GC(46)     Dead                           Min: 0, Avg:  0.0, Max: 0, Diff: 0, Sum: 0, Workers: 6
[12.545s][debug  ][gc,phases      ] GC(46)     Total                          Min: 0, Avg:  0.5, Max: 3, Diff: 3, Sum: 3, Workers: 6
[12.545s][debug  ][gc,phases      ] GC(46)   JVMTI Tag Weak OopStorage      Min:  0.0, Avg:  0.0, Max:  0.0, Diff:  0.0, Sum:  0.0, Workers: 6
[12.545s][debug  ][gc,phases      ] GC(46)     Dead                           Min: 0, Avg:  0.0, Max: 0, Diff: 0, Sum: 0, Workers: 6
[12.545s][debug  ][gc,phases      ] GC(46)     Total                          Min: 0, Avg:  0.0, Max: 0, Diff: 0, Sum: 0, Workers: 6
[12.545s][debug  ][gc,phases      ] GC(46)   StringTable Weak               Min:  0.0, Avg:  0.0, Max:  0.0, Diff:  0.0, Sum:  0.0, Workers: 6
[12.545s][debug  ][gc,phases      ] GC(46)     Dead                           Min: 0, Avg:  0.0, Max: 0, Diff: 0, Sum: 0, Workers: 6
[12.545s][debug  ][gc,phases      ] GC(46)     Total                          Min: 703, Avg: 892.5, Max: 1152, Diff: 449, Sum: 5355, Workers: 6
[12.545s][debug  ][gc,phases      ] GC(46)   ResolvedMethodTable Weak       Min:  0.0, Avg:  0.0, Max:  0.0, Diff:  0.0, Sum:  0.0, Workers: 6
[12.545s][debug  ][gc,phases      ] GC(46)     Dead                           Min: 0, Avg:  0.0, Max: 0, Diff: 0, Sum: 0, Workers: 6
[12.545s][debug  ][gc,phases      ] GC(46)     Total                          Min: 0, Avg: 21.5, Max: 64, Diff: 64, Sum: 129, Workers: 6
[12.545s][debug  ][gc,phases      ] GC(46)   JNI Weak                       Min:  0.0, Avg:  0.0, Max:  0.0, Diff:  0.0, Sum:  0.0, Workers: 6
[12.545s][debug  ][gc,phases      ] GC(46)     Dead                           Min: 0, Avg:  0.0, Max: 0, Diff: 0, Sum: 0, Workers: 6
[12.545s][debug  ][gc,phases      ] GC(46)     Total                          Min: 0, Avg:  0.0, Max: 0, Diff: 0, Sum: 0, Workers: 6
[12.545s][debug  ][gc,phases      ] GC(46)   StringDedup Table Weak         Min:  0.0, Avg:  0.0, Max:  0.0, Diff:  0.0, Sum:  0.0, Workers: 6
[12.545s][debug  ][gc,phases      ] GC(46)     Dead                           Min: 0, Avg:  0.0, Max: 0, Diff: 0, Sum: 0, Workers: 6
[12.545s][debug  ][gc,phases      ] GC(46)     Total                          Min: 0, Avg:  0.0, Max: 0, Diff: 0, Sum: 0, Workers: 6
[12.545s][debug  ][gc,phases      ] GC(46)   StringDedup Requests0 Weak     Min:  0.0, Avg:  0.0, Max:  0.0, Diff:  0.0, Sum:  0.0, Workers: 6
[12.545s][debug  ][gc,phases      ] GC(46)     Dead                           Min: 0, Avg:  0.0, Max: 0, Diff: 0, Sum: 0, Workers: 6
[12.545s][debug  ][gc,phases      ] GC(46)     Total                          Min: 0, Avg:  0.0, Max: 0, Diff: 0, Sum: 0, Workers: 6
[12.545s][debug  ][gc,phases      ] GC(46)   StringDedup Requests1 Weak     Min:  0.0, Avg:  0.0, Max:  0.0, Diff:  0.0, Sum:  0.0, Workers: 6
[12.545s][debug  ][gc,phases      ] GC(46)     Dead                           Min: 0, Avg:  0.0, Max: 0, Diff: 0, Sum: 0, Workers: 6
[12.545s][debug  ][gc,phases      ] GC(46)     Total                          Min: 0, Avg:  0.0, Max: 0, Diff: 0, Sum: 0, Workers: 6
[12.545s][debug  ][gc,phases      ] GC(46)   Weak JFR Old Object Samples    Min:  0.0, Avg:  0.0, Max:  0.0, Diff:  0.0, Sum:  0.0, Workers: 6
[12.545s][debug  ][gc,phases      ] GC(46)     Dead                           Min: 0, Avg:  0.0, Max: 0, Diff: 0, Sum: 0, Workers: 6
[12.545s][debug  ][gc,phases      ] GC(46)     Total                          Min: 0, Avg:  0.0, Max: 0, Diff: 0, Sum: 0, Workers: 6
[12.545s][debug  ][gc,phases      ] GC(46) Weak Processing 0.795ms
[12.545s][debug  ][gc,ergo        ] GC(46) AdaptiveSizeStart:  collection: 47 
[12.545s][debug  ][gc,ergo        ] GC(46) avg_survived_padded_avg: 31953466.000000
[12.545s][debug  ][gc,ergo        ] GC(46) avg_promoted_padded_avg: 258218032.000000  avg_pretenured_padded_avg: 0.000000  tenuring_thresh: 1  target_size: 31981568
[12.545s][debug  ][gc,age         ] GC(46) Desired survivor size 31981568 bytes, new threshold 1 (max threshold 15)
[12.545s][debug  ][gc,ergo        ] GC(46) PSAdaptiveSizePolicy::compute_eden_space_size limits: desired_eden_size: 231582520 old_eden_size: 203423744 eden_limit: 203423744 cur_eden: 203423744 max_eden_size: 203423744 avg_young_live: 25862730
[12.545s][debug  ][gc,ergo        ] GC(46) PSAdaptiveSizePolicy::compute_eden_space_size: costs minor_time: 0.043651 major_cost: 0.035184 mutator_cost: 0.921165 throughput_goal: 0.990000
[12.545s][debug  ][gc,ergo        ] GC(46) Live_space: 882974656 free_space: 1041760256
[12.545s][debug  ][gc,ergo        ] GC(46) Old eden_size: 203423744 desired_eden_size: 203423744
[12.546s][debug  ][gc,ergo        ] GC(46) AdaptiveSizeStop: collection: 47 
[12.546s][info   ][gc,heap        ] GC(46) PSYoungGen: 229094K(230400K)->30720K(230400K) Eden: 198374K(198656K)->0K(198656K) From: 30720K(31744K)->30720K(31744K)
[12.546s][info   ][gc,heap        ] GC(46) ParOldGen: 902756K(1808896K)->974436K(1808896K)
[12.546s][info   ][gc,metaspace   ] GC(46) Metaspace: 1021K(1216K)->1021K(1216K) NonClass: 937K(1024K)->937K(1024K) Class: 83K(192K)->83K(192K)
[12.546s][info   ][gc             ] GC(46) Pause Young (Allocation Failure) 1105M->981M(1991M) 9.107ms
[12.546s][info   ][gc,cpu         ] GC(46) User=0.11s Sys=0.00s Real=0.01s
[12.546s][debug  ][gc,heap        ] GC(46) Heap after GC invocations=47 (full 8):
[12.546s][debug  ][gc,heap        ] GC(46)  PSYoungGen      total 230400K, used 30720K [0x00000000f0000000, 0x0000000100000000, 0x0000000100000000)
[12.546s][debug  ][gc,heap        ] GC(46)   eden space 198656K, 0% used [0x00000000f0000000,0x00000000f0000000,0x00000000fc200000)
[12.546s][debug  ][gc,heap        ] GC(46)   from space 31744K, 96% used [0x00000000fc200000,0x00000000fe000030,0x00000000fe100000)
[12.546s][debug  ][gc,heap        ] GC(46)   to   space 31232K, 0% used [0x00000000fe180000,0x00000000fe180000,0x0000000100000000)
[12.546s][debug  ][gc,heap        ] GC(46)  ParOldGen       total 1808896K, used 974436K [0x0000000080000000, 0x00000000ee680000, 0x00000000f0000000)
[12.546s][debug  ][gc,heap        ] GC(46)   object space 1808896K, 53% used [0x0000000080000000,0x00000000bb7991f8,0x00000000ee680000)
[12.546s][debug  ][gc,heap        ] GC(46)  Metaspace       used 1021K, committed 1216K, reserved 1056768K
[12.546s][debug  ][gc,heap        ] GC(46)   class space    used 83K, committed 192K, reserved 1048576K
[12.546s][debug  ][gc,task,time   ] GC(46) VM-Thread 125361039 125437808 125460228
[12.854s][debug  ][gc,heap        ] GC(47) Heap before GC invocations=48 (full 8):
[12.855s][debug  ][gc,heap        ] GC(47)  PSYoungGen      total 230400K, used 229123K [0x00000000f0000000, 0x0000000100000000, 0x0000000100000000)
[12.855s][debug  ][gc,heap        ] GC(47)   eden space 198656K, 99% used [0x00000000f0000000,0x00000000fc1c0db0,0x00000000fc200000)
[12.855s][debug  ][gc,heap        ] GC(47)   from space 31744K, 96% used [0x00000000fc200000,0x00000000fe000030,0x00000000fe100000)
[12.855s][debug  ][gc,heap        ] GC(47)   to   space 31232K, 0% used [0x00000000fe180000,0x00000000fe180000,0x0000000100000000)
[12.855s][debug  ][gc,heap        ] GC(47)  ParOldGen       total 1808896K, used 974436K [0x0000000080000000, 0x00000000ee680000, 0x00000000f0000000)
[12.855s][debug  ][gc,heap        ] GC(47)   object space 1808896K, 53% used [0x0000000080000000,0x00000000bb7991f8,0x00000000ee680000)
[12.855s][debug  ][gc,heap        ] GC(47)  Metaspace       used 1021K, committed 1216K, reserved 1056768K
[12.855s][debug  ][gc,heap        ] GC(47)   class space    used 83K, committed 192K, reserved 1048576K
[12.855s][debug  ][gc,tlab        ] GC(47) TLAB totals: thrds: 1  refills: 1 max: 1 slow allocs: 18 max 18 waste: 27.3% gc: 3935360B max: 3935360B slow: 0B max: 0B
[12.855s][info   ][gc,start       ] GC(47) Pause Young (Allocation Failure)
[12.855s][debug  ][gc,phases,start] GC(47) Scavenge
[12.870s][debug  ][gc,phases      ] GC(47) Scavenge 15.325ms
[12.870s][debug  ][gc,phases,start] GC(47) Reference Processing
[12.870s][debug  ][gc,ref         ] GC(47) Skipped phase 1 of Reference Processing: no references
[12.870s][debug  ][gc,ref         ] GC(47) Skipped phase 2 of Reference Processing: no references
[12.870s][debug  ][gc,ref         ] GC(47) Skipped phase 3 of Reference Processing: no references
[12.870s][debug  ][gc,ref         ] GC(47) Skipped phase 4 of Reference Processing: no references
[12.870s][debug  ][gc,phases,ref  ] GC(47) Reference Processing: 0.1ms
[12.871s][debug  ][gc,phases,ref  ] GC(47)   Reconsider SoftReferences: 0.0ms
[12.871s][debug  ][gc,phases,ref  ] GC(47)     SoftRef (ms):                  skipped
[12.871s][debug  ][gc,phases,ref  ] GC(47)   Notify Soft/WeakReferences: 0.0ms
[12.871s][debug  ][gc,phases,ref  ] GC(47)     SoftRef (ms):                  skipped
[12.871s][debug  ][gc,phases,ref  ] GC(47)     WeakRef (ms):                  skipped
[12.871s][debug  ][gc,phases,ref  ] GC(47)     FinalRef (ms):                 skipped
[12.871s][debug  ][gc,phases,ref  ] GC(47)     Total (ms):                    skipped
[12.871s][debug  ][gc,phases,ref  ] GC(47)   Notify and keep alive finalizable: 0.0ms
[12.871s][debug  ][gc,phases,ref  ] GC(47)     FinalRef (ms):                 skipped
[12.871s][debug  ][gc,phases,ref  ] GC(47)   Notify PhantomReferences: 0.0ms
[12.871s][debug  ][gc,phases,ref  ] GC(47)     PhantomRef (ms):               skipped
[12.871s][debug  ][gc,phases,ref  ] GC(47)   SoftReference:
[12.871s][debug  ][gc,phases,ref  ] GC(47)     Discovered: 0
[12.871s][debug  ][gc,phases,ref  ] GC(47)     Cleared: 0
[12.871s][debug  ][gc,phases,ref  ] GC(47)   WeakReference:
[12.871s][debug  ][gc,phases,ref  ] GC(47)     Discovered: 0
[12.871s][debug  ][gc,phases,ref  ] GC(47)     Cleared: 0
[12.871s][debug  ][gc,phases,ref  ] GC(47)   FinalReference:
[12.871s][debug  ][gc,phases,ref  ] GC(47)     Discovered: 0
[12.871s][debug  ][gc,phases,ref  ] GC(47)     Cleared: 0
[12.871s][debug  ][gc,phases,ref  ] GC(47)   PhantomReference:
[12.871s][debug  ][gc,phases,ref  ] GC(47)     Discovered: 0
[12.871s][debug  ][gc,phases,ref  ] GC(47)     Cleared: 0
[12.871s][debug  ][gc,phases      ] GC(47) Reference Processing 0.760ms
[12.871s][debug  ][gc,phases,start] GC(47) Weak Processing
[12.871s][debug  ][gc,phases      ] GC(47)   VM Weak                        Min:  0.0, Avg:  0.0, Max:  0.0, Diff:  0.0, Sum:  0.0, Workers: 6
[12.871s][debug  ][gc,phases      ] GC(47)     Dead                           Min: 0, Avg:  0.0, Max: 0, Diff: 0, Sum: 0, Workers: 6
[12.871s][debug  ][gc,phases      ] GC(47)     Total                          Min: 0, Avg:  1.3, Max: 8, Diff: 8, Sum: 8, Workers: 6
[12.871s][debug  ][gc,phases      ] GC(47)   ObjectSynchronizer Weak        Min:  0.0, Avg:  0.0, Max:  0.0, Diff:  0.0, Sum:  0.0, Workers: 6
[12.871s][debug  ][gc,phases      ] GC(47)     Dead                           Min: 0, Avg:  0.0, Max: 0, Diff: 0, Sum: 0, Workers: 6
[12.871s][debug  ][gc,phases      ] GC(47)     Total                          Min: 0, Avg:  0.5, Max: 3, Diff: 3, Sum: 3, Workers: 6
[12.871s][debug  ][gc,phases      ] GC(47)   JVMTI Tag Weak OopStorage      Min:  0.0, Avg:  0.0, Max:  0.0, Diff:  0.0, Sum:  0.0, Workers: 6
[12.871s][debug  ][gc,phases      ] GC(47)     Dead                           Min: 0, Avg:  0.0, Max: 0, Diff: 0, Sum: 0, Workers: 6
[12.871s][debug  ][gc,phases      ] GC(47)     Total                          Min: 0, Avg:  0.0, Max: 0, Diff: 0, Sum: 0, Workers: 6
[12.871s][debug  ][gc,phases      ] GC(47)   StringTable Weak               Min:  0.0, Avg:  0.0, Max:  0.0, Diff:  0.0, Sum:  0.0, Workers: 6
[12.871s][debug  ][gc,phases      ] GC(47)     Dead                           Min: 0, Avg:  0.0, Max: 0, Diff: 0, Sum: 0, Workers: 6
[12.871s][debug  ][gc,phases      ] GC(47)     Total                          Min: 768, Avg: 892.5, Max: 1216, Diff: 448, Sum: 5355, Workers: 6
[12.871s][debug  ][gc,phases      ] GC(47)   ResolvedMethodTable Weak       Min:  0.0, Avg:  0.0, Max:  0.0, Diff:  0.0, Sum:  0.0, Workers: 6
[12.871s][debug  ][gc,phases      ] GC(47)     Dead                           Min: 0, Avg:  0.0, Max: 0, Diff: 0, Sum: 0, Workers: 6
[12.871s][debug  ][gc,phases      ] GC(47)     Total                          Min: 0, Avg: 21.5, Max: 64, Diff: 64, Sum: 129, Workers: 6
[12.872s][debug  ][gc,phases      ] GC(47)   JNI Weak                       Min:  0.0, Avg:  0.0, Max:  0.0, Diff:  0.0, Sum:  0.0, Workers: 6
[12.872s][debug  ][gc,phases      ] GC(47)     Dead                           Min: 0, Avg:  0.0, Max: 0, Diff: 0, Sum: 0, Workers: 6
[12.872s][debug  ][gc,phases      ] GC(47)     Total                          Min: 0, Avg:  0.0, Max: 0, Diff: 0, Sum: 0, Workers: 6
[12.872s][debug  ][gc,phases      ] GC(47)   StringDedup Table Weak         Min:  0.0, Avg:  0.0, Max:  0.0, Diff:  0.0, Sum:  0.0, Workers: 6
[12.872s][debug  ][gc,phases      ] GC(47)     Dead                           Min: 0, Avg:  0.0, Max: 0, Diff: 0, Sum: 0, Workers: 6
[12.872s][debug  ][gc,phases      ] GC(47)     Total                          Min: 0, Avg:  0.0, Max: 0, Diff: 0, Sum: 0, Workers: 6
[12.872s][debug  ][gc,phases      ] GC(47)   StringDedup Requests0 Weak     Min:  0.0, Avg:  0.0, Max:  0.0, Diff:  0.0, Sum:  0.0, Workers: 6
[12.872s][debug  ][gc,phases      ] GC(47)     Dead                           Min: 0, Avg:  0.0, Max: 0, Diff: 0, Sum: 0, Workers: 6
[12.872s][debug  ][gc,phases      ] GC(47)     Total                          Min: 0, Avg:  0.0, Max: 0, Diff: 0, Sum: 0, Workers: 6
[12.872s][debug  ][gc,phases      ] GC(47)   StringDedup Requests1 Weak     Min:  0.0, Avg:  0.0, Max:  0.0, Diff:  0.0, Sum:  0.0, Workers: 6
[12.872s][debug  ][gc,phases      ] GC(47)     Dead                           Min: 0, Avg:  0.0, Max: 0, Diff: 0, Sum: 0, Workers: 6
[12.872s][debug  ][gc,phases      ] GC(47)     Total                          Min: 0, Avg:  0.0, Max: 0, Diff: 0, Sum: 0, Workers: 6
[12.872s][debug  ][gc,phases      ] GC(47)   Weak JFR Old Object Samples    Min:  0.0, Avg:  0.0, Max:  0.0, Diff:  0.0, Sum:  0.0, Workers: 6
[12.872s][debug  ][gc,phases      ] GC(47)     Dead                           Min: 0, Avg:  0.0, Max: 0, Diff: 0, Sum: 0, Workers: 6
[12.872s][debug  ][gc,phases      ] GC(47)     Total                          Min: 0, Avg:  0.0, Max: 0, Diff: 0, Sum: 0, Workers: 6
[12.872s][debug  ][gc,phases      ] GC(47) Weak Processing 0.739ms
[12.872s][debug  ][gc,ergo        ] GC(47) AdaptiveSizeStart:  collection: 48 
[12.872s][debug  ][gc,ergo        ] GC(47) avg_survived_padded_avg: 31915978.000000
[12.872s][debug  ][gc,ergo        ] GC(47) avg_promoted_padded_avg: 262460832.000000  avg_pretenured_padded_avg: 0.000000  tenuring_thresh: 1  target_size: 31981568
[12.872s][debug  ][gc,age         ] GC(47) Desired survivor size 31981568 bytes, new threshold 1 (max threshold 15)
[12.872s][debug  ][gc,ergo        ] GC(47) PSAdaptiveSizePolicy::compute_eden_space_size limits: desired_eden_size: 232163399 old_eden_size: 203423744 eden_limit: 203948032 cur_eden: 203423744 max_eden_size: 203948032 avg_young_live: 26422188
[12.872s][debug  ][gc,ergo        ] GC(47) PSAdaptiveSizePolicy::compute_eden_space_size: costs minor_time: 0.045721 major_cost: 0.035184 mutator_cost: 0.919094 throughput_goal: 0.990000
[12.872s][debug  ][gc,ergo        ] GC(47) Live_space: 883534080 free_space: 1041760256
[12.872s][debug  ][gc,ergo        ] GC(47) Old eden_size: 203423744 desired_eden_size: 203948032
[12.872s][debug  ][gc,ergo        ] GC(47) AdaptiveSizeStop: collection: 48 
[12.872s][info   ][gc,heap        ] GC(47) PSYoungGen: 229123K(230400K)->30720K(230912K) Eden: 198403K(198656K)->0K(199680K) From: 30720K(31744K)->30720K(31232K)
[12.872s][info   ][gc,heap        ] GC(47) ParOldGen: 974436K(1808896K)->1168996K(1808896K)
[12.872s][info   ][gc,metaspace   ] GC(47) Metaspace: 1021K(1216K)->1021K(1216K) NonClass: 937K(1024K)->937K(1024K) Class: 83K(192K)->83K(192K)
[12.872s][info   ][gc             ] GC(47) Pause Young (Allocation Failure) 1175M->1171M(1992M) 17.309ms
[12.872s][info   ][gc,cpu         ] GC(47) User=0.09s Sys=0.00s Real=0.02s
[12.872s][debug  ][gc,heap        ] GC(47) Heap after GC invocations=48 (full 8):
[12.872s][debug  ][gc,heap        ] GC(47)  PSYoungGen      total 230912K, used 30720K [0x00000000f0000000, 0x0000000100000000, 0x0000000100000000)
[12.872s][debug  ][gc,heap        ] GC(47)   eden space 199680K, 0% used [0x00000000f0000000,0x00000000f0000000,0x00000000fc300000)
[12.872s][debug  ][gc,heap        ] GC(47)   from space 31232K, 98% used [0x00000000fe180000,0x00000000fff80030,0x0000000100000000)
[12.872s][debug  ][gc,heap        ] GC(47)   to   space 31232K, 0% used [0x00000000fc300000,0x00000000fc300000,0x00000000fe180000)
[12.872s][debug  ][gc,heap        ] GC(47)  ParOldGen       total 1808896K, used 1168996K [0x0000000080000000, 0x00000000ee680000, 0x00000000f0000000)
[12.872s][debug  ][gc,heap        ] GC(47)   object space 1808896K, 64% used [0x0000000080000000,0x00000000c7599328,0x00000000ee680000)
[12.872s][debug  ][gc,heap        ] GC(47)  Metaspace       used 1021K, committed 1216K, reserved 1056768K
[12.872s][debug  ][gc,heap        ] GC(47)   class space    used 83K, committed 192K, reserved 1048576K
[12.872s][debug  ][gc,task,time   ] GC(47) VM-Thread 128543995 128703125 128724527
[13.171s][debug  ][gc,heap        ] GC(48) Heap before GC invocations=49 (full 8):
[13.171s][debug  ][gc,heap        ] GC(48)  PSYoungGen      total 230912K, used 229161K [0x00000000f0000000, 0x0000000100000000, 0x0000000100000000)
[13.171s][debug  ][gc,heap        ] GC(48)   eden space 199680K, 99% used [0x00000000f0000000,0x00000000fc1ca798,0x00000000fc300000)
[13.171s][debug  ][gc,heap        ] GC(48)   from space 31232K, 98% used [0x00000000fe180000,0x00000000fff80030,0x0000000100000000)
[13.171s][debug  ][gc,heap        ] GC(48)   to   space 31232K, 0% used [0x00000000fc300000,0x00000000fc300000,0x00000000fe180000)
[13.171s][debug  ][gc,heap        ] GC(48)  ParOldGen       total 1808896K, used 1168996K [0x0000000080000000, 0x00000000ee680000, 0x00000000f0000000)
[13.171s][debug  ][gc,heap        ] GC(48)   object space 1808896K, 64% used [0x0000000080000000,0x00000000c7599328,0x00000000ee680000)
[13.171s][debug  ][gc,heap        ] GC(48)  Metaspace       used 1021K, committed 1216K, reserved 1056768K
[13.172s][debug  ][gc,heap        ] GC(48)   class space    used 83K, committed 192K, reserved 1048576K
[13.172s][debug  ][gc,tlab        ] GC(48) TLAB totals: thrds: 1  refills: 1 max: 1 slow allocs: 18 max 18 waste: 27.5% gc: 3974760B max: 3974760B slow: 0B max: 0B
[13.172s][info   ][gc,start       ] GC(48) Pause Young (Allocation Failure)
[13.172s][debug  ][gc,phases,start] GC(48) Scavenge
[13.187s][debug  ][gc,phases      ] GC(48) Scavenge 15.465ms
[13.187s][debug  ][gc,phases,start] GC(48) Reference Processing
[13.187s][debug  ][gc,ref         ] GC(48) Skipped phase 1 of Reference Processing: no references
[13.187s][debug  ][gc,ref         ] GC(48) Skipped phase 2 of Reference Processing: no references
[13.187s][debug  ][gc,ref         ] GC(48) Skipped phase 3 of Reference Processing: no references
[13.187s][debug  ][gc,ref         ] GC(48) Skipped phase 4 of Reference Processing: no references
[13.187s][debug  ][gc,phases,ref  ] GC(48) Reference Processing: 0.1ms
[13.187s][debug  ][gc,phases,ref  ] GC(48)   Reconsider SoftReferences: 0.0ms
[13.187s][debug  ][gc,phases,ref  ] GC(48)     SoftRef (ms):                  skipped
[13.187s][debug  ][gc,phases,ref  ] GC(48)   Notify Soft/WeakReferences: 0.0ms
[13.187s][debug  ][gc,phases,ref  ] GC(48)     SoftRef (ms):                  skipped
[13.187s][debug  ][gc,phases,ref  ] GC(48)     WeakRef (ms):                  skipped
[13.187s][debug  ][gc,phases,ref  ] GC(48)     FinalRef (ms):                 skipped
[13.188s][debug  ][gc,phases,ref  ] GC(48)     Total (ms):                    skipped
[13.188s][debug  ][gc,phases,ref  ] GC(48)   Notify and keep alive finalizable: 0.0ms
[13.188s][debug  ][gc,phases,ref  ] GC(48)     FinalRef (ms):                 skipped
[13.188s][debug  ][gc,phases,ref  ] GC(48)   Notify PhantomReferences: 0.0ms
[13.188s][debug  ][gc,phases,ref  ] GC(48)     PhantomRef (ms):               skipped
[13.188s][debug  ][gc,phases,ref  ] GC(48)   SoftReference:
[13.188s][debug  ][gc,phases,ref  ] GC(48)     Discovered: 0
[13.188s][debug  ][gc,phases,ref  ] GC(48)     Cleared: 0
[13.188s][debug  ][gc,phases,ref  ] GC(48)   WeakReference:
[13.188s][debug  ][gc,phases,ref  ] GC(48)     Discovered: 0
[13.188s][debug  ][gc,phases,ref  ] GC(48)     Cleared: 0
[13.188s][debug  ][gc,phases,ref  ] GC(48)   FinalReference:
[13.188s][debug  ][gc,phases,ref  ] GC(48)     Discovered: 0
[13.188s][debug  ][gc,phases,ref  ] GC(48)     Cleared: 0
[13.188s][debug  ][gc,phases,ref  ] GC(48)   PhantomReference:
[13.188s][debug  ][gc,phases,ref  ] GC(48)     Discovered: 0
[13.188s][debug  ][gc,phases,ref  ] GC(48)     Cleared: 0
[13.188s][debug  ][gc,phases      ] GC(48) Reference Processing 0.675ms
[13.188s][debug  ][gc,phases,start] GC(48) Weak Processing
[13.188s][debug  ][gc,phases      ] GC(48)   VM Weak                        Min:  0.0, Avg:  0.0, Max:  0.0, Diff:  0.0, Sum:  0.0, Workers: 6
[13.188s][debug  ][gc,phases      ] GC(48)     Dead                           Min: 0, Avg:  0.0, Max: 0, Diff: 0, Sum: 0, Workers: 6
[13.188s][debug  ][gc,phases      ] GC(48)     Total                          Min: 0, Avg:  1.3, Max: 8, Diff: 8, Sum: 8, Workers: 6
[13.188s][debug  ][gc,phases      ] GC(48)   ObjectSynchronizer Weak        Min:  0.0, Avg:  0.0, Max:  0.0, Diff:  0.0, Sum:  0.0, Workers: 6
[13.188s][debug  ][gc,phases      ] GC(48)     Dead                           Min: 0, Avg:  0.0, Max: 0, Diff: 0, Sum: 0, Workers: 6
[13.188s][debug  ][gc,phases      ] GC(48)     Total                          Min: 0, Avg:  0.5, Max: 3, Diff: 3, Sum: 3, Workers: 6
[13.188s][debug  ][gc,phases      ] GC(48)   JVMTI Tag Weak OopStorage      Min:  0.0, Avg:  0.0, Max:  0.0, Diff:  0.0, Sum:  0.0, Workers: 6
[13.188s][debug  ][gc,phases      ] GC(48)     Dead                           Min: 0, Avg:  0.0, Max: 0, Diff: 0, Sum: 0, Workers: 6
[13.188s][debug  ][gc,phases      ] GC(48)     Total                          Min: 0, Avg:  0.0, Max: 0, Diff: 0, Sum: 0, Workers: 6
[13.188s][debug  ][gc,phases      ] GC(48)   StringTable Weak               Min:  0.0, Avg:  0.0, Max:  0.0, Diff:  0.0, Sum:  0.0, Workers: 6
[13.188s][debug  ][gc,phases      ] GC(48)     Dead                           Min: 0, Avg:  0.0, Max: 0, Diff: 0, Sum: 0, Workers: 6
[13.188s][debug  ][gc,phases      ] GC(48)     Total                          Min: 704, Avg: 892.5, Max: 1068, Diff: 364, Sum: 5355, Workers: 6
[13.188s][debug  ][gc,phases      ] GC(48)   ResolvedMethodTable Weak       Min:  0.0, Avg:  0.0, Max:  0.0, Diff:  0.0, Sum:  0.0, Workers: 6
[13.188s][debug  ][gc,phases      ] GC(48)     Dead                           Min: 0, Avg:  0.0, Max: 0, Diff: 0, Sum: 0, Workers: 6
[13.188s][debug  ][gc,phases      ] GC(48)     Total                          Min: 0, Avg: 21.5, Max: 64, Diff: 64, Sum: 129, Workers: 6
[13.188s][debug  ][gc,phases      ] GC(48)   JNI Weak                       Min:  0.0, Avg:  0.0, Max:  0.0, Diff:  0.0, Sum:  0.0, Workers: 6
[13.188s][debug  ][gc,phases      ] GC(48)     Dead                           Min: 0, Avg:  0.0, Max: 0, Diff: 0, Sum: 0, Workers: 6
[13.188s][debug  ][gc,phases      ] GC(48)     Total                          Min: 0, Avg:  0.0, Max: 0, Diff: 0, Sum: 0, Workers: 6
[13.188s][debug  ][gc,phases      ] GC(48)   StringDedup Table Weak         Min:  0.0, Avg:  0.0, Max:  0.0, Diff:  0.0, Sum:  0.0, Workers: 6
[13.188s][debug  ][gc,phases      ] GC(48)     Dead                           Min: 0, Avg:  0.0, Max: 0, Diff: 0, Sum: 0, Workers: 6
[13.188s][debug  ][gc,phases      ] GC(48)     Total                          Min: 0, Avg:  0.0, Max: 0, Diff: 0, Sum: 0, Workers: 6
[13.189s][debug  ][gc,phases      ] GC(48)   StringDedup Requests0 Weak     Min:  0.0, Avg:  0.0, Max:  0.0, Diff:  0.0, Sum:  0.0, Workers: 6
[13.189s][debug  ][gc,phases      ] GC(48)     Dead                           Min: 0, Avg:  0.0, Max: 0, Diff: 0, Sum: 0, Workers: 6
[13.189s][debug  ][gc,phases      ] GC(48)     Total                          Min: 0, Avg:  0.0, Max: 0, Diff: 0, Sum: 0, Workers: 6
[13.189s][debug  ][gc,phases      ] GC(48)   StringDedup Requests1 Weak     Min:  0.0, Avg:  0.0, Max:  0.0, Diff:  0.0, Sum:  0.0, Workers: 6
[13.189s][debug  ][gc,phases      ] GC(48)     Dead                           Min: 0, Avg:  0.0, Max: 0, Diff: 0, Sum: 0, Workers: 6
[13.189s][debug  ][gc,phases      ] GC(48)     Total                          Min: 0, Avg:  0.0, Max: 0, Diff: 0, Sum: 0, Workers: 6
[13.189s][debug  ][gc,phases      ] GC(48)   Weak JFR Old Object Samples    Min:  0.0, Avg:  0.0, Max:  0.0, Diff:  0.0, Sum:  0.0, Workers: 6
[13.189s][debug  ][gc,phases      ] GC(48)     Dead                           Min: 0, Avg:  0.0, Max: 0, Diff: 0, Sum: 0, Workers: 6
[13.189s][debug  ][gc,phases      ] GC(48)     Total                          Min: 0, Avg:  0.0, Max: 0, Diff: 0, Sum: 0, Workers: 6
[13.189s][debug  ][gc,phases      ] GC(48) Weak Processing 0.819ms
[13.189s][debug  ][gc,ergo        ] GC(48) AdaptiveSizeStart:  collection: 49 
[13.189s][debug  ][gc,ergo        ] GC(48) avg_survived_padded_avg: 31881028.000000
[13.189s][debug  ][gc,ergo        ] GC(48) avg_promoted_padded_avg: 265265184.000000  avg_pretenured_padded_avg: 0.000000  tenuring_thresh: 1  target_size: 31981568
[13.189s][debug  ][gc,age         ] GC(48) Desired survivor size 31981568 bytes, new threshold 1 (max threshold 15)
[13.189s][debug  ][gc,ergo        ] GC(48) PSAdaptiveSizePolicy::compute_eden_space_size limits: desired_eden_size: 230436982 old_eden_size: 203948032 eden_limit: 204472320 cur_eden: 204472320 max_eden_size: 204472320 avg_young_live: 26925700
[13.189s][debug  ][gc,ergo        ] GC(48) PSAdaptiveSizePolicy::compute_eden_space_size: costs minor_time: 0.047769 major_cost: 0.035184 mutator_cost: 0.917046 throughput_goal: 0.990000
[13.189s][debug  ][gc,ergo        ] GC(48) Live_space: 884037632 free_space: 1042284544
[13.189s][debug  ][gc,ergo        ] GC(48) Old eden_size: 203948032 desired_eden_size: 204472320
[13.189s][debug  ][gc,ergo        ] GC(48) AdaptiveSizeStop: collection: 49 
[13.189s][info   ][gc,heap        ] GC(48) PSYoungGen: 229161K(230912K)->30720K(230912K) Eden: 198441K(199680K)->0K(199680K) From: 30720K(31232K)->30720K(31232K)
[13.189s][info   ][gc,heap        ] GC(48) ParOldGen: 1168996K(1808896K)->1363557K(1808896K)
[13.189s][info   ][gc,metaspace   ] GC(48) Metaspace: 1021K(1216K)->1021K(1216K) NonClass: 937K(1024K)->937K(1024K) Class: 83K(192K)->83K(192K)
[13.189s][info   ][gc             ] GC(48) Pause Young (Allocation Failure) 1365M->1361M(1992M) 17.411ms
[13.189s][info   ][gc,cpu         ] GC(48) User=0.12s Sys=0.00s Real=0.02s
[13.189s][debug  ][gc,heap        ] GC(48) Heap after GC invocations=49 (full 8):
[13.189s][debug  ][gc,heap        ] GC(48)  PSYoungGen      total 230912K, used 30720K [0x00000000f0000000, 0x0000000100000000, 0x0000000100000000)
[13.189s][debug  ][gc,heap        ] GC(48)   eden space 199680K, 0% used [0x00000000f0000000,0x00000000f0000000,0x00000000fc300000)
[13.189s][debug  ][gc,heap        ] GC(48)   from space 31232K, 98% used [0x00000000fc300000,0x00000000fe100030,0x00000000fe180000)
[13.189s][debug  ][gc,heap        ] GC(48)   to   space 31232K, 0% used [0x00000000fe180000,0x00000000fe180000,0x0000000100000000)
[13.189s][debug  ][gc,heap        ] GC(48)  ParOldGen       total 1808896K, used 1363557K [0x0000000080000000, 0x00000000ee680000, 0x00000000f0000000)
[13.189s][debug  ][gc,heap        ] GC(48)   object space 1808896K, 75% used [0x0000000080000000,0x00000000d3399458,0x00000000ee680000)
[13.189s][debug  ][gc,heap        ] GC(48)  Metaspace       used 1021K, committed 1216K, reserved 1056768K
[13.189s][debug  ][gc,heap        ] GC(48)   class space    used 83K, committed 192K, reserved 1048576K
[13.189s][debug  ][gc,task,time   ] GC(48) VM-Thread 131711916 131872133 131892731
[13.489s][debug  ][gc,heap        ] GC(49) Heap before GC invocations=50 (full 8):
[13.489s][debug  ][gc,heap        ] GC(49)  PSYoungGen      total 230912K, used 229173K [0x00000000f0000000, 0x0000000100000000, 0x0000000100000000)
[13.489s][debug  ][gc,heap        ] GC(49)   eden space 199680K, 99% used [0x00000000f0000000,0x00000000fc1cd708,0x00000000fc300000)
[13.489s][debug  ][gc,heap        ] GC(49)   from space 31232K, 98% used [0x00000000fc300000,0x00000000fe100030,0x00000000fe180000)
[13.489s][debug  ][gc,heap        ] GC(49)   to   space 31232K, 0% used [0x00000000fe180000,0x00000000fe180000,0x0000000100000000)
[13.489s][debug  ][gc,heap        ] GC(49)  ParOldGen       total 1808896K, used 1363557K [0x0000000080000000, 0x00000000ee680000, 0x00000000f0000000)
[13.489s][debug  ][gc,heap        ] GC(49)   object space 1808896K, 75% used [0x0000000080000000,0x00000000d3399458,0x00000000ee680000)
[13.489s][debug  ][gc,heap        ] GC(49)  Metaspace       used 1021K, committed 1216K, reserved 1056768K
[13.489s][debug  ][gc,heap        ] GC(49)   class space    used 83K, committed 192K, reserved 1048576K
[13.489s][debug  ][gc,tlab        ] GC(49) TLAB totals: thrds: 1  refills: 1 max: 1 slow allocs: 18 max 18 waste: 27.5% gc: 3986904B max: 3986904B slow: 0B max: 0B
[13.489s][info   ][gc,start       ] GC(49) Pause Young (Allocation Failure)
[13.489s][debug  ][gc,phases,start] GC(49) Scavenge
[13.504s][debug  ][gc,phases      ] GC(49) Scavenge 15.309ms
[13.504s][debug  ][gc,phases,start] GC(49) Reference Processing
[13.504s][debug  ][gc,ref         ] GC(49) Skipped phase 1 of Reference Processing: no references
[13.504s][debug  ][gc,ref         ] GC(49) Skipped phase 2 of Reference Processing: no references
[13.504s][debug  ][gc,ref         ] GC(49) Skipped phase 3 of Reference Processing: no references
[13.505s][debug  ][gc,ref         ] GC(49) Skipped phase 4 of Reference Processing: no references
[13.505s][debug  ][gc,phases,ref  ] GC(49) Reference Processing: 0.1ms
[13.505s][debug  ][gc,phases,ref  ] GC(49)   Reconsider SoftReferences: 0.0ms
[13.505s][debug  ][gc,phases,ref  ] GC(49)     SoftRef (ms):                  skipped
[13.505s][debug  ][gc,phases,ref  ] GC(49)   Notify Soft/WeakReferences: 0.0ms
[13.505s][debug  ][gc,phases,ref  ] GC(49)     SoftRef (ms):                  skipped
[13.505s][debug  ][gc,phases,ref  ] GC(49)     WeakRef (ms):                  skipped
[13.505s][debug  ][gc,phases,ref  ] GC(49)     FinalRef (ms):                 skipped
[13.505s][debug  ][gc,phases,ref  ] GC(49)     Total (ms):                    skipped
[13.505s][debug  ][gc,phases,ref  ] GC(49)   Notify and keep alive finalizable: 0.0ms
[13.505s][debug  ][gc,phases,ref  ] GC(49)     FinalRef (ms):                 skipped
[13.505s][debug  ][gc,phases,ref  ] GC(49)   Notify PhantomReferences: 0.0ms
[13.505s][debug  ][gc,phases,ref  ] GC(49)     PhantomRef (ms):               skipped
[13.505s][debug  ][gc,phases,ref  ] GC(49)   SoftReference:
[13.505s][debug  ][gc,phases,ref  ] GC(49)     Discovered: 0
[13.505s][debug  ][gc,phases,ref  ] GC(49)     Cleared: 0
[13.505s][debug  ][gc,phases,ref  ] GC(49)   WeakReference:
[13.505s][debug  ][gc,phases,ref  ] GC(49)     Discovered: 0
[13.505s][debug  ][gc,phases,ref  ] GC(49)     Cleared: 0
[13.505s][debug  ][gc,phases,ref  ] GC(49)   FinalReference:
[13.505s][debug  ][gc,phases,ref  ] GC(49)     Discovered: 0
[13.505s][debug  ][gc,phases,ref  ] GC(49)     Cleared: 0
[13.505s][debug  ][gc,phases,ref  ] GC(49)   PhantomReference:
[13.505s][debug  ][gc,phases,ref  ] GC(49)     Discovered: 0
[13.505s][debug  ][gc,phases,ref  ] GC(49)     Cleared: 0
[13.505s][debug  ][gc,phases      ] GC(49) Reference Processing 0.710ms
[13.505s][debug  ][gc,phases,start] GC(49) Weak Processing
[13.505s][debug  ][gc,phases      ] GC(49)   VM Weak                        Min:  0.0, Avg:  0.0, Max:  0.0, Diff:  0.0, Sum:  0.0, Workers: 6
[13.505s][debug  ][gc,phases      ] GC(49)     Dead                           Min: 0, Avg:  0.0, Max: 0, Diff: 0, Sum: 0, Workers: 6
[13.505s][debug  ][gc,phases      ] GC(49)     Total                          Min: 0, Avg:  1.3, Max: 8, Diff: 8, Sum: 8, Workers: 6
[13.505s][debug  ][gc,phases      ] GC(49)   ObjectSynchronizer Weak        Min:  0.0, Avg:  0.0, Max:  0.0, Diff:  0.0, Sum:  0.0, Workers: 6
[13.505s][debug  ][gc,phases      ] GC(49)     Dead                           Min: 0, Avg:  0.0, Max: 0, Diff: 0, Sum: 0, Workers: 6
[13.505s][debug  ][gc,phases      ] GC(49)     Total                          Min: 0, Avg:  0.5, Max: 3, Diff: 3, Sum: 3, Workers: 6
[13.505s][debug  ][gc,phases      ] GC(49)   JVMTI Tag Weak OopStorage      Min:  0.0, Avg:  0.0, Max:  0.0, Diff:  0.0, Sum:  0.0, Workers: 6
[13.505s][debug  ][gc,phases      ] GC(49)     Dead                           Min: 0, Avg:  0.0, Max: 0, Diff: 0, Sum: 0, Workers: 6
[13.505s][debug  ][gc,phases      ] GC(49)     Total                          Min: 0, Avg:  0.0, Max: 0, Diff: 0, Sum: 0, Workers: 6
[13.505s][debug  ][gc,phases      ] GC(49)   StringTable Weak               Min:  0.0, Avg:  0.0, Max:  0.0, Diff:  0.0, Sum:  0.0, Workers: 6
[13.505s][debug  ][gc,phases      ] GC(49)     Dead                           Min: 0, Avg:  0.0, Max: 0, Diff: 0, Sum: 0, Workers: 6
[13.505s][debug  ][gc,phases      ] GC(49)     Total                          Min: 768, Avg: 892.5, Max: 1024, Diff: 256, Sum: 5355, Workers: 6
[13.505s][debug  ][gc,phases      ] GC(49)   ResolvedMethodTable Weak       Min:  0.0, Avg:  0.0, Max:  0.0, Diff:  0.0, Sum:  0.0, Workers: 6
[13.506s][debug  ][gc,phases      ] GC(49)     Dead                           Min: 0, Avg:  0.0, Max: 0, Diff: 0, Sum: 0, Workers: 6
[13.506s][debug  ][gc,phases      ] GC(49)     Total                          Min: 0, Avg: 21.5, Max: 64, Diff: 64, Sum: 129, Workers: 6
[13.506s][debug  ][gc,phases      ] GC(49)   JNI Weak                       Min:  0.0, Avg:  0.0, Max:  0.0, Diff:  0.0, Sum:  0.0, Workers: 6
[13.506s][debug  ][gc,phases      ] GC(49)     Dead                           Min: 0, Avg:  0.0, Max: 0, Diff: 0, Sum: 0, Workers: 6
[13.506s][debug  ][gc,phases      ] GC(49)     Total                          Min: 0, Avg:  0.0, Max: 0, Diff: 0, Sum: 0, Workers: 6
[13.506s][debug  ][gc,phases      ] GC(49)   StringDedup Table Weak         Min:  0.0, Avg:  0.0, Max:  0.0, Diff:  0.0, Sum:  0.0, Workers: 6
[13.506s][debug  ][gc,phases      ] GC(49)     Dead                           Min: 0, Avg:  0.0, Max: 0, Diff: 0, Sum: 0, Workers: 6
[13.506s][debug  ][gc,phases      ] GC(49)     Total                          Min: 0, Avg:  0.0, Max: 0, Diff: 0, Sum: 0, Workers: 6
[13.506s][debug  ][gc,phases      ] GC(49)   StringDedup Requests0 Weak     Min:  0.0, Avg:  0.0, Max:  0.0, Diff:  0.0, Sum:  0.0, Workers: 6
[13.506s][debug  ][gc,phases      ] GC(49)     Dead                           Min: 0, Avg:  0.0, Max: 0, Diff: 0, Sum: 0, Workers: 6
[13.506s][debug  ][gc,phases      ] GC(49)     Total                          Min: 0, Avg:  0.0, Max: 0, Diff: 0, Sum: 0, Workers: 6
[13.506s][debug  ][gc,phases      ] GC(49)   StringDedup Requests1 Weak     Min:  0.0, Avg:  0.0, Max:  0.0, Diff:  0.0, Sum:  0.0, Workers: 6
[13.506s][debug  ][gc,phases      ] GC(49)     Dead                           Min: 0, Avg:  0.0, Max: 0, Diff: 0, Sum: 0, Workers: 6
[13.506s][debug  ][gc,phases      ] GC(49)     Total                          Min: 0, Avg:  0.0, Max: 0, Diff: 0, Sum: 0, Workers: 6
[13.506s][debug  ][gc,phases      ] GC(49)   Weak JFR Old Object Samples    Min:  0.0, Avg:  0.0, Max:  0.0, Diff:  0.0, Sum:  0.0, Workers: 6
[13.506s][debug  ][gc,phases      ] GC(49)     Dead                           Min: 0, Avg:  0.0, Max: 0, Diff: 0, Sum: 0, Workers: 6
[13.506s][debug  ][gc,phases      ] GC(49)     Total                          Min: 0, Avg:  0.0, Max: 0, Diff: 0, Sum: 0, Workers: 6
[13.506s][debug  ][gc,phases      ] GC(49) Weak Processing 0.748ms
[13.506s][debug  ][gc,ergo        ] GC(49) AdaptiveSizeStart:  collection: 50 
[13.506s][debug  ][gc,ergo        ] GC(49) avg_survived_padded_avg: 31848480.000000
[13.506s][debug  ][gc,ergo        ] GC(49) avg_promoted_padded_avg: 266876336.000000  avg_pretenured_padded_avg: 0.000000  tenuring_thresh: 1  target_size: 31981568
[13.506s][debug  ][gc,age         ] GC(49) Desired survivor size 31981568 bytes, new threshold 1 (max threshold 15)
[13.506s][debug  ][gc,ergo        ] GC(49) PSAdaptiveSizePolicy::compute_eden_space_size limits: desired_eden_size: 230748433 old_eden_size: 204472320 eden_limit: 204472320 cur_eden: 204472320 max_eden_size: 204472320 avg_young_live: 27378860
[13.506s][debug  ][gc,ergo        ] GC(49) PSAdaptiveSizePolicy::compute_eden_space_size: costs minor_time: 0.049143 major_cost: 0.035184 mutator_cost: 0.915673 throughput_goal: 0.990000
[13.506s][debug  ][gc,ergo        ] GC(49) Live_space: 884490752 free_space: 1042808832
[13.506s][debug  ][gc,ergo        ] GC(49) Old eden_size: 204472320 desired_eden_size: 204472320
[13.506s][debug  ][gc,ergo        ] GC(49) AdaptiveSizeStop: collection: 50 
[13.506s][info   ][gc,heap        ] GC(49) PSYoungGen: 229173K(230912K)->30720K(230912K) Eden: 198453K(199680K)->0K(199680K) From: 30720K(31232K)->30720K(31232K)
[13.506s][info   ][gc,heap        ] GC(49) ParOldGen: 1363557K(1808896K)->1558117K(1808896K)
[13.506s][info   ][gc,metaspace   ] GC(49) Metaspace: 1021K(1216K)->1021K(1216K) NonClass: 937K(1024K)->937K(1024K) Class: 83K(192K)->83K(192K)
[13.506s][info   ][gc             ] GC(49) Pause Young (Allocation Failure) 1555M->1551M(1992M) 17.207ms
[13.506s][info   ][gc,cpu         ] GC(49) User=0.12s Sys=0.00s Real=0.02s
[13.506s][debug  ][gc,heap        ] GC(49) Heap after GC invocations=50 (full 8):
[13.506s][debug  ][gc,heap        ] GC(49)  PSYoungGen      total 230912K, used 30720K [0x00000000f0000000, 0x0000000100000000, 0x0000000100000000)
[13.506s][debug  ][gc,heap        ] GC(49)   eden space 199680K, 0% used [0x00000000f0000000,0x00000000f0000000,0x00000000fc300000)
[13.506s][debug  ][gc,heap        ] GC(49)   from space 31232K, 98% used [0x00000000fe180000,0x00000000fff80030,0x0000000100000000)
[13.506s][debug  ][gc,heap        ] GC(49)   to   space 31232K, 0% used [0x00000000fc300000,0x00000000fc300000,0x00000000fe180000)
[13.506s][debug  ][gc,heap        ] GC(49)  ParOldGen       total 1808896K, used 1558117K [0x0000000080000000, 0x00000000ee680000, 0x00000000f0000000)
[13.506s][debug  ][gc,heap        ] GC(49)   object space 1808896K, 86% used [0x0000000080000000,0x00000000df199588,0x00000000ee680000)
[13.506s][debug  ][gc,heap        ] GC(49)  Metaspace       used 1021K, committed 1216K, reserved 1056768K
[13.506s][debug  ][gc,heap        ] GC(49)   class space    used 83K, committed 192K, reserved 1048576K
[13.506s][debug  ][gc,task,time   ] GC(49) VM-Thread 134885250 135043766 135063839
[13.506s][debug  ][gc,phases,start] GC(50) Pre Compact
[13.506s][debug  ][gc,heap        ] GC(50) Heap before GC invocations=51 (full 9):
[13.506s][debug  ][gc,heap        ] GC(50)  PSYoungGen      total 230912K, used 30720K [0x00000000f0000000, 0x0000000100000000, 0x0000000100000000)
[13.506s][debug  ][gc,heap        ] GC(50)   eden space 199680K, 0% used [0x00000000f0000000,0x00000000f0000000,0x00000000fc300000)
[13.506s][debug  ][gc,heap        ] GC(50)   from space 31232K, 98% used [0x00000000fe180000,0x00000000fff80030,0x0000000100000000)
[13.507s][debug  ][gc,heap        ] GC(50)   to   space 31232K, 0% used [0x00000000fc300000,0x00000000fc300000,0x00000000fe180000)
[13.507s][debug  ][gc,heap        ] GC(50)  ParOldGen       total 1808896K, used 1558117K [0x0000000080000000, 0x00000000ee680000, 0x00000000f0000000)
[13.507s][debug  ][gc,heap        ] GC(50)   object space 1808896K, 86% used [0x0000000080000000,0x00000000df199588,0x00000000ee680000)
[13.507s][debug  ][gc,heap        ] GC(50)  Metaspace       used 1021K, committed 1216K, reserved 1056768K
[13.507s][debug  ][gc,heap        ] GC(50)   class space    used 83K, committed 192K, reserved 1048576K
[13.507s][debug  ][gc,phases      ] GC(50) Pre Compact 0.202ms
[13.507s][info   ][gc,start       ] GC(50) Pause Full (Ergonomics)
[13.507s][info   ][gc,phases,start] GC(50) Marking Phase
[13.507s][debug  ][gc,phases,start] GC(50) Par Mark
[13.507s][debug  ][gc,phases      ] GC(50) Par Mark 0.537ms
[13.507s][debug  ][gc,phases,start] GC(50) Reference Processing
[13.507s][debug  ][gc,ref         ] GC(50) Skipped phase 1 of Reference Processing: no references
[13.507s][debug  ][gc,ref         ] GC(50) ReferenceProcessor::execute queues: 1, RefProcThreadModel::Single, marks_oops_alive: false
[13.507s][debug  ][gc,ref         ] GC(50) Skipped phase 3 of Reference Processing: no references
[13.507s][debug  ][gc,ref         ] GC(50) ReferenceProcessor::execute queues: 1, RefProcThreadModel::Single, marks_oops_alive: false
[13.507s][debug  ][gc,phases,ref  ] GC(50) Reference Processing: 0.1ms
[13.507s][debug  ][gc,phases,ref  ] GC(50)   Reconsider SoftReferences: 0.0ms
[13.507s][debug  ][gc,phases,ref  ] GC(50)     SoftRef (ms):                  skipped
[13.507s][debug  ][gc,phases,ref  ] GC(50)   Notify Soft/WeakReferences: 0.0ms
[13.507s][debug  ][gc,phases,ref  ] GC(50)     SoftRef (ms):                  Min:  0.0, Avg:  0.0, Max:  0.0, Diff:  0.0, Sum:  0.0, Workers: 8
[13.507s][debug  ][gc,phases,ref  ] GC(50)     WeakRef (ms):                  Min:  0.0, Avg:  0.0, Max:  0.0, Diff:  0.0, Sum:  0.0, Workers: 8
[13.507s][debug  ][gc,phases,ref  ] GC(50)     FinalRef (ms):                 Min:  0.0, Avg:  0.0, Max:  0.0, Diff:  0.0, Sum:  0.0, Workers: 8
[13.508s][debug  ][gc,phases,ref  ] GC(50)     Total (ms):                    Min:  0.0, Avg:  0.0, Max:  0.0, Diff:  0.0, Sum:  0.0, Workers: 8
[13.508s][debug  ][gc,phases,ref  ] GC(50)   Notify and keep alive finalizable: 0.0ms
[13.508s][debug  ][gc,phases,ref  ] GC(50)     FinalRef (ms):                 skipped
[13.508s][debug  ][gc,phases,ref  ] GC(50)   Notify PhantomReferences: 0.0ms
[13.508s][debug  ][gc,phases,ref  ] GC(50)     PhantomRef (ms):               Min:  0.0, Avg:  0.0, Max:  0.0, Diff:  0.0, Sum:  0.0, Workers: 8
[13.508s][debug  ][gc,phases,ref  ] GC(50)   SoftReference:
[13.508s][debug  ][gc,phases,ref  ] GC(50)     Discovered: 0
[13.508s][debug  ][gc,phases,ref  ] GC(50)     Cleared: 0
[13.508s][debug  ][gc,phases,ref  ] GC(50)   WeakReference:
[13.508s][debug  ][gc,phases,ref  ] GC(50)     Discovered: 93
[13.508s][debug  ][gc,phases,ref  ] GC(50)     Cleared: 93
[13.508s][debug  ][gc,phases,ref  ] GC(50)   FinalReference:
[13.508s][debug  ][gc,phases,ref  ] GC(50)     Discovered: 0
[13.508s][debug  ][gc,phases,ref  ] GC(50)     Cleared: 0
[13.508s][debug  ][gc,phases,ref  ] GC(50)   PhantomReference:
[13.508s][debug  ][gc,phases,ref  ] GC(50)     Discovered: 3
[13.508s][debug  ][gc,phases,ref  ] GC(50)     Cleared: 3
[13.508s][debug  ][gc,phases      ] GC(50) Reference Processing 0.589ms
[13.508s][debug  ][gc,phases,start] GC(50) Weak Processing
[13.508s][debug  ][gc,phases      ] GC(50)   VM Weak                        Min:  0.0, Avg:  0.0, Max:  0.0, Diff:  0.0, Sum:  0.0, Workers: 6
[13.508s][debug  ][gc,phases      ] GC(50)     Dead                           Min: 0, Avg:  0.0, Max: 0, Diff: 0, Sum: 0, Workers: 6
[13.508s][debug  ][gc,phases      ] GC(50)     Total                          Min: 0, Avg:  1.3, Max: 8, Diff: 8, Sum: 8, Workers: 6
[13.508s][debug  ][gc,phases      ] GC(50)   ObjectSynchronizer Weak        Min:  0.0, Avg:  0.0, Max:  0.0, Diff:  0.0, Sum:  0.0, Workers: 6
[13.508s][debug  ][gc,phases      ] GC(50)     Dead                           Min: 0, Avg:  0.0, Max: 0, Diff: 0, Sum: 0, Workers: 6
[13.508s][debug  ][gc,phases      ] GC(50)     Total                          Min: 0, Avg:  0.5, Max: 3, Diff: 3, Sum: 3, Workers: 6
[13.508s][debug  ][gc,phases      ] GC(50)   JVMTI Tag Weak OopStorage      Min:  0.0, Avg:  0.0, Max:  0.0, Diff:  0.0, Sum:  0.0, Workers: 6
[13.508s][debug  ][gc,phases      ] GC(50)     Dead                           Min: 0, Avg:  0.0, Max: 0, Diff: 0, Sum: 0, Workers: 6
[13.508s][debug  ][gc,phases      ] GC(50)     Total                          Min: 0, Avg:  0.0, Max: 0, Diff: 0, Sum: 0, Workers: 6
[13.508s][debug  ][gc,phases      ] GC(50)   StringTable Weak               Min:  0.0, Avg:  0.0, Max:  0.0, Diff:  0.0, Sum:  0.0, Workers: 6
[13.508s][debug  ][gc,phases      ] GC(50)     Dead                           Min: 0, Avg:  0.0, Max: 0, Diff: 0, Sum: 0, Workers: 6
[13.508s][debug  ][gc,phases      ] GC(50)     Total                          Min: 768, Avg: 892.5, Max: 1004, Diff: 236, Sum: 5355, Workers: 6
[13.508s][debug  ][gc,phases      ] GC(50)   ResolvedMethodTable Weak       Min:  0.0, Avg:  0.0, Max:  0.0, Diff:  0.0, Sum:  0.0, Workers: 6
[13.508s][debug  ][gc,phases      ] GC(50)     Dead                           Min: 0, Avg:  0.0, Max: 0, Diff: 0, Sum: 0, Workers: 6
[13.508s][debug  ][gc,phases      ] GC(50)     Total                          Min: 0, Avg: 21.5, Max: 64, Diff: 64, Sum: 129, Workers: 6
[13.508s][debug  ][gc,phases      ] GC(50)   JNI Weak                       Min:  0.0, Avg:  0.0, Max:  0.0, Diff:  0.0, Sum:  0.0, Workers: 6
[13.508s][debug  ][gc,phases      ] GC(50)     Dead                           Min: 0, Avg:  0.0, Max: 0, Diff: 0, Sum: 0, Workers: 6
[13.508s][debug  ][gc,phases      ] GC(50)     Total                          Min: 0, Avg:  0.0, Max: 0, Diff: 0, Sum: 0, Workers: 6
[13.508s][debug  ][gc,phases      ] GC(50)   StringDedup Table Weak         Min:  0.0, Avg:  0.0, Max:  0.0, Diff:  0.0, Sum:  0.0, Workers: 6
[13.508s][debug  ][gc,phases      ] GC(50)     Dead                           Min: 0, Avg:  0.0, Max: 0, Diff: 0, Sum: 0, Workers: 6
[13.508s][debug  ][gc,phases      ] GC(50)     Total                          Min: 0, Avg:  0.0, Max: 0, Diff: 0, Sum: 0, Workers: 6
[13.508s][debug  ][gc,phases      ] GC(50)   StringDedup Requests0 Weak     Min:  0.0, Avg:  0.0, Max:  0.0, Diff:  0.0, Sum:  0.0, Workers: 6
[13.508s][debug  ][gc,phases      ] GC(50)     Dead                           Min: 0, Avg:  0.0, Max: 0, Diff: 0, Sum: 0, Workers: 6
[13.508s][debug  ][gc,phases      ] GC(50)     Total                          Min: 0, Avg:  0.0, Max: 0, Diff: 0, Sum: 0, Workers: 6
[13.508s][debug  ][gc,phases      ] GC(50)   StringDedup Requests1 Weak     Min:  0.0, Avg:  0.0, Max:  0.0, Diff:  0.0, Sum:  0.0, Workers: 6
[13.508s][debug  ][gc,phases      ] GC(50)     Dead                           Min: 0, Avg:  0.0, Max: 0, Diff: 0, Sum: 0, Workers: 6
[13.508s][debug  ][gc,phases      ] GC(50)     Total                          Min: 0, Avg:  0.0, Max: 0, Diff: 0, Sum: 0, Workers: 6
[13.508s][debug  ][gc,phases      ] GC(50)   Weak JFR Old Object Samples    Min:  0.0, Avg:  0.0, Max:  0.0, Diff:  0.0, Sum:  0.0, Workers: 6
[13.508s][debug  ][gc,phases      ] GC(50)     Dead                           Min: 0, Avg:  0.0, Max: 0, Diff: 0, Sum: 0, Workers: 6
[13.508s][debug  ][gc,phases      ] GC(50)     Total                          Min: 0, Avg:  0.0, Max: 0, Diff: 0, Sum: 0, Workers: 6
[13.509s][debug  ][gc,phases      ] GC(50) Weak Processing 0.649ms
[13.509s][debug  ][gc,phases,start] GC(50) Class Unloading
[13.509s][debug  ][gc,phases,start] GC(50) ClassLoaderData
[13.509s][debug  ][gc,phases      ] GC(50) ClassLoaderData 0.019ms
[13.509s][debug  ][gc,phases,start] GC(50) Trigger cleanups
[13.509s][debug  ][gc,phases      ] GC(50) Trigger cleanups 0.019ms
[13.509s][debug  ][gc,phases      ] GC(50) Class Unloading 0.255ms
[13.509s][info   ][gc,phases      ] GC(50) Marking Phase 2.145ms
[13.509s][info   ][gc,phases,start] GC(50) Summary Phase
[13.509s][info   ][gc,phases      ] GC(50) Summary Phase 0.035ms
[13.509s][info   ][gc,phases,start] GC(50) Adjust Roots
[13.509s][info   ][gc,phases      ] GC(50) Adjust Roots 0.135ms
[13.509s][info   ][gc,phases,start] GC(50) Compaction Phase
[13.584s][info   ][gc,phases      ] GC(50) Compaction Phase 74.768ms
[13.584s][info   ][gc,phases,start] GC(50) Post Compact
[13.589s][info   ][gc,phases      ] GC(50) Post Compact 5.013ms
[13.589s][debug  ][gc,ergo        ] GC(50) AdaptiveSizeStart: collection: 51 
[13.589s][debug  ][gc,ergo        ] GC(50) PSAdaptiveSizePolicy::compute_eden_space_size limits: desired_eden_size: 229696956 old_eden_size: 204472320 eden_limit: 204472320 cur_eden: 204472320 max_eden_size: 204472320 avg_young_live: 24640972
[13.589s][debug  ][gc,ergo        ] GC(50) PSAdaptiveSizePolicy::compute_eden_space_size: costs minor_time: 0.049143 major_cost: 0.038699 mutator_cost: 0.912158 throughput_goal: 0.990000
[13.589s][debug  ][gc,ergo        ] GC(50) Live_space: 881752896 free_space: 1042808832
[13.589s][debug  ][gc,ergo        ] GC(50) Old eden_size: 204472320 desired_eden_size: 204472320
[13.589s][debug  ][gc,ergo        ] GC(50) PSAdaptiveSizePolicy::compute_old_gen_free_space: costs minor_time: 0.049143 major_cost: 0.038699  mutator_cost: 0.912158 throughput_goal: 0.990000
[13.589s][debug  ][gc,ergo        ] GC(50) Live_space: 894462784 free_space: 1042808832
[13.589s][debug  ][gc,ergo        ] GC(50) Old promo_size: 838336512 desired_promo_size: 931135488
[13.589s][debug  ][gc             ] GC(50) Expanding ParOldGen from 1808896K by 26112K to 1835008K
[13.589s][debug  ][gc,ergo        ] GC(50) AdaptiveSizeStop: collection: 51 
[13.589s][info   ][gc,heap        ] GC(50) PSYoungGen: 30720K(230912K)->0K(230912K) Eden: 0K(199680K)->0K(199680K) From: 30720K(31232K)->0K(31232K)
[13.589s][info   ][gc,heap        ] GC(50) ParOldGen: 1558117K(1808896K)->687716K(1835008K)
[13.589s][info   ][gc,metaspace   ] GC(50) Metaspace: 1021K(1216K)->1021K(1216K) NonClass: 937K(1024K)->937K(1024K) Class: 83K(192K)->83K(192K)
[13.589s][info   ][gc             ] GC(50) Pause Full (Ergonomics) 1551M->671M(2017M) 82.764ms
[13.589s][info   ][gc,cpu         ] GC(50) User=0.52s Sys=0.02s Real=0.08s
[13.589s][debug  ][gc,heap        ] GC(50) Heap after GC invocations=51 (full 9):
[13.589s][debug  ][gc,heap        ] GC(50)  PSYoungGen      total 230912K, used 0K [0x00000000f0000000, 0x0000000100000000, 0x0000000100000000)
[13.589s][debug  ][gc,heap        ] GC(50)   eden space 199680K, 0% used [0x00000000f0000000,0x00000000f0000000,0x00000000fc300000)
[13.590s][debug  ][gc,heap        ] GC(50)   from space 31232K, 0% used [0x00000000fc300000,0x00000000fc300000,0x00000000fe180000)
[13.590s][debug  ][gc,heap        ] GC(50)   to   space 31232K, 0% used [0x00000000fe180000,0x00000000fe180000,0x0000000100000000)
[13.590s][debug  ][gc,heap        ] GC(50)  ParOldGen       total 1835008K, used 687716K [0x0000000080000000, 0x00000000f0000000, 0x00000000f0000000)
[13.590s][debug  ][gc,heap        ] GC(50)   object space 1835008K, 37% used [0x0000000080000000,0x00000000a9f99038,0x00000000f0000000)
[13.590s][debug  ][gc,heap        ] GC(50)  Metaspace       used 1021K, committed 1216K, reserved 1056768K
[13.590s][debug  ][gc,heap        ] GC(50)   class space    used 83K, committed 192K, reserved 1048576K
[13.590s][debug  ][gc,task,time   ] GC(50) VM-Thread 135066596 135090593 135894549
[13.902s][debug  ][gc,heap        ] GC(51) Heap before GC invocations=52 (full 9):
[13.902s][debug  ][gc,heap        ] GC(51)  PSYoungGen      total 230912K, used 198461K [0x00000000f0000000, 0x0000000100000000, 0x0000000100000000)
[13.902s][debug  ][gc,heap        ] GC(51)   eden space 199680K, 99% used [0x00000000f0000000,0x00000000fc1cf588,0x00000000fc300000)
[13.902s][debug  ][gc,heap        ] GC(51)   from space 31232K, 0% used [0x00000000fc300000,0x00000000fc300000,0x00000000fe180000)
[13.902s][debug  ][gc,heap        ] GC(51)   to   space 31232K, 0% used [0x00000000fe180000,0x00000000fe180000,0x0000000100000000)
[13.903s][debug  ][gc,heap        ] GC(51)  ParOldGen       total 1835008K, used 687716K [0x0000000080000000, 0x00000000f0000000, 0x00000000f0000000)
[13.903s][debug  ][gc,heap        ] GC(51)   object space 1835008K, 37% used [0x0000000080000000,0x00000000a9f99038,0x00000000f0000000)
[13.903s][debug  ][gc,heap        ] GC(51)  Metaspace       used 1021K, committed 1216K, reserved 1056768K
[13.903s][debug  ][gc,heap        ] GC(51)   class space    used 83K, committed 192K, reserved 1048576K
[13.903s][debug  ][gc,tlab        ] GC(51) TLAB totals: thrds: 1  refills: 1 max: 1 slow allocs: 18 max 18 waste: 27.6% gc: 3994712B max: 3994712B slow: 0B max: 0B
[13.903s][info   ][gc,start       ] GC(51) Pause Young (Allocation Failure)
[13.903s][debug  ][gc,phases,start] GC(51) Scavenge
[13.916s][debug  ][gc,phases      ] GC(51) Scavenge 13.012ms
[13.916s][debug  ][gc,phases,start] GC(51) Reference Processing
[13.916s][debug  ][gc,ref         ] GC(51) Skipped phase 1 of Reference Processing: no references
[13.916s][debug  ][gc,ref         ] GC(51) Skipped phase 2 of Reference Processing: no references
[13.916s][debug  ][gc,ref         ] GC(51) Skipped phase 3 of Reference Processing: no references
[13.916s][debug  ][gc,ref         ] GC(51) Skipped phase 4 of Reference Processing: no references
[13.916s][debug  ][gc,phases,ref  ] GC(51) Reference Processing: 0.1ms
[13.916s][debug  ][gc,phases,ref  ] GC(51)   Reconsider SoftReferences: 0.0ms
[13.916s][debug  ][gc,phases,ref  ] GC(51)     SoftRef (ms):                  skipped
[13.916s][debug  ][gc,phases,ref  ] GC(51)   Notify Soft/WeakReferences: 0.0ms
[13.916s][debug  ][gc,phases,ref  ] GC(51)     SoftRef (ms):                  skipped
[13.916s][debug  ][gc,phases,ref  ] GC(51)     WeakRef (ms):                  skipped
[13.916s][debug  ][gc,phases,ref  ] GC(51)     FinalRef (ms):                 skipped
[13.916s][debug  ][gc,phases,ref  ] GC(51)     Total (ms):                    skipped
[13.916s][debug  ][gc,phases,ref  ] GC(51)   Notify and keep alive finalizable: 0.0ms
[13.916s][debug  ][gc,phases,ref  ] GC(51)     FinalRef (ms):                 skipped
[13.916s][debug  ][gc,phases,ref  ] GC(51)   Notify PhantomReferences: 0.0ms
[13.916s][debug  ][gc,phases,ref  ] GC(51)     PhantomRef (ms):               skipped
[13.916s][debug  ][gc,phases,ref  ] GC(51)   SoftReference:
[13.916s][debug  ][gc,phases,ref  ] GC(51)     Discovered: 0
[13.916s][debug  ][gc,phases,ref  ] GC(51)     Cleared: 0
[13.916s][debug  ][gc,phases,ref  ] GC(51)   WeakReference:
[13.916s][debug  ][gc,phases,ref  ] GC(51)     Discovered: 0
[13.916s][debug  ][gc,phases,ref  ] GC(51)     Cleared: 0
[13.916s][debug  ][gc,phases,ref  ] GC(51)   FinalReference:
[13.916s][debug  ][gc,phases,ref  ] GC(51)     Discovered: 0
[13.916s][debug  ][gc,phases,ref  ] GC(51)     Cleared: 0
[13.916s][debug  ][gc,phases,ref  ] GC(51)   PhantomReference:
[13.916s][debug  ][gc,phases,ref  ] GC(51)     Discovered: 0
[13.916s][debug  ][gc,phases,ref  ] GC(51)     Cleared: 0
[13.916s][debug  ][gc,phases      ] GC(51) Reference Processing 0.574ms
[13.916s][debug  ][gc,phases,start] GC(51) Weak Processing
[13.916s][debug  ][gc,phases      ] GC(51)   VM Weak                        Min:  0.0, Avg:  0.0, Max:  0.0, Diff:  0.0, Sum:  0.0, Workers: 6
[13.917s][debug  ][gc,phases      ] GC(51)     Dead                           Min: 0, Avg:  0.0, Max: 0, Diff: 0, Sum: 0, Workers: 6
[13.917s][debug  ][gc,phases      ] GC(51)     Total                          Min: 0, Avg:  1.3, Max: 8, Diff: 8, Sum: 8, Workers: 6
[13.917s][debug  ][gc,phases      ] GC(51)   ObjectSynchronizer Weak        Min:  0.0, Avg:  0.0, Max:  0.0, Diff:  0.0, Sum:  0.0, Workers: 6
[13.917s][debug  ][gc,phases      ] GC(51)     Dead                           Min: 0, Avg:  0.0, Max: 0, Diff: 0, Sum: 0, Workers: 6
[13.917s][debug  ][gc,phases      ] GC(51)     Total                          Min: 0, Avg:  0.5, Max: 3, Diff: 3, Sum: 3, Workers: 6
[13.917s][debug  ][gc,phases      ] GC(51)   JVMTI Tag Weak OopStorage      Min:  0.0, Avg:  0.0, Max:  0.0, Diff:  0.0, Sum:  0.0, Workers: 6
[13.917s][debug  ][gc,phases      ] GC(51)     Dead                           Min: 0, Avg:  0.0, Max: 0, Diff: 0, Sum: 0, Workers: 6
[13.917s][debug  ][gc,phases      ] GC(51)     Total                          Min: 0, Avg:  0.0, Max: 0, Diff: 0, Sum: 0, Workers: 6
[13.917s][debug  ][gc,phases      ] GC(51)   StringTable Weak               Min:  0.0, Avg:  0.0, Max:  0.0, Diff:  0.0, Sum:  0.0, Workers: 6
[13.917s][debug  ][gc,phases      ] GC(51)     Dead                           Min: 0, Avg:  0.0, Max: 0, Diff: 0, Sum: 0, Workers: 6
[13.917s][debug  ][gc,phases      ] GC(51)     Total                          Min: 704, Avg: 892.5, Max: 1024, Diff: 320, Sum: 5355, Workers: 6
[13.917s][debug  ][gc,phases      ] GC(51)   ResolvedMethodTable Weak       Min:  0.0, Avg:  0.0, Max:  0.0, Diff:  0.0, Sum:  0.0, Workers: 6
[13.917s][debug  ][gc,phases      ] GC(51)     Dead                           Min: 0, Avg:  0.0, Max: 0, Diff: 0, Sum: 0, Workers: 6
[13.917s][debug  ][gc,phases      ] GC(51)     Total                          Min: 0, Avg: 21.5, Max: 64, Diff: 64, Sum: 129, Workers: 6
[13.917s][debug  ][gc,phases      ] GC(51)   JNI Weak                       Min:  0.0, Avg:  0.0, Max:  0.0, Diff:  0.0, Sum:  0.0, Workers: 6
[13.917s][debug  ][gc,phases      ] GC(51)     Dead                           Min: 0, Avg:  0.0, Max: 0, Diff: 0, Sum: 0, Workers: 6
[13.917s][debug  ][gc,phases      ] GC(51)     Total                          Min: 0, Avg:  0.0, Max: 0, Diff: 0, Sum: 0, Workers: 6
[13.917s][debug  ][gc,phases      ] GC(51)   StringDedup Table Weak         Min:  0.0, Avg:  0.0, Max:  0.0, Diff:  0.0, Sum:  0.0, Workers: 6
[13.917s][debug  ][gc,phases      ] GC(51)     Dead                           Min: 0, Avg:  0.0, Max: 0, Diff: 0, Sum: 0, Workers: 6
[13.917s][debug  ][gc,phases      ] GC(51)     Total                          Min: 0, Avg:  0.0, Max: 0, Diff: 0, Sum: 0, Workers: 6
[13.917s][debug  ][gc,phases      ] GC(51)   StringDedup Requests0 Weak     Min:  0.0, Avg:  0.0, Max:  0.0, Diff:  0.0, Sum:  0.0, Workers: 6
[13.917s][debug  ][gc,phases      ] GC(51)     Dead                           Min: 0, Avg:  0.0, Max: 0, Diff: 0, Sum: 0, Workers: 6
[13.917s][debug  ][gc,phases      ] GC(51)     Total                          Min: 0, Avg:  0.0, Max: 0, Diff: 0, Sum: 0, Workers: 6
[13.917s][debug  ][gc,phases      ] GC(51)   StringDedup Requests1 Weak     Min:  0.0, Avg:  0.0, Max:  0.0, Diff:  0.0, Sum:  0.0, Workers: 6
[13.917s][debug  ][gc,phases      ] GC(51)     Dead                           Min: 0, Avg:  0.0, Max: 0, Diff: 0, Sum: 0, Workers: 6
[13.917s][debug  ][gc,phases      ] GC(51)     Total                          Min: 0, Avg:  0.0, Max: 0, Diff: 0, Sum: 0, Workers: 6
[13.917s][debug  ][gc,phases      ] GC(51)   Weak JFR Old Object Samples    Min:  0.0, Avg:  0.0, Max:  0.0, Diff:  0.0, Sum:  0.0, Workers: 6
[13.917s][debug  ][gc,phases      ] GC(51)     Dead                           Min: 0, Avg:  0.0, Max: 0, Diff: 0, Sum: 0, Workers: 6
[13.917s][debug  ][gc,phases      ] GC(51)     Total                          Min: 0, Avg:  0.0, Max: 0, Diff: 0, Sum: 0, Workers: 6
[13.917s][debug  ][gc,phases      ] GC(51) Weak Processing 0.679ms
[13.917s][debug  ][gc,ergo        ] GC(51) AdaptiveSizeStart:  collection: 52 
[13.917s][debug  ][gc,ergo        ] GC(51) avg_survived_padded_avg: 31818206.000000
[13.917s][debug  ][gc,ergo        ] GC(51) avg_promoted_padded_avg: 258066192.000000  avg_pretenured_padded_avg: 0.000000  tenuring_thresh: 1  target_size: 31981568
[13.917s][debug  ][gc,age         ] GC(51) Desired survivor size 31981568 bytes, new threshold 1 (max threshold 15)
[13.917s][debug  ][gc,ergo        ] GC(51) PSAdaptiveSizePolicy::compute_eden_space_size limits: desired_eden_size: 228863964 old_eden_size: 204472320 eden_limit: 204472320 cur_eden: 204472320 max_eden_size: 204472320 avg_young_live: 25322608
[13.917s][debug  ][gc,ergo        ] GC(51) PSAdaptiveSizePolicy::compute_eden_space_size: costs minor_time: 0.045607 major_cost: 0.038699 mutator_cost: 0.915693 throughput_goal: 0.990000
[13.917s][debug  ][gc,ergo        ] GC(51) Live_space: 895144448 free_space: 1135607808
[13.917s][debug  ][gc,ergo        ] GC(51) Old eden_size: 204472320 desired_eden_size: 204472320
[13.917s][debug  ][gc,ergo        ] GC(51) AdaptiveSizeStop: collection: 52 
[13.917s][info   ][gc,heap        ] GC(51) PSYoungGen: 198461K(230912K)->30720K(230912K) Eden: 198461K(199680K)->0K(199680K) From: 0K(31232K)->30720K(31232K)
[13.917s][info   ][gc,heap        ] GC(51) ParOldGen: 687716K(1835008K)->851556K(1835008K)
[13.917s][info   ][gc,metaspace   ] GC(51) Metaspace: 1021K(1216K)->1021K(1216K) NonClass: 937K(1024K)->937K(1024K) Class: 83K(192K)->83K(192K)
[13.917s][info   ][gc             ] GC(51) Pause Young (Allocation Failure) 865M->861M(2017M) 14.707ms
[13.917s][info   ][gc,cpu         ] GC(51) User=0.11s Sys=0.00s Real=0.02s
[13.917s][debug  ][gc,heap        ] GC(51) Heap after GC invocations=52 (full 9):
[13.917s][debug  ][gc,heap        ] GC(51)  PSYoungGen      total 230912K, used 30720K [0x00000000f0000000, 0x0000000100000000, 0x0000000100000000)
[13.917s][debug  ][gc,heap        ] GC(51)   eden space 199680K, 0% used [0x00000000f0000000,0x00000000f0000000,0x00000000fc300000)
[13.918s][debug  ][gc,heap        ] GC(51)   from space 31232K, 98% used [0x00000000fe180000,0x00000000fff80030,0x0000000100000000)
[13.918s][debug  ][gc,heap        ] GC(51)   to   space 31232K, 0% used [0x00000000fc300000,0x00000000fc300000,0x00000000fe180000)
[13.918s][debug  ][gc,heap        ] GC(51)  ParOldGen       total 1835008K, used 851556K [0x0000000080000000, 0x00000000f0000000, 0x00000000f0000000)
[13.918s][debug  ][gc,heap        ] GC(51)   object space 1835008K, 46% used [0x0000000080000000,0x00000000b3f99138,0x00000000f0000000)
[13.918s][debug  ][gc,heap        ] GC(51)  Metaspace       used 1021K, committed 1216K, reserved 1056768K
[13.918s][debug  ][gc,heap        ] GC(51)   class space    used 83K, committed 192K, reserved 1048576K
[13.918s][debug  ][gc,task,time   ] GC(51) VM-Thread 139023164 139158349 139176337
[14.221s][debug  ][gc,heap        ] GC(52) Heap before GC invocations=53 (full 9):
[14.221s][debug  ][gc,heap        ] GC(52)  PSYoungGen      total 230912K, used 229114K [0x00000000f0000000, 0x0000000100000000, 0x0000000100000000)
[14.221s][debug  ][gc,heap        ] GC(52)   eden space 199680K, 99% used [0x00000000f0000000,0x00000000fc1be8a8,0x00000000fc300000)
[14.221s][debug  ][gc,heap        ] GC(52)   from space 31232K, 98% used [0x00000000fe180000,0x00000000fff80030,0x0000000100000000)
[14.221s][debug  ][gc,heap        ] GC(52)   to   space 31232K, 0% used [0x00000000fc300000,0x00000000fc300000,0x00000000fe180000)
[14.221s][debug  ][gc,heap        ] GC(52)  ParOldGen       total 1835008K, used 851556K [0x0000000080000000, 0x00000000f0000000, 0x00000000f0000000)
[14.221s][debug  ][gc,heap        ] GC(52)   object space 1835008K, 46% used [0x0000000080000000,0x00000000b3f99138,0x00000000f0000000)
[14.221s][debug  ][gc,heap        ] GC(52)  Metaspace       used 1021K, committed 1216K, reserved 1056768K
[14.221s][debug  ][gc,heap        ] GC(52)   class space    used 83K, committed 192K, reserved 1048576K
[14.221s][debug  ][gc,tlab        ] GC(52) TLAB totals: thrds: 1  refills: 1 max: 1 slow allocs: 18 max 18 waste: 27.2% gc: 3924712B max: 3924712B slow: 0B max: 0B
[14.221s][info   ][gc,start       ] GC(52) Pause Young (Allocation Failure)
[14.221s][debug  ][gc,phases,start] GC(52) Scavenge
[14.225s][debug  ][gc,phases      ] GC(52) Scavenge 3.578ms
[14.225s][debug  ][gc,phases,start] GC(52) Reference Processing
[14.225s][debug  ][gc,ref         ] GC(52) Skipped phase 1 of Reference Processing: no references
[14.225s][debug  ][gc,ref         ] GC(52) Skipped phase 2 of Reference Processing: no references
[14.225s][debug  ][gc,ref         ] GC(52) Skipped phase 3 of Reference Processing: no references
[14.225s][debug  ][gc,ref         ] GC(52) Skipped phase 4 of Reference Processing: no references
[14.225s][debug  ][gc,phases,ref  ] GC(52) Reference Processing: 0.1ms
[14.225s][debug  ][gc,phases,ref  ] GC(52)   Reconsider SoftReferences: 0.0ms
[14.225s][debug  ][gc,phases,ref  ] GC(52)     SoftRef (ms):                  skipped
[14.225s][debug  ][gc,phases,ref  ] GC(52)   Notify Soft/WeakReferences: 0.0ms
[14.225s][debug  ][gc,phases,ref  ] GC(52)     SoftRef (ms):                  skipped
[14.225s][debug  ][gc,phases,ref  ] GC(52)     WeakRef (ms):                  skipped
[14.225s][debug  ][gc,phases,ref  ] GC(52)     FinalRef (ms):                 skipped
[14.225s][debug  ][gc,phases,ref  ] GC(52)     Total (ms):                    skipped
[14.225s][debug  ][gc,phases,ref  ] GC(52)   Notify and keep alive finalizable: 0.0ms
[14.225s][debug  ][gc,phases,ref  ] GC(52)     FinalRef (ms):                 skipped
[14.225s][debug  ][gc,phases,ref  ] GC(52)   Notify PhantomReferences: 0.0ms
[14.225s][debug  ][gc,phases,ref  ] GC(52)     PhantomRef (ms):               skipped
[14.225s][debug  ][gc,phases,ref  ] GC(52)   SoftReference:
[14.225s][debug  ][gc,phases,ref  ] GC(52)     Discovered: 0
[14.225s][debug  ][gc,phases,ref  ] GC(52)     Cleared: 0
[14.225s][debug  ][gc,phases,ref  ] GC(52)   WeakReference:
[14.225s][debug  ][gc,phases,ref  ] GC(52)     Discovered: 0
[14.225s][debug  ][gc,phases,ref  ] GC(52)     Cleared: 0
[14.225s][debug  ][gc,phases,ref  ] GC(52)   FinalReference:
[14.225s][debug  ][gc,phases,ref  ] GC(52)     Discovered: 0
[14.225s][debug  ][gc,phases,ref  ] GC(52)     Cleared: 0
[14.225s][debug  ][gc,phases,ref  ] GC(52)   PhantomReference:
[14.225s][debug  ][gc,phases,ref  ] GC(52)     Discovered: 0
[14.225s][debug  ][gc,phases,ref  ] GC(52)     Cleared: 0
[14.225s][debug  ][gc,phases      ] GC(52) Reference Processing 0.576ms
[14.225s][debug  ][gc,phases,start] GC(52) Weak Processing
[14.225s][debug  ][gc,phases      ] GC(52)   VM Weak                        Min:  0.0, Avg:  0.0, Max:  0.0, Diff:  0.0, Sum:  0.0, Workers: 6
[14.225s][debug  ][gc,phases      ] GC(52)     Dead                           Min: 0, Avg:  0.0, Max: 0, Diff: 0, Sum: 0, Workers: 6
[14.225s][debug  ][gc,phases      ] GC(52)     Total                          Min: 0, Avg:  1.3, Max: 8, Diff: 8, Sum: 8, Workers: 6
[14.225s][debug  ][gc,phases      ] GC(52)   ObjectSynchronizer Weak        Min:  0.0, Avg:  0.0, Max:  0.0, Diff:  0.0, Sum:  0.0, Workers: 6
[14.226s][debug  ][gc,phases      ] GC(52)     Dead                           Min: 0, Avg:  0.0, Max: 0, Diff: 0, Sum: 0, Workers: 6
[14.226s][debug  ][gc,phases      ] GC(52)     Total                          Min: 0, Avg:  0.5, Max: 3, Diff: 3, Sum: 3, Workers: 6
[14.226s][debug  ][gc,phases      ] GC(52)   JVMTI Tag Weak OopStorage      Min:  0.0, Avg:  0.0, Max:  0.0, Diff:  0.0, Sum:  0.0, Workers: 6
[14.226s][debug  ][gc,phases      ] GC(52)     Dead                           Min: 0, Avg:  0.0, Max: 0, Diff: 0, Sum: 0, Workers: 6
[14.226s][debug  ][gc,phases      ] GC(52)     Total                          Min: 0, Avg:  0.0, Max: 0, Diff: 0, Sum: 0, Workers: 6
[14.226s][debug  ][gc,phases      ] GC(52)   StringTable Weak               Min:  0.0, Avg:  0.0, Max:  0.0, Diff:  0.0, Sum:  0.0, Workers: 6
[14.226s][debug  ][gc,phases      ] GC(52)     Dead                           Min: 0, Avg:  0.0, Max: 0, Diff: 0, Sum: 0, Workers: 6
[14.226s][debug  ][gc,phases      ] GC(52)     Total                          Min: 44, Avg: 892.5, Max: 1664, Diff: 1620, Sum: 5355, Workers: 6
[14.226s][debug  ][gc,phases      ] GC(52)   ResolvedMethodTable Weak       Min:  0.0, Avg:  0.0, Max:  0.0, Diff:  0.0, Sum:  0.0, Workers: 6
[14.226s][debug  ][gc,phases      ] GC(52)     Dead                           Min: 0, Avg:  0.0, Max: 0, Diff: 0, Sum: 0, Workers: 6
[14.226s][debug  ][gc,phases      ] GC(52)     Total                          Min: 0, Avg: 21.5, Max: 64, Diff: 64, Sum: 129, Workers: 6
[14.226s][debug  ][gc,phases      ] GC(52)   JNI Weak                       Min:  0.0, Avg:  0.0, Max:  0.0, Diff:  0.0, Sum:  0.0, Workers: 6
[14.226s][debug  ][gc,phases      ] GC(52)     Dead                           Min: 0, Avg:  0.0, Max: 0, Diff: 0, Sum: 0, Workers: 6
[14.226s][debug  ][gc,phases      ] GC(52)     Total                          Min: 0, Avg:  0.0, Max: 0, Diff: 0, Sum: 0, Workers: 6
[14.226s][debug  ][gc,phases      ] GC(52)   StringDedup Table Weak         Min:  0.0, Avg:  0.0, Max:  0.0, Diff:  0.0, Sum:  0.0, Workers: 6
[14.226s][debug  ][gc,phases      ] GC(52)     Dead                           Min: 0, Avg:  0.0, Max: 0, Diff: 0, Sum: 0, Workers: 6
[14.226s][debug  ][gc,phases      ] GC(52)     Total                          Min: 0, Avg:  0.0, Max: 0, Diff: 0, Sum: 0, Workers: 6
[14.226s][debug  ][gc,phases      ] GC(52)   StringDedup Requests0 Weak     Min:  0.0, Avg:  0.0, Max:  0.0, Diff:  0.0, Sum:  0.0, Workers: 6
[14.226s][debug  ][gc,phases      ] GC(52)     Dead                           Min: 0, Avg:  0.0, Max: 0, Diff: 0, Sum: 0, Workers: 6
[14.226s][debug  ][gc,phases      ] GC(52)     Total                          Min: 0, Avg:  0.0, Max: 0, Diff: 0, Sum: 0, Workers: 6
[14.226s][debug  ][gc,phases      ] GC(52)   StringDedup Requests1 Weak     Min:  0.0, Avg:  0.0, Max:  0.0, Diff:  0.0, Sum:  0.0, Workers: 6
[14.226s][debug  ][gc,phases      ] GC(52)     Dead                           Min: 0, Avg:  0.0, Max: 0, Diff: 0, Sum: 0, Workers: 6
[14.226s][debug  ][gc,phases      ] GC(52)     Total                          Min: 0, Avg:  0.0, Max: 0, Diff: 0, Sum: 0, Workers: 6
[14.226s][debug  ][gc,phases      ] GC(52)   Weak JFR Old Object Samples    Min:  0.0, Avg:  0.0, Max:  0.0, Diff:  0.0, Sum:  0.0, Workers: 6
[14.226s][debug  ][gc,phases      ] GC(52)     Dead                           Min: 0, Avg:  0.0, Max: 0, Diff: 0, Sum: 0, Workers: 6
[14.226s][debug  ][gc,phases      ] GC(52)     Total                          Min: 0, Avg:  0.0, Max: 0, Diff: 0, Sum: 0, Workers: 6
[14.226s][debug  ][gc,phases      ] GC(52) Weak Processing 0.679ms
[14.226s][debug  ][gc,ergo        ] GC(52) AdaptiveSizeStart:  collection: 53 
[14.226s][debug  ][gc,ergo        ] GC(52) avg_survived_padded_avg: 31790076.000000
[14.226s][debug  ][gc,ergo        ] GC(52) avg_promoted_padded_avg: 274983168.000000  avg_pretenured_padded_avg: 0.000000  tenuring_thresh: 1  target_size: 31981568
[14.226s][debug  ][gc,age         ] GC(52) Desired survivor size 31981568 bytes, new threshold 1 (max threshold 15)
[14.226s][debug  ][gc,ergo        ] GC(52) PSAdaptiveSizePolicy::compute_eden_space_size limits: desired_eden_size: 226873922 old_eden_size: 204472320 eden_limit: 204472320 cur_eden: 204472320 max_eden_size: 204472320 avg_young_live: 25936078
[14.226s][debug  ][gc,ergo        ] GC(52) PSAdaptiveSizePolicy::compute_eden_space_size: costs minor_time: 0.038212 major_cost: 0.038699 mutator_cost: 0.923088 throughput_goal: 0.990000
[14.226s][debug  ][gc,ergo        ] GC(52) Live_space: 895757888 free_space: 1135607808
[14.226s][debug  ][gc,ergo        ] GC(52) Old eden_size: 204472320 desired_eden_size: 204472320
[14.226s][debug  ][gc,ergo        ] GC(52) AdaptiveSizeStop: collection: 53 
[14.226s][info   ][gc,heap        ] GC(52) PSYoungGen: 229114K(230912K)->30720K(230912K) Eden: 198394K(199680K)->0K(199680K) From: 30720K(31232K)->30720K(31232K)
[14.226s][info   ][gc,heap        ] GC(52) ParOldGen: 851556K(1835008K)->872036K(1835008K)
[14.226s][info   ][gc,metaspace   ] GC(52) Metaspace: 1021K(1216K)->1021K(1216K) NonClass: 937K(1024K)->937K(1024K) Class: 83K(192K)->83K(192K)
[14.226s][info   ][gc             ] GC(52) Pause Young (Allocation Failure) 1055M->881M(2017M) 5.321ms
[14.226s][info   ][gc,cpu         ] GC(52) User=0.00s Sys=0.00s Real=0.01s
[14.226s][debug  ][gc,heap        ] GC(52) Heap after GC invocations=53 (full 9):
[14.226s][debug  ][gc,heap        ] GC(52)  PSYoungGen      total 230912K, used 30720K [0x00000000f0000000, 0x0000000100000000, 0x0000000100000000)
[14.226s][debug  ][gc,heap        ] GC(52)   eden space 199680K, 0% used [0x00000000f0000000,0x00000000f0000000,0x00000000fc300000)
[14.227s][debug  ][gc,heap        ] GC(52)   from space 31232K, 98% used [0x00000000fc300000,0x00000000fe100030,0x00000000fe180000)
[14.227s][debug  ][gc,heap        ] GC(52)   to   space 31232K, 0% used [0x00000000fe180000,0x00000000fe180000,0x0000000100000000)
[14.227s][debug  ][gc,heap        ] GC(52)  ParOldGen       total 1835008K, used 872036K [0x0000000080000000, 0x00000000f0000000, 0x00000000f0000000)
[14.227s][debug  ][gc,heap        ] GC(52)   object space 1835008K, 47% used [0x0000000080000000,0x00000000b5399158,0x00000000f0000000)
[14.227s][debug  ][gc,heap        ] GC(52)  Metaspace       used 1021K, committed 1216K, reserved 1056768K
[14.227s][debug  ][gc,heap        ] GC(52)   class space    used 83K, committed 192K, reserved 1048576K
[14.227s][debug  ][gc,task,time   ] GC(52) VM-Thread 142207272 142247696 142266324
[14.523s][debug  ][gc,heap        ] GC(53) Heap before GC invocations=54 (full 9):
[14.523s][debug  ][gc,heap        ] GC(53)  PSYoungGen      total 230912K, used 229143K [0x00000000f0000000, 0x0000000100000000, 0x0000000100000000)
[14.523s][debug  ][gc,heap        ] GC(53)   eden space 199680K, 99% used [0x00000000f0000000,0x00000000fc1c5c40,0x00000000fc300000)
[14.523s][debug  ][gc,heap        ] GC(53)   from space 31232K, 98% used [0x00000000fc300000,0x00000000fe100030,0x00000000fe180000)
[14.523s][debug  ][gc,heap        ] GC(53)   to   space 31232K, 0% used [0x00000000fe180000,0x00000000fe180000,0x0000000100000000)
[14.523s][debug  ][gc,heap        ] GC(53)  ParOldGen       total 1835008K, used 872036K [0x0000000080000000, 0x00000000f0000000, 0x00000000f0000000)
[14.523s][debug  ][gc,heap        ] GC(53)   object space 1835008K, 47% used [0x0000000080000000,0x00000000b5399158,0x00000000f0000000)
[14.523s][debug  ][gc,heap        ] GC(53)  Metaspace       used 1021K, committed 1216K, reserved 1056768K
[14.523s][debug  ][gc,heap        ] GC(53)   class space    used 83K, committed 192K, reserved 1048576K
[14.523s][debug  ][gc,tlab        ] GC(53) TLAB totals: thrds: 1  refills: 1 max: 1 slow allocs: 18 max 18 waste: 27.4% gc: 3955472B max: 3955472B slow: 0B max: 0B
[14.523s][info   ][gc,start       ] GC(53) Pause Young (Allocation Failure)
[14.523s][debug  ][gc,phases,start] GC(53) Scavenge
[14.539s][debug  ][gc,phases      ] GC(53) Scavenge 15.369ms
[14.539s][debug  ][gc,phases,start] GC(53) Reference Processing
[14.539s][debug  ][gc,ref         ] GC(53) Skipped phase 1 of Reference Processing: no references
[14.539s][debug  ][gc,ref         ] GC(53) Skipped phase 2 of Reference Processing: no references
[14.539s][debug  ][gc,ref         ] GC(53) Skipped phase 3 of Reference Processing: no references
[14.539s][debug  ][gc,ref         ] GC(53) Skipped phase 4 of Reference Processing: no references
[14.539s][debug  ][gc,phases,ref  ] GC(53) Reference Processing: 0.1ms
[14.539s][debug  ][gc,phases,ref  ] GC(53)   Reconsider SoftReferences: 0.0ms
[14.539s][debug  ][gc,phases,ref  ] GC(53)     SoftRef (ms):                  skipped
[14.539s][debug  ][gc,phases,ref  ] GC(53)   Notify Soft/WeakReferences: 0.0ms
[14.539s][debug  ][gc,phases,ref  ] GC(53)     SoftRef (ms):                  skipped
[14.539s][debug  ][gc,phases,ref  ] GC(53)     WeakRef (ms):                  skipped
[14.539s][debug  ][gc,phases,ref  ] GC(53)     FinalRef (ms):                 skipped
[14.539s][debug  ][gc,phases,ref  ] GC(53)     Total (ms):                    skipped
[14.539s][debug  ][gc,phases,ref  ] GC(53)   Notify and keep alive finalizable: 0.0ms
[14.539s][debug  ][gc,phases,ref  ] GC(53)     FinalRef (ms):                 skipped
[14.539s][debug  ][gc,phases,ref  ] GC(53)   Notify PhantomReferences: 0.0ms
[14.539s][debug  ][gc,phases,ref  ] GC(53)     PhantomRef (ms):               skipped
[14.539s][debug  ][gc,phases,ref  ] GC(53)   SoftReference:
[14.539s][debug  ][gc,phases,ref  ] GC(53)     Discovered: 0
[14.539s][debug  ][gc,phases,ref  ] GC(53)     Cleared: 0
[14.539s][debug  ][gc,phases,ref  ] GC(53)   WeakReference:
[14.539s][debug  ][gc,phases,ref  ] GC(53)     Discovered: 0
[14.539s][debug  ][gc,phases,ref  ] GC(53)     Cleared: 0
[14.539s][debug  ][gc,phases,ref  ] GC(53)   FinalReference:
[14.540s][debug  ][gc,phases,ref  ] GC(53)     Discovered: 0
[14.540s][debug  ][gc,phases,ref  ] GC(53)     Cleared: 0
[14.540s][debug  ][gc,phases,ref  ] GC(53)   PhantomReference:
[14.540s][debug  ][gc,phases,ref  ] GC(53)     Discovered: 0
[14.540s][debug  ][gc,phases,ref  ] GC(53)     Cleared: 0
[14.540s][debug  ][gc,phases      ] GC(53) Reference Processing 0.697ms
[14.540s][debug  ][gc,phases,start] GC(53) Weak Processing
[14.540s][debug  ][gc,phases      ] GC(53)   VM Weak                        Min:  0.0, Avg:  0.0, Max:  0.0, Diff:  0.0, Sum:  0.0, Workers: 6
[14.540s][debug  ][gc,phases      ] GC(53)     Dead                           Min: 0, Avg:  0.0, Max: 0, Diff: 0, Sum: 0, Workers: 6
[14.540s][debug  ][gc,phases      ] GC(53)     Total                          Min: 0, Avg:  1.3, Max: 8, Diff: 8, Sum: 8, Workers: 6
[14.540s][debug  ][gc,phases      ] GC(53)   ObjectSynchronizer Weak        Min:  0.0, Avg:  0.0, Max:  0.0, Diff:  0.0, Sum:  0.0, Workers: 6
[14.540s][debug  ][gc,phases      ] GC(53)     Dead                           Min: 0, Avg:  0.0, Max: 0, Diff: 0, Sum: 0, Workers: 6
[14.540s][debug  ][gc,phases      ] GC(53)     Total                          Min: 0, Avg:  0.5, Max: 3, Diff: 3, Sum: 3, Workers: 6
[14.540s][debug  ][gc,phases      ] GC(53)   JVMTI Tag Weak OopStorage      Min:  0.0, Avg:  0.0, Max:  0.0, Diff:  0.0, Sum:  0.0, Workers: 6
[14.540s][debug  ][gc,phases      ] GC(53)     Dead                           Min: 0, Avg:  0.0, Max: 0, Diff: 0, Sum: 0, Workers: 6
[14.540s][debug  ][gc,phases      ] GC(53)     Total                          Min: 0, Avg:  0.0, Max: 0, Diff: 0, Sum: 0, Workers: 6
[14.540s][debug  ][gc,phases      ] GC(53)   StringTable Weak               Min:  0.0, Avg:  0.0, Max:  0.0, Diff:  0.0, Sum:  0.0, Workers: 6
[14.540s][debug  ][gc,phases      ] GC(53)     Dead                           Min: 0, Avg:  0.0, Max: 0, Diff: 0, Sum: 0, Workers: 6
[14.540s][debug  ][gc,phases      ] GC(53)     Total                          Min: 747, Avg: 892.5, Max: 1088, Diff: 341, Sum: 5355, Workers: 6
[14.540s][debug  ][gc,phases      ] GC(53)   ResolvedMethodTable Weak       Min:  0.0, Avg:  0.0, Max:  0.0, Diff:  0.0, Sum:  0.0, Workers: 6
[14.540s][debug  ][gc,phases      ] GC(53)     Dead                           Min: 0, Avg:  0.0, Max: 0, Diff: 0, Sum: 0, Workers: 6
[14.540s][debug  ][gc,phases      ] GC(53)     Total                          Min: 0, Avg: 21.5, Max: 64, Diff: 64, Sum: 129, Workers: 6
[14.540s][debug  ][gc,phases      ] GC(53)   JNI Weak                       Min:  0.0, Avg:  0.0, Max:  0.0, Diff:  0.0, Sum:  0.0, Workers: 6
[14.540s][debug  ][gc,phases      ] GC(53)     Dead                           Min: 0, Avg:  0.0, Max: 0, Diff: 0, Sum: 0, Workers: 6
[14.540s][debug  ][gc,phases      ] GC(53)     Total                          Min: 0, Avg:  0.0, Max: 0, Diff: 0, Sum: 0, Workers: 6
[14.540s][debug  ][gc,phases      ] GC(53)   StringDedup Table Weak         Min:  0.0, Avg:  0.0, Max:  0.0, Diff:  0.0, Sum:  0.0, Workers: 6
[14.540s][debug  ][gc,phases      ] GC(53)     Dead                           Min: 0, Avg:  0.0, Max: 0, Diff: 0, Sum: 0, Workers: 6
[14.540s][debug  ][gc,phases      ] GC(53)     Total                          Min: 0, Avg:  0.0, Max: 0, Diff: 0, Sum: 0, Workers: 6
[14.540s][debug  ][gc,phases      ] GC(53)   StringDedup Requests0 Weak     Min:  0.0, Avg:  0.0, Max:  0.0, Diff:  0.0, Sum:  0.0, Workers: 6
[14.540s][debug  ][gc,phases      ] GC(53)     Dead                           Min: 0, Avg:  0.0, Max: 0, Diff: 0, Sum: 0, Workers: 6
[14.540s][debug  ][gc,phases      ] GC(53)     Total                          Min: 0, Avg:  0.0, Max: 0, Diff: 0, Sum: 0, Workers: 6
[14.540s][debug  ][gc,phases      ] GC(53)   StringDedup Requests1 Weak     Min:  0.0, Avg:  0.0, Max:  0.0, Diff:  0.0, Sum:  0.0, Workers: 6
[14.540s][debug  ][gc,phases      ] GC(53)     Dead                           Min: 0, Avg:  0.0, Max: 0, Diff: 0, Sum: 0, Workers: 6
[14.540s][debug  ][gc,phases      ] GC(53)     Total                          Min: 0, Avg:  0.0, Max: 0, Diff: 0, Sum: 0, Workers: 6
[14.540s][debug  ][gc,phases      ] GC(53)   Weak JFR Old Object Samples    Min:  0.0, Avg:  0.0, Max:  0.0, Diff:  0.0, Sum:  0.0, Workers: 6
[14.540s][debug  ][gc,phases      ] GC(53)     Dead                           Min: 0, Avg:  0.0, Max: 0, Diff: 0, Sum: 0, Workers: 6
[14.540s][debug  ][gc,phases      ] GC(53)     Total                          Min: 0, Avg:  0.0, Max: 0, Diff: 0, Sum: 0, Workers: 6
[14.540s][debug  ][gc,phases      ] GC(53) Weak Processing 0.799ms
[14.540s][debug  ][gc,ergo        ] GC(53) AdaptiveSizeStart:  collection: 54 
[14.540s][debug  ][gc,ergo        ] GC(53) avg_survived_padded_avg: 31763960.000000
[14.540s][debug  ][gc,ergo        ] GC(53) avg_promoted_padded_avg: 278973728.000000  avg_pretenured_padded_avg: 0.000000  tenuring_thresh: 1  target_size: 31981568
[14.541s][debug  ][gc,age         ] GC(53) Desired survivor size 31981568 bytes, new threshold 1 (max threshold 15)
[14.541s][debug  ][gc,ergo        ] GC(53) PSAdaptiveSizePolicy::compute_eden_space_size limits: desired_eden_size: 227982399 old_eden_size: 204472320 eden_limit: 204472320 cur_eden: 204472320 max_eden_size: 204472320 avg_young_live: 26488202
[14.541s][debug  ][gc,ergo        ] GC(53) PSAdaptiveSizePolicy::compute_eden_space_size: costs minor_time: 0.042163 major_cost: 0.038699 mutator_cost: 0.919137 throughput_goal: 0.990000
[14.541s][debug  ][gc,ergo        ] GC(53) Live_space: 896310016 free_space: 1135607808
[14.541s][debug  ][gc,ergo        ] GC(53) Old eden_size: 204472320 desired_eden_size: 204472320
[14.541s][debug  ][gc,ergo        ] GC(53) AdaptiveSizeStop: collection: 54 
[14.541s][info   ][gc,heap        ] GC(53) PSYoungGen: 229143K(230912K)->30720K(230912K) Eden: 198423K(199680K)->0K(199680K) From: 30720K(31232K)->30720K(31232K)
[14.541s][info   ][gc,heap        ] GC(53) ParOldGen: 872036K(1835008K)->1066596K(1835008K)
[14.541s][info   ][gc,metaspace   ] GC(53) Metaspace: 1021K(1216K)->1021K(1216K) NonClass: 937K(1024K)->937K(1024K) Class: 83K(192K)->83K(192K)
[14.541s][info   ][gc             ] GC(53) Pause Young (Allocation Failure) 1075M->1071M(2017M) 17.295ms
[14.541s][info   ][gc,cpu         ] GC(53) User=0.12s Sys=0.02s Real=0.02s
[14.541s][debug  ][gc,heap        ] GC(53) Heap after GC invocations=54 (full 9):
[14.541s][debug  ][gc,heap        ] GC(53)  PSYoungGen      total 230912K, used 30720K [0x00000000f0000000, 0x0000000100000000, 0x0000000100000000)
[14.541s][debug  ][gc,heap        ] GC(53)   eden space 199680K, 0% used [0x00000000f0000000,0x00000000f0000000,0x00000000fc300000)
[14.541s][debug  ][gc,heap        ] GC(53)   from space 31232K, 98% used [0x00000000fe180000,0x00000000fff80030,0x0000000100000000)
[14.541s][debug  ][gc,heap        ] GC(53)   to   space 31232K, 0% used [0x00000000fc300000,0x00000000fc300000,0x00000000fe180000)
[14.541s][debug  ][gc,heap        ] GC(53)  ParOldGen       total 1835008K, used 1066596K [0x0000000080000000, 0x00000000f0000000, 0x00000000f0000000)
[14.541s][debug  ][gc,heap        ] GC(53)   object space 1835008K, 58% used [0x0000000080000000,0x00000000c1199288,0x00000000f0000000)
[14.541s][debug  ][gc,heap        ] GC(53)  Metaspace       used 1021K, committed 1216K, reserved 1056768K
[14.541s][debug  ][gc,heap        ] GC(53)   class space    used 83K, committed 192K, reserved 1048576K
[14.541s][debug  ][gc,task,time   ] GC(53) VM-Thread 145229757 145389094 145409541
[14.840s][debug  ][gc,heap        ] GC(54) Heap before GC invocations=55 (full 9):
[14.840s][debug  ][gc,heap        ] GC(54)  PSYoungGen      total 230912K, used 229161K [0x00000000f0000000, 0x0000000100000000, 0x0000000100000000)
[14.840s][debug  ][gc,heap        ] GC(54)   eden space 199680K, 99% used [0x00000000f0000000,0x00000000fc1ca698,0x00000000fc300000)
[14.840s][debug  ][gc,heap        ] GC(54)   from space 31232K, 98% used [0x00000000fe180000,0x00000000fff80030,0x0000000100000000)
[14.840s][debug  ][gc,heap        ] GC(54)   to   space 31232K, 0% used [0x00000000fc300000,0x00000000fc300000,0x00000000fe180000)
[14.840s][debug  ][gc,heap        ] GC(54)  ParOldGen       total 1835008K, used 1066596K [0x0000000080000000, 0x00000000f0000000, 0x00000000f0000000)
[14.840s][debug  ][gc,heap        ] GC(54)   object space 1835008K, 58% used [0x0000000080000000,0x00000000c1199288,0x00000000f0000000)
[14.840s][debug  ][gc,heap        ] GC(54)  Metaspace       used 1021K, committed 1216K, reserved 1056768K
[14.840s][debug  ][gc,heap        ] GC(54)   class space    used 83K, committed 192K, reserved 1048576K
[14.840s][debug  ][gc,tlab        ] GC(54) TLAB totals: thrds: 1  refills: 1 max: 1 slow allocs: 18 max 18 waste: 27.5% gc: 3974504B max: 3974504B slow: 0B max: 0B
[14.840s][info   ][gc,start       ] GC(54) Pause Young (Allocation Failure)
[14.840s][debug  ][gc,phases,start] GC(54) Scavenge
[14.855s][debug  ][gc,phases      ] GC(54) Scavenge 14.879ms
[14.855s][debug  ][gc,phases,start] GC(54) Reference Processing
[14.855s][debug  ][gc,ref         ] GC(54) Skipped phase 1 of Reference Processing: no references
[14.855s][debug  ][gc,ref         ] GC(54) Skipped phase 2 of Reference Processing: no references
[14.855s][debug  ][gc,ref         ] GC(54) Skipped phase 3 of Reference Processing: no references
[14.855s][debug  ][gc,ref         ] GC(54) Skipped phase 4 of Reference Processing: no references
[14.855s][debug  ][gc,phases,ref  ] GC(54) Reference Processing: 0.1ms
[14.855s][debug  ][gc,phases,ref  ] GC(54)   Reconsider SoftReferences: 0.0ms
[14.855s][debug  ][gc,phases,ref  ] GC(54)     SoftRef (ms):                  skipped
[14.855s][debug  ][gc,phases,ref  ] GC(54)   Notify Soft/WeakReferences: 0.0ms
[14.855s][debug  ][gc,phases,ref  ] GC(54)     SoftRef (ms):                  skipped
[14.855s][debug  ][gc,phases,ref  ] GC(54)     WeakRef (ms):                  skipped
[14.855s][debug  ][gc,phases,ref  ] GC(54)     FinalRef (ms):                 skipped
[14.855s][debug  ][gc,phases,ref  ] GC(54)     Total (ms):                    skipped
[14.855s][debug  ][gc,phases,ref  ] GC(54)   Notify and keep alive finalizable: 0.0ms
[14.855s][debug  ][gc,phases,ref  ] GC(54)     FinalRef (ms):                 skipped
[14.855s][debug  ][gc,phases,ref  ] GC(54)   Notify PhantomReferences: 0.0ms
[14.855s][debug  ][gc,phases,ref  ] GC(54)     PhantomRef (ms):               skipped
[14.855s][debug  ][gc,phases,ref  ] GC(54)   SoftReference:
[14.855s][debug  ][gc,phases,ref  ] GC(54)     Discovered: 0
[14.855s][debug  ][gc,phases,ref  ] GC(54)     Cleared: 0
[14.855s][debug  ][gc,phases,ref  ] GC(54)   WeakReference:
[14.855s][debug  ][gc,phases,ref  ] GC(54)     Discovered: 0
[14.855s][debug  ][gc,phases,ref  ] GC(54)     Cleared: 0
[14.855s][debug  ][gc,phases,ref  ] GC(54)   FinalReference:
[14.855s][debug  ][gc,phases,ref  ] GC(54)     Discovered: 0
[14.856s][debug  ][gc,phases,ref  ] GC(54)     Cleared: 0
[14.856s][debug  ][gc,phases,ref  ] GC(54)   PhantomReference:
[14.856s][debug  ][gc,phases,ref  ] GC(54)     Discovered: 0
[14.856s][debug  ][gc,phases,ref  ] GC(54)     Cleared: 0
[14.856s][debug  ][gc,phases      ] GC(54) Reference Processing 0.576ms
[14.856s][debug  ][gc,phases,start] GC(54) Weak Processing
[14.856s][debug  ][gc,phases      ] GC(54)   VM Weak                        Min:  0.0, Avg:  0.0, Max:  0.0, Diff:  0.0, Sum:  0.0, Workers: 6
[14.856s][debug  ][gc,phases      ] GC(54)     Dead                           Min: 0, Avg:  0.0, Max: 0, Diff: 0, Sum: 0, Workers: 6
[14.856s][debug  ][gc,phases      ] GC(54)     Total                          Min: 0, Avg:  1.3, Max: 8, Diff: 8, Sum: 8, Workers: 6
[14.856s][debug  ][gc,phases      ] GC(54)   ObjectSynchronizer Weak        Min:  0.0, Avg:  0.0, Max:  0.0, Diff:  0.0, Sum:  0.0, Workers: 6
[14.856s][debug  ][gc,phases      ] GC(54)     Dead                           Min: 0, Avg:  0.0, Max: 0, Diff: 0, Sum: 0, Workers: 6
[14.856s][debug  ][gc,phases      ] GC(54)     Total                          Min: 0, Avg:  0.5, Max: 3, Diff: 3, Sum: 3, Workers: 6
[14.856s][debug  ][gc,phases      ] GC(54)   JVMTI Tag Weak OopStorage      Min:  0.0, Avg:  0.0, Max:  0.0, Diff:  0.0, Sum:  0.0, Workers: 6
[14.856s][debug  ][gc,phases      ] GC(54)     Dead                           Min: 0, Avg:  0.0, Max: 0, Diff: 0, Sum: 0, Workers: 6
[14.856s][debug  ][gc,phases      ] GC(54)     Total                          Min: 0, Avg:  0.0, Max: 0, Diff: 0, Sum: 0, Workers: 6
[14.856s][debug  ][gc,phases      ] GC(54)   StringTable Weak               Min:  0.0, Avg:  0.0, Max:  0.0, Diff:  0.0, Sum:  0.0, Workers: 6
[14.856s][debug  ][gc,phases      ] GC(54)     Dead                           Min: 0, Avg:  0.0, Max: 0, Diff: 0, Sum: 0, Workers: 6
[14.856s][debug  ][gc,phases      ] GC(54)     Total                          Min: 704, Avg: 892.5, Max: 1024, Diff: 320, Sum: 5355, Workers: 6
[14.856s][debug  ][gc,phases      ] GC(54)   ResolvedMethodTable Weak       Min:  0.0, Avg:  0.0, Max:  0.0, Diff:  0.0, Sum:  0.0, Workers: 6
[14.856s][debug  ][gc,phases      ] GC(54)     Dead                           Min: 0, Avg:  0.0, Max: 0, Diff: 0, Sum: 0, Workers: 6
[14.856s][debug  ][gc,phases      ] GC(54)     Total                          Min: 0, Avg: 21.5, Max: 64, Diff: 64, Sum: 129, Workers: 6
[14.856s][debug  ][gc,phases      ] GC(54)   JNI Weak                       Min:  0.0, Avg:  0.0, Max:  0.0, Diff:  0.0, Sum:  0.0, Workers: 6
[14.856s][debug  ][gc,phases      ] GC(54)     Dead                           Min: 0, Avg:  0.0, Max: 0, Diff: 0, Sum: 0, Workers: 6
[14.856s][debug  ][gc,phases      ] GC(54)     Total                          Min: 0, Avg:  0.0, Max: 0, Diff: 0, Sum: 0, Workers: 6
[14.856s][debug  ][gc,phases      ] GC(54)   StringDedup Table Weak         Min:  0.0, Avg:  0.0, Max:  0.0, Diff:  0.0, Sum:  0.0, Workers: 6
[14.856s][debug  ][gc,phases      ] GC(54)     Dead                           Min: 0, Avg:  0.0, Max: 0, Diff: 0, Sum: 0, Workers: 6
[14.856s][debug  ][gc,phases      ] GC(54)     Total                          Min: 0, Avg:  0.0, Max: 0, Diff: 0, Sum: 0, Workers: 6
[14.856s][debug  ][gc,phases      ] GC(54)   StringDedup Requests0 Weak     Min:  0.0, Avg:  0.0, Max:  0.0, Diff:  0.0, Sum:  0.0, Workers: 6
[14.856s][debug  ][gc,phases      ] GC(54)     Dead                           Min: 0, Avg:  0.0, Max: 0, Diff: 0, Sum: 0, Workers: 6
[14.856s][debug  ][gc,phases      ] GC(54)     Total                          Min: 0, Avg:  0.0, Max: 0, Diff: 0, Sum: 0, Workers: 6
[14.856s][debug  ][gc,phases      ] GC(54)   StringDedup Requests1 Weak     Min:  0.0, Avg:  0.0, Max:  0.0, Diff:  0.0, Sum:  0.0, Workers: 6
[14.856s][debug  ][gc,phases      ] GC(54)     Dead                           Min: 0, Avg:  0.0, Max: 0, Diff: 0, Sum: 0, Workers: 6
[14.856s][debug  ][gc,phases      ] GC(54)     Total                          Min: 0, Avg:  0.0, Max: 0, Diff: 0, Sum: 0, Workers: 6
[14.856s][debug  ][gc,phases      ] GC(54)   Weak JFR Old Object Samples    Min:  0.0, Avg:  0.0, Max:  0.0, Diff:  0.0, Sum:  0.0, Workers: 6
[14.856s][debug  ][gc,phases      ] GC(54)     Dead                           Min: 0, Avg:  0.0, Max: 0, Diff: 0, Sum: 0, Workers: 6
[14.856s][debug  ][gc,phases      ] GC(54)     Total                          Min: 0, Avg:  0.0, Max: 0, Diff: 0, Sum: 0, Workers: 6
[14.856s][debug  ][gc,phases      ] GC(54) Weak Processing 0.682ms
[14.856s][debug  ][gc,ergo        ] GC(54) AdaptiveSizeStart:  collection: 55 
[14.856s][debug  ][gc,ergo        ] GC(54) avg_survived_padded_avg: 31739738.000000
[14.856s][debug  ][gc,ergo        ] GC(54) avg_promoted_padded_avg: 281408640.000000  avg_pretenured_padded_avg: 0.000000  tenuring_thresh: 1  target_size: 31981568
[14.856s][debug  ][gc,age         ] GC(54) Desired survivor size 31981568 bytes, new threshold 1 (max threshold 15)
[14.856s][debug  ][gc,ergo        ] GC(54) PSAdaptiveSizePolicy::compute_eden_space_size limits: desired_eden_size: 228585671 old_eden_size: 204472320 eden_limit: 204472320 cur_eden: 204472320 max_eden_size: 204472320 avg_young_live: 26985116
[14.856s][debug  ][gc,ergo        ] GC(54) PSAdaptiveSizePolicy::compute_eden_space_size: costs minor_time: 0.044489 major_cost: 0.038699 mutator_cost: 0.916812 throughput_goal: 0.990000
[14.856s][debug  ][gc,ergo        ] GC(54) Live_space: 896806912 free_space: 1135607808
[14.856s][debug  ][gc,ergo        ] GC(54) Old eden_size: 204472320 desired_eden_size: 204472320
[14.856s][debug  ][gc,ergo        ] GC(54) AdaptiveSizeStop: collection: 55 
[14.857s][info   ][gc,heap        ] GC(54) PSYoungGen: 229161K(230912K)->30720K(230912K) Eden: 198441K(199680K)->0K(199680K) From: 30720K(31232K)->30720K(31232K)
[14.857s][info   ][gc,heap        ] GC(54) ParOldGen: 1066596K(1835008K)->1261156K(1835008K)
[14.857s][info   ][gc,metaspace   ] GC(54) Metaspace: 1021K(1216K)->1021K(1216K) NonClass: 937K(1024K)->937K(1024K) Class: 83K(192K)->83K(192K)
[14.857s][info   ][gc             ] GC(54) Pause Young (Allocation Failure) 1265M->1261M(2017M) 16.576ms
[14.857s][info   ][gc,cpu         ] GC(54) User=0.12s Sys=0.00s Real=0.02s
[14.857s][debug  ][gc,heap        ] GC(54) Heap after GC invocations=55 (full 9):
[14.857s][debug  ][gc,heap        ] GC(54)  PSYoungGen      total 230912K, used 30720K [0x00000000f0000000, 0x0000000100000000, 0x0000000100000000)
[14.857s][debug  ][gc,heap        ] GC(54)   eden space 199680K, 0% used [0x00000000f0000000,0x00000000f0000000,0x00000000fc300000)
[14.857s][debug  ][gc,heap        ] GC(54)   from space 31232K, 98% used [0x00000000fc300000,0x00000000fe100030,0x00000000fe180000)
[14.857s][debug  ][gc,heap        ] GC(54)   to   space 31232K, 0% used [0x00000000fe180000,0x00000000fe180000,0x0000000100000000)
[14.857s][debug  ][gc,heap        ] GC(54)  ParOldGen       total 1835008K, used 1261156K [0x0000000080000000, 0x00000000f0000000, 0x00000000f0000000)
[14.857s][debug  ][gc,heap        ] GC(54)   object space 1835008K, 68% used [0x0000000080000000,0x00000000ccf993b8,0x00000000f0000000)
[14.857s][debug  ][gc,heap        ] GC(54)  Metaspace       used 1021K, committed 1216K, reserved 1056768K
[14.857s][debug  ][gc,heap        ] GC(54)   class space    used 83K, committed 192K, reserved 1048576K
[14.857s][debug  ][gc,task,time   ] GC(54) VM-Thread 148396497 148550128 148568222
[15.156s][debug  ][gc,heap        ] GC(55) Heap before GC invocations=56 (full 9):
[15.156s][debug  ][gc,heap        ] GC(55)  PSYoungGen      total 230912K, used 229173K [0x00000000f0000000, 0x0000000100000000, 0x0000000100000000)
[15.156s][debug  ][gc,heap        ] GC(55)   eden space 199680K, 99% used [0x00000000f0000000,0x00000000fc1cd660,0x00000000fc300000)
[15.156s][debug  ][gc,heap        ] GC(55)   from space 31232K, 98% used [0x00000000fc300000,0x00000000fe100030,0x00000000fe180000)
[15.156s][debug  ][gc,heap        ] GC(55)   to   space 31232K, 0% used [0x00000000fe180000,0x00000000fe180000,0x0000000100000000)
[15.156s][debug  ][gc,heap        ] GC(55)  ParOldGen       total 1835008K, used 1261156K [0x0000000080000000, 0x00000000f0000000, 0x00000000f0000000)
[15.156s][debug  ][gc,heap        ] GC(55)   object space 1835008K, 68% used [0x0000000080000000,0x00000000ccf993b8,0x00000000f0000000)
[15.156s][debug  ][gc,heap        ] GC(55)  Metaspace       used 1021K, committed 1216K, reserved 1056768K
[15.156s][debug  ][gc,heap        ] GC(55)   class space    used 83K, committed 192K, reserved 1048576K
[15.156s][debug  ][gc,tlab        ] GC(55) TLAB totals: thrds: 1  refills: 1 max: 1 slow allocs: 18 max 18 waste: 27.5% gc: 3986736B max: 3986736B slow: 0B max: 0B
[15.156s][info   ][gc,start       ] GC(55) Pause Young (Allocation Failure)
[15.157s][debug  ][gc,phases,start] GC(55) Scavenge
[15.172s][debug  ][gc,phases      ] GC(55) Scavenge 15.164ms
[15.172s][debug  ][gc,phases,start] GC(55) Reference Processing
[15.172s][debug  ][gc,ref         ] GC(55) Skipped phase 1 of Reference Processing: no references
[15.172s][debug  ][gc,ref         ] GC(55) Skipped phase 2 of Reference Processing: no references
[15.172s][debug  ][gc,ref         ] GC(55) Skipped phase 3 of Reference Processing: no references
[15.172s][debug  ][gc,ref         ] GC(55) Skipped phase 4 of Reference Processing: no references
[15.172s][debug  ][gc,phases,ref  ] GC(55) Reference Processing: 0.1ms
[15.172s][debug  ][gc,phases,ref  ] GC(55)   Reconsider SoftReferences: 0.0ms
[15.172s][debug  ][gc,phases,ref  ] GC(55)     SoftRef (ms):                  skipped
[15.172s][debug  ][gc,phases,ref  ] GC(55)   Notify Soft/WeakReferences: 0.0ms
[15.172s][debug  ][gc,phases,ref  ] GC(55)     SoftRef (ms):                  skipped
[15.172s][debug  ][gc,phases,ref  ] GC(55)     WeakRef (ms):                  skipped
[15.172s][debug  ][gc,phases,ref  ] GC(55)     FinalRef (ms):                 skipped
[15.172s][debug  ][gc,phases,ref  ] GC(55)     Total (ms):                    skipped
[15.172s][debug  ][gc,phases,ref  ] GC(55)   Notify and keep alive finalizable: 0.0ms
[15.172s][debug  ][gc,phases,ref  ] GC(55)     FinalRef (ms):                 skipped
[15.172s][debug  ][gc,phases,ref  ] GC(55)   Notify PhantomReferences: 0.0ms
[15.172s][debug  ][gc,phases,ref  ] GC(55)     PhantomRef (ms):               skipped
[15.172s][debug  ][gc,phases,ref  ] GC(55)   SoftReference:
[15.172s][debug  ][gc,phases,ref  ] GC(55)     Discovered: 0
[15.172s][debug  ][gc,phases,ref  ] GC(55)     Cleared: 0
[15.172s][debug  ][gc,phases,ref  ] GC(55)   WeakReference:
[15.172s][debug  ][gc,phases,ref  ] GC(55)     Discovered: 0
[15.172s][debug  ][gc,phases,ref  ] GC(55)     Cleared: 0
[15.172s][debug  ][gc,phases,ref  ] GC(55)   FinalReference:
[15.172s][debug  ][gc,phases,ref  ] GC(55)     Discovered: 0
[15.172s][debug  ][gc,phases,ref  ] GC(55)     Cleared: 0
[15.172s][debug  ][gc,phases,ref  ] GC(55)   PhantomReference:
[15.172s][debug  ][gc,phases,ref  ] GC(55)     Discovered: 0
[15.172s][debug  ][gc,phases,ref  ] GC(55)     Cleared: 0
[15.172s][debug  ][gc,phases      ] GC(55) Reference Processing 0.644ms
[15.172s][debug  ][gc,phases,start] GC(55) Weak Processing
[15.172s][debug  ][gc,phases      ] GC(55)   VM Weak                        Min:  0.0, Avg:  0.0, Max:  0.0, Diff:  0.0, Sum:  0.0, Workers: 6
[15.172s][debug  ][gc,phases      ] GC(55)     Dead                           Min: 0, Avg:  0.0, Max: 0, Diff: 0, Sum: 0, Workers: 6
[15.173s][debug  ][gc,phases      ] GC(55)     Total                          Min: 0, Avg:  1.3, Max: 8, Diff: 8, Sum: 8, Workers: 6
[15.173s][debug  ][gc,phases      ] GC(55)   ObjectSynchronizer Weak        Min:  0.0, Avg:  0.0, Max:  0.0, Diff:  0.0, Sum:  0.0, Workers: 6
[15.173s][debug  ][gc,phases      ] GC(55)     Dead                           Min: 0, Avg:  0.0, Max: 0, Diff: 0, Sum: 0, Workers: 6
[15.173s][debug  ][gc,phases      ] GC(55)     Total                          Min: 0, Avg:  0.5, Max: 3, Diff: 3, Sum: 3, Workers: 6
[15.173s][debug  ][gc,phases      ] GC(55)   JVMTI Tag Weak OopStorage      Min:  0.0, Avg:  0.0, Max:  0.0, Diff:  0.0, Sum:  0.0, Workers: 6
[15.173s][debug  ][gc,phases      ] GC(55)     Dead                           Min: 0, Avg:  0.0, Max: 0, Diff: 0, Sum: 0, Workers: 6
[15.173s][debug  ][gc,phases      ] GC(55)     Total                          Min: 0, Avg:  0.0, Max: 0, Diff: 0, Sum: 0, Workers: 6
[15.173s][debug  ][gc,phases      ] GC(55)   StringTable Weak               Min:  0.0, Avg:  0.0, Max:  0.0, Diff:  0.0, Sum:  0.0, Workers: 6
[15.173s][debug  ][gc,phases      ] GC(55)     Dead                           Min: 0, Avg:  0.0, Max: 0, Diff: 0, Sum: 0, Workers: 6
[15.173s][debug  ][gc,phases      ] GC(55)     Total                          Min: 640, Avg: 892.5, Max: 1068, Diff: 428, Sum: 5355, Workers: 6
[15.173s][debug  ][gc,phases      ] GC(55)   ResolvedMethodTable Weak       Min:  0.0, Avg:  0.0, Max:  0.0, Diff:  0.0, Sum:  0.0, Workers: 6
[15.173s][debug  ][gc,phases      ] GC(55)     Dead                           Min: 0, Avg:  0.0, Max: 0, Diff: 0, Sum: 0, Workers: 6
[15.173s][debug  ][gc,phases      ] GC(55)     Total                          Min: 0, Avg: 21.5, Max: 64, Diff: 64, Sum: 129, Workers: 6
[15.173s][debug  ][gc,phases      ] GC(55)   JNI Weak                       Min:  0.0, Avg:  0.0, Max:  0.0, Diff:  0.0, Sum:  0.0, Workers: 6
[15.173s][debug  ][gc,phases      ] GC(55)     Dead                           Min: 0, Avg:  0.0, Max: 0, Diff: 0, Sum: 0, Workers: 6
[15.173s][debug  ][gc,phases      ] GC(55)     Total                          Min: 0, Avg:  0.0, Max: 0, Diff: 0, Sum: 0, Workers: 6
[15.173s][debug  ][gc,phases      ] GC(55)   StringDedup Table Weak         Min:  0.0, Avg:  0.0, Max:  0.0, Diff:  0.0, Sum:  0.0, Workers: 6
[15.173s][debug  ][gc,phases      ] GC(55)     Dead                           Min: 0, Avg:  0.0, Max: 0, Diff: 0, Sum: 0, Workers: 6
[15.173s][debug  ][gc,phases      ] GC(55)     Total                          Min: 0, Avg:  0.0, Max: 0, Diff: 0, Sum: 0, Workers: 6
[15.173s][debug  ][gc,phases      ] GC(55)   StringDedup Requests0 Weak     Min:  0.0, Avg:  0.0, Max:  0.0, Diff:  0.0, Sum:  0.0, Workers: 6
[15.173s][debug  ][gc,phases      ] GC(55)     Dead                           Min: 0, Avg:  0.0, Max: 0, Diff: 0, Sum: 0, Workers: 6
[15.173s][debug  ][gc,phases      ] GC(55)     Total                          Min: 0, Avg:  0.0, Max: 0, Diff: 0, Sum: 0, Workers: 6
[15.173s][debug  ][gc,phases      ] GC(55)   StringDedup Requests1 Weak     Min:  0.0, Avg:  0.0, Max:  0.0, Diff:  0.0, Sum:  0.0, Workers: 6
[15.173s][debug  ][gc,phases      ] GC(55)     Dead                           Min: 0, Avg:  0.0, Max: 0, Diff: 0, Sum: 0, Workers: 6
[15.173s][debug  ][gc,phases      ] GC(55)     Total                          Min: 0, Avg:  0.0, Max: 0, Diff: 0, Sum: 0, Workers: 6
[15.173s][debug  ][gc,phases      ] GC(55)   Weak JFR Old Object Samples    Min:  0.0, Avg:  0.0, Max:  0.0, Diff:  0.0, Sum:  0.0, Workers: 6
[15.173s][debug  ][gc,phases      ] GC(55)     Dead                           Min: 0, Avg:  0.0, Max: 0, Diff: 0, Sum: 0, Workers: 6
[15.173s][debug  ][gc,phases      ] GC(55)     Total                          Min: 0, Avg:  0.0, Max: 0, Diff: 0, Sum: 0, Workers: 6
[15.173s][debug  ][gc,phases      ] GC(55) Weak Processing 0.676ms
[15.173s][debug  ][gc,ergo        ] GC(55) AdaptiveSizeStart:  collection: 56 
[15.173s][debug  ][gc,ergo        ] GC(55) avg_survived_padded_avg: 31717294.000000
[15.173s][debug  ][gc,ergo        ] GC(55) avg_promoted_padded_avg: 282559136.000000  avg_pretenured_padded_avg: 0.000000  tenuring_thresh: 1  target_size: 31981568
[15.173s][debug  ][gc,age         ] GC(55) Desired survivor size 31981568 bytes, new threshold 1 (max threshold 15)
[15.173s][debug  ][gc,ergo        ] GC(55) PSAdaptiveSizePolicy::compute_eden_space_size limits: desired_eden_size: 229071965 old_eden_size: 204472320 eden_limit: 204472320 cur_eden: 204472320 max_eden_size: 204472320 avg_young_live: 27432336
[15.173s][debug  ][gc,ergo        ] GC(55) PSAdaptiveSizePolicy::compute_eden_space_size: costs minor_time: 0.046463 major_cost: 0.038699 mutator_cost: 0.914837 throughput_goal: 0.990000
[15.173s][debug  ][gc,ergo        ] GC(55) Live_space: 897254144 free_space: 1135607808
[15.173s][debug  ][gc,ergo        ] GC(55) Old eden_size: 204472320 desired_eden_size: 204472320
[15.173s][debug  ][gc,ergo        ] GC(55) AdaptiveSizeStop: collection: 56 
[15.173s][info   ][gc,heap        ] GC(55) PSYoungGen: 229173K(230912K)->30720K(230912K) Eden: 198453K(199680K)->0K(199680K) From: 30720K(31232K)->30720K(31232K)
[15.173s][info   ][gc,heap        ] GC(55) ParOldGen: 1261156K(1835008K)->1455717K(1835008K)
[15.173s][info   ][gc,metaspace   ] GC(55) Metaspace: 1021K(1216K)->1021K(1216K) NonClass: 937K(1024K)->937K(1024K) Class: 83K(192K)->83K(192K)
[15.173s][info   ][gc             ] GC(55) Pause Young (Allocation Failure) 1455M->1451M(2017M) 16.910ms
[15.173s][info   ][gc,cpu         ] GC(55) User=0.12s Sys=0.00s Real=0.02s
[15.173s][debug  ][gc,heap        ] GC(55) Heap after GC invocations=56 (full 9):
[15.173s][debug  ][gc,heap        ] GC(55)  PSYoungGen      total 230912K, used 30720K [0x00000000f0000000, 0x0000000100000000, 0x0000000100000000)
[15.173s][debug  ][gc,heap        ] GC(55)   eden space 199680K, 0% used [0x00000000f0000000,0x00000000f0000000,0x00000000fc300000)
[15.173s][debug  ][gc,heap        ] GC(55)   from space 31232K, 98% used [0x00000000fe180000,0x00000000fff80030,0x0000000100000000)
[15.174s][debug  ][gc,heap        ] GC(55)   to   space 31232K, 0% used [0x00000000fc300000,0x00000000fc300000,0x00000000fe180000)
[15.174s][debug  ][gc,heap        ] GC(55)  ParOldGen       total 1835008K, used 1455717K [0x0000000080000000, 0x00000000f0000000, 0x00000000f0000000)
[15.174s][debug  ][gc,heap        ] GC(55)   object space 1835008K, 79% used [0x0000000080000000,0x00000000d8d994e8,0x00000000f0000000)
[15.174s][debug  ][gc,heap        ] GC(55)  Metaspace       used 1021K, committed 1216K, reserved 1056768K
[15.174s][debug  ][gc,heap        ] GC(55)   class space    used 83K, committed 192K, reserved 1048576K
[15.174s][debug  ][gc,task,time   ] GC(55) VM-Thread 151560522 151717436 151736099
[15.472s][debug  ][gc,heap        ] GC(56) Heap before GC invocations=57 (full 9):
[15.472s][debug  ][gc,heap        ] GC(56)  PSYoungGen      total 230912K, used 229181K [0x00000000f0000000, 0x0000000100000000, 0x0000000100000000)
[15.472s][debug  ][gc,heap        ] GC(56)   eden space 199680K, 99% used [0x00000000f0000000,0x00000000fc1cf520,0x00000000fc300000)
[15.472s][debug  ][gc,heap        ] GC(56)   from space 31232K, 98% used [0x00000000fe180000,0x00000000fff80030,0x0000000100000000)
[15.472s][debug  ][gc,heap        ] GC(56)   to   space 31232K, 0% used [0x00000000fc300000,0x00000000fc300000,0x00000000fe180000)
[15.472s][debug  ][gc,heap        ] GC(56)  ParOldGen       total 1835008K, used 1455717K [0x0000000080000000, 0x00000000f0000000, 0x00000000f0000000)
[15.472s][debug  ][gc,heap        ] GC(56)   object space 1835008K, 79% used [0x0000000080000000,0x00000000d8d994e8,0x00000000f0000000)
[15.472s][debug  ][gc,heap        ] GC(56)  Metaspace       used 1021K, committed 1216K, reserved 1056768K
[15.472s][debug  ][gc,heap        ] GC(56)   class space    used 83K, committed 192K, reserved 1048576K
[15.472s][debug  ][gc,tlab        ] GC(56) TLAB totals: thrds: 1  refills: 1 max: 1 slow allocs: 18 max 18 waste: 27.6% gc: 3994608B max: 3994608B slow: 0B max: 0B
[15.473s][info   ][gc,start       ] GC(56) Pause Young (Allocation Failure)
[15.473s][debug  ][gc,phases,start] GC(56) Scavenge
[15.487s][debug  ][gc,phases      ] GC(56) Scavenge 14.910ms
[15.488s][debug  ][gc,phases,start] GC(56) Reference Processing
[15.488s][debug  ][gc,ref         ] GC(56) Skipped phase 1 of Reference Processing: no references
[15.488s][debug  ][gc,ref         ] GC(56) Skipped phase 2 of Reference Processing: no references
[15.488s][debug  ][gc,ref         ] GC(56) Skipped phase 3 of Reference Processing: no references
[15.488s][debug  ][gc,ref         ] GC(56) Skipped phase 4 of Reference Processing: no references
[15.488s][debug  ][gc,phases,ref  ] GC(56) Reference Processing: 0.1ms
[15.488s][debug  ][gc,phases,ref  ] GC(56)   Reconsider SoftReferences: 0.0ms
[15.488s][debug  ][gc,phases,ref  ] GC(56)     SoftRef (ms):                  skipped
[15.488s][debug  ][gc,phases,ref  ] GC(56)   Notify Soft/WeakReferences: 0.0ms
[15.488s][debug  ][gc,phases,ref  ] GC(56)     SoftRef (ms):                  skipped
[15.488s][debug  ][gc,phases,ref  ] GC(56)     WeakRef (ms):                  skipped
[15.488s][debug  ][gc,phases,ref  ] GC(56)     FinalRef (ms):                 skipped
[15.488s][debug  ][gc,phases,ref  ] GC(56)     Total (ms):                    skipped
[15.488s][debug  ][gc,phases,ref  ] GC(56)   Notify and keep alive finalizable: 0.0ms
[15.488s][debug  ][gc,phases,ref  ] GC(56)     FinalRef (ms):                 skipped
[15.488s][debug  ][gc,phases,ref  ] GC(56)   Notify PhantomReferences: 0.0ms
[15.488s][debug  ][gc,phases,ref  ] GC(56)     PhantomRef (ms):               skipped
[15.488s][debug  ][gc,phases,ref  ] GC(56)   SoftReference:
[15.488s][debug  ][gc,phases,ref  ] GC(56)     Discovered: 0
[15.488s][debug  ][gc,phases,ref  ] GC(56)     Cleared: 0
[15.488s][debug  ][gc,phases,ref  ] GC(56)   WeakReference:
[15.488s][debug  ][gc,phases,ref  ] GC(56)     Discovered: 0
[15.488s][debug  ][gc,phases,ref  ] GC(56)     Cleared: 0
[15.488s][debug  ][gc,phases,ref  ] GC(56)   FinalReference:
[15.488s][debug  ][gc,phases,ref  ] GC(56)     Discovered: 0
[15.488s][debug  ][gc,phases,ref  ] GC(56)     Cleared: 0
[15.488s][debug  ][gc,phases,ref  ] GC(56)   PhantomReference:
[15.488s][debug  ][gc,phases,ref  ] GC(56)     Discovered: 0
[15.488s][debug  ][gc,phases,ref  ] GC(56)     Cleared: 0
[15.488s][debug  ][gc,phases      ] GC(56) Reference Processing 0.577ms
[15.488s][debug  ][gc,phases,start] GC(56) Weak Processing
[15.488s][debug  ][gc,phases      ] GC(56)   VM Weak                        Min:  0.0, Avg:  0.0, Max:  0.0, Diff:  0.0, Sum:  0.0, Workers: 6
[15.488s][debug  ][gc,phases      ] GC(56)     Dead                           Min: 0, Avg:  0.0, Max: 0, Diff: 0, Sum: 0, Workers: 6
[15.488s][debug  ][gc,phases      ] GC(56)     Total                          Min: 0, Avg:  1.3, Max: 8, Diff: 8, Sum: 8, Workers: 6
[15.488s][debug  ][gc,phases      ] GC(56)   ObjectSynchronizer Weak        Min:  0.0, Avg:  0.0, Max:  0.0, Diff:  0.0, Sum:  0.0, Workers: 6
[15.488s][debug  ][gc,phases      ] GC(56)     Dead                           Min: 0, Avg:  0.0, Max: 0, Diff: 0, Sum: 0, Workers: 6
[15.488s][debug  ][gc,phases      ] GC(56)     Total                          Min: 0, Avg:  0.5, Max: 3, Diff: 3, Sum: 3, Workers: 6
[15.488s][debug  ][gc,phases      ] GC(56)   JVMTI Tag Weak OopStorage      Min:  0.0, Avg:  0.0, Max:  0.0, Diff:  0.0, Sum:  0.0, Workers: 6
[15.488s][debug  ][gc,phases      ] GC(56)     Dead                           Min: 0, Avg:  0.0, Max: 0, Diff: 0, Sum: 0, Workers: 6
[15.488s][debug  ][gc,phases      ] GC(56)     Total                          Min: 0, Avg:  0.0, Max: 0, Diff: 0, Sum: 0, Workers: 6
[15.488s][debug  ][gc,phases      ] GC(56)   StringTable Weak               Min:  0.0, Avg:  0.0, Max:  0.0, Diff:  0.0, Sum:  0.0, Workers: 6
[15.488s][debug  ][gc,phases      ] GC(56)     Dead                           Min: 0, Avg:  0.0, Max: 0, Diff: 0, Sum: 0, Workers: 6
[15.488s][debug  ][gc,phases      ] GC(56)     Total                          Min: 768, Avg: 892.5, Max: 960, Diff: 192, Sum: 5355, Workers: 6
[15.488s][debug  ][gc,phases      ] GC(56)   ResolvedMethodTable Weak       Min:  0.0, Avg:  0.0, Max:  0.0, Diff:  0.0, Sum:  0.0, Workers: 6
[15.488s][debug  ][gc,phases      ] GC(56)     Dead                           Min: 0, Avg:  0.0, Max: 0, Diff: 0, Sum: 0, Workers: 6
[15.488s][debug  ][gc,phases      ] GC(56)     Total                          Min: 0, Avg: 21.5, Max: 64, Diff: 64, Sum: 129, Workers: 6
[15.489s][debug  ][gc,phases      ] GC(56)   JNI Weak                       Min:  0.0, Avg:  0.0, Max:  0.0, Diff:  0.0, Sum:  0.0, Workers: 6
[15.489s][debug  ][gc,phases      ] GC(56)     Dead                           Min: 0, Avg:  0.0, Max: 0, Diff: 0, Sum: 0, Workers: 6
[15.489s][debug  ][gc,phases      ] GC(56)     Total                          Min: 0, Avg:  0.0, Max: 0, Diff: 0, Sum: 0, Workers: 6
[15.489s][debug  ][gc,phases      ] GC(56)   StringDedup Table Weak         Min:  0.0, Avg:  0.0, Max:  0.0, Diff:  0.0, Sum:  0.0, Workers: 6
[15.489s][debug  ][gc,phases      ] GC(56)     Dead                           Min: 0, Avg:  0.0, Max: 0, Diff: 0, Sum: 0, Workers: 6
[15.489s][debug  ][gc,phases      ] GC(56)     Total                          Min: 0, Avg:  0.0, Max: 0, Diff: 0, Sum: 0, Workers: 6
[15.489s][debug  ][gc,phases      ] GC(56)   StringDedup Requests0 Weak     Min:  0.0, Avg:  0.0, Max:  0.0, Diff:  0.0, Sum:  0.0, Workers: 6
[15.489s][debug  ][gc,phases      ] GC(56)     Dead                           Min: 0, Avg:  0.0, Max: 0, Diff: 0, Sum: 0, Workers: 6
[15.489s][debug  ][gc,phases      ] GC(56)     Total                          Min: 0, Avg:  0.0, Max: 0, Diff: 0, Sum: 0, Workers: 6
[15.489s][debug  ][gc,phases      ] GC(56)   StringDedup Requests1 Weak     Min:  0.0, Avg:  0.0, Max:  0.0, Diff:  0.0, Sum:  0.0, Workers: 6
[15.489s][debug  ][gc,phases      ] GC(56)     Dead                           Min: 0, Avg:  0.0, Max: 0, Diff: 0, Sum: 0, Workers: 6
[15.489s][debug  ][gc,phases      ] GC(56)     Total                          Min: 0, Avg:  0.0, Max: 0, Diff: 0, Sum: 0, Workers: 6
[15.489s][debug  ][gc,phases      ] GC(56)   Weak JFR Old Object Samples    Min:  0.0, Avg:  0.0, Max:  0.0, Diff:  0.0, Sum:  0.0, Workers: 6
[15.489s][debug  ][gc,phases      ] GC(56)     Dead                           Min: 0, Avg:  0.0, Max: 0, Diff: 0, Sum: 0, Workers: 6
[15.489s][debug  ][gc,phases      ] GC(56)     Total                          Min: 0, Avg:  0.0, Max: 0, Diff: 0, Sum: 0, Workers: 6
[15.489s][debug  ][gc,phases      ] GC(56) Weak Processing 0.665ms
[15.489s][debug  ][gc,ergo        ] GC(56) AdaptiveSizeStart:  collection: 57 
[15.489s][debug  ][gc,ergo        ] GC(56) avg_survived_padded_avg: 31696518.000000
[15.489s][debug  ][gc,ergo        ] GC(56) avg_promoted_padded_avg: 282657728.000000  avg_pretenured_padded_avg: 0.000000  tenuring_thresh: 1  target_size: 31981568
[15.489s][debug  ][gc,age         ] GC(56) Desired survivor size 31981568 bytes, new threshold 1 (max threshold 15)
[15.489s][debug  ][gc,ergo        ] GC(56) PSAdaptiveSizePolicy::compute_eden_space_size limits: desired_eden_size: 229372032 old_eden_size: 204472320 eden_limit: 204472320 cur_eden: 204472320 max_eden_size: 204472320 avg_young_live: 27834836
[15.489s][debug  ][gc,ergo        ] GC(56) PSAdaptiveSizePolicy::compute_eden_space_size: costs minor_time: 0.047729 major_cost: 0.038699 mutator_cost: 0.913571 throughput_goal: 0.990000
[15.489s][debug  ][gc,ergo        ] GC(56) Live_space: 897656704 free_space: 1135607808
[15.489s][debug  ][gc,ergo        ] GC(56) Old eden_size: 204472320 desired_eden_size: 204472320
[15.489s][debug  ][gc,ergo        ] GC(56) AdaptiveSizeStop: collection: 57 
[15.489s][info   ][gc,heap        ] GC(56) PSYoungGen: 229181K(230912K)->30720K(230912K) Eden: 198461K(199680K)->0K(199680K) From: 30720K(31232K)->30720K(31232K)
[15.489s][info   ][gc,heap        ] GC(56) ParOldGen: 1455717K(1835008K)->1650277K(1835008K)
[15.489s][info   ][gc,metaspace   ] GC(56) Metaspace: 1021K(1216K)->1021K(1216K) NonClass: 937K(1024K)->937K(1024K) Class: 83K(192K)->83K(192K)
[15.489s][info   ][gc             ] GC(56) Pause Young (Allocation Failure) 1645M->1641M(2017M) 16.586ms
[15.489s][info   ][gc,cpu         ] GC(56) User=0.12s Sys=0.00s Real=0.02s
[15.489s][debug  ][gc,heap        ] GC(56) Heap after GC invocations=57 (full 9):
[15.489s][debug  ][gc,heap        ] GC(56)  PSYoungGen      total 230912K, used 30720K [0x00000000f0000000, 0x0000000100000000, 0x0000000100000000)
[15.489s][debug  ][gc,heap        ] GC(56)   eden space 199680K, 0% used [0x00000000f0000000,0x00000000f0000000,0x00000000fc300000)
[15.489s][debug  ][gc,heap        ] GC(56)   from space 31232K, 98% used [0x00000000fc300000,0x00000000fe100030,0x00000000fe180000)
[15.489s][debug  ][gc,heap        ] GC(56)   to   space 31232K, 0% used [0x00000000fe180000,0x00000000fe180000,0x0000000100000000)
[15.489s][debug  ][gc,heap        ] GC(56)  ParOldGen       total 1835008K, used 1650277K [0x0000000080000000, 0x00000000f0000000, 0x00000000f0000000)
[15.489s][debug  ][gc,heap        ] GC(56)   object space 1835008K, 89% used [0x0000000080000000,0x00000000e4b99618,0x00000000f0000000)
[15.489s][debug  ][gc,heap        ] GC(56)  Metaspace       used 1021K, committed 1216K, reserved 1056768K
[15.489s][debug  ][gc,heap        ] GC(56)   class space    used 83K, committed 192K, reserved 1048576K
[15.489s][debug  ][gc,task,time   ] GC(56) VM-Thread 154721191 154875482 154893387
[15.489s][debug  ][gc,phases,start] GC(57) Pre Compact
[15.489s][debug  ][gc,heap        ] GC(57) Heap before GC invocations=58 (full 10):
[15.489s][debug  ][gc,heap        ] GC(57)  PSYoungGen      total 230912K, used 30720K [0x00000000f0000000, 0x0000000100000000, 0x0000000100000000)
[15.489s][debug  ][gc,heap        ] GC(57)   eden space 199680K, 0% used [0x00000000f0000000,0x00000000f0000000,0x00000000fc300000)
[15.489s][debug  ][gc,heap        ] GC(57)   from space 31232K, 98% used [0x00000000fc300000,0x00000000fe100030,0x00000000fe180000)
[15.489s][debug  ][gc,heap        ] GC(57)   to   space 31232K, 0% used [0x00000000fe180000,0x00000000fe180000,0x0000000100000000)
[15.489s][debug  ][gc,heap        ] GC(57)  ParOldGen       total 1835008K, used 1650277K [0x0000000080000000, 0x00000000f0000000, 0x00000000f0000000)
[15.489s][debug  ][gc,heap        ] GC(57)   object space 1835008K, 89% used [0x0000000080000000,0x00000000e4b99618,0x00000000f0000000)
[15.490s][debug  ][gc,heap        ] GC(57)  Metaspace       used 1021K, committed 1216K, reserved 1056768K
[15.490s][debug  ][gc,heap        ] GC(57)   class space    used 83K, committed 192K, reserved 1048576K
[15.490s][debug  ][gc,phases      ] GC(57) Pre Compact 0.201ms
[15.490s][info   ][gc,start       ] GC(57) Pause Full (Ergonomics)
[15.490s][info   ][gc,phases,start] GC(57) Marking Phase
[15.490s][debug  ][gc,phases,start] GC(57) Par Mark
[15.490s][debug  ][gc,phases      ] GC(57) Par Mark 0.528ms
[15.490s][debug  ][gc,phases,start] GC(57) Reference Processing
[15.490s][debug  ][gc,ref         ] GC(57) Skipped phase 1 of Reference Processing: no references
[15.490s][debug  ][gc,ref         ] GC(57) ReferenceProcessor::execute queues: 1, RefProcThreadModel::Single, marks_oops_alive: false
[15.490s][debug  ][gc,ref         ] GC(57) Skipped phase 3 of Reference Processing: no references
[15.490s][debug  ][gc,ref         ] GC(57) ReferenceProcessor::execute queues: 1, RefProcThreadModel::Single, marks_oops_alive: false
[15.490s][debug  ][gc,phases,ref  ] GC(57) Reference Processing: 0.1ms
[15.490s][debug  ][gc,phases,ref  ] GC(57)   Reconsider SoftReferences: 0.0ms
[15.490s][debug  ][gc,phases,ref  ] GC(57)     SoftRef (ms):                  skipped
[15.490s][debug  ][gc,phases,ref  ] GC(57)   Notify Soft/WeakReferences: 0.0ms
[15.490s][debug  ][gc,phases,ref  ] GC(57)     SoftRef (ms):                  Min:  0.0, Avg:  0.0, Max:  0.0, Diff:  0.0, Sum:  0.0, Workers: 8
[15.490s][debug  ][gc,phases,ref  ] GC(57)     WeakRef (ms):                  Min:  0.0, Avg:  0.0, Max:  0.0, Diff:  0.0, Sum:  0.0, Workers: 8
[15.490s][debug  ][gc,phases,ref  ] GC(57)     FinalRef (ms):                 Min:  0.0, Avg:  0.0, Max:  0.0, Diff:  0.0, Sum:  0.0, Workers: 8
[15.491s][debug  ][gc,phases,ref  ] GC(57)     Total (ms):                    Min:  0.0, Avg:  0.0, Max:  0.0, Diff:  0.0, Sum:  0.0, Workers: 8
[15.491s][debug  ][gc,phases,ref  ] GC(57)   Notify and keep alive finalizable: 0.0ms
[15.491s][debug  ][gc,phases,ref  ] GC(57)     FinalRef (ms):                 skipped
[15.491s][debug  ][gc,phases,ref  ] GC(57)   Notify PhantomReferences: 0.0ms
[15.491s][debug  ][gc,phases,ref  ] GC(57)     PhantomRef (ms):               Min:  0.0, Avg:  0.0, Max:  0.0, Diff:  0.0, Sum:  0.0, Workers: 8
[15.491s][debug  ][gc,phases,ref  ] GC(57)   SoftReference:
[15.491s][debug  ][gc,phases,ref  ] GC(57)     Discovered: 0
[15.491s][debug  ][gc,phases,ref  ] GC(57)     Cleared: 0
[15.491s][debug  ][gc,phases,ref  ] GC(57)   WeakReference:
[15.491s][debug  ][gc,phases,ref  ] GC(57)     Discovered: 92
[15.491s][debug  ][gc,phases,ref  ] GC(57)     Cleared: 92
[15.491s][debug  ][gc,phases,ref  ] GC(57)   FinalReference:
[15.491s][debug  ][gc,phases,ref  ] GC(57)     Discovered: 0
[15.491s][debug  ][gc,phases,ref  ] GC(57)     Cleared: 0
[15.491s][debug  ][gc,phases,ref  ] GC(57)   PhantomReference:
[15.491s][debug  ][gc,phases,ref  ] GC(57)     Discovered: 5
[15.491s][debug  ][gc,phases,ref  ] GC(57)     Cleared: 5
[15.491s][debug  ][gc,phases      ] GC(57) Reference Processing 0.698ms
[15.491s][debug  ][gc,phases,start] GC(57) Weak Processing
[15.491s][debug  ][gc,phases      ] GC(57)   VM Weak                        Min:  0.0, Avg:  0.0, Max:  0.0, Diff:  0.0, Sum:  0.0, Workers: 6
[15.491s][debug  ][gc,phases      ] GC(57)     Dead                           Min: 0, Avg:  0.0, Max: 0, Diff: 0, Sum: 0, Workers: 6
[15.491s][debug  ][gc,phases      ] GC(57)     Total                          Min: 0, Avg:  1.3, Max: 8, Diff: 8, Sum: 8, Workers: 6
[15.491s][debug  ][gc,phases      ] GC(57)   ObjectSynchronizer Weak        Min:  0.0, Avg:  0.0, Max:  0.0, Diff:  0.0, Sum:  0.0, Workers: 6
[15.491s][debug  ][gc,phases      ] GC(57)     Dead                           Min: 0, Avg:  0.0, Max: 0, Diff: 0, Sum: 0, Workers: 6
[15.491s][debug  ][gc,phases      ] GC(57)     Total                          Min: 0, Avg:  0.5, Max: 3, Diff: 3, Sum: 3, Workers: 6
[15.491s][debug  ][gc,phases      ] GC(57)   JVMTI Tag Weak OopStorage      Min:  0.0, Avg:  0.0, Max:  0.0, Diff:  0.0, Sum:  0.0, Workers: 6
[15.491s][debug  ][gc,phases      ] GC(57)     Dead                           Min: 0, Avg:  0.0, Max: 0, Diff: 0, Sum: 0, Workers: 6
[15.491s][debug  ][gc,phases      ] GC(57)     Total                          Min: 0, Avg:  0.0, Max: 0, Diff: 0, Sum: 0, Workers: 6
[15.491s][debug  ][gc,phases      ] GC(57)   StringTable Weak               Min:  0.0, Avg:  0.0, Max:  0.0, Diff:  0.0, Sum:  0.0, Workers: 6
[15.491s][debug  ][gc,phases      ] GC(57)     Dead                           Min: 0, Avg:  0.0, Max: 0, Diff: 0, Sum: 0, Workers: 6
[15.491s][debug  ][gc,phases      ] GC(57)     Total                          Min: 640, Avg: 892.5, Max: 1152, Diff: 512, Sum: 5355, Workers: 6
[15.491s][debug  ][gc,phases      ] GC(57)   ResolvedMethodTable Weak       Min:  0.0, Avg:  0.0, Max:  0.0, Diff:  0.0, Sum:  0.0, Workers: 6
[15.491s][debug  ][gc,phases      ] GC(57)     Dead                           Min: 0, Avg:  0.0, Max: 0, Diff: 0, Sum: 0, Workers: 6
[15.491s][debug  ][gc,phases      ] GC(57)     Total                          Min: 0, Avg: 21.5, Max: 64, Diff: 64, Sum: 129, Workers: 6
[15.491s][debug  ][gc,phases      ] GC(57)   JNI Weak                       Min:  0.0, Avg:  0.0, Max:  0.0, Diff:  0.0, Sum:  0.0, Workers: 6
[15.491s][debug  ][gc,phases      ] GC(57)     Dead                           Min: 0, Avg:  0.0, Max: 0, Diff: 0, Sum: 0, Workers: 6
[15.491s][debug  ][gc,phases      ] GC(57)     Total                          Min: 0, Avg:  0.0, Max: 0, Diff: 0, Sum: 0, Workers: 6
[15.491s][debug  ][gc,phases      ] GC(57)   StringDedup Table Weak         Min:  0.0, Avg:  0.0, Max:  0.0, Diff:  0.0, Sum:  0.0, Workers: 6
[15.491s][debug  ][gc,phases      ] GC(57)     Dead                           Min: 0, Avg:  0.0, Max: 0, Diff: 0, Sum: 0, Workers: 6
[15.491s][debug  ][gc,phases      ] GC(57)     Total                          Min: 0, Avg:  0.0, Max: 0, Diff: 0, Sum: 0, Workers: 6
[15.491s][debug  ][gc,phases      ] GC(57)   StringDedup Requests0 Weak     Min:  0.0, Avg:  0.0, Max:  0.0, Diff:  0.0, Sum:  0.0, Workers: 6
[15.491s][debug  ][gc,phases      ] GC(57)     Dead                           Min: 0, Avg:  0.0, Max: 0, Diff: 0, Sum: 0, Workers: 6
[15.491s][debug  ][gc,phases      ] GC(57)     Total                          Min: 0, Avg:  0.0, Max: 0, Diff: 0, Sum: 0, Workers: 6
[15.491s][debug  ][gc,phases      ] GC(57)   StringDedup Requests1 Weak     Min:  0.0, Avg:  0.0, Max:  0.0, Diff:  0.0, Sum:  0.0, Workers: 6
[15.492s][debug  ][gc,phases      ] GC(57)     Dead                           Min: 0, Avg:  0.0, Max: 0, Diff: 0, Sum: 0, Workers: 6
[15.492s][debug  ][gc,phases      ] GC(57)     Total                          Min: 0, Avg:  0.0, Max: 0, Diff: 0, Sum: 0, Workers: 6
[15.492s][debug  ][gc,phases      ] GC(57)   Weak JFR Old Object Samples    Min:  0.0, Avg:  0.0, Max:  0.0, Diff:  0.0, Sum:  0.0, Workers: 6
[15.492s][debug  ][gc,phases      ] GC(57)     Dead                           Min: 0, Avg:  0.0, Max: 0, Diff: 0, Sum: 0, Workers: 6
[15.492s][debug  ][gc,phases      ] GC(57)     Total                          Min: 0, Avg:  0.0, Max: 0, Diff: 0, Sum: 0, Workers: 6
[15.492s][debug  ][gc,phases      ] GC(57) Weak Processing 0.683ms
[15.492s][debug  ][gc,phases,start] GC(57) Class Unloading
[15.492s][debug  ][gc,phases,start] GC(57) ClassLoaderData
[15.492s][debug  ][gc,phases      ] GC(57) ClassLoaderData 0.019ms
[15.492s][debug  ][gc,phases,start] GC(57) Trigger cleanups
[15.492s][debug  ][gc,phases      ] GC(57) Trigger cleanups 0.019ms
[15.492s][debug  ][gc,phases      ] GC(57) Class Unloading 0.254ms
[15.492s][info   ][gc,phases      ] GC(57) Marking Phase 2.289ms
[15.492s][info   ][gc,phases,start] GC(57) Summary Phase
[15.492s][info   ][gc,phases      ] GC(57) Summary Phase 0.036ms
[15.492s][info   ][gc,phases,start] GC(57) Adjust Roots
[15.492s][info   ][gc,phases      ] GC(57) Adjust Roots 0.135ms
[15.492s][info   ][gc,phases,start] GC(57) Compaction Phase
[15.582s][info   ][gc,phases      ] GC(57) Compaction Phase 89.585ms
[15.582s][info   ][gc,phases,start] GC(57) Post Compact
[15.588s][info   ][gc,phases      ] GC(57) Post Compact 5.826ms
[15.588s][debug  ][gc,ergo        ] GC(57) AdaptiveSizeStart: collection: 58 
[15.588s][debug  ][gc,ergo        ] GC(57) PSAdaptiveSizePolicy::compute_eden_space_size limits: desired_eden_size: 227519325 old_eden_size: 204472320 eden_limit: 204472320 cur_eden: 204472320 max_eden_size: 204472320 avg_young_live: 25051354
[15.588s][debug  ][gc,ergo        ] GC(57) PSAdaptiveSizePolicy::compute_eden_space_size: costs minor_time: 0.047729 major_cost: 0.041304 mutator_cost: 0.910967 throughput_goal: 0.990000
[15.588s][debug  ][gc,ergo        ] GC(57) Live_space: 894873216 free_space: 1135607808
[15.588s][debug  ][gc,ergo        ] GC(57) Old eden_size: 204472320 desired_eden_size: 204472320
[15.588s][debug  ][gc,ergo        ] GC(57) PSAdaptiveSizePolicy::compute_old_gen_free_space: costs minor_time: 0.047729 major_cost: 0.041304  mutator_cost: 0.910967 throughput_goal: 0.990000
[15.588s][debug  ][gc,ergo        ] GC(57) Live_space: 919836800 free_space: 1135607808
[15.588s][debug  ][gc,ergo        ] GC(57) Old promo_size: 931135488 desired_promo_size: 1039138816
[15.588s][debug  ][gc,ergo        ] GC(57) AdaptiveSizeStop: collection: 58 
[15.588s][info   ][gc,heap        ] GC(57) PSYoungGen: 30720K(230912K)->0K(230912K) Eden: 0K(199680K)->0K(199680K) From: 30720K(31232K)->0K(31232K)
[15.588s][info   ][gc,heap        ] GC(57) ParOldGen: 1650277K(1835008K)->831076K(1835008K)
[15.588s][info   ][gc,metaspace   ] GC(57) Metaspace: 1021K(1216K)->1021K(1216K) NonClass: 937K(1024K)->937K(1024K) Class: 83K(192K)->83K(192K)
[15.588s][info   ][gc             ] GC(57) Pause Full (Ergonomics) 1641M->811M(2017M) 98.482ms
[15.588s][info   ][gc,cpu         ] GC(57) User=0.77s Sys=0.00s Real=0.10s
[15.588s][debug  ][gc,heap        ] GC(57) Heap after GC invocations=58 (full 10):
[15.588s][debug  ][gc,heap        ] GC(57)  PSYoungGen      total 230912K, used 0K [0x00000000f0000000, 0x0000000100000000, 0x0000000100000000)
[15.588s][debug  ][gc,heap        ] GC(57)   eden space 199680K, 0% used [0x00000000f0000000,0x00000000f0000000,0x00000000fc300000)
[15.588s][debug  ][gc,heap        ] GC(57)   from space 31232K, 0% used [0x00000000fe180000,0x00000000fe180000,0x0000000100000000)
[15.588s][debug  ][gc,heap        ] GC(57)   to   space 31232K, 0% used [0x00000000fc300000,0x00000000fc300000,0x00000000fe180000)
[15.588s][debug  ][gc,heap        ] GC(57)  ParOldGen       total 1835008K, used 831076K [0x0000000080000000, 0x00000000f0000000, 0x00000000f0000000)
[15.588s][debug  ][gc,heap        ] GC(57)   object space 1835008K, 45% used [0x0000000080000000,0x00000000b2b99118,0x00000000f0000000)
[15.588s][debug  ][gc,heap        ] GC(57)  Metaspace       used 1021K, committed 1216K, reserved 1056768K
[15.588s][debug  ][gc,heap        ] GC(57)   class space    used 83K, committed 192K, reserved 1048576K
[15.588s][debug  ][gc,task,time   ] GC(57) VM-Thread 154896078 154921412 155881246
[15.899s][debug  ][gc,heap        ] GC(58) Heap before GC invocations=59 (full 10):
[15.899s][debug  ][gc,heap        ] GC(58)  PSYoungGen      total 230912K, used 198466K [0x00000000f0000000, 0x0000000100000000, 0x0000000100000000)
[15.899s][debug  ][gc,heap        ] GC(58)   eden space 199680K, 99% used [0x00000000f0000000,0x00000000fc1d08e0,0x00000000fc300000)
[15.899s][debug  ][gc,heap        ] GC(58)   from space 31232K, 0% used [0x00000000fe180000,0x00000000fe180000,0x0000000100000000)
[15.899s][debug  ][gc,heap        ] GC(58)   to   space 31232K, 0% used [0x00000000fc300000,0x00000000fc300000,0x00000000fe180000)
[15.899s][debug  ][gc,heap        ] GC(58)  ParOldGen       total 1835008K, used 831076K [0x0000000080000000, 0x00000000f0000000, 0x00000000f0000000)
[15.899s][debug  ][gc,heap        ] GC(58)   object space 1835008K, 45% used [0x0000000080000000,0x00000000b2b99118,0x00000000f0000000)
[15.900s][debug  ][gc,heap        ] GC(58)  Metaspace       used 1023K, committed 1216K, reserved 1056768K
[15.900s][debug  ][gc,heap        ] GC(58)   class space    used 83K, committed 192K, reserved 1048576K
[15.900s][debug  ][gc,tlab        ] GC(58) TLAB totals: thrds: 1  refills: 1 max: 1 slow allocs: 18 max 18 waste: 27.6% gc: 3998496B max: 3998496B slow: 0B max: 0B
[15.900s][info   ][gc,start       ] GC(58) Pause Young (Allocation Failure)
[15.900s][debug  ][gc,phases,start] GC(58) Scavenge
[15.902s][debug  ][gc,phases      ] GC(58) Scavenge 2.001ms
[15.902s][debug  ][gc,phases,start] GC(58) Reference Processing
[15.902s][debug  ][gc,ref         ] GC(58) Skipped phase 1 of Reference Processing: no references
[15.902s][debug  ][gc,ref         ] GC(58) Skipped phase 2 of Reference Processing: no references
[15.902s][debug  ][gc,ref         ] GC(58) Skipped phase 3 of Reference Processing: no references
[15.902s][debug  ][gc,ref         ] GC(58) Skipped phase 4 of Reference Processing: no references
[15.902s][debug  ][gc,phases,ref  ] GC(58) Reference Processing: 0.1ms
[15.902s][debug  ][gc,phases,ref  ] GC(58)   Reconsider SoftReferences: 0.0ms
[15.902s][debug  ][gc,phases,ref  ] GC(58)     SoftRef (ms):                  skipped
[15.902s][debug  ][gc,phases,ref  ] GC(58)   Notify Soft/WeakReferences: 0.0ms
[15.902s][debug  ][gc,phases,ref  ] GC(58)     SoftRef (ms):                  skipped
[15.902s][debug  ][gc,phases,ref  ] GC(58)     WeakRef (ms):                  skipped
[15.902s][debug  ][gc,phases,ref  ] GC(58)     FinalRef (ms):                 skipped
[15.902s][debug  ][gc,phases,ref  ] GC(58)     Total (ms):                    skipped
[15.902s][debug  ][gc,phases,ref  ] GC(58)   Notify and keep alive finalizable: 0.0ms
[15.902s][debug  ][gc,phases,ref  ] GC(58)     FinalRef (ms):                 skipped
[15.902s][debug  ][gc,phases,ref  ] GC(58)   Notify PhantomReferences: 0.0ms
[15.902s][debug  ][gc,phases,ref  ] GC(58)     PhantomRef (ms):               skipped
[15.902s][debug  ][gc,phases,ref  ] GC(58)   SoftReference:
[15.902s][debug  ][gc,phases,ref  ] GC(58)     Discovered: 0
[15.902s][debug  ][gc,phases,ref  ] GC(58)     Cleared: 0
[15.902s][debug  ][gc,phases,ref  ] GC(58)   WeakReference:
[15.902s][debug  ][gc,phases,ref  ] GC(58)     Discovered: 0
[15.902s][debug  ][gc,phases,ref  ] GC(58)     Cleared: 0
[15.902s][debug  ][gc,phases,ref  ] GC(58)   FinalReference:
[15.902s][debug  ][gc,phases,ref  ] GC(58)     Discovered: 0
[15.902s][debug  ][gc,phases,ref  ] GC(58)     Cleared: 0
[15.902s][debug  ][gc,phases,ref  ] GC(58)   PhantomReference:
[15.902s][debug  ][gc,phases,ref  ] GC(58)     Discovered: 0
[15.902s][debug  ][gc,phases,ref  ] GC(58)     Cleared: 0
[15.902s][debug  ][gc,phases      ] GC(58) Reference Processing 0.704ms
[15.902s][debug  ][gc,phases,start] GC(58) Weak Processing
[15.903s][debug  ][gc,phases      ] GC(58)   VM Weak                        Min:  0.0, Avg:  0.0, Max:  0.0, Diff:  0.0, Sum:  0.0, Workers: 6
[15.903s][debug  ][gc,phases      ] GC(58)     Dead                           Min: 0, Avg:  0.0, Max: 0, Diff: 0, Sum: 0, Workers: 6
[15.903s][debug  ][gc,phases      ] GC(58)     Total                          Min: 0, Avg:  1.3, Max: 8, Diff: 8, Sum: 8, Workers: 6
[15.903s][debug  ][gc,phases      ] GC(58)   ObjectSynchronizer Weak        Min:  0.0, Avg:  0.0, Max:  0.0, Diff:  0.0, Sum:  0.0, Workers: 6
[15.903s][debug  ][gc,phases      ] GC(58)     Dead                           Min: 0, Avg:  0.0, Max: 0, Diff: 0, Sum: 0, Workers: 6
[15.903s][debug  ][gc,phases      ] GC(58)     Total                          Min: 0, Avg:  0.5, Max: 3, Diff: 3, Sum: 3, Workers: 6
[15.903s][debug  ][gc,phases      ] GC(58)   JVMTI Tag Weak OopStorage      Min:  0.0, Avg:  0.0, Max:  0.0, Diff:  0.0, Sum:  0.0, Workers: 6
[15.903s][debug  ][gc,phases      ] GC(58)     Dead                           Min: 0, Avg:  0.0, Max: 0, Diff: 0, Sum: 0, Workers: 6
[15.903s][debug  ][gc,phases      ] GC(58)     Total                          Min: 0, Avg:  0.0, Max: 0, Diff: 0, Sum: 0, Workers: 6
[15.903s][debug  ][gc,phases      ] GC(58)   StringTable Weak               Min:  0.0, Avg:  0.0, Max:  0.0, Diff:  0.0, Sum:  0.0, Workers: 6
[15.903s][debug  ][gc,phases      ] GC(58)     Dead                           Min: 0, Avg:  0.0, Max: 0, Diff: 0, Sum: 0, Workers: 6
[15.903s][debug  ][gc,phases      ] GC(58)     Total                          Min: 640, Avg: 892.5, Max: 1132, Diff: 492, Sum: 5355, Workers: 6
[15.903s][debug  ][gc,phases      ] GC(58)   ResolvedMethodTable Weak       Min:  0.0, Avg:  0.0, Max:  0.0, Diff:  0.0, Sum:  0.0, Workers: 6
[15.903s][debug  ][gc,phases      ] GC(58)     Dead                           Min: 0, Avg:  0.0, Max: 0, Diff: 0, Sum: 0, Workers: 6
[15.903s][debug  ][gc,phases      ] GC(58)     Total                          Min: 0, Avg: 21.5, Max: 64, Diff: 64, Sum: 129, Workers: 6
[15.903s][debug  ][gc,phases      ] GC(58)   JNI Weak                       Min:  0.0, Avg:  0.0, Max:  0.0, Diff:  0.0, Sum:  0.0, Workers: 6
[15.903s][debug  ][gc,phases      ] GC(58)     Dead                           Min: 0, Avg:  0.0, Max: 0, Diff: 0, Sum: 0, Workers: 6
[15.903s][debug  ][gc,phases      ] GC(58)     Total                          Min: 0, Avg:  0.0, Max: 0, Diff: 0, Sum: 0, Workers: 6
[15.903s][debug  ][gc,phases      ] GC(58)   StringDedup Table Weak         Min:  0.0, Avg:  0.0, Max:  0.0, Diff:  0.0, Sum:  0.0, Workers: 6
[15.903s][debug  ][gc,phases      ] GC(58)     Dead                           Min: 0, Avg:  0.0, Max: 0, Diff: 0, Sum: 0, Workers: 6
[15.903s][debug  ][gc,phases      ] GC(58)     Total                          Min: 0, Avg:  0.0, Max: 0, Diff: 0, Sum: 0, Workers: 6
[15.903s][debug  ][gc,phases      ] GC(58)   StringDedup Requests0 Weak     Min:  0.0, Avg:  0.0, Max:  0.0, Diff:  0.0, Sum:  0.0, Workers: 6
[15.903s][debug  ][gc,phases      ] GC(58)     Dead                           Min: 0, Avg:  0.0, Max: 0, Diff: 0, Sum: 0, Workers: 6
[15.903s][debug  ][gc,phases      ] GC(58)     Total                          Min: 0, Avg:  0.0, Max: 0, Diff: 0, Sum: 0, Workers: 6
[15.903s][debug  ][gc,phases      ] GC(58)   StringDedup Requests1 Weak     Min:  0.0, Avg:  0.0, Max:  0.0, Diff:  0.0, Sum:  0.0, Workers: 6
[15.903s][debug  ][gc,phases      ] GC(58)     Dead                           Min: 0, Avg:  0.0, Max: 0, Diff: 0, Sum: 0, Workers: 6
[15.903s][debug  ][gc,phases      ] GC(58)     Total                          Min: 0, Avg:  0.0, Max: 0, Diff: 0, Sum: 0, Workers: 6
[15.903s][debug  ][gc,phases      ] GC(58)   Weak JFR Old Object Samples    Min:  0.0, Avg:  0.0, Max:  0.0, Diff:  0.0, Sum:  0.0, Workers: 6
[15.903s][debug  ][gc,phases      ] GC(58)     Dead                           Min: 0, Avg:  0.0, Max: 0, Diff: 0, Sum: 0, Workers: 6
[15.903s][debug  ][gc,phases      ] GC(58)     Total                          Min: 0, Avg:  0.0, Max: 0, Diff: 0, Sum: 0, Workers: 6
[15.903s][debug  ][gc,phases      ] GC(58) Weak Processing 0.681ms
[15.903s][debug  ][gc,ergo        ] GC(58) AdaptiveSizeStart:  collection: 59 
[15.903s][debug  ][gc,ergo        ] GC(58) avg_survived_padded_avg: 37025040.000000
[15.903s][debug  ][gc,ergo        ] GC(58) avg_promoted_padded_avg: 265545280.000000  avg_pretenured_padded_avg: 0.000000  tenuring_thresh: 1  target_size: 37224448
[15.903s][debug  ][gc,age         ] GC(58) Desired survivor size 37224448 bytes, new threshold 1 (max threshold 15)
[15.903s][debug  ][gc,ergo        ] GC(58) PSAdaptiveSizePolicy::compute_eden_space_size limits: desired_eden_size: 225043007 old_eden_size: 204472320 eden_limit: 204472320 cur_eden: 204472320 max_eden_size: 204472320 avg_young_live: 22546220
[15.903s][debug  ][gc,ergo        ] GC(58) PSAdaptiveSizePolicy::compute_eden_space_size: costs minor_time: 0.037896 major_cost: 0.041304 mutator_cost: 0.920800 throughput_goal: 0.990000
[15.903s][debug  ][gc,ergo        ] GC(58) Live_space: 917331584 free_space: 1243611136
[15.903s][debug  ][gc,ergo        ] GC(58) Old eden_size: 204472320 desired_eden_size: 204472320
[15.903s][debug  ][gc,ergo        ] GC(58) AdaptiveSizeStop: collection: 59 
[15.903s][info   ][gc,heap        ] GC(58) PSYoungGen: 198466K(230912K)->0K(200192K) Eden: 198466K(199680K)->0K(199680K) From: 0K(31232K)->0K(512K)
[15.903s][info   ][gc,heap        ] GC(58) ParOldGen: 831076K(1835008K)->831076K(1835008K)
[15.903s][info   ][gc,metaspace   ] GC(58) Metaspace: 1023K(1216K)->1023K(1216K) NonClass: 939K(1024K)->939K(1024K) Class: 83K(192K)->83K(192K)
[15.904s][info   ][gc             ] GC(58) Pause Young (Allocation Failure) 1005M->811M(1987M) 3.868ms
[15.904s][info   ][gc,cpu         ] GC(58) User=0.00s Sys=0.00s Real=0.00s
[15.904s][debug  ][gc,heap        ] GC(58) Heap after GC invocations=59 (full 10):
[15.904s][debug  ][gc,heap        ] GC(58)  PSYoungGen      total 200192K, used 0K [0x00000000f0000000, 0x0000000100000000, 0x0000000100000000)
[15.904s][debug  ][gc,heap        ] GC(58)   eden space 199680K, 0% used [0x00000000f0000000,0x00000000f0000000,0x00000000fc300000)
[15.904s][debug  ][gc,heap        ] GC(58)   from space 512K, 0% used [0x00000000fc300000,0x00000000fc300000,0x00000000fc380000)
[15.904s][debug  ][gc,heap        ] GC(58)   to   space 36352K, 0% used [0x00000000fdc80000,0x00000000fdc80000,0x0000000100000000)
[15.904s][debug  ][gc,heap        ] GC(58)  ParOldGen       total 1835008K, used 831076K [0x0000000080000000, 0x00000000f0000000, 0x00000000f0000000)
[15.904s][debug  ][gc,heap        ] GC(58)   object space 1835008K, 45% used [0x0000000080000000,0x00000000b2b99118,0x00000000f0000000)
[15.904s][debug  ][gc,heap        ] GC(58)  Metaspace       used 1023K, committed 1216K, reserved 1056768K
[15.904s][debug  ][gc,heap        ] GC(58)   class space    used 83K, committed 192K, reserved 1048576K
[15.904s][debug  ][gc,task,time   ] GC(58) VM-Thread 158992749 159017378 159038101
[16.199s][debug  ][gc,heap        ] GC(59) Heap before GC invocations=60 (full 10):
[16.199s][debug  ][gc,heap        ] GC(59)  PSYoungGen      total 200192K, used 198397K [0x00000000f0000000, 0x0000000100000000, 0x0000000100000000)
[16.199s][debug  ][gc,heap        ] GC(59)   eden space 199680K, 99% used [0x00000000f0000000,0x00000000fc1bf520,0x00000000fc300000)
[16.199s][debug  ][gc,heap        ] GC(59)   from space 512K, 0% used [0x00000000fc300000,0x00000000fc300000,0x00000000fc380000)
[16.199s][debug  ][gc,heap        ] GC(59)   to   space 36352K, 0% used [0x00000000fdc80000,0x00000000fdc80000,0x0000000100000000)
[16.199s][debug  ][gc,heap        ] GC(59)  ParOldGen       total 1835008K, used 831076K [0x0000000080000000, 0x00000000f0000000, 0x00000000f0000000)
[16.199s][debug  ][gc,heap        ] GC(59)   object space 1835008K, 45% used [0x0000000080000000,0x00000000b2b99118,0x00000000f0000000)
[16.199s][debug  ][gc,heap        ] GC(59)  Metaspace       used 1023K, committed 1216K, reserved 1056768K
[16.199s][debug  ][gc,heap        ] GC(59)   class space    used 83K, committed 192K, reserved 1048576K
[16.199s][debug  ][gc,tlab        ] GC(59) TLAB totals: thrds: 1  refills: 1 max: 1 slow allocs: 18 max 18 waste: 27.3% gc: 3929072B max: 3929072B slow: 0B max: 0B
[16.199s][info   ][gc,start       ] GC(59) Pause Young (Allocation Failure)
[16.199s][debug  ][gc,phases,start] GC(59) Scavenge
[16.213s][debug  ][gc,phases      ] GC(59) Scavenge 13.309ms
[16.213s][debug  ][gc,phases,start] GC(59) Reference Processing
[16.213s][debug  ][gc,ref         ] GC(59) Skipped phase 1 of Reference Processing: no references
[16.213s][debug  ][gc,ref         ] GC(59) Skipped phase 2 of Reference Processing: no references
[16.213s][debug  ][gc,ref         ] GC(59) Skipped phase 3 of Reference Processing: no references
[16.213s][debug  ][gc,ref         ] GC(59) Skipped phase 4 of Reference Processing: no references
[16.213s][debug  ][gc,phases,ref  ] GC(59) Reference Processing: 0.1ms
[16.213s][debug  ][gc,phases,ref  ] GC(59)   Reconsider SoftReferences: 0.0ms
[16.213s][debug  ][gc,phases,ref  ] GC(59)     SoftRef (ms):                  skipped
[16.213s][debug  ][gc,phases,ref  ] GC(59)   Notify Soft/WeakReferences: 0.0ms
[16.213s][debug  ][gc,phases,ref  ] GC(59)     SoftRef (ms):                  skipped
[16.213s][debug  ][gc,phases,ref  ] GC(59)     WeakRef (ms):                  skipped
[16.213s][debug  ][gc,phases,ref  ] GC(59)     FinalRef (ms):                 skipped
[16.213s][debug  ][gc,phases,ref  ] GC(59)     Total (ms):                    skipped
[16.213s][debug  ][gc,phases,ref  ] GC(59)   Notify and keep alive finalizable: 0.0ms
[16.213s][debug  ][gc,phases,ref  ] GC(59)     FinalRef (ms):                 skipped
[16.213s][debug  ][gc,phases,ref  ] GC(59)   Notify PhantomReferences: 0.0ms
[16.213s][debug  ][gc,phases,ref  ] GC(59)     PhantomRef (ms):               skipped
[16.213s][debug  ][gc,phases,ref  ] GC(59)   SoftReference:
[16.213s][debug  ][gc,phases,ref  ] GC(59)     Discovered: 0
[16.213s][debug  ][gc,phases,ref  ] GC(59)     Cleared: 0
[16.213s][debug  ][gc,phases,ref  ] GC(59)   WeakReference:
[16.213s][debug  ][gc,phases,ref  ] GC(59)     Discovered: 0
[16.213s][debug  ][gc,phases,ref  ] GC(59)     Cleared: 0
[16.213s][debug  ][gc,phases,ref  ] GC(59)   FinalReference:
[16.213s][debug  ][gc,phases,ref  ] GC(59)     Discovered: 0
[16.213s][debug  ][gc,phases,ref  ] GC(59)     Cleared: 0
[16.213s][debug  ][gc,phases,ref  ] GC(59)   PhantomReference:
[16.213s][debug  ][gc,phases,ref  ] GC(59)     Discovered: 0
[16.213s][debug  ][gc,phases,ref  ] GC(59)     Cleared: 0
[16.214s][debug  ][gc,phases      ] GC(59) Reference Processing 0.773ms
[16.214s][debug  ][gc,phases,start] GC(59) Weak Processing
[16.214s][debug  ][gc,phases      ] GC(59)   VM Weak                        Min:  0.0, Avg:  0.0, Max:  0.0, Diff:  0.0, Sum:  0.0, Workers: 6
[16.214s][debug  ][gc,phases      ] GC(59)     Dead                           Min: 0, Avg:  0.0, Max: 0, Diff: 0, Sum: 0, Workers: 6
[16.214s][debug  ][gc,phases      ] GC(59)     Total                          Min: 0, Avg:  1.3, Max: 8, Diff: 8, Sum: 8, Workers: 6
[16.214s][debug  ][gc,phases      ] GC(59)   ObjectSynchronizer Weak        Min:  0.0, Avg:  0.0, Max:  0.0, Diff:  0.0, Sum:  0.0, Workers: 6
[16.214s][debug  ][gc,phases      ] GC(59)     Dead                           Min: 0, Avg:  0.0, Max: 0, Diff: 0, Sum: 0, Workers: 6
[16.214s][debug  ][gc,phases      ] GC(59)     Total                          Min: 0, Avg:  0.5, Max: 3, Diff: 3, Sum: 3, Workers: 6
[16.214s][debug  ][gc,phases      ] GC(59)   JVMTI Tag Weak OopStorage      Min:  0.0, Avg:  0.0, Max:  0.0, Diff:  0.0, Sum:  0.0, Workers: 6
[16.214s][debug  ][gc,phases      ] GC(59)     Dead                           Min: 0, Avg:  0.0, Max: 0, Diff: 0, Sum: 0, Workers: 6
[16.214s][debug  ][gc,phases      ] GC(59)     Total                          Min: 0, Avg:  0.0, Max: 0, Diff: 0, Sum: 0, Workers: 6
[16.214s][debug  ][gc,phases      ] GC(59)   StringTable Weak               Min:  0.0, Avg:  0.0, Max:  0.0, Diff:  0.0, Sum:  0.0, Workers: 6
[16.214s][debug  ][gc,phases      ] GC(59)     Dead                           Min: 0, Avg:  0.0, Max: 0, Diff: 0, Sum: 0, Workers: 6
[16.214s][debug  ][gc,phases      ] GC(59)     Total                          Min: 640, Avg: 892.5, Max: 1088, Diff: 448, Sum: 5355, Workers: 6
[16.214s][debug  ][gc,phases      ] GC(59)   ResolvedMethodTable Weak       Min:  0.0, Avg:  0.0, Max:  0.0, Diff:  0.0, Sum:  0.0, Workers: 6
[16.214s][debug  ][gc,phases      ] GC(59)     Dead                           Min: 0, Avg:  0.0, Max: 0, Diff: 0, Sum: 0, Workers: 6
[16.214s][debug  ][gc,phases      ] GC(59)     Total                          Min: 0, Avg: 21.5, Max: 64, Diff: 64, Sum: 129, Workers: 6
[16.214s][debug  ][gc,phases      ] GC(59)   JNI Weak                       Min:  0.0, Avg:  0.0, Max:  0.0, Diff:  0.0, Sum:  0.0, Workers: 6
[16.214s][debug  ][gc,phases      ] GC(59)     Dead                           Min: 0, Avg:  0.0, Max: 0, Diff: 0, Sum: 0, Workers: 6
[16.214s][debug  ][gc,phases      ] GC(59)     Total                          Min: 0, Avg:  0.0, Max: 0, Diff: 0, Sum: 0, Workers: 6
[16.214s][debug  ][gc,phases      ] GC(59)   StringDedup Table Weak         Min:  0.0, Avg:  0.0, Max:  0.0, Diff:  0.0, Sum:  0.0, Workers: 6
[16.214s][debug  ][gc,phases      ] GC(59)     Dead                           Min: 0, Avg:  0.0, Max: 0, Diff: 0, Sum: 0, Workers: 6
[16.214s][debug  ][gc,phases      ] GC(59)     Total                          Min: 0, Avg:  0.0, Max: 0, Diff: 0, Sum: 0, Workers: 6
[16.214s][debug  ][gc,phases      ] GC(59)   StringDedup Requests0 Weak     Min:  0.0, Avg:  0.0, Max:  0.0, Diff:  0.0, Sum:  0.0, Workers: 6
[16.214s][debug  ][gc,phases      ] GC(59)     Dead                           Min: 0, Avg:  0.0, Max: 0, Diff: 0, Sum: 0, Workers: 6
[16.214s][debug  ][gc,phases      ] GC(59)     Total                          Min: 0, Avg:  0.0, Max: 0, Diff: 0, Sum: 0, Workers: 6
[16.214s][debug  ][gc,phases      ] GC(59)   StringDedup Requests1 Weak     Min:  0.0, Avg:  0.0, Max:  0.0, Diff:  0.0, Sum:  0.0, Workers: 6
[16.214s][debug  ][gc,phases      ] GC(59)     Dead                           Min: 0, Avg:  0.0, Max: 0, Diff: 0, Sum: 0, Workers: 6
[16.214s][debug  ][gc,phases      ] GC(59)     Total                          Min: 0, Avg:  0.0, Max: 0, Diff: 0, Sum: 0, Workers: 6
[16.214s][debug  ][gc,phases      ] GC(59)   Weak JFR Old Object Samples    Min:  0.0, Avg:  0.0, Max:  0.0, Diff:  0.0, Sum:  0.0, Workers: 6
[16.214s][debug  ][gc,phases      ] GC(59)     Dead                           Min: 0, Avg:  0.0, Max: 0, Diff: 0, Sum: 0, Workers: 6
[16.214s][debug  ][gc,phases      ] GC(59)     Total                          Min: 0, Avg:  0.0, Max: 0, Diff: 0, Sum: 0, Workers: 6
[16.214s][debug  ][gc,phases      ] GC(59) Weak Processing 0.862ms
[16.214s][debug  ][gc,ergo        ] GC(59) AdaptiveSizeStart:  collection: 60 
[16.214s][debug  ][gc,ergo        ] GC(59) avg_survived_padded_avg: 37313392.000000
[16.214s][debug  ][gc,ergo        ] GC(59) avg_promoted_padded_avg: 259483280.000000  avg_pretenured_padded_avg: 0.000000  tenuring_thresh: 1  target_size: 37748736
[16.214s][debug  ][gc,age         ] GC(59) Desired survivor size 37748736 bytes, new threshold 1 (max threshold 15)
[16.215s][debug  ][gc,ergo        ] GC(59) PSAdaptiveSizePolicy::compute_eden_space_size: costs minor_time: 0.040535 major_cost: 0.041304 mutator_cost: 0.918160 throughput_goal: 0.990000
[16.215s][debug  ][gc,ergo        ] GC(59) Live_space: 918222720 free_space: 1243611136
[16.215s][debug  ][gc,ergo        ] GC(59) Old eden_size: 204472320 desired_eden_size: 225968128
[16.215s][debug  ][gc,ergo        ] GC(59) AdaptiveSizeStop: collection: 60 
[16.215s][info   ][gc,heap        ] GC(59) PSYoungGen: 198397K(200192K)->30720K(224768K) Eden: 198397K(199680K)->0K(188416K) From: 0K(512K)->30720K(36352K)
[16.215s][info   ][gc,heap        ] GC(59) ParOldGen: 831076K(1835008K)->994916K(1835008K)
[16.215s][info   ][gc,metaspace   ] GC(59) Metaspace: 1023K(1216K)->1023K(1216K) NonClass: 939K(1024K)->939K(1024K) Class: 83K(192K)->83K(192K)
[16.215s][info   ][gc             ] GC(59) Pause Young (Allocation Failure) 1005M->1001M(2011M) 15.423ms
[16.215s][info   ][gc,cpu         ] GC(59) User=0.11s Sys=0.00s Real=0.02s
[16.215s][debug  ][gc,heap        ] GC(59) Heap after GC invocations=60 (full 10):
[16.215s][debug  ][gc,heap        ] GC(59)  PSYoungGen      total 224768K, used 30720K [0x00000000f0000000, 0x0000000100000000, 0x0000000100000000)
[16.215s][debug  ][gc,heap        ] GC(59)   eden space 188416K, 0% used [0x00000000f0000000,0x00000000f0000000,0x00000000fb800000)
[16.215s][debug  ][gc,heap        ] GC(59)   from space 36352K, 84% used [0x00000000fdc80000,0x00000000ffa80030,0x0000000100000000)
[16.215s][debug  ][gc,heap        ] GC(59)   to   space 36864K, 0% used [0x00000000fb800000,0x00000000fb800000,0x00000000fdc00000)
[16.215s][debug  ][gc,heap        ] GC(59)  ParOldGen       total 1835008K, used 994916K [0x0000000080000000, 0x00000000f0000000, 0x00000000f0000000)
[16.215s][debug  ][gc,heap        ] GC(59)   object space 1835008K, 54% used [0x0000000080000000,0x00000000bcb99218,0x00000000f0000000)
[16.215s][debug  ][gc,heap        ] GC(59)  Metaspace       used 1023K, committed 1216K, reserved 1056768K
[16.215s][debug  ][gc,heap        ] GC(59)   class space    used 83K, committed 192K, reserved 1048576K
[16.215s][debug  ][gc,task,time   ] GC(59) VM-Thread 161988645 162127403 162150509
[16.495s][debug  ][gc,heap        ] GC(60) Heap before GC invocations=61 (full 10):
[16.495s][debug  ][gc,heap        ] GC(60)  PSYoungGen      total 224768K, used 218687K [0x00000000f0000000, 0x0000000100000000, 0x0000000100000000)
[16.495s][debug  ][gc,heap        ] GC(60)   eden space 188416K, 99% used [0x00000000f0000000,0x00000000fb78fc28,0x00000000fb800000)
[16.496s][debug  ][gc,heap        ] GC(60)   from space 36352K, 84% used [0x00000000fdc80000,0x00000000ffa80030,0x0000000100000000)
[16.496s][debug  ][gc,heap        ] GC(60)   to   space 36864K, 0% used [0x00000000fb800000,0x00000000fb800000,0x00000000fdc00000)
[16.496s][debug  ][gc,heap        ] GC(60)  ParOldGen       total 1835008K, used 994916K [0x0000000080000000, 0x00000000f0000000, 0x00000000f0000000)
[16.496s][debug  ][gc,heap        ] GC(60)   object space 1835008K, 54% used [0x0000000080000000,0x00000000bcb99218,0x00000000f0000000)
[16.496s][debug  ][gc,heap        ] GC(60)  Metaspace       used 1023K, committed 1216K, reserved 1056768K
[16.496s][debug  ][gc,heap        ] GC(60)   class space    used 83K, committed 192K, reserved 1048576K
[16.496s][debug  ][gc,tlab        ] GC(60) TLAB totals: thrds: 1  refills: 1 max: 1 slow allocs: 17 max 17 waste: 26.3% gc: 3734280B max: 3734280B slow: 0B max: 0B
[16.496s][info   ][gc,start       ] GC(60) Pause Young (Allocation Failure)
[16.496s][debug  ][gc,phases,start] GC(60) Scavenge
[16.510s][debug  ][gc,phases      ] GC(60) Scavenge 14.304ms
[16.510s][debug  ][gc,phases,start] GC(60) Reference Processing
[16.510s][debug  ][gc,ref         ] GC(60) Skipped phase 1 of Reference Processing: no references
[16.510s][debug  ][gc,ref         ] GC(60) Skipped phase 2 of Reference Processing: no references
[16.510s][debug  ][gc,ref         ] GC(60) Skipped phase 3 of Reference Processing: no references
[16.510s][debug  ][gc,ref         ] GC(60) Skipped phase 4 of Reference Processing: no references
[16.510s][debug  ][gc,phases,ref  ] GC(60) Reference Processing: 0.1ms
[16.510s][debug  ][gc,phases,ref  ] GC(60)   Reconsider SoftReferences: 0.0ms
[16.510s][debug  ][gc,phases,ref  ] GC(60)     SoftRef (ms):                  skipped
[16.510s][debug  ][gc,phases,ref  ] GC(60)   Notify Soft/WeakReferences: 0.0ms
[16.510s][debug  ][gc,phases,ref  ] GC(60)     SoftRef (ms):                  skipped
[16.510s][debug  ][gc,phases,ref  ] GC(60)     WeakRef (ms):                  skipped
[16.510s][debug  ][gc,phases,ref  ] GC(60)     FinalRef (ms):                 skipped
[16.510s][debug  ][gc,phases,ref  ] GC(60)     Total (ms):                    skipped
[16.510s][debug  ][gc,phases,ref  ] GC(60)   Notify and keep alive finalizable: 0.0ms
[16.510s][debug  ][gc,phases,ref  ] GC(60)     FinalRef (ms):                 skipped
[16.510s][debug  ][gc,phases,ref  ] GC(60)   Notify PhantomReferences: 0.0ms
[16.510s][debug  ][gc,phases,ref  ] GC(60)     PhantomRef (ms):               skipped
[16.510s][debug  ][gc,phases,ref  ] GC(60)   SoftReference:
[16.510s][debug  ][gc,phases,ref  ] GC(60)     Discovered: 0
[16.510s][debug  ][gc,phases,ref  ] GC(60)     Cleared: 0
[16.511s][debug  ][gc,phases,ref  ] GC(60)   WeakReference:
[16.511s][debug  ][gc,phases,ref  ] GC(60)     Discovered: 0
[16.511s][debug  ][gc,phases,ref  ] GC(60)     Cleared: 0
[16.511s][debug  ][gc,phases,ref  ] GC(60)   FinalReference:
[16.511s][debug  ][gc,phases,ref  ] GC(60)     Discovered: 0
[16.511s][debug  ][gc,phases,ref  ] GC(60)     Cleared: 0
[16.511s][debug  ][gc,phases,ref  ] GC(60)   PhantomReference:
[16.511s][debug  ][gc,phases,ref  ] GC(60)     Discovered: 0
[16.511s][debug  ][gc,phases,ref  ] GC(60)     Cleared: 0
[16.511s][debug  ][gc,phases      ] GC(60) Reference Processing 0.574ms
[16.511s][debug  ][gc,phases,start] GC(60) Weak Processing
[16.511s][debug  ][gc,phases      ] GC(60)   VM Weak                        Min:  0.0, Avg:  0.0, Max:  0.0, Diff:  0.0, Sum:  0.0, Workers: 6
[16.511s][debug  ][gc,phases      ] GC(60)     Dead                           Min: 0, Avg:  0.0, Max: 0, Diff: 0, Sum: 0, Workers: 6
[16.511s][debug  ][gc,phases      ] GC(60)     Total                          Min: 0, Avg:  1.3, Max: 8, Diff: 8, Sum: 8, Workers: 6
[16.511s][debug  ][gc,phases      ] GC(60)   ObjectSynchronizer Weak        Min:  0.0, Avg:  0.0, Max:  0.0, Diff:  0.0, Sum:  0.0, Workers: 6
[16.511s][debug  ][gc,phases      ] GC(60)     Dead                           Min: 0, Avg:  0.0, Max: 0, Diff: 0, Sum: 0, Workers: 6
[16.511s][debug  ][gc,phases      ] GC(60)     Total                          Min: 0, Avg:  0.5, Max: 3, Diff: 3, Sum: 3, Workers: 6
[16.511s][debug  ][gc,phases      ] GC(60)   JVMTI Tag Weak OopStorage      Min:  0.0, Avg:  0.0, Max:  0.0, Diff:  0.0, Sum:  0.0, Workers: 6
[16.511s][debug  ][gc,phases      ] GC(60)     Dead                           Min: 0, Avg:  0.0, Max: 0, Diff: 0, Sum: 0, Workers: 6
[16.511s][debug  ][gc,phases      ] GC(60)     Total                          Min: 0, Avg:  0.0, Max: 0, Diff: 0, Sum: 0, Workers: 6
[16.511s][debug  ][gc,phases      ] GC(60)   StringTable Weak               Min:  0.0, Avg:  0.0, Max:  0.0, Diff:  0.0, Sum:  0.0, Workers: 6
[16.511s][debug  ][gc,phases      ] GC(60)     Dead                           Min: 0, Avg:  0.0, Max: 0, Diff: 0, Sum: 0, Workers: 6
[16.511s][debug  ][gc,phases      ] GC(60)     Total                          Min: 748, Avg: 892.5, Max: 1087, Diff: 339, Sum: 5355, Workers: 6
[16.511s][debug  ][gc,phases      ] GC(60)   ResolvedMethodTable Weak       Min:  0.0, Avg:  0.0, Max:  0.0, Diff:  0.0, Sum:  0.0, Workers: 6
[16.511s][debug  ][gc,phases      ] GC(60)     Dead                           Min: 0, Avg:  0.0, Max: 0, Diff: 0, Sum: 0, Workers: 6
[16.511s][debug  ][gc,phases      ] GC(60)     Total                          Min: 0, Avg: 21.5, Max: 64, Diff: 64, Sum: 129, Workers: 6
[16.511s][debug  ][gc,phases      ] GC(60)   JNI Weak                       Min:  0.0, Avg:  0.0, Max:  0.0, Diff:  0.0, Sum:  0.0, Workers: 6
[16.511s][debug  ][gc,phases      ] GC(60)     Dead                           Min: 0, Avg:  0.0, Max: 0, Diff: 0, Sum: 0, Workers: 6
[16.511s][debug  ][gc,phases      ] GC(60)     Total                          Min: 0, Avg:  0.0, Max: 0, Diff: 0, Sum: 0, Workers: 6
[16.511s][debug  ][gc,phases      ] GC(60)   StringDedup Table Weak         Min:  0.0, Avg:  0.0, Max:  0.0, Diff:  0.0, Sum:  0.0, Workers: 6
[16.511s][debug  ][gc,phases      ] GC(60)     Dead                           Min: 0, Avg:  0.0, Max: 0, Diff: 0, Sum: 0, Workers: 6
[16.511s][debug  ][gc,phases      ] GC(60)     Total                          Min: 0, Avg:  0.0, Max: 0, Diff: 0, Sum: 0, Workers: 6
[16.511s][debug  ][gc,phases      ] GC(60)   StringDedup Requests0 Weak     Min:  0.0, Avg:  0.0, Max:  0.0, Diff:  0.0, Sum:  0.0, Workers: 6
[16.511s][debug  ][gc,phases      ] GC(60)     Dead                           Min: 0, Avg:  0.0, Max: 0, Diff: 0, Sum: 0, Workers: 6
[16.511s][debug  ][gc,phases      ] GC(60)     Total                          Min: 0, Avg:  0.0, Max: 0, Diff: 0, Sum: 0, Workers: 6
[16.511s][debug  ][gc,phases      ] GC(60)   StringDedup Requests1 Weak     Min:  0.0, Avg:  0.0, Max:  0.0, Diff:  0.0, Sum:  0.0, Workers: 6
[16.511s][debug  ][gc,phases      ] GC(60)     Dead                           Min: 0, Avg:  0.0, Max: 0, Diff: 0, Sum: 0, Workers: 6
[16.511s][debug  ][gc,phases      ] GC(60)     Total                          Min: 0, Avg:  0.0, Max: 0, Diff: 0, Sum: 0, Workers: 6
[16.511s][debug  ][gc,phases      ] GC(60)   Weak JFR Old Object Samples    Min:  0.0, Avg:  0.0, Max:  0.0, Diff:  0.0, Sum:  0.0, Workers: 6
[16.511s][debug  ][gc,phases      ] GC(60)     Dead                           Min: 0, Avg:  0.0, Max: 0, Diff: 0, Sum: 0, Workers: 6
[16.511s][debug  ][gc,phases      ] GC(60)     Total                          Min: 0, Avg:  0.0, Max: 0, Diff: 0, Sum: 0, Workers: 6
[16.511s][debug  ][gc,phases      ] GC(60) Weak Processing 0.684ms
[16.511s][debug  ][gc,ergo        ] GC(60) AdaptiveSizeStart:  collection: 61 
[16.511s][debug  ][gc,ergo        ] GC(60) avg_survived_padded_avg: 37488392.000000
[16.511s][debug  ][gc,ergo        ] GC(60) avg_promoted_padded_avg: 261415424.000000  avg_pretenured_padded_avg: 0.000000  tenuring_thresh: 1  target_size: 37748736
[16.511s][debug  ][gc,age         ] GC(60) Desired survivor size 37748736 bytes, new threshold 1 (max threshold 15)
[16.511s][debug  ][gc,ergo        ] GC(60) PSAdaptiveSizePolicy::compute_eden_space_size limits: desired_eden_size: 213935893 old_eden_size: 225968128 eden_limit: 193462272 cur_eden: 192937984 max_eden_size: 193462272 avg_young_live: 24239330
[16.512s][debug  ][gc,ergo        ] GC(60) PSAdaptiveSizePolicy::compute_eden_space_size: costs minor_time: 0.043591 major_cost: 0.041304 mutator_cost: 0.915105 throughput_goal: 0.990000
[16.512s][debug  ][gc,ergo        ] GC(60) Live_space: 919024768 free_space: 1265106944
[16.512s][debug  ][gc,ergo        ] GC(60) Old eden_size: 225968128 desired_eden_size: 193462272
[16.512s][debug  ][gc,ergo        ] GC(60) AdaptiveSizeStop: collection: 61 
[16.512s][info   ][gc,heap        ] GC(60) PSYoungGen: 218687K(224768K)->30720K(225280K) Eden: 187967K(188416K)->0K(188416K) From: 30720K(36352K)->30720K(36864K)
[16.512s][info   ][gc,heap        ] GC(60) ParOldGen: 994916K(1835008K)->1179236K(1835008K)
[16.512s][info   ][gc,metaspace   ] GC(60) Metaspace: 1023K(1216K)->1023K(1216K) NonClass: 939K(1024K)->939K(1024K) Class: 83K(192K)->83K(192K)
[16.512s][info   ][gc             ] GC(60) Pause Young (Allocation Failure) 1185M->1181M(2012M) 15.972ms
[16.512s][info   ][gc,cpu         ] GC(60) User=0.12s Sys=0.00s Real=0.02s
[16.512s][debug  ][gc,heap        ] GC(60) Heap after GC invocations=61 (full 10):
[16.512s][debug  ][gc,heap        ] GC(60)  PSYoungGen      total 225280K, used 30720K [0x00000000f0000000, 0x0000000100000000, 0x0000000100000000)
[16.512s][debug  ][gc,heap        ] GC(60)   eden space 188416K, 0% used [0x00000000f0000000,0x00000000f0000000,0x00000000fb800000)
[16.512s][debug  ][gc,heap        ] GC(60)   from space 36864K, 83% used [0x00000000fb800000,0x00000000fd600030,0x00000000fdc00000)
[16.512s][debug  ][gc,heap        ] GC(60)   to   space 36864K, 0% used [0x00000000fdc00000,0x00000000fdc00000,0x0000000100000000)
[16.512s][debug  ][gc,heap        ] GC(60)  ParOldGen       total 1835008K, used 1179236K [0x0000000080000000, 0x00000000f0000000, 0x00000000f0000000)
[16.512s][debug  ][gc,heap        ] GC(60)   object space 1835008K, 64% used [0x0000000080000000,0x00000000c7f99338,0x00000000f0000000)
[16.512s][debug  ][gc,heap        ] GC(60)  Metaspace       used 1023K, committed 1216K, reserved 1056768K
[16.512s][debug  ][gc,heap        ] GC(60)   class space    used 83K, committed 192K, reserved 1048576K
[16.512s][debug  ][gc,task,time   ] GC(60) VM-Thread 164953661 165101097 165119133
[16.796s][debug  ][gc,heap        ] GC(61) Heap before GC invocations=62 (full 10):
[16.796s][debug  ][gc,heap        ] GC(61)  PSYoungGen      total 225280K, used 218704K [0x00000000f0000000, 0x0000000100000000, 0x0000000100000000)
[16.796s][debug  ][gc,heap        ] GC(61)   eden space 188416K, 99% used [0x00000000f0000000,0x00000000fb794000,0x00000000fb800000)
[16.796s][debug  ][gc,heap        ] GC(61)   from space 36864K, 83% used [0x00000000fb800000,0x00000000fd600030,0x00000000fdc00000)
[16.796s][debug  ][gc,heap        ] GC(61)   to   space 36864K, 0% used [0x00000000fdc00000,0x00000000fdc00000,0x0000000100000000)
[16.796s][debug  ][gc,heap        ] GC(61)  ParOldGen       total 1835008K, used 1179236K [0x0000000080000000, 0x00000000f0000000, 0x00000000f0000000)
[16.796s][debug  ][gc,heap        ] GC(61)   object space 1835008K, 64% used [0x0000000080000000,0x00000000c7f99338,0x00000000f0000000)
[16.796s][debug  ][gc,heap        ] GC(61)  Metaspace       used 1023K, committed 1216K, reserved 1056768K
[16.796s][debug  ][gc,heap        ] GC(61)   class space    used 83K, committed 192K, reserved 1048576K
[16.796s][debug  ][gc,tlab        ] GC(61) TLAB totals: thrds: 1  refills: 1 max: 1 slow allocs: 17 max 17 waste: 26.4% gc: 3751648B max: 3751648B slow: 0B max: 0B
[16.796s][info   ][gc,start       ] GC(61) Pause Young (Allocation Failure)
[16.796s][debug  ][gc,phases,start] GC(61) Scavenge
[16.810s][debug  ][gc,phases      ] GC(61) Scavenge 14.497ms
[16.810s][debug  ][gc,phases,start] GC(61) Reference Processing
[16.810s][debug  ][gc,ref         ] GC(61) Skipped phase 1 of Reference Processing: no references
[16.811s][debug  ][gc,ref         ] GC(61) Skipped phase 2 of Reference Processing: no references
[16.811s][debug  ][gc,ref         ] GC(61) Skipped phase 3 of Reference Processing: no references
[16.811s][debug  ][gc,ref         ] GC(61) Skipped phase 4 of Reference Processing: no references
[16.811s][debug  ][gc,phases,ref  ] GC(61) Reference Processing: 0.1ms
[16.811s][debug  ][gc,phases,ref  ] GC(61)   Reconsider SoftReferences: 0.0ms
[16.811s][debug  ][gc,phases,ref  ] GC(61)     SoftRef (ms):                  skipped
[16.811s][debug  ][gc,phases,ref  ] GC(61)   Notify Soft/WeakReferences: 0.0ms
[16.811s][debug  ][gc,phases,ref  ] GC(61)     SoftRef (ms):                  skipped
[16.811s][debug  ][gc,phases,ref  ] GC(61)     WeakRef (ms):                  skipped
[16.811s][debug  ][gc,phases,ref  ] GC(61)     FinalRef (ms):                 skipped
[16.811s][debug  ][gc,phases,ref  ] GC(61)     Total (ms):                    skipped
[16.811s][debug  ][gc,phases,ref  ] GC(61)   Notify and keep alive finalizable: 0.0ms
[16.811s][debug  ][gc,phases,ref  ] GC(61)     FinalRef (ms):                 skipped
[16.811s][debug  ][gc,phases,ref  ] GC(61)   Notify PhantomReferences: 0.0ms
[16.811s][debug  ][gc,phases,ref  ] GC(61)     PhantomRef (ms):               skipped
[16.811s][debug  ][gc,phases,ref  ] GC(61)   SoftReference:
[16.811s][debug  ][gc,phases,ref  ] GC(61)     Discovered: 0
[16.811s][debug  ][gc,phases,ref  ] GC(61)     Cleared: 0
[16.811s][debug  ][gc,phases,ref  ] GC(61)   WeakReference:
[16.811s][debug  ][gc,phases,ref  ] GC(61)     Discovered: 0
[16.811s][debug  ][gc,phases,ref  ] GC(61)     Cleared: 0
[16.811s][debug  ][gc,phases,ref  ] GC(61)   FinalReference:
[16.811s][debug  ][gc,phases,ref  ] GC(61)     Discovered: 0
[16.811s][debug  ][gc,phases,ref  ] GC(61)     Cleared: 0
[16.811s][debug  ][gc,phases,ref  ] GC(61)   PhantomReference:
[16.811s][debug  ][gc,phases,ref  ] GC(61)     Discovered: 0
[16.811s][debug  ][gc,phases,ref  ] GC(61)     Cleared: 0
[16.811s][debug  ][gc,phases      ] GC(61) Reference Processing 0.588ms
[16.811s][debug  ][gc,phases,start] GC(61) Weak Processing
[16.811s][debug  ][gc,phases      ] GC(61)   VM Weak                        Min:  0.0, Avg:  0.0, Max:  0.0, Diff:  0.0, Sum:  0.0, Workers: 6
[16.811s][debug  ][gc,phases      ] GC(61)     Dead                           Min: 0, Avg:  0.0, Max: 0, Diff: 0, Sum: 0, Workers: 6
[16.811s][debug  ][gc,phases      ] GC(61)     Total                          Min: 0, Avg:  1.3, Max: 8, Diff: 8, Sum: 8, Workers: 6
[16.811s][debug  ][gc,phases      ] GC(61)   ObjectSynchronizer Weak        Min:  0.0, Avg:  0.0, Max:  0.0, Diff:  0.0, Sum:  0.0, Workers: 6
[16.811s][debug  ][gc,phases      ] GC(61)     Dead                           Min: 0, Avg:  0.0, Max: 0, Diff: 0, Sum: 0, Workers: 6
[16.811s][debug  ][gc,phases      ] GC(61)     Total                          Min: 0, Avg:  0.5, Max: 3, Diff: 3, Sum: 3, Workers: 6
[16.811s][debug  ][gc,phases      ] GC(61)   JVMTI Tag Weak OopStorage      Min:  0.0, Avg:  0.0, Max:  0.0, Diff:  0.0, Sum:  0.0, Workers: 6
[16.811s][debug  ][gc,phases      ] GC(61)     Dead                           Min: 0, Avg:  0.0, Max: 0, Diff: 0, Sum: 0, Workers: 6
[16.811s][debug  ][gc,phases      ] GC(61)     Total                          Min: 0, Avg:  0.0, Max: 0, Diff: 0, Sum: 0, Workers: 6
[16.811s][debug  ][gc,phases      ] GC(61)   StringTable Weak               Min:  0.0, Avg:  0.0, Max:  0.0, Diff:  0.0, Sum:  0.0, Workers: 6
[16.811s][debug  ][gc,phases      ] GC(61)     Dead                           Min: 0, Avg:  0.0, Max: 0, Diff: 0, Sum: 0, Workers: 6
[16.811s][debug  ][gc,phases      ] GC(61)     Total                          Min: 576, Avg: 892.5, Max: 1216, Diff: 640, Sum: 5355, Workers: 6
[16.811s][debug  ][gc,phases      ] GC(61)   ResolvedMethodTable Weak       Min:  0.0, Avg:  0.0, Max:  0.0, Diff:  0.0, Sum:  0.0, Workers: 6
[16.811s][debug  ][gc,phases      ] GC(61)     Dead                           Min: 0, Avg:  0.0, Max: 0, Diff: 0, Sum: 0, Workers: 6
[16.811s][debug  ][gc,phases      ] GC(61)     Total                          Min: 0, Avg: 21.5, Max: 64, Diff: 64, Sum: 129, Workers: 6
[16.811s][debug  ][gc,phases      ] GC(61)   JNI Weak                       Min:  0.0, Avg:  0.0, Max:  0.0, Diff:  0.0, Sum:  0.0, Workers: 6
[16.811s][debug  ][gc,phases      ] GC(61)     Dead                           Min: 0, Avg:  0.0, Max: 0, Diff: 0, Sum: 0, Workers: 6
[16.811s][debug  ][gc,phases      ] GC(61)     Total                          Min: 0, Avg:  0.0, Max: 0, Diff: 0, Sum: 0, Workers: 6
[16.812s][debug  ][gc,phases      ] GC(61)   StringDedup Table Weak         Min:  0.0, Avg:  0.0, Max:  0.0, Diff:  0.0, Sum:  0.0, Workers: 6
[16.812s][debug  ][gc,phases      ] GC(61)     Dead                           Min: 0, Avg:  0.0, Max: 0, Diff: 0, Sum: 0, Workers: 6
[16.812s][debug  ][gc,phases      ] GC(61)     Total                          Min: 0, Avg:  0.0, Max: 0, Diff: 0, Sum: 0, Workers: 6
[16.812s][debug  ][gc,phases      ] GC(61)   StringDedup Requests0 Weak     Min:  0.0, Avg:  0.0, Max:  0.0, Diff:  0.0, Sum:  0.0, Workers: 6
[16.812s][debug  ][gc,phases      ] GC(61)     Dead                           Min: 0, Avg:  0.0, Max: 0, Diff: 0, Sum: 0, Workers: 6
[16.812s][debug  ][gc,phases      ] GC(61)     Total                          Min: 0, Avg:  0.0, Max: 0, Diff: 0, Sum: 0, Workers: 6
[16.812s][debug  ][gc,phases      ] GC(61)   StringDedup Requests1 Weak     Min:  0.0, Avg:  0.0, Max:  0.0, Diff:  0.0, Sum:  0.0, Workers: 6
[16.812s][debug  ][gc,phases      ] GC(61)     Dead                           Min: 0, Avg:  0.0, Max: 0, Diff: 0, Sum: 0, Workers: 6
[16.812s][debug  ][gc,phases      ] GC(61)     Total                          Min: 0, Avg:  0.0, Max: 0, Diff: 0, Sum: 0, Workers: 6
[16.812s][debug  ][gc,phases      ] GC(61)   Weak JFR Old Object Samples    Min:  0.0, Avg:  0.0, Max:  0.0, Diff:  0.0, Sum:  0.0, Workers: 6
[16.812s][debug  ][gc,phases      ] GC(61)     Dead                           Min: 0, Avg:  0.0, Max: 0, Diff: 0, Sum: 0, Workers: 6
[16.812s][debug  ][gc,phases      ] GC(61)     Total                          Min: 0, Avg:  0.0, Max: 0, Diff: 0, Sum: 0, Workers: 6
[16.812s][debug  ][gc,phases      ] GC(61) Weak Processing 0.738ms
[16.812s][debug  ][gc,ergo        ] GC(61) AdaptiveSizeStart:  collection: 62 
[16.812s][debug  ][gc,ergo        ] GC(61) avg_survived_padded_avg: 37569832.000000
[16.812s][debug  ][gc,ergo        ] GC(61) avg_promoted_padded_avg: 262253760.000000  avg_pretenured_padded_avg: 0.000000  tenuring_thresh: 1  target_size: 37748736
[16.812s][debug  ][gc,age         ] GC(61) Desired survivor size 37748736 bytes, new threshold 1 (max threshold 15)
[16.812s][debug  ][gc,ergo        ] GC(61) PSAdaptiveSizePolicy::compute_eden_space_size limits: desired_eden_size: 214476062 old_eden_size: 193462272 eden_limit: 192937984 cur_eden: 192937984 max_eden_size: 192937984 avg_young_live: 24961128
[16.812s][debug  ][gc,ergo        ] GC(61) PSAdaptiveSizePolicy::compute_eden_space_size: costs minor_time: 0.045960 major_cost: 0.041304 mutator_cost: 0.912736 throughput_goal: 0.990000
[16.812s][debug  ][gc,ergo        ] GC(61) Live_space: 919746560 free_space: 1232601088
[16.812s][debug  ][gc,ergo        ] GC(61) Old eden_size: 193462272 desired_eden_size: 192937984
[16.812s][debug  ][gc,ergo        ] GC(61) AdaptiveSizeStop: collection: 62 
[16.812s][info   ][gc,heap        ] GC(61) PSYoungGen: 218704K(225280K)->30720K(225280K) Eden: 187984K(188416K)->0K(188416K) From: 30720K(36864K)->30720K(36864K)
[16.812s][info   ][gc,heap        ] GC(61) ParOldGen: 1179236K(1835008K)->1363557K(1835008K)
[16.812s][info   ][gc,metaspace   ] GC(61) Metaspace: 1023K(1216K)->1023K(1216K) NonClass: 939K(1024K)->939K(1024K) Class: 83K(192K)->83K(192K)
[16.812s][info   ][gc             ] GC(61) Pause Young (Allocation Failure) 1365M->1361M(2012M) 16.238ms
[16.812s][info   ][gc,cpu         ] GC(61) User=0.11s Sys=0.00s Real=0.02s
[16.812s][debug  ][gc,heap        ] GC(61) Heap after GC invocations=62 (full 10):
[16.812s][debug  ][gc,heap        ] GC(61)  PSYoungGen      total 225280K, used 30720K [0x00000000f0000000, 0x0000000100000000, 0x0000000100000000)
[16.812s][debug  ][gc,heap        ] GC(61)   eden space 188416K, 0% used [0x00000000f0000000,0x00000000f0000000,0x00000000fb800000)
[16.812s][debug  ][gc,heap        ] GC(61)   from space 36864K, 83% used [0x00000000fdc00000,0x00000000ffa00030,0x0000000100000000)
[16.812s][debug  ][gc,heap        ] GC(61)   to   space 36864K, 0% used [0x00000000fb800000,0x00000000fb800000,0x00000000fdc00000)
[16.812s][debug  ][gc,heap        ] GC(61)  ParOldGen       total 1835008K, used 1363557K [0x0000000080000000, 0x00000000f0000000, 0x00000000f0000000)
[16.812s][debug  ][gc,heap        ] GC(61)   object space 1835008K, 74% used [0x0000000080000000,0x00000000d3399458,0x00000000f0000000)
[16.812s][debug  ][gc,heap        ] GC(61)  Metaspace       used 1023K, committed 1216K, reserved 1056768K
[16.812s][debug  ][gc,heap        ] GC(61)   class space    used 83K, committed 192K, reserved 1048576K
[16.812s][debug  ][gc,task,time   ] GC(61) VM-Thread 167955432 168104504 168123202
[17.097s][debug  ][gc,heap        ] GC(62) Heap before GC invocations=63 (full 10):
[17.097s][debug  ][gc,heap        ] GC(62)  PSYoungGen      total 225280K, used 218714K [0x00000000f0000000, 0x0000000100000000, 0x0000000100000000)
[17.097s][debug  ][gc,heap        ] GC(62)   eden space 188416K, 99% used [0x00000000f0000000,0x00000000fb796b98,0x00000000fb800000)
[17.097s][debug  ][gc,heap        ] GC(62)   from space 36864K, 83% used [0x00000000fdc00000,0x00000000ffa00030,0x0000000100000000)
[17.097s][debug  ][gc,heap        ] GC(62)   to   space 36864K, 0% used [0x00000000fb800000,0x00000000fb800000,0x00000000fdc00000)
[17.097s][debug  ][gc,heap        ] GC(62)  ParOldGen       total 1835008K, used 1363557K [0x0000000080000000, 0x00000000f0000000, 0x00000000f0000000)
[17.097s][debug  ][gc,heap        ] GC(62)   object space 1835008K, 74% used [0x0000000080000000,0x00000000d3399458,0x00000000f0000000)
[17.097s][debug  ][gc,heap        ] GC(62)  Metaspace       used 1023K, committed 1216K, reserved 1056768K
[17.097s][debug  ][gc,heap        ] GC(62)   class space    used 83K, committed 192K, reserved 1048576K
[17.097s][debug  ][gc,tlab        ] GC(62) TLAB totals: thrds: 1  refills: 1 max: 1 slow allocs: 17 max 17 waste: 26.4% gc: 3762808B max: 3762808B slow: 0B max: 0B
[17.097s][info   ][gc,start       ] GC(62) Pause Young (Allocation Failure)
[17.097s][debug  ][gc,phases,start] GC(62) Scavenge
[17.112s][debug  ][gc,phases      ] GC(62) Scavenge 14.537ms
[17.112s][debug  ][gc,phases,start] GC(62) Reference Processing
[17.112s][debug  ][gc,ref         ] GC(62) Skipped phase 1 of Reference Processing: no references
[17.112s][debug  ][gc,ref         ] GC(62) Skipped phase 2 of Reference Processing: no references
[17.112s][debug  ][gc,ref         ] GC(62) Skipped phase 3 of Reference Processing: no references
[17.112s][debug  ][gc,ref         ] GC(62) Skipped phase 4 of Reference Processing: no references
[17.112s][debug  ][gc,phases,ref  ] GC(62) Reference Processing: 0.1ms
[17.112s][debug  ][gc,phases,ref  ] GC(62)   Reconsider SoftReferences: 0.0ms
[17.112s][debug  ][gc,phases,ref  ] GC(62)     SoftRef (ms):                  skipped
[17.112s][debug  ][gc,phases,ref  ] GC(62)   Notify Soft/WeakReferences: 0.0ms
[17.112s][debug  ][gc,phases,ref  ] GC(62)     SoftRef (ms):                  skipped
[17.112s][debug  ][gc,phases,ref  ] GC(62)     WeakRef (ms):                  skipped
[17.112s][debug  ][gc,phases,ref  ] GC(62)     FinalRef (ms):                 skipped
[17.112s][debug  ][gc,phases,ref  ] GC(62)     Total (ms):                    skipped
[17.112s][debug  ][gc,phases,ref  ] GC(62)   Notify and keep alive finalizable: 0.0ms
[17.112s][debug  ][gc,phases,ref  ] GC(62)     FinalRef (ms):                 skipped
[17.112s][debug  ][gc,phases,ref  ] GC(62)   Notify PhantomReferences: 0.0ms
[17.112s][debug  ][gc,phases,ref  ] GC(62)     PhantomRef (ms):               skipped
[17.112s][debug  ][gc,phases,ref  ] GC(62)   SoftReference:
[17.112s][debug  ][gc,phases,ref  ] GC(62)     Discovered: 0
[17.112s][debug  ][gc,phases,ref  ] GC(62)     Cleared: 0
[17.112s][debug  ][gc,phases,ref  ] GC(62)   WeakReference:
[17.112s][debug  ][gc,phases,ref  ] GC(62)     Discovered: 0
[17.112s][debug  ][gc,phases,ref  ] GC(62)     Cleared: 0
[17.112s][debug  ][gc,phases,ref  ] GC(62)   FinalReference:
[17.112s][debug  ][gc,phases,ref  ] GC(62)     Discovered: 0
[17.112s][debug  ][gc,phases,ref  ] GC(62)     Cleared: 0
[17.112s][debug  ][gc,phases,ref  ] GC(62)   PhantomReference:
[17.112s][debug  ][gc,phases,ref  ] GC(62)     Discovered: 0
[17.112s][debug  ][gc,phases,ref  ] GC(62)     Cleared: 0
[17.112s][debug  ][gc,phases      ] GC(62) Reference Processing 0.569ms
[17.112s][debug  ][gc,phases,start] GC(62) Weak Processing
[17.112s][debug  ][gc,phases      ] GC(62)   VM Weak                        Min:  0.0, Avg:  0.0, Max:  0.0, Diff:  0.0, Sum:  0.0, Workers: 6
[17.112s][debug  ][gc,phases      ] GC(62)     Dead                           Min: 0, Avg:  0.0, Max: 0, Diff: 0, Sum: 0, Workers: 6
[17.112s][debug  ][gc,phases      ] GC(62)     Total                          Min: 0, Avg:  1.3, Max: 8, Diff: 8, Sum: 8, Workers: 6
[17.112s][debug  ][gc,phases      ] GC(62)   ObjectSynchronizer Weak        Min:  0.0, Avg:  0.0, Max:  0.0, Diff:  0.0, Sum:  0.0, Workers: 6
[17.112s][debug  ][gc,phases      ] GC(62)     Dead                           Min: 0, Avg:  0.0, Max: 0, Diff: 0, Sum: 0, Workers: 6
[17.112s][debug  ][gc,phases      ] GC(62)     Total                          Min: 0, Avg:  0.5, Max: 3, Diff: 3, Sum: 3, Workers: 6
[17.112s][debug  ][gc,phases      ] GC(62)   JVMTI Tag Weak OopStorage      Min:  0.0, Avg:  0.0, Max:  0.0, Diff:  0.0, Sum:  0.0, Workers: 6
[17.112s][debug  ][gc,phases      ] GC(62)     Dead                           Min: 0, Avg:  0.0, Max: 0, Diff: 0, Sum: 0, Workers: 6
[17.112s][debug  ][gc,phases      ] GC(62)     Total                          Min: 0, Avg:  0.0, Max: 0, Diff: 0, Sum: 0, Workers: 6
[17.112s][debug  ][gc,phases      ] GC(62)   StringTable Weak               Min:  0.0, Avg:  0.0, Max:  0.0, Diff:  0.0, Sum:  0.0, Workers: 6
[17.112s][debug  ][gc,phases      ] GC(62)     Dead                           Min: 0, Avg:  0.0, Max: 0, Diff: 0, Sum: 0, Workers: 6
[17.112s][debug  ][gc,phases      ] GC(62)     Total                          Min: 768, Avg: 892.5, Max: 1024, Diff: 256, Sum: 5355, Workers: 6
[17.112s][debug  ][gc,phases      ] GC(62)   ResolvedMethodTable Weak       Min:  0.0, Avg:  0.0, Max:  0.0, Diff:  0.0, Sum:  0.0, Workers: 6
[17.113s][debug  ][gc,phases      ] GC(62)     Dead                           Min: 0, Avg:  0.0, Max: 0, Diff: 0, Sum: 0, Workers: 6
[17.113s][debug  ][gc,phases      ] GC(62)     Total                          Min: 0, Avg: 21.5, Max: 64, Diff: 64, Sum: 129, Workers: 6
[17.113s][debug  ][gc,phases      ] GC(62)   JNI Weak                       Min:  0.0, Avg:  0.0, Max:  0.0, Diff:  0.0, Sum:  0.0, Workers: 6
[17.113s][debug  ][gc,phases      ] GC(62)     Dead                           Min: 0, Avg:  0.0, Max: 0, Diff: 0, Sum: 0, Workers: 6
[17.113s][debug  ][gc,phases      ] GC(62)     Total                          Min: 0, Avg:  0.0, Max: 0, Diff: 0, Sum: 0, Workers: 6
[17.113s][debug  ][gc,phases      ] GC(62)   StringDedup Table Weak         Min:  0.0, Avg:  0.0, Max:  0.0, Diff:  0.0, Sum:  0.0, Workers: 6
[17.113s][debug  ][gc,phases      ] GC(62)     Dead                           Min: 0, Avg:  0.0, Max: 0, Diff: 0, Sum: 0, Workers: 6
[17.113s][debug  ][gc,phases      ] GC(62)     Total                          Min: 0, Avg:  0.0, Max: 0, Diff: 0, Sum: 0, Workers: 6
[17.113s][debug  ][gc,phases      ] GC(62)   StringDedup Requests0 Weak     Min:  0.0, Avg:  0.0, Max:  0.0, Diff:  0.0, Sum:  0.0, Workers: 6
[17.113s][debug  ][gc,phases      ] GC(62)     Dead                           Min: 0, Avg:  0.0, Max: 0, Diff: 0, Sum: 0, Workers: 6
[17.113s][debug  ][gc,phases      ] GC(62)     Total                          Min: 0, Avg:  0.0, Max: 0, Diff: 0, Sum: 0, Workers: 6
[17.113s][debug  ][gc,phases      ] GC(62)   StringDedup Requests1 Weak     Min:  0.0, Avg:  0.0, Max:  0.0, Diff:  0.0, Sum:  0.0, Workers: 6
[17.113s][debug  ][gc,phases      ] GC(62)     Dead                           Min: 0, Avg:  0.0, Max: 0, Diff: 0, Sum: 0, Workers: 6
[17.113s][debug  ][gc,phases      ] GC(62)     Total                          Min: 0, Avg:  0.0, Max: 0, Diff: 0, Sum: 0, Workers: 6
[17.113s][debug  ][gc,phases      ] GC(62)   Weak JFR Old Object Samples    Min:  0.0, Avg:  0.0, Max:  0.0, Diff:  0.0, Sum:  0.0, Workers: 6
[17.113s][debug  ][gc,phases      ] GC(62)     Dead                           Min: 0, Avg:  0.0, Max: 0, Diff: 0, Sum: 0, Workers: 6
[17.113s][debug  ][gc,phases      ] GC(62)     Total                          Min: 0, Avg:  0.0, Max: 0, Diff: 0, Sum: 0, Workers: 6
[17.113s][debug  ][gc,phases      ] GC(62) Weak Processing 0.736ms
[17.113s][debug  ][gc,ergo        ] GC(62) AdaptiveSizeStart:  collection: 63 
[17.113s][debug  ][gc,ergo        ] GC(62) avg_survived_padded_avg: 37574676.000000
[17.113s][debug  ][gc,ergo        ] GC(62) avg_promoted_padded_avg: 262197696.000000  avg_pretenured_padded_avg: 0.000000  tenuring_thresh: 1  target_size: 37748736
[17.113s][debug  ][gc,age         ] GC(62) Desired survivor size 37748736 bytes, new threshold 1 (max threshold 15)
[17.113s][debug  ][gc,ergo        ] GC(62) PSAdaptiveSizePolicy::compute_eden_space_size limits: desired_eden_size: 214858307 old_eden_size: 192937984 eden_limit: 192937984 cur_eden: 192937984 max_eden_size: 192937984 avg_young_live: 25610748
[17.113s][debug  ][gc,ergo        ] GC(62) PSAdaptiveSizePolicy::compute_eden_space_size: costs minor_time: 0.047718 major_cost: 0.041304 mutator_cost: 0.910978 throughput_goal: 0.990000
[17.113s][debug  ][gc,ergo        ] GC(62) Live_space: 920396160 free_space: 1232076800
[17.113s][debug  ][gc,ergo        ] GC(62) Old eden_size: 192937984 desired_eden_size: 192937984
[17.113s][debug  ][gc,ergo        ] GC(62) AdaptiveSizeStop: collection: 63 
[17.113s][info   ][gc,heap        ] GC(62) PSYoungGen: 218714K(225280K)->30720K(225280K) Eden: 187994K(188416K)->0K(188416K) From: 30720K(36864K)->30720K(36864K)
[17.113s][info   ][gc,heap        ] GC(62) ParOldGen: 1363557K(1835008K)->1547877K(1835008K)
[17.113s][info   ][gc,metaspace   ] GC(62) Metaspace: 1023K(1216K)->1023K(1216K) NonClass: 939K(1024K)->939K(1024K) Class: 83K(192K)->83K(192K)
[17.113s][info   ][gc             ] GC(62) Pause Young (Allocation Failure) 1545M->1541M(2012M) 16.274ms
[17.113s][info   ][gc,cpu         ] GC(62) User=0.11s Sys=0.00s Real=0.02s
[17.113s][debug  ][gc,heap        ] GC(62) Heap after GC invocations=63 (full 10):
[17.113s][debug  ][gc,heap        ] GC(62)  PSYoungGen      total 225280K, used 30720K [0x00000000f0000000, 0x0000000100000000, 0x0000000100000000)
[17.113s][debug  ][gc,heap        ] GC(62)   eden space 188416K, 0% used [0x00000000f0000000,0x00000000f0000000,0x00000000fb800000)
[17.113s][debug  ][gc,heap        ] GC(62)   from space 36864K, 83% used [0x00000000fb800000,0x00000000fd600030,0x00000000fdc00000)
[17.113s][debug  ][gc,heap        ] GC(62)   to   space 36864K, 0% used [0x00000000fdc00000,0x00000000fdc00000,0x0000000100000000)
[17.113s][debug  ][gc,heap        ] GC(62)  ParOldGen       total 1835008K, used 1547877K [0x0000000080000000, 0x00000000f0000000, 0x00000000f0000000)
[17.113s][debug  ][gc,heap        ] GC(62)   object space 1835008K, 84% used [0x0000000080000000,0x00000000de799578,0x00000000f0000000)
[17.113s][debug  ][gc,heap        ] GC(62)  Metaspace       used 1023K, committed 1216K, reserved 1056768K
[17.113s][debug  ][gc,heap        ] GC(62)   class space    used 83K, committed 192K, reserved 1048576K
[17.113s][debug  ][gc,task,time   ] GC(62) VM-Thread 170966283 171115849 171134531
[17.397s][debug  ][gc,heap        ] GC(63) Heap before GC invocations=64 (full 10):
[17.397s][debug  ][gc,heap        ] GC(63)  PSYoungGen      total 225280K, used 218721K [0x00000000f0000000, 0x0000000100000000, 0x0000000100000000)
[17.397s][debug  ][gc,heap        ] GC(63)   eden space 188416K, 99% used [0x00000000f0000000,0x00000000fb7987a8,0x00000000fb800000)
[17.397s][debug  ][gc,heap        ] GC(63)   from space 36864K, 83% used [0x00000000fb800000,0x00000000fd600030,0x00000000fdc00000)
[17.397s][debug  ][gc,heap        ] GC(63)   to   space 36864K, 0% used [0x00000000fdc00000,0x00000000fdc00000,0x0000000100000000)
[17.397s][debug  ][gc,heap        ] GC(63)  ParOldGen       total 1835008K, used 1547877K [0x0000000080000000, 0x00000000f0000000, 0x00000000f0000000)
[17.397s][debug  ][gc,heap        ] GC(63)   object space 1835008K, 84% used [0x0000000080000000,0x00000000de799578,0x00000000f0000000)
[17.397s][debug  ][gc,heap        ] GC(63)  Metaspace       used 1023K, committed 1216K, reserved 1056768K
[17.397s][debug  ][gc,heap        ] GC(63)   class space    used 83K, committed 192K, reserved 1048576K
[17.397s][debug  ][gc,tlab        ] GC(63) TLAB totals: thrds: 1  refills: 1 max: 1 slow allocs: 17 max 17 waste: 26.4% gc: 3769992B max: 3769992B slow: 0B max: 0B
[17.397s][info   ][gc,start       ] GC(63) Pause Young (Allocation Failure)
[17.397s][debug  ][gc,phases,start] GC(63) Scavenge
[17.414s][debug  ][gc,phases      ] GC(63) Scavenge 16.079ms
[17.414s][debug  ][gc,phases,start] GC(63) Reference Processing
[17.414s][debug  ][gc,ref         ] GC(63) Skipped phase 1 of Reference Processing: no references
[17.414s][debug  ][gc,ref         ] GC(63) Skipped phase 2 of Reference Processing: no references
[17.414s][debug  ][gc,ref         ] GC(63) Skipped phase 3 of Reference Processing: no references
[17.414s][debug  ][gc,ref         ] GC(63) Skipped phase 4 of Reference Processing: no references
[17.414s][debug  ][gc,phases,ref  ] GC(63) Reference Processing: 0.1ms
[17.414s][debug  ][gc,phases,ref  ] GC(63)   Reconsider SoftReferences: 0.0ms
[17.414s][debug  ][gc,phases,ref  ] GC(63)     SoftRef (ms):                  skipped
[17.414s][debug  ][gc,phases,ref  ] GC(63)   Notify Soft/WeakReferences: 0.0ms
[17.414s][debug  ][gc,phases,ref  ] GC(63)     SoftRef (ms):                  skipped
[17.414s][debug  ][gc,phases,ref  ] GC(63)     WeakRef (ms):                  skipped
[17.414s][debug  ][gc,phases,ref  ] GC(63)     FinalRef (ms):                 skipped
[17.414s][debug  ][gc,phases,ref  ] GC(63)     Total (ms):                    skipped
[17.414s][debug  ][gc,phases,ref  ] GC(63)   Notify and keep alive finalizable: 0.0ms
[17.414s][debug  ][gc,phases,ref  ] GC(63)     FinalRef (ms):                 skipped
[17.414s][debug  ][gc,phases,ref  ] GC(63)   Notify PhantomReferences: 0.0ms
[17.414s][debug  ][gc,phases,ref  ] GC(63)     PhantomRef (ms):               skipped
[17.414s][debug  ][gc,phases,ref  ] GC(63)   SoftReference:
[17.414s][debug  ][gc,phases,ref  ] GC(63)     Discovered: 0
[17.414s][debug  ][gc,phases,ref  ] GC(63)     Cleared: 0
[17.414s][debug  ][gc,phases,ref  ] GC(63)   WeakReference:
[17.414s][debug  ][gc,phases,ref  ] GC(63)     Discovered: 0
[17.414s][debug  ][gc,phases,ref  ] GC(63)     Cleared: 0
[17.414s][debug  ][gc,phases,ref  ] GC(63)   FinalReference:
[17.414s][debug  ][gc,phases,ref  ] GC(63)     Discovered: 0
[17.414s][debug  ][gc,phases,ref  ] GC(63)     Cleared: 0
[17.414s][debug  ][gc,phases,ref  ] GC(63)   PhantomReference:
[17.414s][debug  ][gc,phases,ref  ] GC(63)     Discovered: 0
[17.414s][debug  ][gc,phases,ref  ] GC(63)     Cleared: 0
[17.414s][debug  ][gc,phases      ] GC(63) Reference Processing 0.579ms
[17.414s][debug  ][gc,phases,start] GC(63) Weak Processing
[17.414s][debug  ][gc,phases      ] GC(63)   VM Weak                        Min:  0.0, Avg:  0.0, Max:  0.0, Diff:  0.0, Sum:  0.0, Workers: 6
[17.414s][debug  ][gc,phases      ] GC(63)     Dead                           Min: 0, Avg:  0.0, Max: 0, Diff: 0, Sum: 0, Workers: 6
[17.414s][debug  ][gc,phases      ] GC(63)     Total                          Min: 0, Avg:  1.3, Max: 8, Diff: 8, Sum: 8, Workers: 6
[17.414s][debug  ][gc,phases      ] GC(63)   ObjectSynchronizer Weak        Min:  0.0, Avg:  0.0, Max:  0.0, Diff:  0.0, Sum:  0.0, Workers: 6
[17.414s][debug  ][gc,phases      ] GC(63)     Dead                           Min: 0, Avg:  0.0, Max: 0, Diff: 0, Sum: 0, Workers: 6
[17.414s][debug  ][gc,phases      ] GC(63)     Total                          Min: 0, Avg:  0.5, Max: 3, Diff: 3, Sum: 3, Workers: 6
[17.414s][debug  ][gc,phases      ] GC(63)   JVMTI Tag Weak OopStorage      Min:  0.0, Avg:  0.0, Max:  0.0, Diff:  0.0, Sum:  0.0, Workers: 6
[17.414s][debug  ][gc,phases      ] GC(63)     Dead                           Min: 0, Avg:  0.0, Max: 0, Diff: 0, Sum: 0, Workers: 6
[17.414s][debug  ][gc,phases      ] GC(63)     Total                          Min: 0, Avg:  0.0, Max: 0, Diff: 0, Sum: 0, Workers: 6
[17.414s][debug  ][gc,phases      ] GC(63)   StringTable Weak               Min:  0.0, Avg:  0.0, Max:  0.0, Diff:  0.0, Sum:  0.0, Workers: 6
[17.414s][debug  ][gc,phases      ] GC(63)     Dead                           Min: 0, Avg:  0.0, Max: 0, Diff: 0, Sum: 0, Workers: 6
[17.415s][debug  ][gc,phases      ] GC(63)     Total                          Min: 703, Avg: 892.5, Max: 1088, Diff: 385, Sum: 5355, Workers: 6
[17.415s][debug  ][gc,phases      ] GC(63)   ResolvedMethodTable Weak       Min:  0.0, Avg:  0.0, Max:  0.0, Diff:  0.0, Sum:  0.0, Workers: 6
[17.415s][debug  ][gc,phases      ] GC(63)     Dead                           Min: 0, Avg:  0.0, Max: 0, Diff: 0, Sum: 0, Workers: 6
[17.415s][debug  ][gc,phases      ] GC(63)     Total                          Min: 0, Avg: 21.5, Max: 64, Diff: 64, Sum: 129, Workers: 6
[17.415s][debug  ][gc,phases      ] GC(63)   JNI Weak                       Min:  0.0, Avg:  0.0, Max:  0.0, Diff:  0.0, Sum:  0.0, Workers: 6
[17.415s][debug  ][gc,phases      ] GC(63)     Dead                           Min: 0, Avg:  0.0, Max: 0, Diff: 0, Sum: 0, Workers: 6
[17.415s][debug  ][gc,phases      ] GC(63)     Total                          Min: 0, Avg:  0.0, Max: 0, Diff: 0, Sum: 0, Workers: 6
[17.415s][debug  ][gc,phases      ] GC(63)   StringDedup Table Weak         Min:  0.0, Avg:  0.0, Max:  0.0, Diff:  0.0, Sum:  0.0, Workers: 6
[17.415s][debug  ][gc,phases      ] GC(63)     Dead                           Min: 0, Avg:  0.0, Max: 0, Diff: 0, Sum: 0, Workers: 6
[17.415s][debug  ][gc,phases      ] GC(63)     Total                          Min: 0, Avg:  0.0, Max: 0, Diff: 0, Sum: 0, Workers: 6
[17.415s][debug  ][gc,phases      ] GC(63)   StringDedup Requests0 Weak     Min:  0.0, Avg:  0.0, Max:  0.0, Diff:  0.0, Sum:  0.0, Workers: 6
[17.415s][debug  ][gc,phases      ] GC(63)     Dead                           Min: 0, Avg:  0.0, Max: 0, Diff: 0, Sum: 0, Workers: 6
[17.415s][debug  ][gc,phases      ] GC(63)     Total                          Min: 0, Avg:  0.0, Max: 0, Diff: 0, Sum: 0, Workers: 6
[17.415s][debug  ][gc,phases      ] GC(63)   StringDedup Requests1 Weak     Min:  0.0, Avg:  0.0, Max:  0.0, Diff:  0.0, Sum:  0.0, Workers: 6
[17.415s][debug  ][gc,phases      ] GC(63)     Dead                           Min: 0, Avg:  0.0, Max: 0, Diff: 0, Sum: 0, Workers: 6
[17.415s][debug  ][gc,phases      ] GC(63)     Total                          Min: 0, Avg:  0.0, Max: 0, Diff: 0, Sum: 0, Workers: 6
[17.415s][debug  ][gc,phases      ] GC(63)   Weak JFR Old Object Samples    Min:  0.0, Avg:  0.0, Max:  0.0, Diff:  0.0, Sum:  0.0, Workers: 6
[17.415s][debug  ][gc,phases      ] GC(63)     Dead                           Min: 0, Avg:  0.0, Max: 0, Diff: 0, Sum: 0, Workers: 6
[17.415s][debug  ][gc,phases      ] GC(63)     Total                          Min: 0, Avg:  0.0, Max: 0, Diff: 0, Sum: 0, Workers: 6
[17.415s][debug  ][gc,phases      ] GC(63) Weak Processing 0.660ms
[17.415s][debug  ][gc,ergo        ] GC(63) AdaptiveSizeStart:  collection: 64 
[17.415s][debug  ][gc,ergo        ] GC(63) avg_survived_padded_avg: 37517424.000000
[17.415s][debug  ][gc,ergo        ] GC(63) avg_promoted_padded_avg: 261417760.000000  avg_pretenured_padded_avg: 0.000000  tenuring_thresh: 1  target_size: 37748736
[17.415s][debug  ][gc,age         ] GC(63) Desired survivor size 37748736 bytes, new threshold 1 (max threshold 15)
[17.415s][debug  ][gc,ergo        ] GC(63) PSAdaptiveSizePolicy::compute_eden_space_size limits: desired_eden_size: 215375880 old_eden_size: 192937984 eden_limit: 192937984 cur_eden: 192937984 max_eden_size: 192937984 avg_young_live: 26195406
[17.415s][debug  ][gc,ergo        ] GC(63) PSAdaptiveSizePolicy::compute_eden_space_size: costs minor_time: 0.050214 major_cost: 0.041304 mutator_cost: 0.908482 throughput_goal: 0.990000
[17.415s][debug  ][gc,ergo        ] GC(63) Live_space: 920980800 free_space: 1232076800
[17.415s][debug  ][gc,ergo        ] GC(63) Old eden_size: 192937984 desired_eden_size: 192937984
[17.415s][debug  ][gc,ergo        ] GC(63) AdaptiveSizeStop: collection: 64 
[17.415s][info   ][gc,heap        ] GC(63) PSYoungGen: 218721K(225280K)->30720K(225280K) Eden: 188001K(188416K)->0K(188416K) From: 30720K(36864K)->30720K(36864K)
[17.415s][info   ][gc,heap        ] GC(63) ParOldGen: 1547877K(1835008K)->1732197K(1835008K)
[17.415s][info   ][gc,metaspace   ] GC(63) Metaspace: 1023K(1216K)->1023K(1216K) NonClass: 939K(1024K)->939K(1024K) Class: 83K(192K)->83K(192K)
[17.415s][info   ][gc             ] GC(63) Pause Young (Allocation Failure) 1725M->1721M(2012M) 17.729ms
[17.415s][info   ][gc,cpu         ] GC(63) User=0.14s Sys=0.00s Real=0.02s
[17.415s][debug  ][gc,heap        ] GC(63) Heap after GC invocations=64 (full 10):
[17.415s][debug  ][gc,heap        ] GC(63)  PSYoungGen      total 225280K, used 30720K [0x00000000f0000000, 0x0000000100000000, 0x0000000100000000)
[17.415s][debug  ][gc,heap        ] GC(63)   eden space 188416K, 0% used [0x00000000f0000000,0x00000000f0000000,0x00000000fb800000)
[17.415s][debug  ][gc,heap        ] GC(63)   from space 36864K, 83% used [0x00000000fdc00000,0x00000000ffa00030,0x0000000100000000)
[17.415s][debug  ][gc,heap        ] GC(63)   to   space 36864K, 0% used [0x00000000fb800000,0x00000000fb800000,0x00000000fdc00000)
[17.415s][debug  ][gc,heap        ] GC(63)  ParOldGen       total 1835008K, used 1732197K [0x0000000080000000, 0x00000000f0000000, 0x00000000f0000000)
[17.415s][debug  ][gc,heap        ] GC(63)   object space 1835008K, 94% used [0x0000000080000000,0x00000000e9b99698,0x00000000f0000000)
[17.415s][debug  ][gc,heap        ] GC(63)  Metaspace       used 1023K, committed 1216K, reserved 1056768K
[17.415s][debug  ][gc,heap        ] GC(63)   class space    used 83K, committed 192K, reserved 1048576K
[17.415s][debug  ][gc,task,time   ] GC(63) VM-Thread 173971902 174136400 174154638
[17.415s][debug  ][gc,phases,start] GC(64) Pre Compact
[17.416s][debug  ][gc,heap        ] GC(64) Heap before GC invocations=65 (full 11):
[17.416s][debug  ][gc,heap        ] GC(64)  PSYoungGen      total 225280K, used 30720K [0x00000000f0000000, 0x0000000100000000, 0x0000000100000000)
[17.416s][debug  ][gc,heap        ] GC(64)   eden space 188416K, 0% used [0x00000000f0000000,0x00000000f0000000,0x00000000fb800000)
[17.416s][debug  ][gc,heap        ] GC(64)   from space 36864K, 83% used [0x00000000fdc00000,0x00000000ffa00030,0x0000000100000000)
[17.416s][debug  ][gc,heap        ] GC(64)   to   space 36864K, 0% used [0x00000000fb800000,0x00000000fb800000,0x00000000fdc00000)
[17.416s][debug  ][gc,heap        ] GC(64)  ParOldGen       total 1835008K, used 1732197K [0x0000000080000000, 0x00000000f0000000, 0x00000000f0000000)
[17.416s][debug  ][gc,heap        ] GC(64)   object space 1835008K, 94% used [0x0000000080000000,0x00000000e9b99698,0x00000000f0000000)
[17.416s][debug  ][gc,heap        ] GC(64)  Metaspace       used 1023K, committed 1216K, reserved 1056768K
[17.416s][debug  ][gc,heap        ] GC(64)   class space    used 83K, committed 192K, reserved 1048576K
[17.416s][debug  ][gc,phases      ] GC(64) Pre Compact 0.225ms
[17.416s][info   ][gc,start       ] GC(64) Pause Full (Ergonomics)
[17.416s][info   ][gc,phases,start] GC(64) Marking Phase
[17.416s][debug  ][gc,phases,start] GC(64) Par Mark
[17.416s][debug  ][gc,phases      ] GC(64) Par Mark 0.550ms
[17.416s][debug  ][gc,phases,start] GC(64) Reference Processing
[17.416s][debug  ][gc,ref         ] GC(64) Skipped phase 1 of Reference Processing: no references
[17.416s][debug  ][gc,ref         ] GC(64) ReferenceProcessor::execute queues: 1, RefProcThreadModel::Single, marks_oops_alive: false
[17.416s][debug  ][gc,ref         ] GC(64) Skipped phase 3 of Reference Processing: no references
[17.416s][debug  ][gc,ref         ] GC(64) ReferenceProcessor::execute queues: 1, RefProcThreadModel::Single, marks_oops_alive: false
[17.416s][debug  ][gc,phases,ref  ] GC(64) Reference Processing: 0.1ms
[17.417s][debug  ][gc,phases,ref  ] GC(64)   Reconsider SoftReferences: 0.0ms
[17.417s][debug  ][gc,phases,ref  ] GC(64)     SoftRef (ms):                  skipped
[17.417s][debug  ][gc,phases,ref  ] GC(64)   Notify Soft/WeakReferences: 0.0ms
[17.417s][debug  ][gc,phases,ref  ] GC(64)     SoftRef (ms):                  Min:  0.0, Avg:  0.0, Max:  0.0, Diff:  0.0, Sum:  0.0, Workers: 8
[17.417s][debug  ][gc,phases,ref  ] GC(64)     WeakRef (ms):                  Min:  0.0, Avg:  0.0, Max:  0.0, Diff:  0.0, Sum:  0.0, Workers: 8
[17.417s][debug  ][gc,phases,ref  ] GC(64)     FinalRef (ms):                 Min:  0.0, Avg:  0.0, Max:  0.0, Diff:  0.0, Sum:  0.0, Workers: 8
[17.417s][debug  ][gc,phases,ref  ] GC(64)     Total (ms):                    Min:  0.0, Avg:  0.0, Max:  0.0, Diff:  0.0, Sum:  0.0, Workers: 8
[17.417s][debug  ][gc,phases,ref  ] GC(64)   Notify and keep alive finalizable: 0.0ms
[17.417s][debug  ][gc,phases,ref  ] GC(64)     FinalRef (ms):                 skipped
[17.417s][debug  ][gc,phases,ref  ] GC(64)   Notify PhantomReferences: 0.0ms
[17.417s][debug  ][gc,phases,ref  ] GC(64)     PhantomRef (ms):               Min:  0.0, Avg:  0.0, Max:  0.0, Diff:  0.0, Sum:  0.0, Workers: 8
[17.417s][debug  ][gc,phases,ref  ] GC(64)   SoftReference:
[17.417s][debug  ][gc,phases,ref  ] GC(64)     Discovered: 0
[17.417s][debug  ][gc,phases,ref  ] GC(64)     Cleared: 0
[17.417s][debug  ][gc,phases,ref  ] GC(64)   WeakReference:
[17.417s][debug  ][gc,phases,ref  ] GC(64)     Discovered: 96
[17.417s][debug  ][gc,phases,ref  ] GC(64)     Cleared: 96
[17.417s][debug  ][gc,phases,ref  ] GC(64)   FinalReference:
[17.417s][debug  ][gc,phases,ref  ] GC(64)     Discovered: 0
[17.417s][debug  ][gc,phases,ref  ] GC(64)     Cleared: 0
[17.417s][debug  ][gc,phases,ref  ] GC(64)   PhantomReference:
[17.417s][debug  ][gc,phases,ref  ] GC(64)     Discovered: 5
[17.417s][debug  ][gc,phases,ref  ] GC(64)     Cleared: 5
[17.417s][debug  ][gc,phases      ] GC(64) Reference Processing 0.583ms
[17.417s][debug  ][gc,phases,start] GC(64) Weak Processing
[17.417s][debug  ][gc,phases      ] GC(64)   VM Weak                        Min:  0.0, Avg:  0.0, Max:  0.0, Diff:  0.0, Sum:  0.0, Workers: 6
[17.417s][debug  ][gc,phases      ] GC(64)     Dead                           Min: 0, Avg:  0.0, Max: 0, Diff: 0, Sum: 0, Workers: 6
[17.417s][debug  ][gc,phases      ] GC(64)     Total                          Min: 0, Avg:  1.3, Max: 8, Diff: 8, Sum: 8, Workers: 6
[17.417s][debug  ][gc,phases      ] GC(64)   ObjectSynchronizer Weak        Min:  0.0, Avg:  0.0, Max:  0.0, Diff:  0.0, Sum:  0.0, Workers: 6
[17.417s][debug  ][gc,phases      ] GC(64)     Dead                           Min: 0, Avg:  0.0, Max: 0, Diff: 0, Sum: 0, Workers: 6
[17.417s][debug  ][gc,phases      ] GC(64)     Total                          Min: 0, Avg:  0.5, Max: 3, Diff: 3, Sum: 3, Workers: 6
[17.417s][debug  ][gc,phases      ] GC(64)   JVMTI Tag Weak OopStorage      Min:  0.0, Avg:  0.0, Max:  0.0, Diff:  0.0, Sum:  0.0, Workers: 6
[17.417s][debug  ][gc,phases      ] GC(64)     Dead                           Min: 0, Avg:  0.0, Max: 0, Diff: 0, Sum: 0, Workers: 6
[17.417s][debug  ][gc,phases      ] GC(64)     Total                          Min: 0, Avg:  0.0, Max: 0, Diff: 0, Sum: 0, Workers: 6
[17.417s][debug  ][gc,phases      ] GC(64)   StringTable Weak               Min:  0.0, Avg:  0.0, Max:  0.0, Diff:  0.0, Sum:  0.0, Workers: 6
[17.417s][debug  ][gc,phases      ] GC(64)     Dead                           Min: 0, Avg:  0.0, Max: 0, Diff: 0, Sum: 0, Workers: 6
[17.417s][debug  ][gc,phases      ] GC(64)     Total                          Min: 384, Avg: 892.5, Max: 1216, Diff: 832, Sum: 5355, Workers: 6
[17.417s][debug  ][gc,phases      ] GC(64)   ResolvedMethodTable Weak       Min:  0.0, Avg:  0.0, Max:  0.0, Diff:  0.0, Sum:  0.0, Workers: 6
[17.417s][debug  ][gc,phases      ] GC(64)     Dead                           Min: 0, Avg:  0.0, Max: 0, Diff: 0, Sum: 0, Workers: 6
[17.417s][debug  ][gc,phases      ] GC(64)     Total                          Min: 0, Avg: 21.5, Max: 64, Diff: 64, Sum: 129, Workers: 6
[17.417s][debug  ][gc,phases      ] GC(64)   JNI Weak                       Min:  0.0, Avg:  0.0, Max:  0.0, Diff:  0.0, Sum:  0.0, Workers: 6
[17.417s][debug  ][gc,phases      ] GC(64)     Dead                           Min: 0, Avg:  0.0, Max: 0, Diff: 0, Sum: 0, Workers: 6
[17.417s][debug  ][gc,phases      ] GC(64)     Total                          Min: 0, Avg:  0.0, Max: 0, Diff: 0, Sum: 0, Workers: 6
[17.417s][debug  ][gc,phases      ] GC(64)   StringDedup Table Weak         Min:  0.0, Avg:  0.0, Max:  0.0, Diff:  0.0, Sum:  0.0, Workers: 6
[17.417s][debug  ][gc,phases      ] GC(64)     Dead                           Min: 0, Avg:  0.0, Max: 0, Diff: 0, Sum: 0, Workers: 6
[17.417s][debug  ][gc,phases      ] GC(64)     Total                          Min: 0, Avg:  0.0, Max: 0, Diff: 0, Sum: 0, Workers: 6
[17.417s][debug  ][gc,phases      ] GC(64)   StringDedup Requests0 Weak     Min:  0.0, Avg:  0.0, Max:  0.0, Diff:  0.0, Sum:  0.0, Workers: 6
[17.417s][debug  ][gc,phases      ] GC(64)     Dead                           Min: 0, Avg:  0.0, Max: 0, Diff: 0, Sum: 0, Workers: 6
[17.417s][debug  ][gc,phases      ] GC(64)     Total                          Min: 0, Avg:  0.0, Max: 0, Diff: 0, Sum: 0, Workers: 6
[17.418s][debug  ][gc,phases      ] GC(64)   StringDedup Requests1 Weak     Min:  0.0, Avg:  0.0, Max:  0.0, Diff:  0.0, Sum:  0.0, Workers: 6
[17.418s][debug  ][gc,phases      ] GC(64)     Dead                           Min: 0, Avg:  0.0, Max: 0, Diff: 0, Sum: 0, Workers: 6
[17.418s][debug  ][gc,phases      ] GC(64)     Total                          Min: 0, Avg:  0.0, Max: 0, Diff: 0, Sum: 0, Workers: 6
[17.418s][debug  ][gc,phases      ] GC(64)   Weak JFR Old Object Samples    Min:  0.0, Avg:  0.0, Max:  0.0, Diff:  0.0, Sum:  0.0, Workers: 6
[17.418s][debug  ][gc,phases      ] GC(64)     Dead                           Min: 0, Avg:  0.0, Max: 0, Diff: 0, Sum: 0, Workers: 6
[17.418s][debug  ][gc,phases      ] GC(64)     Total                          Min: 0, Avg:  0.0, Max: 0, Diff: 0, Sum: 0, Workers: 6
[17.418s][debug  ][gc,phases      ] GC(64) Weak Processing 0.712ms
[17.418s][debug  ][gc,phases,start] GC(64) Class Unloading
[17.418s][debug  ][gc,phases,start] GC(64) ClassLoaderData
[17.418s][debug  ][gc,phases      ] GC(64) ClassLoaderData 0.019ms
[17.418s][debug  ][gc,phases,start] GC(64) Trigger cleanups
[17.418s][debug  ][gc,phases      ] GC(64) Trigger cleanups 0.019ms
[17.418s][debug  ][gc,phases      ] GC(64) Class Unloading 0.253ms
[17.418s][info   ][gc,phases      ] GC(64) Marking Phase 2.219ms
[17.418s][info   ][gc,phases,start] GC(64) Summary Phase
[17.418s][info   ][gc,phases      ] GC(64) Summary Phase 0.038ms
[17.418s][info   ][gc,phases,start] GC(64) Adjust Roots
[17.418s][info   ][gc,phases      ] GC(64) Adjust Roots 0.164ms
[17.418s][info   ][gc,phases,start] GC(64) Compaction Phase
[17.519s][info   ][gc,phases      ] GC(64) Compaction Phase 100.737ms
[17.519s][info   ][gc,phases,start] GC(64) Post Compact
[17.525s][info   ][gc,phases      ] GC(64) Post Compact 5.699ms
[17.525s][debug  ][gc,ergo        ] GC(64) AdaptiveSizeStart: collection: 65 
[17.525s][debug  ][gc,ergo        ] GC(64) PSAdaptiveSizePolicy::compute_eden_space_size limits: desired_eden_size: 214492479 old_eden_size: 192937984 eden_limit: 192937984 cur_eden: 192937984 max_eden_size: 192937984 avg_young_live: 23575864
[17.525s][debug  ][gc,ergo        ] GC(64) PSAdaptiveSizePolicy::compute_eden_space_size: costs minor_time: 0.050214 major_cost: 0.045055 mutator_cost: 0.904731 throughput_goal: 0.990000
[17.525s][debug  ][gc,ergo        ] GC(64) Live_space: 918361280 free_space: 1232076800
[17.525s][debug  ][gc,ergo        ] GC(64) Old eden_size: 192937984 desired_eden_size: 192937984
[17.525s][debug  ][gc,ergo        ] GC(64) PSAdaptiveSizePolicy::compute_old_gen_free_space: costs minor_time: 0.050214 major_cost: 0.045055  mutator_cost: 0.904731 throughput_goal: 0.990000
[17.525s][debug  ][gc,ergo        ] GC(64) Live_space: 951314240 free_space: 1232076800
[17.525s][debug  ][gc,ergo        ] GC(64) Old promo_size: 1039138816 desired_promo_size: 1147666432
[17.525s][debug  ][gc,ergo        ] GC(64) AdaptiveSizeStop: collection: 65 
[17.525s][info   ][gc,heap        ] GC(64) PSYoungGen: 30720K(225280K)->0K(225280K) Eden: 0K(188416K)->0K(188416K) From: 30720K(36864K)->0K(36864K)
[17.525s][info   ][gc,heap        ] GC(64) ParOldGen: 1732197K(1835008K)->933476K(1835008K)
[17.525s][info   ][gc,metaspace   ] GC(64) Metaspace: 1023K(1216K)->1023K(1216K) NonClass: 939K(1024K)->939K(1024K) Class: 83K(192K)->83K(192K)
[17.525s][info   ][gc             ] GC(64) Pause Full (Ergonomics) 1721M->911M(2012M) 109.375ms
[17.525s][info   ][gc,cpu         ] GC(64) User=0.75s Sys=0.00s Real=0.11s
[17.525s][debug  ][gc,heap        ] GC(64) Heap after GC invocations=65 (full 11):
[17.525s][debug  ][gc,heap        ] GC(64)  PSYoungGen      total 225280K, used 0K [0x00000000f0000000, 0x0000000100000000, 0x0000000100000000)
[17.525s][debug  ][gc,heap        ] GC(64)   eden space 188416K, 0% used [0x00000000f0000000,0x00000000f0000000,0x00000000fb800000)
[17.525s][debug  ][gc,heap        ] GC(64)   from space 36864K, 0% used [0x00000000fb800000,0x00000000fb800000,0x00000000fdc00000)
[17.525s][debug  ][gc,heap        ] GC(64)   to   space 36864K, 0% used [0x00000000fdc00000,0x00000000fdc00000,0x0000000100000000)
[17.525s][debug  ][gc,heap        ] GC(64)  ParOldGen       total 1835008K, used 933476K [0x0000000080000000, 0x00000000f0000000, 0x00000000f0000000)
[17.525s][debug  ][gc,heap        ] GC(64)   object space 1835008K, 50% used [0x0000000080000000,0x00000000b8f991b8,0x00000000f0000000)
[17.525s][debug  ][gc,heap        ] GC(64)  Metaspace       used 1023K, committed 1216K, reserved 1056768K
[17.525s][debug  ][gc,heap        ] GC(64)   class space    used 83K, committed 192K, reserved 1048576K
[17.525s][debug  ][gc,task,time   ] GC(64) VM-Thread 174157683 174182631 175251722
[17.807s][debug  ][gc,heap        ] GC(65) Heap before GC invocations=66 (full 11):
[17.807s][debug  ][gc,heap        ] GC(65)  PSYoungGen      total 225280K, used 188006K [0x00000000f0000000, 0x0000000100000000, 0x0000000100000000)
[17.807s][debug  ][gc,heap        ] GC(65)   eden space 188416K, 99% used [0x00000000f0000000,0x00000000fb7999b8,0x00000000fb800000)
[17.808s][debug  ][gc,heap        ] GC(65)   from space 36864K, 0% used [0x00000000fb800000,0x00000000fb800000,0x00000000fdc00000)
[17.808s][debug  ][gc,heap        ] GC(65)   to   space 36864K, 0% used [0x00000000fdc00000,0x00000000fdc00000,0x0000000100000000)
[17.808s][debug  ][gc,heap        ] GC(65)  ParOldGen       total 1835008K, used 933476K [0x0000000080000000, 0x00000000f0000000, 0x00000000f0000000)
[17.808s][debug  ][gc,heap        ] GC(65)   object space 1835008K, 50% used [0x0000000080000000,0x00000000b8f991b8,0x00000000f0000000)
[17.808s][debug  ][gc,heap        ] GC(65)  Metaspace       used 1023K, committed 1216K, reserved 1056768K
[17.808s][debug  ][gc,heap        ] GC(65)   class space    used 83K, committed 192K, reserved 1048576K
[17.808s][debug  ][gc,tlab        ] GC(65) TLAB totals: thrds: 1  refills: 1 max: 1 slow allocs: 17 max 17 waste: 26.5% gc: 3773552B max: 3773552B slow: 0B max: 0B
[17.808s][info   ][gc,start       ] GC(65) Pause Young (Allocation Failure)
[17.808s][debug  ][gc,phases,start] GC(65) Scavenge
[17.814s][debug  ][gc,phases      ] GC(65) Scavenge 6.463ms
[17.814s][debug  ][gc,phases,start] GC(65) Reference Processing
[17.814s][debug  ][gc,ref         ] GC(65) Skipped phase 1 of Reference Processing: no references
[17.814s][debug  ][gc,ref         ] GC(65) Skipped phase 2 of Reference Processing: no references
[17.814s][debug  ][gc,ref         ] GC(65) Skipped phase 3 of Reference Processing: no references
[17.814s][debug  ][gc,ref         ] GC(65) Skipped phase 4 of Reference Processing: no references
[17.814s][debug  ][gc,phases,ref  ] GC(65) Reference Processing: 0.1ms
[17.814s][debug  ][gc,phases,ref  ] GC(65)   Reconsider SoftReferences: 0.0ms
[17.815s][debug  ][gc,phases,ref  ] GC(65)     SoftRef (ms):                  skipped
[17.815s][debug  ][gc,phases,ref  ] GC(65)   Notify Soft/WeakReferences: 0.0ms
[17.815s][debug  ][gc,phases,ref  ] GC(65)     SoftRef (ms):                  skipped
[17.815s][debug  ][gc,phases,ref  ] GC(65)     WeakRef (ms):                  skipped
[17.815s][debug  ][gc,phases,ref  ] GC(65)     FinalRef (ms):                 skipped
[17.815s][debug  ][gc,phases,ref  ] GC(65)     Total (ms):                    skipped
[17.815s][debug  ][gc,phases,ref  ] GC(65)   Notify and keep alive finalizable: 0.0ms
[17.815s][debug  ][gc,phases,ref  ] GC(65)     FinalRef (ms):                 skipped
[17.815s][debug  ][gc,phases,ref  ] GC(65)   Notify PhantomReferences: 0.0ms
[17.815s][debug  ][gc,phases,ref  ] GC(65)     PhantomRef (ms):               skipped
[17.815s][debug  ][gc,phases,ref  ] GC(65)   SoftReference:
[17.815s][debug  ][gc,phases,ref  ] GC(65)     Discovered: 0
[17.815s][debug  ][gc,phases,ref  ] GC(65)     Cleared: 0
[17.815s][debug  ][gc,phases,ref  ] GC(65)   WeakReference:
[17.815s][debug  ][gc,phases,ref  ] GC(65)     Discovered: 0
[17.815s][debug  ][gc,phases,ref  ] GC(65)     Cleared: 0
[17.815s][debug  ][gc,phases,ref  ] GC(65)   FinalReference:
[17.815s][debug  ][gc,phases,ref  ] GC(65)     Discovered: 0
[17.815s][debug  ][gc,phases,ref  ] GC(65)     Cleared: 0
[17.815s][debug  ][gc,phases,ref  ] GC(65)   PhantomReference:
[17.815s][debug  ][gc,phases,ref  ] GC(65)     Discovered: 0
[17.815s][debug  ][gc,phases,ref  ] GC(65)     Cleared: 0
[17.815s][debug  ][gc,phases      ] GC(65) Reference Processing 0.690ms
[17.815s][debug  ][gc,phases,start] GC(65) Weak Processing
[17.815s][debug  ][gc,phases      ] GC(65)   VM Weak                        Min:  0.0, Avg:  0.0, Max:  0.0, Diff:  0.0, Sum:  0.0, Workers: 6
[17.815s][debug  ][gc,phases      ] GC(65)     Dead                           Min: 0, Avg:  0.0, Max: 0, Diff: 0, Sum: 0, Workers: 6
[17.815s][debug  ][gc,phases      ] GC(65)     Total                          Min: 0, Avg:  1.3, Max: 8, Diff: 8, Sum: 8, Workers: 6
[17.815s][debug  ][gc,phases      ] GC(65)   ObjectSynchronizer Weak        Min:  0.0, Avg:  0.0, Max:  0.0, Diff:  0.0, Sum:  0.0, Workers: 6
[17.815s][debug  ][gc,phases      ] GC(65)     Dead                           Min: 0, Avg:  0.0, Max: 0, Diff: 0, Sum: 0, Workers: 6
[17.815s][debug  ][gc,phases      ] GC(65)     Total                          Min: 0, Avg:  0.5, Max: 3, Diff: 3, Sum: 3, Workers: 6
[17.815s][debug  ][gc,phases      ] GC(65)   JVMTI Tag Weak OopStorage      Min:  0.0, Avg:  0.0, Max:  0.0, Diff:  0.0, Sum:  0.0, Workers: 6
[17.815s][debug  ][gc,phases      ] GC(65)     Dead                           Min: 0, Avg:  0.0, Max: 0, Diff: 0, Sum: 0, Workers: 6
[17.815s][debug  ][gc,phases      ] GC(65)     Total                          Min: 0, Avg:  0.0, Max: 0, Diff: 0, Sum: 0, Workers: 6
[17.815s][debug  ][gc,phases      ] GC(65)   StringTable Weak               Min:  0.0, Avg:  0.0, Max:  0.0, Diff:  0.0, Sum:  0.0, Workers: 6
[17.815s][debug  ][gc,phases      ] GC(65)     Dead                           Min: 0, Avg:  0.0, Max: 0, Diff: 0, Sum: 0, Workers: 6
[17.815s][debug  ][gc,phases      ] GC(65)     Total                          Min: 767, Avg: 892.5, Max: 1068, Diff: 301, Sum: 5355, Workers: 6
[17.815s][debug  ][gc,phases      ] GC(65)   ResolvedMethodTable Weak       Min:  0.0, Avg:  0.0, Max:  0.0, Diff:  0.0, Sum:  0.0, Workers: 6
[17.815s][debug  ][gc,phases      ] GC(65)     Dead                           Min: 0, Avg:  0.0, Max: 0, Diff: 0, Sum: 0, Workers: 6
[17.815s][debug  ][gc,phases      ] GC(65)     Total                          Min: 0, Avg: 21.5, Max: 64, Diff: 64, Sum: 129, Workers: 6
[17.815s][debug  ][gc,phases      ] GC(65)   JNI Weak                       Min:  0.0, Avg:  0.0, Max:  0.0, Diff:  0.0, Sum:  0.0, Workers: 6
[17.816s][debug  ][gc,phases      ] GC(65)     Dead                           Min: 0, Avg:  0.0, Max: 0, Diff: 0, Sum: 0, Workers: 6
[17.816s][debug  ][gc,phases      ] GC(65)     Total                          Min: 0, Avg:  0.0, Max: 0, Diff: 0, Sum: 0, Workers: 6
[17.816s][debug  ][gc,phases      ] GC(65)   StringDedup Table Weak         Min:  0.0, Avg:  0.0, Max:  0.0, Diff:  0.0, Sum:  0.0, Workers: 6
[17.816s][debug  ][gc,phases      ] GC(65)     Dead                           Min: 0, Avg:  0.0, Max: 0, Diff: 0, Sum: 0, Workers: 6
[17.816s][debug  ][gc,phases      ] GC(65)     Total                          Min: 0, Avg:  0.0, Max: 0, Diff: 0, Sum: 0, Workers: 6
[17.816s][debug  ][gc,phases      ] GC(65)   StringDedup Requests0 Weak     Min:  0.0, Avg:  0.0, Max:  0.0, Diff:  0.0, Sum:  0.0, Workers: 6
[17.816s][debug  ][gc,phases      ] GC(65)     Dead                           Min: 0, Avg:  0.0, Max: 0, Diff: 0, Sum: 0, Workers: 6
[17.816s][debug  ][gc,phases      ] GC(65)     Total                          Min: 0, Avg:  0.0, Max: 0, Diff: 0, Sum: 0, Workers: 6
[17.816s][debug  ][gc,phases      ] GC(65)   StringDedup Requests1 Weak     Min:  0.0, Avg:  0.0, Max:  0.0, Diff:  0.0, Sum:  0.0, Workers: 6
[17.816s][debug  ][gc,phases      ] GC(65)     Dead                           Min: 0, Avg:  0.0, Max: 0, Diff: 0, Sum: 0, Workers: 6
[17.816s][debug  ][gc,phases      ] GC(65)     Total                          Min: 0, Avg:  0.0, Max: 0, Diff: 0, Sum: 0, Workers: 6
[17.816s][debug  ][gc,phases      ] GC(65)   Weak JFR Old Object Samples    Min:  0.0, Avg:  0.0, Max:  0.0, Diff:  0.0, Sum:  0.0, Workers: 6
[17.816s][debug  ][gc,phases      ] GC(65)     Dead                           Min: 0, Avg:  0.0, Max: 0, Diff: 0, Sum: 0, Workers: 6
[17.816s][debug  ][gc,phases      ] GC(65)     Total                          Min: 0, Avg:  0.0, Max: 0, Diff: 0, Sum: 0, Workers: 6
[17.816s][debug  ][gc,phases      ] GC(65) Weak Processing 0.797ms
[17.816s][debug  ][gc,ergo        ] GC(65) AdaptiveSizeStart:  collection: 66 
[17.816s][debug  ][gc,ergo        ] GC(65) avg_survived_padded_avg: 37410448.000000
[17.816s][debug  ][gc,ergo        ] GC(65) avg_promoted_padded_avg: 269632512.000000  avg_pretenured_padded_avg: 0.000000  tenuring_thresh: 1  target_size: 37748736
[17.816s][debug  ][gc,age         ] GC(65) Desired survivor size 37748736 bytes, new threshold 1 (max threshold 15)
[17.816s][debug  ][gc,ergo        ] GC(65) PSAdaptiveSizePolicy::compute_eden_space_size limits: desired_eden_size: 212836907 old_eden_size: 192937984 eden_limit: 192937984 cur_eden: 192937984 max_eden_size: 192937984 avg_young_live: 24364010
[17.816s][debug  ][gc,ergo        ] GC(65) PSAdaptiveSizePolicy::compute_eden_space_size: costs minor_time: 0.042702 major_cost: 0.045055 mutator_cost: 0.912243 throughput_goal: 0.990000
[17.816s][debug  ][gc,ergo        ] GC(65) Live_space: 952102400 free_space: 1340604416
[17.816s][debug  ][gc,ergo        ] GC(65) Old eden_size: 192937984 desired_eden_size: 192937984
[17.816s][debug  ][gc,ergo        ] GC(65) AdaptiveSizeStop: collection: 66 
[17.816s][info   ][gc,heap        ] GC(65) PSYoungGen: 188006K(225280K)->30720K(225280K) Eden: 188006K(188416K)->0K(188416K) From: 0K(36864K)->30720K(36864K)
[17.816s][info   ][gc,heap        ] GC(65) ParOldGen: 933476K(1835008K)->994916K(1835008K)
[17.816s][info   ][gc,metaspace   ] GC(65) Metaspace: 1023K(1216K)->1023K(1216K) NonClass: 939K(1024K)->939K(1024K) Class: 83K(192K)->83K(192K)
[17.816s][info   ][gc             ] GC(65) Pause Young (Allocation Failure) 1095M->1001M(2012M) 8.444ms
[17.816s][info   ][gc,cpu         ] GC(65) User=0.00s Sys=0.00s Real=0.01s
[17.816s][debug  ][gc,heap        ] GC(65) Heap after GC invocations=66 (full 11):
[17.816s][debug  ][gc,heap        ] GC(65)  PSYoungGen      total 225280K, used 30720K [0x00000000f0000000, 0x0000000100000000, 0x0000000100000000)
[17.816s][debug  ][gc,heap        ] GC(65)   eden space 188416K, 0% used [0x00000000f0000000,0x00000000f0000000,0x00000000fb800000)
[17.816s][debug  ][gc,heap        ] GC(65)   from space 36864K, 83% used [0x00000000fdc00000,0x00000000ffa00030,0x0000000100000000)
[17.816s][debug  ][gc,heap        ] GC(65)   to   space 36864K, 0% used [0x00000000fb800000,0x00000000fb800000,0x00000000fdc00000)
[17.816s][debug  ][gc,heap        ] GC(65)  ParOldGen       total 1835008K, used 994916K [0x0000000080000000, 0x00000000f0000000, 0x00000000f0000000)
[17.816s][debug  ][gc,heap        ] GC(65)   object space 1835008K, 54% used [0x0000000080000000,0x00000000bcb99218,0x00000000f0000000)
[17.816s][debug  ][gc,heap        ] GC(65)  Metaspace       used 1023K, committed 1216K, reserved 1056768K
[17.816s][debug  ][gc,heap        ] GC(65)   class space    used 83K, committed 192K, reserved 1048576K
[17.816s][debug  ][gc,task,time   ] GC(65) VM-Thread 178073565 178143305 178164719
[18.108s][debug  ][gc,heap        ] GC(66) Heap before GC invocations=67 (full 11):
[18.109s][debug  ][gc,heap        ] GC(66)  PSYoungGen      total 225280K, used 218657K [0x00000000f0000000, 0x0000000100000000, 0x0000000100000000)
[18.109s][debug  ][gc,heap        ] GC(66)   eden space 188416K, 99% used [0x00000000f0000000,0x00000000fb7885f8,0x00000000fb800000)
[18.109s][debug  ][gc,heap        ] GC(66)   from space 36864K, 83% used [0x00000000fdc00000,0x00000000ffa00030,0x0000000100000000)
[18.109s][debug  ][gc,heap        ] GC(66)   to   space 36864K, 0% used [0x00000000fb800000,0x00000000fb800000,0x00000000fdc00000)
[18.109s][debug  ][gc,heap        ] GC(66)  ParOldGen       total 1835008K, used 994916K [0x0000000080000000, 0x00000000f0000000, 0x00000000f0000000)
[18.109s][debug  ][gc,heap        ] GC(66)   object space 1835008K, 54% used [0x0000000080000000,0x00000000bcb99218,0x00000000f0000000)
[18.109s][debug  ][gc,heap        ] GC(66)  Metaspace       used 1023K, committed 1216K, reserved 1056768K
[18.109s][debug  ][gc,heap        ] GC(66)   class space    used 83K, committed 192K, reserved 1048576K
[18.109s][debug  ][gc,tlab        ] GC(66) TLAB totals: thrds: 1  refills: 1 max: 1 slow allocs: 17 max 17 waste: 26.1% gc: 3704024B max: 3704024B slow: 0B max: 0B
[18.109s][info   ][gc,start       ] GC(66) Pause Young (Allocation Failure)
[18.109s][debug  ][gc,phases,start] GC(66) Scavenge
[18.123s][debug  ][gc,phases      ] GC(66) Scavenge 14.351ms
[18.123s][debug  ][gc,phases,start] GC(66) Reference Processing
[18.123s][debug  ][gc,ref         ] GC(66) Skipped phase 1 of Reference Processing: no references
[18.123s][debug  ][gc,ref         ] GC(66) Skipped phase 2 of Reference Processing: no references
[18.123s][debug  ][gc,ref         ] GC(66) Skipped phase 3 of Reference Processing: no references
[18.123s][debug  ][gc,ref         ] GC(66) Skipped phase 4 of Reference Processing: no references
[18.123s][debug  ][gc,phases,ref  ] GC(66) Reference Processing: 0.1ms
[18.123s][debug  ][gc,phases,ref  ] GC(66)   Reconsider SoftReferences: 0.0ms
[18.123s][debug  ][gc,phases,ref  ] GC(66)     SoftRef (ms):                  skipped
[18.123s][debug  ][gc,phases,ref  ] GC(66)   Notify Soft/WeakReferences: 0.0ms
[18.123s][debug  ][gc,phases,ref  ] GC(66)     SoftRef (ms):                  skipped
[18.123s][debug  ][gc,phases,ref  ] GC(66)     WeakRef (ms):                  skipped
[18.123s][debug  ][gc,phases,ref  ] GC(66)     FinalRef (ms):                 skipped
[18.124s][debug  ][gc,phases,ref  ] GC(66)     Total (ms):                    skipped
[18.124s][debug  ][gc,phases,ref  ] GC(66)   Notify and keep alive finalizable: 0.0ms
[18.124s][debug  ][gc,phases,ref  ] GC(66)     FinalRef (ms):                 skipped
[18.124s][debug  ][gc,phases,ref  ] GC(66)   Notify PhantomReferences: 0.0ms
[18.124s][debug  ][gc,phases,ref  ] GC(66)     PhantomRef (ms):               skipped
[18.124s][debug  ][gc,phases,ref  ] GC(66)   SoftReference:
[18.124s][debug  ][gc,phases,ref  ] GC(66)     Discovered: 0
[18.124s][debug  ][gc,phases,ref  ] GC(66)     Cleared: 0
[18.124s][debug  ][gc,phases,ref  ] GC(66)   WeakReference:
[18.124s][debug  ][gc,phases,ref  ] GC(66)     Discovered: 0
[18.124s][debug  ][gc,phases,ref  ] GC(66)     Cleared: 0
[18.124s][debug  ][gc,phases,ref  ] GC(66)   FinalReference:
[18.124s][debug  ][gc,phases,ref  ] GC(66)     Discovered: 0
[18.124s][debug  ][gc,phases,ref  ] GC(66)     Cleared: 0
[18.124s][debug  ][gc,phases,ref  ] GC(66)   PhantomReference:
[18.124s][debug  ][gc,phases,ref  ] GC(66)     Discovered: 0
[18.124s][debug  ][gc,phases,ref  ] GC(66)     Cleared: 0
[18.124s][debug  ][gc,phases      ] GC(66) Reference Processing 0.573ms
[18.124s][debug  ][gc,phases,start] GC(66) Weak Processing
[18.124s][debug  ][gc,phases      ] GC(66)   VM Weak                        Min:  0.0, Avg:  0.0, Max:  0.0, Diff:  0.0, Sum:  0.0, Workers: 6
[18.124s][debug  ][gc,phases      ] GC(66)     Dead                           Min: 0, Avg:  0.0, Max: 0, Diff: 0, Sum: 0, Workers: 6
[18.124s][debug  ][gc,phases      ] GC(66)     Total                          Min: 0, Avg:  1.3, Max: 8, Diff: 8, Sum: 8, Workers: 6
[18.124s][debug  ][gc,phases      ] GC(66)   ObjectSynchronizer Weak        Min:  0.0, Avg:  0.0, Max:  0.0, Diff:  0.0, Sum:  0.0, Workers: 6
[18.124s][debug  ][gc,phases      ] GC(66)     Dead                           Min: 0, Avg:  0.0, Max: 0, Diff: 0, Sum: 0, Workers: 6
[18.124s][debug  ][gc,phases      ] GC(66)     Total                          Min: 0, Avg:  0.5, Max: 3, Diff: 3, Sum: 3, Workers: 6
[18.124s][debug  ][gc,phases      ] GC(66)   JVMTI Tag Weak OopStorage      Min:  0.0, Avg:  0.0, Max:  0.0, Diff:  0.0, Sum:  0.0, Workers: 6
[18.124s][debug  ][gc,phases      ] GC(66)     Dead                           Min: 0, Avg:  0.0, Max: 0, Diff: 0, Sum: 0, Workers: 6
[18.124s][debug  ][gc,phases      ] GC(66)     Total                          Min: 0, Avg:  0.0, Max: 0, Diff: 0, Sum: 0, Workers: 6
[18.124s][debug  ][gc,phases      ] GC(66)   StringTable Weak               Min:  0.0, Avg:  0.0, Max:  0.0, Diff:  0.0, Sum:  0.0, Workers: 6
[18.124s][debug  ][gc,phases      ] GC(66)     Dead                           Min: 0, Avg:  0.0, Max: 0, Diff: 0, Sum: 0, Workers: 6
[18.124s][debug  ][gc,phases      ] GC(66)     Total                          Min: 704, Avg: 892.5, Max: 1024, Diff: 320, Sum: 5355, Workers: 6
[18.124s][debug  ][gc,phases      ] GC(66)   ResolvedMethodTable Weak       Min:  0.0, Avg:  0.0, Max:  0.0, Diff:  0.0, Sum:  0.0, Workers: 6
[18.124s][debug  ][gc,phases      ] GC(66)     Dead                           Min: 0, Avg:  0.0, Max: 0, Diff: 0, Sum: 0, Workers: 6
[18.124s][debug  ][gc,phases      ] GC(66)     Total                          Min: 0, Avg: 21.5, Max: 64, Diff: 64, Sum: 129, Workers: 6
[18.124s][debug  ][gc,phases      ] GC(66)   JNI Weak                       Min:  0.0, Avg:  0.0, Max:  0.0, Diff:  0.0, Sum:  0.0, Workers: 6
[18.124s][debug  ][gc,phases      ] GC(66)     Dead                           Min: 0, Avg:  0.0, Max: 0, Diff: 0, Sum: 0, Workers: 6
[18.124s][debug  ][gc,phases      ] GC(66)     Total                          Min: 0, Avg:  0.0, Max: 0, Diff: 0, Sum: 0, Workers: 6
[18.124s][debug  ][gc,phases      ] GC(66)   StringDedup Table Weak         Min:  0.0, Avg:  0.0, Max:  0.0, Diff:  0.0, Sum:  0.0, Workers: 6
[18.124s][debug  ][gc,phases      ] GC(66)     Dead                           Min: 0, Avg:  0.0, Max: 0, Diff: 0, Sum: 0, Workers: 6
[18.124s][debug  ][gc,phases      ] GC(66)     Total                          Min: 0, Avg:  0.0, Max: 0, Diff: 0, Sum: 0, Workers: 6
[18.124s][debug  ][gc,phases      ] GC(66)   StringDedup Requests0 Weak     Min:  0.0, Avg:  0.0, Max:  0.0, Diff:  0.0, Sum:  0.0, Workers: 6
[18.124s][debug  ][gc,phases      ] GC(66)     Dead                           Min: 0, Avg:  0.0, Max: 0, Diff: 0, Sum: 0, Workers: 6
[18.124s][debug  ][gc,phases      ] GC(66)     Total                          Min: 0, Avg:  0.0, Max: 0, Diff: 0, Sum: 0, Workers: 6
[18.124s][debug  ][gc,phases      ] GC(66)   StringDedup Requests1 Weak     Min:  0.0, Avg:  0.0, Max:  0.0, Diff:  0.0, Sum:  0.0, Workers: 6
[18.124s][debug  ][gc,phases      ] GC(66)     Dead                           Min: 0, Avg:  0.0, Max: 0, Diff: 0, Sum: 0, Workers: 6
[18.124s][debug  ][gc,phases      ] GC(66)     Total                          Min: 0, Avg:  0.0, Max: 0, Diff: 0, Sum: 0, Workers: 6
[18.124s][debug  ][gc,phases      ] GC(66)   Weak JFR Old Object Samples    Min:  0.0, Avg:  0.0, Max:  0.0, Diff:  0.0, Sum:  0.0, Workers: 6
[18.124s][debug  ][gc,phases      ] GC(66)     Dead                           Min: 0, Avg:  0.0, Max: 0, Diff: 0, Sum: 0, Workers: 6
[18.125s][debug  ][gc,phases      ] GC(66)     Total                          Min: 0, Avg:  0.0, Max: 0, Diff: 0, Sum: 0, Workers: 6
[18.125s][debug  ][gc,phases      ] GC(66) Weak Processing 0.683ms
[18.125s][debug  ][gc,ergo        ] GC(66) AdaptiveSizeStart:  collection: 67 
[18.125s][debug  ][gc,ergo        ] GC(66) avg_survived_padded_avg: 37264268.000000
[18.125s][debug  ][gc,ergo        ] GC(66) avg_promoted_padded_avg: 270259040.000000  avg_pretenured_padded_avg: 0.000000  tenuring_thresh: 1  target_size: 37748736
[18.125s][debug  ][gc,age         ] GC(66) Desired survivor size 37748736 bytes, new threshold 1 (max threshold 15)
[18.125s][debug  ][gc,ergo        ] GC(66) PSAdaptiveSizePolicy::compute_eden_space_size limits: desired_eden_size: 213318269 old_eden_size: 192937984 eden_limit: 192937984 cur_eden: 192937984 max_eden_size: 192937984 avg_young_live: 25073340
[18.125s][debug  ][gc,ergo        ] GC(66) PSAdaptiveSizePolicy::compute_eden_space_size: costs minor_time: 0.044761 major_cost: 0.045055 mutator_cost: 0.910184 throughput_goal: 0.990000
[18.125s][debug  ][gc,ergo        ] GC(66) Live_space: 952811712 free_space: 1340604416
[18.125s][debug  ][gc,ergo        ] GC(66) Old eden_size: 192937984 desired_eden_size: 192937984
[18.125s][debug  ][gc,ergo        ] GC(66) AdaptiveSizeStop: collection: 67 
[18.125s][info   ][gc,heap        ] GC(66) PSYoungGen: 218657K(225280K)->30720K(225280K) Eden: 187937K(188416K)->0K(188416K) From: 30720K(36864K)->30720K(36864K)
[18.125s][info   ][gc,heap        ] GC(66) ParOldGen: 994916K(1835008K)->1179236K(1835008K)
[18.125s][info   ][gc,metaspace   ] GC(66) Metaspace: 1023K(1216K)->1023K(1216K) NonClass: 939K(1024K)->939K(1024K) Class: 83K(192K)->83K(192K)
[18.125s][info   ][gc             ] GC(66) Pause Young (Allocation Failure) 1185M->1181M(2012M) 16.034ms
[18.125s][info   ][gc,cpu         ] GC(66) User=0.11s Sys=0.00s Real=0.02s
[18.125s][debug  ][gc,heap        ] GC(66) Heap after GC invocations=67 (full 11):
[18.125s][debug  ][gc,heap        ] GC(66)  PSYoungGen      total 225280K, used 30720K [0x00000000f0000000, 0x0000000100000000, 0x0000000100000000)
[18.125s][debug  ][gc,heap        ] GC(66)   eden space 188416K, 0% used [0x00000000f0000000,0x00000000f0000000,0x00000000fb800000)
[18.125s][debug  ][gc,heap        ] GC(66)   from space 36864K, 83% used [0x00000000fb800000,0x00000000fd600030,0x00000000fdc00000)
[18.125s][debug  ][gc,heap        ] GC(66)   to   space 36864K, 0% used [0x00000000fdc00000,0x00000000fdc00000,0x0000000100000000)
[18.125s][debug  ][gc,heap        ] GC(66)  ParOldGen       total 1835008K, used 1179236K [0x0000000080000000, 0x00000000f0000000, 0x00000000f0000000)
[18.125s][debug  ][gc,heap        ] GC(66)   object space 1835008K, 64% used [0x0000000080000000,0x00000000c7f99338,0x00000000f0000000)
[18.125s][debug  ][gc,heap        ] GC(66)  Metaspace       used 1023K, committed 1216K, reserved 1056768K
[18.125s][debug  ][gc,heap        ] GC(66)   class space    used 83K, committed 192K, reserved 1048576K
[18.125s][debug  ][gc,task,time   ] GC(66) VM-Thread 181084538 181232502 181250527
[18.409s][debug  ][gc,heap        ] GC(67) Heap before GC invocations=68 (full 11):
[18.409s][debug  ][gc,heap        ] GC(67)  PSYoungGen      total 225280K, used 218685K [0x00000000f0000000, 0x0000000100000000, 0x0000000100000000)
[18.409s][debug  ][gc,heap        ] GC(67)   eden space 188416K, 99% used [0x00000000f0000000,0x00000000fb78f400,0x00000000fb800000)
[18.409s][debug  ][gc,heap        ] GC(67)   from space 36864K, 83% used [0x00000000fb800000,0x00000000fd600030,0x00000000fdc00000)
[18.409s][debug  ][gc,heap        ] GC(67)   to   space 36864K, 0% used [0x00000000fdc00000,0x00000000fdc00000,0x0000000100000000)
[18.409s][debug  ][gc,heap        ] GC(67)  ParOldGen       total 1835008K, used 1179236K [0x0000000080000000, 0x00000000f0000000, 0x00000000f0000000)
[18.409s][debug  ][gc,heap        ] GC(67)   object space 1835008K, 64% used [0x0000000080000000,0x00000000c7f99338,0x00000000f0000000)
[18.409s][debug  ][gc,heap        ] GC(67)  Metaspace       used 1023K, committed 1216K, reserved 1056768K
[18.409s][debug  ][gc,heap        ] GC(67)   class space    used 83K, committed 192K, reserved 1048576K
[18.409s][debug  ][gc,tlab        ] GC(67) TLAB totals: thrds: 1  refills: 1 max: 1 slow allocs: 17 max 17 waste: 26.2% gc: 3732192B max: 3732192B slow: 0B max: 0B
[18.410s][info   ][gc,start       ] GC(67) Pause Young (Allocation Failure)
[18.410s][debug  ][gc,phases,start] GC(67) Scavenge
[18.424s][debug  ][gc,phases      ] GC(67) Scavenge 14.572ms
[18.424s][debug  ][gc,phases,start] GC(67) Reference Processing
[18.424s][debug  ][gc,ref         ] GC(67) Skipped phase 1 of Reference Processing: no references
[18.424s][debug  ][gc,ref         ] GC(67) Skipped phase 2 of Reference Processing: no references
[18.424s][debug  ][gc,ref         ] GC(67) Skipped phase 3 of Reference Processing: no references
[18.424s][debug  ][gc,ref         ] GC(67) Skipped phase 4 of Reference Processing: no references
[18.424s][debug  ][gc,phases,ref  ] GC(67) Reference Processing: 0.1ms
[18.424s][debug  ][gc,phases,ref  ] GC(67)   Reconsider SoftReferences: 0.0ms
[18.424s][debug  ][gc,phases,ref  ] GC(67)     SoftRef (ms):                  skipped
[18.424s][debug  ][gc,phases,ref  ] GC(67)   Notify Soft/WeakReferences: 0.0ms
[18.424s][debug  ][gc,phases,ref  ] GC(67)     SoftRef (ms):                  skipped
[18.425s][debug  ][gc,phases,ref  ] GC(67)     WeakRef (ms):                  skipped
[18.425s][debug  ][gc,phases,ref  ] GC(67)     FinalRef (ms):                 skipped
[18.425s][debug  ][gc,phases,ref  ] GC(67)     Total (ms):                    skipped
[18.425s][debug  ][gc,phases,ref  ] GC(67)   Notify and keep alive finalizable: 0.0ms
[18.425s][debug  ][gc,phases,ref  ] GC(67)     FinalRef (ms):                 skipped
[18.425s][debug  ][gc,phases,ref  ] GC(67)   Notify PhantomReferences: 0.0ms
[18.425s][debug  ][gc,phases,ref  ] GC(67)     PhantomRef (ms):               skipped
[18.425s][debug  ][gc,phases,ref  ] GC(67)   SoftReference:
[18.425s][debug  ][gc,phases,ref  ] GC(67)     Discovered: 0
[18.425s][debug  ][gc,phases,ref  ] GC(67)     Cleared: 0
[18.425s][debug  ][gc,phases,ref  ] GC(67)   WeakReference:
[18.425s][debug  ][gc,phases,ref  ] GC(67)     Discovered: 0
[18.425s][debug  ][gc,phases,ref  ] GC(67)     Cleared: 0
[18.425s][debug  ][gc,phases,ref  ] GC(67)   FinalReference:
[18.425s][debug  ][gc,phases,ref  ] GC(67)     Discovered: 0
[18.425s][debug  ][gc,phases,ref  ] GC(67)     Cleared: 0
[18.425s][debug  ][gc,phases,ref  ] GC(67)   PhantomReference:
[18.425s][debug  ][gc,phases,ref  ] GC(67)     Discovered: 0
[18.425s][debug  ][gc,phases,ref  ] GC(67)     Cleared: 0
[18.425s][debug  ][gc,phases      ] GC(67) Reference Processing 0.843ms
[18.425s][debug  ][gc,phases,start] GC(67) Weak Processing
[18.425s][debug  ][gc,phases      ] GC(67)   VM Weak                        Min:  0.0, Avg:  0.0, Max:  0.0, Diff:  0.0, Sum:  0.0, Workers: 6
[18.425s][debug  ][gc,phases      ] GC(67)     Dead                           Min: 0, Avg:  0.0, Max: 0, Diff: 0, Sum: 0, Workers: 6
[18.425s][debug  ][gc,phases      ] GC(67)     Total                          Min: 0, Avg:  1.3, Max: 8, Diff: 8, Sum: 8, Workers: 6
[18.425s][debug  ][gc,phases      ] GC(67)   ObjectSynchronizer Weak        Min:  0.0, Avg:  0.0, Max:  0.0, Diff:  0.0, Sum:  0.0, Workers: 6
[18.425s][debug  ][gc,phases      ] GC(67)     Dead                           Min: 0, Avg:  0.0, Max: 0, Diff: 0, Sum: 0, Workers: 6
[18.425s][debug  ][gc,phases      ] GC(67)     Total                          Min: 0, Avg:  0.5, Max: 3, Diff: 3, Sum: 3, Workers: 6
[18.425s][debug  ][gc,phases      ] GC(67)   JVMTI Tag Weak OopStorage      Min:  0.0, Avg:  0.0, Max:  0.0, Diff:  0.0, Sum:  0.0, Workers: 6
[18.425s][debug  ][gc,phases      ] GC(67)     Dead                           Min: 0, Avg:  0.0, Max: 0, Diff: 0, Sum: 0, Workers: 6
[18.425s][debug  ][gc,phases      ] GC(67)     Total                          Min: 0, Avg:  0.0, Max: 0, Diff: 0, Sum: 0, Workers: 6
[18.425s][debug  ][gc,phases      ] GC(67)   StringTable Weak               Min:  0.0, Avg:  0.0, Max:  0.0, Diff:  0.0, Sum:  0.0, Workers: 6
[18.425s][debug  ][gc,phases      ] GC(67)     Dead                           Min: 0, Avg:  0.0, Max: 0, Diff: 0, Sum: 0, Workers: 6
[18.425s][debug  ][gc,phases      ] GC(67)     Total                          Min: 703, Avg: 892.5, Max: 1088, Diff: 385, Sum: 5355, Workers: 6
[18.425s][debug  ][gc,phases      ] GC(67)   ResolvedMethodTable Weak       Min:  0.0, Avg:  0.0, Max:  0.0, Diff:  0.0, Sum:  0.0, Workers: 6
[18.425s][debug  ][gc,phases      ] GC(67)     Dead                           Min: 0, Avg:  0.0, Max: 0, Diff: 0, Sum: 0, Workers: 6
[18.425s][debug  ][gc,phases      ] GC(67)     Total                          Min: 0, Avg: 21.5, Max: 64, Diff: 64, Sum: 129, Workers: 6
[18.425s][debug  ][gc,phases      ] GC(67)   JNI Weak                       Min:  0.0, Avg:  0.0, Max:  0.0, Diff:  0.0, Sum:  0.0, Workers: 6
[18.426s][debug  ][gc,phases      ] GC(67)     Dead                           Min: 0, Avg:  0.0, Max: 0, Diff: 0, Sum: 0, Workers: 6
[18.426s][debug  ][gc,phases      ] GC(67)     Total                          Min: 0, Avg:  0.0, Max: 0, Diff: 0, Sum: 0, Workers: 6
[18.426s][debug  ][gc,phases      ] GC(67)   StringDedup Table Weak         Min:  0.0, Avg:  0.0, Max:  0.0, Diff:  0.0, Sum:  0.0, Workers: 6
[18.426s][debug  ][gc,phases      ] GC(67)     Dead                           Min: 0, Avg:  0.0, Max: 0, Diff: 0, Sum: 0, Workers: 6
[18.426s][debug  ][gc,phases      ] GC(67)     Total                          Min: 0, Avg:  0.0, Max: 0, Diff: 0, Sum: 0, Workers: 6
[18.426s][debug  ][gc,phases      ] GC(67)   StringDedup Requests0 Weak     Min:  0.0, Avg:  0.0, Max:  0.0, Diff:  0.0, Sum:  0.0, Workers: 6
[18.426s][debug  ][gc,phases      ] GC(67)     Dead                           Min: 0, Avg:  0.0, Max: 0, Diff: 0, Sum: 0, Workers: 6
[18.426s][debug  ][gc,phases      ] GC(67)     Total                          Min: 0, Avg:  0.0, Max: 0, Diff: 0, Sum: 0, Workers: 6
[18.426s][debug  ][gc,phases      ] GC(67)   StringDedup Requests1 Weak     Min:  0.0, Avg:  0.0, Max:  0.0, Diff:  0.0, Sum:  0.0, Workers: 6
[18.426s][debug  ][gc,phases      ] GC(67)     Dead                           Min: 0, Avg:  0.0, Max: 0, Diff: 0, Sum: 0, Workers: 6
[18.426s][debug  ][gc,phases      ] GC(67)     Total                          Min: 0, Avg:  0.0, Max: 0, Diff: 0, Sum: 0, Workers: 6
[18.426s][debug  ][gc,phases      ] GC(67)   Weak JFR Old Object Samples    Min:  0.0, Avg:  0.0, Max:  0.0, Diff:  0.0, Sum:  0.0, Workers: 6
[18.426s][debug  ][gc,phases      ] GC(67)     Dead                           Min: 0, Avg:  0.0, Max: 0, Diff: 0, Sum: 0, Workers: 6
[18.426s][debug  ][gc,phases      ] GC(67)     Total                          Min: 0, Avg:  0.0, Max: 0, Diff: 0, Sum: 0, Workers: 6
[18.426s][debug  ][gc,phases      ] GC(67) Weak Processing 0.744ms
[18.426s][debug  ][gc,ergo        ] GC(67) AdaptiveSizeStart:  collection: 68 
[18.426s][debug  ][gc,ergo        ] GC(67) avg_survived_padded_avg: 37087792.000000
[18.426s][debug  ][gc,ergo        ] GC(67) avg_promoted_padded_avg: 269951360.000000  avg_pretenured_padded_avg: 0.000000  tenuring_thresh: 1  target_size: 37224448
[18.426s][debug  ][gc,age         ] GC(67) Desired survivor size 37224448 bytes, new threshold 1 (max threshold 15)
[18.426s][debug  ][gc,ergo        ] GC(67) PSAdaptiveSizePolicy::compute_eden_space_size limits: desired_eden_size: 212763085 old_eden_size: 192937984 eden_limit: 192937984 cur_eden: 192937984 max_eden_size: 192937984 avg_young_live: 25711738
[18.426s][debug  ][gc,ergo        ] GC(67) PSAdaptiveSizePolicy::compute_eden_space_size: costs minor_time: 0.047080 major_cost: 0.045055 mutator_cost: 0.907865 throughput_goal: 0.990000
[18.426s][debug  ][gc,ergo        ] GC(67) Live_space: 953450112 free_space: 1340604416
[18.426s][debug  ][gc,ergo        ] GC(67) Old eden_size: 192937984 desired_eden_size: 192937984
[18.426s][debug  ][gc,ergo        ] GC(67) AdaptiveSizeStop: collection: 68 
[18.426s][info   ][gc,heap        ] GC(67) PSYoungGen: 218685K(225280K)->30720K(225792K) Eden: 187965K(188416K)->0K(188928K) From: 30720K(36864K)->30720K(36864K)
[18.426s][info   ][gc,heap        ] GC(67) ParOldGen: 1179236K(1835008K)->1363557K(1835008K)
[18.426s][info   ][gc,metaspace   ] GC(67) Metaspace: 1023K(1216K)->1023K(1216K) NonClass: 939K(1024K)->939K(1024K) Class: 83K(192K)->83K(192K)
[18.426s][info   ][gc             ] GC(67) Pause Young (Allocation Failure) 1365M->1361M(2012M) 16.599ms
[18.426s][info   ][gc,cpu         ] GC(67) User=0.12s Sys=0.00s Real=0.02s
[18.426s][debug  ][gc,heap        ] GC(67) Heap after GC invocations=68 (full 11):
[18.426s][debug  ][gc,heap        ] GC(67)  PSYoungGen      total 225792K, used 30720K [0x00000000f0000000, 0x0000000100000000, 0x0000000100000000)
[18.426s][debug  ][gc,heap        ] GC(67)   eden space 188928K, 0% used [0x00000000f0000000,0x00000000f0000000,0x00000000fb880000)
[18.426s][debug  ][gc,heap        ] GC(67)   from space 36864K, 83% used [0x00000000fdc00000,0x00000000ffa00030,0x0000000100000000)
[18.426s][debug  ][gc,heap        ] GC(67)   to   space 36352K, 0% used [0x00000000fb880000,0x00000000fb880000,0x00000000fdc00000)
[18.426s][debug  ][gc,heap        ] GC(67)  ParOldGen       total 1835008K, used 1363557K [0x0000000080000000, 0x00000000f0000000, 0x00000000f0000000)
[18.426s][debug  ][gc,heap        ] GC(67)   object space 1835008K, 74% used [0x0000000080000000,0x00000000d3399458,0x00000000f0000000)
[18.426s][debug  ][gc,heap        ] GC(67)  Metaspace       used 1023K, committed 1216K, reserved 1056768K
[18.426s][debug  ][gc,heap        ] GC(67)   class space    used 83K, committed 192K, reserved 1048576K
[18.426s][debug  ][gc,task,time   ] GC(67) VM-Thread 184089459 184241870 184263559
[18.712s][debug  ][gc,heap        ] GC(68) Heap before GC invocations=69 (full 11):
[18.712s][debug  ][gc,heap        ] GC(68)  PSYoungGen      total 225792K, used 218712K [0x00000000f0000000, 0x0000000100000000, 0x0000000100000000)
[18.712s][debug  ][gc,heap        ] GC(68)   eden space 188928K, 99% used [0x00000000f0000000,0x00000000fb796290,0x00000000fb880000)
[18.712s][debug  ][gc,heap        ] GC(68)   from space 36864K, 83% used [0x00000000fdc00000,0x00000000ffa00030,0x0000000100000000)
[18.712s][debug  ][gc,heap        ] GC(68)   to   space 36352K, 0% used [0x00000000fb880000,0x00000000fb880000,0x00000000fdc00000)
[18.712s][debug  ][gc,heap        ] GC(68)  ParOldGen       total 1835008K, used 1363557K [0x0000000080000000, 0x00000000f0000000, 0x00000000f0000000)
[18.712s][debug  ][gc,heap        ] GC(68)   object space 1835008K, 74% used [0x0000000080000000,0x00000000d3399458,0x00000000f0000000)
[18.712s][debug  ][gc,heap        ] GC(68)  Metaspace       used 1023K, committed 1216K, reserved 1056768K
[18.712s][debug  ][gc,heap        ] GC(68)   class space    used 83K, committed 192K, reserved 1048576K
[18.712s][debug  ][gc,tlab        ] GC(68) TLAB totals: thrds: 1  refills: 1 max: 1 slow allocs: 17 max 17 waste: 26.4% gc: 3760496B max: 3760496B slow: 0B max: 0B
[18.712s][info   ][gc,start       ] GC(68) Pause Young (Allocation Failure)
[18.712s][debug  ][gc,phases,start] GC(68) Scavenge
[18.727s][debug  ][gc,phases      ] GC(68) Scavenge 14.784ms
[18.727s][debug  ][gc,phases,start] GC(68) Reference Processing
[18.727s][debug  ][gc,ref         ] GC(68) Skipped phase 1 of Reference Processing: no references
[18.727s][debug  ][gc,ref         ] GC(68) Skipped phase 2 of Reference Processing: no references
[18.727s][debug  ][gc,ref         ] GC(68) Skipped phase 3 of Reference Processing: no references
[18.727s][debug  ][gc,ref         ] GC(68) Skipped phase 4 of Reference Processing: no references
[18.727s][debug  ][gc,phases,ref  ] GC(68) Reference Processing: 0.1ms
[18.727s][debug  ][gc,phases,ref  ] GC(68)   Reconsider SoftReferences: 0.0ms
[18.727s][debug  ][gc,phases,ref  ] GC(68)     SoftRef (ms):                  skipped
[18.728s][debug  ][gc,phases,ref  ] GC(68)   Notify Soft/WeakReferences: 0.0ms
[18.728s][debug  ][gc,phases,ref  ] GC(68)     SoftRef (ms):                  skipped
[18.728s][debug  ][gc,phases,ref  ] GC(68)     WeakRef (ms):                  skipped
[18.728s][debug  ][gc,phases,ref  ] GC(68)     FinalRef (ms):                 skipped
[18.728s][debug  ][gc,phases,ref  ] GC(68)     Total (ms):                    skipped
[18.728s][debug  ][gc,phases,ref  ] GC(68)   Notify and keep alive finalizable: 0.0ms
[18.728s][debug  ][gc,phases,ref  ] GC(68)     FinalRef (ms):                 skipped
[18.728s][debug  ][gc,phases,ref  ] GC(68)   Notify PhantomReferences: 0.0ms
[18.728s][debug  ][gc,phases,ref  ] GC(68)     PhantomRef (ms):               skipped
[18.728s][debug  ][gc,phases,ref  ] GC(68)   SoftReference:
[18.728s][debug  ][gc,phases,ref  ] GC(68)     Discovered: 0
[18.728s][debug  ][gc,phases,ref  ] GC(68)     Cleared: 0
[18.728s][debug  ][gc,phases,ref  ] GC(68)   WeakReference:
[18.728s][debug  ][gc,phases,ref  ] GC(68)     Discovered: 0
[18.728s][debug  ][gc,phases,ref  ] GC(68)     Cleared: 0
[18.728s][debug  ][gc,phases,ref  ] GC(68)   FinalReference:
[18.728s][debug  ][gc,phases,ref  ] GC(68)     Discovered: 0
[18.728s][debug  ][gc,phases,ref  ] GC(68)     Cleared: 0
[18.728s][debug  ][gc,phases,ref  ] GC(68)   PhantomReference:
[18.728s][debug  ][gc,phases,ref  ] GC(68)     Discovered: 0
[18.728s][debug  ][gc,phases,ref  ] GC(68)     Cleared: 0
[18.728s][debug  ][gc,phases      ] GC(68) Reference Processing 0.702ms
[18.728s][debug  ][gc,phases,start] GC(68) Weak Processing
[18.728s][debug  ][gc,phases      ] GC(68)   VM Weak                        Min:  0.0, Avg:  0.0, Max:  0.0, Diff:  0.0, Sum:  0.0, Workers: 6
[18.728s][debug  ][gc,phases      ] GC(68)     Dead                           Min: 0, Avg:  0.0, Max: 0, Diff: 0, Sum: 0, Workers: 6
[18.728s][debug  ][gc,phases      ] GC(68)     Total                          Min: 0, Avg:  1.3, Max: 8, Diff: 8, Sum: 8, Workers: 6
[18.728s][debug  ][gc,phases      ] GC(68)   ObjectSynchronizer Weak        Min:  0.0, Avg:  0.0, Max:  0.0, Diff:  0.0, Sum:  0.0, Workers: 6
[18.728s][debug  ][gc,phases      ] GC(68)     Dead                           Min: 0, Avg:  0.0, Max: 0, Diff: 0, Sum: 0, Workers: 6
[18.728s][debug  ][gc,phases      ] GC(68)     Total                          Min: 0, Avg:  0.5, Max: 3, Diff: 3, Sum: 3, Workers: 6
[18.728s][debug  ][gc,phases      ] GC(68)   JVMTI Tag Weak OopStorage      Min:  0.0, Avg:  0.0, Max:  0.0, Diff:  0.0, Sum:  0.0, Workers: 6
[18.728s][debug  ][gc,phases      ] GC(68)     Dead                           Min: 0, Avg:  0.0, Max: 0, Diff: 0, Sum: 0, Workers: 6
[18.728s][debug  ][gc,phases      ] GC(68)     Total                          Min: 0, Avg:  0.0, Max: 0, Diff: 0, Sum: 0, Workers: 6
[18.728s][debug  ][gc,phases      ] GC(68)   StringTable Weak               Min:  0.0, Avg:  0.0, Max:  0.0, Diff:  0.0, Sum:  0.0, Workers: 6
[18.728s][debug  ][gc,phases      ] GC(68)     Dead                           Min: 0, Avg:  0.0, Max: 0, Diff: 0, Sum: 0, Workers: 6
[18.728s][debug  ][gc,phases      ] GC(68)     Total                          Min: 639, Avg: 892.5, Max: 1024, Diff: 385, Sum: 5355, Workers: 6
[18.728s][debug  ][gc,phases      ] GC(68)   ResolvedMethodTable Weak       Min:  0.0, Avg:  0.0, Max:  0.0, Diff:  0.0, Sum:  0.0, Workers: 6
[18.728s][debug  ][gc,phases      ] GC(68)     Dead                           Min: 0, Avg:  0.0, Max: 0, Diff: 0, Sum: 0, Workers: 6
[18.728s][debug  ][gc,phases      ] GC(68)     Total                          Min: 0, Avg: 21.5, Max: 64, Diff: 64, Sum: 129, Workers: 6
[18.728s][debug  ][gc,phases      ] GC(68)   JNI Weak                       Min:  0.0, Avg:  0.0, Max:  0.0, Diff:  0.0, Sum:  0.0, Workers: 6
[18.728s][debug  ][gc,phases      ] GC(68)     Dead                           Min: 0, Avg:  0.0, Max: 0, Diff: 0, Sum: 0, Workers: 6
[18.728s][debug  ][gc,phases      ] GC(68)     Total                          Min: 0, Avg:  0.0, Max: 0, Diff: 0, Sum: 0, Workers: 6
[18.729s][debug  ][gc,phases      ] GC(68)   StringDedup Table Weak         Min:  0.0, Avg:  0.0, Max:  0.0, Diff:  0.0, Sum:  0.0, Workers: 6
[18.729s][debug  ][gc,phases      ] GC(68)     Dead                           Min: 0, Avg:  0.0, Max: 0, Diff: 0, Sum: 0, Workers: 6
[18.729s][debug  ][gc,phases      ] GC(68)     Total                          Min: 0, Avg:  0.0, Max: 0, Diff: 0, Sum: 0, Workers: 6
[18.729s][debug  ][gc,phases      ] GC(68)   StringDedup Requests0 Weak     Min:  0.0, Avg:  0.0, Max:  0.0, Diff:  0.0, Sum:  0.0, Workers: 6
[18.729s][debug  ][gc,phases      ] GC(68)     Dead                           Min: 0, Avg:  0.0, Max: 0, Diff: 0, Sum: 0, Workers: 6
[18.729s][debug  ][gc,phases      ] GC(68)     Total                          Min: 0, Avg:  0.0, Max: 0, Diff: 0, Sum: 0, Workers: 6
[18.729s][debug  ][gc,phases      ] GC(68)   StringDedup Requests1 Weak     Min:  0.0, Avg:  0.0, Max:  0.0, Diff:  0.0, Sum:  0.0, Workers: 6
[18.729s][debug  ][gc,phases      ] GC(68)     Dead                           Min: 0, Avg:  0.0, Max: 0, Diff: 0, Sum: 0, Workers: 6
[18.729s][debug  ][gc,phases      ] GC(68)     Total                          Min: 0, Avg:  0.0, Max: 0, Diff: 0, Sum: 0, Workers: 6
[18.729s][debug  ][gc,phases      ] GC(68)   Weak JFR Old Object Samples    Min:  0.0, Avg:  0.0, Max:  0.0, Diff:  0.0, Sum:  0.0, Workers: 6
[18.729s][debug  ][gc,phases      ] GC(68)     Dead                           Min: 0, Avg:  0.0, Max: 0, Diff: 0, Sum: 0, Workers: 6
[18.729s][debug  ][gc,phases      ] GC(68)     Total                          Min: 0, Avg:  0.0, Max: 0, Diff: 0, Sum: 0, Workers: 6
[18.729s][debug  ][gc,phases      ] GC(68) Weak Processing 0.749ms
[18.729s][debug  ][gc,ergo        ] GC(68) AdaptiveSizeStart:  collection: 69 
[18.729s][debug  ][gc,ergo        ] GC(68) avg_survived_padded_avg: 36888544.000000
[18.729s][debug  ][gc,ergo        ] GC(68) avg_promoted_padded_avg: 268890112.000000  avg_pretenured_padded_avg: 0.000000  tenuring_thresh: 1  target_size: 37224448
[18.729s][debug  ][gc,age         ] GC(68) Desired survivor size 37224448 bytes, new threshold 1 (max threshold 15)
[18.729s][debug  ][gc,ergo        ] GC(68) PSAdaptiveSizePolicy::compute_eden_space_size limits: desired_eden_size: 213637807 old_eden_size: 192937984 eden_limit: 193462272 cur_eden: 193462272 max_eden_size: 193462272 avg_young_live: 26286296
[18.729s][debug  ][gc,ergo        ] GC(68) PSAdaptiveSizePolicy::compute_eden_space_size: costs minor_time: 0.048814 major_cost: 0.045055 mutator_cost: 0.906131 throughput_goal: 0.990000
[18.729s][debug  ][gc,ergo        ] GC(68) Live_space: 954024704 free_space: 1340604416
[18.729s][debug  ][gc,ergo        ] GC(68) Old eden_size: 192937984 desired_eden_size: 193462272
[18.729s][debug  ][gc,ergo        ] GC(68) AdaptiveSizeStop: collection: 69 
[18.729s][info   ][gc,heap        ] GC(68) PSYoungGen: 218712K(225792K)->30720K(225280K) Eden: 187992K(188928K)->0K(188928K) From: 30720K(36864K)->30720K(36352K)
[18.729s][info   ][gc,heap        ] GC(68) ParOldGen: 1363557K(1835008K)->1547877K(1835008K)
[18.729s][info   ][gc,metaspace   ] GC(68) Metaspace: 1023K(1216K)->1023K(1216K) NonClass: 939K(1024K)->939K(1024K) Class: 83K(192K)->83K(192K)
[18.729s][info   ][gc             ] GC(68) Pause Young (Allocation Failure) 1545M->1541M(2012M) 16.709ms
[18.729s][info   ][gc,cpu         ] GC(68) User=0.08s Sys=0.00s Real=0.02s
[18.729s][debug  ][gc,heap        ] GC(68) Heap after GC invocations=69 (full 11):
[18.729s][debug  ][gc,heap        ] GC(68)  PSYoungGen      total 225280K, used 30720K [0x00000000f0000000, 0x0000000100000000, 0x0000000100000000)
[18.729s][debug  ][gc,heap        ] GC(68)   eden space 188928K, 0% used [0x00000000f0000000,0x00000000f0000000,0x00000000fb880000)
[18.729s][debug  ][gc,heap        ] GC(68)   from space 36352K, 84% used [0x00000000fb880000,0x00000000fd680030,0x00000000fdc00000)
[18.729s][debug  ][gc,heap        ] GC(68)   to   space 36352K, 0% used [0x00000000fdc80000,0x00000000fdc80000,0x0000000100000000)
[18.729s][debug  ][gc,heap        ] GC(68)  ParOldGen       total 1835008K, used 1547877K [0x0000000080000000, 0x00000000f0000000, 0x00000000f0000000)
[18.729s][debug  ][gc,heap        ] GC(68)   object space 1835008K, 84% used [0x0000000080000000,0x00000000de799578,0x00000000f0000000)
[18.729s][debug  ][gc,heap        ] GC(68)  Metaspace       used 1023K, committed 1216K, reserved 1056768K
[18.729s][debug  ][gc,heap        ] GC(68)   class space    used 83K, committed 192K, reserved 1048576K
[18.729s][debug  ][gc,task,time   ] GC(68) VM-Thread 187119541 187273033 187293353
[19.012s][debug  ][gc,heap        ] GC(69) Heap before GC invocations=70 (full 11):
[19.013s][debug  ][gc,heap        ] GC(69)  PSYoungGen      total 225280K, used 218724K [0x00000000f0000000, 0x0000000100000000, 0x0000000100000000)
[19.013s][debug  ][gc,heap        ] GC(69)   eden space 188928K, 99% used [0x00000000f0000000,0x00000000fb798fe8,0x00000000fb880000)
[19.013s][debug  ][gc,heap        ] GC(69)   from space 36352K, 84% used [0x00000000fb880000,0x00000000fd680030,0x00000000fdc00000)
[19.013s][debug  ][gc,heap        ] GC(69)   to   space 36352K, 0% used [0x00000000fdc80000,0x00000000fdc80000,0x0000000100000000)
[19.013s][debug  ][gc,heap        ] GC(69)  ParOldGen       total 1835008K, used 1547877K [0x0000000080000000, 0x00000000f0000000, 0x00000000f0000000)
[19.013s][debug  ][gc,heap        ] GC(69)   object space 1835008K, 84% used [0x0000000080000000,0x00000000de799578,0x00000000f0000000)
[19.013s][debug  ][gc,heap        ] GC(69)  Metaspace       used 1023K, committed 1216K, reserved 1056768K
[19.013s][debug  ][gc,heap        ] GC(69)   class space    used 83K, committed 192K, reserved 1048576K
[19.013s][debug  ][gc,tlab        ] GC(69) TLAB totals: thrds: 1  refills: 1 max: 1 slow allocs: 17 max 17 waste: 26.5% gc: 3772104B max: 3772104B slow: 0B max: 0B
[19.013s][info   ][gc,start       ] GC(69) Pause Young (Allocation Failure)
[19.013s][debug  ][gc,phases,start] GC(69) Scavenge
[19.028s][debug  ][gc,phases      ] GC(69) Scavenge 14.860ms
[19.028s][debug  ][gc,phases,start] GC(69) Reference Processing
[19.028s][debug  ][gc,ref         ] GC(69) Skipped phase 1 of Reference Processing: no references
[19.028s][debug  ][gc,ref         ] GC(69) Skipped phase 2 of Reference Processing: no references
[19.028s][debug  ][gc,ref         ] GC(69) Skipped phase 3 of Reference Processing: no references
[19.028s][debug  ][gc,ref         ] GC(69) Skipped phase 4 of Reference Processing: no references
[19.028s][debug  ][gc,phases,ref  ] GC(69) Reference Processing: 0.1ms
[19.028s][debug  ][gc,phases,ref  ] GC(69)   Reconsider SoftReferences: 0.0ms
[19.028s][debug  ][gc,phases,ref  ] GC(69)     SoftRef (ms):                  skipped
[19.028s][debug  ][gc,phases,ref  ] GC(69)   Notify Soft/WeakReferences: 0.0ms
[19.028s][debug  ][gc,phases,ref  ] GC(69)     SoftRef (ms):                  skipped
[19.028s][debug  ][gc,phases,ref  ] GC(69)     WeakRef (ms):                  skipped
[19.028s][debug  ][gc,phases,ref  ] GC(69)     FinalRef (ms):                 skipped
[19.028s][debug  ][gc,phases,ref  ] GC(69)     Total (ms):                    skipped
[19.028s][debug  ][gc,phases,ref  ] GC(69)   Notify and keep alive finalizable: 0.0ms
[19.028s][debug  ][gc,phases,ref  ] GC(69)     FinalRef (ms):                 skipped
[19.028s][debug  ][gc,phases,ref  ] GC(69)   Notify PhantomReferences: 0.0ms
[19.028s][debug  ][gc,phases,ref  ] GC(69)     PhantomRef (ms):               skipped
[19.028s][debug  ][gc,phases,ref  ] GC(69)   SoftReference:
[19.028s][debug  ][gc,phases,ref  ] GC(69)     Discovered: 0
[19.028s][debug  ][gc,phases,ref  ] GC(69)     Cleared: 0
[19.028s][debug  ][gc,phases,ref  ] GC(69)   WeakReference:
[19.028s][debug  ][gc,phases,ref  ] GC(69)     Discovered: 0
[19.028s][debug  ][gc,phases,ref  ] GC(69)     Cleared: 0
[19.028s][debug  ][gc,phases,ref  ] GC(69)   FinalReference:
[19.028s][debug  ][gc,phases,ref  ] GC(69)     Discovered: 0
[19.028s][debug  ][gc,phases,ref  ] GC(69)     Cleared: 0
[19.028s][debug  ][gc,phases,ref  ] GC(69)   PhantomReference:
[19.028s][debug  ][gc,phases,ref  ] GC(69)     Discovered: 0
[19.028s][debug  ][gc,phases,ref  ] GC(69)     Cleared: 0
[19.028s][debug  ][gc,phases      ] GC(69) Reference Processing 0.580ms
[19.028s][debug  ][gc,phases,start] GC(69) Weak Processing
[19.029s][debug  ][gc,phases      ] GC(69)   VM Weak                        Min:  0.0, Avg:  0.0, Max:  0.0, Diff:  0.0, Sum:  0.0, Workers: 6
[19.029s][debug  ][gc,phases      ] GC(69)     Dead                           Min: 0, Avg:  0.0, Max: 0, Diff: 0, Sum: 0, Workers: 6
[19.029s][debug  ][gc,phases      ] GC(69)     Total                          Min: 0, Avg:  1.3, Max: 8, Diff: 8, Sum: 8, Workers: 6
[19.029s][debug  ][gc,phases      ] GC(69)   ObjectSynchronizer Weak        Min:  0.0, Avg:  0.0, Max:  0.0, Diff:  0.0, Sum:  0.0, Workers: 6
[19.029s][debug  ][gc,phases      ] GC(69)     Dead                           Min: 0, Avg:  0.0, Max: 0, Diff: 0, Sum: 0, Workers: 6
[19.029s][debug  ][gc,phases      ] GC(69)     Total                          Min: 0, Avg:  0.5, Max: 3, Diff: 3, Sum: 3, Workers: 6
[19.029s][debug  ][gc,phases      ] GC(69)   JVMTI Tag Weak OopStorage      Min:  0.0, Avg:  0.0, Max:  0.0, Diff:  0.0, Sum:  0.0, Workers: 6
[19.029s][debug  ][gc,phases      ] GC(69)     Dead                           Min: 0, Avg:  0.0, Max: 0, Diff: 0, Sum: 0, Workers: 6
[19.029s][debug  ][gc,phases      ] GC(69)     Total                          Min: 0, Avg:  0.0, Max: 0, Diff: 0, Sum: 0, Workers: 6
[19.029s][debug  ][gc,phases      ] GC(69)   StringTable Weak               Min:  0.0, Avg:  0.0, Max:  0.0, Diff:  0.0, Sum:  0.0, Workers: 6
[19.029s][debug  ][gc,phases      ] GC(69)     Dead                           Min: 0, Avg:  0.0, Max: 0, Diff: 0, Sum: 0, Workers: 6
[19.029s][debug  ][gc,phases      ] GC(69)     Total                          Min: 703, Avg: 892.5, Max: 1024, Diff: 321, Sum: 5355, Workers: 6
[19.029s][debug  ][gc,phases      ] GC(69)   ResolvedMethodTable Weak       Min:  0.0, Avg:  0.0, Max:  0.0, Diff:  0.0, Sum:  0.0, Workers: 6
[19.029s][debug  ][gc,phases      ] GC(69)     Dead                           Min: 0, Avg:  0.0, Max: 0, Diff: 0, Sum: 0, Workers: 6
[19.029s][debug  ][gc,phases      ] GC(69)     Total                          Min: 0, Avg: 21.5, Max: 64, Diff: 64, Sum: 129, Workers: 6
[19.029s][debug  ][gc,phases      ] GC(69)   JNI Weak                       Min:  0.0, Avg:  0.0, Max:  0.0, Diff:  0.0, Sum:  0.0, Workers: 6
[19.029s][debug  ][gc,phases      ] GC(69)     Dead                           Min: 0, Avg:  0.0, Max: 0, Diff: 0, Sum: 0, Workers: 6
[19.029s][debug  ][gc,phases      ] GC(69)     Total                          Min: 0, Avg:  0.0, Max: 0, Diff: 0, Sum: 0, Workers: 6
[19.029s][debug  ][gc,phases      ] GC(69)   StringDedup Table Weak         Min:  0.0, Avg:  0.0, Max:  0.0, Diff:  0.0, Sum:  0.0, Workers: 6
[19.029s][debug  ][gc,phases      ] GC(69)     Dead                           Min: 0, Avg:  0.0, Max: 0, Diff: 0, Sum: 0, Workers: 6
[19.029s][debug  ][gc,phases      ] GC(69)     Total                          Min: 0, Avg:  0.0, Max: 0, Diff: 0, Sum: 0, Workers: 6
[19.029s][debug  ][gc,phases      ] GC(69)   StringDedup Requests0 Weak     Min:  0.0, Avg:  0.0, Max:  0.0, Diff:  0.0, Sum:  0.0, Workers: 6
[19.029s][debug  ][gc,phases      ] GC(69)     Dead                           Min: 0, Avg:  0.0, Max: 0, Diff: 0, Sum: 0, Workers: 6
[19.029s][debug  ][gc,phases      ] GC(69)     Total                          Min: 0, Avg:  0.0, Max: 0, Diff: 0, Sum: 0, Workers: 6
[19.029s][debug  ][gc,phases      ] GC(69)   StringDedup Requests1 Weak     Min:  0.0, Avg:  0.0, Max:  0.0, Diff:  0.0, Sum:  0.0, Workers: 6
[19.029s][debug  ][gc,phases      ] GC(69)     Dead                           Min: 0, Avg:  0.0, Max: 0, Diff: 0, Sum: 0, Workers: 6
[19.029s][debug  ][gc,phases      ] GC(69)     Total                          Min: 0, Avg:  0.0, Max: 0, Diff: 0, Sum: 0, Workers: 6
[19.029s][debug  ][gc,phases      ] GC(69)   Weak JFR Old Object Samples    Min:  0.0, Avg:  0.0, Max:  0.0, Diff:  0.0, Sum:  0.0, Workers: 6
[19.029s][debug  ][gc,phases      ] GC(69)     Dead                           Min: 0, Avg:  0.0, Max: 0, Diff: 0, Sum: 0, Workers: 6
[19.029s][debug  ][gc,phases      ] GC(69)     Total                          Min: 0, Avg:  0.0, Max: 0, Diff: 0, Sum: 0, Workers: 6
[19.029s][debug  ][gc,phases      ] GC(69) Weak Processing 0.683ms
[19.029s][debug  ][gc,ergo        ] GC(69) AdaptiveSizeStart:  collection: 70 
[19.029s][debug  ][gc,ergo        ] GC(69) avg_survived_padded_avg: 36672840.000000
[19.029s][debug  ][gc,ergo        ] GC(69) avg_promoted_padded_avg: 267228992.000000  avg_pretenured_padded_avg: 0.000000  tenuring_thresh: 1  target_size: 36700160
[19.029s][debug  ][gc,age         ] GC(69) Desired survivor size 36700160 bytes, new threshold 1 (max threshold 15)
[19.029s][debug  ][gc,ergo        ] GC(69) PSAdaptiveSizePolicy::compute_eden_space_size limits: desired_eden_size: 213895138 old_eden_size: 193462272 eden_limit: 193986560 cur_eden: 193462272 max_eden_size: 193986560 avg_young_live: 26803398
[19.029s][debug  ][gc,ergo        ] GC(69) PSAdaptiveSizePolicy::compute_eden_space_size: costs minor_time: 0.050130 major_cost: 0.045055 mutator_cost: 0.904815 throughput_goal: 0.990000
[19.029s][debug  ][gc,ergo        ] GC(69) Live_space: 954541760 free_space: 1341128704
[19.029s][debug  ][gc,ergo        ] GC(69) Old eden_size: 193462272 desired_eden_size: 193986560
[19.029s][debug  ][gc,ergo        ] GC(69) AdaptiveSizeStop: collection: 70 
[19.029s][info   ][gc,heap        ] GC(69) PSYoungGen: 218724K(225280K)->30720K(226304K) Eden: 188003K(188928K)->0K(189952K) From: 30720K(36352K)->30720K(36352K)
[19.029s][info   ][gc,heap        ] GC(69) ParOldGen: 1547877K(1835008K)->1732197K(1835008K)
[19.029s][info   ][gc,metaspace   ] GC(69) Metaspace: 1023K(1216K)->1023K(1216K) NonClass: 939K(1024K)->939K(1024K) Class: 83K(192K)->83K(192K)
[19.029s][info   ][gc             ] GC(69) Pause Young (Allocation Failure) 1725M->1721M(2013M) 16.564ms
[19.029s][info   ][gc,cpu         ] GC(69) User=0.11s Sys=0.00s Real=0.02s
[19.029s][debug  ][gc,heap        ] GC(69) Heap after GC invocations=70 (full 11):
[19.030s][debug  ][gc,heap        ] GC(69)  PSYoungGen      total 226304K, used 30720K [0x00000000f0000000, 0x0000000100000000, 0x0000000100000000)
[19.030s][debug  ][gc,heap        ] GC(69)   eden space 189952K, 0% used [0x00000000f0000000,0x00000000f0000000,0x00000000fb980000)
[19.030s][debug  ][gc,heap        ] GC(69)   from space 36352K, 84% used [0x00000000fdc80000,0x00000000ffa80030,0x0000000100000000)
[19.030s][debug  ][gc,heap        ] GC(69)   to   space 35840K, 0% used [0x00000000fb980000,0x00000000fb980000,0x00000000fdc80000)
[19.030s][debug  ][gc,heap        ] GC(69)  ParOldGen       total 1835008K, used 1732197K [0x0000000080000000, 0x00000000f0000000, 0x00000000f0000000)
[19.030s][debug  ][gc,heap        ] GC(69)   object space 1835008K, 94% used [0x0000000080000000,0x00000000e9b99698,0x00000000f0000000)
[19.030s][debug  ][gc,heap        ] GC(69)  Metaspace       used 1023K, committed 1216K, reserved 1056768K
[19.030s][debug  ][gc,heap        ] GC(69)   class space    used 83K, committed 192K, reserved 1048576K
[19.030s][debug  ][gc,task,time   ] GC(69) VM-Thread 190123936 190278673 190296813
[19.030s][debug  ][gc,phases,start] GC(70) Pre Compact
[19.030s][debug  ][gc,heap        ] GC(70) Heap before GC invocations=71 (full 12):
[19.030s][debug  ][gc,heap        ] GC(70)  PSYoungGen      total 226304K, used 30720K [0x00000000f0000000, 0x0000000100000000, 0x0000000100000000)
[19.030s][debug  ][gc,heap        ] GC(70)   eden space 189952K, 0% used [0x00000000f0000000,0x00000000f0000000,0x00000000fb980000)
[19.030s][debug  ][gc,heap        ] GC(70)   from space 36352K, 84% used [0x00000000fdc80000,0x00000000ffa80030,0x0000000100000000)
[19.030s][debug  ][gc,heap        ] GC(70)   to   space 35840K, 0% used [0x00000000fb980000,0x00000000fb980000,0x00000000fdc80000)
[19.030s][debug  ][gc,heap        ] GC(70)  ParOldGen       total 1835008K, used 1732197K [0x0000000080000000, 0x00000000f0000000, 0x00000000f0000000)
[19.030s][debug  ][gc,heap        ] GC(70)   object space 1835008K, 94% used [0x0000000080000000,0x00000000e9b99698,0x00000000f0000000)
[19.030s][debug  ][gc,heap        ] GC(70)  Metaspace       used 1023K, committed 1216K, reserved 1056768K
[19.030s][debug  ][gc,heap        ] GC(70)   class space    used 83K, committed 192K, reserved 1048576K
[19.030s][debug  ][gc,phases      ] GC(70) Pre Compact 0.201ms
[19.030s][info   ][gc,start       ] GC(70) Pause Full (Ergonomics)
[19.030s][info   ][gc,phases,start] GC(70) Marking Phase
[19.030s][debug  ][gc,phases,start] GC(70) Par Mark
[19.031s][debug  ][gc,phases      ] GC(70) Par Mark 0.545ms
[19.031s][debug  ][gc,phases,start] GC(70) Reference Processing
[19.031s][debug  ][gc,ref         ] GC(70) Skipped phase 1 of Reference Processing: no references
[19.031s][debug  ][gc,ref         ] GC(70) ReferenceProcessor::execute queues: 1, RefProcThreadModel::Single, marks_oops_alive: false
[19.031s][debug  ][gc,ref         ] GC(70) Skipped phase 3 of Reference Processing: no references
[19.031s][debug  ][gc,ref         ] GC(70) ReferenceProcessor::execute queues: 1, RefProcThreadModel::Single, marks_oops_alive: false
[19.031s][debug  ][gc,phases,ref  ] GC(70) Reference Processing: 0.1ms
[19.031s][debug  ][gc,phases,ref  ] GC(70)   Reconsider SoftReferences: 0.0ms
[19.031s][debug  ][gc,phases,ref  ] GC(70)     SoftRef (ms):                  skipped
[19.031s][debug  ][gc,phases,ref  ] GC(70)   Notify Soft/WeakReferences: 0.0ms
[19.031s][debug  ][gc,phases,ref  ] GC(70)     SoftRef (ms):                  Min:  0.0, Avg:  0.0, Max:  0.0, Diff:  0.0, Sum:  0.0, Workers: 8
[19.031s][debug  ][gc,phases,ref  ] GC(70)     WeakRef (ms):                  Min:  0.0, Avg:  0.0, Max:  0.0, Diff:  0.0, Sum:  0.0, Workers: 8
[19.031s][debug  ][gc,phases,ref  ] GC(70)     FinalRef (ms):                 Min:  0.0, Avg:  0.0, Max:  0.0, Diff:  0.0, Sum:  0.0, Workers: 8
[19.031s][debug  ][gc,phases,ref  ] GC(70)     Total (ms):                    Min:  0.0, Avg:  0.0, Max:  0.0, Diff:  0.0, Sum:  0.0, Workers: 8
[19.031s][debug  ][gc,phases,ref  ] GC(70)   Notify and keep alive finalizable: 0.0ms
[19.031s][debug  ][gc,phases,ref  ] GC(70)     FinalRef (ms):                 skipped
[19.031s][debug  ][gc,phases,ref  ] GC(70)   Notify PhantomReferences: 0.0ms
[19.031s][debug  ][gc,phases,ref  ] GC(70)     PhantomRef (ms):               Min:  0.0, Avg:  0.0, Max:  0.0, Diff:  0.0, Sum:  0.0, Workers: 8
[19.031s][debug  ][gc,phases,ref  ] GC(70)   SoftReference:
[19.031s][debug  ][gc,phases,ref  ] GC(70)     Discovered: 0
[19.031s][debug  ][gc,phases,ref  ] GC(70)     Cleared: 0
[19.031s][debug  ][gc,phases,ref  ] GC(70)   WeakReference:
[19.031s][debug  ][gc,phases,ref  ] GC(70)     Discovered: 90
[19.031s][debug  ][gc,phases,ref  ] GC(70)     Cleared: 90
[19.031s][debug  ][gc,phases,ref  ] GC(70)   FinalReference:
[19.031s][debug  ][gc,phases,ref  ] GC(70)     Discovered: 0
[19.031s][debug  ][gc,phases,ref  ] GC(70)     Cleared: 0
[19.031s][debug  ][gc,phases,ref  ] GC(70)   PhantomReference:
[19.031s][debug  ][gc,phases,ref  ] GC(70)     Discovered: 3
[19.031s][debug  ][gc,phases,ref  ] GC(70)     Cleared: 3
[19.031s][debug  ][gc,phases      ] GC(70) Reference Processing 0.599ms
[19.031s][debug  ][gc,phases,start] GC(70) Weak Processing
[19.031s][debug  ][gc,phases      ] GC(70)   VM Weak                        Min:  0.0, Avg:  0.0, Max:  0.0, Diff:  0.0, Sum:  0.0, Workers: 6
[19.031s][debug  ][gc,phases      ] GC(70)     Dead                           Min: 0, Avg:  0.0, Max: 0, Diff: 0, Sum: 0, Workers: 6
[19.031s][debug  ][gc,phases      ] GC(70)     Total                          Min: 0, Avg:  1.3, Max: 8, Diff: 8, Sum: 8, Workers: 6
[19.031s][debug  ][gc,phases      ] GC(70)   ObjectSynchronizer Weak        Min:  0.0, Avg:  0.0, Max:  0.0, Diff:  0.0, Sum:  0.0, Workers: 6
[19.031s][debug  ][gc,phases      ] GC(70)     Dead                           Min: 0, Avg:  0.0, Max: 0, Diff: 0, Sum: 0, Workers: 6
[19.031s][debug  ][gc,phases      ] GC(70)     Total                          Min: 0, Avg:  0.5, Max: 3, Diff: 3, Sum: 3, Workers: 6
[19.031s][debug  ][gc,phases      ] GC(70)   JVMTI Tag Weak OopStorage      Min:  0.0, Avg:  0.0, Max:  0.0, Diff:  0.0, Sum:  0.0, Workers: 6
[19.031s][debug  ][gc,phases      ] GC(70)     Dead                           Min: 0, Avg:  0.0, Max: 0, Diff: 0, Sum: 0, Workers: 6
[19.031s][debug  ][gc,phases      ] GC(70)     Total                          Min: 0, Avg:  0.0, Max: 0, Diff: 0, Sum: 0, Workers: 6
[19.031s][debug  ][gc,phases      ] GC(70)   StringTable Weak               Min:  0.0, Avg:  0.0, Max:  0.0, Diff:  0.0, Sum:  0.0, Workers: 6
[19.031s][debug  ][gc,phases      ] GC(70)     Dead                           Min: 0, Avg:  0.0, Max: 0, Diff: 0, Sum: 0, Workers: 6
[19.031s][debug  ][gc,phases      ] GC(70)     Total                          Min: 576, Avg: 892.5, Max: 1132, Diff: 556, Sum: 5355, Workers: 6
[19.032s][debug  ][gc,phases      ] GC(70)   ResolvedMethodTable Weak       Min:  0.0, Avg:  0.0, Max:  0.0, Diff:  0.0, Sum:  0.0, Workers: 6
[19.032s][debug  ][gc,phases      ] GC(70)     Dead                           Min: 0, Avg:  0.0, Max: 0, Diff: 0, Sum: 0, Workers: 6
[19.032s][debug  ][gc,phases      ] GC(70)     Total                          Min: 0, Avg: 21.5, Max: 64, Diff: 64, Sum: 129, Workers: 6
[19.032s][debug  ][gc,phases      ] GC(70)   JNI Weak                       Min:  0.0, Avg:  0.0, Max:  0.0, Diff:  0.0, Sum:  0.0, Workers: 6
[19.032s][debug  ][gc,phases      ] GC(70)     Dead                           Min: 0, Avg:  0.0, Max: 0, Diff: 0, Sum: 0, Workers: 6
[19.032s][debug  ][gc,phases      ] GC(70)     Total                          Min: 0, Avg:  0.0, Max: 0, Diff: 0, Sum: 0, Workers: 6
[19.032s][debug  ][gc,phases      ] GC(70)   StringDedup Table Weak         Min:  0.0, Avg:  0.0, Max:  0.0, Diff:  0.0, Sum:  0.0, Workers: 6
[19.032s][debug  ][gc,phases      ] GC(70)     Dead                           Min: 0, Avg:  0.0, Max: 0, Diff: 0, Sum: 0, Workers: 6
[19.032s][debug  ][gc,phases      ] GC(70)     Total                          Min: 0, Avg:  0.0, Max: 0, Diff: 0, Sum: 0, Workers: 6
[19.032s][debug  ][gc,phases      ] GC(70)   StringDedup Requests0 Weak     Min:  0.0, Avg:  0.0, Max:  0.0, Diff:  0.0, Sum:  0.0, Workers: 6
[19.032s][debug  ][gc,phases      ] GC(70)     Dead                           Min: 0, Avg:  0.0, Max: 0, Diff: 0, Sum: 0, Workers: 6
[19.032s][debug  ][gc,phases      ] GC(70)     Total                          Min: 0, Avg:  0.0, Max: 0, Diff: 0, Sum: 0, Workers: 6
[19.032s][debug  ][gc,phases      ] GC(70)   StringDedup Requests1 Weak     Min:  0.0, Avg:  0.0, Max:  0.0, Diff:  0.0, Sum:  0.0, Workers: 6
[19.032s][debug  ][gc,phases      ] GC(70)     Dead                           Min: 0, Avg:  0.0, Max: 0, Diff: 0, Sum: 0, Workers: 6
[19.032s][debug  ][gc,phases      ] GC(70)     Total                          Min: 0, Avg:  0.0, Max: 0, Diff: 0, Sum: 0, Workers: 6
[19.032s][debug  ][gc,phases      ] GC(70)   Weak JFR Old Object Samples    Min:  0.0, Avg:  0.0, Max:  0.0, Diff:  0.0, Sum:  0.0, Workers: 6
[19.032s][debug  ][gc,phases      ] GC(70)     Dead                           Min: 0, Avg:  0.0, Max: 0, Diff: 0, Sum: 0, Workers: 6
[19.032s][debug  ][gc,phases      ] GC(70)     Total                          Min: 0, Avg:  0.0, Max: 0, Diff: 0, Sum: 0, Workers: 6
[19.032s][debug  ][gc,phases      ] GC(70) Weak Processing 0.748ms
[19.032s][debug  ][gc,phases,start] GC(70) Class Unloading
[19.032s][debug  ][gc,phases,start] GC(70) ClassLoaderData
[19.032s][debug  ][gc,phases      ] GC(70) ClassLoaderData 0.019ms
[19.032s][debug  ][gc,phases,start] GC(70) Trigger cleanups
[19.032s][debug  ][gc,phases      ] GC(70) Trigger cleanups 0.019ms
[19.032s][debug  ][gc,phases      ] GC(70) Class Unloading 0.255ms
[19.032s][info   ][gc,phases      ] GC(70) Marking Phase 2.273ms
[19.032s][info   ][gc,phases,start] GC(70) Summary Phase
[19.032s][info   ][gc,phases      ] GC(70) Summary Phase 0.037ms
[19.032s][info   ][gc,phases,start] GC(70) Adjust Roots
[19.032s][info   ][gc,phases      ] GC(70) Adjust Roots 0.149ms
[19.032s][info   ][gc,phases,start] GC(70) Compaction Phase
[19.119s][info   ][gc,phases      ] GC(70) Compaction Phase 86.983ms
[19.120s][info   ][gc,phases,start] GC(70) Post Compact
[19.125s][info   ][gc,phases      ] GC(70) Post Compact 5.446ms
[19.125s][debug  ][gc,ergo        ] GC(70) AdaptiveSizeStart: collection: 71 
[19.125s][debug  ][gc,ergo        ] GC(70) PSAdaptiveSizePolicy::compute_eden_space_size limits: desired_eden_size: 214465454 old_eden_size: 193986560 eden_limit: 194510848 cur_eden: 194510848 max_eden_size: 194510848 avg_young_live: 24123060
[19.125s][debug  ][gc,ergo        ] GC(70) PSAdaptiveSizePolicy::compute_eden_space_size: costs minor_time: 0.050130 major_cost: 0.048653 mutator_cost: 0.901217 throughput_goal: 0.990000
[19.125s][debug  ][gc,ergo        ] GC(70) Live_space: 951861440 free_space: 1341652992
[19.125s][debug  ][gc,ergo        ] GC(70) Old eden_size: 193986560 desired_eden_size: 194510848
[19.125s][debug  ][gc,ergo        ] GC(70) PSAdaptiveSizePolicy::compute_old_gen_free_space limits: desired_promo_size: 1272131644 promo_limit: 1200573440 free_in_old_gen: 1200573440 max_old_gen_size: 1879048192 avg_old_live: 678474816
[19.125s][debug  ][gc,ergo        ] GC(70) PSAdaptiveSizePolicy::compute_old_gen_free_space: costs minor_time: 0.050130 major_cost: 0.048653  mutator_cost: 0.901217 throughput_goal: 0.990000
[19.125s][debug  ][gc,ergo        ] GC(70) Live_space: 971033344 free_space: 1342177280
[19.125s][debug  ][gc,ergo        ] GC(70) Old promo_size: 1147666432 desired_promo_size: 1200095232
[19.125s][debug  ][gc,ergo        ] GC(70) AdaptiveSizeStop: collection: 71 
[19.125s][info   ][gc,heap        ] GC(70) PSYoungGen: 30720K(226304K)->0K(225792K) Eden: 0K(189952K)->0K(189952K) From: 30720K(36352K)->0K(35840K)
[19.125s][info   ][gc,heap        ] GC(70) ParOldGen: 1732197K(1835008K)->831076K(1835008K)
[19.125s][info   ][gc,metaspace   ] GC(70) Metaspace: 1023K(1216K)->1023K(1216K) NonClass: 939K(1024K)->939K(1024K) Class: 83K(192K)->83K(192K)
[19.125s][info   ][gc             ] GC(70) Pause Full (Ergonomics) 1721M->811M(2012M) 95.518ms
[19.125s][info   ][gc,cpu         ] GC(70) User=0.72s Sys=0.00s Real=0.10s
[19.125s][debug  ][gc,heap        ] GC(70) Heap after GC invocations=71 (full 12):
[19.126s][debug  ][gc,heap        ] GC(70)  PSYoungGen      total 225792K, used 0K [0x00000000f0000000, 0x0000000100000000, 0x0000000100000000)
[19.126s][debug  ][gc,heap        ] GC(70)   eden space 189952K, 0% used [0x00000000f0000000,0x00000000f0000000,0x00000000fb980000)
[19.126s][debug  ][gc,heap        ] GC(70)   from space 35840K, 0% used [0x00000000fb980000,0x00000000fb980000,0x00000000fdc80000)
[19.126s][debug  ][gc,heap        ] GC(70)   to   space 35840K, 0% used [0x00000000fdd00000,0x00000000fdd00000,0x0000000100000000)
[19.126s][debug  ][gc,heap        ] GC(70)  ParOldGen       total 1835008K, used 831076K [0x0000000080000000, 0x00000000f0000000, 0x00000000f0000000)
[19.126s][debug  ][gc,heap        ] GC(70)   object space 1835008K, 45% used [0x0000000080000000,0x00000000b2b99118,0x00000000f0000000)
[19.126s][debug  ][gc,heap        ] GC(70)  Metaspace       used 1023K, committed 1216K, reserved 1056768K
[19.126s][debug  ][gc,heap        ] GC(70)   class space    used 83K, committed 192K, reserved 1048576K
[19.126s][debug  ][gc,task,time   ] GC(70) VM-Thread 190299496 190324828 191254958
[19.411s][debug  ][gc,heap        ] GC(71) Heap before GC invocations=72 (full 12):
[19.411s][debug  ][gc,heap        ] GC(71)  PSYoungGen      total 225792K, used 188031K [0x00000000f0000000, 0x0000000100000000, 0x0000000100000000)
[19.411s][debug  ][gc,heap        ] GC(71)   eden space 189952K, 98% used [0x00000000f0000000,0x00000000fb79fd10,0x00000000fb980000)
[19.411s][debug  ][gc,heap        ] GC(71)   from space 35840K, 0% used [0x00000000fb980000,0x00000000fb980000,0x00000000fdc80000)
[19.411s][debug  ][gc,heap        ] GC(71)   to   space 35840K, 0% used [0x00000000fdd00000,0x00000000fdd00000,0x0000000100000000)
[19.411s][debug  ][gc,heap        ] GC(71)  ParOldGen       total 1835008K, used 831076K [0x0000000080000000, 0x00000000f0000000, 0x00000000f0000000)
[19.411s][debug  ][gc,heap        ] GC(71)   object space 1835008K, 45% used [0x0000000080000000,0x00000000b2b99118,0x00000000f0000000)
[19.412s][debug  ][gc,heap        ] GC(71)  Metaspace       used 1023K, committed 1216K, reserved 1056768K
[19.412s][debug  ][gc,heap        ] GC(71)   class space    used 83K, committed 192K, reserved 1048576K
[19.412s][debug  ][gc,tlab        ] GC(71) TLAB totals: thrds: 1  refills: 1 max: 1 slow allocs: 17 max 17 waste: 26.6% gc: 3800048B max: 3800048B slow: 0B max: 0B
[19.412s][info   ][gc,start       ] GC(71) Pause Young (Allocation Failure)
[19.412s][debug  ][gc,phases,start] GC(71) Scavenge
[19.424s][debug  ][gc,phases      ] GC(71) Scavenge 12.704ms
[19.424s][debug  ][gc,phases,start] GC(71) Reference Processing
[19.425s][debug  ][gc,ref         ] GC(71) Skipped phase 1 of Reference Processing: no references
[19.425s][debug  ][gc,ref         ] GC(71) Skipped phase 2 of Reference Processing: no references
[19.425s][debug  ][gc,ref         ] GC(71) Skipped phase 3 of Reference Processing: no references
[19.425s][debug  ][gc,ref         ] GC(71) Skipped phase 4 of Reference Processing: no references
[19.425s][debug  ][gc,phases,ref  ] GC(71) Reference Processing: 0.1ms
[19.425s][debug  ][gc,phases,ref  ] GC(71)   Reconsider SoftReferences: 0.0ms
[19.425s][debug  ][gc,phases,ref  ] GC(71)     SoftRef (ms):                  skipped
[19.425s][debug  ][gc,phases,ref  ] GC(71)   Notify Soft/WeakReferences: 0.0ms
[19.425s][debug  ][gc,phases,ref  ] GC(71)     SoftRef (ms):                  skipped
[19.425s][debug  ][gc,phases,ref  ] GC(71)     WeakRef (ms):                  skipped
[19.425s][debug  ][gc,phases,ref  ] GC(71)     FinalRef (ms):                 skipped
[19.425s][debug  ][gc,phases,ref  ] GC(71)     Total (ms):                    skipped
[19.425s][debug  ][gc,phases,ref  ] GC(71)   Notify and keep alive finalizable: 0.0ms
[19.425s][debug  ][gc,phases,ref  ] GC(71)     FinalRef (ms):                 skipped
[19.425s][debug  ][gc,phases,ref  ] GC(71)   Notify PhantomReferences: 0.0ms
[19.425s][debug  ][gc,phases,ref  ] GC(71)     PhantomRef (ms):               skipped
[19.425s][debug  ][gc,phases,ref  ] GC(71)   SoftReference:
[19.425s][debug  ][gc,phases,ref  ] GC(71)     Discovered: 0
[19.425s][debug  ][gc,phases,ref  ] GC(71)     Cleared: 0
[19.425s][debug  ][gc,phases,ref  ] GC(71)   WeakReference:
[19.425s][debug  ][gc,phases,ref  ] GC(71)     Discovered: 0
[19.425s][debug  ][gc,phases,ref  ] GC(71)     Cleared: 0
[19.425s][debug  ][gc,phases,ref  ] GC(71)   FinalReference:
[19.425s][debug  ][gc,phases,ref  ] GC(71)     Discovered: 0
[19.425s][debug  ][gc,phases,ref  ] GC(71)     Cleared: 0
[19.425s][debug  ][gc,phases,ref  ] GC(71)   PhantomReference:
[19.425s][debug  ][gc,phases,ref  ] GC(71)     Discovered: 0
[19.425s][debug  ][gc,phases,ref  ] GC(71)     Cleared: 0
[19.425s][debug  ][gc,phases      ] GC(71) Reference Processing 0.757ms
[19.425s][debug  ][gc,phases,start] GC(71) Weak Processing
[19.425s][debug  ][gc,phases      ] GC(71)   VM Weak                        Min:  0.0, Avg:  0.0, Max:  0.0, Diff:  0.0, Sum:  0.0, Workers: 6
[19.425s][debug  ][gc,phases      ] GC(71)     Dead                           Min: 0, Avg:  0.0, Max: 0, Diff: 0, Sum: 0, Workers: 6
[19.425s][debug  ][gc,phases      ] GC(71)     Total                          Min: 0, Avg:  1.3, Max: 8, Diff: 8, Sum: 8, Workers: 6
[19.425s][debug  ][gc,phases      ] GC(71)   ObjectSynchronizer Weak        Min:  0.0, Avg:  0.0, Max:  0.0, Diff:  0.0, Sum:  0.0, Workers: 6
[19.425s][debug  ][gc,phases      ] GC(71)     Dead                           Min: 0, Avg:  0.0, Max: 0, Diff: 0, Sum: 0, Workers: 6
[19.426s][debug  ][gc,phases      ] GC(71)     Total                          Min: 0, Avg:  0.5, Max: 3, Diff: 3, Sum: 3, Workers: 6
[19.426s][debug  ][gc,phases      ] GC(71)   JVMTI Tag Weak OopStorage      Min:  0.0, Avg:  0.0, Max:  0.0, Diff:  0.0, Sum:  0.0, Workers: 6
[19.426s][debug  ][gc,phases      ] GC(71)     Dead                           Min: 0, Avg:  0.0, Max: 0, Diff: 0, Sum: 0, Workers: 6
[19.426s][debug  ][gc,phases      ] GC(71)     Total                          Min: 0, Avg:  0.0, Max: 0, Diff: 0, Sum: 0, Workers: 6
[19.426s][debug  ][gc,phases      ] GC(71)   StringTable Weak               Min:  0.0, Avg:  0.0, Max:  0.0, Diff:  0.0, Sum:  0.0, Workers: 6
[19.426s][debug  ][gc,phases      ] GC(71)     Dead                           Min: 0, Avg:  0.0, Max: 0, Diff: 0, Sum: 0, Workers: 6
[19.426s][debug  ][gc,phases      ] GC(71)     Total                          Min: 639, Avg: 892.5, Max: 1088, Diff: 449, Sum: 5355, Workers: 6
[19.426s][debug  ][gc,phases      ] GC(71)   ResolvedMethodTable Weak       Min:  0.0, Avg:  0.0, Max:  0.0, Diff:  0.0, Sum:  0.0, Workers: 6
[19.426s][debug  ][gc,phases      ] GC(71)     Dead                           Min: 0, Avg:  0.0, Max: 0, Diff: 0, Sum: 0, Workers: 6
[19.426s][debug  ][gc,phases      ] GC(71)     Total                          Min: 0, Avg: 21.5, Max: 64, Diff: 64, Sum: 129, Workers: 6
[19.426s][debug  ][gc,phases      ] GC(71)   JNI Weak                       Min:  0.0, Avg:  0.0, Max:  0.0, Diff:  0.0, Sum:  0.0, Workers: 6
[19.426s][debug  ][gc,phases      ] GC(71)     Dead                           Min: 0, Avg:  0.0, Max: 0, Diff: 0, Sum: 0, Workers: 6
[19.426s][debug  ][gc,phases      ] GC(71)     Total                          Min: 0, Avg:  0.0, Max: 0, Diff: 0, Sum: 0, Workers: 6
[19.426s][debug  ][gc,phases      ] GC(71)   StringDedup Table Weak         Min:  0.0, Avg:  0.0, Max:  0.0, Diff:  0.0, Sum:  0.0, Workers: 6
[19.426s][debug  ][gc,phases      ] GC(71)     Dead                           Min: 0, Avg:  0.0, Max: 0, Diff: 0, Sum: 0, Workers: 6
[19.426s][debug  ][gc,phases      ] GC(71)     Total                          Min: 0, Avg:  0.0, Max: 0, Diff: 0, Sum: 0, Workers: 6
[19.426s][debug  ][gc,phases      ] GC(71)   StringDedup Requests0 Weak     Min:  0.0, Avg:  0.0, Max:  0.0, Diff:  0.0, Sum:  0.0, Workers: 6
[19.426s][debug  ][gc,phases      ] GC(71)     Dead                           Min: 0, Avg:  0.0, Max: 0, Diff: 0, Sum: 0, Workers: 6
[19.426s][debug  ][gc,phases      ] GC(71)     Total                          Min: 0, Avg:  0.0, Max: 0, Diff: 0, Sum: 0, Workers: 6
[19.426s][debug  ][gc,phases      ] GC(71)   StringDedup Requests1 Weak     Min:  0.0, Avg:  0.0, Max:  0.0, Diff:  0.0, Sum:  0.0, Workers: 6
[19.426s][debug  ][gc,phases      ] GC(71)     Dead                           Min: 0, Avg:  0.0, Max: 0, Diff: 0, Sum: 0, Workers: 6
[19.426s][debug  ][gc,phases      ] GC(71)     Total                          Min: 0, Avg:  0.0, Max: 0, Diff: 0, Sum: 0, Workers: 6
[19.426s][debug  ][gc,phases      ] GC(71)   Weak JFR Old Object Samples    Min:  0.0, Avg:  0.0, Max:  0.0, Diff:  0.0, Sum:  0.0, Workers: 6
[19.426s][debug  ][gc,phases      ] GC(71)     Dead                           Min: 0, Avg:  0.0, Max: 0, Diff: 0, Sum: 0, Workers: 6
[19.426s][debug  ][gc,phases      ] GC(71)     Total                          Min: 0, Avg:  0.0, Max: 0, Diff: 0, Sum: 0, Workers: 6
[19.426s][debug  ][gc,phases      ] GC(71) Weak Processing 1.062ms
[19.426s][debug  ][gc,ergo        ] GC(71) AdaptiveSizeStart:  collection: 72 
[19.426s][debug  ][gc,ergo        ] GC(71) avg_survived_padded_avg: 36445968.000000
[19.426s][debug  ][gc,ergo        ] GC(71) avg_promoted_padded_avg: 259010096.000000  avg_pretenured_padded_avg: 0.000000  tenuring_thresh: 1  target_size: 36700160
[19.426s][debug  ][gc,age         ] GC(71) Desired survivor size 36700160 bytes, new threshold 1 (max threshold 15)
[19.426s][debug  ][gc,ergo        ] GC(71) PSAdaptiveSizePolicy::compute_eden_space_size limits: desired_eden_size: 213794926 old_eden_size: 194510848 eden_limit: 195035136 cur_eden: 194510848 max_eden_size: 195035136 avg_young_live: 24856486
[19.426s][debug  ][gc,ergo        ] GC(71) PSAdaptiveSizePolicy::compute_eden_space_size: costs minor_time: 0.046824 major_cost: 0.048653 mutator_cost: 0.904523 throughput_goal: 0.990000
[19.426s][debug  ][gc,ergo        ] GC(71) Live_space: 971766784 free_space: 1394606080
[19.427s][debug  ][gc,ergo        ] GC(71) Old eden_size: 194510848 desired_eden_size: 195035136
[19.427s][debug  ][gc,ergo        ] GC(71) AdaptiveSizeStop: collection: 72 
[19.427s][info   ][gc,heap        ] GC(71) PSYoungGen: 188031K(225792K)->30720K(226304K) Eden: 188031K(189952K)->0K(190464K) From: 0K(35840K)->30720K(35840K)
[19.427s][info   ][gc,heap        ] GC(71) ParOldGen: 831076K(1835008K)->984676K(1835008K)
[19.427s][info   ][gc,metaspace   ] GC(71) Metaspace: 1023K(1216K)->1023K(1216K) NonClass: 939K(1024K)->939K(1024K) Class: 83K(192K)->83K(192K)
[19.427s][info   ][gc             ] GC(71) Pause Young (Allocation Failure) 995M->991M(2013M) 15.027ms
[19.427s][info   ][gc,cpu         ] GC(71) User=0.12s Sys=0.00s Real=0.01s
[19.427s][debug  ][gc,heap        ] GC(71) Heap after GC invocations=72 (full 12):
[19.427s][debug  ][gc,heap        ] GC(71)  PSYoungGen      total 226304K, used 30720K [0x00000000f0000000, 0x0000000100000000, 0x0000000100000000)
[19.427s][debug  ][gc,heap        ] GC(71)   eden space 190464K, 0% used [0x00000000f0000000,0x00000000f0000000,0x00000000fba00000)
[19.427s][debug  ][gc,heap        ] GC(71)   from space 35840K, 85% used [0x00000000fdd00000,0x00000000ffb00030,0x0000000100000000)
[19.427s][debug  ][gc,heap        ] GC(71)   to   space 35840K, 0% used [0x00000000fba00000,0x00000000fba00000,0x00000000fdd00000)
[19.427s][debug  ][gc,heap        ] GC(71)  ParOldGen       total 1835008K, used 984676K [0x0000000080000000, 0x00000000f0000000, 0x00000000f0000000)
[19.427s][debug  ][gc,heap        ] GC(71)   object space 1835008K, 53% used [0x0000000080000000,0x00000000bc199208,0x00000000f0000000)
[19.427s][debug  ][gc,heap        ] GC(71)  Metaspace       used 1023K, committed 1216K, reserved 1056768K
[19.427s][debug  ][gc,heap        ] GC(71)   class space    used 83K, committed 192K, reserved 1048576K
[19.427s][debug  ][gc,task,time   ] GC(71) VM-Thread 194111618 194244779 194269472
[19.713s][debug  ][gc,heap        ] GC(72) Heap before GC invocations=73 (full 12):
[19.713s][debug  ][gc,heap        ] GC(72)  PSYoungGen      total 226304K, used 218693K [0x00000000f0000000, 0x0000000100000000, 0x0000000100000000)
[19.713s][debug  ][gc,heap        ] GC(72)   eden space 190464K, 98% used [0x00000000f0000000,0x00000000fb791518,0x00000000fba00000)
[19.713s][debug  ][gc,heap        ] GC(72)   from space 35840K, 85% used [0x00000000fdd00000,0x00000000ffb00030,0x0000000100000000)
[19.713s][debug  ][gc,heap        ] GC(72)   to   space 35840K, 0% used [0x00000000fba00000,0x00000000fba00000,0x00000000fdd00000)
[19.714s][debug  ][gc,heap        ] GC(72)  ParOldGen       total 1835008K, used 984676K [0x0000000080000000, 0x00000000f0000000, 0x00000000f0000000)
[19.714s][debug  ][gc,heap        ] GC(72)   object space 1835008K, 53% used [0x0000000080000000,0x00000000bc199208,0x00000000f0000000)
[19.714s][debug  ][gc,heap        ] GC(72)  Metaspace       used 1023K, committed 1216K, reserved 1056768K
[19.714s][debug  ][gc,heap        ] GC(72)   class space    used 83K, committed 192K, reserved 1048576K
[19.714s][debug  ][gc,tlab        ] GC(72) TLAB totals: thrds: 1  refills: 1 max: 1 slow allocs: 18 max 18 waste: 100.0% gc: 3739600B max: 3739600B slow: 0B max: 0B
[19.714s][info   ][gc,start       ] GC(72) Pause Young (Allocation Failure)
[19.714s][debug  ][gc,phases,start] GC(72) Scavenge
[19.725s][debug  ][gc,phases      ] GC(72) Scavenge 11.538ms
[19.725s][debug  ][gc,phases,start] GC(72) Reference Processing
[19.725s][debug  ][gc,ref         ] GC(72) Skipped phase 1 of Reference Processing: no references
[19.725s][debug  ][gc,ref         ] GC(72) Skipped phase 2 of Reference Processing: no references
[19.725s][debug  ][gc,ref         ] GC(72) Skipped phase 3 of Reference Processing: no references
[19.725s][debug  ][gc,ref         ] GC(72) Skipped phase 4 of Reference Processing: no references
[19.725s][debug  ][gc,phases,ref  ] GC(72) Reference Processing: 0.1ms
[19.725s][debug  ][gc,phases,ref  ] GC(72)   Reconsider SoftReferences: 0.0ms
[19.726s][debug  ][gc,phases,ref  ] GC(72)     SoftRef (ms):                  skipped
[19.726s][debug  ][gc,phases,ref  ] GC(72)   Notify Soft/WeakReferences: 0.0ms
[19.726s][debug  ][gc,phases,ref  ] GC(72)     SoftRef (ms):                  skipped
[19.726s][debug  ][gc,phases,ref  ] GC(72)     WeakRef (ms):                  skipped
[19.726s][debug  ][gc,phases,ref  ] GC(72)     FinalRef (ms):                 skipped
[19.726s][debug  ][gc,phases,ref  ] GC(72)     Total (ms):                    skipped
[19.726s][debug  ][gc,phases,ref  ] GC(72)   Notify and keep alive finalizable: 0.0ms
[19.726s][debug  ][gc,phases,ref  ] GC(72)     FinalRef (ms):                 skipped
[19.726s][debug  ][gc,phases,ref  ] GC(72)   Notify PhantomReferences: 0.0ms
[19.726s][debug  ][gc,phases,ref  ] GC(72)     PhantomRef (ms):               skipped
[19.726s][debug  ][gc,phases,ref  ] GC(72)   SoftReference:
[19.726s][debug  ][gc,phases,ref  ] GC(72)     Discovered: 0
[19.726s][debug  ][gc,phases,ref  ] GC(72)     Cleared: 0
[19.726s][debug  ][gc,phases,ref  ] GC(72)   WeakReference:
[19.726s][debug  ][gc,phases,ref  ] GC(72)     Discovered: 0
[19.726s][debug  ][gc,phases,ref  ] GC(72)     Cleared: 0
[19.726s][debug  ][gc,phases,ref  ] GC(72)   FinalReference:
[19.726s][debug  ][gc,phases,ref  ] GC(72)     Discovered: 0
[19.726s][debug  ][gc,phases,ref  ] GC(72)     Cleared: 0
[19.726s][debug  ][gc,phases,ref  ] GC(72)   PhantomReference:
[19.726s][debug  ][gc,phases,ref  ] GC(72)     Discovered: 0
[19.726s][debug  ][gc,phases,ref  ] GC(72)     Cleared: 0
[19.726s][debug  ][gc,phases      ] GC(72) Reference Processing 0.573ms
[19.726s][debug  ][gc,phases,start] GC(72) Weak Processing
[19.726s][debug  ][gc,phases      ] GC(72)   VM Weak                        Min:  0.0, Avg:  0.0, Max:  0.0, Diff:  0.0, Sum:  0.0, Workers: 6
[19.726s][debug  ][gc,phases      ] GC(72)     Dead                           Min: 0, Avg:  0.0, Max: 0, Diff: 0, Sum: 0, Workers: 6
[19.726s][debug  ][gc,phases      ] GC(72)     Total                          Min: 0, Avg:  1.3, Max: 8, Diff: 8, Sum: 8, Workers: 6
[19.726s][debug  ][gc,phases      ] GC(72)   ObjectSynchronizer Weak        Min:  0.0, Avg:  0.0, Max:  0.0, Diff:  0.0, Sum:  0.0, Workers: 6
[19.726s][debug  ][gc,phases      ] GC(72)     Dead                           Min: 0, Avg:  0.0, Max: 0, Diff: 0, Sum: 0, Workers: 6
[19.726s][debug  ][gc,phases      ] GC(72)     Total                          Min: 0, Avg:  0.5, Max: 3, Diff: 3, Sum: 3, Workers: 6
[19.726s][debug  ][gc,phases      ] GC(72)   JVMTI Tag Weak OopStorage      Min:  0.0, Avg:  0.0, Max:  0.0, Diff:  0.0, Sum:  0.0, Workers: 6
[19.726s][debug  ][gc,phases      ] GC(72)     Dead                           Min: 0, Avg:  0.0, Max: 0, Diff: 0, Sum: 0, Workers: 6
[19.726s][debug  ][gc,phases      ] GC(72)     Total                          Min: 0, Avg:  0.0, Max: 0, Diff: 0, Sum: 0, Workers: 6
[19.726s][debug  ][gc,phases      ] GC(72)   StringTable Weak               Min:  0.0, Avg:  0.0, Max:  0.0, Diff:  0.0, Sum:  0.0, Workers: 6
[19.726s][debug  ][gc,phases      ] GC(72)     Dead                           Min: 0, Avg:  0.0, Max: 0, Diff: 0, Sum: 0, Workers: 6
[19.726s][debug  ][gc,phases      ] GC(72)     Total                          Min: 704, Avg: 892.5, Max: 1196, Diff: 492, Sum: 5355, Workers: 6
[19.726s][debug  ][gc,phases      ] GC(72)   ResolvedMethodTable Weak       Min:  0.0, Avg:  0.0, Max:  0.0, Diff:  0.0, Sum:  0.0, Workers: 6
[19.726s][debug  ][gc,phases      ] GC(72)     Dead                           Min: 0, Avg:  0.0, Max: 0, Diff: 0, Sum: 0, Workers: 6
[19.726s][debug  ][gc,phases      ] GC(72)     Total                          Min: 0, Avg: 21.5, Max: 64, Diff: 64, Sum: 129, Workers: 6
[19.726s][debug  ][gc,phases      ] GC(72)   JNI Weak                       Min:  0.0, Avg:  0.0, Max:  0.0, Diff:  0.0, Sum:  0.0, Workers: 6
[19.726s][debug  ][gc,phases      ] GC(72)     Dead                           Min: 0, Avg:  0.0, Max: 0, Diff: 0, Sum: 0, Workers: 6
[19.726s][debug  ][gc,phases      ] GC(72)     Total                          Min: 0, Avg:  0.0, Max: 0, Diff: 0, Sum: 0, Workers: 6
[19.726s][debug  ][gc,phases      ] GC(72)   StringDedup Table Weak         Min:  0.0, Avg:  0.0, Max:  0.0, Diff:  0.0, Sum:  0.0, Workers: 6
[19.726s][debug  ][gc,phases      ] GC(72)     Dead                           Min: 0, Avg:  0.0, Max: 0, Diff: 0, Sum: 0, Workers: 6
[19.726s][debug  ][gc,phases      ] GC(72)     Total                          Min: 0, Avg:  0.0, Max: 0, Diff: 0, Sum: 0, Workers: 6
[19.726s][debug  ][gc,phases      ] GC(72)   StringDedup Requests0 Weak     Min:  0.0, Avg:  0.0, Max:  0.0, Diff:  0.0, Sum:  0.0, Workers: 6
[19.726s][debug  ][gc,phases      ] GC(72)     Dead                           Min: 0, Avg:  0.0, Max: 0, Diff: 0, Sum: 0, Workers: 6
[19.726s][debug  ][gc,phases      ] GC(72)     Total                          Min: 0, Avg:  0.0, Max: 0, Diff: 0, Sum: 0, Workers: 6
[19.726s][debug  ][gc,phases      ] GC(72)   StringDedup Requests1 Weak     Min:  0.0, Avg:  0.0, Max:  0.0, Diff:  0.0, Sum:  0.0, Workers: 6
[19.727s][debug  ][gc,phases      ] GC(72)     Dead                           Min: 0, Avg:  0.0, Max: 0, Diff: 0, Sum: 0, Workers: 6
[19.727s][debug  ][gc,phases      ] GC(72)     Total                          Min: 0, Avg:  0.0, Max: 0, Diff: 0, Sum: 0, Workers: 6
[19.727s][debug  ][gc,phases      ] GC(72)   Weak JFR Old Object Samples    Min:  0.0, Avg:  0.0, Max:  0.0, Diff:  0.0, Sum:  0.0, Workers: 6
[19.727s][debug  ][gc,phases      ] GC(72)     Dead                           Min: 0, Avg:  0.0, Max: 0, Diff: 0, Sum: 0, Workers: 6
[19.727s][debug  ][gc,phases      ] GC(72)     Total                          Min: 0, Avg:  0.0, Max: 0, Diff: 0, Sum: 0, Workers: 6
[19.727s][debug  ][gc,phases      ] GC(72) Weak Processing 0.660ms
[19.727s][debug  ][gc,ergo        ] GC(72) AdaptiveSizeStart:  collection: 73 
[19.727s][debug  ][gc,ergo        ] GC(72) avg_survived_padded_avg: 36212312.000000
[19.727s][debug  ][gc,ergo        ] GC(72) avg_promoted_padded_avg: 253118112.000000  avg_pretenured_padded_avg: 0.000000  tenuring_thresh: 1  target_size: 36700160
[19.727s][debug  ][gc,age         ] GC(72) Desired survivor size 36700160 bytes, new threshold 1 (max threshold 15)
[19.727s][debug  ][gc,ergo        ] GC(72) PSAdaptiveSizePolicy::compute_eden_space_size limits: desired_eden_size: 214111665 old_eden_size: 195035136 eden_limit: 195035136 cur_eden: 195035136 max_eden_size: 195035136 avg_young_live: 25516568
[19.727s][debug  ][gc,ergo        ] GC(72) PSAdaptiveSizePolicy::compute_eden_space_size: costs minor_time: 0.045845 major_cost: 0.048653 mutator_cost: 0.905501 throughput_goal: 0.990000
[19.727s][debug  ][gc,ergo        ] GC(72) Live_space: 972426880 free_space: 1395130368
[19.727s][debug  ][gc,ergo        ] GC(72) Old eden_size: 195035136 desired_eden_size: 195035136
[19.727s][debug  ][gc,ergo        ] GC(72) AdaptiveSizeStop: collection: 73 
[19.727s][info   ][gc,heap        ] GC(72) PSYoungGen: 218693K(226304K)->30720K(226304K) Eden: 187973K(190464K)->0K(190464K) From: 30720K(35840K)->30720K(35840K)
[19.727s][info   ][gc,heap        ] GC(72) ParOldGen: 984676K(1835008K)->1128036K(1835008K)
[19.727s][info   ][gc,metaspace   ] GC(72) Metaspace: 1023K(1216K)->1023K(1216K) NonClass: 939K(1024K)->939K(1024K) Class: 83K(192K)->83K(192K)
[19.727s][info   ][gc             ] GC(72) Pause Young (Allocation Failure) 1175M->1131M(2013M) 13.199ms
[19.727s][info   ][gc,cpu         ] GC(72) User=0.00s Sys=0.00s Real=0.01s
[19.727s][debug  ][gc,heap        ] GC(72) Heap after GC invocations=73 (full 12):
[19.727s][debug  ][gc,heap        ] GC(72)  PSYoungGen      total 226304K, used 30720K [0x00000000f0000000, 0x0000000100000000, 0x0000000100000000)
[19.727s][debug  ][gc,heap        ] GC(72)   eden space 190464K, 0% used [0x00000000f0000000,0x00000000f0000000,0x00000000fba00000)
[19.727s][debug  ][gc,heap        ] GC(72)   from space 35840K, 85% used [0x00000000fba00000,0x00000000fd800030,0x00000000fdd00000)
[19.727s][debug  ][gc,heap        ] GC(72)   to   space 35840K, 0% used [0x00000000fdd00000,0x00000000fdd00000,0x0000000100000000)
[19.727s][debug  ][gc,heap        ] GC(72)  ParOldGen       total 1835008K, used 1128036K [0x0000000080000000, 0x00000000f0000000, 0x00000000f0000000)
[19.727s][debug  ][gc,heap        ] GC(72)   object space 1835008K, 61% used [0x0000000080000000,0x00000000c4d992e8,0x00000000f0000000)
[19.727s][debug  ][gc,heap        ] GC(72)  Metaspace       used 1023K, committed 1216K, reserved 1056768K
[19.727s][debug  ][gc,heap        ] GC(72)   class space    used 83K, committed 192K, reserved 1048576K
[19.727s][debug  ][gc,task,time   ] GC(72) VM-Thread 197132804 197253616 197271360
[20.016s][debug  ][gc,heap        ] GC(73) Heap before GC invocations=74 (full 12):
[20.016s][debug  ][gc,heap        ] GC(73)  PSYoungGen      total 226304K, used 218748K [0x00000000f0000000, 0x0000000100000000, 0x0000000100000000)
[20.016s][debug  ][gc,heap        ] GC(73)   eden space 190464K, 98% used [0x00000000f0000000,0x00000000fb79efd8,0x00000000fba00000)
[20.016s][debug  ][gc,heap        ] GC(73)   from space 35840K, 85% used [0x00000000fba00000,0x00000000fd800030,0x00000000fdd00000)
[20.016s][debug  ][gc,heap        ] GC(73)   to   space 35840K, 0% used [0x00000000fdd00000,0x00000000fdd00000,0x0000000100000000)
[20.016s][debug  ][gc,heap        ] GC(73)  ParOldGen       total 1835008K, used 1128036K [0x0000000080000000, 0x00000000f0000000, 0x00000000f0000000)
[20.016s][debug  ][gc,heap        ] GC(73)   object space 1835008K, 61% used [0x0000000080000000,0x00000000c4d992e8,0x00000000f0000000)
[20.016s][debug  ][gc,heap        ] GC(73)  Metaspace       used 1023K, committed 1216K, reserved 1056768K
[20.016s][debug  ][gc,heap        ] GC(73)   class space    used 83K, committed 192K, reserved 1048576K
[20.016s][debug  ][gc,tlab        ] GC(73) TLAB totals: thrds: 1  refills: 1 max: 1 slow allocs: 17 max 17 waste: 26.6% gc: 3796664B max: 3796664B slow: 0B max: 0B
[20.016s][info   ][gc,start       ] GC(73) Pause Young (Allocation Failure)
[20.016s][debug  ][gc,phases,start] GC(73) Scavenge
[20.031s][debug  ][gc,phases      ] GC(73) Scavenge 14.545ms
[20.031s][debug  ][gc,phases,start] GC(73) Reference Processing
[20.031s][debug  ][gc,ref         ] GC(73) Skipped phase 1 of Reference Processing: no references
[20.031s][debug  ][gc,ref         ] GC(73) Skipped phase 2 of Reference Processing: no references
[20.031s][debug  ][gc,ref         ] GC(73) Skipped phase 3 of Reference Processing: no references
[20.031s][debug  ][gc,ref         ] GC(73) Skipped phase 4 of Reference Processing: no references
[20.031s][debug  ][gc,phases,ref  ] GC(73) Reference Processing: 0.1ms
[20.031s][debug  ][gc,phases,ref  ] GC(73)   Reconsider SoftReferences: 0.0ms
[20.031s][debug  ][gc,phases,ref  ] GC(73)     SoftRef (ms):                  skipped
[20.031s][debug  ][gc,phases,ref  ] GC(73)   Notify Soft/WeakReferences: 0.0ms
[20.031s][debug  ][gc,phases,ref  ] GC(73)     SoftRef (ms):                  skipped
[20.031s][debug  ][gc,phases,ref  ] GC(73)     WeakRef (ms):                  skipped
[20.031s][debug  ][gc,phases,ref  ] GC(73)     FinalRef (ms):                 skipped
[20.031s][debug  ][gc,phases,ref  ] GC(73)     Total (ms):                    skipped
[20.031s][debug  ][gc,phases,ref  ] GC(73)   Notify and keep alive finalizable: 0.0ms
[20.031s][debug  ][gc,phases,ref  ] GC(73)     FinalRef (ms):                 skipped
[20.031s][debug  ][gc,phases,ref  ] GC(73)   Notify PhantomReferences: 0.0ms
[20.031s][debug  ][gc,phases,ref  ] GC(73)     PhantomRef (ms):               skipped
[20.031s][debug  ][gc,phases,ref  ] GC(73)   SoftReference:
[20.031s][debug  ][gc,phases,ref  ] GC(73)     Discovered: 0
[20.031s][debug  ][gc,phases,ref  ] GC(73)     Cleared: 0
[20.031s][debug  ][gc,phases,ref  ] GC(73)   WeakReference:
[20.031s][debug  ][gc,phases,ref  ] GC(73)     Discovered: 0
[20.031s][debug  ][gc,phases,ref  ] GC(73)     Cleared: 0
[20.031s][debug  ][gc,phases,ref  ] GC(73)   FinalReference:
[20.031s][debug  ][gc,phases,ref  ] GC(73)     Discovered: 0
[20.031s][debug  ][gc,phases,ref  ] GC(73)     Cleared: 0
[20.031s][debug  ][gc,phases,ref  ] GC(73)   PhantomReference:
[20.031s][debug  ][gc,phases,ref  ] GC(73)     Discovered: 0
[20.031s][debug  ][gc,phases,ref  ] GC(73)     Cleared: 0
[20.031s][debug  ][gc,phases      ] GC(73) Reference Processing 0.657ms
[20.031s][debug  ][gc,phases,start] GC(73) Weak Processing
[20.032s][debug  ][gc,phases      ] GC(73)   VM Weak                        Min:  0.0, Avg:  0.0, Max:  0.0, Diff:  0.0, Sum:  0.0, Workers: 6
[20.032s][debug  ][gc,phases      ] GC(73)     Dead                           Min: 0, Avg:  0.0, Max: 0, Diff: 0, Sum: 0, Workers: 6
[20.032s][debug  ][gc,phases      ] GC(73)     Total                          Min: 0, Avg:  1.3, Max: 8, Diff: 8, Sum: 8, Workers: 6
[20.032s][debug  ][gc,phases      ] GC(73)   ObjectSynchronizer Weak        Min:  0.0, Avg:  0.0, Max:  0.0, Diff:  0.0, Sum:  0.0, Workers: 6
[20.032s][debug  ][gc,phases      ] GC(73)     Dead                           Min: 0, Avg:  0.0, Max: 0, Diff: 0, Sum: 0, Workers: 6
[20.032s][debug  ][gc,phases      ] GC(73)     Total                          Min: 0, Avg:  0.5, Max: 3, Diff: 3, Sum: 3, Workers: 6
[20.032s][debug  ][gc,phases      ] GC(73)   JVMTI Tag Weak OopStorage      Min:  0.0, Avg:  0.0, Max:  0.0, Diff:  0.0, Sum:  0.0, Workers: 6
[20.032s][debug  ][gc,phases      ] GC(73)     Dead                           Min: 0, Avg:  0.0, Max: 0, Diff: 0, Sum: 0, Workers: 6
[20.032s][debug  ][gc,phases      ] GC(73)     Total                          Min: 0, Avg:  0.0, Max: 0, Diff: 0, Sum: 0, Workers: 6
[20.032s][debug  ][gc,phases      ] GC(73)   StringTable Weak               Min:  0.0, Avg:  0.0, Max:  0.0, Diff:  0.0, Sum:  0.0, Workers: 6
[20.032s][debug  ][gc,phases      ] GC(73)     Dead                           Min: 0, Avg:  0.0, Max: 0, Diff: 0, Sum: 0, Workers: 6
[20.032s][debug  ][gc,phases      ] GC(73)     Total                          Min: 640, Avg: 892.5, Max: 1068, Diff: 428, Sum: 5355, Workers: 6
[20.032s][debug  ][gc,phases      ] GC(73)   ResolvedMethodTable Weak       Min:  0.0, Avg:  0.0, Max:  0.0, Diff:  0.0, Sum:  0.0, Workers: 6
[20.032s][debug  ][gc,phases      ] GC(73)     Dead                           Min: 0, Avg:  0.0, Max: 0, Diff: 0, Sum: 0, Workers: 6
[20.032s][debug  ][gc,phases      ] GC(73)     Total                          Min: 0, Avg: 21.5, Max: 64, Diff: 64, Sum: 129, Workers: 6
[20.032s][debug  ][gc,phases      ] GC(73)   JNI Weak                       Min:  0.0, Avg:  0.0, Max:  0.0, Diff:  0.0, Sum:  0.0, Workers: 6
[20.032s][debug  ][gc,phases      ] GC(73)     Dead                           Min: 0, Avg:  0.0, Max: 0, Diff: 0, Sum: 0, Workers: 6
[20.032s][debug  ][gc,phases      ] GC(73)     Total                          Min: 0, Avg:  0.0, Max: 0, Diff: 0, Sum: 0, Workers: 6
[20.032s][debug  ][gc,phases      ] GC(73)   StringDedup Table Weak         Min:  0.0, Avg:  0.0, Max:  0.0, Diff:  0.0, Sum:  0.0, Workers: 6
[20.032s][debug  ][gc,phases      ] GC(73)     Dead                           Min: 0, Avg:  0.0, Max: 0, Diff: 0, Sum: 0, Workers: 6
[20.032s][debug  ][gc,phases      ] GC(73)     Total                          Min: 0, Avg:  0.0, Max: 0, Diff: 0, Sum: 0, Workers: 6
[20.032s][debug  ][gc,phases      ] GC(73)   StringDedup Requests0 Weak     Min:  0.0, Avg:  0.0, Max:  0.0, Diff:  0.0, Sum:  0.0, Workers: 6
[20.032s][debug  ][gc,phases      ] GC(73)     Dead                           Min: 0, Avg:  0.0, Max: 0, Diff: 0, Sum: 0, Workers: 6
[20.032s][debug  ][gc,phases      ] GC(73)     Total                          Min: 0, Avg:  0.0, Max: 0, Diff: 0, Sum: 0, Workers: 6
[20.032s][debug  ][gc,phases      ] GC(73)   StringDedup Requests1 Weak     Min:  0.0, Avg:  0.0, Max:  0.0, Diff:  0.0, Sum:  0.0, Workers: 6
[20.032s][debug  ][gc,phases      ] GC(73)     Dead                           Min: 0, Avg:  0.0, Max: 0, Diff: 0, Sum: 0, Workers: 6
[20.032s][debug  ][gc,phases      ] GC(73)     Total                          Min: 0, Avg:  0.0, Max: 0, Diff: 0, Sum: 0, Workers: 6
[20.032s][debug  ][gc,phases      ] GC(73)   Weak JFR Old Object Samples    Min:  0.0, Avg:  0.0, Max:  0.0, Diff:  0.0, Sum:  0.0, Workers: 6
[20.032s][debug  ][gc,phases      ] GC(73)     Dead                           Min: 0, Avg:  0.0, Max: 0, Diff: 0, Sum: 0, Workers: 6
[20.032s][debug  ][gc,phases      ] GC(73)     Total                          Min: 0, Avg:  0.0, Max: 0, Diff: 0, Sum: 0, Workers: 6
[20.032s][debug  ][gc,phases      ] GC(73) Weak Processing 0.727ms
[20.032s][debug  ][gc,ergo        ] GC(73) AdaptiveSizeStart:  collection: 74 
[20.032s][debug  ][gc,ergo        ] GC(73) avg_survived_padded_avg: 35975504.000000
[20.032s][debug  ][gc,ergo        ] GC(73) avg_promoted_padded_avg: 253209280.000000  avg_pretenured_padded_avg: 0.000000  tenuring_thresh: 1  target_size: 36175872
[20.032s][debug  ][gc,age         ] GC(73) Desired survivor size 36175872 bytes, new threshold 1 (max threshold 15)
[20.032s][debug  ][gc,ergo        ] GC(73) PSAdaptiveSizePolicy::compute_eden_space_size limits: desired_eden_size: 214463912 old_eden_size: 195035136 eden_limit: 195035136 cur_eden: 195035136 max_eden_size: 195035136 avg_young_live: 26110642
[20.032s][debug  ][gc,ergo        ] GC(73) PSAdaptiveSizePolicy::compute_eden_space_size: costs minor_time: 0.047518 major_cost: 0.048653 mutator_cost: 0.903828 throughput_goal: 0.990000
[20.032s][debug  ][gc,ergo        ] GC(73) Live_space: 973020928 free_space: 1395130368
[20.032s][debug  ][gc,ergo        ] GC(73) Old eden_size: 195035136 desired_eden_size: 195035136
[20.032s][debug  ][gc,ergo        ] GC(73) AdaptiveSizeStop: collection: 74 
[20.032s][info   ][gc,heap        ] GC(73) PSYoungGen: 218748K(226304K)->30720K(226816K) Eden: 188027K(190464K)->0K(190976K) From: 30720K(35840K)->30720K(35840K)
[20.032s][info   ][gc,heap        ] GC(73) ParOldGen: 1128036K(1835008K)->1312357K(1835008K)
[20.032s][info   ][gc,metaspace   ] GC(73) Metaspace: 1023K(1216K)->1023K(1216K) NonClass: 939K(1024K)->939K(1024K) Class: 83K(192K)->83K(192K)
[20.032s][info   ][gc             ] GC(73) Pause Young (Allocation Failure) 1315M->1311M(2013M) 16.381ms
[20.033s][info   ][gc,cpu         ] GC(73) User=0.12s Sys=0.00s Real=0.02s
[20.033s][debug  ][gc,heap        ] GC(73) Heap after GC invocations=74 (full 12):
[20.033s][debug  ][gc,heap        ] GC(73)  PSYoungGen      total 226816K, used 30720K [0x00000000f0000000, 0x0000000100000000, 0x0000000100000000)
[20.033s][debug  ][gc,heap        ] GC(73)   eden space 190976K, 0% used [0x00000000f0000000,0x00000000f0000000,0x00000000fba80000)
[20.033s][debug  ][gc,heap        ] GC(73)   from space 35840K, 85% used [0x00000000fdd00000,0x00000000ffb00030,0x0000000100000000)
[20.033s][debug  ][gc,heap        ] GC(73)   to   space 35328K, 0% used [0x00000000fba80000,0x00000000fba80000,0x00000000fdd00000)
[20.033s][debug  ][gc,heap        ] GC(73)  ParOldGen       total 1835008K, used 1312357K [0x0000000080000000, 0x00000000f0000000, 0x00000000f0000000)
[20.033s][debug  ][gc,heap        ] GC(73)   object space 1835008K, 71% used [0x0000000080000000,0x00000000d0199408,0x00000000f0000000)
[20.033s][debug  ][gc,heap        ] GC(73)  Metaspace       used 1023K, committed 1216K, reserved 1056768K
[20.033s][debug  ][gc,heap        ] GC(73)   class space    used 83K, committed 192K, reserved 1048576K
[20.033s][debug  ][gc,task,time   ] GC(73) VM-Thread 200156610 200307817 200327261
[20.318s][debug  ][gc,heap        ] GC(74) Heap before GC invocations=75 (full 12):
[20.318s][debug  ][gc,heap        ] GC(74)  PSYoungGen      total 226816K, used 218694K [0x00000000f0000000, 0x0000000100000000, 0x0000000100000000)
[20.318s][debug  ][gc,heap        ] GC(74)   eden space 190976K, 98% used [0x00000000f0000000,0x00000000fb7919b0,0x00000000fba80000)
[20.318s][debug  ][gc,heap        ] GC(74)   from space 35840K, 85% used [0x00000000fdd00000,0x00000000ffb00030,0x0000000100000000)
[20.318s][debug  ][gc,heap        ] GC(74)   to   space 35328K, 0% used [0x00000000fba80000,0x00000000fba80000,0x00000000fdd00000)
[20.318s][debug  ][gc,heap        ] GC(74)  ParOldGen       total 1835008K, used 1312357K [0x0000000080000000, 0x00000000f0000000, 0x00000000f0000000)
[20.318s][debug  ][gc,heap        ] GC(74)   object space 1835008K, 71% used [0x0000000080000000,0x00000000d0199408,0x00000000f0000000)
[20.318s][debug  ][gc,heap        ] GC(74)  Metaspace       used 1023K, committed 1216K, reserved 1056768K
[20.318s][debug  ][gc,heap        ] GC(74)   class space    used 83K, committed 192K, reserved 1048576K
[20.318s][debug  ][gc,tlab        ] GC(74) TLAB totals: thrds: 1  refills: 1 max: 1 slow allocs: 17 max 17 waste: 26.3% gc: 3741840B max: 3741840B slow: 0B max: 0B
[20.318s][info   ][gc,start       ] GC(74) Pause Young (Allocation Failure)
[20.318s][debug  ][gc,phases,start] GC(74) Scavenge
[20.333s][debug  ][gc,phases      ] GC(74) Scavenge 14.808ms
[20.333s][debug  ][gc,phases,start] GC(74) Reference Processing
[20.333s][debug  ][gc,ref         ] GC(74) Skipped phase 1 of Reference Processing: no references
[20.333s][debug  ][gc,ref         ] GC(74) Skipped phase 2 of Reference Processing: no references
[20.333s][debug  ][gc,ref         ] GC(74) Skipped phase 3 of Reference Processing: no references
[20.333s][debug  ][gc,ref         ] GC(74) Skipped phase 4 of Reference Processing: no references
[20.333s][debug  ][gc,phases,ref  ] GC(74) Reference Processing: 0.1ms
[20.334s][debug  ][gc,phases,ref  ] GC(74)   Reconsider SoftReferences: 0.0ms
[20.334s][debug  ][gc,phases,ref  ] GC(74)     SoftRef (ms):                  skipped
[20.334s][debug  ][gc,phases,ref  ] GC(74)   Notify Soft/WeakReferences: 0.0ms
[20.334s][debug  ][gc,phases,ref  ] GC(74)     SoftRef (ms):                  skipped
[20.334s][debug  ][gc,phases,ref  ] GC(74)     WeakRef (ms):                  skipped
[20.334s][debug  ][gc,phases,ref  ] GC(74)     FinalRef (ms):                 skipped
[20.334s][debug  ][gc,phases,ref  ] GC(74)     Total (ms):                    skipped
[20.334s][debug  ][gc,phases,ref  ] GC(74)   Notify and keep alive finalizable: 0.0ms
[20.334s][debug  ][gc,phases,ref  ] GC(74)     FinalRef (ms):                 skipped
[20.334s][debug  ][gc,phases,ref  ] GC(74)   Notify PhantomReferences: 0.0ms
[20.334s][debug  ][gc,phases,ref  ] GC(74)     PhantomRef (ms):               skipped
[20.334s][debug  ][gc,phases,ref  ] GC(74)   SoftReference:
[20.334s][debug  ][gc,phases,ref  ] GC(74)     Discovered: 0
[20.334s][debug  ][gc,phases,ref  ] GC(74)     Cleared: 0
[20.334s][debug  ][gc,phases,ref  ] GC(74)   WeakReference:
[20.334s][debug  ][gc,phases,ref  ] GC(74)     Discovered: 0
[20.334s][debug  ][gc,phases,ref  ] GC(74)     Cleared: 0
[20.334s][debug  ][gc,phases,ref  ] GC(74)   FinalReference:
[20.334s][debug  ][gc,phases,ref  ] GC(74)     Discovered: 0
[20.334s][debug  ][gc,phases,ref  ] GC(74)     Cleared: 0
[20.334s][debug  ][gc,phases,ref  ] GC(74)   PhantomReference:
[20.334s][debug  ][gc,phases,ref  ] GC(74)     Discovered: 0
[20.334s][debug  ][gc,phases,ref  ] GC(74)     Cleared: 0
[20.334s][debug  ][gc,phases      ] GC(74) Reference Processing 0.823ms
[20.334s][debug  ][gc,phases,start] GC(74) Weak Processing
[20.334s][debug  ][gc,phases      ] GC(74)   VM Weak                        Min:  0.0, Avg:  0.0, Max:  0.0, Diff:  0.0, Sum:  0.0, Workers: 6
[20.334s][debug  ][gc,phases      ] GC(74)     Dead                           Min: 0, Avg:  0.0, Max: 0, Diff: 0, Sum: 0, Workers: 6
[20.334s][debug  ][gc,phases      ] GC(74)     Total                          Min: 0, Avg:  1.3, Max: 8, Diff: 8, Sum: 8, Workers: 6
[20.334s][debug  ][gc,phases      ] GC(74)   ObjectSynchronizer Weak        Min:  0.0, Avg:  0.0, Max:  0.0, Diff:  0.0, Sum:  0.0, Workers: 6
[20.334s][debug  ][gc,phases      ] GC(74)     Dead                           Min: 0, Avg:  0.0, Max: 0, Diff: 0, Sum: 0, Workers: 6
[20.334s][debug  ][gc,phases      ] GC(74)     Total                          Min: 0, Avg:  0.5, Max: 3, Diff: 3, Sum: 3, Workers: 6
[20.334s][debug  ][gc,phases      ] GC(74)   JVMTI Tag Weak OopStorage      Min:  0.0, Avg:  0.0, Max:  0.0, Diff:  0.0, Sum:  0.0, Workers: 6
[20.334s][debug  ][gc,phases      ] GC(74)     Dead                           Min: 0, Avg:  0.0, Max: 0, Diff: 0, Sum: 0, Workers: 6
[20.334s][debug  ][gc,phases      ] GC(74)     Total                          Min: 0, Avg:  0.0, Max: 0, Diff: 0, Sum: 0, Workers: 6
[20.334s][debug  ][gc,phases      ] GC(74)   StringTable Weak               Min:  0.0, Avg:  0.0, Max:  0.0, Diff:  0.0, Sum:  0.0, Workers: 6
[20.334s][debug  ][gc,phases      ] GC(74)     Dead                           Min: 0, Avg:  0.0, Max: 0, Diff: 0, Sum: 0, Workers: 6
[20.335s][debug  ][gc,phases      ] GC(74)     Total                          Min: 640, Avg: 892.5, Max: 1068, Diff: 428, Sum: 5355, Workers: 6
[20.335s][debug  ][gc,phases      ] GC(74)   ResolvedMethodTable Weak       Min:  0.0, Avg:  0.0, Max:  0.0, Diff:  0.0, Sum:  0.0, Workers: 6
[20.335s][debug  ][gc,phases      ] GC(74)     Dead                           Min: 0, Avg:  0.0, Max: 0, Diff: 0, Sum: 0, Workers: 6
[20.335s][debug  ][gc,phases      ] GC(74)     Total                          Min: 0, Avg: 21.5, Max: 64, Diff: 64, Sum: 129, Workers: 6
[20.335s][debug  ][gc,phases      ] GC(74)   JNI Weak                       Min:  0.0, Avg:  0.0, Max:  0.0, Diff:  0.0, Sum:  0.0, Workers: 6
[20.335s][debug  ][gc,phases      ] GC(74)     Dead                           Min: 0, Avg:  0.0, Max: 0, Diff: 0, Sum: 0, Workers: 6
[20.335s][debug  ][gc,phases      ] GC(74)     Total                          Min: 0, Avg:  0.0, Max: 0, Diff: 0, Sum: 0, Workers: 6
[20.335s][debug  ][gc,phases      ] GC(74)   StringDedup Table Weak         Min:  0.0, Avg:  0.0, Max:  0.0, Diff:  0.0, Sum:  0.0, Workers: 6
[20.335s][debug  ][gc,phases      ] GC(74)     Dead                           Min: 0, Avg:  0.0, Max: 0, Diff: 0, Sum: 0, Workers: 6
[20.335s][debug  ][gc,phases      ] GC(74)     Total                          Min: 0, Avg:  0.0, Max: 0, Diff: 0, Sum: 0, Workers: 6
[20.335s][debug  ][gc,phases      ] GC(74)   StringDedup Requests0 Weak     Min:  0.0, Avg:  0.0, Max:  0.0, Diff:  0.0, Sum:  0.0, Workers: 6
[20.335s][debug  ][gc,phases      ] GC(74)     Dead                           Min: 0, Avg:  0.0, Max: 0, Diff: 0, Sum: 0, Workers: 6
[20.335s][debug  ][gc,phases      ] GC(74)     Total                          Min: 0, Avg:  0.0, Max: 0, Diff: 0, Sum: 0, Workers: 6
[20.335s][debug  ][gc,phases      ] GC(74)   StringDedup Requests1 Weak     Min:  0.0, Avg:  0.0, Max:  0.0, Diff:  0.0, Sum:  0.0, Workers: 6
[20.335s][debug  ][gc,phases      ] GC(74)     Dead                           Min: 0, Avg:  0.0, Max: 0, Diff: 0, Sum: 0, Workers: 6
[20.335s][debug  ][gc,phases      ] GC(74)     Total                          Min: 0, Avg:  0.0, Max: 0, Diff: 0, Sum: 0, Workers: 6
[20.335s][debug  ][gc,phases      ] GC(74)   Weak JFR Old Object Samples    Min:  0.0, Avg:  0.0, Max:  0.0, Diff:  0.0, Sum:  0.0, Workers: 6
[20.335s][debug  ][gc,phases      ] GC(74)     Dead                           Min: 0, Avg:  0.0, Max: 0, Diff: 0, Sum: 0, Workers: 6
[20.335s][debug  ][gc,phases      ] GC(74)     Total                          Min: 0, Avg:  0.0, Max: 0, Diff: 0, Sum: 0, Workers: 6
[20.335s][debug  ][gc,phases      ] GC(74) Weak Processing 0.772ms
[20.335s][debug  ][gc,ergo        ] GC(74) AdaptiveSizeStart:  collection: 75 
[20.335s][debug  ][gc,ergo        ] GC(74) avg_survived_padded_avg: 35738504.000000
[20.335s][debug  ][gc,ergo        ] GC(74) avg_promoted_padded_avg: 252638464.000000  avg_pretenured_padded_avg: 0.000000  tenuring_thresh: 1  target_size: 36175872
[20.335s][debug  ][gc,age         ] GC(74) Desired survivor size 36175872 bytes, new threshold 1 (max threshold 15)
[20.335s][debug  ][gc,ergo        ] GC(74) PSAdaptiveSizePolicy::compute_eden_space_size limits: desired_eden_size: 215350663 old_eden_size: 195035136 eden_limit: 195559424 cur_eden: 195559424 max_eden_size: 195559424 avg_young_live: 26645310
[20.335s][debug  ][gc,ergo        ] GC(74) PSAdaptiveSizePolicy::compute_eden_space_size: costs minor_time: 0.049303 major_cost: 0.048653 mutator_cost: 0.902043 throughput_goal: 0.990000
[20.335s][debug  ][gc,ergo        ] GC(74) Live_space: 973555584 free_space: 1395130368
[20.335s][debug  ][gc,ergo        ] GC(74) Old eden_size: 195035136 desired_eden_size: 195559424
[20.335s][debug  ][gc,ergo        ] GC(74) AdaptiveSizeStop: collection: 75 
[20.335s][info   ][gc,heap        ] GC(74) PSYoungGen: 218694K(226816K)->30720K(226304K) Eden: 187974K(190976K)->0K(190976K) From: 30720K(35840K)->30720K(35328K)
[20.335s][info   ][gc,heap        ] GC(74) ParOldGen: 1312357K(1835008K)->1496677K(1835008K)
[20.335s][info   ][gc,metaspace   ] GC(74) Metaspace: 1023K(1216K)->1023K(1216K) NonClass: 939K(1024K)->939K(1024K) Class: 83K(192K)->83K(192K)
[20.335s][info   ][gc             ] GC(74) Pause Young (Allocation Failure) 1495M->1491M(2013M) 16.890ms
[20.335s][info   ][gc,cpu         ] GC(74) User=0.12s Sys=0.00s Real=0.02s
[20.335s][debug  ][gc,heap        ] GC(74) Heap after GC invocations=75 (full 12):
[20.335s][debug  ][gc,heap        ] GC(74)  PSYoungGen      total 226304K, used 30720K [0x00000000f0000000, 0x0000000100000000, 0x0000000100000000)
[20.335s][debug  ][gc,heap        ] GC(74)   eden space 190976K, 0% used [0x00000000f0000000,0x00000000f0000000,0x00000000fba80000)
[20.335s][debug  ][gc,heap        ] GC(74)   from space 35328K, 86% used [0x00000000fba80000,0x00000000fd880030,0x00000000fdd00000)
[20.335s][debug  ][gc,heap        ] GC(74)   to   space 35328K, 0% used [0x00000000fdd80000,0x00000000fdd80000,0x0000000100000000)
[20.335s][debug  ][gc,heap        ] GC(74)  ParOldGen       total 1835008K, used 1496677K [0x0000000080000000, 0x00000000f0000000, 0x00000000f0000000)
[20.335s][debug  ][gc,heap        ] GC(74)   object space 1835008K, 81% used [0x0000000080000000,0x00000000db599528,0x00000000f0000000)
[20.335s][debug  ][gc,heap        ] GC(74)  Metaspace       used 1023K, committed 1216K, reserved 1056768K
[20.335s][debug  ][gc,heap        ] GC(74)   class space    used 83K, committed 192K, reserved 1048576K
[20.336s][debug  ][gc,task,time   ] GC(74) VM-Thread 203179487 203333342 203355046
[20.618s][debug  ][gc,heap        ] GC(75) Heap before GC invocations=76 (full 12):
[20.618s][debug  ][gc,heap        ] GC(75)  PSYoungGen      total 226304K, used 218726K [0x00000000f0000000, 0x0000000100000000, 0x0000000100000000)
[20.618s][debug  ][gc,heap        ] GC(75)   eden space 190976K, 98% used [0x00000000f0000000,0x00000000fb799948,0x00000000fba80000)
[20.618s][debug  ][gc,heap        ] GC(75)   from space 35328K, 86% used [0x00000000fba80000,0x00000000fd880030,0x00000000fdd00000)
[20.618s][debug  ][gc,heap        ] GC(75)   to   space 35328K, 0% used [0x00000000fdd80000,0x00000000fdd80000,0x0000000100000000)
[20.618s][debug  ][gc,heap        ] GC(75)  ParOldGen       total 1835008K, used 1496677K [0x0000000080000000, 0x00000000f0000000, 0x00000000f0000000)
[20.618s][debug  ][gc,heap        ] GC(75)   object space 1835008K, 81% used [0x0000000080000000,0x00000000db599528,0x00000000f0000000)
[20.618s][debug  ][gc,heap        ] GC(75)  Metaspace       used 1023K, committed 1216K, reserved 1056768K
[20.618s][debug  ][gc,heap        ] GC(75)   class space    used 83K, committed 192K, reserved 1048576K
[20.618s][debug  ][gc,tlab        ] GC(75) TLAB totals: thrds: 1  refills: 1 max: 1 slow allocs: 17 max 17 waste: 26.5% gc: 3774504B max: 3774504B slow: 0B max: 0B
[20.618s][info   ][gc,start       ] GC(75) Pause Young (Allocation Failure)
[20.618s][debug  ][gc,phases,start] GC(75) Scavenge
[20.633s][debug  ][gc,phases      ] GC(75) Scavenge 14.549ms
[20.633s][debug  ][gc,phases,start] GC(75) Reference Processing
[20.633s][debug  ][gc,ref         ] GC(75) Skipped phase 1 of Reference Processing: no references
[20.633s][debug  ][gc,ref         ] GC(75) Skipped phase 2 of Reference Processing: no references
[20.633s][debug  ][gc,ref         ] GC(75) Skipped phase 3 of Reference Processing: no references
[20.633s][debug  ][gc,ref         ] GC(75) Skipped phase 4 of Reference Processing: no references
[20.633s][debug  ][gc,phases,ref  ] GC(75) Reference Processing: 0.1ms
[20.633s][debug  ][gc,phases,ref  ] GC(75)   Reconsider SoftReferences: 0.0ms
[20.633s][debug  ][gc,phases,ref  ] GC(75)     SoftRef (ms):                  skipped
[20.633s][debug  ][gc,phases,ref  ] GC(75)   Notify Soft/WeakReferences: 0.0ms
[20.633s][debug  ][gc,phases,ref  ] GC(75)     SoftRef (ms):                  skipped
[20.633s][debug  ][gc,phases,ref  ] GC(75)     WeakRef (ms):                  skipped
[20.633s][debug  ][gc,phases,ref  ] GC(75)     FinalRef (ms):                 skipped
[20.633s][debug  ][gc,phases,ref  ] GC(75)     Total (ms):                    skipped
[20.633s][debug  ][gc,phases,ref  ] GC(75)   Notify and keep alive finalizable: 0.0ms
[20.633s][debug  ][gc,phases,ref  ] GC(75)     FinalRef (ms):                 skipped
[20.633s][debug  ][gc,phases,ref  ] GC(75)   Notify PhantomReferences: 0.0ms
[20.633s][debug  ][gc,phases,ref  ] GC(75)     PhantomRef (ms):               skipped
[20.633s][debug  ][gc,phases,ref  ] GC(75)   SoftReference:
[20.633s][debug  ][gc,phases,ref  ] GC(75)     Discovered: 0
[20.633s][debug  ][gc,phases,ref  ] GC(75)     Cleared: 0
[20.633s][debug  ][gc,phases,ref  ] GC(75)   WeakReference:
[20.634s][debug  ][gc,phases,ref  ] GC(75)     Discovered: 0
[20.634s][debug  ][gc,phases,ref  ] GC(75)     Cleared: 0
[20.634s][debug  ][gc,phases,ref  ] GC(75)   FinalReference:
[20.634s][debug  ][gc,phases,ref  ] GC(75)     Discovered: 0
[20.634s][debug  ][gc,phases,ref  ] GC(75)     Cleared: 0
[20.634s][debug  ][gc,phases,ref  ] GC(75)   PhantomReference:
[20.634s][debug  ][gc,phases,ref  ] GC(75)     Discovered: 0
[20.634s][debug  ][gc,phases,ref  ] GC(75)     Cleared: 0
[20.634s][debug  ][gc,phases      ] GC(75) Reference Processing 0.685ms
[20.634s][debug  ][gc,phases,start] GC(75) Weak Processing
[20.634s][debug  ][gc,phases      ] GC(75)   VM Weak                        Min:  0.0, Avg:  0.0, Max:  0.0, Diff:  0.0, Sum:  0.0, Workers: 6
[20.634s][debug  ][gc,phases      ] GC(75)     Dead                           Min: 0, Avg:  0.0, Max: 0, Diff: 0, Sum: 0, Workers: 6
[20.634s][debug  ][gc,phases      ] GC(75)     Total                          Min: 0, Avg:  1.3, Max: 8, Diff: 8, Sum: 8, Workers: 6
[20.634s][debug  ][gc,phases      ] GC(75)   ObjectSynchronizer Weak        Min:  0.0, Avg:  0.0, Max:  0.0, Diff:  0.0, Sum:  0.0, Workers: 6
[20.634s][debug  ][gc,phases      ] GC(75)     Dead                           Min: 0, Avg:  0.0, Max: 0, Diff: 0, Sum: 0, Workers: 6
[20.634s][debug  ][gc,phases      ] GC(75)     Total                          Min: 0, Avg:  0.5, Max: 3, Diff: 3, Sum: 3, Workers: 6
[20.634s][debug  ][gc,phases      ] GC(75)   JVMTI Tag Weak OopStorage      Min:  0.0, Avg:  0.0, Max:  0.0, Diff:  0.0, Sum:  0.0, Workers: 6
[20.634s][debug  ][gc,phases      ] GC(75)     Dead                           Min: 0, Avg:  0.0, Max: 0, Diff: 0, Sum: 0, Workers: 6
[20.634s][debug  ][gc,phases      ] GC(75)     Total                          Min: 0, Avg:  0.0, Max: 0, Diff: 0, Sum: 0, Workers: 6
[20.634s][debug  ][gc,phases      ] GC(75)   StringTable Weak               Min:  0.0, Avg:  0.0, Max:  0.0, Diff:  0.0, Sum:  0.0, Workers: 6
[20.634s][debug  ][gc,phases      ] GC(75)     Dead                           Min: 0, Avg:  0.0, Max: 0, Diff: 0, Sum: 0, Workers: 6
[20.634s][debug  ][gc,phases      ] GC(75)     Total                          Min: 811, Avg: 892.5, Max: 960, Diff: 149, Sum: 5355, Workers: 6
[20.634s][debug  ][gc,phases      ] GC(75)   ResolvedMethodTable Weak       Min:  0.0, Avg:  0.0, Max:  0.0, Diff:  0.0, Sum:  0.0, Workers: 6
[20.634s][debug  ][gc,phases      ] GC(75)     Dead                           Min: 0, Avg:  0.0, Max: 0, Diff: 0, Sum: 0, Workers: 6
[20.634s][debug  ][gc,phases      ] GC(75)     Total                          Min: 0, Avg: 21.5, Max: 64, Diff: 64, Sum: 129, Workers: 6
[20.634s][debug  ][gc,phases      ] GC(75)   JNI Weak                       Min:  0.0, Avg:  0.0, Max:  0.0, Diff:  0.0, Sum:  0.0, Workers: 6
[20.634s][debug  ][gc,phases      ] GC(75)     Dead                           Min: 0, Avg:  0.0, Max: 0, Diff: 0, Sum: 0, Workers: 6
[20.634s][debug  ][gc,phases      ] GC(75)     Total                          Min: 0, Avg:  0.0, Max: 0, Diff: 0, Sum: 0, Workers: 6
[20.634s][debug  ][gc,phases      ] GC(75)   StringDedup Table Weak         Min:  0.0, Avg:  0.0, Max:  0.0, Diff:  0.0, Sum:  0.0, Workers: 6
[20.634s][debug  ][gc,phases      ] GC(75)     Dead                           Min: 0, Avg:  0.0, Max: 0, Diff: 0, Sum: 0, Workers: 6
[20.634s][debug  ][gc,phases      ] GC(75)     Total                          Min: 0, Avg:  0.0, Max: 0, Diff: 0, Sum: 0, Workers: 6
[20.634s][debug  ][gc,phases      ] GC(75)   StringDedup Requests0 Weak     Min:  0.0, Avg:  0.0, Max:  0.0, Diff:  0.0, Sum:  0.0, Workers: 6
[20.634s][debug  ][gc,phases      ] GC(75)     Dead                           Min: 0, Avg:  0.0, Max: 0, Diff: 0, Sum: 0, Workers: 6
[20.634s][debug  ][gc,phases      ] GC(75)     Total                          Min: 0, Avg:  0.0, Max: 0, Diff: 0, Sum: 0, Workers: 6
[20.634s][debug  ][gc,phases      ] GC(75)   StringDedup Requests1 Weak     Min:  0.0, Avg:  0.0, Max:  0.0, Diff:  0.0, Sum:  0.0, Workers: 6
[20.634s][debug  ][gc,phases      ] GC(75)     Dead                           Min: 0, Avg:  0.0, Max: 0, Diff: 0, Sum: 0, Workers: 6
[20.635s][debug  ][gc,phases      ] GC(75)     Total                          Min: 0, Avg:  0.0, Max: 0, Diff: 0, Sum: 0, Workers: 6
[20.635s][debug  ][gc,phases      ] GC(75)   Weak JFR Old Object Samples    Min:  0.0, Avg:  0.0, Max:  0.0, Diff:  0.0, Sum:  0.0, Workers: 6
[20.635s][debug  ][gc,phases      ] GC(75)     Dead                           Min: 0, Avg:  0.0, Max: 0, Diff: 0, Sum: 0, Workers: 6
[20.635s][debug  ][gc,phases      ] GC(75)     Total                          Min: 0, Avg:  0.0, Max: 0, Diff: 0, Sum: 0, Workers: 6
[20.635s][debug  ][gc,phases      ] GC(75) Weak Processing 0.922ms
[20.635s][debug  ][gc,ergo        ] GC(75) AdaptiveSizeStart:  collection: 76 
[20.635s][debug  ][gc,ergo        ] GC(75) avg_survived_padded_avg: 35503728.000000
[20.635s][debug  ][gc,ergo        ] GC(75) avg_promoted_padded_avg: 251537152.000000  avg_pretenured_padded_avg: 0.000000  tenuring_thresh: 1  target_size: 35651584
[20.635s][debug  ][gc,age         ] GC(75) Desired survivor size 35651584 bytes, new threshold 1 (max threshold 15)
[20.635s][debug  ][gc,ergo        ] GC(75) PSAdaptiveSizePolicy::compute_eden_space_size limits: desired_eden_size: 215599341 old_eden_size: 195559424 eden_limit: 196083712 cur_eden: 195559424 max_eden_size: 196083712 avg_young_live: 27126512
[20.635s][debug  ][gc,ergo        ] GC(75) PSAdaptiveSizePolicy::compute_eden_space_size: costs minor_time: 0.050567 major_cost: 0.048653 mutator_cost: 0.900780 throughput_goal: 0.990000
[20.635s][debug  ][gc,ergo        ] GC(75) Live_space: 974036800 free_space: 1395654656
[20.635s][debug  ][gc,ergo        ] GC(75) Old eden_size: 195559424 desired_eden_size: 196083712
[20.635s][debug  ][gc,ergo        ] GC(75) AdaptiveSizeStop: collection: 76 
[20.635s][info   ][gc,heap        ] GC(75) PSYoungGen: 218726K(226304K)->30720K(227328K) Eden: 188006K(190976K)->0K(192000K) From: 30720K(35328K)->30720K(35328K)
[20.635s][info   ][gc,heap        ] GC(75) ParOldGen: 1496677K(1835008K)->1680997K(1835008K)
[20.635s][info   ][gc,metaspace   ] GC(75) Metaspace: 1023K(1216K)->1023K(1216K) NonClass: 939K(1024K)->939K(1024K) Class: 83K(192K)->83K(192K)
[20.635s][info   ][gc             ] GC(75) Pause Young (Allocation Failure) 1675M->1671M(2014M) 16.615ms
[20.635s][info   ][gc,cpu         ] GC(75) User=0.00s Sys=0.00s Real=0.02s
[20.635s][debug  ][gc,heap        ] GC(75) Heap after GC invocations=76 (full 12):
[20.635s][debug  ][gc,heap        ] GC(75)  PSYoungGen      total 227328K, used 30720K [0x00000000f0000000, 0x0000000100000000, 0x0000000100000000)
[20.635s][debug  ][gc,heap        ] GC(75)   eden space 192000K, 0% used [0x00000000f0000000,0x00000000f0000000,0x00000000fbb80000)
[20.635s][debug  ][gc,heap        ] GC(75)   from space 35328K, 86% used [0x00000000fdd80000,0x00000000ffb80030,0x0000000100000000)
[20.635s][debug  ][gc,heap        ] GC(75)   to   space 34816K, 0% used [0x00000000fbb80000,0x00000000fbb80000,0x00000000fdd80000)
[20.635s][debug  ][gc,heap        ] GC(75)  ParOldGen       total 1835008K, used 1680997K [0x0000000080000000, 0x00000000f0000000, 0x00000000f0000000)
[20.635s][debug  ][gc,heap        ] GC(75)   object space 1835008K, 91% used [0x0000000080000000,0x00000000e6999648,0x00000000f0000000)
[20.635s][debug  ][gc,heap        ] GC(75)  Metaspace       used 1023K, committed 1216K, reserved 1056768K
[20.635s][debug  ][gc,heap        ] GC(75)   class space    used 83K, committed 192K, reserved 1048576K
[20.635s][debug  ][gc,task,time   ] GC(75) VM-Thread 206179116 206330072 206351796
[20.635s][debug  ][gc,phases,start] GC(76) Pre Compact
[20.635s][debug  ][gc,heap        ] GC(76) Heap before GC invocations=77 (full 13):
[20.635s][debug  ][gc,heap        ] GC(76)  PSYoungGen      total 227328K, used 30720K [0x00000000f0000000, 0x0000000100000000, 0x0000000100000000)
[20.635s][debug  ][gc,heap        ] GC(76)   eden space 192000K, 0% used [0x00000000f0000000,0x00000000f0000000,0x00000000fbb80000)
[20.635s][debug  ][gc,heap        ] GC(76)   from space 35328K, 86% used [0x00000000fdd80000,0x00000000ffb80030,0x0000000100000000)
[20.635s][debug  ][gc,heap        ] GC(76)   to   space 34816K, 0% used [0x00000000fbb80000,0x00000000fbb80000,0x00000000fdd80000)
[20.635s][debug  ][gc,heap        ] GC(76)  ParOldGen       total 1835008K, used 1680997K [0x0000000080000000, 0x00000000f0000000, 0x00000000f0000000)
[20.635s][debug  ][gc,heap        ] GC(76)   object space 1835008K, 91% used [0x0000000080000000,0x00000000e6999648,0x00000000f0000000)
[20.635s][debug  ][gc,heap        ] GC(76)  Metaspace       used 1023K, committed 1216K, reserved 1056768K
[20.635s][debug  ][gc,heap        ] GC(76)   class space    used 83K, committed 192K, reserved 1048576K
[20.635s][debug  ][gc,phases      ] GC(76) Pre Compact 0.205ms
[20.635s][info   ][gc,start       ] GC(76) Pause Full (Ergonomics)
[20.635s][info   ][gc,phases,start] GC(76) Marking Phase
[20.635s][debug  ][gc,phases,start] GC(76) Par Mark
[20.636s][debug  ][gc,phases      ] GC(76) Par Mark 0.551ms
[20.636s][debug  ][gc,phases,start] GC(76) Reference Processing
[20.636s][debug  ][gc,ref         ] GC(76) Skipped phase 1 of Reference Processing: no references
[20.636s][debug  ][gc,ref         ] GC(76) ReferenceProcessor::execute queues: 1, RefProcThreadModel::Single, marks_oops_alive: false
[20.636s][debug  ][gc,ref         ] GC(76) Skipped phase 3 of Reference Processing: no references
[20.636s][debug  ][gc,ref         ] GC(76) ReferenceProcessor::execute queues: 1, RefProcThreadModel::Single, marks_oops_alive: false
[20.636s][debug  ][gc,phases,ref  ] GC(76) Reference Processing: 0.1ms
[20.636s][debug  ][gc,phases,ref  ] GC(76)   Reconsider SoftReferences: 0.0ms
[20.636s][debug  ][gc,phases,ref  ] GC(76)     SoftRef (ms):                  skipped
[20.636s][debug  ][gc,phases,ref  ] GC(76)   Notify Soft/WeakReferences: 0.0ms
[20.636s][debug  ][gc,phases,ref  ] GC(76)     SoftRef (ms):                  Min:  0.0, Avg:  0.0, Max:  0.0, Diff:  0.0, Sum:  0.0, Workers: 8
[20.636s][debug  ][gc,phases,ref  ] GC(76)     WeakRef (ms):                  Min:  0.0, Avg:  0.0, Max:  0.0, Diff:  0.0, Sum:  0.0, Workers: 8
[20.636s][debug  ][gc,phases,ref  ] GC(76)     FinalRef (ms):                 Min:  0.0, Avg:  0.0, Max:  0.0, Diff:  0.0, Sum:  0.0, Workers: 8
[20.636s][debug  ][gc,phases,ref  ] GC(76)     Total (ms):                    Min:  0.0, Avg:  0.0, Max:  0.0, Diff:  0.0, Sum:  0.0, Workers: 8
[20.636s][debug  ][gc,phases,ref  ] GC(76)   Notify and keep alive finalizable: 0.0ms
[20.636s][debug  ][gc,phases,ref  ] GC(76)     FinalRef (ms):                 skipped
[20.636s][debug  ][gc,phases,ref  ] GC(76)   Notify PhantomReferences: 0.0ms
[20.636s][debug  ][gc,phases,ref  ] GC(76)     PhantomRef (ms):               Min:  0.0, Avg:  0.0, Max:  0.0, Diff:  0.0, Sum:  0.0, Workers: 8
[20.636s][debug  ][gc,phases,ref  ] GC(76)   SoftReference:
[20.637s][debug  ][gc,phases,ref  ] GC(76)     Discovered: 0
[20.637s][debug  ][gc,phases,ref  ] GC(76)     Cleared: 0
[20.637s][debug  ][gc,phases,ref  ] GC(76)   WeakReference:
[20.637s][debug  ][gc,phases,ref  ] GC(76)     Discovered: 92
[20.637s][debug  ][gc,phases,ref  ] GC(76)     Cleared: 92
[20.637s][debug  ][gc,phases,ref  ] GC(76)   FinalReference:
[20.637s][debug  ][gc,phases,ref  ] GC(76)     Discovered: 0
[20.637s][debug  ][gc,phases,ref  ] GC(76)     Cleared: 0
[20.637s][debug  ][gc,phases,ref  ] GC(76)   PhantomReference:
[20.637s][debug  ][gc,phases,ref  ] GC(76)     Discovered: 5
[20.637s][debug  ][gc,phases,ref  ] GC(76)     Cleared: 5
[20.637s][debug  ][gc,phases      ] GC(76) Reference Processing 0.688ms
[20.637s][debug  ][gc,phases,start] GC(76) Weak Processing
[20.637s][debug  ][gc,phases      ] GC(76)   VM Weak                        Min:  0.0, Avg:  0.0, Max:  0.0, Diff:  0.0, Sum:  0.0, Workers: 6
[20.637s][debug  ][gc,phases      ] GC(76)     Dead                           Min: 0, Avg:  0.0, Max: 0, Diff: 0, Sum: 0, Workers: 6
[20.637s][debug  ][gc,phases      ] GC(76)     Total                          Min: 0, Avg:  1.3, Max: 8, Diff: 8, Sum: 8, Workers: 6
[20.637s][debug  ][gc,phases      ] GC(76)   ObjectSynchronizer Weak        Min:  0.0, Avg:  0.0, Max:  0.0, Diff:  0.0, Sum:  0.0, Workers: 6
[20.637s][debug  ][gc,phases      ] GC(76)     Dead                           Min: 0, Avg:  0.0, Max: 0, Diff: 0, Sum: 0, Workers: 6
[20.637s][debug  ][gc,phases      ] GC(76)     Total                          Min: 0, Avg:  0.5, Max: 3, Diff: 3, Sum: 3, Workers: 6
[20.637s][debug  ][gc,phases      ] GC(76)   JVMTI Tag Weak OopStorage      Min:  0.0, Avg:  0.0, Max:  0.0, Diff:  0.0, Sum:  0.0, Workers: 6
[20.637s][debug  ][gc,phases      ] GC(76)     Dead                           Min: 0, Avg:  0.0, Max: 0, Diff: 0, Sum: 0, Workers: 6
[20.637s][debug  ][gc,phases      ] GC(76)     Total                          Min: 0, Avg:  0.0, Max: 0, Diff: 0, Sum: 0, Workers: 6
[20.637s][debug  ][gc,phases      ] GC(76)   StringTable Weak               Min:  0.0, Avg:  0.0, Max:  0.0, Diff:  0.0, Sum:  0.0, Workers: 6
[20.637s][debug  ][gc,phases      ] GC(76)     Dead                           Min: 0, Avg:  0.0, Max: 0, Diff: 0, Sum: 0, Workers: 6
[20.637s][debug  ][gc,phases      ] GC(76)     Total                          Min: 448, Avg: 892.5, Max: 1516, Diff: 1068, Sum: 5355, Workers: 6
[20.637s][debug  ][gc,phases      ] GC(76)   ResolvedMethodTable Weak       Min:  0.0, Avg:  0.0, Max:  0.0, Diff:  0.0, Sum:  0.0, Workers: 6
[20.637s][debug  ][gc,phases      ] GC(76)     Dead                           Min: 0, Avg:  0.0, Max: 0, Diff: 0, Sum: 0, Workers: 6
[20.637s][debug  ][gc,phases      ] GC(76)     Total                          Min: 0, Avg: 21.5, Max: 64, Diff: 64, Sum: 129, Workers: 6
[20.637s][debug  ][gc,phases      ] GC(76)   JNI Weak                       Min:  0.0, Avg:  0.0, Max:  0.0, Diff:  0.0, Sum:  0.0, Workers: 6
[20.637s][debug  ][gc,phases      ] GC(76)     Dead                           Min: 0, Avg:  0.0, Max: 0, Diff: 0, Sum: 0, Workers: 6
[20.637s][debug  ][gc,phases      ] GC(76)     Total                          Min: 0, Avg:  0.0, Max: 0, Diff: 0, Sum: 0, Workers: 6
[20.637s][debug  ][gc,phases      ] GC(76)   StringDedup Table Weak         Min:  0.0, Avg:  0.0, Max:  0.0, Diff:  0.0, Sum:  0.0, Workers: 6
[20.637s][debug  ][gc,phases      ] GC(76)     Dead                           Min: 0, Avg:  0.0, Max: 0, Diff: 0, Sum: 0, Workers: 6
[20.637s][debug  ][gc,phases      ] GC(76)     Total                          Min: 0, Avg:  0.0, Max: 0, Diff: 0, Sum: 0, Workers: 6
[20.637s][debug  ][gc,phases      ] GC(76)   StringDedup Requests0 Weak     Min:  0.0, Avg:  0.0, Max:  0.0, Diff:  0.0, Sum:  0.0, Workers: 6
[20.637s][debug  ][gc,phases      ] GC(76)     Dead                           Min: 0, Avg:  0.0, Max: 0, Diff: 0, Sum: 0, Workers: 6
[20.637s][debug  ][gc,phases      ] GC(76)     Total                          Min: 0, Avg:  0.0, Max: 0, Diff: 0, Sum: 0, Workers: 6
[20.637s][debug  ][gc,phases      ] GC(76)   StringDedup Requests1 Weak     Min:  0.0, Avg:  0.0, Max:  0.0, Diff:  0.0, Sum:  0.0, Workers: 6
[20.637s][debug  ][gc,phases      ] GC(76)     Dead                           Min: 0, Avg:  0.0, Max: 0, Diff: 0, Sum: 0, Workers: 6
[20.637s][debug  ][gc,phases      ] GC(76)     Total                          Min: 0, Avg:  0.0, Max: 0, Diff: 0, Sum: 0, Workers: 6
[20.637s][debug  ][gc,phases      ] GC(76)   Weak JFR Old Object Samples    Min:  0.0, Avg:  0.0, Max:  0.0, Diff:  0.0, Sum:  0.0, Workers: 6
[20.637s][debug  ][gc,phases      ] GC(76)     Dead                           Min: 0, Avg:  0.0, Max: 0, Diff: 0, Sum: 0, Workers: 6
[20.637s][debug  ][gc,phases      ] GC(76)     Total                          Min: 0, Avg:  0.0, Max: 0, Diff: 0, Sum: 0, Workers: 6
[20.637s][debug  ][gc,phases      ] GC(76) Weak Processing 0.653ms
[20.637s][debug  ][gc,phases,start] GC(76) Class Unloading
[20.637s][debug  ][gc,phases,start] GC(76) ClassLoaderData
[20.637s][debug  ][gc,phases      ] GC(76) ClassLoaderData 0.019ms
[20.637s][debug  ][gc,phases,start] GC(76) Trigger cleanups
[20.638s][debug  ][gc,phases      ] GC(76) Trigger cleanups 0.019ms
[20.638s][debug  ][gc,phases      ] GC(76) Class Unloading 0.254ms
[20.638s][info   ][gc,phases      ] GC(76) Marking Phase 2.261ms
[20.638s][info   ][gc,phases,start] GC(76) Summary Phase
[20.638s][info   ][gc,phases      ] GC(76) Summary Phase 0.039ms
[20.638s][info   ][gc,phases,start] GC(76) Adjust Roots
[20.638s][info   ][gc,phases      ] GC(76) Adjust Roots 0.149ms
[20.638s][info   ][gc,phases,start] GC(76) Compaction Phase
[20.715s][info   ][gc,phases      ] GC(76) Compaction Phase 76.845ms
[20.715s][info   ][gc,phases,start] GC(76) Post Compact
[20.720s][info   ][gc,phases      ] GC(76) Post Compact 5.313ms
[20.720s][debug  ][gc,ergo        ] GC(76) AdaptiveSizeStart: collection: 77 
[20.720s][debug  ][gc,ergo        ] GC(76) PSAdaptiveSizePolicy::compute_eden_space_size limits: desired_eden_size: 216421332 old_eden_size: 196083712 eden_limit: 196608000 cur_eden: 196608000 max_eden_size: 196608000 avg_young_live: 24413860
[20.720s][debug  ][gc,ergo        ] GC(76) PSAdaptiveSizePolicy::compute_eden_space_size: costs minor_time: 0.050567 major_cost: 0.049788 mutator_cost: 0.899645 throughput_goal: 0.990000
[20.720s][debug  ][gc,ergo        ] GC(76) Live_space: 971324160 free_space: 1396178944
[20.720s][debug  ][gc,ergo        ] GC(76) Old eden_size: 196083712 desired_eden_size: 196608000
[20.720s][debug  ][gc,ergo        ] GC(76) PSAdaptiveSizePolicy::compute_old_gen_free_space limits: desired_promo_size: 1325208252 promo_limit: 1200095232 free_in_old_gen: 1193804416 max_old_gen_size: 1879048192 avg_old_live: 685243776
[20.720s][debug  ][gc,ergo        ] GC(76) PSAdaptiveSizePolicy::compute_old_gen_free_space: costs minor_time: 0.050567 major_cost: 0.049788  mutator_cost: 0.899645 throughput_goal: 0.990000
[20.720s][debug  ][gc,ergo        ] GC(76) Live_space: 978093056 free_space: 1396703232
[20.720s][debug  ][gc,ergo        ] GC(76) Old promo_size: 1200095232 desired_promo_size: 1200095232
[20.721s][debug  ][gc,ergo        ] GC(76) AdaptiveSizeStop: collection: 77 
[20.721s][info   ][gc,heap        ] GC(76) PSYoungGen: 30720K(227328K)->0K(226816K) Eden: 0K(192000K)->0K(192000K) From: 30720K(35328K)->0K(34816K)
[20.721s][info   ][gc,heap        ] GC(76) ParOldGen: 1680997K(1835008K)->728676K(1835008K)
[20.721s][info   ][gc,metaspace   ] GC(76) Metaspace: 1023K(1216K)->1023K(1216K) NonClass: 939K(1024K)->939K(1024K) Class: 83K(192K)->83K(192K)
[20.721s][info   ][gc             ] GC(76) Pause Full (Ergonomics) 1671M->711M(2013M) 85.208ms
[20.721s][info   ][gc,cpu         ] GC(76) User=0.59s Sys=0.00s Real=0.09s
[20.721s][debug  ][gc,heap        ] GC(76) Heap after GC invocations=77 (full 13):
[20.721s][debug  ][gc,heap        ] GC(76)  PSYoungGen      total 226816K, used 0K [0x00000000f0000000, 0x0000000100000000, 0x0000000100000000)
[20.721s][debug  ][gc,heap        ] GC(76)   eden space 192000K, 0% used [0x00000000f0000000,0x00000000f0000000,0x00000000fbb80000)
[20.721s][debug  ][gc,heap        ] GC(76)   from space 34816K, 0% used [0x00000000fbb80000,0x00000000fbb80000,0x00000000fdd80000)
[20.721s][debug  ][gc,heap        ] GC(76)   to   space 34816K, 0% used [0x00000000fde00000,0x00000000fde00000,0x0000000100000000)
[20.721s][debug  ][gc,heap        ] GC(76)  ParOldGen       total 1835008K, used 728676K [0x0000000080000000, 0x00000000f0000000, 0x00000000f0000000)
[20.721s][debug  ][gc,heap        ] GC(76)   object space 1835008K, 39% used [0x0000000080000000,0x00000000ac799078,0x00000000f0000000)
[20.721s][debug  ][gc,heap        ] GC(76)  Metaspace       used 1023K, committed 1216K, reserved 1056768K
[20.721s][debug  ][gc,heap        ] GC(76)   class space    used 83K, committed 192K, reserved 1048576K
[20.721s][debug  ][gc,task,time   ] GC(76) VM-Thread 206354552 206379914 207206892
[21.013s][debug  ][gc,heap        ] GC(77) Heap before GC invocations=78 (full 13):
[21.013s][debug  ][gc,heap        ] GC(77)  PSYoungGen      total 226816K, used 188046K [0x00000000f0000000, 0x0000000100000000, 0x0000000100000000)
[21.013s][debug  ][gc,heap        ] GC(77)   eden space 192000K, 97% used [0x00000000f0000000,0x00000000fb7a3ad0,0x00000000fbb80000)
[21.013s][debug  ][gc,heap        ] GC(77)   from space 34816K, 0% used [0x00000000fbb80000,0x00000000fbb80000,0x00000000fdd80000)
[21.013s][debug  ][gc,heap        ] GC(77)   to   space 34816K, 0% used [0x00000000fde00000,0x00000000fde00000,0x0000000100000000)
[21.013s][debug  ][gc,heap        ] GC(77)  ParOldGen       total 1835008K, used 728676K [0x0000000080000000, 0x00000000f0000000, 0x00000000f0000000)
[21.013s][debug  ][gc,heap        ] GC(77)   object space 1835008K, 39% used [0x0000000080000000,0x00000000ac799078,0x00000000f0000000)
[21.013s][debug  ][gc,heap        ] GC(77)  Metaspace       used 1023K, committed 1216K, reserved 1056768K
[21.013s][debug  ][gc,heap        ] GC(77)   class space    used 83K, committed 192K, reserved 1048576K
[21.013s][debug  ][gc,tlab        ] GC(77) TLAB totals: thrds: 1  refills: 1 max: 1 slow allocs: 17 max 17 waste: 26.7% gc: 3815856B max: 3815856B slow: 0B max: 0B
[21.014s][info   ][gc,start       ] GC(77) Pause Young (Allocation Failure)
[21.014s][debug  ][gc,phases,start] GC(77) Scavenge
[21.026s][debug  ][gc,phases      ] GC(77) Scavenge 12.239ms
[21.026s][debug  ][gc,phases,start] GC(77) Reference Processing
[21.026s][debug  ][gc,ref         ] GC(77) Skipped phase 1 of Reference Processing: no references
[21.026s][debug  ][gc,ref         ] GC(77) Skipped phase 2 of Reference Processing: no references
[21.026s][debug  ][gc,ref         ] GC(77) Skipped phase 3 of Reference Processing: no references
[21.026s][debug  ][gc,ref         ] GC(77) Skipped phase 4 of Reference Processing: no references
[21.026s][debug  ][gc,phases,ref  ] GC(77) Reference Processing: 0.1ms
[21.026s][debug  ][gc,phases,ref  ] GC(77)   Reconsider SoftReferences: 0.0ms
[21.026s][debug  ][gc,phases,ref  ] GC(77)     SoftRef (ms):                  skipped
[21.026s][debug  ][gc,phases,ref  ] GC(77)   Notify Soft/WeakReferences: 0.0ms
[21.026s][debug  ][gc,phases,ref  ] GC(77)     SoftRef (ms):                  skipped
[21.026s][debug  ][gc,phases,ref  ] GC(77)     WeakRef (ms):                  skipped
[21.026s][debug  ][gc,phases,ref  ] GC(77)     FinalRef (ms):                 skipped
[21.026s][debug  ][gc,phases,ref  ] GC(77)     Total (ms):                    skipped
[21.026s][debug  ][gc,phases,ref  ] GC(77)   Notify and keep alive finalizable: 0.0ms
[21.026s][debug  ][gc,phases,ref  ] GC(77)     FinalRef (ms):                 skipped
[21.026s][debug  ][gc,phases,ref  ] GC(77)   Notify PhantomReferences: 0.0ms
[21.026s][debug  ][gc,phases,ref  ] GC(77)     PhantomRef (ms):               skipped
[21.026s][debug  ][gc,phases,ref  ] GC(77)   SoftReference:
[21.026s][debug  ][gc,phases,ref  ] GC(77)     Discovered: 0
[21.026s][debug  ][gc,phases,ref  ] GC(77)     Cleared: 0
[21.026s][debug  ][gc,phases,ref  ] GC(77)   WeakReference:
[21.026s][debug  ][gc,phases,ref  ] GC(77)     Discovered: 0
[21.026s][debug  ][gc,phases,ref  ] GC(77)     Cleared: 0
[21.026s][debug  ][gc,phases,ref  ] GC(77)   FinalReference:
[21.026s][debug  ][gc,phases,ref  ] GC(77)     Discovered: 0
[21.026s][debug  ][gc,phases,ref  ] GC(77)     Cleared: 0
[21.026s][debug  ][gc,phases,ref  ] GC(77)   PhantomReference:
[21.026s][debug  ][gc,phases,ref  ] GC(77)     Discovered: 0
[21.026s][debug  ][gc,phases,ref  ] GC(77)     Cleared: 0
[21.026s][debug  ][gc,phases      ] GC(77) Reference Processing 0.571ms
[21.026s][debug  ][gc,phases,start] GC(77) Weak Processing
[21.027s][debug  ][gc,phases      ] GC(77)   VM Weak                        Min:  0.0, Avg:  0.0, Max:  0.0, Diff:  0.0, Sum:  0.0, Workers: 6
[21.027s][debug  ][gc,phases      ] GC(77)     Dead                           Min: 0, Avg:  0.0, Max: 0, Diff: 0, Sum: 0, Workers: 6
[21.027s][debug  ][gc,phases      ] GC(77)     Total                          Min: 0, Avg:  1.3, Max: 8, Diff: 8, Sum: 8, Workers: 6
[21.027s][debug  ][gc,phases      ] GC(77)   ObjectSynchronizer Weak        Min:  0.0, Avg:  0.0, Max:  0.0, Diff:  0.0, Sum:  0.0, Workers: 6
[21.027s][debug  ][gc,phases      ] GC(77)     Dead                           Min: 0, Avg:  0.0, Max: 0, Diff: 0, Sum: 0, Workers: 6
[21.027s][debug  ][gc,phases      ] GC(77)     Total                          Min: 0, Avg:  0.5, Max: 3, Diff: 3, Sum: 3, Workers: 6
[21.027s][debug  ][gc,phases      ] GC(77)   JVMTI Tag Weak OopStorage      Min:  0.0, Avg:  0.0, Max:  0.0, Diff:  0.0, Sum:  0.0, Workers: 6
[21.027s][debug  ][gc,phases      ] GC(77)     Dead                           Min: 0, Avg:  0.0, Max: 0, Diff: 0, Sum: 0, Workers: 6
[21.027s][debug  ][gc,phases      ] GC(77)     Total                          Min: 0, Avg:  0.0, Max: 0, Diff: 0, Sum: 0, Workers: 6
[21.027s][debug  ][gc,phases      ] GC(77)   StringTable Weak               Min:  0.0, Avg:  0.0, Max:  0.0, Diff:  0.0, Sum:  0.0, Workers: 6
[21.027s][debug  ][gc,phases      ] GC(77)     Dead                           Min: 0, Avg:  0.0, Max: 0, Diff: 0, Sum: 0, Workers: 6
[21.027s][debug  ][gc,phases      ] GC(77)     Total                          Min: 703, Avg: 892.5, Max: 1152, Diff: 449, Sum: 5355, Workers: 6
[21.027s][debug  ][gc,phases      ] GC(77)   ResolvedMethodTable Weak       Min:  0.0, Avg:  0.0, Max:  0.0, Diff:  0.0, Sum:  0.0, Workers: 6
[21.027s][debug  ][gc,phases      ] GC(77)     Dead                           Min: 0, Avg:  0.0, Max: 0, Diff: 0, Sum: 0, Workers: 6
[21.027s][debug  ][gc,phases      ] GC(77)     Total                          Min: 0, Avg: 21.5, Max: 64, Diff: 64, Sum: 129, Workers: 6
[21.027s][debug  ][gc,phases      ] GC(77)   JNI Weak                       Min:  0.0, Avg:  0.0, Max:  0.0, Diff:  0.0, Sum:  0.0, Workers: 6
[21.027s][debug  ][gc,phases      ] GC(77)     Dead                           Min: 0, Avg:  0.0, Max: 0, Diff: 0, Sum: 0, Workers: 6
[21.027s][debug  ][gc,phases      ] GC(77)     Total                          Min: 0, Avg:  0.0, Max: 0, Diff: 0, Sum: 0, Workers: 6
[21.027s][debug  ][gc,phases      ] GC(77)   StringDedup Table Weak         Min:  0.0, Avg:  0.0, Max:  0.0, Diff:  0.0, Sum:  0.0, Workers: 6
[21.027s][debug  ][gc,phases      ] GC(77)     Dead                           Min: 0, Avg:  0.0, Max: 0, Diff: 0, Sum: 0, Workers: 6
[21.027s][debug  ][gc,phases      ] GC(77)     Total                          Min: 0, Avg:  0.0, Max: 0, Diff: 0, Sum: 0, Workers: 6
[21.027s][debug  ][gc,phases      ] GC(77)   StringDedup Requests0 Weak     Min:  0.0, Avg:  0.0, Max:  0.0, Diff:  0.0, Sum:  0.0, Workers: 6
[21.027s][debug  ][gc,phases      ] GC(77)     Dead                           Min: 0, Avg:  0.0, Max: 0, Diff: 0, Sum: 0, Workers: 6
[21.027s][debug  ][gc,phases      ] GC(77)     Total                          Min: 0, Avg:  0.0, Max: 0, Diff: 0, Sum: 0, Workers: 6
[21.027s][debug  ][gc,phases      ] GC(77)   StringDedup Requests1 Weak     Min:  0.0, Avg:  0.0, Max:  0.0, Diff:  0.0, Sum:  0.0, Workers: 6
[21.027s][debug  ][gc,phases      ] GC(77)     Dead                           Min: 0, Avg:  0.0, Max: 0, Diff: 0, Sum: 0, Workers: 6
[21.027s][debug  ][gc,phases      ] GC(77)     Total                          Min: 0, Avg:  0.0, Max: 0, Diff: 0, Sum: 0, Workers: 6
[21.027s][debug  ][gc,phases      ] GC(77)   Weak JFR Old Object Samples    Min:  0.0, Avg:  0.0, Max:  0.0, Diff:  0.0, Sum:  0.0, Workers: 6
[21.027s][debug  ][gc,phases      ] GC(77)     Dead                           Min: 0, Avg:  0.0, Max: 0, Diff: 0, Sum: 0, Workers: 6
[21.027s][debug  ][gc,phases      ] GC(77)     Total                          Min: 0, Avg:  0.0, Max: 0, Diff: 0, Sum: 0, Workers: 6
[21.027s][debug  ][gc,phases      ] GC(77) Weak Processing 0.832ms
[21.027s][debug  ][gc,ergo        ] GC(77) AdaptiveSizeStart:  collection: 78 
[21.027s][debug  ][gc,ergo        ] GC(77) avg_survived_padded_avg: 35273092.000000
[21.027s][debug  ][gc,ergo        ] GC(77) avg_promoted_padded_avg: 245846272.000000  avg_pretenured_padded_avg: 0.000000  tenuring_thresh: 1  target_size: 35651584
[21.027s][debug  ][gc,age         ] GC(77) Desired survivor size 35651584 bytes, new threshold 1 (max threshold 15)
[21.027s][debug  ][gc,ergo        ] GC(77) PSAdaptiveSizePolicy::compute_eden_space_size limits: desired_eden_size: 215636938 old_eden_size: 196608000 eden_limit: 197132288 cur_eden: 196608000 max_eden_size: 197132288 avg_young_live: 25118206
[21.027s][debug  ][gc,ergo        ] GC(77) PSAdaptiveSizePolicy::compute_eden_space_size: costs minor_time: 0.046688 major_cost: 0.049788 mutator_cost: 0.903524 throughput_goal: 0.990000
[21.027s][debug  ][gc,ergo        ] GC(77) Live_space: 978797440 free_space: 1396703232
[21.027s][debug  ][gc,ergo        ] GC(77) Old eden_size: 196608000 desired_eden_size: 197132288
[21.028s][debug  ][gc,ergo        ] GC(77) AdaptiveSizeStop: collection: 78 
[21.028s][info   ][gc,heap        ] GC(77) PSYoungGen: 188046K(226816K)->30720K(227328K) Eden: 188046K(192000K)->0K(192512K) From: 0K(34816K)->30720K(34816K)
[21.028s][info   ][gc,heap        ] GC(77) ParOldGen: 728676K(1835008K)->882276K(1835008K)
[21.028s][info   ][gc,metaspace   ] GC(77) Metaspace: 1023K(1216K)->1023K(1216K) NonClass: 939K(1024K)->939K(1024K) Class: 83K(192K)->83K(192K)
[21.028s][info   ][gc             ] GC(77) Pause Young (Allocation Failure) 895M->891M(2014M) 14.087ms
[21.028s][info   ][gc,cpu         ] GC(77) User=0.12s Sys=0.00s Real=0.01s
[21.028s][debug  ][gc,heap        ] GC(77) Heap after GC invocations=78 (full 13):
[21.028s][debug  ][gc,heap        ] GC(77)  PSYoungGen      total 227328K, used 30720K [0x00000000f0000000, 0x0000000100000000, 0x0000000100000000)
[21.028s][debug  ][gc,heap        ] GC(77)   eden space 192512K, 0% used [0x00000000f0000000,0x00000000f0000000,0x00000000fbc00000)
[21.028s][debug  ][gc,heap        ] GC(77)   from space 34816K, 88% used [0x00000000fde00000,0x00000000ffc00030,0x0000000100000000)
[21.028s][debug  ][gc,heap        ] GC(77)   to   space 34816K, 0% used [0x00000000fbc00000,0x00000000fbc00000,0x00000000fde00000)
[21.028s][debug  ][gc,heap        ] GC(77)  ParOldGen       total 1835008K, used 882276K [0x0000000080000000, 0x00000000f0000000, 0x00000000f0000000)
[21.028s][debug  ][gc,heap        ] GC(77)   object space 1835008K, 48% used [0x0000000080000000,0x00000000b5d99168,0x00000000f0000000)
[21.028s][debug  ][gc,heap        ] GC(77)  Metaspace       used 1023K, committed 1216K, reserved 1056768K
[21.028s][debug  ][gc,heap        ] GC(77)   class space    used 83K, committed 192K, reserved 1048576K
[21.028s][debug  ][gc,task,time   ] GC(77) VM-Thread 210131645 210258763 210278468
[21.317s][debug  ][gc,heap        ] GC(78) Heap before GC invocations=79 (full 13):
[21.317s][debug  ][gc,heap        ] GC(78)  PSYoungGen      total 227328K, used 218716K [0x00000000f0000000, 0x0000000100000000, 0x0000000100000000)
[21.317s][debug  ][gc,heap        ] GC(78)   eden space 192512K, 97% used [0x00000000f0000000,0x00000000fb7971a0,0x00000000fbc00000)
[21.317s][debug  ][gc,heap        ] GC(78)   from space 34816K, 88% used [0x00000000fde00000,0x00000000ffc00030,0x0000000100000000)
[21.317s][debug  ][gc,heap        ] GC(78)   to   space 34816K, 0% used [0x00000000fbc00000,0x00000000fbc00000,0x00000000fde00000)
[21.317s][debug  ][gc,heap        ] GC(78)  ParOldGen       total 1835008K, used 882276K [0x0000000080000000, 0x00000000f0000000, 0x00000000f0000000)
[21.317s][debug  ][gc,heap        ] GC(78)   object space 1835008K, 48% used [0x0000000080000000,0x00000000b5d99168,0x00000000f0000000)
[21.317s][debug  ][gc,heap        ] GC(78)  Metaspace       used 1023K, committed 1216K, reserved 1056768K
[21.317s][debug  ][gc,heap        ] GC(78)   class space    used 83K, committed 192K, reserved 1048576K
[21.317s][debug  ][gc,tlab        ] GC(78) TLAB totals: thrds: 1  refills: 1 max: 1 slow allocs: 17 max 17 waste: 26.4% gc: 3763288B max: 3763288B slow: 0B max: 0B
[21.317s][info   ][gc,start       ] GC(78) Pause Young (Allocation Failure)
[21.317s][debug  ][gc,phases,start] GC(78) Scavenge
[21.322s][debug  ][gc,phases      ] GC(78) Scavenge 4.890ms
[21.322s][debug  ][gc,phases,start] GC(78) Reference Processing
[21.322s][debug  ][gc,ref         ] GC(78) Skipped phase 1 of Reference Processing: no references
[21.322s][debug  ][gc,ref         ] GC(78) Skipped phase 2 of Reference Processing: no references
[21.322s][debug  ][gc,ref         ] GC(78) Skipped phase 3 of Reference Processing: no references
[21.322s][debug  ][gc,ref         ] GC(78) Skipped phase 4 of Reference Processing: no references
[21.322s][debug  ][gc,phases,ref  ] GC(78) Reference Processing: 0.1ms
[21.322s][debug  ][gc,phases,ref  ] GC(78)   Reconsider SoftReferences: 0.0ms
[21.322s][debug  ][gc,phases,ref  ] GC(78)     SoftRef (ms):                  skipped
[21.322s][debug  ][gc,phases,ref  ] GC(78)   Notify Soft/WeakReferences: 0.0ms
[21.322s][debug  ][gc,phases,ref  ] GC(78)     SoftRef (ms):                  skipped
[21.322s][debug  ][gc,phases,ref  ] GC(78)     WeakRef (ms):                  skipped
[21.322s][debug  ][gc,phases,ref  ] GC(78)     FinalRef (ms):                 skipped
[21.322s][debug  ][gc,phases,ref  ] GC(78)     Total (ms):                    skipped
[21.322s][debug  ][gc,phases,ref  ] GC(78)   Notify and keep alive finalizable: 0.0ms
[21.322s][debug  ][gc,phases,ref  ] GC(78)     FinalRef (ms):                 skipped
[21.322s][debug  ][gc,phases,ref  ] GC(78)   Notify PhantomReferences: 0.0ms
[21.322s][debug  ][gc,phases,ref  ] GC(78)     PhantomRef (ms):               skipped
[21.322s][debug  ][gc,phases,ref  ] GC(78)   SoftReference:
[21.322s][debug  ][gc,phases,ref  ] GC(78)     Discovered: 0
[21.322s][debug  ][gc,phases,ref  ] GC(78)     Cleared: 0
[21.322s][debug  ][gc,phases,ref  ] GC(78)   WeakReference:
[21.322s][debug  ][gc,phases,ref  ] GC(78)     Discovered: 0
[21.322s][debug  ][gc,phases,ref  ] GC(78)     Cleared: 0
[21.322s][debug  ][gc,phases,ref  ] GC(78)   FinalReference:
[21.322s][debug  ][gc,phases,ref  ] GC(78)     Discovered: 0
[21.322s][debug  ][gc,phases,ref  ] GC(78)     Cleared: 0
[21.322s][debug  ][gc,phases,ref  ] GC(78)   PhantomReference:
[21.323s][debug  ][gc,phases,ref  ] GC(78)     Discovered: 0
[21.323s][debug  ][gc,phases,ref  ] GC(78)     Cleared: 0
[21.323s][debug  ][gc,phases      ] GC(78) Reference Processing 0.677ms
[21.323s][debug  ][gc,phases,start] GC(78) Weak Processing
[21.323s][debug  ][gc,phases      ] GC(78)   VM Weak                        Min:  0.0, Avg:  0.0, Max:  0.0, Diff:  0.0, Sum:  0.0, Workers: 6
[21.323s][debug  ][gc,phases      ] GC(78)     Dead                           Min: 0, Avg:  0.0, Max: 0, Diff: 0, Sum: 0, Workers: 6
[21.323s][debug  ][gc,phases      ] GC(78)     Total                          Min: 0, Avg:  1.3, Max: 8, Diff: 8, Sum: 8, Workers: 6
[21.323s][debug  ][gc,phases      ] GC(78)   ObjectSynchronizer Weak        Min:  0.0, Avg:  0.0, Max:  0.0, Diff:  0.0, Sum:  0.0, Workers: 6
[21.323s][debug  ][gc,phases      ] GC(78)     Dead                           Min: 0, Avg:  0.0, Max: 0, Diff: 0, Sum: 0, Workers: 6
[21.323s][debug  ][gc,phases      ] GC(78)     Total                          Min: 0, Avg:  0.5, Max: 3, Diff: 3, Sum: 3, Workers: 6
[21.323s][debug  ][gc,phases      ] GC(78)   JVMTI Tag Weak OopStorage      Min:  0.0, Avg:  0.0, Max:  0.0, Diff:  0.0, Sum:  0.0, Workers: 6
[21.323s][debug  ][gc,phases      ] GC(78)     Dead                           Min: 0, Avg:  0.0, Max: 0, Diff: 0, Sum: 0, Workers: 6
[21.323s][debug  ][gc,phases      ] GC(78)     Total                          Min: 0, Avg:  0.0, Max: 0, Diff: 0, Sum: 0, Workers: 6
[21.323s][debug  ][gc,phases      ] GC(78)   StringTable Weak               Min:  0.0, Avg:  0.0, Max:  0.0, Diff:  0.0, Sum:  0.0, Workers: 6
[21.323s][debug  ][gc,phases      ] GC(78)     Dead                           Min: 0, Avg:  0.0, Max: 0, Diff: 0, Sum: 0, Workers: 6
[21.323s][debug  ][gc,phases      ] GC(78)     Total                          Min: 703, Avg: 892.5, Max: 1132, Diff: 429, Sum: 5355, Workers: 6
[21.323s][debug  ][gc,phases      ] GC(78)   ResolvedMethodTable Weak       Min:  0.0, Avg:  0.0, Max:  0.0, Diff:  0.0, Sum:  0.0, Workers: 6
[21.323s][debug  ][gc,phases      ] GC(78)     Dead                           Min: 0, Avg:  0.0, Max: 0, Diff: 0, Sum: 0, Workers: 6
[21.323s][debug  ][gc,phases      ] GC(78)     Total                          Min: 0, Avg: 21.5, Max: 64, Diff: 64, Sum: 129, Workers: 6
[21.323s][debug  ][gc,phases      ] GC(78)   JNI Weak                       Min:  0.0, Avg:  0.0, Max:  0.0, Diff:  0.0, Sum:  0.0, Workers: 6
[21.323s][debug  ][gc,phases      ] GC(78)     Dead                           Min: 0, Avg:  0.0, Max: 0, Diff: 0, Sum: 0, Workers: 6
[21.323s][debug  ][gc,phases      ] GC(78)     Total                          Min: 0, Avg:  0.0, Max: 0, Diff: 0, Sum: 0, Workers: 6
[21.323s][debug  ][gc,phases      ] GC(78)   StringDedup Table Weak         Min:  0.0, Avg:  0.0, Max:  0.0, Diff:  0.0, Sum:  0.0, Workers: 6
[21.323s][debug  ][gc,phases      ] GC(78)     Dead                           Min: 0, Avg:  0.0, Max: 0, Diff: 0, Sum: 0, Workers: 6
[21.323s][debug  ][gc,phases      ] GC(78)     Total                          Min: 0, Avg:  0.0, Max: 0, Diff: 0, Sum: 0, Workers: 6
[21.323s][debug  ][gc,phases      ] GC(78)   StringDedup Requests0 Weak     Min:  0.0, Avg:  0.0, Max:  0.0, Diff:  0.0, Sum:  0.0, Workers: 6
[21.323s][debug  ][gc,phases      ] GC(78)     Dead                           Min: 0, Avg:  0.0, Max: 0, Diff: 0, Sum: 0, Workers: 6
[21.323s][debug  ][gc,phases      ] GC(78)     Total                          Min: 0, Avg:  0.0, Max: 0, Diff: 0, Sum: 0, Workers: 6
[21.323s][debug  ][gc,phases      ] GC(78)   StringDedup Requests1 Weak     Min:  0.0, Avg:  0.0, Max:  0.0, Diff:  0.0, Sum:  0.0, Workers: 6
[21.323s][debug  ][gc,phases      ] GC(78)     Dead                           Min: 0, Avg:  0.0, Max: 0, Diff: 0, Sum: 0, Workers: 6
[21.323s][debug  ][gc,phases      ] GC(78)     Total                          Min: 0, Avg:  0.0, Max: 0, Diff: 0, Sum: 0, Workers: 6
[21.323s][debug  ][gc,phases      ] GC(78)   Weak JFR Old Object Samples    Min:  0.0, Avg:  0.0, Max:  0.0, Diff:  0.0, Sum:  0.0, Workers: 6
[21.323s][debug  ][gc,phases      ] GC(78)     Dead                           Min: 0, Avg:  0.0, Max: 0, Diff: 0, Sum: 0, Workers: 6
[21.323s][debug  ][gc,phases      ] GC(78)     Total                          Min: 0, Avg:  0.0, Max: 0, Diff: 0, Sum: 0, Workers: 6
[21.323s][debug  ][gc,phases      ] GC(78) Weak Processing 0.803ms
[21.323s][debug  ][gc,ergo        ] GC(78) AdaptiveSizeStart:  collection: 79 
[21.323s][debug  ][gc,ergo        ] GC(78) avg_survived_padded_avg: 35048120.000000
[21.323s][debug  ][gc,ergo        ] GC(78) avg_promoted_padded_avg: 259959424.000000  avg_pretenured_padded_avg: 0.000000  tenuring_thresh: 2  target_size: 35127296
[21.323s][debug  ][gc,age         ] GC(78) Desired survivor size 35127296 bytes, new threshold 2 (max threshold 15)
[21.324s][debug  ][gc,ergo        ] GC(78) PSAdaptiveSizePolicy::compute_eden_space_size limits: desired_eden_size: 215006499 old_eden_size: 197132288 eden_limit: 197132288 cur_eden: 197132288 max_eden_size: 197132288 avg_young_live: 25752116
[21.324s][debug  ][gc,ergo        ] GC(78) PSAdaptiveSizePolicy::compute_eden_space_size: costs minor_time: 0.040503 major_cost: 0.049788 mutator_cost: 0.909709 throughput_goal: 0.990000
[21.324s][debug  ][gc,ergo        ] GC(78) Live_space: 979431360 free_space: 1397227520
[21.324s][debug  ][gc,ergo        ] GC(78) Old eden_size: 197132288 desired_eden_size: 197132288
[21.324s][debug  ][gc,ergo        ] GC(78) AdaptiveSizeStop: collection: 79 
[21.324s][info   ][gc,heap        ] GC(78) PSYoungGen: 218716K(227328K)->30720K(227328K) Eden: 187996K(192512K)->0K(192512K) From: 30720K(34816K)->30720K(34816K)
[21.324s][info   ][gc,heap        ] GC(78) ParOldGen: 882276K(1835008K)->923236K(1835008K)
[21.324s][info   ][gc,metaspace   ] GC(78) Metaspace: 1023K(1216K)->1023K(1216K) NonClass: 939K(1024K)->939K(1024K) Class: 83K(192K)->83K(192K)
[21.324s][info   ][gc             ] GC(78) Pause Young (Allocation Failure) 1075M->931M(2014M) 6.878ms
[21.324s][info   ][gc,cpu         ] GC(78) User=0.12s Sys=0.00s Real=0.01s
[21.324s][debug  ][gc,heap        ] GC(78) Heap after GC invocations=79 (full 13):
[21.324s][debug  ][gc,heap        ] GC(78)  PSYoungGen      total 227328K, used 30720K [0x00000000f0000000, 0x0000000100000000, 0x0000000100000000)
[21.324s][debug  ][gc,heap        ] GC(78)   eden space 192512K, 0% used [0x00000000f0000000,0x00000000f0000000,0x00000000fbc00000)
[21.324s][debug  ][gc,heap        ] GC(78)   from space 34816K, 88% used [0x00000000fbc00000,0x00000000fda00030,0x00000000fde00000)
[21.324s][debug  ][gc,heap        ] GC(78)   to   space 34304K, 0% used [0x00000000fde80000,0x00000000fde80000,0x0000000100000000)
[21.324s][debug  ][gc,heap        ] GC(78)  ParOldGen       total 1835008K, used 923236K [0x0000000080000000, 0x00000000f0000000, 0x00000000f0000000)
[21.324s][debug  ][gc,heap        ] GC(78)   object space 1835008K, 50% used [0x0000000080000000,0x00000000b85991a8,0x00000000f0000000)
[21.324s][debug  ][gc,heap        ] GC(78)  Metaspace       used 1023K, committed 1216K, reserved 1056768K
[21.324s][debug  ][gc,heap        ] GC(78)   class space    used 83K, committed 192K, reserved 1048576K
[21.324s][debug  ][gc,task,time   ] GC(78) VM-Thread 213165415 213218733 213240561
[21.616s][debug  ][gc,heap        ] GC(79) Heap before GC invocations=80 (full 13):
[21.616s][debug  ][gc,heap        ] GC(79)  PSYoungGen      total 227328K, used 218751K [0x00000000f0000000, 0x0000000100000000, 0x0000000100000000)
[21.616s][debug  ][gc,heap        ] GC(79)   eden space 192512K, 97% used [0x00000000f0000000,0x00000000fb79fbf8,0x00000000fbc00000)
[21.616s][debug  ][gc,heap        ] GC(79)   from space 34816K, 88% used [0x00000000fbc00000,0x00000000fda00030,0x00000000fde00000)
[21.616s][debug  ][gc,heap        ] GC(79)   to   space 34304K, 0% used [0x00000000fde80000,0x00000000fde80000,0x0000000100000000)
[21.616s][debug  ][gc,heap        ] GC(79)  ParOldGen       total 1835008K, used 923236K [0x0000000080000000, 0x00000000f0000000, 0x00000000f0000000)
[21.616s][debug  ][gc,heap        ] GC(79)   object space 1835008K, 50% used [0x0000000080000000,0x00000000b85991a8,0x00000000f0000000)
[21.616s][debug  ][gc,heap        ] GC(79)  Metaspace       used 1023K, committed 1216K, reserved 1056768K
[21.616s][debug  ][gc,heap        ] GC(79)   class space    used 83K, committed 192K, reserved 1048576K
[21.616s][debug  ][gc,tlab        ] GC(79) TLAB totals: thrds: 1  refills: 1 max: 1 slow allocs: 17 max 17 waste: 26.6% gc: 3799768B max: 3799768B slow: 0B max: 0B
[21.616s][info   ][gc,start       ] GC(79) Pause Young (Allocation Failure)
[21.616s][debug  ][gc,phases,start] GC(79) Scavenge
[21.631s][debug  ][gc,phases      ] GC(79) Scavenge 14.260ms
[21.631s][debug  ][gc,phases,start] GC(79) Reference Processing
[21.631s][debug  ][gc,ref         ] GC(79) Skipped phase 1 of Reference Processing: no references
[21.631s][debug  ][gc,ref         ] GC(79) Skipped phase 2 of Reference Processing: no references
[21.631s][debug  ][gc,ref         ] GC(79) Skipped phase 3 of Reference Processing: no references
[21.631s][debug  ][gc,ref         ] GC(79) Skipped phase 4 of Reference Processing: no references
[21.631s][debug  ][gc,phases,ref  ] GC(79) Reference Processing: 0.1ms
[21.631s][debug  ][gc,phases,ref  ] GC(79)   Reconsider SoftReferences: 0.0ms
[21.631s][debug  ][gc,phases,ref  ] GC(79)     SoftRef (ms):                  skipped
[21.631s][debug  ][gc,phases,ref  ] GC(79)   Notify Soft/WeakReferences: 0.0ms
[21.631s][debug  ][gc,phases,ref  ] GC(79)     SoftRef (ms):                  skipped
[21.631s][debug  ][gc,phases,ref  ] GC(79)     WeakRef (ms):                  skipped
[21.631s][debug  ][gc,phases,ref  ] GC(79)     FinalRef (ms):                 skipped
[21.631s][debug  ][gc,phases,ref  ] GC(79)     Total (ms):                    skipped
[21.631s][debug  ][gc,phases,ref  ] GC(79)   Notify and keep alive finalizable: 0.0ms
[21.631s][debug  ][gc,phases,ref  ] GC(79)     FinalRef (ms):                 skipped
[21.631s][debug  ][gc,phases,ref  ] GC(79)   Notify PhantomReferences: 0.0ms
[21.631s][debug  ][gc,phases,ref  ] GC(79)     PhantomRef (ms):               skipped
[21.631s][debug  ][gc,phases,ref  ] GC(79)   SoftReference:
[21.631s][debug  ][gc,phases,ref  ] GC(79)     Discovered: 0
[21.631s][debug  ][gc,phases,ref  ] GC(79)     Cleared: 0
[21.631s][debug  ][gc,phases,ref  ] GC(79)   WeakReference:
[21.631s][debug  ][gc,phases,ref  ] GC(79)     Discovered: 0
[21.631s][debug  ][gc,phases,ref  ] GC(79)     Cleared: 0
[21.631s][debug  ][gc,phases,ref  ] GC(79)   FinalReference:
[21.631s][debug  ][gc,phases,ref  ] GC(79)     Discovered: 0
[21.631s][debug  ][gc,phases,ref  ] GC(79)     Cleared: 0
[21.631s][debug  ][gc,phases,ref  ] GC(79)   PhantomReference:
[21.632s][debug  ][gc,phases,ref  ] GC(79)     Discovered: 0
[21.632s][debug  ][gc,phases,ref  ] GC(79)     Cleared: 0
[21.632s][debug  ][gc,phases      ] GC(79) Reference Processing 0.781ms
[21.632s][debug  ][gc,phases,start] GC(79) Weak Processing
[21.632s][debug  ][gc,phases      ] GC(79)   VM Weak                        Min:  0.0, Avg:  0.0, Max:  0.0, Diff:  0.0, Sum:  0.0, Workers: 6
[21.632s][debug  ][gc,phases      ] GC(79)     Dead                           Min: 0, Avg:  0.0, Max: 0, Diff: 0, Sum: 0, Workers: 6
[21.632s][debug  ][gc,phases      ] GC(79)     Total                          Min: 0, Avg:  1.3, Max: 8, Diff: 8, Sum: 8, Workers: 6
[21.632s][debug  ][gc,phases      ] GC(79)   ObjectSynchronizer Weak        Min:  0.0, Avg:  0.0, Max:  0.0, Diff:  0.0, Sum:  0.0, Workers: 6
[21.632s][debug  ][gc,phases      ] GC(79)     Dead                           Min: 0, Avg:  0.0, Max: 0, Diff: 0, Sum: 0, Workers: 6
[21.632s][debug  ][gc,phases      ] GC(79)     Total                          Min: 0, Avg:  0.5, Max: 3, Diff: 3, Sum: 3, Workers: 6
[21.632s][debug  ][gc,phases      ] GC(79)   JVMTI Tag Weak OopStorage      Min:  0.0, Avg:  0.0, Max:  0.0, Diff:  0.0, Sum:  0.0, Workers: 6
[21.632s][debug  ][gc,phases      ] GC(79)     Dead                           Min: 0, Avg:  0.0, Max: 0, Diff: 0, Sum: 0, Workers: 6
[21.632s][debug  ][gc,phases      ] GC(79)     Total                          Min: 0, Avg:  0.0, Max: 0, Diff: 0, Sum: 0, Workers: 6
[21.632s][debug  ][gc,phases      ] GC(79)   StringTable Weak               Min:  0.0, Avg:  0.0, Max:  0.0, Diff:  0.0, Sum:  0.0, Workers: 6
[21.632s][debug  ][gc,phases      ] GC(79)     Dead                           Min: 0, Avg:  0.0, Max: 0, Diff: 0, Sum: 0, Workers: 6
[21.632s][debug  ][gc,phases      ] GC(79)     Total                          Min: 704, Avg: 892.5, Max: 1088, Diff: 384, Sum: 5355, Workers: 6
[21.632s][debug  ][gc,phases      ] GC(79)   ResolvedMethodTable Weak       Min:  0.0, Avg:  0.0, Max:  0.0, Diff:  0.0, Sum:  0.0, Workers: 6
[21.632s][debug  ][gc,phases      ] GC(79)     Dead                           Min: 0, Avg:  0.0, Max: 0, Diff: 0, Sum: 0, Workers: 6
[21.632s][debug  ][gc,phases      ] GC(79)     Total                          Min: 0, Avg: 21.5, Max: 64, Diff: 64, Sum: 129, Workers: 6
[21.632s][debug  ][gc,phases      ] GC(79)   JNI Weak                       Min:  0.0, Avg:  0.0, Max:  0.0, Diff:  0.0, Sum:  0.0, Workers: 6
[21.632s][debug  ][gc,phases      ] GC(79)     Dead                           Min: 0, Avg:  0.0, Max: 0, Diff: 0, Sum: 0, Workers: 6
[21.632s][debug  ][gc,phases      ] GC(79)     Total                          Min: 0, Avg:  0.0, Max: 0, Diff: 0, Sum: 0, Workers: 6
[21.632s][debug  ][gc,phases      ] GC(79)   StringDedup Table Weak         Min:  0.0, Avg:  0.0, Max:  0.0, Diff:  0.0, Sum:  0.0, Workers: 6
[21.632s][debug  ][gc,phases      ] GC(79)     Dead                           Min: 0, Avg:  0.0, Max: 0, Diff: 0, Sum: 0, Workers: 6
[21.632s][debug  ][gc,phases      ] GC(79)     Total                          Min: 0, Avg:  0.0, Max: 0, Diff: 0, Sum: 0, Workers: 6
[21.632s][debug  ][gc,phases      ] GC(79)   StringDedup Requests0 Weak     Min:  0.0, Avg:  0.0, Max:  0.0, Diff:  0.0, Sum:  0.0, Workers: 6
[21.632s][debug  ][gc,phases      ] GC(79)     Dead                           Min: 0, Avg:  0.0, Max: 0, Diff: 0, Sum: 0, Workers: 6
[21.632s][debug  ][gc,phases      ] GC(79)     Total                          Min: 0, Avg:  0.0, Max: 0, Diff: 0, Sum: 0, Workers: 6
[21.632s][debug  ][gc,phases      ] GC(79)   StringDedup Requests1 Weak     Min:  0.0, Avg:  0.0, Max:  0.0, Diff:  0.0, Sum:  0.0, Workers: 6
[21.632s][debug  ][gc,phases      ] GC(79)     Dead                           Min: 0, Avg:  0.0, Max: 0, Diff: 0, Sum: 0, Workers: 6
[21.632s][debug  ][gc,phases      ] GC(79)     Total                          Min: 0, Avg:  0.0, Max: 0, Diff: 0, Sum: 0, Workers: 6
[21.632s][debug  ][gc,phases      ] GC(79)   Weak JFR Old Object Samples    Min:  0.0, Avg:  0.0, Max:  0.0, Diff:  0.0, Sum:  0.0, Workers: 6
[21.632s][debug  ][gc,phases      ] GC(79)     Dead                           Min: 0, Avg:  0.0, Max: 0, Diff: 0, Sum: 0, Workers: 6
[21.632s][debug  ][gc,phases      ] GC(79)     Total                          Min: 0, Avg:  0.0, Max: 0, Diff: 0, Sum: 0, Workers: 6
[21.632s][debug  ][gc,phases      ] GC(79) Weak Processing 0.861ms
[21.632s][debug  ][gc,ergo        ] GC(79) AdaptiveSizeStart:  collection: 80 
[21.633s][debug  ][gc,ergo        ] GC(79) avg_survived_padded_avg: 34829984.000000
[21.633s][debug  ][gc,ergo        ] GC(79) avg_promoted_padded_avg: 261420960.000000  avg_pretenured_padded_avg: 0.000000  tenuring_thresh: 3  target_size: 35127296
[21.633s][debug  ][gc,age         ] GC(79) Desired survivor size 35127296 bytes, new threshold 3 (max threshold 15)
[21.633s][debug  ][gc,ergo        ] GC(79) PSAdaptiveSizePolicy::compute_eden_space_size limits: desired_eden_size: 215678217 old_eden_size: 197132288 eden_limit: 197656576 cur_eden: 197132288 max_eden_size: 197656576 avg_young_live: 26322636
[21.633s][debug  ][gc,ergo        ] GC(79) PSAdaptiveSizePolicy::compute_eden_space_size: costs minor_time: 0.043351 major_cost: 0.049788 mutator_cost: 0.906861 throughput_goal: 0.990000
[21.633s][debug  ][gc,ergo        ] GC(79) Live_space: 980001856 free_space: 1397227520
[21.633s][debug  ][gc,ergo        ] GC(79) Old eden_size: 197132288 desired_eden_size: 197656576
[21.633s][debug  ][gc,ergo        ] GC(79) AdaptiveSizeStop: collection: 80 
[21.633s][info   ][gc,heap        ] GC(79) PSYoungGen: 218751K(227328K)->30720K(227840K) Eden: 188030K(192512K)->0K(193536K) From: 30720K(34816K)->30720K(34304K)
[21.633s][info   ][gc,heap        ] GC(79) ParOldGen: 923236K(1835008K)->1107556K(1835008K)
[21.633s][info   ][gc,metaspace   ] GC(79) Metaspace: 1023K(1216K)->1023K(1216K) NonClass: 939K(1024K)->939K(1024K) Class: 83K(192K)->83K(192K)
[21.633s][info   ][gc             ] GC(79) Pause Young (Allocation Failure) 1115M->1111M(2014M) 16.494ms
[21.633s][info   ][gc,cpu         ] GC(79) User=0.12s Sys=0.00s Real=0.02s
[21.633s][debug  ][gc,heap        ] GC(79) Heap after GC invocations=80 (full 13):
[21.633s][debug  ][gc,heap        ] GC(79)  PSYoungGen      total 227840K, used 30720K [0x00000000f0000000, 0x0000000100000000, 0x0000000100000000)
[21.633s][debug  ][gc,heap        ] GC(79)   eden space 193536K, 0% used [0x00000000f0000000,0x00000000f0000000,0x00000000fbd00000)
[21.633s][debug  ][gc,heap        ] GC(79)   from space 34304K, 89% used [0x00000000fde80000,0x00000000ffc80030,0x0000000100000000)
[21.633s][debug  ][gc,heap        ] GC(79)   to   space 34304K, 0% used [0x00000000fbd00000,0x00000000fbd00000,0x00000000fde80000)
[21.633s][debug  ][gc,heap        ] GC(79)  ParOldGen       total 1835008K, used 1107556K [0x0000000080000000, 0x00000000f0000000, 0x00000000f0000000)
[21.633s][debug  ][gc,heap        ] GC(79)   object space 1835008K, 60% used [0x0000000080000000,0x00000000c39992c8,0x00000000f0000000)
[21.633s][debug  ][gc,heap        ] GC(79)  Metaspace       used 1023K, committed 1216K, reserved 1056768K
[21.633s][debug  ][gc,heap        ] GC(79)   class space    used 83K, committed 192K, reserved 1048576K
[21.633s][debug  ][gc,task,time   ] GC(79) VM-Thread 216160446 216307859 216332591
[21.919s][debug  ][gc,heap        ] GC(80) Heap before GC invocations=81 (full 13):
[21.919s][debug  ][gc,heap        ] GC(80)  PSYoungGen      total 227840K, used 218793K [0x00000000f0000000, 0x0000000100000000, 0x0000000100000000)
[21.919s][debug  ][gc,heap        ] GC(80)   eden space 193536K, 97% used [0x00000000f0000000,0x00000000fb7aa468,0x00000000fbd00000)
[21.919s][debug  ][gc,heap        ] GC(80)   from space 34304K, 89% used [0x00000000fde80000,0x00000000ffc80030,0x0000000100000000)
[21.920s][debug  ][gc,heap        ] GC(80)   to   space 34304K, 0% used [0x00000000fbd00000,0x00000000fbd00000,0x00000000fde80000)
[21.920s][debug  ][gc,heap        ] GC(80)  ParOldGen       total 1835008K, used 1107556K [0x0000000080000000, 0x00000000f0000000, 0x00000000f0000000)
[21.920s][debug  ][gc,heap        ] GC(80)   object space 1835008K, 60% used [0x0000000080000000,0x00000000c39992c8,0x00000000f0000000)
[21.920s][debug  ][gc,heap        ] GC(80)  Metaspace       used 1023K, committed 1216K, reserved 1056768K
[21.920s][debug  ][gc,heap        ] GC(80)   class space    used 83K, committed 192K, reserved 1048576K
[21.920s][debug  ][gc,tlab        ] GC(80) TLAB totals: thrds: 1  refills: 1 max: 1 slow allocs: 17 max 17 waste: 26.8% gc: 3842888B max: 3842888B slow: 0B max: 0B
[21.920s][info   ][gc,start       ] GC(80) Pause Young (Allocation Failure)
[21.920s][debug  ][gc,phases,start] GC(80) Scavenge
[21.935s][debug  ][gc,phases      ] GC(80) Scavenge 15.162ms
[21.935s][debug  ][gc,phases,start] GC(80) Reference Processing
[21.935s][debug  ][gc,ref         ] GC(80) Skipped phase 1 of Reference Processing: no references
[21.935s][debug  ][gc,ref         ] GC(80) Skipped phase 2 of Reference Processing: no references
[21.935s][debug  ][gc,ref         ] GC(80) Skipped phase 3 of Reference Processing: no references
[21.935s][debug  ][gc,ref         ] GC(80) Skipped phase 4 of Reference Processing: no references
[21.935s][debug  ][gc,phases,ref  ] GC(80) Reference Processing: 0.1ms
[21.935s][debug  ][gc,phases,ref  ] GC(80)   Reconsider SoftReferences: 0.0ms
[21.935s][debug  ][gc,phases,ref  ] GC(80)     SoftRef (ms):                  skipped
[21.935s][debug  ][gc,phases,ref  ] GC(80)   Notify Soft/WeakReferences: 0.0ms
[21.935s][debug  ][gc,phases,ref  ] GC(80)     SoftRef (ms):                  skipped
[21.935s][debug  ][gc,phases,ref  ] GC(80)     WeakRef (ms):                  skipped
[21.935s][debug  ][gc,phases,ref  ] GC(80)     FinalRef (ms):                 skipped
[21.935s][debug  ][gc,phases,ref  ] GC(80)     Total (ms):                    skipped
[21.935s][debug  ][gc,phases,ref  ] GC(80)   Notify and keep alive finalizable: 0.0ms
[21.935s][debug  ][gc,phases,ref  ] GC(80)     FinalRef (ms):                 skipped
[21.935s][debug  ][gc,phases,ref  ] GC(80)   Notify PhantomReferences: 0.0ms
[21.935s][debug  ][gc,phases,ref  ] GC(80)     PhantomRef (ms):               skipped
[21.935s][debug  ][gc,phases,ref  ] GC(80)   SoftReference:
[21.936s][debug  ][gc,phases,ref  ] GC(80)     Discovered: 0
[21.936s][debug  ][gc,phases,ref  ] GC(80)     Cleared: 0
[21.936s][debug  ][gc,phases,ref  ] GC(80)   WeakReference:
[21.936s][debug  ][gc,phases,ref  ] GC(80)     Discovered: 0
[21.936s][debug  ][gc,phases,ref  ] GC(80)     Cleared: 0
[21.936s][debug  ][gc,phases,ref  ] GC(80)   FinalReference:
[21.936s][debug  ][gc,phases,ref  ] GC(80)     Discovered: 0
[21.936s][debug  ][gc,phases,ref  ] GC(80)     Cleared: 0
[21.936s][debug  ][gc,phases,ref  ] GC(80)   PhantomReference:
[21.936s][debug  ][gc,phases,ref  ] GC(80)     Discovered: 0
[21.936s][debug  ][gc,phases,ref  ] GC(80)     Cleared: 0
[21.936s][debug  ][gc,phases      ] GC(80) Reference Processing 0.732ms
[21.936s][debug  ][gc,phases,start] GC(80) Weak Processing
[21.936s][debug  ][gc,phases      ] GC(80)   VM Weak                        Min:  0.0, Avg:  0.0, Max:  0.0, Diff:  0.0, Sum:  0.0, Workers: 6
[21.936s][debug  ][gc,phases      ] GC(80)     Dead                           Min: 0, Avg:  0.0, Max: 0, Diff: 0, Sum: 0, Workers: 6
[21.936s][debug  ][gc,phases      ] GC(80)     Total                          Min: 0, Avg:  1.3, Max: 8, Diff: 8, Sum: 8, Workers: 6
[21.936s][debug  ][gc,phases      ] GC(80)   ObjectSynchronizer Weak        Min:  0.0, Avg:  0.0, Max:  0.0, Diff:  0.0, Sum:  0.0, Workers: 6
[21.936s][debug  ][gc,phases      ] GC(80)     Dead                           Min: 0, Avg:  0.0, Max: 0, Diff: 0, Sum: 0, Workers: 6
[21.936s][debug  ][gc,phases      ] GC(80)     Total                          Min: 0, Avg:  0.5, Max: 3, Diff: 3, Sum: 3, Workers: 6
[21.936s][debug  ][gc,phases      ] GC(80)   JVMTI Tag Weak OopStorage      Min:  0.0, Avg:  0.0, Max:  0.0, Diff:  0.0, Sum:  0.0, Workers: 6
[21.936s][debug  ][gc,phases      ] GC(80)     Dead                           Min: 0, Avg:  0.0, Max: 0, Diff: 0, Sum: 0, Workers: 6
[21.936s][debug  ][gc,phases      ] GC(80)     Total                          Min: 0, Avg:  0.0, Max: 0, Diff: 0, Sum: 0, Workers: 6
[21.936s][debug  ][gc,phases      ] GC(80)   StringTable Weak               Min:  0.0, Avg:  0.0, Max:  0.0, Diff:  0.0, Sum:  0.1, Workers: 6
[21.936s][debug  ][gc,phases      ] GC(80)     Dead                           Min: 0, Avg:  0.0, Max: 0, Diff: 0, Sum: 0, Workers: 6
[21.936s][debug  ][gc,phases      ] GC(80)     Total                          Min: 512, Avg: 892.5, Max: 1024, Diff: 512, Sum: 5355, Workers: 6
[21.936s][debug  ][gc,phases      ] GC(80)   ResolvedMethodTable Weak       Min:  0.0, Avg:  0.0, Max:  0.0, Diff:  0.0, Sum:  0.0, Workers: 6
[21.936s][debug  ][gc,phases      ] GC(80)     Dead                           Min: 0, Avg:  0.0, Max: 0, Diff: 0, Sum: 0, Workers: 6
[21.936s][debug  ][gc,phases      ] GC(80)     Total                          Min: 0, Avg: 21.5, Max: 64, Diff: 64, Sum: 129, Workers: 6
[21.936s][debug  ][gc,phases      ] GC(80)   JNI Weak                       Min:  0.0, Avg:  0.0, Max:  0.0, Diff:  0.0, Sum:  0.0, Workers: 6
[21.936s][debug  ][gc,phases      ] GC(80)     Dead                           Min: 0, Avg:  0.0, Max: 0, Diff: 0, Sum: 0, Workers: 6
[21.936s][debug  ][gc,phases      ] GC(80)     Total                          Min: 0, Avg:  0.0, Max: 0, Diff: 0, Sum: 0, Workers: 6
[21.936s][debug  ][gc,phases      ] GC(80)   StringDedup Table Weak         Min:  0.0, Avg:  0.0, Max:  0.0, Diff:  0.0, Sum:  0.0, Workers: 6
[21.936s][debug  ][gc,phases      ] GC(80)     Dead                           Min: 0, Avg:  0.0, Max: 0, Diff: 0, Sum: 0, Workers: 6
[21.936s][debug  ][gc,phases      ] GC(80)     Total                          Min: 0, Avg:  0.0, Max: 0, Diff: 0, Sum: 0, Workers: 6
[21.936s][debug  ][gc,phases      ] GC(80)   StringDedup Requests0 Weak     Min:  0.0, Avg:  0.0, Max:  0.0, Diff:  0.0, Sum:  0.0, Workers: 6
[21.936s][debug  ][gc,phases      ] GC(80)     Dead                           Min: 0, Avg:  0.0, Max: 0, Diff: 0, Sum: 0, Workers: 6
[21.937s][debug  ][gc,phases      ] GC(80)     Total                          Min: 0, Avg:  0.0, Max: 0, Diff: 0, Sum: 0, Workers: 6
[21.937s][debug  ][gc,phases      ] GC(80)   StringDedup Requests1 Weak     Min:  0.0, Avg:  0.0, Max:  0.0, Diff:  0.0, Sum:  0.0, Workers: 6
[21.937s][debug  ][gc,phases      ] GC(80)     Dead                           Min: 0, Avg:  0.0, Max: 0, Diff: 0, Sum: 0, Workers: 6
[21.937s][debug  ][gc,phases      ] GC(80)     Total                          Min: 0, Avg:  0.0, Max: 0, Diff: 0, Sum: 0, Workers: 6
[21.937s][debug  ][gc,phases      ] GC(80)   Weak JFR Old Object Samples    Min:  0.0, Avg:  0.0, Max:  0.0, Diff:  0.0, Sum:  0.0, Workers: 6
[21.937s][debug  ][gc,phases      ] GC(80)     Dead                           Min: 0, Avg:  0.0, Max: 0, Diff: 0, Sum: 0, Workers: 6
[21.937s][debug  ][gc,phases      ] GC(80)     Total                          Min: 0, Avg:  0.0, Max: 0, Diff: 0, Sum: 0, Workers: 6
[21.937s][debug  ][gc,phases      ] GC(80) Weak Processing 0.878ms
[21.937s][debug  ][gc,ergo        ] GC(80) AdaptiveSizeStart:  collection: 81 
[21.937s][debug  ][gc,ergo        ] GC(80) avg_survived_padded_avg: 34619568.000000
[21.937s][debug  ][gc,ergo        ] GC(80) avg_promoted_padded_avg: 261878048.000000  avg_pretenured_padded_avg: 0.000000  tenuring_thresh: 3  target_size: 35127296
[21.937s][debug  ][gc,age         ] GC(80) Desired survivor size 35127296 bytes, new threshold 3 (max threshold 15)
[21.937s][debug  ][gc,ergo        ] GC(80) PSAdaptiveSizePolicy::compute_eden_space_size limits: desired_eden_size: 217407945 old_eden_size: 197656576 eden_limit: 198180864 cur_eden: 198180864 max_eden_size: 198180864 avg_young_live: 26836106
[21.937s][debug  ][gc,ergo        ] GC(80) PSAdaptiveSizePolicy::compute_eden_space_size: costs minor_time: 0.046428 major_cost: 0.049788 mutator_cost: 0.903784 throughput_goal: 0.990000
[21.937s][debug  ][gc,ergo        ] GC(80) Live_space: 980515328 free_space: 1397751808
[21.937s][debug  ][gc,ergo        ] GC(80) Old eden_size: 197656576 desired_eden_size: 198180864
[21.937s][debug  ][gc,ergo        ] GC(80) AdaptiveSizeStop: collection: 81 
[21.937s][info   ][gc,heap        ] GC(80) PSYoungGen: 218793K(227840K)->30720K(227840K) Eden: 188073K(193536K)->0K(193536K) From: 30720K(34304K)->30720K(34304K)
[21.937s][info   ][gc,heap        ] GC(80) ParOldGen: 1107556K(1835008K)->1291876K(1835008K)
[21.937s][info   ][gc,metaspace   ] GC(80) Metaspace: 1023K(1216K)->1023K(1216K) NonClass: 939K(1024K)->939K(1024K) Class: 83K(192K)->83K(192K)
[21.937s][info   ][gc             ] GC(80) Pause Young (Allocation Failure) 1295M->1291M(2014M) 17.334ms
[21.937s][info   ][gc,cpu         ] GC(80) User=0.11s Sys=0.00s Real=0.02s
[21.937s][debug  ][gc,heap        ] GC(80) Heap after GC invocations=81 (full 13):
[21.937s][debug  ][gc,heap        ] GC(80)  PSYoungGen      total 227840K, used 30720K [0x00000000f0000000, 0x0000000100000000, 0x0000000100000000)
[21.937s][debug  ][gc,heap        ] GC(80)   eden space 193536K, 0% used [0x00000000f0000000,0x00000000f0000000,0x00000000fbd00000)
[21.937s][debug  ][gc,heap        ] GC(80)   from space 34304K, 89% used [0x00000000fbd00000,0x00000000fdb00030,0x00000000fde80000)
[21.937s][debug  ][gc,heap        ] GC(80)   to   space 34304K, 0% used [0x00000000fde80000,0x00000000fde80000,0x0000000100000000)
[21.937s][debug  ][gc,heap        ] GC(80)  ParOldGen       total 1835008K, used 1291876K [0x0000000080000000, 0x00000000f0000000, 0x00000000f0000000)
[21.937s][debug  ][gc,heap        ] GC(80)   object space 1835008K, 70% used [0x0000000080000000,0x00000000ced993e8,0x00000000f0000000)
[21.937s][debug  ][gc,heap        ] GC(80)  Metaspace       used 1023K, committed 1216K, reserved 1056768K
[21.937s][debug  ][gc,heap        ] GC(80)   class space    used 83K, committed 192K, reserved 1048576K
[21.937s][debug  ][gc,task,time   ] GC(80) VM-Thread 219192517 219350573 219373699
[22.218s][debug  ][gc,heap        ] GC(81) Heap before GC invocations=82 (full 13):
[22.219s][debug  ][gc,heap        ] GC(81)  PSYoungGen      total 227840K, used 218807K [0x00000000f0000000, 0x0000000100000000, 0x0000000100000000)
[22.219s][debug  ][gc,heap        ] GC(81)   eden space 193536K, 97% used [0x00000000f0000000,0x00000000fb7add50,0x00000000fbd00000)
[22.219s][debug  ][gc,heap        ] GC(81)   from space 34304K, 89% used [0x00000000fbd00000,0x00000000fdb00030,0x00000000fde80000)
[22.219s][debug  ][gc,heap        ] GC(81)   to   space 34304K, 0% used [0x00000000fde80000,0x00000000fde80000,0x0000000100000000)
[22.219s][debug  ][gc,heap        ] GC(81)  ParOldGen       total 1835008K, used 1291876K [0x0000000080000000, 0x00000000f0000000, 0x00000000f0000000)
[22.219s][debug  ][gc,heap        ] GC(81)   object space 1835008K, 70% used [0x0000000080000000,0x00000000ced993e8,0x00000000f0000000)
[22.219s][debug  ][gc,heap        ] GC(81)  Metaspace       used 1023K, committed 1216K, reserved 1056768K
[22.219s][debug  ][gc,heap        ] GC(81)   class space    used 83K, committed 192K, reserved 1048576K
[22.219s][debug  ][gc,tlab        ] GC(81) TLAB totals: thrds: 1  refills: 1 max: 1 slow allocs: 17 max 17 waste: 26.9% gc: 3857456B max: 3857456B slow: 0B max: 0B
[22.219s][info   ][gc,start       ] GC(81) Pause Young (Allocation Failure)
[22.219s][debug  ][gc,phases,start] GC(81) Scavenge
[22.233s][debug  ][gc,phases      ] GC(81) Scavenge 14.462ms
[22.233s][debug  ][gc,phases,start] GC(81) Reference Processing
[22.233s][debug  ][gc,ref         ] GC(81) Skipped phase 1 of Reference Processing: no references
[22.233s][debug  ][gc,ref         ] GC(81) Skipped phase 2 of Reference Processing: no references
[22.234s][debug  ][gc,ref         ] GC(81) Skipped phase 3 of Reference Processing: no references
[22.234s][debug  ][gc,ref         ] GC(81) Skipped phase 4 of Reference Processing: no references
[22.234s][debug  ][gc,phases,ref  ] GC(81) Reference Processing: 0.1ms
[22.234s][debug  ][gc,phases,ref  ] GC(81)   Reconsider SoftReferences: 0.0ms
[22.234s][debug  ][gc,phases,ref  ] GC(81)     SoftRef (ms):                  skipped
[22.234s][debug  ][gc,phases,ref  ] GC(81)   Notify Soft/WeakReferences: 0.0ms
[22.234s][debug  ][gc,phases,ref  ] GC(81)     SoftRef (ms):                  skipped
[22.234s][debug  ][gc,phases,ref  ] GC(81)     WeakRef (ms):                  skipped
[22.234s][debug  ][gc,phases,ref  ] GC(81)     FinalRef (ms):                 skipped
[22.234s][debug  ][gc,phases,ref  ] GC(81)     Total (ms):                    skipped
[22.234s][debug  ][gc,phases,ref  ] GC(81)   Notify and keep alive finalizable: 0.0ms
[22.234s][debug  ][gc,phases,ref  ] GC(81)     FinalRef (ms):                 skipped
[22.234s][debug  ][gc,phases,ref  ] GC(81)   Notify PhantomReferences: 0.0ms
[22.234s][debug  ][gc,phases,ref  ] GC(81)     PhantomRef (ms):               skipped
[22.234s][debug  ][gc,phases,ref  ] GC(81)   SoftReference:
[22.234s][debug  ][gc,phases,ref  ] GC(81)     Discovered: 0
[22.234s][debug  ][gc,phases,ref  ] GC(81)     Cleared: 0
[22.234s][debug  ][gc,phases,ref  ] GC(81)   WeakReference:
[22.234s][debug  ][gc,phases,ref  ] GC(81)     Discovered: 0
[22.234s][debug  ][gc,phases,ref  ] GC(81)     Cleared: 0
[22.234s][debug  ][gc,phases,ref  ] GC(81)   FinalReference:
[22.234s][debug  ][gc,phases,ref  ] GC(81)     Discovered: 0
[22.234s][debug  ][gc,phases,ref  ] GC(81)     Cleared: 0
[22.234s][debug  ][gc,phases,ref  ] GC(81)   PhantomReference:
[22.234s][debug  ][gc,phases,ref  ] GC(81)     Discovered: 0
[22.234s][debug  ][gc,phases,ref  ] GC(81)     Cleared: 0
[22.234s][debug  ][gc,phases      ] GC(81) Reference Processing 0.659ms
[22.234s][debug  ][gc,phases,start] GC(81) Weak Processing
[22.234s][debug  ][gc,phases      ] GC(81)   VM Weak                        Min:  0.0, Avg:  0.0, Max:  0.0, Diff:  0.0, Sum:  0.0, Workers: 6
[22.234s][debug  ][gc,phases      ] GC(81)     Dead                           Min: 0, Avg:  0.0, Max: 0, Diff: 0, Sum: 0, Workers: 6
[22.234s][debug  ][gc,phases      ] GC(81)     Total                          Min: 0, Avg:  1.3, Max: 8, Diff: 8, Sum: 8, Workers: 6
[22.234s][debug  ][gc,phases      ] GC(81)   ObjectSynchronizer Weak        Min:  0.0, Avg:  0.0, Max:  0.0, Diff:  0.0, Sum:  0.0, Workers: 6
[22.234s][debug  ][gc,phases      ] GC(81)     Dead                           Min: 0, Avg:  0.0, Max: 0, Diff: 0, Sum: 0, Workers: 6
[22.234s][debug  ][gc,phases      ] GC(81)     Total                          Min: 0, Avg:  0.5, Max: 3, Diff: 3, Sum: 3, Workers: 6
[22.234s][debug  ][gc,phases      ] GC(81)   JVMTI Tag Weak OopStorage      Min:  0.0, Avg:  0.0, Max:  0.0, Diff:  0.0, Sum:  0.0, Workers: 6
[22.234s][debug  ][gc,phases      ] GC(81)     Dead                           Min: 0, Avg:  0.0, Max: 0, Diff: 0, Sum: 0, Workers: 6
[22.234s][debug  ][gc,phases      ] GC(81)     Total                          Min: 0, Avg:  0.0, Max: 0, Diff: 0, Sum: 0, Workers: 6
[22.234s][debug  ][gc,phases      ] GC(81)   StringTable Weak               Min:  0.0, Avg:  0.0, Max:  0.0, Diff:  0.0, Sum:  0.0, Workers: 6
[22.234s][debug  ][gc,phases      ] GC(81)     Dead                           Min: 0, Avg:  0.0, Max: 0, Diff: 0, Sum: 0, Workers: 6
[22.234s][debug  ][gc,phases      ] GC(81)     Total                          Min: 748, Avg: 892.5, Max: 960, Diff: 212, Sum: 5355, Workers: 6
[22.234s][debug  ][gc,phases      ] GC(81)   ResolvedMethodTable Weak       Min:  0.0, Avg:  0.0, Max:  0.0, Diff:  0.0, Sum:  0.0, Workers: 6
[22.235s][debug  ][gc,phases      ] GC(81)     Dead                           Min: 0, Avg:  0.0, Max: 0, Diff: 0, Sum: 0, Workers: 6
[22.235s][debug  ][gc,phases      ] GC(81)     Total                          Min: 0, Avg: 21.5, Max: 64, Diff: 64, Sum: 129, Workers: 6
[22.235s][debug  ][gc,phases      ] GC(81)   JNI Weak                       Min:  0.0, Avg:  0.0, Max:  0.0, Diff:  0.0, Sum:  0.0, Workers: 6
[22.235s][debug  ][gc,phases      ] GC(81)     Dead                           Min: 0, Avg:  0.0, Max: 0, Diff: 0, Sum: 0, Workers: 6
[22.235s][debug  ][gc,phases      ] GC(81)     Total                          Min: 0, Avg:  0.0, Max: 0, Diff: 0, Sum: 0, Workers: 6
[22.235s][debug  ][gc,phases      ] GC(81)   StringDedup Table Weak         Min:  0.0, Avg:  0.0, Max:  0.0, Diff:  0.0, Sum:  0.0, Workers: 6
[22.235s][debug  ][gc,phases      ] GC(81)     Dead                           Min: 0, Avg:  0.0, Max: 0, Diff: 0, Sum: 0, Workers: 6
[22.235s][debug  ][gc,phases      ] GC(81)     Total                          Min: 0, Avg:  0.0, Max: 0, Diff: 0, Sum: 0, Workers: 6
[22.235s][debug  ][gc,phases      ] GC(81)   StringDedup Requests0 Weak     Min:  0.0, Avg:  0.0, Max:  0.0, Diff:  0.0, Sum:  0.0, Workers: 6
[22.235s][debug  ][gc,phases      ] GC(81)     Dead                           Min: 0, Avg:  0.0, Max: 0, Diff: 0, Sum: 0, Workers: 6
[22.235s][debug  ][gc,phases      ] GC(81)     Total                          Min: 0, Avg:  0.0, Max: 0, Diff: 0, Sum: 0, Workers: 6
[22.235s][debug  ][gc,phases      ] GC(81)   StringDedup Requests1 Weak     Min:  0.0, Avg:  0.0, Max:  0.0, Diff:  0.0, Sum:  0.0, Workers: 6
[22.235s][debug  ][gc,phases      ] GC(81)     Dead                           Min: 0, Avg:  0.0, Max: 0, Diff: 0, Sum: 0, Workers: 6
[22.235s][debug  ][gc,phases      ] GC(81)     Total                          Min: 0, Avg:  0.0, Max: 0, Diff: 0, Sum: 0, Workers: 6
[22.235s][debug  ][gc,phases      ] GC(81)   Weak JFR Old Object Samples    Min:  0.0, Avg:  0.0, Max:  0.0, Diff:  0.0, Sum:  0.0, Workers: 6
[22.235s][debug  ][gc,phases      ] GC(81)     Dead                           Min: 0, Avg:  0.0, Max: 0, Diff: 0, Sum: 0, Workers: 6
[22.235s][debug  ][gc,phases      ] GC(81)     Total                          Min: 0, Avg:  0.0, Max: 0, Diff: 0, Sum: 0, Workers: 6
[22.235s][debug  ][gc,phases      ] GC(81) Weak Processing 0.759ms
[22.235s][debug  ][gc,ergo        ] GC(81) AdaptiveSizeStart:  collection: 82 
[22.235s][debug  ][gc,ergo        ] GC(81) avg_survived_padded_avg: 34417512.000000
[22.235s][debug  ][gc,ergo        ] GC(81) avg_promoted_padded_avg: 261516960.000000  avg_pretenured_padded_avg: 0.000000  tenuring_thresh: 3  target_size: 34603008
[22.235s][debug  ][gc,age         ] GC(81) Desired survivor size 34603008 bytes, new threshold 3 (max threshold 15)
[22.235s][debug  ][gc,ergo        ] GC(81) PSAdaptiveSizePolicy::compute_eden_space_size limits: desired_eden_size: 217789303 old_eden_size: 198180864 eden_limit: 198180864 cur_eden: 198180864 max_eden_size: 198180864 avg_young_live: 27298228
[22.235s][debug  ][gc,ergo        ] GC(81) PSAdaptiveSizePolicy::compute_eden_space_size: costs minor_time: 0.048241 major_cost: 0.049788 mutator_cost: 0.901971 throughput_goal: 0.990000
[22.235s][debug  ][gc,ergo        ] GC(81) Live_space: 980977472 free_space: 1398276096
[22.235s][debug  ][gc,ergo        ] GC(81) Old eden_size: 198180864 desired_eden_size: 198180864
[22.235s][debug  ][gc,ergo        ] GC(81) AdaptiveSizeStop: collection: 82 
[22.235s][info   ][gc,heap        ] GC(81) PSYoungGen: 218807K(227840K)->30720K(228352K) Eden: 188087K(193536K)->0K(194048K) From: 30720K(34304K)->30720K(34304K)
[22.235s][info   ][gc,heap        ] GC(81) ParOldGen: 1291876K(1835008K)->1476197K(1835008K)
[22.235s][info   ][gc,metaspace   ] GC(81) Metaspace: 1023K(1216K)->1023K(1216K) NonClass: 939K(1024K)->939K(1024K) Class: 83K(192K)->83K(192K)
[22.235s][info   ][gc             ] GC(81) Pause Young (Allocation Failure) 1475M->1471M(2015M) 16.330ms
[22.235s][info   ][gc,cpu         ] GC(81) User=0.12s Sys=0.00s Real=0.02s
[22.235s][debug  ][gc,heap        ] GC(81) Heap after GC invocations=82 (full 13):
[22.235s][debug  ][gc,heap        ] GC(81)  PSYoungGen      total 228352K, used 30720K [0x00000000f0000000, 0x0000000100000000, 0x0000000100000000)
[22.235s][debug  ][gc,heap        ] GC(81)   eden space 194048K, 0% used [0x00000000f0000000,0x00000000f0000000,0x00000000fbd80000)
[22.235s][debug  ][gc,heap        ] GC(81)   from space 34304K, 89% used [0x00000000fde80000,0x00000000ffc80030,0x0000000100000000)
[22.235s][debug  ][gc,heap        ] GC(81)   to   space 33792K, 0% used [0x00000000fbd80000,0x00000000fbd80000,0x00000000fde80000)
[22.235s][debug  ][gc,heap        ] GC(81)  ParOldGen       total 1835008K, used 1476197K [0x0000000080000000, 0x00000000f0000000, 0x00000000f0000000)
[22.235s][debug  ][gc,heap        ] GC(81)   object space 1835008K, 80% used [0x0000000080000000,0x00000000da199508,0x00000000f0000000)
[22.235s][debug  ][gc,heap        ] GC(81)  Metaspace       used 1023K, committed 1216K, reserved 1056768K
[22.235s][debug  ][gc,heap        ] GC(81)   class space    used 83K, committed 192K, reserved 1048576K
[22.235s][debug  ][gc,task,time   ] GC(81) VM-Thread 222184017 222334381 222354239
[22.522s][debug  ][gc,heap        ] GC(82) Heap before GC invocations=83 (full 13):
[22.522s][debug  ][gc,heap        ] GC(82)  PSYoungGen      total 228352K, used 218826K [0x00000000f0000000, 0x0000000100000000, 0x0000000100000000)
[22.522s][debug  ][gc,heap        ] GC(82)   eden space 194048K, 96% used [0x00000000f0000000,0x00000000fb7b29e0,0x00000000fbd80000)
[22.522s][debug  ][gc,heap        ] GC(82)   from space 34304K, 89% used [0x00000000fde80000,0x00000000ffc80030,0x0000000100000000)
[22.522s][debug  ][gc,heap        ] GC(82)   to   space 33792K, 0% used [0x00000000fbd80000,0x00000000fbd80000,0x00000000fde80000)
[22.522s][debug  ][gc,heap        ] GC(82)  ParOldGen       total 1835008K, used 1476197K [0x0000000080000000, 0x00000000f0000000, 0x00000000f0000000)
[22.522s][debug  ][gc,heap        ] GC(82)   object space 1835008K, 80% used [0x0000000080000000,0x00000000da199508,0x00000000f0000000)
[22.522s][debug  ][gc,heap        ] GC(82)  Metaspace       used 1023K, committed 1216K, reserved 1056768K
[22.522s][debug  ][gc,heap        ] GC(82)   class space    used 83K, committed 192K, reserved 1048576K
[22.522s][debug  ][gc,tlab        ] GC(82) TLAB totals: thrds: 1  refills: 1 max: 1 slow allocs: 17 max 17 waste: 27.0% gc: 3877056B max: 3877056B slow: 0B max: 0B
[22.522s][info   ][gc,start       ] GC(82) Pause Young (Allocation Failure)
[22.522s][debug  ][gc,phases,start] GC(82) Scavenge
[22.536s][debug  ][gc,phases      ] GC(82) Scavenge 14.349ms
[22.536s][debug  ][gc,phases,start] GC(82) Reference Processing
[22.536s][debug  ][gc,ref         ] GC(82) Skipped phase 1 of Reference Processing: no references
[22.536s][debug  ][gc,ref         ] GC(82) Skipped phase 2 of Reference Processing: no references
[22.536s][debug  ][gc,ref         ] GC(82) Skipped phase 3 of Reference Processing: no references
[22.536s][debug  ][gc,ref         ] GC(82) Skipped phase 4 of Reference Processing: no references
[22.536s][debug  ][gc,phases,ref  ] GC(82) Reference Processing: 0.1ms
[22.536s][debug  ][gc,phases,ref  ] GC(82)   Reconsider SoftReferences: 0.0ms
[22.537s][debug  ][gc,phases,ref  ] GC(82)     SoftRef (ms):                  skipped
[22.537s][debug  ][gc,phases,ref  ] GC(82)   Notify Soft/WeakReferences: 0.0ms
[22.537s][debug  ][gc,phases,ref  ] GC(82)     SoftRef (ms):                  skipped
[22.537s][debug  ][gc,phases,ref  ] GC(82)     WeakRef (ms):                  skipped
[22.537s][debug  ][gc,phases,ref  ] GC(82)     FinalRef (ms):                 skipped
[22.537s][debug  ][gc,phases,ref  ] GC(82)     Total (ms):                    skipped
[22.537s][debug  ][gc,phases,ref  ] GC(82)   Notify and keep alive finalizable: 0.0ms
[22.537s][debug  ][gc,phases,ref  ] GC(82)     FinalRef (ms):                 skipped
[22.537s][debug  ][gc,phases,ref  ] GC(82)   Notify PhantomReferences: 0.0ms
[22.537s][debug  ][gc,phases,ref  ] GC(82)     PhantomRef (ms):               skipped
[22.537s][debug  ][gc,phases,ref  ] GC(82)   SoftReference:
[22.537s][debug  ][gc,phases,ref  ] GC(82)     Discovered: 0
[22.537s][debug  ][gc,phases,ref  ] GC(82)     Cleared: 0
[22.537s][debug  ][gc,phases,ref  ] GC(82)   WeakReference:
[22.537s][debug  ][gc,phases,ref  ] GC(82)     Discovered: 0
[22.537s][debug  ][gc,phases,ref  ] GC(82)     Cleared: 0
[22.537s][debug  ][gc,phases,ref  ] GC(82)   FinalReference:
[22.537s][debug  ][gc,phases,ref  ] GC(82)     Discovered: 0
[22.537s][debug  ][gc,phases,ref  ] GC(82)     Cleared: 0
[22.537s][debug  ][gc,phases,ref  ] GC(82)   PhantomReference:
[22.537s][debug  ][gc,phases,ref  ] GC(82)     Discovered: 0
[22.537s][debug  ][gc,phases,ref  ] GC(82)     Cleared: 0
[22.537s][debug  ][gc,phases      ] GC(82) Reference Processing 0.647ms
[22.537s][debug  ][gc,phases,start] GC(82) Weak Processing
[22.537s][debug  ][gc,phases      ] GC(82)   VM Weak                        Min:  0.0, Avg:  0.0, Max:  0.0, Diff:  0.0, Sum:  0.0, Workers: 6
[22.537s][debug  ][gc,phases      ] GC(82)     Dead                           Min: 0, Avg:  0.0, Max: 0, Diff: 0, Sum: 0, Workers: 6
[22.537s][debug  ][gc,phases      ] GC(82)     Total                          Min: 0, Avg:  1.3, Max: 8, Diff: 8, Sum: 8, Workers: 6
[22.537s][debug  ][gc,phases      ] GC(82)   ObjectSynchronizer Weak        Min:  0.0, Avg:  0.0, Max:  0.0, Diff:  0.0, Sum:  0.0, Workers: 6
[22.537s][debug  ][gc,phases      ] GC(82)     Dead                           Min: 0, Avg:  0.0, Max: 0, Diff: 0, Sum: 0, Workers: 6
[22.537s][debug  ][gc,phases      ] GC(82)     Total                          Min: 0, Avg:  0.5, Max: 3, Diff: 3, Sum: 3, Workers: 6
[22.537s][debug  ][gc,phases      ] GC(82)   JVMTI Tag Weak OopStorage      Min:  0.0, Avg:  0.0, Max:  0.0, Diff:  0.0, Sum:  0.0, Workers: 6
[22.537s][debug  ][gc,phases      ] GC(82)     Dead                           Min: 0, Avg:  0.0, Max: 0, Diff: 0, Sum: 0, Workers: 6
[22.537s][debug  ][gc,phases      ] GC(82)     Total                          Min: 0, Avg:  0.0, Max: 0, Diff: 0, Sum: 0, Workers: 6
[22.537s][debug  ][gc,phases      ] GC(82)   StringTable Weak               Min:  0.0, Avg:  0.0, Max:  0.0, Diff:  0.0, Sum:  0.0, Workers: 6
[22.537s][debug  ][gc,phases      ] GC(82)     Dead                           Min: 0, Avg:  0.0, Max: 0, Diff: 0, Sum: 0, Workers: 6
[22.537s][debug  ][gc,phases      ] GC(82)     Total                          Min: 704, Avg: 892.5, Max: 1024, Diff: 320, Sum: 5355, Workers: 6
[22.537s][debug  ][gc,phases      ] GC(82)   ResolvedMethodTable Weak       Min:  0.0, Avg:  0.0, Max:  0.0, Diff:  0.0, Sum:  0.0, Workers: 6
[22.537s][debug  ][gc,phases      ] GC(82)     Dead                           Min: 0, Avg:  0.0, Max: 0, Diff: 0, Sum: 0, Workers: 6
[22.537s][debug  ][gc,phases      ] GC(82)     Total                          Min: 0, Avg: 21.5, Max: 64, Diff: 64, Sum: 129, Workers: 6
[22.537s][debug  ][gc,phases      ] GC(82)   JNI Weak                       Min:  0.0, Avg:  0.0, Max:  0.0, Diff:  0.0, Sum:  0.0, Workers: 6
[22.537s][debug  ][gc,phases      ] GC(82)     Dead                           Min: 0, Avg:  0.0, Max: 0, Diff: 0, Sum: 0, Workers: 6
[22.537s][debug  ][gc,phases      ] GC(82)     Total                          Min: 0, Avg:  0.0, Max: 0, Diff: 0, Sum: 0, Workers: 6
[22.537s][debug  ][gc,phases      ] GC(82)   StringDedup Table Weak         Min:  0.0, Avg:  0.0, Max:  0.0, Diff:  0.0, Sum:  0.0, Workers: 6
[22.537s][debug  ][gc,phases      ] GC(82)     Dead                           Min: 0, Avg:  0.0, Max: 0, Diff: 0, Sum: 0, Workers: 6
[22.538s][debug  ][gc,phases      ] GC(82)     Total                          Min: 0, Avg:  0.0, Max: 0, Diff: 0, Sum: 0, Workers: 6
[22.538s][debug  ][gc,phases      ] GC(82)   StringDedup Requests0 Weak     Min:  0.0, Avg:  0.0, Max:  0.0, Diff:  0.0, Sum:  0.0, Workers: 6
[22.538s][debug  ][gc,phases      ] GC(82)     Dead                           Min: 0, Avg:  0.0, Max: 0, Diff: 0, Sum: 0, Workers: 6
[22.538s][debug  ][gc,phases      ] GC(82)     Total                          Min: 0, Avg:  0.0, Max: 0, Diff: 0, Sum: 0, Workers: 6
[22.538s][debug  ][gc,phases      ] GC(82)   StringDedup Requests1 Weak     Min:  0.0, Avg:  0.0, Max:  0.0, Diff:  0.0, Sum:  0.0, Workers: 6
[22.538s][debug  ][gc,phases      ] GC(82)     Dead                           Min: 0, Avg:  0.0, Max: 0, Diff: 0, Sum: 0, Workers: 6
[22.538s][debug  ][gc,phases      ] GC(82)     Total                          Min: 0, Avg:  0.0, Max: 0, Diff: 0, Sum: 0, Workers: 6
[22.538s][debug  ][gc,phases      ] GC(82)   Weak JFR Old Object Samples    Min:  0.0, Avg:  0.0, Max:  0.0, Diff:  0.0, Sum:  0.0, Workers: 6
[22.538s][debug  ][gc,phases      ] GC(82)     Dead                           Min: 0, Avg:  0.0, Max: 0, Diff: 0, Sum: 0, Workers: 6
[22.538s][debug  ][gc,phases      ] GC(82)     Total                          Min: 0, Avg:  0.0, Max: 0, Diff: 0, Sum: 0, Workers: 6
[22.538s][debug  ][gc,phases      ] GC(82) Weak Processing 0.683ms
[22.538s][debug  ][gc,ergo        ] GC(82) AdaptiveSizeStart:  collection: 83 
[22.538s][debug  ][gc,ergo        ] GC(82) avg_survived_padded_avg: 34224240.000000
[22.538s][debug  ][gc,ergo        ] GC(82) avg_promoted_padded_avg: 260496736.000000  avg_pretenured_padded_avg: 0.000000  tenuring_thresh: 3  target_size: 34603008
[22.538s][debug  ][gc,age         ] GC(82) Desired survivor size 34603008 bytes, new threshold 3 (max threshold 15)
[22.538s][debug  ][gc,ergo        ] GC(82) PSAdaptiveSizePolicy::compute_eden_space_size limits: desired_eden_size: 218511628 old_eden_size: 198180864 eden_limit: 198705152 cur_eden: 198705152 max_eden_size: 198705152 avg_young_live: 27714136
[22.538s][debug  ][gc,ergo        ] GC(82) PSAdaptiveSizePolicy::compute_eden_space_size: costs minor_time: 0.049209 major_cost: 0.049788 mutator_cost: 0.901002 throughput_goal: 0.990000
[22.538s][debug  ][gc,ergo        ] GC(82) Live_space: 981393408 free_space: 1398276096
[22.538s][debug  ][gc,ergo        ] GC(82) Old eden_size: 198180864 desired_eden_size: 198705152
[22.538s][debug  ][gc,ergo        ] GC(82) AdaptiveSizeStop: collection: 83 
[22.538s][info   ][gc,heap        ] GC(82) PSYoungGen: 218826K(228352K)->30720K(227840K) Eden: 188106K(194048K)->0K(194048K) From: 30720K(34304K)->30720K(33792K)
[22.538s][info   ][gc,heap        ] GC(82) ParOldGen: 1476197K(1835008K)->1660517K(1835008K)
[22.538s][info   ][gc,metaspace   ] GC(82) Metaspace: 1023K(1216K)->1023K(1216K) NonClass: 939K(1024K)->939K(1024K) Class: 83K(192K)->83K(192K)
[22.538s][info   ][gc             ] GC(82) Pause Young (Allocation Failure) 1655M->1651M(2014M) 16.084ms
[22.538s][info   ][gc,cpu         ] GC(82) User=0.11s Sys=0.00s Real=0.02s
[22.538s][debug  ][gc,heap        ] GC(82) Heap after GC invocations=83 (full 13):
[22.538s][debug  ][gc,heap        ] GC(82)  PSYoungGen      total 227840K, used 30720K [0x00000000f0000000, 0x0000000100000000, 0x0000000100000000)
[22.538s][debug  ][gc,heap        ] GC(82)   eden space 194048K, 0% used [0x00000000f0000000,0x00000000f0000000,0x00000000fbd80000)
[22.538s][debug  ][gc,heap        ] GC(82)   from space 33792K, 90% used [0x00000000fbd80000,0x00000000fdb80030,0x00000000fde80000)
[22.538s][debug  ][gc,heap        ] GC(82)   to   space 33792K, 0% used [0x00000000fdf00000,0x00000000fdf00000,0x0000000100000000)
[22.538s][debug  ][gc,heap        ] GC(82)  ParOldGen       total 1835008K, used 1660517K [0x0000000080000000, 0x00000000f0000000, 0x00000000f0000000)
[22.538s][debug  ][gc,heap        ] GC(82)   object space 1835008K, 90% used [0x0000000080000000,0x00000000e5599628,0x00000000f0000000)
[22.538s][debug  ][gc,heap        ] GC(82)  Metaspace       used 1023K, committed 1216K, reserved 1056768K
[22.538s][debug  ][gc,heap        ] GC(82)   class space    used 83K, committed 192K, reserved 1048576K
[22.538s][debug  ][gc,task,time   ] GC(82) VM-Thread 225216104 225363654 225382394
[22.538s][debug  ][gc,phases,start] GC(83) Pre Compact
[22.538s][debug  ][gc,heap        ] GC(83) Heap before GC invocations=84 (full 14):
[22.538s][debug  ][gc,heap        ] GC(83)  PSYoungGen      total 227840K, used 30720K [0x00000000f0000000, 0x0000000100000000, 0x0000000100000000)
[22.538s][debug  ][gc,heap        ] GC(83)   eden space 194048K, 0% used [0x00000000f0000000,0x00000000f0000000,0x00000000fbd80000)
[22.538s][debug  ][gc,heap        ] GC(83)   from space 33792K, 90% used [0x00000000fbd80000,0x00000000fdb80030,0x00000000fde80000)
[22.538s][debug  ][gc,heap        ] GC(83)   to   space 33792K, 0% used [0x00000000fdf00000,0x00000000fdf00000,0x0000000100000000)
[22.538s][debug  ][gc,heap        ] GC(83)  ParOldGen       total 1835008K, used 1660517K [0x0000000080000000, 0x00000000f0000000, 0x00000000f0000000)
[22.538s][debug  ][gc,heap        ] GC(83)   object space 1835008K, 90% used [0x0000000080000000,0x00000000e5599628,0x00000000f0000000)
[22.538s][debug  ][gc,heap        ] GC(83)  Metaspace       used 1023K, committed 1216K, reserved 1056768K
[22.538s][debug  ][gc,heap        ] GC(83)   class space    used 83K, committed 192K, reserved 1048576K
[22.538s][debug  ][gc,phases      ] GC(83) Pre Compact 0.202ms
[22.538s][info   ][gc,start       ] GC(83) Pause Full (Ergonomics)
[22.539s][info   ][gc,phases,start] GC(83) Marking Phase
[22.539s][debug  ][gc,phases,start] GC(83) Par Mark
[22.539s][debug  ][gc,phases      ] GC(83) Par Mark 0.530ms
[22.539s][debug  ][gc,phases,start] GC(83) Reference Processing
[22.539s][debug  ][gc,ref         ] GC(83) Skipped phase 1 of Reference Processing: no references
[22.539s][debug  ][gc,ref         ] GC(83) ReferenceProcessor::execute queues: 1, RefProcThreadModel::Single, marks_oops_alive: false
[22.539s][debug  ][gc,ref         ] GC(83) Skipped phase 3 of Reference Processing: no references
[22.539s][debug  ][gc,ref         ] GC(83) ReferenceProcessor::execute queues: 1, RefProcThreadModel::Single, marks_oops_alive: false
[22.539s][debug  ][gc,phases,ref  ] GC(83) Reference Processing: 0.1ms
[22.539s][debug  ][gc,phases,ref  ] GC(83)   Reconsider SoftReferences: 0.0ms
[22.539s][debug  ][gc,phases,ref  ] GC(83)     SoftRef (ms):                  skipped
[22.539s][debug  ][gc,phases,ref  ] GC(83)   Notify Soft/WeakReferences: 0.0ms
[22.539s][debug  ][gc,phases,ref  ] GC(83)     SoftRef (ms):                  Min:  0.0, Avg:  0.0, Max:  0.0, Diff:  0.0, Sum:  0.0, Workers: 8
[22.539s][debug  ][gc,phases,ref  ] GC(83)     WeakRef (ms):                  Min:  0.0, Avg:  0.0, Max:  0.0, Diff:  0.0, Sum:  0.0, Workers: 8
[22.539s][debug  ][gc,phases,ref  ] GC(83)     FinalRef (ms):                 Min:  0.0, Avg:  0.0, Max:  0.0, Diff:  0.0, Sum:  0.0, Workers: 8
[22.539s][debug  ][gc,phases,ref  ] GC(83)     Total (ms):                    Min:  0.0, Avg:  0.0, Max:  0.0, Diff:  0.0, Sum:  0.0, Workers: 8
[22.539s][debug  ][gc,phases,ref  ] GC(83)   Notify and keep alive finalizable: 0.0ms
[22.539s][debug  ][gc,phases,ref  ] GC(83)     FinalRef (ms):                 skipped
[22.539s][debug  ][gc,phases,ref  ] GC(83)   Notify PhantomReferences: 0.0ms
[22.539s][debug  ][gc,phases,ref  ] GC(83)     PhantomRef (ms):               Min:  0.0, Avg:  0.0, Max:  0.0, Diff:  0.0, Sum:  0.0, Workers: 8
[22.539s][debug  ][gc,phases,ref  ] GC(83)   SoftReference:
[22.539s][debug  ][gc,phases,ref  ] GC(83)     Discovered: 0
[22.539s][debug  ][gc,phases,ref  ] GC(83)     Cleared: 0
[22.540s][debug  ][gc,phases,ref  ] GC(83)   WeakReference:
[22.540s][debug  ][gc,phases,ref  ] GC(83)     Discovered: 88
[22.540s][debug  ][gc,phases,ref  ] GC(83)     Cleared: 88
[22.540s][debug  ][gc,phases,ref  ] GC(83)   FinalReference:
[22.540s][debug  ][gc,phases,ref  ] GC(83)     Discovered: 0
[22.540s][debug  ][gc,phases,ref  ] GC(83)     Cleared: 0
[22.540s][debug  ][gc,phases,ref  ] GC(83)   PhantomReference:
[22.540s][debug  ][gc,phases,ref  ] GC(83)     Discovered: 5
[22.540s][debug  ][gc,phases,ref  ] GC(83)     Cleared: 5
[22.540s][debug  ][gc,phases      ] GC(83) Reference Processing 0.589ms
[22.540s][debug  ][gc,phases,start] GC(83) Weak Processing
[22.540s][debug  ][gc,phases      ] GC(83)   VM Weak                        Min:  0.0, Avg:  0.0, Max:  0.0, Diff:  0.0, Sum:  0.0, Workers: 6
[22.540s][debug  ][gc,phases      ] GC(83)     Dead                           Min: 0, Avg:  0.0, Max: 0, Diff: 0, Sum: 0, Workers: 6
[22.540s][debug  ][gc,phases      ] GC(83)     Total                          Min: 0, Avg:  1.3, Max: 8, Diff: 8, Sum: 8, Workers: 6
[22.540s][debug  ][gc,phases      ] GC(83)   ObjectSynchronizer Weak        Min:  0.0, Avg:  0.0, Max:  0.0, Diff:  0.0, Sum:  0.0, Workers: 6
[22.540s][debug  ][gc,phases      ] GC(83)     Dead                           Min: 0, Avg:  0.0, Max: 0, Diff: 0, Sum: 0, Workers: 6
[22.540s][debug  ][gc,phases      ] GC(83)     Total                          Min: 0, Avg:  0.5, Max: 3, Diff: 3, Sum: 3, Workers: 6
[22.540s][debug  ][gc,phases      ] GC(83)   JVMTI Tag Weak OopStorage      Min:  0.0, Avg:  0.0, Max:  0.0, Diff:  0.0, Sum:  0.0, Workers: 6
[22.540s][debug  ][gc,phases      ] GC(83)     Dead                           Min: 0, Avg:  0.0, Max: 0, Diff: 0, Sum: 0, Workers: 6
[22.540s][debug  ][gc,phases      ] GC(83)     Total                          Min: 0, Avg:  0.0, Max: 0, Diff: 0, Sum: 0, Workers: 6
[22.540s][debug  ][gc,phases      ] GC(83)   StringTable Weak               Min:  0.0, Avg:  0.0, Max:  0.0, Diff:  0.0, Sum:  0.0, Workers: 6
[22.540s][debug  ][gc,phases      ] GC(83)     Dead                           Min: 0, Avg:  0.0, Max: 0, Diff: 0, Sum: 0, Workers: 6
[22.540s][debug  ][gc,phases      ] GC(83)     Total                          Min: 704, Avg: 892.5, Max: 1216, Diff: 512, Sum: 5355, Workers: 6
[22.540s][debug  ][gc,phases      ] GC(83)   ResolvedMethodTable Weak       Min:  0.0, Avg:  0.0, Max:  0.0, Diff:  0.0, Sum:  0.0, Workers: 6
[22.540s][debug  ][gc,phases      ] GC(83)     Dead                           Min: 0, Avg:  0.0, Max: 0, Diff: 0, Sum: 0, Workers: 6
[22.540s][debug  ][gc,phases      ] GC(83)     Total                          Min: 0, Avg: 21.5, Max: 64, Diff: 64, Sum: 129, Workers: 6
[22.540s][debug  ][gc,phases      ] GC(83)   JNI Weak                       Min:  0.0, Avg:  0.0, Max:  0.0, Diff:  0.0, Sum:  0.0, Workers: 6
[22.540s][debug  ][gc,phases      ] GC(83)     Dead                           Min: 0, Avg:  0.0, Max: 0, Diff: 0, Sum: 0, Workers: 6
[22.540s][debug  ][gc,phases      ] GC(83)     Total                          Min: 0, Avg:  0.0, Max: 0, Diff: 0, Sum: 0, Workers: 6
[22.540s][debug  ][gc,phases      ] GC(83)   StringDedup Table Weak         Min:  0.0, Avg:  0.0, Max:  0.0, Diff:  0.0, Sum:  0.0, Workers: 6
[22.540s][debug  ][gc,phases      ] GC(83)     Dead                           Min: 0, Avg:  0.0, Max: 0, Diff: 0, Sum: 0, Workers: 6
[22.540s][debug  ][gc,phases      ] GC(83)     Total                          Min: 0, Avg:  0.0, Max: 0, Diff: 0, Sum: 0, Workers: 6
[22.540s][debug  ][gc,phases      ] GC(83)   StringDedup Requests0 Weak     Min:  0.0, Avg:  0.0, Max:  0.0, Diff:  0.0, Sum:  0.0, Workers: 6
[22.540s][debug  ][gc,phases      ] GC(83)     Dead                           Min: 0, Avg:  0.0, Max: 0, Diff: 0, Sum: 0, Workers: 6
[22.540s][debug  ][gc,phases      ] GC(83)     Total                          Min: 0, Avg:  0.0, Max: 0, Diff: 0, Sum: 0, Workers: 6
[22.540s][debug  ][gc,phases      ] GC(83)   StringDedup Requests1 Weak     Min:  0.0, Avg:  0.0, Max:  0.0, Diff:  0.0, Sum:  0.0, Workers: 6
[22.540s][debug  ][gc,phases      ] GC(83)     Dead                           Min: 0, Avg:  0.0, Max: 0, Diff: 0, Sum: 0, Workers: 6
[22.540s][debug  ][gc,phases      ] GC(83)     Total                          Min: 0, Avg:  0.0, Max: 0, Diff: 0, Sum: 0, Workers: 6
[22.540s][debug  ][gc,phases      ] GC(83)   Weak JFR Old Object Samples    Min:  0.0, Avg:  0.0, Max:  0.0, Diff:  0.0, Sum:  0.0, Workers: 6
[22.540s][debug  ][gc,phases      ] GC(83)     Dead                           Min: 0, Avg:  0.0, Max: 0, Diff: 0, Sum: 0, Workers: 6
[22.540s][debug  ][gc,phases      ] GC(83)     Total                          Min: 0, Avg:  0.0, Max: 0, Diff: 0, Sum: 0, Workers: 6
[22.540s][debug  ][gc,phases      ] GC(83) Weak Processing 0.678ms
[22.540s][debug  ][gc,phases,start] GC(83) Class Unloading
[22.540s][debug  ][gc,phases,start] GC(83) ClassLoaderData
[22.540s][debug  ][gc,phases      ] GC(83) ClassLoaderData 0.019ms
[22.540s][debug  ][gc,phases,start] GC(83) Trigger cleanups
[22.540s][debug  ][gc,phases      ] GC(83) Trigger cleanups 0.019ms
[22.541s][debug  ][gc,phases      ] GC(83) Class Unloading 0.255ms
[22.541s][info   ][gc,phases      ] GC(83) Marking Phase 2.166ms
[22.541s][info   ][gc,phases,start] GC(83) Summary Phase
[22.541s][info   ][gc,phases      ] GC(83) Summary Phase 0.037ms
[22.541s][info   ][gc,phases,start] GC(83) Adjust Roots
[22.541s][info   ][gc,phases      ] GC(83) Adjust Roots 0.134ms
[22.541s][info   ][gc,phases,start] GC(83) Compaction Phase
[22.629s][info   ][gc,phases      ] GC(83) Compaction Phase 88.029ms
[22.629s][info   ][gc,phases,start] GC(83) Post Compact
[22.635s][info   ][gc,phases      ] GC(83) Post Compact 5.896ms
[22.635s][debug  ][gc,ergo        ] GC(83) AdaptiveSizeStart: collection: 84 
[22.635s][debug  ][gc,ergo        ] GC(83) PSAdaptiveSizePolicy::compute_eden_space_size limits: desired_eden_size: 218480946 old_eden_size: 198705152 eden_limit: 199229440 cur_eden: 198705152 max_eden_size: 199229440 avg_young_live: 24942722
[22.635s][debug  ][gc,ergo        ] GC(83) PSAdaptiveSizePolicy::compute_eden_space_size: costs minor_time: 0.049209 major_cost: 0.049942 mutator_cost: 0.900849 throughput_goal: 0.990000
[22.635s][debug  ][gc,ergo        ] GC(83) Live_space: 978621952 free_space: 1398800384
[22.635s][debug  ][gc,ergo        ] GC(83) Old eden_size: 198705152 desired_eden_size: 199229440
[22.635s][debug  ][gc,ergo        ] GC(83) PSAdaptiveSizePolicy::compute_old_gen_free_space limits: desired_promo_size: 1327117799 promo_limit: 1200095232 free_in_old_gen: 1179323648 max_old_gen_size: 1879048192 avg_old_live: 699724480
[22.635s][debug  ][gc,ergo        ] GC(83) PSAdaptiveSizePolicy::compute_old_gen_free_space: costs minor_time: 0.049209 major_cost: 0.049942  mutator_cost: 0.900849 throughput_goal: 0.990000
[22.635s][debug  ][gc,ergo        ] GC(83) Live_space: 993102656 free_space: 1399324672
[22.635s][debug  ][gc,ergo        ] GC(83) Old promo_size: 1200095232 desired_promo_size: 1200095232
[22.635s][debug  ][gc,ergo        ] GC(83) AdaptiveSizeStop: collection: 84 
[22.635s][info   ][gc,heap        ] GC(83) PSYoungGen: 30720K(227840K)->0K(228352K) Eden: 0K(194048K)->0K(194560K) From: 30720K(33792K)->0K(33792K)
[22.635s][info   ][gc,heap        ] GC(83) ParOldGen: 1660517K(1835008K)->810596K(1835008K)
[22.635s][info   ][gc,metaspace   ] GC(83) Metaspace: 1023K(1216K)->1023K(1216K) NonClass: 939K(1024K)->939K(1024K) Class: 83K(192K)->83K(192K)
[22.635s][info   ][gc             ] GC(83) Pause Full (Ergonomics) 1651M->791M(2015M) 96.833ms
[22.635s][info   ][gc,cpu         ] GC(83) User=0.64s Sys=0.00s Real=0.10s
[22.635s][debug  ][gc,heap        ] GC(83) Heap after GC invocations=84 (full 14):
[22.635s][debug  ][gc,heap        ] GC(83)  PSYoungGen      total 228352K, used 0K [0x00000000f0000000, 0x0000000100000000, 0x0000000100000000)
[22.635s][debug  ][gc,heap        ] GC(83)   eden space 194560K, 0% used [0x00000000f0000000,0x00000000f0000000,0x00000000fbe00000)
[22.635s][debug  ][gc,heap        ] GC(83)   from space 33792K, 0% used [0x00000000fdf00000,0x00000000fdf00000,0x0000000100000000)
[22.635s][debug  ][gc,heap        ] GC(83)   to   space 33792K, 0% used [0x00000000fbe00000,0x00000000fbe00000,0x00000000fdf00000)
[22.635s][debug  ][gc,heap        ] GC(83)  ParOldGen       total 1835008K, used 810596K [0x0000000080000000, 0x00000000f0000000, 0x00000000f0000000)
[22.636s][debug  ][gc,heap        ] GC(83)   object space 1835008K, 44% used [0x0000000080000000,0x00000000b17990f8,0x00000000f0000000)
[22.636s][debug  ][gc,heap        ] GC(83)  Metaspace       used 1023K, committed 1216K, reserved 1056768K
[22.636s][debug  ][gc,heap        ] GC(83)   class space    used 83K, committed 192K, reserved 1048576K
[22.636s][debug  ][gc,task,time   ] GC(83) VM-Thread 225385146 225409293 226353747
[22.917s][debug  ][gc,heap        ] GC(84) Heap before GC invocations=85 (full 14):
[22.917s][debug  ][gc,heap        ] GC(84)  PSYoungGen      total 228352K, used 188122K [0x00000000f0000000, 0x0000000100000000, 0x0000000100000000)
[22.917s][debug  ][gc,heap        ] GC(84)   eden space 194560K, 96% used [0x00000000f0000000,0x00000000fb7b6938,0x00000000fbe00000)
[22.917s][debug  ][gc,heap        ] GC(84)   from space 33792K, 0% used [0x00000000fdf00000,0x00000000fdf00000,0x0000000100000000)
[22.917s][debug  ][gc,heap        ] GC(84)   to   space 33792K, 0% used [0x00000000fbe00000,0x00000000fbe00000,0x00000000fdf00000)
[22.917s][debug  ][gc,heap        ] GC(84)  ParOldGen       total 1835008K, used 810596K [0x0000000080000000, 0x00000000f0000000, 0x00000000f0000000)
[22.917s][debug  ][gc,heap        ] GC(84)   object space 1835008K, 44% used [0x0000000080000000,0x00000000b17990f8,0x00000000f0000000)
[22.917s][debug  ][gc,heap        ] GC(84)  Metaspace       used 1023K, committed 1216K, reserved 1056768K
[22.917s][debug  ][gc,heap        ] GC(84)   class space    used 83K, committed 192K, reserved 1048576K
[22.917s][debug  ][gc,tlab        ] GC(84) TLAB totals: thrds: 1  refills: 1 max: 1 slow allocs: 17 max 17 waste: 27.1% gc: 3893272B max: 3893272B slow: 0B max: 0B
[22.917s][info   ][gc,start       ] GC(84) Pause Young (Allocation Failure)
[22.917s][debug  ][gc,phases,start] GC(84) Scavenge
[22.930s][debug  ][gc,phases      ] GC(84) Scavenge 12.642ms
[22.930s][debug  ][gc,phases,start] GC(84) Reference Processing
[22.930s][debug  ][gc,ref         ] GC(84) Skipped phase 1 of Reference Processing: no references
[22.930s][debug  ][gc,ref         ] GC(84) Skipped phase 2 of Reference Processing: no references
[22.930s][debug  ][gc,ref         ] GC(84) Skipped phase 3 of Reference Processing: no references
[22.930s][debug  ][gc,ref         ] GC(84) Skipped phase 4 of Reference Processing: no references
[22.930s][debug  ][gc,phases,ref  ] GC(84) Reference Processing: 0.1ms
[22.930s][debug  ][gc,phases,ref  ] GC(84)   Reconsider SoftReferences: 0.0ms
[22.930s][debug  ][gc,phases,ref  ] GC(84)     SoftRef (ms):                  skipped
[22.930s][debug  ][gc,phases,ref  ] GC(84)   Notify Soft/WeakReferences: 0.0ms
[22.930s][debug  ][gc,phases,ref  ] GC(84)     SoftRef (ms):                  skipped
[22.930s][debug  ][gc,phases,ref  ] GC(84)     WeakRef (ms):                  skipped
[22.930s][debug  ][gc,phases,ref  ] GC(84)     FinalRef (ms):                 skipped
[22.930s][debug  ][gc,phases,ref  ] GC(84)     Total (ms):                    skipped
[22.931s][debug  ][gc,phases,ref  ] GC(84)   Notify and keep alive finalizable: 0.0ms
[22.931s][debug  ][gc,phases,ref  ] GC(84)     FinalRef (ms):                 skipped
[22.931s][debug  ][gc,phases,ref  ] GC(84)   Notify PhantomReferences: 0.0ms
[22.931s][debug  ][gc,phases,ref  ] GC(84)     PhantomRef (ms):               skipped
[22.931s][debug  ][gc,phases,ref  ] GC(84)   SoftReference:
[22.931s][debug  ][gc,phases,ref  ] GC(84)     Discovered: 0
[22.931s][debug  ][gc,phases,ref  ] GC(84)     Cleared: 0
[22.931s][debug  ][gc,phases,ref  ] GC(84)   WeakReference:
[22.931s][debug  ][gc,phases,ref  ] GC(84)     Discovered: 0
[22.931s][debug  ][gc,phases,ref  ] GC(84)     Cleared: 0
[22.931s][debug  ][gc,phases,ref  ] GC(84)   FinalReference:
[22.931s][debug  ][gc,phases,ref  ] GC(84)     Discovered: 0
[22.931s][debug  ][gc,phases,ref  ] GC(84)     Cleared: 0
[22.931s][debug  ][gc,phases,ref  ] GC(84)   PhantomReference:
[22.931s][debug  ][gc,phases,ref  ] GC(84)     Discovered: 0
[22.931s][debug  ][gc,phases,ref  ] GC(84)     Cleared: 0
[22.931s][debug  ][gc,phases      ] GC(84) Reference Processing 0.846ms
[22.931s][debug  ][gc,phases,start] GC(84) Weak Processing
[22.931s][debug  ][gc,phases      ] GC(84)   VM Weak                        Min:  0.0, Avg:  0.0, Max:  0.0, Diff:  0.0, Sum:  0.0, Workers: 6
[22.931s][debug  ][gc,phases      ] GC(84)     Dead                           Min: 0, Avg:  0.0, Max: 0, Diff: 0, Sum: 0, Workers: 6
[22.931s][debug  ][gc,phases      ] GC(84)     Total                          Min: 0, Avg:  1.3, Max: 8, Diff: 8, Sum: 8, Workers: 6
[22.931s][debug  ][gc,phases      ] GC(84)   ObjectSynchronizer Weak        Min:  0.0, Avg:  0.0, Max:  0.0, Diff:  0.0, Sum:  0.0, Workers: 6
[22.931s][debug  ][gc,phases      ] GC(84)     Dead                           Min: 0, Avg:  0.0, Max: 0, Diff: 0, Sum: 0, Workers: 6
[22.931s][debug  ][gc,phases      ] GC(84)     Total                          Min: 0, Avg:  0.5, Max: 3, Diff: 3, Sum: 3, Workers: 6
[22.931s][debug  ][gc,phases      ] GC(84)   JVMTI Tag Weak OopStorage      Min:  0.0, Avg:  0.0, Max:  0.0, Diff:  0.0, Sum:  0.0, Workers: 6
[22.931s][debug  ][gc,phases      ] GC(84)     Dead                           Min: 0, Avg:  0.0, Max: 0, Diff: 0, Sum: 0, Workers: 6
[22.931s][debug  ][gc,phases      ] GC(84)     Total                          Min: 0, Avg:  0.0, Max: 0, Diff: 0, Sum: 0, Workers: 6
[22.931s][debug  ][gc,phases      ] GC(84)   StringTable Weak               Min:  0.0, Avg:  0.0, Max:  0.0, Diff:  0.0, Sum:  0.0, Workers: 6
[22.931s][debug  ][gc,phases      ] GC(84)     Dead                           Min: 0, Avg:  0.0, Max: 0, Diff: 0, Sum: 0, Workers: 6
[22.931s][debug  ][gc,phases      ] GC(84)     Total                          Min: 639, Avg: 892.5, Max: 1088, Diff: 449, Sum: 5355, Workers: 6
[22.931s][debug  ][gc,phases      ] GC(84)   ResolvedMethodTable Weak       Min:  0.0, Avg:  0.0, Max:  0.0, Diff:  0.0, Sum:  0.0, Workers: 6
[22.931s][debug  ][gc,phases      ] GC(84)     Dead                           Min: 0, Avg:  0.0, Max: 0, Diff: 0, Sum: 0, Workers: 6
[22.932s][debug  ][gc,phases      ] GC(84)     Total                          Min: 0, Avg: 21.5, Max: 64, Diff: 64, Sum: 129, Workers: 6
[22.932s][debug  ][gc,phases      ] GC(84)   JNI Weak                       Min:  0.0, Avg:  0.0, Max:  0.0, Diff:  0.0, Sum:  0.0, Workers: 6
[22.932s][debug  ][gc,phases      ] GC(84)     Dead                           Min: 0, Avg:  0.0, Max: 0, Diff: 0, Sum: 0, Workers: 6
[22.932s][debug  ][gc,phases      ] GC(84)     Total                          Min: 0, Avg:  0.0, Max: 0, Diff: 0, Sum: 0, Workers: 6
[22.932s][debug  ][gc,phases      ] GC(84)   StringDedup Table Weak         Min:  0.0, Avg:  0.0, Max:  0.0, Diff:  0.0, Sum:  0.0, Workers: 6
[22.932s][debug  ][gc,phases      ] GC(84)     Dead                           Min: 0, Avg:  0.0, Max: 0, Diff: 0, Sum: 0, Workers: 6
[22.932s][debug  ][gc,phases      ] GC(84)     Total                          Min: 0, Avg:  0.0, Max: 0, Diff: 0, Sum: 0, Workers: 6
[22.932s][debug  ][gc,phases      ] GC(84)   StringDedup Requests0 Weak     Min:  0.0, Avg:  0.0, Max:  0.0, Diff:  0.0, Sum:  0.0, Workers: 6
[22.932s][debug  ][gc,phases      ] GC(84)     Dead                           Min: 0, Avg:  0.0, Max: 0, Diff: 0, Sum: 0, Workers: 6
[22.932s][debug  ][gc,phases      ] GC(84)     Total                          Min: 0, Avg:  0.0, Max: 0, Diff: 0, Sum: 0, Workers: 6
[22.932s][debug  ][gc,phases      ] GC(84)   StringDedup Requests1 Weak     Min:  0.0, Avg:  0.0, Max:  0.0, Diff:  0.0, Sum:  0.0, Workers: 6
[22.932s][debug  ][gc,phases      ] GC(84)     Dead                           Min: 0, Avg:  0.0, Max: 0, Diff: 0, Sum: 0, Workers: 6
[22.932s][debug  ][gc,phases      ] GC(84)     Total                          Min: 0, Avg:  0.0, Max: 0, Diff: 0, Sum: 0, Workers: 6
[22.932s][debug  ][gc,phases      ] GC(84)   Weak JFR Old Object Samples    Min:  0.0, Avg:  0.0, Max:  0.0, Diff:  0.0, Sum:  0.0, Workers: 6
[22.932s][debug  ][gc,phases      ] GC(84)     Dead                           Min: 0, Avg:  0.0, Max: 0, Diff: 0, Sum: 0, Workers: 6
[22.932s][debug  ][gc,phases      ] GC(84)     Total                          Min: 0, Avg:  0.0, Max: 0, Diff: 0, Sum: 0, Workers: 6
[22.932s][debug  ][gc,phases      ] GC(84) Weak Processing 0.998ms
[22.932s][debug  ][gc,ergo        ] GC(84) AdaptiveSizeStart:  collection: 85 
[22.932s][debug  ][gc,ergo        ] GC(84) avg_survived_padded_avg: 34040024.000000
[22.932s][debug  ][gc,ergo        ] GC(84) avg_promoted_padded_avg: 253037824.000000  avg_pretenured_padded_avg: 0.000000  tenuring_thresh: 3  target_size: 34078720
[22.932s][debug  ][gc,age         ] GC(84) Desired survivor size 34078720 bytes, new threshold 3 (max threshold 15)
[22.932s][debug  ][gc,ergo        ] GC(84) PSAdaptiveSizePolicy::compute_eden_space_size limits: desired_eden_size: 218374360 old_eden_size: 199229440 eden_limit: 199229440 cur_eden: 199229440 max_eden_size: 199229440 avg_young_live: 25594182
[22.932s][debug  ][gc,ergo        ] GC(84) PSAdaptiveSizePolicy::compute_eden_space_size: costs minor_time: 0.046188 major_cost: 0.049942 mutator_cost: 0.903871 throughput_goal: 0.990000
[22.932s][debug  ][gc,ergo        ] GC(84) Live_space: 993754112 free_space: 1399324672
[22.932s][debug  ][gc,ergo        ] GC(84) Old eden_size: 199229440 desired_eden_size: 199229440
[22.932s][debug  ][gc,ergo        ] GC(84) AdaptiveSizeStop: collection: 85 
[22.932s][info   ][gc,heap        ] GC(84) PSYoungGen: 188122K(228352K)->30720K(228352K) Eden: 188122K(194560K)->0K(194560K) From: 0K(33792K)->30720K(33792K)
[22.932s][info   ][gc,heap        ] GC(84) ParOldGen: 810596K(1835008K)->964196K(1835008K)
[22.932s][info   ][gc,metaspace   ] GC(84) Metaspace: 1023K(1216K)->1023K(1216K) NonClass: 939K(1024K)->939K(1024K) Class: 83K(192K)->83K(192K)
[22.932s][info   ][gc             ] GC(84) Pause Young (Allocation Failure) 975M->971M(2015M) 15.010ms
[22.932s][info   ][gc,cpu         ] GC(84) User=0.05s Sys=0.00s Real=0.01s
[22.932s][debug  ][gc,heap        ] GC(84) Heap after GC invocations=85 (full 14):
[22.932s][debug  ][gc,heap        ] GC(84)  PSYoungGen      total 228352K, used 30720K [0x00000000f0000000, 0x0000000100000000, 0x0000000100000000)
[22.932s][debug  ][gc,heap        ] GC(84)   eden space 194560K, 0% used [0x00000000f0000000,0x00000000f0000000,0x00000000fbe00000)
[22.932s][debug  ][gc,heap        ] GC(84)   from space 33792K, 90% used [0x00000000fbe00000,0x00000000fdc00030,0x00000000fdf00000)
[22.932s][debug  ][gc,heap        ] GC(84)   to   space 33280K, 0% used [0x00000000fdf80000,0x00000000fdf80000,0x0000000100000000)
[22.933s][debug  ][gc,heap        ] GC(84)  ParOldGen       total 1835008K, used 964196K [0x0000000080000000, 0x00000000f0000000, 0x00000000f0000000)
[22.933s][debug  ][gc,heap        ] GC(84)   object space 1835008K, 52% used [0x0000000080000000,0x00000000bad991e8,0x00000000f0000000)
[22.933s][debug  ][gc,heap        ] GC(84)  Metaspace       used 1023K, committed 1216K, reserved 1056768K
[22.933s][debug  ][gc,heap        ] GC(84)   class space    used 83K, committed 192K, reserved 1048576K
[22.933s][debug  ][gc,task,time   ] GC(84) VM-Thread 229169109 229301134 229326247
[23.218s][debug  ][gc,heap        ] GC(85) Heap before GC invocations=86 (full 14):
[23.218s][debug  ][gc,heap        ] GC(85)  PSYoungGen      total 228352K, used 218771K [0x00000000f0000000, 0x0000000100000000, 0x0000000100000000)
[23.218s][debug  ][gc,heap        ] GC(85)   eden space 194560K, 96% used [0x00000000f0000000,0x00000000fb7a4f70,0x00000000fbe00000)
[23.218s][debug  ][gc,heap        ] GC(85)   from space 33792K, 90% used [0x00000000fbe00000,0x00000000fdc00030,0x00000000fdf00000)
[23.218s][debug  ][gc,heap        ] GC(85)   to   space 33280K, 0% used [0x00000000fdf80000,0x00000000fdf80000,0x0000000100000000)
[23.218s][debug  ][gc,heap        ] GC(85)  ParOldGen       total 1835008K, used 964196K [0x0000000080000000, 0x00000000f0000000, 0x00000000f0000000)
[23.218s][debug  ][gc,heap        ] GC(85)   object space 1835008K, 52% used [0x0000000080000000,0x00000000bad991e8,0x00000000f0000000)
[23.218s][debug  ][gc,heap        ] GC(85)  Metaspace       used 1023K, committed 1216K, reserved 1056768K
[23.218s][debug  ][gc,heap        ] GC(85)   class space    used 83K, committed 192K, reserved 1048576K
[23.218s][debug  ][gc,tlab        ] GC(85) TLAB totals: thrds: 1  refills: 1 max: 1 slow allocs: 17 max 17 waste: 26.7% gc: 3820072B max: 3820072B slow: 0B max: 0B
[23.218s][info   ][gc,start       ] GC(85) Pause Young (Allocation Failure)
[23.218s][debug  ][gc,phases,start] GC(85) Scavenge
[23.229s][debug  ][gc,phases      ] GC(85) Scavenge 10.656ms
[23.229s][debug  ][gc,phases,start] GC(85) Reference Processing
[23.229s][debug  ][gc,ref         ] GC(85) Skipped phase 1 of Reference Processing: no references
[23.229s][debug  ][gc,ref         ] GC(85) Skipped phase 2 of Reference Processing: no references
[23.229s][debug  ][gc,ref         ] GC(85) Skipped phase 3 of Reference Processing: no references
[23.229s][debug  ][gc,ref         ] GC(85) Skipped phase 4 of Reference Processing: no references
[23.229s][debug  ][gc,phases,ref  ] GC(85) Reference Processing: 0.1ms
[23.229s][debug  ][gc,phases,ref  ] GC(85)   Reconsider SoftReferences: 0.0ms
[23.229s][debug  ][gc,phases,ref  ] GC(85)     SoftRef (ms):                  skipped
[23.229s][debug  ][gc,phases,ref  ] GC(85)   Notify Soft/WeakReferences: 0.0ms
[23.229s][debug  ][gc,phases,ref  ] GC(85)     SoftRef (ms):                  skipped
[23.229s][debug  ][gc,phases,ref  ] GC(85)     WeakRef (ms):                  skipped
[23.229s][debug  ][gc,phases,ref  ] GC(85)     FinalRef (ms):                 skipped
[23.230s][debug  ][gc,phases,ref  ] GC(85)     Total (ms):                    skipped
[23.230s][debug  ][gc,phases,ref  ] GC(85)   Notify and keep alive finalizable: 0.0ms
[23.230s][debug  ][gc,phases,ref  ] GC(85)     FinalRef (ms):                 skipped
[23.230s][debug  ][gc,phases,ref  ] GC(85)   Notify PhantomReferences: 0.0ms
[23.230s][debug  ][gc,phases,ref  ] GC(85)     PhantomRef (ms):               skipped
[23.230s][debug  ][gc,phases,ref  ] GC(85)   SoftReference:
[23.230s][debug  ][gc,phases,ref  ] GC(85)     Discovered: 0
[23.230s][debug  ][gc,phases,ref  ] GC(85)     Cleared: 0
[23.230s][debug  ][gc,phases,ref  ] GC(85)   WeakReference:
[23.230s][debug  ][gc,phases,ref  ] GC(85)     Discovered: 0
[23.230s][debug  ][gc,phases,ref  ] GC(85)     Cleared: 0
[23.230s][debug  ][gc,phases,ref  ] GC(85)   FinalReference:
[23.230s][debug  ][gc,phases,ref  ] GC(85)     Discovered: 0
[23.230s][debug  ][gc,phases,ref  ] GC(85)     Cleared: 0
[23.230s][debug  ][gc,phases,ref  ] GC(85)   PhantomReference:
[23.230s][debug  ][gc,phases,ref  ] GC(85)     Discovered: 0
[23.230s][debug  ][gc,phases,ref  ] GC(85)     Cleared: 0
[23.230s][debug  ][gc,phases      ] GC(85) Reference Processing 0.685ms
[23.230s][debug  ][gc,phases,start] GC(85) Weak Processing
[23.230s][debug  ][gc,phases      ] GC(85)   VM Weak                        Min:  0.0, Avg:  0.0, Max:  0.0, Diff:  0.0, Sum:  0.0, Workers: 6
[23.230s][debug  ][gc,phases      ] GC(85)     Dead                           Min: 0, Avg:  0.0, Max: 0, Diff: 0, Sum: 0, Workers: 6
[23.230s][debug  ][gc,phases      ] GC(85)     Total                          Min: 0, Avg:  1.3, Max: 8, Diff: 8, Sum: 8, Workers: 6
[23.230s][debug  ][gc,phases      ] GC(85)   ObjectSynchronizer Weak        Min:  0.0, Avg:  0.0, Max:  0.0, Diff:  0.0, Sum:  0.0, Workers: 6
[23.230s][debug  ][gc,phases      ] GC(85)     Dead                           Min: 0, Avg:  0.0, Max: 0, Diff: 0, Sum: 0, Workers: 6
[23.230s][debug  ][gc,phases      ] GC(85)     Total                          Min: 0, Avg:  0.5, Max: 3, Diff: 3, Sum: 3, Workers: 6
[23.230s][debug  ][gc,phases      ] GC(85)   JVMTI Tag Weak OopStorage      Min:  0.0, Avg:  0.0, Max:  0.0, Diff:  0.0, Sum:  0.0, Workers: 6
[23.230s][debug  ][gc,phases      ] GC(85)     Dead                           Min: 0, Avg:  0.0, Max: 0, Diff: 0, Sum: 0, Workers: 6
[23.230s][debug  ][gc,phases      ] GC(85)     Total                          Min: 0, Avg:  0.0, Max: 0, Diff: 0, Sum: 0, Workers: 6
[23.230s][debug  ][gc,phases      ] GC(85)   StringTable Weak               Min:  0.0, Avg:  0.0, Max:  0.0, Diff:  0.0, Sum:  0.0, Workers: 6
[23.230s][debug  ][gc,phases      ] GC(85)     Dead                           Min: 0, Avg:  0.0, Max: 0, Diff: 0, Sum: 0, Workers: 6
[23.230s][debug  ][gc,phases      ] GC(85)     Total                          Min: 703, Avg: 892.5, Max: 1088, Diff: 385, Sum: 5355, Workers: 6
[23.230s][debug  ][gc,phases      ] GC(85)   ResolvedMethodTable Weak       Min:  0.0, Avg:  0.0, Max:  0.0, Diff:  0.0, Sum:  0.0, Workers: 6
[23.230s][debug  ][gc,phases      ] GC(85)     Dead                           Min: 0, Avg:  0.0, Max: 0, Diff: 0, Sum: 0, Workers: 6
[23.230s][debug  ][gc,phases      ] GC(85)     Total                          Min: 0, Avg: 21.5, Max: 64, Diff: 64, Sum: 129, Workers: 6
[23.230s][debug  ][gc,phases      ] GC(85)   JNI Weak                       Min:  0.0, Avg:  0.0, Max:  0.0, Diff:  0.0, Sum:  0.0, Workers: 6
[23.231s][debug  ][gc,phases      ] GC(85)     Dead                           Min: 0, Avg:  0.0, Max: 0, Diff: 0, Sum: 0, Workers: 6
[23.231s][debug  ][gc,phases      ] GC(85)     Total                          Min: 0, Avg:  0.0, Max: 0, Diff: 0, Sum: 0, Workers: 6
[23.231s][debug  ][gc,phases      ] GC(85)   StringDedup Table Weak         Min:  0.0, Avg:  0.0, Max:  0.0, Diff:  0.0, Sum:  0.0, Workers: 6
[23.231s][debug  ][gc,phases      ] GC(85)     Dead                           Min: 0, Avg:  0.0, Max: 0, Diff: 0, Sum: 0, Workers: 6
[23.231s][debug  ][gc,phases      ] GC(85)     Total                          Min: 0, Avg:  0.0, Max: 0, Diff: 0, Sum: 0, Workers: 6
[23.231s][debug  ][gc,phases      ] GC(85)   StringDedup Requests0 Weak     Min:  0.0, Avg:  0.0, Max:  0.0, Diff:  0.0, Sum:  0.0, Workers: 6
[23.231s][debug  ][gc,phases      ] GC(85)     Dead                           Min: 0, Avg:  0.0, Max: 0, Diff: 0, Sum: 0, Workers: 6
[23.231s][debug  ][gc,phases      ] GC(85)     Total                          Min: 0, Avg:  0.0, Max: 0, Diff: 0, Sum: 0, Workers: 6
[23.231s][debug  ][gc,phases      ] GC(85)   StringDedup Requests1 Weak     Min:  0.0, Avg:  0.0, Max:  0.0, Diff:  0.0, Sum:  0.0, Workers: 6
[23.231s][debug  ][gc,phases      ] GC(85)     Dead                           Min: 0, Avg:  0.0, Max: 0, Diff: 0, Sum: 0, Workers: 6
[23.231s][debug  ][gc,phases      ] GC(85)     Total                          Min: 0, Avg:  0.0, Max: 0, Diff: 0, Sum: 0, Workers: 6
[23.231s][debug  ][gc,phases      ] GC(85)   Weak JFR Old Object Samples    Min:  0.0, Avg:  0.0, Max:  0.0, Diff:  0.0, Sum:  0.0, Workers: 6
[23.231s][debug  ][gc,phases      ] GC(85)     Dead                           Min: 0, Avg:  0.0, Max: 0, Diff: 0, Sum: 0, Workers: 6
[23.231s][debug  ][gc,phases      ] GC(85)     Total                          Min: 0, Avg:  0.0, Max: 0, Diff: 0, Sum: 0, Workers: 6
[23.231s][debug  ][gc,phases      ] GC(85) Weak Processing 0.946ms
[23.231s][debug  ][gc,ergo        ] GC(85) AdaptiveSizeStart:  collection: 86 
[23.231s][debug  ][gc,ergo        ] GC(85) avg_survived_padded_avg: 33864980.000000
[23.231s][debug  ][gc,ergo        ] GC(85) avg_promoted_padded_avg: 251386352.000000  avg_pretenured_padded_avg: 0.000000  tenuring_thresh: 4  target_size: 34078720
[23.231s][debug  ][gc,age         ] GC(85) Desired survivor size 34078720 bytes, new threshold 4 (max threshold 15)
[23.231s][debug  ][gc,ergo        ] GC(85) PSAdaptiveSizePolicy::compute_eden_space_size limits: desired_eden_size: 218121949 old_eden_size: 199229440 eden_limit: 199753728 cur_eden: 199229440 max_eden_size: 199753728 avg_young_live: 26180496
[23.231s][debug  ][gc,ergo        ] GC(85) PSAdaptiveSizePolicy::compute_eden_space_size: costs minor_time: 0.045030 major_cost: 0.049942 mutator_cost: 0.905029 throughput_goal: 0.990000
[23.231s][debug  ][gc,ergo        ] GC(85) Live_space: 994340416 free_space: 1399324672
[23.231s][debug  ][gc,ergo        ] GC(85) Old eden_size: 199229440 desired_eden_size: 199753728
[23.231s][debug  ][gc,ergo        ] GC(85) AdaptiveSizeStop: collection: 86 
[23.231s][info   ][gc,heap        ] GC(85) PSYoungGen: 218771K(228352K)->30720K(228864K) Eden: 188051K(194560K)->0K(195584K) From: 30720K(33792K)->30720K(33280K)
[23.231s][info   ][gc,heap        ] GC(85) ParOldGen: 964196K(1835008K)->1087076K(1835008K)
[23.231s][info   ][gc,metaspace   ] GC(85) Metaspace: 1023K(1216K)->1023K(1216K) NonClass: 939K(1024K)->939K(1024K) Class: 83K(192K)->83K(192K)
[23.231s][info   ][gc             ] GC(85) Pause Young (Allocation Failure) 1155M->1091M(2015M) 12.788ms
[23.231s][info   ][gc,cpu         ] GC(85) User=0.12s Sys=0.00s Real=0.01s
[23.231s][debug  ][gc,heap        ] GC(85) Heap after GC invocations=86 (full 14):
[23.231s][debug  ][gc,heap        ] GC(85)  PSYoungGen      total 228864K, used 30720K [0x00000000f0000000, 0x0000000100000000, 0x0000000100000000)
[23.231s][debug  ][gc,heap        ] GC(85)   eden space 195584K, 0% used [0x00000000f0000000,0x00000000f0000000,0x00000000fbf00000)
[23.231s][debug  ][gc,heap        ] GC(85)   from space 33280K, 92% used [0x00000000fdf80000,0x00000000ffd80030,0x0000000100000000)
[23.231s][debug  ][gc,heap        ] GC(85)   to   space 33280K, 0% used [0x00000000fbf00000,0x00000000fbf00000,0x00000000fdf80000)
[23.231s][debug  ][gc,heap        ] GC(85)  ParOldGen       total 1835008K, used 1087076K [0x0000000080000000, 0x00000000f0000000, 0x00000000f0000000)
[23.231s][debug  ][gc,heap        ] GC(85)   object space 1835008K, 59% used [0x0000000080000000,0x00000000c25992a8,0x00000000f0000000)
[23.231s][debug  ][gc,heap        ] GC(85)  Metaspace       used 1023K, committed 1216K, reserved 1056768K
[23.231s][debug  ][gc,heap        ] GC(85)   class space    used 83K, committed 192K, reserved 1048576K
[23.232s][debug  ][gc,task,time   ] GC(85) VM-Thread 232179485 232292225 232315012
[23.515s][debug  ][gc,heap        ] GC(86) Heap before GC invocations=87 (full 14):
[23.515s][debug  ][gc,heap        ] GC(86)  PSYoungGen      total 228864K, used 218820K [0x00000000f0000000, 0x0000000100000000, 0x0000000100000000)
[23.515s][debug  ][gc,heap        ] GC(86)   eden space 195584K, 96% used [0x00000000f0000000,0x00000000fb7b11f8,0x00000000fbf00000)
[23.515s][debug  ][gc,heap        ] GC(86)   from space 33280K, 92% used [0x00000000fdf80000,0x00000000ffd80030,0x0000000100000000)
[23.515s][debug  ][gc,heap        ] GC(86)   to   space 33280K, 0% used [0x00000000fbf00000,0x00000000fbf00000,0x00000000fdf80000)
[23.516s][debug  ][gc,heap        ] GC(86)  ParOldGen       total 1835008K, used 1087076K [0x0000000080000000, 0x00000000f0000000, 0x00000000f0000000)
[23.516s][debug  ][gc,heap        ] GC(86)   object space 1835008K, 59% used [0x0000000080000000,0x00000000c25992a8,0x00000000f0000000)
[23.516s][debug  ][gc,heap        ] GC(86)  Metaspace       used 1023K, committed 1216K, reserved 1056768K
[23.516s][debug  ][gc,heap        ] GC(86)   class space    used 83K, committed 192K, reserved 1048576K
[23.516s][debug  ][gc,tlab        ] GC(86) TLAB totals: thrds: 1  refills: 1 max: 1 slow allocs: 17 max 17 waste: 27.0% gc: 3870936B max: 3870936B slow: 0B max: 0B
[23.516s][info   ][gc,start       ] GC(86) Pause Young (Allocation Failure)
[23.516s][debug  ][gc,phases,start] GC(86) Scavenge
[23.530s][debug  ][gc,phases      ] GC(86) Scavenge 14.348ms
[23.530s][debug  ][gc,phases,start] GC(86) Reference Processing
[23.530s][debug  ][gc,ref         ] GC(86) Skipped phase 1 of Reference Processing: no references
[23.530s][debug  ][gc,ref         ] GC(86) Skipped phase 2 of Reference Processing: no references
[23.530s][debug  ][gc,ref         ] GC(86) Skipped phase 3 of Reference Processing: no references
[23.530s][debug  ][gc,ref         ] GC(86) Skipped phase 4 of Reference Processing: no references
[23.530s][debug  ][gc,phases,ref  ] GC(86) Reference Processing: 0.1ms
[23.530s][debug  ][gc,phases,ref  ] GC(86)   Reconsider SoftReferences: 0.0ms
[23.530s][debug  ][gc,phases,ref  ] GC(86)     SoftRef (ms):                  skipped
[23.530s][debug  ][gc,phases,ref  ] GC(86)   Notify Soft/WeakReferences: 0.0ms
[23.530s][debug  ][gc,phases,ref  ] GC(86)     SoftRef (ms):                  skipped
[23.530s][debug  ][gc,phases,ref  ] GC(86)     WeakRef (ms):                  skipped
[23.530s][debug  ][gc,phases,ref  ] GC(86)     FinalRef (ms):                 skipped
[23.530s][debug  ][gc,phases,ref  ] GC(86)     Total (ms):                    skipped
[23.530s][debug  ][gc,phases,ref  ] GC(86)   Notify and keep alive finalizable: 0.0ms
[23.530s][debug  ][gc,phases,ref  ] GC(86)     FinalRef (ms):                 skipped
[23.530s][debug  ][gc,phases,ref  ] GC(86)   Notify PhantomReferences: 0.0ms
[23.530s][debug  ][gc,phases,ref  ] GC(86)     PhantomRef (ms):               skipped
[23.530s][debug  ][gc,phases,ref  ] GC(86)   SoftReference:
[23.530s][debug  ][gc,phases,ref  ] GC(86)     Discovered: 0
[23.530s][debug  ][gc,phases,ref  ] GC(86)     Cleared: 0
[23.531s][debug  ][gc,phases,ref  ] GC(86)   WeakReference:
[23.531s][debug  ][gc,phases,ref  ] GC(86)     Discovered: 0
[23.531s][debug  ][gc,phases,ref  ] GC(86)     Cleared: 0
[23.531s][debug  ][gc,phases,ref  ] GC(86)   FinalReference:
[23.531s][debug  ][gc,phases,ref  ] GC(86)     Discovered: 0
[23.531s][debug  ][gc,phases,ref  ] GC(86)     Cleared: 0
[23.531s][debug  ][gc,phases,ref  ] GC(86)   PhantomReference:
[23.531s][debug  ][gc,phases,ref  ] GC(86)     Discovered: 0
[23.531s][debug  ][gc,phases,ref  ] GC(86)     Cleared: 0
[23.531s][debug  ][gc,phases      ] GC(86) Reference Processing 0.572ms
[23.531s][debug  ][gc,phases,start] GC(86) Weak Processing
[23.531s][debug  ][gc,phases      ] GC(86)   VM Weak                        Min:  0.0, Avg:  0.0, Max:  0.0, Diff:  0.0, Sum:  0.0, Workers: 6
[23.531s][debug  ][gc,phases      ] GC(86)     Dead                           Min: 0, Avg:  0.0, Max: 0, Diff: 0, Sum: 0, Workers: 6
[23.531s][debug  ][gc,phases      ] GC(86)     Total                          Min: 0, Avg:  1.3, Max: 8, Diff: 8, Sum: 8, Workers: 6
[23.531s][debug  ][gc,phases      ] GC(86)   ObjectSynchronizer Weak        Min:  0.0, Avg:  0.0, Max:  0.0, Diff:  0.0, Sum:  0.0, Workers: 6
[23.531s][debug  ][gc,phases      ] GC(86)     Dead                           Min: 0, Avg:  0.0, Max: 0, Diff: 0, Sum: 0, Workers: 6
[23.531s][debug  ][gc,phases      ] GC(86)     Total                          Min: 0, Avg:  0.5, Max: 3, Diff: 3, Sum: 3, Workers: 6
[23.531s][debug  ][gc,phases      ] GC(86)   JVMTI Tag Weak OopStorage      Min:  0.0, Avg:  0.0, Max:  0.0, Diff:  0.0, Sum:  0.0, Workers: 6
[23.531s][debug  ][gc,phases      ] GC(86)     Dead                           Min: 0, Avg:  0.0, Max: 0, Diff: 0, Sum: 0, Workers: 6
[23.531s][debug  ][gc,phases      ] GC(86)     Total                          Min: 0, Avg:  0.0, Max: 0, Diff: 0, Sum: 0, Workers: 6
[23.531s][debug  ][gc,phases      ] GC(86)   StringTable Weak               Min:  0.0, Avg:  0.0, Max:  0.0, Diff:  0.0, Sum:  0.0, Workers: 6
[23.531s][debug  ][gc,phases      ] GC(86)     Dead                           Min: 0, Avg:  0.0, Max: 0, Diff: 0, Sum: 0, Workers: 6
[23.531s][debug  ][gc,phases      ] GC(86)     Total                          Min: 768, Avg: 892.5, Max: 1003, Diff: 235, Sum: 5355, Workers: 6
[23.531s][debug  ][gc,phases      ] GC(86)   ResolvedMethodTable Weak       Min:  0.0, Avg:  0.0, Max:  0.0, Diff:  0.0, Sum:  0.0, Workers: 6
[23.531s][debug  ][gc,phases      ] GC(86)     Dead                           Min: 0, Avg:  0.0, Max: 0, Diff: 0, Sum: 0, Workers: 6
[23.531s][debug  ][gc,phases      ] GC(86)     Total                          Min: 0, Avg: 21.5, Max: 64, Diff: 64, Sum: 129, Workers: 6
[23.531s][debug  ][gc,phases      ] GC(86)   JNI Weak                       Min:  0.0, Avg:  0.0, Max:  0.0, Diff:  0.0, Sum:  0.0, Workers: 6
[23.531s][debug  ][gc,phases      ] GC(86)     Dead                           Min: 0, Avg:  0.0, Max: 0, Diff: 0, Sum: 0, Workers: 6
[23.531s][debug  ][gc,phases      ] GC(86)     Total                          Min: 0, Avg:  0.0, Max: 0, Diff: 0, Sum: 0, Workers: 6
[23.531s][debug  ][gc,phases      ] GC(86)   StringDedup Table Weak         Min:  0.0, Avg:  0.0, Max:  0.0, Diff:  0.0, Sum:  0.0, Workers: 6
[23.531s][debug  ][gc,phases      ] GC(86)     Dead                           Min: 0, Avg:  0.0, Max: 0, Diff: 0, Sum: 0, Workers: 6
[23.531s][debug  ][gc,phases      ] GC(86)     Total                          Min: 0, Avg:  0.0, Max: 0, Diff: 0, Sum: 0, Workers: 6
[23.531s][debug  ][gc,phases      ] GC(86)   StringDedup Requests0 Weak     Min:  0.0, Avg:  0.0, Max:  0.0, Diff:  0.0, Sum:  0.0, Workers: 6
[23.531s][debug  ][gc,phases      ] GC(86)     Dead                           Min: 0, Avg:  0.0, Max: 0, Diff: 0, Sum: 0, Workers: 6
[23.531s][debug  ][gc,phases      ] GC(86)     Total                          Min: 0, Avg:  0.0, Max: 0, Diff: 0, Sum: 0, Workers: 6
[23.531s][debug  ][gc,phases      ] GC(86)   StringDedup Requests1 Weak     Min:  0.0, Avg:  0.0, Max:  0.0, Diff:  0.0, Sum:  0.0, Workers: 6
[23.531s][debug  ][gc,phases      ] GC(86)     Dead                           Min: 0, Avg:  0.0, Max: 0, Diff: 0, Sum: 0, Workers: 6
[23.531s][debug  ][gc,phases      ] GC(86)     Total                          Min: 0, Avg:  0.0, Max: 0, Diff: 0, Sum: 0, Workers: 6
[23.531s][debug  ][gc,phases      ] GC(86)   Weak JFR Old Object Samples    Min:  0.0, Avg:  0.0, Max:  0.0, Diff:  0.0, Sum:  0.0, Workers: 6
[23.531s][debug  ][gc,phases      ] GC(86)     Dead                           Min: 0, Avg:  0.0, Max: 0, Diff: 0, Sum: 0, Workers: 6
[23.531s][debug  ][gc,phases      ] GC(86)     Total                          Min: 0, Avg:  0.0, Max: 0, Diff: 0, Sum: 0, Workers: 6
[23.531s][debug  ][gc,phases      ] GC(86) Weak Processing 0.680ms
[23.531s][debug  ][gc,ergo        ] GC(86) AdaptiveSizeStart:  collection: 87 
[23.531s][debug  ][gc,ergo        ] GC(86) avg_survived_padded_avg: 33699120.000000
[23.531s][debug  ][gc,ergo        ] GC(86) avg_promoted_padded_avg: 252146640.000000  avg_pretenured_padded_avg: 0.000000  tenuring_thresh: 4  target_size: 34078720
[23.531s][debug  ][gc,age         ] GC(86) Desired survivor size 34078720 bytes, new threshold 4 (max threshold 15)
[23.531s][debug  ][gc,ergo        ] GC(86) PSAdaptiveSizePolicy::compute_eden_space_size limits: desired_eden_size: 219814419 old_eden_size: 199753728 eden_limit: 200278016 cur_eden: 200278016 max_eden_size: 200278016 avg_young_live: 26708180
[23.531s][debug  ][gc,ergo        ] GC(86) PSAdaptiveSizePolicy::compute_eden_space_size: costs minor_time: 0.046832 major_cost: 0.049942 mutator_cost: 0.903227 throughput_goal: 0.990000
[23.532s][debug  ][gc,ergo        ] GC(86) Live_space: 994868096 free_space: 1399848960
[23.532s][debug  ][gc,ergo        ] GC(86) Old eden_size: 199753728 desired_eden_size: 200278016
[23.532s][debug  ][gc,ergo        ] GC(86) AdaptiveSizeStop: collection: 87 
[23.532s][info   ][gc,heap        ] GC(86) PSYoungGen: 218820K(228864K)->30720K(228864K) Eden: 188100K(195584K)->0K(195584K) From: 30720K(33280K)->30720K(33280K)
[23.532s][info   ][gc,heap        ] GC(86) ParOldGen: 1087076K(1835008K)->1271396K(1835008K)
[23.532s][info   ][gc,metaspace   ] GC(86) Metaspace: 1023K(1216K)->1023K(1216K) NonClass: 939K(1024K)->939K(1024K) Class: 83K(192K)->83K(192K)
[23.532s][info   ][gc             ] GC(86) Pause Young (Allocation Failure) 1275M->1271M(2015M) 15.991ms
[23.532s][info   ][gc,cpu         ] GC(86) User=0.12s Sys=0.00s Real=0.02s
[23.532s][debug  ][gc,heap        ] GC(86) Heap after GC invocations=87 (full 14):
[23.532s][debug  ][gc,heap        ] GC(86)  PSYoungGen      total 228864K, used 30720K [0x00000000f0000000, 0x0000000100000000, 0x0000000100000000)
[23.532s][debug  ][gc,heap        ] GC(86)   eden space 195584K, 0% used [0x00000000f0000000,0x00000000f0000000,0x00000000fbf00000)
[23.532s][debug  ][gc,heap        ] GC(86)   from space 33280K, 92% used [0x00000000fbf00000,0x00000000fdd00030,0x00000000fdf80000)
[23.532s][debug  ][gc,heap        ] GC(86)   to   space 33280K, 0% used [0x00000000fdf80000,0x00000000fdf80000,0x0000000100000000)
[23.532s][debug  ][gc,heap        ] GC(86)  ParOldGen       total 1835008K, used 1271396K [0x0000000080000000, 0x00000000f0000000, 0x00000000f0000000)
[23.532s][debug  ][gc,heap        ] GC(86)   object space 1835008K, 69% used [0x0000000080000000,0x00000000cd9993c8,0x00000000f0000000)
[23.532s][debug  ][gc,heap        ] GC(86)  Metaspace       used 1023K, committed 1216K, reserved 1056768K
[23.532s][debug  ][gc,heap        ] GC(86)   class space    used 83K, committed 192K, reserved 1048576K
[23.532s][debug  ][gc,task,time   ] GC(86) VM-Thread 235153320 235300965 235318931
[23.817s][debug  ][gc,heap        ] GC(87) Heap before GC invocations=88 (full 14):
[23.817s][debug  ][gc,heap        ] GC(87)  PSYoungGen      total 228864K, used 218839K [0x00000000f0000000, 0x0000000100000000, 0x0000000100000000)
[23.817s][debug  ][gc,heap        ] GC(87)   eden space 195584K, 96% used [0x00000000f0000000,0x00000000fb7b5c00,0x00000000fbf00000)
[23.817s][debug  ][gc,heap        ] GC(87)   from space 33280K, 92% used [0x00000000fbf00000,0x00000000fdd00030,0x00000000fdf80000)
[23.817s][debug  ][gc,heap        ] GC(87)   to   space 33280K, 0% used [0x00000000fdf80000,0x00000000fdf80000,0x0000000100000000)
[23.817s][debug  ][gc,heap        ] GC(87)  ParOldGen       total 1835008K, used 1271396K [0x0000000080000000, 0x00000000f0000000, 0x00000000f0000000)
[23.817s][debug  ][gc,heap        ] GC(87)   object space 1835008K, 69% used [0x0000000080000000,0x00000000cd9993c8,0x00000000f0000000)
[23.817s][debug  ][gc,heap        ] GC(87)  Metaspace       used 1023K, committed 1216K, reserved 1056768K
[23.817s][debug  ][gc,heap        ] GC(87)   class space    used 83K, committed 192K, reserved 1048576K
[23.817s][debug  ][gc,tlab        ] GC(87) TLAB totals: thrds: 1  refills: 1 max: 1 slow allocs: 17 max 17 waste: 27.1% gc: 3889888B max: 3889888B slow: 0B max: 0B
[23.817s][info   ][gc,start       ] GC(87) Pause Young (Allocation Failure)
[23.818s][debug  ][gc,phases,start] GC(87) Scavenge
[23.832s][debug  ][gc,phases      ] GC(87) Scavenge 14.447ms
[23.832s][debug  ][gc,phases,start] GC(87) Reference Processing
[23.832s][debug  ][gc,ref         ] GC(87) Skipped phase 1 of Reference Processing: no references
[23.832s][debug  ][gc,ref         ] GC(87) Skipped phase 2 of Reference Processing: no references
[23.832s][debug  ][gc,ref         ] GC(87) Skipped phase 3 of Reference Processing: no references
[23.832s][debug  ][gc,ref         ] GC(87) Skipped phase 4 of Reference Processing: no references
[23.832s][debug  ][gc,phases,ref  ] GC(87) Reference Processing: 0.1ms
[23.832s][debug  ][gc,phases,ref  ] GC(87)   Reconsider SoftReferences: 0.0ms
[23.832s][debug  ][gc,phases,ref  ] GC(87)     SoftRef (ms):                  skipped
[23.832s][debug  ][gc,phases,ref  ] GC(87)   Notify Soft/WeakReferences: 0.0ms
[23.832s][debug  ][gc,phases,ref  ] GC(87)     SoftRef (ms):                  skipped
[23.832s][debug  ][gc,phases,ref  ] GC(87)     WeakRef (ms):                  skipped
[23.832s][debug  ][gc,phases,ref  ] GC(87)     FinalRef (ms):                 skipped
[23.832s][debug  ][gc,phases,ref  ] GC(87)     Total (ms):                    skipped
[23.832s][debug  ][gc,phases,ref  ] GC(87)   Notify and keep alive finalizable: 0.0ms
[23.832s][debug  ][gc,phases,ref  ] GC(87)     FinalRef (ms):                 skipped
[23.832s][debug  ][gc,phases,ref  ] GC(87)   Notify PhantomReferences: 0.0ms
[23.832s][debug  ][gc,phases,ref  ] GC(87)     PhantomRef (ms):               skipped
[23.832s][debug  ][gc,phases,ref  ] GC(87)   SoftReference:
[23.832s][debug  ][gc,phases,ref  ] GC(87)     Discovered: 0
[23.833s][debug  ][gc,phases,ref  ] GC(87)     Cleared: 0
[23.833s][debug  ][gc,phases,ref  ] GC(87)   WeakReference:
[23.833s][debug  ][gc,phases,ref  ] GC(87)     Discovered: 0
[23.833s][debug  ][gc,phases,ref  ] GC(87)     Cleared: 0
[23.833s][debug  ][gc,phases,ref  ] GC(87)   FinalReference:
[23.833s][debug  ][gc,phases,ref  ] GC(87)     Discovered: 0
[23.833s][debug  ][gc,phases,ref  ] GC(87)     Cleared: 0
[23.833s][debug  ][gc,phases,ref  ] GC(87)   PhantomReference:
[23.833s][debug  ][gc,phases,ref  ] GC(87)     Discovered: 0
[23.833s][debug  ][gc,phases,ref  ] GC(87)     Cleared: 0
[23.833s][debug  ][gc,phases      ] GC(87) Reference Processing 0.705ms
[23.833s][debug  ][gc,phases,start] GC(87) Weak Processing
[23.833s][debug  ][gc,phases      ] GC(87)   VM Weak                        Min:  0.0, Avg:  0.0, Max:  0.0, Diff:  0.0, Sum:  0.0, Workers: 6
[23.833s][debug  ][gc,phases      ] GC(87)     Dead                           Min: 0, Avg:  0.0, Max: 0, Diff: 0, Sum: 0, Workers: 6
[23.833s][debug  ][gc,phases      ] GC(87)     Total                          Min: 0, Avg:  1.3, Max: 8, Diff: 8, Sum: 8, Workers: 6
[23.833s][debug  ][gc,phases      ] GC(87)   ObjectSynchronizer Weak        Min:  0.0, Avg:  0.0, Max:  0.0, Diff:  0.0, Sum:  0.0, Workers: 6
[23.833s][debug  ][gc,phases      ] GC(87)     Dead                           Min: 0, Avg:  0.0, Max: 0, Diff: 0, Sum: 0, Workers: 6
[23.833s][debug  ][gc,phases      ] GC(87)     Total                          Min: 0, Avg:  0.5, Max: 3, Diff: 3, Sum: 3, Workers: 6
[23.833s][debug  ][gc,phases      ] GC(87)   JVMTI Tag Weak OopStorage      Min:  0.0, Avg:  0.0, Max:  0.0, Diff:  0.0, Sum:  0.0, Workers: 6
[23.833s][debug  ][gc,phases      ] GC(87)     Dead                           Min: 0, Avg:  0.0, Max: 0, Diff: 0, Sum: 0, Workers: 6
[23.833s][debug  ][gc,phases      ] GC(87)     Total                          Min: 0, Avg:  0.0, Max: 0, Diff: 0, Sum: 0, Workers: 6
[23.833s][debug  ][gc,phases      ] GC(87)   StringTable Weak               Min:  0.0, Avg:  0.0, Max:  0.0, Diff:  0.0, Sum:  0.0, Workers: 6
[23.833s][debug  ][gc,phases      ] GC(87)     Dead                           Min: 0, Avg:  0.0, Max: 0, Diff: 0, Sum: 0, Workers: 6
[23.833s][debug  ][gc,phases      ] GC(87)     Total                          Min: 640, Avg: 892.5, Max: 1216, Diff: 576, Sum: 5355, Workers: 6
[23.833s][debug  ][gc,phases      ] GC(87)   ResolvedMethodTable Weak       Min:  0.0, Avg:  0.0, Max:  0.0, Diff:  0.0, Sum:  0.0, Workers: 6
[23.833s][debug  ][gc,phases      ] GC(87)     Dead                           Min: 0, Avg:  0.0, Max: 0, Diff: 0, Sum: 0, Workers: 6
[23.833s][debug  ][gc,phases      ] GC(87)     Total                          Min: 0, Avg: 21.5, Max: 64, Diff: 64, Sum: 129, Workers: 6
[23.833s][debug  ][gc,phases      ] GC(87)   JNI Weak                       Min:  0.0, Avg:  0.0, Max:  0.0, Diff:  0.0, Sum:  0.0, Workers: 6
[23.833s][debug  ][gc,phases      ] GC(87)     Dead                           Min: 0, Avg:  0.0, Max: 0, Diff: 0, Sum: 0, Workers: 6
[23.833s][debug  ][gc,phases      ] GC(87)     Total                          Min: 0, Avg:  0.0, Max: 0, Diff: 0, Sum: 0, Workers: 6
[23.833s][debug  ][gc,phases      ] GC(87)   StringDedup Table Weak         Min:  0.0, Avg:  0.0, Max:  0.0, Diff:  0.0, Sum:  0.0, Workers: 6
[23.833s][debug  ][gc,phases      ] GC(87)     Dead                           Min: 0, Avg:  0.0, Max: 0, Diff: 0, Sum: 0, Workers: 6
[23.833s][debug  ][gc,phases      ] GC(87)     Total                          Min: 0, Avg:  0.0, Max: 0, Diff: 0, Sum: 0, Workers: 6
[23.833s][debug  ][gc,phases      ] GC(87)   StringDedup Requests0 Weak     Min:  0.0, Avg:  0.0, Max:  0.0, Diff:  0.0, Sum:  0.0, Workers: 6
[23.833s][debug  ][gc,phases      ] GC(87)     Dead                           Min: 0, Avg:  0.0, Max: 0, Diff: 0, Sum: 0, Workers: 6
[23.833s][debug  ][gc,phases      ] GC(87)     Total                          Min: 0, Avg:  0.0, Max: 0, Diff: 0, Sum: 0, Workers: 6
[23.833s][debug  ][gc,phases      ] GC(87)   StringDedup Requests1 Weak     Min:  0.0, Avg:  0.0, Max:  0.0, Diff:  0.0, Sum:  0.0, Workers: 6
[23.833s][debug  ][gc,phases      ] GC(87)     Dead                           Min: 0, Avg:  0.0, Max: 0, Diff: 0, Sum: 0, Workers: 6
[23.834s][debug  ][gc,phases      ] GC(87)     Total                          Min: 0, Avg:  0.0, Max: 0, Diff: 0, Sum: 0, Workers: 6
[23.834s][debug  ][gc,phases      ] GC(87)   Weak JFR Old Object Samples    Min:  0.0, Avg:  0.0, Max:  0.0, Diff:  0.0, Sum:  0.0, Workers: 6
[23.834s][debug  ][gc,phases      ] GC(87)     Dead                           Min: 0, Avg:  0.0, Max: 0, Diff: 0, Sum: 0, Workers: 6
[23.834s][debug  ][gc,phases      ] GC(87)     Total                          Min: 0, Avg:  0.0, Max: 0, Diff: 0, Sum: 0, Workers: 6
[23.834s][debug  ][gc,phases      ] GC(87) Weak Processing 0.857ms
[23.834s][debug  ][gc,ergo        ] GC(87) AdaptiveSizeStart:  collection: 88 
[23.834s][debug  ][gc,ergo        ] GC(87) avg_survived_padded_avg: 33542352.000000
[23.834s][debug  ][gc,ergo        ] GC(87) avg_promoted_padded_avg: 252128448.000000  avg_pretenured_padded_avg: 0.000000  tenuring_thresh: 4  target_size: 33554432
[23.834s][debug  ][gc,age         ] GC(87) Desired survivor size 33554432 bytes, new threshold 4 (max threshold 15)
[23.834s][debug  ][gc,ergo        ] GC(87) PSAdaptiveSizePolicy::compute_eden_space_size limits: desired_eden_size: 220161365 old_eden_size: 200278016 eden_limit: 200278016 cur_eden: 200278016 max_eden_size: 200278016 avg_young_live: 27183096
[23.834s][debug  ][gc,ergo        ] GC(87) PSAdaptiveSizePolicy::compute_eden_space_size: costs minor_time: 0.048471 major_cost: 0.049942 mutator_cost: 0.901588 throughput_goal: 0.990000
[23.834s][debug  ][gc,ergo        ] GC(87) Live_space: 995343040 free_space: 1400373248
[23.834s][debug  ][gc,ergo        ] GC(87) Old eden_size: 200278016 desired_eden_size: 200278016
[23.834s][debug  ][gc,ergo        ] GC(87) AdaptiveSizeStop: collection: 88 
[23.834s][info   ][gc,heap        ] GC(87) PSYoungGen: 218839K(228864K)->30720K(229376K) Eden: 188119K(195584K)->0K(196096K) From: 30720K(33280K)->30720K(33280K)
[23.834s][info   ][gc,heap        ] GC(87) ParOldGen: 1271396K(1835008K)->1455717K(1835008K)
[23.834s][info   ][gc,metaspace   ] GC(87) Metaspace: 1023K(1216K)->1023K(1216K) NonClass: 939K(1024K)->939K(1024K) Class: 83K(192K)->83K(192K)
[23.834s][info   ][gc             ] GC(87) Pause Young (Allocation Failure) 1455M->1451M(2016M) 16.476ms
[23.834s][info   ][gc,cpu         ] GC(87) User=0.12s Sys=0.00s Real=0.02s
[23.834s][debug  ][gc,heap        ] GC(87) Heap after GC invocations=88 (full 14):
[23.834s][debug  ][gc,heap        ] GC(87)  PSYoungGen      total 229376K, used 30720K [0x00000000f0000000, 0x0000000100000000, 0x0000000100000000)
[23.834s][debug  ][gc,heap        ] GC(87)   eden space 196096K, 0% used [0x00000000f0000000,0x00000000f0000000,0x00000000fbf80000)
[23.834s][debug  ][gc,heap        ] GC(87)   from space 33280K, 92% used [0x00000000fdf80000,0x00000000ffd80030,0x0000000100000000)
[23.834s][debug  ][gc,heap        ] GC(87)   to   space 32768K, 0% used [0x00000000fbf80000,0x00000000fbf80000,0x00000000fdf80000)
[23.834s][debug  ][gc,heap        ] GC(87)  ParOldGen       total 1835008K, used 1455717K [0x0000000080000000, 0x00000000f0000000, 0x00000000f0000000)
[23.834s][debug  ][gc,heap        ] GC(87)   object space 1835008K, 79% used [0x0000000080000000,0x00000000d8d994e8,0x00000000f0000000)
[23.834s][debug  ][gc,heap        ] GC(87)  Metaspace       used 1023K, committed 1216K, reserved 1056768K
[23.834s][debug  ][gc,heap        ] GC(87)   class space    used 83K, committed 192K, reserved 1048576K
[23.834s][debug  ][gc,task,time   ] GC(87) VM-Thread 238170799 238320344 238341846
[24.118s][debug  ][gc,heap        ] GC(88) Heap before GC invocations=89 (full 14):
[24.118s][debug  ][gc,heap        ] GC(88)  PSYoungGen      total 229376K, used 218860K [0x00000000f0000000, 0x0000000100000000, 0x0000000100000000)
[24.118s][debug  ][gc,heap        ] GC(88)   eden space 196096K, 95% used [0x00000000f0000000,0x00000000fb7bb370,0x00000000fbf80000)
[24.118s][debug  ][gc,heap        ] GC(88)   from space 33280K, 92% used [0x00000000fdf80000,0x00000000ffd80030,0x0000000100000000)
[24.118s][debug  ][gc,heap        ] GC(88)   to   space 32768K, 0% used [0x00000000fbf80000,0x00000000fbf80000,0x00000000fdf80000)
[24.118s][debug  ][gc,heap        ] GC(88)  ParOldGen       total 1835008K, used 1455717K [0x0000000080000000, 0x00000000f0000000, 0x00000000f0000000)
[24.118s][debug  ][gc,heap        ] GC(88)   object space 1835008K, 79% used [0x0000000080000000,0x00000000d8d994e8,0x00000000f0000000)
[24.118s][debug  ][gc,heap        ] GC(88)  Metaspace       used 1023K, committed 1216K, reserved 1056768K
[24.118s][debug  ][gc,heap        ] GC(88)   class space    used 83K, committed 192K, reserved 1048576K
[24.119s][debug  ][gc,tlab        ] GC(88) TLAB totals: thrds: 1  refills: 1 max: 1 slow allocs: 17 max 17 waste: 27.2% gc: 3912272B max: 3912272B slow: 0B max: 0B
[24.119s][info   ][gc,start       ] GC(88) Pause Young (Allocation Failure)
[24.119s][debug  ][gc,phases,start] GC(88) Scavenge
[24.134s][debug  ][gc,phases      ] GC(88) Scavenge 14.934ms
[24.134s][debug  ][gc,phases,start] GC(88) Reference Processing
[24.134s][debug  ][gc,ref         ] GC(88) Skipped phase 1 of Reference Processing: no references
[24.134s][debug  ][gc,ref         ] GC(88) Skipped phase 2 of Reference Processing: no references
[24.134s][debug  ][gc,ref         ] GC(88) Skipped phase 3 of Reference Processing: no references
[24.134s][debug  ][gc,ref         ] GC(88) Skipped phase 4 of Reference Processing: no references
[24.134s][debug  ][gc,phases,ref  ] GC(88) Reference Processing: 0.1ms
[24.134s][debug  ][gc,phases,ref  ] GC(88)   Reconsider SoftReferences: 0.0ms
[24.134s][debug  ][gc,phases,ref  ] GC(88)     SoftRef (ms):                  skipped
[24.134s][debug  ][gc,phases,ref  ] GC(88)   Notify Soft/WeakReferences: 0.0ms
[24.134s][debug  ][gc,phases,ref  ] GC(88)     SoftRef (ms):                  skipped
[24.134s][debug  ][gc,phases,ref  ] GC(88)     WeakRef (ms):                  skipped
[24.134s][debug  ][gc,phases,ref  ] GC(88)     FinalRef (ms):                 skipped
[24.134s][debug  ][gc,phases,ref  ] GC(88)     Total (ms):                    skipped
[24.134s][debug  ][gc,phases,ref  ] GC(88)   Notify and keep alive finalizable: 0.0ms
[24.134s][debug  ][gc,phases,ref  ] GC(88)     FinalRef (ms):                 skipped
[24.134s][debug  ][gc,phases,ref  ] GC(88)   Notify PhantomReferences: 0.0ms
[24.134s][debug  ][gc,phases,ref  ] GC(88)     PhantomRef (ms):               skipped
[24.134s][debug  ][gc,phases,ref  ] GC(88)   SoftReference:
[24.134s][debug  ][gc,phases,ref  ] GC(88)     Discovered: 0
[24.134s][debug  ][gc,phases,ref  ] GC(88)     Cleared: 0
[24.134s][debug  ][gc,phases,ref  ] GC(88)   WeakReference:
[24.134s][debug  ][gc,phases,ref  ] GC(88)     Discovered: 0
[24.134s][debug  ][gc,phases,ref  ] GC(88)     Cleared: 0
[24.134s][debug  ][gc,phases,ref  ] GC(88)   FinalReference:
[24.134s][debug  ][gc,phases,ref  ] GC(88)     Discovered: 0
[24.134s][debug  ][gc,phases,ref  ] GC(88)     Cleared: 0
[24.134s][debug  ][gc,phases,ref  ] GC(88)   PhantomReference:
[24.134s][debug  ][gc,phases,ref  ] GC(88)     Discovered: 0
[24.134s][debug  ][gc,phases,ref  ] GC(88)     Cleared: 0
[24.134s][debug  ][gc,phases      ] GC(88) Reference Processing 0.846ms
[24.135s][debug  ][gc,phases,start] GC(88) Weak Processing
[24.135s][debug  ][gc,phases      ] GC(88)   VM Weak                        Min:  0.0, Avg:  0.0, Max:  0.0, Diff:  0.0, Sum:  0.0, Workers: 6
[24.135s][debug  ][gc,phases      ] GC(88)     Dead                           Min: 0, Avg:  0.0, Max: 0, Diff: 0, Sum: 0, Workers: 6
[24.135s][debug  ][gc,phases      ] GC(88)     Total                          Min: 0, Avg:  1.3, Max: 8, Diff: 8, Sum: 8, Workers: 6
[24.135s][debug  ][gc,phases      ] GC(88)   ObjectSynchronizer Weak        Min:  0.0, Avg:  0.0, Max:  0.0, Diff:  0.0, Sum:  0.0, Workers: 6
[24.135s][debug  ][gc,phases      ] GC(88)     Dead                           Min: 0, Avg:  0.0, Max: 0, Diff: 0, Sum: 0, Workers: 6
[24.135s][debug  ][gc,phases      ] GC(88)     Total                          Min: 0, Avg:  0.5, Max: 3, Diff: 3, Sum: 3, Workers: 6
[24.135s][debug  ][gc,phases      ] GC(88)   JVMTI Tag Weak OopStorage      Min:  0.0, Avg:  0.0, Max:  0.0, Diff:  0.0, Sum:  0.0, Workers: 6
[24.135s][debug  ][gc,phases      ] GC(88)     Dead                           Min: 0, Avg:  0.0, Max: 0, Diff: 0, Sum: 0, Workers: 6
[24.135s][debug  ][gc,phases      ] GC(88)     Total                          Min: 0, Avg:  0.0, Max: 0, Diff: 0, Sum: 0, Workers: 6
[24.135s][debug  ][gc,phases      ] GC(88)   StringTable Weak               Min:  0.0, Avg:  0.0, Max:  0.0, Diff:  0.0, Sum:  0.0, Workers: 6
[24.135s][debug  ][gc,phases      ] GC(88)     Dead                           Min: 0, Avg:  0.0, Max: 0, Diff: 0, Sum: 0, Workers: 6
[24.135s][debug  ][gc,phases      ] GC(88)     Total                          Min: 768, Avg: 892.5, Max: 960, Diff: 192, Sum: 5355, Workers: 6
[24.135s][debug  ][gc,phases      ] GC(88)   ResolvedMethodTable Weak       Min:  0.0, Avg:  0.0, Max:  0.0, Diff:  0.0, Sum:  0.0, Workers: 6
[24.135s][debug  ][gc,phases      ] GC(88)     Dead                           Min: 0, Avg:  0.0, Max: 0, Diff: 0, Sum: 0, Workers: 6
[24.135s][debug  ][gc,phases      ] GC(88)     Total                          Min: 0, Avg: 21.5, Max: 64, Diff: 64, Sum: 129, Workers: 6
[24.135s][debug  ][gc,phases      ] GC(88)   JNI Weak                       Min:  0.0, Avg:  0.0, Max:  0.0, Diff:  0.0, Sum:  0.0, Workers: 6
[24.135s][debug  ][gc,phases      ] GC(88)     Dead                           Min: 0, Avg:  0.0, Max: 0, Diff: 0, Sum: 0, Workers: 6
[24.135s][debug  ][gc,phases      ] GC(88)     Total                          Min: 0, Avg:  0.0, Max: 0, Diff: 0, Sum: 0, Workers: 6
[24.135s][debug  ][gc,phases      ] GC(88)   StringDedup Table Weak         Min:  0.0, Avg:  0.0, Max:  0.0, Diff:  0.0, Sum:  0.0, Workers: 6
[24.135s][debug  ][gc,phases      ] GC(88)     Dead                           Min: 0, Avg:  0.0, Max: 0, Diff: 0, Sum: 0, Workers: 6
[24.135s][debug  ][gc,phases      ] GC(88)     Total                          Min: 0, Avg:  0.0, Max: 0, Diff: 0, Sum: 0, Workers: 6
[24.135s][debug  ][gc,phases      ] GC(88)   StringDedup Requests0 Weak     Min:  0.0, Avg:  0.0, Max:  0.0, Diff:  0.0, Sum:  0.0, Workers: 6
[24.135s][debug  ][gc,phases      ] GC(88)     Dead                           Min: 0, Avg:  0.0, Max: 0, Diff: 0, Sum: 0, Workers: 6
[24.135s][debug  ][gc,phases      ] GC(88)     Total                          Min: 0, Avg:  0.0, Max: 0, Diff: 0, Sum: 0, Workers: 6
[24.135s][debug  ][gc,phases      ] GC(88)   StringDedup Requests1 Weak     Min:  0.0, Avg:  0.0, Max:  0.0, Diff:  0.0, Sum:  0.0, Workers: 6
[24.135s][debug  ][gc,phases      ] GC(88)     Dead                           Min: 0, Avg:  0.0, Max: 0, Diff: 0, Sum: 0, Workers: 6
[24.135s][debug  ][gc,phases      ] GC(88)     Total                          Min: 0, Avg:  0.0, Max: 0, Diff: 0, Sum: 0, Workers: 6
[24.135s][debug  ][gc,phases      ] GC(88)   Weak JFR Old Object Samples    Min:  0.0, Avg:  0.0, Max:  0.0, Diff:  0.0, Sum:  0.0, Workers: 6
[24.135s][debug  ][gc,phases      ] GC(88)     Dead                           Min: 0, Avg:  0.0, Max: 0, Diff: 0, Sum: 0, Workers: 6
[24.135s][debug  ][gc,phases      ] GC(88)     Total                          Min: 0, Avg:  0.0, Max: 0, Diff: 0, Sum: 0, Workers: 6
[24.135s][debug  ][gc,phases      ] GC(88) Weak Processing 0.854ms
[24.135s][debug  ][gc,ergo        ] GC(88) AdaptiveSizeStart:  collection: 89 
[24.135s][debug  ][gc,ergo        ] GC(88) avg_survived_padded_avg: 33394524.000000
[24.135s][debug  ][gc,ergo        ] GC(88) avg_promoted_padded_avg: 251479856.000000  avg_pretenured_padded_avg: 0.000000  tenuring_thresh: 4  target_size: 33554432
[24.135s][debug  ][gc,age         ] GC(88) Desired survivor size 33554432 bytes, new threshold 4 (max threshold 15)
[24.135s][debug  ][gc,ergo        ] GC(88) PSAdaptiveSizePolicy::compute_eden_space_size limits: desired_eden_size: 221050098 old_eden_size: 200278016 eden_limit: 200802304 cur_eden: 200802304 max_eden_size: 200802304 avg_young_live: 27610518
[24.136s][debug  ][gc,ergo        ] GC(88) PSAdaptiveSizePolicy::compute_eden_space_size: costs minor_time: 0.050253 major_cost: 0.049942 mutator_cost: 0.899805 throughput_goal: 0.990000
[24.136s][debug  ][gc,ergo        ] GC(88) Live_space: 995770496 free_space: 1400373248
[24.136s][debug  ][gc,ergo        ] GC(88) Old eden_size: 200278016 desired_eden_size: 200802304
[24.136s][debug  ][gc,ergo        ] GC(88) AdaptiveSizeStop: collection: 89 
[24.136s][info   ][gc,heap        ] GC(88) PSYoungGen: 218860K(229376K)->30720K(228864K) Eden: 188140K(196096K)->0K(196096K) From: 30720K(33280K)->30720K(32768K)
[24.136s][info   ][gc,heap        ] GC(88) ParOldGen: 1455717K(1835008K)->1640037K(1835008K)
[24.136s][info   ][gc,metaspace   ] GC(88) Metaspace: 1023K(1216K)->1023K(1216K) NonClass: 939K(1024K)->939K(1024K) Class: 83K(192K)->83K(192K)
[24.136s][info   ][gc             ] GC(88) Pause Young (Allocation Failure) 1635M->1631M(2015M) 17.147ms
[24.136s][info   ][gc,cpu         ] GC(88) User=0.08s Sys=0.00s Real=0.02s
[24.136s][debug  ][gc,heap        ] GC(88) Heap after GC invocations=89 (full 14):
[24.136s][debug  ][gc,heap        ] GC(88)  PSYoungGen      total 228864K, used 30720K [0x00000000f0000000, 0x0000000100000000, 0x0000000100000000)
[24.136s][debug  ][gc,heap        ] GC(88)   eden space 196096K, 0% used [0x00000000f0000000,0x00000000f0000000,0x00000000fbf80000)
[24.136s][debug  ][gc,heap        ] GC(88)   from space 32768K, 93% used [0x00000000fbf80000,0x00000000fdd80030,0x00000000fdf80000)
[24.136s][debug  ][gc,heap        ] GC(88)   to   space 32768K, 0% used [0x00000000fe000000,0x00000000fe000000,0x0000000100000000)
[24.136s][debug  ][gc,heap        ] GC(88)  ParOldGen       total 1835008K, used 1640037K [0x0000000080000000, 0x00000000f0000000, 0x00000000f0000000)
[24.136s][debug  ][gc,heap        ] GC(88)   object space 1835008K, 89% used [0x0000000080000000,0x00000000e4199608,0x00000000f0000000)
[24.136s][debug  ][gc,heap        ] GC(88)  Metaspace       used 1023K, committed 1216K, reserved 1056768K
[24.136s][debug  ][gc,heap        ] GC(88)   class space    used 83K, committed 192K, reserved 1048576K
[24.136s][debug  ][gc,task,time   ] GC(88) VM-Thread 241180481 241336330 241359596
[24.136s][debug  ][gc,phases,start] GC(89) Pre Compact
[24.136s][debug  ][gc,heap        ] GC(89) Heap before GC invocations=90 (full 15):
[24.136s][debug  ][gc,heap        ] GC(89)  PSYoungGen      total 228864K, used 30720K [0x00000000f0000000, 0x0000000100000000, 0x0000000100000000)
[24.136s][debug  ][gc,heap        ] GC(89)   eden space 196096K, 0% used [0x00000000f0000000,0x00000000f0000000,0x00000000fbf80000)
[24.136s][debug  ][gc,heap        ] GC(89)   from space 32768K, 93% used [0x00000000fbf80000,0x00000000fdd80030,0x00000000fdf80000)
[24.136s][debug  ][gc,heap        ] GC(89)   to   space 32768K, 0% used [0x00000000fe000000,0x00000000fe000000,0x0000000100000000)
[24.136s][debug  ][gc,heap        ] GC(89)  ParOldGen       total 1835008K, used 1640037K [0x0000000080000000, 0x00000000f0000000, 0x00000000f0000000)
[24.136s][debug  ][gc,heap        ] GC(89)   object space 1835008K, 89% used [0x0000000080000000,0x00000000e4199608,0x00000000f0000000)
[24.136s][debug  ][gc,heap        ] GC(89)  Metaspace       used 1023K, committed 1216K, reserved 1056768K
[24.136s][debug  ][gc,heap        ] GC(89)   class space    used 83K, committed 192K, reserved 1048576K
[24.136s][debug  ][gc,phases      ] GC(89) Pre Compact 0.214ms
[24.136s][info   ][gc,start       ] GC(89) Pause Full (Ergonomics)
[24.136s][info   ][gc,phases,start] GC(89) Marking Phase
[24.136s][debug  ][gc,phases,start] GC(89) Par Mark
[24.137s][debug  ][gc,phases      ] GC(89) Par Mark 0.546ms
[24.137s][debug  ][gc,phases,start] GC(89) Reference Processing
[24.137s][debug  ][gc,ref         ] GC(89) Skipped phase 1 of Reference Processing: no references
[24.137s][debug  ][gc,ref         ] GC(89) ReferenceProcessor::execute queues: 1, RefProcThreadModel::Single, marks_oops_alive: false
[24.137s][debug  ][gc,ref         ] GC(89) Skipped phase 3 of Reference Processing: no references
[24.137s][debug  ][gc,ref         ] GC(89) ReferenceProcessor::execute queues: 1, RefProcThreadModel::Single, marks_oops_alive: false
[24.137s][debug  ][gc,phases,ref  ] GC(89) Reference Processing: 0.2ms
[24.137s][debug  ][gc,phases,ref  ] GC(89)   Reconsider SoftReferences: 0.0ms
[24.137s][debug  ][gc,phases,ref  ] GC(89)     SoftRef (ms):                  skipped
[24.137s][debug  ][gc,phases,ref  ] GC(89)   Notify Soft/WeakReferences: 0.1ms
[24.137s][debug  ][gc,phases,ref  ] GC(89)     SoftRef (ms):                  Min:  0.0, Avg:  0.0, Max:  0.0, Diff:  0.0, Sum:  0.0, Workers: 8
[24.137s][debug  ][gc,phases,ref  ] GC(89)     WeakRef (ms):                  Min:  0.0, Avg:  0.0, Max:  0.0, Diff:  0.0, Sum:  0.0, Workers: 8
[24.137s][debug  ][gc,phases,ref  ] GC(89)     FinalRef (ms):                 Min:  0.0, Avg:  0.0, Max:  0.0, Diff:  0.0, Sum:  0.0, Workers: 8
[24.137s][debug  ][gc,phases,ref  ] GC(89)     Total (ms):                    Min:  0.0, Avg:  0.0, Max:  0.0, Diff:  0.0, Sum:  0.0, Workers: 8
[24.137s][debug  ][gc,phases,ref  ] GC(89)   Notify and keep alive finalizable: 0.0ms
[24.137s][debug  ][gc,phases,ref  ] GC(89)     FinalRef (ms):                 skipped
[24.137s][debug  ][gc,phases,ref  ] GC(89)   Notify PhantomReferences: 0.0ms
[24.137s][debug  ][gc,phases,ref  ] GC(89)     PhantomRef (ms):               Min:  0.0, Avg:  0.0, Max:  0.0, Diff:  0.0, Sum:  0.0, Workers: 8
[24.137s][debug  ][gc,phases,ref  ] GC(89)   SoftReference:
[24.137s][debug  ][gc,phases,ref  ] GC(89)     Discovered: 0
[24.137s][debug  ][gc,phases,ref  ] GC(89)     Cleared: 0
[24.137s][debug  ][gc,phases,ref  ] GC(89)   WeakReference:
[24.137s][debug  ][gc,phases,ref  ] GC(89)     Discovered: 83
[24.137s][debug  ][gc,phases,ref  ] GC(89)     Cleared: 83
[24.137s][debug  ][gc,phases,ref  ] GC(89)   FinalReference:
[24.137s][debug  ][gc,phases,ref  ] GC(89)     Discovered: 0
[24.138s][debug  ][gc,phases,ref  ] GC(89)     Cleared: 0
[24.138s][debug  ][gc,phases,ref  ] GC(89)   PhantomReference:
[24.138s][debug  ][gc,phases,ref  ] GC(89)     Discovered: 5
[24.138s][debug  ][gc,phases,ref  ] GC(89)     Cleared: 5
[24.138s][debug  ][gc,phases      ] GC(89) Reference Processing 0.730ms
[24.138s][debug  ][gc,phases,start] GC(89) Weak Processing
[24.138s][debug  ][gc,phases      ] GC(89)   VM Weak                        Min:  0.0, Avg:  0.0, Max:  0.0, Diff:  0.0, Sum:  0.0, Workers: 6
[24.138s][debug  ][gc,phases      ] GC(89)     Dead                           Min: 0, Avg:  0.0, Max: 0, Diff: 0, Sum: 0, Workers: 6
[24.138s][debug  ][gc,phases      ] GC(89)     Total                          Min: 0, Avg:  1.3, Max: 8, Diff: 8, Sum: 8, Workers: 6
[24.138s][debug  ][gc,phases      ] GC(89)   ObjectSynchronizer Weak        Min:  0.0, Avg:  0.0, Max:  0.0, Diff:  0.0, Sum:  0.0, Workers: 6
[24.138s][debug  ][gc,phases      ] GC(89)     Dead                           Min: 0, Avg:  0.0, Max: 0, Diff: 0, Sum: 0, Workers: 6
[24.138s][debug  ][gc,phases      ] GC(89)     Total                          Min: 0, Avg:  0.5, Max: 3, Diff: 3, Sum: 3, Workers: 6
[24.138s][debug  ][gc,phases      ] GC(89)   JVMTI Tag Weak OopStorage      Min:  0.0, Avg:  0.0, Max:  0.0, Diff:  0.0, Sum:  0.0, Workers: 6
[24.138s][debug  ][gc,phases      ] GC(89)     Dead                           Min: 0, Avg:  0.0, Max: 0, Diff: 0, Sum: 0, Workers: 6
[24.138s][debug  ][gc,phases      ] GC(89)     Total                          Min: 0, Avg:  0.0, Max: 0, Diff: 0, Sum: 0, Workers: 6
[24.138s][debug  ][gc,phases      ] GC(89)   StringTable Weak               Min:  0.0, Avg:  0.0, Max:  0.0, Diff:  0.0, Sum:  0.0, Workers: 6
[24.138s][debug  ][gc,phases      ] GC(89)     Dead                           Min: 0, Avg:  0.0, Max: 0, Diff: 0, Sum: 0, Workers: 6
[24.138s][debug  ][gc,phases      ] GC(89)     Total                          Min: 704, Avg: 892.5, Max: 1152, Diff: 448, Sum: 5355, Workers: 6
[24.138s][debug  ][gc,phases      ] GC(89)   ResolvedMethodTable Weak       Min:  0.0, Avg:  0.0, Max:  0.0, Diff:  0.0, Sum:  0.0, Workers: 6
[24.138s][debug  ][gc,phases      ] GC(89)     Dead                           Min: 0, Avg:  0.0, Max: 0, Diff: 0, Sum: 0, Workers: 6
[24.138s][debug  ][gc,phases      ] GC(89)     Total                          Min: 0, Avg: 21.5, Max: 64, Diff: 64, Sum: 129, Workers: 6
[24.138s][debug  ][gc,phases      ] GC(89)   JNI Weak                       Min:  0.0, Avg:  0.0, Max:  0.0, Diff:  0.0, Sum:  0.0, Workers: 6
[24.138s][debug  ][gc,phases      ] GC(89)     Dead                           Min: 0, Avg:  0.0, Max: 0, Diff: 0, Sum: 0, Workers: 6
[24.138s][debug  ][gc,phases      ] GC(89)     Total                          Min: 0, Avg:  0.0, Max: 0, Diff: 0, Sum: 0, Workers: 6
[24.138s][debug  ][gc,phases      ] GC(89)   StringDedup Table Weak         Min:  0.0, Avg:  0.0, Max:  0.0, Diff:  0.0, Sum:  0.0, Workers: 6
[24.138s][debug  ][gc,phases      ] GC(89)     Dead                           Min: 0, Avg:  0.0, Max: 0, Diff: 0, Sum: 0, Workers: 6
[24.138s][debug  ][gc,phases      ] GC(89)     Total                          Min: 0, Avg:  0.0, Max: 0, Diff: 0, Sum: 0, Workers: 6
[24.138s][debug  ][gc,phases      ] GC(89)   StringDedup Requests0 Weak     Min:  0.0, Avg:  0.0, Max:  0.0, Diff:  0.0, Sum:  0.0, Workers: 6
[24.138s][debug  ][gc,phases      ] GC(89)     Dead                           Min: 0, Avg:  0.0, Max: 0, Diff: 0, Sum: 0, Workers: 6
[24.138s][debug  ][gc,phases      ] GC(89)     Total                          Min: 0, Avg:  0.0, Max: 0, Diff: 0, Sum: 0, Workers: 6
[24.138s][debug  ][gc,phases      ] GC(89)   StringDedup Requests1 Weak     Min:  0.0, Avg:  0.0, Max:  0.0, Diff:  0.0, Sum:  0.0, Workers: 6
[24.138s][debug  ][gc,phases      ] GC(89)     Dead                           Min: 0, Avg:  0.0, Max: 0, Diff: 0, Sum: 0, Workers: 6
[24.138s][debug  ][gc,phases      ] GC(89)     Total                          Min: 0, Avg:  0.0, Max: 0, Diff: 0, Sum: 0, Workers: 6
[24.138s][debug  ][gc,phases      ] GC(89)   Weak JFR Old Object Samples    Min:  0.0, Avg:  0.0, Max:  0.0, Diff:  0.0, Sum:  0.0, Workers: 6
[24.138s][debug  ][gc,phases      ] GC(89)     Dead                           Min: 0, Avg:  0.0, Max: 0, Diff: 0, Sum: 0, Workers: 6
[24.138s][debug  ][gc,phases      ] GC(89)     Total                          Min: 0, Avg:  0.0, Max: 0, Diff: 0, Sum: 0, Workers: 6
[24.138s][debug  ][gc,phases      ] GC(89) Weak Processing 0.676ms
[24.138s][debug  ][gc,phases,start] GC(89) Class Unloading
[24.138s][debug  ][gc,phases,start] GC(89) ClassLoaderData
[24.138s][debug  ][gc,phases      ] GC(89) ClassLoaderData 0.019ms
[24.138s][debug  ][gc,phases,start] GC(89) Trigger cleanups
[24.138s][debug  ][gc,phases      ] GC(89) Trigger cleanups 0.018ms
[24.139s][debug  ][gc,phases      ] GC(89) Class Unloading 0.254ms
[24.139s][info   ][gc,phases      ] GC(89) Marking Phase 2.334ms
[24.139s][info   ][gc,phases,start] GC(89) Summary Phase
[24.139s][info   ][gc,phases      ] GC(89) Summary Phase 0.036ms
[24.139s][info   ][gc,phases,start] GC(89) Adjust Roots
[24.139s][info   ][gc,phases      ] GC(89) Adjust Roots 0.149ms
[24.139s][info   ][gc,phases,start] GC(89) Compaction Phase
[24.214s][info   ][gc,phases      ] GC(89) Compaction Phase 75.076ms
[24.214s][info   ][gc,phases,start] GC(89) Post Compact
[24.219s][info   ][gc,phases      ] GC(89) Post Compact 4.865ms
[24.219s][debug  ][gc,ergo        ] GC(89) AdaptiveSizeStart: collection: 90 
[24.219s][debug  ][gc,ergo        ] GC(89) PSAdaptiveSizePolicy::compute_eden_space_size limits: desired_eden_size: 220936891 old_eden_size: 200802304 eden_limit: 201326592 cur_eden: 200802304 max_eden_size: 201326592 avg_young_live: 24849466
[24.219s][debug  ][gc,ergo        ] GC(89) PSAdaptiveSizePolicy::compute_eden_space_size: costs minor_time: 0.050253 major_cost: 0.050505 mutator_cost: 0.899242 throughput_goal: 0.990000
[24.219s][debug  ][gc,ergo        ] GC(89) Live_space: 993009408 free_space: 1400897536
[24.219s][debug  ][gc,ergo        ] GC(89) Old eden_size: 200802304 desired_eden_size: 201326592
[24.219s][debug  ][gc,ergo        ] GC(89) PSAdaptiveSizePolicy::compute_old_gen_free_space limits: desired_promo_size: 1320457562 promo_limit: 1200095232 free_in_old_gen: 1176776960 max_old_gen_size: 1879048192 avg_old_live: 702271296
[24.219s][debug  ][gc,ergo        ] GC(89) PSAdaptiveSizePolicy::compute_old_gen_free_space: costs minor_time: 0.050253 major_cost: 0.050505  mutator_cost: 0.899242 throughput_goal: 0.990000
[24.219s][debug  ][gc,ergo        ] GC(89) Live_space: 995556224 free_space: 1401421824
[24.219s][debug  ][gc,ergo        ] GC(89) Old promo_size: 1200095232 desired_promo_size: 1200095232
[24.219s][debug  ][gc,ergo        ] GC(89) AdaptiveSizeStop: collection: 90 
[24.219s][info   ][gc,heap        ] GC(89) PSYoungGen: 30720K(228864K)->0K(229376K) Eden: 0K(196096K)->0K(196608K) From: 30720K(32768K)->0K(32768K)
[24.219s][info   ][gc,heap        ] GC(89) ParOldGen: 1640037K(1835008K)->708196K(1835008K)
[24.219s][info   ][gc,metaspace   ] GC(89) Metaspace: 1023K(1216K)->1023K(1216K) NonClass: 939K(1024K)->939K(1024K) Class: 83K(192K)->83K(192K)
[24.219s][info   ][gc             ] GC(89) Pause Full (Ergonomics) 1631M->691M(2016M) 82.994ms
[24.219s][info   ][gc,cpu         ] GC(89) User=0.59s Sys=0.00s Real=0.08s
[24.219s][debug  ][gc,heap        ] GC(89) Heap after GC invocations=90 (full 15):
[24.219s][debug  ][gc,heap        ] GC(89)  PSYoungGen      total 229376K, used 0K [0x00000000f0000000, 0x0000000100000000, 0x0000000100000000)
[24.219s][debug  ][gc,heap        ] GC(89)   eden space 196608K, 0% used [0x00000000f0000000,0x00000000f0000000,0x00000000fc000000)
[24.219s][debug  ][gc,heap        ] GC(89)   from space 32768K, 0% used [0x00000000fe000000,0x00000000fe000000,0x0000000100000000)
[24.219s][debug  ][gc,heap        ] GC(89)   to   space 32768K, 0% used [0x00000000fc000000,0x00000000fc000000,0x00000000fe000000)
[24.219s][debug  ][gc,heap        ] GC(89)  ParOldGen       total 1835008K, used 708196K [0x0000000080000000, 0x00000000f0000000, 0x00000000f0000000)
[24.219s][debug  ][gc,heap        ] GC(89)   object space 1835008K, 38% used [0x0000000080000000,0x00000000ab399058,0x00000000f0000000)
[24.219s][debug  ][gc,heap        ] GC(89)  Metaspace       used 1023K, committed 1216K, reserved 1056768K
[24.219s][debug  ][gc,heap        ] GC(89)   class space    used 83K, committed 192K, reserved 1048576K
[24.219s][debug  ][gc,task,time   ] GC(89) VM-Thread 241362453 241388413 242192645
[24.514s][debug  ][gc,heap        ] GC(90) Heap before GC invocations=91 (full 15):
[24.514s][debug  ][gc,heap        ] GC(90)  PSYoungGen      total 229376K, used 188158K [0x00000000f0000000, 0x0000000100000000, 0x0000000100000000)
[24.514s][debug  ][gc,heap        ] GC(90)   eden space 196608K, 95% used [0x00000000f0000000,0x00000000fb7bf9d0,0x00000000fc000000)
[24.514s][debug  ][gc,heap        ] GC(90)   from space 32768K, 0% used [0x00000000fe000000,0x00000000fe000000,0x0000000100000000)
[24.514s][debug  ][gc,heap        ] GC(90)   to   space 32768K, 0% used [0x00000000fc000000,0x00000000fc000000,0x00000000fe000000)
[24.514s][debug  ][gc,heap        ] GC(90)  ParOldGen       total 1835008K, used 708196K [0x0000000080000000, 0x00000000f0000000, 0x00000000f0000000)
[24.514s][debug  ][gc,heap        ] GC(90)   object space 1835008K, 38% used [0x0000000080000000,0x00000000ab399058,0x00000000f0000000)
[24.514s][debug  ][gc,heap        ] GC(90)  Metaspace       used 1023K, committed 1216K, reserved 1056768K
[24.514s][debug  ][gc,heap        ] GC(90)   class space    used 83K, committed 192K, reserved 1048576K
[24.514s][debug  ][gc,tlab        ] GC(90) TLAB totals: thrds: 1  refills: 1 max: 1 slow allocs: 17 max 17 waste: 27.3% gc: 3930288B max: 3930288B slow: 0B max: 0B
[24.514s][info   ][gc,start       ] GC(90) Pause Young (Allocation Failure)
[24.514s][debug  ][gc,phases,start] GC(90) Scavenge
[24.527s][debug  ][gc,phases      ] GC(90) Scavenge 12.732ms
[24.527s][debug  ][gc,phases,start] GC(90) Reference Processing
[24.527s][debug  ][gc,ref         ] GC(90) Skipped phase 1 of Reference Processing: no references
[24.527s][debug  ][gc,ref         ] GC(90) Skipped phase 2 of Reference Processing: no references
[24.527s][debug  ][gc,ref         ] GC(90) Skipped phase 3 of Reference Processing: no references
[24.527s][debug  ][gc,ref         ] GC(90) Skipped phase 4 of Reference Processing: no references
[24.527s][debug  ][gc,phases,ref  ] GC(90) Reference Processing: 0.1ms
[24.527s][debug  ][gc,phases,ref  ] GC(90)   Reconsider SoftReferences: 0.0ms
[24.527s][debug  ][gc,phases,ref  ] GC(90)     SoftRef (ms):                  skipped
[24.527s][debug  ][gc,phases,ref  ] GC(90)   Notify Soft/WeakReferences: 0.0ms
[24.527s][debug  ][gc,phases,ref  ] GC(90)     SoftRef (ms):                  skipped
[24.527s][debug  ][gc,phases,ref  ] GC(90)     WeakRef (ms):                  skipped
[24.527s][debug  ][gc,phases,ref  ] GC(90)     FinalRef (ms):                 skipped
[24.528s][debug  ][gc,phases,ref  ] GC(90)     Total (ms):                    skipped
[24.528s][debug  ][gc,phases,ref  ] GC(90)   Notify and keep alive finalizable: 0.0ms
[24.528s][debug  ][gc,phases,ref  ] GC(90)     FinalRef (ms):                 skipped
[24.528s][debug  ][gc,phases,ref  ] GC(90)   Notify PhantomReferences: 0.0ms
[24.528s][debug  ][gc,phases,ref  ] GC(90)     PhantomRef (ms):               skipped
[24.528s][debug  ][gc,phases,ref  ] GC(90)   SoftReference:
[24.528s][debug  ][gc,phases,ref  ] GC(90)     Discovered: 0
[24.528s][debug  ][gc,phases,ref  ] GC(90)     Cleared: 0
[24.528s][debug  ][gc,phases,ref  ] GC(90)   WeakReference:
[24.528s][debug  ][gc,phases,ref  ] GC(90)     Discovered: 0
[24.528s][debug  ][gc,phases,ref  ] GC(90)     Cleared: 0
[24.528s][debug  ][gc,phases,ref  ] GC(90)   FinalReference:
[24.528s][debug  ][gc,phases,ref  ] GC(90)     Discovered: 0
[24.528s][debug  ][gc,phases,ref  ] GC(90)     Cleared: 0
[24.528s][debug  ][gc,phases,ref  ] GC(90)   PhantomReference:
[24.528s][debug  ][gc,phases,ref  ] GC(90)     Discovered: 0
[24.528s][debug  ][gc,phases,ref  ] GC(90)     Cleared: 0
[24.528s][debug  ][gc,phases      ] GC(90) Reference Processing 0.936ms
[24.528s][debug  ][gc,phases,start] GC(90) Weak Processing
[24.528s][debug  ][gc,phases      ] GC(90)   VM Weak                        Min:  0.0, Avg:  0.0, Max:  0.0, Diff:  0.0, Sum:  0.0, Workers: 6
[24.528s][debug  ][gc,phases      ] GC(90)     Dead                           Min: 0, Avg:  0.0, Max: 0, Diff: 0, Sum: 0, Workers: 6
[24.528s][debug  ][gc,phases      ] GC(90)     Total                          Min: 0, Avg:  1.3, Max: 8, Diff: 8, Sum: 8, Workers: 6
[24.528s][debug  ][gc,phases      ] GC(90)   ObjectSynchronizer Weak        Min:  0.0, Avg:  0.0, Max:  0.0, Diff:  0.0, Sum:  0.0, Workers: 6
[24.528s][debug  ][gc,phases      ] GC(90)     Dead                           Min: 0, Avg:  0.0, Max: 0, Diff: 0, Sum: 0, Workers: 6
[24.528s][debug  ][gc,phases      ] GC(90)     Total                          Min: 0, Avg:  0.5, Max: 3, Diff: 3, Sum: 3, Workers: 6
[24.528s][debug  ][gc,phases      ] GC(90)   JVMTI Tag Weak OopStorage      Min:  0.0, Avg:  0.0, Max:  0.0, Diff:  0.0, Sum:  0.0, Workers: 6
[24.528s][debug  ][gc,phases      ] GC(90)     Dead                           Min: 0, Avg:  0.0, Max: 0, Diff: 0, Sum: 0, Workers: 6
[24.528s][debug  ][gc,phases      ] GC(90)     Total                          Min: 0, Avg:  0.0, Max: 0, Diff: 0, Sum: 0, Workers: 6
[24.528s][debug  ][gc,phases      ] GC(90)   StringTable Weak               Min:  0.0, Avg:  0.0, Max:  0.0, Diff:  0.0, Sum:  0.0, Workers: 6
[24.528s][debug  ][gc,phases      ] GC(90)     Dead                           Min: 0, Avg:  0.0, Max: 0, Diff: 0, Sum: 0, Workers: 6
[24.528s][debug  ][gc,phases      ] GC(90)     Total                          Min: 704, Avg: 892.5, Max: 1024, Diff: 320, Sum: 5355, Workers: 6
[24.528s][debug  ][gc,phases      ] GC(90)   ResolvedMethodTable Weak       Min:  0.0, Avg:  0.0, Max:  0.0, Diff:  0.0, Sum:  0.0, Workers: 6
[24.528s][debug  ][gc,phases      ] GC(90)     Dead                           Min: 0, Avg:  0.0, Max: 0, Diff: 0, Sum: 0, Workers: 6
[24.529s][debug  ][gc,phases      ] GC(90)     Total                          Min: 0, Avg: 21.5, Max: 64, Diff: 64, Sum: 129, Workers: 6
[24.529s][debug  ][gc,phases      ] GC(90)   JNI Weak                       Min:  0.0, Avg:  0.0, Max:  0.0, Diff:  0.0, Sum:  0.0, Workers: 6
[24.529s][debug  ][gc,phases      ] GC(90)     Dead                           Min: 0, Avg:  0.0, Max: 0, Diff: 0, Sum: 0, Workers: 6
[24.529s][debug  ][gc,phases      ] GC(90)     Total                          Min: 0, Avg:  0.0, Max: 0, Diff: 0, Sum: 0, Workers: 6
[24.529s][debug  ][gc,phases      ] GC(90)   StringDedup Table Weak         Min:  0.0, Avg:  0.0, Max:  0.0, Diff:  0.0, Sum:  0.0, Workers: 6
[24.529s][debug  ][gc,phases      ] GC(90)     Dead                           Min: 0, Avg:  0.0, Max: 0, Diff: 0, Sum: 0, Workers: 6
[24.529s][debug  ][gc,phases      ] GC(90)     Total                          Min: 0, Avg:  0.0, Max: 0, Diff: 0, Sum: 0, Workers: 6
[24.529s][debug  ][gc,phases      ] GC(90)   StringDedup Requests0 Weak     Min:  0.0, Avg:  0.0, Max:  0.0, Diff:  0.0, Sum:  0.0, Workers: 6
[24.529s][debug  ][gc,phases      ] GC(90)     Dead                           Min: 0, Avg:  0.0, Max: 0, Diff: 0, Sum: 0, Workers: 6
[24.529s][debug  ][gc,phases      ] GC(90)     Total                          Min: 0, Avg:  0.0, Max: 0, Diff: 0, Sum: 0, Workers: 6
[24.529s][debug  ][gc,phases      ] GC(90)   StringDedup Requests1 Weak     Min:  0.0, Avg:  0.0, Max:  0.0, Diff:  0.0, Sum:  0.0, Workers: 6
[24.529s][debug  ][gc,phases      ] GC(90)     Dead                           Min: 0, Avg:  0.0, Max: 0, Diff: 0, Sum: 0, Workers: 6
[24.529s][debug  ][gc,phases      ] GC(90)     Total                          Min: 0, Avg:  0.0, Max: 0, Diff: 0, Sum: 0, Workers: 6
[24.529s][debug  ][gc,phases      ] GC(90)   Weak JFR Old Object Samples    Min:  0.0, Avg:  0.0, Max:  0.0, Diff:  0.0, Sum:  0.0, Workers: 6
[24.529s][debug  ][gc,phases      ] GC(90)     Dead                           Min: 0, Avg:  0.0, Max: 0, Diff: 0, Sum: 0, Workers: 6
[24.529s][debug  ][gc,phases      ] GC(90)     Total                          Min: 0, Avg:  0.0, Max: 0, Diff: 0, Sum: 0, Workers: 6
[24.529s][debug  ][gc,phases      ] GC(90) Weak Processing 0.834ms
[24.529s][debug  ][gc,ergo        ] GC(90) AdaptiveSizeStart:  collection: 91 
[24.529s][debug  ][gc,ergo        ] GC(90) avg_survived_padded_avg: 33255410.000000
[24.529s][debug  ][gc,ergo        ] GC(90) avg_promoted_padded_avg: 245433152.000000  avg_pretenured_padded_avg: 0.000000  tenuring_thresh: 4  target_size: 33554432
[24.529s][debug  ][gc,age         ] GC(90) Desired survivor size 33554432 bytes, new threshold 4 (max threshold 15)
[24.529s][debug  ][gc,ergo        ] GC(90) PSAdaptiveSizePolicy::compute_eden_space_size limits: desired_eden_size: 220785805 old_eden_size: 201326592 eden_limit: 201326592 cur_eden: 201326592 max_eden_size: 201326592 avg_young_live: 25510250
[24.529s][debug  ][gc,ergo        ] GC(90) PSAdaptiveSizePolicy::compute_eden_space_size: costs minor_time: 0.046999 major_cost: 0.050505 mutator_cost: 0.902496 throughput_goal: 0.990000
[24.529s][debug  ][gc,ergo        ] GC(90) Live_space: 996216960 free_space: 1401421824
[24.529s][debug  ][gc,ergo        ] GC(90) Old eden_size: 201326592 desired_eden_size: 201326592
[24.529s][debug  ][gc,ergo        ] GC(90) AdaptiveSizeStop: collection: 91 
[24.529s][info   ][gc,heap        ] GC(90) PSYoungGen: 188158K(229376K)->30720K(229376K) Eden: 188158K(196608K)->0K(196608K) From: 0K(32768K)->30720K(32768K)
[24.529s][info   ][gc,heap        ] GC(90) ParOldGen: 708196K(1835008K)->861796K(1835008K)
[24.529s][info   ][gc,metaspace   ] GC(90) Metaspace: 1023K(1216K)->1023K(1216K) NonClass: 939K(1024K)->939K(1024K) Class: 83K(192K)->83K(192K)
[24.529s][info   ][gc             ] GC(90) Pause Young (Allocation Failure) 875M->871M(2016M) 15.006ms
[24.529s][info   ][gc,cpu         ] GC(90) User=0.12s Sys=0.00s Real=0.02s
[24.529s][debug  ][gc,heap        ] GC(90) Heap after GC invocations=91 (full 15):
[24.529s][debug  ][gc,heap        ] GC(90)  PSYoungGen      total 229376K, used 30720K [0x00000000f0000000, 0x0000000100000000, 0x0000000100000000)
[24.529s][debug  ][gc,heap        ] GC(90)   eden space 196608K, 0% used [0x00000000f0000000,0x00000000f0000000,0x00000000fc000000)
[24.529s][debug  ][gc,heap        ] GC(90)   from space 32768K, 93% used [0x00000000fc000000,0x00000000fde00030,0x00000000fe000000)
[24.529s][debug  ][gc,heap        ] GC(90)   to   space 32768K, 0% used [0x00000000fe000000,0x00000000fe000000,0x0000000100000000)
[24.529s][debug  ][gc,heap        ] GC(90)  ParOldGen       total 1835008K, used 861796K [0x0000000080000000, 0x00000000f0000000, 0x00000000f0000000)
[24.529s][debug  ][gc,heap        ] GC(90)   object space 1835008K, 46% used [0x0000000080000000,0x00000000b4999148,0x00000000f0000000)
[24.530s][debug  ][gc,heap        ] GC(90)  Metaspace       used 1023K, committed 1216K, reserved 1056768K
[24.530s][debug  ][gc,heap        ] GC(90)   class space    used 83K, committed 192K, reserved 1048576K
[24.530s][debug  ][gc,task,time   ] GC(90) VM-Thread 245136469 245270977 245295819
[24.814s][debug  ][gc,heap        ] GC(91) Heap before GC invocations=92 (full 15):
[24.814s][debug  ][gc,heap        ] GC(91)  PSYoungGen      total 229376K, used 218808K [0x00000000f0000000, 0x0000000100000000, 0x0000000100000000)
[24.814s][debug  ][gc,heap        ] GC(91)   eden space 196608K, 95% used [0x00000000f0000000,0x00000000fb7ae180,0x00000000fc000000)
[24.814s][debug  ][gc,heap        ] GC(91)   from space 32768K, 93% used [0x00000000fc000000,0x00000000fde00030,0x00000000fe000000)
[24.814s][debug  ][gc,heap        ] GC(91)   to   space 32768K, 0% used [0x00000000fe000000,0x00000000fe000000,0x0000000100000000)
[24.814s][debug  ][gc,heap        ] GC(91)  ParOldGen       total 1835008K, used 861796K [0x0000000080000000, 0x00000000f0000000, 0x00000000f0000000)
[24.814s][debug  ][gc,heap        ] GC(91)   object space 1835008K, 46% used [0x0000000080000000,0x00000000b4999148,0x00000000f0000000)
[24.814s][debug  ][gc,heap        ] GC(91)  Metaspace       used 1023K, committed 1216K, reserved 1056768K
[24.814s][debug  ][gc,heap        ] GC(91)   class space    used 83K, committed 192K, reserved 1048576K
[24.814s][debug  ][gc,tlab        ] GC(91) TLAB totals: thrds: 1  refills: 1 max: 1 slow allocs: 17 max 17 waste: 26.9% gc: 3857464B max: 3857464B slow: 0B max: 0B
[24.814s][info   ][gc,start       ] GC(91) Pause Young (Allocation Failure)
[24.814s][debug  ][gc,phases,start] GC(91) Scavenge
[24.818s][debug  ][gc,phases      ] GC(91) Scavenge 3.715ms
[24.818s][debug  ][gc,phases,start] GC(91) Reference Processing
[24.818s][debug  ][gc,ref         ] GC(91) Skipped phase 1 of Reference Processing: no references
[24.818s][debug  ][gc,ref         ] GC(91) Skipped phase 2 of Reference Processing: no references
[24.818s][debug  ][gc,ref         ] GC(91) Skipped phase 3 of Reference Processing: no references
[24.818s][debug  ][gc,ref         ] GC(91) Skipped phase 4 of Reference Processing: no references
[24.818s][debug  ][gc,phases,ref  ] GC(91) Reference Processing: 0.1ms
[24.818s][debug  ][gc,phases,ref  ] GC(91)   Reconsider SoftReferences: 0.0ms
[24.818s][debug  ][gc,phases,ref  ] GC(91)     SoftRef (ms):                  skipped
[24.818s][debug  ][gc,phases,ref  ] GC(91)   Notify Soft/WeakReferences: 0.0ms
[24.818s][debug  ][gc,phases,ref  ] GC(91)     SoftRef (ms):                  skipped
[24.818s][debug  ][gc,phases,ref  ] GC(91)     WeakRef (ms):                  skipped
[24.818s][debug  ][gc,phases,ref  ] GC(91)     FinalRef (ms):                 skipped
[24.818s][debug  ][gc,phases,ref  ] GC(91)     Total (ms):                    skipped
[24.818s][debug  ][gc,phases,ref  ] GC(91)   Notify and keep alive finalizable: 0.0ms
[24.818s][debug  ][gc,phases,ref  ] GC(91)     FinalRef (ms):                 skipped
[24.818s][debug  ][gc,phases,ref  ] GC(91)   Notify PhantomReferences: 0.0ms
[24.818s][debug  ][gc,phases,ref  ] GC(91)     PhantomRef (ms):               skipped
[24.818s][debug  ][gc,phases,ref  ] GC(91)   SoftReference:
[24.818s][debug  ][gc,phases,ref  ] GC(91)     Discovered: 0
[24.818s][debug  ][gc,phases,ref  ] GC(91)     Cleared: 0
[24.818s][debug  ][gc,phases,ref  ] GC(91)   WeakReference:
[24.818s][debug  ][gc,phases,ref  ] GC(91)     Discovered: 0
[24.819s][debug  ][gc,phases,ref  ] GC(91)     Cleared: 0
[24.819s][debug  ][gc,phases,ref  ] GC(91)   FinalReference:
[24.819s][debug  ][gc,phases,ref  ] GC(91)     Discovered: 0
[24.819s][debug  ][gc,phases,ref  ] GC(91)     Cleared: 0
[24.819s][debug  ][gc,phases,ref  ] GC(91)   PhantomReference:
[24.819s][debug  ][gc,phases,ref  ] GC(91)     Discovered: 0
[24.819s][debug  ][gc,phases,ref  ] GC(91)     Cleared: 0
[24.819s][debug  ][gc,phases      ] GC(91) Reference Processing 0.689ms
[24.819s][debug  ][gc,phases,start] GC(91) Weak Processing
[24.819s][debug  ][gc,phases      ] GC(91)   VM Weak                        Min:  0.0, Avg:  0.0, Max:  0.0, Diff:  0.0, Sum:  0.0, Workers: 6
[24.819s][debug  ][gc,phases      ] GC(91)     Dead                           Min: 0, Avg:  0.0, Max: 0, Diff: 0, Sum: 0, Workers: 6
[24.819s][debug  ][gc,phases      ] GC(91)     Total                          Min: 0, Avg:  1.3, Max: 8, Diff: 8, Sum: 8, Workers: 6
[24.819s][debug  ][gc,phases      ] GC(91)   ObjectSynchronizer Weak        Min:  0.0, Avg:  0.0, Max:  0.0, Diff:  0.0, Sum:  0.0, Workers: 6
[24.819s][debug  ][gc,phases      ] GC(91)     Dead                           Min: 0, Avg:  0.0, Max: 0, Diff: 0, Sum: 0, Workers: 6
[24.819s][debug  ][gc,phases      ] GC(91)     Total                          Min: 0, Avg:  0.5, Max: 3, Diff: 3, Sum: 3, Workers: 6
[24.819s][debug  ][gc,phases      ] GC(91)   JVMTI Tag Weak OopStorage      Min:  0.0, Avg:  0.0, Max:  0.0, Diff:  0.0, Sum:  0.0, Workers: 6
[24.819s][debug  ][gc,phases      ] GC(91)     Dead                           Min: 0, Avg:  0.0, Max: 0, Diff: 0, Sum: 0, Workers: 6
[24.819s][debug  ][gc,phases      ] GC(91)     Total                          Min: 0, Avg:  0.0, Max: 0, Diff: 0, Sum: 0, Workers: 6
[24.819s][debug  ][gc,phases      ] GC(91)   StringTable Weak               Min:  0.0, Avg:  0.0, Max:  0.0, Diff:  0.0, Sum:  0.0, Workers: 6
[24.819s][debug  ][gc,phases      ] GC(91)     Dead                           Min: 0, Avg:  0.0, Max: 0, Diff: 0, Sum: 0, Workers: 6
[24.819s][debug  ][gc,phases      ] GC(91)     Total                          Min: 812, Avg: 892.5, Max: 1088, Diff: 276, Sum: 5355, Workers: 6
[24.819s][debug  ][gc,phases      ] GC(91)   ResolvedMethodTable Weak       Min:  0.0, Avg:  0.0, Max:  0.0, Diff:  0.0, Sum:  0.0, Workers: 6
[24.819s][debug  ][gc,phases      ] GC(91)     Dead                           Min: 0, Avg:  0.0, Max: 0, Diff: 0, Sum: 0, Workers: 6
[24.819s][debug  ][gc,phases      ] GC(91)     Total                          Min: 0, Avg: 21.5, Max: 64, Diff: 64, Sum: 129, Workers: 6
[24.819s][debug  ][gc,phases      ] GC(91)   JNI Weak                       Min:  0.0, Avg:  0.0, Max:  0.0, Diff:  0.0, Sum:  0.0, Workers: 6
[24.819s][debug  ][gc,phases      ] GC(91)     Dead                           Min: 0, Avg:  0.0, Max: 0, Diff: 0, Sum: 0, Workers: 6
[24.819s][debug  ][gc,phases      ] GC(91)     Total                          Min: 0, Avg:  0.0, Max: 0, Diff: 0, Sum: 0, Workers: 6
[24.819s][debug  ][gc,phases      ] GC(91)   StringDedup Table Weak         Min:  0.0, Avg:  0.0, Max:  0.0, Diff:  0.0, Sum:  0.0, Workers: 6
[24.819s][debug  ][gc,phases      ] GC(91)     Dead                           Min: 0, Avg:  0.0, Max: 0, Diff: 0, Sum: 0, Workers: 6
[24.819s][debug  ][gc,phases      ] GC(91)     Total                          Min: 0, Avg:  0.0, Max: 0, Diff: 0, Sum: 0, Workers: 6
[24.819s][debug  ][gc,phases      ] GC(91)   StringDedup Requests0 Weak     Min:  0.0, Avg:  0.0, Max:  0.0, Diff:  0.0, Sum:  0.0, Workers: 6
[24.819s][debug  ][gc,phases      ] GC(91)     Dead                           Min: 0, Avg:  0.0, Max: 0, Diff: 0, Sum: 0, Workers: 6
[24.819s][debug  ][gc,phases      ] GC(91)     Total                          Min: 0, Avg:  0.0, Max: 0, Diff: 0, Sum: 0, Workers: 6
[24.819s][debug  ][gc,phases      ] GC(91)   StringDedup Requests1 Weak     Min:  0.0, Avg:  0.0, Max:  0.0, Diff:  0.0, Sum:  0.0, Workers: 6
[24.819s][debug  ][gc,phases      ] GC(91)     Dead                           Min: 0, Avg:  0.0, Max: 0, Diff: 0, Sum: 0, Workers: 6
[24.819s][debug  ][gc,phases      ] GC(91)     Total                          Min: 0, Avg:  0.0, Max: 0, Diff: 0, Sum: 0, Workers: 6
[24.819s][debug  ][gc,phases      ] GC(91)   Weak JFR Old Object Samples    Min:  0.0, Avg:  0.0, Max:  0.0, Diff:  0.0, Sum:  0.0, Workers: 6
[24.819s][debug  ][gc,phases      ] GC(91)     Dead                           Min: 0, Avg:  0.0, Max: 0, Diff: 0, Sum: 0, Workers: 6
[24.819s][debug  ][gc,phases      ] GC(91)     Total                          Min: 0, Avg:  0.0, Max: 0, Diff: 0, Sum: 0, Workers: 6
[24.819s][debug  ][gc,phases      ] GC(91) Weak Processing 0.792ms
[24.820s][debug  ][gc,ergo        ] GC(91) AdaptiveSizeStart:  collection: 92 
[24.820s][debug  ][gc,ergo        ] GC(91) avg_survived_padded_avg: 33124748.000000
[24.820s][debug  ][gc,ergo        ] GC(91) avg_promoted_padded_avg: 262827408.000000  avg_pretenured_padded_avg: 0.000000  tenuring_thresh: 5  target_size: 33554432
[24.820s][debug  ][gc,age         ] GC(91) Desired survivor size 33554432 bytes, new threshold 5 (max threshold 15)
[24.820s][debug  ][gc,ergo        ] GC(91) PSAdaptiveSizePolicy::compute_eden_space_size limits: desired_eden_size: 219126961 old_eden_size: 201326592 eden_limit: 201326592 cur_eden: 201326592 max_eden_size: 201326592 avg_young_live: 26104956
[24.820s][debug  ][gc,ergo        ] GC(91) PSAdaptiveSizePolicy::compute_eden_space_size: costs minor_time: 0.039832 major_cost: 0.050505 mutator_cost: 0.909663 throughput_goal: 0.990000
[24.820s][debug  ][gc,ergo        ] GC(91) Live_space: 996811712 free_space: 1401421824
[24.820s][debug  ][gc,ergo        ] GC(91) Old eden_size: 201326592 desired_eden_size: 201326592
[24.820s][debug  ][gc,ergo        ] GC(91) AdaptiveSizeStop: collection: 92 
[24.820s][info   ][gc,heap        ] GC(91) PSYoungGen: 218808K(229376K)->30720K(229376K) Eden: 188088K(196608K)->0K(196608K) From: 30720K(32768K)->30720K(32768K)
[24.820s][info   ][gc,heap        ] GC(91) ParOldGen: 861796K(1835008K)->882276K(1835008K)
[24.820s][info   ][gc,metaspace   ] GC(91) Metaspace: 1023K(1216K)->1023K(1216K) NonClass: 939K(1024K)->939K(1024K) Class: 83K(192K)->83K(192K)
[24.820s][info   ][gc             ] GC(91) Pause Young (Allocation Failure) 1055M->891M(2016M) 5.691ms
[24.820s][info   ][gc,cpu         ] GC(91) User=0.00s Sys=0.00s Real=0.01s
[24.820s][debug  ][gc,heap        ] GC(91) Heap after GC invocations=92 (full 15):
[24.820s][debug  ][gc,heap        ] GC(91)  PSYoungGen      total 229376K, used 30720K [0x00000000f0000000, 0x0000000100000000, 0x0000000100000000)
[24.820s][debug  ][gc,heap        ] GC(91)   eden space 196608K, 0% used [0x00000000f0000000,0x00000000f0000000,0x00000000fc000000)
[24.820s][debug  ][gc,heap        ] GC(91)   from space 32768K, 93% used [0x00000000fe000000,0x00000000ffe00030,0x0000000100000000)
[24.820s][debug  ][gc,heap        ] GC(91)   to   space 32768K, 0% used [0x00000000fc000000,0x00000000fc000000,0x00000000fe000000)
[24.820s][debug  ][gc,heap        ] GC(91)  ParOldGen       total 1835008K, used 882276K [0x0000000080000000, 0x00000000f0000000, 0x00000000f0000000)
[24.820s][debug  ][gc,heap        ] GC(91)   object space 1835008K, 48% used [0x0000000080000000,0x00000000b5d99168,0x00000000f0000000)
[24.820s][debug  ][gc,heap        ] GC(91)  Metaspace       used 1023K, committed 1216K, reserved 1056768K
[24.820s][debug  ][gc,heap        ] GC(91)   class space    used 83K, committed 192K, reserved 1048576K
[24.820s][debug  ][gc,task,time   ] GC(91) VM-Thread 248137338 248179832 248201108
[25.115s][debug  ][gc,heap        ] GC(92) Heap before GC invocations=93 (full 15):
[25.115s][debug  ][gc,heap        ] GC(92)  PSYoungGen      total 229376K, used 218838K [0x00000000f0000000, 0x0000000100000000, 0x0000000100000000)
[25.115s][debug  ][gc,heap        ] GC(92)   eden space 196608K, 95% used [0x00000000f0000000,0x00000000fb7b58e8,0x00000000fc000000)
[25.115s][debug  ][gc,heap        ] GC(92)   from space 32768K, 93% used [0x00000000fe000000,0x00000000ffe00030,0x0000000100000000)
[25.115s][debug  ][gc,heap        ] GC(92)   to   space 32768K, 0% used [0x00000000fc000000,0x00000000fc000000,0x00000000fe000000)
[25.115s][debug  ][gc,heap        ] GC(92)  ParOldGen       total 1835008K, used 882276K [0x0000000080000000, 0x00000000f0000000, 0x00000000f0000000)
[25.115s][debug  ][gc,heap        ] GC(92)   object space 1835008K, 48% used [0x0000000080000000,0x00000000b5d99168,0x00000000f0000000)
[25.116s][debug  ][gc,heap        ] GC(92)  Metaspace       used 1023K, committed 1216K, reserved 1056768K
[25.116s][debug  ][gc,heap        ] GC(92)   class space    used 83K, committed 192K, reserved 1048576K
[25.116s][debug  ][gc,tlab        ] GC(92) TLAB totals: thrds: 1  refills: 1 max: 1 slow allocs: 17 max 17 waste: 27.1% gc: 3889096B max: 3889096B slow: 0B max: 0B
[25.116s][info   ][gc,start       ] GC(92) Pause Young (Allocation Failure)
[25.116s][debug  ][gc,phases,start] GC(92) Scavenge
[25.130s][debug  ][gc,phases      ] GC(92) Scavenge 14.705ms
[25.130s][debug  ][gc,phases,start] GC(92) Reference Processing
[25.131s][debug  ][gc,ref         ] GC(92) Skipped phase 1 of Reference Processing: no references
[25.131s][debug  ][gc,ref         ] GC(92) Skipped phase 2 of Reference Processing: no references
[25.131s][debug  ][gc,ref         ] GC(92) Skipped phase 3 of Reference Processing: no references
[25.131s][debug  ][gc,ref         ] GC(92) Skipped phase 4 of Reference Processing: no references
[25.131s][debug  ][gc,phases,ref  ] GC(92) Reference Processing: 0.1ms
[25.131s][debug  ][gc,phases,ref  ] GC(92)   Reconsider SoftReferences: 0.0ms
[25.131s][debug  ][gc,phases,ref  ] GC(92)     SoftRef (ms):                  skipped
[25.131s][debug  ][gc,phases,ref  ] GC(92)   Notify Soft/WeakReferences: 0.0ms
[25.131s][debug  ][gc,phases,ref  ] GC(92)     SoftRef (ms):                  skipped
[25.131s][debug  ][gc,phases,ref  ] GC(92)     WeakRef (ms):                  skipped
[25.131s][debug  ][gc,phases,ref  ] GC(92)     FinalRef (ms):                 skipped
[25.131s][debug  ][gc,phases,ref  ] GC(92)     Total (ms):                    skipped
[25.131s][debug  ][gc,phases,ref  ] GC(92)   Notify and keep alive finalizable: 0.0ms
[25.131s][debug  ][gc,phases,ref  ] GC(92)     FinalRef (ms):                 skipped
[25.131s][debug  ][gc,phases,ref  ] GC(92)   Notify PhantomReferences: 0.0ms
[25.131s][debug  ][gc,phases,ref  ] GC(92)     PhantomRef (ms):               skipped
[25.131s][debug  ][gc,phases,ref  ] GC(92)   SoftReference:
[25.131s][debug  ][gc,phases,ref  ] GC(92)     Discovered: 0
[25.131s][debug  ][gc,phases,ref  ] GC(92)     Cleared: 0
[25.131s][debug  ][gc,phases,ref  ] GC(92)   WeakReference:
[25.131s][debug  ][gc,phases,ref  ] GC(92)     Discovered: 0
[25.131s][debug  ][gc,phases,ref  ] GC(92)     Cleared: 0
[25.131s][debug  ][gc,phases,ref  ] GC(92)   FinalReference:
[25.131s][debug  ][gc,phases,ref  ] GC(92)     Discovered: 0
[25.131s][debug  ][gc,phases,ref  ] GC(92)     Cleared: 0
[25.131s][debug  ][gc,phases,ref  ] GC(92)   PhantomReference:
[25.131s][debug  ][gc,phases,ref  ] GC(92)     Discovered: 0
[25.131s][debug  ][gc,phases,ref  ] GC(92)     Cleared: 0
[25.131s][debug  ][gc,phases      ] GC(92) Reference Processing 0.835ms
[25.131s][debug  ][gc,phases,start] GC(92) Weak Processing
[25.131s][debug  ][gc,phases      ] GC(92)   VM Weak                        Min:  0.0, Avg:  0.0, Max:  0.0, Diff:  0.0, Sum:  0.0, Workers: 6
[25.131s][debug  ][gc,phases      ] GC(92)     Dead                           Min: 0, Avg:  0.0, Max: 0, Diff: 0, Sum: 0, Workers: 6
[25.131s][debug  ][gc,phases      ] GC(92)     Total                          Min: 0, Avg:  1.3, Max: 8, Diff: 8, Sum: 8, Workers: 6
[25.131s][debug  ][gc,phases      ] GC(92)   ObjectSynchronizer Weak        Min:  0.0, Avg:  0.0, Max:  0.0, Diff:  0.0, Sum:  0.0, Workers: 6
[25.131s][debug  ][gc,phases      ] GC(92)     Dead                           Min: 0, Avg:  0.0, Max: 0, Diff: 0, Sum: 0, Workers: 6
[25.132s][debug  ][gc,phases      ] GC(92)     Total                          Min: 0, Avg:  0.5, Max: 3, Diff: 3, Sum: 3, Workers: 6
[25.132s][debug  ][gc,phases      ] GC(92)   JVMTI Tag Weak OopStorage      Min:  0.0, Avg:  0.0, Max:  0.0, Diff:  0.0, Sum:  0.0, Workers: 6
[25.132s][debug  ][gc,phases      ] GC(92)     Dead                           Min: 0, Avg:  0.0, Max: 0, Diff: 0, Sum: 0, Workers: 6
[25.132s][debug  ][gc,phases      ] GC(92)     Total                          Min: 0, Avg:  0.0, Max: 0, Diff: 0, Sum: 0, Workers: 6
[25.132s][debug  ][gc,phases      ] GC(92)   StringTable Weak               Min:  0.0, Avg:  0.0, Max:  0.0, Diff:  0.0, Sum:  0.0, Workers: 6
[25.132s][debug  ][gc,phases      ] GC(92)     Dead                           Min: 0, Avg:  0.0, Max: 0, Diff: 0, Sum: 0, Workers: 6
[25.132s][debug  ][gc,phases      ] GC(92)     Total                          Min: 704, Avg: 892.5, Max: 1088, Diff: 384, Sum: 5355, Workers: 6
[25.132s][debug  ][gc,phases      ] GC(92)   ResolvedMethodTable Weak       Min:  0.0, Avg:  0.0, Max:  0.0, Diff:  0.0, Sum:  0.0, Workers: 6
[25.132s][debug  ][gc,phases      ] GC(92)     Dead                           Min: 0, Avg:  0.0, Max: 0, Diff: 0, Sum: 0, Workers: 6
[25.132s][debug  ][gc,phases      ] GC(92)     Total                          Min: 0, Avg: 21.5, Max: 64, Diff: 64, Sum: 129, Workers: 6
[25.132s][debug  ][gc,phases      ] GC(92)   JNI Weak                       Min:  0.0, Avg:  0.0, Max:  0.0, Diff:  0.0, Sum:  0.0, Workers: 6
[25.132s][debug  ][gc,phases      ] GC(92)     Dead                           Min: 0, Avg:  0.0, Max: 0, Diff: 0, Sum: 0, Workers: 6
[25.132s][debug  ][gc,phases      ] GC(92)     Total                          Min: 0, Avg:  0.0, Max: 0, Diff: 0, Sum: 0, Workers: 6
[25.132s][debug  ][gc,phases      ] GC(92)   StringDedup Table Weak         Min:  0.0, Avg:  0.0, Max:  0.0, Diff:  0.0, Sum:  0.0, Workers: 6
[25.132s][debug  ][gc,phases      ] GC(92)     Dead                           Min: 0, Avg:  0.0, Max: 0, Diff: 0, Sum: 0, Workers: 6
[25.132s][debug  ][gc,phases      ] GC(92)     Total                          Min: 0, Avg:  0.0, Max: 0, Diff: 0, Sum: 0, Workers: 6
[25.132s][debug  ][gc,phases      ] GC(92)   StringDedup Requests0 Weak     Min:  0.0, Avg:  0.0, Max:  0.0, Diff:  0.0, Sum:  0.0, Workers: 6
[25.132s][debug  ][gc,phases      ] GC(92)     Dead                           Min: 0, Avg:  0.0, Max: 0, Diff: 0, Sum: 0, Workers: 6
[25.132s][debug  ][gc,phases      ] GC(92)     Total                          Min: 0, Avg:  0.0, Max: 0, Diff: 0, Sum: 0, Workers: 6
[25.132s][debug  ][gc,phases      ] GC(92)   StringDedup Requests1 Weak     Min:  0.0, Avg:  0.0, Max:  0.0, Diff:  0.0, Sum:  0.0, Workers: 6
[25.132s][debug  ][gc,phases      ] GC(92)     Dead                           Min: 0, Avg:  0.0, Max: 0, Diff: 0, Sum: 0, Workers: 6
[25.132s][debug  ][gc,phases      ] GC(92)     Total                          Min: 0, Avg:  0.0, Max: 0, Diff: 0, Sum: 0, Workers: 6
[25.132s][debug  ][gc,phases      ] GC(92)   Weak JFR Old Object Samples    Min:  0.0, Avg:  0.0, Max:  0.0, Diff:  0.0, Sum:  0.0, Workers: 6
[25.132s][debug  ][gc,phases      ] GC(92)     Dead                           Min: 0, Avg:  0.0, Max: 0, Diff: 0, Sum: 0, Workers: 6
[25.132s][debug  ][gc,phases      ] GC(92)     Total                          Min: 0, Avg:  0.0, Max: 0, Diff: 0, Sum: 0, Workers: 6
[25.132s][debug  ][gc,phases      ] GC(92) Weak Processing 0.761ms
[25.132s][debug  ][gc,ergo        ] GC(92) AdaptiveSizeStart:  collection: 93 
[25.132s][debug  ][gc,ergo        ] GC(92) avg_survived_padded_avg: 33002236.000000
[25.132s][debug  ][gc,ergo        ] GC(92) avg_promoted_padded_avg: 264861248.000000  avg_pretenured_padded_avg: 0.000000  tenuring_thresh: 6  target_size: 33030144
[25.132s][debug  ][gc,age         ] GC(92) Desired survivor size 33030144 bytes, new threshold 6 (max threshold 15)
[25.132s][debug  ][gc,ergo        ] GC(92) PSAdaptiveSizePolicy::compute_eden_space_size limits: desired_eden_size: 219897573 old_eden_size: 201326592 eden_limit: 201326592 cur_eden: 201326592 max_eden_size: 201326592 avg_young_live: 26640194
[25.132s][debug  ][gc,ergo        ] GC(92) PSAdaptiveSizePolicy::compute_eden_space_size: costs minor_time: 0.043026 major_cost: 0.050505 mutator_cost: 0.906469 throughput_goal: 0.990000
[25.132s][debug  ][gc,ergo        ] GC(92) Live_space: 997346944 free_space: 1401421824
[25.132s][debug  ][gc,ergo        ] GC(92) Old eden_size: 201326592 desired_eden_size: 201326592
[25.132s][debug  ][gc,ergo        ] GC(92) AdaptiveSizeStop: collection: 93 
[25.132s][info   ][gc,heap        ] GC(92) PSYoungGen: 218838K(229376K)->30720K(229376K) Eden: 188118K(196608K)->0K(196608K) From: 30720K(32768K)->30720K(32768K)
[25.132s][info   ][gc,heap        ] GC(92) ParOldGen: 882276K(1835008K)->1066596K(1835008K)
[25.132s][info   ][gc,metaspace   ] GC(92) Metaspace: 1023K(1216K)->1023K(1216K) NonClass: 939K(1024K)->939K(1024K) Class: 83K(192K)->83K(192K)
[25.132s][info   ][gc             ] GC(92) Pause Young (Allocation Failure) 1075M->1071M(2016M) 16.786ms
[25.132s][info   ][gc,cpu         ] GC(92) User=0.12s Sys=0.00s Real=0.02s
[25.132s][debug  ][gc,heap        ] GC(92) Heap after GC invocations=93 (full 15):
[25.132s][debug  ][gc,heap        ] GC(92)  PSYoungGen      total 229376K, used 30720K [0x00000000f0000000, 0x0000000100000000, 0x0000000100000000)
[25.133s][debug  ][gc,heap        ] GC(92)   eden space 196608K, 0% used [0x00000000f0000000,0x00000000f0000000,0x00000000fc000000)
[25.133s][debug  ][gc,heap        ] GC(92)   from space 32768K, 93% used [0x00000000fc000000,0x00000000fde00030,0x00000000fe000000)
[25.133s][debug  ][gc,heap        ] GC(92)   to   space 32256K, 0% used [0x00000000fe080000,0x00000000fe080000,0x0000000100000000)
[25.133s][debug  ][gc,heap        ] GC(92)  ParOldGen       total 1835008K, used 1066596K [0x0000000080000000, 0x00000000f0000000, 0x00000000f0000000)
[25.133s][debug  ][gc,heap        ] GC(92)   object space 1835008K, 58% used [0x0000000080000000,0x00000000c1199288,0x00000000f0000000)
[25.133s][debug  ][gc,heap        ] GC(92)  Metaspace       used 1023K, committed 1216K, reserved 1056768K
[25.133s][debug  ][gc,heap        ] GC(92)   class space    used 83K, committed 192K, reserved 1048576K
[25.133s][debug  ][gc,task,time   ] GC(92) VM-Thread 251151851 251304729 251326566
[25.415s][debug  ][gc,heap        ] GC(93) Heap before GC invocations=94 (full 15):
[25.415s][debug  ][gc,heap        ] GC(93)  PSYoungGen      total 229376K, used 218857K [0x00000000f0000000, 0x0000000100000000, 0x0000000100000000)
[25.416s][debug  ][gc,heap        ] GC(93)   eden space 196608K, 95% used [0x00000000f0000000,0x00000000fb7ba5b0,0x00000000fc000000)
[25.416s][debug  ][gc,heap        ] GC(93)   from space 32768K, 93% used [0x00000000fc000000,0x00000000fde00030,0x00000000fe000000)
[25.416s][debug  ][gc,heap        ] GC(93)   to   space 32256K, 0% used [0x00000000fe080000,0x00000000fe080000,0x0000000100000000)
[25.416s][debug  ][gc,heap        ] GC(93)  ParOldGen       total 1835008K, used 1066596K [0x0000000080000000, 0x00000000f0000000, 0x00000000f0000000)
[25.416s][debug  ][gc,heap        ] GC(93)   object space 1835008K, 58% used [0x0000000080000000,0x00000000c1199288,0x00000000f0000000)
[25.416s][debug  ][gc,heap        ] GC(93)  Metaspace       used 1023K, committed 1216K, reserved 1056768K
[25.416s][debug  ][gc,heap        ] GC(93)   class space    used 83K, committed 192K, reserved 1048576K
[25.416s][debug  ][gc,tlab        ] GC(93) TLAB totals: thrds: 1  refills: 1 max: 1 slow allocs: 17 max 17 waste: 27.2% gc: 3908752B max: 3908752B slow: 0B max: 0B
[25.416s][info   ][gc,start       ] GC(93) Pause Young (Allocation Failure)
[25.416s][debug  ][gc,phases,start] GC(93) Scavenge
[25.431s][debug  ][gc,phases      ] GC(93) Scavenge 14.790ms
[25.431s][debug  ][gc,phases,start] GC(93) Reference Processing
[25.431s][debug  ][gc,ref         ] GC(93) Skipped phase 1 of Reference Processing: no references
[25.431s][debug  ][gc,ref         ] GC(93) Skipped phase 2 of Reference Processing: no references
[25.431s][debug  ][gc,ref         ] GC(93) Skipped phase 3 of Reference Processing: no references
[25.431s][debug  ][gc,ref         ] GC(93) Skipped phase 4 of Reference Processing: no references
[25.431s][debug  ][gc,phases,ref  ] GC(93) Reference Processing: 0.1ms
[25.431s][debug  ][gc,phases,ref  ] GC(93)   Reconsider SoftReferences: 0.0ms
[25.431s][debug  ][gc,phases,ref  ] GC(93)     SoftRef (ms):                  skipped
[25.431s][debug  ][gc,phases,ref  ] GC(93)   Notify Soft/WeakReferences: 0.0ms
[25.431s][debug  ][gc,phases,ref  ] GC(93)     SoftRef (ms):                  skipped
[25.431s][debug  ][gc,phases,ref  ] GC(93)     WeakRef (ms):                  skipped
[25.431s][debug  ][gc,phases,ref  ] GC(93)     FinalRef (ms):                 skipped
[25.431s][debug  ][gc,phases,ref  ] GC(93)     Total (ms):                    skipped
[25.431s][debug  ][gc,phases,ref  ] GC(93)   Notify and keep alive finalizable: 0.0ms
[25.431s][debug  ][gc,phases,ref  ] GC(93)     FinalRef (ms):                 skipped
[25.431s][debug  ][gc,phases,ref  ] GC(93)   Notify PhantomReferences: 0.0ms
[25.431s][debug  ][gc,phases,ref  ] GC(93)     PhantomRef (ms):               skipped
[25.431s][debug  ][gc,phases,ref  ] GC(93)   SoftReference:
[25.431s][debug  ][gc,phases,ref  ] GC(93)     Discovered: 0
[25.431s][debug  ][gc,phases,ref  ] GC(93)     Cleared: 0
[25.431s][debug  ][gc,phases,ref  ] GC(93)   WeakReference:
[25.431s][debug  ][gc,phases,ref  ] GC(93)     Discovered: 0
[25.431s][debug  ][gc,phases,ref  ] GC(93)     Cleared: 0
[25.431s][debug  ][gc,phases,ref  ] GC(93)   FinalReference:
[25.431s][debug  ][gc,phases,ref  ] GC(93)     Discovered: 0
[25.431s][debug  ][gc,phases,ref  ] GC(93)     Cleared: 0
[25.431s][debug  ][gc,phases,ref  ] GC(93)   PhantomReference:
[25.432s][debug  ][gc,phases,ref  ] GC(93)     Discovered: 0
[25.432s][debug  ][gc,phases,ref  ] GC(93)     Cleared: 0
[25.432s][debug  ][gc,phases      ] GC(93) Reference Processing 0.817ms
[25.432s][debug  ][gc,phases,start] GC(93) Weak Processing
[25.432s][debug  ][gc,phases      ] GC(93)   VM Weak                        Min:  0.0, Avg:  0.0, Max:  0.0, Diff:  0.0, Sum:  0.0, Workers: 6
[25.432s][debug  ][gc,phases      ] GC(93)     Dead                           Min: 0, Avg:  0.0, Max: 0, Diff: 0, Sum: 0, Workers: 6
[25.432s][debug  ][gc,phases      ] GC(93)     Total                          Min: 0, Avg:  1.3, Max: 8, Diff: 8, Sum: 8, Workers: 6
[25.432s][debug  ][gc,phases      ] GC(93)   ObjectSynchronizer Weak        Min:  0.0, Avg:  0.0, Max:  0.0, Diff:  0.0, Sum:  0.0, Workers: 6
[25.432s][debug  ][gc,phases      ] GC(93)     Dead                           Min: 0, Avg:  0.0, Max: 0, Diff: 0, Sum: 0, Workers: 6
[25.432s][debug  ][gc,phases      ] GC(93)     Total                          Min: 0, Avg:  0.5, Max: 3, Diff: 3, Sum: 3, Workers: 6
[25.432s][debug  ][gc,phases      ] GC(93)   JVMTI Tag Weak OopStorage      Min:  0.0, Avg:  0.0, Max:  0.0, Diff:  0.0, Sum:  0.0, Workers: 6
[25.432s][debug  ][gc,phases      ] GC(93)     Dead                           Min: 0, Avg:  0.0, Max: 0, Diff: 0, Sum: 0, Workers: 6
[25.432s][debug  ][gc,phases      ] GC(93)     Total                          Min: 0, Avg:  0.0, Max: 0, Diff: 0, Sum: 0, Workers: 6
[25.432s][debug  ][gc,phases      ] GC(93)   StringTable Weak               Min:  0.0, Avg:  0.0, Max:  0.0, Diff:  0.0, Sum:  0.0, Workers: 6
[25.432s][debug  ][gc,phases      ] GC(93)     Dead                           Min: 0, Avg:  0.0, Max: 0, Diff: 0, Sum: 0, Workers: 6
[25.432s][debug  ][gc,phases      ] GC(93)     Total                          Min: 576, Avg: 892.5, Max: 1088, Diff: 512, Sum: 5355, Workers: 6
[25.432s][debug  ][gc,phases      ] GC(93)   ResolvedMethodTable Weak       Min:  0.0, Avg:  0.0, Max:  0.0, Diff:  0.0, Sum:  0.0, Workers: 6
[25.432s][debug  ][gc,phases      ] GC(93)     Dead                           Min: 0, Avg:  0.0, Max: 0, Diff: 0, Sum: 0, Workers: 6
[25.432s][debug  ][gc,phases      ] GC(93)     Total                          Min: 0, Avg: 21.5, Max: 64, Diff: 64, Sum: 129, Workers: 6
[25.432s][debug  ][gc,phases      ] GC(93)   JNI Weak                       Min:  0.0, Avg:  0.0, Max:  0.0, Diff:  0.0, Sum:  0.0, Workers: 6
[25.432s][debug  ][gc,phases      ] GC(93)     Dead                           Min: 0, Avg:  0.0, Max: 0, Diff: 0, Sum: 0, Workers: 6
[25.432s][debug  ][gc,phases      ] GC(93)     Total                          Min: 0, Avg:  0.0, Max: 0, Diff: 0, Sum: 0, Workers: 6
[25.432s][debug  ][gc,phases      ] GC(93)   StringDedup Table Weak         Min:  0.0, Avg:  0.0, Max:  0.0, Diff:  0.0, Sum:  0.0, Workers: 6
[25.432s][debug  ][gc,phases      ] GC(93)     Dead                           Min: 0, Avg:  0.0, Max: 0, Diff: 0, Sum: 0, Workers: 6
[25.432s][debug  ][gc,phases      ] GC(93)     Total                          Min: 0, Avg:  0.0, Max: 0, Diff: 0, Sum: 0, Workers: 6
[25.432s][debug  ][gc,phases      ] GC(93)   StringDedup Requests0 Weak     Min:  0.0, Avg:  0.0, Max:  0.0, Diff:  0.0, Sum:  0.0, Workers: 6
[25.432s][debug  ][gc,phases      ] GC(93)     Dead                           Min: 0, Avg:  0.0, Max: 0, Diff: 0, Sum: 0, Workers: 6
[25.432s][debug  ][gc,phases      ] GC(93)     Total                          Min: 0, Avg:  0.0, Max: 0, Diff: 0, Sum: 0, Workers: 6
[25.432s][debug  ][gc,phases      ] GC(93)   StringDedup Requests1 Weak     Min:  0.0, Avg:  0.0, Max:  0.0, Diff:  0.0, Sum:  0.0, Workers: 6
[25.432s][debug  ][gc,phases      ] GC(93)     Dead                           Min: 0, Avg:  0.0, Max: 0, Diff: 0, Sum: 0, Workers: 6
[25.432s][debug  ][gc,phases      ] GC(93)     Total                          Min: 0, Avg:  0.0, Max: 0, Diff: 0, Sum: 0, Workers: 6
[25.432s][debug  ][gc,phases      ] GC(93)   Weak JFR Old Object Samples    Min:  0.0, Avg:  0.0, Max:  0.0, Diff:  0.0, Sum:  0.0, Workers: 6
[25.432s][debug  ][gc,phases      ] GC(93)     Dead                           Min: 0, Avg:  0.0, Max: 0, Diff: 0, Sum: 0, Workers: 6
[25.432s][debug  ][gc,phases      ] GC(93)     Total                          Min: 0, Avg:  0.0, Max: 0, Diff: 0, Sum: 0, Workers: 6
[25.432s][debug  ][gc,phases      ] GC(93) Weak Processing 0.790ms
[25.432s][debug  ][gc,ergo        ] GC(93) AdaptiveSizeStart:  collection: 94 
[25.432s][debug  ][gc,ergo        ] GC(93) avg_survived_padded_avg: 32887554.000000
[25.432s][debug  ][gc,ergo        ] GC(93) avg_promoted_padded_avg: 265747488.000000  avg_pretenured_padded_avg: 0.000000  tenuring_thresh: 6  target_size: 33030144
[25.432s][debug  ][gc,age         ] GC(93) Desired survivor size 33030144 bytes, new threshold 6 (max threshold 15)
[25.433s][debug  ][gc,ergo        ] GC(93) PSAdaptiveSizePolicy::compute_eden_space_size limits: desired_eden_size: 220575840 old_eden_size: 201326592 eden_limit: 201850880 cur_eden: 201326592 max_eden_size: 201850880 avg_young_live: 27121906
[25.433s][debug  ][gc,ergo        ] GC(93) PSAdaptiveSizePolicy::compute_eden_space_size: costs minor_time: 0.046029 major_cost: 0.050505 mutator_cost: 0.903465 throughput_goal: 0.990000
[25.433s][debug  ][gc,ergo        ] GC(93) Live_space: 997828672 free_space: 1401421824
[25.433s][debug  ][gc,ergo        ] GC(93) Old eden_size: 201326592 desired_eden_size: 201850880
[25.433s][debug  ][gc,ergo        ] GC(93) AdaptiveSizeStop: collection: 94 
[25.433s][info   ][gc,heap        ] GC(93) PSYoungGen: 218857K(229376K)->30720K(229888K) Eden: 188137K(196608K)->0K(197632K) From: 30720K(32768K)->30720K(32256K)
[25.433s][info   ][gc,heap        ] GC(93) ParOldGen: 1066596K(1835008K)->1250916K(1835008K)
[25.433s][info   ][gc,metaspace   ] GC(93) Metaspace: 1023K(1216K)->1023K(1216K) NonClass: 939K(1024K)->939K(1024K) Class: 83K(192K)->83K(192K)
[25.433s][info   ][gc             ] GC(93) Pause Young (Allocation Failure) 1255M->1251M(2016M) 16.948ms
[25.433s][info   ][gc,cpu         ] GC(93) User=0.08s Sys=0.00s Real=0.02s
[25.433s][debug  ][gc,heap        ] GC(93) Heap after GC invocations=94 (full 15):
[25.433s][debug  ][gc,heap        ] GC(93)  PSYoungGen      total 229888K, used 30720K [0x00000000f0000000, 0x0000000100000000, 0x0000000100000000)
[25.433s][debug  ][gc,heap        ] GC(93)   eden space 197632K, 0% used [0x00000000f0000000,0x00000000f0000000,0x00000000fc100000)
[25.433s][debug  ][gc,heap        ] GC(93)   from space 32256K, 95% used [0x00000000fe080000,0x00000000ffe80030,0x0000000100000000)
[25.433s][debug  ][gc,heap        ] GC(93)   to   space 32256K, 0% used [0x00000000fc100000,0x00000000fc100000,0x00000000fe080000)
[25.433s][debug  ][gc,heap        ] GC(93)  ParOldGen       total 1835008K, used 1250916K [0x0000000080000000, 0x00000000f0000000, 0x00000000f0000000)
[25.433s][debug  ][gc,heap        ] GC(93)   object space 1835008K, 68% used [0x0000000080000000,0x00000000cc5993a8,0x00000000f0000000)
[25.433s][debug  ][gc,heap        ] GC(93)  Metaspace       used 1023K, committed 1216K, reserved 1056768K
[25.433s][debug  ][gc,heap        ] GC(93)   class space    used 83K, committed 192K, reserved 1048576K
[25.433s][debug  ][gc,task,time   ] GC(93) VM-Thread 254153167 254307585 254330200
[25.717s][debug  ][gc,heap        ] GC(94) Heap before GC invocations=95 (full 15):
[25.717s][debug  ][gc,heap        ] GC(94)  PSYoungGen      total 229888K, used 218889K [0x00000000f0000000, 0x0000000100000000, 0x0000000100000000)
[25.717s][debug  ][gc,heap        ] GC(94)   eden space 197632K, 95% used [0x00000000f0000000,0x00000000fb7c26c8,0x00000000fc100000)
[25.717s][debug  ][gc,heap        ] GC(94)   from space 32256K, 95% used [0x00000000fe080000,0x00000000ffe80030,0x0000000100000000)
[25.717s][debug  ][gc,heap        ] GC(94)   to   space 32256K, 0% used [0x00000000fc100000,0x00000000fc100000,0x00000000fe080000)
[25.717s][debug  ][gc,heap        ] GC(94)  ParOldGen       total 1835008K, used 1250916K [0x0000000080000000, 0x00000000f0000000, 0x00000000f0000000)
[25.717s][debug  ][gc,heap        ] GC(94)   object space 1835008K, 68% used [0x0000000080000000,0x00000000cc5993a8,0x00000000f0000000)
[25.717s][debug  ][gc,heap        ] GC(94)  Metaspace       used 1023K, committed 1216K, reserved 1056768K
[25.717s][debug  ][gc,heap        ] GC(94)   class space    used 83K, committed 192K, reserved 1048576K
[25.717s][debug  ][gc,tlab        ] GC(94) TLAB totals: thrds: 1  refills: 1 max: 1 slow allocs: 17 max 17 waste: 27.3% gc: 3941800B max: 3941800B slow: 0B max: 0B
[25.717s][info   ][gc,start       ] GC(94) Pause Young (Allocation Failure)
[25.717s][debug  ][gc,phases,start] GC(94) Scavenge
[25.732s][debug  ][gc,phases      ] GC(94) Scavenge 14.448ms
[25.732s][debug  ][gc,phases,start] GC(94) Reference Processing
[25.732s][debug  ][gc,ref         ] GC(94) Skipped phase 1 of Reference Processing: no references
[25.732s][debug  ][gc,ref         ] GC(94) Skipped phase 2 of Reference Processing: no references
[25.732s][debug  ][gc,ref         ] GC(94) Skipped phase 3 of Reference Processing: no references
[25.732s][debug  ][gc,ref         ] GC(94) Skipped phase 4 of Reference Processing: no references
[25.732s][debug  ][gc,phases,ref  ] GC(94) Reference Processing: 0.1ms
[25.732s][debug  ][gc,phases,ref  ] GC(94)   Reconsider SoftReferences: 0.0ms
[25.732s][debug  ][gc,phases,ref  ] GC(94)     SoftRef (ms):                  skipped
[25.732s][debug  ][gc,phases,ref  ] GC(94)   Notify Soft/WeakReferences: 0.0ms
[25.732s][debug  ][gc,phases,ref  ] GC(94)     SoftRef (ms):                  skipped
[25.732s][debug  ][gc,phases,ref  ] GC(94)     WeakRef (ms):                  skipped
[25.732s][debug  ][gc,phases,ref  ] GC(94)     FinalRef (ms):                 skipped
[25.732s][debug  ][gc,phases,ref  ] GC(94)     Total (ms):                    skipped
[25.732s][debug  ][gc,phases,ref  ] GC(94)   Notify and keep alive finalizable: 0.0ms
[25.732s][debug  ][gc,phases,ref  ] GC(94)     FinalRef (ms):                 skipped
[25.732s][debug  ][gc,phases,ref  ] GC(94)   Notify PhantomReferences: 0.0ms
[25.732s][debug  ][gc,phases,ref  ] GC(94)     PhantomRef (ms):               skipped
[25.732s][debug  ][gc,phases,ref  ] GC(94)   SoftReference:
[25.732s][debug  ][gc,phases,ref  ] GC(94)     Discovered: 0
[25.732s][debug  ][gc,phases,ref  ] GC(94)     Cleared: 0
[25.732s][debug  ][gc,phases,ref  ] GC(94)   WeakReference:
[25.732s][debug  ][gc,phases,ref  ] GC(94)     Discovered: 0
[25.732s][debug  ][gc,phases,ref  ] GC(94)     Cleared: 0
[25.732s][debug  ][gc,phases,ref  ] GC(94)   FinalReference:
[25.732s][debug  ][gc,phases,ref  ] GC(94)     Discovered: 0
[25.732s][debug  ][gc,phases,ref  ] GC(94)     Cleared: 0
[25.732s][debug  ][gc,phases,ref  ] GC(94)   PhantomReference:
[25.732s][debug  ][gc,phases,ref  ] GC(94)     Discovered: 0
[25.732s][debug  ][gc,phases,ref  ] GC(94)     Cleared: 0
[25.733s][debug  ][gc,phases      ] GC(94) Reference Processing 0.581ms
[25.733s][debug  ][gc,phases,start] GC(94) Weak Processing
[25.733s][debug  ][gc,phases      ] GC(94)   VM Weak                        Min:  0.0, Avg:  0.0, Max:  0.0, Diff:  0.0, Sum:  0.0, Workers: 6
[25.733s][debug  ][gc,phases      ] GC(94)     Dead                           Min: 0, Avg:  0.0, Max: 0, Diff: 0, Sum: 0, Workers: 6
[25.733s][debug  ][gc,phases      ] GC(94)     Total                          Min: 0, Avg:  1.3, Max: 8, Diff: 8, Sum: 8, Workers: 6
[25.733s][debug  ][gc,phases      ] GC(94)   ObjectSynchronizer Weak        Min:  0.0, Avg:  0.0, Max:  0.0, Diff:  0.0, Sum:  0.0, Workers: 6
[25.733s][debug  ][gc,phases      ] GC(94)     Dead                           Min: 0, Avg:  0.0, Max: 0, Diff: 0, Sum: 0, Workers: 6
[25.733s][debug  ][gc,phases      ] GC(94)     Total                          Min: 0, Avg:  0.5, Max: 3, Diff: 3, Sum: 3, Workers: 6
[25.733s][debug  ][gc,phases      ] GC(94)   JVMTI Tag Weak OopStorage      Min:  0.0, Avg:  0.0, Max:  0.0, Diff:  0.0, Sum:  0.0, Workers: 6
[25.733s][debug  ][gc,phases      ] GC(94)     Dead                           Min: 0, Avg:  0.0, Max: 0, Diff: 0, Sum: 0, Workers: 6
[25.733s][debug  ][gc,phases      ] GC(94)     Total                          Min: 0, Avg:  0.0, Max: 0, Diff: 0, Sum: 0, Workers: 6
[25.733s][debug  ][gc,phases      ] GC(94)   StringTable Weak               Min:  0.0, Avg:  0.0, Max:  0.0, Diff:  0.0, Sum:  0.0, Workers: 6
[25.733s][debug  ][gc,phases      ] GC(94)     Dead                           Min: 0, Avg:  0.0, Max: 0, Diff: 0, Sum: 0, Workers: 6
[25.733s][debug  ][gc,phases      ] GC(94)     Total                          Min: 768, Avg: 892.5, Max: 960, Diff: 192, Sum: 5355, Workers: 6
[25.733s][debug  ][gc,phases      ] GC(94)   ResolvedMethodTable Weak       Min:  0.0, Avg:  0.0, Max:  0.0, Diff:  0.0, Sum:  0.0, Workers: 6
[25.733s][debug  ][gc,phases      ] GC(94)     Dead                           Min: 0, Avg:  0.0, Max: 0, Diff: 0, Sum: 0, Workers: 6
[25.733s][debug  ][gc,phases      ] GC(94)     Total                          Min: 0, Avg: 21.5, Max: 64, Diff: 64, Sum: 129, Workers: 6
[25.733s][debug  ][gc,phases      ] GC(94)   JNI Weak                       Min:  0.0, Avg:  0.0, Max:  0.0, Diff:  0.0, Sum:  0.0, Workers: 6
[25.733s][debug  ][gc,phases      ] GC(94)     Dead                           Min: 0, Avg:  0.0, Max: 0, Diff: 0, Sum: 0, Workers: 6
[25.733s][debug  ][gc,phases      ] GC(94)     Total                          Min: 0, Avg:  0.0, Max: 0, Diff: 0, Sum: 0, Workers: 6
[25.733s][debug  ][gc,phases      ] GC(94)   StringDedup Table Weak         Min:  0.0, Avg:  0.0, Max:  0.0, Diff:  0.0, Sum:  0.0, Workers: 6
[25.733s][debug  ][gc,phases      ] GC(94)     Dead                           Min: 0, Avg:  0.0, Max: 0, Diff: 0, Sum: 0, Workers: 6
[25.733s][debug  ][gc,phases      ] GC(94)     Total                          Min: 0, Avg:  0.0, Max: 0, Diff: 0, Sum: 0, Workers: 6
[25.733s][debug  ][gc,phases      ] GC(94)   StringDedup Requests0 Weak     Min:  0.0, Avg:  0.0, Max:  0.0, Diff:  0.0, Sum:  0.0, Workers: 6
[25.733s][debug  ][gc,phases      ] GC(94)     Dead                           Min: 0, Avg:  0.0, Max: 0, Diff: 0, Sum: 0, Workers: 6
[25.733s][debug  ][gc,phases      ] GC(94)     Total                          Min: 0, Avg:  0.0, Max: 0, Diff: 0, Sum: 0, Workers: 6
[25.733s][debug  ][gc,phases      ] GC(94)   StringDedup Requests1 Weak     Min:  0.0, Avg:  0.0, Max:  0.0, Diff:  0.0, Sum:  0.0, Workers: 6
[25.733s][debug  ][gc,phases      ] GC(94)     Dead                           Min: 0, Avg:  0.0, Max: 0, Diff: 0, Sum: 0, Workers: 6
[25.733s][debug  ][gc,phases      ] GC(94)     Total                          Min: 0, Avg:  0.0, Max: 0, Diff: 0, Sum: 0, Workers: 6
[25.733s][debug  ][gc,phases      ] GC(94)   Weak JFR Old Object Samples    Min:  0.0, Avg:  0.0, Max:  0.0, Diff:  0.0, Sum:  0.0, Workers: 6
[25.733s][debug  ][gc,phases      ] GC(94)     Dead                           Min: 0, Avg:  0.0, Max: 0, Diff: 0, Sum: 0, Workers: 6
[25.733s][debug  ][gc,phases      ] GC(94)     Total                          Min: 0, Avg:  0.0, Max: 0, Diff: 0, Sum: 0, Workers: 6
[25.733s][debug  ][gc,phases      ] GC(94) Weak Processing 0.728ms
[25.733s][debug  ][gc,ergo        ] GC(94) AdaptiveSizeStart:  collection: 95 
[25.733s][debug  ][gc,ergo        ] GC(94) avg_survived_padded_avg: 32780360.000000
[25.733s][debug  ][gc,ergo        ] GC(94) avg_promoted_padded_avg: 265695296.000000  avg_pretenured_padded_avg: 0.000000  tenuring_thresh: 6  target_size: 33030144
[25.733s][debug  ][gc,age         ] GC(94) Desired survivor size 33030144 bytes, new threshold 6 (max threshold 15)
[25.733s][debug  ][gc,ergo        ] GC(94) PSAdaptiveSizePolicy::compute_eden_space_size limits: desired_eden_size: 222240923 old_eden_size: 201850880 eden_limit: 202375168 cur_eden: 202375168 max_eden_size: 202375168 avg_young_live: 27555448
[25.733s][debug  ][gc,ergo        ] GC(94) PSAdaptiveSizePolicy::compute_eden_space_size: costs minor_time: 0.047712 major_cost: 0.050505 mutator_cost: 0.901783 throughput_goal: 0.990000
[25.733s][debug  ][gc,ergo        ] GC(94) Live_space: 998262208 free_space: 1401946112
[25.733s][debug  ][gc,ergo        ] GC(94) Old eden_size: 201850880 desired_eden_size: 202375168
[25.733s][debug  ][gc,ergo        ] GC(94) AdaptiveSizeStop: collection: 95 
[25.733s][info   ][gc,heap        ] GC(94) PSYoungGen: 218889K(229888K)->30720K(229888K) Eden: 188169K(197632K)->0K(197632K) From: 30720K(32256K)->30720K(32256K)
[25.734s][info   ][gc,heap        ] GC(94) ParOldGen: 1250916K(1835008K)->1435237K(1835008K)
[25.734s][info   ][gc,metaspace   ] GC(94) Metaspace: 1023K(1216K)->1023K(1216K) NonClass: 939K(1024K)->939K(1024K) Class: 83K(192K)->83K(192K)
[25.734s][info   ][gc             ] GC(94) Pause Young (Allocation Failure) 1435M->1431M(2016M) 16.175ms
[25.734s][info   ][gc,cpu         ] GC(94) User=0.12s Sys=0.00s Real=0.02s
[25.734s][debug  ][gc,heap        ] GC(94) Heap after GC invocations=95 (full 15):
[25.734s][debug  ][gc,heap        ] GC(94)  PSYoungGen      total 229888K, used 30720K [0x00000000f0000000, 0x0000000100000000, 0x0000000100000000)
[25.734s][debug  ][gc,heap        ] GC(94)   eden space 197632K, 0% used [0x00000000f0000000,0x00000000f0000000,0x00000000fc100000)
[25.734s][debug  ][gc,heap        ] GC(94)   from space 32256K, 95% used [0x00000000fc100000,0x00000000fdf00030,0x00000000fe080000)
[25.734s][debug  ][gc,heap        ] GC(94)   to   space 32256K, 0% used [0x00000000fe080000,0x00000000fe080000,0x0000000100000000)
[25.734s][debug  ][gc,heap        ] GC(94)  ParOldGen       total 1835008K, used 1435237K [0x0000000080000000, 0x00000000f0000000, 0x00000000f0000000)
[25.734s][debug  ][gc,heap        ] GC(94)   object space 1835008K, 78% used [0x0000000080000000,0x00000000d79994c8,0x00000000f0000000)
[25.734s][debug  ][gc,heap        ] GC(94)  Metaspace       used 1023K, committed 1216K, reserved 1056768K
[25.734s][debug  ][gc,heap        ] GC(94)   class space    used 83K, committed 192K, reserved 1048576K
[25.734s][debug  ][gc,task,time   ] GC(94) VM-Thread 257170925 257319319 257337879
[26.018s][debug  ][gc,heap        ] GC(95) Heap before GC invocations=96 (full 15):
[26.018s][debug  ][gc,heap        ] GC(95)  PSYoungGen      total 229888K, used 218897K [0x00000000f0000000, 0x0000000100000000, 0x0000000100000000)
[26.018s][debug  ][gc,heap        ] GC(95)   eden space 197632K, 95% used [0x00000000f0000000,0x00000000fb7c4618,0x00000000fc100000)
[26.018s][debug  ][gc,heap        ] GC(95)   from space 32256K, 95% used [0x00000000fc100000,0x00000000fdf00030,0x00000000fe080000)
[26.018s][debug  ][gc,heap        ] GC(95)   to   space 32256K, 0% used [0x00000000fe080000,0x00000000fe080000,0x0000000100000000)
[26.018s][debug  ][gc,heap        ] GC(95)  ParOldGen       total 1835008K, used 1435237K [0x0000000080000000, 0x00000000f0000000, 0x00000000f0000000)
[26.018s][debug  ][gc,heap        ] GC(95)   object space 1835008K, 78% used [0x0000000080000000,0x00000000d79994c8,0x00000000f0000000)
[26.018s][debug  ][gc,heap        ] GC(95)  Metaspace       used 1023K, committed 1216K, reserved 1056768K
[26.018s][debug  ][gc,heap        ] GC(95)   class space    used 83K, committed 192K, reserved 1048576K
[26.018s][debug  ][gc,tlab        ] GC(95) TLAB totals: thrds: 1  refills: 1 max: 1 slow allocs: 17 max 17 waste: 27.4% gc: 3949816B max: 3949816B slow: 0B max: 0B
[26.018s][info   ][gc,start       ] GC(95) Pause Young (Allocation Failure)
[26.018s][debug  ][gc,phases,start] GC(95) Scavenge
[26.033s][debug  ][gc,phases      ] GC(95) Scavenge 14.642ms
[26.033s][debug  ][gc,phases,start] GC(95) Reference Processing
[26.033s][debug  ][gc,ref         ] GC(95) Skipped phase 1 of Reference Processing: no references
[26.033s][debug  ][gc,ref         ] GC(95) Skipped phase 2 of Reference Processing: no references
[26.033s][debug  ][gc,ref         ] GC(95) Skipped phase 3 of Reference Processing: no references
[26.033s][debug  ][gc,ref         ] GC(95) Skipped phase 4 of Reference Processing: no references
[26.033s][debug  ][gc,phases,ref  ] GC(95) Reference Processing: 0.1ms
[26.033s][debug  ][gc,phases,ref  ] GC(95)   Reconsider SoftReferences: 0.0ms
[26.033s][debug  ][gc,phases,ref  ] GC(95)     SoftRef (ms):                  skipped
[26.033s][debug  ][gc,phases,ref  ] GC(95)   Notify Soft/WeakReferences: 0.0ms
[26.033s][debug  ][gc,phases,ref  ] GC(95)     SoftRef (ms):                  skipped
[26.033s][debug  ][gc,phases,ref  ] GC(95)     WeakRef (ms):                  skipped
[26.033s][debug  ][gc,phases,ref  ] GC(95)     FinalRef (ms):                 skipped
[26.033s][debug  ][gc,phases,ref  ] GC(95)     Total (ms):                    skipped
[26.033s][debug  ][gc,phases,ref  ] GC(95)   Notify and keep alive finalizable: 0.0ms
[26.033s][debug  ][gc,phases,ref  ] GC(95)     FinalRef (ms):                 skipped
[26.033s][debug  ][gc,phases,ref  ] GC(95)   Notify PhantomReferences: 0.0ms
[26.033s][debug  ][gc,phases,ref  ] GC(95)     PhantomRef (ms):               skipped
[26.033s][debug  ][gc,phases,ref  ] GC(95)   SoftReference:
[26.033s][debug  ][gc,phases,ref  ] GC(95)     Discovered: 0
[26.033s][debug  ][gc,phases,ref  ] GC(95)     Cleared: 0
[26.033s][debug  ][gc,phases,ref  ] GC(95)   WeakReference:
[26.033s][debug  ][gc,phases,ref  ] GC(95)     Discovered: 0
[26.033s][debug  ][gc,phases,ref  ] GC(95)     Cleared: 0
[26.033s][debug  ][gc,phases,ref  ] GC(95)   FinalReference:
[26.033s][debug  ][gc,phases,ref  ] GC(95)     Discovered: 0
[26.033s][debug  ][gc,phases,ref  ] GC(95)     Cleared: 0
[26.033s][debug  ][gc,phases,ref  ] GC(95)   PhantomReference:
[26.033s][debug  ][gc,phases,ref  ] GC(95)     Discovered: 0
[26.033s][debug  ][gc,phases,ref  ] GC(95)     Cleared: 0
[26.033s][debug  ][gc,phases      ] GC(95) Reference Processing 0.570ms
[26.033s][debug  ][gc,phases,start] GC(95) Weak Processing
[26.033s][debug  ][gc,phases      ] GC(95)   VM Weak                        Min:  0.0, Avg:  0.0, Max:  0.0, Diff:  0.0, Sum:  0.0, Workers: 6
[26.033s][debug  ][gc,phases      ] GC(95)     Dead                           Min: 0, Avg:  0.0, Max: 0, Diff: 0, Sum: 0, Workers: 6
[26.033s][debug  ][gc,phases      ] GC(95)     Total                          Min: 0, Avg:  1.3, Max: 8, Diff: 8, Sum: 8, Workers: 6
[26.033s][debug  ][gc,phases      ] GC(95)   ObjectSynchronizer Weak        Min:  0.0, Avg:  0.0, Max:  0.0, Diff:  0.0, Sum:  0.0, Workers: 6
[26.033s][debug  ][gc,phases      ] GC(95)     Dead                           Min: 0, Avg:  0.0, Max: 0, Diff: 0, Sum: 0, Workers: 6
[26.033s][debug  ][gc,phases      ] GC(95)     Total                          Min: 0, Avg:  0.5, Max: 3, Diff: 3, Sum: 3, Workers: 6
[26.033s][debug  ][gc,phases      ] GC(95)   JVMTI Tag Weak OopStorage      Min:  0.0, Avg:  0.0, Max:  0.0, Diff:  0.0, Sum:  0.0, Workers: 6
[26.034s][debug  ][gc,phases      ] GC(95)     Dead                           Min: 0, Avg:  0.0, Max: 0, Diff: 0, Sum: 0, Workers: 6
[26.034s][debug  ][gc,phases      ] GC(95)     Total                          Min: 0, Avg:  0.0, Max: 0, Diff: 0, Sum: 0, Workers: 6
[26.034s][debug  ][gc,phases      ] GC(95)   StringTable Weak               Min:  0.0, Avg:  0.0, Max:  0.0, Diff:  0.0, Sum:  0.0, Workers: 6
[26.034s][debug  ][gc,phases      ] GC(95)     Dead                           Min: 0, Avg:  0.0, Max: 0, Diff: 0, Sum: 0, Workers: 6
[26.034s][debug  ][gc,phases      ] GC(95)     Total                          Min: 704, Avg: 892.5, Max: 1023, Diff: 319, Sum: 5355, Workers: 6
[26.034s][debug  ][gc,phases      ] GC(95)   ResolvedMethodTable Weak       Min:  0.0, Avg:  0.0, Max:  0.0, Diff:  0.0, Sum:  0.0, Workers: 6
[26.034s][debug  ][gc,phases      ] GC(95)     Dead                           Min: 0, Avg:  0.0, Max: 0, Diff: 0, Sum: 0, Workers: 6
[26.034s][debug  ][gc,phases      ] GC(95)     Total                          Min: 0, Avg: 21.5, Max: 64, Diff: 64, Sum: 129, Workers: 6
[26.034s][debug  ][gc,phases      ] GC(95)   JNI Weak                       Min:  0.0, Avg:  0.0, Max:  0.0, Diff:  0.0, Sum:  0.0, Workers: 6
[26.034s][debug  ][gc,phases      ] GC(95)     Dead                           Min: 0, Avg:  0.0, Max: 0, Diff: 0, Sum: 0, Workers: 6
[26.034s][debug  ][gc,phases      ] GC(95)     Total                          Min: 0, Avg:  0.0, Max: 0, Diff: 0, Sum: 0, Workers: 6
[26.034s][debug  ][gc,phases      ] GC(95)   StringDedup Table Weak         Min:  0.0, Avg:  0.0, Max:  0.0, Diff:  0.0, Sum:  0.0, Workers: 6
[26.034s][debug  ][gc,phases      ] GC(95)     Dead                           Min: 0, Avg:  0.0, Max: 0, Diff: 0, Sum: 0, Workers: 6
[26.034s][debug  ][gc,phases      ] GC(95)     Total                          Min: 0, Avg:  0.0, Max: 0, Diff: 0, Sum: 0, Workers: 6
[26.034s][debug  ][gc,phases      ] GC(95)   StringDedup Requests0 Weak     Min:  0.0, Avg:  0.0, Max:  0.0, Diff:  0.0, Sum:  0.0, Workers: 6
[26.034s][debug  ][gc,phases      ] GC(95)     Dead                           Min: 0, Avg:  0.0, Max: 0, Diff: 0, Sum: 0, Workers: 6
[26.034s][debug  ][gc,phases      ] GC(95)     Total                          Min: 0, Avg:  0.0, Max: 0, Diff: 0, Sum: 0, Workers: 6
[26.034s][debug  ][gc,phases      ] GC(95)   StringDedup Requests1 Weak     Min:  0.0, Avg:  0.0, Max:  0.0, Diff:  0.0, Sum:  0.0, Workers: 6
[26.034s][debug  ][gc,phases      ] GC(95)     Dead                           Min: 0, Avg:  0.0, Max: 0, Diff: 0, Sum: 0, Workers: 6
[26.034s][debug  ][gc,phases      ] GC(95)     Total                          Min: 0, Avg:  0.0, Max: 0, Diff: 0, Sum: 0, Workers: 6
[26.034s][debug  ][gc,phases      ] GC(95)   Weak JFR Old Object Samples    Min:  0.0, Avg:  0.0, Max:  0.0, Diff:  0.0, Sum:  0.0, Workers: 6
[26.034s][debug  ][gc,phases      ] GC(95)     Dead                           Min: 0, Avg:  0.0, Max: 0, Diff: 0, Sum: 0, Workers: 6
[26.034s][debug  ][gc,phases      ] GC(95)     Total                          Min: 0, Avg:  0.0, Max: 0, Diff: 0, Sum: 0, Workers: 6
[26.034s][debug  ][gc,phases      ] GC(95) Weak Processing 0.657ms
[26.034s][debug  ][gc,ergo        ] GC(95) AdaptiveSizeStart:  collection: 96 
[26.034s][debug  ][gc,ergo        ] GC(95) avg_survived_padded_avg: 32680302.000000
[26.034s][debug  ][gc,ergo        ] GC(95) avg_promoted_padded_avg: 264883488.000000  avg_pretenured_padded_avg: 0.000000  tenuring_thresh: 6  target_size: 33030144
[26.034s][debug  ][gc,age         ] GC(95) Desired survivor size 33030144 bytes, new threshold 6 (max threshold 15)
[26.034s][debug  ][gc,ergo        ] GC(95) PSAdaptiveSizePolicy::compute_eden_space_size limits: desired_eden_size: 222526968 old_eden_size: 202375168 eden_limit: 202375168 cur_eden: 202375168 max_eden_size: 202375168 avg_young_live: 27945634
[26.034s][debug  ][gc,ergo        ] GC(95) PSAdaptiveSizePolicy::compute_eden_space_size: costs minor_time: 0.049066 major_cost: 0.050505 mutator_cost: 0.900429 throughput_goal: 0.990000
[26.034s][debug  ][gc,ergo        ] GC(95) Live_space: 998652416 free_space: 1402470400
[26.034s][debug  ][gc,ergo        ] GC(95) Old eden_size: 202375168 desired_eden_size: 202375168
[26.034s][debug  ][gc,ergo        ] GC(95) AdaptiveSizeStop: collection: 96 
[26.034s][info   ][gc,heap        ] GC(95) PSYoungGen: 218897K(229888K)->30720K(229888K) Eden: 188177K(197632K)->0K(197632K) From: 30720K(32256K)->30720K(32256K)
[26.034s][info   ][gc,heap        ] GC(95) ParOldGen: 1435237K(1835008K)->1619557K(1835008K)
[26.034s][info   ][gc,metaspace   ] GC(95) Metaspace: 1023K(1216K)->1023K(1216K) NonClass: 939K(1024K)->939K(1024K) Class: 83K(192K)->83K(192K)
[26.034s][info   ][gc             ] GC(95) Pause Young (Allocation Failure) 1615M->1611M(2016M) 16.286ms
[26.034s][info   ][gc,cpu         ] GC(95) User=0.12s Sys=0.00s Real=0.02s
[26.034s][debug  ][gc,heap        ] GC(95) Heap after GC invocations=96 (full 15):
[26.034s][debug  ][gc,heap        ] GC(95)  PSYoungGen      total 229888K, used 30720K [0x00000000f0000000, 0x0000000100000000, 0x0000000100000000)
[26.034s][debug  ][gc,heap        ] GC(95)   eden space 197632K, 0% used [0x00000000f0000000,0x00000000f0000000,0x00000000fc100000)
[26.034s][debug  ][gc,heap        ] GC(95)   from space 32256K, 95% used [0x00000000fe080000,0x00000000ffe80030,0x0000000100000000)
[26.034s][debug  ][gc,heap        ] GC(95)   to   space 32256K, 0% used [0x00000000fc100000,0x00000000fc100000,0x00000000fe080000)
[26.034s][debug  ][gc,heap        ] GC(95)  ParOldGen       total 1835008K, used 1619557K [0x0000000080000000, 0x00000000f0000000, 0x00000000f0000000)
[26.034s][debug  ][gc,heap        ] GC(95)   object space 1835008K, 88% used [0x0000000080000000,0x00000000e2d995e8,0x00000000f0000000)
[26.034s][debug  ][gc,heap        ] GC(95)  Metaspace       used 1023K, committed 1216K, reserved 1056768K
[26.034s][debug  ][gc,heap        ] GC(95)   class space    used 83K, committed 192K, reserved 1048576K
[26.034s][debug  ][gc,task,time   ] GC(95) VM-Thread 260176738 260327166 260344937
[26.035s][debug  ][gc,phases,start] GC(96) Pre Compact
[26.035s][debug  ][gc,heap        ] GC(96) Heap before GC invocations=97 (full 16):
[26.035s][debug  ][gc,heap        ] GC(96)  PSYoungGen      total 229888K, used 30720K [0x00000000f0000000, 0x0000000100000000, 0x0000000100000000)
[26.035s][debug  ][gc,heap        ] GC(96)   eden space 197632K, 0% used [0x00000000f0000000,0x00000000f0000000,0x00000000fc100000)
[26.035s][debug  ][gc,heap        ] GC(96)   from space 32256K, 95% used [0x00000000fe080000,0x00000000ffe80030,0x0000000100000000)
[26.035s][debug  ][gc,heap        ] GC(96)   to   space 32256K, 0% used [0x00000000fc100000,0x00000000fc100000,0x00000000fe080000)
[26.035s][debug  ][gc,heap        ] GC(96)  ParOldGen       total 1835008K, used 1619557K [0x0000000080000000, 0x00000000f0000000, 0x00000000f0000000)
[26.035s][debug  ][gc,heap        ] GC(96)   object space 1835008K, 88% used [0x0000000080000000,0x00000000e2d995e8,0x00000000f0000000)
[26.035s][debug  ][gc,heap        ] GC(96)  Metaspace       used 1023K, committed 1216K, reserved 1056768K
[26.035s][debug  ][gc,heap        ] GC(96)   class space    used 83K, committed 192K, reserved 1048576K
[26.035s][debug  ][gc,phases      ] GC(96) Pre Compact 0.202ms
[26.035s][info   ][gc,start       ] GC(96) Pause Full (Ergonomics)
[26.035s][info   ][gc,phases,start] GC(96) Marking Phase
[26.035s][debug  ][gc,phases,start] GC(96) Par Mark
[26.035s][debug  ][gc,phases      ] GC(96) Par Mark 0.516ms
[26.035s][debug  ][gc,phases,start] GC(96) Reference Processing
[26.035s][debug  ][gc,ref         ] GC(96) Skipped phase 1 of Reference Processing: no references
[26.035s][debug  ][gc,ref         ] GC(96) ReferenceProcessor::execute queues: 1, RefProcThreadModel::Single, marks_oops_alive: false
[26.035s][debug  ][gc,ref         ] GC(96) Skipped phase 3 of Reference Processing: no references
[26.035s][debug  ][gc,ref         ] GC(96) ReferenceProcessor::execute queues: 1, RefProcThreadModel::Single, marks_oops_alive: false
[26.035s][debug  ][gc,phases,ref  ] GC(96) Reference Processing: 0.1ms
[26.035s][debug  ][gc,phases,ref  ] GC(96)   Reconsider SoftReferences: 0.0ms
[26.035s][debug  ][gc,phases,ref  ] GC(96)     SoftRef (ms):                  skipped
[26.036s][debug  ][gc,phases,ref  ] GC(96)   Notify Soft/WeakReferences: 0.0ms
[26.036s][debug  ][gc,phases,ref  ] GC(96)     SoftRef (ms):                  Min:  0.0, Avg:  0.0, Max:  0.0, Diff:  0.0, Sum:  0.0, Workers: 8
[26.036s][debug  ][gc,phases,ref  ] GC(96)     WeakRef (ms):                  Min:  0.0, Avg:  0.0, Max:  0.0, Diff:  0.0, Sum:  0.0, Workers: 8
[26.036s][debug  ][gc,phases,ref  ] GC(96)     FinalRef (ms):                 Min:  0.0, Avg:  0.0, Max:  0.0, Diff:  0.0, Sum:  0.0, Workers: 8
[26.036s][debug  ][gc,phases,ref  ] GC(96)     Total (ms):                    Min:  0.0, Avg:  0.0, Max:  0.0, Diff:  0.0, Sum:  0.0, Workers: 8
[26.036s][debug  ][gc,phases,ref  ] GC(96)   Notify and keep alive finalizable: 0.0ms
[26.036s][debug  ][gc,phases,ref  ] GC(96)     FinalRef (ms):                 skipped
[26.036s][debug  ][gc,phases,ref  ] GC(96)   Notify PhantomReferences: 0.0ms
[26.036s][debug  ][gc,phases,ref  ] GC(96)     PhantomRef (ms):               Min:  0.0, Avg:  0.0, Max:  0.0, Diff:  0.0, Sum:  0.0, Workers: 8
[26.036s][debug  ][gc,phases,ref  ] GC(96)   SoftReference:
[26.036s][debug  ][gc,phases,ref  ] GC(96)     Discovered: 0
[26.036s][debug  ][gc,phases,ref  ] GC(96)     Cleared: 0
[26.036s][debug  ][gc,phases,ref  ] GC(96)   WeakReference:
[26.036s][debug  ][gc,phases,ref  ] GC(96)     Discovered: 82
[26.036s][debug  ][gc,phases,ref  ] GC(96)     Cleared: 82
[26.036s][debug  ][gc,phases,ref  ] GC(96)   FinalReference:
[26.036s][debug  ][gc,phases,ref  ] GC(96)     Discovered: 0
[26.036s][debug  ][gc,phases,ref  ] GC(96)     Cleared: 0
[26.036s][debug  ][gc,phases,ref  ] GC(96)   PhantomReference:
[26.036s][debug  ][gc,phases,ref  ] GC(96)     Discovered: 3
[26.036s][debug  ][gc,phases,ref  ] GC(96)     Cleared: 3
[26.036s][debug  ][gc,phases      ] GC(96) Reference Processing 0.575ms
[26.036s][debug  ][gc,phases,start] GC(96) Weak Processing
[26.036s][debug  ][gc,phases      ] GC(96)   VM Weak                        Min:  0.0, Avg:  0.0, Max:  0.0, Diff:  0.0, Sum:  0.0, Workers: 6
[26.036s][debug  ][gc,phases      ] GC(96)     Dead                           Min: 0, Avg:  0.0, Max: 0, Diff: 0, Sum: 0, Workers: 6
[26.036s][debug  ][gc,phases      ] GC(96)     Total                          Min: 0, Avg:  1.3, Max: 8, Diff: 8, Sum: 8, Workers: 6
[26.036s][debug  ][gc,phases      ] GC(96)   ObjectSynchronizer Weak        Min:  0.0, Avg:  0.0, Max:  0.0, Diff:  0.0, Sum:  0.0, Workers: 6
[26.036s][debug  ][gc,phases      ] GC(96)     Dead                           Min: 0, Avg:  0.0, Max: 0, Diff: 0, Sum: 0, Workers: 6
[26.036s][debug  ][gc,phases      ] GC(96)     Total                          Min: 0, Avg:  0.5, Max: 3, Diff: 3, Sum: 3, Workers: 6
[26.036s][debug  ][gc,phases      ] GC(96)   JVMTI Tag Weak OopStorage      Min:  0.0, Avg:  0.0, Max:  0.0, Diff:  0.0, Sum:  0.0, Workers: 6
[26.036s][debug  ][gc,phases      ] GC(96)     Dead                           Min: 0, Avg:  0.0, Max: 0, Diff: 0, Sum: 0, Workers: 6
[26.036s][debug  ][gc,phases      ] GC(96)     Total                          Min: 0, Avg:  0.0, Max: 0, Diff: 0, Sum: 0, Workers: 6
[26.036s][debug  ][gc,phases      ] GC(96)   StringTable Weak               Min:  0.0, Avg:  0.0, Max:  0.0, Diff:  0.0, Sum:  0.0, Workers: 6
[26.036s][debug  ][gc,phases      ] GC(96)     Dead                           Min: 0, Avg:  0.0, Max: 0, Diff: 0, Sum: 0, Workers: 6
[26.036s][debug  ][gc,phases      ] GC(96)     Total                          Min: 640, Avg: 892.5, Max: 1088, Diff: 448, Sum: 5355, Workers: 6
[26.036s][debug  ][gc,phases      ] GC(96)   ResolvedMethodTable Weak       Min:  0.0, Avg:  0.0, Max:  0.0, Diff:  0.0, Sum:  0.0, Workers: 6
[26.036s][debug  ][gc,phases      ] GC(96)     Dead                           Min: 0, Avg:  0.0, Max: 0, Diff: 0, Sum: 0, Workers: 6
[26.036s][debug  ][gc,phases      ] GC(96)     Total                          Min: 0, Avg: 21.5, Max: 64, Diff: 64, Sum: 129, Workers: 6
[26.036s][debug  ][gc,phases      ] GC(96)   JNI Weak                       Min:  0.0, Avg:  0.0, Max:  0.0, Diff:  0.0, Sum:  0.0, Workers: 6
[26.036s][debug  ][gc,phases      ] GC(96)     Dead                           Min: 0, Avg:  0.0, Max: 0, Diff: 0, Sum: 0, Workers: 6
[26.036s][debug  ][gc,phases      ] GC(96)     Total                          Min: 0, Avg:  0.0, Max: 0, Diff: 0, Sum: 0, Workers: 6
[26.036s][debug  ][gc,phases      ] GC(96)   StringDedup Table Weak         Min:  0.0, Avg:  0.0, Max:  0.0, Diff:  0.0, Sum:  0.0, Workers: 6
[26.036s][debug  ][gc,phases      ] GC(96)     Dead                           Min: 0, Avg:  0.0, Max: 0, Diff: 0, Sum: 0, Workers: 6
[26.036s][debug  ][gc,phases      ] GC(96)     Total                          Min: 0, Avg:  0.0, Max: 0, Diff: 0, Sum: 0, Workers: 6
[26.036s][debug  ][gc,phases      ] GC(96)   StringDedup Requests0 Weak     Min:  0.0, Avg:  0.0, Max:  0.0, Diff:  0.0, Sum:  0.0, Workers: 6
[26.036s][debug  ][gc,phases      ] GC(96)     Dead                           Min: 0, Avg:  0.0, Max: 0, Diff: 0, Sum: 0, Workers: 6
[26.036s][debug  ][gc,phases      ] GC(96)     Total                          Min: 0, Avg:  0.0, Max: 0, Diff: 0, Sum: 0, Workers: 6
[26.036s][debug  ][gc,phases      ] GC(96)   StringDedup Requests1 Weak     Min:  0.0, Avg:  0.0, Max:  0.0, Diff:  0.0, Sum:  0.0, Workers: 6
[26.036s][debug  ][gc,phases      ] GC(96)     Dead                           Min: 0, Avg:  0.0, Max: 0, Diff: 0, Sum: 0, Workers: 6
[26.036s][debug  ][gc,phases      ] GC(96)     Total                          Min: 0, Avg:  0.0, Max: 0, Diff: 0, Sum: 0, Workers: 6
[26.037s][debug  ][gc,phases      ] GC(96)   Weak JFR Old Object Samples    Min:  0.0, Avg:  0.0, Max:  0.0, Diff:  0.0, Sum:  0.0, Workers: 6
[26.037s][debug  ][gc,phases      ] GC(96)     Dead                           Min: 0, Avg:  0.0, Max: 0, Diff: 0, Sum: 0, Workers: 6
[26.037s][debug  ][gc,phases      ] GC(96)     Total                          Min: 0, Avg:  0.0, Max: 0, Diff: 0, Sum: 0, Workers: 6
[26.037s][debug  ][gc,phases      ] GC(96) Weak Processing 0.652ms
[26.037s][debug  ][gc,phases,start] GC(96) Class Unloading
[26.037s][debug  ][gc,phases,start] GC(96) ClassLoaderData
[26.037s][debug  ][gc,phases      ] GC(96) ClassLoaderData 0.019ms
[26.037s][debug  ][gc,phases,start] GC(96) Trigger cleanups
[26.037s][debug  ][gc,phases      ] GC(96) Trigger cleanups 0.019ms
[26.037s][debug  ][gc,phases      ] GC(96) Class Unloading 0.254ms
[26.037s][info   ][gc,phases      ] GC(96) Marking Phase 2.109ms
[26.037s][info   ][gc,phases,start] GC(96) Summary Phase
[26.037s][info   ][gc,phases      ] GC(96) Summary Phase 0.039ms
[26.037s][info   ][gc,phases,start] GC(96) Adjust Roots
[26.037s][info   ][gc,phases      ] GC(96) Adjust Roots 0.157ms
[26.037s][info   ][gc,phases,start] GC(96) Compaction Phase
[26.123s][info   ][gc,phases      ] GC(96) Compaction Phase 86.260ms
[26.124s][info   ][gc,phases,start] GC(96) Post Compact
[26.129s][info   ][gc,phases      ] GC(96) Post Compact 5.306ms
[26.129s][debug  ][gc,ergo        ] GC(96) AdaptiveSizeStart: collection: 97 
[26.129s][debug  ][gc,ergo        ] GC(96) PSAdaptiveSizePolicy::compute_eden_space_size limits: desired_eden_size: 222589438 old_eden_size: 202375168 eden_limit: 202375168 cur_eden: 202375168 max_eden_size: 202375168 avg_young_live: 25151070
[26.129s][debug  ][gc,ergo        ] GC(96) PSAdaptiveSizePolicy::compute_eden_space_size: costs minor_time: 0.049066 major_cost: 0.050197 mutator_cost: 0.900736 throughput_goal: 0.990000
[26.129s][debug  ][gc,ergo        ] GC(96) Live_space: 995857792 free_space: 1402470400
[26.129s][debug  ][gc,ergo        ] GC(96) Old eden_size: 202375168 desired_eden_size: 202375168
[26.129s][debug  ][gc,ergo        ] GC(96) PSAdaptiveSizePolicy::compute_old_gen_free_space limits: desired_promo_size: 1321525086 promo_limit: 1200095232 free_in_old_gen: 1166096128 max_old_gen_size: 1879048192 avg_old_live: 712952064
[26.129s][debug  ][gc,ergo        ] GC(96) PSAdaptiveSizePolicy::compute_old_gen_free_space: costs minor_time: 0.049066 major_cost: 0.050197  mutator_cost: 0.900736 throughput_goal: 0.990000
[26.129s][debug  ][gc,ergo        ] GC(96) Live_space: 1006538624 free_space: 1402470400
[26.129s][debug  ][gc,ergo        ] GC(96) Old promo_size: 1200095232 desired_promo_size: 1200095232
[26.129s][debug  ][gc,ergo        ] GC(96) AdaptiveSizeStop: collection: 97 
[26.129s][info   ][gc,heap        ] GC(96) PSYoungGen: 30720K(229888K)->0K(229888K) Eden: 0K(197632K)->0K(197632K) From: 30720K(32256K)->0K(32256K)
[26.129s][info   ][gc,heap        ] GC(96) ParOldGen: 1619557K(1835008K)->790116K(1835008K)
[26.129s][info   ][gc,metaspace   ] GC(96) Metaspace: 1023K(1216K)->1023K(1216K) NonClass: 939K(1024K)->939K(1024K) Class: 83K(192K)->83K(192K)
[26.129s][info   ][gc             ] GC(96) Pause Full (Ergonomics) 1611M->771M(2016M) 94.432ms
[26.129s][info   ][gc,cpu         ] GC(96) User=0.73s Sys=0.00s Real=0.09s
[26.129s][debug  ][gc,heap        ] GC(96) Heap after GC invocations=97 (full 16):
[26.129s][debug  ][gc,heap        ] GC(96)  PSYoungGen      total 229888K, used 0K [0x00000000f0000000, 0x0000000100000000, 0x0000000100000000)
[26.129s][debug  ][gc,heap        ] GC(96)   eden space 197632K, 0% used [0x00000000f0000000,0x00000000f0000000,0x00000000fc100000)
[26.129s][debug  ][gc,heap        ] GC(96)   from space 32256K, 0% used [0x00000000fc100000,0x00000000fc100000,0x00000000fe080000)
[26.129s][debug  ][gc,heap        ] GC(96)   to   space 32256K, 0% used [0x00000000fe080000,0x00000000fe080000,0x0000000100000000)
[26.129s][debug  ][gc,heap        ] GC(96)  ParOldGen       total 1835008K, used 790116K [0x0000000080000000, 0x00000000f0000000, 0x00000000f0000000)
[26.129s][debug  ][gc,heap        ] GC(96)   object space 1835008K, 43% used [0x0000000080000000,0x00000000b03990d8,0x00000000f0000000)
[26.129s][debug  ][gc,heap        ] GC(96)  Metaspace       used 1023K, committed 1216K, reserved 1056768K
[26.129s][debug  ][gc,heap        ] GC(96)   class space    used 83K, committed 192K, reserved 1048576K
[26.129s][debug  ][gc,task,time   ] GC(96) VM-Thread 260347630 260371561 261292222
[26.414s][debug  ][gc,heap        ] GC(97) Heap before GC invocations=98 (full 16):
[26.415s][debug  ][gc,heap        ] GC(97)  PSYoungGen      total 229888K, used 188182K [0x00000000f0000000, 0x0000000100000000, 0x0000000100000000)
[26.415s][debug  ][gc,heap        ] GC(97)   eden space 197632K, 95% used [0x00000000f0000000,0x00000000fb7c5a38,0x00000000fc100000)
[26.415s][debug  ][gc,heap        ] GC(97)   from space 32256K, 0% used [0x00000000fc100000,0x00000000fc100000,0x00000000fe080000)
[26.415s][debug  ][gc,heap        ] GC(97)   to   space 32256K, 0% used [0x00000000fe080000,0x00000000fe080000,0x0000000100000000)
[26.415s][debug  ][gc,heap        ] GC(97)  ParOldGen       total 1835008K, used 790116K [0x0000000080000000, 0x00000000f0000000, 0x00000000f0000000)
[26.415s][debug  ][gc,heap        ] GC(97)   object space 1835008K, 43% used [0x0000000080000000,0x00000000b03990d8,0x00000000f0000000)
[26.415s][debug  ][gc,heap        ] GC(97)  Metaspace       used 1023K, committed 1216K, reserved 1056768K
[26.415s][debug  ][gc,heap        ] GC(97)   class space    used 83K, committed 192K, reserved 1048576K
[26.415s][debug  ][gc,tlab        ] GC(97) TLAB totals: thrds: 1  refills: 1 max: 1 slow allocs: 17 max 17 waste: 27.4% gc: 3954968B max: 3954968B slow: 0B max: 0B
[26.415s][info   ][gc,start       ] GC(97) Pause Young (Allocation Failure)
[26.415s][debug  ][gc,phases,start] GC(97) Scavenge
[26.428s][debug  ][gc,phases      ] GC(97) Scavenge 12.698ms
[26.428s][debug  ][gc,phases,start] GC(97) Reference Processing
[26.428s][debug  ][gc,ref         ] GC(97) Skipped phase 1 of Reference Processing: no references
[26.428s][debug  ][gc,ref         ] GC(97) Skipped phase 2 of Reference Processing: no references
[26.428s][debug  ][gc,ref         ] GC(97) Skipped phase 3 of Reference Processing: no references
[26.428s][debug  ][gc,ref         ] GC(97) Skipped phase 4 of Reference Processing: no references
[26.428s][debug  ][gc,phases,ref  ] GC(97) Reference Processing: 0.1ms
[26.428s][debug  ][gc,phases,ref  ] GC(97)   Reconsider SoftReferences: 0.0ms
[26.428s][debug  ][gc,phases,ref  ] GC(97)     SoftRef (ms):                  skipped
[26.428s][debug  ][gc,phases,ref  ] GC(97)   Notify Soft/WeakReferences: 0.0ms
[26.428s][debug  ][gc,phases,ref  ] GC(97)     SoftRef (ms):                  skipped
[26.428s][debug  ][gc,phases,ref  ] GC(97)     WeakRef (ms):                  skipped
[26.428s][debug  ][gc,phases,ref  ] GC(97)     FinalRef (ms):                 skipped
[26.428s][debug  ][gc,phases,ref  ] GC(97)     Total (ms):                    skipped
[26.428s][debug  ][gc,phases,ref  ] GC(97)   Notify and keep alive finalizable: 0.0ms
[26.428s][debug  ][gc,phases,ref  ] GC(97)     FinalRef (ms):                 skipped
[26.428s][debug  ][gc,phases,ref  ] GC(97)   Notify PhantomReferences: 0.0ms
[26.428s][debug  ][gc,phases,ref  ] GC(97)     PhantomRef (ms):               skipped
[26.428s][debug  ][gc,phases,ref  ] GC(97)   SoftReference:
[26.428s][debug  ][gc,phases,ref  ] GC(97)     Discovered: 0
[26.428s][debug  ][gc,phases,ref  ] GC(97)     Cleared: 0
[26.428s][debug  ][gc,phases,ref  ] GC(97)   WeakReference:
[26.428s][debug  ][gc,phases,ref  ] GC(97)     Discovered: 0
[26.428s][debug  ][gc,phases,ref  ] GC(97)     Cleared: 0
[26.428s][debug  ][gc,phases,ref  ] GC(97)   FinalReference:
[26.428s][debug  ][gc,phases,ref  ] GC(97)     Discovered: 0
[26.428s][debug  ][gc,phases,ref  ] GC(97)     Cleared: 0
[26.428s][debug  ][gc,phases,ref  ] GC(97)   PhantomReference:
[26.428s][debug  ][gc,phases,ref  ] GC(97)     Discovered: 0
[26.428s][debug  ][gc,phases,ref  ] GC(97)     Cleared: 0
[26.428s][debug  ][gc,phases      ] GC(97) Reference Processing 0.678ms
[26.428s][debug  ][gc,phases,start] GC(97) Weak Processing
[26.429s][debug  ][gc,phases      ] GC(97)   VM Weak                        Min:  0.0, Avg:  0.0, Max:  0.0, Diff:  0.0, Sum:  0.0, Workers: 6
[26.429s][debug  ][gc,phases      ] GC(97)     Dead                           Min: 0, Avg:  0.0, Max: 0, Diff: 0, Sum: 0, Workers: 6
[26.429s][debug  ][gc,phases      ] GC(97)     Total                          Min: 0, Avg:  1.3, Max: 8, Diff: 8, Sum: 8, Workers: 6
[26.429s][debug  ][gc,phases      ] GC(97)   ObjectSynchronizer Weak        Min:  0.0, Avg:  0.0, Max:  0.0, Diff:  0.0, Sum:  0.0, Workers: 6
[26.429s][debug  ][gc,phases      ] GC(97)     Dead                           Min: 0, Avg:  0.0, Max: 0, Diff: 0, Sum: 0, Workers: 6
[26.429s][debug  ][gc,phases      ] GC(97)     Total                          Min: 0, Avg:  0.5, Max: 3, Diff: 3, Sum: 3, Workers: 6
[26.429s][debug  ][gc,phases      ] GC(97)   JVMTI Tag Weak OopStorage      Min:  0.0, Avg:  0.0, Max:  0.0, Diff:  0.0, Sum:  0.0, Workers: 6
[26.429s][debug  ][gc,phases      ] GC(97)     Dead                           Min: 0, Avg:  0.0, Max: 0, Diff: 0, Sum: 0, Workers: 6
[26.429s][debug  ][gc,phases      ] GC(97)     Total                          Min: 0, Avg:  0.0, Max: 0, Diff: 0, Sum: 0, Workers: 6
[26.429s][debug  ][gc,phases      ] GC(97)   StringTable Weak               Min:  0.0, Avg:  0.0, Max:  0.0, Diff:  0.0, Sum:  0.0, Workers: 6
[26.429s][debug  ][gc,phases      ] GC(97)     Dead                           Min: 0, Avg:  0.0, Max: 0, Diff: 0, Sum: 0, Workers: 6
[26.429s][debug  ][gc,phases      ] GC(97)     Total                          Min: 576, Avg: 892.5, Max: 1132, Diff: 556, Sum: 5355, Workers: 6
[26.429s][debug  ][gc,phases      ] GC(97)   ResolvedMethodTable Weak       Min:  0.0, Avg:  0.0, Max:  0.0, Diff:  0.0, Sum:  0.0, Workers: 6
[26.429s][debug  ][gc,phases      ] GC(97)     Dead                           Min: 0, Avg:  0.0, Max: 0, Diff: 0, Sum: 0, Workers: 6
[26.429s][debug  ][gc,phases      ] GC(97)     Total                          Min: 0, Avg: 21.5, Max: 64, Diff: 64, Sum: 129, Workers: 6
[26.429s][debug  ][gc,phases      ] GC(97)   JNI Weak                       Min:  0.0, Avg:  0.0, Max:  0.0, Diff:  0.0, Sum:  0.0, Workers: 6
[26.429s][debug  ][gc,phases      ] GC(97)     Dead                           Min: 0, Avg:  0.0, Max: 0, Diff: 0, Sum: 0, Workers: 6
[26.429s][debug  ][gc,phases      ] GC(97)     Total                          Min: 0, Avg:  0.0, Max: 0, Diff: 0, Sum: 0, Workers: 6
[26.429s][debug  ][gc,phases      ] GC(97)   StringDedup Table Weak         Min:  0.0, Avg:  0.0, Max:  0.0, Diff:  0.0, Sum:  0.0, Workers: 6
[26.429s][debug  ][gc,phases      ] GC(97)     Dead                           Min: 0, Avg:  0.0, Max: 0, Diff: 0, Sum: 0, Workers: 6
[26.429s][debug  ][gc,phases      ] GC(97)     Total                          Min: 0, Avg:  0.0, Max: 0, Diff: 0, Sum: 0, Workers: 6
[26.429s][debug  ][gc,phases      ] GC(97)   StringDedup Requests0 Weak     Min:  0.0, Avg:  0.0, Max:  0.0, Diff:  0.0, Sum:  0.0, Workers: 6
[26.429s][debug  ][gc,phases      ] GC(97)     Dead                           Min: 0, Avg:  0.0, Max: 0, Diff: 0, Sum: 0, Workers: 6
[26.429s][debug  ][gc,phases      ] GC(97)     Total                          Min: 0, Avg:  0.0, Max: 0, Diff: 0, Sum: 0, Workers: 6
[26.429s][debug  ][gc,phases      ] GC(97)   StringDedup Requests1 Weak     Min:  0.0, Avg:  0.0, Max:  0.0, Diff:  0.0, Sum:  0.0, Workers: 6
[26.429s][debug  ][gc,phases      ] GC(97)     Dead                           Min: 0, Avg:  0.0, Max: 0, Diff: 0, Sum: 0, Workers: 6
[26.429s][debug  ][gc,phases      ] GC(97)     Total                          Min: 0, Avg:  0.0, Max: 0, Diff: 0, Sum: 0, Workers: 6
[26.429s][debug  ][gc,phases      ] GC(97)   Weak JFR Old Object Samples    Min:  0.0, Avg:  0.0, Max:  0.0, Diff:  0.0, Sum:  0.0, Workers: 6
[26.429s][debug  ][gc,phases      ] GC(97)     Dead                           Min: 0, Avg:  0.0, Max: 0, Diff: 0, Sum: 0, Workers: 6
[26.429s][debug  ][gc,phases      ] GC(97)     Total                          Min: 0, Avg:  0.0, Max: 0, Diff: 0, Sum: 0, Workers: 6
[26.429s][debug  ][gc,phases      ] GC(97) Weak Processing 0.817ms
[26.429s][debug  ][gc,ergo        ] GC(97) AdaptiveSizeStart:  collection: 98 
[26.429s][debug  ][gc,ergo        ] GC(97) avg_survived_padded_avg: 32587026.000000
[26.429s][debug  ][gc,ergo        ] GC(97) avg_promoted_padded_avg: 256422304.000000  avg_pretenured_padded_avg: 0.000000  tenuring_thresh: 6  target_size: 33030144
[26.429s][debug  ][gc,age         ] GC(97) Desired survivor size 33030144 bytes, new threshold 6 (max threshold 15)
[26.429s][debug  ][gc,ergo        ] GC(97) PSAdaptiveSizePolicy::compute_eden_space_size limits: desired_eden_size: 221898863 old_eden_size: 202375168 eden_limit: 202375168 cur_eden: 202375168 max_eden_size: 202375168 avg_young_live: 25781694
[26.429s][debug  ][gc,ergo        ] GC(97) PSAdaptiveSizePolicy::compute_eden_space_size: costs minor_time: 0.045859 major_cost: 0.050197 mutator_cost: 0.903944 throughput_goal: 0.990000
[26.429s][debug  ][gc,ergo        ] GC(97) Live_space: 1007169216 free_space: 1402470400
[26.430s][debug  ][gc,ergo        ] GC(97) Old eden_size: 202375168 desired_eden_size: 202375168
[26.430s][debug  ][gc,ergo        ] GC(97) AdaptiveSizeStop: collection: 98 
[26.430s][info   ][gc,heap        ] GC(97) PSYoungGen: 188182K(229888K)->30720K(229888K) Eden: 188182K(197632K)->0K(197632K) From: 0K(32256K)->30720K(32256K)
[26.430s][info   ][gc,heap        ] GC(97) ParOldGen: 790116K(1835008K)->943716K(1835008K)
[26.430s][info   ][gc,metaspace   ] GC(97) Metaspace: 1023K(1216K)->1023K(1216K) NonClass: 939K(1024K)->939K(1024K) Class: 83K(192K)->83K(192K)
[26.430s][info   ][gc             ] GC(97) Pause Young (Allocation Failure) 955M->951M(2016M) 14.693ms
[26.430s][info   ][gc,cpu         ] GC(97) User=0.00s Sys=0.00s Real=0.01s
[26.430s][debug  ][gc,heap        ] GC(97) Heap after GC invocations=98 (full 16):
[26.430s][debug  ][gc,heap        ] GC(97)  PSYoungGen      total 229888K, used 30720K [0x00000000f0000000, 0x0000000100000000, 0x0000000100000000)
[26.430s][debug  ][gc,heap        ] GC(97)   eden space 197632K, 0% used [0x00000000f0000000,0x00000000f0000000,0x00000000fc100000)
[26.430s][debug  ][gc,heap        ] GC(97)   from space 32256K, 95% used [0x00000000fe080000,0x00000000ffe80030,0x0000000100000000)
[26.430s][debug  ][gc,heap        ] GC(97)   to   space 32256K, 0% used [0x00000000fc100000,0x00000000fc100000,0x00000000fe080000)
[26.430s][debug  ][gc,heap        ] GC(97)  ParOldGen       total 1835008K, used 943716K [0x0000000080000000, 0x00000000f0000000, 0x00000000f0000000)
[26.430s][debug  ][gc,heap        ] GC(97)   object space 1835008K, 51% used [0x0000000080000000,0x00000000b99991c8,0x00000000f0000000)
[26.430s][debug  ][gc,heap        ] GC(97)  Metaspace       used 1023K, committed 1216K, reserved 1056768K
[26.430s][debug  ][gc,heap        ] GC(97)   class space    used 83K, committed 192K, reserved 1048576K
[26.430s][debug  ][gc,task,time   ] GC(97) VM-Thread 264144818 264277889 264299307
[26.714s][debug  ][gc,heap        ] GC(98) Heap before GC invocations=99 (full 16):
[26.714s][debug  ][gc,heap        ] GC(98)  PSYoungGen      total 229888K, used 218830K [0x00000000f0000000, 0x0000000100000000, 0x0000000100000000)
[26.714s][debug  ][gc,heap        ] GC(98)   eden space 197632K, 95% used [0x00000000f0000000,0x00000000fb7b3a08,0x00000000fc100000)
[26.714s][debug  ][gc,heap        ] GC(98)   from space 32256K, 95% used [0x00000000fe080000,0x00000000ffe80030,0x0000000100000000)
[26.714s][debug  ][gc,heap        ] GC(98)   to   space 32256K, 0% used [0x00000000fc100000,0x00000000fc100000,0x00000000fe080000)
[26.714s][debug  ][gc,heap        ] GC(98)  ParOldGen       total 1835008K, used 943716K [0x0000000080000000, 0x00000000f0000000, 0x00000000f0000000)
[26.714s][debug  ][gc,heap        ] GC(98)   object space 1835008K, 51% used [0x0000000080000000,0x00000000b99991c8,0x00000000f0000000)
[26.714s][debug  ][gc,heap        ] GC(98)  Metaspace       used 1023K, committed 1216K, reserved 1056768K
[26.714s][debug  ][gc,heap        ] GC(98)   class space    used 83K, committed 192K, reserved 1048576K
[26.714s][debug  ][gc,tlab        ] GC(98) TLAB totals: thrds: 1  refills: 1 max: 1 slow allocs: 17 max 17 waste: 27.0% gc: 3880128B max: 3880128B slow: 0B max: 0B
[26.714s][info   ][gc,start       ] GC(98) Pause Young (Allocation Failure)
[26.714s][debug  ][gc,phases,start] GC(98) Scavenge
[26.724s][debug  ][gc,phases      ] GC(98) Scavenge 9.129ms
[26.724s][debug  ][gc,phases,start] GC(98) Reference Processing
[26.724s][debug  ][gc,ref         ] GC(98) Skipped phase 1 of Reference Processing: no references
[26.724s][debug  ][gc,ref         ] GC(98) Skipped phase 2 of Reference Processing: no references
[26.724s][debug  ][gc,ref         ] GC(98) Skipped phase 3 of Reference Processing: no references
[26.724s][debug  ][gc,ref         ] GC(98) Skipped phase 4 of Reference Processing: no references
[26.724s][debug  ][gc,phases,ref  ] GC(98) Reference Processing: 0.1ms
[26.724s][debug  ][gc,phases,ref  ] GC(98)   Reconsider SoftReferences: 0.0ms
[26.724s][debug  ][gc,phases,ref  ] GC(98)     SoftRef (ms):                  skipped
[26.724s][debug  ][gc,phases,ref  ] GC(98)   Notify Soft/WeakReferences: 0.0ms
[26.724s][debug  ][gc,phases,ref  ] GC(98)     SoftRef (ms):                  skipped
[26.724s][debug  ][gc,phases,ref  ] GC(98)     WeakRef (ms):                  skipped
[26.724s][debug  ][gc,phases,ref  ] GC(98)     FinalRef (ms):                 skipped
[26.724s][debug  ][gc,phases,ref  ] GC(98)     Total (ms):                    skipped
[26.724s][debug  ][gc,phases,ref  ] GC(98)   Notify and keep alive finalizable: 0.0ms
[26.724s][debug  ][gc,phases,ref  ] GC(98)     FinalRef (ms):                 skipped
[26.724s][debug  ][gc,phases,ref  ] GC(98)   Notify PhantomReferences: 0.0ms
[26.724s][debug  ][gc,phases,ref  ] GC(98)     PhantomRef (ms):               skipped
[26.724s][debug  ][gc,phases,ref  ] GC(98)   SoftReference:
[26.724s][debug  ][gc,phases,ref  ] GC(98)     Discovered: 0
[26.724s][debug  ][gc,phases,ref  ] GC(98)     Cleared: 0
[26.724s][debug  ][gc,phases,ref  ] GC(98)   WeakReference:
[26.724s][debug  ][gc,phases,ref  ] GC(98)     Discovered: 0
[26.724s][debug  ][gc,phases,ref  ] GC(98)     Cleared: 0
[26.724s][debug  ][gc,phases,ref  ] GC(98)   FinalReference:
[26.724s][debug  ][gc,phases,ref  ] GC(98)     Discovered: 0
[26.724s][debug  ][gc,phases,ref  ] GC(98)     Cleared: 0
[26.724s][debug  ][gc,phases,ref  ] GC(98)   PhantomReference:
[26.724s][debug  ][gc,phases,ref  ] GC(98)     Discovered: 0
[26.724s][debug  ][gc,phases,ref  ] GC(98)     Cleared: 0
[26.724s][debug  ][gc,phases      ] GC(98) Reference Processing 0.716ms
[26.724s][debug  ][gc,phases,start] GC(98) Weak Processing
[26.724s][debug  ][gc,phases      ] GC(98)   VM Weak                        Min:  0.0, Avg:  0.0, Max:  0.0, Diff:  0.0, Sum:  0.0, Workers: 6
[26.724s][debug  ][gc,phases      ] GC(98)     Dead                           Min: 0, Avg:  0.0, Max: 0, Diff: 0, Sum: 0, Workers: 6
[26.724s][debug  ][gc,phases      ] GC(98)     Total                          Min: 0, Avg:  1.3, Max: 8, Diff: 8, Sum: 8, Workers: 6
[26.725s][debug  ][gc,phases      ] GC(98)   ObjectSynchronizer Weak        Min:  0.0, Avg:  0.0, Max:  0.0, Diff:  0.0, Sum:  0.0, Workers: 6
[26.725s][debug  ][gc,phases      ] GC(98)     Dead                           Min: 0, Avg:  0.0, Max: 0, Diff: 0, Sum: 0, Workers: 6
[26.725s][debug  ][gc,phases      ] GC(98)     Total                          Min: 0, Avg:  0.5, Max: 3, Diff: 3, Sum: 3, Workers: 6
[26.725s][debug  ][gc,phases      ] GC(98)   JVMTI Tag Weak OopStorage      Min:  0.0, Avg:  0.0, Max:  0.0, Diff:  0.0, Sum:  0.0, Workers: 6
[26.725s][debug  ][gc,phases      ] GC(98)     Dead                           Min: 0, Avg:  0.0, Max: 0, Diff: 0, Sum: 0, Workers: 6
[26.725s][debug  ][gc,phases      ] GC(98)     Total                          Min: 0, Avg:  0.0, Max: 0, Diff: 0, Sum: 0, Workers: 6
[26.725s][debug  ][gc,phases      ] GC(98)   StringTable Weak               Min:  0.0, Avg:  0.0, Max:  0.0, Diff:  0.0, Sum:  0.0, Workers: 6
[26.725s][debug  ][gc,phases      ] GC(98)     Dead                           Min: 0, Avg:  0.0, Max: 0, Diff: 0, Sum: 0, Workers: 6
[26.725s][debug  ][gc,phases      ] GC(98)     Total                          Min: 684, Avg: 892.5, Max: 1152, Diff: 468, Sum: 5355, Workers: 6
[26.725s][debug  ][gc,phases      ] GC(98)   ResolvedMethodTable Weak       Min:  0.0, Avg:  0.0, Max:  0.0, Diff:  0.0, Sum:  0.0, Workers: 6
[26.725s][debug  ][gc,phases      ] GC(98)     Dead                           Min: 0, Avg:  0.0, Max: 0, Diff: 0, Sum: 0, Workers: 6
[26.725s][debug  ][gc,phases      ] GC(98)     Total                          Min: 0, Avg: 21.5, Max: 64, Diff: 64, Sum: 129, Workers: 6
[26.725s][debug  ][gc,phases      ] GC(98)   JNI Weak                       Min:  0.0, Avg:  0.0, Max:  0.0, Diff:  0.0, Sum:  0.0, Workers: 6
[26.725s][debug  ][gc,phases      ] GC(98)     Dead                           Min: 0, Avg:  0.0, Max: 0, Diff: 0, Sum: 0, Workers: 6
[26.725s][debug  ][gc,phases      ] GC(98)     Total                          Min: 0, Avg:  0.0, Max: 0, Diff: 0, Sum: 0, Workers: 6
[26.725s][debug  ][gc,phases      ] GC(98)   StringDedup Table Weak         Min:  0.0, Avg:  0.0, Max:  0.0, Diff:  0.0, Sum:  0.0, Workers: 6
[26.725s][debug  ][gc,phases      ] GC(98)     Dead                           Min: 0, Avg:  0.0, Max: 0, Diff: 0, Sum: 0, Workers: 6
[26.725s][debug  ][gc,phases      ] GC(98)     Total                          Min: 0, Avg:  0.0, Max: 0, Diff: 0, Sum: 0, Workers: 6
[26.725s][debug  ][gc,phases      ] GC(98)   StringDedup Requests0 Weak     Min:  0.0, Avg:  0.0, Max:  0.0, Diff:  0.0, Sum:  0.0, Workers: 6
[26.725s][debug  ][gc,phases      ] GC(98)     Dead                           Min: 0, Avg:  0.0, Max: 0, Diff: 0, Sum: 0, Workers: 6
[26.725s][debug  ][gc,phases      ] GC(98)     Total                          Min: 0, Avg:  0.0, Max: 0, Diff: 0, Sum: 0, Workers: 6
[26.725s][debug  ][gc,phases      ] GC(98)   StringDedup Requests1 Weak     Min:  0.0, Avg:  0.0, Max:  0.0, Diff:  0.0, Sum:  0.0, Workers: 6
[26.725s][debug  ][gc,phases      ] GC(98)     Dead                           Min: 0, Avg:  0.0, Max: 0, Diff: 0, Sum: 0, Workers: 6
[26.725s][debug  ][gc,phases      ] GC(98)     Total                          Min: 0, Avg:  0.0, Max: 0, Diff: 0, Sum: 0, Workers: 6
[26.725s][debug  ][gc,phases      ] GC(98)   Weak JFR Old Object Samples    Min:  0.0, Avg:  0.0, Max:  0.0, Diff:  0.0, Sum:  0.0, Workers: 6
[26.725s][debug  ][gc,phases      ] GC(98)     Dead                           Min: 0, Avg:  0.0, Max: 0, Diff: 0, Sum: 0, Workers: 6
[26.725s][debug  ][gc,phases      ] GC(98)     Total                          Min: 0, Avg:  0.0, Max: 0, Diff: 0, Sum: 0, Workers: 6
[26.725s][debug  ][gc,phases      ] GC(98) Weak Processing 0.823ms
[26.725s][debug  ][gc,ergo        ] GC(98) AdaptiveSizeStart:  collection: 99 
[26.725s][debug  ][gc,ergo        ] GC(98) avg_survived_padded_avg: 32500176.000000
[26.725s][debug  ][gc,ergo        ] GC(98) avg_promoted_padded_avg: 257490256.000000  avg_pretenured_padded_avg: 0.000000  tenuring_thresh: 7  target_size: 32505856
[26.725s][debug  ][gc,age         ] GC(98) Desired survivor size 32505856 bytes, new threshold 7 (max threshold 15)
[26.725s][debug  ][gc,ergo        ] GC(98) PSAdaptiveSizePolicy::compute_eden_space_size limits: desired_eden_size: 221363132 old_eden_size: 202375168 eden_limit: 202375168 cur_eden: 202375168 max_eden_size: 202375168 avg_young_live: 26349258
[26.725s][debug  ][gc,ergo        ] GC(98) PSAdaptiveSizePolicy::compute_eden_space_size: costs minor_time: 0.043510 major_cost: 0.050197 mutator_cost: 0.906293 throughput_goal: 0.990000
[26.725s][debug  ][gc,ergo        ] GC(98) Live_space: 1007736768 free_space: 1402470400
[26.725s][debug  ][gc,ergo        ] GC(98) Old eden_size: 202375168 desired_eden_size: 202375168
[26.725s][debug  ][gc,ergo        ] GC(98) AdaptiveSizeStop: collection: 99 
[26.725s][info   ][gc,heap        ] GC(98) PSYoungGen: 218830K(229888K)->30720K(229888K) Eden: 188110K(197632K)->0K(197632K) From: 30720K(32256K)->30720K(32256K)
[26.725s][info   ][gc,heap        ] GC(98) ParOldGen: 943716K(1835008K)->1046116K(1835008K)
[26.725s][info   ][gc,metaspace   ] GC(98) Metaspace: 1023K(1216K)->1023K(1216K) NonClass: 939K(1024K)->939K(1024K) Class: 83K(192K)->83K(192K)
[26.726s][info   ][gc             ] GC(98) Pause Young (Allocation Failure) 1135M->1051M(2016M) 11.189ms
[26.726s][info   ][gc,cpu         ] GC(98) User=0.00s Sys=0.00s Real=0.01s
[26.726s][debug  ][gc,heap        ] GC(98) Heap after GC invocations=99 (full 16):
[26.726s][debug  ][gc,heap        ] GC(98)  PSYoungGen      total 229888K, used 30720K [0x00000000f0000000, 0x0000000100000000, 0x0000000100000000)
[26.726s][debug  ][gc,heap        ] GC(98)   eden space 197632K, 0% used [0x00000000f0000000,0x00000000f0000000,0x00000000fc100000)
[26.726s][debug  ][gc,heap        ] GC(98)   from space 32256K, 95% used [0x00000000fc100000,0x00000000fdf00030,0x00000000fe080000)
[26.726s][debug  ][gc,heap        ] GC(98)   to   space 31744K, 0% used [0x00000000fe100000,0x00000000fe100000,0x0000000100000000)
[26.726s][debug  ][gc,heap        ] GC(98)  ParOldGen       total 1835008K, used 1046116K [0x0000000080000000, 0x00000000f0000000, 0x00000000f0000000)
[26.726s][debug  ][gc,heap        ] GC(98)   object space 1835008K, 57% used [0x0000000080000000,0x00000000bfd99268,0x00000000f0000000)
[26.726s][debug  ][gc,heap        ] GC(98)  Metaspace       used 1023K, committed 1216K, reserved 1056768K
[26.726s][debug  ][gc,heap        ] GC(98)   class space    used 83K, committed 192K, reserved 1048576K
[26.726s][debug  ][gc,task,time   ] GC(98) VM-Thread 267139126 267236097 267258525
[27.014s][debug  ][gc,heap        ] GC(99) Heap before GC invocations=100 (full 16):
[27.014s][debug  ][gc,heap        ] GC(99)  PSYoungGen      total 229888K, used 218859K [0x00000000f0000000, 0x0000000100000000, 0x0000000100000000)
[27.014s][debug  ][gc,heap        ] GC(99)   eden space 197632K, 95% used [0x00000000f0000000,0x00000000fb7bade8,0x00000000fc100000)
[27.014s][debug  ][gc,heap        ] GC(99)   from space 32256K, 95% used [0x00000000fc100000,0x00000000fdf00030,0x00000000fe080000)
[27.014s][debug  ][gc,heap        ] GC(99)   to   space 31744K, 0% used [0x00000000fe100000,0x00000000fe100000,0x0000000100000000)
[27.014s][debug  ][gc,heap        ] GC(99)  ParOldGen       total 1835008K, used 1046116K [0x0000000080000000, 0x00000000f0000000, 0x00000000f0000000)
[27.014s][debug  ][gc,heap        ] GC(99)   object space 1835008K, 57% used [0x0000000080000000,0x00000000bfd99268,0x00000000f0000000)
[27.014s][debug  ][gc,heap        ] GC(99)  Metaspace       used 1023K, committed 1216K, reserved 1056768K
[27.014s][debug  ][gc,heap        ] GC(99)   class space    used 83K, committed 192K, reserved 1048576K
[27.014s][debug  ][gc,tlab        ] GC(99) TLAB totals: thrds: 1  refills: 1 max: 1 slow allocs: 17 max 17 waste: 27.2% gc: 3910856B max: 3910856B slow: 0B max: 0B
[27.014s][info   ][gc,start       ] GC(99) Pause Young (Allocation Failure)
[27.014s][debug  ][gc,phases,start] GC(99) Scavenge
[27.029s][debug  ][gc,phases      ] GC(99) Scavenge 14.387ms
[27.029s][debug  ][gc,phases,start] GC(99) Reference Processing
[27.029s][debug  ][gc,ref         ] GC(99) Skipped phase 1 of Reference Processing: no references
[27.029s][debug  ][gc,ref         ] GC(99) Skipped phase 2 of Reference Processing: no references
[27.029s][debug  ][gc,ref         ] GC(99) Skipped phase 3 of Reference Processing: no references
[27.029s][debug  ][gc,ref         ] GC(99) Skipped phase 4 of Reference Processing: no references
[27.029s][debug  ][gc,phases,ref  ] GC(99) Reference Processing: 0.1ms
[27.029s][debug  ][gc,phases,ref  ] GC(99)   Reconsider SoftReferences: 0.0ms
[27.029s][debug  ][gc,phases,ref  ] GC(99)     SoftRef (ms):                  skipped
[27.029s][debug  ][gc,phases,ref  ] GC(99)   Notify Soft/WeakReferences: 0.0ms
[27.029s][debug  ][gc,phases,ref  ] GC(99)     SoftRef (ms):                  skipped
[27.029s][debug  ][gc,phases,ref  ] GC(99)     WeakRef (ms):                  skipped
[27.029s][debug  ][gc,phases,ref  ] GC(99)     FinalRef (ms):                 skipped
[27.029s][debug  ][gc,phases,ref  ] GC(99)     Total (ms):                    skipped
[27.029s][debug  ][gc,phases,ref  ] GC(99)   Notify and keep alive finalizable: 0.0ms
[27.029s][debug  ][gc,phases,ref  ] GC(99)     FinalRef (ms):                 skipped
[27.029s][debug  ][gc,phases,ref  ] GC(99)   Notify PhantomReferences: 0.0ms
[27.029s][debug  ][gc,phases,ref  ] GC(99)     PhantomRef (ms):               skipped
[27.029s][debug  ][gc,phases,ref  ] GC(99)   SoftReference:
[27.029s][debug  ][gc,phases,ref  ] GC(99)     Discovered: 0
[27.029s][debug  ][gc,phases,ref  ] GC(99)     Cleared: 0
[27.029s][debug  ][gc,phases,ref  ] GC(99)   WeakReference:
[27.029s][debug  ][gc,phases,ref  ] GC(99)     Discovered: 0
[27.030s][debug  ][gc,phases,ref  ] GC(99)     Cleared: 0
[27.030s][debug  ][gc,phases,ref  ] GC(99)   FinalReference:
[27.030s][debug  ][gc,phases,ref  ] GC(99)     Discovered: 0
[27.030s][debug  ][gc,phases,ref  ] GC(99)     Cleared: 0
[27.030s][debug  ][gc,phases,ref  ] GC(99)   PhantomReference:
[27.030s][debug  ][gc,phases,ref  ] GC(99)     Discovered: 0
[27.030s][debug  ][gc,phases,ref  ] GC(99)     Cleared: 0
[27.030s][debug  ][gc,phases      ] GC(99) Reference Processing 0.802ms
[27.030s][debug  ][gc,phases,start] GC(99) Weak Processing
[27.030s][debug  ][gc,phases      ] GC(99)   VM Weak                        Min:  0.0, Avg:  0.0, Max:  0.0, Diff:  0.0, Sum:  0.0, Workers: 6
[27.030s][debug  ][gc,phases      ] GC(99)     Dead                           Min: 0, Avg:  0.0, Max: 0, Diff: 0, Sum: 0, Workers: 6
[27.030s][debug  ][gc,phases      ] GC(99)     Total                          Min: 0, Avg:  1.3, Max: 8, Diff: 8, Sum: 8, Workers: 6
[27.030s][debug  ][gc,phases      ] GC(99)   ObjectSynchronizer Weak        Min:  0.0, Avg:  0.0, Max:  0.0, Diff:  0.0, Sum:  0.0, Workers: 6
[27.030s][debug  ][gc,phases      ] GC(99)     Dead                           Min: 0, Avg:  0.0, Max: 0, Diff: 0, Sum: 0, Workers: 6
[27.030s][debug  ][gc,phases      ] GC(99)     Total                          Min: 0, Avg:  0.5, Max: 3, Diff: 3, Sum: 3, Workers: 6
[27.030s][debug  ][gc,phases      ] GC(99)   JVMTI Tag Weak OopStorage      Min:  0.0, Avg:  0.0, Max:  0.0, Diff:  0.0, Sum:  0.0, Workers: 6
[27.030s][debug  ][gc,phases      ] GC(99)     Dead                           Min: 0, Avg:  0.0, Max: 0, Diff: 0, Sum: 0, Workers: 6
[27.030s][debug  ][gc,phases      ] GC(99)     Total                          Min: 0, Avg:  0.0, Max: 0, Diff: 0, Sum: 0, Workers: 6
[27.030s][debug  ][gc,phases      ] GC(99)   StringTable Weak               Min:  0.0, Avg:  0.0, Max:  0.0, Diff:  0.0, Sum:  0.0, Workers: 6
[27.030s][debug  ][gc,phases      ] GC(99)     Dead                           Min: 0, Avg:  0.0, Max: 0, Diff: 0, Sum: 0, Workers: 6
[27.030s][debug  ][gc,phases      ] GC(99)     Total                          Min: 703, Avg: 892.5, Max: 1024, Diff: 321, Sum: 5355, Workers: 6
[27.030s][debug  ][gc,phases      ] GC(99)   ResolvedMethodTable Weak       Min:  0.0, Avg:  0.0, Max:  0.0, Diff:  0.0, Sum:  0.0, Workers: 6
[27.030s][debug  ][gc,phases      ] GC(99)     Dead                           Min: 0, Avg:  0.0, Max: 0, Diff: 0, Sum: 0, Workers: 6
[27.030s][debug  ][gc,phases      ] GC(99)     Total                          Min: 0, Avg: 21.5, Max: 64, Diff: 64, Sum: 129, Workers: 6
[27.030s][debug  ][gc,phases      ] GC(99)   JNI Weak                       Min:  0.0, Avg:  0.0, Max:  0.0, Diff:  0.0, Sum:  0.0, Workers: 6
[27.030s][debug  ][gc,phases      ] GC(99)     Dead                           Min: 0, Avg:  0.0, Max: 0, Diff: 0, Sum: 0, Workers: 6
[27.030s][debug  ][gc,phases      ] GC(99)     Total                          Min: 0, Avg:  0.0, Max: 0, Diff: 0, Sum: 0, Workers: 6
[27.030s][debug  ][gc,phases      ] GC(99)   StringDedup Table Weak         Min:  0.0, Avg:  0.0, Max:  0.0, Diff:  0.0, Sum:  0.0, Workers: 6
[27.030s][debug  ][gc,phases      ] GC(99)     Dead                           Min: 0, Avg:  0.0, Max: 0, Diff: 0, Sum: 0, Workers: 6
[27.030s][debug  ][gc,phases      ] GC(99)     Total                          Min: 0, Avg:  0.0, Max: 0, Diff: 0, Sum: 0, Workers: 6
[27.030s][debug  ][gc,phases      ] GC(99)   StringDedup Requests0 Weak     Min:  0.0, Avg:  0.0, Max:  0.0, Diff:  0.0, Sum:  0.0, Workers: 6
[27.030s][debug  ][gc,phases      ] GC(99)     Dead                           Min: 0, Avg:  0.0, Max: 0, Diff: 0, Sum: 0, Workers: 6
[27.030s][debug  ][gc,phases      ] GC(99)     Total                          Min: 0, Avg:  0.0, Max: 0, Diff: 0, Sum: 0, Workers: 6
[27.030s][debug  ][gc,phases      ] GC(99)   StringDedup Requests1 Weak     Min:  0.0, Avg:  0.0, Max:  0.0, Diff:  0.0, Sum:  0.0, Workers: 6
[27.030s][debug  ][gc,phases      ] GC(99)     Dead                           Min: 0, Avg:  0.0, Max: 0, Diff: 0, Sum: 0, Workers: 6
[27.030s][debug  ][gc,phases      ] GC(99)     Total                          Min: 0, Avg:  0.0, Max: 0, Diff: 0, Sum: 0, Workers: 6
[27.030s][debug  ][gc,phases      ] GC(99)   Weak JFR Old Object Samples    Min:  0.0, Avg:  0.0, Max:  0.0, Diff:  0.0, Sum:  0.0, Workers: 6
[27.031s][debug  ][gc,phases      ] GC(99)     Dead                           Min: 0, Avg:  0.0, Max: 0, Diff: 0, Sum: 0, Workers: 6
[27.031s][debug  ][gc,phases      ] GC(99)     Total                          Min: 0, Avg:  0.0, Max: 0, Diff: 0, Sum: 0, Workers: 6
[27.031s][debug  ][gc,phases      ] GC(99) Weak Processing 0.901ms
[27.031s][debug  ][gc,ergo        ] GC(99) AdaptiveSizeStart:  collection: 100 
[27.031s][debug  ][gc,ergo        ] GC(99) avg_survived_padded_avg: 32419398.000000
[27.031s][debug  ][gc,ergo        ] GC(99) avg_promoted_padded_avg: 258662928.000000  avg_pretenured_padded_avg: 0.000000  tenuring_thresh: 7  target_size: 32505856
[27.031s][debug  ][gc,age         ] GC(99) Desired survivor size 32505856 bytes, new threshold 7 (max threshold 15)
[27.031s][debug  ][gc,ergo        ] GC(99) PSAdaptiveSizePolicy::compute_eden_space_size limits: desired_eden_size: 221911862 old_eden_size: 202375168 eden_limit: 202899456 cur_eden: 202375168 max_eden_size: 202899456 avg_young_live: 26860064
[27.031s][debug  ][gc,ergo        ] GC(99) PSAdaptiveSizePolicy::compute_eden_space_size: costs minor_time: 0.045917 major_cost: 0.050197 mutator_cost: 0.903885 throughput_goal: 0.990000
[27.031s][debug  ][gc,ergo        ] GC(99) Live_space: 1008247552 free_space: 1402470400
[27.031s][debug  ][gc,ergo        ] GC(99) Old eden_size: 202375168 desired_eden_size: 202899456
[27.031s][debug  ][gc,ergo        ] GC(99) AdaptiveSizeStop: collection: 100 
[27.031s][info   ][gc,heap        ] GC(99) PSYoungGen: 218859K(229888K)->30720K(230400K) Eden: 188139K(197632K)->0K(198656K) From: 30720K(32256K)->30720K(31744K)
[27.031s][info   ][gc,heap        ] GC(99) ParOldGen: 1046116K(1835008K)->1230436K(1835008K)
[27.031s][info   ][gc,metaspace   ] GC(99) Metaspace: 1023K(1216K)->1023K(1216K) NonClass: 939K(1024K)->939K(1024K) Class: 83K(192K)->83K(192K)
[27.031s][info   ][gc             ] GC(99) Pause Young (Allocation Failure) 1235M->1231M(2017M) 16.586ms
[27.031s][info   ][gc,cpu         ] GC(99) User=0.12s Sys=0.00s Real=0.02s
[27.031s][debug  ][gc,heap        ] GC(99) Heap after GC invocations=100 (full 16):
[27.031s][debug  ][gc,heap        ] GC(99)  PSYoungGen      total 230400K, used 30720K [0x00000000f0000000, 0x0000000100000000, 0x0000000100000000)
[27.031s][debug  ][gc,heap        ] GC(99)   eden space 198656K, 0% used [0x00000000f0000000,0x00000000f0000000,0x00000000fc200000)
[27.031s][debug  ][gc,heap        ] GC(99)   from space 31744K, 96% used [0x00000000fe100000,0x00000000fff00030,0x0000000100000000)
[27.031s][debug  ][gc,heap        ] GC(99)   to   space 31744K, 0% used [0x00000000fc200000,0x00000000fc200000,0x00000000fe100000)
[27.031s][debug  ][gc,heap        ] GC(99)  ParOldGen       total 1835008K, used 1230436K [0x0000000080000000, 0x00000000f0000000, 0x00000000f0000000)
[27.031s][debug  ][gc,heap        ] GC(99)   object space 1835008K, 67% used [0x0000000080000000,0x00000000cb199388,0x00000000f0000000)
[27.031s][debug  ][gc,heap        ] GC(99)  Metaspace       used 1023K, committed 1216K, reserved 1056768K
[27.031s][debug  ][gc,heap        ] GC(99)   class space    used 83K, committed 192K, reserved 1048576K
[27.031s][debug  ][gc,task,time   ] GC(99) VM-Thread 270139261 270288914 270312341
[27.329s][debug  ][gc,heap        ] GC(100) Heap before GC invocations=101 (full 16):
[27.329s][debug  ][gc,heap        ] GC(100)  PSYoungGen      total 230400K, used 229138K [0x00000000f0000000, 0x0000000100000000, 0x0000000100000000)
[27.329s][debug  ][gc,heap        ] GC(100)   eden space 198656K, 99% used [0x00000000f0000000,0x00000000fc1c4808,0x00000000fc200000)
[27.329s][debug  ][gc,heap        ] GC(100)   from space 31744K, 96% used [0x00000000fe100000,0x00000000fff00030,0x0000000100000000)
[27.329s][debug  ][gc,heap        ] GC(100)   to   space 31744K, 0% used [0x00000000fc200000,0x00000000fc200000,0x00000000fe100000)
[27.329s][debug  ][gc,heap        ] GC(100)  ParOldGen       total 1835008K, used 1230436K [0x0000000080000000, 0x00000000f0000000, 0x00000000f0000000)
[27.329s][debug  ][gc,heap        ] GC(100)   object space 1835008K, 67% used [0x0000000080000000,0x00000000cb199388,0x00000000f0000000)
[27.329s][debug  ][gc,heap        ] GC(100)  Metaspace       used 1023K, committed 1216K, reserved 1056768K
[27.329s][debug  ][gc,heap        ] GC(100)   class space    used 83K, committed 192K, reserved 1048576K
[27.329s][debug  ][gc,tlab        ] GC(100) TLAB totals: thrds: 1  refills: 1 max: 1 slow allocs: 18 max 18 waste: 27.4% gc: 3950296B max: 3950296B slow: 0B max: 0B
[27.329s][info   ][gc,start       ] GC(100) Pause Young (Allocation Failure)
[27.330s][debug  ][gc,phases,start] GC(100) Scavenge
[27.345s][debug  ][gc,phases      ] GC(100) Scavenge 15.362ms
[27.345s][debug  ][gc,phases,start] GC(100) Reference Processing
[27.345s][debug  ][gc,ref         ] GC(100) Skipped phase 1 of Reference Processing: no references
[27.345s][debug  ][gc,ref         ] GC(100) Skipped phase 2 of Reference Processing: no references
[27.345s][debug  ][gc,ref         ] GC(100) Skipped phase 3 of Reference Processing: no references
[27.345s][debug  ][gc,ref         ] GC(100) Skipped phase 4 of Reference Processing: no references
[27.345s][debug  ][gc,phases,ref  ] GC(100) Reference Processing: 0.1ms
[27.345s][debug  ][gc,phases,ref  ] GC(100)   Reconsider SoftReferences: 0.0ms
[27.345s][debug  ][gc,phases,ref  ] GC(100)     SoftRef (ms):                  skipped
[27.345s][debug  ][gc,phases,ref  ] GC(100)   Notify Soft/WeakReferences: 0.0ms
[27.345s][debug  ][gc,phases,ref  ] GC(100)     SoftRef (ms):                  skipped
[27.345s][debug  ][gc,phases,ref  ] GC(100)     WeakRef (ms):                  skipped
[27.345s][debug  ][gc,phases,ref  ] GC(100)     FinalRef (ms):                 skipped
[27.345s][debug  ][gc,phases,ref  ] GC(100)     Total (ms):                    skipped
[27.345s][debug  ][gc,phases,ref  ] GC(100)   Notify and keep alive finalizable: 0.0ms
[27.345s][debug  ][gc,phases,ref  ] GC(100)     FinalRef (ms):                 skipped
[27.345s][debug  ][gc,phases,ref  ] GC(100)   Notify PhantomReferences: 0.0ms
[27.345s][debug  ][gc,phases,ref  ] GC(100)     PhantomRef (ms):               skipped
[27.345s][debug  ][gc,phases,ref  ] GC(100)   SoftReference:
[27.345s][debug  ][gc,phases,ref  ] GC(100)     Discovered: 0
[27.345s][debug  ][gc,phases,ref  ] GC(100)     Cleared: 0
[27.345s][debug  ][gc,phases,ref  ] GC(100)   WeakReference:
[27.345s][debug  ][gc,phases,ref  ] GC(100)     Discovered: 0
[27.345s][debug  ][gc,phases,ref  ] GC(100)     Cleared: 0
[27.346s][debug  ][gc,phases,ref  ] GC(100)   FinalReference:
[27.346s][debug  ][gc,phases,ref  ] GC(100)     Discovered: 0
[27.346s][debug  ][gc,phases,ref  ] GC(100)     Cleared: 0
[27.346s][debug  ][gc,phases,ref  ] GC(100)   PhantomReference:
[27.346s][debug  ][gc,phases,ref  ] GC(100)     Discovered: 0
[27.346s][debug  ][gc,phases,ref  ] GC(100)     Cleared: 0
[27.346s][debug  ][gc,phases      ] GC(100) Reference Processing 0.684ms
[27.346s][debug  ][gc,phases,start] GC(100) Weak Processing
[27.346s][debug  ][gc,phases      ] GC(100)   VM Weak                        Min:  0.0, Avg:  0.0, Max:  0.0, Diff:  0.0, Sum:  0.0, Workers: 6
[27.346s][debug  ][gc,phases      ] GC(100)     Dead                           Min: 0, Avg:  0.0, Max: 0, Diff: 0, Sum: 0, Workers: 6
[27.346s][debug  ][gc,phases      ] GC(100)     Total                          Min: 0, Avg:  1.3, Max: 8, Diff: 8, Sum: 8, Workers: 6
[27.346s][debug  ][gc,phases      ] GC(100)   ObjectSynchronizer Weak        Min:  0.0, Avg:  0.0, Max:  0.0, Diff:  0.0, Sum:  0.0, Workers: 6
[27.346s][debug  ][gc,phases      ] GC(100)     Dead                           Min: 0, Avg:  0.0, Max: 0, Diff: 0, Sum: 0, Workers: 6
[27.346s][debug  ][gc,phases      ] GC(100)     Total                          Min: 0, Avg:  0.5, Max: 3, Diff: 3, Sum: 3, Workers: 6
[27.346s][debug  ][gc,phases      ] GC(100)   JVMTI Tag Weak OopStorage      Min:  0.0, Avg:  0.0, Max:  0.0, Diff:  0.0, Sum:  0.0, Workers: 6
[27.346s][debug  ][gc,phases      ] GC(100)     Dead                           Min: 0, Avg:  0.0, Max: 0, Diff: 0, Sum: 0, Workers: 6
[27.346s][debug  ][gc,phases      ] GC(100)     Total                          Min: 0, Avg:  0.0, Max: 0, Diff: 0, Sum: 0, Workers: 6
[27.346s][debug  ][gc,phases      ] GC(100)   StringTable Weak               Min:  0.0, Avg:  0.0, Max:  0.0, Diff:  0.0, Sum:  0.0, Workers: 6
[27.346s][debug  ][gc,phases      ] GC(100)     Dead                           Min: 0, Avg:  0.0, Max: 0, Diff: 0, Sum: 0, Workers: 6
[27.346s][debug  ][gc,phases      ] GC(100)     Total                          Min: 768, Avg: 892.5, Max: 1132, Diff: 364, Sum: 5355, Workers: 6
[27.346s][debug  ][gc,phases      ] GC(100)   ResolvedMethodTable Weak       Min:  0.0, Avg:  0.0, Max:  0.0, Diff:  0.0, Sum:  0.0, Workers: 6
[27.346s][debug  ][gc,phases      ] GC(100)     Dead                           Min: 0, Avg:  0.0, Max: 0, Diff: 0, Sum: 0, Workers: 6
[27.346s][debug  ][gc,phases      ] GC(100)     Total                          Min: 0, Avg: 21.5, Max: 64, Diff: 64, Sum: 129, Workers: 6
[27.346s][debug  ][gc,phases      ] GC(100)   JNI Weak                       Min:  0.0, Avg:  0.0, Max:  0.0, Diff:  0.0, Sum:  0.0, Workers: 6
[27.346s][debug  ][gc,phases      ] GC(100)     Dead                           Min: 0, Avg:  0.0, Max: 0, Diff: 0, Sum: 0, Workers: 6
[27.346s][debug  ][gc,phases      ] GC(100)     Total                          Min: 0, Avg:  0.0, Max: 0, Diff: 0, Sum: 0, Workers: 6
[27.346s][debug  ][gc,phases      ] GC(100)   StringDedup Table Weak         Min:  0.0, Avg:  0.0, Max:  0.0, Diff:  0.0, Sum:  0.0, Workers: 6
[27.346s][debug  ][gc,phases      ] GC(100)     Dead                           Min: 0, Avg:  0.0, Max: 0, Diff: 0, Sum: 0, Workers: 6
[27.346s][debug  ][gc,phases      ] GC(100)     Total                          Min: 0, Avg:  0.0, Max: 0, Diff: 0, Sum: 0, Workers: 6
[27.346s][debug  ][gc,phases      ] GC(100)   StringDedup Requests0 Weak     Min:  0.0, Avg:  0.0, Max:  0.0, Diff:  0.0, Sum:  0.0, Workers: 6
[27.346s][debug  ][gc,phases      ] GC(100)     Dead                           Min: 0, Avg:  0.0, Max: 0, Diff: 0, Sum: 0, Workers: 6
[27.346s][debug  ][gc,phases      ] GC(100)     Total                          Min: 0, Avg:  0.0, Max: 0, Diff: 0, Sum: 0, Workers: 6
[27.346s][debug  ][gc,phases      ] GC(100)   StringDedup Requests1 Weak     Min:  0.0, Avg:  0.0, Max:  0.0, Diff:  0.0, Sum:  0.0, Workers: 6
[27.346s][debug  ][gc,phases      ] GC(100)     Dead                           Min: 0, Avg:  0.0, Max: 0, Diff: 0, Sum: 0, Workers: 6
[27.346s][debug  ][gc,phases      ] GC(100)     Total                          Min: 0, Avg:  0.0, Max: 0, Diff: 0, Sum: 0, Workers: 6
[27.346s][debug  ][gc,phases      ] GC(100)   Weak JFR Old Object Samples    Min:  0.0, Avg:  0.0, Max:  0.0, Diff:  0.0, Sum:  0.0, Workers: 6
[27.346s][debug  ][gc,phases      ] GC(100)     Dead                           Min: 0, Avg:  0.0, Max: 0, Diff: 0, Sum: 0, Workers: 6
[27.346s][debug  ][gc,phases      ] GC(100)     Total                          Min: 0, Avg:  0.0, Max: 0, Diff: 0, Sum: 0, Workers: 6
[27.346s][debug  ][gc,phases      ] GC(100) Weak Processing 0.695ms
[27.346s][debug  ][gc,ergo        ] GC(100) AdaptiveSizeStart:  collection: 101 
[27.346s][debug  ][gc,ergo        ] GC(100) avg_survived_padded_avg: 32344346.000000
[27.346s][debug  ][gc,ergo        ] GC(100) avg_promoted_padded_avg: 262793328.000000  avg_pretenured_padded_avg: 0.000000  tenuring_thresh: 7  target_size: 32505856
[27.346s][debug  ][gc,age         ] GC(100) Desired survivor size 32505856 bytes, new threshold 7 (max threshold 15)
[27.346s][debug  ][gc,ergo        ] GC(100) PSAdaptiveSizePolicy::compute_eden_space_size limits: desired_eden_size: 223368982 old_eden_size: 202899456 eden_limit: 203423744 cur_eden: 203423744 max_eden_size: 203423744 avg_young_live: 27319788
[27.346s][debug  ][gc,ergo        ] GC(100) PSAdaptiveSizePolicy::compute_eden_space_size: costs minor_time: 0.047792 major_cost: 0.050197 mutator_cost: 0.902011 throughput_goal: 0.990000
[27.346s][debug  ][gc,ergo        ] GC(100) Live_space: 1008707328 free_space: 1402994688
[27.347s][debug  ][gc,ergo        ] GC(100) Old eden_size: 202899456 desired_eden_size: 203423744
[27.347s][debug  ][gc,ergo        ] GC(100) AdaptiveSizeStop: collection: 101 
[27.347s][info   ][gc,heap        ] GC(100) PSYoungGen: 229138K(230400K)->30720K(230400K) Eden: 198418K(198656K)->0K(198656K) From: 30720K(31744K)->30720K(31744K)
[27.347s][info   ][gc,heap        ] GC(100) ParOldGen: 1230436K(1835008K)->1424997K(1835008K)
[27.347s][info   ][gc,metaspace   ] GC(100) Metaspace: 1023K(1216K)->1023K(1216K) NonClass: 939K(1024K)->939K(1024K) Class: 83K(192K)->83K(192K)
[27.347s][info   ][gc             ] GC(100) Pause Young (Allocation Failure) 1425M->1421M(2017M) 17.202ms
[27.347s][info   ][gc,cpu         ] GC(100) User=0.12s Sys=0.00s Real=0.02s
[27.347s][debug  ][gc,heap        ] GC(100) Heap after GC invocations=101 (full 16):
[27.347s][debug  ][gc,heap        ] GC(100)  PSYoungGen      total 230400K, used 30720K [0x00000000f0000000, 0x0000000100000000, 0x0000000100000000)
[27.347s][debug  ][gc,heap        ] GC(100)   eden space 198656K, 0% used [0x00000000f0000000,0x00000000f0000000,0x00000000fc200000)
[27.347s][debug  ][gc,heap        ] GC(100)   from space 31744K, 96% used [0x00000000fc200000,0x00000000fe000030,0x00000000fe100000)
[27.347s][debug  ][gc,heap        ] GC(100)   to   space 31744K, 0% used [0x00000000fe100000,0x00000000fe100000,0x0000000100000000)
[27.347s][debug  ][gc,heap        ] GC(100)  ParOldGen       total 1835008K, used 1424997K [0x0000000080000000, 0x00000000f0000000, 0x00000000f0000000)
[27.347s][debug  ][gc,heap        ] GC(100)   object space 1835008K, 77% used [0x0000000080000000,0x00000000d6f994b8,0x00000000f0000000)
[27.347s][debug  ][gc,heap        ] GC(100)  Metaspace       used 1023K, committed 1216K, reserved 1056768K
[27.347s][debug  ][gc,heap        ] GC(100)   class space    used 83K, committed 192K, reserved 1048576K
[27.347s][debug  ][gc,task,time   ] GC(100) VM-Thread 273290510 273449466 273469434
[27.647s][debug  ][gc,heap        ] GC(101) Heap before GC invocations=102 (full 16):
[27.647s][debug  ][gc,heap        ] GC(101)  PSYoungGen      total 230400K, used 229151K [0x00000000f0000000, 0x0000000100000000, 0x0000000100000000)
[27.647s][debug  ][gc,heap        ] GC(101)   eden space 198656K, 99% used [0x00000000f0000000,0x00000000fc1c7d70,0x00000000fc200000)
[27.647s][debug  ][gc,heap        ] GC(101)   from space 31744K, 96% used [0x00000000fc200000,0x00000000fe000030,0x00000000fe100000)
[27.647s][debug  ][gc,heap        ] GC(101)   to   space 31744K, 0% used [0x00000000fe100000,0x00000000fe100000,0x0000000100000000)
[27.647s][debug  ][gc,heap        ] GC(101)  ParOldGen       total 1835008K, used 1424997K [0x0000000080000000, 0x00000000f0000000, 0x00000000f0000000)
[27.647s][debug  ][gc,heap        ] GC(101)   object space 1835008K, 77% used [0x0000000080000000,0x00000000d6f994b8,0x00000000f0000000)
[27.647s][debug  ][gc,heap        ] GC(101)  Metaspace       used 1023K, committed 1216K, reserved 1056768K
[27.647s][debug  ][gc,heap        ] GC(101)   class space    used 83K, committed 192K, reserved 1048576K
[27.647s][debug  ][gc,tlab        ] GC(101) TLAB totals: thrds: 1  refills: 1 max: 1 slow allocs: 18 max 18 waste: 27.4% gc: 3963968B max: 3963968B slow: 0B max: 0B
[27.647s][info   ][gc,start       ] GC(101) Pause Young (Allocation Failure)
[27.647s][debug  ][gc,phases,start] GC(101) Scavenge
[27.663s][debug  ][gc,phases      ] GC(101) Scavenge 15.787ms
[27.663s][debug  ][gc,phases,start] GC(101) Reference Processing
[27.663s][debug  ][gc,ref         ] GC(101) Skipped phase 1 of Reference Processing: no references
[27.663s][debug  ][gc,ref         ] GC(101) Skipped phase 2 of Reference Processing: no references
[27.663s][debug  ][gc,ref         ] GC(101) Skipped phase 3 of Reference Processing: no references
[27.663s][debug  ][gc,ref         ] GC(101) Skipped phase 4 of Reference Processing: no references
[27.663s][debug  ][gc,phases,ref  ] GC(101) Reference Processing: 0.1ms
[27.663s][debug  ][gc,phases,ref  ] GC(101)   Reconsider SoftReferences: 0.0ms
[27.663s][debug  ][gc,phases,ref  ] GC(101)     SoftRef (ms):                  skipped
[27.663s][debug  ][gc,phases,ref  ] GC(101)   Notify Soft/WeakReferences: 0.0ms
[27.663s][debug  ][gc,phases,ref  ] GC(101)     SoftRef (ms):                  skipped
[27.663s][debug  ][gc,phases,ref  ] GC(101)     WeakRef (ms):                  skipped
[27.663s][debug  ][gc,phases,ref  ] GC(101)     FinalRef (ms):                 skipped
[27.663s][debug  ][gc,phases,ref  ] GC(101)     Total (ms):                    skipped
[27.663s][debug  ][gc,phases,ref  ] GC(101)   Notify and keep alive finalizable: 0.0ms
[27.663s][debug  ][gc,phases,ref  ] GC(101)     FinalRef (ms):                 skipped
[27.663s][debug  ][gc,phases,ref  ] GC(101)   Notify PhantomReferences: 0.0ms
[27.663s][debug  ][gc,phases,ref  ] GC(101)     PhantomRef (ms):               skipped
[27.663s][debug  ][gc,phases,ref  ] GC(101)   SoftReference:
[27.663s][debug  ][gc,phases,ref  ] GC(101)     Discovered: 0
[27.663s][debug  ][gc,phases,ref  ] GC(101)     Cleared: 0
[27.663s][debug  ][gc,phases,ref  ] GC(101)   WeakReference:
[27.663s][debug  ][gc,phases,ref  ] GC(101)     Discovered: 0
[27.663s][debug  ][gc,phases,ref  ] GC(101)     Cleared: 0
[27.663s][debug  ][gc,phases,ref  ] GC(101)   FinalReference:
[27.663s][debug  ][gc,phases,ref  ] GC(101)     Discovered: 0
[27.663s][debug  ][gc,phases,ref  ] GC(101)     Cleared: 0
[27.663s][debug  ][gc,phases,ref  ] GC(101)   PhantomReference:
[27.664s][debug  ][gc,phases,ref  ] GC(101)     Discovered: 0
[27.664s][debug  ][gc,phases,ref  ] GC(101)     Cleared: 0
[27.664s][debug  ][gc,phases      ] GC(101) Reference Processing 0.650ms
[27.664s][debug  ][gc,phases,start] GC(101) Weak Processing
[27.664s][debug  ][gc,phases      ] GC(101)   VM Weak                        Min:  0.0, Avg:  0.0, Max:  0.0, Diff:  0.0, Sum:  0.0, Workers: 6
[27.664s][debug  ][gc,phases      ] GC(101)     Dead                           Min: 0, Avg:  0.0, Max: 0, Diff: 0, Sum: 0, Workers: 6
[27.664s][debug  ][gc,phases      ] GC(101)     Total                          Min: 0, Avg:  1.3, Max: 8, Diff: 8, Sum: 8, Workers: 6
[27.664s][debug  ][gc,phases      ] GC(101)   ObjectSynchronizer Weak        Min:  0.0, Avg:  0.0, Max:  0.0, Diff:  0.0, Sum:  0.0, Workers: 6
[27.664s][debug  ][gc,phases      ] GC(101)     Dead                           Min: 0, Avg:  0.0, Max: 0, Diff: 0, Sum: 0, Workers: 6
[27.664s][debug  ][gc,phases      ] GC(101)     Total                          Min: 0, Avg:  0.5, Max: 3, Diff: 3, Sum: 3, Workers: 6
[27.664s][debug  ][gc,phases      ] GC(101)   JVMTI Tag Weak OopStorage      Min:  0.0, Avg:  0.0, Max:  0.0, Diff:  0.0, Sum:  0.0, Workers: 6
[27.664s][debug  ][gc,phases      ] GC(101)     Dead                           Min: 0, Avg:  0.0, Max: 0, Diff: 0, Sum: 0, Workers: 6
[27.664s][debug  ][gc,phases      ] GC(101)     Total                          Min: 0, Avg:  0.0, Max: 0, Diff: 0, Sum: 0, Workers: 6
[27.664s][debug  ][gc,phases      ] GC(101)   StringTable Weak               Min:  0.0, Avg:  0.0, Max:  0.0, Diff:  0.0, Sum:  0.0, Workers: 6
[27.664s][debug  ][gc,phases      ] GC(101)     Dead                           Min: 0, Avg:  0.0, Max: 0, Diff: 0, Sum: 0, Workers: 6
[27.664s][debug  ][gc,phases      ] GC(101)     Total                          Min: 767, Avg: 892.5, Max: 1152, Diff: 385, Sum: 5355, Workers: 6
[27.664s][debug  ][gc,phases      ] GC(101)   ResolvedMethodTable Weak       Min:  0.0, Avg:  0.0, Max:  0.0, Diff:  0.0, Sum:  0.0, Workers: 6
[27.664s][debug  ][gc,phases      ] GC(101)     Dead                           Min: 0, Avg:  0.0, Max: 0, Diff: 0, Sum: 0, Workers: 6
[27.664s][debug  ][gc,phases      ] GC(101)     Total                          Min: 0, Avg: 21.5, Max: 64, Diff: 64, Sum: 129, Workers: 6
[27.664s][debug  ][gc,phases      ] GC(101)   JNI Weak                       Min:  0.0, Avg:  0.0, Max:  0.0, Diff:  0.0, Sum:  0.0, Workers: 6
[27.664s][debug  ][gc,phases      ] GC(101)     Dead                           Min: 0, Avg:  0.0, Max: 0, Diff: 0, Sum: 0, Workers: 6
[27.664s][debug  ][gc,phases      ] GC(101)     Total                          Min: 0, Avg:  0.0, Max: 0, Diff: 0, Sum: 0, Workers: 6
[27.664s][debug  ][gc,phases      ] GC(101)   StringDedup Table Weak         Min:  0.0, Avg:  0.0, Max:  0.0, Diff:  0.0, Sum:  0.0, Workers: 6
[27.664s][debug  ][gc,phases      ] GC(101)     Dead                           Min: 0, Avg:  0.0, Max: 0, Diff: 0, Sum: 0, Workers: 6
[27.664s][debug  ][gc,phases      ] GC(101)     Total                          Min: 0, Avg:  0.0, Max: 0, Diff: 0, Sum: 0, Workers: 6
[27.664s][debug  ][gc,phases      ] GC(101)   StringDedup Requests0 Weak     Min:  0.0, Avg:  0.0, Max:  0.0, Diff:  0.0, Sum:  0.0, Workers: 6
[27.664s][debug  ][gc,phases      ] GC(101)     Dead                           Min: 0, Avg:  0.0, Max: 0, Diff: 0, Sum: 0, Workers: 6
[27.664s][debug  ][gc,phases      ] GC(101)     Total                          Min: 0, Avg:  0.0, Max: 0, Diff: 0, Sum: 0, Workers: 6
[27.664s][debug  ][gc,phases      ] GC(101)   StringDedup Requests1 Weak     Min:  0.0, Avg:  0.0, Max:  0.0, Diff:  0.0, Sum:  0.0, Workers: 6
[27.664s][debug  ][gc,phases      ] GC(101)     Dead                           Min: 0, Avg:  0.0, Max: 0, Diff: 0, Sum: 0, Workers: 6
[27.664s][debug  ][gc,phases      ] GC(101)     Total                          Min: 0, Avg:  0.0, Max: 0, Diff: 0, Sum: 0, Workers: 6
[27.664s][debug  ][gc,phases      ] GC(101)   Weak JFR Old Object Samples    Min:  0.0, Avg:  0.0, Max:  0.0, Diff:  0.0, Sum:  0.0, Workers: 6
[27.664s][debug  ][gc,phases      ] GC(101)     Dead                           Min: 0, Avg:  0.0, Max: 0, Diff: 0, Sum: 0, Workers: 6
[27.664s][debug  ][gc,phases      ] GC(101)     Total                          Min: 0, Avg:  0.0, Max: 0, Diff: 0, Sum: 0, Workers: 6
[27.664s][debug  ][gc,phases      ] GC(101) Weak Processing 0.718ms
[27.664s][debug  ][gc,ergo        ] GC(101) AdaptiveSizeStart:  collection: 102 
[27.664s][debug  ][gc,ergo        ] GC(101) avg_survived_padded_avg: 32274686.000000
[27.664s][debug  ][gc,ergo        ] GC(101) avg_promoted_padded_avg: 265503328.000000  avg_pretenured_padded_avg: 0.000000  tenuring_thresh: 7  target_size: 32505856
[27.664s][debug  ][gc,age         ] GC(101) Desired survivor size 32505856 bytes, new threshold 7 (max threshold 15)
[27.664s][debug  ][gc,ergo        ] GC(101) PSAdaptiveSizePolicy::compute_eden_space_size limits: desired_eden_size: 223713541 old_eden_size: 203423744 eden_limit: 203423744 cur_eden: 203423744 max_eden_size: 203423744 avg_young_live: 27733542
[27.664s][debug  ][gc,ergo        ] GC(101) PSAdaptiveSizePolicy::compute_eden_space_size: costs minor_time: 0.049430 major_cost: 0.050197 mutator_cost: 0.900372 throughput_goal: 0.990000
[27.664s][debug  ][gc,ergo        ] GC(101) Live_space: 1009121024 free_space: 1403518976
[27.664s][debug  ][gc,ergo        ] GC(101) Old eden_size: 203423744 desired_eden_size: 203423744
[27.664s][debug  ][gc,ergo        ] GC(101) AdaptiveSizeStop: collection: 102 
[27.665s][info   ][gc,heap        ] GC(101) PSYoungGen: 229151K(230400K)->30720K(230400K) Eden: 198431K(198656K)->0K(198656K) From: 30720K(31744K)->30720K(31744K)
[27.665s][info   ][gc,heap        ] GC(101) ParOldGen: 1424997K(1835008K)->1619557K(1835008K)
[27.665s][info   ][gc,metaspace   ] GC(101) Metaspace: 1023K(1216K)->1023K(1216K) NonClass: 939K(1024K)->939K(1024K) Class: 83K(192K)->83K(192K)
[27.665s][info   ][gc             ] GC(101) Pause Young (Allocation Failure) 1615M->1611M(2017M) 17.639ms
[27.665s][info   ][gc,cpu         ] GC(101) User=0.11s Sys=0.02s Real=0.02s
[27.665s][debug  ][gc,heap        ] GC(101) Heap after GC invocations=102 (full 16):
[27.665s][debug  ][gc,heap        ] GC(101)  PSYoungGen      total 230400K, used 30720K [0x00000000f0000000, 0x0000000100000000, 0x0000000100000000)
[27.665s][debug  ][gc,heap        ] GC(101)   eden space 198656K, 0% used [0x00000000f0000000,0x00000000f0000000,0x00000000fc200000)
[27.665s][debug  ][gc,heap        ] GC(101)   from space 31744K, 96% used [0x00000000fe100000,0x00000000fff00030,0x0000000100000000)
[27.665s][debug  ][gc,heap        ] GC(101)   to   space 31744K, 0% used [0x00000000fc200000,0x00000000fc200000,0x00000000fe100000)
[27.665s][debug  ][gc,heap        ] GC(101)  ParOldGen       total 1835008K, used 1619557K [0x0000000080000000, 0x00000000f0000000, 0x00000000f0000000)
[27.665s][debug  ][gc,heap        ] GC(101)   object space 1835008K, 88% used [0x0000000080000000,0x00000000e2d995e8,0x00000000f0000000)
[27.665s][debug  ][gc,heap        ] GC(101)  Metaspace       used 1023K, committed 1216K, reserved 1056768K
[27.665s][debug  ][gc,heap        ] GC(101)   class space    used 83K, committed 192K, reserved 1048576K
[27.665s][debug  ][gc,task,time   ] GC(101) VM-Thread 276465114 276629013 276648681
[27.665s][debug  ][gc,phases,start] GC(102) Pre Compact
[27.665s][debug  ][gc,heap        ] GC(102) Heap before GC invocations=103 (full 17):
[27.665s][debug  ][gc,heap        ] GC(102)  PSYoungGen      total 230400K, used 30720K [0x00000000f0000000, 0x0000000100000000, 0x0000000100000000)
[27.665s][debug  ][gc,heap        ] GC(102)   eden space 198656K, 0% used [0x00000000f0000000,0x00000000f0000000,0x00000000fc200000)
[27.665s][debug  ][gc,heap        ] GC(102)   from space 31744K, 96% used [0x00000000fe100000,0x00000000fff00030,0x0000000100000000)
[27.665s][debug  ][gc,heap        ] GC(102)   to   space 31744K, 0% used [0x00000000fc200000,0x00000000fc200000,0x00000000fe100000)
[27.665s][debug  ][gc,heap        ] GC(102)  ParOldGen       total 1835008K, used 1619557K [0x0000000080000000, 0x00000000f0000000, 0x00000000f0000000)
[27.665s][debug  ][gc,heap        ] GC(102)   object space 1835008K, 88% used [0x0000000080000000,0x00000000e2d995e8,0x00000000f0000000)
[27.665s][debug  ][gc,heap        ] GC(102)  Metaspace       used 1023K, committed 1216K, reserved 1056768K
[27.665s][debug  ][gc,heap        ] GC(102)   class space    used 83K, committed 192K, reserved 1048576K
[27.665s][debug  ][gc,phases      ] GC(102) Pre Compact 0.201ms
[27.665s][info   ][gc,start       ] GC(102) Pause Full (Ergonomics)
[27.665s][info   ][gc,phases,start] GC(102) Marking Phase
[27.665s][debug  ][gc,phases,start] GC(102) Par Mark
[27.666s][debug  ][gc,phases      ] GC(102) Par Mark 0.549ms
[27.666s][debug  ][gc,phases,start] GC(102) Reference Processing
[27.666s][debug  ][gc,ref         ] GC(102) Skipped phase 1 of Reference Processing: no references
[27.666s][debug  ][gc,ref         ] GC(102) ReferenceProcessor::execute queues: 1, RefProcThreadModel::Single, marks_oops_alive: false
[27.666s][debug  ][gc,ref         ] GC(102) Skipped phase 3 of Reference Processing: no references
[27.666s][debug  ][gc,ref         ] GC(102) ReferenceProcessor::execute queues: 1, RefProcThreadModel::Single, marks_oops_alive: false
[27.666s][debug  ][gc,phases,ref  ] GC(102) Reference Processing: 0.1ms
[27.666s][debug  ][gc,phases,ref  ] GC(102)   Reconsider SoftReferences: 0.0ms
[27.666s][debug  ][gc,phases,ref  ] GC(102)     SoftRef (ms):                  skipped
[27.666s][debug  ][gc,phases,ref  ] GC(102)   Notify Soft/WeakReferences: 0.0ms
[27.666s][debug  ][gc,phases,ref  ] GC(102)     SoftRef (ms):                  Min:  0.0, Avg:  0.0, Max:  0.0, Diff:  0.0, Sum:  0.0, Workers: 8
[27.666s][debug  ][gc,phases,ref  ] GC(102)     WeakRef (ms):                  Min:  0.0, Avg:  0.0, Max:  0.0, Diff:  0.0, Sum:  0.0, Workers: 8
[27.666s][debug  ][gc,phases,ref  ] GC(102)     FinalRef (ms):                 Min:  0.0, Avg:  0.0, Max:  0.0, Diff:  0.0, Sum:  0.0, Workers: 8
[27.666s][debug  ][gc,phases,ref  ] GC(102)     Total (ms):                    Min:  0.0, Avg:  0.0, Max:  0.0, Diff:  0.0, Sum:  0.0, Workers: 8
[27.666s][debug  ][gc,phases,ref  ] GC(102)   Notify and keep alive finalizable: 0.0ms
[27.666s][debug  ][gc,phases,ref  ] GC(102)     FinalRef (ms):                 skipped
[27.666s][debug  ][gc,phases,ref  ] GC(102)   Notify PhantomReferences: 0.0ms
[27.666s][debug  ][gc,phases,ref  ] GC(102)     PhantomRef (ms):               Min:  0.0, Avg:  0.0, Max:  0.0, Diff:  0.0, Sum:  0.0, Workers: 8
[27.666s][debug  ][gc,phases,ref  ] GC(102)   SoftReference:
[27.666s][debug  ][gc,phases,ref  ] GC(102)     Discovered: 0
[27.666s][debug  ][gc,phases,ref  ] GC(102)     Cleared: 0
[27.666s][debug  ][gc,phases,ref  ] GC(102)   WeakReference:
[27.666s][debug  ][gc,phases,ref  ] GC(102)     Discovered: 92
[27.666s][debug  ][gc,phases,ref  ] GC(102)     Cleared: 92
[27.666s][debug  ][gc,phases,ref  ] GC(102)   FinalReference:
[27.666s][debug  ][gc,phases,ref  ] GC(102)     Discovered: 0
[27.666s][debug  ][gc,phases,ref  ] GC(102)     Cleared: 0
[27.666s][debug  ][gc,phases,ref  ] GC(102)   PhantomReference:
[27.666s][debug  ][gc,phases,ref  ] GC(102)     Discovered: 4
[27.666s][debug  ][gc,phases,ref  ] GC(102)     Cleared: 4
[27.666s][debug  ][gc,phases      ] GC(102) Reference Processing 0.578ms
[27.666s][debug  ][gc,phases,start] GC(102) Weak Processing
[27.666s][debug  ][gc,phases      ] GC(102)   VM Weak                        Min:  0.0, Avg:  0.0, Max:  0.0, Diff:  0.0, Sum:  0.0, Workers: 6
[27.666s][debug  ][gc,phases      ] GC(102)     Dead                           Min: 0, Avg:  0.0, Max: 0, Diff: 0, Sum: 0, Workers: 6
[27.666s][debug  ][gc,phases      ] GC(102)     Total                          Min: 0, Avg:  1.3, Max: 8, Diff: 8, Sum: 8, Workers: 6
[27.666s][debug  ][gc,phases      ] GC(102)   ObjectSynchronizer Weak        Min:  0.0, Avg:  0.0, Max:  0.0, Diff:  0.0, Sum:  0.0, Workers: 6
[27.667s][debug  ][gc,phases      ] GC(102)     Dead                           Min: 0, Avg:  0.0, Max: 0, Diff: 0, Sum: 0, Workers: 6
[27.667s][debug  ][gc,phases      ] GC(102)     Total                          Min: 0, Avg:  0.5, Max: 3, Diff: 3, Sum: 3, Workers: 6
[27.667s][debug  ][gc,phases      ] GC(102)   JVMTI Tag Weak OopStorage      Min:  0.0, Avg:  0.0, Max:  0.0, Diff:  0.0, Sum:  0.0, Workers: 6
[27.667s][debug  ][gc,phases      ] GC(102)     Dead                           Min: 0, Avg:  0.0, Max: 0, Diff: 0, Sum: 0, Workers: 6
[27.667s][debug  ][gc,phases      ] GC(102)     Total                          Min: 0, Avg:  0.0, Max: 0, Diff: 0, Sum: 0, Workers: 6
[27.667s][debug  ][gc,phases      ] GC(102)   StringTable Weak               Min:  0.0, Avg:  0.0, Max:  0.0, Diff:  0.0, Sum:  0.0, Workers: 6
[27.667s][debug  ][gc,phases      ] GC(102)     Dead                           Min: 0, Avg:  0.0, Max: 0, Diff: 0, Sum: 0, Workers: 6
[27.667s][debug  ][gc,phases      ] GC(102)     Total                          Min: 576, Avg: 892.5, Max: 1472, Diff: 896, Sum: 5355, Workers: 6
[27.667s][debug  ][gc,phases      ] GC(102)   ResolvedMethodTable Weak       Min:  0.0, Avg:  0.0, Max:  0.0, Diff:  0.0, Sum:  0.0, Workers: 6
[27.667s][debug  ][gc,phases      ] GC(102)     Dead                           Min: 0, Avg:  0.0, Max: 0, Diff: 0, Sum: 0, Workers: 6
[27.667s][debug  ][gc,phases      ] GC(102)     Total                          Min: 0, Avg: 21.5, Max: 64, Diff: 64, Sum: 129, Workers: 6
[27.667s][debug  ][gc,phases      ] GC(102)   JNI Weak                       Min:  0.0, Avg:  0.0, Max:  0.0, Diff:  0.0, Sum:  0.0, Workers: 6
[27.667s][debug  ][gc,phases      ] GC(102)     Dead                           Min: 0, Avg:  0.0, Max: 0, Diff: 0, Sum: 0, Workers: 6
[27.667s][debug  ][gc,phases      ] GC(102)     Total                          Min: 0, Avg:  0.0, Max: 0, Diff: 0, Sum: 0, Workers: 6
[27.667s][debug  ][gc,phases      ] GC(102)   StringDedup Table Weak         Min:  0.0, Avg:  0.0, Max:  0.0, Diff:  0.0, Sum:  0.0, Workers: 6
[27.667s][debug  ][gc,phases      ] GC(102)     Dead                           Min: 0, Avg:  0.0, Max: 0, Diff: 0, Sum: 0, Workers: 6
[27.667s][debug  ][gc,phases      ] GC(102)     Total                          Min: 0, Avg:  0.0, Max: 0, Diff: 0, Sum: 0, Workers: 6
[27.667s][debug  ][gc,phases      ] GC(102)   StringDedup Requests0 Weak     Min:  0.0, Avg:  0.0, Max:  0.0, Diff:  0.0, Sum:  0.0, Workers: 6
[27.667s][debug  ][gc,phases      ] GC(102)     Dead                           Min: 0, Avg:  0.0, Max: 0, Diff: 0, Sum: 0, Workers: 6
[27.667s][debug  ][gc,phases      ] GC(102)     Total                          Min: 0, Avg:  0.0, Max: 0, Diff: 0, Sum: 0, Workers: 6
[27.667s][debug  ][gc,phases      ] GC(102)   StringDedup Requests1 Weak     Min:  0.0, Avg:  0.0, Max:  0.0, Diff:  0.0, Sum:  0.0, Workers: 6
[27.667s][debug  ][gc,phases      ] GC(102)     Dead                           Min: 0, Avg:  0.0, Max: 0, Diff: 0, Sum: 0, Workers: 6
[27.667s][debug  ][gc,phases      ] GC(102)     Total                          Min: 0, Avg:  0.0, Max: 0, Diff: 0, Sum: 0, Workers: 6
[27.667s][debug  ][gc,phases      ] GC(102)   Weak JFR Old Object Samples    Min:  0.0, Avg:  0.0, Max:  0.0, Diff:  0.0, Sum:  0.0, Workers: 6
[27.667s][debug  ][gc,phases      ] GC(102)     Dead                           Min: 0, Avg:  0.0, Max: 0, Diff: 0, Sum: 0, Workers: 6
[27.667s][debug  ][gc,phases      ] GC(102)     Total                          Min: 0, Avg:  0.0, Max: 0, Diff: 0, Sum: 0, Workers: 6
[27.667s][debug  ][gc,phases      ] GC(102) Weak Processing 0.863ms
[27.667s][debug  ][gc,phases,start] GC(102) Class Unloading
[27.667s][debug  ][gc,phases,start] GC(102) ClassLoaderData
[27.667s][debug  ][gc,phases      ] GC(102) ClassLoaderData 0.020ms
[27.667s][debug  ][gc,phases,start] GC(102) Trigger cleanups
[27.667s][debug  ][gc,phases      ] GC(102) Trigger cleanups 0.019ms
[27.667s][debug  ][gc,phases      ] GC(102) Class Unloading 0.267ms
[27.668s][info   ][gc,phases      ] GC(102) Marking Phase 2.379ms
[27.668s][info   ][gc,phases,start] GC(102) Summary Phase
[27.668s][info   ][gc,phases      ] GC(102) Summary Phase 0.045ms
[27.668s][info   ][gc,phases,start] GC(102) Adjust Roots
[27.668s][info   ][gc,phases      ] GC(102) Adjust Roots 0.163ms
[27.668s][info   ][gc,phases,start] GC(102) Compaction Phase
[27.744s][info   ][gc,phases      ] GC(102) Compaction Phase 76.450ms
[27.744s][info   ][gc,phases,start] GC(102) Post Compact
[27.750s][info   ][gc,phases      ] GC(102) Post Compact 5.216ms
[27.750s][debug  ][gc,ergo        ] GC(102) AdaptiveSizeStart: collection: 103 
[27.750s][debug  ][gc,ergo        ] GC(102) PSAdaptiveSizePolicy::compute_eden_space_size limits: desired_eden_size: 223613007 old_eden_size: 203423744 eden_limit: 203423744 cur_eden: 203423744 max_eden_size: 203423744 avg_young_live: 24960186
[27.750s][debug  ][gc,ergo        ] GC(102) PSAdaptiveSizePolicy::compute_eden_space_size: costs minor_time: 0.049430 major_cost: 0.050693 mutator_cost: 0.899876 throughput_goal: 0.990000
[27.750s][debug  ][gc,ergo        ] GC(102) Live_space: 1006347712 free_space: 1403518976
[27.750s][debug  ][gc,ergo        ] GC(102) Old eden_size: 203423744 desired_eden_size: 203423744
[27.750s][debug  ][gc,ergo        ] GC(102) PSAdaptiveSizePolicy::compute_old_gen_free_space limits: desired_promo_size: 1321671920 promo_limit: 1200095232 free_in_old_gen: 1164871936 max_old_gen_size: 1879048192 avg_old_live: 714176192
[27.750s][debug  ][gc,ergo        ] GC(102) PSAdaptiveSizePolicy::compute_old_gen_free_space: costs minor_time: 0.049430 major_cost: 0.050693  mutator_cost: 0.899876 throughput_goal: 0.990000
[27.750s][debug  ][gc,ergo        ] GC(102) Live_space: 1007571840 free_space: 1403518976
[27.750s][debug  ][gc,ergo        ] GC(102) Old promo_size: 1200095232 desired_promo_size: 1200095232
[27.750s][debug  ][gc,ergo        ] GC(102) AdaptiveSizeStop: collection: 103 
[27.750s][info   ][gc,heap        ] GC(102) PSYoungGen: 30720K(230400K)->0K(230400K) Eden: 0K(198656K)->0K(198656K) From: 30720K(31744K)->0K(31744K)
[27.750s][info   ][gc,heap        ] GC(102) ParOldGen: 1619557K(1835008K)->708196K(1835008K)
[27.750s][info   ][gc,metaspace   ] GC(102) Metaspace: 1023K(1216K)->1023K(1216K) NonClass: 939K(1024K)->939K(1024K) Class: 83K(192K)->83K(192K)
[27.750s][info   ][gc             ] GC(102) Pause Full (Ergonomics) 1611M->691M(2017M) 84.926ms
[27.750s][info   ][gc,cpu         ] GC(102) User=0.62s Sys=0.00s Real=0.09s
[27.750s][debug  ][gc,heap        ] GC(102) Heap after GC invocations=103 (full 17):
[27.750s][debug  ][gc,heap        ] GC(102)  PSYoungGen      total 230400K, used 0K [0x00000000f0000000, 0x0000000100000000, 0x0000000100000000)
[27.750s][debug  ][gc,heap        ] GC(102)   eden space 198656K, 0% used [0x00000000f0000000,0x00000000f0000000,0x00000000fc200000)
[27.750s][debug  ][gc,heap        ] GC(102)   from space 31744K, 0% used [0x00000000fc200000,0x00000000fc200000,0x00000000fe100000)
[27.750s][debug  ][gc,heap        ] GC(102)   to   space 31744K, 0% used [0x00000000fe100000,0x00000000fe100000,0x0000000100000000)
[27.750s][debug  ][gc,heap        ] GC(102)  ParOldGen       total 1835008K, used 708196K [0x0000000080000000, 0x00000000f0000000, 0x00000000f0000000)
[27.750s][debug  ][gc,heap        ] GC(102)   object space 1835008K, 38% used [0x0000000080000000,0x00000000ab399058,0x00000000f0000000)
[27.750s][debug  ][gc,heap        ] GC(102)  Metaspace       used 1023K, committed 1216K, reserved 1056768K
[27.750s][debug  ][gc,heap        ] GC(102)   class space    used 83K, committed 192K, reserved 1048576K
[27.750s][debug  ][gc,task,time   ] GC(102) VM-Thread 276651459 276678608 277501115
[28.059s][debug  ][gc,heap        ] GC(103) Heap before GC invocations=104 (full 17):
[28.060s][debug  ][gc,heap        ] GC(103)  PSYoungGen      total 230400K, used 198439K [0x00000000f0000000, 0x0000000100000000, 0x0000000100000000)
[28.060s][debug  ][gc,heap        ] GC(103)   eden space 198656K, 99% used [0x00000000f0000000,0x00000000fc1c9fd0,0x00000000fc200000)
[28.060s][debug  ][gc,heap        ] GC(103)   from space 31744K, 0% used [0x00000000fc200000,0x00000000fc200000,0x00000000fe100000)
[28.060s][debug  ][gc,heap        ] GC(103)   to   space 31744K, 0% used [0x00000000fe100000,0x00000000fe100000,0x0000000100000000)
[28.060s][debug  ][gc,heap        ] GC(103)  ParOldGen       total 1835008K, used 708196K [0x0000000080000000, 0x00000000f0000000, 0x00000000f0000000)
[28.060s][debug  ][gc,heap        ] GC(103)   object space 1835008K, 38% used [0x0000000080000000,0x00000000ab399058,0x00000000f0000000)
[28.060s][debug  ][gc,heap        ] GC(103)  Metaspace       used 1023K, committed 1216K, reserved 1056768K
[28.060s][debug  ][gc,heap        ] GC(103)   class space    used 83K, committed 192K, reserved 1048576K
[28.060s][debug  ][gc,tlab        ] GC(103) TLAB totals: thrds: 1  refills: 1 max: 1 slow allocs: 18 max 18 waste: 27.5% gc: 3972768B max: 3972768B slow: 0B max: 0B
[28.060s][info   ][gc,start       ] GC(103) Pause Young (Allocation Failure)
[28.060s][debug  ][gc,phases,start] GC(103) Scavenge
[28.073s][debug  ][gc,phases      ] GC(103) Scavenge 13.110ms
[28.073s][debug  ][gc,phases,start] GC(103) Reference Processing
[28.073s][debug  ][gc,ref         ] GC(103) Skipped phase 1 of Reference Processing: no references
[28.073s][debug  ][gc,ref         ] GC(103) Skipped phase 2 of Reference Processing: no references
[28.073s][debug  ][gc,ref         ] GC(103) Skipped phase 3 of Reference Processing: no references
[28.073s][debug  ][gc,ref         ] GC(103) Skipped phase 4 of Reference Processing: no references
[28.073s][debug  ][gc,phases,ref  ] GC(103) Reference Processing: 0.1ms
[28.073s][debug  ][gc,phases,ref  ] GC(103)   Reconsider SoftReferences: 0.0ms
[28.073s][debug  ][gc,phases,ref  ] GC(103)     SoftRef (ms):                  skipped
[28.073s][debug  ][gc,phases,ref  ] GC(103)   Notify Soft/WeakReferences: 0.0ms
[28.073s][debug  ][gc,phases,ref  ] GC(103)     SoftRef (ms):                  skipped
[28.073s][debug  ][gc,phases,ref  ] GC(103)     WeakRef (ms):                  skipped
[28.073s][debug  ][gc,phases,ref  ] GC(103)     FinalRef (ms):                 skipped
[28.074s][debug  ][gc,phases,ref  ] GC(103)     Total (ms):                    skipped
[28.074s][debug  ][gc,phases,ref  ] GC(103)   Notify and keep alive finalizable: 0.0ms
[28.074s][debug  ][gc,phases,ref  ] GC(103)     FinalRef (ms):                 skipped
[28.074s][debug  ][gc,phases,ref  ] GC(103)   Notify PhantomReferences: 0.0ms
[28.074s][debug  ][gc,phases,ref  ] GC(103)     PhantomRef (ms):               skipped
[28.074s][debug  ][gc,phases,ref  ] GC(103)   SoftReference:
[28.074s][debug  ][gc,phases,ref  ] GC(103)     Discovered: 0
[28.074s][debug  ][gc,phases,ref  ] GC(103)     Cleared: 0
[28.074s][debug  ][gc,phases,ref  ] GC(103)   WeakReference:
[28.074s][debug  ][gc,phases,ref  ] GC(103)     Discovered: 0
[28.074s][debug  ][gc,phases,ref  ] GC(103)     Cleared: 0
[28.074s][debug  ][gc,phases,ref  ] GC(103)   FinalReference:
[28.074s][debug  ][gc,phases,ref  ] GC(103)     Discovered: 0
[28.074s][debug  ][gc,phases,ref  ] GC(103)     Cleared: 0
[28.074s][debug  ][gc,phases,ref  ] GC(103)   PhantomReference:
[28.074s][debug  ][gc,phases,ref  ] GC(103)     Discovered: 0
[28.074s][debug  ][gc,phases,ref  ] GC(103)     Cleared: 0
[28.074s][debug  ][gc,phases      ] GC(103) Reference Processing 0.712ms
[28.074s][debug  ][gc,phases,start] GC(103) Weak Processing
[28.074s][debug  ][gc,phases      ] GC(103)   VM Weak                        Min:  0.0, Avg:  0.0, Max:  0.0, Diff:  0.0, Sum:  0.0, Workers: 6
[28.074s][debug  ][gc,phases      ] GC(103)     Dead                           Min: 0, Avg:  0.0, Max: 0, Diff: 0, Sum: 0, Workers: 6
[28.074s][debug  ][gc,phases      ] GC(103)     Total                          Min: 0, Avg:  1.3, Max: 8, Diff: 8, Sum: 8, Workers: 6
[28.074s][debug  ][gc,phases      ] GC(103)   ObjectSynchronizer Weak        Min:  0.0, Avg:  0.0, Max:  0.0, Diff:  0.0, Sum:  0.0, Workers: 6
[28.074s][debug  ][gc,phases      ] GC(103)     Dead                           Min: 0, Avg:  0.0, Max: 0, Diff: 0, Sum: 0, Workers: 6
[28.074s][debug  ][gc,phases      ] GC(103)     Total                          Min: 0, Avg:  0.5, Max: 3, Diff: 3, Sum: 3, Workers: 6
[28.074s][debug  ][gc,phases      ] GC(103)   JVMTI Tag Weak OopStorage      Min:  0.0, Avg:  0.0, Max:  0.0, Diff:  0.0, Sum:  0.0, Workers: 6
[28.074s][debug  ][gc,phases      ] GC(103)     Dead                           Min: 0, Avg:  0.0, Max: 0, Diff: 0, Sum: 0, Workers: 6
[28.074s][debug  ][gc,phases      ] GC(103)     Total                          Min: 0, Avg:  0.0, Max: 0, Diff: 0, Sum: 0, Workers: 6
[28.074s][debug  ][gc,phases      ] GC(103)   StringTable Weak               Min:  0.0, Avg:  0.0, Max:  0.0, Diff:  0.0, Sum:  0.0, Workers: 6
[28.074s][debug  ][gc,phases      ] GC(103)     Dead                           Min: 0, Avg:  0.0, Max: 0, Diff: 0, Sum: 0, Workers: 6
[28.074s][debug  ][gc,phases      ] GC(103)     Total                          Min: 767, Avg: 892.5, Max: 1088, Diff: 321, Sum: 5355, Workers: 6
[28.074s][debug  ][gc,phases      ] GC(103)   ResolvedMethodTable Weak       Min:  0.0, Avg:  0.0, Max:  0.0, Diff:  0.0, Sum:  0.0, Workers: 6
[28.074s][debug  ][gc,phases      ] GC(103)     Dead                           Min: 0, Avg:  0.0, Max: 0, Diff: 0, Sum: 0, Workers: 6
[28.074s][debug  ][gc,phases      ] GC(103)     Total                          Min: 0, Avg: 21.5, Max: 64, Diff: 64, Sum: 129, Workers: 6
[28.074s][debug  ][gc,phases      ] GC(103)   JNI Weak                       Min:  0.0, Avg:  0.0, Max:  0.0, Diff:  0.0, Sum:  0.0, Workers: 6
[28.074s][debug  ][gc,phases      ] GC(103)     Dead                           Min: 0, Avg:  0.0, Max: 0, Diff: 0, Sum: 0, Workers: 6
[28.074s][debug  ][gc,phases      ] GC(103)     Total                          Min: 0, Avg:  0.0, Max: 0, Diff: 0, Sum: 0, Workers: 6
[28.074s][debug  ][gc,phases      ] GC(103)   StringDedup Table Weak         Min:  0.0, Avg:  0.0, Max:  0.0, Diff:  0.0, Sum:  0.0, Workers: 6
[28.074s][debug  ][gc,phases      ] GC(103)     Dead                           Min: 0, Avg:  0.0, Max: 0, Diff: 0, Sum: 0, Workers: 6
[28.074s][debug  ][gc,phases      ] GC(103)     Total                          Min: 0, Avg:  0.0, Max: 0, Diff: 0, Sum: 0, Workers: 6
[28.075s][debug  ][gc,phases      ] GC(103)   StringDedup Requests0 Weak     Min:  0.0, Avg:  0.0, Max:  0.0, Diff:  0.0, Sum:  0.0, Workers: 6
[28.075s][debug  ][gc,phases      ] GC(103)     Dead                           Min: 0, Avg:  0.0, Max: 0, Diff: 0, Sum: 0, Workers: 6
[28.075s][debug  ][gc,phases      ] GC(103)     Total                          Min: 0, Avg:  0.0, Max: 0, Diff: 0, Sum: 0, Workers: 6
[28.075s][debug  ][gc,phases      ] GC(103)   StringDedup Requests1 Weak     Min:  0.0, Avg:  0.0, Max:  0.0, Diff:  0.0, Sum:  0.0, Workers: 6
[28.075s][debug  ][gc,phases      ] GC(103)     Dead                           Min: 0, Avg:  0.0, Max: 0, Diff: 0, Sum: 0, Workers: 6
[28.075s][debug  ][gc,phases      ] GC(103)     Total                          Min: 0, Avg:  0.0, Max: 0, Diff: 0, Sum: 0, Workers: 6
[28.075s][debug  ][gc,phases      ] GC(103)   Weak JFR Old Object Samples    Min:  0.0, Avg:  0.0, Max:  0.0, Diff:  0.0, Sum:  0.0, Workers: 6
[28.075s][debug  ][gc,phases      ] GC(103)     Dead                           Min: 0, Avg:  0.0, Max: 0, Diff: 0, Sum: 0, Workers: 6
[28.075s][debug  ][gc,phases      ] GC(103)     Total                          Min: 0, Avg:  0.0, Max: 0, Diff: 0, Sum: 0, Workers: 6
[28.075s][debug  ][gc,phases      ] GC(103) Weak Processing 0.826ms
[28.075s][debug  ][gc,ergo        ] GC(103) AdaptiveSizeStart:  collection: 104 
[28.075s][debug  ][gc,ergo        ] GC(103) avg_survived_padded_avg: 32210090.000000
[28.075s][debug  ][gc,ergo        ] GC(103) avg_promoted_padded_avg: 256064000.000000  avg_pretenured_padded_avg: 0.000000  tenuring_thresh: 7  target_size: 32505856
[28.075s][debug  ][gc,age         ] GC(103) Desired survivor size 32505856 bytes, new threshold 7 (max threshold 15)
[28.075s][debug  ][gc,ergo        ] GC(103) PSAdaptiveSizePolicy::compute_eden_space_size limits: desired_eden_size: 222897570 old_eden_size: 203423744 eden_limit: 203423744 cur_eden: 203423744 max_eden_size: 203423744 avg_young_live: 25609898
[28.075s][debug  ][gc,ergo        ] GC(103) PSAdaptiveSizePolicy::compute_eden_space_size: costs minor_time: 0.046086 major_cost: 0.050693 mutator_cost: 0.903220 throughput_goal: 0.990000
[28.075s][debug  ][gc,ergo        ] GC(103) Live_space: 1008221568 free_space: 1403518976
[28.075s][debug  ][gc,ergo        ] GC(103) Old eden_size: 203423744 desired_eden_size: 203423744
[28.075s][debug  ][gc,ergo        ] GC(103) AdaptiveSizeStop: collection: 104 
[28.075s][info   ][gc,heap        ] GC(103) PSYoungGen: 198439K(230400K)->30720K(230400K) Eden: 198439K(198656K)->0K(198656K) From: 0K(31744K)->30720K(31744K)
[28.075s][info   ][gc,heap        ] GC(103) ParOldGen: 708196K(1835008K)->872036K(1835008K)
[28.075s][info   ][gc,metaspace   ] GC(103) Metaspace: 1023K(1216K)->1023K(1216K) NonClass: 939K(1024K)->939K(1024K) Class: 83K(192K)->83K(192K)
[28.075s][info   ][gc             ] GC(103) Pause Young (Allocation Failure) 885M->881M(2017M) 15.252ms
[28.075s][info   ][gc,cpu         ] GC(103) User=0.09s Sys=0.00s Real=0.02s
[28.075s][debug  ][gc,heap        ] GC(103) Heap after GC invocations=104 (full 17):
[28.075s][debug  ][gc,heap        ] GC(103)  PSYoungGen      total 230400K, used 30720K [0x00000000f0000000, 0x0000000100000000, 0x0000000100000000)
[28.075s][debug  ][gc,heap        ] GC(103)   eden space 198656K, 0% used [0x00000000f0000000,0x00000000f0000000,0x00000000fc200000)
[28.075s][debug  ][gc,heap        ] GC(103)   from space 31744K, 96% used [0x00000000fe100000,0x00000000fff00030,0x0000000100000000)
[28.075s][debug  ][gc,heap        ] GC(103)   to   space 31744K, 0% used [0x00000000fc200000,0x00000000fc200000,0x00000000fe100000)
[28.075s][debug  ][gc,heap        ] GC(103)  ParOldGen       total 1835008K, used 872036K [0x0000000080000000, 0x00000000f0000000, 0x00000000f0000000)
[28.075s][debug  ][gc,heap        ] GC(103)   object space 1835008K, 47% used [0x0000000080000000,0x00000000b5399158,0x00000000f0000000)
[28.075s][debug  ][gc,heap        ] GC(103)  Metaspace       used 1023K, committed 1216K, reserved 1056768K
[28.075s][debug  ][gc,heap        ] GC(103)   class space    used 83K, committed 192K, reserved 1048576K
[28.075s][debug  ][gc,task,time   ] GC(103) VM-Thread 280593818 280731834 280754575
[28.373s][debug  ][gc,heap        ] GC(104) Heap before GC invocations=105 (full 17):
[28.374s][debug  ][gc,heap        ] GC(104)  PSYoungGen      total 230400K, used 229093K [0x00000000f0000000, 0x0000000100000000, 0x0000000100000000)
[28.374s][debug  ][gc,heap        ] GC(104)   eden space 198656K, 99% used [0x00000000f0000000,0x00000000fc1b96e0,0x00000000fc200000)
[28.374s][debug  ][gc,heap        ] GC(104)   from space 31744K, 96% used [0x00000000fe100000,0x00000000fff00030,0x0000000100000000)
[28.374s][debug  ][gc,heap        ] GC(104)   to   space 31744K, 0% used [0x00000000fc200000,0x00000000fc200000,0x00000000fe100000)
[28.374s][debug  ][gc,heap        ] GC(104)  ParOldGen       total 1835008K, used 872036K [0x0000000080000000, 0x00000000f0000000, 0x00000000f0000000)
[28.374s][debug  ][gc,heap        ] GC(104)   object space 1835008K, 47% used [0x0000000080000000,0x00000000b5399158,0x00000000f0000000)
[28.374s][debug  ][gc,heap        ] GC(104)  Metaspace       used 1023K, committed 1216K, reserved 1056768K
[28.374s][debug  ][gc,heap        ] GC(104)   class space    used 83K, committed 192K, reserved 1048576K
[28.374s][debug  ][gc,tlab        ] GC(104) TLAB totals: thrds: 1  refills: 1 max: 1 slow allocs: 18 max 18 waste: 27.1% gc: 3903880B max: 3903880B slow: 0B max: 0B
[28.374s][info   ][gc,start       ] GC(104) Pause Young (Allocation Failure)
[28.374s][debug  ][gc,phases,start] GC(104) Scavenge
[28.380s][debug  ][gc,phases      ] GC(104) Scavenge 5.716ms
[28.380s][debug  ][gc,phases,start] GC(104) Reference Processing
[28.380s][debug  ][gc,ref         ] GC(104) Skipped phase 1 of Reference Processing: no references
[28.380s][debug  ][gc,ref         ] GC(104) Skipped phase 2 of Reference Processing: no references
[28.380s][debug  ][gc,ref         ] GC(104) Skipped phase 3 of Reference Processing: no references
[28.380s][debug  ][gc,ref         ] GC(104) Skipped phase 4 of Reference Processing: no references
[28.380s][debug  ][gc,phases,ref  ] GC(104) Reference Processing: 0.1ms
[28.380s][debug  ][gc,phases,ref  ] GC(104)   Reconsider SoftReferences: 0.0ms
[28.380s][debug  ][gc,phases,ref  ] GC(104)     SoftRef (ms):                  skipped
[28.380s][debug  ][gc,phases,ref  ] GC(104)   Notify Soft/WeakReferences: 0.0ms
[28.380s][debug  ][gc,phases,ref  ] GC(104)     SoftRef (ms):                  skipped
[28.380s][debug  ][gc,phases,ref  ] GC(104)     WeakRef (ms):                  skipped
[28.380s][debug  ][gc,phases,ref  ] GC(104)     FinalRef (ms):                 skipped
[28.380s][debug  ][gc,phases,ref  ] GC(104)     Total (ms):                    skipped
[28.380s][debug  ][gc,phases,ref  ] GC(104)   Notify and keep alive finalizable: 0.0ms
[28.380s][debug  ][gc,phases,ref  ] GC(104)     FinalRef (ms):                 skipped
[28.380s][debug  ][gc,phases,ref  ] GC(104)   Notify PhantomReferences: 0.0ms
[28.380s][debug  ][gc,phases,ref  ] GC(104)     PhantomRef (ms):               skipped
[28.380s][debug  ][gc,phases,ref  ] GC(104)   SoftReference:
[28.380s][debug  ][gc,phases,ref  ] GC(104)     Discovered: 0
[28.380s][debug  ][gc,phases,ref  ] GC(104)     Cleared: 0
[28.380s][debug  ][gc,phases,ref  ] GC(104)   WeakReference:
[28.380s][debug  ][gc,phases,ref  ] GC(104)     Discovered: 0
[28.380s][debug  ][gc,phases,ref  ] GC(104)     Cleared: 0
[28.380s][debug  ][gc,phases,ref  ] GC(104)   FinalReference:
[28.380s][debug  ][gc,phases,ref  ] GC(104)     Discovered: 0
[28.380s][debug  ][gc,phases,ref  ] GC(104)     Cleared: 0
[28.380s][debug  ][gc,phases,ref  ] GC(104)   PhantomReference:
[28.380s][debug  ][gc,phases,ref  ] GC(104)     Discovered: 0
[28.380s][debug  ][gc,phases,ref  ] GC(104)     Cleared: 0
[28.380s][debug  ][gc,phases      ] GC(104) Reference Processing 0.685ms
[28.380s][debug  ][gc,phases,start] GC(104) Weak Processing
[28.381s][debug  ][gc,phases      ] GC(104)   VM Weak                        Min:  0.0, Avg:  0.0, Max:  0.0, Diff:  0.0, Sum:  0.0, Workers: 6
[28.381s][debug  ][gc,phases      ] GC(104)     Dead                           Min: 0, Avg:  0.0, Max: 0, Diff: 0, Sum: 0, Workers: 6
[28.381s][debug  ][gc,phases      ] GC(104)     Total                          Min: 0, Avg:  1.3, Max: 8, Diff: 8, Sum: 8, Workers: 6
[28.381s][debug  ][gc,phases      ] GC(104)   ObjectSynchronizer Weak        Min:  0.0, Avg:  0.0, Max:  0.0, Diff:  0.0, Sum:  0.0, Workers: 6
[28.381s][debug  ][gc,phases      ] GC(104)     Dead                           Min: 0, Avg:  0.0, Max: 0, Diff: 0, Sum: 0, Workers: 6
[28.381s][debug  ][gc,phases      ] GC(104)     Total                          Min: 0, Avg:  0.5, Max: 3, Diff: 3, Sum: 3, Workers: 6
[28.381s][debug  ][gc,phases      ] GC(104)   JVMTI Tag Weak OopStorage      Min:  0.0, Avg:  0.0, Max:  0.0, Diff:  0.0, Sum:  0.0, Workers: 6
[28.381s][debug  ][gc,phases      ] GC(104)     Dead                           Min: 0, Avg:  0.0, Max: 0, Diff: 0, Sum: 0, Workers: 6
[28.381s][debug  ][gc,phases      ] GC(104)     Total                          Min: 0, Avg:  0.0, Max: 0, Diff: 0, Sum: 0, Workers: 6
[28.381s][debug  ][gc,phases      ] GC(104)   StringTable Weak               Min:  0.0, Avg:  0.0, Max:  0.0, Diff:  0.0, Sum:  0.0, Workers: 6
[28.381s][debug  ][gc,phases      ] GC(104)     Dead                           Min: 0, Avg:  0.0, Max: 0, Diff: 0, Sum: 0, Workers: 6
[28.381s][debug  ][gc,phases      ] GC(104)     Total                          Min: 767, Avg: 892.5, Max: 960, Diff: 193, Sum: 5355, Workers: 6
[28.381s][debug  ][gc,phases      ] GC(104)   ResolvedMethodTable Weak       Min:  0.0, Avg:  0.0, Max:  0.0, Diff:  0.0, Sum:  0.0, Workers: 6
[28.381s][debug  ][gc,phases      ] GC(104)     Dead                           Min: 0, Avg:  0.0, Max: 0, Diff: 0, Sum: 0, Workers: 6
[28.381s][debug  ][gc,phases      ] GC(104)     Total                          Min: 0, Avg: 21.5, Max: 64, Diff: 64, Sum: 129, Workers: 6
[28.381s][debug  ][gc,phases      ] GC(104)   JNI Weak                       Min:  0.0, Avg:  0.0, Max:  0.0, Diff:  0.0, Sum:  0.0, Workers: 6
[28.381s][debug  ][gc,phases      ] GC(104)     Dead                           Min: 0, Avg:  0.0, Max: 0, Diff: 0, Sum: 0, Workers: 6
[28.381s][debug  ][gc,phases      ] GC(104)     Total                          Min: 0, Avg:  0.0, Max: 0, Diff: 0, Sum: 0, Workers: 6
[28.381s][debug  ][gc,phases      ] GC(104)   StringDedup Table Weak         Min:  0.0, Avg:  0.0, Max:  0.0, Diff:  0.0, Sum:  0.0, Workers: 6
[28.381s][debug  ][gc,phases      ] GC(104)     Dead                           Min: 0, Avg:  0.0, Max: 0, Diff: 0, Sum: 0, Workers: 6
[28.381s][debug  ][gc,phases      ] GC(104)     Total                          Min: 0, Avg:  0.0, Max: 0, Diff: 0, Sum: 0, Workers: 6
[28.381s][debug  ][gc,phases      ] GC(104)   StringDedup Requests0 Weak     Min:  0.0, Avg:  0.0, Max:  0.0, Diff:  0.0, Sum:  0.0, Workers: 6
[28.381s][debug  ][gc,phases      ] GC(104)     Dead                           Min: 0, Avg:  0.0, Max: 0, Diff: 0, Sum: 0, Workers: 6
[28.381s][debug  ][gc,phases      ] GC(104)     Total                          Min: 0, Avg:  0.0, Max: 0, Diff: 0, Sum: 0, Workers: 6
[28.381s][debug  ][gc,phases      ] GC(104)   StringDedup Requests1 Weak     Min:  0.0, Avg:  0.0, Max:  0.0, Diff:  0.0, Sum:  0.0, Workers: 6
[28.381s][debug  ][gc,phases      ] GC(104)     Dead                           Min: 0, Avg:  0.0, Max: 0, Diff: 0, Sum: 0, Workers: 6
[28.381s][debug  ][gc,phases      ] GC(104)     Total                          Min: 0, Avg:  0.0, Max: 0, Diff: 0, Sum: 0, Workers: 6
[28.381s][debug  ][gc,phases      ] GC(104)   Weak JFR Old Object Samples    Min:  0.0, Avg:  0.0, Max:  0.0, Diff:  0.0, Sum:  0.0, Workers: 6
[28.381s][debug  ][gc,phases      ] GC(104)     Dead                           Min: 0, Avg:  0.0, Max: 0, Diff: 0, Sum: 0, Workers: 6
[28.381s][debug  ][gc,phases      ] GC(104)     Total                          Min: 0, Avg:  0.0, Max: 0, Diff: 0, Sum: 0, Workers: 6
[28.381s][debug  ][gc,phases      ] GC(104) Weak Processing 1.008ms
[28.382s][debug  ][gc,ergo        ] GC(104) AdaptiveSizeStart:  collection: 105 
[28.382s][debug  ][gc,ergo        ] GC(104) avg_survived_padded_avg: 32150238.000000
[28.382s][debug  ][gc,ergo        ] GC(104) avg_promoted_padded_avg: 268926208.000000  avg_pretenured_padded_avg: 0.000000  tenuring_thresh: 8  target_size: 32505856
[28.382s][debug  ][gc,age         ] GC(104) Desired survivor size 32505856 bytes, new threshold 8 (max threshold 15)
[28.382s][debug  ][gc,ergo        ] GC(104) PSAdaptiveSizePolicy::compute_eden_space_size limits: desired_eden_size: 221639417 old_eden_size: 203423744 eden_limit: 203423744 cur_eden: 203423744 max_eden_size: 203423744 avg_young_live: 26194640
[28.382s][debug  ][gc,ergo        ] GC(104) PSAdaptiveSizePolicy::compute_eden_space_size: costs minor_time: 0.040717 major_cost: 0.050693 mutator_cost: 0.908589 throughput_goal: 0.990000
[28.382s][debug  ][gc,ergo        ] GC(104) Live_space: 1008806272 free_space: 1403518976
[28.382s][debug  ][gc,ergo        ] GC(104) Old eden_size: 203423744 desired_eden_size: 203423744
[28.382s][debug  ][gc,ergo        ] GC(104) AdaptiveSizeStop: collection: 105 
[28.382s][info   ][gc,heap        ] GC(104) PSYoungGen: 229093K(230400K)->30720K(230400K) Eden: 198373K(198656K)->0K(198656K) From: 30720K(31744K)->30720K(31744K)
[28.382s][info   ][gc,heap        ] GC(104) ParOldGen: 872036K(1835008K)->912996K(1835008K)
[28.382s][info   ][gc,metaspace   ] GC(104) Metaspace: 1023K(1216K)->1023K(1216K) NonClass: 940K(1024K)->940K(1024K) Class: 83K(192K)->83K(192K)
[28.382s][info   ][gc             ] GC(104) Pause Young (Allocation Failure) 1075M->921M(2017M) 7.932ms
[28.382s][info   ][gc,cpu         ] GC(104) User=0.00s Sys=0.00s Real=0.01s
[28.382s][debug  ][gc,heap        ] GC(104) Heap after GC invocations=105 (full 17):
[28.382s][debug  ][gc,heap        ] GC(104)  PSYoungGen      total 230400K, used 30720K [0x00000000f0000000, 0x0000000100000000, 0x0000000100000000)
[28.382s][debug  ][gc,heap        ] GC(104)   eden space 198656K, 0% used [0x00000000f0000000,0x00000000f0000000,0x00000000fc200000)
[28.382s][debug  ][gc,heap        ] GC(104)   from space 31744K, 96% used [0x00000000fc200000,0x00000000fe000030,0x00000000fe100000)
[28.382s][debug  ][gc,heap        ] GC(104)   to   space 31744K, 0% used [0x00000000fe100000,0x00000000fe100000,0x0000000100000000)
[28.382s][debug  ][gc,heap        ] GC(104)  ParOldGen       total 1835008K, used 912996K [0x0000000080000000, 0x00000000f0000000, 0x00000000f0000000)
[28.382s][debug  ][gc,heap        ] GC(104)   object space 1835008K, 49% used [0x0000000080000000,0x00000000b7b99198,0x00000000f0000000)
[28.382s][debug  ][gc,heap        ] GC(104)  Metaspace       used 1023K, committed 1216K, reserved 1056768K
[28.382s][debug  ][gc,heap        ] GC(104)   class space    used 83K, committed 192K, reserved 1048576K
[28.382s][debug  ][gc,task,time   ] GC(104) VM-Thread 283734572 283797694 283821188
[28.691s][debug  ][gc,heap        ] GC(105) Heap before GC invocations=106 (full 17):
[28.691s][debug  ][gc,heap        ] GC(105)  PSYoungGen      total 230400K, used 229122K [0x00000000f0000000, 0x0000000100000000, 0x0000000100000000)
[28.691s][debug  ][gc,heap        ] GC(105)   eden space 198656K, 99% used [0x00000000f0000000,0x00000000fc1c0b88,0x00000000fc200000)
[28.691s][debug  ][gc,heap        ] GC(105)   from space 31744K, 96% used [0x00000000fc200000,0x00000000fe000030,0x00000000fe100000)
[28.691s][debug  ][gc,heap        ] GC(105)   to   space 31744K, 0% used [0x00000000fe100000,0x00000000fe100000,0x0000000100000000)
[28.691s][debug  ][gc,heap        ] GC(105)  ParOldGen       total 1835008K, used 912996K [0x0000000080000000, 0x00000000f0000000, 0x00000000f0000000)
[28.691s][debug  ][gc,heap        ] GC(105)   object space 1835008K, 49% used [0x0000000080000000,0x00000000b7b99198,0x00000000f0000000)
[28.691s][debug  ][gc,heap        ] GC(105)  Metaspace       used 1023K, committed 1216K, reserved 1056768K
[28.691s][debug  ][gc,heap        ] GC(105)   class space    used 83K, committed 192K, reserved 1048576K
[28.691s][debug  ][gc,tlab        ] GC(105) TLAB totals: thrds: 1  refills: 1 max: 1 slow allocs: 18 max 18 waste: 27.3% gc: 3934808B max: 3934808B slow: 0B max: 0B
[28.691s][info   ][gc,start       ] GC(105) Pause Young (Allocation Failure)
[28.691s][debug  ][gc,phases,start] GC(105) Scavenge
[28.707s][debug  ][gc,phases      ] GC(105) Scavenge 15.290ms
[28.707s][debug  ][gc,phases,start] GC(105) Reference Processing
[28.707s][debug  ][gc,ref         ] GC(105) Skipped phase 1 of Reference Processing: no references
[28.707s][debug  ][gc,ref         ] GC(105) Skipped phase 2 of Reference Processing: no references
[28.707s][debug  ][gc,ref         ] GC(105) Skipped phase 3 of Reference Processing: no references
[28.707s][debug  ][gc,ref         ] GC(105) Skipped phase 4 of Reference Processing: no references
[28.707s][debug  ][gc,phases,ref  ] GC(105) Reference Processing: 0.1ms
[28.707s][debug  ][gc,phases,ref  ] GC(105)   Reconsider SoftReferences: 0.0ms
[28.707s][debug  ][gc,phases,ref  ] GC(105)     SoftRef (ms):                  skipped
[28.707s][debug  ][gc,phases,ref  ] GC(105)   Notify Soft/WeakReferences: 0.0ms
[28.707s][debug  ][gc,phases,ref  ] GC(105)     SoftRef (ms):                  skipped
[28.707s][debug  ][gc,phases,ref  ] GC(105)     WeakRef (ms):                  skipped
[28.707s][debug  ][gc,phases,ref  ] GC(105)     FinalRef (ms):                 skipped
[28.707s][debug  ][gc,phases,ref  ] GC(105)     Total (ms):                    skipped
[28.707s][debug  ][gc,phases,ref  ] GC(105)   Notify and keep alive finalizable: 0.0ms
[28.707s][debug  ][gc,phases,ref  ] GC(105)     FinalRef (ms):                 skipped
[28.707s][debug  ][gc,phases,ref  ] GC(105)   Notify PhantomReferences: 0.0ms
[28.707s][debug  ][gc,phases,ref  ] GC(105)     PhantomRef (ms):               skipped
[28.707s][debug  ][gc,phases,ref  ] GC(105)   SoftReference:
[28.707s][debug  ][gc,phases,ref  ] GC(105)     Discovered: 0
[28.707s][debug  ][gc,phases,ref  ] GC(105)     Cleared: 0
[28.707s][debug  ][gc,phases,ref  ] GC(105)   WeakReference:
[28.707s][debug  ][gc,phases,ref  ] GC(105)     Discovered: 0
[28.707s][debug  ][gc,phases,ref  ] GC(105)     Cleared: 0
[28.707s][debug  ][gc,phases,ref  ] GC(105)   FinalReference:
[28.707s][debug  ][gc,phases,ref  ] GC(105)     Discovered: 0
[28.707s][debug  ][gc,phases,ref  ] GC(105)     Cleared: 0
[28.707s][debug  ][gc,phases,ref  ] GC(105)   PhantomReference:
[28.707s][debug  ][gc,phases,ref  ] GC(105)     Discovered: 0
[28.708s][debug  ][gc,phases,ref  ] GC(105)     Cleared: 0
[28.708s][debug  ][gc,phases      ] GC(105) Reference Processing 0.723ms
[28.708s][debug  ][gc,phases,start] GC(105) Weak Processing
[28.708s][debug  ][gc,phases      ] GC(105)   VM Weak                        Min:  0.0, Avg:  0.0, Max:  0.0, Diff:  0.0, Sum:  0.0, Workers: 6
[28.708s][debug  ][gc,phases      ] GC(105)     Dead                           Min: 0, Avg:  0.0, Max: 0, Diff: 0, Sum: 0, Workers: 6
[28.708s][debug  ][gc,phases      ] GC(105)     Total                          Min: 0, Avg:  1.3, Max: 8, Diff: 8, Sum: 8, Workers: 6
[28.708s][debug  ][gc,phases      ] GC(105)   ObjectSynchronizer Weak        Min:  0.0, Avg:  0.0, Max:  0.0, Diff:  0.0, Sum:  0.0, Workers: 6
[28.708s][debug  ][gc,phases      ] GC(105)     Dead                           Min: 0, Avg:  0.0, Max: 0, Diff: 0, Sum: 0, Workers: 6
[28.708s][debug  ][gc,phases      ] GC(105)     Total                          Min: 0, Avg:  0.5, Max: 3, Diff: 3, Sum: 3, Workers: 6
[28.708s][debug  ][gc,phases      ] GC(105)   JVMTI Tag Weak OopStorage      Min:  0.0, Avg:  0.0, Max:  0.0, Diff:  0.0, Sum:  0.0, Workers: 6
[28.708s][debug  ][gc,phases      ] GC(105)     Dead                           Min: 0, Avg:  0.0, Max: 0, Diff: 0, Sum: 0, Workers: 6
[28.708s][debug  ][gc,phases      ] GC(105)     Total                          Min: 0, Avg:  0.0, Max: 0, Diff: 0, Sum: 0, Workers: 6
[28.708s][debug  ][gc,phases      ] GC(105)   StringTable Weak               Min:  0.0, Avg:  0.0, Max:  0.0, Diff:  0.0, Sum:  0.0, Workers: 6
[28.708s][debug  ][gc,phases      ] GC(105)     Dead                           Min: 0, Avg:  0.0, Max: 0, Diff: 0, Sum: 0, Workers: 6
[28.708s][debug  ][gc,phases      ] GC(105)     Total                          Min: 767, Avg: 892.5, Max: 1068, Diff: 301, Sum: 5355, Workers: 6
[28.708s][debug  ][gc,phases      ] GC(105)   ResolvedMethodTable Weak       Min:  0.0, Avg:  0.0, Max:  0.0, Diff:  0.0, Sum:  0.0, Workers: 6
[28.708s][debug  ][gc,phases      ] GC(105)     Dead                           Min: 0, Avg:  0.0, Max: 0, Diff: 0, Sum: 0, Workers: 6
[28.708s][debug  ][gc,phases      ] GC(105)     Total                          Min: 0, Avg: 21.5, Max: 64, Diff: 64, Sum: 129, Workers: 6
[28.708s][debug  ][gc,phases      ] GC(105)   JNI Weak                       Min:  0.0, Avg:  0.0, Max:  0.0, Diff:  0.0, Sum:  0.0, Workers: 6
[28.708s][debug  ][gc,phases      ] GC(105)     Dead                           Min: 0, Avg:  0.0, Max: 0, Diff: 0, Sum: 0, Workers: 6
[28.708s][debug  ][gc,phases      ] GC(105)     Total                          Min: 0, Avg:  0.0, Max: 0, Diff: 0, Sum: 0, Workers: 6
[28.708s][debug  ][gc,phases      ] GC(105)   StringDedup Table Weak         Min:  0.0, Avg:  0.0, Max:  0.0, Diff:  0.0, Sum:  0.0, Workers: 6
[28.708s][debug  ][gc,phases      ] GC(105)     Dead                           Min: 0, Avg:  0.0, Max: 0, Diff: 0, Sum: 0, Workers: 6
[28.708s][debug  ][gc,phases      ] GC(105)     Total                          Min: 0, Avg:  0.0, Max: 0, Diff: 0, Sum: 0, Workers: 6
[28.708s][debug  ][gc,phases      ] GC(105)   StringDedup Requests0 Weak     Min:  0.0, Avg:  0.0, Max:  0.0, Diff:  0.0, Sum:  0.0, Workers: 6
[28.708s][debug  ][gc,phases      ] GC(105)     Dead                           Min: 0, Avg:  0.0, Max: 0, Diff: 0, Sum: 0, Workers: 6
[28.708s][debug  ][gc,phases      ] GC(105)     Total                          Min: 0, Avg:  0.0, Max: 0, Diff: 0, Sum: 0, Workers: 6
[28.708s][debug  ][gc,phases      ] GC(105)   StringDedup Requests1 Weak     Min:  0.0, Avg:  0.0, Max:  0.0, Diff:  0.0, Sum:  0.0, Workers: 6
[28.708s][debug  ][gc,phases      ] GC(105)     Dead                           Min: 0, Avg:  0.0, Max: 0, Diff: 0, Sum: 0, Workers: 6
[28.708s][debug  ][gc,phases      ] GC(105)     Total                          Min: 0, Avg:  0.0, Max: 0, Diff: 0, Sum: 0, Workers: 6
[28.708s][debug  ][gc,phases      ] GC(105)   Weak JFR Old Object Samples    Min:  0.0, Avg:  0.0, Max:  0.0, Diff:  0.0, Sum:  0.0, Workers: 6
[28.708s][debug  ][gc,phases      ] GC(105)     Dead                           Min: 0, Avg:  0.0, Max: 0, Diff: 0, Sum: 0, Workers: 6
[28.708s][debug  ][gc,phases      ] GC(105)     Total                          Min: 0, Avg:  0.0, Max: 0, Diff: 0, Sum: 0, Workers: 6
[28.708s][debug  ][gc,phases      ] GC(105) Weak Processing 0.836ms
[28.708s][debug  ][gc,ergo        ] GC(105) AdaptiveSizeStart:  collection: 106 
[28.708s][debug  ][gc,ergo        ] GC(105) avg_survived_padded_avg: 32094828.000000
[28.708s][debug  ][gc,ergo        ] GC(105) avg_promoted_padded_avg: 273577088.000000  avg_pretenured_padded_avg: 0.000000  tenuring_thresh: 9  target_size: 32505856
[28.708s][debug  ][gc,age         ] GC(105) Desired survivor size 32505856 bytes, new threshold 9 (max threshold 15)
[28.708s][debug  ][gc,ergo        ] GC(105) PSAdaptiveSizePolicy::compute_eden_space_size limits: desired_eden_size: 222315860 old_eden_size: 203423744 eden_limit: 203423744 cur_eden: 203423744 max_eden_size: 203423744 avg_young_live: 26720908
[28.709s][debug  ][gc,ergo        ] GC(105) PSAdaptiveSizePolicy::compute_eden_space_size: costs minor_time: 0.043527 major_cost: 0.050693 mutator_cost: 0.905779 throughput_goal: 0.990000
[28.709s][debug  ][gc,ergo        ] GC(105) Live_space: 1009332544 free_space: 1403518976
[28.709s][debug  ][gc,ergo        ] GC(105) Old eden_size: 203423744 desired_eden_size: 203423744
[28.709s][debug  ][gc,ergo        ] GC(105) AdaptiveSizeStop: collection: 106 
[28.709s][info   ][gc,heap        ] GC(105) PSYoungGen: 229122K(230400K)->30720K(230400K) Eden: 198402K(198656K)->0K(198656K) From: 30720K(31744K)->30720K(31744K)
[28.709s][info   ][gc,heap        ] GC(105) ParOldGen: 912996K(1835008K)->1107556K(1835008K)
[28.709s][info   ][gc,metaspace   ] GC(105) Metaspace: 1023K(1216K)->1023K(1216K) NonClass: 940K(1024K)->940K(1024K) Class: 83K(192K)->83K(192K)
[28.709s][info   ][gc             ] GC(105) Pause Young (Allocation Failure) 1115M->1111M(2017M) 17.354ms
[28.709s][info   ][gc,cpu         ] GC(105) User=0.12s Sys=0.00s Real=0.02s
[28.709s][debug  ][gc,heap        ] GC(105) Heap after GC invocations=106 (full 17):
[28.709s][debug  ][gc,heap        ] GC(105)  PSYoungGen      total 230400K, used 30720K [0x00000000f0000000, 0x0000000100000000, 0x0000000100000000)
[28.709s][debug  ][gc,heap        ] GC(105)   eden space 198656K, 0% used [0x00000000f0000000,0x00000000f0000000,0x00000000fc200000)
[28.709s][debug  ][gc,heap        ] GC(105)   from space 31744K, 96% used [0x00000000fe100000,0x00000000fff00030,0x0000000100000000)
[28.709s][debug  ][gc,heap        ] GC(105)   to   space 31744K, 0% used [0x00000000fc200000,0x00000000fc200000,0x00000000fe100000)
[28.709s][debug  ][gc,heap        ] GC(105)  ParOldGen       total 1835008K, used 1107556K [0x0000000080000000, 0x00000000f0000000, 0x00000000f0000000)
[28.709s][debug  ][gc,heap        ] GC(105)   object space 1835008K, 60% used [0x0000000080000000,0x00000000c39992c8,0x00000000f0000000)
[28.709s][debug  ][gc,heap        ] GC(105)  Metaspace       used 1023K, committed 1216K, reserved 1056768K
[28.709s][debug  ][gc,heap        ] GC(105)   class space    used 83K, committed 192K, reserved 1048576K
[28.709s][debug  ][gc,task,time   ] GC(105) VM-Thread 286909162 287068048 287089758
[29.008s][debug  ][gc,heap        ] GC(106) Heap before GC invocations=107 (full 17):
[29.008s][debug  ][gc,heap        ] GC(106)  PSYoungGen      total 230400K, used 229141K [0x00000000f0000000, 0x0000000100000000, 0x0000000100000000)
[29.008s][debug  ][gc,heap        ] GC(106)   eden space 198656K, 99% used [0x00000000f0000000,0x00000000fc1c5690,0x00000000fc200000)
[29.008s][debug  ][gc,heap        ] GC(106)   from space 31744K, 96% used [0x00000000fe100000,0x00000000fff00030,0x0000000100000000)
[29.008s][debug  ][gc,heap        ] GC(106)   to   space 31744K, 0% used [0x00000000fc200000,0x00000000fc200000,0x00000000fe100000)
[29.008s][debug  ][gc,heap        ] GC(106)  ParOldGen       total 1835008K, used 1107556K [0x0000000080000000, 0x00000000f0000000, 0x00000000f0000000)
[29.008s][debug  ][gc,heap        ] GC(106)   object space 1835008K, 60% used [0x0000000080000000,0x00000000c39992c8,0x00000000f0000000)
[29.008s][debug  ][gc,heap        ] GC(106)  Metaspace       used 1023K, committed 1216K, reserved 1056768K
[29.008s][debug  ][gc,heap        ] GC(106)   class space    used 83K, committed 192K, reserved 1048576K
[29.008s][debug  ][gc,tlab        ] GC(106) TLAB totals: thrds: 1  refills: 1 max: 1 slow allocs: 18 max 18 waste: 27.4% gc: 3954016B max: 3954016B slow: 0B max: 0B
[29.008s][info   ][gc,start       ] GC(106) Pause Young (Allocation Failure)
[29.008s][debug  ][gc,phases,start] GC(106) Scavenge
[29.023s][debug  ][gc,phases      ] GC(106) Scavenge 15.236ms
[29.023s][debug  ][gc,phases,start] GC(106) Reference Processing
[29.023s][debug  ][gc,ref         ] GC(106) Skipped phase 1 of Reference Processing: no references
[29.023s][debug  ][gc,ref         ] GC(106) Skipped phase 2 of Reference Processing: no references
[29.023s][debug  ][gc,ref         ] GC(106) Skipped phase 3 of Reference Processing: no references
[29.023s][debug  ][gc,ref         ] GC(106) Skipped phase 4 of Reference Processing: no references
[29.024s][debug  ][gc,phases,ref  ] GC(106) Reference Processing: 0.1ms
[29.024s][debug  ][gc,phases,ref  ] GC(106)   Reconsider SoftReferences: 0.0ms
[29.024s][debug  ][gc,phases,ref  ] GC(106)     SoftRef (ms):                  skipped
[29.024s][debug  ][gc,phases,ref  ] GC(106)   Notify Soft/WeakReferences: 0.0ms
[29.024s][debug  ][gc,phases,ref  ] GC(106)     SoftRef (ms):                  skipped
[29.024s][debug  ][gc,phases,ref  ] GC(106)     WeakRef (ms):                  skipped
[29.024s][debug  ][gc,phases,ref  ] GC(106)     FinalRef (ms):                 skipped
[29.024s][debug  ][gc,phases,ref  ] GC(106)     Total (ms):                    skipped
[29.024s][debug  ][gc,phases,ref  ] GC(106)   Notify and keep alive finalizable: 0.0ms
[29.024s][debug  ][gc,phases,ref  ] GC(106)     FinalRef (ms):                 skipped
[29.024s][debug  ][gc,phases,ref  ] GC(106)   Notify PhantomReferences: 0.0ms
[29.024s][debug  ][gc,phases,ref  ] GC(106)     PhantomRef (ms):               skipped
[29.024s][debug  ][gc,phases,ref  ] GC(106)   SoftReference:
[29.024s][debug  ][gc,phases,ref  ] GC(106)     Discovered: 0
[29.024s][debug  ][gc,phases,ref  ] GC(106)     Cleared: 0
[29.024s][debug  ][gc,phases,ref  ] GC(106)   WeakReference:
[29.024s][debug  ][gc,phases,ref  ] GC(106)     Discovered: 0
[29.024s][debug  ][gc,phases,ref  ] GC(106)     Cleared: 0
[29.024s][debug  ][gc,phases,ref  ] GC(106)   FinalReference:
[29.024s][debug  ][gc,phases,ref  ] GC(106)     Discovered: 0
[29.024s][debug  ][gc,phases,ref  ] GC(106)     Cleared: 0
[29.024s][debug  ][gc,phases,ref  ] GC(106)   PhantomReference:
[29.024s][debug  ][gc,phases,ref  ] GC(106)     Discovered: 0
[29.024s][debug  ][gc,phases,ref  ] GC(106)     Cleared: 0
[29.024s][debug  ][gc,phases      ] GC(106) Reference Processing 0.960ms
[29.024s][debug  ][gc,phases,start] GC(106) Weak Processing
[29.024s][debug  ][gc,phases      ] GC(106)   VM Weak                        Min:  0.0, Avg:  0.0, Max:  0.0, Diff:  0.0, Sum:  0.0, Workers: 6
[29.024s][debug  ][gc,phases      ] GC(106)     Dead                           Min: 0, Avg:  0.0, Max: 0, Diff: 0, Sum: 0, Workers: 6
[29.024s][debug  ][gc,phases      ] GC(106)     Total                          Min: 0, Avg:  1.3, Max: 8, Diff: 8, Sum: 8, Workers: 6
[29.024s][debug  ][gc,phases      ] GC(106)   ObjectSynchronizer Weak        Min:  0.0, Avg:  0.0, Max:  0.0, Diff:  0.0, Sum:  0.0, Workers: 6
[29.025s][debug  ][gc,phases      ] GC(106)     Dead                           Min: 0, Avg:  0.0, Max: 0, Diff: 0, Sum: 0, Workers: 6
[29.025s][debug  ][gc,phases      ] GC(106)     Total                          Min: 0, Avg:  0.5, Max: 3, Diff: 3, Sum: 3, Workers: 6
[29.025s][debug  ][gc,phases      ] GC(106)   JVMTI Tag Weak OopStorage      Min:  0.0, Avg:  0.0, Max:  0.0, Diff:  0.0, Sum:  0.0, Workers: 6
[29.025s][debug  ][gc,phases      ] GC(106)     Dead                           Min: 0, Avg:  0.0, Max: 0, Diff: 0, Sum: 0, Workers: 6
[29.025s][debug  ][gc,phases      ] GC(106)     Total                          Min: 0, Avg:  0.0, Max: 0, Diff: 0, Sum: 0, Workers: 6
[29.025s][debug  ][gc,phases      ] GC(106)   StringTable Weak               Min:  0.0, Avg:  0.0, Max:  0.0, Diff:  0.0, Sum:  0.0, Workers: 6
[29.025s][debug  ][gc,phases      ] GC(106)     Dead                           Min: 0, Avg:  0.0, Max: 0, Diff: 0, Sum: 0, Workers: 6
[29.025s][debug  ][gc,phases      ] GC(106)     Total                          Min: 811, Avg: 892.5, Max: 1024, Diff: 213, Sum: 5355, Workers: 6
[29.025s][debug  ][gc,phases      ] GC(106)   ResolvedMethodTable Weak       Min:  0.0, Avg:  0.0, Max:  0.0, Diff:  0.0, Sum:  0.0, Workers: 6
[29.025s][debug  ][gc,phases      ] GC(106)     Dead                           Min: 0, Avg:  0.0, Max: 0, Diff: 0, Sum: 0, Workers: 6
[29.025s][debug  ][gc,phases      ] GC(106)     Total                          Min: 0, Avg: 21.5, Max: 64, Diff: 64, Sum: 129, Workers: 6
[29.025s][debug  ][gc,phases      ] GC(106)   JNI Weak                       Min:  0.0, Avg:  0.0, Max:  0.0, Diff:  0.0, Sum:  0.0, Workers: 6
[29.025s][debug  ][gc,phases      ] GC(106)     Dead                           Min: 0, Avg:  0.0, Max: 0, Diff: 0, Sum: 0, Workers: 6
[29.025s][debug  ][gc,phases      ] GC(106)     Total                          Min: 0, Avg:  0.0, Max: 0, Diff: 0, Sum: 0, Workers: 6
[29.025s][debug  ][gc,phases      ] GC(106)   StringDedup Table Weak         Min:  0.0, Avg:  0.0, Max:  0.0, Diff:  0.0, Sum:  0.0, Workers: 6
[29.025s][debug  ][gc,phases      ] GC(106)     Dead                           Min: 0, Avg:  0.0, Max: 0, Diff: 0, Sum: 0, Workers: 6
[29.025s][debug  ][gc,phases      ] GC(106)     Total                          Min: 0, Avg:  0.0, Max: 0, Diff: 0, Sum: 0, Workers: 6
[29.025s][debug  ][gc,phases      ] GC(106)   StringDedup Requests0 Weak     Min:  0.0, Avg:  0.0, Max:  0.0, Diff:  0.0, Sum:  0.0, Workers: 6
[29.025s][debug  ][gc,phases      ] GC(106)     Dead                           Min: 0, Avg:  0.0, Max: 0, Diff: 0, Sum: 0, Workers: 6
[29.025s][debug  ][gc,phases      ] GC(106)     Total                          Min: 0, Avg:  0.0, Max: 0, Diff: 0, Sum: 0, Workers: 6
[29.025s][debug  ][gc,phases      ] GC(106)   StringDedup Requests1 Weak     Min:  0.0, Avg:  0.0, Max:  0.0, Diff:  0.0, Sum:  0.0, Workers: 6
[29.025s][debug  ][gc,phases      ] GC(106)     Dead                           Min: 0, Avg:  0.0, Max: 0, Diff: 0, Sum: 0, Workers: 6
[29.025s][debug  ][gc,phases      ] GC(106)     Total                          Min: 0, Avg:  0.0, Max: 0, Diff: 0, Sum: 0, Workers: 6
[29.025s][debug  ][gc,phases      ] GC(106)   Weak JFR Old Object Samples    Min:  0.0, Avg:  0.0, Max:  0.0, Diff:  0.0, Sum:  0.0, Workers: 6
[29.025s][debug  ][gc,phases      ] GC(106)     Dead                           Min: 0, Avg:  0.0, Max: 0, Diff: 0, Sum: 0, Workers: 6
[29.025s][debug  ][gc,phases      ] GC(106)     Total                          Min: 0, Avg:  0.0, Max: 0, Diff: 0, Sum: 0, Workers: 6
[29.025s][debug  ][gc,phases      ] GC(106) Weak Processing 0.791ms
[29.025s][debug  ][gc,ergo        ] GC(106) AdaptiveSizeStart:  collection: 107 
[29.025s][debug  ][gc,ergo        ] GC(106) avg_survived_padded_avg: 32043570.000000
[29.025s][debug  ][gc,ergo        ] GC(106) avg_promoted_padded_avg: 276600832.000000  avg_pretenured_padded_avg: 0.000000  tenuring_thresh: 9  target_size: 32505856
[29.025s][debug  ][gc,age         ] GC(106) Desired survivor size 32505856 bytes, new threshold 9 (max threshold 15)
[29.025s][debug  ][gc,ergo        ] GC(106) PSAdaptiveSizePolicy::compute_eden_space_size limits: desired_eden_size: 222915312 old_eden_size: 203423744 eden_limit: 203423744 cur_eden: 203423744 max_eden_size: 203423744 avg_young_live: 27194548
[29.025s][debug  ][gc,ergo        ] GC(106) PSAdaptiveSizePolicy::compute_eden_space_size: costs minor_time: 0.046166 major_cost: 0.050693 mutator_cost: 0.903140 throughput_goal: 0.990000
[29.025s][debug  ][gc,ergo        ] GC(106) Live_space: 1009806208 free_space: 1403518976
[29.025s][debug  ][gc,ergo        ] GC(106) Old eden_size: 203423744 desired_eden_size: 203423744
[29.025s][debug  ][gc,ergo        ] GC(106) AdaptiveSizeStop: collection: 107 
[29.025s][info   ][gc,heap        ] GC(106) PSYoungGen: 229141K(230400K)->30720K(230400K) Eden: 198421K(198656K)->0K(198656K) From: 30720K(31744K)->30720K(31744K)
[29.025s][info   ][gc,heap        ] GC(106) ParOldGen: 1107556K(1835008K)->1302116K(1835008K)
[29.025s][info   ][gc,metaspace   ] GC(106) Metaspace: 1023K(1216K)->1023K(1216K) NonClass: 940K(1024K)->940K(1024K) Class: 83K(192K)->83K(192K)
[29.025s][info   ][gc             ] GC(106) Pause Young (Allocation Failure) 1305M->1301M(2017M) 17.484ms
[29.025s][info   ][gc,cpu         ] GC(106) User=0.12s Sys=0.02s Real=0.02s
[29.026s][debug  ][gc,heap        ] GC(106) Heap after GC invocations=107 (full 17):
[29.026s][debug  ][gc,heap        ] GC(106)  PSYoungGen      total 230400K, used 30720K [0x00000000f0000000, 0x0000000100000000, 0x0000000100000000)
[29.026s][debug  ][gc,heap        ] GC(106)   eden space 198656K, 0% used [0x00000000f0000000,0x00000000f0000000,0x00000000fc200000)
[29.026s][debug  ][gc,heap        ] GC(106)   from space 31744K, 96% used [0x00000000fc200000,0x00000000fe000030,0x00000000fe100000)
[29.026s][debug  ][gc,heap        ] GC(106)   to   space 31744K, 0% used [0x00000000fe100000,0x00000000fe100000,0x0000000100000000)
[29.026s][debug  ][gc,heap        ] GC(106)  ParOldGen       total 1835008K, used 1302116K [0x0000000080000000, 0x00000000f0000000, 0x00000000f0000000)
[29.026s][debug  ][gc,heap        ] GC(106)   object space 1835008K, 70% used [0x0000000080000000,0x00000000cf7993f8,0x00000000f0000000)
[29.026s][debug  ][gc,heap        ] GC(106)  Metaspace       used 1023K, committed 1216K, reserved 1056768K
[29.026s][debug  ][gc,heap        ] GC(106)   class space    used 83K, committed 192K, reserved 1048576K
[29.026s][debug  ][gc,task,time   ] GC(106) VM-Thread 290075691 290233472 290257052
[29.325s][debug  ][gc,heap        ] GC(107) Heap before GC invocations=108 (full 17):
[29.325s][debug  ][gc,heap        ] GC(107)  PSYoungGen      total 230400K, used 229153K [0x00000000f0000000, 0x0000000100000000, 0x0000000100000000)
[29.325s][debug  ][gc,heap        ] GC(107)   eden space 198656K, 99% used [0x00000000f0000000,0x00000000fc1c86d0,0x00000000fc200000)
[29.325s][debug  ][gc,heap        ] GC(107)   from space 31744K, 96% used [0x00000000fc200000,0x00000000fe000030,0x00000000fe100000)
[29.325s][debug  ][gc,heap        ] GC(107)   to   space 31744K, 0% used [0x00000000fe100000,0x00000000fe100000,0x0000000100000000)
[29.325s][debug  ][gc,heap        ] GC(107)  ParOldGen       total 1835008K, used 1302116K [0x0000000080000000, 0x00000000f0000000, 0x00000000f0000000)
[29.325s][debug  ][gc,heap        ] GC(107)   object space 1835008K, 70% used [0x0000000080000000,0x00000000cf7993f8,0x00000000f0000000)
[29.325s][debug  ][gc,heap        ] GC(107)  Metaspace       used 1023K, committed 1216K, reserved 1056768K
[29.325s][debug  ][gc,heap        ] GC(107)   class space    used 83K, committed 192K, reserved 1048576K
[29.325s][debug  ][gc,tlab        ] GC(107) TLAB totals: thrds: 1  refills: 1 max: 1 slow allocs: 18 max 18 waste: 27.4% gc: 3966368B max: 3966368B slow: 0B max: 0B
[29.325s][info   ][gc,start       ] GC(107) Pause Young (Allocation Failure)
[29.325s][debug  ][gc,phases,start] GC(107) Scavenge
[29.341s][debug  ][gc,phases      ] GC(107) Scavenge 15.569ms
[29.341s][debug  ][gc,phases,start] GC(107) Reference Processing
[29.341s][debug  ][gc,ref         ] GC(107) Skipped phase 1 of Reference Processing: no references
[29.341s][debug  ][gc,ref         ] GC(107) Skipped phase 2 of Reference Processing: no references
[29.341s][debug  ][gc,ref         ] GC(107) Skipped phase 3 of Reference Processing: no references
[29.341s][debug  ][gc,ref         ] GC(107) Skipped phase 4 of Reference Processing: no references
[29.341s][debug  ][gc,phases,ref  ] GC(107) Reference Processing: 0.1ms
[29.341s][debug  ][gc,phases,ref  ] GC(107)   Reconsider SoftReferences: 0.0ms
[29.341s][debug  ][gc,phases,ref  ] GC(107)     SoftRef (ms):                  skipped
[29.341s][debug  ][gc,phases,ref  ] GC(107)   Notify Soft/WeakReferences: 0.0ms
[29.341s][debug  ][gc,phases,ref  ] GC(107)     SoftRef (ms):                  skipped
[29.341s][debug  ][gc,phases,ref  ] GC(107)     WeakRef (ms):                  skipped
[29.341s][debug  ][gc,phases,ref  ] GC(107)     FinalRef (ms):                 skipped
[29.341s][debug  ][gc,phases,ref  ] GC(107)     Total (ms):                    skipped
[29.341s][debug  ][gc,phases,ref  ] GC(107)   Notify and keep alive finalizable: 0.0ms
[29.341s][debug  ][gc,phases,ref  ] GC(107)     FinalRef (ms):                 skipped
[29.341s][debug  ][gc,phases,ref  ] GC(107)   Notify PhantomReferences: 0.0ms
[29.341s][debug  ][gc,phases,ref  ] GC(107)     PhantomRef (ms):               skipped
[29.341s][debug  ][gc,phases,ref  ] GC(107)   SoftReference:
[29.341s][debug  ][gc,phases,ref  ] GC(107)     Discovered: 0
[29.341s][debug  ][gc,phases,ref  ] GC(107)     Cleared: 0
[29.341s][debug  ][gc,phases,ref  ] GC(107)   WeakReference:
[29.341s][debug  ][gc,phases,ref  ] GC(107)     Discovered: 0
[29.341s][debug  ][gc,phases,ref  ] GC(107)     Cleared: 0
[29.341s][debug  ][gc,phases,ref  ] GC(107)   FinalReference:
[29.341s][debug  ][gc,phases,ref  ] GC(107)     Discovered: 0
[29.341s][debug  ][gc,phases,ref  ] GC(107)     Cleared: 0
[29.341s][debug  ][gc,phases,ref  ] GC(107)   PhantomReference:
[29.341s][debug  ][gc,phases,ref  ] GC(107)     Discovered: 0
[29.341s][debug  ][gc,phases,ref  ] GC(107)     Cleared: 0
[29.341s][debug  ][gc,phases      ] GC(107) Reference Processing 0.667ms
[29.341s][debug  ][gc,phases,start] GC(107) Weak Processing
[29.342s][debug  ][gc,phases      ] GC(107)   VM Weak                        Min:  0.0, Avg:  0.0, Max:  0.0, Diff:  0.0, Sum:  0.0, Workers: 6
[29.342s][debug  ][gc,phases      ] GC(107)     Dead                           Min: 0, Avg:  0.0, Max: 0, Diff: 0, Sum: 0, Workers: 6
[29.342s][debug  ][gc,phases      ] GC(107)     Total                          Min: 0, Avg:  1.3, Max: 8, Diff: 8, Sum: 8, Workers: 6
[29.342s][debug  ][gc,phases      ] GC(107)   ObjectSynchronizer Weak        Min:  0.0, Avg:  0.0, Max:  0.0, Diff:  0.0, Sum:  0.0, Workers: 6
[29.342s][debug  ][gc,phases      ] GC(107)     Dead                           Min: 0, Avg:  0.0, Max: 0, Diff: 0, Sum: 0, Workers: 6
[29.342s][debug  ][gc,phases      ] GC(107)     Total                          Min: 0, Avg:  0.5, Max: 3, Diff: 3, Sum: 3, Workers: 6
[29.342s][debug  ][gc,phases      ] GC(107)   JVMTI Tag Weak OopStorage      Min:  0.0, Avg:  0.0, Max:  0.0, Diff:  0.0, Sum:  0.0, Workers: 6
[29.342s][debug  ][gc,phases      ] GC(107)     Dead                           Min: 0, Avg:  0.0, Max: 0, Diff: 0, Sum: 0, Workers: 6
[29.342s][debug  ][gc,phases      ] GC(107)     Total                          Min: 0, Avg:  0.0, Max: 0, Diff: 0, Sum: 0, Workers: 6
[29.342s][debug  ][gc,phases      ] GC(107)   StringTable Weak               Min:  0.0, Avg:  0.0, Max:  0.0, Diff:  0.0, Sum:  0.0, Workers: 6
[29.342s][debug  ][gc,phases      ] GC(107)     Dead                           Min: 0, Avg:  0.0, Max: 0, Diff: 0, Sum: 0, Workers: 6
[29.342s][debug  ][gc,phases      ] GC(107)     Total                          Min: 640, Avg: 892.5, Max: 1132, Diff: 492, Sum: 5355, Workers: 6
[29.342s][debug  ][gc,phases      ] GC(107)   ResolvedMethodTable Weak       Min:  0.0, Avg:  0.0, Max:  0.0, Diff:  0.0, Sum:  0.0, Workers: 6
[29.342s][debug  ][gc,phases      ] GC(107)     Dead                           Min: 0, Avg:  0.0, Max: 0, Diff: 0, Sum: 0, Workers: 6
[29.342s][debug  ][gc,phases      ] GC(107)     Total                          Min: 0, Avg: 21.5, Max: 64, Diff: 64, Sum: 129, Workers: 6
[29.342s][debug  ][gc,phases      ] GC(107)   JNI Weak                       Min:  0.0, Avg:  0.0, Max:  0.0, Diff:  0.0, Sum:  0.0, Workers: 6
[29.342s][debug  ][gc,phases      ] GC(107)     Dead                           Min: 0, Avg:  0.0, Max: 0, Diff: 0, Sum: 0, Workers: 6
[29.342s][debug  ][gc,phases      ] GC(107)     Total                          Min: 0, Avg:  0.0, Max: 0, Diff: 0, Sum: 0, Workers: 6
[29.342s][debug  ][gc,phases      ] GC(107)   StringDedup Table Weak         Min:  0.0, Avg:  0.0, Max:  0.0, Diff:  0.0, Sum:  0.0, Workers: 6
[29.342s][debug  ][gc,phases      ] GC(107)     Dead                           Min: 0, Avg:  0.0, Max: 0, Diff: 0, Sum: 0, Workers: 6
[29.342s][debug  ][gc,phases      ] GC(107)     Total                          Min: 0, Avg:  0.0, Max: 0, Diff: 0, Sum: 0, Workers: 6
[29.342s][debug  ][gc,phases      ] GC(107)   StringDedup Requests0 Weak     Min:  0.0, Avg:  0.0, Max:  0.0, Diff:  0.0, Sum:  0.0, Workers: 6
[29.342s][debug  ][gc,phases      ] GC(107)     Dead                           Min: 0, Avg:  0.0, Max: 0, Diff: 0, Sum: 0, Workers: 6
[29.342s][debug  ][gc,phases      ] GC(107)     Total                          Min: 0, Avg:  0.0, Max: 0, Diff: 0, Sum: 0, Workers: 6
[29.342s][debug  ][gc,phases      ] GC(107)   StringDedup Requests1 Weak     Min:  0.0, Avg:  0.0, Max:  0.0, Diff:  0.0, Sum:  0.0, Workers: 6
[29.342s][debug  ][gc,phases      ] GC(107)     Dead                           Min: 0, Avg:  0.0, Max: 0, Diff: 0, Sum: 0, Workers: 6
[29.342s][debug  ][gc,phases      ] GC(107)     Total                          Min: 0, Avg:  0.0, Max: 0, Diff: 0, Sum: 0, Workers: 6
[29.342s][debug  ][gc,phases      ] GC(107)   Weak JFR Old Object Samples    Min:  0.0, Avg:  0.0, Max:  0.0, Diff:  0.0, Sum:  0.0, Workers: 6
[29.342s][debug  ][gc,phases      ] GC(107)     Dead                           Min: 0, Avg:  0.0, Max: 0, Diff: 0, Sum: 0, Workers: 6
[29.342s][debug  ][gc,phases      ] GC(107)     Total                          Min: 0, Avg:  0.0, Max: 0, Diff: 0, Sum: 0, Workers: 6
[29.342s][debug  ][gc,phases      ] GC(107) Weak Processing 0.707ms
[29.342s][debug  ][gc,ergo        ] GC(107) AdaptiveSizeStart:  collection: 108 
[29.342s][debug  ][gc,ergo        ] GC(107) avg_survived_padded_avg: 31996190.000000
[29.342s][debug  ][gc,ergo        ] GC(107) avg_promoted_padded_avg: 278276352.000000  avg_pretenured_padded_avg: 0.000000  tenuring_thresh: 9  target_size: 32505856
[29.342s][debug  ][gc,age         ] GC(107) Desired survivor size 32505856 bytes, new threshold 9 (max threshold 15)
[29.342s][debug  ][gc,ergo        ] GC(107) PSAdaptiveSizePolicy::compute_eden_space_size limits: desired_eden_size: 223328873 old_eden_size: 203423744 eden_limit: 203423744 cur_eden: 203423744 max_eden_size: 203423744 avg_young_live: 27620824
[29.342s][debug  ][gc,ergo        ] GC(107) PSAdaptiveSizePolicy::compute_eden_space_size: costs minor_time: 0.048075 major_cost: 0.050693 mutator_cost: 0.901232 throughput_goal: 0.990000
[29.342s][debug  ][gc,ergo        ] GC(107) Live_space: 1010232448 free_space: 1403518976
[29.342s][debug  ][gc,ergo        ] GC(107) Old eden_size: 203423744 desired_eden_size: 203423744
[29.342s][debug  ][gc,ergo        ] GC(107) AdaptiveSizeStop: collection: 108 
[29.342s][info   ][gc,heap        ] GC(107) PSYoungGen: 229153K(230400K)->30720K(230400K) Eden: 198433K(198656K)->0K(198656K) From: 30720K(31744K)->30720K(31744K)
[29.342s][info   ][gc,heap        ] GC(107) ParOldGen: 1302116K(1835008K)->1496677K(1835008K)
[29.342s][info   ][gc,metaspace   ] GC(107) Metaspace: 1023K(1216K)->1023K(1216K) NonClass: 940K(1024K)->940K(1024K) Class: 83K(192K)->83K(192K)
[29.343s][info   ][gc             ] GC(107) Pause Young (Allocation Failure) 1495M->1491M(2017M) 17.406ms
[29.343s][info   ][gc,cpu         ] GC(107) User=0.11s Sys=0.00s Real=0.02s
[29.343s][debug  ][gc,heap        ] GC(107) Heap after GC invocations=108 (full 17):
[29.343s][debug  ][gc,heap        ] GC(107)  PSYoungGen      total 230400K, used 30720K [0x00000000f0000000, 0x0000000100000000, 0x0000000100000000)
[29.343s][debug  ][gc,heap        ] GC(107)   eden space 198656K, 0% used [0x00000000f0000000,0x00000000f0000000,0x00000000fc200000)
[29.343s][debug  ][gc,heap        ] GC(107)   from space 31744K, 96% used [0x00000000fe100000,0x00000000fff00030,0x0000000100000000)
[29.343s][debug  ][gc,heap        ] GC(107)   to   space 31744K, 0% used [0x00000000fc200000,0x00000000fc200000,0x00000000fe100000)
[29.343s][debug  ][gc,heap        ] GC(107)  ParOldGen       total 1835008K, used 1496677K [0x0000000080000000, 0x00000000f0000000, 0x00000000f0000000)
[29.343s][debug  ][gc,heap        ] GC(107)   object space 1835008K, 81% used [0x0000000080000000,0x00000000db599528,0x00000000f0000000)
[29.343s][debug  ][gc,heap        ] GC(107)  Metaspace       used 1023K, committed 1216K, reserved 1056768K
[29.343s][debug  ][gc,heap        ] GC(107)   class space    used 83K, committed 192K, reserved 1048576K
[29.343s][debug  ][gc,task,time   ] GC(107) VM-Thread 293246633 293407967 293427658
[29.640s][debug  ][gc,heap        ] GC(108) Heap before GC invocations=109 (full 17):
[29.640s][debug  ][gc,heap        ] GC(108)  PSYoungGen      total 230400K, used 229161K [0x00000000f0000000, 0x0000000100000000, 0x0000000100000000)
[29.640s][debug  ][gc,heap        ] GC(108)   eden space 198656K, 99% used [0x00000000f0000000,0x00000000fc1ca5d0,0x00000000fc200000)
[29.640s][debug  ][gc,heap        ] GC(108)   from space 31744K, 96% used [0x00000000fe100000,0x00000000fff00030,0x0000000100000000)
[29.640s][debug  ][gc,heap        ] GC(108)   to   space 31744K, 0% used [0x00000000fc200000,0x00000000fc200000,0x00000000fe100000)
[29.640s][debug  ][gc,heap        ] GC(108)  ParOldGen       total 1835008K, used 1496677K [0x0000000080000000, 0x00000000f0000000, 0x00000000f0000000)
[29.640s][debug  ][gc,heap        ] GC(108)   object space 1835008K, 81% used [0x0000000080000000,0x00000000db599528,0x00000000f0000000)
[29.640s][debug  ][gc,heap        ] GC(108)  Metaspace       used 1023K, committed 1216K, reserved 1056768K
[29.640s][debug  ][gc,heap        ] GC(108)   class space    used 83K, committed 192K, reserved 1048576K
[29.640s][debug  ][gc,tlab        ] GC(108) TLAB totals: thrds: 1  refills: 1 max: 1 slow allocs: 18 max 18 waste: 27.5% gc: 3974304B max: 3974304B slow: 0B max: 0B
[29.640s][info   ][gc,start       ] GC(108) Pause Young (Allocation Failure)
[29.640s][debug  ][gc,phases,start] GC(108) Scavenge
[29.656s][debug  ][gc,phases      ] GC(108) Scavenge 15.579ms
[29.656s][debug  ][gc,phases,start] GC(108) Reference Processing
[29.656s][debug  ][gc,ref         ] GC(108) Skipped phase 1 of Reference Processing: no references
[29.656s][debug  ][gc,ref         ] GC(108) Skipped phase 2 of Reference Processing: no references
[29.656s][debug  ][gc,ref         ] GC(108) Skipped phase 3 of Reference Processing: no references
[29.656s][debug  ][gc,ref         ] GC(108) Skipped phase 4 of Reference Processing: no references
[29.656s][debug  ][gc,phases,ref  ] GC(108) Reference Processing: 0.1ms
[29.656s][debug  ][gc,phases,ref  ] GC(108)   Reconsider SoftReferences: 0.0ms
[29.656s][debug  ][gc,phases,ref  ] GC(108)     SoftRef (ms):                  skipped
[29.656s][debug  ][gc,phases,ref  ] GC(108)   Notify Soft/WeakReferences: 0.0ms
[29.656s][debug  ][gc,phases,ref  ] GC(108)     SoftRef (ms):                  skipped
[29.656s][debug  ][gc,phases,ref  ] GC(108)     WeakRef (ms):                  skipped
[29.656s][debug  ][gc,phases,ref  ] GC(108)     FinalRef (ms):                 skipped
[29.656s][debug  ][gc,phases,ref  ] GC(108)     Total (ms):                    skipped
[29.656s][debug  ][gc,phases,ref  ] GC(108)   Notify and keep alive finalizable: 0.0ms
[29.656s][debug  ][gc,phases,ref  ] GC(108)     FinalRef (ms):                 skipped
[29.656s][debug  ][gc,phases,ref  ] GC(108)   Notify PhantomReferences: 0.0ms
[29.656s][debug  ][gc,phases,ref  ] GC(108)     PhantomRef (ms):               skipped
[29.657s][debug  ][gc,phases,ref  ] GC(108)   SoftReference:
[29.657s][debug  ][gc,phases,ref  ] GC(108)     Discovered: 0
[29.657s][debug  ][gc,phases,ref  ] GC(108)     Cleared: 0
[29.657s][debug  ][gc,phases,ref  ] GC(108)   WeakReference:
[29.657s][debug  ][gc,phases,ref  ] GC(108)     Discovered: 0
[29.657s][debug  ][gc,phases,ref  ] GC(108)     Cleared: 0
[29.657s][debug  ][gc,phases,ref  ] GC(108)   FinalReference:
[29.657s][debug  ][gc,phases,ref  ] GC(108)     Discovered: 0
[29.657s][debug  ][gc,phases,ref  ] GC(108)     Cleared: 0
[29.657s][debug  ][gc,phases,ref  ] GC(108)   PhantomReference:
[29.657s][debug  ][gc,phases,ref  ] GC(108)     Discovered: 0
[29.657s][debug  ][gc,phases,ref  ] GC(108)     Cleared: 0
[29.657s][debug  ][gc,phases      ] GC(108) Reference Processing 0.649ms
[29.657s][debug  ][gc,phases,start] GC(108) Weak Processing
[29.657s][debug  ][gc,phases      ] GC(108)   VM Weak                        Min:  0.0, Avg:  0.0, Max:  0.0, Diff:  0.0, Sum:  0.0, Workers: 6
[29.657s][debug  ][gc,phases      ] GC(108)     Dead                           Min: 0, Avg:  0.0, Max: 0, Diff: 0, Sum: 0, Workers: 6
[29.657s][debug  ][gc,phases      ] GC(108)     Total                          Min: 0, Avg:  1.3, Max: 8, Diff: 8, Sum: 8, Workers: 6
[29.657s][debug  ][gc,phases      ] GC(108)   ObjectSynchronizer Weak        Min:  0.0, Avg:  0.0, Max:  0.0, Diff:  0.0, Sum:  0.0, Workers: 6
[29.657s][debug  ][gc,phases      ] GC(108)     Dead                           Min: 0, Avg:  0.0, Max: 0, Diff: 0, Sum: 0, Workers: 6
[29.657s][debug  ][gc,phases      ] GC(108)     Total                          Min: 0, Avg:  0.5, Max: 3, Diff: 3, Sum: 3, Workers: 6
[29.657s][debug  ][gc,phases      ] GC(108)   JVMTI Tag Weak OopStorage      Min:  0.0, Avg:  0.0, Max:  0.0, Diff:  0.0, Sum:  0.0, Workers: 6
[29.657s][debug  ][gc,phases      ] GC(108)     Dead                           Min: 0, Avg:  0.0, Max: 0, Diff: 0, Sum: 0, Workers: 6
[29.657s][debug  ][gc,phases      ] GC(108)     Total                          Min: 0, Avg:  0.0, Max: 0, Diff: 0, Sum: 0, Workers: 6
[29.657s][debug  ][gc,phases      ] GC(108)   StringTable Weak               Min:  0.0, Avg:  0.0, Max:  0.0, Diff:  0.0, Sum:  0.0, Workers: 6
[29.657s][debug  ][gc,phases      ] GC(108)     Dead                           Min: 0, Avg:  0.0, Max: 0, Diff: 0, Sum: 0, Workers: 6
[29.657s][debug  ][gc,phases      ] GC(108)     Total                          Min: 768, Avg: 892.5, Max: 1132, Diff: 364, Sum: 5355, Workers: 6
[29.657s][debug  ][gc,phases      ] GC(108)   ResolvedMethodTable Weak       Min:  0.0, Avg:  0.0, Max:  0.0, Diff:  0.0, Sum:  0.0, Workers: 6
[29.657s][debug  ][gc,phases      ] GC(108)     Dead                           Min: 0, Avg:  0.0, Max: 0, Diff: 0, Sum: 0, Workers: 6
[29.657s][debug  ][gc,phases      ] GC(108)     Total                          Min: 0, Avg: 21.5, Max: 64, Diff: 64, Sum: 129, Workers: 6
[29.657s][debug  ][gc,phases      ] GC(108)   JNI Weak                       Min:  0.0, Avg:  0.0, Max:  0.0, Diff:  0.0, Sum:  0.0, Workers: 6
[29.657s][debug  ][gc,phases      ] GC(108)     Dead                           Min: 0, Avg:  0.0, Max: 0, Diff: 0, Sum: 0, Workers: 6
[29.657s][debug  ][gc,phases      ] GC(108)     Total                          Min: 0, Avg:  0.0, Max: 0, Diff: 0, Sum: 0, Workers: 6
[29.657s][debug  ][gc,phases      ] GC(108)   StringDedup Table Weak         Min:  0.0, Avg:  0.0, Max:  0.0, Diff:  0.0, Sum:  0.0, Workers: 6
[29.657s][debug  ][gc,phases      ] GC(108)     Dead                           Min: 0, Avg:  0.0, Max: 0, Diff: 0, Sum: 0, Workers: 6
[29.657s][debug  ][gc,phases      ] GC(108)     Total                          Min: 0, Avg:  0.0, Max: 0, Diff: 0, Sum: 0, Workers: 6
[29.657s][debug  ][gc,phases      ] GC(108)   StringDedup Requests0 Weak     Min:  0.0, Avg:  0.0, Max:  0.0, Diff:  0.0, Sum:  0.0, Workers: 6
[29.657s][debug  ][gc,phases      ] GC(108)     Dead                           Min: 0, Avg:  0.0, Max: 0, Diff: 0, Sum: 0, Workers: 6
[29.657s][debug  ][gc,phases      ] GC(108)     Total                          Min: 0, Avg:  0.0, Max: 0, Diff: 0, Sum: 0, Workers: 6
[29.657s][debug  ][gc,phases      ] GC(108)   StringDedup Requests1 Weak     Min:  0.0, Avg:  0.0, Max:  0.0, Diff:  0.0, Sum:  0.0, Workers: 6
[29.657s][debug  ][gc,phases      ] GC(108)     Dead                           Min: 0, Avg:  0.0, Max: 0, Diff: 0, Sum: 0, Workers: 6
[29.657s][debug  ][gc,phases      ] GC(108)     Total                          Min: 0, Avg:  0.0, Max: 0, Diff: 0, Sum: 0, Workers: 6
[29.657s][debug  ][gc,phases      ] GC(108)   Weak JFR Old Object Samples    Min:  0.0, Avg:  0.0, Max:  0.0, Diff:  0.0, Sum:  0.0, Workers: 6
[29.657s][debug  ][gc,phases      ] GC(108)     Dead                           Min: 0, Avg:  0.0, Max: 0, Diff: 0, Sum: 0, Workers: 6
[29.657s][debug  ][gc,phases      ] GC(108)     Total                          Min: 0, Avg:  0.0, Max: 0, Diff: 0, Sum: 0, Workers: 6
[29.658s][debug  ][gc,phases      ] GC(108) Weak Processing 0.716ms
[29.658s][debug  ][gc,ergo        ] GC(108) AdaptiveSizeStart:  collection: 109 
[29.658s][debug  ][gc,ergo        ] GC(108) avg_survived_padded_avg: 31952424.000000
[29.658s][debug  ][gc,ergo        ] GC(108) avg_promoted_padded_avg: 278843040.000000  avg_pretenured_padded_avg: 0.000000  tenuring_thresh: 9  target_size: 31981568
[29.658s][debug  ][gc,age         ] GC(108) Desired survivor size 31981568 bytes, new threshold 9 (max threshold 15)
[29.658s][debug  ][gc,ergo        ] GC(108) PSAdaptiveSizePolicy::compute_eden_space_size limits: desired_eden_size: 223645491 old_eden_size: 203423744 eden_limit: 203423744 cur_eden: 203423744 max_eden_size: 203423744 avg_young_live: 28004474
[29.658s][debug  ][gc,ergo        ] GC(108) PSAdaptiveSizePolicy::compute_eden_space_size: costs minor_time: 0.049588 major_cost: 0.050693 mutator_cost: 0.899719 throughput_goal: 0.990000
[29.658s][debug  ][gc,ergo        ] GC(108) Live_space: 1010616128 free_space: 1403518976
[29.658s][debug  ][gc,ergo        ] GC(108) Old eden_size: 203423744 desired_eden_size: 203423744
[29.658s][debug  ][gc,ergo        ] GC(108) AdaptiveSizeStop: collection: 109 
[29.658s][info   ][gc,heap        ] GC(108) PSYoungGen: 229161K(230400K)->30720K(230400K) Eden: 198441K(198656K)->0K(198656K) From: 30720K(31744K)->30720K(31744K)
[29.658s][info   ][gc,heap        ] GC(108) ParOldGen: 1496677K(1835008K)->1691237K(1835008K)
[29.658s][info   ][gc,metaspace   ] GC(108) Metaspace: 1023K(1216K)->1023K(1216K) NonClass: 940K(1024K)->940K(1024K) Class: 83K(192K)->83K(192K)
[29.658s][info   ][gc             ] GC(108) Pause Young (Allocation Failure) 1685M->1681M(2017M) 17.430ms
[29.658s][info   ][gc,cpu         ] GC(108) User=0.11s Sys=0.00s Real=0.02s
[29.658s][debug  ][gc,heap        ] GC(108) Heap after GC invocations=109 (full 17):
[29.658s][debug  ][gc,heap        ] GC(108)  PSYoungGen      total 230400K, used 30720K [0x00000000f0000000, 0x0000000100000000, 0x0000000100000000)
[29.658s][debug  ][gc,heap        ] GC(108)   eden space 198656K, 0% used [0x00000000f0000000,0x00000000f0000000,0x00000000fc200000)
[29.658s][debug  ][gc,heap        ] GC(108)   from space 31744K, 96% used [0x00000000fc200000,0x00000000fe000030,0x00000000fe100000)
[29.658s][debug  ][gc,heap        ] GC(108)   to   space 31232K, 0% used [0x00000000fe180000,0x00000000fe180000,0x0000000100000000)
[29.658s][debug  ][gc,heap        ] GC(108)  ParOldGen       total 1835008K, used 1691237K [0x0000000080000000, 0x00000000f0000000, 0x00000000f0000000)
[29.658s][debug  ][gc,heap        ] GC(108)   object space 1835008K, 92% used [0x0000000080000000,0x00000000e7399658,0x00000000f0000000)
[29.658s][debug  ][gc,heap        ] GC(108)  Metaspace       used 1023K, committed 1216K, reserved 1056768K
[29.658s][debug  ][gc,heap        ] GC(108)   class space    used 83K, committed 192K, reserved 1048576K
[29.658s][debug  ][gc,task,time   ] GC(108) VM-Thread 296399451 296561186 296580914
[29.658s][debug  ][gc,phases,start] GC(109) Pre Compact
[29.658s][debug  ][gc,heap        ] GC(109) Heap before GC invocations=110 (full 18):
[29.658s][debug  ][gc,heap        ] GC(109)  PSYoungGen      total 230400K, used 30720K [0x00000000f0000000, 0x0000000100000000, 0x0000000100000000)
[29.658s][debug  ][gc,heap        ] GC(109)   eden space 198656K, 0% used [0x00000000f0000000,0x00000000f0000000,0x00000000fc200000)
[29.658s][debug  ][gc,heap        ] GC(109)   from space 31744K, 96% used [0x00000000fc200000,0x00000000fe000030,0x00000000fe100000)
[29.658s][debug  ][gc,heap        ] GC(109)   to   space 31232K, 0% used [0x00000000fe180000,0x00000000fe180000,0x0000000100000000)
[29.658s][debug  ][gc,heap        ] GC(109)  ParOldGen       total 1835008K, used 1691237K [0x0000000080000000, 0x00000000f0000000, 0x00000000f0000000)
[29.658s][debug  ][gc,heap        ] GC(109)   object space 1835008K, 92% used [0x0000000080000000,0x00000000e7399658,0x00000000f0000000)
[29.658s][debug  ][gc,heap        ] GC(109)  Metaspace       used 1023K, committed 1216K, reserved 1056768K
[29.658s][debug  ][gc,heap        ] GC(109)   class space    used 83K, committed 192K, reserved 1048576K
[29.658s][debug  ][gc,phases      ] GC(109) Pre Compact 0.201ms
[29.658s][info   ][gc,start       ] GC(109) Pause Full (Ergonomics)
[29.658s][info   ][gc,phases,start] GC(109) Marking Phase
[29.658s][debug  ][gc,phases,start] GC(109) Par Mark
[29.659s][debug  ][gc,phases      ] GC(109) Par Mark 0.536ms
[29.659s][debug  ][gc,phases,start] GC(109) Reference Processing
[29.659s][debug  ][gc,ref         ] GC(109) Skipped phase 1 of Reference Processing: no references
[29.659s][debug  ][gc,ref         ] GC(109) ReferenceProcessor::execute queues: 1, RefProcThreadModel::Single, marks_oops_alive: false
[29.659s][debug  ][gc,ref         ] GC(109) Skipped phase 3 of Reference Processing: no references
[29.659s][debug  ][gc,ref         ] GC(109) ReferenceProcessor::execute queues: 1, RefProcThreadModel::Single, marks_oops_alive: false
[29.659s][debug  ][gc,phases,ref  ] GC(109) Reference Processing: 0.1ms
[29.659s][debug  ][gc,phases,ref  ] GC(109)   Reconsider SoftReferences: 0.0ms
[29.659s][debug  ][gc,phases,ref  ] GC(109)     SoftRef (ms):                  skipped
[29.659s][debug  ][gc,phases,ref  ] GC(109)   Notify Soft/WeakReferences: 0.0ms
[29.659s][debug  ][gc,phases,ref  ] GC(109)     SoftRef (ms):                  Min:  0.0, Avg:  0.0, Max:  0.0, Diff:  0.0, Sum:  0.0, Workers: 8
[29.659s][debug  ][gc,phases,ref  ] GC(109)     WeakRef (ms):                  Min:  0.0, Avg:  0.0, Max:  0.0, Diff:  0.0, Sum:  0.0, Workers: 8
[29.659s][debug  ][gc,phases,ref  ] GC(109)     FinalRef (ms):                 Min:  0.0, Avg:  0.0, Max:  0.0, Diff:  0.0, Sum:  0.0, Workers: 8
[29.659s][debug  ][gc,phases,ref  ] GC(109)     Total (ms):                    Min:  0.0, Avg:  0.0, Max:  0.0, Diff:  0.0, Sum:  0.0, Workers: 8
[29.659s][debug  ][gc,phases,ref  ] GC(109)   Notify and keep alive finalizable: 0.0ms
[29.659s][debug  ][gc,phases,ref  ] GC(109)     FinalRef (ms):                 skipped
[29.659s][debug  ][gc,phases,ref  ] GC(109)   Notify PhantomReferences: 0.0ms
[29.659s][debug  ][gc,phases,ref  ] GC(109)     PhantomRef (ms):               Min:  0.0, Avg:  0.0, Max:  0.0, Diff:  0.0, Sum:  0.0, Workers: 8
[29.659s][debug  ][gc,phases,ref  ] GC(109)   SoftReference:
[29.659s][debug  ][gc,phases,ref  ] GC(109)     Discovered: 0
[29.659s][debug  ][gc,phases,ref  ] GC(109)     Cleared: 0
[29.659s][debug  ][gc,phases,ref  ] GC(109)   WeakReference:
[29.659s][debug  ][gc,phases,ref  ] GC(109)     Discovered: 85
[29.659s][debug  ][gc,phases,ref  ] GC(109)     Cleared: 85
[29.659s][debug  ][gc,phases,ref  ] GC(109)   FinalReference:
[29.659s][debug  ][gc,phases,ref  ] GC(109)     Discovered: 0
[29.659s][debug  ][gc,phases,ref  ] GC(109)     Cleared: 0
[29.659s][debug  ][gc,phases,ref  ] GC(109)   PhantomReference:
[29.660s][debug  ][gc,phases,ref  ] GC(109)     Discovered: 4
[29.660s][debug  ][gc,phases,ref  ] GC(109)     Cleared: 4
[29.660s][debug  ][gc,phases      ] GC(109) Reference Processing 0.583ms
[29.660s][debug  ][gc,phases,start] GC(109) Weak Processing
[29.660s][debug  ][gc,phases      ] GC(109)   VM Weak                        Min:  0.0, Avg:  0.0, Max:  0.0, Diff:  0.0, Sum:  0.0, Workers: 6
[29.660s][debug  ][gc,phases      ] GC(109)     Dead                           Min: 0, Avg:  0.0, Max: 0, Diff: 0, Sum: 0, Workers: 6
[29.660s][debug  ][gc,phases      ] GC(109)     Total                          Min: 0, Avg:  1.3, Max: 8, Diff: 8, Sum: 8, Workers: 6
[29.660s][debug  ][gc,phases      ] GC(109)   ObjectSynchronizer Weak        Min:  0.0, Avg:  0.0, Max:  0.0, Diff:  0.0, Sum:  0.0, Workers: 6
[29.660s][debug  ][gc,phases      ] GC(109)     Dead                           Min: 0, Avg:  0.0, Max: 0, Diff: 0, Sum: 0, Workers: 6
[29.660s][debug  ][gc,phases      ] GC(109)     Total                          Min: 0, Avg:  0.5, Max: 3, Diff: 3, Sum: 3, Workers: 6
[29.660s][debug  ][gc,phases      ] GC(109)   JVMTI Tag Weak OopStorage      Min:  0.0, Avg:  0.0, Max:  0.0, Diff:  0.0, Sum:  0.0, Workers: 6
[29.660s][debug  ][gc,phases      ] GC(109)     Dead                           Min: 0, Avg:  0.0, Max: 0, Diff: 0, Sum: 0, Workers: 6
[29.660s][debug  ][gc,phases      ] GC(109)     Total                          Min: 0, Avg:  0.0, Max: 0, Diff: 0, Sum: 0, Workers: 6
[29.660s][debug  ][gc,phases      ] GC(109)   StringTable Weak               Min:  0.0, Avg:  0.0, Max:  0.0, Diff:  0.0, Sum:  0.0, Workers: 6
[29.660s][debug  ][gc,phases      ] GC(109)     Dead                           Min: 0, Avg:  0.0, Max: 0, Diff: 0, Sum: 0, Workers: 6
[29.660s][debug  ][gc,phases      ] GC(109)     Total                          Min: 703, Avg: 892.5, Max: 1324, Diff: 621, Sum: 5355, Workers: 6
[29.660s][debug  ][gc,phases      ] GC(109)   ResolvedMethodTable Weak       Min:  0.0, Avg:  0.0, Max:  0.0, Diff:  0.0, Sum:  0.0, Workers: 6
[29.660s][debug  ][gc,phases      ] GC(109)     Dead                           Min: 0, Avg:  0.0, Max: 0, Diff: 0, Sum: 0, Workers: 6
[29.660s][debug  ][gc,phases      ] GC(109)     Total                          Min: 0, Avg: 21.5, Max: 64, Diff: 64, Sum: 129, Workers: 6
[29.660s][debug  ][gc,phases      ] GC(109)   JNI Weak                       Min:  0.0, Avg:  0.0, Max:  0.0, Diff:  0.0, Sum:  0.0, Workers: 6
[29.660s][debug  ][gc,phases      ] GC(109)     Dead                           Min: 0, Avg:  0.0, Max: 0, Diff: 0, Sum: 0, Workers: 6
[29.660s][debug  ][gc,phases      ] GC(109)     Total                          Min: 0, Avg:  0.0, Max: 0, Diff: 0, Sum: 0, Workers: 6
[29.660s][debug  ][gc,phases      ] GC(109)   StringDedup Table Weak         Min:  0.0, Avg:  0.0, Max:  0.0, Diff:  0.0, Sum:  0.0, Workers: 6
[29.660s][debug  ][gc,phases      ] GC(109)     Dead                           Min: 0, Avg:  0.0, Max: 0, Diff: 0, Sum: 0, Workers: 6
[29.660s][debug  ][gc,phases      ] GC(109)     Total                          Min: 0, Avg:  0.0, Max: 0, Diff: 0, Sum: 0, Workers: 6
[29.660s][debug  ][gc,phases      ] GC(109)   StringDedup Requests0 Weak     Min:  0.0, Avg:  0.0, Max:  0.0, Diff:  0.0, Sum:  0.0, Workers: 6
[29.660s][debug  ][gc,phases      ] GC(109)     Dead                           Min: 0, Avg:  0.0, Max: 0, Diff: 0, Sum: 0, Workers: 6
[29.660s][debug  ][gc,phases      ] GC(109)     Total                          Min: 0, Avg:  0.0, Max: 0, Diff: 0, Sum: 0, Workers: 6
[29.660s][debug  ][gc,phases      ] GC(109)   StringDedup Requests1 Weak     Min:  0.0, Avg:  0.0, Max:  0.0, Diff:  0.0, Sum:  0.0, Workers: 6
[29.660s][debug  ][gc,phases      ] GC(109)     Dead                           Min: 0, Avg:  0.0, Max: 0, Diff: 0, Sum: 0, Workers: 6
[29.660s][debug  ][gc,phases      ] GC(109)     Total                          Min: 0, Avg:  0.0, Max: 0, Diff: 0, Sum: 0, Workers: 6
[29.660s][debug  ][gc,phases      ] GC(109)   Weak JFR Old Object Samples    Min:  0.0, Avg:  0.0, Max:  0.0, Diff:  0.0, Sum:  0.0, Workers: 6
[29.660s][debug  ][gc,phases      ] GC(109)     Dead                           Min: 0, Avg:  0.0, Max: 0, Diff: 0, Sum: 0, Workers: 6
[29.660s][debug  ][gc,phases      ] GC(109)     Total                          Min: 0, Avg:  0.0, Max: 0, Diff: 0, Sum: 0, Workers: 6
[29.660s][debug  ][gc,phases      ] GC(109) Weak Processing 0.701ms
[29.660s][debug  ][gc,phases,start] GC(109) Class Unloading
[29.660s][debug  ][gc,phases,start] GC(109) ClassLoaderData
[29.660s][debug  ][gc,phases      ] GC(109) ClassLoaderData 0.019ms
[29.660s][debug  ][gc,phases,start] GC(109) Trigger cleanups
[29.660s][debug  ][gc,phases      ] GC(109) Trigger cleanups 0.019ms
[29.661s][debug  ][gc,phases      ] GC(109) Class Unloading 0.253ms
[29.661s][info   ][gc,phases      ] GC(109) Marking Phase 2.203ms
[29.661s][info   ][gc,phases,start] GC(109) Summary Phase
[29.661s][info   ][gc,phases      ] GC(109) Summary Phase 0.036ms
[29.661s][info   ][gc,phases,start] GC(109) Adjust Roots
[29.661s][info   ][gc,phases      ] GC(109) Adjust Roots 0.130ms
[29.661s][info   ][gc,phases,start] GC(109) Compaction Phase
[29.751s][info   ][gc,phases      ] GC(109) Compaction Phase 90.051ms
[29.751s][info   ][gc,phases,start] GC(109) Post Compact
[29.757s][info   ][gc,phases      ] GC(109) Post Compact 5.541ms
[29.757s][debug  ][gc,ergo        ] GC(109) AdaptiveSizeStart: collection: 110 
[29.757s][debug  ][gc,ergo        ] GC(109) PSAdaptiveSizePolicy::compute_eden_space_size limits: desired_eden_size: 223733618 old_eden_size: 203423744 eden_limit: 203948032 cur_eden: 203423744 max_eden_size: 203948032 avg_young_live: 25204026
[29.757s][debug  ][gc,ergo        ] GC(109) PSAdaptiveSizePolicy::compute_eden_space_size: costs minor_time: 0.049588 major_cost: 0.050258 mutator_cost: 0.900154 throughput_goal: 0.990000
[29.757s][debug  ][gc,ergo        ] GC(109) Live_space: 1007815680 free_space: 1403518976
[29.757s][debug  ][gc,ergo        ] GC(109) Old eden_size: 203423744 desired_eden_size: 203948032
[29.757s][debug  ][gc,ergo        ] GC(109) PSAdaptiveSizePolicy::compute_old_gen_free_space limits: desired_promo_size: 1320963719 promo_limit: 1200095232 free_in_old_gen: 1149090304 max_old_gen_size: 1879048192 avg_old_live: 729957952
[29.757s][debug  ][gc,ergo        ] GC(109) PSAdaptiveSizePolicy::compute_old_gen_free_space: costs minor_time: 0.049588 major_cost: 0.050258  mutator_cost: 0.900154 throughput_goal: 0.990000
[29.757s][debug  ][gc,ergo        ] GC(109) Live_space: 1023597440 free_space: 1404043264
[29.757s][debug  ][gc,ergo        ] GC(109) Old promo_size: 1200095232 desired_promo_size: 1200095232
[29.757s][debug  ][gc,ergo        ] GC(109) AdaptiveSizeStop: collection: 110 
[29.757s][info   ][gc,heap        ] GC(109) PSYoungGen: 30720K(230400K)->0K(230912K) Eden: 0K(198656K)->0K(199680K) From: 30720K(31744K)->0K(31232K)
[29.757s][info   ][gc,heap        ] GC(109) ParOldGen: 1691237K(1835008K)->851556K(1835008K)
[29.757s][info   ][gc,metaspace   ] GC(109) Metaspace: 1023K(1216K)->1023K(1216K) NonClass: 940K(1024K)->940K(1024K) Class: 83K(192K)->83K(192K)
[29.757s][info   ][gc             ] GC(109) Pause Full (Ergonomics) 1681M->831M(2017M) 98.611ms
[29.757s][info   ][gc,cpu         ] GC(109) User=0.75s Sys=0.00s Real=0.10s
[29.757s][debug  ][gc,heap        ] GC(109) Heap after GC invocations=110 (full 18):
[29.757s][debug  ][gc,heap        ] GC(109)  PSYoungGen      total 230912K, used 0K [0x00000000f0000000, 0x0000000100000000, 0x0000000100000000)
[29.757s][debug  ][gc,heap        ] GC(109)   eden space 199680K, 0% used [0x00000000f0000000,0x00000000f0000000,0x00000000fc300000)
[29.757s][debug  ][gc,heap        ] GC(109)   from space 31232K, 0% used [0x00000000fe180000,0x00000000fe180000,0x0000000100000000)
[29.757s][debug  ][gc,heap        ] GC(109)   to   space 31232K, 0% used [0x00000000fc300000,0x00000000fc300000,0x00000000fe180000)
[29.757s][debug  ][gc,heap        ] GC(109)  ParOldGen       total 1835008K, used 851556K [0x0000000080000000, 0x00000000f0000000, 0x00000000f0000000)
[29.757s][debug  ][gc,heap        ] GC(109)   object space 1835008K, 46% used [0x0000000080000000,0x00000000b3f99138,0x00000000f0000000)
[29.757s][debug  ][gc,heap        ] GC(109)  Metaspace       used 1023K, committed 1216K, reserved 1056768K
[29.757s][debug  ][gc,heap        ] GC(109)   class space    used 83K, committed 192K, reserved 1048576K
[29.757s][debug  ][gc,task,time   ] GC(109) VM-Thread 296583677 296608363 297570164
[30.066s][debug  ][gc,heap        ] GC(110) Heap before GC invocations=111 (full 18):
[30.066s][debug  ][gc,heap        ] GC(110)  PSYoungGen      total 230912K, used 198466K [0x00000000f0000000, 0x0000000100000000, 0x0000000100000000)
[30.066s][debug  ][gc,heap        ] GC(110)   eden space 199680K, 99% used [0x00000000f0000000,0x00000000fc1d09e8,0x00000000fc300000)
[30.066s][debug  ][gc,heap        ] GC(110)   from space 31232K, 0% used [0x00000000fe180000,0x00000000fe180000,0x0000000100000000)
[30.066s][debug  ][gc,heap        ] GC(110)   to   space 31232K, 0% used [0x00000000fc300000,0x00000000fc300000,0x00000000fe180000)
[30.066s][debug  ][gc,heap        ] GC(110)  ParOldGen       total 1835008K, used 851556K [0x0000000080000000, 0x00000000f0000000, 0x00000000f0000000)
[30.066s][debug  ][gc,heap        ] GC(110)   object space 1835008K, 46% used [0x0000000080000000,0x00000000b3f99138,0x00000000f0000000)
[30.066s][debug  ][gc,heap        ] GC(110)  Metaspace       used 1024K, committed 1216K, reserved 1056768K
[30.066s][debug  ][gc,heap        ] GC(110)   class space    used 83K, committed 192K, reserved 1048576K
[30.066s][debug  ][gc,tlab        ] GC(110) TLAB totals: thrds: 1  refills: 1 max: 1 slow allocs: 18 max 18 waste: 27.6% gc: 3998864B max: 3998864B slow: 0B max: 0B
[30.066s][info   ][gc,start       ] GC(110) Pause Young (Allocation Failure)
[30.066s][debug  ][gc,phases,start] GC(110) Scavenge
[30.069s][debug  ][gc,phases      ] GC(110) Scavenge 2.800ms
[30.069s][debug  ][gc,phases,start] GC(110) Reference Processing
[30.069s][debug  ][gc,ref         ] GC(110) Skipped phase 1 of Reference Processing: no references
[30.069s][debug  ][gc,ref         ] GC(110) Skipped phase 2 of Reference Processing: no references
[30.069s][debug  ][gc,ref         ] GC(110) Skipped phase 3 of Reference Processing: no references
[30.069s][debug  ][gc,ref         ] GC(110) Skipped phase 4 of Reference Processing: no references
[30.069s][debug  ][gc,phases,ref  ] GC(110) Reference Processing: 0.1ms
[30.070s][debug  ][gc,phases,ref  ] GC(110)   Reconsider SoftReferences: 0.0ms
[30.070s][debug  ][gc,phases,ref  ] GC(110)     SoftRef (ms):                  skipped
[30.070s][debug  ][gc,phases,ref  ] GC(110)   Notify Soft/WeakReferences: 0.0ms
[30.070s][debug  ][gc,phases,ref  ] GC(110)     SoftRef (ms):                  skipped
[30.070s][debug  ][gc,phases,ref  ] GC(110)     WeakRef (ms):                  skipped
[30.070s][debug  ][gc,phases,ref  ] GC(110)     FinalRef (ms):                 skipped
[30.070s][debug  ][gc,phases,ref  ] GC(110)     Total (ms):                    skipped
[30.070s][debug  ][gc,phases,ref  ] GC(110)   Notify and keep alive finalizable: 0.0ms
[30.070s][debug  ][gc,phases,ref  ] GC(110)     FinalRef (ms):                 skipped
[30.070s][debug  ][gc,phases,ref  ] GC(110)   Notify PhantomReferences: 0.0ms
[30.070s][debug  ][gc,phases,ref  ] GC(110)     PhantomRef (ms):               skipped
[30.070s][debug  ][gc,phases,ref  ] GC(110)   SoftReference:
[30.070s][debug  ][gc,phases,ref  ] GC(110)     Discovered: 0
[30.070s][debug  ][gc,phases,ref  ] GC(110)     Cleared: 0
[30.070s][debug  ][gc,phases,ref  ] GC(110)   WeakReference:
[30.070s][debug  ][gc,phases,ref  ] GC(110)     Discovered: 0
[30.070s][debug  ][gc,phases,ref  ] GC(110)     Cleared: 0
[30.070s][debug  ][gc,phases,ref  ] GC(110)   FinalReference:
[30.070s][debug  ][gc,phases,ref  ] GC(110)     Discovered: 0
[30.070s][debug  ][gc,phases,ref  ] GC(110)     Cleared: 0
[30.070s][debug  ][gc,phases,ref  ] GC(110)   PhantomReference:
[30.070s][debug  ][gc,phases,ref  ] GC(110)     Discovered: 0
[30.070s][debug  ][gc,phases,ref  ] GC(110)     Cleared: 0
[30.070s][debug  ][gc,phases      ] GC(110) Reference Processing 0.769ms
[30.070s][debug  ][gc,phases,start] GC(110) Weak Processing
[30.070s][debug  ][gc,phases      ] GC(110)   VM Weak                        Min:  0.0, Avg:  0.0, Max:  0.0, Diff:  0.0, Sum:  0.0, Workers: 6
[30.070s][debug  ][gc,phases      ] GC(110)     Dead                           Min: 0, Avg:  0.0, Max: 0, Diff: 0, Sum: 0, Workers: 6
[30.070s][debug  ][gc,phases      ] GC(110)     Total                          Min: 0, Avg:  1.3, Max: 8, Diff: 8, Sum: 8, Workers: 6
[30.070s][debug  ][gc,phases      ] GC(110)   ObjectSynchronizer Weak        Min:  0.0, Avg:  0.0, Max:  0.0, Diff:  0.0, Sum:  0.0, Workers: 6
[30.070s][debug  ][gc,phases      ] GC(110)     Dead                           Min: 0, Avg:  0.0, Max: 0, Diff: 0, Sum: 0, Workers: 6
[30.070s][debug  ][gc,phases      ] GC(110)     Total                          Min: 0, Avg:  0.5, Max: 3, Diff: 3, Sum: 3, Workers: 6
[30.070s][debug  ][gc,phases      ] GC(110)   JVMTI Tag Weak OopStorage      Min:  0.0, Avg:  0.0, Max:  0.0, Diff:  0.0, Sum:  0.0, Workers: 6
[30.070s][debug  ][gc,phases      ] GC(110)     Dead                           Min: 0, Avg:  0.0, Max: 0, Diff: 0, Sum: 0, Workers: 6
[30.070s][debug  ][gc,phases      ] GC(110)     Total                          Min: 0, Avg:  0.0, Max: 0, Diff: 0, Sum: 0, Workers: 6
[30.070s][debug  ][gc,phases      ] GC(110)   StringTable Weak               Min:  0.0, Avg:  0.0, Max:  0.0, Diff:  0.0, Sum:  0.0, Workers: 6
[30.070s][debug  ][gc,phases      ] GC(110)     Dead                           Min: 0, Avg:  0.0, Max: 0, Diff: 0, Sum: 0, Workers: 6
[30.070s][debug  ][gc,phases      ] GC(110)     Total                          Min: 768, Avg: 892.5, Max: 1024, Diff: 256, Sum: 5355, Workers: 6
[30.070s][debug  ][gc,phases      ] GC(110)   ResolvedMethodTable Weak       Min:  0.0, Avg:  0.0, Max:  0.0, Diff:  0.0, Sum:  0.0, Workers: 6
[30.070s][debug  ][gc,phases      ] GC(110)     Dead                           Min: 0, Avg:  0.0, Max: 0, Diff: 0, Sum: 0, Workers: 6
[30.071s][debug  ][gc,phases      ] GC(110)     Total                          Min: 0, Avg: 21.5, Max: 64, Diff: 64, Sum: 129, Workers: 6
[30.071s][debug  ][gc,phases      ] GC(110)   JNI Weak                       Min:  0.0, Avg:  0.0, Max:  0.0, Diff:  0.0, Sum:  0.0, Workers: 6
[30.071s][debug  ][gc,phases      ] GC(110)     Dead                           Min: 0, Avg:  0.0, Max: 0, Diff: 0, Sum: 0, Workers: 6
[30.071s][debug  ][gc,phases      ] GC(110)     Total                          Min: 0, Avg:  0.0, Max: 0, Diff: 0, Sum: 0, Workers: 6
[30.071s][debug  ][gc,phases      ] GC(110)   StringDedup Table Weak         Min:  0.0, Avg:  0.0, Max:  0.0, Diff:  0.0, Sum:  0.0, Workers: 6
[30.071s][debug  ][gc,phases      ] GC(110)     Dead                           Min: 0, Avg:  0.0, Max: 0, Diff: 0, Sum: 0, Workers: 6
[30.071s][debug  ][gc,phases      ] GC(110)     Total                          Min: 0, Avg:  0.0, Max: 0, Diff: 0, Sum: 0, Workers: 6
[30.071s][debug  ][gc,phases      ] GC(110)   StringDedup Requests0 Weak     Min:  0.0, Avg:  0.0, Max:  0.0, Diff:  0.0, Sum:  0.0, Workers: 6
[30.071s][debug  ][gc,phases      ] GC(110)     Dead                           Min: 0, Avg:  0.0, Max: 0, Diff: 0, Sum: 0, Workers: 6
[30.071s][debug  ][gc,phases      ] GC(110)     Total                          Min: 0, Avg:  0.0, Max: 0, Diff: 0, Sum: 0, Workers: 6
[30.071s][debug  ][gc,phases      ] GC(110)   StringDedup Requests1 Weak     Min:  0.0, Avg:  0.0, Max:  0.0, Diff:  0.0, Sum:  0.0, Workers: 6
[30.071s][debug  ][gc,phases      ] GC(110)     Dead                           Min: 0, Avg:  0.0, Max: 0, Diff: 0, Sum: 0, Workers: 6
[30.071s][debug  ][gc,phases      ] GC(110)     Total                          Min: 0, Avg:  0.0, Max: 0, Diff: 0, Sum: 0, Workers: 6
[30.071s][debug  ][gc,phases      ] GC(110)   Weak JFR Old Object Samples    Min:  0.0, Avg:  0.0, Max:  0.0, Diff:  0.0, Sum:  0.0, Workers: 6
[30.071s][debug  ][gc,phases      ] GC(110)     Dead                           Min: 0, Avg:  0.0, Max: 0, Diff: 0, Sum: 0, Workers: 6
[30.071s][debug  ][gc,phases      ] GC(110)     Total                          Min: 0, Avg:  0.0, Max: 0, Diff: 0, Sum: 0, Workers: 6
[30.071s][debug  ][gc,phases      ] GC(110) Weak Processing 0.795ms
[30.071s][debug  ][gc,ergo        ] GC(110) AdaptiveSizeStart:  collection: 111 
[30.071s][debug  ][gc,ergo        ] GC(110) avg_survived_padded_avg: 33676388.000000
[30.071s][debug  ][gc,ergo        ] GC(110) avg_promoted_padded_avg: 261743840.000000  avg_pretenured_padded_avg: 0.000000  tenuring_thresh: 10  target_size: 34078720
[30.071s][debug  ][gc,age         ] GC(110) Desired survivor size 34078720 bytes, new threshold 10 (max threshold 15)
[30.071s][debug  ][gc,ergo        ] GC(110) PSAdaptiveSizePolicy::compute_eden_space_size limits: desired_eden_size: 222572519 old_eden_size: 203948032 eden_limit: 204472320 cur_eden: 204472320 max_eden_size: 204472320 avg_young_live: 24780778
[30.071s][debug  ][gc,ergo        ] GC(110) PSAdaptiveSizePolicy::compute_eden_space_size: costs minor_time: 0.039909 major_cost: 0.050258 mutator_cost: 0.909833 throughput_goal: 0.990000
[30.071s][debug  ][gc,ergo        ] GC(110) Live_space: 1023174144 free_space: 1404043264
[30.071s][debug  ][gc,ergo        ] GC(110) Old eden_size: 203948032 desired_eden_size: 204472320
[30.071s][debug  ][gc,ergo        ] GC(110) AdaptiveSizeStop: collection: 111 
[30.071s][info   ][gc,heap        ] GC(110) PSYoungGen: 198466K(230912K)->20480K(220672K) Eden: 198466K(199680K)->0K(199680K) From: 0K(31232K)->20480K(20992K)
[30.071s][info   ][gc,heap        ] GC(110) ParOldGen: 851556K(1835008K)->851556K(1835008K)
[30.071s][info   ][gc,metaspace   ] GC(110) Metaspace: 1024K(1216K)->1024K(1216K) NonClass: 940K(1024K)->940K(1024K) Class: 83K(192K)->83K(192K)
[30.071s][info   ][gc             ] GC(110) Pause Young (Allocation Failure) 1025M->851M(2007M) 4.901ms
[30.071s][info   ][gc,cpu         ] GC(110) User=0.00s Sys=0.02s Real=0.00s
[30.071s][debug  ][gc,heap        ] GC(110) Heap after GC invocations=111 (full 18):
[30.071s][debug  ][gc,heap        ] GC(110)  PSYoungGen      total 220672K, used 20480K [0x00000000f0000000, 0x0000000100000000, 0x0000000100000000)
[30.071s][debug  ][gc,heap        ] GC(110)   eden space 199680K, 0% used [0x00000000f0000000,0x00000000f0000000,0x00000000fc300000)
[30.071s][debug  ][gc,heap        ] GC(110)   from space 20992K, 97% used [0x00000000fc300000,0x00000000fd700020,0x00000000fd780000)
[30.071s][debug  ][gc,heap        ] GC(110)   to   space 33280K, 0% used [0x00000000fdf80000,0x00000000fdf80000,0x0000000100000000)
[30.071s][debug  ][gc,heap        ] GC(110)  ParOldGen       total 1835008K, used 851556K [0x0000000080000000, 0x00000000f0000000, 0x00000000f0000000)
[30.072s][debug  ][gc,heap        ] GC(110)   object space 1835008K, 46% used [0x0000000080000000,0x00000000b3f99138,0x00000000f0000000)
[30.072s][debug  ][gc,heap        ] GC(110)  Metaspace       used 1024K, committed 1216K, reserved 1056768K
[30.072s][debug  ][gc,heap        ] GC(110)   class space    used 83K, committed 192K, reserved 1048576K
[30.072s][debug  ][gc,task,time   ] GC(110) VM-Thread 300659266 300693248 300715943
[30.367s][debug  ][gc,heap        ] GC(111) Heap before GC invocations=112 (full 18):
[30.367s][debug  ][gc,heap        ] GC(111)  PSYoungGen      total 220672K, used 218877K [0x00000000f0000000, 0x0000000100000000, 0x0000000100000000)
[30.367s][debug  ][gc,heap        ] GC(111)   eden space 199680K, 99% used [0x00000000f0000000,0x00000000fc1bf5c8,0x00000000fc300000)
[30.367s][debug  ][gc,heap        ] GC(111)   from space 20992K, 97% used [0x00000000fc300000,0x00000000fd700020,0x00000000fd780000)
[30.367s][debug  ][gc,heap        ] GC(111)   to   space 33280K, 0% used [0x00000000fdf80000,0x00000000fdf80000,0x0000000100000000)
[30.367s][debug  ][gc,heap        ] GC(111)  ParOldGen       total 1835008K, used 851556K [0x0000000080000000, 0x00000000f0000000, 0x00000000f0000000)
[30.367s][debug  ][gc,heap        ] GC(111)   object space 1835008K, 46% used [0x0000000080000000,0x00000000b3f99138,0x00000000f0000000)
[30.367s][debug  ][gc,heap        ] GC(111)  Metaspace       used 1024K, committed 1216K, reserved 1056768K
[30.367s][debug  ][gc,heap        ] GC(111)   class space    used 83K, committed 192K, reserved 1048576K
[30.368s][debug  ][gc,tlab        ] GC(111) TLAB totals: thrds: 1  refills: 1 max: 1 slow allocs: 18 max 18 waste: 27.3% gc: 3929240B max: 3929240B slow: 0B max: 0B
[30.368s][info   ][gc,start       ] GC(111) Pause Young (Allocation Failure)
[30.368s][debug  ][gc,phases,start] GC(111) Scavenge
[30.382s][debug  ][gc,phases      ] GC(111) Scavenge 14.763ms
[30.382s][debug  ][gc,phases,start] GC(111) Reference Processing
[30.382s][debug  ][gc,ref         ] GC(111) Skipped phase 1 of Reference Processing: no references
[30.383s][debug  ][gc,ref         ] GC(111) Skipped phase 2 of Reference Processing: no references
[30.383s][debug  ][gc,ref         ] GC(111) Skipped phase 3 of Reference Processing: no references
[30.383s][debug  ][gc,ref         ] GC(111) Skipped phase 4 of Reference Processing: no references
[30.383s][debug  ][gc,phases,ref  ] GC(111) Reference Processing: 0.1ms
[30.383s][debug  ][gc,phases,ref  ] GC(111)   Reconsider SoftReferences: 0.0ms
[30.383s][debug  ][gc,phases,ref  ] GC(111)     SoftRef (ms):                  skipped
[30.383s][debug  ][gc,phases,ref  ] GC(111)   Notify Soft/WeakReferences: 0.0ms
[30.383s][debug  ][gc,phases,ref  ] GC(111)     SoftRef (ms):                  skipped
[30.383s][debug  ][gc,phases,ref  ] GC(111)     WeakRef (ms):                  skipped
[30.383s][debug  ][gc,phases,ref  ] GC(111)     FinalRef (ms):                 skipped
[30.383s][debug  ][gc,phases,ref  ] GC(111)     Total (ms):                    skipped
[30.383s][debug  ][gc,phases,ref  ] GC(111)   Notify and keep alive finalizable: 0.0ms
[30.383s][debug  ][gc,phases,ref  ] GC(111)     FinalRef (ms):                 skipped
[30.383s][debug  ][gc,phases,ref  ] GC(111)   Notify PhantomReferences: 0.0ms
[30.383s][debug  ][gc,phases,ref  ] GC(111)     PhantomRef (ms):               skipped
[30.383s][debug  ][gc,phases,ref  ] GC(111)   SoftReference:
[30.383s][debug  ][gc,phases,ref  ] GC(111)     Discovered: 0
[30.383s][debug  ][gc,phases,ref  ] GC(111)     Cleared: 0
[30.383s][debug  ][gc,phases,ref  ] GC(111)   WeakReference:
[30.383s][debug  ][gc,phases,ref  ] GC(111)     Discovered: 0
[30.383s][debug  ][gc,phases,ref  ] GC(111)     Cleared: 0
[30.383s][debug  ][gc,phases,ref  ] GC(111)   FinalReference:
[30.383s][debug  ][gc,phases,ref  ] GC(111)     Discovered: 0
[30.383s][debug  ][gc,phases,ref  ] GC(111)     Cleared: 0
[30.383s][debug  ][gc,phases,ref  ] GC(111)   PhantomReference:
[30.383s][debug  ][gc,phases,ref  ] GC(111)     Discovered: 0
[30.383s][debug  ][gc,phases,ref  ] GC(111)     Cleared: 0
[30.383s][debug  ][gc,phases      ] GC(111) Reference Processing 0.722ms
[30.383s][debug  ][gc,phases,start] GC(111) Weak Processing
[30.383s][debug  ][gc,phases      ] GC(111)   VM Weak                        Min:  0.0, Avg:  0.0, Max:  0.0, Diff:  0.0, Sum:  0.0, Workers: 6
[30.383s][debug  ][gc,phases      ] GC(111)     Dead                           Min: 0, Avg:  0.0, Max: 0, Diff: 0, Sum: 0, Workers: 6
[30.383s][debug  ][gc,phases      ] GC(111)     Total                          Min: 0, Avg:  1.3, Max: 8, Diff: 8, Sum: 8, Workers: 6
[30.383s][debug  ][gc,phases      ] GC(111)   ObjectSynchronizer Weak        Min:  0.0, Avg:  0.0, Max:  0.0, Diff:  0.0, Sum:  0.0, Workers: 6
[30.383s][debug  ][gc,phases      ] GC(111)     Dead                           Min: 0, Avg:  0.0, Max: 0, Diff: 0, Sum: 0, Workers: 6
[30.383s][debug  ][gc,phases      ] GC(111)     Total                          Min: 0, Avg:  0.5, Max: 3, Diff: 3, Sum: 3, Workers: 6
[30.383s][debug  ][gc,phases      ] GC(111)   JVMTI Tag Weak OopStorage      Min:  0.0, Avg:  0.0, Max:  0.0, Diff:  0.0, Sum:  0.0, Workers: 6
[30.383s][debug  ][gc,phases      ] GC(111)     Dead                           Min: 0, Avg:  0.0, Max: 0, Diff: 0, Sum: 0, Workers: 6
[30.383s][debug  ][gc,phases      ] GC(111)     Total                          Min: 0, Avg:  0.0, Max: 0, Diff: 0, Sum: 0, Workers: 6
[30.383s][debug  ][gc,phases      ] GC(111)   StringTable Weak               Min:  0.0, Avg:  0.0, Max:  0.0, Diff:  0.0, Sum:  0.0, Workers: 6
[30.384s][debug  ][gc,phases      ] GC(111)     Dead                           Min: 0, Avg:  0.0, Max: 0, Diff: 0, Sum: 0, Workers: 6
[30.384s][debug  ][gc,phases      ] GC(111)     Total                          Min: 768, Avg: 892.5, Max: 1068, Diff: 300, Sum: 5355, Workers: 6
[30.384s][debug  ][gc,phases      ] GC(111)   ResolvedMethodTable Weak       Min:  0.0, Avg:  0.0, Max:  0.0, Diff:  0.0, Sum:  0.0, Workers: 6
[30.384s][debug  ][gc,phases      ] GC(111)     Dead                           Min: 0, Avg:  0.0, Max: 0, Diff: 0, Sum: 0, Workers: 6
[30.384s][debug  ][gc,phases      ] GC(111)     Total                          Min: 0, Avg: 21.5, Max: 64, Diff: 64, Sum: 129, Workers: 6
[30.384s][debug  ][gc,phases      ] GC(111)   JNI Weak                       Min:  0.0, Avg:  0.0, Max:  0.0, Diff:  0.0, Sum:  0.0, Workers: 6
[30.384s][debug  ][gc,phases      ] GC(111)     Dead                           Min: 0, Avg:  0.0, Max: 0, Diff: 0, Sum: 0, Workers: 6
[30.384s][debug  ][gc,phases      ] GC(111)     Total                          Min: 0, Avg:  0.0, Max: 0, Diff: 0, Sum: 0, Workers: 6
[30.384s][debug  ][gc,phases      ] GC(111)   StringDedup Table Weak         Min:  0.0, Avg:  0.0, Max:  0.0, Diff:  0.0, Sum:  0.0, Workers: 6
[30.384s][debug  ][gc,phases      ] GC(111)     Dead                           Min: 0, Avg:  0.0, Max: 0, Diff: 0, Sum: 0, Workers: 6
[30.384s][debug  ][gc,phases      ] GC(111)     Total                          Min: 0, Avg:  0.0, Max: 0, Diff: 0, Sum: 0, Workers: 6
[30.384s][debug  ][gc,phases      ] GC(111)   StringDedup Requests0 Weak     Min:  0.0, Avg:  0.0, Max:  0.0, Diff:  0.0, Sum:  0.0, Workers: 6
[30.384s][debug  ][gc,phases      ] GC(111)     Dead                           Min: 0, Avg:  0.0, Max: 0, Diff: 0, Sum: 0, Workers: 6
[30.384s][debug  ][gc,phases      ] GC(111)     Total                          Min: 0, Avg:  0.0, Max: 0, Diff: 0, Sum: 0, Workers: 6
[30.384s][debug  ][gc,phases      ] GC(111)   StringDedup Requests1 Weak     Min:  0.0, Avg:  0.0, Max:  0.0, Diff:  0.0, Sum:  0.0, Workers: 6
[30.384s][debug  ][gc,phases      ] GC(111)     Dead                           Min: 0, Avg:  0.0, Max: 0, Diff: 0, Sum: 0, Workers: 6
[30.384s][debug  ][gc,phases      ] GC(111)     Total                          Min: 0, Avg:  0.0, Max: 0, Diff: 0, Sum: 0, Workers: 6
[30.384s][debug  ][gc,phases      ] GC(111)   Weak JFR Old Object Samples    Min:  0.0, Avg:  0.0, Max:  0.0, Diff:  0.0, Sum:  0.0, Workers: 6
[30.384s][debug  ][gc,phases      ] GC(111)     Dead                           Min: 0, Avg:  0.0, Max: 0, Diff: 0, Sum: 0, Workers: 6
[30.384s][debug  ][gc,phases      ] GC(111)     Total                          Min: 0, Avg:  0.0, Max: 0, Diff: 0, Sum: 0, Workers: 6
[30.384s][debug  ][gc,phases      ] GC(111) Weak Processing 0.762ms
[30.384s][debug  ][gc,ergo        ] GC(111) AdaptiveSizeStart:  collection: 112 
[30.384s][debug  ][gc,ergo        ] GC(111) avg_survived_padded_avg: 33745796.000000
[30.384s][debug  ][gc,ergo        ] GC(111) avg_promoted_padded_avg: 263853696.000000  avg_pretenured_padded_avg: 0.000000  tenuring_thresh: 11  target_size: 34078720
[30.384s][debug  ][gc,age         ] GC(111) Desired survivor size 34078720 bytes, new threshold 11 (max threshold 15)
[30.384s][debug  ][gc,ergo        ] GC(111) PSAdaptiveSizePolicy::compute_eden_space_size limits: desired_eden_size: 223331419 old_eden_size: 204472320 eden_limit: 212860928 cur_eden: 204472320 max_eden_size: 212860928 avg_young_live: 25448432
[30.384s][debug  ][gc,ergo        ] GC(111) PSAdaptiveSizePolicy::compute_eden_space_size: costs minor_time: 0.043014 major_cost: 0.050258 mutator_cost: 0.906728 throughput_goal: 0.990000
[30.384s][debug  ][gc,ergo        ] GC(111) Live_space: 1023841856 free_space: 1404567552
[30.384s][debug  ][gc,ergo        ] GC(111) Old eden_size: 204472320 desired_eden_size: 212860928
[30.384s][debug  ][gc,ergo        ] GC(111) AdaptiveSizeStop: collection: 112 
[30.384s][info   ][gc,heap        ] GC(111) PSYoungGen: 218877K(220672K)->30720K(228864K) Eden: 198397K(199680K)->0K(195584K) From: 20480K(20992K)->30720K(33280K)
[30.384s][info   ][gc,heap        ] GC(111) ParOldGen: 851556K(1835008K)->1035876K(1835008K)
[30.384s][info   ][gc,metaspace   ] GC(111) Metaspace: 1024K(1216K)->1024K(1216K) NonClass: 940K(1024K)->940K(1024K) Class: 83K(192K)->83K(192K)
[30.384s][info   ][gc             ] GC(111) Pause Young (Allocation Failure) 1045M->1041M(2015M) 16.740ms
[30.384s][info   ][gc,cpu         ] GC(111) User=0.12s Sys=0.02s Real=0.02s
[30.384s][debug  ][gc,heap        ] GC(111) Heap after GC invocations=112 (full 18):
[30.384s][debug  ][gc,heap        ] GC(111)  PSYoungGen      total 228864K, used 30720K [0x00000000f0000000, 0x0000000100000000, 0x0000000100000000)
[30.384s][debug  ][gc,heap        ] GC(111)   eden space 195584K, 0% used [0x00000000f0000000,0x00000000f0000000,0x00000000fbf00000)
[30.384s][debug  ][gc,heap        ] GC(111)   from space 33280K, 92% used [0x00000000fdf80000,0x00000000ffd80030,0x0000000100000000)
[30.384s][debug  ][gc,heap        ] GC(111)   to   space 33280K, 0% used [0x00000000fbf00000,0x00000000fbf00000,0x00000000fdf80000)
[30.384s][debug  ][gc,heap        ] GC(111)  ParOldGen       total 1835008K, used 1035876K [0x0000000080000000, 0x00000000f0000000, 0x00000000f0000000)
[30.384s][debug  ][gc,heap        ] GC(111)   object space 1835008K, 56% used [0x0000000080000000,0x00000000bf399258,0x00000000f0000000)
[30.384s][debug  ][gc,heap        ] GC(111)  Metaspace       used 1024K, committed 1216K, reserved 1056768K
[30.385s][debug  ][gc,heap        ] GC(111)   class space    used 83K, committed 192K, reserved 1048576K
[30.385s][debug  ][gc,task,time   ] GC(111) VM-Thread 303670876 303824588 303845414
[30.668s][debug  ][gc,heap        ] GC(112) Heap before GC invocations=113 (full 18):
[30.668s][debug  ][gc,heap        ] GC(112)  PSYoungGen      total 228864K, used 218825K [0x00000000f0000000, 0x0000000100000000, 0x0000000100000000)
[30.668s][debug  ][gc,heap        ] GC(112)   eden space 195584K, 96% used [0x00000000f0000000,0x00000000fb7b2780,0x00000000fbf00000)
[30.668s][debug  ][gc,heap        ] GC(112)   from space 33280K, 92% used [0x00000000fdf80000,0x00000000ffd80030,0x0000000100000000)
[30.668s][debug  ][gc,heap        ] GC(112)   to   space 33280K, 0% used [0x00000000fbf00000,0x00000000fbf00000,0x00000000fdf80000)
[30.668s][debug  ][gc,heap        ] GC(112)  ParOldGen       total 1835008K, used 1035876K [0x0000000080000000, 0x00000000f0000000, 0x00000000f0000000)
[30.668s][debug  ][gc,heap        ] GC(112)   object space 1835008K, 56% used [0x0000000080000000,0x00000000bf399258,0x00000000f0000000)
[30.668s][debug  ][gc,heap        ] GC(112)  Metaspace       used 1024K, committed 1216K, reserved 1056768K
[30.668s][debug  ][gc,heap        ] GC(112)   class space    used 83K, committed 192K, reserved 1048576K
[30.669s][debug  ][gc,tlab        ] GC(112) TLAB totals: thrds: 1  refills: 1 max: 1 slow allocs: 17 max 17 waste: 27.0% gc: 3876448B max: 3876448B slow: 0B max: 0B
[30.669s][info   ][gc,start       ] GC(112) Pause Young (Allocation Failure)
[30.669s][debug  ][gc,phases,start] GC(112) Scavenge
[30.683s][debug  ][gc,phases      ] GC(112) Scavenge 14.659ms
[30.683s][debug  ][gc,phases,start] GC(112) Reference Processing
[30.683s][debug  ][gc,ref         ] GC(112) Skipped phase 1 of Reference Processing: no references
[30.683s][debug  ][gc,ref         ] GC(112) Skipped phase 2 of Reference Processing: no references
[30.683s][debug  ][gc,ref         ] GC(112) Skipped phase 3 of Reference Processing: no references
[30.683s][debug  ][gc,ref         ] GC(112) Skipped phase 4 of Reference Processing: no references
[30.684s][debug  ][gc,phases,ref  ] GC(112) Reference Processing: 0.1ms
[30.684s][debug  ][gc,phases,ref  ] GC(112)   Reconsider SoftReferences: 0.0ms
[30.684s][debug  ][gc,phases,ref  ] GC(112)     SoftRef (ms):                  skipped
[30.684s][debug  ][gc,phases,ref  ] GC(112)   Notify Soft/WeakReferences: 0.0ms
[30.684s][debug  ][gc,phases,ref  ] GC(112)     SoftRef (ms):                  skipped
[30.684s][debug  ][gc,phases,ref  ] GC(112)     WeakRef (ms):                  skipped
[30.684s][debug  ][gc,phases,ref  ] GC(112)     FinalRef (ms):                 skipped
[30.684s][debug  ][gc,phases,ref  ] GC(112)     Total (ms):                    skipped
[30.684s][debug  ][gc,phases,ref  ] GC(112)   Notify and keep alive finalizable: 0.0ms
[30.684s][debug  ][gc,phases,ref  ] GC(112)     FinalRef (ms):                 skipped
[30.684s][debug  ][gc,phases,ref  ] GC(112)   Notify PhantomReferences: 0.0ms
[30.684s][debug  ][gc,phases,ref  ] GC(112)     PhantomRef (ms):               skipped
[30.684s][debug  ][gc,phases,ref  ] GC(112)   SoftReference:
[30.684s][debug  ][gc,phases,ref  ] GC(112)     Discovered: 0
[30.684s][debug  ][gc,phases,ref  ] GC(112)     Cleared: 0
[30.684s][debug  ][gc,phases,ref  ] GC(112)   WeakReference:
[30.684s][debug  ][gc,phases,ref  ] GC(112)     Discovered: 0
[30.684s][debug  ][gc,phases,ref  ] GC(112)     Cleared: 0
[30.684s][debug  ][gc,phases,ref  ] GC(112)   FinalReference:
[30.684s][debug  ][gc,phases,ref  ] GC(112)     Discovered: 0
[30.684s][debug  ][gc,phases,ref  ] GC(112)     Cleared: 0
[30.684s][debug  ][gc,phases,ref  ] GC(112)   PhantomReference:
[30.684s][debug  ][gc,phases,ref  ] GC(112)     Discovered: 0
[30.684s][debug  ][gc,phases,ref  ] GC(112)     Cleared: 0
[30.684s][debug  ][gc,phases      ] GC(112) Reference Processing 0.811ms
[30.684s][debug  ][gc,phases,start] GC(112) Weak Processing
[30.684s][debug  ][gc,phases      ] GC(112)   VM Weak                        Min:  0.0, Avg:  0.0, Max:  0.0, Diff:  0.0, Sum:  0.0, Workers: 6
[30.684s][debug  ][gc,phases      ] GC(112)     Dead                           Min: 0, Avg:  0.0, Max: 0, Diff: 0, Sum: 0, Workers: 6
[30.684s][debug  ][gc,phases      ] GC(112)     Total                          Min: 0, Avg:  1.3, Max: 8, Diff: 8, Sum: 8, Workers: 6
[30.684s][debug  ][gc,phases      ] GC(112)   ObjectSynchronizer Weak        Min:  0.0, Avg:  0.0, Max:  0.0, Diff:  0.0, Sum:  0.0, Workers: 6
[30.684s][debug  ][gc,phases      ] GC(112)     Dead                           Min: 0, Avg:  0.0, Max: 0, Diff: 0, Sum: 0, Workers: 6
[30.684s][debug  ][gc,phases      ] GC(112)     Total                          Min: 0, Avg:  0.5, Max: 3, Diff: 3, Sum: 3, Workers: 6
[30.684s][debug  ][gc,phases      ] GC(112)   JVMTI Tag Weak OopStorage      Min:  0.0, Avg:  0.0, Max:  0.0, Diff:  0.0, Sum:  0.0, Workers: 6
[30.684s][debug  ][gc,phases      ] GC(112)     Dead                           Min: 0, Avg:  0.0, Max: 0, Diff: 0, Sum: 0, Workers: 6
[30.684s][debug  ][gc,phases      ] GC(112)     Total                          Min: 0, Avg:  0.0, Max: 0, Diff: 0, Sum: 0, Workers: 6
[30.684s][debug  ][gc,phases      ] GC(112)   StringTable Weak               Min:  0.0, Avg:  0.0, Max:  0.0, Diff:  0.0, Sum:  0.0, Workers: 6
[30.685s][debug  ][gc,phases      ] GC(112)     Dead                           Min: 0, Avg:  0.0, Max: 0, Diff: 0, Sum: 0, Workers: 6
[30.685s][debug  ][gc,phases      ] GC(112)     Total                          Min: 684, Avg: 892.5, Max: 1024, Diff: 340, Sum: 5355, Workers: 6
[30.685s][debug  ][gc,phases      ] GC(112)   ResolvedMethodTable Weak       Min:  0.0, Avg:  0.0, Max:  0.0, Diff:  0.0, Sum:  0.0, Workers: 6
[30.685s][debug  ][gc,phases      ] GC(112)     Dead                           Min: 0, Avg:  0.0, Max: 0, Diff: 0, Sum: 0, Workers: 6
[30.685s][debug  ][gc,phases      ] GC(112)     Total                          Min: 0, Avg: 21.5, Max: 64, Diff: 64, Sum: 129, Workers: 6
[30.685s][debug  ][gc,phases      ] GC(112)   JNI Weak                       Min:  0.0, Avg:  0.0, Max:  0.0, Diff:  0.0, Sum:  0.0, Workers: 6
[30.685s][debug  ][gc,phases      ] GC(112)     Dead                           Min: 0, Avg:  0.0, Max: 0, Diff: 0, Sum: 0, Workers: 6
[30.685s][debug  ][gc,phases      ] GC(112)     Total                          Min: 0, Avg:  0.0, Max: 0, Diff: 0, Sum: 0, Workers: 6
[30.685s][debug  ][gc,phases      ] GC(112)   StringDedup Table Weak         Min:  0.0, Avg:  0.0, Max:  0.0, Diff:  0.0, Sum:  0.0, Workers: 6
[30.685s][debug  ][gc,phases      ] GC(112)     Dead                           Min: 0, Avg:  0.0, Max: 0, Diff: 0, Sum: 0, Workers: 6
[30.685s][debug  ][gc,phases      ] GC(112)     Total                          Min: 0, Avg:  0.0, Max: 0, Diff: 0, Sum: 0, Workers: 6
[30.685s][debug  ][gc,phases      ] GC(112)   StringDedup Requests0 Weak     Min:  0.0, Avg:  0.0, Max:  0.0, Diff:  0.0, Sum:  0.0, Workers: 6
[30.685s][debug  ][gc,phases      ] GC(112)     Dead                           Min: 0, Avg:  0.0, Max: 0, Diff: 0, Sum: 0, Workers: 6
[30.685s][debug  ][gc,phases      ] GC(112)     Total                          Min: 0, Avg:  0.0, Max: 0, Diff: 0, Sum: 0, Workers: 6
[30.685s][debug  ][gc,phases      ] GC(112)   StringDedup Requests1 Weak     Min:  0.0, Avg:  0.0, Max:  0.0, Diff:  0.0, Sum:  0.0, Workers: 6
[30.685s][debug  ][gc,phases      ] GC(112)     Dead                           Min: 0, Avg:  0.0, Max: 0, Diff: 0, Sum: 0, Workers: 6
[30.685s][debug  ][gc,phases      ] GC(112)     Total                          Min: 0, Avg:  0.0, Max: 0, Diff: 0, Sum: 0, Workers: 6
[30.685s][debug  ][gc,phases      ] GC(112)   Weak JFR Old Object Samples    Min:  0.0, Avg:  0.0, Max:  0.0, Diff:  0.0, Sum:  0.0, Workers: 6
[30.685s][debug  ][gc,phases      ] GC(112)     Dead                           Min: 0, Avg:  0.0, Max: 0, Diff: 0, Sum: 0, Workers: 6
[30.685s][debug  ][gc,phases      ] GC(112)     Total                          Min: 0, Avg:  0.0, Max: 0, Diff: 0, Sum: 0, Workers: 6
[30.685s][debug  ][gc,phases      ] GC(112) Weak Processing 0.796ms
[30.685s][debug  ][gc,ergo        ] GC(112) AdaptiveSizeStart:  collection: 113 
[30.685s][debug  ][gc,ergo        ] GC(112) avg_survived_padded_avg: 33779132.000000
[30.685s][debug  ][gc,ergo        ] GC(112) avg_promoted_padded_avg: 264811584.000000  avg_pretenured_padded_avg: 0.000000  tenuring_thresh: 11  target_size: 34078720
[30.685s][debug  ][gc,age         ] GC(112) Desired survivor size 34078720 bytes, new threshold 11 (max threshold 15)
[30.685s][debug  ][gc,ergo        ] GC(112) PSAdaptiveSizePolicy::compute_eden_space_size limits: desired_eden_size: 219546179 old_eden_size: 212860928 eden_limit: 200278016 cur_eden: 200278016 max_eden_size: 200278016 avg_young_live: 26049320
[30.685s][debug  ][gc,ergo        ] GC(112) PSAdaptiveSizePolicy::compute_eden_space_size: costs minor_time: 0.045891 major_cost: 0.050258 mutator_cost: 0.903851 throughput_goal: 0.990000
[30.685s][debug  ][gc,ergo        ] GC(112) Live_space: 1024442752 free_space: 1412956160
[30.685s][debug  ][gc,ergo        ] GC(112) Old eden_size: 212860928 desired_eden_size: 200278016
[30.685s][debug  ][gc,ergo        ] GC(112) AdaptiveSizeStop: collection: 113 
[30.685s][info   ][gc,heap        ] GC(112) PSYoungGen: 218825K(228864K)->30720K(228864K) Eden: 188105K(195584K)->0K(195584K) From: 30720K(33280K)->30720K(33280K)
[30.685s][info   ][gc,heap        ] GC(112) ParOldGen: 1035876K(1835008K)->1220196K(1835008K)
[30.685s][info   ][gc,metaspace   ] GC(112) Metaspace: 1024K(1216K)->1024K(1216K) NonClass: 940K(1024K)->940K(1024K) Class: 83K(192K)->83K(192K)
[30.685s][info   ][gc             ] GC(112) Pause Young (Allocation Failure) 1225M->1221M(2015M) 16.755ms
[30.685s][info   ][gc,cpu         ] GC(112) User=0.12s Sys=0.00s Real=0.02s
[30.685s][debug  ][gc,heap        ] GC(112) Heap after GC invocations=113 (full 18):
[30.685s][debug  ][gc,heap        ] GC(112)  PSYoungGen      total 228864K, used 30720K [0x00000000f0000000, 0x0000000100000000, 0x0000000100000000)
[30.685s][debug  ][gc,heap        ] GC(112)   eden space 195584K, 0% used [0x00000000f0000000,0x00000000f0000000,0x00000000fbf00000)
[30.685s][debug  ][gc,heap        ] GC(112)   from space 33280K, 92% used [0x00000000fbf00000,0x00000000fdd00030,0x00000000fdf80000)
[30.685s][debug  ][gc,heap        ] GC(112)   to   space 33280K, 0% used [0x00000000fdf80000,0x00000000fdf80000,0x0000000100000000)
[30.685s][debug  ][gc,heap        ] GC(112)  ParOldGen       total 1835008K, used 1220196K [0x0000000080000000, 0x00000000f0000000, 0x00000000f0000000)
[30.685s][debug  ][gc,heap        ] GC(112)   object space 1835008K, 66% used [0x0000000080000000,0x00000000ca799378,0x00000000f0000000)
[30.685s][debug  ][gc,heap        ] GC(112)  Metaspace       used 1024K, committed 1216K, reserved 1056768K
[30.686s][debug  ][gc,heap        ] GC(112)   class space    used 83K, committed 192K, reserved 1048576K
[30.686s][debug  ][gc,task,time   ] GC(112) VM-Thread 306681349 306833453 306855418
[30.968s][debug  ][gc,heap        ] GC(113) Heap before GC invocations=114 (full 18):
[30.968s][debug  ][gc,heap        ] GC(113)  PSYoungGen      total 228864K, used 218842K [0x00000000f0000000, 0x0000000100000000, 0x0000000100000000)
[30.969s][debug  ][gc,heap        ] GC(113)   eden space 195584K, 96% used [0x00000000f0000000,0x00000000fb7b69d0,0x00000000fbf00000)
[30.969s][debug  ][gc,heap        ] GC(113)   from space 33280K, 92% used [0x00000000fbf00000,0x00000000fdd00030,0x00000000fdf80000)
[30.969s][debug  ][gc,heap        ] GC(113)   to   space 33280K, 0% used [0x00000000fdf80000,0x00000000fdf80000,0x0000000100000000)
[30.969s][debug  ][gc,heap        ] GC(113)  ParOldGen       total 1835008K, used 1220196K [0x0000000080000000, 0x00000000f0000000, 0x00000000f0000000)
[30.969s][debug  ][gc,heap        ] GC(113)   object space 1835008K, 66% used [0x0000000080000000,0x00000000ca799378,0x00000000f0000000)
[30.969s][debug  ][gc,heap        ] GC(113)  Metaspace       used 1024K, committed 1216K, reserved 1056768K
[30.969s][debug  ][gc,heap        ] GC(113)   class space    used 83K, committed 192K, reserved 1048576K
[30.969s][debug  ][gc,tlab        ] GC(113) TLAB totals: thrds: 1  refills: 1 max: 1 slow allocs: 17 max 17 waste: 27.1% gc: 3893424B max: 3893424B slow: 0B max: 0B
[30.969s][info   ][gc,start       ] GC(113) Pause Young (Allocation Failure)
[30.969s][debug  ][gc,phases,start] GC(113) Scavenge
[30.984s][debug  ][gc,phases      ] GC(113) Scavenge 14.812ms
[30.984s][debug  ][gc,phases,start] GC(113) Reference Processing
[30.984s][debug  ][gc,ref         ] GC(113) Skipped phase 1 of Reference Processing: no references
[30.984s][debug  ][gc,ref         ] GC(113) Skipped phase 2 of Reference Processing: no references
[30.984s][debug  ][gc,ref         ] GC(113) Skipped phase 3 of Reference Processing: no references
[30.984s][debug  ][gc,ref         ] GC(113) Skipped phase 4 of Reference Processing: no references
[30.984s][debug  ][gc,phases,ref  ] GC(113) Reference Processing: 0.1ms
[30.984s][debug  ][gc,phases,ref  ] GC(113)   Reconsider SoftReferences: 0.0ms
[30.984s][debug  ][gc,phases,ref  ] GC(113)     SoftRef (ms):                  skipped
[30.984s][debug  ][gc,phases,ref  ] GC(113)   Notify Soft/WeakReferences: 0.0ms
[30.984s][debug  ][gc,phases,ref  ] GC(113)     SoftRef (ms):                  skipped
[30.984s][debug  ][gc,phases,ref  ] GC(113)     WeakRef (ms):                  skipped
[30.984s][debug  ][gc,phases,ref  ] GC(113)     FinalRef (ms):                 skipped
[30.984s][debug  ][gc,phases,ref  ] GC(113)     Total (ms):                    skipped
[30.984s][debug  ][gc,phases,ref  ] GC(113)   Notify and keep alive finalizable: 0.0ms
[30.984s][debug  ][gc,phases,ref  ] GC(113)     FinalRef (ms):                 skipped
[30.984s][debug  ][gc,phases,ref  ] GC(113)   Notify PhantomReferences: 0.0ms
[30.984s][debug  ][gc,phases,ref  ] GC(113)     PhantomRef (ms):               skipped
[30.984s][debug  ][gc,phases,ref  ] GC(113)   SoftReference:
[30.984s][debug  ][gc,phases,ref  ] GC(113)     Discovered: 0
[30.984s][debug  ][gc,phases,ref  ] GC(113)     Cleared: 0
[30.984s][debug  ][gc,phases,ref  ] GC(113)   WeakReference:
[30.984s][debug  ][gc,phases,ref  ] GC(113)     Discovered: 0
[30.984s][debug  ][gc,phases,ref  ] GC(113)     Cleared: 0
[30.984s][debug  ][gc,phases,ref  ] GC(113)   FinalReference:
[30.984s][debug  ][gc,phases,ref  ] GC(113)     Discovered: 0
[30.984s][debug  ][gc,phases,ref  ] GC(113)     Cleared: 0
[30.985s][debug  ][gc,phases,ref  ] GC(113)   PhantomReference:
[30.985s][debug  ][gc,phases,ref  ] GC(113)     Discovered: 0
[30.985s][debug  ][gc,phases,ref  ] GC(113)     Cleared: 0
[30.985s][debug  ][gc,phases      ] GC(113) Reference Processing 0.792ms
[30.985s][debug  ][gc,phases,start] GC(113) Weak Processing
[30.985s][debug  ][gc,phases      ] GC(113)   VM Weak                        Min:  0.0, Avg:  0.0, Max:  0.0, Diff:  0.0, Sum:  0.0, Workers: 6
[30.985s][debug  ][gc,phases      ] GC(113)     Dead                           Min: 0, Avg:  0.0, Max: 0, Diff: 0, Sum: 0, Workers: 6
[30.985s][debug  ][gc,phases      ] GC(113)     Total                          Min: 0, Avg:  1.3, Max: 8, Diff: 8, Sum: 8, Workers: 6
[30.985s][debug  ][gc,phases      ] GC(113)   ObjectSynchronizer Weak        Min:  0.0, Avg:  0.0, Max:  0.0, Diff:  0.0, Sum:  0.0, Workers: 6
[30.985s][debug  ][gc,phases      ] GC(113)     Dead                           Min: 0, Avg:  0.0, Max: 0, Diff: 0, Sum: 0, Workers: 6
[30.985s][debug  ][gc,phases      ] GC(113)     Total                          Min: 0, Avg:  0.5, Max: 3, Diff: 3, Sum: 3, Workers: 6
[30.985s][debug  ][gc,phases      ] GC(113)   JVMTI Tag Weak OopStorage      Min:  0.0, Avg:  0.0, Max:  0.0, Diff:  0.0, Sum:  0.0, Workers: 6
[30.985s][debug  ][gc,phases      ] GC(113)     Dead                           Min: 0, Avg:  0.0, Max: 0, Diff: 0, Sum: 0, Workers: 6
[30.985s][debug  ][gc,phases      ] GC(113)     Total                          Min: 0, Avg:  0.0, Max: 0, Diff: 0, Sum: 0, Workers: 6
[30.985s][debug  ][gc,phases      ] GC(113)   StringTable Weak               Min:  0.0, Avg:  0.0, Max:  0.0, Diff:  0.0, Sum:  0.0, Workers: 6
[30.985s][debug  ][gc,phases      ] GC(113)     Dead                           Min: 0, Avg:  0.0, Max: 0, Diff: 0, Sum: 0, Workers: 6
[30.985s][debug  ][gc,phases      ] GC(113)     Total                          Min: 576, Avg: 892.5, Max: 1088, Diff: 512, Sum: 5355, Workers: 6
[30.985s][debug  ][gc,phases      ] GC(113)   ResolvedMethodTable Weak       Min:  0.0, Avg:  0.0, Max:  0.0, Diff:  0.0, Sum:  0.0, Workers: 6
[30.985s][debug  ][gc,phases      ] GC(113)     Dead                           Min: 0, Avg:  0.0, Max: 0, Diff: 0, Sum: 0, Workers: 6
[30.985s][debug  ][gc,phases      ] GC(113)     Total                          Min: 0, Avg: 21.5, Max: 64, Diff: 64, Sum: 129, Workers: 6
[30.985s][debug  ][gc,phases      ] GC(113)   JNI Weak                       Min:  0.0, Avg:  0.0, Max:  0.0, Diff:  0.0, Sum:  0.0, Workers: 6
[30.985s][debug  ][gc,phases      ] GC(113)     Dead                           Min: 0, Avg:  0.0, Max: 0, Diff: 0, Sum: 0, Workers: 6
[30.985s][debug  ][gc,phases      ] GC(113)     Total                          Min: 0, Avg:  0.0, Max: 0, Diff: 0, Sum: 0, Workers: 6
[30.985s][debug  ][gc,phases      ] GC(113)   StringDedup Table Weak         Min:  0.0, Avg:  0.0, Max:  0.0, Diff:  0.0, Sum:  0.0, Workers: 6
[30.985s][debug  ][gc,phases      ] GC(113)     Dead                           Min: 0, Avg:  0.0, Max: 0, Diff: 0, Sum: 0, Workers: 6
[30.985s][debug  ][gc,phases      ] GC(113)     Total                          Min: 0, Avg:  0.0, Max: 0, Diff: 0, Sum: 0, Workers: 6
[30.985s][debug  ][gc,phases      ] GC(113)   StringDedup Requests0 Weak     Min:  0.0, Avg:  0.0, Max:  0.0, Diff:  0.0, Sum:  0.0, Workers: 6
[30.985s][debug  ][gc,phases      ] GC(113)     Dead                           Min: 0, Avg:  0.0, Max: 0, Diff: 0, Sum: 0, Workers: 6
[30.985s][debug  ][gc,phases      ] GC(113)     Total                          Min: 0, Avg:  0.0, Max: 0, Diff: 0, Sum: 0, Workers: 6
[30.985s][debug  ][gc,phases      ] GC(113)   StringDedup Requests1 Weak     Min:  0.0, Avg:  0.0, Max:  0.0, Diff:  0.0, Sum:  0.0, Workers: 6
[30.985s][debug  ][gc,phases      ] GC(113)     Dead                           Min: 0, Avg:  0.0, Max: 0, Diff: 0, Sum: 0, Workers: 6
[30.985s][debug  ][gc,phases      ] GC(113)     Total                          Min: 0, Avg:  0.0, Max: 0, Diff: 0, Sum: 0, Workers: 6
[30.985s][debug  ][gc,phases      ] GC(113)   Weak JFR Old Object Samples    Min:  0.0, Avg:  0.0, Max:  0.0, Diff:  0.0, Sum:  0.0, Workers: 6
[30.985s][debug  ][gc,phases      ] GC(113)     Dead                           Min: 0, Avg:  0.0, Max: 0, Diff: 0, Sum: 0, Workers: 6
[30.985s][debug  ][gc,phases      ] GC(113)     Total                          Min: 0, Avg:  0.0, Max: 0, Diff: 0, Sum: 0, Workers: 6
[30.985s][debug  ][gc,phases      ] GC(113) Weak Processing 0.755ms
[30.985s][debug  ][gc,ergo        ] GC(113) AdaptiveSizeStart:  collection: 114 
[30.985s][debug  ][gc,ergo        ] GC(113) avg_survived_padded_avg: 33782912.000000
[30.985s][debug  ][gc,ergo        ] GC(113) avg_promoted_padded_avg: 264826800.000000  avg_pretenured_padded_avg: 0.000000  tenuring_thresh: 11  target_size: 34078720
[30.985s][debug  ][gc,age         ] GC(113) Desired survivor size 34078720 bytes, new threshold 11 (max threshold 15)
[30.985s][debug  ][gc,ergo        ] GC(113) PSAdaptiveSizePolicy::compute_eden_space_size limits: desired_eden_size: 220028827 old_eden_size: 200278016 eden_limit: 200278016 cur_eden: 200278016 max_eden_size: 200278016 avg_young_live: 26590120
[30.986s][debug  ][gc,ergo        ] GC(113) PSAdaptiveSizePolicy::compute_eden_space_size: costs minor_time: 0.048141 major_cost: 0.050258 mutator_cost: 0.901600 throughput_goal: 0.990000
[30.986s][debug  ][gc,ergo        ] GC(113) Live_space: 1024983552 free_space: 1400373248
[30.986s][debug  ][gc,ergo        ] GC(113) Old eden_size: 200278016 desired_eden_size: 200278016
[30.986s][debug  ][gc,ergo        ] GC(113) AdaptiveSizeStop: collection: 114 
[30.986s][info   ][gc,heap        ] GC(113) PSYoungGen: 218842K(228864K)->30720K(228864K) Eden: 188122K(195584K)->0K(195584K) From: 30720K(33280K)->30720K(33280K)
[30.986s][info   ][gc,heap        ] GC(113) ParOldGen: 1220196K(1835008K)->1404517K(1835008K)
[30.986s][info   ][gc,metaspace   ] GC(113) Metaspace: 1024K(1216K)->1024K(1216K) NonClass: 940K(1024K)->940K(1024K) Class: 83K(192K)->83K(192K)
[30.986s][info   ][gc             ] GC(113) Pause Young (Allocation Failure) 1405M->1401M(2015M) 16.878ms
[30.986s][info   ][gc,cpu         ] GC(113) User=0.12s Sys=0.00s Real=0.02s
[30.986s][debug  ][gc,heap        ] GC(113) Heap after GC invocations=114 (full 18):
[30.986s][debug  ][gc,heap        ] GC(113)  PSYoungGen      total 228864K, used 30720K [0x00000000f0000000, 0x0000000100000000, 0x0000000100000000)
[30.986s][debug  ][gc,heap        ] GC(113)   eden space 195584K, 0% used [0x00000000f0000000,0x00000000f0000000,0x00000000fbf00000)
[30.986s][debug  ][gc,heap        ] GC(113)   from space 33280K, 92% used [0x00000000fdf80000,0x00000000ffd80030,0x0000000100000000)
[30.986s][debug  ][gc,heap        ] GC(113)   to   space 33280K, 0% used [0x00000000fbf00000,0x00000000fbf00000,0x00000000fdf80000)
[30.986s][debug  ][gc,heap        ] GC(113)  ParOldGen       total 1835008K, used 1404517K [0x0000000080000000, 0x00000000f0000000, 0x00000000f0000000)
[30.986s][debug  ][gc,heap        ] GC(113)   object space 1835008K, 76% used [0x0000000080000000,0x00000000d5b99498,0x00000000f0000000)
[30.986s][debug  ][gc,heap        ] GC(113)  Metaspace       used 1024K, committed 1216K, reserved 1056768K
[30.986s][debug  ][gc,heap        ] GC(113)   class space    used 83K, committed 192K, reserved 1048576K
[30.986s][debug  ][gc,task,time   ] GC(113) VM-Thread 309683956 309838093 309859753
[31.268s][debug  ][gc,heap        ] GC(114) Heap before GC invocations=115 (full 18):
[31.269s][debug  ][gc,heap        ] GC(114)  PSYoungGen      total 228864K, used 218853K [0x00000000f0000000, 0x0000000100000000, 0x0000000100000000)
[31.269s][debug  ][gc,heap        ] GC(114)   eden space 195584K, 96% used [0x00000000f0000000,0x00000000fb7b9470,0x00000000fbf00000)
[31.269s][debug  ][gc,heap        ] GC(114)   from space 33280K, 92% used [0x00000000fdf80000,0x00000000ffd80030,0x0000000100000000)
[31.269s][debug  ][gc,heap        ] GC(114)   to   space 33280K, 0% used [0x00000000fbf00000,0x00000000fbf00000,0x00000000fdf80000)
[31.269s][debug  ][gc,heap        ] GC(114)  ParOldGen       total 1835008K, used 1404517K [0x0000000080000000, 0x00000000f0000000, 0x00000000f0000000)
[31.269s][debug  ][gc,heap        ] GC(114)   object space 1835008K, 76% used [0x0000000080000000,0x00000000d5b99498,0x00000000f0000000)
[31.269s][debug  ][gc,heap        ] GC(114)  Metaspace       used 1024K, committed 1216K, reserved 1056768K
[31.269s][debug  ][gc,heap        ] GC(114)   class space    used 83K, committed 192K, reserved 1048576K
[31.269s][debug  ][gc,tlab        ] GC(114) TLAB totals: thrds: 1  refills: 1 max: 1 slow allocs: 17 max 17 waste: 27.1% gc: 3904336B max: 3904336B slow: 0B max: 0B
[31.269s][info   ][gc,start       ] GC(114) Pause Young (Allocation Failure)
[31.269s][debug  ][gc,phases,start] GC(114) Scavenge
[31.284s][debug  ][gc,phases      ] GC(114) Scavenge 14.669ms
[31.284s][debug  ][gc,phases,start] GC(114) Reference Processing
[31.284s][debug  ][gc,ref         ] GC(114) Skipped phase 1 of Reference Processing: no references
[31.284s][debug  ][gc,ref         ] GC(114) Skipped phase 2 of Reference Processing: no references
[31.284s][debug  ][gc,ref         ] GC(114) Skipped phase 3 of Reference Processing: no references
[31.284s][debug  ][gc,ref         ] GC(114) Skipped phase 4 of Reference Processing: no references
[31.284s][debug  ][gc,phases,ref  ] GC(114) Reference Processing: 0.1ms
[31.284s][debug  ][gc,phases,ref  ] GC(114)   Reconsider SoftReferences: 0.0ms
[31.284s][debug  ][gc,phases,ref  ] GC(114)     SoftRef (ms):                  skipped
[31.284s][debug  ][gc,phases,ref  ] GC(114)   Notify Soft/WeakReferences: 0.0ms
[31.284s][debug  ][gc,phases,ref  ] GC(114)     SoftRef (ms):                  skipped
[31.284s][debug  ][gc,phases,ref  ] GC(114)     WeakRef (ms):                  skipped
[31.284s][debug  ][gc,phases,ref  ] GC(114)     FinalRef (ms):                 skipped
[31.284s][debug  ][gc,phases,ref  ] GC(114)     Total (ms):                    skipped
[31.284s][debug  ][gc,phases,ref  ] GC(114)   Notify and keep alive finalizable: 0.0ms
[31.284s][debug  ][gc,phases,ref  ] GC(114)     FinalRef (ms):                 skipped
[31.284s][debug  ][gc,phases,ref  ] GC(114)   Notify PhantomReferences: 0.0ms
[31.284s][debug  ][gc,phases,ref  ] GC(114)     PhantomRef (ms):               skipped
[31.284s][debug  ][gc,phases,ref  ] GC(114)   SoftReference:
[31.284s][debug  ][gc,phases,ref  ] GC(114)     Discovered: 0
[31.284s][debug  ][gc,phases,ref  ] GC(114)     Cleared: 0
[31.284s][debug  ][gc,phases,ref  ] GC(114)   WeakReference:
[31.284s][debug  ][gc,phases,ref  ] GC(114)     Discovered: 0
[31.284s][debug  ][gc,phases,ref  ] GC(114)     Cleared: 0
[31.284s][debug  ][gc,phases,ref  ] GC(114)   FinalReference:
[31.284s][debug  ][gc,phases,ref  ] GC(114)     Discovered: 0
[31.284s][debug  ][gc,phases,ref  ] GC(114)     Cleared: 0
[31.284s][debug  ][gc,phases,ref  ] GC(114)   PhantomReference:
[31.284s][debug  ][gc,phases,ref  ] GC(114)     Discovered: 0
[31.285s][debug  ][gc,phases,ref  ] GC(114)     Cleared: 0
[31.285s][debug  ][gc,phases      ] GC(114) Reference Processing 0.758ms
[31.285s][debug  ][gc,phases,start] GC(114) Weak Processing
[31.285s][debug  ][gc,phases      ] GC(114)   VM Weak                        Min:  0.0, Avg:  0.0, Max:  0.0, Diff:  0.0, Sum:  0.0, Workers: 6
[31.285s][debug  ][gc,phases      ] GC(114)     Dead                           Min: 0, Avg:  0.0, Max: 0, Diff: 0, Sum: 0, Workers: 6
[31.285s][debug  ][gc,phases      ] GC(114)     Total                          Min: 0, Avg:  1.3, Max: 8, Diff: 8, Sum: 8, Workers: 6
[31.285s][debug  ][gc,phases      ] GC(114)   ObjectSynchronizer Weak        Min:  0.0, Avg:  0.0, Max:  0.0, Diff:  0.0, Sum:  0.0, Workers: 6
[31.285s][debug  ][gc,phases      ] GC(114)     Dead                           Min: 0, Avg:  0.0, Max: 0, Diff: 0, Sum: 0, Workers: 6
[31.285s][debug  ][gc,phases      ] GC(114)     Total                          Min: 0, Avg:  0.5, Max: 3, Diff: 3, Sum: 3, Workers: 6
[31.285s][debug  ][gc,phases      ] GC(114)   JVMTI Tag Weak OopStorage      Min:  0.0, Avg:  0.0, Max:  0.0, Diff:  0.0, Sum:  0.0, Workers: 6
[31.285s][debug  ][gc,phases      ] GC(114)     Dead                           Min: 0, Avg:  0.0, Max: 0, Diff: 0, Sum: 0, Workers: 6
[31.285s][debug  ][gc,phases      ] GC(114)     Total                          Min: 0, Avg:  0.0, Max: 0, Diff: 0, Sum: 0, Workers: 6
[31.285s][debug  ][gc,phases      ] GC(114)   StringTable Weak               Min:  0.0, Avg:  0.0, Max:  0.0, Diff:  0.0, Sum:  0.0, Workers: 6
[31.285s][debug  ][gc,phases      ] GC(114)     Dead                           Min: 0, Avg:  0.0, Max: 0, Diff: 0, Sum: 0, Workers: 6
[31.285s][debug  ][gc,phases      ] GC(114)     Total                          Min: 704, Avg: 892.5, Max: 1024, Diff: 320, Sum: 5355, Workers: 6
[31.285s][debug  ][gc,phases      ] GC(114)   ResolvedMethodTable Weak       Min:  0.0, Avg:  0.0, Max:  0.0, Diff:  0.0, Sum:  0.0, Workers: 6
[31.285s][debug  ][gc,phases      ] GC(114)     Dead                           Min: 0, Avg:  0.0, Max: 0, Diff: 0, Sum: 0, Workers: 6
[31.285s][debug  ][gc,phases      ] GC(114)     Total                          Min: 0, Avg: 21.5, Max: 64, Diff: 64, Sum: 129, Workers: 6
[31.285s][debug  ][gc,phases      ] GC(114)   JNI Weak                       Min:  0.0, Avg:  0.0, Max:  0.0, Diff:  0.0, Sum:  0.0, Workers: 6
[31.285s][debug  ][gc,phases      ] GC(114)     Dead                           Min: 0, Avg:  0.0, Max: 0, Diff: 0, Sum: 0, Workers: 6
[31.285s][debug  ][gc,phases      ] GC(114)     Total                          Min: 0, Avg:  0.0, Max: 0, Diff: 0, Sum: 0, Workers: 6
[31.285s][debug  ][gc,phases      ] GC(114)   StringDedup Table Weak         Min:  0.0, Avg:  0.0, Max:  0.0, Diff:  0.0, Sum:  0.0, Workers: 6
[31.285s][debug  ][gc,phases      ] GC(114)     Dead                           Min: 0, Avg:  0.0, Max: 0, Diff: 0, Sum: 0, Workers: 6
[31.285s][debug  ][gc,phases      ] GC(114)     Total                          Min: 0, Avg:  0.0, Max: 0, Diff: 0, Sum: 0, Workers: 6
[31.285s][debug  ][gc,phases      ] GC(114)   StringDedup Requests0 Weak     Min:  0.0, Avg:  0.0, Max:  0.0, Diff:  0.0, Sum:  0.0, Workers: 6
[31.285s][debug  ][gc,phases      ] GC(114)     Dead                           Min: 0, Avg:  0.0, Max: 0, Diff: 0, Sum: 0, Workers: 6
[31.285s][debug  ][gc,phases      ] GC(114)     Total                          Min: 0, Avg:  0.0, Max: 0, Diff: 0, Sum: 0, Workers: 6
[31.285s][debug  ][gc,phases      ] GC(114)   StringDedup Requests1 Weak     Min:  0.0, Avg:  0.0, Max:  0.0, Diff:  0.0, Sum:  0.0, Workers: 6
[31.285s][debug  ][gc,phases      ] GC(114)     Dead                           Min: 0, Avg:  0.0, Max: 0, Diff: 0, Sum: 0, Workers: 6
[31.285s][debug  ][gc,phases      ] GC(114)     Total                          Min: 0, Avg:  0.0, Max: 0, Diff: 0, Sum: 0, Workers: 6
[31.285s][debug  ][gc,phases      ] GC(114)   Weak JFR Old Object Samples    Min:  0.0, Avg:  0.0, Max:  0.0, Diff:  0.0, Sum:  0.0, Workers: 6
[31.285s][debug  ][gc,phases      ] GC(114)     Dead                           Min: 0, Avg:  0.0, Max: 0, Diff: 0, Sum: 0, Workers: 6
[31.285s][debug  ][gc,phases      ] GC(114)     Total                          Min: 0, Avg:  0.0, Max: 0, Diff: 0, Sum: 0, Workers: 6
[31.285s][debug  ][gc,phases      ] GC(114) Weak Processing 0.775ms
[31.285s][debug  ][gc,ergo        ] GC(114) AdaptiveSizeStart:  collection: 115 
[31.285s][debug  ][gc,ergo        ] GC(114) avg_survived_padded_avg: 33762720.000000
[31.285s][debug  ][gc,ergo        ] GC(114) avg_promoted_padded_avg: 264078288.000000  avg_pretenured_padded_avg: 0.000000  tenuring_thresh: 11  target_size: 34078720
[31.285s][debug  ][gc,age         ] GC(114) Desired survivor size 34078720 bytes, new threshold 11 (max threshold 15)
[31.285s][debug  ][gc,ergo        ] GC(114) PSAdaptiveSizePolicy::compute_eden_space_size limits: desired_eden_size: 220354696 old_eden_size: 200278016 eden_limit: 200278016 cur_eden: 200278016 max_eden_size: 200278016 avg_young_live: 27076840
[31.285s][debug  ][gc,ergo        ] GC(114) PSAdaptiveSizePolicy::compute_eden_space_size: costs minor_time: 0.049721 major_cost: 0.050258 mutator_cost: 0.900020 throughput_goal: 0.990000
[31.286s][debug  ][gc,ergo        ] GC(114) Live_space: 1025470208 free_space: 1400373248
[31.286s][debug  ][gc,ergo        ] GC(114) Old eden_size: 200278016 desired_eden_size: 200278016
[31.286s][debug  ][gc,ergo        ] GC(114) AdaptiveSizeStop: collection: 115 
[31.286s][info   ][gc,heap        ] GC(114) PSYoungGen: 218853K(228864K)->30720K(228864K) Eden: 188133K(195584K)->0K(195584K) From: 30720K(33280K)->30720K(33280K)
[31.286s][info   ][gc,heap        ] GC(114) ParOldGen: 1404517K(1835008K)->1588837K(1835008K)
[31.286s][info   ][gc,metaspace   ] GC(114) Metaspace: 1024K(1216K)->1024K(1216K) NonClass: 940K(1024K)->940K(1024K) Class: 83K(192K)->83K(192K)
[31.286s][info   ][gc             ] GC(114) Pause Young (Allocation Failure) 1585M->1581M(2015M) 16.719ms
[31.286s][info   ][gc,cpu         ] GC(114) User=0.12s Sys=0.00s Real=0.02s
[31.286s][debug  ][gc,heap        ] GC(114) Heap after GC invocations=115 (full 18):
[31.286s][debug  ][gc,heap        ] GC(114)  PSYoungGen      total 228864K, used 30720K [0x00000000f0000000, 0x0000000100000000, 0x0000000100000000)
[31.286s][debug  ][gc,heap        ] GC(114)   eden space 195584K, 0% used [0x00000000f0000000,0x00000000f0000000,0x00000000fbf00000)
[31.286s][debug  ][gc,heap        ] GC(114)   from space 33280K, 92% used [0x00000000fbf00000,0x00000000fdd00030,0x00000000fdf80000)
[31.286s][debug  ][gc,heap        ] GC(114)   to   space 33280K, 0% used [0x00000000fdf80000,0x00000000fdf80000,0x0000000100000000)
[31.286s][debug  ][gc,heap        ] GC(114)  ParOldGen       total 1835008K, used 1588837K [0x0000000080000000, 0x00000000f0000000, 0x00000000f0000000)
[31.286s][debug  ][gc,heap        ] GC(114)   object space 1835008K, 86% used [0x0000000080000000,0x00000000e0f995b8,0x00000000f0000000)
[31.286s][debug  ][gc,heap        ] GC(114)  Metaspace       used 1024K, committed 1216K, reserved 1056768K
[31.286s][debug  ][gc,heap        ] GC(114)   class space    used 83K, committed 192K, reserved 1048576K
[31.286s][debug  ][gc,task,time   ] GC(114) VM-Thread 312684742 312837874 312859720
[31.286s][debug  ][gc,phases,start] GC(115) Pre Compact
[31.286s][debug  ][gc,heap        ] GC(115) Heap before GC invocations=116 (full 19):
[31.286s][debug  ][gc,heap        ] GC(115)  PSYoungGen      total 228864K, used 30720K [0x00000000f0000000, 0x0000000100000000, 0x0000000100000000)
[31.286s][debug  ][gc,heap        ] GC(115)   eden space 195584K, 0% used [0x00000000f0000000,0x00000000f0000000,0x00000000fbf00000)
[31.286s][debug  ][gc,heap        ] GC(115)   from space 33280K, 92% used [0x00000000fbf00000,0x00000000fdd00030,0x00000000fdf80000)
[31.286s][debug  ][gc,heap        ] GC(115)   to   space 33280K, 0% used [0x00000000fdf80000,0x00000000fdf80000,0x0000000100000000)
[31.286s][debug  ][gc,heap        ] GC(115)  ParOldGen       total 1835008K, used 1588837K [0x0000000080000000, 0x00000000f0000000, 0x00000000f0000000)
[31.286s][debug  ][gc,heap        ] GC(115)   object space 1835008K, 86% used [0x0000000080000000,0x00000000e0f995b8,0x00000000f0000000)
[31.286s][debug  ][gc,heap        ] GC(115)  Metaspace       used 1024K, committed 1216K, reserved 1056768K
[31.286s][debug  ][gc,heap        ] GC(115)   class space    used 83K, committed 192K, reserved 1048576K
[31.286s][debug  ][gc,phases      ] GC(115) Pre Compact 0.209ms
[31.286s][info   ][gc,start       ] GC(115) Pause Full (Ergonomics)
[31.286s][info   ][gc,phases,start] GC(115) Marking Phase
[31.286s][debug  ][gc,phases,start] GC(115) Par Mark
[31.287s][debug  ][gc,phases      ] GC(115) Par Mark 0.537ms
[31.287s][debug  ][gc,phases,start] GC(115) Reference Processing
[31.287s][debug  ][gc,ref         ] GC(115) Skipped phase 1 of Reference Processing: no references
[31.287s][debug  ][gc,ref         ] GC(115) ReferenceProcessor::execute queues: 1, RefProcThreadModel::Single, marks_oops_alive: false
[31.287s][debug  ][gc,ref         ] GC(115) Skipped phase 3 of Reference Processing: no references
[31.287s][debug  ][gc,ref         ] GC(115) ReferenceProcessor::execute queues: 1, RefProcThreadModel::Single, marks_oops_alive: false
[31.287s][debug  ][gc,phases,ref  ] GC(115) Reference Processing: 0.1ms
[31.287s][debug  ][gc,phases,ref  ] GC(115)   Reconsider SoftReferences: 0.0ms
[31.287s][debug  ][gc,phases,ref  ] GC(115)     SoftRef (ms):                  skipped
[31.287s][debug  ][gc,phases,ref  ] GC(115)   Notify Soft/WeakReferences: 0.0ms
[31.287s][debug  ][gc,phases,ref  ] GC(115)     SoftRef (ms):                  Min:  0.0, Avg:  0.0, Max:  0.0, Diff:  0.0, Sum:  0.0, Workers: 8
[31.287s][debug  ][gc,phases,ref  ] GC(115)     WeakRef (ms):                  Min:  0.0, Avg:  0.0, Max:  0.0, Diff:  0.0, Sum:  0.0, Workers: 8
[31.287s][debug  ][gc,phases,ref  ] GC(115)     FinalRef (ms):                 Min:  0.0, Avg:  0.0, Max:  0.0, Diff:  0.0, Sum:  0.0, Workers: 8
[31.287s][debug  ][gc,phases,ref  ] GC(115)     Total (ms):                    Min:  0.0, Avg:  0.0, Max:  0.0, Diff:  0.0, Sum:  0.0, Workers: 8
[31.287s][debug  ][gc,phases,ref  ] GC(115)   Notify and keep alive finalizable: 0.0ms
[31.287s][debug  ][gc,phases,ref  ] GC(115)     FinalRef (ms):                 skipped
[31.287s][debug  ][gc,phases,ref  ] GC(115)   Notify PhantomReferences: 0.0ms
[31.287s][debug  ][gc,phases,ref  ] GC(115)     PhantomRef (ms):               Min:  0.0, Avg:  0.0, Max:  0.0, Diff:  0.0, Sum:  0.0, Workers: 8
[31.287s][debug  ][gc,phases,ref  ] GC(115)   SoftReference:
[31.287s][debug  ][gc,phases,ref  ] GC(115)     Discovered: 0
[31.287s][debug  ][gc,phases,ref  ] GC(115)     Cleared: 0
[31.287s][debug  ][gc,phases,ref  ] GC(115)   WeakReference:
[31.287s][debug  ][gc,phases,ref  ] GC(115)     Discovered: 84
[31.287s][debug  ][gc,phases,ref  ] GC(115)     Cleared: 84
[31.287s][debug  ][gc,phases,ref  ] GC(115)   FinalReference:
[31.287s][debug  ][gc,phases,ref  ] GC(115)     Discovered: 0
[31.287s][debug  ][gc,phases,ref  ] GC(115)     Cleared: 0
[31.287s][debug  ][gc,phases,ref  ] GC(115)   PhantomReference:
[31.287s][debug  ][gc,phases,ref  ] GC(115)     Discovered: 5
[31.287s][debug  ][gc,phases,ref  ] GC(115)     Cleared: 5
[31.287s][debug  ][gc,phases      ] GC(115) Reference Processing 0.619ms
[31.288s][debug  ][gc,phases,start] GC(115) Weak Processing
[31.288s][debug  ][gc,phases      ] GC(115)   VM Weak                        Min:  0.0, Avg:  0.0, Max:  0.0, Diff:  0.0, Sum:  0.0, Workers: 6
[31.288s][debug  ][gc,phases      ] GC(115)     Dead                           Min: 0, Avg:  0.0, Max: 0, Diff: 0, Sum: 0, Workers: 6
[31.288s][debug  ][gc,phases      ] GC(115)     Total                          Min: 0, Avg:  1.3, Max: 8, Diff: 8, Sum: 8, Workers: 6
[31.288s][debug  ][gc,phases      ] GC(115)   ObjectSynchronizer Weak        Min:  0.0, Avg:  0.0, Max:  0.0, Diff:  0.0, Sum:  0.0, Workers: 6
[31.288s][debug  ][gc,phases      ] GC(115)     Dead                           Min: 0, Avg:  0.0, Max: 0, Diff: 0, Sum: 0, Workers: 6
[31.288s][debug  ][gc,phases      ] GC(115)     Total                          Min: 0, Avg:  0.5, Max: 3, Diff: 3, Sum: 3, Workers: 6
[31.288s][debug  ][gc,phases      ] GC(115)   JVMTI Tag Weak OopStorage      Min:  0.0, Avg:  0.0, Max:  0.0, Diff:  0.0, Sum:  0.0, Workers: 6
[31.288s][debug  ][gc,phases      ] GC(115)     Dead                           Min: 0, Avg:  0.0, Max: 0, Diff: 0, Sum: 0, Workers: 6
[31.288s][debug  ][gc,phases      ] GC(115)     Total                          Min: 0, Avg:  0.0, Max: 0, Diff: 0, Sum: 0, Workers: 6
[31.288s][debug  ][gc,phases      ] GC(115)   StringTable Weak               Min:  0.0, Avg:  0.0, Max:  0.0, Diff:  0.0, Sum:  0.0, Workers: 6
[31.288s][debug  ][gc,phases      ] GC(115)     Dead                           Min: 0, Avg:  0.0, Max: 0, Diff: 0, Sum: 0, Workers: 6
[31.288s][debug  ][gc,phases      ] GC(115)     Total                          Min: 704, Avg: 892.5, Max: 1280, Diff: 576, Sum: 5355, Workers: 6
[31.288s][debug  ][gc,phases      ] GC(115)   ResolvedMethodTable Weak       Min:  0.0, Avg:  0.0, Max:  0.0, Diff:  0.0, Sum:  0.0, Workers: 6
[31.288s][debug  ][gc,phases      ] GC(115)     Dead                           Min: 0, Avg:  0.0, Max: 0, Diff: 0, Sum: 0, Workers: 6
[31.288s][debug  ][gc,phases      ] GC(115)     Total                          Min: 0, Avg: 21.5, Max: 64, Diff: 64, Sum: 129, Workers: 6
[31.288s][debug  ][gc,phases      ] GC(115)   JNI Weak                       Min:  0.0, Avg:  0.0, Max:  0.0, Diff:  0.0, Sum:  0.0, Workers: 6
[31.288s][debug  ][gc,phases      ] GC(115)     Dead                           Min: 0, Avg:  0.0, Max: 0, Diff: 0, Sum: 0, Workers: 6
[31.288s][debug  ][gc,phases      ] GC(115)     Total                          Min: 0, Avg:  0.0, Max: 0, Diff: 0, Sum: 0, Workers: 6
[31.288s][debug  ][gc,phases      ] GC(115)   StringDedup Table Weak         Min:  0.0, Avg:  0.0, Max:  0.0, Diff:  0.0, Sum:  0.0, Workers: 6
[31.288s][debug  ][gc,phases      ] GC(115)     Dead                           Min: 0, Avg:  0.0, Max: 0, Diff: 0, Sum: 0, Workers: 6
[31.288s][debug  ][gc,phases      ] GC(115)     Total                          Min: 0, Avg:  0.0, Max: 0, Diff: 0, Sum: 0, Workers: 6
[31.288s][debug  ][gc,phases      ] GC(115)   StringDedup Requests0 Weak     Min:  0.0, Avg:  0.0, Max:  0.0, Diff:  0.0, Sum:  0.0, Workers: 6
[31.288s][debug  ][gc,phases      ] GC(115)     Dead                           Min: 0, Avg:  0.0, Max: 0, Diff: 0, Sum: 0, Workers: 6
[31.288s][debug  ][gc,phases      ] GC(115)     Total                          Min: 0, Avg:  0.0, Max: 0, Diff: 0, Sum: 0, Workers: 6
[31.288s][debug  ][gc,phases      ] GC(115)   StringDedup Requests1 Weak     Min:  0.0, Avg:  0.0, Max:  0.0, Diff:  0.0, Sum:  0.0, Workers: 6
[31.288s][debug  ][gc,phases      ] GC(115)     Dead                           Min: 0, Avg:  0.0, Max: 0, Diff: 0, Sum: 0, Workers: 6
[31.288s][debug  ][gc,phases      ] GC(115)     Total                          Min: 0, Avg:  0.0, Max: 0, Diff: 0, Sum: 0, Workers: 6
[31.288s][debug  ][gc,phases      ] GC(115)   Weak JFR Old Object Samples    Min:  0.0, Avg:  0.0, Max:  0.0, Diff:  0.0, Sum:  0.0, Workers: 6
[31.288s][debug  ][gc,phases      ] GC(115)     Dead                           Min: 0, Avg:  0.0, Max: 0, Diff: 0, Sum: 0, Workers: 6
[31.288s][debug  ][gc,phases      ] GC(115)     Total                          Min: 0, Avg:  0.0, Max: 0, Diff: 0, Sum: 0, Workers: 6
[31.288s][debug  ][gc,phases      ] GC(115) Weak Processing 0.672ms
[31.288s][debug  ][gc,phases,start] GC(115) Class Unloading
[31.288s][debug  ][gc,phases,start] GC(115) ClassLoaderData
[31.288s][debug  ][gc,phases      ] GC(115) ClassLoaderData 0.019ms
[31.288s][debug  ][gc,phases,start] GC(115) Trigger cleanups
[31.288s][debug  ][gc,phases      ] GC(115) Trigger cleanups 0.019ms
[31.288s][debug  ][gc,phases      ] GC(115) Class Unloading 0.256ms
[31.288s][info   ][gc,phases      ] GC(115) Marking Phase 2.215ms
[31.289s][info   ][gc,phases,start] GC(115) Summary Phase
[31.289s][info   ][gc,phases      ] GC(115) Summary Phase 0.046ms
[31.289s][info   ][gc,phases,start] GC(115) Adjust Roots
[31.289s][info   ][gc,phases      ] GC(115) Adjust Roots 0.163ms
[31.289s][info   ][gc,phases,start] GC(115) Compaction Phase
[31.369s][info   ][gc,phases      ] GC(115) Compaction Phase 80.626ms
[31.370s][info   ][gc,phases,start] GC(115) Post Compact
[31.374s][info   ][gc,phases      ] GC(115) Post Compact 4.703ms
[31.374s][debug  ][gc,ergo        ] GC(115) AdaptiveSizeStart: collection: 116 
[31.374s][debug  ][gc,ergo        ] GC(115) PSAdaptiveSizePolicy::compute_eden_space_size limits: desired_eden_size: 220147761 old_eden_size: 200278016 eden_limit: 200278016 cur_eden: 200278016 max_eden_size: 200278016 avg_young_live: 24369158
[31.374s][debug  ][gc,ergo        ] GC(115) PSAdaptiveSizePolicy::compute_eden_space_size: costs minor_time: 0.049721 major_cost: 0.051300 mutator_cost: 0.898979 throughput_goal: 0.990000
[31.374s][debug  ][gc,ergo        ] GC(115) Live_space: 1022762560 free_space: 1400373248
[31.374s][debug  ][gc,ergo        ] GC(115) Old eden_size: 200278016 desired_eden_size: 200278016
[31.374s][debug  ][gc,ergo        ] GC(115) PSAdaptiveSizePolicy::compute_old_gen_free_space limits: desired_promo_size: 1322032857 promo_limit: 1200095232 free_in_old_gen: 1143275264 max_old_gen_size: 1879048192 avg_old_live: 735772928
[31.374s][debug  ][gc,ergo        ] GC(115) PSAdaptiveSizePolicy::compute_old_gen_free_space: costs minor_time: 0.049721 major_cost: 0.051300  mutator_cost: 0.898979 throughput_goal: 0.990000
[31.374s][debug  ][gc,ergo        ] GC(115) Live_space: 1028577536 free_space: 1400373248
[31.374s][debug  ][gc,ergo        ] GC(115) Old promo_size: 1200095232 desired_promo_size: 1200095232
[31.374s][debug  ][gc,ergo        ] GC(115) AdaptiveSizeStop: collection: 116 
[31.375s][info   ][gc,heap        ] GC(115) PSYoungGen: 30720K(228864K)->0K(228864K) Eden: 0K(195584K)->0K(195584K) From: 30720K(33280K)->0K(33280K)
[31.375s][info   ][gc,heap        ] GC(115) ParOldGen: 1588837K(1835008K)->769636K(1835008K)
[31.375s][info   ][gc,metaspace   ] GC(115) Metaspace: 1024K(1216K)->1024K(1216K) NonClass: 940K(1024K)->940K(1024K) Class: 83K(192K)->83K(192K)
[31.375s][info   ][gc             ] GC(115) Pause Full (Ergonomics) 1581M->751M(2015M) 88.387ms
[31.375s][info   ][gc,cpu         ] GC(115) User=0.75s Sys=0.00s Real=0.09s
[31.375s][debug  ][gc,heap        ] GC(115) Heap after GC invocations=116 (full 19):
[31.375s][debug  ][gc,heap        ] GC(115)  PSYoungGen      total 228864K, used 0K [0x00000000f0000000, 0x0000000100000000, 0x0000000100000000)
[31.375s][debug  ][gc,heap        ] GC(115)   eden space 195584K, 0% used [0x00000000f0000000,0x00000000f0000000,0x00000000fbf00000)
[31.375s][debug  ][gc,heap        ] GC(115)   from space 33280K, 0% used [0x00000000fdf80000,0x00000000fdf80000,0x0000000100000000)
[31.375s][debug  ][gc,heap        ] GC(115)   to   space 33280K, 0% used [0x00000000fbf00000,0x00000000fbf00000,0x00000000fdf80000)
[31.375s][debug  ][gc,heap        ] GC(115)  ParOldGen       total 1835008K, used 769636K [0x0000000080000000, 0x00000000f0000000, 0x00000000f0000000)
[31.375s][debug  ][gc,heap        ] GC(115)   object space 1835008K, 41% used [0x0000000080000000,0x00000000aef990b8,0x00000000f0000000)
[31.375s][debug  ][gc,heap        ] GC(115)  Metaspace       used 1024K, committed 1216K, reserved 1056768K
[31.375s][debug  ][gc,heap        ] GC(115)   class space    used 83K, committed 192K, reserved 1048576K
[31.375s][debug  ][gc,task,time   ] GC(115) VM-Thread 312862585 312888040 313746784
[31.666s][debug  ][gc,heap        ] GC(116) Heap before GC invocations=117 (full 19):
[31.666s][debug  ][gc,heap        ] GC(116)  PSYoungGen      total 228864K, used 188139K [0x00000000f0000000, 0x0000000100000000, 0x0000000100000000)
[31.666s][debug  ][gc,heap        ] GC(116)   eden space 195584K, 96% used [0x00000000f0000000,0x00000000fb7bafd8,0x00000000fbf00000)
[31.666s][debug  ][gc,heap        ] GC(116)   from space 33280K, 0% used [0x00000000fdf80000,0x00000000fdf80000,0x0000000100000000)
[31.666s][debug  ][gc,heap        ] GC(116)   to   space 33280K, 0% used [0x00000000fbf00000,0x00000000fbf00000,0x00000000fdf80000)
[31.666s][debug  ][gc,heap        ] GC(116)  ParOldGen       total 1835008K, used 769636K [0x0000000080000000, 0x00000000f0000000, 0x00000000f0000000)
[31.666s][debug  ][gc,heap        ] GC(116)   object space 1835008K, 41% used [0x0000000080000000,0x00000000aef990b8,0x00000000f0000000)
[31.666s][debug  ][gc,heap        ] GC(116)  Metaspace       used 1024K, committed 1216K, reserved 1056768K
[31.666s][debug  ][gc,heap        ] GC(116)   class space    used 83K, committed 192K, reserved 1048576K
[31.666s][debug  ][gc,tlab        ] GC(116) TLAB totals: thrds: 1  refills: 1 max: 1 slow allocs: 17 max 17 waste: 27.2% gc: 3911352B max: 3911352B slow: 0B max: 0B
[31.666s][info   ][gc,start       ] GC(116) Pause Young (Allocation Failure)
[31.666s][debug  ][gc,phases,start] GC(116) Scavenge
[31.679s][debug  ][gc,phases      ] GC(116) Scavenge 12.993ms
[31.679s][debug  ][gc,phases,start] GC(116) Reference Processing
[31.679s][debug  ][gc,ref         ] GC(116) Skipped phase 1 of Reference Processing: no references
[31.679s][debug  ][gc,ref         ] GC(116) Skipped phase 2 of Reference Processing: no references
[31.679s][debug  ][gc,ref         ] GC(116) Skipped phase 3 of Reference Processing: no references
[31.679s][debug  ][gc,ref         ] GC(116) Skipped phase 4 of Reference Processing: no references
[31.679s][debug  ][gc,phases,ref  ] GC(116) Reference Processing: 0.1ms
[31.679s][debug  ][gc,phases,ref  ] GC(116)   Reconsider SoftReferences: 0.0ms
[31.679s][debug  ][gc,phases,ref  ] GC(116)     SoftRef (ms):                  skipped
[31.679s][debug  ][gc,phases,ref  ] GC(116)   Notify Soft/WeakReferences: 0.0ms
[31.679s][debug  ][gc,phases,ref  ] GC(116)     SoftRef (ms):                  skipped
[31.679s][debug  ][gc,phases,ref  ] GC(116)     WeakRef (ms):                  skipped
[31.679s][debug  ][gc,phases,ref  ] GC(116)     FinalRef (ms):                 skipped
[31.679s][debug  ][gc,phases,ref  ] GC(116)     Total (ms):                    skipped
[31.680s][debug  ][gc,phases,ref  ] GC(116)   Notify and keep alive finalizable: 0.0ms
[31.680s][debug  ][gc,phases,ref  ] GC(116)     FinalRef (ms):                 skipped
[31.680s][debug  ][gc,phases,ref  ] GC(116)   Notify PhantomReferences: 0.0ms
[31.680s][debug  ][gc,phases,ref  ] GC(116)     PhantomRef (ms):               skipped
[31.680s][debug  ][gc,phases,ref  ] GC(116)   SoftReference:
[31.680s][debug  ][gc,phases,ref  ] GC(116)     Discovered: 0
[31.680s][debug  ][gc,phases,ref  ] GC(116)     Cleared: 0
[31.680s][debug  ][gc,phases,ref  ] GC(116)   WeakReference:
[31.680s][debug  ][gc,phases,ref  ] GC(116)     Discovered: 0
[31.680s][debug  ][gc,phases,ref  ] GC(116)     Cleared: 0
[31.680s][debug  ][gc,phases,ref  ] GC(116)   FinalReference:
[31.680s][debug  ][gc,phases,ref  ] GC(116)     Discovered: 0
[31.680s][debug  ][gc,phases,ref  ] GC(116)     Cleared: 0
[31.680s][debug  ][gc,phases,ref  ] GC(116)   PhantomReference:
[31.680s][debug  ][gc,phases,ref  ] GC(116)     Discovered: 0
[31.680s][debug  ][gc,phases,ref  ] GC(116)     Cleared: 0
[31.680s][debug  ][gc,phases      ] GC(116) Reference Processing 0.818ms
[31.680s][debug  ][gc,phases,start] GC(116) Weak Processing
[31.680s][debug  ][gc,phases      ] GC(116)   VM Weak                        Min:  0.0, Avg:  0.0, Max:  0.0, Diff:  0.0, Sum:  0.0, Workers: 6
[31.680s][debug  ][gc,phases      ] GC(116)     Dead                           Min: 0, Avg:  0.0, Max: 0, Diff: 0, Sum: 0, Workers: 6
[31.680s][debug  ][gc,phases      ] GC(116)     Total                          Min: 0, Avg:  1.3, Max: 8, Diff: 8, Sum: 8, Workers: 6
[31.680s][debug  ][gc,phases      ] GC(116)   ObjectSynchronizer Weak        Min:  0.0, Avg:  0.0, Max:  0.0, Diff:  0.0, Sum:  0.0, Workers: 6
[31.680s][debug  ][gc,phases      ] GC(116)     Dead                           Min: 0, Avg:  0.0, Max: 0, Diff: 0, Sum: 0, Workers: 6
[31.680s][debug  ][gc,phases      ] GC(116)     Total                          Min: 0, Avg:  0.5, Max: 3, Diff: 3, Sum: 3, Workers: 6
[31.680s][debug  ][gc,phases      ] GC(116)   JVMTI Tag Weak OopStorage      Min:  0.0, Avg:  0.0, Max:  0.0, Diff:  0.0, Sum:  0.0, Workers: 6
[31.680s][debug  ][gc,phases      ] GC(116)     Dead                           Min: 0, Avg:  0.0, Max: 0, Diff: 0, Sum: 0, Workers: 6
[31.680s][debug  ][gc,phases      ] GC(116)     Total                          Min: 0, Avg:  0.0, Max: 0, Diff: 0, Sum: 0, Workers: 6
[31.680s][debug  ][gc,phases      ] GC(116)   StringTable Weak               Min:  0.0, Avg:  0.0, Max:  0.0, Diff:  0.0, Sum:  0.0, Workers: 6
[31.680s][debug  ][gc,phases      ] GC(116)     Dead                           Min: 0, Avg:  0.0, Max: 0, Diff: 0, Sum: 0, Workers: 6
[31.680s][debug  ][gc,phases      ] GC(116)     Total                          Min: 576, Avg: 892.5, Max: 1088, Diff: 512, Sum: 5355, Workers: 6
[31.680s][debug  ][gc,phases      ] GC(116)   ResolvedMethodTable Weak       Min:  0.0, Avg:  0.0, Max:  0.0, Diff:  0.0, Sum:  0.0, Workers: 6
[31.680s][debug  ][gc,phases      ] GC(116)     Dead                           Min: 0, Avg:  0.0, Max: 0, Diff: 0, Sum: 0, Workers: 6
[31.680s][debug  ][gc,phases      ] GC(116)     Total                          Min: 0, Avg: 21.5, Max: 64, Diff: 64, Sum: 129, Workers: 6
[31.681s][debug  ][gc,phases      ] GC(116)   JNI Weak                       Min:  0.0, Avg:  0.0, Max:  0.0, Diff:  0.0, Sum:  0.0, Workers: 6
[31.681s][debug  ][gc,phases      ] GC(116)     Dead                           Min: 0, Avg:  0.0, Max: 0, Diff: 0, Sum: 0, Workers: 6
[31.681s][debug  ][gc,phases      ] GC(116)     Total                          Min: 0, Avg:  0.0, Max: 0, Diff: 0, Sum: 0, Workers: 6
[31.681s][debug  ][gc,phases      ] GC(116)   StringDedup Table Weak         Min:  0.0, Avg:  0.0, Max:  0.0, Diff:  0.0, Sum:  0.0, Workers: 6
[31.681s][debug  ][gc,phases      ] GC(116)     Dead                           Min: 0, Avg:  0.0, Max: 0, Diff: 0, Sum: 0, Workers: 6
[31.681s][debug  ][gc,phases      ] GC(116)     Total                          Min: 0, Avg:  0.0, Max: 0, Diff: 0, Sum: 0, Workers: 6
[31.681s][debug  ][gc,phases      ] GC(116)   StringDedup Requests0 Weak     Min:  0.0, Avg:  0.0, Max:  0.0, Diff:  0.0, Sum:  0.0, Workers: 6
[31.681s][debug  ][gc,phases      ] GC(116)     Dead                           Min: 0, Avg:  0.0, Max: 0, Diff: 0, Sum: 0, Workers: 6
[31.681s][debug  ][gc,phases      ] GC(116)     Total                          Min: 0, Avg:  0.0, Max: 0, Diff: 0, Sum: 0, Workers: 6
[31.681s][debug  ][gc,phases      ] GC(116)   StringDedup Requests1 Weak     Min:  0.0, Avg:  0.0, Max:  0.0, Diff:  0.0, Sum:  0.0, Workers: 6
[31.681s][debug  ][gc,phases      ] GC(116)     Dead                           Min: 0, Avg:  0.0, Max: 0, Diff: 0, Sum: 0, Workers: 6
[31.681s][debug  ][gc,phases      ] GC(116)     Total                          Min: 0, Avg:  0.0, Max: 0, Diff: 0, Sum: 0, Workers: 6
[31.681s][debug  ][gc,phases      ] GC(116)   Weak JFR Old Object Samples    Min:  0.0, Avg:  0.0, Max:  0.0, Diff:  0.0, Sum:  0.0, Workers: 6
[31.681s][debug  ][gc,phases      ] GC(116)     Dead                           Min: 0, Avg:  0.0, Max: 0, Diff: 0, Sum: 0, Workers: 6
[31.681s][debug  ][gc,phases      ] GC(116)     Total                          Min: 0, Avg:  0.0, Max: 0, Diff: 0, Sum: 0, Workers: 6
[31.681s][debug  ][gc,phases      ] GC(116) Weak Processing 0.970ms
[31.681s][debug  ][gc,ergo        ] GC(116) AdaptiveSizeStart:  collection: 117 
[31.681s][debug  ][gc,ergo        ] GC(116) avg_survived_padded_avg: 33723312.000000
[31.681s][debug  ][gc,ergo        ] GC(116) avg_promoted_padded_avg: 255718816.000000  avg_pretenured_padded_avg: 0.000000  tenuring_thresh: 11  target_size: 34078720
[31.681s][debug  ][gc,age         ] GC(116) Desired survivor size 34078720 bytes, new threshold 11 (max threshold 15)
[31.681s][debug  ][gc,ergo        ] GC(116) PSAdaptiveSizePolicy::compute_eden_space_size limits: desired_eden_size: 219519927 old_eden_size: 200278016 eden_limit: 200278016 cur_eden: 200278016 max_eden_size: 200278016 avg_young_live: 25077974
[31.681s][debug  ][gc,ergo        ] GC(116) PSAdaptiveSizePolicy::compute_eden_space_size: costs minor_time: 0.046719 major_cost: 0.051300 mutator_cost: 0.901981 throughput_goal: 0.990000
[31.681s][debug  ][gc,ergo        ] GC(116) Live_space: 1029286400 free_space: 1400373248
[31.681s][debug  ][gc,ergo        ] GC(116) Old eden_size: 200278016 desired_eden_size: 200278016
[31.681s][debug  ][gc,ergo        ] GC(116) AdaptiveSizeStop: collection: 117 
[31.681s][info   ][gc,heap        ] GC(116) PSYoungGen: 188139K(228864K)->30720K(228864K) Eden: 188139K(195584K)->0K(195584K) From: 0K(33280K)->30720K(33280K)
[31.681s][info   ][gc,heap        ] GC(116) ParOldGen: 769636K(1835008K)->923236K(1835008K)
[31.681s][info   ][gc,metaspace   ] GC(116) Metaspace: 1024K(1216K)->1024K(1216K) NonClass: 940K(1024K)->940K(1024K) Class: 83K(192K)->83K(192K)
[31.681s][info   ][gc             ] GC(116) Pause Young (Allocation Failure) 935M->931M(2015M) 15.323ms
[31.681s][info   ][gc,cpu         ] GC(116) User=0.00s Sys=0.02s Real=0.02s
[31.681s][debug  ][gc,heap        ] GC(116) Heap after GC invocations=117 (full 19):
[31.681s][debug  ][gc,heap        ] GC(116)  PSYoungGen      total 228864K, used 30720K [0x00000000f0000000, 0x0000000100000000, 0x0000000100000000)
[31.681s][debug  ][gc,heap        ] GC(116)   eden space 195584K, 0% used [0x00000000f0000000,0x00000000f0000000,0x00000000fbf00000)
[31.681s][debug  ][gc,heap        ] GC(116)   from space 33280K, 92% used [0x00000000fbf00000,0x00000000fdd00030,0x00000000fdf80000)
[31.681s][debug  ][gc,heap        ] GC(116)   to   space 33280K, 0% used [0x00000000fdf80000,0x00000000fdf80000,0x0000000100000000)
[31.682s][debug  ][gc,heap        ] GC(116)  ParOldGen       total 1835008K, used 923236K [0x0000000080000000, 0x00000000f0000000, 0x00000000f0000000)
[31.682s][debug  ][gc,heap        ] GC(116)   object space 1835008K, 50% used [0x0000000080000000,0x00000000b85991a8,0x00000000f0000000)
[31.682s][debug  ][gc,heap        ] GC(116)  Metaspace       used 1024K, committed 1216K, reserved 1056768K
[31.682s][debug  ][gc,heap        ] GC(116)   class space    used 83K, committed 192K, reserved 1048576K
[31.682s][debug  ][gc,task,time   ] GC(116) VM-Thread 316655502 316791197 316816522
[31.965s][debug  ][gc,heap        ] GC(117) Heap before GC invocations=118 (full 19):
[31.965s][debug  ][gc,heap        ] GC(117)  PSYoungGen      total 228864K, used 218789K [0x00000000f0000000, 0x0000000100000000, 0x0000000100000000)
[31.965s][debug  ][gc,heap        ] GC(117)   eden space 195584K, 96% used [0x00000000f0000000,0x00000000fb7a9760,0x00000000fbf00000)
[31.965s][debug  ][gc,heap        ] GC(117)   from space 33280K, 92% used [0x00000000fbf00000,0x00000000fdd00030,0x00000000fdf80000)
[31.965s][debug  ][gc,heap        ] GC(117)   to   space 33280K, 0% used [0x00000000fdf80000,0x00000000fdf80000,0x0000000100000000)
[31.965s][debug  ][gc,heap        ] GC(117)  ParOldGen       total 1835008K, used 923236K [0x0000000080000000, 0x00000000f0000000, 0x00000000f0000000)
[31.965s][debug  ][gc,heap        ] GC(117)   object space 1835008K, 50% used [0x0000000080000000,0x00000000b85991a8,0x00000000f0000000)
[31.965s][debug  ][gc,heap        ] GC(117)  Metaspace       used 1024K, committed 1216K, reserved 1056768K
[31.965s][debug  ][gc,heap        ] GC(117)   class space    used 83K, committed 192K, reserved 1048576K
[31.965s][debug  ][gc,tlab        ] GC(117) TLAB totals: thrds: 1  refills: 1 max: 1 slow allocs: 17 max 17 waste: 26.8% gc: 3838488B max: 3838488B slow: 0B max: 0B
[31.965s][info   ][gc,start       ] GC(117) Pause Young (Allocation Failure)
[31.965s][debug  ][gc,phases,start] GC(117) Scavenge
[31.973s][debug  ][gc,phases      ] GC(117) Scavenge 7.655ms
[31.973s][debug  ][gc,phases,start] GC(117) Reference Processing
[31.973s][debug  ][gc,ref         ] GC(117) Skipped phase 1 of Reference Processing: no references
[31.973s][debug  ][gc,ref         ] GC(117) Skipped phase 2 of Reference Processing: no references
[31.973s][debug  ][gc,ref         ] GC(117) Skipped phase 3 of Reference Processing: no references
[31.973s][debug  ][gc,ref         ] GC(117) Skipped phase 4 of Reference Processing: no references
[31.973s][debug  ][gc,phases,ref  ] GC(117) Reference Processing: 0.1ms
[31.973s][debug  ][gc,phases,ref  ] GC(117)   Reconsider SoftReferences: 0.0ms
[31.973s][debug  ][gc,phases,ref  ] GC(117)     SoftRef (ms):                  skipped
[31.973s][debug  ][gc,phases,ref  ] GC(117)   Notify Soft/WeakReferences: 0.0ms
[31.973s][debug  ][gc,phases,ref  ] GC(117)     SoftRef (ms):                  skipped
[31.973s][debug  ][gc,phases,ref  ] GC(117)     WeakRef (ms):                  skipped
[31.973s][debug  ][gc,phases,ref  ] GC(117)     FinalRef (ms):                 skipped
[31.973s][debug  ][gc,phases,ref  ] GC(117)     Total (ms):                    skipped
[31.973s][debug  ][gc,phases,ref  ] GC(117)   Notify and keep alive finalizable: 0.0ms
[31.973s][debug  ][gc,phases,ref  ] GC(117)     FinalRef (ms):                 skipped
[31.973s][debug  ][gc,phases,ref  ] GC(117)   Notify PhantomReferences: 0.0ms
[31.973s][debug  ][gc,phases,ref  ] GC(117)     PhantomRef (ms):               skipped
[31.973s][debug  ][gc,phases,ref  ] GC(117)   SoftReference:
[31.973s][debug  ][gc,phases,ref  ] GC(117)     Discovered: 0
[31.973s][debug  ][gc,phases,ref  ] GC(117)     Cleared: 0
[31.973s][debug  ][gc,phases,ref  ] GC(117)   WeakReference:
[31.973s][debug  ][gc,phases,ref  ] GC(117)     Discovered: 0
[31.974s][debug  ][gc,phases,ref  ] GC(117)     Cleared: 0
[31.974s][debug  ][gc,phases,ref  ] GC(117)   FinalReference:
[31.974s][debug  ][gc,phases,ref  ] GC(117)     Discovered: 0
[31.974s][debug  ][gc,phases,ref  ] GC(117)     Cleared: 0
[31.974s][debug  ][gc,phases,ref  ] GC(117)   PhantomReference:
[31.974s][debug  ][gc,phases,ref  ] GC(117)     Discovered: 0
[31.974s][debug  ][gc,phases,ref  ] GC(117)     Cleared: 0
[31.974s][debug  ][gc,phases      ] GC(117) Reference Processing 0.633ms
[31.974s][debug  ][gc,phases,start] GC(117) Weak Processing
[31.974s][debug  ][gc,phases      ] GC(117)   VM Weak                        Min:  0.0, Avg:  0.0, Max:  0.0, Diff:  0.0, Sum:  0.0, Workers: 6
[31.974s][debug  ][gc,phases      ] GC(117)     Dead                           Min: 0, Avg:  0.0, Max: 0, Diff: 0, Sum: 0, Workers: 6
[31.974s][debug  ][gc,phases      ] GC(117)     Total                          Min: 0, Avg:  1.3, Max: 8, Diff: 8, Sum: 8, Workers: 6
[31.974s][debug  ][gc,phases      ] GC(117)   ObjectSynchronizer Weak        Min:  0.0, Avg:  0.0, Max:  0.0, Diff:  0.0, Sum:  0.0, Workers: 6
[31.974s][debug  ][gc,phases      ] GC(117)     Dead                           Min: 0, Avg:  0.0, Max: 0, Diff: 0, Sum: 0, Workers: 6
[31.974s][debug  ][gc,phases      ] GC(117)     Total                          Min: 0, Avg:  0.5, Max: 3, Diff: 3, Sum: 3, Workers: 6
[31.974s][debug  ][gc,phases      ] GC(117)   JVMTI Tag Weak OopStorage      Min:  0.0, Avg:  0.0, Max:  0.0, Diff:  0.0, Sum:  0.0, Workers: 6
[31.974s][debug  ][gc,phases      ] GC(117)     Dead                           Min: 0, Avg:  0.0, Max: 0, Diff: 0, Sum: 0, Workers: 6
[31.974s][debug  ][gc,phases      ] GC(117)     Total                          Min: 0, Avg:  0.0, Max: 0, Diff: 0, Sum: 0, Workers: 6
[31.974s][debug  ][gc,phases      ] GC(117)   StringTable Weak               Min:  0.0, Avg:  0.0, Max:  0.0, Diff:  0.0, Sum:  0.0, Workers: 6
[31.974s][debug  ][gc,phases      ] GC(117)     Dead                           Min: 0, Avg:  0.0, Max: 0, Diff: 0, Sum: 0, Workers: 6
[31.974s][debug  ][gc,phases      ] GC(117)     Total                          Min: 767, Avg: 892.5, Max: 1132, Diff: 365, Sum: 5355, Workers: 6
[31.974s][debug  ][gc,phases      ] GC(117)   ResolvedMethodTable Weak       Min:  0.0, Avg:  0.0, Max:  0.0, Diff:  0.0, Sum:  0.0, Workers: 6
[31.974s][debug  ][gc,phases      ] GC(117)     Dead                           Min: 0, Avg:  0.0, Max: 0, Diff: 0, Sum: 0, Workers: 6
[31.974s][debug  ][gc,phases      ] GC(117)     Total                          Min: 0, Avg: 21.5, Max: 64, Diff: 64, Sum: 129, Workers: 6
[31.974s][debug  ][gc,phases      ] GC(117)   JNI Weak                       Min:  0.0, Avg:  0.0, Max:  0.0, Diff:  0.0, Sum:  0.0, Workers: 6
[31.974s][debug  ][gc,phases      ] GC(117)     Dead                           Min: 0, Avg:  0.0, Max: 0, Diff: 0, Sum: 0, Workers: 6
[31.974s][debug  ][gc,phases      ] GC(117)     Total                          Min: 0, Avg:  0.0, Max: 0, Diff: 0, Sum: 0, Workers: 6
[31.974s][debug  ][gc,phases      ] GC(117)   StringDedup Table Weak         Min:  0.0, Avg:  0.0, Max:  0.0, Diff:  0.0, Sum:  0.0, Workers: 6
[31.974s][debug  ][gc,phases      ] GC(117)     Dead                           Min: 0, Avg:  0.0, Max: 0, Diff: 0, Sum: 0, Workers: 6
[31.974s][debug  ][gc,phases      ] GC(117)     Total                          Min: 0, Avg:  0.0, Max: 0, Diff: 0, Sum: 0, Workers: 6
[31.974s][debug  ][gc,phases      ] GC(117)   StringDedup Requests0 Weak     Min:  0.0, Avg:  0.0, Max:  0.0, Diff:  0.0, Sum:  0.0, Workers: 6
[31.974s][debug  ][gc,phases      ] GC(117)     Dead                           Min: 0, Avg:  0.0, Max: 0, Diff: 0, Sum: 0, Workers: 6
[31.974s][debug  ][gc,phases      ] GC(117)     Total                          Min: 0, Avg:  0.0, Max: 0, Diff: 0, Sum: 0, Workers: 6
[31.974s][debug  ][gc,phases      ] GC(117)   StringDedup Requests1 Weak     Min:  0.0, Avg:  0.0, Max:  0.0, Diff:  0.0, Sum:  0.0, Workers: 6
[31.974s][debug  ][gc,phases      ] GC(117)     Dead                           Min: 0, Avg:  0.0, Max: 0, Diff: 0, Sum: 0, Workers: 6
[31.974s][debug  ][gc,phases      ] GC(117)     Total                          Min: 0, Avg:  0.0, Max: 0, Diff: 0, Sum: 0, Workers: 6
[31.974s][debug  ][gc,phases      ] GC(117)   Weak JFR Old Object Samples    Min:  0.0, Avg:  0.0, Max:  0.0, Diff:  0.0, Sum:  0.0, Workers: 6
[31.974s][debug  ][gc,phases      ] GC(117)     Dead                           Min: 0, Avg:  0.0, Max: 0, Diff: 0, Sum: 0, Workers: 6
[31.974s][debug  ][gc,phases      ] GC(117)     Total                          Min: 0, Avg:  0.0, Max: 0, Diff: 0, Sum: 0, Workers: 6
[31.974s][debug  ][gc,phases      ] GC(117) Weak Processing 0.683ms
[31.974s][debug  ][gc,ergo        ] GC(117) AdaptiveSizeStart:  collection: 118 
[31.974s][debug  ][gc,ergo        ] GC(117) avg_survived_padded_avg: 33668732.000000
[31.974s][debug  ][gc,ergo        ] GC(117) avg_promoted_padded_avg: 260441392.000000  avg_pretenured_padded_avg: 0.000000  tenuring_thresh: 12  target_size: 34078720
[31.974s][debug  ][gc,age         ] GC(117) Desired survivor size 34078720 bytes, new threshold 12 (max threshold 15)
[31.974s][debug  ][gc,ergo        ] GC(117) PSAdaptiveSizePolicy::compute_eden_space_size limits: desired_eden_size: 218637337 old_eden_size: 200278016 eden_limit: 200278016 cur_eden: 200278016 max_eden_size: 200278016 avg_young_live: 25715908
[31.974s][debug  ][gc,ergo        ] GC(117) PSAdaptiveSizePolicy::compute_eden_space_size: costs minor_time: 0.042789 major_cost: 0.051300 mutator_cost: 0.905911 throughput_goal: 0.990000
[31.974s][debug  ][gc,ergo        ] GC(117) Live_space: 1029924288 free_space: 1400373248
[31.975s][debug  ][gc,ergo        ] GC(117) Old eden_size: 200278016 desired_eden_size: 200278016
[31.975s][debug  ][gc,ergo        ] GC(117) AdaptiveSizeStop: collection: 118 
[31.975s][info   ][gc,heap        ] GC(117) PSYoungGen: 218789K(228864K)->30720K(228864K) Eden: 188069K(195584K)->0K(195584K) From: 30720K(33280K)->30720K(33280K)
[31.975s][info   ][gc,heap        ] GC(117) ParOldGen: 923236K(1835008K)->1005156K(1835008K)
[31.975s][info   ][gc,metaspace   ] GC(117) Metaspace: 1024K(1216K)->1024K(1216K) NonClass: 940K(1024K)->940K(1024K) Class: 83K(192K)->83K(192K)
[31.975s][info   ][gc             ] GC(117) Pause Young (Allocation Failure) 1115M->1011M(2015M) 9.433ms
[31.975s][info   ][gc,cpu         ] GC(117) User=0.00s Sys=0.00s Real=0.01s
[31.975s][debug  ][gc,heap        ] GC(117) Heap after GC invocations=118 (full 19):
[31.975s][debug  ][gc,heap        ] GC(117)  PSYoungGen      total 228864K, used 30720K [0x00000000f0000000, 0x0000000100000000, 0x0000000100000000)
[31.975s][debug  ][gc,heap        ] GC(117)   eden space 195584K, 0% used [0x00000000f0000000,0x00000000f0000000,0x00000000fbf00000)
[31.975s][debug  ][gc,heap        ] GC(117)   from space 33280K, 92% used [0x00000000fdf80000,0x00000000ffd80030,0x0000000100000000)
[31.975s][debug  ][gc,heap        ] GC(117)   to   space 33280K, 0% used [0x00000000fbf00000,0x00000000fbf00000,0x00000000fdf80000)
[31.975s][debug  ][gc,heap        ] GC(117)  ParOldGen       total 1835008K, used 1005156K [0x0000000080000000, 0x00000000f0000000, 0x00000000f0000000)
[31.975s][debug  ][gc,heap        ] GC(117)   object space 1835008K, 54% used [0x0000000080000000,0x00000000bd599228,0x00000000f0000000)
[31.975s][debug  ][gc,heap        ] GC(117)  Metaspace       used 1024K, committed 1216K, reserved 1056768K
[31.975s][debug  ][gc,heap        ] GC(117)   class space    used 83K, committed 192K, reserved 1048576K
[31.975s][debug  ][gc,task,time   ] GC(117) VM-Thread 319648283 319730152 319749252
[32.266s][debug  ][gc,heap        ] GC(118) Heap before GC invocations=119 (full 19):
[32.266s][debug  ][gc,heap        ] GC(118)  PSYoungGen      total 228864K, used 218819K [0x00000000f0000000, 0x0000000100000000, 0x0000000100000000)
[32.266s][debug  ][gc,heap        ] GC(118)   eden space 195584K, 96% used [0x00000000f0000000,0x00000000fb7b0d28,0x00000000fbf00000)
[32.266s][debug  ][gc,heap        ] GC(118)   from space 33280K, 92% used [0x00000000fdf80000,0x00000000ffd80030,0x0000000100000000)
[32.266s][debug  ][gc,heap        ] GC(118)   to   space 33280K, 0% used [0x00000000fbf00000,0x00000000fbf00000,0x00000000fdf80000)
[32.266s][debug  ][gc,heap        ] GC(118)  ParOldGen       total 1835008K, used 1005156K [0x0000000080000000, 0x00000000f0000000, 0x00000000f0000000)
[32.266s][debug  ][gc,heap        ] GC(118)   object space 1835008K, 54% used [0x0000000080000000,0x00000000bd599228,0x00000000f0000000)
[32.266s][debug  ][gc,heap        ] GC(118)  Metaspace       used 1024K, committed 1216K, reserved 1056768K
[32.266s][debug  ][gc,heap        ] GC(118)   class space    used 83K, committed 192K, reserved 1048576K
[32.266s][debug  ][gc,tlab        ] GC(118) TLAB totals: thrds: 1  refills: 1 max: 1 slow allocs: 17 max 17 waste: 27.0% gc: 3869704B max: 3869704B slow: 0B max: 0B
[32.266s][info   ][gc,start       ] GC(118) Pause Young (Allocation Failure)
[32.266s][debug  ][gc,phases,start] GC(118) Scavenge
[32.281s][debug  ][gc,phases      ] GC(118) Scavenge 14.783ms
[32.281s][debug  ][gc,phases,start] GC(118) Reference Processing
[32.281s][debug  ][gc,ref         ] GC(118) Skipped phase 1 of Reference Processing: no references
[32.281s][debug  ][gc,ref         ] GC(118) Skipped phase 2 of Reference Processing: no references
[32.281s][debug  ][gc,ref         ] GC(118) Skipped phase 3 of Reference Processing: no references
[32.281s][debug  ][gc,ref         ] GC(118) Skipped phase 4 of Reference Processing: no references
[32.281s][debug  ][gc,phases,ref  ] GC(118) Reference Processing: 0.1ms
[32.281s][debug  ][gc,phases,ref  ] GC(118)   Reconsider SoftReferences: 0.0ms
[32.281s][debug  ][gc,phases,ref  ] GC(118)     SoftRef (ms):                  skipped
[32.281s][debug  ][gc,phases,ref  ] GC(118)   Notify Soft/WeakReferences: 0.0ms
[32.281s][debug  ][gc,phases,ref  ] GC(118)     SoftRef (ms):                  skipped
[32.281s][debug  ][gc,phases,ref  ] GC(118)     WeakRef (ms):                  skipped
[32.281s][debug  ][gc,phases,ref  ] GC(118)     FinalRef (ms):                 skipped
[32.281s][debug  ][gc,phases,ref  ] GC(118)     Total (ms):                    skipped
[32.282s][debug  ][gc,phases,ref  ] GC(118)   Notify and keep alive finalizable: 0.0ms
[32.282s][debug  ][gc,phases,ref  ] GC(118)     FinalRef (ms):                 skipped
[32.282s][debug  ][gc,phases,ref  ] GC(118)   Notify PhantomReferences: 0.0ms
[32.282s][debug  ][gc,phases,ref  ] GC(118)     PhantomRef (ms):               skipped
[32.282s][debug  ][gc,phases,ref  ] GC(118)   SoftReference:
[32.282s][debug  ][gc,phases,ref  ] GC(118)     Discovered: 0
[32.282s][debug  ][gc,phases,ref  ] GC(118)     Cleared: 0
[32.282s][debug  ][gc,phases,ref  ] GC(118)   WeakReference:
[32.282s][debug  ][gc,phases,ref  ] GC(118)     Discovered: 0
[32.282s][debug  ][gc,phases,ref  ] GC(118)     Cleared: 0
[32.282s][debug  ][gc,phases,ref  ] GC(118)   FinalReference:
[32.282s][debug  ][gc,phases,ref  ] GC(118)     Discovered: 0
[32.282s][debug  ][gc,phases,ref  ] GC(118)     Cleared: 0
[32.282s][debug  ][gc,phases,ref  ] GC(118)   PhantomReference:
[32.282s][debug  ][gc,phases,ref  ] GC(118)     Discovered: 0
[32.282s][debug  ][gc,phases,ref  ] GC(118)     Cleared: 0
[32.282s][debug  ][gc,phases      ] GC(118) Reference Processing 0.684ms
[32.282s][debug  ][gc,phases,start] GC(118) Weak Processing
[32.282s][debug  ][gc,phases      ] GC(118)   VM Weak                        Min:  0.0, Avg:  0.0, Max:  0.0, Diff:  0.0, Sum:  0.0, Workers: 6
[32.282s][debug  ][gc,phases      ] GC(118)     Dead                           Min: 0, Avg:  0.0, Max: 0, Diff: 0, Sum: 0, Workers: 6
[32.282s][debug  ][gc,phases      ] GC(118)     Total                          Min: 0, Avg:  1.3, Max: 8, Diff: 8, Sum: 8, Workers: 6
[32.282s][debug  ][gc,phases      ] GC(118)   ObjectSynchronizer Weak        Min:  0.0, Avg:  0.0, Max:  0.0, Diff:  0.0, Sum:  0.0, Workers: 6
[32.282s][debug  ][gc,phases      ] GC(118)     Dead                           Min: 0, Avg:  0.0, Max: 0, Diff: 0, Sum: 0, Workers: 6
[32.282s][debug  ][gc,phases      ] GC(118)     Total                          Min: 0, Avg:  0.5, Max: 3, Diff: 3, Sum: 3, Workers: 6
[32.282s][debug  ][gc,phases      ] GC(118)   JVMTI Tag Weak OopStorage      Min:  0.0, Avg:  0.0, Max:  0.0, Diff:  0.0, Sum:  0.0, Workers: 6
[32.282s][debug  ][gc,phases      ] GC(118)     Dead                           Min: 0, Avg:  0.0, Max: 0, Diff: 0, Sum: 0, Workers: 6
[32.282s][debug  ][gc,phases      ] GC(118)     Total                          Min: 0, Avg:  0.0, Max: 0, Diff: 0, Sum: 0, Workers: 6
[32.282s][debug  ][gc,phases      ] GC(118)   StringTable Weak               Min:  0.0, Avg:  0.0, Max:  0.0, Diff:  0.0, Sum:  0.0, Workers: 6
[32.282s][debug  ][gc,phases      ] GC(118)     Dead                           Min: 0, Avg:  0.0, Max: 0, Diff: 0, Sum: 0, Workers: 6
[32.282s][debug  ][gc,phases      ] GC(118)     Total                          Min: 640, Avg: 892.5, Max: 1152, Diff: 512, Sum: 5355, Workers: 6
[32.282s][debug  ][gc,phases      ] GC(118)   ResolvedMethodTable Weak       Min:  0.0, Avg:  0.0, Max:  0.0, Diff:  0.0, Sum:  0.0, Workers: 6
[32.282s][debug  ][gc,phases      ] GC(118)     Dead                           Min: 0, Avg:  0.0, Max: 0, Diff: 0, Sum: 0, Workers: 6
[32.282s][debug  ][gc,phases      ] GC(118)     Total                          Min: 0, Avg: 21.5, Max: 64, Diff: 64, Sum: 129, Workers: 6
[32.282s][debug  ][gc,phases      ] GC(118)   JNI Weak                       Min:  0.0, Avg:  0.0, Max:  0.0, Diff:  0.0, Sum:  0.0, Workers: 6
[32.282s][debug  ][gc,phases      ] GC(118)     Dead                           Min: 0, Avg:  0.0, Max: 0, Diff: 0, Sum: 0, Workers: 6
[32.282s][debug  ][gc,phases      ] GC(118)     Total                          Min: 0, Avg:  0.0, Max: 0, Diff: 0, Sum: 0, Workers: 6
[32.282s][debug  ][gc,phases      ] GC(118)   StringDedup Table Weak         Min:  0.0, Avg:  0.0, Max:  0.0, Diff:  0.0, Sum:  0.0, Workers: 6
[32.282s][debug  ][gc,phases      ] GC(118)     Dead                           Min: 0, Avg:  0.0, Max: 0, Diff: 0, Sum: 0, Workers: 6
[32.282s][debug  ][gc,phases      ] GC(118)     Total                          Min: 0, Avg:  0.0, Max: 0, Diff: 0, Sum: 0, Workers: 6
[32.283s][debug  ][gc,phases      ] GC(118)   StringDedup Requests0 Weak     Min:  0.0, Avg:  0.0, Max:  0.0, Diff:  0.0, Sum:  0.0, Workers: 6
[32.283s][debug  ][gc,phases      ] GC(118)     Dead                           Min: 0, Avg:  0.0, Max: 0, Diff: 0, Sum: 0, Workers: 6
[32.283s][debug  ][gc,phases      ] GC(118)     Total                          Min: 0, Avg:  0.0, Max: 0, Diff: 0, Sum: 0, Workers: 6
[32.283s][debug  ][gc,phases      ] GC(118)   StringDedup Requests1 Weak     Min:  0.0, Avg:  0.0, Max:  0.0, Diff:  0.0, Sum:  0.0, Workers: 6
[32.283s][debug  ][gc,phases      ] GC(118)     Dead                           Min: 0, Avg:  0.0, Max: 0, Diff: 0, Sum: 0, Workers: 6
[32.283s][debug  ][gc,phases      ] GC(118)     Total                          Min: 0, Avg:  0.0, Max: 0, Diff: 0, Sum: 0, Workers: 6
[32.283s][debug  ][gc,phases      ] GC(118)   Weak JFR Old Object Samples    Min:  0.0, Avg:  0.0, Max:  0.0, Diff:  0.0, Sum:  0.0, Workers: 6
[32.283s][debug  ][gc,phases      ] GC(118)     Dead                           Min: 0, Avg:  0.0, Max: 0, Diff: 0, Sum: 0, Workers: 6
[32.283s][debug  ][gc,phases      ] GC(118)     Total                          Min: 0, Avg:  0.0, Max: 0, Diff: 0, Sum: 0, Workers: 6
[32.283s][debug  ][gc,phases      ] GC(118) Weak Processing 0.799ms
[32.283s][debug  ][gc,ergo        ] GC(118) AdaptiveSizeStart:  collection: 119 
[32.283s][debug  ][gc,ergo        ] GC(118) avg_survived_padded_avg: 33602408.000000
[32.283s][debug  ][gc,ergo        ] GC(118) avg_promoted_padded_avg: 261867984.000000  avg_pretenured_padded_avg: 0.000000  tenuring_thresh: 13  target_size: 34078720
[32.283s][debug  ][gc,age         ] GC(118) Desired survivor size 34078720 bytes, new threshold 13 (max threshold 15)
[32.283s][debug  ][gc,ergo        ] GC(118) PSAdaptiveSizePolicy::compute_eden_space_size limits: desired_eden_size: 219228759 old_eden_size: 200278016 eden_limit: 200278016 cur_eden: 200278016 max_eden_size: 200278016 avg_young_live: 26290050
[32.283s][debug  ][gc,ergo        ] GC(118) PSAdaptiveSizePolicy::compute_eden_space_size: costs minor_time: 0.045387 major_cost: 0.051300 mutator_cost: 0.903313 throughput_goal: 0.990000
[32.283s][debug  ][gc,ergo        ] GC(118) Live_space: 1030498432 free_space: 1400373248
[32.283s][debug  ][gc,ergo        ] GC(118) Old eden_size: 200278016 desired_eden_size: 200278016
[32.283s][debug  ][gc,ergo        ] GC(118) AdaptiveSizeStop: collection: 119 
[32.283s][info   ][gc,heap        ] GC(118) PSYoungGen: 218819K(228864K)->30720K(228864K) Eden: 188099K(195584K)->0K(195584K) From: 30720K(33280K)->30720K(33280K)
[32.283s][info   ][gc,heap        ] GC(118) ParOldGen: 1005156K(1835008K)->1189476K(1835008K)
[32.283s][info   ][gc,metaspace   ] GC(118) Metaspace: 1024K(1216K)->1024K(1216K) NonClass: 940K(1024K)->940K(1024K) Class: 83K(192K)->83K(192K)
[32.283s][info   ][gc             ] GC(118) Pause Young (Allocation Failure) 1195M->1191M(2015M) 16.766ms
[32.283s][info   ][gc,cpu         ] GC(118) User=0.12s Sys=0.00s Real=0.02s
[32.283s][debug  ][gc,heap        ] GC(118) Heap after GC invocations=119 (full 19):
[32.283s][debug  ][gc,heap        ] GC(118)  PSYoungGen      total 228864K, used 30720K [0x00000000f0000000, 0x0000000100000000, 0x0000000100000000)
[32.283s][debug  ][gc,heap        ] GC(118)   eden space 195584K, 0% used [0x00000000f0000000,0x00000000f0000000,0x00000000fbf00000)
[32.283s][debug  ][gc,heap        ] GC(118)   from space 33280K, 92% used [0x00000000fbf00000,0x00000000fdd00030,0x00000000fdf80000)
[32.283s][debug  ][gc,heap        ] GC(118)   to   space 33280K, 0% used [0x00000000fdf80000,0x00000000fdf80000,0x0000000100000000)
[32.283s][debug  ][gc,heap        ] GC(118)  ParOldGen       total 1835008K, used 1189476K [0x0000000080000000, 0x00000000f0000000, 0x00000000f0000000)
[32.283s][debug  ][gc,heap        ] GC(118)   object space 1835008K, 64% used [0x0000000080000000,0x00000000c8999348,0x00000000f0000000)
[32.283s][debug  ][gc,heap        ] GC(118)  Metaspace       used 1024K, committed 1216K, reserved 1056768K
[32.283s][debug  ][gc,heap        ] GC(118)   class space    used 83K, committed 192K, reserved 1048576K
[32.283s][debug  ][gc,task,time   ] GC(118) VM-Thread 322658441 322811987 322833020
[32.564s][debug  ][gc,heap        ] GC(119) Heap before GC invocations=120 (full 19):
[32.564s][debug  ][gc,heap        ] GC(119)  PSYoungGen      total 228864K, used 218838K [0x00000000f0000000, 0x0000000100000000, 0x0000000100000000)
[32.564s][debug  ][gc,heap        ] GC(119)   eden space 195584K, 96% used [0x00000000f0000000,0x00000000fb7b58e8,0x00000000fbf00000)
[32.564s][debug  ][gc,heap        ] GC(119)   from space 33280K, 92% used [0x00000000fbf00000,0x00000000fdd00030,0x00000000fdf80000)
[32.564s][debug  ][gc,heap        ] GC(119)   to   space 33280K, 0% used [0x00000000fdf80000,0x00000000fdf80000,0x0000000100000000)
[32.564s][debug  ][gc,heap        ] GC(119)  ParOldGen       total 1835008K, used 1189476K [0x0000000080000000, 0x00000000f0000000, 0x00000000f0000000)
[32.564s][debug  ][gc,heap        ] GC(119)   object space 1835008K, 64% used [0x0000000080000000,0x00000000c8999348,0x00000000f0000000)
[32.564s][debug  ][gc,heap        ] GC(119)  Metaspace       used 1024K, committed 1216K, reserved 1056768K
[32.564s][debug  ][gc,heap        ] GC(119)   class space    used 83K, committed 192K, reserved 1048576K
[32.564s][debug  ][gc,tlab        ] GC(119) TLAB totals: thrds: 1  refills: 1 max: 1 slow allocs: 17 max 17 waste: 27.1% gc: 3889096B max: 3889096B slow: 0B max: 0B
[32.564s][info   ][gc,start       ] GC(119) Pause Young (Allocation Failure)
[32.564s][debug  ][gc,phases,start] GC(119) Scavenge
[32.579s][debug  ][gc,phases      ] GC(119) Scavenge 14.591ms
[32.579s][debug  ][gc,phases,start] GC(119) Reference Processing
[32.579s][debug  ][gc,ref         ] GC(119) Skipped phase 1 of Reference Processing: no references
[32.579s][debug  ][gc,ref         ] GC(119) Skipped phase 2 of Reference Processing: no references
[32.579s][debug  ][gc,ref         ] GC(119) Skipped phase 3 of Reference Processing: no references
[32.579s][debug  ][gc,ref         ] GC(119) Skipped phase 4 of Reference Processing: no references
[32.579s][debug  ][gc,phases,ref  ] GC(119) Reference Processing: 0.1ms
[32.579s][debug  ][gc,phases,ref  ] GC(119)   Reconsider SoftReferences: 0.0ms
[32.579s][debug  ][gc,phases,ref  ] GC(119)     SoftRef (ms):                  skipped
[32.579s][debug  ][gc,phases,ref  ] GC(119)   Notify Soft/WeakReferences: 0.0ms
[32.579s][debug  ][gc,phases,ref  ] GC(119)     SoftRef (ms):                  skipped
[32.579s][debug  ][gc,phases,ref  ] GC(119)     WeakRef (ms):                  skipped
[32.579s][debug  ][gc,phases,ref  ] GC(119)     FinalRef (ms):                 skipped
[32.579s][debug  ][gc,phases,ref  ] GC(119)     Total (ms):                    skipped
[32.579s][debug  ][gc,phases,ref  ] GC(119)   Notify and keep alive finalizable: 0.0ms
[32.579s][debug  ][gc,phases,ref  ] GC(119)     FinalRef (ms):                 skipped
[32.579s][debug  ][gc,phases,ref  ] GC(119)   Notify PhantomReferences: 0.0ms
[32.579s][debug  ][gc,phases,ref  ] GC(119)     PhantomRef (ms):               skipped
[32.579s][debug  ][gc,phases,ref  ] GC(119)   SoftReference:
[32.579s][debug  ][gc,phases,ref  ] GC(119)     Discovered: 0
[32.579s][debug  ][gc,phases,ref  ] GC(119)     Cleared: 0
[32.579s][debug  ][gc,phases,ref  ] GC(119)   WeakReference:
[32.579s][debug  ][gc,phases,ref  ] GC(119)     Discovered: 0
[32.579s][debug  ][gc,phases,ref  ] GC(119)     Cleared: 0
[32.579s][debug  ][gc,phases,ref  ] GC(119)   FinalReference:
[32.579s][debug  ][gc,phases,ref  ] GC(119)     Discovered: 0
[32.579s][debug  ][gc,phases,ref  ] GC(119)     Cleared: 0
[32.580s][debug  ][gc,phases,ref  ] GC(119)   PhantomReference:
[32.580s][debug  ][gc,phases,ref  ] GC(119)     Discovered: 0
[32.580s][debug  ][gc,phases,ref  ] GC(119)     Cleared: 0
[32.580s][debug  ][gc,phases      ] GC(119) Reference Processing 0.778ms
[32.580s][debug  ][gc,phases,start] GC(119) Weak Processing
[32.580s][debug  ][gc,phases      ] GC(119)   VM Weak                        Min:  0.0, Avg:  0.0, Max:  0.0, Diff:  0.0, Sum:  0.0, Workers: 6
[32.580s][debug  ][gc,phases      ] GC(119)     Dead                           Min: 0, Avg:  0.0, Max: 0, Diff: 0, Sum: 0, Workers: 6
[32.580s][debug  ][gc,phases      ] GC(119)     Total                          Min: 0, Avg:  1.3, Max: 8, Diff: 8, Sum: 8, Workers: 6
[32.580s][debug  ][gc,phases      ] GC(119)   ObjectSynchronizer Weak        Min:  0.0, Avg:  0.0, Max:  0.0, Diff:  0.0, Sum:  0.0, Workers: 6
[32.580s][debug  ][gc,phases      ] GC(119)     Dead                           Min: 0, Avg:  0.0, Max: 0, Diff: 0, Sum: 0, Workers: 6
[32.580s][debug  ][gc,phases      ] GC(119)     Total                          Min: 0, Avg:  0.5, Max: 3, Diff: 3, Sum: 3, Workers: 6
[32.580s][debug  ][gc,phases      ] GC(119)   JVMTI Tag Weak OopStorage      Min:  0.0, Avg:  0.0, Max:  0.0, Diff:  0.0, Sum:  0.0, Workers: 6
[32.580s][debug  ][gc,phases      ] GC(119)     Dead                           Min: 0, Avg:  0.0, Max: 0, Diff: 0, Sum: 0, Workers: 6
[32.580s][debug  ][gc,phases      ] GC(119)     Total                          Min: 0, Avg:  0.0, Max: 0, Diff: 0, Sum: 0, Workers: 6
[32.580s][debug  ][gc,phases      ] GC(119)   StringTable Weak               Min:  0.0, Avg:  0.0, Max:  0.0, Diff:  0.0, Sum:  0.0, Workers: 6
[32.580s][debug  ][gc,phases      ] GC(119)     Dead                           Min: 0, Avg:  0.0, Max: 0, Diff: 0, Sum: 0, Workers: 6
[32.580s][debug  ][gc,phases      ] GC(119)     Total                          Min: 768, Avg: 892.5, Max: 1088, Diff: 320, Sum: 5355, Workers: 6
[32.580s][debug  ][gc,phases      ] GC(119)   ResolvedMethodTable Weak       Min:  0.0, Avg:  0.0, Max:  0.0, Diff:  0.0, Sum:  0.0, Workers: 6
[32.580s][debug  ][gc,phases      ] GC(119)     Dead                           Min: 0, Avg:  0.0, Max: 0, Diff: 0, Sum: 0, Workers: 6
[32.580s][debug  ][gc,phases      ] GC(119)     Total                          Min: 0, Avg: 21.5, Max: 64, Diff: 64, Sum: 129, Workers: 6
[32.580s][debug  ][gc,phases      ] GC(119)   JNI Weak                       Min:  0.0, Avg:  0.0, Max:  0.0, Diff:  0.0, Sum:  0.0, Workers: 6
[32.580s][debug  ][gc,phases      ] GC(119)     Dead                           Min: 0, Avg:  0.0, Max: 0, Diff: 0, Sum: 0, Workers: 6
[32.580s][debug  ][gc,phases      ] GC(119)     Total                          Min: 0, Avg:  0.0, Max: 0, Diff: 0, Sum: 0, Workers: 6
[32.580s][debug  ][gc,phases      ] GC(119)   StringDedup Table Weak         Min:  0.0, Avg:  0.0, Max:  0.0, Diff:  0.0, Sum:  0.0, Workers: 6
[32.580s][debug  ][gc,phases      ] GC(119)     Dead                           Min: 0, Avg:  0.0, Max: 0, Diff: 0, Sum: 0, Workers: 6
[32.580s][debug  ][gc,phases      ] GC(119)     Total                          Min: 0, Avg:  0.0, Max: 0, Diff: 0, Sum: 0, Workers: 6
[32.580s][debug  ][gc,phases      ] GC(119)   StringDedup Requests0 Weak     Min:  0.0, Avg:  0.0, Max:  0.0, Diff:  0.0, Sum:  0.0, Workers: 6
[32.580s][debug  ][gc,phases      ] GC(119)     Dead                           Min: 0, Avg:  0.0, Max: 0, Diff: 0, Sum: 0, Workers: 6
[32.580s][debug  ][gc,phases      ] GC(119)     Total                          Min: 0, Avg:  0.0, Max: 0, Diff: 0, Sum: 0, Workers: 6
[32.580s][debug  ][gc,phases      ] GC(119)   StringDedup Requests1 Weak     Min:  0.0, Avg:  0.0, Max:  0.0, Diff:  0.0, Sum:  0.0, Workers: 6
[32.580s][debug  ][gc,phases      ] GC(119)     Dead                           Min: 0, Avg:  0.0, Max: 0, Diff: 0, Sum: 0, Workers: 6
[32.580s][debug  ][gc,phases      ] GC(119)     Total                          Min: 0, Avg:  0.0, Max: 0, Diff: 0, Sum: 0, Workers: 6
[32.580s][debug  ][gc,phases      ] GC(119)   Weak JFR Old Object Samples    Min:  0.0, Avg:  0.0, Max:  0.0, Diff:  0.0, Sum:  0.0, Workers: 6
[32.580s][debug  ][gc,phases      ] GC(119)     Dead                           Min: 0, Avg:  0.0, Max: 0, Diff: 0, Sum: 0, Workers: 6
[32.580s][debug  ][gc,phases      ] GC(119)     Total                          Min: 0, Avg:  0.0, Max: 0, Diff: 0, Sum: 0, Workers: 6
[32.580s][debug  ][gc,phases      ] GC(119) Weak Processing 0.751ms
[32.580s][debug  ][gc,ergo        ] GC(119) AdaptiveSizeStart:  collection: 120 
[32.580s][debug  ][gc,ergo        ] GC(119) avg_survived_padded_avg: 33527234.000000
[32.580s][debug  ][gc,ergo        ] GC(119) avg_promoted_padded_avg: 262292304.000000  avg_pretenured_padded_avg: 0.000000  tenuring_thresh: 13  target_size: 33554432
[32.580s][debug  ][gc,age         ] GC(119) Desired survivor size 33554432 bytes, new threshold 13 (max threshold 15)
[32.580s][debug  ][gc,ergo        ] GC(119) PSAdaptiveSizePolicy::compute_eden_space_size limits: desired_eden_size: 219728262 old_eden_size: 200278016 eden_limit: 200278016 cur_eden: 200278016 max_eden_size: 200278016 avg_young_live: 26806778
[32.580s][debug  ][gc,ergo        ] GC(119) PSAdaptiveSizePolicy::compute_eden_space_size: costs minor_time: 0.047696 major_cost: 0.051300 mutator_cost: 0.901005 throughput_goal: 0.990000
[32.581s][debug  ][gc,ergo        ] GC(119) Live_space: 1031015168 free_space: 1400373248
[32.581s][debug  ][gc,ergo        ] GC(119) Old eden_size: 200278016 desired_eden_size: 200278016
[32.581s][debug  ][gc,ergo        ] GC(119) AdaptiveSizeStop: collection: 120 
[32.581s][info   ][gc,heap        ] GC(119) PSYoungGen: 218838K(228864K)->30720K(229376K) Eden: 188118K(195584K)->0K(196096K) From: 30720K(33280K)->30720K(33280K)
[32.581s][info   ][gc,heap        ] GC(119) ParOldGen: 1189476K(1835008K)->1373797K(1835008K)
[32.581s][info   ][gc,metaspace   ] GC(119) Metaspace: 1024K(1216K)->1024K(1216K) NonClass: 940K(1024K)->940K(1024K) Class: 83K(192K)->83K(192K)
[32.581s][info   ][gc             ] GC(119) Pause Young (Allocation Failure) 1375M->1371M(2016M) 16.630ms
[32.581s][info   ][gc,cpu         ] GC(119) User=0.12s Sys=0.00s Real=0.02s
[32.581s][debug  ][gc,heap        ] GC(119) Heap after GC invocations=120 (full 19):
[32.581s][debug  ][gc,heap        ] GC(119)  PSYoungGen      total 229376K, used 30720K [0x00000000f0000000, 0x0000000100000000, 0x0000000100000000)
[32.581s][debug  ][gc,heap        ] GC(119)   eden space 196096K, 0% used [0x00000000f0000000,0x00000000f0000000,0x00000000fbf80000)
[32.581s][debug  ][gc,heap        ] GC(119)   from space 33280K, 92% used [0x00000000fdf80000,0x00000000ffd80030,0x0000000100000000)
[32.581s][debug  ][gc,heap        ] GC(119)   to   space 32768K, 0% used [0x00000000fbf80000,0x00000000fbf80000,0x00000000fdf80000)
[32.581s][debug  ][gc,heap        ] GC(119)  ParOldGen       total 1835008K, used 1373797K [0x0000000080000000, 0x00000000f0000000, 0x00000000f0000000)
[32.581s][debug  ][gc,heap        ] GC(119)   object space 1835008K, 74% used [0x0000000080000000,0x00000000d3d99468,0x00000000f0000000)
[32.581s][debug  ][gc,heap        ] GC(119)  Metaspace       used 1024K, committed 1216K, reserved 1056768K
[32.581s][debug  ][gc,heap        ] GC(119)   class space    used 83K, committed 192K, reserved 1048576K
[32.581s][debug  ][gc,task,time   ] GC(119) VM-Thread 325635966 325787988 325809508
[32.864s][debug  ][gc,heap        ] GC(120) Heap before GC invocations=121 (full 19):
[32.864s][debug  ][gc,heap        ] GC(120)  PSYoungGen      total 229376K, used 218860K [0x00000000f0000000, 0x0000000100000000, 0x0000000100000000)
[32.864s][debug  ][gc,heap        ] GC(120)   eden space 196096K, 95% used [0x00000000f0000000,0x00000000fb7bb178,0x00000000fbf80000)
[32.864s][debug  ][gc,heap        ] GC(120)   from space 33280K, 92% used [0x00000000fdf80000,0x00000000ffd80030,0x0000000100000000)
[32.864s][debug  ][gc,heap        ] GC(120)   to   space 32768K, 0% used [0x00000000fbf80000,0x00000000fbf80000,0x00000000fdf80000)
[32.864s][debug  ][gc,heap        ] GC(120)  ParOldGen       total 1835008K, used 1373797K [0x0000000080000000, 0x00000000f0000000, 0x00000000f0000000)
[32.864s][debug  ][gc,heap        ] GC(120)   object space 1835008K, 74% used [0x0000000080000000,0x00000000d3d99468,0x00000000f0000000)
[32.864s][debug  ][gc,heap        ] GC(120)  Metaspace       used 1024K, committed 1216K, reserved 1056768K
[32.864s][debug  ][gc,heap        ] GC(120)   class space    used 83K, committed 192K, reserved 1048576K
[32.864s][debug  ][gc,tlab        ] GC(120) TLAB totals: thrds: 1  refills: 1 max: 1 slow allocs: 17 max 17 waste: 27.2% gc: 3911768B max: 3911768B slow: 0B max: 0B
[32.864s][info   ][gc,start       ] GC(120) Pause Young (Allocation Failure)
[32.864s][debug  ][gc,phases,start] GC(120) Scavenge
[32.879s][debug  ][gc,phases      ] GC(120) Scavenge 15.033ms
[32.879s][debug  ][gc,phases,start] GC(120) Reference Processing
[32.879s][debug  ][gc,ref         ] GC(120) Skipped phase 1 of Reference Processing: no references
[32.879s][debug  ][gc,ref         ] GC(120) Skipped phase 2 of Reference Processing: no references
[32.879s][debug  ][gc,ref         ] GC(120) Skipped phase 3 of Reference Processing: no references
[32.879s][debug  ][gc,ref         ] GC(120) Skipped phase 4 of Reference Processing: no references
[32.880s][debug  ][gc,phases,ref  ] GC(120) Reference Processing: 0.1ms
[32.880s][debug  ][gc,phases,ref  ] GC(120)   Reconsider SoftReferences: 0.0ms
[32.880s][debug  ][gc,phases,ref  ] GC(120)     SoftRef (ms):                  skipped
[32.880s][debug  ][gc,phases,ref  ] GC(120)   Notify Soft/WeakReferences: 0.0ms
[32.880s][debug  ][gc,phases,ref  ] GC(120)     SoftRef (ms):                  skipped
[32.880s][debug  ][gc,phases,ref  ] GC(120)     WeakRef (ms):                  skipped
[32.880s][debug  ][gc,phases,ref  ] GC(120)     FinalRef (ms):                 skipped
[32.880s][debug  ][gc,phases,ref  ] GC(120)     Total (ms):                    skipped
[32.880s][debug  ][gc,phases,ref  ] GC(120)   Notify and keep alive finalizable: 0.0ms
[32.880s][debug  ][gc,phases,ref  ] GC(120)     FinalRef (ms):                 skipped
[32.880s][debug  ][gc,phases,ref  ] GC(120)   Notify PhantomReferences: 0.0ms
[32.880s][debug  ][gc,phases,ref  ] GC(120)     PhantomRef (ms):               skipped
[32.880s][debug  ][gc,phases,ref  ] GC(120)   SoftReference:
[32.880s][debug  ][gc,phases,ref  ] GC(120)     Discovered: 0
[32.880s][debug  ][gc,phases,ref  ] GC(120)     Cleared: 0
[32.880s][debug  ][gc,phases,ref  ] GC(120)   WeakReference:
[32.880s][debug  ][gc,phases,ref  ] GC(120)     Discovered: 0
[32.880s][debug  ][gc,phases,ref  ] GC(120)     Cleared: 0
[32.880s][debug  ][gc,phases,ref  ] GC(120)   FinalReference:
[32.880s][debug  ][gc,phases,ref  ] GC(120)     Discovered: 0
[32.880s][debug  ][gc,phases,ref  ] GC(120)     Cleared: 0
[32.880s][debug  ][gc,phases,ref  ] GC(120)   PhantomReference:
[32.880s][debug  ][gc,phases,ref  ] GC(120)     Discovered: 0
[32.880s][debug  ][gc,phases,ref  ] GC(120)     Cleared: 0
[32.880s][debug  ][gc,phases      ] GC(120) Reference Processing 0.683ms
[32.880s][debug  ][gc,phases,start] GC(120) Weak Processing
[32.880s][debug  ][gc,phases      ] GC(120)   VM Weak                        Min:  0.0, Avg:  0.0, Max:  0.0, Diff:  0.0, Sum:  0.0, Workers: 6
[32.880s][debug  ][gc,phases      ] GC(120)     Dead                           Min: 0, Avg:  0.0, Max: 0, Diff: 0, Sum: 0, Workers: 6
[32.880s][debug  ][gc,phases      ] GC(120)     Total                          Min: 0, Avg:  1.3, Max: 8, Diff: 8, Sum: 8, Workers: 6
[32.880s][debug  ][gc,phases      ] GC(120)   ObjectSynchronizer Weak        Min:  0.0, Avg:  0.0, Max:  0.0, Diff:  0.0, Sum:  0.0, Workers: 6
[32.880s][debug  ][gc,phases      ] GC(120)     Dead                           Min: 0, Avg:  0.0, Max: 0, Diff: 0, Sum: 0, Workers: 6
[32.880s][debug  ][gc,phases      ] GC(120)     Total                          Min: 0, Avg:  0.5, Max: 3, Diff: 3, Sum: 3, Workers: 6
[32.880s][debug  ][gc,phases      ] GC(120)   JVMTI Tag Weak OopStorage      Min:  0.0, Avg:  0.0, Max:  0.0, Diff:  0.0, Sum:  0.0, Workers: 6
[32.880s][debug  ][gc,phases      ] GC(120)     Dead                           Min: 0, Avg:  0.0, Max: 0, Diff: 0, Sum: 0, Workers: 6
[32.880s][debug  ][gc,phases      ] GC(120)     Total                          Min: 0, Avg:  0.0, Max: 0, Diff: 0, Sum: 0, Workers: 6
[32.880s][debug  ][gc,phases      ] GC(120)   StringTable Weak               Min:  0.0, Avg:  0.0, Max:  0.0, Diff:  0.0, Sum:  0.0, Workers: 6
[32.880s][debug  ][gc,phases      ] GC(120)     Dead                           Min: 0, Avg:  0.0, Max: 0, Diff: 0, Sum: 0, Workers: 6
[32.880s][debug  ][gc,phases      ] GC(120)     Total                          Min: 768, Avg: 892.5, Max: 1152, Diff: 384, Sum: 5355, Workers: 6
[32.880s][debug  ][gc,phases      ] GC(120)   ResolvedMethodTable Weak       Min:  0.0, Avg:  0.0, Max:  0.0, Diff:  0.0, Sum:  0.0, Workers: 6
[32.880s][debug  ][gc,phases      ] GC(120)     Dead                           Min: 0, Avg:  0.0, Max: 0, Diff: 0, Sum: 0, Workers: 6
[32.880s][debug  ][gc,phases      ] GC(120)     Total                          Min: 0, Avg: 21.5, Max: 64, Diff: 64, Sum: 129, Workers: 6
[32.880s][debug  ][gc,phases      ] GC(120)   JNI Weak                       Min:  0.0, Avg:  0.0, Max:  0.0, Diff:  0.0, Sum:  0.0, Workers: 6
[32.881s][debug  ][gc,phases      ] GC(120)     Dead                           Min: 0, Avg:  0.0, Max: 0, Diff: 0, Sum: 0, Workers: 6
[32.881s][debug  ][gc,phases      ] GC(120)     Total                          Min: 0, Avg:  0.0, Max: 0, Diff: 0, Sum: 0, Workers: 6
[32.881s][debug  ][gc,phases      ] GC(120)   StringDedup Table Weak         Min:  0.0, Avg:  0.0, Max:  0.0, Diff:  0.0, Sum:  0.0, Workers: 6
[32.881s][debug  ][gc,phases      ] GC(120)     Dead                           Min: 0, Avg:  0.0, Max: 0, Diff: 0, Sum: 0, Workers: 6
[32.881s][debug  ][gc,phases      ] GC(120)     Total                          Min: 0, Avg:  0.0, Max: 0, Diff: 0, Sum: 0, Workers: 6
[32.881s][debug  ][gc,phases      ] GC(120)   StringDedup Requests0 Weak     Min:  0.0, Avg:  0.0, Max:  0.0, Diff:  0.0, Sum:  0.0, Workers: 6
[32.881s][debug  ][gc,phases      ] GC(120)     Dead                           Min: 0, Avg:  0.0, Max: 0, Diff: 0, Sum: 0, Workers: 6
[32.881s][debug  ][gc,phases      ] GC(120)     Total                          Min: 0, Avg:  0.0, Max: 0, Diff: 0, Sum: 0, Workers: 6
[32.881s][debug  ][gc,phases      ] GC(120)   StringDedup Requests1 Weak     Min:  0.0, Avg:  0.0, Max:  0.0, Diff:  0.0, Sum:  0.0, Workers: 6
[32.881s][debug  ][gc,phases      ] GC(120)     Dead                           Min: 0, Avg:  0.0, Max: 0, Diff: 0, Sum: 0, Workers: 6
[32.881s][debug  ][gc,phases      ] GC(120)     Total                          Min: 0, Avg:  0.0, Max: 0, Diff: 0, Sum: 0, Workers: 6
[32.881s][debug  ][gc,phases      ] GC(120)   Weak JFR Old Object Samples    Min:  0.0, Avg:  0.0, Max:  0.0, Diff:  0.0, Sum:  0.0, Workers: 6
[32.881s][debug  ][gc,phases      ] GC(120)     Dead                           Min: 0, Avg:  0.0, Max: 0, Diff: 0, Sum: 0, Workers: 6
[32.881s][debug  ][gc,phases      ] GC(120)     Total                          Min: 0, Avg:  0.0, Max: 0, Diff: 0, Sum: 0, Workers: 6
[32.881s][debug  ][gc,phases      ] GC(120) Weak Processing 0.741ms
[32.881s][debug  ][gc,ergo        ] GC(120) AdaptiveSizeStart:  collection: 121 
[32.881s][debug  ][gc,ergo        ] GC(120) avg_survived_padded_avg: 33445646.000000
[32.881s][debug  ][gc,ergo        ] GC(120) avg_promoted_padded_avg: 261900512.000000  avg_pretenured_padded_avg: 0.000000  tenuring_thresh: 13  target_size: 33554432
[32.881s][debug  ][gc,age         ] GC(120) Desired survivor size 33554432 bytes, new threshold 13 (max threshold 15)
[32.881s][debug  ][gc,ergo        ] GC(120) PSAdaptiveSizePolicy::compute_eden_space_size limits: desired_eden_size: 220641703 old_eden_size: 200278016 eden_limit: 200802304 cur_eden: 200802304 max_eden_size: 200802304 avg_young_live: 27271832
[32.881s][debug  ][gc,ergo        ] GC(120) PSAdaptiveSizePolicy::compute_eden_space_size: costs minor_time: 0.049572 major_cost: 0.051300 mutator_cost: 0.899128 throughput_goal: 0.990000
[32.881s][debug  ][gc,ergo        ] GC(120) Live_space: 1031480192 free_space: 1400373248
[32.881s][debug  ][gc,ergo        ] GC(120) Old eden_size: 200278016 desired_eden_size: 200802304
[32.881s][debug  ][gc,ergo        ] GC(120) AdaptiveSizeStop: collection: 121 
[32.881s][info   ][gc,heap        ] GC(120) PSYoungGen: 218860K(229376K)->30720K(228864K) Eden: 188140K(196096K)->0K(196096K) From: 30720K(33280K)->30720K(32768K)
[32.881s][info   ][gc,heap        ] GC(120) ParOldGen: 1373797K(1835008K)->1558117K(1835008K)
[32.881s][info   ][gc,metaspace   ] GC(120) Metaspace: 1024K(1216K)->1024K(1216K) NonClass: 940K(1024K)->940K(1024K) Class: 83K(192K)->83K(192K)
[32.881s][info   ][gc             ] GC(120) Pause Young (Allocation Failure) 1555M->1551M(2015M) 16.962ms
[32.881s][info   ][gc,cpu         ] GC(120) User=0.12s Sys=0.00s Real=0.02s
[32.881s][debug  ][gc,heap        ] GC(120) Heap after GC invocations=121 (full 19):
[32.881s][debug  ][gc,heap        ] GC(120)  PSYoungGen      total 228864K, used 30720K [0x00000000f0000000, 0x0000000100000000, 0x0000000100000000)
[32.881s][debug  ][gc,heap        ] GC(120)   eden space 196096K, 0% used [0x00000000f0000000,0x00000000f0000000,0x00000000fbf80000)
[32.881s][debug  ][gc,heap        ] GC(120)   from space 32768K, 93% used [0x00000000fbf80000,0x00000000fdd80030,0x00000000fdf80000)
[32.881s][debug  ][gc,heap        ] GC(120)   to   space 32768K, 0% used [0x00000000fe000000,0x00000000fe000000,0x0000000100000000)
[32.881s][debug  ][gc,heap        ] GC(120)  ParOldGen       total 1835008K, used 1558117K [0x0000000080000000, 0x00000000f0000000, 0x00000000f0000000)
[32.881s][debug  ][gc,heap        ] GC(120)   object space 1835008K, 84% used [0x0000000080000000,0x00000000df199588,0x00000000f0000000)
[32.881s][debug  ][gc,heap        ] GC(120)  Metaspace       used 1024K, committed 1216K, reserved 1056768K
[32.881s][debug  ][gc,heap        ] GC(120)   class space    used 83K, committed 192K, reserved 1048576K
[32.881s][debug  ][gc,task,time   ] GC(120) VM-Thread 328637772 328793762 328813998
[33.165s][debug  ][gc,heap        ] GC(121) Heap before GC invocations=122 (full 19):
[33.165s][debug  ][gc,heap        ] GC(121)  PSYoungGen      total 228864K, used 218868K [0x00000000f0000000, 0x0000000100000000, 0x0000000100000000)
[33.165s][debug  ][gc,heap        ] GC(121)   eden space 196096K, 95% used [0x00000000f0000000,0x00000000fb7bd088,0x00000000fbf80000)
[33.165s][debug  ][gc,heap        ] GC(121)   from space 32768K, 93% used [0x00000000fbf80000,0x00000000fdd80030,0x00000000fdf80000)
[33.165s][debug  ][gc,heap        ] GC(121)   to   space 32768K, 0% used [0x00000000fe000000,0x00000000fe000000,0x0000000100000000)
[33.165s][debug  ][gc,heap        ] GC(121)  ParOldGen       total 1835008K, used 1558117K [0x0000000080000000, 0x00000000f0000000, 0x00000000f0000000)
[33.165s][debug  ][gc,heap        ] GC(121)   object space 1835008K, 84% used [0x0000000080000000,0x00000000df199588,0x00000000f0000000)
[33.165s][debug  ][gc,heap        ] GC(121)  Metaspace       used 1024K, committed 1216K, reserved 1056768K
[33.165s][debug  ][gc,heap        ] GC(121)   class space    used 83K, committed 192K, reserved 1048576K
[33.165s][debug  ][gc,tlab        ] GC(121) TLAB totals: thrds: 1  refills: 1 max: 1 slow allocs: 17 max 17 waste: 27.2% gc: 3919720B max: 3919720B slow: 0B max: 0B
[33.165s][info   ][gc,start       ] GC(121) Pause Young (Allocation Failure)
[33.165s][debug  ][gc,phases,start] GC(121) Scavenge
[33.182s][debug  ][gc,phases      ] GC(121) Scavenge 16.932ms
[33.182s][debug  ][gc,phases,start] GC(121) Reference Processing
[33.182s][debug  ][gc,ref         ] GC(121) Skipped phase 1 of Reference Processing: no references
[33.182s][debug  ][gc,ref         ] GC(121) Skipped phase 2 of Reference Processing: no references
[33.182s][debug  ][gc,ref         ] GC(121) Skipped phase 3 of Reference Processing: no references
[33.182s][debug  ][gc,ref         ] GC(121) Skipped phase 4 of Reference Processing: no references
[33.183s][debug  ][gc,phases,ref  ] GC(121) Reference Processing: 0.1ms
[33.183s][debug  ][gc,phases,ref  ] GC(121)   Reconsider SoftReferences: 0.0ms
[33.183s][debug  ][gc,phases,ref  ] GC(121)     SoftRef (ms):                  skipped
[33.183s][debug  ][gc,phases,ref  ] GC(121)   Notify Soft/WeakReferences: 0.0ms
[33.183s][debug  ][gc,phases,ref  ] GC(121)     SoftRef (ms):                  skipped
[33.183s][debug  ][gc,phases,ref  ] GC(121)     WeakRef (ms):                  skipped
[33.183s][debug  ][gc,phases,ref  ] GC(121)     FinalRef (ms):                 skipped
[33.183s][debug  ][gc,phases,ref  ] GC(121)     Total (ms):                    skipped
[33.183s][debug  ][gc,phases,ref  ] GC(121)   Notify and keep alive finalizable: 0.0ms
[33.183s][debug  ][gc,phases,ref  ] GC(121)     FinalRef (ms):                 skipped
[33.183s][debug  ][gc,phases,ref  ] GC(121)   Notify PhantomReferences: 0.0ms
[33.183s][debug  ][gc,phases,ref  ] GC(121)     PhantomRef (ms):               skipped
[33.183s][debug  ][gc,phases,ref  ] GC(121)   SoftReference:
[33.183s][debug  ][gc,phases,ref  ] GC(121)     Discovered: 0
[33.183s][debug  ][gc,phases,ref  ] GC(121)     Cleared: 0
[33.183s][debug  ][gc,phases,ref  ] GC(121)   WeakReference:
[33.183s][debug  ][gc,phases,ref  ] GC(121)     Discovered: 0
[33.183s][debug  ][gc,phases,ref  ] GC(121)     Cleared: 0
[33.183s][debug  ][gc,phases,ref  ] GC(121)   FinalReference:
[33.183s][debug  ][gc,phases,ref  ] GC(121)     Discovered: 0
[33.183s][debug  ][gc,phases,ref  ] GC(121)     Cleared: 0
[33.183s][debug  ][gc,phases,ref  ] GC(121)   PhantomReference:
[33.183s][debug  ][gc,phases,ref  ] GC(121)     Discovered: 0
[33.183s][debug  ][gc,phases,ref  ] GC(121)     Cleared: 0
[33.183s][debug  ][gc,phases      ] GC(121) Reference Processing 0.641ms
[33.183s][debug  ][gc,phases,start] GC(121) Weak Processing
[33.183s][debug  ][gc,phases      ] GC(121)   VM Weak                        Min:  0.0, Avg:  0.0, Max:  0.0, Diff:  0.0, Sum:  0.0, Workers: 6
[33.183s][debug  ][gc,phases      ] GC(121)     Dead                           Min: 0, Avg:  0.0, Max: 0, Diff: 0, Sum: 0, Workers: 6
[33.183s][debug  ][gc,phases      ] GC(121)     Total                          Min: 0, Avg:  1.3, Max: 8, Diff: 8, Sum: 8, Workers: 6
[33.183s][debug  ][gc,phases      ] GC(121)   ObjectSynchronizer Weak        Min:  0.0, Avg:  0.0, Max:  0.0, Diff:  0.0, Sum:  0.0, Workers: 6
[33.183s][debug  ][gc,phases      ] GC(121)     Dead                           Min: 0, Avg:  0.0, Max: 0, Diff: 0, Sum: 0, Workers: 6
[33.183s][debug  ][gc,phases      ] GC(121)     Total                          Min: 0, Avg:  0.5, Max: 3, Diff: 3, Sum: 3, Workers: 6
[33.183s][debug  ][gc,phases      ] GC(121)   JVMTI Tag Weak OopStorage      Min:  0.0, Avg:  0.0, Max:  0.0, Diff:  0.0, Sum:  0.0, Workers: 6
[33.183s][debug  ][gc,phases      ] GC(121)     Dead                           Min: 0, Avg:  0.0, Max: 0, Diff: 0, Sum: 0, Workers: 6
[33.183s][debug  ][gc,phases      ] GC(121)     Total                          Min: 0, Avg:  0.0, Max: 0, Diff: 0, Sum: 0, Workers: 6
[33.183s][debug  ][gc,phases      ] GC(121)   StringTable Weak               Min:  0.0, Avg:  0.0, Max:  0.0, Diff:  0.0, Sum:  0.0, Workers: 6
[33.183s][debug  ][gc,phases      ] GC(121)     Dead                           Min: 0, Avg:  0.0, Max: 0, Diff: 0, Sum: 0, Workers: 6
[33.183s][debug  ][gc,phases      ] GC(121)     Total                          Min: 640, Avg: 892.5, Max: 1152, Diff: 512, Sum: 5355, Workers: 6
[33.183s][debug  ][gc,phases      ] GC(121)   ResolvedMethodTable Weak       Min:  0.0, Avg:  0.0, Max:  0.0, Diff:  0.0, Sum:  0.0, Workers: 6
[33.183s][debug  ][gc,phases      ] GC(121)     Dead                           Min: 0, Avg:  0.0, Max: 0, Diff: 0, Sum: 0, Workers: 6
[33.183s][debug  ][gc,phases      ] GC(121)     Total                          Min: 0, Avg: 21.5, Max: 64, Diff: 64, Sum: 129, Workers: 6
[33.183s][debug  ][gc,phases      ] GC(121)   JNI Weak                       Min:  0.0, Avg:  0.0, Max:  0.0, Diff:  0.0, Sum:  0.0, Workers: 6
[33.184s][debug  ][gc,phases      ] GC(121)     Dead                           Min: 0, Avg:  0.0, Max: 0, Diff: 0, Sum: 0, Workers: 6
[33.184s][debug  ][gc,phases      ] GC(121)     Total                          Min: 0, Avg:  0.0, Max: 0, Diff: 0, Sum: 0, Workers: 6
[33.184s][debug  ][gc,phases      ] GC(121)   StringDedup Table Weak         Min:  0.0, Avg:  0.0, Max:  0.0, Diff:  0.0, Sum:  0.0, Workers: 6
[33.184s][debug  ][gc,phases      ] GC(121)     Dead                           Min: 0, Avg:  0.0, Max: 0, Diff: 0, Sum: 0, Workers: 6
[33.184s][debug  ][gc,phases      ] GC(121)     Total                          Min: 0, Avg:  0.0, Max: 0, Diff: 0, Sum: 0, Workers: 6
[33.184s][debug  ][gc,phases      ] GC(121)   StringDedup Requests0 Weak     Min:  0.0, Avg:  0.0, Max:  0.0, Diff:  0.0, Sum:  0.0, Workers: 6
[33.184s][debug  ][gc,phases      ] GC(121)     Dead                           Min: 0, Avg:  0.0, Max: 0, Diff: 0, Sum: 0, Workers: 6
[33.184s][debug  ][gc,phases      ] GC(121)     Total                          Min: 0, Avg:  0.0, Max: 0, Diff: 0, Sum: 0, Workers: 6
[33.184s][debug  ][gc,phases      ] GC(121)   StringDedup Requests1 Weak     Min:  0.0, Avg:  0.0, Max:  0.0, Diff:  0.0, Sum:  0.0, Workers: 6
[33.184s][debug  ][gc,phases      ] GC(121)     Dead                           Min: 0, Avg:  0.0, Max: 0, Diff: 0, Sum: 0, Workers: 6
[33.184s][debug  ][gc,phases      ] GC(121)     Total                          Min: 0, Avg:  0.0, Max: 0, Diff: 0, Sum: 0, Workers: 6
[33.184s][debug  ][gc,phases      ] GC(121)   Weak JFR Old Object Samples    Min:  0.0, Avg:  0.0, Max:  0.0, Diff:  0.0, Sum:  0.0, Workers: 6
[33.184s][debug  ][gc,phases      ] GC(121)     Dead                           Min: 0, Avg:  0.0, Max: 0, Diff: 0, Sum: 0, Workers: 6
[33.184s][debug  ][gc,phases      ] GC(121)     Total                          Min: 0, Avg:  0.0, Max: 0, Diff: 0, Sum: 0, Workers: 6
[33.184s][debug  ][gc,phases      ] GC(121) Weak Processing 0.803ms
[33.184s][debug  ][gc,ergo        ] GC(121) AdaptiveSizeStart:  collection: 122 
[33.184s][debug  ][gc,ergo        ] GC(121) avg_survived_padded_avg: 33359676.000000
[33.184s][debug  ][gc,ergo        ] GC(121) avg_promoted_padded_avg: 260851584.000000  avg_pretenured_padded_avg: 0.000000  tenuring_thresh: 13  target_size: 33554432
[33.184s][debug  ][gc,age         ] GC(121) Desired survivor size 33554432 bytes, new threshold 13 (max threshold 15)
[33.184s][debug  ][gc,ergo        ] GC(121) PSAdaptiveSizePolicy::compute_eden_space_size limits: desired_eden_size: 221208967 old_eden_size: 200802304 eden_limit: 201326592 cur_eden: 200802304 max_eden_size: 201326592 avg_young_live: 27690380
[33.184s][debug  ][gc,ergo        ] GC(121) PSAdaptiveSizePolicy::compute_eden_space_size: costs minor_time: 0.052438 major_cost: 0.051300 mutator_cost: 0.896262 throughput_goal: 0.990000
[33.184s][debug  ][gc,ergo        ] GC(121) Live_space: 1031898752 free_space: 1400897536
[33.184s][debug  ][gc,ergo        ] GC(121) Old eden_size: 200802304 desired_eden_size: 201326592
[33.184s][debug  ][gc,ergo        ] GC(121) AdaptiveSizeStop: collection: 122 
[33.184s][info   ][gc,heap        ] GC(121) PSYoungGen: 218868K(228864K)->30720K(229376K) Eden: 188148K(196096K)->0K(196608K) From: 30720K(32768K)->30720K(32768K)
[33.184s][info   ][gc,heap        ] GC(121) ParOldGen: 1558117K(1835008K)->1742437K(1835008K)
[33.184s][info   ][gc,metaspace   ] GC(121) Metaspace: 1024K(1216K)->1024K(1216K) NonClass: 940K(1024K)->940K(1024K) Class: 83K(192K)->83K(192K)
[33.184s][info   ][gc             ] GC(121) Pause Young (Allocation Failure) 1735M->1731M(2016M) 18.844ms
[33.184s][info   ][gc,cpu         ] GC(121) User=0.02s Sys=0.02s Real=0.02s
[33.184s][debug  ][gc,heap        ] GC(121) Heap after GC invocations=122 (full 19):
[33.184s][debug  ][gc,heap        ] GC(121)  PSYoungGen      total 229376K, used 30720K [0x00000000f0000000, 0x0000000100000000, 0x0000000100000000)
[33.184s][debug  ][gc,heap        ] GC(121)   eden space 196608K, 0% used [0x00000000f0000000,0x00000000f0000000,0x00000000fc000000)
[33.184s][debug  ][gc,heap        ] GC(121)   from space 32768K, 93% used [0x00000000fe000000,0x00000000ffe00030,0x0000000100000000)
[33.184s][debug  ][gc,heap        ] GC(121)   to   space 32768K, 0% used [0x00000000fc000000,0x00000000fc000000,0x00000000fe000000)
[33.184s][debug  ][gc,heap        ] GC(121)  ParOldGen       total 1835008K, used 1742437K [0x0000000080000000, 0x00000000f0000000, 0x00000000f0000000)
[33.184s][debug  ][gc,heap        ] GC(121)   object space 1835008K, 94% used [0x0000000080000000,0x00000000ea5996a8,0x00000000f0000000)
[33.184s][debug  ][gc,heap        ] GC(121)  Metaspace       used 1024K, committed 1216K, reserved 1056768K
[33.184s][debug  ][gc,heap        ] GC(121)   class space    used 83K, committed 192K, reserved 1048576K
[33.184s][debug  ][gc,task,time   ] GC(121) VM-Thread 331648662 331823627 331844024
[33.184s][debug  ][gc,phases,start] GC(122) Pre Compact
[33.184s][debug  ][gc,heap        ] GC(122) Heap before GC invocations=123 (full 20):
[33.184s][debug  ][gc,heap        ] GC(122)  PSYoungGen      total 229376K, used 30720K [0x00000000f0000000, 0x0000000100000000, 0x0000000100000000)
[33.184s][debug  ][gc,heap        ] GC(122)   eden space 196608K, 0% used [0x00000000f0000000,0x00000000f0000000,0x00000000fc000000)
[33.185s][debug  ][gc,heap        ] GC(122)   from space 32768K, 93% used [0x00000000fe000000,0x00000000ffe00030,0x0000000100000000)
[33.185s][debug  ][gc,heap        ] GC(122)   to   space 32768K, 0% used [0x00000000fc000000,0x00000000fc000000,0x00000000fe000000)
[33.185s][debug  ][gc,heap        ] GC(122)  ParOldGen       total 1835008K, used 1742437K [0x0000000080000000, 0x00000000f0000000, 0x00000000f0000000)
[33.185s][debug  ][gc,heap        ] GC(122)   object space 1835008K, 94% used [0x0000000080000000,0x00000000ea5996a8,0x00000000f0000000)
[33.185s][debug  ][gc,heap        ] GC(122)  Metaspace       used 1024K, committed 1216K, reserved 1056768K
[33.185s][debug  ][gc,heap        ] GC(122)   class space    used 83K, committed 192K, reserved 1048576K
[33.185s][debug  ][gc,phases      ] GC(122) Pre Compact 0.202ms
[33.185s][info   ][gc,start       ] GC(122) Pause Full (Ergonomics)
[33.185s][info   ][gc,phases,start] GC(122) Marking Phase
[33.185s][debug  ][gc,phases,start] GC(122) Par Mark
[33.185s][debug  ][gc,phases      ] GC(122) Par Mark 0.539ms
[33.185s][debug  ][gc,phases,start] GC(122) Reference Processing
[33.185s][debug  ][gc,ref         ] GC(122) Skipped phase 1 of Reference Processing: no references
[33.185s][debug  ][gc,ref         ] GC(122) ReferenceProcessor::execute queues: 1, RefProcThreadModel::Single, marks_oops_alive: false
[33.185s][debug  ][gc,ref         ] GC(122) Skipped phase 3 of Reference Processing: no references
[33.185s][debug  ][gc,ref         ] GC(122) ReferenceProcessor::execute queues: 1, RefProcThreadModel::Single, marks_oops_alive: false
[33.185s][debug  ][gc,phases,ref  ] GC(122) Reference Processing: 0.1ms
[33.185s][debug  ][gc,phases,ref  ] GC(122)   Reconsider SoftReferences: 0.0ms
[33.185s][debug  ][gc,phases,ref  ] GC(122)     SoftRef (ms):                  skipped
[33.186s][debug  ][gc,phases,ref  ] GC(122)   Notify Soft/WeakReferences: 0.0ms
[33.186s][debug  ][gc,phases,ref  ] GC(122)     SoftRef (ms):                  Min:  0.0, Avg:  0.0, Max:  0.0, Diff:  0.0, Sum:  0.0, Workers: 8
[33.186s][debug  ][gc,phases,ref  ] GC(122)     WeakRef (ms):                  Min:  0.0, Avg:  0.0, Max:  0.0, Diff:  0.0, Sum:  0.0, Workers: 8
[33.186s][debug  ][gc,phases,ref  ] GC(122)     FinalRef (ms):                 Min:  0.0, Avg:  0.0, Max:  0.0, Diff:  0.0, Sum:  0.0, Workers: 8
[33.186s][debug  ][gc,phases,ref  ] GC(122)     Total (ms):                    Min:  0.0, Avg:  0.0, Max:  0.0, Diff:  0.0, Sum:  0.0, Workers: 8
[33.186s][debug  ][gc,phases,ref  ] GC(122)   Notify and keep alive finalizable: 0.0ms
[33.186s][debug  ][gc,phases,ref  ] GC(122)     FinalRef (ms):                 skipped
[33.186s][debug  ][gc,phases,ref  ] GC(122)   Notify PhantomReferences: 0.0ms
[33.186s][debug  ][gc,phases,ref  ] GC(122)     PhantomRef (ms):               Min:  0.0, Avg:  0.0, Max:  0.0, Diff:  0.0, Sum:  0.0, Workers: 8
[33.186s][debug  ][gc,phases,ref  ] GC(122)   SoftReference:
[33.186s][debug  ][gc,phases,ref  ] GC(122)     Discovered: 0
[33.186s][debug  ][gc,phases,ref  ] GC(122)     Cleared: 0
[33.186s][debug  ][gc,phases,ref  ] GC(122)   WeakReference:
[33.186s][debug  ][gc,phases,ref  ] GC(122)     Discovered: 92
[33.186s][debug  ][gc,phases,ref  ] GC(122)     Cleared: 92
[33.186s][debug  ][gc,phases,ref  ] GC(122)   FinalReference:
[33.186s][debug  ][gc,phases,ref  ] GC(122)     Discovered: 0
[33.186s][debug  ][gc,phases,ref  ] GC(122)     Cleared: 0
[33.186s][debug  ][gc,phases,ref  ] GC(122)   PhantomReference:
[33.186s][debug  ][gc,phases,ref  ] GC(122)     Discovered: 5
[33.186s][debug  ][gc,phases,ref  ] GC(122)     Cleared: 5
[33.186s][debug  ][gc,phases      ] GC(122) Reference Processing 0.668ms
[33.186s][debug  ][gc,phases,start] GC(122) Weak Processing
[33.186s][debug  ][gc,phases      ] GC(122)   VM Weak                        Min:  0.0, Avg:  0.0, Max:  0.0, Diff:  0.0, Sum:  0.0, Workers: 6
[33.186s][debug  ][gc,phases      ] GC(122)     Dead                           Min: 0, Avg:  0.0, Max: 0, Diff: 0, Sum: 0, Workers: 6
[33.186s][debug  ][gc,phases      ] GC(122)     Total                          Min: 0, Avg:  1.3, Max: 8, Diff: 8, Sum: 8, Workers: 6
[33.186s][debug  ][gc,phases      ] GC(122)   ObjectSynchronizer Weak        Min:  0.0, Avg:  0.0, Max:  0.0, Diff:  0.0, Sum:  0.0, Workers: 6
[33.186s][debug  ][gc,phases      ] GC(122)     Dead                           Min: 0, Avg:  0.0, Max: 0, Diff: 0, Sum: 0, Workers: 6
[33.186s][debug  ][gc,phases      ] GC(122)     Total                          Min: 0, Avg:  0.5, Max: 3, Diff: 3, Sum: 3, Workers: 6
[33.186s][debug  ][gc,phases      ] GC(122)   JVMTI Tag Weak OopStorage      Min:  0.0, Avg:  0.0, Max:  0.0, Diff:  0.0, Sum:  0.0, Workers: 6
[33.186s][debug  ][gc,phases      ] GC(122)     Dead                           Min: 0, Avg:  0.0, Max: 0, Diff: 0, Sum: 0, Workers: 6
[33.186s][debug  ][gc,phases      ] GC(122)     Total                          Min: 0, Avg:  0.0, Max: 0, Diff: 0, Sum: 0, Workers: 6
[33.186s][debug  ][gc,phases      ] GC(122)   StringTable Weak               Min:  0.0, Avg:  0.0, Max:  0.0, Diff:  0.0, Sum:  0.0, Workers: 6
[33.186s][debug  ][gc,phases      ] GC(122)     Dead                           Min: 0, Avg:  0.0, Max: 0, Diff: 0, Sum: 0, Workers: 6
[33.186s][debug  ][gc,phases      ] GC(122)     Total                          Min: 512, Avg: 892.5, Max: 1472, Diff: 960, Sum: 5355, Workers: 6
[33.186s][debug  ][gc,phases      ] GC(122)   ResolvedMethodTable Weak       Min:  0.0, Avg:  0.0, Max:  0.0, Diff:  0.0, Sum:  0.0, Workers: 6
[33.186s][debug  ][gc,phases      ] GC(122)     Dead                           Min: 0, Avg:  0.0, Max: 0, Diff: 0, Sum: 0, Workers: 6
[33.186s][debug  ][gc,phases      ] GC(122)     Total                          Min: 0, Avg: 21.5, Max: 64, Diff: 64, Sum: 129, Workers: 6
[33.186s][debug  ][gc,phases      ] GC(122)   JNI Weak                       Min:  0.0, Avg:  0.0, Max:  0.0, Diff:  0.0, Sum:  0.0, Workers: 6
[33.186s][debug  ][gc,phases      ] GC(122)     Dead                           Min: 0, Avg:  0.0, Max: 0, Diff: 0, Sum: 0, Workers: 6
[33.186s][debug  ][gc,phases      ] GC(122)     Total                          Min: 0, Avg:  0.0, Max: 0, Diff: 0, Sum: 0, Workers: 6
[33.186s][debug  ][gc,phases      ] GC(122)   StringDedup Table Weak         Min:  0.0, Avg:  0.0, Max:  0.0, Diff:  0.0, Sum:  0.0, Workers: 6
[33.187s][debug  ][gc,phases      ] GC(122)     Dead                           Min: 0, Avg:  0.0, Max: 0, Diff: 0, Sum: 0, Workers: 6
[33.187s][debug  ][gc,phases      ] GC(122)     Total                          Min: 0, Avg:  0.0, Max: 0, Diff: 0, Sum: 0, Workers: 6
[33.187s][debug  ][gc,phases      ] GC(122)   StringDedup Requests0 Weak     Min:  0.0, Avg:  0.0, Max:  0.0, Diff:  0.0, Sum:  0.0, Workers: 6
[33.187s][debug  ][gc,phases      ] GC(122)     Dead                           Min: 0, Avg:  0.0, Max: 0, Diff: 0, Sum: 0, Workers: 6
[33.187s][debug  ][gc,phases      ] GC(122)     Total                          Min: 0, Avg:  0.0, Max: 0, Diff: 0, Sum: 0, Workers: 6
[33.187s][debug  ][gc,phases      ] GC(122)   StringDedup Requests1 Weak     Min:  0.0, Avg:  0.0, Max:  0.0, Diff:  0.0, Sum:  0.0, Workers: 6
[33.187s][debug  ][gc,phases      ] GC(122)     Dead                           Min: 0, Avg:  0.0, Max: 0, Diff: 0, Sum: 0, Workers: 6
[33.187s][debug  ][gc,phases      ] GC(122)     Total                          Min: 0, Avg:  0.0, Max: 0, Diff: 0, Sum: 0, Workers: 6
[33.187s][debug  ][gc,phases      ] GC(122)   Weak JFR Old Object Samples    Min:  0.0, Avg:  0.0, Max:  0.0, Diff:  0.0, Sum:  0.0, Workers: 6
[33.187s][debug  ][gc,phases      ] GC(122)     Dead                           Min: 0, Avg:  0.0, Max: 0, Diff: 0, Sum: 0, Workers: 6
[33.187s][debug  ][gc,phases      ] GC(122)     Total                          Min: 0, Avg:  0.0, Max: 0, Diff: 0, Sum: 0, Workers: 6
[33.187s][debug  ][gc,phases      ] GC(122) Weak Processing 0.846ms
[33.187s][debug  ][gc,phases,start] GC(122) Class Unloading
[33.187s][debug  ][gc,phases,start] GC(122) ClassLoaderData
[33.187s][debug  ][gc,phases      ] GC(122) ClassLoaderData 0.019ms
[33.187s][debug  ][gc,phases,start] GC(122) Trigger cleanups
[33.187s][debug  ][gc,phases      ] GC(122) Trigger cleanups 0.019ms
[33.187s][debug  ][gc,phases      ] GC(122) Class Unloading 0.258ms
[33.187s][info   ][gc,phases      ] GC(122) Marking Phase 2.446ms
[33.187s][info   ][gc,phases,start] GC(122) Summary Phase
[33.187s][info   ][gc,phases      ] GC(122) Summary Phase 0.050ms
[33.187s][info   ][gc,phases,start] GC(122) Adjust Roots
[33.187s][info   ][gc,phases      ] GC(122) Adjust Roots 0.179ms
[33.187s][info   ][gc,phases,start] GC(122) Compaction Phase
[33.277s][info   ][gc,phases      ] GC(122) Compaction Phase 89.315ms
[33.277s][info   ][gc,phases,start] GC(122) Post Compact
[33.283s][info   ][gc,phases      ] GC(122) Post Compact 5.648ms
[33.283s][debug  ][gc,ergo        ] GC(122) AdaptiveSizeStart: collection: 123 
[33.283s][debug  ][gc,ergo        ] GC(122) PSAdaptiveSizePolicy::compute_eden_space_size limits: desired_eden_size: 221731568 old_eden_size: 201326592 eden_limit: 201326592 cur_eden: 201326592 max_eden_size: 201326592 avg_young_live: 24921342
[33.283s][debug  ][gc,ergo        ] GC(122) PSAdaptiveSizePolicy::compute_eden_space_size: costs minor_time: 0.052438 major_cost: 0.051308 mutator_cost: 0.896254 throughput_goal: 0.990000
[33.283s][debug  ][gc,ergo        ] GC(122) Live_space: 1029129728 free_space: 1401421824
[33.283s][debug  ][gc,ergo        ] GC(122) Old eden_size: 201326592 desired_eden_size: 201326592
[33.283s][debug  ][gc,ergo        ] GC(122) PSAdaptiveSizePolicy::compute_old_gen_free_space limits: desired_promo_size: 1318849274 promo_limit: 1200095232 free_in_old_gen: 1129653248 max_old_gen_size: 1879048192 avg_old_live: 749395008
[33.283s][debug  ][gc,ergo        ] GC(122) PSAdaptiveSizePolicy::compute_old_gen_free_space: costs minor_time: 0.052438 major_cost: 0.051308  mutator_cost: 0.896254 throughput_goal: 0.990000
[33.283s][debug  ][gc,ergo        ] GC(122) Live_space: 1042751808 free_space: 1401421824
[33.283s][debug  ][gc,ergo        ] GC(122) Old promo_size: 1200095232 desired_promo_size: 1200095232
[33.283s][debug  ][gc,ergo        ] GC(122) AdaptiveSizeStop: collection: 123 
[33.283s][info   ][gc,heap        ] GC(122) PSYoungGen: 30720K(229376K)->0K(229376K) Eden: 0K(196608K)->0K(196608K) From: 30720K(32768K)->0K(32768K)
[33.283s][info   ][gc,heap        ] GC(122) ParOldGen: 1742437K(1835008K)->851556K(1835008K)
[33.283s][info   ][gc,metaspace   ] GC(122) Metaspace: 1024K(1216K)->1024K(1216K) NonClass: 940K(1024K)->940K(1024K) Class: 83K(192K)->83K(192K)
[33.283s][info   ][gc             ] GC(122) Pause Full (Ergonomics) 1731M->831M(2016M) 98.421ms
[33.283s][info   ][gc,cpu         ] GC(122) User=0.73s Sys=0.00s Real=0.10s
[33.283s][debug  ][gc,heap        ] GC(122) Heap after GC invocations=123 (full 20):
[33.283s][debug  ][gc,heap        ] GC(122)  PSYoungGen      total 229376K, used 0K [0x00000000f0000000, 0x0000000100000000, 0x0000000100000000)
[33.283s][debug  ][gc,heap        ] GC(122)   eden space 196608K, 0% used [0x00000000f0000000,0x00000000f0000000,0x00000000fc000000)
[33.283s][debug  ][gc,heap        ] GC(122)   from space 32768K, 0% used [0x00000000fc000000,0x00000000fc000000,0x00000000fe000000)
[33.283s][debug  ][gc,heap        ] GC(122)   to   space 32768K, 0% used [0x00000000fe000000,0x00000000fe000000,0x0000000100000000)
[33.283s][debug  ][gc,heap        ] GC(122)  ParOldGen       total 1835008K, used 851556K [0x0000000080000000, 0x00000000f0000000, 0x00000000f0000000)
[33.283s][debug  ][gc,heap        ] GC(122)   object space 1835008K, 46% used [0x0000000080000000,0x00000000b3f99138,0x00000000f0000000)
[33.283s][debug  ][gc,heap        ] GC(122)  Metaspace       used 1024K, committed 1216K, reserved 1056768K
[33.283s][debug  ][gc,heap        ] GC(122)   class space    used 83K, committed 192K, reserved 1048576K
[33.283s][debug  ][gc,task,time   ] GC(122) VM-Thread 331846813 331874682 332831411
[33.575s][debug  ][gc,heap        ] GC(123) Heap before GC invocations=124 (full 20):
[33.575s][debug  ][gc,heap        ] GC(123)  PSYoungGen      total 229376K, used 188163K [0x00000000f0000000, 0x0000000100000000, 0x0000000100000000)
[33.575s][debug  ][gc,heap        ] GC(123)   eden space 196608K, 95% used [0x00000000f0000000,0x00000000fb7c0c90,0x00000000fc000000)
[33.575s][debug  ][gc,heap        ] GC(123)   from space 32768K, 0% used [0x00000000fc000000,0x00000000fc000000,0x00000000fe000000)
[33.575s][debug  ][gc,heap        ] GC(123)   to   space 32768K, 0% used [0x00000000fe000000,0x00000000fe000000,0x0000000100000000)
[33.575s][debug  ][gc,heap        ] GC(123)  ParOldGen       total 1835008K, used 851556K [0x0000000080000000, 0x00000000f0000000, 0x00000000f0000000)
[33.575s][debug  ][gc,heap        ] GC(123)   object space 1835008K, 46% used [0x0000000080000000,0x00000000b3f99138,0x00000000f0000000)
[33.575s][debug  ][gc,heap        ] GC(123)  Metaspace       used 1024K, committed 1216K, reserved 1056768K
[33.575s][debug  ][gc,heap        ] GC(123)   class space    used 83K, committed 192K, reserved 1048576K
[33.575s][debug  ][gc,tlab        ] GC(123) TLAB totals: thrds: 1  refills: 1 max: 1 slow allocs: 17 max 17 waste: 27.3% gc: 3934024B max: 3934024B slow: 0B max: 0B
[33.575s][info   ][gc,start       ] GC(123) Pause Young (Allocation Failure)
[33.576s][debug  ][gc,phases,start] GC(123) Scavenge
[33.578s][debug  ][gc,phases      ] GC(123) Scavenge 2.919ms
[33.579s][debug  ][gc,phases,start] GC(123) Reference Processing
[33.579s][debug  ][gc,ref         ] GC(123) Skipped phase 1 of Reference Processing: no references
[33.579s][debug  ][gc,ref         ] GC(123) Skipped phase 2 of Reference Processing: no references
[33.579s][debug  ][gc,ref         ] GC(123) Skipped phase 3 of Reference Processing: no references
[33.579s][debug  ][gc,ref         ] GC(123) Skipped phase 4 of Reference Processing: no references
[33.579s][debug  ][gc,phases,ref  ] GC(123) Reference Processing: 0.1ms
[33.579s][debug  ][gc,phases,ref  ] GC(123)   Reconsider SoftReferences: 0.0ms
[33.579s][debug  ][gc,phases,ref  ] GC(123)     SoftRef (ms):                  skipped
[33.579s][debug  ][gc,phases,ref  ] GC(123)   Notify Soft/WeakReferences: 0.0ms
[33.579s][debug  ][gc,phases,ref  ] GC(123)     SoftRef (ms):                  skipped
[33.579s][debug  ][gc,phases,ref  ] GC(123)     WeakRef (ms):                  skipped
[33.579s][debug  ][gc,phases,ref  ] GC(123)     FinalRef (ms):                 skipped
[33.579s][debug  ][gc,phases,ref  ] GC(123)     Total (ms):                    skipped
[33.579s][debug  ][gc,phases,ref  ] GC(123)   Notify and keep alive finalizable: 0.0ms
[33.579s][debug  ][gc,phases,ref  ] GC(123)     FinalRef (ms):                 skipped
[33.579s][debug  ][gc,phases,ref  ] GC(123)   Notify PhantomReferences: 0.0ms
[33.579s][debug  ][gc,phases,ref  ] GC(123)     PhantomRef (ms):               skipped
[33.579s][debug  ][gc,phases,ref  ] GC(123)   SoftReference:
[33.579s][debug  ][gc,phases,ref  ] GC(123)     Discovered: 0
[33.579s][debug  ][gc,phases,ref  ] GC(123)     Cleared: 0
[33.579s][debug  ][gc,phases,ref  ] GC(123)   WeakReference:
[33.579s][debug  ][gc,phases,ref  ] GC(123)     Discovered: 0
[33.579s][debug  ][gc,phases,ref  ] GC(123)     Cleared: 0
[33.579s][debug  ][gc,phases,ref  ] GC(123)   FinalReference:
[33.579s][debug  ][gc,phases,ref  ] GC(123)     Discovered: 0
[33.579s][debug  ][gc,phases,ref  ] GC(123)     Cleared: 0
[33.579s][debug  ][gc,phases,ref  ] GC(123)   PhantomReference:
[33.579s][debug  ][gc,phases,ref  ] GC(123)     Discovered: 0
[33.579s][debug  ][gc,phases,ref  ] GC(123)     Cleared: 0
[33.579s][debug  ][gc,phases      ] GC(123) Reference Processing 0.966ms
[33.580s][debug  ][gc,phases,start] GC(123) Weak Processing
[33.580s][debug  ][gc,phases      ] GC(123)   VM Weak                        Min:  0.0, Avg:  0.0, Max:  0.0, Diff:  0.0, Sum:  0.0, Workers: 6
[33.580s][debug  ][gc,phases      ] GC(123)     Dead                           Min: 0, Avg:  0.0, Max: 0, Diff: 0, Sum: 0, Workers: 6
[33.580s][debug  ][gc,phases      ] GC(123)     Total                          Min: 0, Avg:  1.3, Max: 8, Diff: 8, Sum: 8, Workers: 6
[33.580s][debug  ][gc,phases      ] GC(123)   ObjectSynchronizer Weak        Min:  0.0, Avg:  0.0, Max:  0.0, Diff:  0.0, Sum:  0.0, Workers: 6
[33.580s][debug  ][gc,phases      ] GC(123)     Dead                           Min: 0, Avg:  0.0, Max: 0, Diff: 0, Sum: 0, Workers: 6
[33.580s][debug  ][gc,phases      ] GC(123)     Total                          Min: 0, Avg:  0.5, Max: 3, Diff: 3, Sum: 3, Workers: 6
[33.580s][debug  ][gc,phases      ] GC(123)   JVMTI Tag Weak OopStorage      Min:  0.0, Avg:  0.0, Max:  0.0, Diff:  0.0, Sum:  0.0, Workers: 6
[33.580s][debug  ][gc,phases      ] GC(123)     Dead                           Min: 0, Avg:  0.0, Max: 0, Diff: 0, Sum: 0, Workers: 6
[33.580s][debug  ][gc,phases      ] GC(123)     Total                          Min: 0, Avg:  0.0, Max: 0, Diff: 0, Sum: 0, Workers: 6
[33.580s][debug  ][gc,phases      ] GC(123)   StringTable Weak               Min:  0.0, Avg:  0.0, Max:  0.0, Diff:  0.0, Sum:  0.0, Workers: 6
[33.580s][debug  ][gc,phases      ] GC(123)     Dead                           Min: 0, Avg:  0.0, Max: 0, Diff: 0, Sum: 0, Workers: 6
[33.580s][debug  ][gc,phases      ] GC(123)     Total                          Min: 704, Avg: 892.5, Max: 1088, Diff: 384, Sum: 5355, Workers: 6
[33.580s][debug  ][gc,phases      ] GC(123)   ResolvedMethodTable Weak       Min:  0.0, Avg:  0.0, Max:  0.0, Diff:  0.0, Sum:  0.0, Workers: 6
[33.580s][debug  ][gc,phases      ] GC(123)     Dead                           Min: 0, Avg:  0.0, Max: 0, Diff: 0, Sum: 0, Workers: 6
[33.580s][debug  ][gc,phases      ] GC(123)     Total                          Min: 0, Avg: 21.5, Max: 64, Diff: 64, Sum: 129, Workers: 6
[33.580s][debug  ][gc,phases      ] GC(123)   JNI Weak                       Min:  0.0, Avg:  0.0, Max:  0.0, Diff:  0.0, Sum:  0.0, Workers: 6
[33.580s][debug  ][gc,phases      ] GC(123)     Dead                           Min: 0, Avg:  0.0, Max: 0, Diff: 0, Sum: 0, Workers: 6
[33.580s][debug  ][gc,phases      ] GC(123)     Total                          Min: 0, Avg:  0.0, Max: 0, Diff: 0, Sum: 0, Workers: 6
[33.580s][debug  ][gc,phases      ] GC(123)   StringDedup Table Weak         Min:  0.0, Avg:  0.0, Max:  0.0, Diff:  0.0, Sum:  0.0, Workers: 6
[33.580s][debug  ][gc,phases      ] GC(123)     Dead                           Min: 0, Avg:  0.0, Max: 0, Diff: 0, Sum: 0, Workers: 6
[33.580s][debug  ][gc,phases      ] GC(123)     Total                          Min: 0, Avg:  0.0, Max: 0, Diff: 0, Sum: 0, Workers: 6
[33.580s][debug  ][gc,phases      ] GC(123)   StringDedup Requests0 Weak     Min:  0.0, Avg:  0.0, Max:  0.0, Diff:  0.0, Sum:  0.0, Workers: 6
[33.580s][debug  ][gc,phases      ] GC(123)     Dead                           Min: 0, Avg:  0.0, Max: 0, Diff: 0, Sum: 0, Workers: 6
[33.580s][debug  ][gc,phases      ] GC(123)     Total                          Min: 0, Avg:  0.0, Max: 0, Diff: 0, Sum: 0, Workers: 6
[33.580s][debug  ][gc,phases      ] GC(123)   StringDedup Requests1 Weak     Min:  0.0, Avg:  0.0, Max:  0.0, Diff:  0.0, Sum:  0.0, Workers: 6
[33.580s][debug  ][gc,phases      ] GC(123)     Dead                           Min: 0, Avg:  0.0, Max: 0, Diff: 0, Sum: 0, Workers: 6
[33.580s][debug  ][gc,phases      ] GC(123)     Total                          Min: 0, Avg:  0.0, Max: 0, Diff: 0, Sum: 0, Workers: 6
[33.580s][debug  ][gc,phases      ] GC(123)   Weak JFR Old Object Samples    Min:  0.0, Avg:  0.0, Max:  0.0, Diff:  0.0, Sum:  0.0, Workers: 6
[33.581s][debug  ][gc,phases      ] GC(123)     Dead                           Min: 0, Avg:  0.0, Max: 0, Diff: 0, Sum: 0, Workers: 6
[33.581s][debug  ][gc,phases      ] GC(123)     Total                          Min: 0, Avg:  0.0, Max: 0, Diff: 0, Sum: 0, Workers: 6
[33.581s][debug  ][gc,phases      ] GC(123) Weak Processing 1.068ms
[33.581s][debug  ][gc,ergo        ] GC(123) AdaptiveSizeStart:  collection: 124 
[33.581s][debug  ][gc,ergo        ] GC(123) avg_survived_padded_avg: 36633032.000000
[33.581s][debug  ][gc,ergo        ] GC(123) avg_promoted_padded_avg: 244066112.000000  avg_pretenured_padded_avg: 0.000000  tenuring_thresh: 14  target_size: 36700160
[33.581s][debug  ][gc,age         ] GC(123) Desired survivor size 36700160 bytes, new threshold 14 (max threshold 15)
[33.581s][debug  ][gc,ergo        ] GC(123) PSAdaptiveSizePolicy::compute_eden_space_size limits: desired_eden_size: 219626796 old_eden_size: 201326592 eden_limit: 201326592 cur_eden: 201326592 max_eden_size: 201326592 avg_young_live: 23477786
[33.581s][debug  ][gc,ergo        ] GC(123) PSAdaptiveSizePolicy::compute_eden_space_size: costs minor_time: 0.042544 major_cost: 0.051308 mutator_cost: 0.906148 throughput_goal: 0.990000
[33.581s][debug  ][gc,ergo        ] GC(123) Live_space: 1041308288 free_space: 1401421824
[33.581s][debug  ][gc,ergo        ] GC(123) Old eden_size: 201326592 desired_eden_size: 201326592
[33.581s][debug  ][gc,ergo        ] GC(123) AdaptiveSizeStop: collection: 124 
[33.581s][info   ][gc,heap        ] GC(123) PSYoungGen: 188163K(229376K)->10240K(223232K) Eden: 188163K(196608K)->0K(190464K) From: 0K(32768K)->10240K(32768K)
[33.581s][info   ][gc,heap        ] GC(123) ParOldGen: 851556K(1835008K)->851556K(1835008K)
[33.581s][info   ][gc,metaspace   ] GC(123) Metaspace: 1024K(1216K)->1024K(1216K) NonClass: 940K(1024K)->940K(1024K) Class: 83K(192K)->83K(192K)
[33.581s][info   ][gc             ] GC(123) Pause Young (Allocation Failure) 1015M->841M(2010M) 5.610ms
[33.581s][info   ][gc,cpu         ] GC(123) User=0.00s Sys=0.00s Real=0.01s
[33.581s][debug  ][gc,heap        ] GC(123) Heap after GC invocations=124 (full 20):
[33.581s][debug  ][gc,heap        ] GC(123)  PSYoungGen      total 223232K, used 10240K [0x00000000f0000000, 0x0000000100000000, 0x0000000100000000)
[33.581s][debug  ][gc,heap        ] GC(123)   eden space 190464K, 0% used [0x00000000f0000000,0x00000000f0000000,0x00000000fba00000)
[33.581s][debug  ][gc,heap        ] GC(123)   from space 32768K, 31% used [0x00000000fe000000,0x00000000fea00010,0x0000000100000000)
[33.581s][debug  ][gc,heap        ] GC(123)   to   space 35840K, 0% used [0x00000000fba00000,0x00000000fba00000,0x00000000fdd00000)
[33.581s][debug  ][gc,heap        ] GC(123)  ParOldGen       total 1835008K, used 851556K [0x0000000080000000, 0x00000000f0000000, 0x00000000f0000000)
[33.581s][debug  ][gc,heap        ] GC(123)   object space 1835008K, 46% used [0x0000000080000000,0x00000000b3f99138,0x00000000f0000000)
[33.581s][debug  ][gc,heap        ] GC(123)  Metaspace       used 1024K, committed 1216K, reserved 1056768K
[33.581s][debug  ][gc,heap        ] GC(123)   class space    used 83K, committed 192K, reserved 1048576K
[33.582s][debug  ][gc,task,time   ] GC(123) VM-Thread 335750068 335785310 335815005
[33.874s][debug  ][gc,heap        ] GC(124) Heap before GC invocations=125 (full 20):
[33.874s][debug  ][gc,heap        ] GC(124)  PSYoungGen      total 223232K, used 198213K [0x00000000f0000000, 0x0000000100000000, 0x0000000100000000)
[33.874s][debug  ][gc,heap        ] GC(124)   eden space 190464K, 98% used [0x00000000f0000000,0x00000000fb791628,0x00000000fba00000)
[33.874s][debug  ][gc,heap        ] GC(124)   from space 32768K, 31% used [0x00000000fe000000,0x00000000fea00010,0x0000000100000000)
[33.874s][debug  ][gc,heap        ] GC(124)   to   space 35840K, 0% used [0x00000000fba00000,0x00000000fba00000,0x00000000fdd00000)
[33.874s][debug  ][gc,heap        ] GC(124)  ParOldGen       total 1835008K, used 851556K [0x0000000080000000, 0x00000000f0000000, 0x00000000f0000000)
[33.874s][debug  ][gc,heap        ] GC(124)   object space 1835008K, 46% used [0x0000000080000000,0x00000000b3f99138,0x00000000f0000000)
[33.874s][debug  ][gc,heap        ] GC(124)  Metaspace       used 1024K, committed 1216K, reserved 1056768K
[33.874s][debug  ][gc,heap        ] GC(124)   class space    used 83K, committed 192K, reserved 1048576K
[33.874s][debug  ][gc,tlab        ] GC(124) TLAB totals: thrds: 1  refills: 1 max: 1 slow allocs: 17 max 17 waste: 26.3% gc: 3740936B max: 3740936B slow: 0B max: 0B
[33.874s][info   ][gc,start       ] GC(124) Pause Young (Allocation Failure)
[33.874s][debug  ][gc,phases,start] GC(124) Scavenge
[33.888s][debug  ][gc,phases      ] GC(124) Scavenge 13.537ms
[33.888s][debug  ][gc,phases,start] GC(124) Reference Processing
[33.888s][debug  ][gc,ref         ] GC(124) Skipped phase 1 of Reference Processing: no references
[33.888s][debug  ][gc,ref         ] GC(124) Skipped phase 2 of Reference Processing: no references
[33.888s][debug  ][gc,ref         ] GC(124) Skipped phase 3 of Reference Processing: no references
[33.888s][debug  ][gc,ref         ] GC(124) Skipped phase 4 of Reference Processing: no references
[33.888s][debug  ][gc,phases,ref  ] GC(124) Reference Processing: 0.1ms
[33.888s][debug  ][gc,phases,ref  ] GC(124)   Reconsider SoftReferences: 0.0ms
[33.888s][debug  ][gc,phases,ref  ] GC(124)     SoftRef (ms):                  skipped
[33.888s][debug  ][gc,phases,ref  ] GC(124)   Notify Soft/WeakReferences: 0.0ms
[33.888s][debug  ][gc,phases,ref  ] GC(124)     SoftRef (ms):                  skipped
[33.888s][debug  ][gc,phases,ref  ] GC(124)     WeakRef (ms):                  skipped
[33.888s][debug  ][gc,phases,ref  ] GC(124)     FinalRef (ms):                 skipped
[33.888s][debug  ][gc,phases,ref  ] GC(124)     Total (ms):                    skipped
[33.888s][debug  ][gc,phases,ref  ] GC(124)   Notify and keep alive finalizable: 0.0ms
[33.888s][debug  ][gc,phases,ref  ] GC(124)     FinalRef (ms):                 skipped
[33.888s][debug  ][gc,phases,ref  ] GC(124)   Notify PhantomReferences: 0.0ms
[33.888s][debug  ][gc,phases,ref  ] GC(124)     PhantomRef (ms):               skipped
[33.888s][debug  ][gc,phases,ref  ] GC(124)   SoftReference:
[33.888s][debug  ][gc,phases,ref  ] GC(124)     Discovered: 0
[33.888s][debug  ][gc,phases,ref  ] GC(124)     Cleared: 0
[33.888s][debug  ][gc,phases,ref  ] GC(124)   WeakReference:
[33.889s][debug  ][gc,phases,ref  ] GC(124)     Discovered: 0
[33.889s][debug  ][gc,phases,ref  ] GC(124)     Cleared: 0
[33.889s][debug  ][gc,phases,ref  ] GC(124)   FinalReference:
[33.889s][debug  ][gc,phases,ref  ] GC(124)     Discovered: 0
[33.889s][debug  ][gc,phases,ref  ] GC(124)     Cleared: 0
[33.889s][debug  ][gc,phases,ref  ] GC(124)   PhantomReference:
[33.889s][debug  ][gc,phases,ref  ] GC(124)     Discovered: 0
[33.889s][debug  ][gc,phases,ref  ] GC(124)     Cleared: 0
[33.889s][debug  ][gc,phases      ] GC(124) Reference Processing 0.826ms
[33.889s][debug  ][gc,phases,start] GC(124) Weak Processing
[33.889s][debug  ][gc,phases      ] GC(124)   VM Weak                        Min:  0.0, Avg:  0.0, Max:  0.0, Diff:  0.0, Sum:  0.0, Workers: 6
[33.889s][debug  ][gc,phases      ] GC(124)     Dead                           Min: 0, Avg:  0.0, Max: 0, Diff: 0, Sum: 0, Workers: 6
[33.889s][debug  ][gc,phases      ] GC(124)     Total                          Min: 0, Avg:  1.3, Max: 8, Diff: 8, Sum: 8, Workers: 6
[33.889s][debug  ][gc,phases      ] GC(124)   ObjectSynchronizer Weak        Min:  0.0, Avg:  0.0, Max:  0.0, Diff:  0.0, Sum:  0.0, Workers: 6
[33.889s][debug  ][gc,phases      ] GC(124)     Dead                           Min: 0, Avg:  0.0, Max: 0, Diff: 0, Sum: 0, Workers: 6
[33.889s][debug  ][gc,phases      ] GC(124)     Total                          Min: 0, Avg:  0.5, Max: 3, Diff: 3, Sum: 3, Workers: 6
[33.889s][debug  ][gc,phases      ] GC(124)   JVMTI Tag Weak OopStorage      Min:  0.0, Avg:  0.0, Max:  0.0, Diff:  0.0, Sum:  0.0, Workers: 6
[33.889s][debug  ][gc,phases      ] GC(124)     Dead                           Min: 0, Avg:  0.0, Max: 0, Diff: 0, Sum: 0, Workers: 6
[33.889s][debug  ][gc,phases      ] GC(124)     Total                          Min: 0, Avg:  0.0, Max: 0, Diff: 0, Sum: 0, Workers: 6
[33.889s][debug  ][gc,phases      ] GC(124)   StringTable Weak               Min:  0.0, Avg:  0.0, Max:  0.0, Diff:  0.0, Sum:  0.0, Workers: 6
[33.889s][debug  ][gc,phases      ] GC(124)     Dead                           Min: 0, Avg:  0.0, Max: 0, Diff: 0, Sum: 0, Workers: 6
[33.889s][debug  ][gc,phases      ] GC(124)     Total                          Min: 812, Avg: 892.5, Max: 1088, Diff: 276, Sum: 5355, Workers: 6
[33.889s][debug  ][gc,phases      ] GC(124)   ResolvedMethodTable Weak       Min:  0.0, Avg:  0.0, Max:  0.0, Diff:  0.0, Sum:  0.0, Workers: 6
[33.889s][debug  ][gc,phases      ] GC(124)     Dead                           Min: 0, Avg:  0.0, Max: 0, Diff: 0, Sum: 0, Workers: 6
[33.889s][debug  ][gc,phases      ] GC(124)     Total                          Min: 0, Avg: 21.5, Max: 64, Diff: 64, Sum: 129, Workers: 6
[33.889s][debug  ][gc,phases      ] GC(124)   JNI Weak                       Min:  0.0, Avg:  0.0, Max:  0.0, Diff:  0.0, Sum:  0.0, Workers: 6
[33.889s][debug  ][gc,phases      ] GC(124)     Dead                           Min: 0, Avg:  0.0, Max: 0, Diff: 0, Sum: 0, Workers: 6
[33.889s][debug  ][gc,phases      ] GC(124)     Total                          Min: 0, Avg:  0.0, Max: 0, Diff: 0, Sum: 0, Workers: 6
[33.889s][debug  ][gc,phases      ] GC(124)   StringDedup Table Weak         Min:  0.0, Avg:  0.0, Max:  0.0, Diff:  0.0, Sum:  0.0, Workers: 6
[33.889s][debug  ][gc,phases      ] GC(124)     Dead                           Min: 0, Avg:  0.0, Max: 0, Diff: 0, Sum: 0, Workers: 6
[33.889s][debug  ][gc,phases      ] GC(124)     Total                          Min: 0, Avg:  0.0, Max: 0, Diff: 0, Sum: 0, Workers: 6
[33.889s][debug  ][gc,phases      ] GC(124)   StringDedup Requests0 Weak     Min:  0.0, Avg:  0.0, Max:  0.0, Diff:  0.0, Sum:  0.0, Workers: 6
[33.889s][debug  ][gc,phases      ] GC(124)     Dead                           Min: 0, Avg:  0.0, Max: 0, Diff: 0, Sum: 0, Workers: 6
[33.889s][debug  ][gc,phases      ] GC(124)     Total                          Min: 0, Avg:  0.0, Max: 0, Diff: 0, Sum: 0, Workers: 6
[33.889s][debug  ][gc,phases      ] GC(124)   StringDedup Requests1 Weak     Min:  0.0, Avg:  0.0, Max:  0.0, Diff:  0.0, Sum:  0.0, Workers: 6
[33.889s][debug  ][gc,phases      ] GC(124)     Dead                           Min: 0, Avg:  0.0, Max: 0, Diff: 0, Sum: 0, Workers: 6
[33.890s][debug  ][gc,phases      ] GC(124)     Total                          Min: 0, Avg:  0.0, Max: 0, Diff: 0, Sum: 0, Workers: 6
[33.890s][debug  ][gc,phases      ] GC(124)   Weak JFR Old Object Samples    Min:  0.0, Avg:  0.0, Max:  0.0, Diff:  0.0, Sum:  0.0, Workers: 6
[33.890s][debug  ][gc,phases      ] GC(124)     Dead                           Min: 0, Avg:  0.0, Max: 0, Diff: 0, Sum: 0, Workers: 6
[33.890s][debug  ][gc,phases      ] GC(124)     Total                          Min: 0, Avg:  0.0, Max: 0, Diff: 0, Sum: 0, Workers: 6
[33.890s][debug  ][gc,phases      ] GC(124) Weak Processing 0.833ms
[33.890s][debug  ][gc,ergo        ] GC(124) AdaptiveSizeStart:  collection: 125 
[33.890s][debug  ][gc,ergo        ] GC(124) avg_survived_padded_avg: 36773108.000000
[33.890s][debug  ][gc,ergo        ] GC(124) avg_promoted_padded_avg: 240946576.000000  avg_pretenured_padded_avg: 0.000000  tenuring_thresh: 15  target_size: 37224448
[33.890s][debug  ][gc,age         ] GC(124) Desired survivor size 37224448 bytes, new threshold 15 (max threshold 15)
[33.890s][debug  ][gc,ergo        ] GC(124) PSAdaptiveSizePolicy::compute_eden_space_size limits: desired_eden_size: 213257212 old_eden_size: 201326592 eden_limit: 198180864 cur_eden: 195035136 max_eden_size: 198180864 avg_young_live: 24275740
[33.890s][debug  ][gc,ergo        ] GC(124) PSAdaptiveSizePolicy::compute_eden_space_size: costs minor_time: 0.044311 major_cost: 0.051308 mutator_cost: 0.904381 throughput_goal: 0.990000
[33.890s][debug  ][gc,ergo        ] GC(124) Live_space: 1042106240 free_space: 1401421824
[33.890s][debug  ][gc,ergo        ] GC(124) Old eden_size: 201326592 desired_eden_size: 198180864
[33.890s][debug  ][gc,ergo        ] GC(124) AdaptiveSizeStop: collection: 125 
[33.890s][info   ][gc,heap        ] GC(124) PSYoungGen: 198213K(223232K)->30720K(221696K) Eden: 187973K(190464K)->0K(190464K) From: 10240K(32768K)->30720K(31232K)
[33.890s][info   ][gc,heap        ] GC(124) ParOldGen: 851556K(1835008K)->1015396K(1835008K)
[33.890s][info   ][gc,metaspace   ] GC(124) Metaspace: 1024K(1216K)->1024K(1216K) NonClass: 940K(1024K)->940K(1024K) Class: 83K(192K)->83K(192K)
[33.890s][info   ][gc             ] GC(124) Pause Young (Allocation Failure) 1025M->1021M(2008M) 15.759ms
[33.890s][info   ][gc,cpu         ] GC(124) User=0.12s Sys=0.00s Real=0.02s
[33.890s][debug  ][gc,heap        ] GC(124) Heap after GC invocations=125 (full 20):
[33.890s][debug  ][gc,heap        ] GC(124)  PSYoungGen      total 221696K, used 30720K [0x00000000f0000000, 0x0000000100000000, 0x0000000100000000)
[33.890s][debug  ][gc,heap        ] GC(124)   eden space 190464K, 0% used [0x00000000f0000000,0x00000000f0000000,0x00000000fba00000)
[33.890s][debug  ][gc,heap        ] GC(124)   from space 31232K, 98% used [0x00000000fba00000,0x00000000fd800030,0x00000000fd880000)
[33.890s][debug  ][gc,heap        ] GC(124)   to   space 36352K, 0% used [0x00000000fdc80000,0x00000000fdc80000,0x0000000100000000)
[33.890s][debug  ][gc,heap        ] GC(124)  ParOldGen       total 1835008K, used 1015396K [0x0000000080000000, 0x00000000f0000000, 0x00000000f0000000)
[33.890s][debug  ][gc,heap        ] GC(124)   object space 1835008K, 55% used [0x0000000080000000,0x00000000bdf99238,0x00000000f0000000)
[33.890s][debug  ][gc,heap        ] GC(124)  Metaspace       used 1024K, committed 1216K, reserved 1056768K
[33.890s][debug  ][gc,heap        ] GC(124)   class space    used 83K, committed 192K, reserved 1048576K
[33.890s][debug  ][gc,task,time   ] GC(124) VM-Thread 338738278 338879243 338902816
[34.175s][debug  ][gc,heap        ] GC(125) Heap before GC invocations=126 (full 20):
[34.175s][debug  ][gc,heap        ] GC(125)  PSYoungGen      total 221696K, used 218722K [0x00000000f0000000, 0x0000000100000000, 0x0000000100000000)
[34.175s][debug  ][gc,heap        ] GC(125)   eden space 190464K, 98% used [0x00000000f0000000,0x00000000fb7988f8,0x00000000fba00000)
[34.175s][debug  ][gc,heap        ] GC(125)   from space 31232K, 98% used [0x00000000fba00000,0x00000000fd800030,0x00000000fd880000)
[34.175s][debug  ][gc,heap        ] GC(125)   to   space 36352K, 0% used [0x00000000fdc80000,0x00000000fdc80000,0x0000000100000000)
[34.175s][debug  ][gc,heap        ] GC(125)  ParOldGen       total 1835008K, used 1015396K [0x0000000080000000, 0x00000000f0000000, 0x00000000f0000000)
[34.175s][debug  ][gc,heap        ] GC(125)   object space 1835008K, 55% used [0x0000000080000000,0x00000000bdf99238,0x00000000f0000000)
[34.175s][debug  ][gc,heap        ] GC(125)  Metaspace       used 1024K, committed 1216K, reserved 1056768K
[34.175s][debug  ][gc,heap        ] GC(125)   class space    used 83K, committed 192K, reserved 1048576K
[34.175s][debug  ][gc,tlab        ] GC(125) TLAB totals: thrds: 1  refills: 1 max: 1 slow allocs: 17 max 17 waste: 26.4% gc: 3770328B max: 3770328B slow: 0B max: 0B
[34.175s][info   ][gc,start       ] GC(125) Pause Young (Allocation Failure)
[34.176s][debug  ][gc,phases,start] GC(125) Scavenge
[34.190s][debug  ][gc,phases      ] GC(125) Scavenge 14.754ms
[34.190s][debug  ][gc,phases,start] GC(125) Reference Processing
[34.190s][debug  ][gc,ref         ] GC(125) Skipped phase 1 of Reference Processing: no references
[34.190s][debug  ][gc,ref         ] GC(125) Skipped phase 2 of Reference Processing: no references
[34.190s][debug  ][gc,ref         ] GC(125) Skipped phase 3 of Reference Processing: no references
[34.190s][debug  ][gc,ref         ] GC(125) Skipped phase 4 of Reference Processing: no references
[34.191s][debug  ][gc,phases,ref  ] GC(125) Reference Processing: 0.1ms
[34.191s][debug  ][gc,phases,ref  ] GC(125)   Reconsider SoftReferences: 0.0ms
[34.191s][debug  ][gc,phases,ref  ] GC(125)     SoftRef (ms):                  skipped
[34.191s][debug  ][gc,phases,ref  ] GC(125)   Notify Soft/WeakReferences: 0.0ms
[34.191s][debug  ][gc,phases,ref  ] GC(125)     SoftRef (ms):                  skipped
[34.191s][debug  ][gc,phases,ref  ] GC(125)     WeakRef (ms):                  skipped
[34.191s][debug  ][gc,phases,ref  ] GC(125)     FinalRef (ms):                 skipped
[34.191s][debug  ][gc,phases,ref  ] GC(125)     Total (ms):                    skipped
[34.191s][debug  ][gc,phases,ref  ] GC(125)   Notify and keep alive finalizable: 0.0ms
[34.191s][debug  ][gc,phases,ref  ] GC(125)     FinalRef (ms):                 skipped
[34.191s][debug  ][gc,phases,ref  ] GC(125)   Notify PhantomReferences: 0.0ms
[34.191s][debug  ][gc,phases,ref  ] GC(125)     PhantomRef (ms):               skipped
[34.191s][debug  ][gc,phases,ref  ] GC(125)   SoftReference:
[34.191s][debug  ][gc,phases,ref  ] GC(125)     Discovered: 0
[34.191s][debug  ][gc,phases,ref  ] GC(125)     Cleared: 0
[34.191s][debug  ][gc,phases,ref  ] GC(125)   WeakReference:
[34.191s][debug  ][gc,phases,ref  ] GC(125)     Discovered: 0
[34.191s][debug  ][gc,phases,ref  ] GC(125)     Cleared: 0
[34.191s][debug  ][gc,phases,ref  ] GC(125)   FinalReference:
[34.191s][debug  ][gc,phases,ref  ] GC(125)     Discovered: 0
[34.191s][debug  ][gc,phases,ref  ] GC(125)     Cleared: 0
[34.191s][debug  ][gc,phases,ref  ] GC(125)   PhantomReference:
[34.191s][debug  ][gc,phases,ref  ] GC(125)     Discovered: 0
[34.191s][debug  ][gc,phases,ref  ] GC(125)     Cleared: 0
[34.191s][debug  ][gc,phases      ] GC(125) Reference Processing 0.825ms
[34.191s][debug  ][gc,phases,start] GC(125) Weak Processing
[34.191s][debug  ][gc,phases      ] GC(125)   VM Weak                        Min:  0.0, Avg:  0.0, Max:  0.0, Diff:  0.0, Sum:  0.0, Workers: 6
[34.191s][debug  ][gc,phases      ] GC(125)     Dead                           Min: 0, Avg:  0.0, Max: 0, Diff: 0, Sum: 0, Workers: 6
[34.191s][debug  ][gc,phases      ] GC(125)     Total                          Min: 0, Avg:  1.3, Max: 8, Diff: 8, Sum: 8, Workers: 6
[34.191s][debug  ][gc,phases      ] GC(125)   ObjectSynchronizer Weak        Min:  0.0, Avg:  0.0, Max:  0.0, Diff:  0.0, Sum:  0.0, Workers: 6
[34.191s][debug  ][gc,phases      ] GC(125)     Dead                           Min: 0, Avg:  0.0, Max: 0, Diff: 0, Sum: 0, Workers: 6
[34.191s][debug  ][gc,phases      ] GC(125)     Total                          Min: 0, Avg:  0.5, Max: 3, Diff: 3, Sum: 3, Workers: 6
[34.191s][debug  ][gc,phases      ] GC(125)   JVMTI Tag Weak OopStorage      Min:  0.0, Avg:  0.0, Max:  0.0, Diff:  0.0, Sum:  0.0, Workers: 6
[34.191s][debug  ][gc,phases      ] GC(125)     Dead                           Min: 0, Avg:  0.0, Max: 0, Diff: 0, Sum: 0, Workers: 6
[34.191s][debug  ][gc,phases      ] GC(125)     Total                          Min: 0, Avg:  0.0, Max: 0, Diff: 0, Sum: 0, Workers: 6
[34.191s][debug  ][gc,phases      ] GC(125)   StringTable Weak               Min:  0.0, Avg:  0.0, Max:  0.0, Diff:  0.0, Sum:  0.0, Workers: 6
[34.191s][debug  ][gc,phases      ] GC(125)     Dead                           Min: 0, Avg:  0.0, Max: 0, Diff: 0, Sum: 0, Workers: 6
[34.192s][debug  ][gc,phases      ] GC(125)     Total                          Min: 639, Avg: 892.5, Max: 1004, Diff: 365, Sum: 5355, Workers: 6
[34.192s][debug  ][gc,phases      ] GC(125)   ResolvedMethodTable Weak       Min:  0.0, Avg:  0.0, Max:  0.0, Diff:  0.0, Sum:  0.0, Workers: 6
[34.192s][debug  ][gc,phases      ] GC(125)     Dead                           Min: 0, Avg:  0.0, Max: 0, Diff: 0, Sum: 0, Workers: 6
[34.192s][debug  ][gc,phases      ] GC(125)     Total                          Min: 0, Avg: 21.5, Max: 64, Diff: 64, Sum: 129, Workers: 6
[34.192s][debug  ][gc,phases      ] GC(125)   JNI Weak                       Min:  0.0, Avg:  0.0, Max:  0.0, Diff:  0.0, Sum:  0.0, Workers: 6
[34.192s][debug  ][gc,phases      ] GC(125)     Dead                           Min: 0, Avg:  0.0, Max: 0, Diff: 0, Sum: 0, Workers: 6
[34.192s][debug  ][gc,phases      ] GC(125)     Total                          Min: 0, Avg:  0.0, Max: 0, Diff: 0, Sum: 0, Workers: 6
[34.192s][debug  ][gc,phases      ] GC(125)   StringDedup Table Weak         Min:  0.0, Avg:  0.0, Max:  0.0, Diff:  0.0, Sum:  0.0, Workers: 6
[34.192s][debug  ][gc,phases      ] GC(125)     Dead                           Min: 0, Avg:  0.0, Max: 0, Diff: 0, Sum: 0, Workers: 6
[34.192s][debug  ][gc,phases      ] GC(125)     Total                          Min: 0, Avg:  0.0, Max: 0, Diff: 0, Sum: 0, Workers: 6
[34.192s][debug  ][gc,phases      ] GC(125)   StringDedup Requests0 Weak     Min:  0.0, Avg:  0.0, Max:  0.0, Diff:  0.0, Sum:  0.0, Workers: 6
[34.192s][debug  ][gc,phases      ] GC(125)     Dead                           Min: 0, Avg:  0.0, Max: 0, Diff: 0, Sum: 0, Workers: 6
[34.192s][debug  ][gc,phases      ] GC(125)     Total                          Min: 0, Avg:  0.0, Max: 0, Diff: 0, Sum: 0, Workers: 6
[34.192s][debug  ][gc,phases      ] GC(125)   StringDedup Requests1 Weak     Min:  0.0, Avg:  0.0, Max:  0.0, Diff:  0.0, Sum:  0.0, Workers: 6
[34.192s][debug  ][gc,phases      ] GC(125)     Dead                           Min: 0, Avg:  0.0, Max: 0, Diff: 0, Sum: 0, Workers: 6
[34.192s][debug  ][gc,phases      ] GC(125)     Total                          Min: 0, Avg:  0.0, Max: 0, Diff: 0, Sum: 0, Workers: 6
[34.192s][debug  ][gc,phases      ] GC(125)   Weak JFR Old Object Samples    Min:  0.0, Avg:  0.0, Max:  0.0, Diff:  0.0, Sum:  0.0, Workers: 6
[34.192s][debug  ][gc,phases      ] GC(125)     Dead                           Min: 0, Avg:  0.0, Max: 0, Diff: 0, Sum: 0, Workers: 6
[34.192s][debug  ][gc,phases      ] GC(125)     Total                          Min: 0, Avg:  0.0, Max: 0, Diff: 0, Sum: 0, Workers: 6
[34.192s][debug  ][gc,phases      ] GC(125) Weak Processing 0.744ms
[34.192s][debug  ][gc,ergo        ] GC(125) AdaptiveSizeStart:  collection: 126 
[34.192s][debug  ][gc,ergo        ] GC(125) avg_survived_padded_avg: 36833416.000000
[34.192s][debug  ][gc,ergo        ] GC(125) avg_promoted_padded_avg: 245447488.000000  avg_pretenured_padded_avg: 0.000000  tenuring_thresh: 15  target_size: 37224448
[34.192s][debug  ][gc,age         ] GC(125) Desired survivor size 37224448 bytes, new threshold 15 (max threshold 15)
[34.192s][debug  ][gc,ergo        ] GC(125) PSAdaptiveSizePolicy::compute_eden_space_size limits: desired_eden_size: 213801187 old_eden_size: 198180864 eden_limit: 199229440 cur_eden: 195035136 max_eden_size: 199229440 avg_young_live: 24993898
[34.192s][debug  ][gc,ergo        ] GC(125) PSAdaptiveSizePolicy::compute_eden_space_size: costs minor_time: 0.046841 major_cost: 0.051308 mutator_cost: 0.901850 throughput_goal: 0.990000
[34.192s][debug  ][gc,ergo        ] GC(125) Live_space: 1042824320 free_space: 1398276096
[34.192s][debug  ][gc,ergo        ] GC(125) Old eden_size: 198180864 desired_eden_size: 199229440
[34.192s][debug  ][gc,ergo        ] GC(125) AdaptiveSizeStop: collection: 126 
[34.192s][info   ][gc,heap        ] GC(125) PSYoungGen: 218722K(221696K)->30720K(225792K) Eden: 188002K(190464K)->0K(189440K) From: 30720K(31232K)->30720K(36352K)
[34.192s][info   ][gc,heap        ] GC(125) ParOldGen: 1015396K(1835008K)->1199716K(1835008K)
[34.192s][info   ][gc,metaspace   ] GC(125) Metaspace: 1024K(1216K)->1024K(1216K) NonClass: 940K(1024K)->940K(1024K) Class: 83K(192K)->83K(192K)
[34.192s][info   ][gc             ] GC(125) Pause Young (Allocation Failure) 1205M->1201M(2012M) 16.850ms
[34.192s][info   ][gc,cpu         ] GC(125) User=0.12s Sys=0.00s Real=0.02s
[34.192s][debug  ][gc,heap        ] GC(125) Heap after GC invocations=126 (full 20):
[34.192s][debug  ][gc,heap        ] GC(125)  PSYoungGen      total 225792K, used 30720K [0x00000000f0000000, 0x0000000100000000, 0x0000000100000000)
[34.192s][debug  ][gc,heap        ] GC(125)   eden space 189440K, 0% used [0x00000000f0000000,0x00000000f0000000,0x00000000fb900000)
[34.192s][debug  ][gc,heap        ] GC(125)   from space 36352K, 84% used [0x00000000fdc80000,0x00000000ffa80030,0x0000000100000000)
[34.192s][debug  ][gc,heap        ] GC(125)   to   space 36352K, 0% used [0x00000000fb900000,0x00000000fb900000,0x00000000fdc80000)
[34.192s][debug  ][gc,heap        ] GC(125)  ParOldGen       total 1835008K, used 1199716K [0x0000000080000000, 0x00000000f0000000, 0x00000000f0000000)
[34.192s][debug  ][gc,heap        ] GC(125)   object space 1835008K, 65% used [0x0000000080000000,0x00000000c9399358,0x00000000f0000000)
[34.193s][debug  ][gc,heap        ] GC(125)  Metaspace       used 1024K, committed 1216K, reserved 1056768K
[34.193s][debug  ][gc,heap        ] GC(125)   class space    used 83K, committed 192K, reserved 1048576K
[34.193s][debug  ][gc,task,time   ] GC(125) VM-Thread 341749532 341903402 341925537
[34.477s][debug  ][gc,heap        ] GC(126) Heap before GC invocations=127 (full 20):
[34.477s][debug  ][gc,heap        ] GC(126)  PSYoungGen      total 225792K, used 218720K [0x00000000f0000000, 0x0000000100000000, 0x0000000100000000)
[34.477s][debug  ][gc,heap        ] GC(126)   eden space 189440K, 99% used [0x00000000f0000000,0x00000000fb798330,0x00000000fb900000)
[34.477s][debug  ][gc,heap        ] GC(126)   from space 36352K, 84% used [0x00000000fdc80000,0x00000000ffa80030,0x0000000100000000)
[34.477s][debug  ][gc,heap        ] GC(126)   to   space 36352K, 0% used [0x00000000fb900000,0x00000000fb900000,0x00000000fdc80000)
[34.477s][debug  ][gc,heap        ] GC(126)  ParOldGen       total 1835008K, used 1199716K [0x0000000080000000, 0x00000000f0000000, 0x00000000f0000000)
[34.477s][debug  ][gc,heap        ] GC(126)   object space 1835008K, 65% used [0x0000000080000000,0x00000000c9399358,0x00000000f0000000)
[34.477s][debug  ][gc,heap        ] GC(126)  Metaspace       used 1024K, committed 1216K, reserved 1056768K
[34.477s][debug  ][gc,heap        ] GC(126)   class space    used 83K, committed 192K, reserved 1048576K
[34.477s][debug  ][gc,tlab        ] GC(126) TLAB totals: thrds: 1  refills: 1 max: 1 slow allocs: 17 max 17 waste: 26.4% gc: 3768848B max: 3768848B slow: 0B max: 0B
[34.477s][info   ][gc,start       ] GC(126) Pause Young (Allocation Failure)
[34.477s][debug  ][gc,phases,start] GC(126) Scavenge
[34.491s][debug  ][gc,phases      ] GC(126) Scavenge 14.342ms
[34.492s][debug  ][gc,phases,start] GC(126) Reference Processing
[34.492s][debug  ][gc,ref         ] GC(126) Skipped phase 1 of Reference Processing: no references
[34.492s][debug  ][gc,ref         ] GC(126) Skipped phase 2 of Reference Processing: no references
[34.492s][debug  ][gc,ref         ] GC(126) Skipped phase 3 of Reference Processing: no references
[34.492s][debug  ][gc,ref         ] GC(126) Skipped phase 4 of Reference Processing: no references
[34.492s][debug  ][gc,phases,ref  ] GC(126) Reference Processing: 0.1ms
[34.492s][debug  ][gc,phases,ref  ] GC(126)   Reconsider SoftReferences: 0.0ms
[34.492s][debug  ][gc,phases,ref  ] GC(126)     SoftRef (ms):                  skipped
[34.492s][debug  ][gc,phases,ref  ] GC(126)   Notify Soft/WeakReferences: 0.0ms
[34.492s][debug  ][gc,phases,ref  ] GC(126)     SoftRef (ms):                  skipped
[34.492s][debug  ][gc,phases,ref  ] GC(126)     WeakRef (ms):                  skipped
[34.492s][debug  ][gc,phases,ref  ] GC(126)     FinalRef (ms):                 skipped
[34.492s][debug  ][gc,phases,ref  ] GC(126)     Total (ms):                    skipped
[34.492s][debug  ][gc,phases,ref  ] GC(126)   Notify and keep alive finalizable: 0.0ms
[34.492s][debug  ][gc,phases,ref  ] GC(126)     FinalRef (ms):                 skipped
[34.492s][debug  ][gc,phases,ref  ] GC(126)   Notify PhantomReferences: 0.0ms
[34.492s][debug  ][gc,phases,ref  ] GC(126)     PhantomRef (ms):               skipped
[34.492s][debug  ][gc,phases,ref  ] GC(126)   SoftReference:
[34.492s][debug  ][gc,phases,ref  ] GC(126)     Discovered: 0
[34.492s][debug  ][gc,phases,ref  ] GC(126)     Cleared: 0
[34.492s][debug  ][gc,phases,ref  ] GC(126)   WeakReference:
[34.492s][debug  ][gc,phases,ref  ] GC(126)     Discovered: 0
[34.492s][debug  ][gc,phases,ref  ] GC(126)     Cleared: 0
[34.492s][debug  ][gc,phases,ref  ] GC(126)   FinalReference:
[34.492s][debug  ][gc,phases,ref  ] GC(126)     Discovered: 0
[34.492s][debug  ][gc,phases,ref  ] GC(126)     Cleared: 0
[34.492s][debug  ][gc,phases,ref  ] GC(126)   PhantomReference:
[34.492s][debug  ][gc,phases,ref  ] GC(126)     Discovered: 0
[34.492s][debug  ][gc,phases,ref  ] GC(126)     Cleared: 0
[34.492s][debug  ][gc,phases      ] GC(126) Reference Processing 0.777ms
[34.492s][debug  ][gc,phases,start] GC(126) Weak Processing
[34.492s][debug  ][gc,phases      ] GC(126)   VM Weak                        Min:  0.0, Avg:  0.0, Max:  0.0, Diff:  0.0, Sum:  0.0, Workers: 6
[34.492s][debug  ][gc,phases      ] GC(126)     Dead                           Min: 0, Avg:  0.0, Max: 0, Diff: 0, Sum: 0, Workers: 6
[34.492s][debug  ][gc,phases      ] GC(126)     Total                          Min: 0, Avg:  1.3, Max: 8, Diff: 8, Sum: 8, Workers: 6
[34.492s][debug  ][gc,phases      ] GC(126)   ObjectSynchronizer Weak        Min:  0.0, Avg:  0.0, Max:  0.0, Diff:  0.0, Sum:  0.0, Workers: 6
[34.493s][debug  ][gc,phases      ] GC(126)     Dead                           Min: 0, Avg:  0.0, Max: 0, Diff: 0, Sum: 0, Workers: 6
[34.493s][debug  ][gc,phases      ] GC(126)     Total                          Min: 0, Avg:  0.5, Max: 3, Diff: 3, Sum: 3, Workers: 6
[34.493s][debug  ][gc,phases      ] GC(126)   JVMTI Tag Weak OopStorage      Min:  0.0, Avg:  0.0, Max:  0.0, Diff:  0.0, Sum:  0.0, Workers: 6
[34.493s][debug  ][gc,phases      ] GC(126)     Dead                           Min: 0, Avg:  0.0, Max: 0, Diff: 0, Sum: 0, Workers: 6
[34.493s][debug  ][gc,phases      ] GC(126)     Total                          Min: 0, Avg:  0.0, Max: 0, Diff: 0, Sum: 0, Workers: 6
[34.493s][debug  ][gc,phases      ] GC(126)   StringTable Weak               Min:  0.0, Avg:  0.0, Max:  0.0, Diff:  0.0, Sum:  0.0, Workers: 6
[34.493s][debug  ][gc,phases      ] GC(126)     Dead                           Min: 0, Avg:  0.0, Max: 0, Diff: 0, Sum: 0, Workers: 6
[34.493s][debug  ][gc,phases      ] GC(126)     Total                          Min: 748, Avg: 892.5, Max: 1152, Diff: 404, Sum: 5355, Workers: 6
[34.493s][debug  ][gc,phases      ] GC(126)   ResolvedMethodTable Weak       Min:  0.0, Avg:  0.0, Max:  0.0, Diff:  0.0, Sum:  0.0, Workers: 6
[34.493s][debug  ][gc,phases      ] GC(126)     Dead                           Min: 0, Avg:  0.0, Max: 0, Diff: 0, Sum: 0, Workers: 6
[34.493s][debug  ][gc,phases      ] GC(126)     Total                          Min: 0, Avg: 21.5, Max: 64, Diff: 64, Sum: 129, Workers: 6
[34.493s][debug  ][gc,phases      ] GC(126)   JNI Weak                       Min:  0.0, Avg:  0.0, Max:  0.0, Diff:  0.0, Sum:  0.0, Workers: 6
[34.493s][debug  ][gc,phases      ] GC(126)     Dead                           Min: 0, Avg:  0.0, Max: 0, Diff: 0, Sum: 0, Workers: 6
[34.493s][debug  ][gc,phases      ] GC(126)     Total                          Min: 0, Avg:  0.0, Max: 0, Diff: 0, Sum: 0, Workers: 6
[34.493s][debug  ][gc,phases      ] GC(126)   StringDedup Table Weak         Min:  0.0, Avg:  0.0, Max:  0.0, Diff:  0.0, Sum:  0.0, Workers: 6
[34.493s][debug  ][gc,phases      ] GC(126)     Dead                           Min: 0, Avg:  0.0, Max: 0, Diff: 0, Sum: 0, Workers: 6
[34.493s][debug  ][gc,phases      ] GC(126)     Total                          Min: 0, Avg:  0.0, Max: 0, Diff: 0, Sum: 0, Workers: 6
[34.493s][debug  ][gc,phases      ] GC(126)   StringDedup Requests0 Weak     Min:  0.0, Avg:  0.0, Max:  0.0, Diff:  0.0, Sum:  0.0, Workers: 6
[34.493s][debug  ][gc,phases      ] GC(126)     Dead                           Min: 0, Avg:  0.0, Max: 0, Diff: 0, Sum: 0, Workers: 6
[34.493s][debug  ][gc,phases      ] GC(126)     Total                          Min: 0, Avg:  0.0, Max: 0, Diff: 0, Sum: 0, Workers: 6
[34.493s][debug  ][gc,phases      ] GC(126)   StringDedup Requests1 Weak     Min:  0.0, Avg:  0.0, Max:  0.0, Diff:  0.0, Sum:  0.0, Workers: 6
[34.493s][debug  ][gc,phases      ] GC(126)     Dead                           Min: 0, Avg:  0.0, Max: 0, Diff: 0, Sum: 0, Workers: 6
[34.493s][debug  ][gc,phases      ] GC(126)     Total                          Min: 0, Avg:  0.0, Max: 0, Diff: 0, Sum: 0, Workers: 6
[34.493s][debug  ][gc,phases      ] GC(126)   Weak JFR Old Object Samples    Min:  0.0, Avg:  0.0, Max:  0.0, Diff:  0.0, Sum:  0.0, Workers: 6
[34.493s][debug  ][gc,phases      ] GC(126)     Dead                           Min: 0, Avg:  0.0, Max: 0, Diff: 0, Sum: 0, Workers: 6
[34.493s][debug  ][gc,phases      ] GC(126)     Total                          Min: 0, Avg:  0.0, Max: 0, Diff: 0, Sum: 0, Workers: 6
[34.493s][debug  ][gc,phases      ] GC(126) Weak Processing 0.694ms
[34.493s][debug  ][gc,ergo        ] GC(126) AdaptiveSizeStart:  collection: 127 
[34.493s][debug  ][gc,ergo        ] GC(126) avg_survived_padded_avg: 36828504.000000
[34.493s][debug  ][gc,ergo        ] GC(126) avg_promoted_padded_avg: 248526192.000000  avg_pretenured_padded_avg: 0.000000  tenuring_thresh: 15  target_size: 37224448
[34.493s][debug  ][gc,age         ] GC(126) Desired survivor size 37224448 bytes, new threshold 15 (max threshold 15)
[34.493s][debug  ][gc,ergo        ] GC(126) PSAdaptiveSizePolicy::compute_eden_space_size limits: desired_eden_size: 212811685 old_eden_size: 199229440 eden_limit: 193986560 cur_eden: 193986560 max_eden_size: 193986560 avg_young_live: 25640240
[34.493s][debug  ][gc,ergo        ] GC(126) PSAdaptiveSizePolicy::compute_eden_space_size: costs minor_time: 0.048361 major_cost: 0.051308 mutator_cost: 0.900330 throughput_goal: 0.990000
[34.493s][debug  ][gc,ergo        ] GC(126) Live_space: 1043470720 free_space: 1399324672
[34.493s][debug  ][gc,ergo        ] GC(126) Old eden_size: 199229440 desired_eden_size: 193986560
[34.493s][debug  ][gc,ergo        ] GC(126) AdaptiveSizeStop: collection: 127 
[34.493s][info   ][gc,heap        ] GC(126) PSYoungGen: 218720K(225792K)->30720K(225792K) Eden: 188000K(189440K)->0K(189440K) From: 30720K(36352K)->30720K(36352K)
[34.493s][info   ][gc,heap        ] GC(126) ParOldGen: 1199716K(1835008K)->1384037K(1835008K)
[34.493s][info   ][gc,metaspace   ] GC(126) Metaspace: 1024K(1216K)->1024K(1216K) NonClass: 940K(1024K)->940K(1024K) Class: 83K(192K)->83K(192K)
[34.493s][info   ][gc             ] GC(126) Pause Young (Allocation Failure) 1385M->1381M(2012M) 16.275ms
[34.493s][info   ][gc,cpu         ] GC(126) User=0.12s Sys=0.02s Real=0.02s
[34.493s][debug  ][gc,heap        ] GC(126) Heap after GC invocations=127 (full 20):
[34.493s][debug  ][gc,heap        ] GC(126)  PSYoungGen      total 225792K, used 30720K [0x00000000f0000000, 0x0000000100000000, 0x0000000100000000)
[34.493s][debug  ][gc,heap        ] GC(126)   eden space 189440K, 0% used [0x00000000f0000000,0x00000000f0000000,0x00000000fb900000)
[34.493s][debug  ][gc,heap        ] GC(126)   from space 36352K, 84% used [0x00000000fb900000,0x00000000fd700030,0x00000000fdc80000)
[34.494s][debug  ][gc,heap        ] GC(126)   to   space 36352K, 0% used [0x00000000fdc80000,0x00000000fdc80000,0x0000000100000000)
[34.494s][debug  ][gc,heap        ] GC(126)  ParOldGen       total 1835008K, used 1384037K [0x0000000080000000, 0x00000000f0000000, 0x00000000f0000000)
[34.494s][debug  ][gc,heap        ] GC(126)   object space 1835008K, 75% used [0x0000000080000000,0x00000000d4799478,0x00000000f0000000)
[34.494s][debug  ][gc,heap        ] GC(126)  Metaspace       used 1024K, committed 1216K, reserved 1056768K
[34.494s][debug  ][gc,heap        ] GC(126)   class space    used 83K, committed 192K, reserved 1048576K
[34.494s][debug  ][gc,task,time   ] GC(126) VM-Thread 344767091 344915311 344936090
[34.779s][debug  ][gc,heap        ] GC(127) Heap before GC invocations=128 (full 20):
[34.780s][debug  ][gc,heap        ] GC(127)  PSYoungGen      total 225792K, used 218732K [0x00000000f0000000, 0x0000000100000000, 0x0000000100000000)
[34.780s][debug  ][gc,heap        ] GC(127)   eden space 189440K, 99% used [0x00000000f0000000,0x00000000fb79b2f0,0x00000000fb900000)
[34.780s][debug  ][gc,heap        ] GC(127)   from space 36352K, 84% used [0x00000000fb900000,0x00000000fd700030,0x00000000fdc80000)
[34.780s][debug  ][gc,heap        ] GC(127)   to   space 36352K, 0% used [0x00000000fdc80000,0x00000000fdc80000,0x0000000100000000)
[34.780s][debug  ][gc,heap        ] GC(127)  ParOldGen       total 1835008K, used 1384037K [0x0000000080000000, 0x00000000f0000000, 0x00000000f0000000)
[34.780s][debug  ][gc,heap        ] GC(127)   object space 1835008K, 75% used [0x0000000080000000,0x00000000d4799478,0x00000000f0000000)
[34.780s][debug  ][gc,heap        ] GC(127)  Metaspace       used 1024K, committed 1216K, reserved 1056768K
[34.780s][debug  ][gc,heap        ] GC(127)   class space    used 83K, committed 192K, reserved 1048576K
[34.780s][debug  ][gc,tlab        ] GC(127) TLAB totals: thrds: 1  refills: 1 max: 1 slow allocs: 17 max 17 waste: 26.5% gc: 3781072B max: 3781072B slow: 0B max: 0B
[34.780s][info   ][gc,start       ] GC(127) Pause Young (Allocation Failure)
[34.780s][debug  ][gc,phases,start] GC(127) Scavenge
[34.795s][debug  ][gc,phases      ] GC(127) Scavenge 14.940ms
[34.795s][debug  ][gc,phases,start] GC(127) Reference Processing
[34.795s][debug  ][gc,ref         ] GC(127) Skipped phase 1 of Reference Processing: no references
[34.795s][debug  ][gc,ref         ] GC(127) Skipped phase 2 of Reference Processing: no references
[34.795s][debug  ][gc,ref         ] GC(127) Skipped phase 3 of Reference Processing: no references
[34.795s][debug  ][gc,ref         ] GC(127) Skipped phase 4 of Reference Processing: no references
[34.795s][debug  ][gc,phases,ref  ] GC(127) Reference Processing: 0.1ms
[34.795s][debug  ][gc,phases,ref  ] GC(127)   Reconsider SoftReferences: 0.0ms
[34.795s][debug  ][gc,phases,ref  ] GC(127)     SoftRef (ms):                  skipped
[34.795s][debug  ][gc,phases,ref  ] GC(127)   Notify Soft/WeakReferences: 0.0ms
[34.795s][debug  ][gc,phases,ref  ] GC(127)     SoftRef (ms):                  skipped
[34.795s][debug  ][gc,phases,ref  ] GC(127)     WeakRef (ms):                  skipped
[34.795s][debug  ][gc,phases,ref  ] GC(127)     FinalRef (ms):                 skipped
[34.795s][debug  ][gc,phases,ref  ] GC(127)     Total (ms):                    skipped
[34.795s][debug  ][gc,phases,ref  ] GC(127)   Notify and keep alive finalizable: 0.0ms
[34.795s][debug  ][gc,phases,ref  ] GC(127)     FinalRef (ms):                 skipped
[34.795s][debug  ][gc,phases,ref  ] GC(127)   Notify PhantomReferences: 0.0ms
[34.795s][debug  ][gc,phases,ref  ] GC(127)     PhantomRef (ms):               skipped
[34.795s][debug  ][gc,phases,ref  ] GC(127)   SoftReference:
[34.795s][debug  ][gc,phases,ref  ] GC(127)     Discovered: 0
[34.795s][debug  ][gc,phases,ref  ] GC(127)     Cleared: 0
[34.795s][debug  ][gc,phases,ref  ] GC(127)   WeakReference:
[34.795s][debug  ][gc,phases,ref  ] GC(127)     Discovered: 0
[34.795s][debug  ][gc,phases,ref  ] GC(127)     Cleared: 0
[34.795s][debug  ][gc,phases,ref  ] GC(127)   FinalReference:
[34.795s][debug  ][gc,phases,ref  ] GC(127)     Discovered: 0
[34.796s][debug  ][gc,phases,ref  ] GC(127)     Cleared: 0
[34.796s][debug  ][gc,phases,ref  ] GC(127)   PhantomReference:
[34.796s][debug  ][gc,phases,ref  ] GC(127)     Discovered: 0
[34.796s][debug  ][gc,phases,ref  ] GC(127)     Cleared: 0
[34.796s][debug  ][gc,phases      ] GC(127) Reference Processing 0.693ms
[34.796s][debug  ][gc,phases,start] GC(127) Weak Processing
[34.796s][debug  ][gc,phases      ] GC(127)   VM Weak                        Min:  0.0, Avg:  0.0, Max:  0.0, Diff:  0.0, Sum:  0.0, Workers: 6
[34.796s][debug  ][gc,phases      ] GC(127)     Dead                           Min: 0, Avg:  0.0, Max: 0, Diff: 0, Sum: 0, Workers: 6
[34.796s][debug  ][gc,phases      ] GC(127)     Total                          Min: 0, Avg:  1.3, Max: 8, Diff: 8, Sum: 8, Workers: 6
[34.796s][debug  ][gc,phases      ] GC(127)   ObjectSynchronizer Weak        Min:  0.0, Avg:  0.0, Max:  0.0, Diff:  0.0, Sum:  0.0, Workers: 6
[34.796s][debug  ][gc,phases      ] GC(127)     Dead                           Min: 0, Avg:  0.0, Max: 0, Diff: 0, Sum: 0, Workers: 6
[34.796s][debug  ][gc,phases      ] GC(127)     Total                          Min: 0, Avg:  0.5, Max: 3, Diff: 3, Sum: 3, Workers: 6
[34.796s][debug  ][gc,phases      ] GC(127)   JVMTI Tag Weak OopStorage      Min:  0.0, Avg:  0.0, Max:  0.0, Diff:  0.0, Sum:  0.0, Workers: 6
[34.796s][debug  ][gc,phases      ] GC(127)     Dead                           Min: 0, Avg:  0.0, Max: 0, Diff: 0, Sum: 0, Workers: 6
[34.796s][debug  ][gc,phases      ] GC(127)     Total                          Min: 0, Avg:  0.0, Max: 0, Diff: 0, Sum: 0, Workers: 6
[34.796s][debug  ][gc,phases      ] GC(127)   StringTable Weak               Min:  0.0, Avg:  0.0, Max:  0.0, Diff:  0.0, Sum:  0.0, Workers: 6
[34.796s][debug  ][gc,phases      ] GC(127)     Dead                           Min: 0, Avg:  0.0, Max: 0, Diff: 0, Sum: 0, Workers: 6
[34.796s][debug  ][gc,phases      ] GC(127)     Total                          Min: 704, Avg: 892.5, Max: 1088, Diff: 384, Sum: 5355, Workers: 6
[34.796s][debug  ][gc,phases      ] GC(127)   ResolvedMethodTable Weak       Min:  0.0, Avg:  0.0, Max:  0.0, Diff:  0.0, Sum:  0.0, Workers: 6
[34.796s][debug  ][gc,phases      ] GC(127)     Dead                           Min: 0, Avg:  0.0, Max: 0, Diff: 0, Sum: 0, Workers: 6
[34.796s][debug  ][gc,phases      ] GC(127)     Total                          Min: 0, Avg: 21.5, Max: 64, Diff: 64, Sum: 129, Workers: 6
[34.796s][debug  ][gc,phases      ] GC(127)   JNI Weak                       Min:  0.0, Avg:  0.0, Max:  0.0, Diff:  0.0, Sum:  0.0, Workers: 6
[34.796s][debug  ][gc,phases      ] GC(127)     Dead                           Min: 0, Avg:  0.0, Max: 0, Diff: 0, Sum: 0, Workers: 6
[34.796s][debug  ][gc,phases      ] GC(127)     Total                          Min: 0, Avg:  0.0, Max: 0, Diff: 0, Sum: 0, Workers: 6
[34.796s][debug  ][gc,phases      ] GC(127)   StringDedup Table Weak         Min:  0.0, Avg:  0.0, Max:  0.0, Diff:  0.0, Sum:  0.0, Workers: 6
[34.796s][debug  ][gc,phases      ] GC(127)     Dead                           Min: 0, Avg:  0.0, Max: 0, Diff: 0, Sum: 0, Workers: 6
[34.796s][debug  ][gc,phases      ] GC(127)     Total                          Min: 0, Avg:  0.0, Max: 0, Diff: 0, Sum: 0, Workers: 6
[34.796s][debug  ][gc,phases      ] GC(127)   StringDedup Requests0 Weak     Min:  0.0, Avg:  0.0, Max:  0.0, Diff:  0.0, Sum:  0.0, Workers: 6
[34.796s][debug  ][gc,phases      ] GC(127)     Dead                           Min: 0, Avg:  0.0, Max: 0, Diff: 0, Sum: 0, Workers: 6
[34.796s][debug  ][gc,phases      ] GC(127)     Total                          Min: 0, Avg:  0.0, Max: 0, Diff: 0, Sum: 0, Workers: 6
[34.796s][debug  ][gc,phases      ] GC(127)   StringDedup Requests1 Weak     Min:  0.0, Avg:  0.0, Max:  0.0, Diff:  0.0, Sum:  0.0, Workers: 6
[34.796s][debug  ][gc,phases      ] GC(127)     Dead                           Min: 0, Avg:  0.0, Max: 0, Diff: 0, Sum: 0, Workers: 6
[34.796s][debug  ][gc,phases      ] GC(127)     Total                          Min: 0, Avg:  0.0, Max: 0, Diff: 0, Sum: 0, Workers: 6
[34.796s][debug  ][gc,phases      ] GC(127)   Weak JFR Old Object Samples    Min:  0.0, Avg:  0.0, Max:  0.0, Diff:  0.0, Sum:  0.0, Workers: 6
[34.796s][debug  ][gc,phases      ] GC(127)     Dead                           Min: 0, Avg:  0.0, Max: 0, Diff: 0, Sum: 0, Workers: 6
[34.796s][debug  ][gc,phases      ] GC(127)     Total                          Min: 0, Avg:  0.0, Max: 0, Diff: 0, Sum: 0, Workers: 6
[34.796s][debug  ][gc,phases      ] GC(127) Weak Processing 0.822ms
[34.796s][debug  ][gc,ergo        ] GC(127) AdaptiveSizeStart:  collection: 128 
[34.797s][debug  ][gc,ergo        ] GC(127) avg_survived_padded_avg: 36770812.000000
[34.797s][debug  ][gc,ergo        ] GC(127) avg_promoted_padded_avg: 250422112.000000  avg_pretenured_padded_avg: 0.000000  tenuring_thresh: 15  target_size: 37224448
[34.797s][debug  ][gc,age         ] GC(127) Desired survivor size 37224448 bytes, new threshold 15 (max threshold 15)
[34.797s][debug  ][gc,ergo        ] GC(127) PSAdaptiveSizePolicy::compute_eden_space_size limits: desired_eden_size: 213121488 old_eden_size: 193986560 eden_limit: 193986560 cur_eden: 193986560 max_eden_size: 193986560 avg_young_live: 26221948
[34.797s][debug  ][gc,ergo        ] GC(127) PSAdaptiveSizePolicy::compute_eden_space_size: costs minor_time: 0.049932 major_cost: 0.051308 mutator_cost: 0.898760 throughput_goal: 0.990000
[34.797s][debug  ][gc,ergo        ] GC(127) Live_space: 1044052416 free_space: 1394081792
[34.797s][debug  ][gc,ergo        ] GC(127) Old eden_size: 193986560 desired_eden_size: 193986560
[34.797s][debug  ][gc,ergo        ] GC(127) AdaptiveSizeStop: collection: 128 
[34.797s][info   ][gc,heap        ] GC(127) PSYoungGen: 218732K(225792K)->30720K(225792K) Eden: 188012K(189440K)->0K(189440K) From: 30720K(36352K)->30720K(36352K)
[34.797s][info   ][gc,heap        ] GC(127) ParOldGen: 1384037K(1835008K)->1568357K(1835008K)
[34.797s][info   ][gc,metaspace   ] GC(127) Metaspace: 1024K(1216K)->1024K(1216K) NonClass: 940K(1024K)->940K(1024K) Class: 83K(192K)->83K(192K)
[34.797s][info   ][gc             ] GC(127) Pause Young (Allocation Failure) 1565M->1561M(2012M) 16.941ms
[34.797s][info   ][gc,cpu         ] GC(127) User=0.12s Sys=0.00s Real=0.02s
[34.797s][debug  ][gc,heap        ] GC(127) Heap after GC invocations=128 (full 20):
[34.797s][debug  ][gc,heap        ] GC(127)  PSYoungGen      total 225792K, used 30720K [0x00000000f0000000, 0x0000000100000000, 0x0000000100000000)
[34.797s][debug  ][gc,heap        ] GC(127)   eden space 189440K, 0% used [0x00000000f0000000,0x00000000f0000000,0x00000000fb900000)
[34.797s][debug  ][gc,heap        ] GC(127)   from space 36352K, 84% used [0x00000000fdc80000,0x00000000ffa80030,0x0000000100000000)
[34.797s][debug  ][gc,heap        ] GC(127)   to   space 36352K, 0% used [0x00000000fb900000,0x00000000fb900000,0x00000000fdc80000)
[34.797s][debug  ][gc,heap        ] GC(127)  ParOldGen       total 1835008K, used 1568357K [0x0000000080000000, 0x00000000f0000000, 0x00000000f0000000)
[34.797s][debug  ][gc,heap        ] GC(127)   object space 1835008K, 85% used [0x0000000080000000,0x00000000dfb99598,0x00000000f0000000)
[34.797s][debug  ][gc,heap        ] GC(127)  Metaspace       used 1024K, committed 1216K, reserved 1056768K
[34.797s][debug  ][gc,heap        ] GC(127)   class space    used 83K, committed 192K, reserved 1048576K
[34.797s][debug  ][gc,task,time   ] GC(127) VM-Thread 347794060 347949266 347970273
[35.081s][debug  ][gc,heap        ] GC(128) Heap before GC invocations=129 (full 20):
[35.081s][debug  ][gc,heap        ] GC(128)  PSYoungGen      total 225792K, used 218740K [0x00000000f0000000, 0x0000000100000000, 0x0000000100000000)
[35.081s][debug  ][gc,heap        ] GC(128)   eden space 189440K, 99% used [0x00000000f0000000,0x00000000fb79d1a8,0x00000000fb900000)
[35.081s][debug  ][gc,heap        ] GC(128)   from space 36352K, 84% used [0x00000000fdc80000,0x00000000ffa80030,0x0000000100000000)
[35.081s][debug  ][gc,heap        ] GC(128)   to   space 36352K, 0% used [0x00000000fb900000,0x00000000fb900000,0x00000000fdc80000)
[35.081s][debug  ][gc,heap        ] GC(128)  ParOldGen       total 1835008K, used 1568357K [0x0000000080000000, 0x00000000f0000000, 0x00000000f0000000)
[35.081s][debug  ][gc,heap        ] GC(128)   object space 1835008K, 85% used [0x0000000080000000,0x00000000dfb99598,0x00000000f0000000)
[35.081s][debug  ][gc,heap        ] GC(128)  Metaspace       used 1024K, committed 1216K, reserved 1056768K
[35.081s][debug  ][gc,heap        ] GC(128)   class space    used 83K, committed 192K, reserved 1048576K
[35.081s][debug  ][gc,tlab        ] GC(128) TLAB totals: thrds: 1  refills: 1 max: 1 slow allocs: 17 max 17 waste: 26.5% gc: 3788936B max: 3788936B slow: 0B max: 0B
[35.081s][info   ][gc,start       ] GC(128) Pause Young (Allocation Failure)
[35.082s][debug  ][gc,phases,start] GC(128) Scavenge
[35.098s][debug  ][gc,phases      ] GC(128) Scavenge 16.637ms
[35.098s][debug  ][gc,phases,start] GC(128) Reference Processing
[35.098s][debug  ][gc,ref         ] GC(128) Skipped phase 1 of Reference Processing: no references
[35.098s][debug  ][gc,ref         ] GC(128) Skipped phase 2 of Reference Processing: no references
[35.098s][debug  ][gc,ref         ] GC(128) Skipped phase 3 of Reference Processing: no references
[35.098s][debug  ][gc,ref         ] GC(128) Skipped phase 4 of Reference Processing: no references
[35.098s][debug  ][gc,phases,ref  ] GC(128) Reference Processing: 0.1ms
[35.098s][debug  ][gc,phases,ref  ] GC(128)   Reconsider SoftReferences: 0.0ms
[35.098s][debug  ][gc,phases,ref  ] GC(128)     SoftRef (ms):                  skipped
[35.098s][debug  ][gc,phases,ref  ] GC(128)   Notify Soft/WeakReferences: 0.0ms
[35.098s][debug  ][gc,phases,ref  ] GC(128)     SoftRef (ms):                  skipped
[35.098s][debug  ][gc,phases,ref  ] GC(128)     WeakRef (ms):                  skipped
[35.098s][debug  ][gc,phases,ref  ] GC(128)     FinalRef (ms):                 skipped
[35.098s][debug  ][gc,phases,ref  ] GC(128)     Total (ms):                    skipped
[35.099s][debug  ][gc,phases,ref  ] GC(128)   Notify and keep alive finalizable: 0.0ms
[35.099s][debug  ][gc,phases,ref  ] GC(128)     FinalRef (ms):                 skipped
[35.099s][debug  ][gc,phases,ref  ] GC(128)   Notify PhantomReferences: 0.0ms
[35.099s][debug  ][gc,phases,ref  ] GC(128)     PhantomRef (ms):               skipped
[35.099s][debug  ][gc,phases,ref  ] GC(128)   SoftReference:
[35.099s][debug  ][gc,phases,ref  ] GC(128)     Discovered: 0
[35.099s][debug  ][gc,phases,ref  ] GC(128)     Cleared: 0
[35.099s][debug  ][gc,phases,ref  ] GC(128)   WeakReference:
[35.099s][debug  ][gc,phases,ref  ] GC(128)     Discovered: 0
[35.099s][debug  ][gc,phases,ref  ] GC(128)     Cleared: 0
[35.099s][debug  ][gc,phases,ref  ] GC(128)   FinalReference:
[35.099s][debug  ][gc,phases,ref  ] GC(128)     Discovered: 0
[35.099s][debug  ][gc,phases,ref  ] GC(128)     Cleared: 0
[35.099s][debug  ][gc,phases,ref  ] GC(128)   PhantomReference:
[35.099s][debug  ][gc,phases,ref  ] GC(128)     Discovered: 0
[35.099s][debug  ][gc,phases,ref  ] GC(128)     Cleared: 0
[35.099s][debug  ][gc,phases      ] GC(128) Reference Processing 0.674ms
[35.099s][debug  ][gc,phases,start] GC(128) Weak Processing
[35.099s][debug  ][gc,phases      ] GC(128)   VM Weak                        Min:  0.0, Avg:  0.0, Max:  0.0, Diff:  0.0, Sum:  0.0, Workers: 6
[35.099s][debug  ][gc,phases      ] GC(128)     Dead                           Min: 0, Avg:  0.0, Max: 0, Diff: 0, Sum: 0, Workers: 6
[35.099s][debug  ][gc,phases      ] GC(128)     Total                          Min: 0, Avg:  1.3, Max: 8, Diff: 8, Sum: 8, Workers: 6
[35.099s][debug  ][gc,phases      ] GC(128)   ObjectSynchronizer Weak        Min:  0.0, Avg:  0.0, Max:  0.0, Diff:  0.0, Sum:  0.0, Workers: 6
[35.099s][debug  ][gc,phases      ] GC(128)     Dead                           Min: 0, Avg:  0.0, Max: 0, Diff: 0, Sum: 0, Workers: 6
[35.099s][debug  ][gc,phases      ] GC(128)     Total                          Min: 0, Avg:  0.5, Max: 3, Diff: 3, Sum: 3, Workers: 6
[35.099s][debug  ][gc,phases      ] GC(128)   JVMTI Tag Weak OopStorage      Min:  0.0, Avg:  0.0, Max:  0.0, Diff:  0.0, Sum:  0.0, Workers: 6
[35.099s][debug  ][gc,phases      ] GC(128)     Dead                           Min: 0, Avg:  0.0, Max: 0, Diff: 0, Sum: 0, Workers: 6
[35.099s][debug  ][gc,phases      ] GC(128)     Total                          Min: 0, Avg:  0.0, Max: 0, Diff: 0, Sum: 0, Workers: 6
[35.099s][debug  ][gc,phases      ] GC(128)   StringTable Weak               Min:  0.0, Avg:  0.0, Max:  0.0, Diff:  0.0, Sum:  0.0, Workers: 6
[35.099s][debug  ][gc,phases      ] GC(128)     Dead                           Min: 0, Avg:  0.0, Max: 0, Diff: 0, Sum: 0, Workers: 6
[35.099s][debug  ][gc,phases      ] GC(128)     Total                          Min: 768, Avg: 892.5, Max: 1195, Diff: 427, Sum: 5355, Workers: 6
[35.099s][debug  ][gc,phases      ] GC(128)   ResolvedMethodTable Weak       Min:  0.0, Avg:  0.0, Max:  0.0, Diff:  0.0, Sum:  0.0, Workers: 6
[35.099s][debug  ][gc,phases      ] GC(128)     Dead                           Min: 0, Avg:  0.0, Max: 0, Diff: 0, Sum: 0, Workers: 6
[35.099s][debug  ][gc,phases      ] GC(128)     Total                          Min: 0, Avg: 21.5, Max: 64, Diff: 64, Sum: 129, Workers: 6
[35.099s][debug  ][gc,phases      ] GC(128)   JNI Weak                       Min:  0.0, Avg:  0.0, Max:  0.0, Diff:  0.0, Sum:  0.0, Workers: 6
[35.099s][debug  ][gc,phases      ] GC(128)     Dead                           Min: 0, Avg:  0.0, Max: 0, Diff: 0, Sum: 0, Workers: 6
[35.099s][debug  ][gc,phases      ] GC(128)     Total                          Min: 0, Avg:  0.0, Max: 0, Diff: 0, Sum: 0, Workers: 6
[35.099s][debug  ][gc,phases      ] GC(128)   StringDedup Table Weak         Min:  0.0, Avg:  0.0, Max:  0.0, Diff:  0.0, Sum:  0.0, Workers: 6
[35.099s][debug  ][gc,phases      ] GC(128)     Dead                           Min: 0, Avg:  0.0, Max: 0, Diff: 0, Sum: 0, Workers: 6
[35.099s][debug  ][gc,phases      ] GC(128)     Total                          Min: 0, Avg:  0.0, Max: 0, Diff: 0, Sum: 0, Workers: 6
[35.099s][debug  ][gc,phases      ] GC(128)   StringDedup Requests0 Weak     Min:  0.0, Avg:  0.0, Max:  0.0, Diff:  0.0, Sum:  0.0, Workers: 6
[35.099s][debug  ][gc,phases      ] GC(128)     Dead                           Min: 0, Avg:  0.0, Max: 0, Diff: 0, Sum: 0, Workers: 6
[35.099s][debug  ][gc,phases      ] GC(128)     Total                          Min: 0, Avg:  0.0, Max: 0, Diff: 0, Sum: 0, Workers: 6
[35.099s][debug  ][gc,phases      ] GC(128)   StringDedup Requests1 Weak     Min:  0.0, Avg:  0.0, Max:  0.0, Diff:  0.0, Sum:  0.0, Workers: 6
[35.100s][debug  ][gc,phases      ] GC(128)     Dead                           Min: 0, Avg:  0.0, Max: 0, Diff: 0, Sum: 0, Workers: 6
[35.100s][debug  ][gc,phases      ] GC(128)     Total                          Min: 0, Avg:  0.0, Max: 0, Diff: 0, Sum: 0, Workers: 6
[35.100s][debug  ][gc,phases      ] GC(128)   Weak JFR Old Object Samples    Min:  0.0, Avg:  0.0, Max:  0.0, Diff:  0.0, Sum:  0.0, Workers: 6
[35.100s][debug  ][gc,phases      ] GC(128)     Dead                           Min: 0, Avg:  0.0, Max: 0, Diff: 0, Sum: 0, Workers: 6
[35.100s][debug  ][gc,phases      ] GC(128)     Total                          Min: 0, Avg:  0.0, Max: 0, Diff: 0, Sum: 0, Workers: 6
[35.100s][debug  ][gc,phases      ] GC(128) Weak Processing 0.755ms
[35.100s][debug  ][gc,ergo        ] GC(128) AdaptiveSizeStart:  collection: 129 
[35.100s][debug  ][gc,ergo        ] GC(128) avg_survived_padded_avg: 36670952.000000
[35.100s][debug  ][gc,ergo        ] GC(128) avg_promoted_padded_avg: 251341024.000000  avg_pretenured_padded_avg: 0.000000  tenuring_thresh: 15  target_size: 36700160
[35.100s][debug  ][gc,age         ] GC(128) Desired survivor size 36700160 bytes, new threshold 15 (max threshold 15)
[35.100s][debug  ][gc,ergo        ] GC(128) PSAdaptiveSizePolicy::compute_eden_space_size limits: desired_eden_size: 213597495 old_eden_size: 193986560 eden_limit: 193986560 cur_eden: 193986560 max_eden_size: 193986560 avg_young_live: 26745486
[35.100s][debug  ][gc,ergo        ] GC(128) PSAdaptiveSizePolicy::compute_eden_space_size: costs minor_time: 0.052444 major_cost: 0.051308 mutator_cost: 0.896248 throughput_goal: 0.990000
[35.100s][debug  ][gc,ergo        ] GC(128) Live_space: 1044575936 free_space: 1394081792
[35.100s][debug  ][gc,ergo        ] GC(128) Old eden_size: 193986560 desired_eden_size: 193986560
[35.100s][debug  ][gc,ergo        ] GC(128) AdaptiveSizeStop: collection: 129 
[35.100s][info   ][gc,heap        ] GC(128) PSYoungGen: 218740K(225792K)->30720K(225792K) Eden: 188020K(189440K)->0K(189440K) From: 30720K(36352K)->30720K(36352K)
[35.100s][info   ][gc,heap        ] GC(128) ParOldGen: 1568357K(1835008K)->1752677K(1835008K)
[35.100s][info   ][gc,metaspace   ] GC(128) Metaspace: 1024K(1216K)->1024K(1216K) NonClass: 940K(1024K)->940K(1024K) Class: 83K(192K)->83K(192K)
[35.100s][info   ][gc             ] GC(128) Pause Young (Allocation Failure) 1745M->1741M(2012M) 18.534ms
[35.100s][info   ][gc,cpu         ] GC(128) User=0.12s Sys=0.00s Real=0.02s
[35.100s][debug  ][gc,heap        ] GC(128) Heap after GC invocations=129 (full 20):
[35.100s][debug  ][gc,heap        ] GC(128)  PSYoungGen      total 225792K, used 30720K [0x00000000f0000000, 0x0000000100000000, 0x0000000100000000)
[35.100s][debug  ][gc,heap        ] GC(128)   eden space 189440K, 0% used [0x00000000f0000000,0x00000000f0000000,0x00000000fb900000)
[35.100s][debug  ][gc,heap        ] GC(128)   from space 36352K, 84% used [0x00000000fb900000,0x00000000fd700030,0x00000000fdc80000)
[35.100s][debug  ][gc,heap        ] GC(128)   to   space 35840K, 0% used [0x00000000fdd00000,0x00000000fdd00000,0x0000000100000000)
[35.100s][debug  ][gc,heap        ] GC(128)  ParOldGen       total 1835008K, used 1752677K [0x0000000080000000, 0x00000000f0000000, 0x00000000f0000000)
[35.100s][debug  ][gc,heap        ] GC(128)   object space 1835008K, 95% used [0x0000000080000000,0x00000000eaf996b8,0x00000000f0000000)
[35.100s][debug  ][gc,heap        ] GC(128)  Metaspace       used 1024K, committed 1216K, reserved 1056768K
[35.100s][debug  ][gc,heap        ] GC(128)   class space    used 83K, committed 192K, reserved 1048576K
[35.100s][debug  ][gc,task,time   ] GC(128) VM-Thread 350809699 350982183 351002482
[35.100s][debug  ][gc,phases,start] GC(129) Pre Compact
[35.100s][debug  ][gc,heap        ] GC(129) Heap before GC invocations=130 (full 21):
[35.100s][debug  ][gc,heap        ] GC(129)  PSYoungGen      total 225792K, used 30720K [0x00000000f0000000, 0x0000000100000000, 0x0000000100000000)
[35.100s][debug  ][gc,heap        ] GC(129)   eden space 189440K, 0% used [0x00000000f0000000,0x00000000f0000000,0x00000000fb900000)
[35.100s][debug  ][gc,heap        ] GC(129)   from space 36352K, 84% used [0x00000000fb900000,0x00000000fd700030,0x00000000fdc80000)
[35.100s][debug  ][gc,heap        ] GC(129)   to   space 35840K, 0% used [0x00000000fdd00000,0x00000000fdd00000,0x0000000100000000)
[35.100s][debug  ][gc,heap        ] GC(129)  ParOldGen       total 1835008K, used 1752677K [0x0000000080000000, 0x00000000f0000000, 0x00000000f0000000)
[35.100s][debug  ][gc,heap        ] GC(129)   object space 1835008K, 95% used [0x0000000080000000,0x00000000eaf996b8,0x00000000f0000000)
[35.100s][debug  ][gc,heap        ] GC(129)  Metaspace       used 1024K, committed 1216K, reserved 1056768K
[35.100s][debug  ][gc,heap        ] GC(129)   class space    used 83K, committed 192K, reserved 1048576K
[35.101s][debug  ][gc,phases      ] GC(129) Pre Compact 0.239ms
[35.101s][info   ][gc,start       ] GC(129) Pause Full (Ergonomics)
[35.101s][info   ][gc,phases,start] GC(129) Marking Phase
[35.101s][debug  ][gc,phases,start] GC(129) Par Mark
[35.101s][debug  ][gc,phases      ] GC(129) Par Mark 0.526ms
[35.101s][debug  ][gc,phases,start] GC(129) Reference Processing
[35.101s][debug  ][gc,ref         ] GC(129) Skipped phase 1 of Reference Processing: no references
[35.101s][debug  ][gc,ref         ] GC(129) ReferenceProcessor::execute queues: 1, RefProcThreadModel::Single, marks_oops_alive: false
[35.101s][debug  ][gc,ref         ] GC(129) Skipped phase 3 of Reference Processing: no references
[35.101s][debug  ][gc,ref         ] GC(129) ReferenceProcessor::execute queues: 1, RefProcThreadModel::Single, marks_oops_alive: false
[35.101s][debug  ][gc,phases,ref  ] GC(129) Reference Processing: 0.1ms
[35.101s][debug  ][gc,phases,ref  ] GC(129)   Reconsider SoftReferences: 0.0ms
[35.101s][debug  ][gc,phases,ref  ] GC(129)     SoftRef (ms):                  skipped
[35.101s][debug  ][gc,phases,ref  ] GC(129)   Notify Soft/WeakReferences: 0.0ms
[35.101s][debug  ][gc,phases,ref  ] GC(129)     SoftRef (ms):                  Min:  0.0, Avg:  0.0, Max:  0.0, Diff:  0.0, Sum:  0.0, Workers: 8
[35.101s][debug  ][gc,phases,ref  ] GC(129)     WeakRef (ms):                  Min:  0.0, Avg:  0.0, Max:  0.0, Diff:  0.0, Sum:  0.0, Workers: 8
[35.101s][debug  ][gc,phases,ref  ] GC(129)     FinalRef (ms):                 Min:  0.0, Avg:  0.0, Max:  0.0, Diff:  0.0, Sum:  0.0, Workers: 8
[35.101s][debug  ][gc,phases,ref  ] GC(129)     Total (ms):                    Min:  0.0, Avg:  0.0, Max:  0.0, Diff:  0.0, Sum:  0.0, Workers: 8
[35.101s][debug  ][gc,phases,ref  ] GC(129)   Notify and keep alive finalizable: 0.0ms
[35.102s][debug  ][gc,phases,ref  ] GC(129)     FinalRef (ms):                 skipped
[35.102s][debug  ][gc,phases,ref  ] GC(129)   Notify PhantomReferences: 0.0ms
[35.102s][debug  ][gc,phases,ref  ] GC(129)     PhantomRef (ms):               Min:  0.0, Avg:  0.0, Max:  0.0, Diff:  0.0, Sum:  0.0, Workers: 8
[35.102s][debug  ][gc,phases,ref  ] GC(129)   SoftReference:
[35.102s][debug  ][gc,phases,ref  ] GC(129)     Discovered: 0
[35.102s][debug  ][gc,phases,ref  ] GC(129)     Cleared: 0
[35.102s][debug  ][gc,phases,ref  ] GC(129)   WeakReference:
[35.102s][debug  ][gc,phases,ref  ] GC(129)     Discovered: 88
[35.102s][debug  ][gc,phases,ref  ] GC(129)     Cleared: 88
[35.102s][debug  ][gc,phases,ref  ] GC(129)   FinalReference:
[35.102s][debug  ][gc,phases,ref  ] GC(129)     Discovered: 0
[35.102s][debug  ][gc,phases,ref  ] GC(129)     Cleared: 0
[35.102s][debug  ][gc,phases,ref  ] GC(129)   PhantomReference:
[35.102s][debug  ][gc,phases,ref  ] GC(129)     Discovered: 3
[35.102s][debug  ][gc,phases,ref  ] GC(129)     Cleared: 3
[35.102s][debug  ][gc,phases      ] GC(129) Reference Processing 0.621ms
[35.102s][debug  ][gc,phases,start] GC(129) Weak Processing
[35.102s][debug  ][gc,phases      ] GC(129)   VM Weak                        Min:  0.0, Avg:  0.0, Max:  0.0, Diff:  0.0, Sum:  0.0, Workers: 6
[35.102s][debug  ][gc,phases      ] GC(129)     Dead                           Min: 0, Avg:  0.0, Max: 0, Diff: 0, Sum: 0, Workers: 6
[35.102s][debug  ][gc,phases      ] GC(129)     Total                          Min: 0, Avg:  1.3, Max: 8, Diff: 8, Sum: 8, Workers: 6
[35.102s][debug  ][gc,phases      ] GC(129)   ObjectSynchronizer Weak        Min:  0.0, Avg:  0.0, Max:  0.0, Diff:  0.0, Sum:  0.0, Workers: 6
[35.102s][debug  ][gc,phases      ] GC(129)     Dead                           Min: 0, Avg:  0.0, Max: 0, Diff: 0, Sum: 0, Workers: 6
[35.102s][debug  ][gc,phases      ] GC(129)     Total                          Min: 0, Avg:  0.5, Max: 3, Diff: 3, Sum: 3, Workers: 6
[35.102s][debug  ][gc,phases      ] GC(129)   JVMTI Tag Weak OopStorage      Min:  0.0, Avg:  0.0, Max:  0.0, Diff:  0.0, Sum:  0.0, Workers: 6
[35.102s][debug  ][gc,phases      ] GC(129)     Dead                           Min: 0, Avg:  0.0, Max: 0, Diff: 0, Sum: 0, Workers: 6
[35.102s][debug  ][gc,phases      ] GC(129)     Total                          Min: 0, Avg:  0.0, Max: 0, Diff: 0, Sum: 0, Workers: 6
[35.102s][debug  ][gc,phases      ] GC(129)   StringTable Weak               Min:  0.0, Avg:  0.0, Max:  0.0, Diff:  0.0, Sum:  0.0, Workers: 6
[35.102s][debug  ][gc,phases      ] GC(129)     Dead                           Min: 0, Avg:  0.0, Max: 0, Diff: 0, Sum: 0, Workers: 6
[35.102s][debug  ][gc,phases      ] GC(129)     Total                          Min: 640, Avg: 892.5, Max: 1408, Diff: 768, Sum: 5355, Workers: 6
[35.102s][debug  ][gc,phases      ] GC(129)   ResolvedMethodTable Weak       Min:  0.0, Avg:  0.0, Max:  0.0, Diff:  0.0, Sum:  0.0, Workers: 6
[35.102s][debug  ][gc,phases      ] GC(129)     Dead                           Min: 0, Avg:  0.0, Max: 0, Diff: 0, Sum: 0, Workers: 6
[35.102s][debug  ][gc,phases      ] GC(129)     Total                          Min: 0, Avg: 21.5, Max: 64, Diff: 64, Sum: 129, Workers: 6
[35.102s][debug  ][gc,phases      ] GC(129)   JNI Weak                       Min:  0.0, Avg:  0.0, Max:  0.0, Diff:  0.0, Sum:  0.0, Workers: 6
[35.102s][debug  ][gc,phases      ] GC(129)     Dead                           Min: 0, Avg:  0.0, Max: 0, Diff: 0, Sum: 0, Workers: 6
[35.102s][debug  ][gc,phases      ] GC(129)     Total                          Min: 0, Avg:  0.0, Max: 0, Diff: 0, Sum: 0, Workers: 6
[35.102s][debug  ][gc,phases      ] GC(129)   StringDedup Table Weak         Min:  0.0, Avg:  0.0, Max:  0.0, Diff:  0.0, Sum:  0.0, Workers: 6
[35.102s][debug  ][gc,phases      ] GC(129)     Dead                           Min: 0, Avg:  0.0, Max: 0, Diff: 0, Sum: 0, Workers: 6
[35.102s][debug  ][gc,phases      ] GC(129)     Total                          Min: 0, Avg:  0.0, Max: 0, Diff: 0, Sum: 0, Workers: 6
[35.102s][debug  ][gc,phases      ] GC(129)   StringDedup Requests0 Weak     Min:  0.0, Avg:  0.0, Max:  0.0, Diff:  0.0, Sum:  0.0, Workers: 6
[35.102s][debug  ][gc,phases      ] GC(129)     Dead                           Min: 0, Avg:  0.0, Max: 0, Diff: 0, Sum: 0, Workers: 6
[35.102s][debug  ][gc,phases      ] GC(129)     Total                          Min: 0, Avg:  0.0, Max: 0, Diff: 0, Sum: 0, Workers: 6
[35.102s][debug  ][gc,phases      ] GC(129)   StringDedup Requests1 Weak     Min:  0.0, Avg:  0.0, Max:  0.0, Diff:  0.0, Sum:  0.0, Workers: 6
[35.102s][debug  ][gc,phases      ] GC(129)     Dead                           Min: 0, Avg:  0.0, Max: 0, Diff: 0, Sum: 0, Workers: 6
[35.102s][debug  ][gc,phases      ] GC(129)     Total                          Min: 0, Avg:  0.0, Max: 0, Diff: 0, Sum: 0, Workers: 6
[35.102s][debug  ][gc,phases      ] GC(129)   Weak JFR Old Object Samples    Min:  0.0, Avg:  0.0, Max:  0.0, Diff:  0.0, Sum:  0.0, Workers: 6
[35.102s][debug  ][gc,phases      ] GC(129)     Dead                           Min: 0, Avg:  0.0, Max: 0, Diff: 0, Sum: 0, Workers: 6
[35.102s][debug  ][gc,phases      ] GC(129)     Total                          Min: 0, Avg:  0.0, Max: 0, Diff: 0, Sum: 0, Workers: 6
[35.103s][debug  ][gc,phases      ] GC(129) Weak Processing 0.702ms
[35.103s][debug  ][gc,phases,start] GC(129) Class Unloading
[35.103s][debug  ][gc,phases,start] GC(129) ClassLoaderData
[35.103s][debug  ][gc,phases      ] GC(129) ClassLoaderData 0.019ms
[35.103s][debug  ][gc,phases,start] GC(129) Trigger cleanups
[35.103s][debug  ][gc,phases      ] GC(129) Trigger cleanups 0.019ms
[35.103s][debug  ][gc,phases      ] GC(129) Class Unloading 0.258ms
[35.103s][info   ][gc,phases      ] GC(129) Marking Phase 2.252ms
[35.103s][info   ][gc,phases,start] GC(129) Summary Phase
[35.103s][info   ][gc,phases      ] GC(129) Summary Phase 0.048ms
[35.103s][info   ][gc,phases,start] GC(129) Adjust Roots
[35.103s][info   ][gc,phases      ] GC(129) Adjust Roots 0.157ms
[35.103s][info   ][gc,phases,start] GC(129) Compaction Phase
[35.201s][info   ][gc,phases      ] GC(129) Compaction Phase 97.501ms
[35.201s][info   ][gc,phases,start] GC(129) Post Compact
[35.206s][info   ][gc,phases      ] GC(129) Post Compact 5.256ms
[35.206s][debug  ][gc,ergo        ] GC(129) AdaptiveSizeStart: collection: 130 
[35.206s][debug  ][gc,ergo        ] GC(129) PSAdaptiveSizePolicy::compute_eden_space_size limits: desired_eden_size: 213431598 old_eden_size: 193986560 eden_limit: 194510848 cur_eden: 193986560 max_eden_size: 194510848 avg_young_live: 24070938
[35.206s][debug  ][gc,ergo        ] GC(129) PSAdaptiveSizePolicy::compute_eden_space_size: costs minor_time: 0.052444 major_cost: 0.052193 mutator_cost: 0.895363 throughput_goal: 0.990000
[35.206s][debug  ][gc,ergo        ] GC(129) Live_space: 1041901440 free_space: 1394081792
[35.206s][debug  ][gc,ergo        ] GC(129) Old eden_size: 193986560 desired_eden_size: 194510848
[35.206s][debug  ][gc,ergo        ] GC(129) PSAdaptiveSizePolicy::compute_old_gen_free_space limits: desired_promo_size: 1319870111 promo_limit: 1200095232 free_in_old_gen: 1109004800 max_old_gen_size: 1879048192 avg_old_live: 770043456
[35.206s][debug  ][gc,ergo        ] GC(129) PSAdaptiveSizePolicy::compute_old_gen_free_space: costs minor_time: 0.052444 major_cost: 0.052193  mutator_cost: 0.895363 throughput_goal: 0.990000
[35.206s][debug  ][gc,ergo        ] GC(129) Live_space: 1062549888 free_space: 1394606080
[35.206s][debug  ][gc,ergo        ] GC(129) Old promo_size: 1200095232 desired_promo_size: 1200095232
[35.206s][debug  ][gc,ergo        ] GC(129) AdaptiveSizeStop: collection: 130 
[35.206s][info   ][gc,heap        ] GC(129) PSYoungGen: 30720K(225792K)->0K(226304K) Eden: 0K(189440K)->0K(190464K) From: 30720K(36352K)->0K(35840K)
[35.206s][info   ][gc,heap        ] GC(129) ParOldGen: 1752677K(1835008K)->933476K(1835008K)
[35.206s][info   ][gc,metaspace   ] GC(129) Metaspace: 1024K(1216K)->1024K(1216K) NonClass: 940K(1024K)->940K(1024K) Class: 83K(192K)->83K(192K)
[35.206s][info   ][gc             ] GC(129) Pause Full (Ergonomics) 1741M->911M(2013M) 105.842ms
[35.206s][info   ][gc,cpu         ] GC(129) User=0.72s Sys=0.02s Real=0.11s
[35.206s][debug  ][gc,heap        ] GC(129) Heap after GC invocations=130 (full 21):
[35.206s][debug  ][gc,heap        ] GC(129)  PSYoungGen      total 226304K, used 0K [0x00000000f0000000, 0x0000000100000000, 0x0000000100000000)
[35.206s][debug  ][gc,heap        ] GC(129)   eden space 190464K, 0% used [0x00000000f0000000,0x00000000f0000000,0x00000000fba00000)
[35.207s][debug  ][gc,heap        ] GC(129)   from space 35840K, 0% used [0x00000000fdd00000,0x00000000fdd00000,0x0000000100000000)
[35.207s][debug  ][gc,heap        ] GC(129)   to   space 35840K, 0% used [0x00000000fba00000,0x00000000fba00000,0x00000000fdd00000)
[35.207s][debug  ][gc,heap        ] GC(129)  ParOldGen       total 1835008K, used 933476K [0x0000000080000000, 0x00000000f0000000, 0x00000000f0000000)
[35.207s][debug  ][gc,heap        ] GC(129)   object space 1835008K, 50% used [0x0000000080000000,0x00000000b8f991b8,0x00000000f0000000)
[35.207s][debug  ][gc,heap        ] GC(129)  Metaspace       used 1024K, committed 1216K, reserved 1056768K
[35.207s][debug  ][gc,heap        ] GC(129)   class space    used 83K, committed 192K, reserved 1048576K
[35.207s][debug  ][gc,task,time   ] GC(129) VM-Thread 351005660 351031264 352064399
[35.491s][debug  ][gc,heap        ] GC(130) Heap before GC invocations=131 (full 21):
[35.491s][debug  ][gc,heap        ] GC(130)  PSYoungGen      total 226304K, used 188045K [0x00000000f0000000, 0x0000000100000000, 0x0000000100000000)
[35.491s][debug  ][gc,heap        ] GC(130)   eden space 190464K, 98% used [0x00000000f0000000,0x00000000fb7a3580,0x00000000fba00000)
[35.491s][debug  ][gc,heap        ] GC(130)   from space 35840K, 0% used [0x00000000fdd00000,0x00000000fdd00000,0x0000000100000000)
[35.491s][debug  ][gc,heap        ] GC(130)   to   space 35840K, 0% used [0x00000000fba00000,0x00000000fba00000,0x00000000fdd00000)
[35.491s][debug  ][gc,heap        ] GC(130)  ParOldGen       total 1835008K, used 933476K [0x0000000080000000, 0x00000000f0000000, 0x00000000f0000000)
[35.491s][debug  ][gc,heap        ] GC(130)   object space 1835008K, 50% used [0x0000000080000000,0x00000000b8f991b8,0x00000000f0000000)
[35.491s][debug  ][gc,heap        ] GC(130)  Metaspace       used 1024K, committed 1216K, reserved 1056768K
[35.491s][debug  ][gc,heap        ] GC(130)   class space    used 83K, committed 192K, reserved 1048576K
[35.491s][debug  ][gc,tlab        ] GC(130) TLAB totals: thrds: 1  refills: 1 max: 1 slow allocs: 17 max 17 waste: 26.7% gc: 3813432B max: 3813432B slow: 0B max: 0B
[35.491s][info   ][gc,start       ] GC(130) Pause Young (Allocation Failure)
[35.491s][debug  ][gc,phases,start] GC(130) Scavenge
[35.498s][debug  ][gc,phases      ] GC(130) Scavenge 7.005ms
[35.498s][debug  ][gc,phases,start] GC(130) Reference Processing
[35.499s][debug  ][gc,ref         ] GC(130) Skipped phase 1 of Reference Processing: no references
[35.499s][debug  ][gc,ref         ] GC(130) Skipped phase 2 of Reference Processing: no references
[35.499s][debug  ][gc,ref         ] GC(130) Skipped phase 3 of Reference Processing: no references
[35.499s][debug  ][gc,ref         ] GC(130) Skipped phase 4 of Reference Processing: no references
[35.499s][debug  ][gc,phases,ref  ] GC(130) Reference Processing: 0.1ms
[35.499s][debug  ][gc,phases,ref  ] GC(130)   Reconsider SoftReferences: 0.0ms
[35.499s][debug  ][gc,phases,ref  ] GC(130)     SoftRef (ms):                  skipped
[35.499s][debug  ][gc,phases,ref  ] GC(130)   Notify Soft/WeakReferences: 0.0ms
[35.499s][debug  ][gc,phases,ref  ] GC(130)     SoftRef (ms):                  skipped
[35.499s][debug  ][gc,phases,ref  ] GC(130)     WeakRef (ms):                  skipped
[35.499s][debug  ][gc,phases,ref  ] GC(130)     FinalRef (ms):                 skipped
[35.499s][debug  ][gc,phases,ref  ] GC(130)     Total (ms):                    skipped
[35.499s][debug  ][gc,phases,ref  ] GC(130)   Notify and keep alive finalizable: 0.0ms
[35.499s][debug  ][gc,phases,ref  ] GC(130)     FinalRef (ms):                 skipped
[35.499s][debug  ][gc,phases,ref  ] GC(130)   Notify PhantomReferences: 0.0ms
[35.499s][debug  ][gc,phases,ref  ] GC(130)     PhantomRef (ms):               skipped
[35.499s][debug  ][gc,phases,ref  ] GC(130)   SoftReference:
[35.499s][debug  ][gc,phases,ref  ] GC(130)     Discovered: 0
[35.499s][debug  ][gc,phases,ref  ] GC(130)     Cleared: 0
[35.499s][debug  ][gc,phases,ref  ] GC(130)   WeakReference:
[35.499s][debug  ][gc,phases,ref  ] GC(130)     Discovered: 0
[35.499s][debug  ][gc,phases,ref  ] GC(130)     Cleared: 0
[35.499s][debug  ][gc,phases,ref  ] GC(130)   FinalReference:
[35.499s][debug  ][gc,phases,ref  ] GC(130)     Discovered: 0
[35.499s][debug  ][gc,phases,ref  ] GC(130)     Cleared: 0
[35.499s][debug  ][gc,phases,ref  ] GC(130)   PhantomReference:
[35.499s][debug  ][gc,phases,ref  ] GC(130)     Discovered: 0
[35.499s][debug  ][gc,phases,ref  ] GC(130)     Cleared: 0
[35.499s][debug  ][gc,phases      ] GC(130) Reference Processing 0.798ms
[35.499s][debug  ][gc,phases,start] GC(130) Weak Processing
[35.499s][debug  ][gc,phases      ] GC(130)   VM Weak                        Min:  0.0, Avg:  0.0, Max:  0.0, Diff:  0.0, Sum:  0.0, Workers: 6
[35.499s][debug  ][gc,phases      ] GC(130)     Dead                           Min: 0, Avg:  0.0, Max: 0, Diff: 0, Sum: 0, Workers: 6
[35.499s][debug  ][gc,phases      ] GC(130)     Total                          Min: 0, Avg:  1.3, Max: 8, Diff: 8, Sum: 8, Workers: 6
[35.499s][debug  ][gc,phases      ] GC(130)   ObjectSynchronizer Weak        Min:  0.0, Avg:  0.0, Max:  0.0, Diff:  0.0, Sum:  0.0, Workers: 6
[35.499s][debug  ][gc,phases      ] GC(130)     Dead                           Min: 0, Avg:  0.0, Max: 0, Diff: 0, Sum: 0, Workers: 6
[35.500s][debug  ][gc,phases      ] GC(130)     Total                          Min: 0, Avg:  0.5, Max: 3, Diff: 3, Sum: 3, Workers: 6
[35.500s][debug  ][gc,phases      ] GC(130)   JVMTI Tag Weak OopStorage      Min:  0.0, Avg:  0.0, Max:  0.0, Diff:  0.0, Sum:  0.0, Workers: 6
[35.500s][debug  ][gc,phases      ] GC(130)     Dead                           Min: 0, Avg:  0.0, Max: 0, Diff: 0, Sum: 0, Workers: 6
[35.500s][debug  ][gc,phases      ] GC(130)     Total                          Min: 0, Avg:  0.0, Max: 0, Diff: 0, Sum: 0, Workers: 6
[35.500s][debug  ][gc,phases      ] GC(130)   StringTable Weak               Min:  0.0, Avg:  0.0, Max:  0.0, Diff:  0.0, Sum:  0.0, Workers: 6
[35.500s][debug  ][gc,phases      ] GC(130)     Dead                           Min: 0, Avg:  0.0, Max: 0, Diff: 0, Sum: 0, Workers: 6
[35.500s][debug  ][gc,phases      ] GC(130)     Total                          Min: 768, Avg: 892.5, Max: 1024, Diff: 256, Sum: 5355, Workers: 6
[35.500s][debug  ][gc,phases      ] GC(130)   ResolvedMethodTable Weak       Min:  0.0, Avg:  0.0, Max:  0.0, Diff:  0.0, Sum:  0.0, Workers: 6
[35.500s][debug  ][gc,phases      ] GC(130)     Dead                           Min: 0, Avg:  0.0, Max: 0, Diff: 0, Sum: 0, Workers: 6
[35.500s][debug  ][gc,phases      ] GC(130)     Total                          Min: 0, Avg: 21.5, Max: 64, Diff: 64, Sum: 129, Workers: 6
[35.500s][debug  ][gc,phases      ] GC(130)   JNI Weak                       Min:  0.0, Avg:  0.0, Max:  0.0, Diff:  0.0, Sum:  0.0, Workers: 6
[35.500s][debug  ][gc,phases      ] GC(130)     Dead                           Min: 0, Avg:  0.0, Max: 0, Diff: 0, Sum: 0, Workers: 6
[35.500s][debug  ][gc,phases      ] GC(130)     Total                          Min: 0, Avg:  0.0, Max: 0, Diff: 0, Sum: 0, Workers: 6
[35.500s][debug  ][gc,phases      ] GC(130)   StringDedup Table Weak         Min:  0.0, Avg:  0.0, Max:  0.0, Diff:  0.0, Sum:  0.0, Workers: 6
[35.500s][debug  ][gc,phases      ] GC(130)     Dead                           Min: 0, Avg:  0.0, Max: 0, Diff: 0, Sum: 0, Workers: 6
[35.500s][debug  ][gc,phases      ] GC(130)     Total                          Min: 0, Avg:  0.0, Max: 0, Diff: 0, Sum: 0, Workers: 6
[35.500s][debug  ][gc,phases      ] GC(130)   StringDedup Requests0 Weak     Min:  0.0, Avg:  0.0, Max:  0.0, Diff:  0.0, Sum:  0.0, Workers: 6
[35.500s][debug  ][gc,phases      ] GC(130)     Dead                           Min: 0, Avg:  0.0, Max: 0, Diff: 0, Sum: 0, Workers: 6
[35.500s][debug  ][gc,phases      ] GC(130)     Total                          Min: 0, Avg:  0.0, Max: 0, Diff: 0, Sum: 0, Workers: 6
[35.500s][debug  ][gc,phases      ] GC(130)   StringDedup Requests1 Weak     Min:  0.0, Avg:  0.0, Max:  0.0, Diff:  0.0, Sum:  0.0, Workers: 6
[35.500s][debug  ][gc,phases      ] GC(130)     Dead                           Min: 0, Avg:  0.0, Max: 0, Diff: 0, Sum: 0, Workers: 6
[35.500s][debug  ][gc,phases      ] GC(130)     Total                          Min: 0, Avg:  0.0, Max: 0, Diff: 0, Sum: 0, Workers: 6
[35.500s][debug  ][gc,phases      ] GC(130)   Weak JFR Old Object Samples    Min:  0.0, Avg:  0.0, Max:  0.0, Diff:  0.0, Sum:  0.0, Workers: 6
[35.500s][debug  ][gc,phases      ] GC(130)     Dead                           Min: 0, Avg:  0.0, Max: 0, Diff: 0, Sum: 0, Workers: 6
[35.500s][debug  ][gc,phases      ] GC(130)     Total                          Min: 0, Avg:  0.0, Max: 0, Diff: 0, Sum: 0, Workers: 6
[35.500s][debug  ][gc,phases      ] GC(130) Weak Processing 0.825ms
[35.500s][debug  ][gc,ergo        ] GC(130) AdaptiveSizeStart:  collection: 131 
[35.500s][debug  ][gc,ergo        ] GC(130) avg_survived_padded_avg: 36537924.000000
[35.500s][debug  ][gc,ergo        ] GC(130) avg_promoted_padded_avg: 260094256.000000  avg_pretenured_padded_avg: 0.000000  tenuring_thresh: 15  target_size: 36700160
[35.500s][debug  ][gc,age         ] GC(130) Desired survivor size 36700160 bytes, new threshold 15 (max threshold 15)
[35.500s][debug  ][gc,ergo        ] GC(130) PSAdaptiveSizePolicy::compute_eden_space_size limits: desired_eden_size: 213198346 old_eden_size: 194510848 eden_limit: 195035136 cur_eden: 195035136 max_eden_size: 195035136 avg_young_live: 24809576
[35.500s][debug  ][gc,ergo        ] GC(130) PSAdaptiveSizePolicy::compute_eden_space_size: costs minor_time: 0.044805 major_cost: 0.052193 mutator_cost: 0.903002 throughput_goal: 0.990000
[35.500s][debug  ][gc,ergo        ] GC(130) Live_space: 1063288448 free_space: 1394606080
[35.500s][debug  ][gc,ergo        ] GC(130) Old eden_size: 194510848 desired_eden_size: 195035136
[35.500s][debug  ][gc,ergo        ] GC(130) AdaptiveSizeStop: collection: 131 
[35.500s][info   ][gc,heap        ] GC(130) PSYoungGen: 188045K(226304K)->30720K(226304K) Eden: 188045K(190464K)->0K(190464K) From: 0K(35840K)->30720K(35840K)
[35.500s][info   ][gc,heap        ] GC(130) ParOldGen: 933476K(1835008K)->994916K(1835008K)
[35.500s][info   ][gc,metaspace   ] GC(130) Metaspace: 1024K(1216K)->1024K(1216K) NonClass: 940K(1024K)->940K(1024K) Class: 83K(192K)->83K(192K)
[35.501s][info   ][gc             ] GC(130) Pause Young (Allocation Failure) 1095M->1001M(2013M) 9.168ms
[35.501s][info   ][gc,cpu         ] GC(130) User=0.12s Sys=0.00s Real=0.01s
[35.501s][debug  ][gc,heap        ] GC(130) Heap after GC invocations=131 (full 21):
[35.501s][debug  ][gc,heap        ] GC(130)  PSYoungGen      total 226304K, used 30720K [0x00000000f0000000, 0x0000000100000000, 0x0000000100000000)
[35.501s][debug  ][gc,heap        ] GC(130)   eden space 190464K, 0% used [0x00000000f0000000,0x00000000f0000000,0x00000000fba00000)
[35.501s][debug  ][gc,heap        ] GC(130)   from space 35840K, 85% used [0x00000000fba00000,0x00000000fd800030,0x00000000fdd00000)
[35.501s][debug  ][gc,heap        ] GC(130)   to   space 35840K, 0% used [0x00000000fdd00000,0x00000000fdd00000,0x0000000100000000)
[35.501s][debug  ][gc,heap        ] GC(130)  ParOldGen       total 1835008K, used 994916K [0x0000000080000000, 0x00000000f0000000, 0x00000000f0000000)
[35.501s][debug  ][gc,heap        ] GC(130)   object space 1835008K, 54% used [0x0000000080000000,0x00000000bcb99218,0x00000000f0000000)
[35.501s][debug  ][gc,heap        ] GC(130)  Metaspace       used 1024K, committed 1216K, reserved 1056768K
[35.501s][debug  ][gc,heap        ] GC(130)   class space    used 83K, committed 192K, reserved 1048576K
[35.501s][debug  ][gc,task,time   ] GC(130) VM-Thread 354908302 354984938 355008259
[35.793s][debug  ][gc,heap        ] GC(131) Heap before GC invocations=132 (full 21):
[35.793s][debug  ][gc,heap        ] GC(131)  PSYoungGen      total 226304K, used 218695K [0x00000000f0000000, 0x0000000100000000, 0x0000000100000000)
[35.793s][debug  ][gc,heap        ] GC(131)   eden space 190464K, 98% used [0x00000000f0000000,0x00000000fb791f50,0x00000000fba00000)
[35.793s][debug  ][gc,heap        ] GC(131)   from space 35840K, 85% used [0x00000000fba00000,0x00000000fd800030,0x00000000fdd00000)
[35.793s][debug  ][gc,heap        ] GC(131)   to   space 35840K, 0% used [0x00000000fdd00000,0x00000000fdd00000,0x0000000100000000)
[35.793s][debug  ][gc,heap        ] GC(131)  ParOldGen       total 1835008K, used 994916K [0x0000000080000000, 0x00000000f0000000, 0x00000000f0000000)
[35.793s][debug  ][gc,heap        ] GC(131)   object space 1835008K, 54% used [0x0000000080000000,0x00000000bcb99218,0x00000000f0000000)
[35.793s][debug  ][gc,heap        ] GC(131)  Metaspace       used 1024K, committed 1216K, reserved 1056768K
[35.793s][debug  ][gc,heap        ] GC(131)   class space    used 83K, committed 192K, reserved 1048576K
[35.793s][debug  ][gc,tlab        ] GC(131) TLAB totals: thrds: 1  refills: 1 max: 1 slow allocs: 17 max 17 waste: 26.3% gc: 3743280B max: 3743280B slow: 0B max: 0B
[35.793s][info   ][gc,start       ] GC(131) Pause Young (Allocation Failure)
[35.793s][debug  ][gc,phases,start] GC(131) Scavenge
[35.808s][debug  ][gc,phases      ] GC(131) Scavenge 14.899ms
[35.808s][debug  ][gc,phases,start] GC(131) Reference Processing
[35.808s][debug  ][gc,ref         ] GC(131) Skipped phase 1 of Reference Processing: no references
[35.808s][debug  ][gc,ref         ] GC(131) Skipped phase 2 of Reference Processing: no references
[35.808s][debug  ][gc,ref         ] GC(131) Skipped phase 3 of Reference Processing: no references
[35.808s][debug  ][gc,ref         ] GC(131) Skipped phase 4 of Reference Processing: no references
[35.808s][debug  ][gc,phases,ref  ] GC(131) Reference Processing: 0.1ms
[35.809s][debug  ][gc,phases,ref  ] GC(131)   Reconsider SoftReferences: 0.0ms
[35.809s][debug  ][gc,phases,ref  ] GC(131)     SoftRef (ms):                  skipped
[35.809s][debug  ][gc,phases,ref  ] GC(131)   Notify Soft/WeakReferences: 0.0ms
[35.809s][debug  ][gc,phases,ref  ] GC(131)     SoftRef (ms):                  skipped
[35.809s][debug  ][gc,phases,ref  ] GC(131)     WeakRef (ms):                  skipped
[35.809s][debug  ][gc,phases,ref  ] GC(131)     FinalRef (ms):                 skipped
[35.809s][debug  ][gc,phases,ref  ] GC(131)     Total (ms):                    skipped
[35.809s][debug  ][gc,phases,ref  ] GC(131)   Notify and keep alive finalizable: 0.0ms
[35.809s][debug  ][gc,phases,ref  ] GC(131)     FinalRef (ms):                 skipped
[35.809s][debug  ][gc,phases,ref  ] GC(131)   Notify PhantomReferences: 0.0ms
[35.809s][debug  ][gc,phases,ref  ] GC(131)     PhantomRef (ms):               skipped
[35.809s][debug  ][gc,phases,ref  ] GC(131)   SoftReference:
[35.809s][debug  ][gc,phases,ref  ] GC(131)     Discovered: 0
[35.809s][debug  ][gc,phases,ref  ] GC(131)     Cleared: 0
[35.809s][debug  ][gc,phases,ref  ] GC(131)   WeakReference:
[35.809s][debug  ][gc,phases,ref  ] GC(131)     Discovered: 0
[35.809s][debug  ][gc,phases,ref  ] GC(131)     Cleared: 0
[35.809s][debug  ][gc,phases,ref  ] GC(131)   FinalReference:
[35.809s][debug  ][gc,phases,ref  ] GC(131)     Discovered: 0
[35.809s][debug  ][gc,phases,ref  ] GC(131)     Cleared: 0
[35.809s][debug  ][gc,phases,ref  ] GC(131)   PhantomReference:
[35.809s][debug  ][gc,phases,ref  ] GC(131)     Discovered: 0
[35.809s][debug  ][gc,phases,ref  ] GC(131)     Cleared: 0
[35.809s][debug  ][gc,phases      ] GC(131) Reference Processing 0.762ms
[35.809s][debug  ][gc,phases,start] GC(131) Weak Processing
[35.809s][debug  ][gc,phases      ] GC(131)   VM Weak                        Min:  0.0, Avg:  0.0, Max:  0.0, Diff:  0.0, Sum:  0.0, Workers: 6
[35.809s][debug  ][gc,phases      ] GC(131)     Dead                           Min: 0, Avg:  0.0, Max: 0, Diff: 0, Sum: 0, Workers: 6
[35.809s][debug  ][gc,phases      ] GC(131)     Total                          Min: 0, Avg:  1.3, Max: 8, Diff: 8, Sum: 8, Workers: 6
[35.809s][debug  ][gc,phases      ] GC(131)   ObjectSynchronizer Weak        Min:  0.0, Avg:  0.0, Max:  0.0, Diff:  0.0, Sum:  0.0, Workers: 6
[35.809s][debug  ][gc,phases      ] GC(131)     Dead                           Min: 0, Avg:  0.0, Max: 0, Diff: 0, Sum: 0, Workers: 6
[35.809s][debug  ][gc,phases      ] GC(131)     Total                          Min: 0, Avg:  0.5, Max: 3, Diff: 3, Sum: 3, Workers: 6
[35.809s][debug  ][gc,phases      ] GC(131)   JVMTI Tag Weak OopStorage      Min:  0.0, Avg:  0.0, Max:  0.0, Diff:  0.0, Sum:  0.0, Workers: 6
[35.809s][debug  ][gc,phases      ] GC(131)     Dead                           Min: 0, Avg:  0.0, Max: 0, Diff: 0, Sum: 0, Workers: 6
[35.809s][debug  ][gc,phases      ] GC(131)     Total                          Min: 0, Avg:  0.0, Max: 0, Diff: 0, Sum: 0, Workers: 6
[35.809s][debug  ][gc,phases      ] GC(131)   StringTable Weak               Min:  0.0, Avg:  0.0, Max:  0.0, Diff:  0.0, Sum:  0.0, Workers: 6
[35.809s][debug  ][gc,phases      ] GC(131)     Dead                           Min: 0, Avg:  0.0, Max: 0, Diff: 0, Sum: 0, Workers: 6
[35.809s][debug  ][gc,phases      ] GC(131)     Total                          Min: 639, Avg: 892.5, Max: 1196, Diff: 557, Sum: 5355, Workers: 6
[35.809s][debug  ][gc,phases      ] GC(131)   ResolvedMethodTable Weak       Min:  0.0, Avg:  0.0, Max:  0.0, Diff:  0.0, Sum:  0.0, Workers: 6
[35.809s][debug  ][gc,phases      ] GC(131)     Dead                           Min: 0, Avg:  0.0, Max: 0, Diff: 0, Sum: 0, Workers: 6
[35.810s][debug  ][gc,phases      ] GC(131)     Total                          Min: 0, Avg: 21.5, Max: 64, Diff: 64, Sum: 129, Workers: 6
[35.810s][debug  ][gc,phases      ] GC(131)   JNI Weak                       Min:  0.0, Avg:  0.0, Max:  0.0, Diff:  0.0, Sum:  0.0, Workers: 6
[35.810s][debug  ][gc,phases      ] GC(131)     Dead                           Min: 0, Avg:  0.0, Max: 0, Diff: 0, Sum: 0, Workers: 6
[35.810s][debug  ][gc,phases      ] GC(131)     Total                          Min: 0, Avg:  0.0, Max: 0, Diff: 0, Sum: 0, Workers: 6
[35.810s][debug  ][gc,phases      ] GC(131)   StringDedup Table Weak         Min:  0.0, Avg:  0.0, Max:  0.0, Diff:  0.0, Sum:  0.0, Workers: 6
[35.810s][debug  ][gc,phases      ] GC(131)     Dead                           Min: 0, Avg:  0.0, Max: 0, Diff: 0, Sum: 0, Workers: 6
[35.810s][debug  ][gc,phases      ] GC(131)     Total                          Min: 0, Avg:  0.0, Max: 0, Diff: 0, Sum: 0, Workers: 6
[35.810s][debug  ][gc,phases      ] GC(131)   StringDedup Requests0 Weak     Min:  0.0, Avg:  0.0, Max:  0.0, Diff:  0.0, Sum:  0.0, Workers: 6
[35.810s][debug  ][gc,phases      ] GC(131)     Dead                           Min: 0, Avg:  0.0, Max: 0, Diff: 0, Sum: 0, Workers: 6
[35.810s][debug  ][gc,phases      ] GC(131)     Total                          Min: 0, Avg:  0.0, Max: 0, Diff: 0, Sum: 0, Workers: 6
[35.810s][debug  ][gc,phases      ] GC(131)   StringDedup Requests1 Weak     Min:  0.0, Avg:  0.0, Max:  0.0, Diff:  0.0, Sum:  0.0, Workers: 6
[35.810s][debug  ][gc,phases      ] GC(131)     Dead                           Min: 0, Avg:  0.0, Max: 0, Diff: 0, Sum: 0, Workers: 6
[35.810s][debug  ][gc,phases      ] GC(131)     Total                          Min: 0, Avg:  0.0, Max: 0, Diff: 0, Sum: 0, Workers: 6
[35.810s][debug  ][gc,phases      ] GC(131)   Weak JFR Old Object Samples    Min:  0.0, Avg:  0.0, Max:  0.0, Diff:  0.0, Sum:  0.0, Workers: 6
[35.810s][debug  ][gc,phases      ] GC(131)     Dead                           Min: 0, Avg:  0.0, Max: 0, Diff: 0, Sum: 0, Workers: 6
[35.810s][debug  ][gc,phases      ] GC(131)     Total                          Min: 0, Avg:  0.0, Max: 0, Diff: 0, Sum: 0, Workers: 6
[35.810s][debug  ][gc,phases      ] GC(131) Weak Processing 0.776ms
[35.810s][debug  ][gc,ergo        ] GC(131) AdaptiveSizeStart:  collection: 132 
[35.810s][debug  ][gc,ergo        ] GC(131) avg_survived_padded_avg: 36379368.000000
[35.810s][debug  ][gc,ergo        ] GC(131) avg_promoted_padded_avg: 262096864.000000  avg_pretenured_padded_avg: 0.000000  tenuring_thresh: 15  target_size: 36700160
[35.810s][debug  ][gc,age         ] GC(131) Desired survivor size 36700160 bytes, new threshold 15 (max threshold 15)
[35.810s][debug  ][gc,ergo        ] GC(131) PSAdaptiveSizePolicy::compute_eden_space_size limits: desired_eden_size: 213664322 old_eden_size: 195035136 eden_limit: 195035136 cur_eden: 195035136 max_eden_size: 195035136 avg_young_live: 25474352
[35.810s][debug  ][gc,ergo        ] GC(131) PSAdaptiveSizePolicy::compute_eden_space_size: costs minor_time: 0.046989 major_cost: 0.052193 mutator_cost: 0.900818 throughput_goal: 0.990000
[35.810s][debug  ][gc,ergo        ] GC(131) Live_space: 1063953280 free_space: 1395130368
[35.810s][debug  ][gc,ergo        ] GC(131) Old eden_size: 195035136 desired_eden_size: 195035136
[35.810s][debug  ][gc,ergo        ] GC(131) AdaptiveSizeStop: collection: 132 
[35.810s][info   ][gc,heap        ] GC(131) PSYoungGen: 218695K(226304K)->30720K(226304K) Eden: 187975K(190464K)->0K(190464K) From: 30720K(35840K)->30720K(35840K)
[35.810s][info   ][gc,heap        ] GC(131) ParOldGen: 994916K(1835008K)->1179236K(1835008K)
[35.810s][info   ][gc,metaspace   ] GC(131) Metaspace: 1024K(1216K)->1024K(1216K) NonClass: 940K(1024K)->940K(1024K) Class: 83K(192K)->83K(192K)
[35.810s][info   ][gc             ] GC(131) Pause Young (Allocation Failure) 1185M->1181M(2013M) 16.949ms
[35.810s][info   ][gc,cpu         ] GC(131) User=0.11s Sys=0.00s Real=0.02s
[35.810s][debug  ][gc,heap        ] GC(131) Heap after GC invocations=132 (full 21):
[35.810s][debug  ][gc,heap        ] GC(131)  PSYoungGen      total 226304K, used 30720K [0x00000000f0000000, 0x0000000100000000, 0x0000000100000000)
[35.810s][debug  ][gc,heap        ] GC(131)   eden space 190464K, 0% used [0x00000000f0000000,0x00000000f0000000,0x00000000fba00000)
[35.810s][debug  ][gc,heap        ] GC(131)   from space 35840K, 85% used [0x00000000fdd00000,0x00000000ffb00030,0x0000000100000000)
[35.810s][debug  ][gc,heap        ] GC(131)   to   space 35840K, 0% used [0x00000000fba00000,0x00000000fba00000,0x00000000fdd00000)
[35.810s][debug  ][gc,heap        ] GC(131)  ParOldGen       total 1835008K, used 1179236K [0x0000000080000000, 0x00000000f0000000, 0x00000000f0000000)
[35.810s][debug  ][gc,heap        ] GC(131)   object space 1835008K, 64% used [0x0000000080000000,0x00000000c7f99338,0x00000000f0000000)
[35.810s][debug  ][gc,heap        ] GC(131)  Metaspace       used 1024K, committed 1216K, reserved 1056768K
[35.810s][debug  ][gc,heap        ] GC(131)   class space    used 83K, committed 192K, reserved 1048576K
[35.810s][debug  ][gc,task,time   ] GC(131) VM-Thread 357928220 358083226 358104884
[36.094s][debug  ][gc,heap        ] GC(132) Heap before GC invocations=133 (full 21):
[36.094s][debug  ][gc,heap        ] GC(132)  PSYoungGen      total 226304K, used 218723K [0x00000000f0000000, 0x0000000100000000, 0x0000000100000000)
[36.094s][debug  ][gc,heap        ] GC(132)   eden space 190464K, 98% used [0x00000000f0000000,0x00000000fb798ed8,0x00000000fba00000)
[36.094s][debug  ][gc,heap        ] GC(132)   from space 35840K, 85% used [0x00000000fdd00000,0x00000000ffb00030,0x0000000100000000)
[36.094s][debug  ][gc,heap        ] GC(132)   to   space 35840K, 0% used [0x00000000fba00000,0x00000000fba00000,0x00000000fdd00000)
[36.094s][debug  ][gc,heap        ] GC(132)  ParOldGen       total 1835008K, used 1179236K [0x0000000080000000, 0x00000000f0000000, 0x00000000f0000000)
[36.094s][debug  ][gc,heap        ] GC(132)   object space 1835008K, 64% used [0x0000000080000000,0x00000000c7f99338,0x00000000f0000000)
[36.094s][debug  ][gc,heap        ] GC(132)  Metaspace       used 1024K, committed 1216K, reserved 1056768K
[36.094s][debug  ][gc,heap        ] GC(132)   class space    used 83K, committed 192K, reserved 1048576K
[36.094s][debug  ][gc,tlab        ] GC(132) TLAB totals: thrds: 1  refills: 1 max: 1 slow allocs: 17 max 17 waste: 26.5% gc: 3771832B max: 3771832B slow: 0B max: 0B
[36.094s][info   ][gc,start       ] GC(132) Pause Young (Allocation Failure)
[36.094s][debug  ][gc,phases,start] GC(132) Scavenge
[36.108s][debug  ][gc,phases      ] GC(132) Scavenge 14.244ms
[36.109s][debug  ][gc,phases,start] GC(132) Reference Processing
[36.109s][debug  ][gc,ref         ] GC(132) Skipped phase 1 of Reference Processing: no references
[36.109s][debug  ][gc,ref         ] GC(132) Skipped phase 2 of Reference Processing: no references
[36.109s][debug  ][gc,ref         ] GC(132) Skipped phase 3 of Reference Processing: no references
[36.109s][debug  ][gc,ref         ] GC(132) Skipped phase 4 of Reference Processing: no references
[36.109s][debug  ][gc,phases,ref  ] GC(132) Reference Processing: 0.1ms
[36.109s][debug  ][gc,phases,ref  ] GC(132)   Reconsider SoftReferences: 0.0ms
[36.109s][debug  ][gc,phases,ref  ] GC(132)     SoftRef (ms):                  skipped
[36.109s][debug  ][gc,phases,ref  ] GC(132)   Notify Soft/WeakReferences: 0.0ms
[36.109s][debug  ][gc,phases,ref  ] GC(132)     SoftRef (ms):                  skipped
[36.109s][debug  ][gc,phases,ref  ] GC(132)     WeakRef (ms):                  skipped
[36.109s][debug  ][gc,phases,ref  ] GC(132)     FinalRef (ms):                 skipped
[36.109s][debug  ][gc,phases,ref  ] GC(132)     Total (ms):                    skipped
[36.109s][debug  ][gc,phases,ref  ] GC(132)   Notify and keep alive finalizable: 0.0ms
[36.109s][debug  ][gc,phases,ref  ] GC(132)     FinalRef (ms):                 skipped
[36.109s][debug  ][gc,phases,ref  ] GC(132)   Notify PhantomReferences: 0.0ms
[36.109s][debug  ][gc,phases,ref  ] GC(132)     PhantomRef (ms):               skipped
[36.109s][debug  ][gc,phases,ref  ] GC(132)   SoftReference:
[36.109s][debug  ][gc,phases,ref  ] GC(132)     Discovered: 0
[36.109s][debug  ][gc,phases,ref  ] GC(132)     Cleared: 0
[36.109s][debug  ][gc,phases,ref  ] GC(132)   WeakReference:
[36.109s][debug  ][gc,phases,ref  ] GC(132)     Discovered: 0
[36.109s][debug  ][gc,phases,ref  ] GC(132)     Cleared: 0
[36.109s][debug  ][gc,phases,ref  ] GC(132)   FinalReference:
[36.109s][debug  ][gc,phases,ref  ] GC(132)     Discovered: 0
[36.109s][debug  ][gc,phases,ref  ] GC(132)     Cleared: 0
[36.109s][debug  ][gc,phases,ref  ] GC(132)   PhantomReference:
[36.109s][debug  ][gc,phases,ref  ] GC(132)     Discovered: 0
[36.109s][debug  ][gc,phases,ref  ] GC(132)     Cleared: 0
[36.109s][debug  ][gc,phases      ] GC(132) Reference Processing 0.802ms
[36.109s][debug  ][gc,phases,start] GC(132) Weak Processing
[36.109s][debug  ][gc,phases      ] GC(132)   VM Weak                        Min:  0.0, Avg:  0.0, Max:  0.0, Diff:  0.0, Sum:  0.0, Workers: 6
[36.109s][debug  ][gc,phases      ] GC(132)     Dead                           Min: 0, Avg:  0.0, Max: 0, Diff: 0, Sum: 0, Workers: 6
[36.110s][debug  ][gc,phases      ] GC(132)     Total                          Min: 0, Avg:  1.3, Max: 8, Diff: 8, Sum: 8, Workers: 6
[36.110s][debug  ][gc,phases      ] GC(132)   ObjectSynchronizer Weak        Min:  0.0, Avg:  0.0, Max:  0.0, Diff:  0.0, Sum:  0.0, Workers: 6
[36.110s][debug  ][gc,phases      ] GC(132)     Dead                           Min: 0, Avg:  0.0, Max: 0, Diff: 0, Sum: 0, Workers: 6
[36.110s][debug  ][gc,phases      ] GC(132)     Total                          Min: 0, Avg:  0.5, Max: 3, Diff: 3, Sum: 3, Workers: 6
[36.110s][debug  ][gc,phases      ] GC(132)   JVMTI Tag Weak OopStorage      Min:  0.0, Avg:  0.0, Max:  0.0, Diff:  0.0, Sum:  0.0, Workers: 6
[36.110s][debug  ][gc,phases      ] GC(132)     Dead                           Min: 0, Avg:  0.0, Max: 0, Diff: 0, Sum: 0, Workers: 6
[36.110s][debug  ][gc,phases      ] GC(132)     Total                          Min: 0, Avg:  0.0, Max: 0, Diff: 0, Sum: 0, Workers: 6
[36.110s][debug  ][gc,phases      ] GC(132)   StringTable Weak               Min:  0.0, Avg:  0.0, Max:  0.0, Diff:  0.0, Sum:  0.0, Workers: 6
[36.110s][debug  ][gc,phases      ] GC(132)     Dead                           Min: 0, Avg:  0.0, Max: 0, Diff: 0, Sum: 0, Workers: 6
[36.110s][debug  ][gc,phases      ] GC(132)     Total                          Min: 768, Avg: 892.5, Max: 1132, Diff: 364, Sum: 5355, Workers: 6
[36.110s][debug  ][gc,phases      ] GC(132)   ResolvedMethodTable Weak       Min:  0.0, Avg:  0.0, Max:  0.0, Diff:  0.0, Sum:  0.0, Workers: 6
[36.110s][debug  ][gc,phases      ] GC(132)     Dead                           Min: 0, Avg:  0.0, Max: 0, Diff: 0, Sum: 0, Workers: 6
[36.110s][debug  ][gc,phases      ] GC(132)     Total                          Min: 0, Avg: 21.5, Max: 64, Diff: 64, Sum: 129, Workers: 6
[36.110s][debug  ][gc,phases      ] GC(132)   JNI Weak                       Min:  0.0, Avg:  0.0, Max:  0.0, Diff:  0.0, Sum:  0.0, Workers: 6
[36.110s][debug  ][gc,phases      ] GC(132)     Dead                           Min: 0, Avg:  0.0, Max: 0, Diff: 0, Sum: 0, Workers: 6
[36.110s][debug  ][gc,phases      ] GC(132)     Total                          Min: 0, Avg:  0.0, Max: 0, Diff: 0, Sum: 0, Workers: 6
[36.110s][debug  ][gc,phases      ] GC(132)   StringDedup Table Weak         Min:  0.0, Avg:  0.0, Max:  0.0, Diff:  0.0, Sum:  0.0, Workers: 6
[36.110s][debug  ][gc,phases      ] GC(132)     Dead                           Min: 0, Avg:  0.0, Max: 0, Diff: 0, Sum: 0, Workers: 6
[36.110s][debug  ][gc,phases      ] GC(132)     Total                          Min: 0, Avg:  0.0, Max: 0, Diff: 0, Sum: 0, Workers: 6
[36.110s][debug  ][gc,phases      ] GC(132)   StringDedup Requests0 Weak     Min:  0.0, Avg:  0.0, Max:  0.0, Diff:  0.0, Sum:  0.0, Workers: 6
[36.110s][debug  ][gc,phases      ] GC(132)     Dead                           Min: 0, Avg:  0.0, Max: 0, Diff: 0, Sum: 0, Workers: 6
[36.110s][debug  ][gc,phases      ] GC(132)     Total                          Min: 0, Avg:  0.0, Max: 0, Diff: 0, Sum: 0, Workers: 6
[36.110s][debug  ][gc,phases      ] GC(132)   StringDedup Requests1 Weak     Min:  0.0, Avg:  0.0, Max:  0.0, Diff:  0.0, Sum:  0.0, Workers: 6
[36.110s][debug  ][gc,phases      ] GC(132)     Dead                           Min: 0, Avg:  0.0, Max: 0, Diff: 0, Sum: 0, Workers: 6
[36.110s][debug  ][gc,phases      ] GC(132)     Total                          Min: 0, Avg:  0.0, Max: 0, Diff: 0, Sum: 0, Workers: 6
[36.110s][debug  ][gc,phases      ] GC(132)   Weak JFR Old Object Samples    Min:  0.0, Avg:  0.0, Max:  0.0, Diff:  0.0, Sum:  0.0, Workers: 6
[36.110s][debug  ][gc,phases      ] GC(132)     Dead                           Min: 0, Avg:  0.0, Max: 0, Diff: 0, Sum: 0, Workers: 6
[36.110s][debug  ][gc,phases      ] GC(132)     Total                          Min: 0, Avg:  0.0, Max: 0, Diff: 0, Sum: 0, Workers: 6
[36.110s][debug  ][gc,phases      ] GC(132) Weak Processing 0.934ms
[36.110s][debug  ][gc,ergo        ] GC(132) AdaptiveSizeStart:  collection: 133 
[36.110s][debug  ][gc,ergo        ] GC(132) avg_survived_padded_avg: 36201716.000000
[36.110s][debug  ][gc,ergo        ] GC(132) avg_promoted_padded_avg: 262985440.000000  avg_pretenured_padded_avg: 0.000000  tenuring_thresh: 15  target_size: 36700160
[36.110s][debug  ][gc,age         ] GC(132) Desired survivor size 36700160 bytes, new threshold 15 (max threshold 15)
[36.110s][debug  ][gc,ergo        ] GC(132) PSAdaptiveSizePolicy::compute_eden_space_size limits: desired_eden_size: 214005172 old_eden_size: 195035136 eden_limit: 195035136 cur_eden: 195035136 max_eden_size: 195035136 avg_young_live: 26072650
[36.110s][debug  ][gc,ergo        ] GC(132) PSAdaptiveSizePolicy::compute_eden_space_size: costs minor_time: 0.048650 major_cost: 0.052193 mutator_cost: 0.899156 throughput_goal: 0.990000
[36.110s][debug  ][gc,ergo        ] GC(132) Live_space: 1064551552 free_space: 1395130368
[36.110s][debug  ][gc,ergo        ] GC(132) Old eden_size: 195035136 desired_eden_size: 195035136
[36.110s][debug  ][gc,ergo        ] GC(132) AdaptiveSizeStop: collection: 133 
[36.111s][info   ][gc,heap        ] GC(132) PSYoungGen: 218723K(226304K)->30720K(226304K) Eden: 188003K(190464K)->0K(190464K) From: 30720K(35840K)->30720K(35840K)
[36.111s][info   ][gc,heap        ] GC(132) ParOldGen: 1179236K(1835008K)->1363557K(1835008K)
[36.111s][info   ][gc,metaspace   ] GC(132) Metaspace: 1024K(1216K)->1024K(1216K) NonClass: 940K(1024K)->940K(1024K) Class: 83K(192K)->83K(192K)
[36.111s][info   ][gc             ] GC(132) Pause Young (Allocation Failure) 1365M->1361M(2013M) 16.449ms
[36.111s][info   ][gc,cpu         ] GC(132) User=0.12s Sys=0.00s Real=0.02s
[36.111s][debug  ][gc,heap        ] GC(132) Heap after GC invocations=133 (full 21):
[36.111s][debug  ][gc,heap        ] GC(132)  PSYoungGen      total 226304K, used 30720K [0x00000000f0000000, 0x0000000100000000, 0x0000000100000000)
[36.111s][debug  ][gc,heap        ] GC(132)   eden space 190464K, 0% used [0x00000000f0000000,0x00000000f0000000,0x00000000fba00000)
[36.111s][debug  ][gc,heap        ] GC(132)   from space 35840K, 85% used [0x00000000fba00000,0x00000000fd800030,0x00000000fdd00000)
[36.111s][debug  ][gc,heap        ] GC(132)   to   space 35840K, 0% used [0x00000000fdd00000,0x00000000fdd00000,0x0000000100000000)
[36.111s][debug  ][gc,heap        ] GC(132)  ParOldGen       total 1835008K, used 1363557K [0x0000000080000000, 0x00000000f0000000, 0x00000000f0000000)
[36.111s][debug  ][gc,heap        ] GC(132)   object space 1835008K, 74% used [0x0000000080000000,0x00000000d3399458,0x00000000f0000000)
[36.111s][debug  ][gc,heap        ] GC(132)  Metaspace       used 1024K, committed 1216K, reserved 1056768K
[36.111s][debug  ][gc,heap        ] GC(132)   class space    used 83K, committed 192K, reserved 1048576K
[36.111s][debug  ][gc,task,time   ] GC(132) VM-Thread 360937034 361085258 361108664
[36.395s][debug  ][gc,heap        ] GC(133) Heap before GC invocations=134 (full 21):
[36.395s][debug  ][gc,heap        ] GC(133)  PSYoungGen      total 226304K, used 218741K [0x00000000f0000000, 0x0000000100000000, 0x0000000100000000)
[36.395s][debug  ][gc,heap        ] GC(133)   eden space 190464K, 98% used [0x00000000f0000000,0x00000000fb79d688,0x00000000fba00000)
[36.395s][debug  ][gc,heap        ] GC(133)   from space 35840K, 85% used [0x00000000fba00000,0x00000000fd800030,0x00000000fdd00000)
[36.395s][debug  ][gc,heap        ] GC(133)   to   space 35840K, 0% used [0x00000000fdd00000,0x00000000fdd00000,0x0000000100000000)
[36.395s][debug  ][gc,heap        ] GC(133)  ParOldGen       total 1835008K, used 1363557K [0x0000000080000000, 0x00000000f0000000, 0x00000000f0000000)
[36.395s][debug  ][gc,heap        ] GC(133)   object space 1835008K, 74% used [0x0000000080000000,0x00000000d3399458,0x00000000f0000000)
[36.395s][debug  ][gc,heap        ] GC(133)  Metaspace       used 1024K, committed 1216K, reserved 1056768K
[36.395s][debug  ][gc,heap        ] GC(133)   class space    used 83K, committed 192K, reserved 1048576K
[36.395s][debug  ][gc,tlab        ] GC(133) TLAB totals: thrds: 1  refills: 1 max: 1 slow allocs: 17 max 17 waste: 26.5% gc: 3790184B max: 3790184B slow: 0B max: 0B
[36.395s][info   ][gc,start       ] GC(133) Pause Young (Allocation Failure)
[36.395s][debug  ][gc,phases,start] GC(133) Scavenge
[36.409s][debug  ][gc,phases      ] GC(133) Scavenge 14.223ms
[36.409s][debug  ][gc,phases,start] GC(133) Reference Processing
[36.409s][debug  ][gc,ref         ] GC(133) Skipped phase 1 of Reference Processing: no references
[36.409s][debug  ][gc,ref         ] GC(133) Skipped phase 2 of Reference Processing: no references
[36.409s][debug  ][gc,ref         ] GC(133) Skipped phase 3 of Reference Processing: no references
[36.409s][debug  ][gc,ref         ] GC(133) Skipped phase 4 of Reference Processing: no references
[36.409s][debug  ][gc,phases,ref  ] GC(133) Reference Processing: 0.1ms
[36.409s][debug  ][gc,phases,ref  ] GC(133)   Reconsider SoftReferences: 0.0ms
[36.409s][debug  ][gc,phases,ref  ] GC(133)     SoftRef (ms):                  skipped
[36.409s][debug  ][gc,phases,ref  ] GC(133)   Notify Soft/WeakReferences: 0.0ms
[36.409s][debug  ][gc,phases,ref  ] GC(133)     SoftRef (ms):                  skipped
[36.409s][debug  ][gc,phases,ref  ] GC(133)     WeakRef (ms):                  skipped
[36.409s][debug  ][gc,phases,ref  ] GC(133)     FinalRef (ms):                 skipped
[36.409s][debug  ][gc,phases,ref  ] GC(133)     Total (ms):                    skipped
[36.410s][debug  ][gc,phases,ref  ] GC(133)   Notify and keep alive finalizable: 0.0ms
[36.410s][debug  ][gc,phases,ref  ] GC(133)     FinalRef (ms):                 skipped
[36.410s][debug  ][gc,phases,ref  ] GC(133)   Notify PhantomReferences: 0.0ms
[36.410s][debug  ][gc,phases,ref  ] GC(133)     PhantomRef (ms):               skipped
[36.410s][debug  ][gc,phases,ref  ] GC(133)   SoftReference:
[36.410s][debug  ][gc,phases,ref  ] GC(133)     Discovered: 0
[36.410s][debug  ][gc,phases,ref  ] GC(133)     Cleared: 0
[36.410s][debug  ][gc,phases,ref  ] GC(133)   WeakReference:
[36.410s][debug  ][gc,phases,ref  ] GC(133)     Discovered: 0
[36.410s][debug  ][gc,phases,ref  ] GC(133)     Cleared: 0
[36.410s][debug  ][gc,phases,ref  ] GC(133)   FinalReference:
[36.410s][debug  ][gc,phases,ref  ] GC(133)     Discovered: 0
[36.410s][debug  ][gc,phases,ref  ] GC(133)     Cleared: 0
[36.410s][debug  ][gc,phases,ref  ] GC(133)   PhantomReference:
[36.410s][debug  ][gc,phases,ref  ] GC(133)     Discovered: 0
[36.410s][debug  ][gc,phases,ref  ] GC(133)     Cleared: 0
[36.410s][debug  ][gc,phases      ] GC(133) Reference Processing 0.571ms
[36.410s][debug  ][gc,phases,start] GC(133) Weak Processing
[36.410s][debug  ][gc,phases      ] GC(133)   VM Weak                        Min:  0.0, Avg:  0.0, Max:  0.0, Diff:  0.0, Sum:  0.0, Workers: 6
[36.410s][debug  ][gc,phases      ] GC(133)     Dead                           Min: 0, Avg:  0.0, Max: 0, Diff: 0, Sum: 0, Workers: 6
[36.410s][debug  ][gc,phases      ] GC(133)     Total                          Min: 0, Avg:  1.3, Max: 8, Diff: 8, Sum: 8, Workers: 6
[36.410s][debug  ][gc,phases      ] GC(133)   ObjectSynchronizer Weak        Min:  0.0, Avg:  0.0, Max:  0.0, Diff:  0.0, Sum:  0.0, Workers: 6
[36.410s][debug  ][gc,phases      ] GC(133)     Dead                           Min: 0, Avg:  0.0, Max: 0, Diff: 0, Sum: 0, Workers: 6
[36.410s][debug  ][gc,phases      ] GC(133)     Total                          Min: 0, Avg:  0.5, Max: 3, Diff: 3, Sum: 3, Workers: 6
[36.410s][debug  ][gc,phases      ] GC(133)   JVMTI Tag Weak OopStorage      Min:  0.0, Avg:  0.0, Max:  0.0, Diff:  0.0, Sum:  0.0, Workers: 6
[36.410s][debug  ][gc,phases      ] GC(133)     Dead                           Min: 0, Avg:  0.0, Max: 0, Diff: 0, Sum: 0, Workers: 6
[36.410s][debug  ][gc,phases      ] GC(133)     Total                          Min: 0, Avg:  0.0, Max: 0, Diff: 0, Sum: 0, Workers: 6
[36.410s][debug  ][gc,phases      ] GC(133)   StringTable Weak               Min:  0.0, Avg:  0.0, Max:  0.0, Diff:  0.0, Sum:  0.0, Workers: 6
[36.410s][debug  ][gc,phases      ] GC(133)     Dead                           Min: 0, Avg:  0.0, Max: 0, Diff: 0, Sum: 0, Workers: 6
[36.410s][debug  ][gc,phases      ] GC(133)     Total                          Min: 704, Avg: 892.5, Max: 1215, Diff: 511, Sum: 5355, Workers: 6
[36.410s][debug  ][gc,phases      ] GC(133)   ResolvedMethodTable Weak       Min:  0.0, Avg:  0.0, Max:  0.0, Diff:  0.0, Sum:  0.0, Workers: 6
[36.410s][debug  ][gc,phases      ] GC(133)     Dead                           Min: 0, Avg:  0.0, Max: 0, Diff: 0, Sum: 0, Workers: 6
[36.410s][debug  ][gc,phases      ] GC(133)     Total                          Min: 0, Avg: 21.5, Max: 64, Diff: 64, Sum: 129, Workers: 6
[36.410s][debug  ][gc,phases      ] GC(133)   JNI Weak                       Min:  0.0, Avg:  0.0, Max:  0.0, Diff:  0.0, Sum:  0.0, Workers: 6
[36.410s][debug  ][gc,phases      ] GC(133)     Dead                           Min: 0, Avg:  0.0, Max: 0, Diff: 0, Sum: 0, Workers: 6
[36.410s][debug  ][gc,phases      ] GC(133)     Total                          Min: 0, Avg:  0.0, Max: 0, Diff: 0, Sum: 0, Workers: 6
[36.410s][debug  ][gc,phases      ] GC(133)   StringDedup Table Weak         Min:  0.0, Avg:  0.0, Max:  0.0, Diff:  0.0, Sum:  0.0, Workers: 6
[36.410s][debug  ][gc,phases      ] GC(133)     Dead                           Min: 0, Avg:  0.0, Max: 0, Diff: 0, Sum: 0, Workers: 6
[36.410s][debug  ][gc,phases      ] GC(133)     Total                          Min: 0, Avg:  0.0, Max: 0, Diff: 0, Sum: 0, Workers: 6
[36.410s][debug  ][gc,phases      ] GC(133)   StringDedup Requests0 Weak     Min:  0.0, Avg:  0.0, Max:  0.0, Diff:  0.0, Sum:  0.0, Workers: 6
[36.410s][debug  ][gc,phases      ] GC(133)     Dead                           Min: 0, Avg:  0.0, Max: 0, Diff: 0, Sum: 0, Workers: 6
[36.410s][debug  ][gc,phases      ] GC(133)     Total                          Min: 0, Avg:  0.0, Max: 0, Diff: 0, Sum: 0, Workers: 6
[36.410s][debug  ][gc,phases      ] GC(133)   StringDedup Requests1 Weak     Min:  0.0, Avg:  0.0, Max:  0.0, Diff:  0.0, Sum:  0.0, Workers: 6
[36.410s][debug  ][gc,phases      ] GC(133)     Dead                           Min: 0, Avg:  0.0, Max: 0, Diff: 0, Sum: 0, Workers: 6
[36.410s][debug  ][gc,phases      ] GC(133)     Total                          Min: 0, Avg:  0.0, Max: 0, Diff: 0, Sum: 0, Workers: 6
[36.410s][debug  ][gc,phases      ] GC(133)   Weak JFR Old Object Samples    Min:  0.0, Avg:  0.0, Max:  0.0, Diff:  0.0, Sum:  0.0, Workers: 6
[36.410s][debug  ][gc,phases      ] GC(133)     Dead                           Min: 0, Avg:  0.0, Max: 0, Diff: 0, Sum: 0, Workers: 6
[36.410s][debug  ][gc,phases      ] GC(133)     Total                          Min: 0, Avg:  0.0, Max: 0, Diff: 0, Sum: 0, Workers: 6
[36.410s][debug  ][gc,phases      ] GC(133) Weak Processing 0.672ms
[36.411s][debug  ][gc,ergo        ] GC(133) AdaptiveSizeStart:  collection: 134 
[36.411s][debug  ][gc,ergo        ] GC(133) avg_survived_padded_avg: 36010376.000000
[36.411s][debug  ][gc,ergo        ] GC(133) avg_promoted_padded_avg: 262962784.000000  avg_pretenured_padded_avg: 0.000000  tenuring_thresh: 15  target_size: 36175872
[36.411s][debug  ][gc,age         ] GC(133) Desired survivor size 36175872 bytes, new threshold 15 (max threshold 15)
[36.411s][debug  ][gc,ergo        ] GC(133) PSAdaptiveSizePolicy::compute_eden_space_size limits: desired_eden_size: 214168752 old_eden_size: 195035136 eden_limit: 195035136 cur_eden: 195035136 max_eden_size: 195035136 avg_young_live: 26611116
[36.411s][debug  ][gc,ergo        ] GC(133) PSAdaptiveSizePolicy::compute_eden_space_size: costs minor_time: 0.049467 major_cost: 0.052193 mutator_cost: 0.898339 throughput_goal: 0.990000
[36.411s][debug  ][gc,ergo        ] GC(133) Live_space: 1065090048 free_space: 1395130368
[36.411s][debug  ][gc,ergo        ] GC(133) Old eden_size: 195035136 desired_eden_size: 195035136
[36.411s][debug  ][gc,ergo        ] GC(133) AdaptiveSizeStop: collection: 134 
[36.411s][info   ][gc,heap        ] GC(133) PSYoungGen: 218741K(226304K)->30720K(226816K) Eden: 188021K(190464K)->0K(190976K) From: 30720K(35840K)->30720K(35840K)
[36.411s][info   ][gc,heap        ] GC(133) ParOldGen: 1363557K(1835008K)->1547877K(1835008K)
[36.411s][info   ][gc,metaspace   ] GC(133) Metaspace: 1024K(1216K)->1024K(1216K) NonClass: 940K(1024K)->940K(1024K) Class: 83K(192K)->83K(192K)
[36.411s][info   ][gc             ] GC(133) Pause Young (Allocation Failure) 1545M->1541M(2013M) 15.933ms
[36.411s][info   ][gc,cpu         ] GC(133) User=0.12s Sys=0.00s Real=0.02s
[36.411s][debug  ][gc,heap        ] GC(133) Heap after GC invocations=134 (full 21):
[36.411s][debug  ][gc,heap        ] GC(133)  PSYoungGen      total 226816K, used 30720K [0x00000000f0000000, 0x0000000100000000, 0x0000000100000000)
[36.411s][debug  ][gc,heap        ] GC(133)   eden space 190976K, 0% used [0x00000000f0000000,0x00000000f0000000,0x00000000fba80000)
[36.411s][debug  ][gc,heap        ] GC(133)   from space 35840K, 85% used [0x00000000fdd00000,0x00000000ffb00030,0x0000000100000000)
[36.411s][debug  ][gc,heap        ] GC(133)   to   space 35328K, 0% used [0x00000000fba80000,0x00000000fba80000,0x00000000fdd00000)
[36.411s][debug  ][gc,heap        ] GC(133)  ParOldGen       total 1835008K, used 1547877K [0x0000000080000000, 0x00000000f0000000, 0x00000000f0000000)
[36.411s][debug  ][gc,heap        ] GC(133)   object space 1835008K, 84% used [0x0000000080000000,0x00000000de799578,0x00000000f0000000)
[36.411s][debug  ][gc,heap        ] GC(133)  Metaspace       used 1024K, committed 1216K, reserved 1056768K
[36.411s][debug  ][gc,heap        ] GC(133)   class space    used 83K, committed 192K, reserved 1048576K
[36.411s][debug  ][gc,task,time   ] GC(133) VM-Thread 363945618 364092304 364110893
[36.694s][debug  ][gc,heap        ] GC(134) Heap before GC invocations=135 (full 21):
[36.694s][debug  ][gc,heap        ] GC(134)  PSYoungGen      total 226816K, used 218763K [0x00000000f0000000, 0x0000000100000000, 0x0000000100000000)
[36.694s][debug  ][gc,heap        ] GC(134)   eden space 190976K, 98% used [0x00000000f0000000,0x00000000fb7a2c90,0x00000000fba80000)
[36.694s][debug  ][gc,heap        ] GC(134)   from space 35840K, 85% used [0x00000000fdd00000,0x00000000ffb00030,0x0000000100000000)
[36.694s][debug  ][gc,heap        ] GC(134)   to   space 35328K, 0% used [0x00000000fba80000,0x00000000fba80000,0x00000000fdd00000)
[36.694s][debug  ][gc,heap        ] GC(134)  ParOldGen       total 1835008K, used 1547877K [0x0000000080000000, 0x00000000f0000000, 0x00000000f0000000)
[36.694s][debug  ][gc,heap        ] GC(134)   object space 1835008K, 84% used [0x0000000080000000,0x00000000de799578,0x00000000f0000000)
[36.694s][debug  ][gc,heap        ] GC(134)  Metaspace       used 1024K, committed 1216K, reserved 1056768K
[36.694s][debug  ][gc,heap        ] GC(134)   class space    used 83K, committed 192K, reserved 1048576K
[36.694s][debug  ][gc,tlab        ] GC(134) TLAB totals: thrds: 1  refills: 1 max: 1 slow allocs: 17 max 17 waste: 26.7% gc: 3812208B max: 3812208B slow: 0B max: 0B
[36.694s][info   ][gc,start       ] GC(134) Pause Young (Allocation Failure)
[36.694s][debug  ][gc,phases,start] GC(134) Scavenge
[36.709s][debug  ][gc,phases      ] GC(134) Scavenge 14.997ms
[36.709s][debug  ][gc,phases,start] GC(134) Reference Processing
[36.709s][debug  ][gc,ref         ] GC(134) Skipped phase 1 of Reference Processing: no references
[36.709s][debug  ][gc,ref         ] GC(134) Skipped phase 2 of Reference Processing: no references
[36.710s][debug  ][gc,ref         ] GC(134) Skipped phase 3 of Reference Processing: no references
[36.710s][debug  ][gc,ref         ] GC(134) Skipped phase 4 of Reference Processing: no references
[36.710s][debug  ][gc,phases,ref  ] GC(134) Reference Processing: 0.1ms
[36.710s][debug  ][gc,phases,ref  ] GC(134)   Reconsider SoftReferences: 0.0ms
[36.710s][debug  ][gc,phases,ref  ] GC(134)     SoftRef (ms):                  skipped
[36.710s][debug  ][gc,phases,ref  ] GC(134)   Notify Soft/WeakReferences: 0.0ms
[36.710s][debug  ][gc,phases,ref  ] GC(134)     SoftRef (ms):                  skipped
[36.710s][debug  ][gc,phases,ref  ] GC(134)     WeakRef (ms):                  skipped
[36.710s][debug  ][gc,phases,ref  ] GC(134)     FinalRef (ms):                 skipped
[36.710s][debug  ][gc,phases,ref  ] GC(134)     Total (ms):                    skipped
[36.710s][debug  ][gc,phases,ref  ] GC(134)   Notify and keep alive finalizable: 0.0ms
[36.710s][debug  ][gc,phases,ref  ] GC(134)     FinalRef (ms):                 skipped
[36.710s][debug  ][gc,phases,ref  ] GC(134)   Notify PhantomReferences: 0.0ms
[36.710s][debug  ][gc,phases,ref  ] GC(134)     PhantomRef (ms):               skipped
[36.710s][debug  ][gc,phases,ref  ] GC(134)   SoftReference:
[36.710s][debug  ][gc,phases,ref  ] GC(134)     Discovered: 0
[36.710s][debug  ][gc,phases,ref  ] GC(134)     Cleared: 0
[36.710s][debug  ][gc,phases,ref  ] GC(134)   WeakReference:
[36.710s][debug  ][gc,phases,ref  ] GC(134)     Discovered: 0
[36.710s][debug  ][gc,phases,ref  ] GC(134)     Cleared: 0
[36.710s][debug  ][gc,phases,ref  ] GC(134)   FinalReference:
[36.710s][debug  ][gc,phases,ref  ] GC(134)     Discovered: 0
[36.710s][debug  ][gc,phases,ref  ] GC(134)     Cleared: 0
[36.710s][debug  ][gc,phases,ref  ] GC(134)   PhantomReference:
[36.710s][debug  ][gc,phases,ref  ] GC(134)     Discovered: 0
[36.710s][debug  ][gc,phases,ref  ] GC(134)     Cleared: 0
[36.710s][debug  ][gc,phases      ] GC(134) Reference Processing 0.690ms
[36.710s][debug  ][gc,phases,start] GC(134) Weak Processing
[36.710s][debug  ][gc,phases      ] GC(134)   VM Weak                        Min:  0.0, Avg:  0.0, Max:  0.0, Diff:  0.0, Sum:  0.0, Workers: 6
[36.710s][debug  ][gc,phases      ] GC(134)     Dead                           Min: 0, Avg:  0.0, Max: 0, Diff: 0, Sum: 0, Workers: 6
[36.710s][debug  ][gc,phases      ] GC(134)     Total                          Min: 0, Avg:  1.3, Max: 8, Diff: 8, Sum: 8, Workers: 6
[36.710s][debug  ][gc,phases      ] GC(134)   ObjectSynchronizer Weak        Min:  0.0, Avg:  0.0, Max:  0.0, Diff:  0.0, Sum:  0.0, Workers: 6
[36.710s][debug  ][gc,phases      ] GC(134)     Dead                           Min: 0, Avg:  0.0, Max: 0, Diff: 0, Sum: 0, Workers: 6
[36.710s][debug  ][gc,phases      ] GC(134)     Total                          Min: 0, Avg:  0.5, Max: 3, Diff: 3, Sum: 3, Workers: 6
[36.710s][debug  ][gc,phases      ] GC(134)   JVMTI Tag Weak OopStorage      Min:  0.0, Avg:  0.0, Max:  0.0, Diff:  0.0, Sum:  0.0, Workers: 6
[36.710s][debug  ][gc,phases      ] GC(134)     Dead                           Min: 0, Avg:  0.0, Max: 0, Diff: 0, Sum: 0, Workers: 6
[36.710s][debug  ][gc,phases      ] GC(134)     Total                          Min: 0, Avg:  0.0, Max: 0, Diff: 0, Sum: 0, Workers: 6
[36.710s][debug  ][gc,phases      ] GC(134)   StringTable Weak               Min:  0.0, Avg:  0.0, Max:  0.0, Diff:  0.0, Sum:  0.0, Workers: 6
[36.711s][debug  ][gc,phases      ] GC(134)     Dead                           Min: 0, Avg:  0.0, Max: 0, Diff: 0, Sum: 0, Workers: 6
[36.711s][debug  ][gc,phases      ] GC(134)     Total                          Min: 768, Avg: 892.5, Max: 960, Diff: 192, Sum: 5355, Workers: 6
[36.711s][debug  ][gc,phases      ] GC(134)   ResolvedMethodTable Weak       Min:  0.0, Avg:  0.0, Max:  0.0, Diff:  0.0, Sum:  0.0, Workers: 6
[36.711s][debug  ][gc,phases      ] GC(134)     Dead                           Min: 0, Avg:  0.0, Max: 0, Diff: 0, Sum: 0, Workers: 6
[36.711s][debug  ][gc,phases      ] GC(134)     Total                          Min: 0, Avg: 21.5, Max: 64, Diff: 64, Sum: 129, Workers: 6
[36.711s][debug  ][gc,phases      ] GC(134)   JNI Weak                       Min:  0.0, Avg:  0.0, Max:  0.0, Diff:  0.0, Sum:  0.0, Workers: 6
[36.711s][debug  ][gc,phases      ] GC(134)     Dead                           Min: 0, Avg:  0.0, Max: 0, Diff: 0, Sum: 0, Workers: 6
[36.711s][debug  ][gc,phases      ] GC(134)     Total                          Min: 0, Avg:  0.0, Max: 0, Diff: 0, Sum: 0, Workers: 6
[36.711s][debug  ][gc,phases      ] GC(134)   StringDedup Table Weak         Min:  0.0, Avg:  0.0, Max:  0.0, Diff:  0.0, Sum:  0.0, Workers: 6
[36.711s][debug  ][gc,phases      ] GC(134)     Dead                           Min: 0, Avg:  0.0, Max: 0, Diff: 0, Sum: 0, Workers: 6
[36.711s][debug  ][gc,phases      ] GC(134)     Total                          Min: 0, Avg:  0.0, Max: 0, Diff: 0, Sum: 0, Workers: 6
[36.711s][debug  ][gc,phases      ] GC(134)   StringDedup Requests0 Weak     Min:  0.0, Avg:  0.0, Max:  0.0, Diff:  0.0, Sum:  0.0, Workers: 6
[36.711s][debug  ][gc,phases      ] GC(134)     Dead                           Min: 0, Avg:  0.0, Max: 0, Diff: 0, Sum: 0, Workers: 6
[36.711s][debug  ][gc,phases      ] GC(134)     Total                          Min: 0, Avg:  0.0, Max: 0, Diff: 0, Sum: 0, Workers: 6
[36.711s][debug  ][gc,phases      ] GC(134)   StringDedup Requests1 Weak     Min:  0.0, Avg:  0.0, Max:  0.0, Diff:  0.0, Sum:  0.0, Workers: 6
[36.711s][debug  ][gc,phases      ] GC(134)     Dead                           Min: 0, Avg:  0.0, Max: 0, Diff: 0, Sum: 0, Workers: 6
[36.711s][debug  ][gc,phases      ] GC(134)     Total                          Min: 0, Avg:  0.0, Max: 0, Diff: 0, Sum: 0, Workers: 6
[36.711s][debug  ][gc,phases      ] GC(134)   Weak JFR Old Object Samples    Min:  0.0, Avg:  0.0, Max:  0.0, Diff:  0.0, Sum:  0.0, Workers: 6
[36.711s][debug  ][gc,phases      ] GC(134)     Dead                           Min: 0, Avg:  0.0, Max: 0, Diff: 0, Sum: 0, Workers: 6
[36.711s][debug  ][gc,phases      ] GC(134)     Total                          Min: 0, Avg:  0.0, Max: 0, Diff: 0, Sum: 0, Workers: 6
[36.711s][debug  ][gc,phases      ] GC(134) Weak Processing 0.816ms
[36.711s][debug  ][gc,ergo        ] GC(134) AdaptiveSizeStart:  collection: 135 
[36.711s][debug  ][gc,ergo        ] GC(134) avg_survived_padded_avg: 35809860.000000
[36.711s][debug  ][gc,ergo        ] GC(134) avg_promoted_padded_avg: 262202240.000000  avg_pretenured_padded_avg: 0.000000  tenuring_thresh: 15  target_size: 36175872
[36.711s][debug  ][gc,age         ] GC(134) Desired survivor size 36175872 bytes, new threshold 15 (max threshold 15)
[36.711s][debug  ][gc,ergo        ] GC(134) PSAdaptiveSizePolicy::compute_eden_space_size limits: desired_eden_size: 214982836 old_eden_size: 195035136 eden_limit: 195559424 cur_eden: 195559424 max_eden_size: 195559424 avg_young_live: 27095736
[36.711s][debug  ][gc,ergo        ] GC(134) PSAdaptiveSizePolicy::compute_eden_space_size: costs minor_time: 0.050948 major_cost: 0.052193 mutator_cost: 0.896859 throughput_goal: 0.990000
[36.711s][debug  ][gc,ergo        ] GC(134) Live_space: 1065574656 free_space: 1395130368
[36.711s][debug  ][gc,ergo        ] GC(134) Old eden_size: 195035136 desired_eden_size: 195559424
[36.711s][debug  ][gc,ergo        ] GC(134) AdaptiveSizeStop: collection: 135 
[36.711s][info   ][gc,heap        ] GC(134) PSYoungGen: 218763K(226816K)->30720K(226304K) Eden: 188043K(190976K)->0K(190976K) From: 30720K(35840K)->30720K(35328K)
[36.711s][info   ][gc,heap        ] GC(134) ParOldGen: 1547877K(1835008K)->1732197K(1835008K)
[36.711s][info   ][gc,metaspace   ] GC(134) Metaspace: 1024K(1216K)->1024K(1216K) NonClass: 940K(1024K)->940K(1024K) Class: 83K(192K)->83K(192K)
[36.711s][info   ][gc             ] GC(134) Pause Young (Allocation Failure) 1725M->1721M(2013M) 17.011ms
[36.711s][info   ][gc,cpu         ] GC(134) User=0.12s Sys=0.00s Real=0.02s
[36.711s][debug  ][gc,heap        ] GC(134) Heap after GC invocations=135 (full 21):
[36.711s][debug  ][gc,heap        ] GC(134)  PSYoungGen      total 226304K, used 30720K [0x00000000f0000000, 0x0000000100000000, 0x0000000100000000)
[36.711s][debug  ][gc,heap        ] GC(134)   eden space 190976K, 0% used [0x00000000f0000000,0x00000000f0000000,0x00000000fba80000)
[36.711s][debug  ][gc,heap        ] GC(134)   from space 35328K, 86% used [0x00000000fba80000,0x00000000fd880030,0x00000000fdd00000)
[36.711s][debug  ][gc,heap        ] GC(134)   to   space 35328K, 0% used [0x00000000fdd80000,0x00000000fdd80000,0x0000000100000000)
[36.711s][debug  ][gc,heap        ] GC(134)  ParOldGen       total 1835008K, used 1732197K [0x0000000080000000, 0x00000000f0000000, 0x00000000f0000000)
[36.711s][debug  ][gc,heap        ] GC(134)   object space 1835008K, 94% used [0x0000000080000000,0x00000000e9b99698,0x00000000f0000000)
[36.712s][debug  ][gc,heap        ] GC(134)  Metaspace       used 1024K, committed 1216K, reserved 1056768K
[36.712s][debug  ][gc,heap        ] GC(134)   class space    used 83K, committed 192K, reserved 1048576K
[36.712s][debug  ][gc,task,time   ] GC(134) VM-Thread 366938472 367094183 367115498
[36.712s][debug  ][gc,phases,start] GC(135) Pre Compact
[36.712s][debug  ][gc,heap        ] GC(135) Heap before GC invocations=136 (full 22):
[36.712s][debug  ][gc,heap        ] GC(135)  PSYoungGen      total 226304K, used 30720K [0x00000000f0000000, 0x0000000100000000, 0x0000000100000000)
[36.712s][debug  ][gc,heap        ] GC(135)   eden space 190976K, 0% used [0x00000000f0000000,0x00000000f0000000,0x00000000fba80000)
[36.712s][debug  ][gc,heap        ] GC(135)   from space 35328K, 86% used [0x00000000fba80000,0x00000000fd880030,0x00000000fdd00000)
[36.712s][debug  ][gc,heap        ] GC(135)   to   space 35328K, 0% used [0x00000000fdd80000,0x00000000fdd80000,0x0000000100000000)
[36.712s][debug  ][gc,heap        ] GC(135)  ParOldGen       total 1835008K, used 1732197K [0x0000000080000000, 0x00000000f0000000, 0x00000000f0000000)
[36.712s][debug  ][gc,heap        ] GC(135)   object space 1835008K, 94% used [0x0000000080000000,0x00000000e9b99698,0x00000000f0000000)
[36.712s][debug  ][gc,heap        ] GC(135)  Metaspace       used 1024K, committed 1216K, reserved 1056768K
[36.712s][debug  ][gc,heap        ] GC(135)   class space    used 83K, committed 192K, reserved 1048576K
[36.712s][debug  ][gc,phases      ] GC(135) Pre Compact 0.211ms
[36.712s][info   ][gc,start       ] GC(135) Pause Full (Ergonomics)
[36.712s][info   ][gc,phases,start] GC(135) Marking Phase
[36.712s][debug  ][gc,phases,start] GC(135) Par Mark
[36.712s][debug  ][gc,phases      ] GC(135) Par Mark 0.540ms
[36.712s][debug  ][gc,phases,start] GC(135) Reference Processing
[36.712s][debug  ][gc,ref         ] GC(135) Skipped phase 1 of Reference Processing: no references
[36.713s][debug  ][gc,ref         ] GC(135) ReferenceProcessor::execute queues: 1, RefProcThreadModel::Single, marks_oops_alive: false
[36.713s][debug  ][gc,ref         ] GC(135) Skipped phase 3 of Reference Processing: no references
[36.713s][debug  ][gc,ref         ] GC(135) ReferenceProcessor::execute queues: 1, RefProcThreadModel::Single, marks_oops_alive: false
[36.713s][debug  ][gc,phases,ref  ] GC(135) Reference Processing: 0.1ms
[36.713s][debug  ][gc,phases,ref  ] GC(135)   Reconsider SoftReferences: 0.0ms
[36.713s][debug  ][gc,phases,ref  ] GC(135)     SoftRef (ms):                  skipped
[36.713s][debug  ][gc,phases,ref  ] GC(135)   Notify Soft/WeakReferences: 0.0ms
[36.713s][debug  ][gc,phases,ref  ] GC(135)     SoftRef (ms):                  Min:  0.0, Avg:  0.0, Max:  0.0, Diff:  0.0, Sum:  0.0, Workers: 8
[36.713s][debug  ][gc,phases,ref  ] GC(135)     WeakRef (ms):                  Min:  0.0, Avg:  0.0, Max:  0.0, Diff:  0.0, Sum:  0.0, Workers: 8
[36.713s][debug  ][gc,phases,ref  ] GC(135)     FinalRef (ms):                 Min:  0.0, Avg:  0.0, Max:  0.0, Diff:  0.0, Sum:  0.0, Workers: 8
[36.713s][debug  ][gc,phases,ref  ] GC(135)     Total (ms):                    Min:  0.0, Avg:  0.0, Max:  0.0, Diff:  0.0, Sum:  0.0, Workers: 8
[36.713s][debug  ][gc,phases,ref  ] GC(135)   Notify and keep alive finalizable: 0.0ms
[36.713s][debug  ][gc,phases,ref  ] GC(135)     FinalRef (ms):                 skipped
[36.713s][debug  ][gc,phases,ref  ] GC(135)   Notify PhantomReferences: 0.0ms
[36.713s][debug  ][gc,phases,ref  ] GC(135)     PhantomRef (ms):               Min:  0.0, Avg:  0.0, Max:  0.0, Diff:  0.0, Sum:  0.0, Workers: 8
[36.713s][debug  ][gc,phases,ref  ] GC(135)   SoftReference:
[36.713s][debug  ][gc,phases,ref  ] GC(135)     Discovered: 0
[36.713s][debug  ][gc,phases,ref  ] GC(135)     Cleared: 0
[36.713s][debug  ][gc,phases,ref  ] GC(135)   WeakReference:
[36.713s][debug  ][gc,phases,ref  ] GC(135)     Discovered: 84
[36.713s][debug  ][gc,phases,ref  ] GC(135)     Cleared: 84
[36.713s][debug  ][gc,phases,ref  ] GC(135)   FinalReference:
[36.713s][debug  ][gc,phases,ref  ] GC(135)     Discovered: 0
[36.713s][debug  ][gc,phases,ref  ] GC(135)     Cleared: 0
[36.713s][debug  ][gc,phases,ref  ] GC(135)   PhantomReference:
[36.713s][debug  ][gc,phases,ref  ] GC(135)     Discovered: 4
[36.713s][debug  ][gc,phases,ref  ] GC(135)     Cleared: 4
[36.713s][debug  ][gc,phases      ] GC(135) Reference Processing 0.592ms
[36.713s][debug  ][gc,phases,start] GC(135) Weak Processing
[36.713s][debug  ][gc,phases      ] GC(135)   VM Weak                        Min:  0.0, Avg:  0.0, Max:  0.0, Diff:  0.0, Sum:  0.0, Workers: 6
[36.713s][debug  ][gc,phases      ] GC(135)     Dead                           Min: 0, Avg:  0.0, Max: 0, Diff: 0, Sum: 0, Workers: 6
[36.713s][debug  ][gc,phases      ] GC(135)     Total                          Min: 0, Avg:  1.3, Max: 8, Diff: 8, Sum: 8, Workers: 6
[36.713s][debug  ][gc,phases      ] GC(135)   ObjectSynchronizer Weak        Min:  0.0, Avg:  0.0, Max:  0.0, Diff:  0.0, Sum:  0.0, Workers: 6
[36.713s][debug  ][gc,phases      ] GC(135)     Dead                           Min: 0, Avg:  0.0, Max: 0, Diff: 0, Sum: 0, Workers: 6
[36.713s][debug  ][gc,phases      ] GC(135)     Total                          Min: 0, Avg:  0.5, Max: 3, Diff: 3, Sum: 3, Workers: 6
[36.713s][debug  ][gc,phases      ] GC(135)   JVMTI Tag Weak OopStorage      Min:  0.0, Avg:  0.0, Max:  0.0, Diff:  0.0, Sum:  0.0, Workers: 6
[36.713s][debug  ][gc,phases      ] GC(135)     Dead                           Min: 0, Avg:  0.0, Max: 0, Diff: 0, Sum: 0, Workers: 6
[36.713s][debug  ][gc,phases      ] GC(135)     Total                          Min: 0, Avg:  0.0, Max: 0, Diff: 0, Sum: 0, Workers: 6
[36.713s][debug  ][gc,phases      ] GC(135)   StringTable Weak               Min:  0.0, Avg:  0.0, Max:  0.0, Diff:  0.0, Sum:  0.0, Workers: 6
[36.713s][debug  ][gc,phases      ] GC(135)     Dead                           Min: 0, Avg:  0.0, Max: 0, Diff: 0, Sum: 0, Workers: 6
[36.713s][debug  ][gc,phases      ] GC(135)     Total                          Min: 704, Avg: 892.5, Max: 1344, Diff: 640, Sum: 5355, Workers: 6
[36.713s][debug  ][gc,phases      ] GC(135)   ResolvedMethodTable Weak       Min:  0.0, Avg:  0.0, Max:  0.0, Diff:  0.0, Sum:  0.0, Workers: 6
[36.713s][debug  ][gc,phases      ] GC(135)     Dead                           Min: 0, Avg:  0.0, Max: 0, Diff: 0, Sum: 0, Workers: 6
[36.713s][debug  ][gc,phases      ] GC(135)     Total                          Min: 0, Avg: 21.5, Max: 64, Diff: 64, Sum: 129, Workers: 6
[36.713s][debug  ][gc,phases      ] GC(135)   JNI Weak                       Min:  0.0, Avg:  0.0, Max:  0.0, Diff:  0.0, Sum:  0.0, Workers: 6
[36.713s][debug  ][gc,phases      ] GC(135)     Dead                           Min: 0, Avg:  0.0, Max: 0, Diff: 0, Sum: 0, Workers: 6
[36.713s][debug  ][gc,phases      ] GC(135)     Total                          Min: 0, Avg:  0.0, Max: 0, Diff: 0, Sum: 0, Workers: 6
[36.713s][debug  ][gc,phases      ] GC(135)   StringDedup Table Weak         Min:  0.0, Avg:  0.0, Max:  0.0, Diff:  0.0, Sum:  0.0, Workers: 6
[36.713s][debug  ][gc,phases      ] GC(135)     Dead                           Min: 0, Avg:  0.0, Max: 0, Diff: 0, Sum: 0, Workers: 6
[36.714s][debug  ][gc,phases      ] GC(135)     Total                          Min: 0, Avg:  0.0, Max: 0, Diff: 0, Sum: 0, Workers: 6
[36.714s][debug  ][gc,phases      ] GC(135)   StringDedup Requests0 Weak     Min:  0.0, Avg:  0.0, Max:  0.0, Diff:  0.0, Sum:  0.0, Workers: 6
[36.714s][debug  ][gc,phases      ] GC(135)     Dead                           Min: 0, Avg:  0.0, Max: 0, Diff: 0, Sum: 0, Workers: 6
[36.714s][debug  ][gc,phases      ] GC(135)     Total                          Min: 0, Avg:  0.0, Max: 0, Diff: 0, Sum: 0, Workers: 6
[36.714s][debug  ][gc,phases      ] GC(135)   StringDedup Requests1 Weak     Min:  0.0, Avg:  0.0, Max:  0.0, Diff:  0.0, Sum:  0.0, Workers: 6
[36.714s][debug  ][gc,phases      ] GC(135)     Dead                           Min: 0, Avg:  0.0, Max: 0, Diff: 0, Sum: 0, Workers: 6
[36.714s][debug  ][gc,phases      ] GC(135)     Total                          Min: 0, Avg:  0.0, Max: 0, Diff: 0, Sum: 0, Workers: 6
[36.714s][debug  ][gc,phases      ] GC(135)   Weak JFR Old Object Samples    Min:  0.0, Avg:  0.0, Max:  0.0, Diff:  0.0, Sum:  0.0, Workers: 6
[36.714s][debug  ][gc,phases      ] GC(135)     Dead                           Min: 0, Avg:  0.0, Max: 0, Diff: 0, Sum: 0, Workers: 6
[36.714s][debug  ][gc,phases      ] GC(135)     Total                          Min: 0, Avg:  0.0, Max: 0, Diff: 0, Sum: 0, Workers: 6
[36.714s][debug  ][gc,phases      ] GC(135) Weak Processing 0.659ms
[36.714s][debug  ][gc,phases,start] GC(135) Class Unloading
[36.714s][debug  ][gc,phases,start] GC(135) ClassLoaderData
[36.714s][debug  ][gc,phases      ] GC(135) ClassLoaderData 0.022ms
[36.714s][debug  ][gc,phases,start] GC(135) Trigger cleanups
[36.714s][debug  ][gc,phases      ] GC(135) Trigger cleanups 0.019ms
[36.714s][debug  ][gc,phases      ] GC(135) Class Unloading 0.267ms
[36.714s][info   ][gc,phases      ] GC(135) Marking Phase 2.197ms
[36.714s][info   ][gc,phases,start] GC(135) Summary Phase
[36.714s][info   ][gc,phases      ] GC(135) Summary Phase 0.047ms
[36.714s][info   ][gc,phases,start] GC(135) Adjust Roots
[36.714s][info   ][gc,phases      ] GC(135) Adjust Roots 0.161ms
[36.714s][info   ][gc,phases,start] GC(135) Compaction Phase
[36.804s][info   ][gc,phases      ] GC(135) Compaction Phase 89.548ms
[36.804s][info   ][gc,phases,start] GC(135) Post Compact
[36.810s][info   ][gc,phases      ] GC(135) Post Compact 5.693ms
[36.810s][debug  ][gc,ergo        ] GC(135) AdaptiveSizeStart: collection: 136 
[36.810s][debug  ][gc,ergo        ] GC(135) PSAdaptiveSizePolicy::compute_eden_space_size limits: desired_eden_size: 214572500 old_eden_size: 195559424 eden_limit: 196083712 cur_eden: 195559424 max_eden_size: 196083712 avg_young_live: 24386164
[36.810s][debug  ][gc,ergo        ] GC(135) PSAdaptiveSizePolicy::compute_eden_space_size: costs minor_time: 0.050948 major_cost: 0.054419 mutator_cost: 0.894633 throughput_goal: 0.990000
[36.810s][debug  ][gc,ergo        ] GC(135) Live_space: 1062865088 free_space: 1395654656
[36.810s][debug  ][gc,ergo        ] GC(135) Old eden_size: 195559424 desired_eden_size: 196083712
[36.810s][debug  ][gc,ergo        ] GC(135) PSAdaptiveSizePolicy::compute_old_gen_free_space limits: desired_promo_size: 1324112614 promo_limit: 1200095232 free_in_old_gen: 1100906880 max_old_gen_size: 1879048192 avg_old_live: 778141312
[36.810s][debug  ][gc,ergo        ] GC(135) PSAdaptiveSizePolicy::compute_old_gen_free_space: costs minor_time: 0.050948 major_cost: 0.054419  mutator_cost: 0.894633 throughput_goal: 0.990000
[36.810s][debug  ][gc,ergo        ] GC(135) Live_space: 1070962944 free_space: 1396178944
[36.810s][debug  ][gc,ergo        ] GC(135) Old promo_size: 1200095232 desired_promo_size: 1200095232
[36.810s][debug  ][gc,ergo        ] GC(135) AdaptiveSizeStop: collection: 136 
[36.810s][info   ][gc,heap        ] GC(135) PSYoungGen: 30720K(226304K)->0K(226816K) Eden: 0K(190976K)->0K(191488K) From: 30720K(35328K)->0K(35328K)
[36.810s][info   ][gc,heap        ] GC(135) ParOldGen: 1732197K(1835008K)->831076K(1835008K)
[36.810s][info   ][gc,metaspace   ] GC(135) Metaspace: 1024K(1216K)->1024K(1216K) NonClass: 940K(1024K)->940K(1024K) Class: 83K(192K)->83K(192K)
[36.810s][info   ][gc             ] GC(135) Pause Full (Ergonomics) 1721M->811M(2013M) 98.346ms
[36.810s][info   ][gc,cpu         ] GC(135) User=0.64s Sys=0.00s Real=0.10s
[36.810s][debug  ][gc,heap        ] GC(135) Heap after GC invocations=136 (full 22):
[36.810s][debug  ][gc,heap        ] GC(135)  PSYoungGen      total 226816K, used 0K [0x00000000f0000000, 0x0000000100000000, 0x0000000100000000)
[36.810s][debug  ][gc,heap        ] GC(135)   eden space 191488K, 0% used [0x00000000f0000000,0x00000000f0000000,0x00000000fbb00000)
[36.810s][debug  ][gc,heap        ] GC(135)   from space 35328K, 0% used [0x00000000fdd80000,0x00000000fdd80000,0x0000000100000000)
[36.810s][debug  ][gc,heap        ] GC(135)   to   space 35328K, 0% used [0x00000000fbb00000,0x00000000fbb00000,0x00000000fdd80000)
[36.810s][debug  ][gc,heap        ] GC(135)  ParOldGen       total 1835008K, used 831076K [0x0000000080000000, 0x00000000f0000000, 0x00000000f0000000)
[36.810s][debug  ][gc,heap        ] GC(135)   object space 1835008K, 45% used [0x0000000080000000,0x00000000b2b99118,0x00000000f0000000)
[36.810s][debug  ][gc,heap        ] GC(135)  Metaspace       used 1024K, committed 1216K, reserved 1056768K
[36.810s][debug  ][gc,heap        ] GC(135)   class space    used 83K, committed 192K, reserved 1048576K
[36.810s][debug  ][gc,task,time   ] GC(135) VM-Thread 367118380 367143548 368102219
[37.106s][debug  ][gc,heap        ] GC(136) Heap before GC invocations=137 (full 22):
[37.106s][debug  ][gc,heap        ] GC(136)  PSYoungGen      total 226816K, used 188060K [0x00000000f0000000, 0x0000000100000000, 0x0000000100000000)
[37.106s][debug  ][gc,heap        ] GC(136)   eden space 191488K, 98% used [0x00000000f0000000,0x00000000fb7a7208,0x00000000fbb00000)
[37.106s][debug  ][gc,heap        ] GC(136)   from space 35328K, 0% used [0x00000000fdd80000,0x00000000fdd80000,0x0000000100000000)
[37.106s][debug  ][gc,heap        ] GC(136)   to   space 35328K, 0% used [0x00000000fbb00000,0x00000000fbb00000,0x00000000fdd80000)
[37.106s][debug  ][gc,heap        ] GC(136)  ParOldGen       total 1835008K, used 831076K [0x0000000080000000, 0x00000000f0000000, 0x00000000f0000000)
[37.106s][debug  ][gc,heap        ] GC(136)   object space 1835008K, 45% used [0x0000000080000000,0x00000000b2b99118,0x00000000f0000000)
[37.106s][debug  ][gc,heap        ] GC(136)  Metaspace       used 1024K, committed 1216K, reserved 1056768K
[37.106s][debug  ][gc,heap        ] GC(136)   class space    used 83K, committed 192K, reserved 1048576K
[37.106s][debug  ][gc,tlab        ] GC(136) TLAB totals: thrds: 1  refills: 1 max: 1 slow allocs: 17 max 17 waste: 26.8% gc: 3829992B max: 3829992B slow: 0B max: 0B
[37.106s][info   ][gc,start       ] GC(136) Pause Young (Allocation Failure)
[37.106s][debug  ][gc,phases,start] GC(136) Scavenge
[37.119s][debug  ][gc,phases      ] GC(136) Scavenge 12.665ms
[37.119s][debug  ][gc,phases,start] GC(136) Reference Processing
[37.119s][debug  ][gc,ref         ] GC(136) Skipped phase 1 of Reference Processing: no references
[37.119s][debug  ][gc,ref         ] GC(136) Skipped phase 2 of Reference Processing: no references
[37.119s][debug  ][gc,ref         ] GC(136) Skipped phase 3 of Reference Processing: no references
[37.119s][debug  ][gc,ref         ] GC(136) Skipped phase 4 of Reference Processing: no references
[37.119s][debug  ][gc,phases,ref  ] GC(136) Reference Processing: 0.1ms
[37.119s][debug  ][gc,phases,ref  ] GC(136)   Reconsider SoftReferences: 0.0ms
[37.119s][debug  ][gc,phases,ref  ] GC(136)     SoftRef (ms):                  skipped
[37.119s][debug  ][gc,phases,ref  ] GC(136)   Notify Soft/WeakReferences: 0.0ms
[37.119s][debug  ][gc,phases,ref  ] GC(136)     SoftRef (ms):                  skipped
[37.119s][debug  ][gc,phases,ref  ] GC(136)     WeakRef (ms):                  skipped
[37.119s][debug  ][gc,phases,ref  ] GC(136)     FinalRef (ms):                 skipped
[37.120s][debug  ][gc,phases,ref  ] GC(136)     Total (ms):                    skipped
[37.120s][debug  ][gc,phases,ref  ] GC(136)   Notify and keep alive finalizable: 0.0ms
[37.120s][debug  ][gc,phases,ref  ] GC(136)     FinalRef (ms):                 skipped
[37.120s][debug  ][gc,phases,ref  ] GC(136)   Notify PhantomReferences: 0.0ms
[37.120s][debug  ][gc,phases,ref  ] GC(136)     PhantomRef (ms):               skipped
[37.120s][debug  ][gc,phases,ref  ] GC(136)   SoftReference:
[37.120s][debug  ][gc,phases,ref  ] GC(136)     Discovered: 0
[37.120s][debug  ][gc,phases,ref  ] GC(136)     Cleared: 0
[37.120s][debug  ][gc,phases,ref  ] GC(136)   WeakReference:
[37.120s][debug  ][gc,phases,ref  ] GC(136)     Discovered: 0
[37.120s][debug  ][gc,phases,ref  ] GC(136)     Cleared: 0
[37.120s][debug  ][gc,phases,ref  ] GC(136)   FinalReference:
[37.120s][debug  ][gc,phases,ref  ] GC(136)     Discovered: 0
[37.120s][debug  ][gc,phases,ref  ] GC(136)     Cleared: 0
[37.120s][debug  ][gc,phases,ref  ] GC(136)   PhantomReference:
[37.120s][debug  ][gc,phases,ref  ] GC(136)     Discovered: 0
[37.120s][debug  ][gc,phases,ref  ] GC(136)     Cleared: 0
[37.120s][debug  ][gc,phases      ] GC(136) Reference Processing 0.926ms
[37.120s][debug  ][gc,phases,start] GC(136) Weak Processing
[37.120s][debug  ][gc,phases      ] GC(136)   VM Weak                        Min:  0.0, Avg:  0.0, Max:  0.0, Diff:  0.0, Sum:  0.0, Workers: 6
[37.120s][debug  ][gc,phases      ] GC(136)     Dead                           Min: 0, Avg:  0.0, Max: 0, Diff: 0, Sum: 0, Workers: 6
[37.120s][debug  ][gc,phases      ] GC(136)     Total                          Min: 0, Avg:  1.3, Max: 8, Diff: 8, Sum: 8, Workers: 6
[37.120s][debug  ][gc,phases      ] GC(136)   ObjectSynchronizer Weak        Min:  0.0, Avg:  0.0, Max:  0.0, Diff:  0.0, Sum:  0.0, Workers: 6
[37.120s][debug  ][gc,phases      ] GC(136)     Dead                           Min: 0, Avg:  0.0, Max: 0, Diff: 0, Sum: 0, Workers: 6
[37.120s][debug  ][gc,phases      ] GC(136)     Total                          Min: 0, Avg:  0.5, Max: 3, Diff: 3, Sum: 3, Workers: 6
[37.120s][debug  ][gc,phases      ] GC(136)   JVMTI Tag Weak OopStorage      Min:  0.0, Avg:  0.0, Max:  0.0, Diff:  0.0, Sum:  0.0, Workers: 6
[37.120s][debug  ][gc,phases      ] GC(136)     Dead                           Min: 0, Avg:  0.0, Max: 0, Diff: 0, Sum: 0, Workers: 6
[37.120s][debug  ][gc,phases      ] GC(136)     Total                          Min: 0, Avg:  0.0, Max: 0, Diff: 0, Sum: 0, Workers: 6
[37.120s][debug  ][gc,phases      ] GC(136)   StringTable Weak               Min:  0.0, Avg:  0.0, Max:  0.0, Diff:  0.0, Sum:  0.0, Workers: 6
[37.120s][debug  ][gc,phases      ] GC(136)     Dead                           Min: 0, Avg:  0.0, Max: 0, Diff: 0, Sum: 0, Workers: 6
[37.120s][debug  ][gc,phases      ] GC(136)     Total                          Min: 704, Avg: 892.5, Max: 1152, Diff: 448, Sum: 5355, Workers: 6
[37.120s][debug  ][gc,phases      ] GC(136)   ResolvedMethodTable Weak       Min:  0.0, Avg:  0.0, Max:  0.0, Diff:  0.0, Sum:  0.0, Workers: 6
[37.120s][debug  ][gc,phases      ] GC(136)     Dead                           Min: 0, Avg:  0.0, Max: 0, Diff: 0, Sum: 0, Workers: 6
[37.120s][debug  ][gc,phases      ] GC(136)     Total                          Min: 0, Avg: 21.5, Max: 65, Diff: 65, Sum: 129, Workers: 6
[37.120s][debug  ][gc,phases      ] GC(136)   JNI Weak                       Min:  0.0, Avg:  0.0, Max:  0.0, Diff:  0.0, Sum:  0.0, Workers: 6
[37.120s][debug  ][gc,phases      ] GC(136)     Dead                           Min: 0, Avg:  0.0, Max: 0, Diff: 0, Sum: 0, Workers: 6
[37.121s][debug  ][gc,phases      ] GC(136)     Total                          Min: 0, Avg:  0.0, Max: 0, Diff: 0, Sum: 0, Workers: 6
[37.121s][debug  ][gc,phases      ] GC(136)   StringDedup Table Weak         Min:  0.0, Avg:  0.0, Max:  0.0, Diff:  0.0, Sum:  0.0, Workers: 6
[37.121s][debug  ][gc,phases      ] GC(136)     Dead                           Min: 0, Avg:  0.0, Max: 0, Diff: 0, Sum: 0, Workers: 6
[37.121s][debug  ][gc,phases      ] GC(136)     Total                          Min: 0, Avg:  0.0, Max: 0, Diff: 0, Sum: 0, Workers: 6
[37.121s][debug  ][gc,phases      ] GC(136)   StringDedup Requests0 Weak     Min:  0.0, Avg:  0.0, Max:  0.0, Diff:  0.0, Sum:  0.0, Workers: 6
[37.121s][debug  ][gc,phases      ] GC(136)     Dead                           Min: 0, Avg:  0.0, Max: 0, Diff: 0, Sum: 0, Workers: 6
[37.121s][debug  ][gc,phases      ] GC(136)     Total                          Min: 0, Avg:  0.0, Max: 0, Diff: 0, Sum: 0, Workers: 6
[37.121s][debug  ][gc,phases      ] GC(136)   StringDedup Requests1 Weak     Min:  0.0, Avg:  0.0, Max:  0.0, Diff:  0.0, Sum:  0.0, Workers: 6
[37.121s][debug  ][gc,phases      ] GC(136)     Dead                           Min: 0, Avg:  0.0, Max: 0, Diff: 0, Sum: 0, Workers: 6
[37.121s][debug  ][gc,phases      ] GC(136)     Total                          Min: 0, Avg:  0.0, Max: 0, Diff: 0, Sum: 0, Workers: 6
[37.121s][debug  ][gc,phases      ] GC(136)   Weak JFR Old Object Samples    Min:  0.0, Avg:  0.0, Max:  0.0, Diff:  0.0, Sum:  0.0, Workers: 6
[37.121s][debug  ][gc,phases      ] GC(136)     Dead                           Min: 0, Avg:  0.0, Max: 0, Diff: 0, Sum: 0, Workers: 6
[37.121s][debug  ][gc,phases      ] GC(136)     Total                          Min: 0, Avg:  0.0, Max: 0, Diff: 0, Sum: 0, Workers: 6
[37.121s][debug  ][gc,phases      ] GC(136) Weak Processing 0.794ms
[37.121s][debug  ][gc,ergo        ] GC(136) AdaptiveSizeStart:  collection: 137 
[37.121s][debug  ][gc,ergo        ] GC(136) avg_survived_padded_avg: 35603920.000000
[37.121s][debug  ][gc,ergo        ] GC(136) avg_promoted_padded_avg: 254208960.000000  avg_pretenured_padded_avg: 0.000000  tenuring_thresh: 15  target_size: 35651584
[37.121s][debug  ][gc,age         ] GC(136) Desired survivor size 35651584 bytes, new threshold 15 (max threshold 15)
[37.121s][debug  ][gc,ergo        ] GC(136) PSAdaptiveSizePolicy::compute_eden_space_size limits: desired_eden_size: 214318930 old_eden_size: 196083712 eden_limit: 196083712 cur_eden: 196083712 max_eden_size: 196083712 avg_young_live: 25093280
[37.121s][debug  ][gc,ergo        ] GC(136) PSAdaptiveSizePolicy::compute_eden_space_size: costs minor_time: 0.047061 major_cost: 0.054419 mutator_cost: 0.898520 throughput_goal: 0.990000
[37.121s][debug  ][gc,ergo        ] GC(136) Live_space: 1071670016 free_space: 1396178944
[37.121s][debug  ][gc,ergo        ] GC(136) Old eden_size: 196083712 desired_eden_size: 196083712
[37.121s][debug  ][gc,ergo        ] GC(136) AdaptiveSizeStop: collection: 137 
[37.121s][info   ][gc,heap        ] GC(136) PSYoungGen: 188060K(226816K)->30720K(226816K) Eden: 188060K(191488K)->0K(191488K) From: 0K(35328K)->30720K(35328K)
[37.121s][info   ][gc,heap        ] GC(136) ParOldGen: 831076K(1835008K)->984676K(1835008K)
[37.121s][info   ][gc,metaspace   ] GC(136) Metaspace: 1024K(1216K)->1024K(1216K) NonClass: 940K(1024K)->940K(1024K) Class: 83K(192K)->83K(192K)
[37.121s][info   ][gc             ] GC(136) Pause Young (Allocation Failure) 995M->991M(2013M) 14.921ms
[37.121s][info   ][gc,cpu         ] GC(136) User=0.12s Sys=0.00s Real=0.01s
[37.121s][debug  ][gc,heap        ] GC(136) Heap after GC invocations=137 (full 22):
[37.121s][debug  ][gc,heap        ] GC(136)  PSYoungGen      total 226816K, used 30720K [0x00000000f0000000, 0x0000000100000000, 0x0000000100000000)
[37.121s][debug  ][gc,heap        ] GC(136)   eden space 191488K, 0% used [0x00000000f0000000,0x00000000f0000000,0x00000000fbb00000)
[37.121s][debug  ][gc,heap        ] GC(136)   from space 35328K, 86% used [0x00000000fbb00000,0x00000000fd900030,0x00000000fdd80000)
[37.121s][debug  ][gc,heap        ] GC(136)   to   space 34816K, 0% used [0x00000000fde00000,0x00000000fde00000,0x0000000100000000)
[37.121s][debug  ][gc,heap        ] GC(136)  ParOldGen       total 1835008K, used 984676K [0x0000000080000000, 0x00000000f0000000, 0x00000000f0000000)
[37.121s][debug  ][gc,heap        ] GC(136)   object space 1835008K, 53% used [0x0000000080000000,0x00000000bc199208,0x00000000f0000000)
[37.121s][debug  ][gc,heap        ] GC(136)  Metaspace       used 1024K, committed 1216K, reserved 1056768K
[37.121s][debug  ][gc,heap        ] GC(136)   class space    used 83K, committed 192K, reserved 1048576K
[37.122s][debug  ][gc,task,time   ] GC(136) VM-Thread 371058421 371190895 371215210
[37.407s][debug  ][gc,heap        ] GC(137) Heap before GC invocations=138 (full 22):
[37.407s][debug  ][gc,heap        ] GC(137)  PSYoungGen      total 226816K, used 218712K [0x00000000f0000000, 0x0000000100000000, 0x0000000100000000)
[37.407s][debug  ][gc,heap        ] GC(137)   eden space 191488K, 98% used [0x00000000f0000000,0x00000000fb7960e0,0x00000000fbb00000)
[37.407s][debug  ][gc,heap        ] GC(137)   from space 35328K, 86% used [0x00000000fbb00000,0x00000000fd900030,0x00000000fdd80000)
[37.407s][debug  ][gc,heap        ] GC(137)   to   space 34816K, 0% used [0x00000000fde00000,0x00000000fde00000,0x0000000100000000)
[37.407s][debug  ][gc,heap        ] GC(137)  ParOldGen       total 1835008K, used 984676K [0x0000000080000000, 0x00000000f0000000, 0x00000000f0000000)
[37.407s][debug  ][gc,heap        ] GC(137)   object space 1835008K, 53% used [0x0000000080000000,0x00000000bc199208,0x00000000f0000000)
[37.407s][debug  ][gc,heap        ] GC(137)  Metaspace       used 1024K, committed 1216K, reserved 1056768K
[37.407s][debug  ][gc,heap        ] GC(137)   class space    used 83K, committed 192K, reserved 1048576K
[37.407s][debug  ][gc,tlab        ] GC(137) TLAB totals: thrds: 1  refills: 1 max: 1 slow allocs: 18 max 18 waste: 100.0% gc: 3759000B max: 3759000B slow: 0B max: 0B
[37.407s][info   ][gc,start       ] GC(137) Pause Young (Allocation Failure)
[37.407s][debug  ][gc,phases,start] GC(137) Scavenge
[37.419s][debug  ][gc,phases      ] GC(137) Scavenge 11.871ms
[37.419s][debug  ][gc,phases,start] GC(137) Reference Processing
[37.419s][debug  ][gc,ref         ] GC(137) Skipped phase 1 of Reference Processing: no references
[37.419s][debug  ][gc,ref         ] GC(137) Skipped phase 2 of Reference Processing: no references
[37.419s][debug  ][gc,ref         ] GC(137) Skipped phase 3 of Reference Processing: no references
[37.419s][debug  ][gc,ref         ] GC(137) Skipped phase 4 of Reference Processing: no references
[37.419s][debug  ][gc,phases,ref  ] GC(137) Reference Processing: 0.1ms
[37.419s][debug  ][gc,phases,ref  ] GC(137)   Reconsider SoftReferences: 0.0ms
[37.419s][debug  ][gc,phases,ref  ] GC(137)     SoftRef (ms):                  skipped
[37.419s][debug  ][gc,phases,ref  ] GC(137)   Notify Soft/WeakReferences: 0.0ms
[37.419s][debug  ][gc,phases,ref  ] GC(137)     SoftRef (ms):                  skipped
[37.420s][debug  ][gc,phases,ref  ] GC(137)     WeakRef (ms):                  skipped
[37.420s][debug  ][gc,phases,ref  ] GC(137)     FinalRef (ms):                 skipped
[37.420s][debug  ][gc,phases,ref  ] GC(137)     Total (ms):                    skipped
[37.420s][debug  ][gc,phases,ref  ] GC(137)   Notify and keep alive finalizable: 0.0ms
[37.420s][debug  ][gc,phases,ref  ] GC(137)     FinalRef (ms):                 skipped
[37.420s][debug  ][gc,phases,ref  ] GC(137)   Notify PhantomReferences: 0.0ms
[37.420s][debug  ][gc,phases,ref  ] GC(137)     PhantomRef (ms):               skipped
[37.420s][debug  ][gc,phases,ref  ] GC(137)   SoftReference:
[37.420s][debug  ][gc,phases,ref  ] GC(137)     Discovered: 0
[37.420s][debug  ][gc,phases,ref  ] GC(137)     Cleared: 0
[37.420s][debug  ][gc,phases,ref  ] GC(137)   WeakReference:
[37.420s][debug  ][gc,phases,ref  ] GC(137)     Discovered: 0
[37.420s][debug  ][gc,phases,ref  ] GC(137)     Cleared: 0
[37.420s][debug  ][gc,phases,ref  ] GC(137)   FinalReference:
[37.420s][debug  ][gc,phases,ref  ] GC(137)     Discovered: 0
[37.420s][debug  ][gc,phases,ref  ] GC(137)     Cleared: 0
[37.420s][debug  ][gc,phases,ref  ] GC(137)   PhantomReference:
[37.420s][debug  ][gc,phases,ref  ] GC(137)     Discovered: 0
[37.420s][debug  ][gc,phases,ref  ] GC(137)     Cleared: 0
[37.420s][debug  ][gc,phases      ] GC(137) Reference Processing 0.699ms
[37.420s][debug  ][gc,phases,start] GC(137) Weak Processing
[37.420s][debug  ][gc,phases      ] GC(137)   VM Weak                        Min:  0.0, Avg:  0.0, Max:  0.0, Diff:  0.0, Sum:  0.0, Workers: 6
[37.420s][debug  ][gc,phases      ] GC(137)     Dead                           Min: 0, Avg:  0.0, Max: 0, Diff: 0, Sum: 0, Workers: 6
[37.420s][debug  ][gc,phases      ] GC(137)     Total                          Min: 0, Avg:  1.3, Max: 8, Diff: 8, Sum: 8, Workers: 6
[37.420s][debug  ][gc,phases      ] GC(137)   ObjectSynchronizer Weak        Min:  0.0, Avg:  0.0, Max:  0.0, Diff:  0.0, Sum:  0.0, Workers: 6
[37.420s][debug  ][gc,phases      ] GC(137)     Dead                           Min: 0, Avg:  0.0, Max: 0, Diff: 0, Sum: 0, Workers: 6
[37.420s][debug  ][gc,phases      ] GC(137)     Total                          Min: 0, Avg:  0.5, Max: 3, Diff: 3, Sum: 3, Workers: 6
[37.420s][debug  ][gc,phases      ] GC(137)   JVMTI Tag Weak OopStorage      Min:  0.0, Avg:  0.0, Max:  0.0, Diff:  0.0, Sum:  0.0, Workers: 6
[37.420s][debug  ][gc,phases      ] GC(137)     Dead                           Min: 0, Avg:  0.0, Max: 0, Diff: 0, Sum: 0, Workers: 6
[37.420s][debug  ][gc,phases      ] GC(137)     Total                          Min: 0, Avg:  0.0, Max: 0, Diff: 0, Sum: 0, Workers: 6
[37.420s][debug  ][gc,phases      ] GC(137)   StringTable Weak               Min:  0.0, Avg:  0.0, Max:  0.0, Diff:  0.0, Sum:  0.0, Workers: 6
[37.420s][debug  ][gc,phases      ] GC(137)     Dead                           Min: 0, Avg:  0.0, Max: 0, Diff: 0, Sum: 0, Workers: 6
[37.420s][debug  ][gc,phases      ] GC(137)     Total                          Min: 703, Avg: 892.5, Max: 1196, Diff: 493, Sum: 5355, Workers: 6
[37.420s][debug  ][gc,phases      ] GC(137)   ResolvedMethodTable Weak       Min:  0.0, Avg:  0.0, Max:  0.0, Diff:  0.0, Sum:  0.0, Workers: 6
[37.420s][debug  ][gc,phases      ] GC(137)     Dead                           Min: 0, Avg:  0.0, Max: 0, Diff: 0, Sum: 0, Workers: 6
[37.420s][debug  ][gc,phases      ] GC(137)     Total                          Min: 0, Avg: 21.5, Max: 64, Diff: 64, Sum: 129, Workers: 6
[37.420s][debug  ][gc,phases      ] GC(137)   JNI Weak                       Min:  0.0, Avg:  0.0, Max:  0.0, Diff:  0.0, Sum:  0.0, Workers: 6
[37.420s][debug  ][gc,phases      ] GC(137)     Dead                           Min: 0, Avg:  0.0, Max: 0, Diff: 0, Sum: 0, Workers: 6
[37.420s][debug  ][gc,phases      ] GC(137)     Total                          Min: 0, Avg:  0.0, Max: 0, Diff: 0, Sum: 0, Workers: 6
[37.420s][debug  ][gc,phases      ] GC(137)   StringDedup Table Weak         Min:  0.0, Avg:  0.0, Max:  0.0, Diff:  0.0, Sum:  0.0, Workers: 6
[37.421s][debug  ][gc,phases      ] GC(137)     Dead                           Min: 0, Avg:  0.0, Max: 0, Diff: 0, Sum: 0, Workers: 6
[37.421s][debug  ][gc,phases      ] GC(137)     Total                          Min: 0, Avg:  0.0, Max: 0, Diff: 0, Sum: 0, Workers: 6
[37.421s][debug  ][gc,phases      ] GC(137)   StringDedup Requests0 Weak     Min:  0.0, Avg:  0.0, Max:  0.0, Diff:  0.0, Sum:  0.0, Workers: 6
[37.421s][debug  ][gc,phases      ] GC(137)     Dead                           Min: 0, Avg:  0.0, Max: 0, Diff: 0, Sum: 0, Workers: 6
[37.421s][debug  ][gc,phases      ] GC(137)     Total                          Min: 0, Avg:  0.0, Max: 0, Diff: 0, Sum: 0, Workers: 6
[37.421s][debug  ][gc,phases      ] GC(137)   StringDedup Requests1 Weak     Min:  0.0, Avg:  0.0, Max:  0.0, Diff:  0.0, Sum:  0.0, Workers: 6
[37.421s][debug  ][gc,phases      ] GC(137)     Dead                           Min: 0, Avg:  0.0, Max: 0, Diff: 0, Sum: 0, Workers: 6
[37.421s][debug  ][gc,phases      ] GC(137)     Total                          Min: 0, Avg:  0.0, Max: 0, Diff: 0, Sum: 0, Workers: 6
[37.421s][debug  ][gc,phases      ] GC(137)   Weak JFR Old Object Samples    Min:  0.0, Avg:  0.0, Max:  0.0, Diff:  0.0, Sum:  0.0, Workers: 6
[37.421s][debug  ][gc,phases      ] GC(137)     Dead                           Min: 0, Avg:  0.0, Max: 0, Diff: 0, Sum: 0, Workers: 6
[37.421s][debug  ][gc,phases      ] GC(137)     Total                          Min: 0, Avg:  0.0, Max: 0, Diff: 0, Sum: 0, Workers: 6
[37.421s][debug  ][gc,phases      ] GC(137) Weak Processing 0.804ms
[37.421s][debug  ][gc,ergo        ] GC(137) AdaptiveSizeStart:  collection: 138 
[37.421s][debug  ][gc,ergo        ] GC(137) avg_survived_padded_avg: 35395640.000000
[37.421s][debug  ][gc,ergo        ] GC(137) avg_promoted_padded_avg: 248547760.000000  avg_pretenured_padded_avg: 0.000000  tenuring_thresh: 15  target_size: 35651584
[37.421s][debug  ][gc,age         ] GC(137) Desired survivor size 35651584 bytes, new threshold 15 (max threshold 15)
[37.421s][debug  ][gc,ergo        ] GC(137) PSAdaptiveSizePolicy::compute_eden_space_size limits: desired_eden_size: 214212459 old_eden_size: 196083712 eden_limit: 196608000 cur_eden: 196083712 max_eden_size: 196608000 avg_young_live: 25729684
[37.421s][debug  ][gc,ergo        ] GC(137) PSAdaptiveSizePolicy::compute_eden_space_size: costs minor_time: 0.046551 major_cost: 0.054419 mutator_cost: 0.899029 throughput_goal: 0.990000
[37.421s][debug  ][gc,ergo        ] GC(137) Live_space: 1072306432 free_space: 1396178944
[37.421s][debug  ][gc,ergo        ] GC(137) Old eden_size: 196083712 desired_eden_size: 196608000
[37.421s][debug  ][gc,ergo        ] GC(137) AdaptiveSizeStop: collection: 138 
[37.421s][info   ][gc,heap        ] GC(137) PSYoungGen: 218712K(226816K)->30720K(227328K) Eden: 187992K(191488K)->0K(192512K) From: 30720K(35328K)->30720K(34816K)
[37.421s][info   ][gc,heap        ] GC(137) ParOldGen: 984676K(1835008K)->1128036K(1835008K)
[37.421s][info   ][gc,metaspace   ] GC(137) Metaspace: 1024K(1216K)->1024K(1216K) NonClass: 940K(1024K)->940K(1024K) Class: 83K(192K)->83K(192K)
[37.421s][info   ][gc             ] GC(137) Pause Young (Allocation Failure) 1175M->1131M(2014M) 13.911ms
[37.421s][info   ][gc,cpu         ] GC(137) User=0.12s Sys=0.00s Real=0.01s
[37.421s][debug  ][gc,heap        ] GC(137) Heap after GC invocations=138 (full 22):
[37.421s][debug  ][gc,heap        ] GC(137)  PSYoungGen      total 227328K, used 30720K [0x00000000f0000000, 0x0000000100000000, 0x0000000100000000)
[37.421s][debug  ][gc,heap        ] GC(137)   eden space 192512K, 0% used [0x00000000f0000000,0x00000000f0000000,0x00000000fbc00000)
[37.421s][debug  ][gc,heap        ] GC(137)   from space 34816K, 88% used [0x00000000fde00000,0x00000000ffc00030,0x0000000100000000)
[37.421s][debug  ][gc,heap        ] GC(137)   to   space 34816K, 0% used [0x00000000fbc00000,0x00000000fbc00000,0x00000000fde00000)
[37.421s][debug  ][gc,heap        ] GC(137)  ParOldGen       total 1835008K, used 1128036K [0x0000000080000000, 0x00000000f0000000, 0x00000000f0000000)
[37.421s][debug  ][gc,heap        ] GC(137)   object space 1835008K, 61% used [0x0000000080000000,0x00000000c4d992e8,0x00000000f0000000)
[37.421s][debug  ][gc,heap        ] GC(137)  Metaspace       used 1024K, committed 1216K, reserved 1056768K
[37.421s][debug  ][gc,heap        ] GC(137)   class space    used 83K, committed 192K, reserved 1048576K
[37.421s][debug  ][gc,task,time   ] GC(137) VM-Thread 374068319 374192621 374214681
[37.708s][debug  ][gc,heap        ] GC(138) Heap before GC invocations=139 (full 22):
[37.708s][debug  ][gc,heap        ] GC(138)  PSYoungGen      total 227328K, used 218787K [0x00000000f0000000, 0x0000000100000000, 0x0000000100000000)
[37.708s][debug  ][gc,heap        ] GC(138)   eden space 192512K, 97% used [0x00000000f0000000,0x00000000fb7a8d80,0x00000000fbc00000)
[37.708s][debug  ][gc,heap        ] GC(138)   from space 34816K, 88% used [0x00000000fde00000,0x00000000ffc00030,0x0000000100000000)
[37.708s][debug  ][gc,heap        ] GC(138)   to   space 34816K, 0% used [0x00000000fbc00000,0x00000000fbc00000,0x00000000fde00000)
[37.708s][debug  ][gc,heap        ] GC(138)  ParOldGen       total 1835008K, used 1128036K [0x0000000080000000, 0x00000000f0000000, 0x00000000f0000000)
[37.708s][debug  ][gc,heap        ] GC(138)   object space 1835008K, 61% used [0x0000000080000000,0x00000000c4d992e8,0x00000000f0000000)
[37.708s][debug  ][gc,heap        ] GC(138)  Metaspace       used 1024K, committed 1216K, reserved 1056768K
[37.708s][debug  ][gc,heap        ] GC(138)   class space    used 83K, committed 192K, reserved 1048576K
[37.708s][debug  ][gc,tlab        ] GC(138) TLAB totals: thrds: 1  refills: 1 max: 1 slow allocs: 17 max 17 waste: 26.8% gc: 3837024B max: 3837024B slow: 0B max: 0B
[37.708s][info   ][gc,start       ] GC(138) Pause Young (Allocation Failure)
[37.709s][debug  ][gc,phases,start] GC(138) Scavenge
[37.723s][debug  ][gc,phases      ] GC(138) Scavenge 14.918ms
[37.724s][debug  ][gc,phases,start] GC(138) Reference Processing
[37.724s][debug  ][gc,ref         ] GC(138) Skipped phase 1 of Reference Processing: no references
[37.724s][debug  ][gc,ref         ] GC(138) Skipped phase 2 of Reference Processing: no references
[37.724s][debug  ][gc,ref         ] GC(138) Skipped phase 3 of Reference Processing: no references
[37.724s][debug  ][gc,ref         ] GC(138) Skipped phase 4 of Reference Processing: no references
[37.724s][debug  ][gc,phases,ref  ] GC(138) Reference Processing: 0.1ms
[37.724s][debug  ][gc,phases,ref  ] GC(138)   Reconsider SoftReferences: 0.0ms
[37.724s][debug  ][gc,phases,ref  ] GC(138)     SoftRef (ms):                  skipped
[37.724s][debug  ][gc,phases,ref  ] GC(138)   Notify Soft/WeakReferences: 0.0ms
[37.724s][debug  ][gc,phases,ref  ] GC(138)     SoftRef (ms):                  skipped
[37.724s][debug  ][gc,phases,ref  ] GC(138)     WeakRef (ms):                  skipped
[37.724s][debug  ][gc,phases,ref  ] GC(138)     FinalRef (ms):                 skipped
[37.724s][debug  ][gc,phases,ref  ] GC(138)     Total (ms):                    skipped
[37.724s][debug  ][gc,phases,ref  ] GC(138)   Notify and keep alive finalizable: 0.0ms
[37.724s][debug  ][gc,phases,ref  ] GC(138)     FinalRef (ms):                 skipped
[37.724s][debug  ][gc,phases,ref  ] GC(138)   Notify PhantomReferences: 0.0ms
[37.724s][debug  ][gc,phases,ref  ] GC(138)     PhantomRef (ms):               skipped
[37.724s][debug  ][gc,phases,ref  ] GC(138)   SoftReference:
[37.724s][debug  ][gc,phases,ref  ] GC(138)     Discovered: 0
[37.724s][debug  ][gc,phases,ref  ] GC(138)     Cleared: 0
[37.724s][debug  ][gc,phases,ref  ] GC(138)   WeakReference:
[37.724s][debug  ][gc,phases,ref  ] GC(138)     Discovered: 0
[37.724s][debug  ][gc,phases,ref  ] GC(138)     Cleared: 0
[37.724s][debug  ][gc,phases,ref  ] GC(138)   FinalReference:
[37.724s][debug  ][gc,phases,ref  ] GC(138)     Discovered: 0
[37.724s][debug  ][gc,phases,ref  ] GC(138)     Cleared: 0
[37.724s][debug  ][gc,phases,ref  ] GC(138)   PhantomReference:
[37.724s][debug  ][gc,phases,ref  ] GC(138)     Discovered: 0
[37.724s][debug  ][gc,phases,ref  ] GC(138)     Cleared: 0
[37.724s][debug  ][gc,phases      ] GC(138) Reference Processing 0.895ms
[37.724s][debug  ][gc,phases,start] GC(138) Weak Processing
[37.725s][debug  ][gc,phases      ] GC(138)   VM Weak                        Min:  0.0, Avg:  0.0, Max:  0.0, Diff:  0.0, Sum:  0.0, Workers: 6
[37.725s][debug  ][gc,phases      ] GC(138)     Dead                           Min: 0, Avg:  0.0, Max: 0, Diff: 0, Sum: 0, Workers: 6
[37.725s][debug  ][gc,phases      ] GC(138)     Total                          Min: 0, Avg:  1.3, Max: 8, Diff: 8, Sum: 8, Workers: 6
[37.725s][debug  ][gc,phases      ] GC(138)   ObjectSynchronizer Weak        Min:  0.0, Avg:  0.0, Max:  0.0, Diff:  0.0, Sum:  0.0, Workers: 6
[37.725s][debug  ][gc,phases      ] GC(138)     Dead                           Min: 0, Avg:  0.0, Max: 0, Diff: 0, Sum: 0, Workers: 6
[37.725s][debug  ][gc,phases      ] GC(138)     Total                          Min: 0, Avg:  0.5, Max: 3, Diff: 3, Sum: 3, Workers: 6
[37.725s][debug  ][gc,phases      ] GC(138)   JVMTI Tag Weak OopStorage      Min:  0.0, Avg:  0.0, Max:  0.0, Diff:  0.0, Sum:  0.0, Workers: 6
[37.725s][debug  ][gc,phases      ] GC(138)     Dead                           Min: 0, Avg:  0.0, Max: 0, Diff: 0, Sum: 0, Workers: 6
[37.725s][debug  ][gc,phases      ] GC(138)     Total                          Min: 0, Avg:  0.0, Max: 0, Diff: 0, Sum: 0, Workers: 6
[37.725s][debug  ][gc,phases      ] GC(138)   StringTable Weak               Min:  0.0, Avg:  0.0, Max:  0.0, Diff:  0.0, Sum:  0.0, Workers: 6
[37.725s][debug  ][gc,phases      ] GC(138)     Dead                           Min: 0, Avg:  0.0, Max: 0, Diff: 0, Sum: 0, Workers: 6
[37.725s][debug  ][gc,phases      ] GC(138)     Total                          Min: 576, Avg: 892.5, Max: 1280, Diff: 704, Sum: 5355, Workers: 6
[37.725s][debug  ][gc,phases      ] GC(138)   ResolvedMethodTable Weak       Min:  0.0, Avg:  0.0, Max:  0.0, Diff:  0.0, Sum:  0.0, Workers: 6
[37.725s][debug  ][gc,phases      ] GC(138)     Dead                           Min: 0, Avg:  0.0, Max: 0, Diff: 0, Sum: 0, Workers: 6
[37.725s][debug  ][gc,phases      ] GC(138)     Total                          Min: 0, Avg: 21.5, Max: 64, Diff: 64, Sum: 129, Workers: 6
[37.725s][debug  ][gc,phases      ] GC(138)   JNI Weak                       Min:  0.0, Avg:  0.0, Max:  0.0, Diff:  0.0, Sum:  0.0, Workers: 6
[37.725s][debug  ][gc,phases      ] GC(138)     Dead                           Min: 0, Avg:  0.0, Max: 0, Diff: 0, Sum: 0, Workers: 6
[37.725s][debug  ][gc,phases      ] GC(138)     Total                          Min: 0, Avg:  0.0, Max: 0, Diff: 0, Sum: 0, Workers: 6
[37.725s][debug  ][gc,phases      ] GC(138)   StringDedup Table Weak         Min:  0.0, Avg:  0.0, Max:  0.0, Diff:  0.0, Sum:  0.0, Workers: 6
[37.725s][debug  ][gc,phases      ] GC(138)     Dead                           Min: 0, Avg:  0.0, Max: 0, Diff: 0, Sum: 0, Workers: 6
[37.725s][debug  ][gc,phases      ] GC(138)     Total                          Min: 0, Avg:  0.0, Max: 0, Diff: 0, Sum: 0, Workers: 6
[37.725s][debug  ][gc,phases      ] GC(138)   StringDedup Requests0 Weak     Min:  0.0, Avg:  0.0, Max:  0.0, Diff:  0.0, Sum:  0.0, Workers: 6
[37.725s][debug  ][gc,phases      ] GC(138)     Dead                           Min: 0, Avg:  0.0, Max: 0, Diff: 0, Sum: 0, Workers: 6
[37.725s][debug  ][gc,phases      ] GC(138)     Total                          Min: 0, Avg:  0.0, Max: 0, Diff: 0, Sum: 0, Workers: 6
[37.725s][debug  ][gc,phases      ] GC(138)   StringDedup Requests1 Weak     Min:  0.0, Avg:  0.0, Max:  0.0, Diff:  0.0, Sum:  0.0, Workers: 6
[37.725s][debug  ][gc,phases      ] GC(138)     Dead                           Min: 0, Avg:  0.0, Max: 0, Diff: 0, Sum: 0, Workers: 6
[37.725s][debug  ][gc,phases      ] GC(138)     Total                          Min: 0, Avg:  0.0, Max: 0, Diff: 0, Sum: 0, Workers: 6
[37.725s][debug  ][gc,phases      ] GC(138)   Weak JFR Old Object Samples    Min:  0.0, Avg:  0.0, Max:  0.0, Diff:  0.0, Sum:  0.0, Workers: 6
[37.725s][debug  ][gc,phases      ] GC(138)     Dead                           Min: 0, Avg:  0.0, Max: 0, Diff: 0, Sum: 0, Workers: 6
[37.725s][debug  ][gc,phases      ] GC(138)     Total                          Min: 0, Avg:  0.0, Max: 0, Diff: 0, Sum: 0, Workers: 6
[37.725s][debug  ][gc,phases      ] GC(138) Weak Processing 0.757ms
[37.725s][debug  ][gc,ergo        ] GC(138) AdaptiveSizeStart:  collection: 139 
[37.725s][debug  ][gc,ergo        ] GC(138) avg_survived_padded_avg: 35187548.000000
[37.725s][debug  ][gc,ergo        ] GC(138) avg_promoted_padded_avg: 249320368.000000  avg_pretenured_padded_avg: 0.000000  tenuring_thresh: 15  target_size: 35651584
[37.725s][debug  ][gc,age         ] GC(138) Desired survivor size 35651584 bytes, new threshold 15 (max threshold 15)
[37.725s][debug  ][gc,ergo        ] GC(138) PSAdaptiveSizePolicy::compute_eden_space_size limits: desired_eden_size: 215937246 old_eden_size: 196608000 eden_limit: 197132288 cur_eden: 197132288 max_eden_size: 197132288 avg_young_live: 26302448
[37.725s][debug  ][gc,ergo        ] GC(138) PSAdaptiveSizePolicy::compute_eden_space_size: costs minor_time: 0.048636 major_cost: 0.054419 mutator_cost: 0.896944 throughput_goal: 0.990000
[37.725s][debug  ][gc,ergo        ] GC(138) Live_space: 1072879232 free_space: 1396703232
[37.725s][debug  ][gc,ergo        ] GC(138) Old eden_size: 196608000 desired_eden_size: 197132288
[37.725s][debug  ][gc,ergo        ] GC(138) AdaptiveSizeStop: collection: 139 
[37.725s][info   ][gc,heap        ] GC(138) PSYoungGen: 218787K(227328K)->30720K(227328K) Eden: 188067K(192512K)->0K(192512K) From: 30720K(34816K)->30720K(34816K)
[37.725s][info   ][gc,heap        ] GC(138) ParOldGen: 1128036K(1835008K)->1312357K(1835008K)
[37.726s][info   ][gc,metaspace   ] GC(138) Metaspace: 1024K(1216K)->1024K(1216K) NonClass: 940K(1024K)->940K(1024K) Class: 83K(192K)->83K(192K)
[37.726s][info   ][gc             ] GC(138) Pause Young (Allocation Failure) 1315M->1311M(2014M) 17.073ms
[37.726s][info   ][gc,cpu         ] GC(138) User=0.12s Sys=0.00s Real=0.02s
[37.726s][debug  ][gc,heap        ] GC(138) Heap after GC invocations=139 (full 22):
[37.726s][debug  ][gc,heap        ] GC(138)  PSYoungGen      total 227328K, used 30720K [0x00000000f0000000, 0x0000000100000000, 0x0000000100000000)
[37.726s][debug  ][gc,heap        ] GC(138)   eden space 192512K, 0% used [0x00000000f0000000,0x00000000f0000000,0x00000000fbc00000)
[37.726s][debug  ][gc,heap        ] GC(138)   from space 34816K, 88% used [0x00000000fbc00000,0x00000000fda00030,0x00000000fde00000)
[37.726s][debug  ][gc,heap        ] GC(138)   to   space 34816K, 0% used [0x00000000fde00000,0x00000000fde00000,0x0000000100000000)
[37.726s][debug  ][gc,heap        ] GC(138)  ParOldGen       total 1835008K, used 1312357K [0x0000000080000000, 0x00000000f0000000, 0x00000000f0000000)
[37.726s][debug  ][gc,heap        ] GC(138)   object space 1835008K, 71% used [0x0000000080000000,0x00000000d0199408,0x00000000f0000000)
[37.726s][debug  ][gc,heap        ] GC(138)  Metaspace       used 1024K, committed 1216K, reserved 1056768K
[37.726s][debug  ][gc,heap        ] GC(138)   class space    used 83K, committed 192K, reserved 1048576K
[37.726s][debug  ][gc,task,time   ] GC(138) VM-Thread 377079681 377235409 377258116
[38.009s][debug  ][gc,heap        ] GC(139) Heap before GC invocations=140 (full 22):
[38.009s][debug  ][gc,heap        ] GC(139)  PSYoungGen      total 227328K, used 218723K [0x00000000f0000000, 0x0000000100000000, 0x0000000100000000)
[38.009s][debug  ][gc,heap        ] GC(139)   eden space 192512K, 97% used [0x00000000f0000000,0x00000000fb798d08,0x00000000fbc00000)
[38.009s][debug  ][gc,heap        ] GC(139)   from space 34816K, 88% used [0x00000000fbc00000,0x00000000fda00030,0x00000000fde00000)
[38.009s][debug  ][gc,heap        ] GC(139)   to   space 34816K, 0% used [0x00000000fde00000,0x00000000fde00000,0x0000000100000000)
[38.009s][debug  ][gc,heap        ] GC(139)  ParOldGen       total 1835008K, used 1312357K [0x0000000080000000, 0x00000000f0000000, 0x00000000f0000000)
[38.009s][debug  ][gc,heap        ] GC(139)   object space 1835008K, 71% used [0x0000000080000000,0x00000000d0199408,0x00000000f0000000)
[38.009s][debug  ][gc,heap        ] GC(139)  Metaspace       used 1024K, committed 1216K, reserved 1056768K
[38.009s][debug  ][gc,heap        ] GC(139)   class space    used 83K, committed 192K, reserved 1048576K
[38.009s][debug  ][gc,tlab        ] GC(139) TLAB totals: thrds: 1  refills: 1 max: 1 slow allocs: 17 max 17 waste: 26.5% gc: 3771368B max: 3771368B slow: 0B max: 0B
[38.009s][info   ][gc,start       ] GC(139) Pause Young (Allocation Failure)
[38.009s][debug  ][gc,phases,start] GC(139) Scavenge
[38.024s][debug  ][gc,phases      ] GC(139) Scavenge 14.849ms
[38.024s][debug  ][gc,phases,start] GC(139) Reference Processing
[38.024s][debug  ][gc,ref         ] GC(139) Skipped phase 1 of Reference Processing: no references
[38.024s][debug  ][gc,ref         ] GC(139) Skipped phase 2 of Reference Processing: no references
[38.024s][debug  ][gc,ref         ] GC(139) Skipped phase 3 of Reference Processing: no references
[38.024s][debug  ][gc,ref         ] GC(139) Skipped phase 4 of Reference Processing: no references
[38.024s][debug  ][gc,phases,ref  ] GC(139) Reference Processing: 0.1ms
[38.024s][debug  ][gc,phases,ref  ] GC(139)   Reconsider SoftReferences: 0.0ms
[38.024s][debug  ][gc,phases,ref  ] GC(139)     SoftRef (ms):                  skipped
[38.025s][debug  ][gc,phases,ref  ] GC(139)   Notify Soft/WeakReferences: 0.0ms
[38.025s][debug  ][gc,phases,ref  ] GC(139)     SoftRef (ms):                  skipped
[38.025s][debug  ][gc,phases,ref  ] GC(139)     WeakRef (ms):                  skipped
[38.025s][debug  ][gc,phases,ref  ] GC(139)     FinalRef (ms):                 skipped
[38.025s][debug  ][gc,phases,ref  ] GC(139)     Total (ms):                    skipped
[38.025s][debug  ][gc,phases,ref  ] GC(139)   Notify and keep alive finalizable: 0.0ms
[38.025s][debug  ][gc,phases,ref  ] GC(139)     FinalRef (ms):                 skipped
[38.025s][debug  ][gc,phases,ref  ] GC(139)   Notify PhantomReferences: 0.0ms
[38.025s][debug  ][gc,phases,ref  ] GC(139)     PhantomRef (ms):               skipped
[38.025s][debug  ][gc,phases,ref  ] GC(139)   SoftReference:
[38.025s][debug  ][gc,phases,ref  ] GC(139)     Discovered: 0
[38.025s][debug  ][gc,phases,ref  ] GC(139)     Cleared: 0
[38.025s][debug  ][gc,phases,ref  ] GC(139)   WeakReference:
[38.025s][debug  ][gc,phases,ref  ] GC(139)     Discovered: 0
[38.025s][debug  ][gc,phases,ref  ] GC(139)     Cleared: 0
[38.025s][debug  ][gc,phases,ref  ] GC(139)   FinalReference:
[38.025s][debug  ][gc,phases,ref  ] GC(139)     Discovered: 0
[38.025s][debug  ][gc,phases,ref  ] GC(139)     Cleared: 0
[38.025s][debug  ][gc,phases,ref  ] GC(139)   PhantomReference:
[38.025s][debug  ][gc,phases,ref  ] GC(139)     Discovered: 0
[38.025s][debug  ][gc,phases,ref  ] GC(139)     Cleared: 0
[38.025s][debug  ][gc,phases      ] GC(139) Reference Processing 0.708ms
[38.025s][debug  ][gc,phases,start] GC(139) Weak Processing
[38.025s][debug  ][gc,phases      ] GC(139)   VM Weak                        Min:  0.0, Avg:  0.0, Max:  0.0, Diff:  0.0, Sum:  0.0, Workers: 6
[38.025s][debug  ][gc,phases      ] GC(139)     Dead                           Min: 0, Avg:  0.0, Max: 0, Diff: 0, Sum: 0, Workers: 6
[38.025s][debug  ][gc,phases      ] GC(139)     Total                          Min: 0, Avg:  1.3, Max: 8, Diff: 8, Sum: 8, Workers: 6
[38.025s][debug  ][gc,phases      ] GC(139)   ObjectSynchronizer Weak        Min:  0.0, Avg:  0.0, Max:  0.0, Diff:  0.0, Sum:  0.0, Workers: 6
[38.025s][debug  ][gc,phases      ] GC(139)     Dead                           Min: 0, Avg:  0.0, Max: 0, Diff: 0, Sum: 0, Workers: 6
[38.025s][debug  ][gc,phases      ] GC(139)     Total                          Min: 0, Avg:  0.5, Max: 3, Diff: 3, Sum: 3, Workers: 6
[38.025s][debug  ][gc,phases      ] GC(139)   JVMTI Tag Weak OopStorage      Min:  0.0, Avg:  0.0, Max:  0.0, Diff:  0.0, Sum:  0.0, Workers: 6
[38.025s][debug  ][gc,phases      ] GC(139)     Dead                           Min: 0, Avg:  0.0, Max: 0, Diff: 0, Sum: 0, Workers: 6
[38.025s][debug  ][gc,phases      ] GC(139)     Total                          Min: 0, Avg:  0.0, Max: 0, Diff: 0, Sum: 0, Workers: 6
[38.025s][debug  ][gc,phases      ] GC(139)   StringTable Weak               Min:  0.0, Avg:  0.0, Max:  0.0, Diff:  0.0, Sum:  0.0, Workers: 6
[38.025s][debug  ][gc,phases      ] GC(139)     Dead                           Min: 0, Avg:  0.0, Max: 0, Diff: 0, Sum: 0, Workers: 6
[38.025s][debug  ][gc,phases      ] GC(139)     Total                          Min: 704, Avg: 892.5, Max: 1088, Diff: 384, Sum: 5355, Workers: 6
[38.025s][debug  ][gc,phases      ] GC(139)   ResolvedMethodTable Weak       Min:  0.0, Avg:  0.0, Max:  0.0, Diff:  0.0, Sum:  0.0, Workers: 6
[38.025s][debug  ][gc,phases      ] GC(139)     Dead                           Min: 0, Avg:  0.0, Max: 0, Diff: 0, Sum: 0, Workers: 6
[38.025s][debug  ][gc,phases      ] GC(139)     Total                          Min: 0, Avg: 21.5, Max: 64, Diff: 64, Sum: 129, Workers: 6
[38.025s][debug  ][gc,phases      ] GC(139)   JNI Weak                       Min:  0.0, Avg:  0.0, Max:  0.0, Diff:  0.0, Sum:  0.0, Workers: 6
[38.026s][debug  ][gc,phases      ] GC(139)     Dead                           Min: 0, Avg:  0.0, Max: 0, Diff: 0, Sum: 0, Workers: 6
[38.026s][debug  ][gc,phases      ] GC(139)     Total                          Min: 0, Avg:  0.0, Max: 0, Diff: 0, Sum: 0, Workers: 6
[38.026s][debug  ][gc,phases      ] GC(139)   StringDedup Table Weak         Min:  0.0, Avg:  0.0, Max:  0.0, Diff:  0.0, Sum:  0.0, Workers: 6
[38.026s][debug  ][gc,phases      ] GC(139)     Dead                           Min: 0, Avg:  0.0, Max: 0, Diff: 0, Sum: 0, Workers: 6
[38.026s][debug  ][gc,phases      ] GC(139)     Total                          Min: 0, Avg:  0.0, Max: 0, Diff: 0, Sum: 0, Workers: 6
[38.026s][debug  ][gc,phases      ] GC(139)   StringDedup Requests0 Weak     Min:  0.0, Avg:  0.0, Max:  0.0, Diff:  0.0, Sum:  0.0, Workers: 6
[38.026s][debug  ][gc,phases      ] GC(139)     Dead                           Min: 0, Avg:  0.0, Max: 0, Diff: 0, Sum: 0, Workers: 6
[38.026s][debug  ][gc,phases      ] GC(139)     Total                          Min: 0, Avg:  0.0, Max: 0, Diff: 0, Sum: 0, Workers: 6
[38.026s][debug  ][gc,phases      ] GC(139)   StringDedup Requests1 Weak     Min:  0.0, Avg:  0.0, Max:  0.0, Diff:  0.0, Sum:  0.0, Workers: 6
[38.026s][debug  ][gc,phases      ] GC(139)     Dead                           Min: 0, Avg:  0.0, Max: 0, Diff: 0, Sum: 0, Workers: 6
[38.026s][debug  ][gc,phases      ] GC(139)     Total                          Min: 0, Avg:  0.0, Max: 0, Diff: 0, Sum: 0, Workers: 6
[38.026s][debug  ][gc,phases      ] GC(139)   Weak JFR Old Object Samples    Min:  0.0, Avg:  0.0, Max:  0.0, Diff:  0.0, Sum:  0.0, Workers: 6
[38.026s][debug  ][gc,phases      ] GC(139)     Dead                           Min: 0, Avg:  0.0, Max: 0, Diff: 0, Sum: 0, Workers: 6
[38.026s][debug  ][gc,phases      ] GC(139)     Total                          Min: 0, Avg:  0.0, Max: 0, Diff: 0, Sum: 0, Workers: 6
[38.026s][debug  ][gc,phases      ] GC(139) Weak Processing 0.813ms
[38.026s][debug  ][gc,ergo        ] GC(139) AdaptiveSizeStart:  collection: 140 
[38.026s][debug  ][gc,ergo        ] GC(139) avg_survived_padded_avg: 34981696.000000
[38.026s][debug  ][gc,ergo        ] GC(139) avg_promoted_padded_avg: 249340416.000000  avg_pretenured_padded_avg: 0.000000  tenuring_thresh: 15  target_size: 35127296
[38.026s][debug  ][gc,age         ] GC(139) Desired survivor size 35127296 bytes, new threshold 15 (max threshold 15)
[38.026s][debug  ][gc,ergo        ] GC(139) PSAdaptiveSizePolicy::compute_eden_space_size limits: desired_eden_size: 216254414 old_eden_size: 197132288 eden_limit: 197132288 cur_eden: 197132288 max_eden_size: 197132288 avg_young_live: 26817934
[38.026s][debug  ][gc,ergo        ] GC(139) PSAdaptiveSizePolicy::compute_eden_space_size: costs minor_time: 0.050213 major_cost: 0.054419 mutator_cost: 0.895367 throughput_goal: 0.990000
[38.026s][debug  ][gc,ergo        ] GC(139) Live_space: 1073394688 free_space: 1397227520
[38.026s][debug  ][gc,ergo        ] GC(139) Old eden_size: 197132288 desired_eden_size: 197132288
[38.026s][debug  ][gc,ergo        ] GC(139) AdaptiveSizeStop: collection: 140 
[38.026s][info   ][gc,heap        ] GC(139) PSYoungGen: 218723K(227328K)->30720K(227840K) Eden: 188003K(192512K)->0K(193024K) From: 30720K(34816K)->30720K(34816K)
[38.026s][info   ][gc,heap        ] GC(139) ParOldGen: 1312357K(1835008K)->1496677K(1835008K)
[38.026s][info   ][gc,metaspace   ] GC(139) Metaspace: 1024K(1216K)->1024K(1216K) NonClass: 940K(1024K)->940K(1024K) Class: 83K(192K)->83K(192K)
[38.026s][info   ][gc             ] GC(139) Pause Young (Allocation Failure) 1495M->1491M(2014M) 16.890ms
[38.026s][info   ][gc,cpu         ] GC(139) User=0.09s Sys=0.00s Real=0.02s
[38.026s][debug  ][gc,heap        ] GC(139) Heap after GC invocations=140 (full 22):
[38.026s][debug  ][gc,heap        ] GC(139)  PSYoungGen      total 227840K, used 30720K [0x00000000f0000000, 0x0000000100000000, 0x0000000100000000)
[38.026s][debug  ][gc,heap        ] GC(139)   eden space 193024K, 0% used [0x00000000f0000000,0x00000000f0000000,0x00000000fbc80000)
[38.026s][debug  ][gc,heap        ] GC(139)   from space 34816K, 88% used [0x00000000fde00000,0x00000000ffc00030,0x0000000100000000)
[38.026s][debug  ][gc,heap        ] GC(139)   to   space 34304K, 0% used [0x00000000fbc80000,0x00000000fbc80000,0x00000000fde00000)
[38.026s][debug  ][gc,heap        ] GC(139)  ParOldGen       total 1835008K, used 1496677K [0x0000000080000000, 0x00000000f0000000, 0x00000000f0000000)
[38.026s][debug  ][gc,heap        ] GC(139)   object space 1835008K, 81% used [0x0000000080000000,0x00000000db599528,0x00000000f0000000)
[38.026s][debug  ][gc,heap        ] GC(139)  Metaspace       used 1024K, committed 1216K, reserved 1056768K
[38.026s][debug  ][gc,heap        ] GC(139)   class space    used 83K, committed 192K, reserved 1048576K
[38.026s][debug  ][gc,task,time   ] GC(139) VM-Thread 380088254 380242882 380264298
[38.311s][debug  ][gc,heap        ] GC(140) Heap before GC invocations=141 (full 22):
[38.311s][debug  ][gc,heap        ] GC(140)  PSYoungGen      total 227840K, used 218765K [0x00000000f0000000, 0x0000000100000000, 0x0000000100000000)
[38.311s][debug  ][gc,heap        ] GC(140)   eden space 193024K, 97% used [0x00000000f0000000,0x00000000fb7a3520,0x00000000fbc80000)
[38.311s][debug  ][gc,heap        ] GC(140)   from space 34816K, 88% used [0x00000000fde00000,0x00000000ffc00030,0x0000000100000000)
[38.311s][debug  ][gc,heap        ] GC(140)   to   space 34304K, 0% used [0x00000000fbc80000,0x00000000fbc80000,0x00000000fde00000)
[38.311s][debug  ][gc,heap        ] GC(140)  ParOldGen       total 1835008K, used 1496677K [0x0000000080000000, 0x00000000f0000000, 0x00000000f0000000)
[38.311s][debug  ][gc,heap        ] GC(140)   object space 1835008K, 81% used [0x0000000080000000,0x00000000db599528,0x00000000f0000000)
[38.311s][debug  ][gc,heap        ] GC(140)  Metaspace       used 1024K, committed 1216K, reserved 1056768K
[38.311s][debug  ][gc,heap        ] GC(140)   class space    used 83K, committed 192K, reserved 1048576K
[38.311s][debug  ][gc,tlab        ] GC(140) TLAB totals: thrds: 1  refills: 1 max: 1 slow allocs: 17 max 17 waste: 26.7% gc: 3814400B max: 3814400B slow: 0B max: 0B
[38.311s][info   ][gc,start       ] GC(140) Pause Young (Allocation Failure)
[38.311s][debug  ][gc,phases,start] GC(140) Scavenge
[38.326s][debug  ][gc,phases      ] GC(140) Scavenge 14.506ms
[38.326s][debug  ][gc,phases,start] GC(140) Reference Processing
[38.326s][debug  ][gc,ref         ] GC(140) Skipped phase 1 of Reference Processing: no references
[38.326s][debug  ][gc,ref         ] GC(140) Skipped phase 2 of Reference Processing: no references
[38.326s][debug  ][gc,ref         ] GC(140) Skipped phase 3 of Reference Processing: no references
[38.326s][debug  ][gc,ref         ] GC(140) Skipped phase 4 of Reference Processing: no references
[38.326s][debug  ][gc,phases,ref  ] GC(140) Reference Processing: 0.1ms
[38.326s][debug  ][gc,phases,ref  ] GC(140)   Reconsider SoftReferences: 0.0ms
[38.326s][debug  ][gc,phases,ref  ] GC(140)     SoftRef (ms):                  skipped
[38.326s][debug  ][gc,phases,ref  ] GC(140)   Notify Soft/WeakReferences: 0.0ms
[38.326s][debug  ][gc,phases,ref  ] GC(140)     SoftRef (ms):                  skipped
[38.326s][debug  ][gc,phases,ref  ] GC(140)     WeakRef (ms):                  skipped
[38.326s][debug  ][gc,phases,ref  ] GC(140)     FinalRef (ms):                 skipped
[38.326s][debug  ][gc,phases,ref  ] GC(140)     Total (ms):                    skipped
[38.326s][debug  ][gc,phases,ref  ] GC(140)   Notify and keep alive finalizable: 0.0ms
[38.326s][debug  ][gc,phases,ref  ] GC(140)     FinalRef (ms):                 skipped
[38.326s][debug  ][gc,phases,ref  ] GC(140)   Notify PhantomReferences: 0.0ms
[38.326s][debug  ][gc,phases,ref  ] GC(140)     PhantomRef (ms):               skipped
[38.326s][debug  ][gc,phases,ref  ] GC(140)   SoftReference:
[38.326s][debug  ][gc,phases,ref  ] GC(140)     Discovered: 0
[38.326s][debug  ][gc,phases,ref  ] GC(140)     Cleared: 0
[38.326s][debug  ][gc,phases,ref  ] GC(140)   WeakReference:
[38.327s][debug  ][gc,phases,ref  ] GC(140)     Discovered: 0
[38.327s][debug  ][gc,phases,ref  ] GC(140)     Cleared: 0
[38.327s][debug  ][gc,phases,ref  ] GC(140)   FinalReference:
[38.327s][debug  ][gc,phases,ref  ] GC(140)     Discovered: 0
[38.327s][debug  ][gc,phases,ref  ] GC(140)     Cleared: 0
[38.327s][debug  ][gc,phases,ref  ] GC(140)   PhantomReference:
[38.327s][debug  ][gc,phases,ref  ] GC(140)     Discovered: 0
[38.327s][debug  ][gc,phases,ref  ] GC(140)     Cleared: 0
[38.327s][debug  ][gc,phases      ] GC(140) Reference Processing 0.863ms
[38.327s][debug  ][gc,phases,start] GC(140) Weak Processing
[38.327s][debug  ][gc,phases      ] GC(140)   VM Weak                        Min:  0.0, Avg:  0.0, Max:  0.0, Diff:  0.0, Sum:  0.0, Workers: 6
[38.327s][debug  ][gc,phases      ] GC(140)     Dead                           Min: 0, Avg:  0.0, Max: 0, Diff: 0, Sum: 0, Workers: 6
[38.327s][debug  ][gc,phases      ] GC(140)     Total                          Min: 0, Avg:  1.3, Max: 8, Diff: 8, Sum: 8, Workers: 6
[38.327s][debug  ][gc,phases      ] GC(140)   ObjectSynchronizer Weak        Min:  0.0, Avg:  0.0, Max:  0.0, Diff:  0.0, Sum:  0.0, Workers: 6
[38.327s][debug  ][gc,phases      ] GC(140)     Dead                           Min: 0, Avg:  0.0, Max: 0, Diff: 0, Sum: 0, Workers: 6
[38.327s][debug  ][gc,phases      ] GC(140)     Total                          Min: 0, Avg:  0.5, Max: 3, Diff: 3, Sum: 3, Workers: 6
[38.327s][debug  ][gc,phases      ] GC(140)   JVMTI Tag Weak OopStorage      Min:  0.0, Avg:  0.0, Max:  0.0, Diff:  0.0, Sum:  0.0, Workers: 6
[38.327s][debug  ][gc,phases      ] GC(140)     Dead                           Min: 0, Avg:  0.0, Max: 0, Diff: 0, Sum: 0, Workers: 6
[38.327s][debug  ][gc,phases      ] GC(140)     Total                          Min: 0, Avg:  0.0, Max: 0, Diff: 0, Sum: 0, Workers: 6
[38.327s][debug  ][gc,phases      ] GC(140)   StringTable Weak               Min:  0.0, Avg:  0.0, Max:  0.0, Diff:  0.0, Sum:  0.0, Workers: 6
[38.327s][debug  ][gc,phases      ] GC(140)     Dead                           Min: 0, Avg:  0.0, Max: 0, Diff: 0, Sum: 0, Workers: 6
[38.327s][debug  ][gc,phases      ] GC(140)     Total                          Min: 748, Avg: 892.5, Max: 1152, Diff: 404, Sum: 5355, Workers: 6
[38.327s][debug  ][gc,phases      ] GC(140)   ResolvedMethodTable Weak       Min:  0.0, Avg:  0.0, Max:  0.0, Diff:  0.0, Sum:  0.0, Workers: 6
[38.327s][debug  ][gc,phases      ] GC(140)     Dead                           Min: 0, Avg:  0.0, Max: 0, Diff: 0, Sum: 0, Workers: 6
[38.327s][debug  ][gc,phases      ] GC(140)     Total                          Min: 0, Avg: 21.5, Max: 64, Diff: 64, Sum: 129, Workers: 6
[38.327s][debug  ][gc,phases      ] GC(140)   JNI Weak                       Min:  0.0, Avg:  0.0, Max:  0.0, Diff:  0.0, Sum:  0.0, Workers: 6
[38.327s][debug  ][gc,phases      ] GC(140)     Dead                           Min: 0, Avg:  0.0, Max: 0, Diff: 0, Sum: 0, Workers: 6
[38.327s][debug  ][gc,phases      ] GC(140)     Total                          Min: 0, Avg:  0.0, Max: 0, Diff: 0, Sum: 0, Workers: 6
[38.327s][debug  ][gc,phases      ] GC(140)   StringDedup Table Weak         Min:  0.0, Avg:  0.0, Max:  0.0, Diff:  0.0, Sum:  0.0, Workers: 6
[38.327s][debug  ][gc,phases      ] GC(140)     Dead                           Min: 0, Avg:  0.0, Max: 0, Diff: 0, Sum: 0, Workers: 6
[38.327s][debug  ][gc,phases      ] GC(140)     Total                          Min: 0, Avg:  0.0, Max: 0, Diff: 0, Sum: 0, Workers: 6
[38.327s][debug  ][gc,phases      ] GC(140)   StringDedup Requests0 Weak     Min:  0.0, Avg:  0.0, Max:  0.0, Diff:  0.0, Sum:  0.0, Workers: 6
[38.327s][debug  ][gc,phases      ] GC(140)     Dead                           Min: 0, Avg:  0.0, Max: 0, Diff: 0, Sum: 0, Workers: 6
[38.327s][debug  ][gc,phases      ] GC(140)     Total                          Min: 0, Avg:  0.0, Max: 0, Diff: 0, Sum: 0, Workers: 6
[38.327s][debug  ][gc,phases      ] GC(140)   StringDedup Requests1 Weak     Min:  0.0, Avg:  0.0, Max:  0.0, Diff:  0.0, Sum:  0.0, Workers: 6
[38.327s][debug  ][gc,phases      ] GC(140)     Dead                           Min: 0, Avg:  0.0, Max: 0, Diff: 0, Sum: 0, Workers: 6
[38.327s][debug  ][gc,phases      ] GC(140)     Total                          Min: 0, Avg:  0.0, Max: 0, Diff: 0, Sum: 0, Workers: 6
[38.327s][debug  ][gc,phases      ] GC(140)   Weak JFR Old Object Samples    Min:  0.0, Avg:  0.0, Max:  0.0, Diff:  0.0, Sum:  0.0, Workers: 6
[38.327s][debug  ][gc,phases      ] GC(140)     Dead                           Min: 0, Avg:  0.0, Max: 0, Diff: 0, Sum: 0, Workers: 6
[38.327s][debug  ][gc,phases      ] GC(140)     Total                          Min: 0, Avg:  0.0, Max: 0, Diff: 0, Sum: 0, Workers: 6
[38.327s][debug  ][gc,phases      ] GC(140) Weak Processing 0.758ms
[38.327s][debug  ][gc,ergo        ] GC(140) AdaptiveSizeStart:  collection: 141 
[38.328s][debug  ][gc,ergo        ] GC(140) avg_survived_padded_avg: 34779708.000000
[38.328s][debug  ][gc,ergo        ] GC(140) avg_promoted_padded_avg: 248750704.000000  avg_pretenured_padded_avg: 0.000000  tenuring_thresh: 15  target_size: 35127296
[38.328s][debug  ][gc,age         ] GC(140) Desired survivor size 35127296 bytes, new threshold 15 (max threshold 15)
[38.328s][debug  ][gc,ergo        ] GC(140) PSAdaptiveSizePolicy::compute_eden_space_size limits: desired_eden_size: 216960905 old_eden_size: 197132288 eden_limit: 197656576 cur_eden: 197656576 max_eden_size: 197656576 avg_young_live: 27281872
[38.328s][debug  ][gc,ergo        ] GC(140) PSAdaptiveSizePolicy::compute_eden_space_size: costs minor_time: 0.051142 major_cost: 0.054419 mutator_cost: 0.894439 throughput_goal: 0.990000
[38.328s][debug  ][gc,ergo        ] GC(140) Live_space: 1073858560 free_space: 1397227520
[38.328s][debug  ][gc,ergo        ] GC(140) Old eden_size: 197132288 desired_eden_size: 197656576
[38.328s][debug  ][gc,ergo        ] GC(140) AdaptiveSizeStop: collection: 141 
[38.328s][info   ][gc,heap        ] GC(140) PSYoungGen: 218765K(227840K)->30720K(227328K) Eden: 188045K(193024K)->0K(193024K) From: 30720K(34816K)->30720K(34304K)
[38.328s][info   ][gc,heap        ] GC(140) ParOldGen: 1496677K(1835008K)->1680997K(1835008K)
[38.328s][info   ][gc,metaspace   ] GC(140) Metaspace: 1024K(1216K)->1024K(1216K) NonClass: 940K(1024K)->940K(1024K) Class: 83K(192K)->83K(192K)
[38.328s][info   ][gc             ] GC(140) Pause Young (Allocation Failure) 1675M->1671M(2014M) 16.630ms
[38.328s][info   ][gc,cpu         ] GC(140) User=0.12s Sys=0.00s Real=0.02s
[38.328s][debug  ][gc,heap        ] GC(140) Heap after GC invocations=141 (full 22):
[38.328s][debug  ][gc,heap        ] GC(140)  PSYoungGen      total 227328K, used 30720K [0x00000000f0000000, 0x0000000100000000, 0x0000000100000000)
[38.328s][debug  ][gc,heap        ] GC(140)   eden space 193024K, 0% used [0x00000000f0000000,0x00000000f0000000,0x00000000fbc80000)
[38.328s][debug  ][gc,heap        ] GC(140)   from space 34304K, 89% used [0x00000000fbc80000,0x00000000fda80030,0x00000000fde00000)
[38.328s][debug  ][gc,heap        ] GC(140)   to   space 34304K, 0% used [0x00000000fde80000,0x00000000fde80000,0x0000000100000000)
[38.328s][debug  ][gc,heap        ] GC(140)  ParOldGen       total 1835008K, used 1680997K [0x0000000080000000, 0x00000000f0000000, 0x00000000f0000000)
[38.328s][debug  ][gc,heap        ] GC(140)   object space 1835008K, 91% used [0x0000000080000000,0x00000000e6999648,0x00000000f0000000)
[38.328s][debug  ][gc,heap        ] GC(140)  Metaspace       used 1024K, committed 1216K, reserved 1056768K
[38.328s][debug  ][gc,heap        ] GC(140)   class space    used 83K, committed 192K, reserved 1048576K
[38.328s][debug  ][gc,task,time   ] GC(140) VM-Thread 383107216 383258207 383280452
[38.328s][debug  ][gc,phases,start] GC(141) Pre Compact
[38.328s][debug  ][gc,heap        ] GC(141) Heap before GC invocations=142 (full 23):
[38.328s][debug  ][gc,heap        ] GC(141)  PSYoungGen      total 227328K, used 30720K [0x00000000f0000000, 0x0000000100000000, 0x0000000100000000)
[38.328s][debug  ][gc,heap        ] GC(141)   eden space 193024K, 0% used [0x00000000f0000000,0x00000000f0000000,0x00000000fbc80000)
[38.328s][debug  ][gc,heap        ] GC(141)   from space 34304K, 89% used [0x00000000fbc80000,0x00000000fda80030,0x00000000fde00000)
[38.328s][debug  ][gc,heap        ] GC(141)   to   space 34304K, 0% used [0x00000000fde80000,0x00000000fde80000,0x0000000100000000)
[38.328s][debug  ][gc,heap        ] GC(141)  ParOldGen       total 1835008K, used 1680997K [0x0000000080000000, 0x00000000f0000000, 0x00000000f0000000)
[38.328s][debug  ][gc,heap        ] GC(141)   object space 1835008K, 91% used [0x0000000080000000,0x00000000e6999648,0x00000000f0000000)
[38.328s][debug  ][gc,heap        ] GC(141)  Metaspace       used 1024K, committed 1216K, reserved 1056768K
[38.328s][debug  ][gc,heap        ] GC(141)   class space    used 83K, committed 192K, reserved 1048576K
[38.328s][debug  ][gc,phases      ] GC(141) Pre Compact 0.202ms
[38.328s][info   ][gc,start       ] GC(141) Pause Full (Ergonomics)
[38.328s][info   ][gc,phases,start] GC(141) Marking Phase
[38.328s][debug  ][gc,phases,start] GC(141) Par Mark
[38.329s][debug  ][gc,phases      ] GC(141) Par Mark 0.557ms
[38.329s][debug  ][gc,phases,start] GC(141) Reference Processing
[38.329s][debug  ][gc,ref         ] GC(141) Skipped phase 1 of Reference Processing: no references
[38.329s][debug  ][gc,ref         ] GC(141) ReferenceProcessor::execute queues: 1, RefProcThreadModel::Single, marks_oops_alive: false
[38.329s][debug  ][gc,ref         ] GC(141) Skipped phase 3 of Reference Processing: no references
[38.329s][debug  ][gc,ref         ] GC(141) ReferenceProcessor::execute queues: 1, RefProcThreadModel::Single, marks_oops_alive: false
[38.329s][debug  ][gc,phases,ref  ] GC(141) Reference Processing: 0.1ms
[38.329s][debug  ][gc,phases,ref  ] GC(141)   Reconsider SoftReferences: 0.0ms
[38.329s][debug  ][gc,phases,ref  ] GC(141)     SoftRef (ms):                  skipped
[38.329s][debug  ][gc,phases,ref  ] GC(141)   Notify Soft/WeakReferences: 0.0ms
[38.329s][debug  ][gc,phases,ref  ] GC(141)     SoftRef (ms):                  Min:  0.0, Avg:  0.0, Max:  0.0, Diff:  0.0, Sum:  0.0, Workers: 8
[38.329s][debug  ][gc,phases,ref  ] GC(141)     WeakRef (ms):                  Min:  0.0, Avg:  0.0, Max:  0.0, Diff:  0.0, Sum:  0.0, Workers: 8
[38.329s][debug  ][gc,phases,ref  ] GC(141)     FinalRef (ms):                 Min:  0.0, Avg:  0.0, Max:  0.0, Diff:  0.0, Sum:  0.0, Workers: 8
[38.329s][debug  ][gc,phases,ref  ] GC(141)     Total (ms):                    Min:  0.0, Avg:  0.0, Max:  0.0, Diff:  0.0, Sum:  0.0, Workers: 8
[38.329s][debug  ][gc,phases,ref  ] GC(141)   Notify and keep alive finalizable: 0.0ms
[38.329s][debug  ][gc,phases,ref  ] GC(141)     FinalRef (ms):                 skipped
[38.329s][debug  ][gc,phases,ref  ] GC(141)   Notify PhantomReferences: 0.0ms
[38.329s][debug  ][gc,phases,ref  ] GC(141)     PhantomRef (ms):               Min:  0.0, Avg:  0.0, Max:  0.0, Diff:  0.0, Sum:  0.0, Workers: 8
[38.329s][debug  ][gc,phases,ref  ] GC(141)   SoftReference:
[38.329s][debug  ][gc,phases,ref  ] GC(141)     Discovered: 0
[38.329s][debug  ][gc,phases,ref  ] GC(141)     Cleared: 0
[38.330s][debug  ][gc,phases,ref  ] GC(141)   WeakReference:
[38.330s][debug  ][gc,phases,ref  ] GC(141)     Discovered: 83
[38.330s][debug  ][gc,phases,ref  ] GC(141)     Cleared: 83
[38.330s][debug  ][gc,phases,ref  ] GC(141)   FinalReference:
[38.330s][debug  ][gc,phases,ref  ] GC(141)     Discovered: 0
[38.330s][debug  ][gc,phases,ref  ] GC(141)     Cleared: 0
[38.330s][debug  ][gc,phases,ref  ] GC(141)   PhantomReference:
[38.330s][debug  ][gc,phases,ref  ] GC(141)     Discovered: 5
[38.330s][debug  ][gc,phases,ref  ] GC(141)     Cleared: 5
[38.330s][debug  ][gc,phases      ] GC(141) Reference Processing 0.732ms
[38.330s][debug  ][gc,phases,start] GC(141) Weak Processing
[38.330s][debug  ][gc,phases      ] GC(141)   VM Weak                        Min:  0.0, Avg:  0.0, Max:  0.0, Diff:  0.0, Sum:  0.0, Workers: 6
[38.330s][debug  ][gc,phases      ] GC(141)     Dead                           Min: 0, Avg:  0.0, Max: 0, Diff: 0, Sum: 0, Workers: 6
[38.330s][debug  ][gc,phases      ] GC(141)     Total                          Min: 0, Avg:  1.3, Max: 8, Diff: 8, Sum: 8, Workers: 6
[38.330s][debug  ][gc,phases      ] GC(141)   ObjectSynchronizer Weak        Min:  0.0, Avg:  0.0, Max:  0.0, Diff:  0.0, Sum:  0.0, Workers: 6
[38.330s][debug  ][gc,phases      ] GC(141)     Dead                           Min: 0, Avg:  0.0, Max: 0, Diff: 0, Sum: 0, Workers: 6
[38.330s][debug  ][gc,phases      ] GC(141)     Total                          Min: 0, Avg:  0.5, Max: 3, Diff: 3, Sum: 3, Workers: 6
[38.330s][debug  ][gc,phases      ] GC(141)   JVMTI Tag Weak OopStorage      Min:  0.0, Avg:  0.0, Max:  0.0, Diff:  0.0, Sum:  0.0, Workers: 6
[38.330s][debug  ][gc,phases      ] GC(141)     Dead                           Min: 0, Avg:  0.0, Max: 0, Diff: 0, Sum: 0, Workers: 6
[38.330s][debug  ][gc,phases      ] GC(141)     Total                          Min: 0, Avg:  0.0, Max: 0, Diff: 0, Sum: 0, Workers: 6
[38.330s][debug  ][gc,phases      ] GC(141)   StringTable Weak               Min:  0.0, Avg:  0.0, Max:  0.0, Diff:  0.0, Sum:  0.0, Workers: 6
[38.330s][debug  ][gc,phases      ] GC(141)     Dead                           Min: 0, Avg:  0.0, Max: 0, Diff: 0, Sum: 0, Workers: 6
[38.330s][debug  ][gc,phases      ] GC(141)     Total                          Min: 704, Avg: 892.5, Max: 1260, Diff: 556, Sum: 5355, Workers: 6
[38.330s][debug  ][gc,phases      ] GC(141)   ResolvedMethodTable Weak       Min:  0.0, Avg:  0.0, Max:  0.0, Diff:  0.0, Sum:  0.0, Workers: 6
[38.330s][debug  ][gc,phases      ] GC(141)     Dead                           Min: 0, Avg:  0.0, Max: 0, Diff: 0, Sum: 0, Workers: 6
[38.330s][debug  ][gc,phases      ] GC(141)     Total                          Min: 0, Avg: 21.5, Max: 64, Diff: 64, Sum: 129, Workers: 6
[38.330s][debug  ][gc,phases      ] GC(141)   JNI Weak                       Min:  0.0, Avg:  0.0, Max:  0.0, Diff:  0.0, Sum:  0.0, Workers: 6
[38.330s][debug  ][gc,phases      ] GC(141)     Dead                           Min: 0, Avg:  0.0, Max: 0, Diff: 0, Sum: 0, Workers: 6
[38.330s][debug  ][gc,phases      ] GC(141)     Total                          Min: 0, Avg:  0.0, Max: 0, Diff: 0, Sum: 0, Workers: 6
[38.330s][debug  ][gc,phases      ] GC(141)   StringDedup Table Weak         Min:  0.0, Avg:  0.0, Max:  0.0, Diff:  0.0, Sum:  0.0, Workers: 6
[38.330s][debug  ][gc,phases      ] GC(141)     Dead                           Min: 0, Avg:  0.0, Max: 0, Diff: 0, Sum: 0, Workers: 6
[38.330s][debug  ][gc,phases      ] GC(141)     Total                          Min: 0, Avg:  0.0, Max: 0, Diff: 0, Sum: 0, Workers: 6
[38.330s][debug  ][gc,phases      ] GC(141)   StringDedup Requests0 Weak     Min:  0.0, Avg:  0.0, Max:  0.0, Diff:  0.0, Sum:  0.0, Workers: 6
[38.330s][debug  ][gc,phases      ] GC(141)     Dead                           Min: 0, Avg:  0.0, Max: 0, Diff: 0, Sum: 0, Workers: 6
[38.330s][debug  ][gc,phases      ] GC(141)     Total                          Min: 0, Avg:  0.0, Max: 0, Diff: 0, Sum: 0, Workers: 6
[38.330s][debug  ][gc,phases      ] GC(141)   StringDedup Requests1 Weak     Min:  0.0, Avg:  0.0, Max:  0.0, Diff:  0.0, Sum:  0.0, Workers: 6
[38.330s][debug  ][gc,phases      ] GC(141)     Dead                           Min: 0, Avg:  0.0, Max: 0, Diff: 0, Sum: 0, Workers: 6
[38.330s][debug  ][gc,phases      ] GC(141)     Total                          Min: 0, Avg:  0.0, Max: 0, Diff: 0, Sum: 0, Workers: 6
[38.330s][debug  ][gc,phases      ] GC(141)   Weak JFR Old Object Samples    Min:  0.0, Avg:  0.0, Max:  0.0, Diff:  0.0, Sum:  0.0, Workers: 6
[38.330s][debug  ][gc,phases      ] GC(141)     Dead                           Min: 0, Avg:  0.0, Max: 0, Diff: 0, Sum: 0, Workers: 6
[38.330s][debug  ][gc,phases      ] GC(141)     Total                          Min: 0, Avg:  0.0, Max: 0, Diff: 0, Sum: 0, Workers: 6
[38.330s][debug  ][gc,phases      ] GC(141) Weak Processing 0.672ms
[38.330s][debug  ][gc,phases,start] GC(141) Class Unloading
[38.330s][debug  ][gc,phases,start] GC(141) ClassLoaderData
[38.330s][debug  ][gc,phases      ] GC(141) ClassLoaderData 0.019ms
[38.330s][debug  ][gc,phases,start] GC(141) Trigger cleanups
[38.330s][debug  ][gc,phases      ] GC(141) Trigger cleanups 0.025ms
[38.331s][debug  ][gc,phases      ] GC(141) Class Unloading 0.297ms
[38.331s][info   ][gc,phases      ] GC(141) Marking Phase 2.400ms
[38.331s][info   ][gc,phases,start] GC(141) Summary Phase
[38.331s][info   ][gc,phases      ] GC(141) Summary Phase 0.048ms
[38.331s][info   ][gc,phases,start] GC(141) Adjust Roots
[38.331s][info   ][gc,phases      ] GC(141) Adjust Roots 0.171ms
[38.331s][info   ][gc,phases,start] GC(141) Compaction Phase
[38.410s][info   ][gc,phases      ] GC(141) Compaction Phase 78.675ms
[38.410s][info   ][gc,phases,start] GC(141) Post Compact
[38.415s][info   ][gc,phases      ] GC(141) Post Compact 4.997ms
[38.415s][debug  ][gc,ergo        ] GC(141) AdaptiveSizeStart: collection: 142 
[38.415s][debug  ][gc,ergo        ] GC(141) PSAdaptiveSizePolicy::compute_eden_space_size limits: desired_eden_size: 216983165 old_eden_size: 197656576 eden_limit: 198180864 cur_eden: 197656576 max_eden_size: 198180864 avg_young_live: 24553684
[38.415s][debug  ][gc,ergo        ] GC(141) PSAdaptiveSizePolicy::compute_eden_space_size: costs minor_time: 0.051142 major_cost: 0.054298 mutator_cost: 0.894561 throughput_goal: 0.990000
[38.415s][debug  ][gc,ergo        ] GC(141) Live_space: 1071130496 free_space: 1397751808
[38.415s][debug  ][gc,ergo        ] GC(141) Old eden_size: 197656576 desired_eden_size: 198180864
[38.415s][debug  ][gc,ergo        ] GC(141) PSAdaptiveSizePolicy::compute_old_gen_free_space limits: desired_promo_size: 1323751006 promo_limit: 1200095232 free_in_old_gen: 1104104576 max_old_gen_size: 1879048192 avg_old_live: 774943616
[38.415s][debug  ][gc,ergo        ] GC(141) PSAdaptiveSizePolicy::compute_old_gen_free_space: costs minor_time: 0.051142 major_cost: 0.054298  mutator_cost: 0.894561 throughput_goal: 0.990000
[38.415s][debug  ][gc,ergo        ] GC(141) Live_space: 1067932800 free_space: 1398276096
[38.415s][debug  ][gc,ergo        ] GC(141) Old promo_size: 1200095232 desired_promo_size: 1200095232
[38.415s][debug  ][gc,ergo        ] GC(141) AdaptiveSizeStop: collection: 142 
[38.415s][info   ][gc,heap        ] GC(141) PSYoungGen: 30720K(227328K)->0K(227840K) Eden: 0K(193024K)->0K(193536K) From: 30720K(34304K)->0K(34304K)
[38.415s][info   ][gc,heap        ] GC(141) ParOldGen: 1680997K(1835008K)->728676K(1835008K)
[38.415s][info   ][gc,metaspace   ] GC(141) Metaspace: 1024K(1216K)->1024K(1216K) NonClass: 940K(1024K)->940K(1024K) Class: 83K(192K)->83K(192K)
[38.415s][info   ][gc             ] GC(141) Pause Full (Ergonomics) 1671M->711M(2014M) 86.906ms
[38.415s][info   ][gc,cpu         ] GC(141) User=0.64s Sys=0.00s Real=0.09s
[38.415s][debug  ][gc,heap        ] GC(141) Heap after GC invocations=142 (full 23):
[38.415s][debug  ][gc,heap        ] GC(141)  PSYoungGen      total 227840K, used 0K [0x00000000f0000000, 0x0000000100000000, 0x0000000100000000)
[38.415s][debug  ][gc,heap        ] GC(141)   eden space 193536K, 0% used [0x00000000f0000000,0x00000000f0000000,0x00000000fbd00000)
[38.415s][debug  ][gc,heap        ] GC(141)   from space 34304K, 0% used [0x00000000fde80000,0x00000000fde80000,0x0000000100000000)
[38.415s][debug  ][gc,heap        ] GC(141)   to   space 34304K, 0% used [0x00000000fbd00000,0x00000000fbd00000,0x00000000fde80000)
[38.415s][debug  ][gc,heap        ] GC(141)  ParOldGen       total 1835008K, used 728676K [0x0000000080000000, 0x00000000f0000000, 0x00000000f0000000)
[38.415s][debug  ][gc,heap        ] GC(141)   object space 1835008K, 39% used [0x0000000080000000,0x00000000ac799078,0x00000000f0000000)
[38.415s][debug  ][gc,heap        ] GC(141)  Metaspace       used 1024K, committed 1216K, reserved 1056768K
[38.415s][debug  ][gc,heap        ] GC(141)   class space    used 83K, committed 192K, reserved 1048576K
[38.415s][debug  ][gc,task,time   ] GC(141) VM-Thread 383283233 383310618 384152622
[38.706s][debug  ][gc,heap        ] GC(142) Heap before GC invocations=143 (full 23):
[38.706s][debug  ][gc,heap        ] GC(142)  PSYoungGen      total 227840K, used 188075K [0x00000000f0000000, 0x0000000100000000, 0x0000000100000000)
[38.706s][debug  ][gc,heap        ] GC(142)   eden space 193536K, 97% used [0x00000000f0000000,0x00000000fb7aaf78,0x00000000fbd00000)
[38.706s][debug  ][gc,heap        ] GC(142)   from space 34304K, 0% used [0x00000000fde80000,0x00000000fde80000,0x0000000100000000)
[38.706s][debug  ][gc,heap        ] GC(142)   to   space 34304K, 0% used [0x00000000fbd00000,0x00000000fbd00000,0x00000000fde80000)
[38.706s][debug  ][gc,heap        ] GC(142)  ParOldGen       total 1835008K, used 728676K [0x0000000080000000, 0x00000000f0000000, 0x00000000f0000000)
[38.706s][debug  ][gc,heap        ] GC(142)   object space 1835008K, 39% used [0x0000000080000000,0x00000000ac799078,0x00000000f0000000)
[38.706s][debug  ][gc,heap        ] GC(142)  Metaspace       used 1024K, committed 1216K, reserved 1056768K
[38.706s][debug  ][gc,heap        ] GC(142)   class space    used 83K, committed 192K, reserved 1048576K
[38.706s][debug  ][gc,tlab        ] GC(142) TLAB totals: thrds: 1  refills: 1 max: 1 slow allocs: 17 max 17 waste: 26.8% gc: 3845720B max: 3845720B slow: 0B max: 0B
[38.706s][info   ][gc,start       ] GC(142) Pause Young (Allocation Failure)
[38.706s][debug  ][gc,phases,start] GC(142) Scavenge
[38.719s][debug  ][gc,phases      ] GC(142) Scavenge 12.527ms
[38.719s][debug  ][gc,phases,start] GC(142) Reference Processing
[38.719s][debug  ][gc,ref         ] GC(142) Skipped phase 1 of Reference Processing: no references
[38.719s][debug  ][gc,ref         ] GC(142) Skipped phase 2 of Reference Processing: no references
[38.719s][debug  ][gc,ref         ] GC(142) Skipped phase 3 of Reference Processing: no references
[38.719s][debug  ][gc,ref         ] GC(142) Skipped phase 4 of Reference Processing: no references
[38.719s][debug  ][gc,phases,ref  ] GC(142) Reference Processing: 0.1ms
[38.719s][debug  ][gc,phases,ref  ] GC(142)   Reconsider SoftReferences: 0.0ms
[38.719s][debug  ][gc,phases,ref  ] GC(142)     SoftRef (ms):                  skipped
[38.719s][debug  ][gc,phases,ref  ] GC(142)   Notify Soft/WeakReferences: 0.0ms
[38.719s][debug  ][gc,phases,ref  ] GC(142)     SoftRef (ms):                  skipped
[38.719s][debug  ][gc,phases,ref  ] GC(142)     WeakRef (ms):                  skipped
[38.719s][debug  ][gc,phases,ref  ] GC(142)     FinalRef (ms):                 skipped
[38.719s][debug  ][gc,phases,ref  ] GC(142)     Total (ms):                    skipped
[38.719s][debug  ][gc,phases,ref  ] GC(142)   Notify and keep alive finalizable: 0.0ms
[38.719s][debug  ][gc,phases,ref  ] GC(142)     FinalRef (ms):                 skipped
[38.719s][debug  ][gc,phases,ref  ] GC(142)   Notify PhantomReferences: 0.0ms
[38.719s][debug  ][gc,phases,ref  ] GC(142)     PhantomRef (ms):               skipped
[38.719s][debug  ][gc,phases,ref  ] GC(142)   SoftReference:
[38.719s][debug  ][gc,phases,ref  ] GC(142)     Discovered: 0
[38.719s][debug  ][gc,phases,ref  ] GC(142)     Cleared: 0
[38.719s][debug  ][gc,phases,ref  ] GC(142)   WeakReference:
[38.719s][debug  ][gc,phases,ref  ] GC(142)     Discovered: 0
[38.719s][debug  ][gc,phases,ref  ] GC(142)     Cleared: 0
[38.719s][debug  ][gc,phases,ref  ] GC(142)   FinalReference:
[38.720s][debug  ][gc,phases,ref  ] GC(142)     Discovered: 0
[38.720s][debug  ][gc,phases,ref  ] GC(142)     Cleared: 0
[38.720s][debug  ][gc,phases,ref  ] GC(142)   PhantomReference:
[38.720s][debug  ][gc,phases,ref  ] GC(142)     Discovered: 0
[38.720s][debug  ][gc,phases,ref  ] GC(142)     Cleared: 0
[38.720s][debug  ][gc,phases      ] GC(142) Reference Processing 0.762ms
[38.720s][debug  ][gc,phases,start] GC(142) Weak Processing
[38.720s][debug  ][gc,phases      ] GC(142)   VM Weak                        Min:  0.0, Avg:  0.0, Max:  0.0, Diff:  0.0, Sum:  0.0, Workers: 6
[38.720s][debug  ][gc,phases      ] GC(142)     Dead                           Min: 0, Avg:  0.0, Max: 0, Diff: 0, Sum: 0, Workers: 6
[38.720s][debug  ][gc,phases      ] GC(142)     Total                          Min: 0, Avg:  1.3, Max: 8, Diff: 8, Sum: 8, Workers: 6
[38.720s][debug  ][gc,phases      ] GC(142)   ObjectSynchronizer Weak        Min:  0.0, Avg:  0.0, Max:  0.0, Diff:  0.0, Sum:  0.0, Workers: 6
[38.720s][debug  ][gc,phases      ] GC(142)     Dead                           Min: 0, Avg:  0.0, Max: 0, Diff: 0, Sum: 0, Workers: 6
[38.720s][debug  ][gc,phases      ] GC(142)     Total                          Min: 0, Avg:  0.5, Max: 3, Diff: 3, Sum: 3, Workers: 6
[38.720s][debug  ][gc,phases      ] GC(142)   JVMTI Tag Weak OopStorage      Min:  0.0, Avg:  0.0, Max:  0.0, Diff:  0.0, Sum:  0.0, Workers: 6
[38.720s][debug  ][gc,phases      ] GC(142)     Dead                           Min: 0, Avg:  0.0, Max: 0, Diff: 0, Sum: 0, Workers: 6
[38.720s][debug  ][gc,phases      ] GC(142)     Total                          Min: 0, Avg:  0.0, Max: 0, Diff: 0, Sum: 0, Workers: 6
[38.720s][debug  ][gc,phases      ] GC(142)   StringTable Weak               Min:  0.0, Avg:  0.0, Max:  0.0, Diff:  0.0, Sum:  0.1, Workers: 6
[38.720s][debug  ][gc,phases      ] GC(142)     Dead                           Min: 0, Avg:  0.0, Max: 0, Diff: 0, Sum: 0, Workers: 6
[38.720s][debug  ][gc,phases      ] GC(142)     Total                          Min: 704, Avg: 892.5, Max: 1152, Diff: 448, Sum: 5355, Workers: 6
[38.720s][debug  ][gc,phases      ] GC(142)   ResolvedMethodTable Weak       Min:  0.0, Avg:  0.0, Max:  0.0, Diff:  0.0, Sum:  0.0, Workers: 6
[38.720s][debug  ][gc,phases      ] GC(142)     Dead                           Min: 0, Avg:  0.0, Max: 0, Diff: 0, Sum: 0, Workers: 6
[38.720s][debug  ][gc,phases      ] GC(142)     Total                          Min: 0, Avg: 21.5, Max: 64, Diff: 64, Sum: 129, Workers: 6
[38.720s][debug  ][gc,phases      ] GC(142)   JNI Weak                       Min:  0.0, Avg:  0.0, Max:  0.0, Diff:  0.0, Sum:  0.0, Workers: 6
[38.720s][debug  ][gc,phases      ] GC(142)     Dead                           Min: 0, Avg:  0.0, Max: 0, Diff: 0, Sum: 0, Workers: 6
[38.720s][debug  ][gc,phases      ] GC(142)     Total                          Min: 0, Avg:  0.0, Max: 0, Diff: 0, Sum: 0, Workers: 6
[38.720s][debug  ][gc,phases      ] GC(142)   StringDedup Table Weak         Min:  0.0, Avg:  0.0, Max:  0.0, Diff:  0.0, Sum:  0.0, Workers: 6
[38.720s][debug  ][gc,phases      ] GC(142)     Dead                           Min: 0, Avg:  0.0, Max: 0, Diff: 0, Sum: 0, Workers: 6
[38.720s][debug  ][gc,phases      ] GC(142)     Total                          Min: 0, Avg:  0.0, Max: 0, Diff: 0, Sum: 0, Workers: 6
[38.720s][debug  ][gc,phases      ] GC(142)   StringDedup Requests0 Weak     Min:  0.0, Avg:  0.0, Max:  0.0, Diff:  0.0, Sum:  0.0, Workers: 6
[38.720s][debug  ][gc,phases      ] GC(142)     Dead                           Min: 0, Avg:  0.0, Max: 0, Diff: 0, Sum: 0, Workers: 6
[38.720s][debug  ][gc,phases      ] GC(142)     Total                          Min: 0, Avg:  0.0, Max: 0, Diff: 0, Sum: 0, Workers: 6
[38.720s][debug  ][gc,phases      ] GC(142)   StringDedup Requests1 Weak     Min:  0.0, Avg:  0.0, Max:  0.0, Diff:  0.0, Sum:  0.0, Workers: 6
[38.720s][debug  ][gc,phases      ] GC(142)     Dead                           Min: 0, Avg:  0.0, Max: 0, Diff: 0, Sum: 0, Workers: 6
[38.720s][debug  ][gc,phases      ] GC(142)     Total                          Min: 0, Avg:  0.0, Max: 0, Diff: 0, Sum: 0, Workers: 6
[38.720s][debug  ][gc,phases      ] GC(142)   Weak JFR Old Object Samples    Min:  0.0, Avg:  0.0, Max:  0.0, Diff:  0.0, Sum:  0.0, Workers: 6
[38.720s][debug  ][gc,phases      ] GC(142)     Dead                           Min: 0, Avg:  0.0, Max: 0, Diff: 0, Sum: 0, Workers: 6
[38.720s][debug  ][gc,phases      ] GC(142)     Total                          Min: 0, Avg:  0.0, Max: 0, Diff: 0, Sum: 0, Workers: 6
[38.720s][debug  ][gc,phases      ] GC(142) Weak Processing 0.828ms
[38.721s][debug  ][gc,ergo        ] GC(142) AdaptiveSizeStart:  collection: 143 
[38.721s][debug  ][gc,ergo        ] GC(142) avg_survived_padded_avg: 34582876.000000
[38.721s][debug  ][gc,ergo        ] GC(142) avg_promoted_padded_avg: 243174864.000000  avg_pretenured_padded_avg: 0.000000  tenuring_thresh: 15  target_size: 34603008
[38.721s][debug  ][gc,age         ] GC(142) Desired survivor size 34603008 bytes, new threshold 15 (max threshold 15)
[38.721s][debug  ][gc,ergo        ] GC(142) PSAdaptiveSizePolicy::compute_eden_space_size limits: desired_eden_size: 216757788 old_eden_size: 198180864 eden_limit: 198180864 cur_eden: 198180864 max_eden_size: 198180864 avg_young_live: 25244048
[38.721s][debug  ][gc,ergo        ] GC(142) PSAdaptiveSizePolicy::compute_eden_space_size: costs minor_time: 0.047425 major_cost: 0.054298 mutator_cost: 0.898277 throughput_goal: 0.990000
[38.721s][debug  ][gc,ergo        ] GC(142) Live_space: 1068623104 free_space: 1398276096
[38.721s][debug  ][gc,ergo        ] GC(142) Old eden_size: 198180864 desired_eden_size: 198180864
[38.721s][debug  ][gc,ergo        ] GC(142) AdaptiveSizeStop: collection: 143 
[38.721s][info   ][gc,heap        ] GC(142) PSYoungGen: 188075K(227840K)->30720K(227840K) Eden: 188075K(193536K)->0K(193536K) From: 0K(34304K)->30720K(34304K)
[38.721s][info   ][gc,heap        ] GC(142) ParOldGen: 728676K(1835008K)->882276K(1835008K)
[38.721s][info   ][gc,metaspace   ] GC(142) Metaspace: 1024K(1216K)->1024K(1216K) NonClass: 940K(1024K)->940K(1024K) Class: 83K(192K)->83K(192K)
[38.721s][info   ][gc             ] GC(142) Pause Young (Allocation Failure) 895M->891M(2014M) 14.654ms
[38.721s][info   ][gc,cpu         ] GC(142) User=0.12s Sys=0.00s Real=0.02s
[38.721s][debug  ][gc,heap        ] GC(142) Heap after GC invocations=143 (full 23):
[38.721s][debug  ][gc,heap        ] GC(142)  PSYoungGen      total 227840K, used 30720K [0x00000000f0000000, 0x0000000100000000, 0x0000000100000000)
[38.721s][debug  ][gc,heap        ] GC(142)   eden space 193536K, 0% used [0x00000000f0000000,0x00000000f0000000,0x00000000fbd00000)
[38.721s][debug  ][gc,heap        ] GC(142)   from space 34304K, 89% used [0x00000000fbd00000,0x00000000fdb00030,0x00000000fde80000)
[38.721s][debug  ][gc,heap        ] GC(142)   to   space 33792K, 0% used [0x00000000fdf00000,0x00000000fdf00000,0x0000000100000000)
[38.721s][debug  ][gc,heap        ] GC(142)  ParOldGen       total 1835008K, used 882276K [0x0000000080000000, 0x00000000f0000000, 0x00000000f0000000)
[38.721s][debug  ][gc,heap        ] GC(142)   object space 1835008K, 48% used [0x0000000080000000,0x00000000b5d99168,0x00000000f0000000)
[38.721s][debug  ][gc,heap        ] GC(142)  Metaspace       used 1024K, committed 1216K, reserved 1056768K
[38.721s][debug  ][gc,heap        ] GC(142)   class space    used 83K, committed 192K, reserved 1048576K
[38.721s][debug  ][gc,task,time   ] GC(142) VM-Thread 387057596 387188639 387211502
[39.006s][debug  ][gc,heap        ] GC(143) Heap before GC invocations=144 (full 23):
[39.006s][debug  ][gc,heap        ] GC(143)  PSYoungGen      total 227840K, used 218735K [0x00000000f0000000, 0x0000000100000000, 0x0000000100000000)
[39.006s][debug  ][gc,heap        ] GC(143)   eden space 193536K, 97% used [0x00000000f0000000,0x00000000fb79bd68,0x00000000fbd00000)
[39.006s][debug  ][gc,heap        ] GC(143)   from space 34304K, 89% used [0x00000000fbd00000,0x00000000fdb00030,0x00000000fde80000)
[39.006s][debug  ][gc,heap        ] GC(143)   to   space 33792K, 0% used [0x00000000fdf00000,0x00000000fdf00000,0x0000000100000000)
[39.006s][debug  ][gc,heap        ] GC(143)  ParOldGen       total 1835008K, used 882276K [0x0000000080000000, 0x00000000f0000000, 0x00000000f0000000)
[39.006s][debug  ][gc,heap        ] GC(143)   object space 1835008K, 48% used [0x0000000080000000,0x00000000b5d99168,0x00000000f0000000)
[39.006s][debug  ][gc,heap        ] GC(143)  Metaspace       used 1024K, committed 1216K, reserved 1056768K
[39.006s][debug  ][gc,heap        ] GC(143)   class space    used 83K, committed 192K, reserved 1048576K
[39.006s][debug  ][gc,tlab        ] GC(143) TLAB totals: thrds: 1  refills: 1 max: 1 slow allocs: 17 max 17 waste: 26.5% gc: 3782688B max: 3782688B slow: 0B max: 0B
[39.006s][info   ][gc,start       ] GC(143) Pause Young (Allocation Failure)
[39.006s][debug  ][gc,phases,start] GC(143) Scavenge
[39.012s][debug  ][gc,phases      ] GC(143) Scavenge 5.297ms
[39.012s][debug  ][gc,phases,start] GC(143) Reference Processing
[39.012s][debug  ][gc,ref         ] GC(143) Skipped phase 1 of Reference Processing: no references
[39.012s][debug  ][gc,ref         ] GC(143) Skipped phase 2 of Reference Processing: no references
[39.012s][debug  ][gc,ref         ] GC(143) Skipped phase 3 of Reference Processing: no references
[39.012s][debug  ][gc,ref         ] GC(143) Skipped phase 4 of Reference Processing: no references
[39.012s][debug  ][gc,phases,ref  ] GC(143) Reference Processing: 0.1ms
[39.012s][debug  ][gc,phases,ref  ] GC(143)   Reconsider SoftReferences: 0.0ms
[39.012s][debug  ][gc,phases,ref  ] GC(143)     SoftRef (ms):                  skipped
[39.012s][debug  ][gc,phases,ref  ] GC(143)   Notify Soft/WeakReferences: 0.0ms
[39.012s][debug  ][gc,phases,ref  ] GC(143)     SoftRef (ms):                  skipped
[39.012s][debug  ][gc,phases,ref  ] GC(143)     WeakRef (ms):                  skipped
[39.012s][debug  ][gc,phases,ref  ] GC(143)     FinalRef (ms):                 skipped
[39.012s][debug  ][gc,phases,ref  ] GC(143)     Total (ms):                    skipped
[39.012s][debug  ][gc,phases,ref  ] GC(143)   Notify and keep alive finalizable: 0.0ms
[39.012s][debug  ][gc,phases,ref  ] GC(143)     FinalRef (ms):                 skipped
[39.012s][debug  ][gc,phases,ref  ] GC(143)   Notify PhantomReferences: 0.0ms
[39.012s][debug  ][gc,phases,ref  ] GC(143)     PhantomRef (ms):               skipped
[39.012s][debug  ][gc,phases,ref  ] GC(143)   SoftReference:
[39.012s][debug  ][gc,phases,ref  ] GC(143)     Discovered: 0
[39.012s][debug  ][gc,phases,ref  ] GC(143)     Cleared: 0
[39.012s][debug  ][gc,phases,ref  ] GC(143)   WeakReference:
[39.012s][debug  ][gc,phases,ref  ] GC(143)     Discovered: 0
[39.012s][debug  ][gc,phases,ref  ] GC(143)     Cleared: 0
[39.012s][debug  ][gc,phases,ref  ] GC(143)   FinalReference:
[39.013s][debug  ][gc,phases,ref  ] GC(143)     Discovered: 0
[39.013s][debug  ][gc,phases,ref  ] GC(143)     Cleared: 0
[39.013s][debug  ][gc,phases,ref  ] GC(143)   PhantomReference:
[39.013s][debug  ][gc,phases,ref  ] GC(143)     Discovered: 0
[39.013s][debug  ][gc,phases,ref  ] GC(143)     Cleared: 0
[39.013s][debug  ][gc,phases      ] GC(143) Reference Processing 0.879ms
[39.013s][debug  ][gc,phases,start] GC(143) Weak Processing
[39.013s][debug  ][gc,phases      ] GC(143)   VM Weak                        Min:  0.0, Avg:  0.0, Max:  0.0, Diff:  0.0, Sum:  0.0, Workers: 6
[39.013s][debug  ][gc,phases      ] GC(143)     Dead                           Min: 0, Avg:  0.0, Max: 0, Diff: 0, Sum: 0, Workers: 6
[39.013s][debug  ][gc,phases      ] GC(143)     Total                          Min: 0, Avg:  1.3, Max: 8, Diff: 8, Sum: 8, Workers: 6
[39.013s][debug  ][gc,phases      ] GC(143)   ObjectSynchronizer Weak        Min:  0.0, Avg:  0.0, Max:  0.0, Diff:  0.0, Sum:  0.0, Workers: 6
[39.013s][debug  ][gc,phases      ] GC(143)     Dead                           Min: 0, Avg:  0.0, Max: 0, Diff: 0, Sum: 0, Workers: 6
[39.013s][debug  ][gc,phases      ] GC(143)     Total                          Min: 0, Avg:  0.5, Max: 3, Diff: 3, Sum: 3, Workers: 6
[39.013s][debug  ][gc,phases      ] GC(143)   JVMTI Tag Weak OopStorage      Min:  0.0, Avg:  0.0, Max:  0.0, Diff:  0.0, Sum:  0.0, Workers: 6
[39.013s][debug  ][gc,phases      ] GC(143)     Dead                           Min: 0, Avg:  0.0, Max: 0, Diff: 0, Sum: 0, Workers: 6
[39.013s][debug  ][gc,phases      ] GC(143)     Total                          Min: 0, Avg:  0.0, Max: 0, Diff: 0, Sum: 0, Workers: 6
[39.013s][debug  ][gc,phases      ] GC(143)   StringTable Weak               Min:  0.0, Avg:  0.0, Max:  0.0, Diff:  0.0, Sum:  0.0, Workers: 6
[39.013s][debug  ][gc,phases      ] GC(143)     Dead                           Min: 0, Avg:  0.0, Max: 0, Diff: 0, Sum: 0, Workers: 6
[39.013s][debug  ][gc,phases      ] GC(143)     Total                          Min: 832, Avg: 892.5, Max: 960, Diff: 128, Sum: 5355, Workers: 6
[39.013s][debug  ][gc,phases      ] GC(143)   ResolvedMethodTable Weak       Min:  0.0, Avg:  0.0, Max:  0.0, Diff:  0.0, Sum:  0.0, Workers: 6
[39.013s][debug  ][gc,phases      ] GC(143)     Dead                           Min: 0, Avg:  0.0, Max: 0, Diff: 0, Sum: 0, Workers: 6
[39.013s][debug  ][gc,phases      ] GC(143)     Total                          Min: 0, Avg: 21.5, Max: 64, Diff: 64, Sum: 129, Workers: 6
[39.013s][debug  ][gc,phases      ] GC(143)   JNI Weak                       Min:  0.0, Avg:  0.0, Max:  0.0, Diff:  0.0, Sum:  0.0, Workers: 6
[39.013s][debug  ][gc,phases      ] GC(143)     Dead                           Min: 0, Avg:  0.0, Max: 0, Diff: 0, Sum: 0, Workers: 6
[39.013s][debug  ][gc,phases      ] GC(143)     Total                          Min: 0, Avg:  0.0, Max: 0, Diff: 0, Sum: 0, Workers: 6
[39.013s][debug  ][gc,phases      ] GC(143)   StringDedup Table Weak         Min:  0.0, Avg:  0.0, Max:  0.0, Diff:  0.0, Sum:  0.0, Workers: 6
[39.013s][debug  ][gc,phases      ] GC(143)     Dead                           Min: 0, Avg:  0.0, Max: 0, Diff: 0, Sum: 0, Workers: 6
[39.013s][debug  ][gc,phases      ] GC(143)     Total                          Min: 0, Avg:  0.0, Max: 0, Diff: 0, Sum: 0, Workers: 6
[39.013s][debug  ][gc,phases      ] GC(143)   StringDedup Requests0 Weak     Min:  0.0, Avg:  0.0, Max:  0.0, Diff:  0.0, Sum:  0.0, Workers: 6
[39.013s][debug  ][gc,phases      ] GC(143)     Dead                           Min: 0, Avg:  0.0, Max: 0, Diff: 0, Sum: 0, Workers: 6
[39.013s][debug  ][gc,phases      ] GC(143)     Total                          Min: 0, Avg:  0.0, Max: 0, Diff: 0, Sum: 0, Workers: 6
[39.013s][debug  ][gc,phases      ] GC(143)   StringDedup Requests1 Weak     Min:  0.0, Avg:  0.0, Max:  0.0, Diff:  0.0, Sum:  0.0, Workers: 6
[39.013s][debug  ][gc,phases      ] GC(143)     Dead                           Min: 0, Avg:  0.0, Max: 0, Diff: 0, Sum: 0, Workers: 6
[39.013s][debug  ][gc,phases      ] GC(143)     Total                          Min: 0, Avg:  0.0, Max: 0, Diff: 0, Sum: 0, Workers: 6
[39.013s][debug  ][gc,phases      ] GC(143)   Weak JFR Old Object Samples    Min:  0.0, Avg:  0.0, Max:  0.0, Diff:  0.0, Sum:  0.0, Workers: 6
[39.013s][debug  ][gc,phases      ] GC(143)     Dead                           Min: 0, Avg:  0.0, Max: 0, Diff: 0, Sum: 0, Workers: 6
[39.013s][debug  ][gc,phases      ] GC(143)     Total                          Min: 0, Avg:  0.0, Max: 0, Diff: 0, Sum: 0, Workers: 6
[39.014s][debug  ][gc,phases      ] GC(143) Weak Processing 0.825ms
[39.014s][debug  ][gc,ergo        ] GC(143) AdaptiveSizeStart:  collection: 144 
[39.014s][debug  ][gc,ergo        ] GC(143) avg_survived_padded_avg: 34392188.000000
[39.014s][debug  ][gc,ergo        ] GC(143) avg_promoted_padded_avg: 257407936.000000  avg_pretenured_padded_avg: 0.000000  tenuring_thresh: 15  target_size: 34603008
[39.014s][debug  ][gc,age         ] GC(143) Desired survivor size 34603008 bytes, new threshold 15 (max threshold 15)
[39.014s][debug  ][gc,ergo        ] GC(143) PSAdaptiveSizePolicy::compute_eden_space_size limits: desired_eden_size: 215483035 old_eden_size: 198180864 eden_limit: 198705152 cur_eden: 198180864 max_eden_size: 198705152 avg_young_live: 25865376
[39.014s][debug  ][gc,ergo        ] GC(143) PSAdaptiveSizePolicy::compute_eden_space_size: costs minor_time: 0.041673 major_cost: 0.054298 mutator_cost: 0.904029 throughput_goal: 0.990000
[39.014s][debug  ][gc,ergo        ] GC(143) Live_space: 1069244416 free_space: 1398276096
[39.014s][debug  ][gc,ergo        ] GC(143) Old eden_size: 198180864 desired_eden_size: 198705152
[39.014s][debug  ][gc,ergo        ] GC(143) AdaptiveSizeStop: collection: 144 
[39.014s][info   ][gc,heap        ] GC(143) PSYoungGen: 218735K(227840K)->30720K(228352K) Eden: 188015K(193536K)->0K(194560K) From: 30720K(34304K)->30720K(33792K)
[39.014s][info   ][gc,heap        ] GC(143) ParOldGen: 882276K(1835008K)->923236K(1835008K)
[39.014s][info   ][gc,metaspace   ] GC(143) Metaspace: 1024K(1216K)->1024K(1216K) NonClass: 940K(1024K)->940K(1024K) Class: 83K(192K)->83K(192K)
[39.014s][info   ][gc             ] GC(143) Pause Young (Allocation Failure) 1075M->931M(2015M) 7.531ms
[39.014s][info   ][gc,cpu         ] GC(143) User=0.12s Sys=0.00s Real=0.01s
[39.014s][debug  ][gc,heap        ] GC(143) Heap after GC invocations=144 (full 23):
[39.014s][debug  ][gc,heap        ] GC(143)  PSYoungGen      total 228352K, used 30720K [0x00000000f0000000, 0x0000000100000000, 0x0000000100000000)
[39.014s][debug  ][gc,heap        ] GC(143)   eden space 194560K, 0% used [0x00000000f0000000,0x00000000f0000000,0x00000000fbe00000)
[39.014s][debug  ][gc,heap        ] GC(143)   from space 33792K, 90% used [0x00000000fdf00000,0x00000000ffd00030,0x0000000100000000)
[39.014s][debug  ][gc,heap        ] GC(143)   to   space 33792K, 0% used [0x00000000fbe00000,0x00000000fbe00000,0x00000000fdf00000)
[39.014s][debug  ][gc,heap        ] GC(143)  ParOldGen       total 1835008K, used 923236K [0x0000000080000000, 0x00000000f0000000, 0x00000000f0000000)
[39.014s][debug  ][gc,heap        ] GC(143)   object space 1835008K, 50% used [0x0000000080000000,0x00000000b85991a8,0x00000000f0000000)
[39.014s][debug  ][gc,heap        ] GC(143)  Metaspace       used 1024K, committed 1216K, reserved 1056768K
[39.014s][debug  ][gc,heap        ] GC(143)   class space    used 83K, committed 192K, reserved 1048576K
[39.014s][debug  ][gc,task,time   ] GC(143) VM-Thread 390058765 390117807 390141357
[39.309s][debug  ][gc,heap        ] GC(144) Heap before GC invocations=145 (full 23):
[39.309s][debug  ][gc,heap        ] GC(144)  PSYoungGen      total 228352K, used 218789K [0x00000000f0000000, 0x0000000100000000, 0x0000000100000000)
[39.309s][debug  ][gc,heap        ] GC(144)   eden space 194560K, 96% used [0x00000000f0000000,0x00000000fb7a97c0,0x00000000fbe00000)
[39.309s][debug  ][gc,heap        ] GC(144)   from space 33792K, 90% used [0x00000000fdf00000,0x00000000ffd00030,0x0000000100000000)
[39.309s][debug  ][gc,heap        ] GC(144)   to   space 33792K, 0% used [0x00000000fbe00000,0x00000000fbe00000,0x00000000fdf00000)
[39.309s][debug  ][gc,heap        ] GC(144)  ParOldGen       total 1835008K, used 923236K [0x0000000080000000, 0x00000000f0000000, 0x00000000f0000000)
[39.309s][debug  ][gc,heap        ] GC(144)   object space 1835008K, 50% used [0x0000000080000000,0x00000000b85991a8,0x00000000f0000000)
[39.309s][debug  ][gc,heap        ] GC(144)  Metaspace       used 1024K, committed 1216K, reserved 1056768K
[39.309s][debug  ][gc,heap        ] GC(144)   class space    used 83K, committed 192K, reserved 1048576K
[39.309s][debug  ][gc,tlab        ] GC(144) TLAB totals: thrds: 1  refills: 1 max: 1 slow allocs: 17 max 17 waste: 26.8% gc: 3839648B max: 3839648B slow: 0B max: 0B
[39.309s][info   ][gc,start       ] GC(144) Pause Young (Allocation Failure)
[39.309s][debug  ][gc,phases,start] GC(144) Scavenge
[39.323s][debug  ][gc,phases      ] GC(144) Scavenge 14.282ms
[39.324s][debug  ][gc,phases,start] GC(144) Reference Processing
[39.324s][debug  ][gc,ref         ] GC(144) Skipped phase 1 of Reference Processing: no references
[39.324s][debug  ][gc,ref         ] GC(144) Skipped phase 2 of Reference Processing: no references
[39.324s][debug  ][gc,ref         ] GC(144) Skipped phase 3 of Reference Processing: no references
[39.324s][debug  ][gc,ref         ] GC(144) Skipped phase 4 of Reference Processing: no references
[39.324s][debug  ][gc,phases,ref  ] GC(144) Reference Processing: 0.1ms
[39.324s][debug  ][gc,phases,ref  ] GC(144)   Reconsider SoftReferences: 0.0ms
[39.324s][debug  ][gc,phases,ref  ] GC(144)     SoftRef (ms):                  skipped
[39.324s][debug  ][gc,phases,ref  ] GC(144)   Notify Soft/WeakReferences: 0.0ms
[39.324s][debug  ][gc,phases,ref  ] GC(144)     SoftRef (ms):                  skipped
[39.324s][debug  ][gc,phases,ref  ] GC(144)     WeakRef (ms):                  skipped
[39.324s][debug  ][gc,phases,ref  ] GC(144)     FinalRef (ms):                 skipped
[39.324s][debug  ][gc,phases,ref  ] GC(144)     Total (ms):                    skipped
[39.324s][debug  ][gc,phases,ref  ] GC(144)   Notify and keep alive finalizable: 0.0ms
[39.324s][debug  ][gc,phases,ref  ] GC(144)     FinalRef (ms):                 skipped
[39.324s][debug  ][gc,phases,ref  ] GC(144)   Notify PhantomReferences: 0.0ms
[39.324s][debug  ][gc,phases,ref  ] GC(144)     PhantomRef (ms):               skipped
[39.324s][debug  ][gc,phases,ref  ] GC(144)   SoftReference:
[39.324s][debug  ][gc,phases,ref  ] GC(144)     Discovered: 0
[39.324s][debug  ][gc,phases,ref  ] GC(144)     Cleared: 0
[39.324s][debug  ][gc,phases,ref  ] GC(144)   WeakReference:
[39.324s][debug  ][gc,phases,ref  ] GC(144)     Discovered: 0
[39.324s][debug  ][gc,phases,ref  ] GC(144)     Cleared: 0
[39.324s][debug  ][gc,phases,ref  ] GC(144)   FinalReference:
[39.324s][debug  ][gc,phases,ref  ] GC(144)     Discovered: 0
[39.324s][debug  ][gc,phases,ref  ] GC(144)     Cleared: 0
[39.324s][debug  ][gc,phases,ref  ] GC(144)   PhantomReference:
[39.324s][debug  ][gc,phases,ref  ] GC(144)     Discovered: 0
[39.324s][debug  ][gc,phases,ref  ] GC(144)     Cleared: 0
[39.324s][debug  ][gc,phases      ] GC(144) Reference Processing 0.609ms
[39.324s][debug  ][gc,phases,start] GC(144) Weak Processing
[39.324s][debug  ][gc,phases      ] GC(144)   VM Weak                        Min:  0.0, Avg:  0.0, Max:  0.0, Diff:  0.0, Sum:  0.0, Workers: 6
[39.324s][debug  ][gc,phases      ] GC(144)     Dead                           Min: 0, Avg:  0.0, Max: 0, Diff: 0, Sum: 0, Workers: 6
[39.324s][debug  ][gc,phases      ] GC(144)     Total                          Min: 0, Avg:  1.3, Max: 8, Diff: 8, Sum: 8, Workers: 6
[39.324s][debug  ][gc,phases      ] GC(144)   ObjectSynchronizer Weak        Min:  0.0, Avg:  0.0, Max:  0.0, Diff:  0.0, Sum:  0.0, Workers: 6
[39.324s][debug  ][gc,phases      ] GC(144)     Dead                           Min: 0, Avg:  0.0, Max: 0, Diff: 0, Sum: 0, Workers: 6
[39.324s][debug  ][gc,phases      ] GC(144)     Total                          Min: 0, Avg:  0.5, Max: 3, Diff: 3, Sum: 3, Workers: 6
[39.324s][debug  ][gc,phases      ] GC(144)   JVMTI Tag Weak OopStorage      Min:  0.0, Avg:  0.0, Max:  0.0, Diff:  0.0, Sum:  0.0, Workers: 6
[39.324s][debug  ][gc,phases      ] GC(144)     Dead                           Min: 0, Avg:  0.0, Max: 0, Diff: 0, Sum: 0, Workers: 6
[39.324s][debug  ][gc,phases      ] GC(144)     Total                          Min: 0, Avg:  0.0, Max: 0, Diff: 0, Sum: 0, Workers: 6
[39.324s][debug  ][gc,phases      ] GC(144)   StringTable Weak               Min:  0.0, Avg:  0.0, Max:  0.0, Diff:  0.0, Sum:  0.0, Workers: 6
[39.324s][debug  ][gc,phases      ] GC(144)     Dead                           Min: 0, Avg:  0.0, Max: 0, Diff: 0, Sum: 0, Workers: 6
[39.324s][debug  ][gc,phases      ] GC(144)     Total                          Min: 768, Avg: 892.5, Max: 1024, Diff: 256, Sum: 5355, Workers: 6
[39.324s][debug  ][gc,phases      ] GC(144)   ResolvedMethodTable Weak       Min:  0.0, Avg:  0.0, Max:  0.0, Diff:  0.0, Sum:  0.0, Workers: 6
[39.324s][debug  ][gc,phases      ] GC(144)     Dead                           Min: 0, Avg:  0.0, Max: 0, Diff: 0, Sum: 0, Workers: 6
[39.324s][debug  ][gc,phases      ] GC(144)     Total                          Min: 0, Avg: 21.5, Max: 64, Diff: 64, Sum: 129, Workers: 6
[39.325s][debug  ][gc,phases      ] GC(144)   JNI Weak                       Min:  0.0, Avg:  0.0, Max:  0.0, Diff:  0.0, Sum:  0.0, Workers: 6
[39.325s][debug  ][gc,phases      ] GC(144)     Dead                           Min: 0, Avg:  0.0, Max: 0, Diff: 0, Sum: 0, Workers: 6
[39.325s][debug  ][gc,phases      ] GC(144)     Total                          Min: 0, Avg:  0.0, Max: 0, Diff: 0, Sum: 0, Workers: 6
[39.325s][debug  ][gc,phases      ] GC(144)   StringDedup Table Weak         Min:  0.0, Avg:  0.0, Max:  0.0, Diff:  0.0, Sum:  0.0, Workers: 6
[39.325s][debug  ][gc,phases      ] GC(144)     Dead                           Min: 0, Avg:  0.0, Max: 0, Diff: 0, Sum: 0, Workers: 6
[39.325s][debug  ][gc,phases      ] GC(144)     Total                          Min: 0, Avg:  0.0, Max: 0, Diff: 0, Sum: 0, Workers: 6
[39.325s][debug  ][gc,phases      ] GC(144)   StringDedup Requests0 Weak     Min:  0.0, Avg:  0.0, Max:  0.0, Diff:  0.0, Sum:  0.0, Workers: 6
[39.325s][debug  ][gc,phases      ] GC(144)     Dead                           Min: 0, Avg:  0.0, Max: 0, Diff: 0, Sum: 0, Workers: 6
[39.325s][debug  ][gc,phases      ] GC(144)     Total                          Min: 0, Avg:  0.0, Max: 0, Diff: 0, Sum: 0, Workers: 6
[39.325s][debug  ][gc,phases      ] GC(144)   StringDedup Requests1 Weak     Min:  0.0, Avg:  0.0, Max:  0.0, Diff:  0.0, Sum:  0.0, Workers: 6
[39.325s][debug  ][gc,phases      ] GC(144)     Dead                           Min: 0, Avg:  0.0, Max: 0, Diff: 0, Sum: 0, Workers: 6
[39.325s][debug  ][gc,phases      ] GC(144)     Total                          Min: 0, Avg:  0.0, Max: 0, Diff: 0, Sum: 0, Workers: 6
[39.325s][debug  ][gc,phases      ] GC(144)   Weak JFR Old Object Samples    Min:  0.0, Avg:  0.0, Max:  0.0, Diff:  0.0, Sum:  0.0, Workers: 6
[39.325s][debug  ][gc,phases      ] GC(144)     Dead                           Min: 0, Avg:  0.0, Max: 0, Diff: 0, Sum: 0, Workers: 6
[39.325s][debug  ][gc,phases      ] GC(144)     Total                          Min: 0, Avg:  0.0, Max: 0, Diff: 0, Sum: 0, Workers: 6
[39.325s][debug  ][gc,phases      ] GC(144) Weak Processing 0.724ms
[39.325s][debug  ][gc,ergo        ] GC(144) AdaptiveSizeStart:  collection: 145 
[39.325s][debug  ][gc,ergo        ] GC(144) avg_survived_padded_avg: 34208380.000000
[39.325s][debug  ][gc,ergo        ] GC(144) avg_promoted_padded_avg: 259257152.000000  avg_pretenured_padded_avg: 0.000000  tenuring_thresh: 15  target_size: 34603008
[39.325s][debug  ][gc,age         ] GC(144) Desired survivor size 34603008 bytes, new threshold 15 (max threshold 15)
[39.325s][debug  ][gc,ergo        ] GC(144) PSAdaptiveSizePolicy::compute_eden_space_size limits: desired_eden_size: 217040848 old_eden_size: 198705152 eden_limit: 199229440 cur_eden: 199229440 max_eden_size: 199229440 avg_young_live: 26424570
[39.325s][debug  ][gc,ergo        ] GC(144) PSAdaptiveSizePolicy::compute_eden_space_size: costs minor_time: 0.043891 major_cost: 0.054298 mutator_cost: 0.901811 throughput_goal: 0.990000
[39.325s][debug  ][gc,ergo        ] GC(144) Live_space: 1069803648 free_space: 1398800384
[39.325s][debug  ][gc,ergo        ] GC(144) Old eden_size: 198705152 desired_eden_size: 199229440
[39.325s][debug  ][gc,ergo        ] GC(144) AdaptiveSizeStop: collection: 145 
[39.325s][info   ][gc,heap        ] GC(144) PSYoungGen: 218789K(228352K)->30720K(228352K) Eden: 188069K(194560K)->0K(194560K) From: 30720K(33792K)->30720K(33792K)
[39.325s][info   ][gc,heap        ] GC(144) ParOldGen: 923236K(1835008K)->1107556K(1835008K)
[39.325s][info   ][gc,metaspace   ] GC(144) Metaspace: 1024K(1216K)->1024K(1216K) NonClass: 940K(1024K)->940K(1024K) Class: 83K(192K)->83K(192K)
[39.325s][info   ][gc             ] GC(144) Pause Young (Allocation Failure) 1115M->1111M(2015M) 16.118ms
[39.325s][info   ][gc,cpu         ] GC(144) User=0.12s Sys=0.00s Real=0.02s
[39.325s][debug  ][gc,heap        ] GC(144) Heap after GC invocations=145 (full 23):
[39.325s][debug  ][gc,heap        ] GC(144)  PSYoungGen      total 228352K, used 30720K [0x00000000f0000000, 0x0000000100000000, 0x0000000100000000)
[39.325s][debug  ][gc,heap        ] GC(144)   eden space 194560K, 0% used [0x00000000f0000000,0x00000000f0000000,0x00000000fbe00000)
[39.325s][debug  ][gc,heap        ] GC(144)   from space 33792K, 90% used [0x00000000fbe00000,0x00000000fdc00030,0x00000000fdf00000)
[39.325s][debug  ][gc,heap        ] GC(144)   to   space 33792K, 0% used [0x00000000fdf00000,0x00000000fdf00000,0x0000000100000000)
[39.325s][debug  ][gc,heap        ] GC(144)  ParOldGen       total 1835008K, used 1107556K [0x0000000080000000, 0x00000000f0000000, 0x00000000f0000000)
[39.325s][debug  ][gc,heap        ] GC(144)   object space 1835008K, 60% used [0x0000000080000000,0x00000000c39992c8,0x00000000f0000000)
[39.325s][debug  ][gc,heap        ] GC(144)  Metaspace       used 1024K, committed 1216K, reserved 1056768K
[39.325s][debug  ][gc,heap        ] GC(144)   class space    used 83K, committed 192K, reserved 1048576K
[39.325s][debug  ][gc,task,time   ] GC(144) VM-Thread 393086975 393235180 393254743
[39.611s][debug  ][gc,heap        ] GC(145) Heap before GC invocations=146 (full 23):
[39.611s][debug  ][gc,heap        ] GC(145)  PSYoungGen      total 228352K, used 218812K [0x00000000f0000000, 0x0000000100000000, 0x0000000100000000)
[39.611s][debug  ][gc,heap        ] GC(145)   eden space 194560K, 96% used [0x00000000f0000000,0x00000000fb7af150,0x00000000fbe00000)
[39.611s][debug  ][gc,heap        ] GC(145)   from space 33792K, 90% used [0x00000000fbe00000,0x00000000fdc00030,0x00000000fdf00000)
[39.611s][debug  ][gc,heap        ] GC(145)   to   space 33792K, 0% used [0x00000000fdf00000,0x00000000fdf00000,0x0000000100000000)
[39.611s][debug  ][gc,heap        ] GC(145)  ParOldGen       total 1835008K, used 1107556K [0x0000000080000000, 0x00000000f0000000, 0x00000000f0000000)
[39.611s][debug  ][gc,heap        ] GC(145)   object space 1835008K, 60% used [0x0000000080000000,0x00000000c39992c8,0x00000000f0000000)
[39.611s][debug  ][gc,heap        ] GC(145)  Metaspace       used 1024K, committed 1216K, reserved 1056768K
[39.611s][debug  ][gc,heap        ] GC(145)   class space    used 83K, committed 192K, reserved 1048576K
[39.611s][debug  ][gc,tlab        ] GC(145) TLAB totals: thrds: 1  refills: 1 max: 1 slow allocs: 17 max 17 waste: 26.9% gc: 3862576B max: 3862576B slow: 0B max: 0B
[39.611s][info   ][gc,start       ] GC(145) Pause Young (Allocation Failure)
[39.611s][debug  ][gc,phases,start] GC(145) Scavenge
[39.626s][debug  ][gc,phases      ] GC(145) Scavenge 14.795ms
[39.626s][debug  ][gc,phases,start] GC(145) Reference Processing
[39.626s][debug  ][gc,ref         ] GC(145) Skipped phase 1 of Reference Processing: no references
[39.626s][debug  ][gc,ref         ] GC(145) Skipped phase 2 of Reference Processing: no references
[39.626s][debug  ][gc,ref         ] GC(145) Skipped phase 3 of Reference Processing: no references
[39.626s][debug  ][gc,ref         ] GC(145) Skipped phase 4 of Reference Processing: no references
[39.626s][debug  ][gc,phases,ref  ] GC(145) Reference Processing: 0.1ms
[39.626s][debug  ][gc,phases,ref  ] GC(145)   Reconsider SoftReferences: 0.0ms
[39.626s][debug  ][gc,phases,ref  ] GC(145)     SoftRef (ms):                  skipped
[39.626s][debug  ][gc,phases,ref  ] GC(145)   Notify Soft/WeakReferences: 0.0ms
[39.627s][debug  ][gc,phases,ref  ] GC(145)     SoftRef (ms):                  skipped
[39.627s][debug  ][gc,phases,ref  ] GC(145)     WeakRef (ms):                  skipped
[39.627s][debug  ][gc,phases,ref  ] GC(145)     FinalRef (ms):                 skipped
[39.627s][debug  ][gc,phases,ref  ] GC(145)     Total (ms):                    skipped
[39.627s][debug  ][gc,phases,ref  ] GC(145)   Notify and keep alive finalizable: 0.0ms
[39.627s][debug  ][gc,phases,ref  ] GC(145)     FinalRef (ms):                 skipped
[39.627s][debug  ][gc,phases,ref  ] GC(145)   Notify PhantomReferences: 0.0ms
[39.627s][debug  ][gc,phases,ref  ] GC(145)     PhantomRef (ms):               skipped
[39.627s][debug  ][gc,phases,ref  ] GC(145)   SoftReference:
[39.627s][debug  ][gc,phases,ref  ] GC(145)     Discovered: 0
[39.627s][debug  ][gc,phases,ref  ] GC(145)     Cleared: 0
[39.627s][debug  ][gc,phases,ref  ] GC(145)   WeakReference:
[39.627s][debug  ][gc,phases,ref  ] GC(145)     Discovered: 0
[39.627s][debug  ][gc,phases,ref  ] GC(145)     Cleared: 0
[39.627s][debug  ][gc,phases,ref  ] GC(145)   FinalReference:
[39.627s][debug  ][gc,phases,ref  ] GC(145)     Discovered: 0
[39.627s][debug  ][gc,phases,ref  ] GC(145)     Cleared: 0
[39.627s][debug  ][gc,phases,ref  ] GC(145)   PhantomReference:
[39.627s][debug  ][gc,phases,ref  ] GC(145)     Discovered: 0
[39.627s][debug  ][gc,phases,ref  ] GC(145)     Cleared: 0
[39.627s][debug  ][gc,phases      ] GC(145) Reference Processing 0.850ms
[39.627s][debug  ][gc,phases,start] GC(145) Weak Processing
[39.627s][debug  ][gc,phases      ] GC(145)   VM Weak                        Min:  0.0, Avg:  0.0, Max:  0.0, Diff:  0.0, Sum:  0.0, Workers: 6
[39.627s][debug  ][gc,phases      ] GC(145)     Dead                           Min: 0, Avg:  0.0, Max: 0, Diff: 0, Sum: 0, Workers: 6
[39.627s][debug  ][gc,phases      ] GC(145)     Total                          Min: 0, Avg:  1.3, Max: 8, Diff: 8, Sum: 8, Workers: 6
[39.627s][debug  ][gc,phases      ] GC(145)   ObjectSynchronizer Weak        Min:  0.0, Avg:  0.0, Max:  0.0, Diff:  0.0, Sum:  0.0, Workers: 6
[39.627s][debug  ][gc,phases      ] GC(145)     Dead                           Min: 0, Avg:  0.0, Max: 0, Diff: 0, Sum: 0, Workers: 6
[39.627s][debug  ][gc,phases      ] GC(145)     Total                          Min: 0, Avg:  0.5, Max: 3, Diff: 3, Sum: 3, Workers: 6
[39.627s][debug  ][gc,phases      ] GC(145)   JVMTI Tag Weak OopStorage      Min:  0.0, Avg:  0.0, Max:  0.0, Diff:  0.0, Sum:  0.0, Workers: 6
[39.627s][debug  ][gc,phases      ] GC(145)     Dead                           Min: 0, Avg:  0.0, Max: 0, Diff: 0, Sum: 0, Workers: 6
[39.627s][debug  ][gc,phases      ] GC(145)     Total                          Min: 0, Avg:  0.0, Max: 0, Diff: 0, Sum: 0, Workers: 6
[39.627s][debug  ][gc,phases      ] GC(145)   StringTable Weak               Min:  0.0, Avg:  0.0, Max:  0.0, Diff:  0.0, Sum:  0.0, Workers: 6
[39.628s][debug  ][gc,phases      ] GC(145)     Dead                           Min: 0, Avg:  0.0, Max: 0, Diff: 0, Sum: 0, Workers: 6
[39.628s][debug  ][gc,phases      ] GC(145)     Total                          Min: 768, Avg: 892.5, Max: 1024, Diff: 256, Sum: 5355, Workers: 6
[39.628s][debug  ][gc,phases      ] GC(145)   ResolvedMethodTable Weak       Min:  0.0, Avg:  0.0, Max:  0.0, Diff:  0.0, Sum:  0.0, Workers: 6
[39.628s][debug  ][gc,phases      ] GC(145)     Dead                           Min: 0, Avg:  0.0, Max: 0, Diff: 0, Sum: 0, Workers: 6
[39.628s][debug  ][gc,phases      ] GC(145)     Total                          Min: 0, Avg: 21.5, Max: 64, Diff: 64, Sum: 129, Workers: 6
[39.628s][debug  ][gc,phases      ] GC(145)   JNI Weak                       Min:  0.0, Avg:  0.0, Max:  0.0, Diff:  0.0, Sum:  0.0, Workers: 6
[39.628s][debug  ][gc,phases      ] GC(145)     Dead                           Min: 0, Avg:  0.0, Max: 0, Diff: 0, Sum: 0, Workers: 6
[39.628s][debug  ][gc,phases      ] GC(145)     Total                          Min: 0, Avg:  0.0, Max: 0, Diff: 0, Sum: 0, Workers: 6
[39.628s][debug  ][gc,phases      ] GC(145)   StringDedup Table Weak         Min:  0.0, Avg:  0.0, Max:  0.0, Diff:  0.0, Sum:  0.0, Workers: 6
[39.628s][debug  ][gc,phases      ] GC(145)     Dead                           Min: 0, Avg:  0.0, Max: 0, Diff: 0, Sum: 0, Workers: 6
[39.628s][debug  ][gc,phases      ] GC(145)     Total                          Min: 0, Avg:  0.0, Max: 0, Diff: 0, Sum: 0, Workers: 6
[39.628s][debug  ][gc,phases      ] GC(145)   StringDedup Requests0 Weak     Min:  0.0, Avg:  0.0, Max:  0.0, Diff:  0.0, Sum:  0.0, Workers: 6
[39.628s][debug  ][gc,phases      ] GC(145)     Dead                           Min: 0, Avg:  0.0, Max: 0, Diff: 0, Sum: 0, Workers: 6
[39.628s][debug  ][gc,phases      ] GC(145)     Total                          Min: 0, Avg:  0.0, Max: 0, Diff: 0, Sum: 0, Workers: 6
[39.628s][debug  ][gc,phases      ] GC(145)   StringDedup Requests1 Weak     Min:  0.0, Avg:  0.0, Max:  0.0, Diff:  0.0, Sum:  0.0, Workers: 6
[39.628s][debug  ][gc,phases      ] GC(145)     Dead                           Min: 0, Avg:  0.0, Max: 0, Diff: 0, Sum: 0, Workers: 6
[39.628s][debug  ][gc,phases      ] GC(145)     Total                          Min: 0, Avg:  0.0, Max: 0, Diff: 0, Sum: 0, Workers: 6
[39.628s][debug  ][gc,phases      ] GC(145)   Weak JFR Old Object Samples    Min:  0.0, Avg:  0.0, Max:  0.0, Diff:  0.0, Sum:  0.0, Workers: 6
[39.628s][debug  ][gc,phases      ] GC(145)     Dead                           Min: 0, Avg:  0.0, Max: 0, Diff: 0, Sum: 0, Workers: 6
[39.628s][debug  ][gc,phases      ] GC(145)     Total                          Min: 0, Avg:  0.0, Max: 0, Diff: 0, Sum: 0, Workers: 6
[39.628s][debug  ][gc,phases      ] GC(145) Weak Processing 0.785ms
[39.628s][debug  ][gc,ergo        ] GC(145) AdaptiveSizeStart:  collection: 146 
[39.628s][debug  ][gc,ergo        ] GC(145) avg_survived_padded_avg: 34031988.000000
[39.628s][debug  ][gc,ergo        ] GC(145) avg_promoted_padded_avg: 260049856.000000  avg_pretenured_padded_avg: 0.000000  tenuring_thresh: 15  target_size: 34078720
[39.628s][debug  ][gc,age         ] GC(145) Desired survivor size 34078720 bytes, new threshold 15 (max threshold 15)
[39.628s][debug  ][gc,ergo        ] GC(145) PSAdaptiveSizePolicy::compute_eden_space_size limits: desired_eden_size: 217628749 old_eden_size: 199229440 eden_limit: 199229440 cur_eden: 199229440 max_eden_size: 199229440 avg_young_live: 26927846
[39.628s][debug  ][gc,ergo        ] GC(145) PSAdaptiveSizePolicy::compute_eden_space_size: costs minor_time: 0.046583 major_cost: 0.054298 mutator_cost: 0.899120 throughput_goal: 0.990000
[39.628s][debug  ][gc,ergo        ] GC(145) Live_space: 1070306944 free_space: 1399324672
[39.628s][debug  ][gc,ergo        ] GC(145) Old eden_size: 199229440 desired_eden_size: 199229440
[39.628s][debug  ][gc,ergo        ] GC(145) AdaptiveSizeStop: collection: 146 
[39.628s][info   ][gc,heap        ] GC(145) PSYoungGen: 218812K(228352K)->30720K(228864K) Eden: 188092K(194560K)->0K(195072K) From: 30720K(33792K)->30720K(33792K)
[39.628s][info   ][gc,heap        ] GC(145) ParOldGen: 1107556K(1835008K)->1291876K(1835008K)
[39.628s][info   ][gc,metaspace   ] GC(145) Metaspace: 1024K(1216K)->1024K(1216K) NonClass: 940K(1024K)->940K(1024K) Class: 83K(192K)->83K(192K)
[39.628s][info   ][gc             ] GC(145) Pause Young (Allocation Failure) 1295M->1291M(2015M) 16.910ms
[39.628s][info   ][gc,cpu         ] GC(145) User=0.12s Sys=0.00s Real=0.02s
[39.628s][debug  ][gc,heap        ] GC(145) Heap after GC invocations=146 (full 23):
[39.628s][debug  ][gc,heap        ] GC(145)  PSYoungGen      total 228864K, used 30720K [0x00000000f0000000, 0x0000000100000000, 0x0000000100000000)
[39.628s][debug  ][gc,heap        ] GC(145)   eden space 195072K, 0% used [0x00000000f0000000,0x00000000f0000000,0x00000000fbe80000)
[39.628s][debug  ][gc,heap        ] GC(145)   from space 33792K, 90% used [0x00000000fdf00000,0x00000000ffd00030,0x0000000100000000)
[39.628s][debug  ][gc,heap        ] GC(145)   to   space 33280K, 0% used [0x00000000fbe80000,0x00000000fbe80000,0x00000000fdf00000)
[39.628s][debug  ][gc,heap        ] GC(145)  ParOldGen       total 1835008K, used 1291876K [0x0000000080000000, 0x00000000f0000000, 0x00000000f0000000)
[39.628s][debug  ][gc,heap        ] GC(145)   object space 1835008K, 70% used [0x0000000080000000,0x00000000ced993e8,0x00000000f0000000)
[39.628s][debug  ][gc,heap        ] GC(145)  Metaspace       used 1024K, committed 1216K, reserved 1056768K
[39.628s][debug  ][gc,heap        ] GC(145)   class space    used 83K, committed 192K, reserved 1048576K
[39.629s][debug  ][gc,task,time   ] GC(145) VM-Thread 396109214 396262900 396285252
[39.911s][debug  ][gc,heap        ] GC(146) Heap before GC invocations=147 (full 23):
[39.911s][debug  ][gc,heap        ] GC(146)  PSYoungGen      total 228864K, used 218836K [0x00000000f0000000, 0x0000000100000000, 0x0000000100000000)
[39.911s][debug  ][gc,heap        ] GC(146)   eden space 195072K, 96% used [0x00000000f0000000,0x00000000fb7b52c0,0x00000000fbe80000)
[39.911s][debug  ][gc,heap        ] GC(146)   from space 33792K, 90% used [0x00000000fdf00000,0x00000000ffd00030,0x0000000100000000)
[39.911s][debug  ][gc,heap        ] GC(146)   to   space 33280K, 0% used [0x00000000fbe80000,0x00000000fbe80000,0x00000000fdf00000)
[39.911s][debug  ][gc,heap        ] GC(146)  ParOldGen       total 1835008K, used 1291876K [0x0000000080000000, 0x00000000f0000000, 0x00000000f0000000)
[39.911s][debug  ][gc,heap        ] GC(146)   object space 1835008K, 70% used [0x0000000080000000,0x00000000ced993e8,0x00000000f0000000)
[39.911s][debug  ][gc,heap        ] GC(146)  Metaspace       used 1024K, committed 1216K, reserved 1056768K
[39.911s][debug  ][gc,heap        ] GC(146)   class space    used 83K, committed 192K, reserved 1048576K
[39.911s][debug  ][gc,tlab        ] GC(146) TLAB totals: thrds: 1  refills: 1 max: 1 slow allocs: 17 max 17 waste: 27.0% gc: 3887520B max: 3887520B slow: 0B max: 0B
[39.911s][info   ][gc,start       ] GC(146) Pause Young (Allocation Failure)
[39.911s][debug  ][gc,phases,start] GC(146) Scavenge
[39.926s][debug  ][gc,phases      ] GC(146) Scavenge 14.672ms
[39.926s][debug  ][gc,phases,start] GC(146) Reference Processing
[39.926s][debug  ][gc,ref         ] GC(146) Skipped phase 1 of Reference Processing: no references
[39.926s][debug  ][gc,ref         ] GC(146) Skipped phase 2 of Reference Processing: no references
[39.926s][debug  ][gc,ref         ] GC(146) Skipped phase 3 of Reference Processing: no references
[39.926s][debug  ][gc,ref         ] GC(146) Skipped phase 4 of Reference Processing: no references
[39.926s][debug  ][gc,phases,ref  ] GC(146) Reference Processing: 0.1ms
[39.926s][debug  ][gc,phases,ref  ] GC(146)   Reconsider SoftReferences: 0.0ms
[39.926s][debug  ][gc,phases,ref  ] GC(146)     SoftRef (ms):                  skipped
[39.926s][debug  ][gc,phases,ref  ] GC(146)   Notify Soft/WeakReferences: 0.0ms
[39.926s][debug  ][gc,phases,ref  ] GC(146)     SoftRef (ms):                  skipped
[39.926s][debug  ][gc,phases,ref  ] GC(146)     WeakRef (ms):                  skipped
[39.926s][debug  ][gc,phases,ref  ] GC(146)     FinalRef (ms):                 skipped
[39.926s][debug  ][gc,phases,ref  ] GC(146)     Total (ms):                    skipped
[39.926s][debug  ][gc,phases,ref  ] GC(146)   Notify and keep alive finalizable: 0.0ms
[39.926s][debug  ][gc,phases,ref  ] GC(146)     FinalRef (ms):                 skipped
[39.926s][debug  ][gc,phases,ref  ] GC(146)   Notify PhantomReferences: 0.0ms
[39.926s][debug  ][gc,phases,ref  ] GC(146)     PhantomRef (ms):               skipped
[39.926s][debug  ][gc,phases,ref  ] GC(146)   SoftReference:
[39.926s][debug  ][gc,phases,ref  ] GC(146)     Discovered: 0
[39.926s][debug  ][gc,phases,ref  ] GC(146)     Cleared: 0
[39.926s][debug  ][gc,phases,ref  ] GC(146)   WeakReference:
[39.926s][debug  ][gc,phases,ref  ] GC(146)     Discovered: 0
[39.926s][debug  ][gc,phases,ref  ] GC(146)     Cleared: 0
[39.926s][debug  ][gc,phases,ref  ] GC(146)   FinalReference:
[39.926s][debug  ][gc,phases,ref  ] GC(146)     Discovered: 0
[39.926s][debug  ][gc,phases,ref  ] GC(146)     Cleared: 0
[39.926s][debug  ][gc,phases,ref  ] GC(146)   PhantomReference:
[39.926s][debug  ][gc,phases,ref  ] GC(146)     Discovered: 0
[39.926s][debug  ][gc,phases,ref  ] GC(146)     Cleared: 0
[39.926s][debug  ][gc,phases      ] GC(146) Reference Processing 0.662ms
[39.926s][debug  ][gc,phases,start] GC(146) Weak Processing
[39.926s][debug  ][gc,phases      ] GC(146)   VM Weak                        Min:  0.0, Avg:  0.0, Max:  0.0, Diff:  0.0, Sum:  0.0, Workers: 6
[39.927s][debug  ][gc,phases      ] GC(146)     Dead                           Min: 0, Avg:  0.0, Max: 0, Diff: 0, Sum: 0, Workers: 6
[39.927s][debug  ][gc,phases      ] GC(146)     Total                          Min: 0, Avg:  1.3, Max: 8, Diff: 8, Sum: 8, Workers: 6
[39.927s][debug  ][gc,phases      ] GC(146)   ObjectSynchronizer Weak        Min:  0.0, Avg:  0.0, Max:  0.0, Diff:  0.0, Sum:  0.0, Workers: 6
[39.927s][debug  ][gc,phases      ] GC(146)     Dead                           Min: 0, Avg:  0.0, Max: 0, Diff: 0, Sum: 0, Workers: 6
[39.927s][debug  ][gc,phases      ] GC(146)     Total                          Min: 0, Avg:  0.5, Max: 3, Diff: 3, Sum: 3, Workers: 6
[39.927s][debug  ][gc,phases      ] GC(146)   JVMTI Tag Weak OopStorage      Min:  0.0, Avg:  0.0, Max:  0.0, Diff:  0.0, Sum:  0.0, Workers: 6
[39.927s][debug  ][gc,phases      ] GC(146)     Dead                           Min: 0, Avg:  0.0, Max: 0, Diff: 0, Sum: 0, Workers: 6
[39.927s][debug  ][gc,phases      ] GC(146)     Total                          Min: 0, Avg:  0.0, Max: 0, Diff: 0, Sum: 0, Workers: 6
[39.927s][debug  ][gc,phases      ] GC(146)   StringTable Weak               Min:  0.0, Avg:  0.0, Max:  0.0, Diff:  0.0, Sum:  0.0, Workers: 6
[39.927s][debug  ][gc,phases      ] GC(146)     Dead                           Min: 0, Avg:  0.0, Max: 0, Diff: 0, Sum: 0, Workers: 6
[39.927s][debug  ][gc,phases      ] GC(146)     Total                          Min: 576, Avg: 892.5, Max: 1196, Diff: 620, Sum: 5355, Workers: 6
[39.927s][debug  ][gc,phases      ] GC(146)   ResolvedMethodTable Weak       Min:  0.0, Avg:  0.0, Max:  0.0, Diff:  0.0, Sum:  0.0, Workers: 6
[39.927s][debug  ][gc,phases      ] GC(146)     Dead                           Min: 0, Avg:  0.0, Max: 0, Diff: 0, Sum: 0, Workers: 6
[39.927s][debug  ][gc,phases      ] GC(146)     Total                          Min: 0, Avg: 21.5, Max: 64, Diff: 64, Sum: 129, Workers: 6
[39.927s][debug  ][gc,phases      ] GC(146)   JNI Weak                       Min:  0.0, Avg:  0.0, Max:  0.0, Diff:  0.0, Sum:  0.0, Workers: 6
[39.927s][debug  ][gc,phases      ] GC(146)     Dead                           Min: 0, Avg:  0.0, Max: 0, Diff: 0, Sum: 0, Workers: 6
[39.927s][debug  ][gc,phases      ] GC(146)     Total                          Min: 0, Avg:  0.0, Max: 0, Diff: 0, Sum: 0, Workers: 6
[39.927s][debug  ][gc,phases      ] GC(146)   StringDedup Table Weak         Min:  0.0, Avg:  0.0, Max:  0.0, Diff:  0.0, Sum:  0.0, Workers: 6
[39.927s][debug  ][gc,phases      ] GC(146)     Dead                           Min: 0, Avg:  0.0, Max: 0, Diff: 0, Sum: 0, Workers: 6
[39.927s][debug  ][gc,phases      ] GC(146)     Total                          Min: 0, Avg:  0.0, Max: 0, Diff: 0, Sum: 0, Workers: 6
[39.927s][debug  ][gc,phases      ] GC(146)   StringDedup Requests0 Weak     Min:  0.0, Avg:  0.0, Max:  0.0, Diff:  0.0, Sum:  0.0, Workers: 6
[39.927s][debug  ][gc,phases      ] GC(146)     Dead                           Min: 0, Avg:  0.0, Max: 0, Diff: 0, Sum: 0, Workers: 6
[39.927s][debug  ][gc,phases      ] GC(146)     Total                          Min: 0, Avg:  0.0, Max: 0, Diff: 0, Sum: 0, Workers: 6
[39.927s][debug  ][gc,phases      ] GC(146)   StringDedup Requests1 Weak     Min:  0.0, Avg:  0.0, Max:  0.0, Diff:  0.0, Sum:  0.0, Workers: 6
[39.927s][debug  ][gc,phases      ] GC(146)     Dead                           Min: 0, Avg:  0.0, Max: 0, Diff: 0, Sum: 0, Workers: 6
[39.927s][debug  ][gc,phases      ] GC(146)     Total                          Min: 0, Avg:  0.0, Max: 0, Diff: 0, Sum: 0, Workers: 6
[39.927s][debug  ][gc,phases      ] GC(146)   Weak JFR Old Object Samples    Min:  0.0, Avg:  0.0, Max:  0.0, Diff:  0.0, Sum:  0.0, Workers: 6
[39.927s][debug  ][gc,phases      ] GC(146)     Dead                           Min: 0, Avg:  0.0, Max: 0, Diff: 0, Sum: 0, Workers: 6
[39.927s][debug  ][gc,phases      ] GC(146)     Total                          Min: 0, Avg:  0.0, Max: 0, Diff: 0, Sum: 0, Workers: 6
[39.927s][debug  ][gc,phases      ] GC(146) Weak Processing 0.790ms
[39.927s][debug  ][gc,ergo        ] GC(146) AdaptiveSizeStart:  collection: 147 
[39.927s][debug  ][gc,ergo        ] GC(146) avg_survived_padded_avg: 33863364.000000
[39.927s][debug  ][gc,ergo        ] GC(146) avg_promoted_padded_avg: 259978912.000000  avg_pretenured_padded_avg: 0.000000  tenuring_thresh: 15  target_size: 34078720
[39.927s][debug  ][gc,age         ] GC(146) Desired survivor size 34078720 bytes, new threshold 15 (max threshold 15)
[39.927s][debug  ][gc,ergo        ] GC(146) PSAdaptiveSizePolicy::compute_eden_space_size limits: desired_eden_size: 218802584 old_eden_size: 199229440 eden_limit: 199753728 cur_eden: 199753728 max_eden_size: 199753728 avg_young_live: 27380794
[39.927s][debug  ][gc,ergo        ] GC(146) PSAdaptiveSizePolicy::compute_eden_space_size: costs minor_time: 0.048511 major_cost: 0.054298 mutator_cost: 0.897192 throughput_goal: 0.990000
[39.927s][debug  ][gc,ergo        ] GC(146) Live_space: 1070759872 free_space: 1399324672
[39.927s][debug  ][gc,ergo        ] GC(146) Old eden_size: 199229440 desired_eden_size: 199753728
[39.927s][debug  ][gc,ergo        ] GC(146) AdaptiveSizeStop: collection: 147 
[39.927s][info   ][gc,heap        ] GC(146) PSYoungGen: 218836K(228864K)->30720K(228352K) Eden: 188116K(195072K)->0K(195072K) From: 30720K(33792K)->30720K(33280K)
[39.928s][info   ][gc,heap        ] GC(146) ParOldGen: 1291876K(1835008K)->1476197K(1835008K)
[39.928s][info   ][gc,metaspace   ] GC(146) Metaspace: 1024K(1216K)->1024K(1216K) NonClass: 940K(1024K)->940K(1024K) Class: 83K(192K)->83K(192K)
[39.928s][info   ][gc             ] GC(146) Pause Young (Allocation Failure) 1475M->1471M(2015M) 16.624ms
[39.928s][info   ][gc,cpu         ] GC(146) User=0.12s Sys=0.00s Real=0.02s
[39.928s][debug  ][gc,heap        ] GC(146) Heap after GC invocations=147 (full 23):
[39.928s][debug  ][gc,heap        ] GC(146)  PSYoungGen      total 228352K, used 30720K [0x00000000f0000000, 0x0000000100000000, 0x0000000100000000)
[39.928s][debug  ][gc,heap        ] GC(146)   eden space 195072K, 0% used [0x00000000f0000000,0x00000000f0000000,0x00000000fbe80000)
[39.928s][debug  ][gc,heap        ] GC(146)   from space 33280K, 92% used [0x00000000fbe80000,0x00000000fdc80030,0x00000000fdf00000)
[39.928s][debug  ][gc,heap        ] GC(146)   to   space 33280K, 0% used [0x00000000fdf80000,0x00000000fdf80000,0x0000000100000000)
[39.928s][debug  ][gc,heap        ] GC(146)  ParOldGen       total 1835008K, used 1476197K [0x0000000080000000, 0x00000000f0000000, 0x00000000f0000000)
[39.928s][debug  ][gc,heap        ] GC(146)   object space 1835008K, 80% used [0x0000000080000000,0x00000000da199508,0x00000000f0000000)
[39.928s][debug  ][gc,heap        ] GC(146)  Metaspace       used 1024K, committed 1216K, reserved 1056768K
[39.928s][debug  ][gc,heap        ] GC(146)   class space    used 83K, committed 192K, reserved 1048576K
[39.928s][debug  ][gc,task,time   ] GC(146) VM-Thread 399105457 399257599 399278335
[40.213s][debug  ][gc,heap        ] GC(147) Heap before GC invocations=148 (full 23):
[40.213s][debug  ][gc,heap        ] GC(147)  PSYoungGen      total 228352K, used 218845K [0x00000000f0000000, 0x0000000100000000, 0x0000000100000000)
[40.213s][debug  ][gc,heap        ] GC(147)   eden space 195072K, 96% used [0x00000000f0000000,0x00000000fb7b7790,0x00000000fbe80000)
[40.213s][debug  ][gc,heap        ] GC(147)   from space 33280K, 92% used [0x00000000fbe80000,0x00000000fdc80030,0x00000000fdf00000)
[40.213s][debug  ][gc,heap        ] GC(147)   to   space 33280K, 0% used [0x00000000fdf80000,0x00000000fdf80000,0x0000000100000000)
[40.213s][debug  ][gc,heap        ] GC(147)  ParOldGen       total 1835008K, used 1476197K [0x0000000080000000, 0x00000000f0000000, 0x00000000f0000000)
[40.213s][debug  ][gc,heap        ] GC(147)   object space 1835008K, 80% used [0x0000000080000000,0x00000000da199508,0x00000000f0000000)
[40.213s][debug  ][gc,heap        ] GC(147)  Metaspace       used 1024K, committed 1216K, reserved 1056768K
[40.214s][debug  ][gc,heap        ] GC(147)   class space    used 83K, committed 192K, reserved 1048576K
[40.214s][debug  ][gc,tlab        ] GC(147) TLAB totals: thrds: 1  refills: 1 max: 1 slow allocs: 17 max 17 waste: 27.1% gc: 3896944B max: 3896944B slow: 0B max: 0B
[40.214s][info   ][gc,start       ] GC(147) Pause Young (Allocation Failure)
[40.214s][debug  ][gc,phases,start] GC(147) Scavenge
[40.228s][debug  ][gc,phases      ] GC(147) Scavenge 14.736ms
[40.228s][debug  ][gc,phases,start] GC(147) Reference Processing
[40.228s][debug  ][gc,ref         ] GC(147) Skipped phase 1 of Reference Processing: no references
[40.228s][debug  ][gc,ref         ] GC(147) Skipped phase 2 of Reference Processing: no references
[40.229s][debug  ][gc,ref         ] GC(147) Skipped phase 3 of Reference Processing: no references
[40.229s][debug  ][gc,ref         ] GC(147) Skipped phase 4 of Reference Processing: no references
[40.229s][debug  ][gc,phases,ref  ] GC(147) Reference Processing: 0.1ms
[40.229s][debug  ][gc,phases,ref  ] GC(147)   Reconsider SoftReferences: 0.0ms
[40.229s][debug  ][gc,phases,ref  ] GC(147)     SoftRef (ms):                  skipped
[40.229s][debug  ][gc,phases,ref  ] GC(147)   Notify Soft/WeakReferences: 0.0ms
[40.229s][debug  ][gc,phases,ref  ] GC(147)     SoftRef (ms):                  skipped
[40.229s][debug  ][gc,phases,ref  ] GC(147)     WeakRef (ms):                  skipped
[40.229s][debug  ][gc,phases,ref  ] GC(147)     FinalRef (ms):                 skipped
[40.229s][debug  ][gc,phases,ref  ] GC(147)     Total (ms):                    skipped
[40.229s][debug  ][gc,phases,ref  ] GC(147)   Notify and keep alive finalizable: 0.0ms
[40.229s][debug  ][gc,phases,ref  ] GC(147)     FinalRef (ms):                 skipped
[40.229s][debug  ][gc,phases,ref  ] GC(147)   Notify PhantomReferences: 0.0ms
[40.229s][debug  ][gc,phases,ref  ] GC(147)     PhantomRef (ms):               skipped
[40.229s][debug  ][gc,phases,ref  ] GC(147)   SoftReference:
[40.229s][debug  ][gc,phases,ref  ] GC(147)     Discovered: 0
[40.229s][debug  ][gc,phases,ref  ] GC(147)     Cleared: 0
[40.229s][debug  ][gc,phases,ref  ] GC(147)   WeakReference:
[40.229s][debug  ][gc,phases,ref  ] GC(147)     Discovered: 0
[40.229s][debug  ][gc,phases,ref  ] GC(147)     Cleared: 0
[40.229s][debug  ][gc,phases,ref  ] GC(147)   FinalReference:
[40.229s][debug  ][gc,phases,ref  ] GC(147)     Discovered: 0
[40.229s][debug  ][gc,phases,ref  ] GC(147)     Cleared: 0
[40.229s][debug  ][gc,phases,ref  ] GC(147)   PhantomReference:
[40.229s][debug  ][gc,phases,ref  ] GC(147)     Discovered: 0
[40.229s][debug  ][gc,phases,ref  ] GC(147)     Cleared: 0
[40.229s][debug  ][gc,phases      ] GC(147) Reference Processing 0.760ms
[40.229s][debug  ][gc,phases,start] GC(147) Weak Processing
[40.229s][debug  ][gc,phases      ] GC(147)   VM Weak                        Min:  0.0, Avg:  0.0, Max:  0.0, Diff:  0.0, Sum:  0.0, Workers: 6
[40.229s][debug  ][gc,phases      ] GC(147)     Dead                           Min: 0, Avg:  0.0, Max: 0, Diff: 0, Sum: 0, Workers: 6
[40.229s][debug  ][gc,phases      ] GC(147)     Total                          Min: 0, Avg:  1.3, Max: 8, Diff: 8, Sum: 8, Workers: 6
[40.229s][debug  ][gc,phases      ] GC(147)   ObjectSynchronizer Weak        Min:  0.0, Avg:  0.0, Max:  0.0, Diff:  0.0, Sum:  0.0, Workers: 6
[40.229s][debug  ][gc,phases      ] GC(147)     Dead                           Min: 0, Avg:  0.0, Max: 0, Diff: 0, Sum: 0, Workers: 6
[40.229s][debug  ][gc,phases      ] GC(147)     Total                          Min: 0, Avg:  0.5, Max: 3, Diff: 3, Sum: 3, Workers: 6
[40.229s][debug  ][gc,phases      ] GC(147)   JVMTI Tag Weak OopStorage      Min:  0.0, Avg:  0.0, Max:  0.0, Diff:  0.0, Sum:  0.0, Workers: 6
[40.229s][debug  ][gc,phases      ] GC(147)     Dead                           Min: 0, Avg:  0.0, Max: 0, Diff: 0, Sum: 0, Workers: 6
[40.229s][debug  ][gc,phases      ] GC(147)     Total                          Min: 0, Avg:  0.0, Max: 0, Diff: 0, Sum: 0, Workers: 6
[40.229s][debug  ][gc,phases      ] GC(147)   StringTable Weak               Min:  0.0, Avg:  0.0, Max:  0.0, Diff:  0.0, Sum:  0.0, Workers: 6
[40.230s][debug  ][gc,phases      ] GC(147)     Dead                           Min: 0, Avg:  0.0, Max: 0, Diff: 0, Sum: 0, Workers: 6
[40.230s][debug  ][gc,phases      ] GC(147)     Total                          Min: 748, Avg: 892.5, Max: 960, Diff: 212, Sum: 5355, Workers: 6
[40.230s][debug  ][gc,phases      ] GC(147)   ResolvedMethodTable Weak       Min:  0.0, Avg:  0.0, Max:  0.0, Diff:  0.0, Sum:  0.0, Workers: 6
[40.230s][debug  ][gc,phases      ] GC(147)     Dead                           Min: 0, Avg:  0.0, Max: 0, Diff: 0, Sum: 0, Workers: 6
[40.230s][debug  ][gc,phases      ] GC(147)     Total                          Min: 0, Avg: 21.5, Max: 64, Diff: 64, Sum: 129, Workers: 6
[40.230s][debug  ][gc,phases      ] GC(147)   JNI Weak                       Min:  0.0, Avg:  0.0, Max:  0.0, Diff:  0.0, Sum:  0.0, Workers: 6
[40.230s][debug  ][gc,phases      ] GC(147)     Dead                           Min: 0, Avg:  0.0, Max: 0, Diff: 0, Sum: 0, Workers: 6
[40.230s][debug  ][gc,phases      ] GC(147)     Total                          Min: 0, Avg:  0.0, Max: 0, Diff: 0, Sum: 0, Workers: 6
[40.230s][debug  ][gc,phases      ] GC(147)   StringDedup Table Weak         Min:  0.0, Avg:  0.0, Max:  0.0, Diff:  0.0, Sum:  0.0, Workers: 6
[40.230s][debug  ][gc,phases      ] GC(147)     Dead                           Min: 0, Avg:  0.0, Max: 0, Diff: 0, Sum: 0, Workers: 6
[40.230s][debug  ][gc,phases      ] GC(147)     Total                          Min: 0, Avg:  0.0, Max: 0, Diff: 0, Sum: 0, Workers: 6
[40.230s][debug  ][gc,phases      ] GC(147)   StringDedup Requests0 Weak     Min:  0.0, Avg:  0.0, Max:  0.0, Diff:  0.0, Sum:  0.0, Workers: 6
[40.230s][debug  ][gc,phases      ] GC(147)     Dead                           Min: 0, Avg:  0.0, Max: 0, Diff: 0, Sum: 0, Workers: 6
[40.230s][debug  ][gc,phases      ] GC(147)     Total                          Min: 0, Avg:  0.0, Max: 0, Diff: 0, Sum: 0, Workers: 6
[40.230s][debug  ][gc,phases      ] GC(147)   StringDedup Requests1 Weak     Min:  0.0, Avg:  0.0, Max:  0.0, Diff:  0.0, Sum:  0.0, Workers: 6
[40.230s][debug  ][gc,phases      ] GC(147)     Dead                           Min: 0, Avg:  0.0, Max: 0, Diff: 0, Sum: 0, Workers: 6
[40.230s][debug  ][gc,phases      ] GC(147)     Total                          Min: 0, Avg:  0.0, Max: 0, Diff: 0, Sum: 0, Workers: 6
[40.230s][debug  ][gc,phases      ] GC(147)   Weak JFR Old Object Samples    Min:  0.0, Avg:  0.0, Max:  0.0, Diff:  0.0, Sum:  0.0, Workers: 6
[40.230s][debug  ][gc,phases      ] GC(147)     Dead                           Min: 0, Avg:  0.0, Max: 0, Diff: 0, Sum: 0, Workers: 6
[40.230s][debug  ][gc,phases      ] GC(147)     Total                          Min: 0, Avg:  0.0, Max: 0, Diff: 0, Sum: 0, Workers: 6
[40.230s][debug  ][gc,phases      ] GC(147) Weak Processing 0.694ms
[40.230s][debug  ][gc,ergo        ] GC(147) AdaptiveSizeStart:  collection: 148 
[40.230s][debug  ][gc,ergo        ] GC(147) avg_survived_padded_avg: 33702716.000000
[40.230s][debug  ][gc,ergo        ] GC(147) avg_promoted_padded_avg: 259209104.000000  avg_pretenured_padded_avg: 0.000000  tenuring_thresh: 15  target_size: 34078720
[40.230s][debug  ][gc,age         ] GC(147) Desired survivor size 34078720 bytes, new threshold 15 (max threshold 15)
[40.230s][debug  ][gc,ergo        ] GC(147) PSAdaptiveSizePolicy::compute_eden_space_size limits: desired_eden_size: 219078972 old_eden_size: 199753728 eden_limit: 200278016 cur_eden: 199753728 max_eden_size: 200278016 avg_young_live: 27788446
[40.230s][debug  ][gc,ergo        ] GC(147) PSAdaptiveSizePolicy::compute_eden_space_size: costs minor_time: 0.049861 major_cost: 0.054298 mutator_cost: 0.895842 throughput_goal: 0.990000
[40.230s][debug  ][gc,ergo        ] GC(147) Live_space: 1071167488 free_space: 1399848960
[40.230s][debug  ][gc,ergo        ] GC(147) Old eden_size: 199753728 desired_eden_size: 200278016
[40.230s][debug  ][gc,ergo        ] GC(147) AdaptiveSizeStop: collection: 148 
[40.230s][info   ][gc,heap        ] GC(147) PSYoungGen: 218845K(228352K)->30720K(228864K) Eden: 188125K(195072K)->0K(195584K) From: 30720K(33280K)->30720K(33280K)
[40.230s][info   ][gc,heap        ] GC(147) ParOldGen: 1476197K(1835008K)->1660517K(1835008K)
[40.230s][info   ][gc,metaspace   ] GC(147) Metaspace: 1024K(1216K)->1024K(1216K) NonClass: 940K(1024K)->940K(1024K) Class: 83K(192K)->83K(192K)
[40.230s][info   ][gc             ] GC(147) Pause Young (Allocation Failure) 1655M->1651M(2015M) 16.645ms
[40.230s][info   ][gc,cpu         ] GC(147) User=0.09s Sys=0.02s Real=0.02s
[40.230s][debug  ][gc,heap        ] GC(147) Heap after GC invocations=148 (full 23):
[40.230s][debug  ][gc,heap        ] GC(147)  PSYoungGen      total 228864K, used 30720K [0x00000000f0000000, 0x0000000100000000, 0x0000000100000000)
[40.230s][debug  ][gc,heap        ] GC(147)   eden space 195584K, 0% used [0x00000000f0000000,0x00000000f0000000,0x00000000fbf00000)
[40.230s][debug  ][gc,heap        ] GC(147)   from space 33280K, 92% used [0x00000000fdf80000,0x00000000ffd80030,0x0000000100000000)
[40.230s][debug  ][gc,heap        ] GC(147)   to   space 33280K, 0% used [0x00000000fbf00000,0x00000000fbf00000,0x00000000fdf80000)
[40.230s][debug  ][gc,heap        ] GC(147)  ParOldGen       total 1835008K, used 1660517K [0x0000000080000000, 0x00000000f0000000, 0x00000000f0000000)
[40.230s][debug  ][gc,heap        ] GC(147)   object space 1835008K, 90% used [0x0000000080000000,0x00000000e5599628,0x00000000f0000000)
[40.230s][debug  ][gc,heap        ] GC(147)  Metaspace       used 1024K, committed 1216K, reserved 1056768K
[40.230s][debug  ][gc,heap        ] GC(147)   class space    used 83K, committed 192K, reserved 1048576K
[40.230s][debug  ][gc,task,time   ] GC(147) VM-Thread 402132182 402284313 402304557
[40.230s][debug  ][gc,phases,start] GC(148) Pre Compact
[40.230s][debug  ][gc,heap        ] GC(148) Heap before GC invocations=149 (full 24):
[40.231s][debug  ][gc,heap        ] GC(148)  PSYoungGen      total 228864K, used 30720K [0x00000000f0000000, 0x0000000100000000, 0x0000000100000000)
[40.231s][debug  ][gc,heap        ] GC(148)   eden space 195584K, 0% used [0x00000000f0000000,0x00000000f0000000,0x00000000fbf00000)
[40.231s][debug  ][gc,heap        ] GC(148)   from space 33280K, 92% used [0x00000000fdf80000,0x00000000ffd80030,0x0000000100000000)
[40.231s][debug  ][gc,heap        ] GC(148)   to   space 33280K, 0% used [0x00000000fbf00000,0x00000000fbf00000,0x00000000fdf80000)
[40.231s][debug  ][gc,heap        ] GC(148)  ParOldGen       total 1835008K, used 1660517K [0x0000000080000000, 0x00000000f0000000, 0x00000000f0000000)
[40.231s][debug  ][gc,heap        ] GC(148)   object space 1835008K, 90% used [0x0000000080000000,0x00000000e5599628,0x00000000f0000000)
[40.231s][debug  ][gc,heap        ] GC(148)  Metaspace       used 1024K, committed 1216K, reserved 1056768K
[40.231s][debug  ][gc,heap        ] GC(148)   class space    used 83K, committed 192K, reserved 1048576K
[40.231s][debug  ][gc,phases      ] GC(148) Pre Compact 0.203ms
[40.231s][info   ][gc,start       ] GC(148) Pause Full (Ergonomics)
[40.231s][info   ][gc,phases,start] GC(148) Marking Phase
[40.231s][debug  ][gc,phases,start] GC(148) Par Mark
[40.231s][debug  ][gc,phases      ] GC(148) Par Mark 0.564ms
[40.231s][debug  ][gc,phases,start] GC(148) Reference Processing
[40.231s][debug  ][gc,ref         ] GC(148) Skipped phase 1 of Reference Processing: no references
[40.231s][debug  ][gc,ref         ] GC(148) ReferenceProcessor::execute queues: 1, RefProcThreadModel::Single, marks_oops_alive: false
[40.231s][debug  ][gc,ref         ] GC(148) Skipped phase 3 of Reference Processing: no references
[40.231s][debug  ][gc,ref         ] GC(148) ReferenceProcessor::execute queues: 1, RefProcThreadModel::Single, marks_oops_alive: false
[40.232s][debug  ][gc,phases,ref  ] GC(148) Reference Processing: 0.1ms
[40.232s][debug  ][gc,phases,ref  ] GC(148)   Reconsider SoftReferences: 0.0ms
[40.232s][debug  ][gc,phases,ref  ] GC(148)     SoftRef (ms):                  skipped
[40.232s][debug  ][gc,phases,ref  ] GC(148)   Notify Soft/WeakReferences: 0.0ms
[40.232s][debug  ][gc,phases,ref  ] GC(148)     SoftRef (ms):                  Min:  0.0, Avg:  0.0, Max:  0.0, Diff:  0.0, Sum:  0.0, Workers: 8
[40.232s][debug  ][gc,phases,ref  ] GC(148)     WeakRef (ms):                  Min:  0.0, Avg:  0.0, Max:  0.0, Diff:  0.0, Sum:  0.0, Workers: 8
[40.232s][debug  ][gc,phases,ref  ] GC(148)     FinalRef (ms):                 Min:  0.0, Avg:  0.0, Max:  0.0, Diff:  0.0, Sum:  0.0, Workers: 8
[40.232s][debug  ][gc,phases,ref  ] GC(148)     Total (ms):                    Min:  0.0, Avg:  0.0, Max:  0.0, Diff:  0.0, Sum:  0.0, Workers: 8
[40.232s][debug  ][gc,phases,ref  ] GC(148)   Notify and keep alive finalizable: 0.0ms
[40.232s][debug  ][gc,phases,ref  ] GC(148)     FinalRef (ms):                 skipped
[40.232s][debug  ][gc,phases,ref  ] GC(148)   Notify PhantomReferences: 0.0ms
[40.232s][debug  ][gc,phases,ref  ] GC(148)     PhantomRef (ms):               Min:  0.0, Avg:  0.0, Max:  0.0, Diff:  0.0, Sum:  0.0, Workers: 8
[40.232s][debug  ][gc,phases,ref  ] GC(148)   SoftReference:
[40.232s][debug  ][gc,phases,ref  ] GC(148)     Discovered: 0
[40.232s][debug  ][gc,phases,ref  ] GC(148)     Cleared: 0
[40.232s][debug  ][gc,phases,ref  ] GC(148)   WeakReference:
[40.232s][debug  ][gc,phases,ref  ] GC(148)     Discovered: 85
[40.232s][debug  ][gc,phases,ref  ] GC(148)     Cleared: 85
[40.232s][debug  ][gc,phases,ref  ] GC(148)   FinalReference:
[40.232s][debug  ][gc,phases,ref  ] GC(148)     Discovered: 0
[40.232s][debug  ][gc,phases,ref  ] GC(148)     Cleared: 0
[40.232s][debug  ][gc,phases,ref  ] GC(148)   PhantomReference:
[40.232s][debug  ][gc,phases,ref  ] GC(148)     Discovered: 3
[40.232s][debug  ][gc,phases,ref  ] GC(148)     Cleared: 3
[40.232s][debug  ][gc,phases      ] GC(148) Reference Processing 0.676ms
[40.232s][debug  ][gc,phases,start] GC(148) Weak Processing
[40.232s][debug  ][gc,phases      ] GC(148)   VM Weak                        Min:  0.0, Avg:  0.0, Max:  0.0, Diff:  0.0, Sum:  0.0, Workers: 6
[40.232s][debug  ][gc,phases      ] GC(148)     Dead                           Min: 0, Avg:  0.0, Max: 0, Diff: 0, Sum: 0, Workers: 6
[40.232s][debug  ][gc,phases      ] GC(148)     Total                          Min: 0, Avg:  1.3, Max: 8, Diff: 8, Sum: 8, Workers: 6
[40.232s][debug  ][gc,phases      ] GC(148)   ObjectSynchronizer Weak        Min:  0.0, Avg:  0.0, Max:  0.0, Diff:  0.0, Sum:  0.0, Workers: 6
[40.232s][debug  ][gc,phases      ] GC(148)     Dead                           Min: 0, Avg:  0.0, Max: 0, Diff: 0, Sum: 0, Workers: 6
[40.232s][debug  ][gc,phases      ] GC(148)     Total                          Min: 0, Avg:  0.5, Max: 3, Diff: 3, Sum: 3, Workers: 6
[40.232s][debug  ][gc,phases      ] GC(148)   JVMTI Tag Weak OopStorage      Min:  0.0, Avg:  0.0, Max:  0.0, Diff:  0.0, Sum:  0.0, Workers: 6
[40.232s][debug  ][gc,phases      ] GC(148)     Dead                           Min: 0, Avg:  0.0, Max: 0, Diff: 0, Sum: 0, Workers: 6
[40.232s][debug  ][gc,phases      ] GC(148)     Total                          Min: 0, Avg:  0.0, Max: 0, Diff: 0, Sum: 0, Workers: 6
[40.232s][debug  ][gc,phases      ] GC(148)   StringTable Weak               Min:  0.0, Avg:  0.0, Max:  0.0, Diff:  0.0, Sum:  0.0, Workers: 6
[40.232s][debug  ][gc,phases      ] GC(148)     Dead                           Min: 0, Avg:  0.0, Max: 0, Diff: 0, Sum: 0, Workers: 6
[40.232s][debug  ][gc,phases      ] GC(148)     Total                          Min: 704, Avg: 892.5, Max: 1088, Diff: 384, Sum: 5355, Workers: 6
[40.232s][debug  ][gc,phases      ] GC(148)   ResolvedMethodTable Weak       Min:  0.0, Avg:  0.0, Max:  0.0, Diff:  0.0, Sum:  0.0, Workers: 6
[40.232s][debug  ][gc,phases      ] GC(148)     Dead                           Min: 0, Avg:  0.0, Max: 0, Diff: 0, Sum: 0, Workers: 6
[40.232s][debug  ][gc,phases      ] GC(148)     Total                          Min: 0, Avg: 21.5, Max: 64, Diff: 64, Sum: 129, Workers: 6
[40.232s][debug  ][gc,phases      ] GC(148)   JNI Weak                       Min:  0.0, Avg:  0.0, Max:  0.0, Diff:  0.0, Sum:  0.0, Workers: 6
[40.232s][debug  ][gc,phases      ] GC(148)     Dead                           Min: 0, Avg:  0.0, Max: 0, Diff: 0, Sum: 0, Workers: 6
[40.232s][debug  ][gc,phases      ] GC(148)     Total                          Min: 0, Avg:  0.0, Max: 0, Diff: 0, Sum: 0, Workers: 6
[40.232s][debug  ][gc,phases      ] GC(148)   StringDedup Table Weak         Min:  0.0, Avg:  0.0, Max:  0.0, Diff:  0.0, Sum:  0.0, Workers: 6
[40.233s][debug  ][gc,phases      ] GC(148)     Dead                           Min: 0, Avg:  0.0, Max: 0, Diff: 0, Sum: 0, Workers: 6
[40.233s][debug  ][gc,phases      ] GC(148)     Total                          Min: 0, Avg:  0.0, Max: 0, Diff: 0, Sum: 0, Workers: 6
[40.233s][debug  ][gc,phases      ] GC(148)   StringDedup Requests0 Weak     Min:  0.0, Avg:  0.0, Max:  0.0, Diff:  0.0, Sum:  0.0, Workers: 6
[40.233s][debug  ][gc,phases      ] GC(148)     Dead                           Min: 0, Avg:  0.0, Max: 0, Diff: 0, Sum: 0, Workers: 6
[40.233s][debug  ][gc,phases      ] GC(148)     Total                          Min: 0, Avg:  0.0, Max: 0, Diff: 0, Sum: 0, Workers: 6
[40.233s][debug  ][gc,phases      ] GC(148)   StringDedup Requests1 Weak     Min:  0.0, Avg:  0.0, Max:  0.0, Diff:  0.0, Sum:  0.0, Workers: 6
[40.233s][debug  ][gc,phases      ] GC(148)     Dead                           Min: 0, Avg:  0.0, Max: 0, Diff: 0, Sum: 0, Workers: 6
[40.233s][debug  ][gc,phases      ] GC(148)     Total                          Min: 0, Avg:  0.0, Max: 0, Diff: 0, Sum: 0, Workers: 6
[40.233s][debug  ][gc,phases      ] GC(148)   Weak JFR Old Object Samples    Min:  0.0, Avg:  0.0, Max:  0.0, Diff:  0.0, Sum:  0.0, Workers: 6
[40.233s][debug  ][gc,phases      ] GC(148)     Dead                           Min: 0, Avg:  0.0, Max: 0, Diff: 0, Sum: 0, Workers: 6
[40.233s][debug  ][gc,phases      ] GC(148)     Total                          Min: 0, Avg:  0.0, Max: 0, Diff: 0, Sum: 0, Workers: 6
[40.233s][debug  ][gc,phases      ] GC(148) Weak Processing 0.657ms
[40.233s][debug  ][gc,phases,start] GC(148) Class Unloading
[40.233s][debug  ][gc,phases,start] GC(148) ClassLoaderData
[40.233s][debug  ][gc,phases      ] GC(148) ClassLoaderData 0.019ms
[40.233s][debug  ][gc,phases,start] GC(148) Trigger cleanups
[40.233s][debug  ][gc,phases      ] GC(148) Trigger cleanups 0.019ms
[40.233s][debug  ][gc,phases      ] GC(148) Class Unloading 0.257ms
[40.233s][info   ][gc,phases      ] GC(148) Marking Phase 2.285ms
[40.233s][info   ][gc,phases,start] GC(148) Summary Phase
[40.233s][info   ][gc,phases      ] GC(148) Summary Phase 0.047ms
[40.233s][info   ][gc,phases,start] GC(148) Adjust Roots
[40.233s][info   ][gc,phases      ] GC(148) Adjust Roots 0.192ms
[40.233s][info   ][gc,phases,start] GC(148) Compaction Phase
[40.323s][info   ][gc,phases      ] GC(148) Compaction Phase 89.422ms
[40.323s][info   ][gc,phases,start] GC(148) Post Compact
[40.329s][info   ][gc,phases      ] GC(148) Post Compact 6.171ms
[40.329s][debug  ][gc,ergo        ] GC(148) AdaptiveSizeStart: collection: 149 
[40.329s][debug  ][gc,ergo        ] GC(148) PSAdaptiveSizePolicy::compute_eden_space_size limits: desired_eden_size: 219737048 old_eden_size: 200278016 eden_limit: 200278016 cur_eden: 200278016 max_eden_size: 200278016 avg_young_live: 25009602
[40.329s][debug  ][gc,ergo        ] GC(148) PSAdaptiveSizePolicy::compute_eden_space_size: costs minor_time: 0.049861 major_cost: 0.053582 mutator_cost: 0.896558 throughput_goal: 0.990000
[40.329s][debug  ][gc,ergo        ] GC(148) Live_space: 1068388672 free_space: 1400373248
[40.329s][debug  ][gc,ergo        ] GC(148) Old eden_size: 200278016 desired_eden_size: 200278016
[40.329s][debug  ][gc,ergo        ] GC(148) PSAdaptiveSizePolicy::compute_old_gen_free_space limits: desired_promo_size: 1324475802 promo_limit: 1200095232 free_in_old_gen: 1098593792 max_old_gen_size: 1879048192 avg_old_live: 780454336
[40.329s][debug  ][gc,ergo        ] GC(148) PSAdaptiveSizePolicy::compute_old_gen_free_space: costs minor_time: 0.049861 major_cost: 0.053582  mutator_cost: 0.896558 throughput_goal: 0.990000
[40.329s][debug  ][gc,ergo        ] GC(148) Live_space: 1073899392 free_space: 1400373248
[40.329s][debug  ][gc,ergo        ] GC(148) Old promo_size: 1200095232 desired_promo_size: 1200095232
[40.329s][debug  ][gc,ergo        ] GC(148) AdaptiveSizeStop: collection: 149 
[40.330s][info   ][gc,heap        ] GC(148) PSYoungGen: 30720K(228864K)->0K(228864K) Eden: 0K(195584K)->0K(195584K) From: 30720K(33280K)->0K(33280K)
[40.330s][info   ][gc,heap        ] GC(148) ParOldGen: 1660517K(1835008K)->810596K(1835008K)
[40.330s][info   ][gc,metaspace   ] GC(148) Metaspace: 1024K(1216K)->1024K(1216K) NonClass: 940K(1024K)->940K(1024K) Class: 83K(192K)->83K(192K)
[40.330s][info   ][gc             ] GC(148) Pause Full (Ergonomics) 1651M->791M(2015M) 98.913ms
[40.330s][info   ][gc,cpu         ] GC(148) User=0.75s Sys=0.00s Real=0.10s
[40.330s][debug  ][gc,heap        ] GC(148) Heap after GC invocations=149 (full 24):
[40.330s][debug  ][gc,heap        ] GC(148)  PSYoungGen      total 228864K, used 0K [0x00000000f0000000, 0x0000000100000000, 0x0000000100000000)
[40.330s][debug  ][gc,heap        ] GC(148)   eden space 195584K, 0% used [0x00000000f0000000,0x00000000f0000000,0x00000000fbf00000)
[40.330s][debug  ][gc,heap        ] GC(148)   from space 33280K, 0% used [0x00000000fbf00000,0x00000000fbf00000,0x00000000fdf80000)
[40.330s][debug  ][gc,heap        ] GC(148)   to   space 33280K, 0% used [0x00000000fdf80000,0x00000000fdf80000,0x0000000100000000)
[40.330s][debug  ][gc,heap        ] GC(148)  ParOldGen       total 1835008K, used 810596K [0x0000000080000000, 0x00000000f0000000, 0x00000000f0000000)
[40.330s][debug  ][gc,heap        ] GC(148)   object space 1835008K, 44% used [0x0000000080000000,0x00000000b17990f8,0x00000000f0000000)
[40.330s][debug  ][gc,heap        ] GC(148)  Metaspace       used 1024K, committed 1216K, reserved 1056768K
[40.330s][debug  ][gc,heap        ] GC(148)   class space    used 83K, committed 192K, reserved 1048576K
[40.330s][debug  ][gc,task,time   ] GC(148) VM-Thread 402307454 402333819 403296972
[40.611s][debug  ][gc,heap        ] GC(149) Heap before GC invocations=150 (full 24):
[40.611s][debug  ][gc,heap        ] GC(149)  PSYoungGen      total 228864K, used 188141K [0x00000000f0000000, 0x0000000100000000, 0x0000000100000000)
[40.611s][debug  ][gc,heap        ] GC(149)   eden space 195584K, 96% used [0x00000000f0000000,0x00000000fb7bb740,0x00000000fbf00000)
[40.611s][debug  ][gc,heap        ] GC(149)   from space 33280K, 0% used [0x00000000fbf00000,0x00000000fbf00000,0x00000000fdf80000)
[40.611s][debug  ][gc,heap        ] GC(149)   to   space 33280K, 0% used [0x00000000fdf80000,0x00000000fdf80000,0x0000000100000000)
[40.611s][debug  ][gc,heap        ] GC(149)  ParOldGen       total 1835008K, used 810596K [0x0000000080000000, 0x00000000f0000000, 0x00000000f0000000)
[40.611s][debug  ][gc,heap        ] GC(149)   object space 1835008K, 44% used [0x0000000080000000,0x00000000b17990f8,0x00000000f0000000)
[40.611s][debug  ][gc,heap        ] GC(149)  Metaspace       used 1024K, committed 1216K, reserved 1056768K
[40.612s][debug  ][gc,heap        ] GC(149)   class space    used 83K, committed 192K, reserved 1048576K
[40.612s][debug  ][gc,tlab        ] GC(149) TLAB totals: thrds: 1  refills: 1 max: 1 slow allocs: 17 max 17 waste: 27.2% gc: 3913248B max: 3913248B slow: 0B max: 0B
[40.612s][info   ][gc,start       ] GC(149) Pause Young (Allocation Failure)
[40.612s][debug  ][gc,phases,start] GC(149) Scavenge
[40.624s][debug  ][gc,phases      ] GC(149) Scavenge 12.257ms
[40.624s][debug  ][gc,phases,start] GC(149) Reference Processing
[40.624s][debug  ][gc,ref         ] GC(149) Skipped phase 1 of Reference Processing: no references
[40.624s][debug  ][gc,ref         ] GC(149) Skipped phase 2 of Reference Processing: no references
[40.624s][debug  ][gc,ref         ] GC(149) Skipped phase 3 of Reference Processing: no references
[40.624s][debug  ][gc,ref         ] GC(149) Skipped phase 4 of Reference Processing: no references
[40.624s][debug  ][gc,phases,ref  ] GC(149) Reference Processing: 0.1ms
[40.624s][debug  ][gc,phases,ref  ] GC(149)   Reconsider SoftReferences: 0.0ms
[40.624s][debug  ][gc,phases,ref  ] GC(149)     SoftRef (ms):                  skipped
[40.624s][debug  ][gc,phases,ref  ] GC(149)   Notify Soft/WeakReferences: 0.0ms
[40.624s][debug  ][gc,phases,ref  ] GC(149)     SoftRef (ms):                  skipped
[40.624s][debug  ][gc,phases,ref  ] GC(149)     WeakRef (ms):                  skipped
[40.624s][debug  ][gc,phases,ref  ] GC(149)     FinalRef (ms):                 skipped
[40.624s][debug  ][gc,phases,ref  ] GC(149)     Total (ms):                    skipped
[40.624s][debug  ][gc,phases,ref  ] GC(149)   Notify and keep alive finalizable: 0.0ms
[40.624s][debug  ][gc,phases,ref  ] GC(149)     FinalRef (ms):                 skipped
[40.624s][debug  ][gc,phases,ref  ] GC(149)   Notify PhantomReferences: 0.0ms
[40.624s][debug  ][gc,phases,ref  ] GC(149)     PhantomRef (ms):               skipped
[40.624s][debug  ][gc,phases,ref  ] GC(149)   SoftReference:
[40.624s][debug  ][gc,phases,ref  ] GC(149)     Discovered: 0
[40.624s][debug  ][gc,phases,ref  ] GC(149)     Cleared: 0
[40.624s][debug  ][gc,phases,ref  ] GC(149)   WeakReference:
[40.625s][debug  ][gc,phases,ref  ] GC(149)     Discovered: 0
[40.625s][debug  ][gc,phases,ref  ] GC(149)     Cleared: 0
[40.625s][debug  ][gc,phases,ref  ] GC(149)   FinalReference:
[40.625s][debug  ][gc,phases,ref  ] GC(149)     Discovered: 0
[40.625s][debug  ][gc,phases,ref  ] GC(149)     Cleared: 0
[40.625s][debug  ][gc,phases,ref  ] GC(149)   PhantomReference:
[40.625s][debug  ][gc,phases,ref  ] GC(149)     Discovered: 0
[40.625s][debug  ][gc,phases,ref  ] GC(149)     Cleared: 0
[40.625s][debug  ][gc,phases      ] GC(149) Reference Processing 0.687ms
[40.625s][debug  ][gc,phases,start] GC(149) Weak Processing
[40.625s][debug  ][gc,phases      ] GC(149)   VM Weak                        Min:  0.0, Avg:  0.0, Max:  0.0, Diff:  0.0, Sum:  0.0, Workers: 6
[40.625s][debug  ][gc,phases      ] GC(149)     Dead                           Min: 0, Avg:  0.0, Max: 0, Diff: 0, Sum: 0, Workers: 6
[40.625s][debug  ][gc,phases      ] GC(149)     Total                          Min: 0, Avg:  1.3, Max: 8, Diff: 8, Sum: 8, Workers: 6
[40.625s][debug  ][gc,phases      ] GC(149)   ObjectSynchronizer Weak        Min:  0.0, Avg:  0.0, Max:  0.0, Diff:  0.0, Sum:  0.0, Workers: 6
[40.625s][debug  ][gc,phases      ] GC(149)     Dead                           Min: 0, Avg:  0.0, Max: 0, Diff: 0, Sum: 0, Workers: 6
[40.625s][debug  ][gc,phases      ] GC(149)     Total                          Min: 0, Avg:  0.5, Max: 3, Diff: 3, Sum: 3, Workers: 6
[40.625s][debug  ][gc,phases      ] GC(149)   JVMTI Tag Weak OopStorage      Min:  0.0, Avg:  0.0, Max:  0.0, Diff:  0.0, Sum:  0.0, Workers: 6
[40.625s][debug  ][gc,phases      ] GC(149)     Dead                           Min: 0, Avg:  0.0, Max: 0, Diff: 0, Sum: 0, Workers: 6
[40.625s][debug  ][gc,phases      ] GC(149)     Total                          Min: 0, Avg:  0.0, Max: 0, Diff: 0, Sum: 0, Workers: 6
[40.625s][debug  ][gc,phases      ] GC(149)   StringTable Weak               Min:  0.0, Avg:  0.0, Max:  0.0, Diff:  0.0, Sum:  0.0, Workers: 6
[40.625s][debug  ][gc,phases      ] GC(149)     Dead                           Min: 0, Avg:  0.0, Max: 0, Diff: 0, Sum: 0, Workers: 6
[40.625s][debug  ][gc,phases      ] GC(149)     Total                          Min: 704, Avg: 892.5, Max: 1068, Diff: 364, Sum: 5355, Workers: 6
[40.625s][debug  ][gc,phases      ] GC(149)   ResolvedMethodTable Weak       Min:  0.0, Avg:  0.0, Max:  0.0, Diff:  0.0, Sum:  0.0, Workers: 6
[40.625s][debug  ][gc,phases      ] GC(149)     Dead                           Min: 0, Avg:  0.0, Max: 0, Diff: 0, Sum: 0, Workers: 6
[40.625s][debug  ][gc,phases      ] GC(149)     Total                          Min: 0, Avg: 21.5, Max: 64, Diff: 64, Sum: 129, Workers: 6
[40.625s][debug  ][gc,phases      ] GC(149)   JNI Weak                       Min:  0.0, Avg:  0.0, Max:  0.0, Diff:  0.0, Sum:  0.0, Workers: 6
[40.625s][debug  ][gc,phases      ] GC(149)     Dead                           Min: 0, Avg:  0.0, Max: 0, Diff: 0, Sum: 0, Workers: 6
[40.625s][debug  ][gc,phases      ] GC(149)     Total                          Min: 0, Avg:  0.0, Max: 0, Diff: 0, Sum: 0, Workers: 6
[40.625s][debug  ][gc,phases      ] GC(149)   StringDedup Table Weak         Min:  0.0, Avg:  0.0, Max:  0.0, Diff:  0.0, Sum:  0.0, Workers: 6
[40.625s][debug  ][gc,phases      ] GC(149)     Dead                           Min: 0, Avg:  0.0, Max: 0, Diff: 0, Sum: 0, Workers: 6
[40.625s][debug  ][gc,phases      ] GC(149)     Total                          Min: 0, Avg:  0.0, Max: 0, Diff: 0, Sum: 0, Workers: 6
[40.625s][debug  ][gc,phases      ] GC(149)   StringDedup Requests0 Weak     Min:  0.0, Avg:  0.0, Max:  0.0, Diff:  0.0, Sum:  0.0, Workers: 6
[40.625s][debug  ][gc,phases      ] GC(149)     Dead                           Min: 0, Avg:  0.0, Max: 0, Diff: 0, Sum: 0, Workers: 6
[40.625s][debug  ][gc,phases      ] GC(149)     Total                          Min: 0, Avg:  0.0, Max: 0, Diff: 0, Sum: 0, Workers: 6
[40.625s][debug  ][gc,phases      ] GC(149)   StringDedup Requests1 Weak     Min:  0.0, Avg:  0.0, Max:  0.0, Diff:  0.0, Sum:  0.0, Workers: 6
[40.625s][debug  ][gc,phases      ] GC(149)     Dead                           Min: 0, Avg:  0.0, Max: 0, Diff: 0, Sum: 0, Workers: 6
[40.625s][debug  ][gc,phases      ] GC(149)     Total                          Min: 0, Avg:  0.0, Max: 0, Diff: 0, Sum: 0, Workers: 6
[40.625s][debug  ][gc,phases      ] GC(149)   Weak JFR Old Object Samples    Min:  0.0, Avg:  0.0, Max:  0.0, Diff:  0.0, Sum:  0.0, Workers: 6
[40.625s][debug  ][gc,phases      ] GC(149)     Dead                           Min: 0, Avg:  0.0, Max: 0, Diff: 0, Sum: 0, Workers: 6
[40.625s][debug  ][gc,phases      ] GC(149)     Total                          Min: 0, Avg:  0.0, Max: 0, Diff: 0, Sum: 0, Workers: 6
[40.625s][debug  ][gc,phases      ] GC(149) Weak Processing 0.748ms
[40.625s][debug  ][gc,ergo        ] GC(149) AdaptiveSizeStart:  collection: 150 
[40.626s][debug  ][gc,ergo        ] GC(149) avg_survived_padded_avg: 33550140.000000
[40.626s][debug  ][gc,ergo        ] GC(149) avg_promoted_padded_avg: 251792016.000000  avg_pretenured_padded_avg: 0.000000  tenuring_thresh: 15  target_size: 33554432
[40.626s][debug  ][gc,age         ] GC(149) Desired survivor size 33554432 bytes, new threshold 15 (max threshold 15)
[40.626s][debug  ][gc,ergo        ] GC(149) PSAdaptiveSizePolicy::compute_eden_space_size limits: desired_eden_size: 218955635 old_eden_size: 200278016 eden_limit: 200278016 cur_eden: 200278016 max_eden_size: 200278016 avg_young_live: 25654374
[40.626s][debug  ][gc,ergo        ] GC(149) PSAdaptiveSizePolicy::compute_eden_space_size: costs minor_time: 0.046135 major_cost: 0.053582 mutator_cost: 0.900284 throughput_goal: 0.990000
[40.626s][debug  ][gc,ergo        ] GC(149) Live_space: 1074544128 free_space: 1400373248
[40.626s][debug  ][gc,ergo        ] GC(149) Old eden_size: 200278016 desired_eden_size: 200278016
[40.626s][debug  ][gc,ergo        ] GC(149) AdaptiveSizeStop: collection: 150 
[40.626s][info   ][gc,heap        ] GC(149) PSYoungGen: 188141K(228864K)->30720K(229376K) Eden: 188141K(195584K)->0K(196096K) From: 0K(33280K)->30720K(33280K)
[40.626s][info   ][gc,heap        ] GC(149) ParOldGen: 810596K(1835008K)->964196K(1835008K)
[40.626s][info   ][gc,metaspace   ] GC(149) Metaspace: 1024K(1216K)->1024K(1216K) NonClass: 940K(1024K)->940K(1024K) Class: 83K(192K)->83K(192K)
[40.626s][info   ][gc             ] GC(149) Pause Young (Allocation Failure) 975M->971M(2016M) 14.200ms
[40.626s][info   ][gc,cpu         ] GC(149) User=0.11s Sys=0.00s Real=0.01s
[40.626s][debug  ][gc,heap        ] GC(149) Heap after GC invocations=150 (full 24):
[40.626s][debug  ][gc,heap        ] GC(149)  PSYoungGen      total 229376K, used 30720K [0x00000000f0000000, 0x0000000100000000, 0x0000000100000000)
[40.626s][debug  ][gc,heap        ] GC(149)   eden space 196096K, 0% used [0x00000000f0000000,0x00000000f0000000,0x00000000fbf80000)
[40.626s][debug  ][gc,heap        ] GC(149)   from space 33280K, 92% used [0x00000000fdf80000,0x00000000ffd80030,0x0000000100000000)
[40.626s][debug  ][gc,heap        ] GC(149)   to   space 32768K, 0% used [0x00000000fbf80000,0x00000000fbf80000,0x00000000fdf80000)
[40.626s][debug  ][gc,heap        ] GC(149)  ParOldGen       total 1835008K, used 964196K [0x0000000080000000, 0x00000000f0000000, 0x00000000f0000000)
[40.626s][debug  ][gc,heap        ] GC(149)   object space 1835008K, 52% used [0x0000000080000000,0x00000000bad991e8,0x00000000f0000000)
[40.626s][debug  ][gc,heap        ] GC(149)  Metaspace       used 1024K, committed 1216K, reserved 1056768K
[40.626s][debug  ][gc,heap        ] GC(149)   class space    used 83K, committed 192K, reserved 1048576K
[40.626s][debug  ][gc,task,time   ] GC(149) VM-Thread 406111508 406240104 406260826
[40.913s][debug  ][gc,heap        ] GC(150) Heap before GC invocations=151 (full 24):
[40.913s][debug  ][gc,heap        ] GC(150)  PSYoungGen      total 229376K, used 218800K [0x00000000f0000000, 0x0000000100000000, 0x0000000100000000)
[40.913s][debug  ][gc,heap        ] GC(150)   eden space 196096K, 95% used [0x00000000f0000000,0x00000000fb7ac370,0x00000000fbf80000)
[40.913s][debug  ][gc,heap        ] GC(150)   from space 33280K, 92% used [0x00000000fdf80000,0x00000000ffd80030,0x0000000100000000)
[40.913s][debug  ][gc,heap        ] GC(150)   to   space 32768K, 0% used [0x00000000fbf80000,0x00000000fbf80000,0x00000000fdf80000)
[40.913s][debug  ][gc,heap        ] GC(150)  ParOldGen       total 1835008K, used 964196K [0x0000000080000000, 0x00000000f0000000, 0x00000000f0000000)
[40.913s][debug  ][gc,heap        ] GC(150)   object space 1835008K, 52% used [0x0000000080000000,0x00000000bad991e8,0x00000000f0000000)
[40.913s][debug  ][gc,heap        ] GC(150)  Metaspace       used 1024K, committed 1216K, reserved 1056768K
[40.913s][debug  ][gc,heap        ] GC(150)   class space    used 83K, committed 192K, reserved 1048576K
[40.913s][debug  ][gc,tlab        ] GC(150) TLAB totals: thrds: 1  refills: 1 max: 1 slow allocs: 17 max 17 waste: 26.9% gc: 3849768B max: 3849768B slow: 0B max: 0B
[40.913s][info   ][gc,start       ] GC(150) Pause Young (Allocation Failure)
[40.913s][debug  ][gc,phases,start] GC(150) Scavenge
[40.923s][debug  ][gc,phases      ] GC(150) Scavenge 10.246ms
[40.923s][debug  ][gc,phases,start] GC(150) Reference Processing
[40.923s][debug  ][gc,ref         ] GC(150) Skipped phase 1 of Reference Processing: no references
[40.923s][debug  ][gc,ref         ] GC(150) Skipped phase 2 of Reference Processing: no references
[40.923s][debug  ][gc,ref         ] GC(150) Skipped phase 3 of Reference Processing: no references
[40.923s][debug  ][gc,ref         ] GC(150) Skipped phase 4 of Reference Processing: no references
[40.923s][debug  ][gc,phases,ref  ] GC(150) Reference Processing: 0.1ms
[40.924s][debug  ][gc,phases,ref  ] GC(150)   Reconsider SoftReferences: 0.0ms
[40.924s][debug  ][gc,phases,ref  ] GC(150)     SoftRef (ms):                  skipped
[40.924s][debug  ][gc,phases,ref  ] GC(150)   Notify Soft/WeakReferences: 0.0ms
[40.924s][debug  ][gc,phases,ref  ] GC(150)     SoftRef (ms):                  skipped
[40.924s][debug  ][gc,phases,ref  ] GC(150)     WeakRef (ms):                  skipped
[40.924s][debug  ][gc,phases,ref  ] GC(150)     FinalRef (ms):                 skipped
[40.924s][debug  ][gc,phases,ref  ] GC(150)     Total (ms):                    skipped
[40.924s][debug  ][gc,phases,ref  ] GC(150)   Notify and keep alive finalizable: 0.0ms
[40.924s][debug  ][gc,phases,ref  ] GC(150)     FinalRef (ms):                 skipped
[40.924s][debug  ][gc,phases,ref  ] GC(150)   Notify PhantomReferences: 0.0ms
[40.924s][debug  ][gc,phases,ref  ] GC(150)     PhantomRef (ms):               skipped
[40.924s][debug  ][gc,phases,ref  ] GC(150)   SoftReference:
[40.924s][debug  ][gc,phases,ref  ] GC(150)     Discovered: 0
[40.924s][debug  ][gc,phases,ref  ] GC(150)     Cleared: 0
[40.924s][debug  ][gc,phases,ref  ] GC(150)   WeakReference:
[40.924s][debug  ][gc,phases,ref  ] GC(150)     Discovered: 0
[40.924s][debug  ][gc,phases,ref  ] GC(150)     Cleared: 0
[40.924s][debug  ][gc,phases,ref  ] GC(150)   FinalReference:
[40.924s][debug  ][gc,phases,ref  ] GC(150)     Discovered: 0
[40.924s][debug  ][gc,phases,ref  ] GC(150)     Cleared: 0
[40.924s][debug  ][gc,phases,ref  ] GC(150)   PhantomReference:
[40.924s][debug  ][gc,phases,ref  ] GC(150)     Discovered: 0
[40.924s][debug  ][gc,phases,ref  ] GC(150)     Cleared: 0
[40.924s][debug  ][gc,phases      ] GC(150) Reference Processing 0.576ms
[40.924s][debug  ][gc,phases,start] GC(150) Weak Processing
[40.924s][debug  ][gc,phases      ] GC(150)   VM Weak                        Min:  0.0, Avg:  0.0, Max:  0.0, Diff:  0.0, Sum:  0.0, Workers: 6
[40.924s][debug  ][gc,phases      ] GC(150)     Dead                           Min: 0, Avg:  0.0, Max: 0, Diff: 0, Sum: 0, Workers: 6
[40.924s][debug  ][gc,phases      ] GC(150)     Total                          Min: 0, Avg:  1.3, Max: 8, Diff: 8, Sum: 8, Workers: 6
[40.924s][debug  ][gc,phases      ] GC(150)   ObjectSynchronizer Weak        Min:  0.0, Avg:  0.0, Max:  0.0, Diff:  0.0, Sum:  0.0, Workers: 6
[40.924s][debug  ][gc,phases      ] GC(150)     Dead                           Min: 0, Avg:  0.0, Max: 0, Diff: 0, Sum: 0, Workers: 6
[40.924s][debug  ][gc,phases      ] GC(150)     Total                          Min: 0, Avg:  0.5, Max: 3, Diff: 3, Sum: 3, Workers: 6
[40.924s][debug  ][gc,phases      ] GC(150)   JVMTI Tag Weak OopStorage      Min:  0.0, Avg:  0.0, Max:  0.0, Diff:  0.0, Sum:  0.0, Workers: 6
[40.924s][debug  ][gc,phases      ] GC(150)     Dead                           Min: 0, Avg:  0.0, Max: 0, Diff: 0, Sum: 0, Workers: 6
[40.924s][debug  ][gc,phases      ] GC(150)     Total                          Min: 0, Avg:  0.0, Max: 0, Diff: 0, Sum: 0, Workers: 6
[40.924s][debug  ][gc,phases      ] GC(150)   StringTable Weak               Min:  0.0, Avg:  0.0, Max:  0.0, Diff:  0.0, Sum:  0.0, Workers: 6
[40.924s][debug  ][gc,phases      ] GC(150)     Dead                           Min: 0, Avg:  0.0, Max: 0, Diff: 0, Sum: 0, Workers: 6
[40.924s][debug  ][gc,phases      ] GC(150)     Total                          Min: 767, Avg: 892.5, Max: 1088, Diff: 321, Sum: 5355, Workers: 6
[40.924s][debug  ][gc,phases      ] GC(150)   ResolvedMethodTable Weak       Min:  0.0, Avg:  0.0, Max:  0.0, Diff:  0.0, Sum:  0.0, Workers: 6
[40.924s][debug  ][gc,phases      ] GC(150)     Dead                           Min: 0, Avg:  0.0, Max: 0, Diff: 0, Sum: 0, Workers: 6
[40.924s][debug  ][gc,phases      ] GC(150)     Total                          Min: 0, Avg: 21.5, Max: 64, Diff: 64, Sum: 129, Workers: 6
[40.924s][debug  ][gc,phases      ] GC(150)   JNI Weak                       Min:  0.0, Avg:  0.0, Max:  0.0, Diff:  0.0, Sum:  0.0, Workers: 6
[40.924s][debug  ][gc,phases      ] GC(150)     Dead                           Min: 0, Avg:  0.0, Max: 0, Diff: 0, Sum: 0, Workers: 6
[40.924s][debug  ][gc,phases      ] GC(150)     Total                          Min: 0, Avg:  0.0, Max: 0, Diff: 0, Sum: 0, Workers: 6
[40.924s][debug  ][gc,phases      ] GC(150)   StringDedup Table Weak         Min:  0.0, Avg:  0.0, Max:  0.0, Diff:  0.0, Sum:  0.0, Workers: 6
[40.924s][debug  ][gc,phases      ] GC(150)     Dead                           Min: 0, Avg:  0.0, Max: 0, Diff: 0, Sum: 0, Workers: 6
[40.924s][debug  ][gc,phases      ] GC(150)     Total                          Min: 0, Avg:  0.0, Max: 0, Diff: 0, Sum: 0, Workers: 6
[40.924s][debug  ][gc,phases      ] GC(150)   StringDedup Requests0 Weak     Min:  0.0, Avg:  0.0, Max:  0.0, Diff:  0.0, Sum:  0.0, Workers: 6
[40.925s][debug  ][gc,phases      ] GC(150)     Dead                           Min: 0, Avg:  0.0, Max: 0, Diff: 0, Sum: 0, Workers: 6
[40.925s][debug  ][gc,phases      ] GC(150)     Total                          Min: 0, Avg:  0.0, Max: 0, Diff: 0, Sum: 0, Workers: 6
[40.925s][debug  ][gc,phases      ] GC(150)   StringDedup Requests1 Weak     Min:  0.0, Avg:  0.0, Max:  0.0, Diff:  0.0, Sum:  0.0, Workers: 6
[40.925s][debug  ][gc,phases      ] GC(150)     Dead                           Min: 0, Avg:  0.0, Max: 0, Diff: 0, Sum: 0, Workers: 6
[40.925s][debug  ][gc,phases      ] GC(150)     Total                          Min: 0, Avg:  0.0, Max: 0, Diff: 0, Sum: 0, Workers: 6
[40.925s][debug  ][gc,phases      ] GC(150)   Weak JFR Old Object Samples    Min:  0.0, Avg:  0.0, Max:  0.0, Diff:  0.0, Sum:  0.0, Workers: 6
[40.925s][debug  ][gc,phases      ] GC(150)     Dead                           Min: 0, Avg:  0.0, Max: 0, Diff: 0, Sum: 0, Workers: 6
[40.925s][debug  ][gc,phases      ] GC(150)     Total                          Min: 0, Avg:  0.0, Max: 0, Diff: 0, Sum: 0, Workers: 6
[40.925s][debug  ][gc,phases      ] GC(150) Weak Processing 0.698ms
[40.925s][debug  ][gc,ergo        ] GC(150) AdaptiveSizeStart:  collection: 151 
[40.925s][debug  ][gc,ergo        ] GC(150) avg_survived_padded_avg: 33405624.000000
[40.925s][debug  ][gc,ergo        ] GC(150) avg_promoted_padded_avg: 250186864.000000  avg_pretenured_padded_avg: 0.000000  tenuring_thresh: 15  target_size: 33554432
[40.925s][debug  ][gc,age         ] GC(150) Desired survivor size 33554432 bytes, new threshold 15 (max threshold 15)
[40.925s][debug  ][gc,ergo        ] GC(150) PSAdaptiveSizePolicy::compute_eden_space_size limits: desired_eden_size: 219078239 old_eden_size: 200278016 eden_limit: 200802304 cur_eden: 200802304 max_eden_size: 200802304 avg_young_live: 26234668
[40.925s][debug  ][gc,ergo        ] GC(150) PSAdaptiveSizePolicy::compute_eden_space_size: costs minor_time: 0.044322 major_cost: 0.053582 mutator_cost: 0.902097 throughput_goal: 0.990000
[40.925s][debug  ][gc,ergo        ] GC(150) Live_space: 1075124480 free_space: 1400373248
[40.925s][debug  ][gc,ergo        ] GC(150) Old eden_size: 200278016 desired_eden_size: 200802304
[40.925s][debug  ][gc,ergo        ] GC(150) AdaptiveSizeStop: collection: 151 
[40.925s][info   ][gc,heap        ] GC(150) PSYoungGen: 218800K(229376K)->30720K(228864K) Eden: 188080K(196096K)->0K(196096K) From: 30720K(33280K)->30720K(32768K)
[40.925s][info   ][gc,heap        ] GC(150) ParOldGen: 964196K(1835008K)->1087076K(1835008K)
[40.925s][info   ][gc,metaspace   ] GC(150) Metaspace: 1024K(1216K)->1024K(1216K) NonClass: 940K(1024K)->940K(1024K) Class: 83K(192K)->83K(192K)
[40.925s][info   ][gc             ] GC(150) Pause Young (Allocation Failure) 1155M->1091M(2015M) 11.981ms
[40.925s][info   ][gc,cpu         ] GC(150) User=0.12s Sys=0.00s Real=0.01s
[40.925s][debug  ][gc,heap        ] GC(150) Heap after GC invocations=151 (full 24):
[40.925s][debug  ][gc,heap        ] GC(150)  PSYoungGen      total 228864K, used 30720K [0x00000000f0000000, 0x0000000100000000, 0x0000000100000000)
[40.925s][debug  ][gc,heap        ] GC(150)   eden space 196096K, 0% used [0x00000000f0000000,0x00000000f0000000,0x00000000fbf80000)
[40.925s][debug  ][gc,heap        ] GC(150)   from space 32768K, 93% used [0x00000000fbf80000,0x00000000fdd80030,0x00000000fdf80000)
[40.925s][debug  ][gc,heap        ] GC(150)   to   space 32768K, 0% used [0x00000000fe000000,0x00000000fe000000,0x0000000100000000)
[40.925s][debug  ][gc,heap        ] GC(150)  ParOldGen       total 1835008K, used 1087076K [0x0000000080000000, 0x00000000f0000000, 0x00000000f0000000)
[40.925s][debug  ][gc,heap        ] GC(150)   object space 1835008K, 59% used [0x0000000080000000,0x00000000c25992a8,0x00000000f0000000)
[40.925s][debug  ][gc,heap        ] GC(150)  Metaspace       used 1024K, committed 1216K, reserved 1056768K
[40.925s][debug  ][gc,heap        ] GC(150)   class space    used 83K, committed 192K, reserved 1048576K
[40.925s][debug  ][gc,task,time   ] GC(150) VM-Thread 409125378 409233708 409252262
[41.211s][debug  ][gc,heap        ] GC(151) Heap before GC invocations=152 (full 24):
[41.211s][debug  ][gc,heap        ] GC(151)  PSYoungGen      total 228864K, used 218829K [0x00000000f0000000, 0x0000000100000000, 0x0000000100000000)
[41.211s][debug  ][gc,heap        ] GC(151)   eden space 196096K, 95% used [0x00000000f0000000,0x00000000fb7b3788,0x00000000fbf80000)
[41.211s][debug  ][gc,heap        ] GC(151)   from space 32768K, 93% used [0x00000000fbf80000,0x00000000fdd80030,0x00000000fdf80000)
[41.211s][debug  ][gc,heap        ] GC(151)   to   space 32768K, 0% used [0x00000000fe000000,0x00000000fe000000,0x0000000100000000)
[41.211s][debug  ][gc,heap        ] GC(151)  ParOldGen       total 1835008K, used 1087076K [0x0000000080000000, 0x00000000f0000000, 0x00000000f0000000)
[41.211s][debug  ][gc,heap        ] GC(151)   object space 1835008K, 59% used [0x0000000080000000,0x00000000c25992a8,0x00000000f0000000)
[41.211s][debug  ][gc,heap        ] GC(151)  Metaspace       used 1024K, committed 1216K, reserved 1056768K
[41.211s][debug  ][gc,heap        ] GC(151)   class space    used 83K, committed 192K, reserved 1048576K
[41.211s][debug  ][gc,tlab        ] GC(151) TLAB totals: thrds: 1  refills: 1 max: 1 slow allocs: 17 max 17 waste: 27.0% gc: 3880552B max: 3880552B slow: 0B max: 0B
[41.211s][info   ][gc,start       ] GC(151) Pause Young (Allocation Failure)
[41.211s][debug  ][gc,phases,start] GC(151) Scavenge
[41.226s][debug  ][gc,phases      ] GC(151) Scavenge 15.108ms
[41.226s][debug  ][gc,phases,start] GC(151) Reference Processing
[41.226s][debug  ][gc,ref         ] GC(151) Skipped phase 1 of Reference Processing: no references
[41.226s][debug  ][gc,ref         ] GC(151) Skipped phase 2 of Reference Processing: no references
[41.226s][debug  ][gc,ref         ] GC(151) Skipped phase 3 of Reference Processing: no references
[41.226s][debug  ][gc,ref         ] GC(151) Skipped phase 4 of Reference Processing: no references
[41.226s][debug  ][gc,phases,ref  ] GC(151) Reference Processing: 0.1ms
[41.227s][debug  ][gc,phases,ref  ] GC(151)   Reconsider SoftReferences: 0.0ms
[41.227s][debug  ][gc,phases,ref  ] GC(151)     SoftRef (ms):                  skipped
[41.227s][debug  ][gc,phases,ref  ] GC(151)   Notify Soft/WeakReferences: 0.0ms
[41.227s][debug  ][gc,phases,ref  ] GC(151)     SoftRef (ms):                  skipped
[41.227s][debug  ][gc,phases,ref  ] GC(151)     WeakRef (ms):                  skipped
[41.227s][debug  ][gc,phases,ref  ] GC(151)     FinalRef (ms):                 skipped
[41.227s][debug  ][gc,phases,ref  ] GC(151)     Total (ms):                    skipped
[41.227s][debug  ][gc,phases,ref  ] GC(151)   Notify and keep alive finalizable: 0.0ms
[41.227s][debug  ][gc,phases,ref  ] GC(151)     FinalRef (ms):                 skipped
[41.227s][debug  ][gc,phases,ref  ] GC(151)   Notify PhantomReferences: 0.0ms
[41.227s][debug  ][gc,phases,ref  ] GC(151)     PhantomRef (ms):               skipped
[41.227s][debug  ][gc,phases,ref  ] GC(151)   SoftReference:
[41.227s][debug  ][gc,phases,ref  ] GC(151)     Discovered: 0
[41.227s][debug  ][gc,phases,ref  ] GC(151)     Cleared: 0
[41.227s][debug  ][gc,phases,ref  ] GC(151)   WeakReference:
[41.227s][debug  ][gc,phases,ref  ] GC(151)     Discovered: 0
[41.227s][debug  ][gc,phases,ref  ] GC(151)     Cleared: 0
[41.227s][debug  ][gc,phases,ref  ] GC(151)   FinalReference:
[41.227s][debug  ][gc,phases,ref  ] GC(151)     Discovered: 0
[41.227s][debug  ][gc,phases,ref  ] GC(151)     Cleared: 0
[41.227s][debug  ][gc,phases,ref  ] GC(151)   PhantomReference:
[41.227s][debug  ][gc,phases,ref  ] GC(151)     Discovered: 0
[41.227s][debug  ][gc,phases,ref  ] GC(151)     Cleared: 0
[41.227s][debug  ][gc,phases      ] GC(151) Reference Processing 0.810ms
[41.227s][debug  ][gc,phases,start] GC(151) Weak Processing
[41.227s][debug  ][gc,phases      ] GC(151)   VM Weak                        Min:  0.0, Avg:  0.0, Max:  0.0, Diff:  0.0, Sum:  0.0, Workers: 6
[41.227s][debug  ][gc,phases      ] GC(151)     Dead                           Min: 0, Avg:  0.0, Max: 0, Diff: 0, Sum: 0, Workers: 6
[41.227s][debug  ][gc,phases      ] GC(151)     Total                          Min: 0, Avg:  1.3, Max: 8, Diff: 8, Sum: 8, Workers: 6
[41.227s][debug  ][gc,phases      ] GC(151)   ObjectSynchronizer Weak        Min:  0.0, Avg:  0.0, Max:  0.0, Diff:  0.0, Sum:  0.0, Workers: 6
[41.227s][debug  ][gc,phases      ] GC(151)     Dead                           Min: 0, Avg:  0.0, Max: 0, Diff: 0, Sum: 0, Workers: 6
[41.227s][debug  ][gc,phases      ] GC(151)     Total                          Min: 0, Avg:  0.5, Max: 3, Diff: 3, Sum: 3, Workers: 6
[41.227s][debug  ][gc,phases      ] GC(151)   JVMTI Tag Weak OopStorage      Min:  0.0, Avg:  0.0, Max:  0.0, Diff:  0.0, Sum:  0.0, Workers: 6
[41.227s][debug  ][gc,phases      ] GC(151)     Dead                           Min: 0, Avg:  0.0, Max: 0, Diff: 0, Sum: 0, Workers: 6
[41.227s][debug  ][gc,phases      ] GC(151)     Total                          Min: 0, Avg:  0.0, Max: 0, Diff: 0, Sum: 0, Workers: 6
[41.227s][debug  ][gc,phases      ] GC(151)   StringTable Weak               Min:  0.0, Avg:  0.0, Max:  0.0, Diff:  0.0, Sum:  0.0, Workers: 6
[41.228s][debug  ][gc,phases      ] GC(151)     Dead                           Min: 0, Avg:  0.0, Max: 0, Diff: 0, Sum: 0, Workers: 6
[41.228s][debug  ][gc,phases      ] GC(151)     Total                          Min: 704, Avg: 892.5, Max: 1024, Diff: 320, Sum: 5355, Workers: 6
[41.228s][debug  ][gc,phases      ] GC(151)   ResolvedMethodTable Weak       Min:  0.0, Avg:  0.0, Max:  0.0, Diff:  0.0, Sum:  0.0, Workers: 6
[41.228s][debug  ][gc,phases      ] GC(151)     Dead                           Min: 0, Avg:  0.0, Max: 0, Diff: 0, Sum: 0, Workers: 6
[41.228s][debug  ][gc,phases      ] GC(151)     Total                          Min: 0, Avg: 21.5, Max: 64, Diff: 64, Sum: 129, Workers: 6
[41.228s][debug  ][gc,phases      ] GC(151)   JNI Weak                       Min:  0.0, Avg:  0.0, Max:  0.0, Diff:  0.0, Sum:  0.0, Workers: 6
[41.228s][debug  ][gc,phases      ] GC(151)     Dead                           Min: 0, Avg:  0.0, Max: 0, Diff: 0, Sum: 0, Workers: 6
[41.228s][debug  ][gc,phases      ] GC(151)     Total                          Min: 0, Avg:  0.0, Max: 0, Diff: 0, Sum: 0, Workers: 6
[41.228s][debug  ][gc,phases      ] GC(151)   StringDedup Table Weak         Min:  0.0, Avg:  0.0, Max:  0.0, Diff:  0.0, Sum:  0.0, Workers: 6
[41.228s][debug  ][gc,phases      ] GC(151)     Dead                           Min: 0, Avg:  0.0, Max: 0, Diff: 0, Sum: 0, Workers: 6
[41.228s][debug  ][gc,phases      ] GC(151)     Total                          Min: 0, Avg:  0.0, Max: 0, Diff: 0, Sum: 0, Workers: 6
[41.228s][debug  ][gc,phases      ] GC(151)   StringDedup Requests0 Weak     Min:  0.0, Avg:  0.0, Max:  0.0, Diff:  0.0, Sum:  0.0, Workers: 6
[41.228s][debug  ][gc,phases      ] GC(151)     Dead                           Min: 0, Avg:  0.0, Max: 0, Diff: 0, Sum: 0, Workers: 6
[41.228s][debug  ][gc,phases      ] GC(151)     Total                          Min: 0, Avg:  0.0, Max: 0, Diff: 0, Sum: 0, Workers: 6
[41.228s][debug  ][gc,phases      ] GC(151)   StringDedup Requests1 Weak     Min:  0.0, Avg:  0.0, Max:  0.0, Diff:  0.0, Sum:  0.0, Workers: 6
[41.228s][debug  ][gc,phases      ] GC(151)     Dead                           Min: 0, Avg:  0.0, Max: 0, Diff: 0, Sum: 0, Workers: 6
[41.228s][debug  ][gc,phases      ] GC(151)     Total                          Min: 0, Avg:  0.0, Max: 0, Diff: 0, Sum: 0, Workers: 6
[41.228s][debug  ][gc,phases      ] GC(151)   Weak JFR Old Object Samples    Min:  0.0, Avg:  0.0, Max:  0.0, Diff:  0.0, Sum:  0.0, Workers: 6
[41.228s][debug  ][gc,phases      ] GC(151)     Dead                           Min: 0, Avg:  0.0, Max: 0, Diff: 0, Sum: 0, Workers: 6
[41.228s][debug  ][gc,phases      ] GC(151)     Total                          Min: 0, Avg:  0.0, Max: 0, Diff: 0, Sum: 0, Workers: 6
[41.228s][debug  ][gc,phases      ] GC(151) Weak Processing 0.861ms
[41.228s][debug  ][gc,ergo        ] GC(151) AdaptiveSizeStart:  collection: 152 
[41.228s][debug  ][gc,ergo        ] GC(151) avg_survived_padded_avg: 33269080.000000
[41.228s][debug  ][gc,ergo        ] GC(151) avg_promoted_padded_avg: 251137520.000000  avg_pretenured_padded_avg: 0.000000  tenuring_thresh: 15  target_size: 33554432
[41.228s][debug  ][gc,age         ] GC(151) Desired survivor size 33554432 bytes, new threshold 15 (max threshold 15)
[41.228s][debug  ][gc,ergo        ] GC(151) PSAdaptiveSizePolicy::compute_eden_space_size limits: desired_eden_size: 219706409 old_eden_size: 200802304 eden_limit: 201326592 cur_eden: 200802304 max_eden_size: 201326592 avg_young_live: 26756932
[41.228s][debug  ][gc,ergo        ] GC(151) PSAdaptiveSizePolicy::compute_eden_space_size: costs minor_time: 0.047187 major_cost: 0.053582 mutator_cost: 0.899232 throughput_goal: 0.990000
[41.228s][debug  ][gc,ergo        ] GC(151) Live_space: 1075646720 free_space: 1400897536
[41.228s][debug  ][gc,ergo        ] GC(151) Old eden_size: 200802304 desired_eden_size: 201326592
[41.228s][debug  ][gc,ergo        ] GC(151) AdaptiveSizeStop: collection: 152 
[41.228s][info   ][gc,heap        ] GC(151) PSYoungGen: 218829K(228864K)->30720K(229376K) Eden: 188109K(196096K)->0K(196608K) From: 30720K(32768K)->30720K(32768K)
[41.228s][info   ][gc,heap        ] GC(151) ParOldGen: 1087076K(1835008K)->1271396K(1835008K)
[41.228s][info   ][gc,metaspace   ] GC(151) Metaspace: 1024K(1216K)->1024K(1216K) NonClass: 940K(1024K)->940K(1024K) Class: 83K(192K)->83K(192K)
[41.228s][info   ][gc             ] GC(151) Pause Young (Allocation Failure) 1275M->1271M(2016M) 17.282ms
[41.228s][info   ][gc,cpu         ] GC(151) User=0.12s Sys=0.02s Real=0.02s
[41.228s][debug  ][gc,heap        ] GC(151) Heap after GC invocations=152 (full 24):
[41.228s][debug  ][gc,heap        ] GC(151)  PSYoungGen      total 229376K, used 30720K [0x00000000f0000000, 0x0000000100000000, 0x0000000100000000)
[41.228s][debug  ][gc,heap        ] GC(151)   eden space 196608K, 0% used [0x00000000f0000000,0x00000000f0000000,0x00000000fc000000)
[41.228s][debug  ][gc,heap        ] GC(151)   from space 32768K, 93% used [0x00000000fe000000,0x00000000ffe00030,0x0000000100000000)
[41.228s][debug  ][gc,heap        ] GC(151)   to   space 32768K, 0% used [0x00000000fc000000,0x00000000fc000000,0x00000000fe000000)
[41.229s][debug  ][gc,heap        ] GC(151)  ParOldGen       total 1835008K, used 1271396K [0x0000000080000000, 0x00000000f0000000, 0x00000000f0000000)
[41.229s][debug  ][gc,heap        ] GC(151)   object space 1835008K, 69% used [0x0000000080000000,0x00000000cd9993c8,0x00000000f0000000)
[41.229s][debug  ][gc,heap        ] GC(151)  Metaspace       used 1024K, committed 1216K, reserved 1056768K
[41.229s][debug  ][gc,heap        ] GC(151)   class space    used 83K, committed 192K, reserved 1048576K
[41.229s][debug  ][gc,task,time   ] GC(151) VM-Thread 412106045 412263204 412286024
[41.514s][debug  ][gc,heap        ] GC(152) Heap before GC invocations=153 (full 24):
[41.514s][debug  ][gc,heap        ] GC(152)  PSYoungGen      total 229376K, used 218858K [0x00000000f0000000, 0x0000000100000000, 0x0000000100000000)
[41.514s][debug  ][gc,heap        ] GC(152)   eden space 196608K, 95% used [0x00000000f0000000,0x00000000fb7ba9f8,0x00000000fc000000)
[41.514s][debug  ][gc,heap        ] GC(152)   from space 32768K, 93% used [0x00000000fe000000,0x00000000ffe00030,0x0000000100000000)
[41.514s][debug  ][gc,heap        ] GC(152)   to   space 32768K, 0% used [0x00000000fc000000,0x00000000fc000000,0x00000000fe000000)
[41.514s][debug  ][gc,heap        ] GC(152)  ParOldGen       total 1835008K, used 1271396K [0x0000000080000000, 0x00000000f0000000, 0x00000000f0000000)
[41.514s][debug  ][gc,heap        ] GC(152)   object space 1835008K, 69% used [0x0000000080000000,0x00000000cd9993c8,0x00000000f0000000)
[41.514s][debug  ][gc,heap        ] GC(152)  Metaspace       used 1024K, committed 1216K, reserved 1056768K
[41.514s][debug  ][gc,heap        ] GC(152)   class space    used 83K, committed 192K, reserved 1048576K
[41.514s][debug  ][gc,tlab        ] GC(152) TLAB totals: thrds: 1  refills: 1 max: 1 slow allocs: 17 max 17 waste: 27.2% gc: 3909848B max: 3909848B slow: 0B max: 0B
[41.514s][info   ][gc,start       ] GC(152) Pause Young (Allocation Failure)
[41.514s][debug  ][gc,phases,start] GC(152) Scavenge
[41.529s][debug  ][gc,phases      ] GC(152) Scavenge 14.827ms
[41.529s][debug  ][gc,phases,start] GC(152) Reference Processing
[41.529s][debug  ][gc,ref         ] GC(152) Skipped phase 1 of Reference Processing: no references
[41.529s][debug  ][gc,ref         ] GC(152) Skipped phase 2 of Reference Processing: no references
[41.529s][debug  ][gc,ref         ] GC(152) Skipped phase 3 of Reference Processing: no references
[41.529s][debug  ][gc,ref         ] GC(152) Skipped phase 4 of Reference Processing: no references
[41.529s][debug  ][gc,phases,ref  ] GC(152) Reference Processing: 0.1ms
[41.529s][debug  ][gc,phases,ref  ] GC(152)   Reconsider SoftReferences: 0.0ms
[41.529s][debug  ][gc,phases,ref  ] GC(152)     SoftRef (ms):                  skipped
[41.529s][debug  ][gc,phases,ref  ] GC(152)   Notify Soft/WeakReferences: 0.0ms
[41.529s][debug  ][gc,phases,ref  ] GC(152)     SoftRef (ms):                  skipped
[41.529s][debug  ][gc,phases,ref  ] GC(152)     WeakRef (ms):                  skipped
[41.529s][debug  ][gc,phases,ref  ] GC(152)     FinalRef (ms):                 skipped
[41.529s][debug  ][gc,phases,ref  ] GC(152)     Total (ms):                    skipped
[41.530s][debug  ][gc,phases,ref  ] GC(152)   Notify and keep alive finalizable: 0.0ms
[41.530s][debug  ][gc,phases,ref  ] GC(152)     FinalRef (ms):                 skipped
[41.530s][debug  ][gc,phases,ref  ] GC(152)   Notify PhantomReferences: 0.0ms
[41.530s][debug  ][gc,phases,ref  ] GC(152)     PhantomRef (ms):               skipped
[41.530s][debug  ][gc,phases,ref  ] GC(152)   SoftReference:
[41.530s][debug  ][gc,phases,ref  ] GC(152)     Discovered: 0
[41.530s][debug  ][gc,phases,ref  ] GC(152)     Cleared: 0
[41.530s][debug  ][gc,phases,ref  ] GC(152)   WeakReference:
[41.530s][debug  ][gc,phases,ref  ] GC(152)     Discovered: 0
[41.530s][debug  ][gc,phases,ref  ] GC(152)     Cleared: 0
[41.530s][debug  ][gc,phases,ref  ] GC(152)   FinalReference:
[41.530s][debug  ][gc,phases,ref  ] GC(152)     Discovered: 0
[41.530s][debug  ][gc,phases,ref  ] GC(152)     Cleared: 0
[41.530s][debug  ][gc,phases,ref  ] GC(152)   PhantomReference:
[41.530s][debug  ][gc,phases,ref  ] GC(152)     Discovered: 0
[41.530s][debug  ][gc,phases,ref  ] GC(152)     Cleared: 0
[41.530s][debug  ][gc,phases      ] GC(152) Reference Processing 0.733ms
[41.530s][debug  ][gc,phases,start] GC(152) Weak Processing
[41.530s][debug  ][gc,phases      ] GC(152)   VM Weak                        Min:  0.0, Avg:  0.0, Max:  0.0, Diff:  0.0, Sum:  0.0, Workers: 6
[41.530s][debug  ][gc,phases      ] GC(152)     Dead                           Min: 0, Avg:  0.0, Max: 0, Diff: 0, Sum: 0, Workers: 6
[41.530s][debug  ][gc,phases      ] GC(152)     Total                          Min: 0, Avg:  1.3, Max: 8, Diff: 8, Sum: 8, Workers: 6
[41.530s][debug  ][gc,phases      ] GC(152)   ObjectSynchronizer Weak        Min:  0.0, Avg:  0.0, Max:  0.0, Diff:  0.0, Sum:  0.0, Workers: 6
[41.530s][debug  ][gc,phases      ] GC(152)     Dead                           Min: 0, Avg:  0.0, Max: 0, Diff: 0, Sum: 0, Workers: 6
[41.530s][debug  ][gc,phases      ] GC(152)     Total                          Min: 0, Avg:  0.5, Max: 3, Diff: 3, Sum: 3, Workers: 6
[41.530s][debug  ][gc,phases      ] GC(152)   JVMTI Tag Weak OopStorage      Min:  0.0, Avg:  0.0, Max:  0.0, Diff:  0.0, Sum:  0.0, Workers: 6
[41.530s][debug  ][gc,phases      ] GC(152)     Dead                           Min: 0, Avg:  0.0, Max: 0, Diff: 0, Sum: 0, Workers: 6
[41.530s][debug  ][gc,phases      ] GC(152)     Total                          Min: 0, Avg:  0.0, Max: 0, Diff: 0, Sum: 0, Workers: 6
[41.530s][debug  ][gc,phases      ] GC(152)   StringTable Weak               Min:  0.0, Avg:  0.0, Max:  0.0, Diff:  0.0, Sum:  0.0, Workers: 6
[41.530s][debug  ][gc,phases      ] GC(152)     Dead                           Min: 0, Avg:  0.0, Max: 0, Diff: 0, Sum: 0, Workers: 6
[41.530s][debug  ][gc,phases      ] GC(152)     Total                          Min: 832, Avg: 892.5, Max: 1087, Diff: 255, Sum: 5355, Workers: 6
[41.530s][debug  ][gc,phases      ] GC(152)   ResolvedMethodTable Weak       Min:  0.0, Avg:  0.0, Max:  0.0, Diff:  0.0, Sum:  0.0, Workers: 6
[41.530s][debug  ][gc,phases      ] GC(152)     Dead                           Min: 0, Avg:  0.0, Max: 0, Diff: 0, Sum: 0, Workers: 6
[41.530s][debug  ][gc,phases      ] GC(152)     Total                          Min: 0, Avg: 21.5, Max: 64, Diff: 64, Sum: 129, Workers: 6
[41.530s][debug  ][gc,phases      ] GC(152)   JNI Weak                       Min:  0.0, Avg:  0.0, Max:  0.0, Diff:  0.0, Sum:  0.0, Workers: 6
[41.530s][debug  ][gc,phases      ] GC(152)     Dead                           Min: 0, Avg:  0.0, Max: 0, Diff: 0, Sum: 0, Workers: 6
[41.530s][debug  ][gc,phases      ] GC(152)     Total                          Min: 0, Avg:  0.0, Max: 0, Diff: 0, Sum: 0, Workers: 6
[41.530s][debug  ][gc,phases      ] GC(152)   StringDedup Table Weak         Min:  0.0, Avg:  0.0, Max:  0.0, Diff:  0.0, Sum:  0.0, Workers: 6
[41.530s][debug  ][gc,phases      ] GC(152)     Dead                           Min: 0, Avg:  0.0, Max: 0, Diff: 0, Sum: 0, Workers: 6
[41.530s][debug  ][gc,phases      ] GC(152)     Total                          Min: 0, Avg:  0.0, Max: 0, Diff: 0, Sum: 0, Workers: 6
[41.531s][debug  ][gc,phases      ] GC(152)   StringDedup Requests0 Weak     Min:  0.0, Avg:  0.0, Max:  0.0, Diff:  0.0, Sum:  0.0, Workers: 6
[41.531s][debug  ][gc,phases      ] GC(152)     Dead                           Min: 0, Avg:  0.0, Max: 0, Diff: 0, Sum: 0, Workers: 6
[41.531s][debug  ][gc,phases      ] GC(152)     Total                          Min: 0, Avg:  0.0, Max: 0, Diff: 0, Sum: 0, Workers: 6
[41.531s][debug  ][gc,phases      ] GC(152)   StringDedup Requests1 Weak     Min:  0.0, Avg:  0.0, Max:  0.0, Diff:  0.0, Sum:  0.0, Workers: 6
[41.531s][debug  ][gc,phases      ] GC(152)     Dead                           Min: 0, Avg:  0.0, Max: 0, Diff: 0, Sum: 0, Workers: 6
[41.531s][debug  ][gc,phases      ] GC(152)     Total                          Min: 0, Avg:  0.0, Max: 0, Diff: 0, Sum: 0, Workers: 6
[41.531s][debug  ][gc,phases      ] GC(152)   Weak JFR Old Object Samples    Min:  0.0, Avg:  0.0, Max:  0.0, Diff:  0.0, Sum:  0.0, Workers: 6
[41.531s][debug  ][gc,phases      ] GC(152)     Dead                           Min: 0, Avg:  0.0, Max: 0, Diff: 0, Sum: 0, Workers: 6
[41.531s][debug  ][gc,phases      ] GC(152)     Total                          Min: 0, Avg:  0.0, Max: 0, Diff: 0, Sum: 0, Workers: 6
[41.531s][debug  ][gc,phases      ] GC(152) Weak Processing 0.790ms
[41.531s][debug  ][gc,ergo        ] GC(152) AdaptiveSizeStart:  collection: 153 
[41.531s][debug  ][gc,ergo        ] GC(152) avg_survived_padded_avg: 33140366.000000
[41.531s][debug  ][gc,ergo        ] GC(152) avg_promoted_padded_avg: 251283600.000000  avg_pretenured_padded_avg: 0.000000  tenuring_thresh: 15  target_size: 33554432
[41.531s][debug  ][gc,age         ] GC(152) Desired survivor size 33554432 bytes, new threshold 15 (max threshold 15)
[41.531s][debug  ][gc,ergo        ] GC(152) PSAdaptiveSizePolicy::compute_eden_space_size limits: desired_eden_size: 220609301 old_eden_size: 201326592 eden_limit: 201326592 cur_eden: 201326592 max_eden_size: 201326592 avg_young_live: 27226972
[41.531s][debug  ][gc,ergo        ] GC(152) PSAdaptiveSizePolicy::compute_eden_space_size: costs minor_time: 0.048996 major_cost: 0.053582 mutator_cost: 0.897423 throughput_goal: 0.990000
[41.531s][debug  ][gc,ergo        ] GC(152) Live_space: 1076116736 free_space: 1401421824
[41.531s][debug  ][gc,ergo        ] GC(152) Old eden_size: 201326592 desired_eden_size: 201326592
[41.531s][debug  ][gc,ergo        ] GC(152) AdaptiveSizeStop: collection: 153 
[41.531s][info   ][gc,heap        ] GC(152) PSYoungGen: 218858K(229376K)->30720K(229376K) Eden: 188138K(196608K)->0K(196608K) From: 30720K(32768K)->30720K(32768K)
[41.531s][info   ][gc,heap        ] GC(152) ParOldGen: 1271396K(1835008K)->1455717K(1835008K)
[41.531s][info   ][gc,metaspace   ] GC(152) Metaspace: 1024K(1216K)->1024K(1216K) NonClass: 940K(1024K)->940K(1024K) Class: 83K(192K)->83K(192K)
[41.531s][info   ][gc             ] GC(152) Pause Young (Allocation Failure) 1455M->1451M(2016M) 16.798ms
[41.531s][info   ][gc,cpu         ] GC(152) User=0.11s Sys=0.00s Real=0.02s
[41.531s][debug  ][gc,heap        ] GC(152) Heap after GC invocations=153 (full 24):
[41.531s][debug  ][gc,heap        ] GC(152)  PSYoungGen      total 229376K, used 30720K [0x00000000f0000000, 0x0000000100000000, 0x0000000100000000)
[41.531s][debug  ][gc,heap        ] GC(152)   eden space 196608K, 0% used [0x00000000f0000000,0x00000000f0000000,0x00000000fc000000)
[41.531s][debug  ][gc,heap        ] GC(152)   from space 32768K, 93% used [0x00000000fc000000,0x00000000fde00030,0x00000000fe000000)
[41.531s][debug  ][gc,heap        ] GC(152)   to   space 32768K, 0% used [0x00000000fe000000,0x00000000fe000000,0x0000000100000000)
[41.531s][debug  ][gc,heap        ] GC(152)  ParOldGen       total 1835008K, used 1455717K [0x0000000080000000, 0x00000000f0000000, 0x00000000f0000000)
[41.531s][debug  ][gc,heap        ] GC(152)   object space 1835008K, 79% used [0x0000000080000000,0x00000000d8d994e8,0x00000000f0000000)
[41.531s][debug  ][gc,heap        ] GC(152)  Metaspace       used 1024K, committed 1216K, reserved 1056768K
[41.531s][debug  ][gc,heap        ] GC(152)   class space    used 83K, committed 192K, reserved 1048576K
[41.531s][debug  ][gc,task,time   ] GC(152) VM-Thread 415137657 415291937 415312822
[41.817s][debug  ][gc,heap        ] GC(153) Heap before GC invocations=154 (full 24):
[41.817s][debug  ][gc,heap        ] GC(153)  PSYoungGen      total 229376K, used 218870K [0x00000000f0000000, 0x0000000100000000, 0x0000000100000000)
[41.817s][debug  ][gc,heap        ] GC(153)   eden space 196608K, 95% used [0x00000000f0000000,0x00000000fb7bd9c0,0x00000000fc000000)
[41.817s][debug  ][gc,heap        ] GC(153)   from space 32768K, 93% used [0x00000000fc000000,0x00000000fde00030,0x00000000fe000000)
[41.817s][debug  ][gc,heap        ] GC(153)   to   space 32768K, 0% used [0x00000000fe000000,0x00000000fe000000,0x0000000100000000)
[41.817s][debug  ][gc,heap        ] GC(153)  ParOldGen       total 1835008K, used 1455717K [0x0000000080000000, 0x00000000f0000000, 0x00000000f0000000)
[41.817s][debug  ][gc,heap        ] GC(153)   object space 1835008K, 79% used [0x0000000080000000,0x00000000d8d994e8,0x00000000f0000000)
[41.817s][debug  ][gc,heap        ] GC(153)  Metaspace       used 1024K, committed 1216K, reserved 1056768K
[41.817s][debug  ][gc,heap        ] GC(153)   class space    used 83K, committed 192K, reserved 1048576K
[41.817s][debug  ][gc,tlab        ] GC(153) TLAB totals: thrds: 1  refills: 1 max: 1 slow allocs: 17 max 17 waste: 27.2% gc: 3922080B max: 3922080B slow: 0B max: 0B
[41.817s][info   ][gc,start       ] GC(153) Pause Young (Allocation Failure)
[41.817s][debug  ][gc,phases,start] GC(153) Scavenge
[41.832s][debug  ][gc,phases      ] GC(153) Scavenge 14.950ms
[41.832s][debug  ][gc,phases,start] GC(153) Reference Processing
[41.832s][debug  ][gc,ref         ] GC(153) Skipped phase 1 of Reference Processing: no references
[41.833s][debug  ][gc,ref         ] GC(153) Skipped phase 2 of Reference Processing: no references
[41.833s][debug  ][gc,ref         ] GC(153) Skipped phase 3 of Reference Processing: no references
[41.833s][debug  ][gc,ref         ] GC(153) Skipped phase 4 of Reference Processing: no references
[41.833s][debug  ][gc,phases,ref  ] GC(153) Reference Processing: 0.1ms
[41.833s][debug  ][gc,phases,ref  ] GC(153)   Reconsider SoftReferences: 0.0ms
[41.833s][debug  ][gc,phases,ref  ] GC(153)     SoftRef (ms):                  skipped
[41.833s][debug  ][gc,phases,ref  ] GC(153)   Notify Soft/WeakReferences: 0.0ms
[41.833s][debug  ][gc,phases,ref  ] GC(153)     SoftRef (ms):                  skipped
[41.833s][debug  ][gc,phases,ref  ] GC(153)     WeakRef (ms):                  skipped
[41.833s][debug  ][gc,phases,ref  ] GC(153)     FinalRef (ms):                 skipped
[41.833s][debug  ][gc,phases,ref  ] GC(153)     Total (ms):                    skipped
[41.833s][debug  ][gc,phases,ref  ] GC(153)   Notify and keep alive finalizable: 0.0ms
[41.833s][debug  ][gc,phases,ref  ] GC(153)     FinalRef (ms):                 skipped
[41.833s][debug  ][gc,phases,ref  ] GC(153)   Notify PhantomReferences: 0.0ms
[41.833s][debug  ][gc,phases,ref  ] GC(153)     PhantomRef (ms):               skipped
[41.833s][debug  ][gc,phases,ref  ] GC(153)   SoftReference:
[41.833s][debug  ][gc,phases,ref  ] GC(153)     Discovered: 0
[41.833s][debug  ][gc,phases,ref  ] GC(153)     Cleared: 0
[41.833s][debug  ][gc,phases,ref  ] GC(153)   WeakReference:
[41.833s][debug  ][gc,phases,ref  ] GC(153)     Discovered: 0
[41.833s][debug  ][gc,phases,ref  ] GC(153)     Cleared: 0
[41.833s][debug  ][gc,phases,ref  ] GC(153)   FinalReference:
[41.833s][debug  ][gc,phases,ref  ] GC(153)     Discovered: 0
[41.833s][debug  ][gc,phases,ref  ] GC(153)     Cleared: 0
[41.833s][debug  ][gc,phases,ref  ] GC(153)   PhantomReference:
[41.833s][debug  ][gc,phases,ref  ] GC(153)     Discovered: 0
[41.833s][debug  ][gc,phases,ref  ] GC(153)     Cleared: 0
[41.833s][debug  ][gc,phases      ] GC(153) Reference Processing 0.742ms
[41.833s][debug  ][gc,phases,start] GC(153) Weak Processing
[41.833s][debug  ][gc,phases      ] GC(153)   VM Weak                        Min:  0.0, Avg:  0.0, Max:  0.0, Diff:  0.0, Sum:  0.0, Workers: 6
[41.833s][debug  ][gc,phases      ] GC(153)     Dead                           Min: 0, Avg:  0.0, Max: 0, Diff: 0, Sum: 0, Workers: 6
[41.833s][debug  ][gc,phases      ] GC(153)     Total                          Min: 0, Avg:  1.3, Max: 8, Diff: 8, Sum: 8, Workers: 6
[41.833s][debug  ][gc,phases      ] GC(153)   ObjectSynchronizer Weak        Min:  0.0, Avg:  0.0, Max:  0.0, Diff:  0.0, Sum:  0.0, Workers: 6
[41.833s][debug  ][gc,phases      ] GC(153)     Dead                           Min: 0, Avg:  0.0, Max: 0, Diff: 0, Sum: 0, Workers: 6
[41.833s][debug  ][gc,phases      ] GC(153)     Total                          Min: 0, Avg:  0.5, Max: 3, Diff: 3, Sum: 3, Workers: 6
[41.833s][debug  ][gc,phases      ] GC(153)   JVMTI Tag Weak OopStorage      Min:  0.0, Avg:  0.0, Max:  0.0, Diff:  0.0, Sum:  0.0, Workers: 6
[41.833s][debug  ][gc,phases      ] GC(153)     Dead                           Min: 0, Avg:  0.0, Max: 0, Diff: 0, Sum: 0, Workers: 6
[41.833s][debug  ][gc,phases      ] GC(153)     Total                          Min: 0, Avg:  0.0, Max: 0, Diff: 0, Sum: 0, Workers: 6
[41.834s][debug  ][gc,phases      ] GC(153)   StringTable Weak               Min:  0.0, Avg:  0.0, Max:  0.0, Diff:  0.0, Sum:  0.0, Workers: 6
[41.834s][debug  ][gc,phases      ] GC(153)     Dead                           Min: 0, Avg:  0.0, Max: 0, Diff: 0, Sum: 0, Workers: 6
[41.834s][debug  ][gc,phases      ] GC(153)     Total                          Min: 704, Avg: 892.5, Max: 1087, Diff: 383, Sum: 5355, Workers: 6
[41.834s][debug  ][gc,phases      ] GC(153)   ResolvedMethodTable Weak       Min:  0.0, Avg:  0.0, Max:  0.0, Diff:  0.0, Sum:  0.0, Workers: 6
[41.834s][debug  ][gc,phases      ] GC(153)     Dead                           Min: 0, Avg:  0.0, Max: 0, Diff: 0, Sum: 0, Workers: 6
[41.834s][debug  ][gc,phases      ] GC(153)     Total                          Min: 0, Avg: 21.5, Max: 64, Diff: 64, Sum: 129, Workers: 6
[41.834s][debug  ][gc,phases      ] GC(153)   JNI Weak                       Min:  0.0, Avg:  0.0, Max:  0.0, Diff:  0.0, Sum:  0.0, Workers: 6
[41.834s][debug  ][gc,phases      ] GC(153)     Dead                           Min: 0, Avg:  0.0, Max: 0, Diff: 0, Sum: 0, Workers: 6
[41.834s][debug  ][gc,phases      ] GC(153)     Total                          Min: 0, Avg:  0.0, Max: 0, Diff: 0, Sum: 0, Workers: 6
[41.834s][debug  ][gc,phases      ] GC(153)   StringDedup Table Weak         Min:  0.0, Avg:  0.0, Max:  0.0, Diff:  0.0, Sum:  0.0, Workers: 6
[41.834s][debug  ][gc,phases      ] GC(153)     Dead                           Min: 0, Avg:  0.0, Max: 0, Diff: 0, Sum: 0, Workers: 6
[41.834s][debug  ][gc,phases      ] GC(153)     Total                          Min: 0, Avg:  0.0, Max: 0, Diff: 0, Sum: 0, Workers: 6
[41.834s][debug  ][gc,phases      ] GC(153)   StringDedup Requests0 Weak     Min:  0.0, Avg:  0.0, Max:  0.0, Diff:  0.0, Sum:  0.0, Workers: 6
[41.834s][debug  ][gc,phases      ] GC(153)     Dead                           Min: 0, Avg:  0.0, Max: 0, Diff: 0, Sum: 0, Workers: 6
[41.834s][debug  ][gc,phases      ] GC(153)     Total                          Min: 0, Avg:  0.0, Max: 0, Diff: 0, Sum: 0, Workers: 6
[41.834s][debug  ][gc,phases      ] GC(153)   StringDedup Requests1 Weak     Min:  0.0, Avg:  0.0, Max:  0.0, Diff:  0.0, Sum:  0.0, Workers: 6
[41.834s][debug  ][gc,phases      ] GC(153)     Dead                           Min: 0, Avg:  0.0, Max: 0, Diff: 0, Sum: 0, Workers: 6
[41.834s][debug  ][gc,phases      ] GC(153)     Total                          Min: 0, Avg:  0.0, Max: 0, Diff: 0, Sum: 0, Workers: 6
[41.834s][debug  ][gc,phases      ] GC(153)   Weak JFR Old Object Samples    Min:  0.0, Avg:  0.0, Max:  0.0, Diff:  0.0, Sum:  0.0, Workers: 6
[41.834s][debug  ][gc,phases      ] GC(153)     Dead                           Min: 0, Avg:  0.0, Max: 0, Diff: 0, Sum: 0, Workers: 6
[41.834s][debug  ][gc,phases      ] GC(153)     Total                          Min: 0, Avg:  0.0, Max: 0, Diff: 0, Sum: 0, Workers: 6
[41.834s][debug  ][gc,phases      ] GC(153) Weak Processing 0.805ms
[41.834s][debug  ][gc,ergo        ] GC(153) AdaptiveSizeStart:  collection: 154 
[41.834s][debug  ][gc,ergo        ] GC(153) avg_survived_padded_avg: 33019276.000000
[41.834s][debug  ][gc,ergo        ] GC(153) avg_promoted_padded_avg: 250776544.000000  avg_pretenured_padded_avg: 0.000000  tenuring_thresh: 15  target_size: 33030144
[41.834s][debug  ][gc,age         ] GC(153) Desired survivor size 33030144 bytes, new threshold 15 (max threshold 15)
[41.834s][debug  ][gc,ergo        ] GC(153) PSAdaptiveSizePolicy::compute_eden_space_size limits: desired_eden_size: 220904267 old_eden_size: 201326592 eden_limit: 201326592 cur_eden: 201326592 max_eden_size: 201326592 avg_young_live: 27650006
[41.834s][debug  ][gc,ergo        ] GC(153) PSAdaptiveSizePolicy::compute_eden_space_size: costs minor_time: 0.050451 major_cost: 0.053582 mutator_cost: 0.895967 throughput_goal: 0.990000
[41.834s][debug  ][gc,ergo        ] GC(153) Live_space: 1076539776 free_space: 1401421824
[41.834s][debug  ][gc,ergo        ] GC(153) Old eden_size: 201326592 desired_eden_size: 201326592
[41.834s][debug  ][gc,ergo        ] GC(153) AdaptiveSizeStop: collection: 154 
[41.834s][info   ][gc,heap        ] GC(153) PSYoungGen: 218870K(229376K)->30720K(229888K) Eden: 188150K(196608K)->0K(197120K) From: 30720K(32768K)->30720K(32768K)
[41.834s][info   ][gc,heap        ] GC(153) ParOldGen: 1455717K(1835008K)->1640037K(1835008K)
[41.834s][info   ][gc,metaspace   ] GC(153) Metaspace: 1024K(1216K)->1024K(1216K) NonClass: 940K(1024K)->940K(1024K) Class: 83K(192K)->83K(192K)
[41.834s][info   ][gc             ] GC(153) Pause Young (Allocation Failure) 1635M->1631M(2016M) 16.994ms
[41.834s][info   ][gc,cpu         ] GC(153) User=0.12s Sys=0.00s Real=0.02s
[41.834s][debug  ][gc,heap        ] GC(153) Heap after GC invocations=154 (full 24):
[41.834s][debug  ][gc,heap        ] GC(153)  PSYoungGen      total 229888K, used 30720K [0x00000000f0000000, 0x0000000100000000, 0x0000000100000000)
[41.834s][debug  ][gc,heap        ] GC(153)   eden space 197120K, 0% used [0x00000000f0000000,0x00000000f0000000,0x00000000fc080000)
[41.834s][debug  ][gc,heap        ] GC(153)   from space 32768K, 93% used [0x00000000fe000000,0x00000000ffe00030,0x0000000100000000)
[41.835s][debug  ][gc,heap        ] GC(153)   to   space 32256K, 0% used [0x00000000fc080000,0x00000000fc080000,0x00000000fe000000)
[41.835s][debug  ][gc,heap        ] GC(153)  ParOldGen       total 1835008K, used 1640037K [0x0000000080000000, 0x00000000f0000000, 0x00000000f0000000)
[41.835s][debug  ][gc,heap        ] GC(153)   object space 1835008K, 89% used [0x0000000080000000,0x00000000e4199608,0x00000000f0000000)
[41.835s][debug  ][gc,heap        ] GC(153)  Metaspace       used 1024K, committed 1216K, reserved 1056768K
[41.835s][debug  ][gc,heap        ] GC(153)   class space    used 83K, committed 192K, reserved 1048576K
[41.835s][debug  ][gc,task,time   ] GC(153) VM-Thread 418169171 418324562 418346137
[41.835s][debug  ][gc,phases,start] GC(154) Pre Compact
[41.835s][debug  ][gc,heap        ] GC(154) Heap before GC invocations=155 (full 25):
[41.835s][debug  ][gc,heap        ] GC(154)  PSYoungGen      total 229888K, used 30720K [0x00000000f0000000, 0x0000000100000000, 0x0000000100000000)
[41.835s][debug  ][gc,heap        ] GC(154)   eden space 197120K, 0% used [0x00000000f0000000,0x00000000f0000000,0x00000000fc080000)
[41.835s][debug  ][gc,heap        ] GC(154)   from space 32768K, 93% used [0x00000000fe000000,0x00000000ffe00030,0x0000000100000000)
[41.835s][debug  ][gc,heap        ] GC(154)   to   space 32256K, 0% used [0x00000000fc080000,0x00000000fc080000,0x00000000fe000000)
[41.835s][debug  ][gc,heap        ] GC(154)  ParOldGen       total 1835008K, used 1640037K [0x0000000080000000, 0x00000000f0000000, 0x00000000f0000000)
[41.835s][debug  ][gc,heap        ] GC(154)   object space 1835008K, 89% used [0x0000000080000000,0x00000000e4199608,0x00000000f0000000)
[41.835s][debug  ][gc,heap        ] GC(154)  Metaspace       used 1024K, committed 1216K, reserved 1056768K
[41.835s][debug  ][gc,heap        ] GC(154)   class space    used 83K, committed 192K, reserved 1048576K
[41.835s][debug  ][gc,phases      ] GC(154) Pre Compact 0.212ms
[41.835s][info   ][gc,start       ] GC(154) Pause Full (Ergonomics)
[41.835s][info   ][gc,phases,start] GC(154) Marking Phase
[41.835s][debug  ][gc,phases,start] GC(154) Par Mark
[41.835s][debug  ][gc,phases      ] GC(154) Par Mark 0.535ms
[41.836s][debug  ][gc,phases,start] GC(154) Reference Processing
[41.836s][debug  ][gc,ref         ] GC(154) Skipped phase 1 of Reference Processing: no references
[41.836s][debug  ][gc,ref         ] GC(154) ReferenceProcessor::execute queues: 1, RefProcThreadModel::Single, marks_oops_alive: false
[41.836s][debug  ][gc,ref         ] GC(154) Skipped phase 3 of Reference Processing: no references
[41.836s][debug  ][gc,ref         ] GC(154) ReferenceProcessor::execute queues: 1, RefProcThreadModel::Single, marks_oops_alive: false
[41.836s][debug  ][gc,phases,ref  ] GC(154) Reference Processing: 0.1ms
[41.836s][debug  ][gc,phases,ref  ] GC(154)   Reconsider SoftReferences: 0.0ms
[41.836s][debug  ][gc,phases,ref  ] GC(154)     SoftRef (ms):                  skipped
[41.836s][debug  ][gc,phases,ref  ] GC(154)   Notify Soft/WeakReferences: 0.0ms
[41.836s][debug  ][gc,phases,ref  ] GC(154)     SoftRef (ms):                  Min:  0.0, Avg:  0.0, Max:  0.0, Diff:  0.0, Sum:  0.0, Workers: 8
[41.836s][debug  ][gc,phases,ref  ] GC(154)     WeakRef (ms):                  Min:  0.0, Avg:  0.0, Max:  0.0, Diff:  0.0, Sum:  0.0, Workers: 8
[41.836s][debug  ][gc,phases,ref  ] GC(154)     FinalRef (ms):                 Min:  0.0, Avg:  0.0, Max:  0.0, Diff:  0.0, Sum:  0.0, Workers: 8
[41.836s][debug  ][gc,phases,ref  ] GC(154)     Total (ms):                    Min:  0.0, Avg:  0.0, Max:  0.0, Diff:  0.0, Sum:  0.0, Workers: 8
[41.836s][debug  ][gc,phases,ref  ] GC(154)   Notify and keep alive finalizable: 0.0ms
[41.836s][debug  ][gc,phases,ref  ] GC(154)     FinalRef (ms):                 skipped
[41.836s][debug  ][gc,phases,ref  ] GC(154)   Notify PhantomReferences: 0.0ms
[41.836s][debug  ][gc,phases,ref  ] GC(154)     PhantomRef (ms):               Min:  0.0, Avg:  0.0, Max:  0.0, Diff:  0.0, Sum:  0.0, Workers: 8
[41.836s][debug  ][gc,phases,ref  ] GC(154)   SoftReference:
[41.836s][debug  ][gc,phases,ref  ] GC(154)     Discovered: 0
[41.836s][debug  ][gc,phases,ref  ] GC(154)     Cleared: 0
[41.836s][debug  ][gc,phases,ref  ] GC(154)   WeakReference:
[41.836s][debug  ][gc,phases,ref  ] GC(154)     Discovered: 92
[41.836s][debug  ][gc,phases,ref  ] GC(154)     Cleared: 92
[41.836s][debug  ][gc,phases,ref  ] GC(154)   FinalReference:
[41.836s][debug  ][gc,phases,ref  ] GC(154)     Discovered: 0
[41.836s][debug  ][gc,phases,ref  ] GC(154)     Cleared: 0
[41.836s][debug  ][gc,phases,ref  ] GC(154)   PhantomReference:
[41.836s][debug  ][gc,phases,ref  ] GC(154)     Discovered: 4
[41.836s][debug  ][gc,phases,ref  ] GC(154)     Cleared: 4
[41.836s][debug  ][gc,phases      ] GC(154) Reference Processing 0.720ms
[41.836s][debug  ][gc,phases,start] GC(154) Weak Processing
[41.836s][debug  ][gc,phases      ] GC(154)   VM Weak                        Min:  0.0, Avg:  0.0, Max:  0.0, Diff:  0.0, Sum:  0.0, Workers: 6
[41.836s][debug  ][gc,phases      ] GC(154)     Dead                           Min: 0, Avg:  0.0, Max: 0, Diff: 0, Sum: 0, Workers: 6
[41.836s][debug  ][gc,phases      ] GC(154)     Total                          Min: 0, Avg:  1.3, Max: 8, Diff: 8, Sum: 8, Workers: 6
[41.836s][debug  ][gc,phases      ] GC(154)   ObjectSynchronizer Weak        Min:  0.0, Avg:  0.0, Max:  0.0, Diff:  0.0, Sum:  0.0, Workers: 6
[41.836s][debug  ][gc,phases      ] GC(154)     Dead                           Min: 0, Avg:  0.0, Max: 0, Diff: 0, Sum: 0, Workers: 6
[41.836s][debug  ][gc,phases      ] GC(154)     Total                          Min: 0, Avg:  0.5, Max: 3, Diff: 3, Sum: 3, Workers: 6
[41.836s][debug  ][gc,phases      ] GC(154)   JVMTI Tag Weak OopStorage      Min:  0.0, Avg:  0.0, Max:  0.0, Diff:  0.0, Sum:  0.0, Workers: 6
[41.836s][debug  ][gc,phases      ] GC(154)     Dead                           Min: 0, Avg:  0.0, Max: 0, Diff: 0, Sum: 0, Workers: 6
[41.837s][debug  ][gc,phases      ] GC(154)     Total                          Min: 0, Avg:  0.0, Max: 0, Diff: 0, Sum: 0, Workers: 6
[41.837s][debug  ][gc,phases      ] GC(154)   StringTable Weak               Min:  0.0, Avg:  0.0, Max:  0.0, Diff:  0.0, Sum:  0.0, Workers: 6
[41.837s][debug  ][gc,phases      ] GC(154)     Dead                           Min: 0, Avg:  0.0, Max: 0, Diff: 0, Sum: 0, Workers: 6
[41.837s][debug  ][gc,phases      ] GC(154)     Total                          Min: 639, Avg: 892.5, Max: 1536, Diff: 897, Sum: 5355, Workers: 6
[41.837s][debug  ][gc,phases      ] GC(154)   ResolvedMethodTable Weak       Min:  0.0, Avg:  0.0, Max:  0.0, Diff:  0.0, Sum:  0.0, Workers: 6
[41.837s][debug  ][gc,phases      ] GC(154)     Dead                           Min: 0, Avg:  0.0, Max: 0, Diff: 0, Sum: 0, Workers: 6
[41.837s][debug  ][gc,phases      ] GC(154)     Total                          Min: 0, Avg: 21.5, Max: 64, Diff: 64, Sum: 129, Workers: 6
[41.837s][debug  ][gc,phases      ] GC(154)   JNI Weak                       Min:  0.0, Avg:  0.0, Max:  0.0, Diff:  0.0, Sum:  0.0, Workers: 6
[41.837s][debug  ][gc,phases      ] GC(154)     Dead                           Min: 0, Avg:  0.0, Max: 0, Diff: 0, Sum: 0, Workers: 6
[41.837s][debug  ][gc,phases      ] GC(154)     Total                          Min: 0, Avg:  0.0, Max: 0, Diff: 0, Sum: 0, Workers: 6
[41.837s][debug  ][gc,phases      ] GC(154)   StringDedup Table Weak         Min:  0.0, Avg:  0.0, Max:  0.0, Diff:  0.0, Sum:  0.0, Workers: 6
[41.837s][debug  ][gc,phases      ] GC(154)     Dead                           Min: 0, Avg:  0.0, Max: 0, Diff: 0, Sum: 0, Workers: 6
[41.837s][debug  ][gc,phases      ] GC(154)     Total                          Min: 0, Avg:  0.0, Max: 0, Diff: 0, Sum: 0, Workers: 6
[41.837s][debug  ][gc,phases      ] GC(154)   StringDedup Requests0 Weak     Min:  0.0, Avg:  0.0, Max:  0.0, Diff:  0.0, Sum:  0.0, Workers: 6
[41.837s][debug  ][gc,phases      ] GC(154)     Dead                           Min: 0, Avg:  0.0, Max: 0, Diff: 0, Sum: 0, Workers: 6
[41.837s][debug  ][gc,phases      ] GC(154)     Total                          Min: 0, Avg:  0.0, Max: 0, Diff: 0, Sum: 0, Workers: 6
[41.837s][debug  ][gc,phases      ] GC(154)   StringDedup Requests1 Weak     Min:  0.0, Avg:  0.0, Max:  0.0, Diff:  0.0, Sum:  0.0, Workers: 6
[41.837s][debug  ][gc,phases      ] GC(154)     Dead                           Min: 0, Avg:  0.0, Max: 0, Diff: 0, Sum: 0, Workers: 6
[41.837s][debug  ][gc,phases      ] GC(154)     Total                          Min: 0, Avg:  0.0, Max: 0, Diff: 0, Sum: 0, Workers: 6
[41.837s][debug  ][gc,phases      ] GC(154)   Weak JFR Old Object Samples    Min:  0.0, Avg:  0.0, Max:  0.0, Diff:  0.0, Sum:  0.0, Workers: 6
[41.837s][debug  ][gc,phases      ] GC(154)     Dead                           Min: 0, Avg:  0.0, Max: 0, Diff: 0, Sum: 0, Workers: 6
[41.837s][debug  ][gc,phases      ] GC(154)     Total                          Min: 0, Avg:  0.0, Max: 0, Diff: 0, Sum: 0, Workers: 6
[41.837s][debug  ][gc,phases      ] GC(154) Weak Processing 0.808ms
[41.837s][debug  ][gc,phases,start] GC(154) Class Unloading
[41.837s][debug  ][gc,phases,start] GC(154) ClassLoaderData
[41.837s][debug  ][gc,phases      ] GC(154) ClassLoaderData 0.024ms
[41.837s][debug  ][gc,phases,start] GC(154) Trigger cleanups
[41.837s][debug  ][gc,phases      ] GC(154) Trigger cleanups 0.025ms
[41.837s][debug  ][gc,phases      ] GC(154) Class Unloading 0.291ms
[41.837s][info   ][gc,phases      ] GC(154) Marking Phase 2.497ms
[41.837s][info   ][gc,phases,start] GC(154) Summary Phase
[41.837s][info   ][gc,phases      ] GC(154) Summary Phase 0.044ms
[41.838s][info   ][gc,phases,start] GC(154) Adjust Roots
[41.838s][info   ][gc,phases      ] GC(154) Adjust Roots 0.156ms
[41.838s][info   ][gc,phases,start] GC(154) Compaction Phase
[41.913s][info   ][gc,phases      ] GC(154) Compaction Phase 74.907ms
[41.913s][info   ][gc,phases,start] GC(154) Post Compact
[41.918s][info   ][gc,phases      ] GC(154) Post Compact 5.067ms
[41.918s][debug  ][gc,ergo        ] GC(154) AdaptiveSizeStart: collection: 155 
[41.918s][debug  ][gc,ergo        ] GC(154) PSAdaptiveSizePolicy::compute_eden_space_size limits: desired_eden_size: 221492975 old_eden_size: 201326592 eden_limit: 201850880 cur_eden: 201850880 max_eden_size: 201850880 avg_young_live: 24885004
[41.918s][debug  ][gc,ergo        ] GC(154) PSAdaptiveSizePolicy::compute_eden_space_size: costs minor_time: 0.050451 major_cost: 0.053240 mutator_cost: 0.896309 throughput_goal: 0.990000
[41.918s][debug  ][gc,ergo        ] GC(154) Live_space: 1073774848 free_space: 1401421824
[41.918s][debug  ][gc,ergo        ] GC(154) Old eden_size: 201326592 desired_eden_size: 201850880
[41.918s][debug  ][gc,ergo        ] GC(154) PSAdaptiveSizePolicy::compute_old_gen_free_space limits: desired_promo_size: 1323386933 promo_limit: 1200095232 free_in_old_gen: 1104120064 max_old_gen_size: 1879048192 avg_old_live: 774928192
[41.918s][debug  ][gc,ergo        ] GC(154) PSAdaptiveSizePolicy::compute_old_gen_free_space: costs minor_time: 0.050451 major_cost: 0.053240  mutator_cost: 0.896309 throughput_goal: 0.990000
[41.918s][debug  ][gc,ergo        ] GC(154) Live_space: 1068248640 free_space: 1401946112
[41.918s][debug  ][gc,ergo        ] GC(154) Old promo_size: 1200095232 desired_promo_size: 1200095232
[41.918s][debug  ][gc,ergo        ] GC(154) AdaptiveSizeStop: collection: 155 
[41.918s][info   ][gc,heap        ] GC(154) PSYoungGen: 30720K(229888K)->0K(229376K) Eden: 0K(197120K)->0K(197120K) From: 30720K(32768K)->0K(32256K)
[41.918s][info   ][gc,heap        ] GC(154) ParOldGen: 1640037K(1835008K)->708196K(1835008K)
[41.918s][info   ][gc,metaspace   ] GC(154) Metaspace: 1024K(1216K)->1024K(1216K) NonClass: 940K(1024K)->940K(1024K) Class: 83K(192K)->83K(192K)
[41.918s][info   ][gc             ] GC(154) Pause Full (Ergonomics) 1631M->691M(2016M) 83.297ms
[41.918s][info   ][gc,cpu         ] GC(154) User=0.52s Sys=0.02s Real=0.08s
[41.918s][debug  ][gc,heap        ] GC(154) Heap after GC invocations=155 (full 25):
[41.918s][debug  ][gc,heap        ] GC(154)  PSYoungGen      total 229376K, used 0K [0x00000000f0000000, 0x0000000100000000, 0x0000000100000000)
[41.918s][debug  ][gc,heap        ] GC(154)   eden space 197120K, 0% used [0x00000000f0000000,0x00000000f0000000,0x00000000fc080000)
[41.918s][debug  ][gc,heap        ] GC(154)   from space 32256K, 0% used [0x00000000fc080000,0x00000000fc080000,0x00000000fe000000)
[41.918s][debug  ][gc,heap        ] GC(154)   to   space 32256K, 0% used [0x00000000fe080000,0x00000000fe080000,0x0000000100000000)
[41.918s][debug  ][gc,heap        ] GC(154)  ParOldGen       total 1835008K, used 708196K [0x0000000080000000, 0x00000000f0000000, 0x00000000f0000000)
[41.918s][debug  ][gc,heap        ] GC(154)   object space 1835008K, 38% used [0x0000000080000000,0x00000000ab399058,0x00000000f0000000)
[41.918s][debug  ][gc,heap        ] GC(154)  Metaspace       used 1024K, committed 1216K, reserved 1056768K
[41.918s][debug  ][gc,heap        ] GC(154)   class space    used 83K, committed 192K, reserved 1048576K
[41.918s][debug  ][gc,task,time   ] GC(154) VM-Thread 418349011 418376965 419182342
[42.211s][debug  ][gc,heap        ] GC(155) Heap before GC invocations=156 (full 25):
[42.211s][debug  ][gc,heap        ] GC(155)  PSYoungGen      total 229376K, used 188168K [0x00000000f0000000, 0x0000000100000000, 0x0000000100000000)
[42.211s][debug  ][gc,heap        ] GC(155)   eden space 197120K, 95% used [0x00000000f0000000,0x00000000fb7c2078,0x00000000fc080000)
[42.211s][debug  ][gc,heap        ] GC(155)   from space 32256K, 0% used [0x00000000fc080000,0x00000000fc080000,0x00000000fe000000)
[42.211s][debug  ][gc,heap        ] GC(155)   to   space 32256K, 0% used [0x00000000fe080000,0x00000000fe080000,0x0000000100000000)
[42.211s][debug  ][gc,heap        ] GC(155)  ParOldGen       total 1835008K, used 708196K [0x0000000080000000, 0x00000000f0000000, 0x00000000f0000000)
[42.212s][debug  ][gc,heap        ] GC(155)   object space 1835008K, 38% used [0x0000000080000000,0x00000000ab399058,0x00000000f0000000)
[42.212s][debug  ][gc,heap        ] GC(155)  Metaspace       used 1024K, committed 1216K, reserved 1056768K
[42.212s][debug  ][gc,heap        ] GC(155)   class space    used 83K, committed 192K, reserved 1048576K
[42.212s][debug  ][gc,tlab        ] GC(155) TLAB totals: thrds: 1  refills: 1 max: 1 slow allocs: 17 max 17 waste: 27.3% gc: 3940184B max: 3940184B slow: 0B max: 0B
[42.212s][info   ][gc,start       ] GC(155) Pause Young (Allocation Failure)
[42.212s][debug  ][gc,phases,start] GC(155) Scavenge
[42.224s][debug  ][gc,phases      ] GC(155) Scavenge 12.219ms
[42.224s][debug  ][gc,phases,start] GC(155) Reference Processing
[42.224s][debug  ][gc,ref         ] GC(155) Skipped phase 1 of Reference Processing: no references
[42.224s][debug  ][gc,ref         ] GC(155) Skipped phase 2 of Reference Processing: no references
[42.224s][debug  ][gc,ref         ] GC(155) Skipped phase 3 of Reference Processing: no references
[42.224s][debug  ][gc,ref         ] GC(155) Skipped phase 4 of Reference Processing: no references
[42.224s][debug  ][gc,phases,ref  ] GC(155) Reference Processing: 0.1ms
[42.224s][debug  ][gc,phases,ref  ] GC(155)   Reconsider SoftReferences: 0.0ms
[42.224s][debug  ][gc,phases,ref  ] GC(155)     SoftRef (ms):                  skipped
[42.224s][debug  ][gc,phases,ref  ] GC(155)   Notify Soft/WeakReferences: 0.0ms
[42.224s][debug  ][gc,phases,ref  ] GC(155)     SoftRef (ms):                  skipped
[42.224s][debug  ][gc,phases,ref  ] GC(155)     WeakRef (ms):                  skipped
[42.224s][debug  ][gc,phases,ref  ] GC(155)     FinalRef (ms):                 skipped
[42.224s][debug  ][gc,phases,ref  ] GC(155)     Total (ms):                    skipped
[42.224s][debug  ][gc,phases,ref  ] GC(155)   Notify and keep alive finalizable: 0.0ms
[42.224s][debug  ][gc,phases,ref  ] GC(155)     FinalRef (ms):                 skipped
[42.225s][debug  ][gc,phases,ref  ] GC(155)   Notify PhantomReferences: 0.0ms
[42.225s][debug  ][gc,phases,ref  ] GC(155)     PhantomRef (ms):               skipped
[42.225s][debug  ][gc,phases,ref  ] GC(155)   SoftReference:
[42.225s][debug  ][gc,phases,ref  ] GC(155)     Discovered: 0
[42.225s][debug  ][gc,phases,ref  ] GC(155)     Cleared: 0
[42.225s][debug  ][gc,phases,ref  ] GC(155)   WeakReference:
[42.225s][debug  ][gc,phases,ref  ] GC(155)     Discovered: 0
[42.225s][debug  ][gc,phases,ref  ] GC(155)     Cleared: 0
[42.225s][debug  ][gc,phases,ref  ] GC(155)   FinalReference:
[42.225s][debug  ][gc,phases,ref  ] GC(155)     Discovered: 0
[42.225s][debug  ][gc,phases,ref  ] GC(155)     Cleared: 0
[42.225s][debug  ][gc,phases,ref  ] GC(155)   PhantomReference:
[42.225s][debug  ][gc,phases,ref  ] GC(155)     Discovered: 0
[42.225s][debug  ][gc,phases,ref  ] GC(155)     Cleared: 0
[42.225s][debug  ][gc,phases      ] GC(155) Reference Processing 0.711ms
[42.225s][debug  ][gc,phases,start] GC(155) Weak Processing
[42.225s][debug  ][gc,phases      ] GC(155)   VM Weak                        Min:  0.0, Avg:  0.0, Max:  0.0, Diff:  0.0, Sum:  0.0, Workers: 6
[42.225s][debug  ][gc,phases      ] GC(155)     Dead                           Min: 0, Avg:  0.0, Max: 0, Diff: 0, Sum: 0, Workers: 6
[42.225s][debug  ][gc,phases      ] GC(155)     Total                          Min: 0, Avg:  1.3, Max: 8, Diff: 8, Sum: 8, Workers: 6
[42.225s][debug  ][gc,phases      ] GC(155)   ObjectSynchronizer Weak        Min:  0.0, Avg:  0.0, Max:  0.0, Diff:  0.0, Sum:  0.0, Workers: 6
[42.225s][debug  ][gc,phases      ] GC(155)     Dead                           Min: 0, Avg:  0.0, Max: 0, Diff: 0, Sum: 0, Workers: 6
[42.225s][debug  ][gc,phases      ] GC(155)     Total                          Min: 0, Avg:  0.5, Max: 3, Diff: 3, Sum: 3, Workers: 6
[42.225s][debug  ][gc,phases      ] GC(155)   JVMTI Tag Weak OopStorage      Min:  0.0, Avg:  0.0, Max:  0.0, Diff:  0.0, Sum:  0.0, Workers: 6
[42.225s][debug  ][gc,phases      ] GC(155)     Dead                           Min: 0, Avg:  0.0, Max: 0, Diff: 0, Sum: 0, Workers: 6
[42.225s][debug  ][gc,phases      ] GC(155)     Total                          Min: 0, Avg:  0.0, Max: 0, Diff: 0, Sum: 0, Workers: 6
[42.225s][debug  ][gc,phases      ] GC(155)   StringTable Weak               Min:  0.0, Avg:  0.0, Max:  0.0, Diff:  0.0, Sum:  0.0, Workers: 6
[42.225s][debug  ][gc,phases      ] GC(155)     Dead                           Min: 0, Avg:  0.0, Max: 0, Diff: 0, Sum: 0, Workers: 6
[42.225s][debug  ][gc,phases      ] GC(155)     Total                          Min: 768, Avg: 892.5, Max: 1088, Diff: 320, Sum: 5355, Workers: 6
[42.225s][debug  ][gc,phases      ] GC(155)   ResolvedMethodTable Weak       Min:  0.0, Avg:  0.0, Max:  0.0, Diff:  0.0, Sum:  0.0, Workers: 6
[42.225s][debug  ][gc,phases      ] GC(155)     Dead                           Min: 0, Avg:  0.0, Max: 0, Diff: 0, Sum: 0, Workers: 6
[42.225s][debug  ][gc,phases      ] GC(155)     Total                          Min: 0, Avg: 21.5, Max: 64, Diff: 64, Sum: 129, Workers: 6
[42.225s][debug  ][gc,phases      ] GC(155)   JNI Weak                       Min:  0.0, Avg:  0.0, Max:  0.0, Diff:  0.0, Sum:  0.0, Workers: 6
[42.225s][debug  ][gc,phases      ] GC(155)     Dead                           Min: 0, Avg:  0.0, Max: 0, Diff: 0, Sum: 0, Workers: 6
[42.225s][debug  ][gc,phases      ] GC(155)     Total                          Min: 0, Avg:  0.0, Max: 0, Diff: 0, Sum: 0, Workers: 6
[42.225s][debug  ][gc,phases      ] GC(155)   StringDedup Table Weak         Min:  0.0, Avg:  0.0, Max:  0.0, Diff:  0.0, Sum:  0.0, Workers: 6
[42.225s][debug  ][gc,phases      ] GC(155)     Dead                           Min: 0, Avg:  0.0, Max: 0, Diff: 0, Sum: 0, Workers: 6
[42.225s][debug  ][gc,phases      ] GC(155)     Total                          Min: 0, Avg:  0.0, Max: 0, Diff: 0, Sum: 0, Workers: 6
[42.225s][debug  ][gc,phases      ] GC(155)   StringDedup Requests0 Weak     Min:  0.0, Avg:  0.0, Max:  0.0, Diff:  0.0, Sum:  0.0, Workers: 6
[42.225s][debug  ][gc,phases      ] GC(155)     Dead                           Min: 0, Avg:  0.0, Max: 0, Diff: 0, Sum: 0, Workers: 6
[42.225s][debug  ][gc,phases      ] GC(155)     Total                          Min: 0, Avg:  0.0, Max: 0, Diff: 0, Sum: 0, Workers: 6
[42.225s][debug  ][gc,phases      ] GC(155)   StringDedup Requests1 Weak     Min:  0.0, Avg:  0.0, Max:  0.0, Diff:  0.0, Sum:  0.0, Workers: 6
[42.225s][debug  ][gc,phases      ] GC(155)     Dead                           Min: 0, Avg:  0.0, Max: 0, Diff: 0, Sum: 0, Workers: 6
[42.225s][debug  ][gc,phases      ] GC(155)     Total                          Min: 0, Avg:  0.0, Max: 0, Diff: 0, Sum: 0, Workers: 6
[42.225s][debug  ][gc,phases      ] GC(155)   Weak JFR Old Object Samples    Min:  0.0, Avg:  0.0, Max:  0.0, Diff:  0.0, Sum:  0.0, Workers: 6
[42.225s][debug  ][gc,phases      ] GC(155)     Dead                           Min: 0, Avg:  0.0, Max: 0, Diff: 0, Sum: 0, Workers: 6
[42.225s][debug  ][gc,phases      ] GC(155)     Total                          Min: 0, Avg:  0.0, Max: 0, Diff: 0, Sum: 0, Workers: 6
[42.225s][debug  ][gc,phases      ] GC(155) Weak Processing 0.682ms
[42.226s][debug  ][gc,ergo        ] GC(155) AdaptiveSizeStart:  collection: 156 
[42.226s][debug  ][gc,ergo        ] GC(155) avg_survived_padded_avg: 32905576.000000
[42.226s][debug  ][gc,ergo        ] GC(155) avg_promoted_padded_avg: 244748832.000000  avg_pretenured_padded_avg: 0.000000  tenuring_thresh: 15  target_size: 33030144
[42.226s][debug  ][gc,age         ] GC(155) Desired survivor size 33030144 bytes, new threshold 15 (max threshold 15)
[42.226s][debug  ][gc,ergo        ] GC(155) PSAdaptiveSizePolicy::compute_eden_space_size limits: desired_eden_size: 220696465 old_eden_size: 201850880 eden_limit: 202375168 cur_eden: 201850880 max_eden_size: 202375168 avg_young_live: 25542236
[42.226s][debug  ][gc,ergo        ] GC(155) PSAdaptiveSizePolicy::compute_eden_space_size: costs minor_time: 0.046614 major_cost: 0.053240 mutator_cost: 0.900146 throughput_goal: 0.990000
[42.226s][debug  ][gc,ergo        ] GC(155) Live_space: 1068905856 free_space: 1401946112
[42.226s][debug  ][gc,ergo        ] GC(155) Old eden_size: 201850880 desired_eden_size: 202375168
[42.226s][debug  ][gc,ergo        ] GC(155) AdaptiveSizeStop: collection: 156 
[42.226s][info   ][gc,heap        ] GC(155) PSYoungGen: 188168K(229376K)->30720K(229888K) Eden: 188168K(197120K)->0K(197632K) From: 0K(32256K)->30720K(32256K)
[42.226s][info   ][gc,heap        ] GC(155) ParOldGen: 708196K(1835008K)->861796K(1835008K)
[42.226s][info   ][gc,metaspace   ] GC(155) Metaspace: 1024K(1216K)->1024K(1216K) NonClass: 940K(1024K)->940K(1024K) Class: 83K(192K)->83K(192K)
[42.226s][info   ][gc             ] GC(155) Pause Young (Allocation Failure) 875M->871M(2016M) 14.137ms
[42.226s][info   ][gc,cpu         ] GC(155) User=0.00s Sys=0.00s Real=0.01s
[42.226s][debug  ][gc,heap        ] GC(155) Heap after GC invocations=156 (full 25):
[42.226s][debug  ][gc,heap        ] GC(155)  PSYoungGen      total 229888K, used 30720K [0x00000000f0000000, 0x0000000100000000, 0x0000000100000000)
[42.226s][debug  ][gc,heap        ] GC(155)   eden space 197632K, 0% used [0x00000000f0000000,0x00000000f0000000,0x00000000fc100000)
[42.226s][debug  ][gc,heap        ] GC(155)   from space 32256K, 95% used [0x00000000fe080000,0x00000000ffe80030,0x0000000100000000)
[42.226s][debug  ][gc,heap        ] GC(155)   to   space 32256K, 0% used [0x00000000fc100000,0x00000000fc100000,0x00000000fe080000)
[42.226s][debug  ][gc,heap        ] GC(155)  ParOldGen       total 1835008K, used 861796K [0x0000000080000000, 0x00000000f0000000, 0x00000000f0000000)
[42.226s][debug  ][gc,heap        ] GC(155)   object space 1835008K, 46% used [0x0000000080000000,0x00000000b4999148,0x00000000f0000000)
[42.226s][debug  ][gc,heap        ] GC(155)  Metaspace       used 1024K, committed 1216K, reserved 1056768K
[42.226s][debug  ][gc,heap        ] GC(155)   class space    used 83K, committed 192K, reserved 1048576K
[42.226s][debug  ][gc,task,time   ] GC(155) VM-Thread 422111632 422240768 422260810
[42.512s][debug  ][gc,heap        ] GC(156) Heap before GC invocations=157 (full 25):
[42.512s][debug  ][gc,heap        ] GC(156)  PSYoungGen      total 229888K, used 218827K [0x00000000f0000000, 0x0000000100000000, 0x0000000100000000)
[42.512s][debug  ][gc,heap        ] GC(156)   eden space 197632K, 95% used [0x00000000f0000000,0x00000000fb7b2ee0,0x00000000fc100000)
[42.512s][debug  ][gc,heap        ] GC(156)   from space 32256K, 95% used [0x00000000fe080000,0x00000000ffe80030,0x0000000100000000)
[42.512s][debug  ][gc,heap        ] GC(156)   to   space 32256K, 0% used [0x00000000fc100000,0x00000000fc100000,0x00000000fe080000)
[42.512s][debug  ][gc,heap        ] GC(156)  ParOldGen       total 1835008K, used 861796K [0x0000000080000000, 0x00000000f0000000, 0x00000000f0000000)
[42.512s][debug  ][gc,heap        ] GC(156)   object space 1835008K, 46% used [0x0000000080000000,0x00000000b4999148,0x00000000f0000000)
[42.512s][debug  ][gc,heap        ] GC(156)  Metaspace       used 1024K, committed 1216K, reserved 1056768K
[42.512s][debug  ][gc,heap        ] GC(156)   class space    used 83K, committed 192K, reserved 1048576K
[42.512s][debug  ][gc,tlab        ] GC(156) TLAB totals: thrds: 1  refills: 1 max: 1 slow allocs: 17 max 17 waste: 27.0% gc: 3877272B max: 3877272B slow: 0B max: 0B
[42.512s][info   ][gc,start       ] GC(156) Pause Young (Allocation Failure)
[42.512s][debug  ][gc,phases,start] GC(156) Scavenge
[42.517s][debug  ][gc,phases      ] GC(156) Scavenge 4.257ms
[42.517s][debug  ][gc,phases,start] GC(156) Reference Processing
[42.517s][debug  ][gc,ref         ] GC(156) Skipped phase 1 of Reference Processing: no references
[42.517s][debug  ][gc,ref         ] GC(156) Skipped phase 2 of Reference Processing: no references
[42.517s][debug  ][gc,ref         ] GC(156) Skipped phase 3 of Reference Processing: no references
[42.517s][debug  ][gc,ref         ] GC(156) Skipped phase 4 of Reference Processing: no references
[42.517s][debug  ][gc,phases,ref  ] GC(156) Reference Processing: 0.1ms
[42.517s][debug  ][gc,phases,ref  ] GC(156)   Reconsider SoftReferences: 0.0ms
[42.517s][debug  ][gc,phases,ref  ] GC(156)     SoftRef (ms):                  skipped
[42.517s][debug  ][gc,phases,ref  ] GC(156)   Notify Soft/WeakReferences: 0.0ms
[42.517s][debug  ][gc,phases,ref  ] GC(156)     SoftRef (ms):                  skipped
[42.517s][debug  ][gc,phases,ref  ] GC(156)     WeakRef (ms):                  skipped
[42.517s][debug  ][gc,phases,ref  ] GC(156)     FinalRef (ms):                 skipped
[42.517s][debug  ][gc,phases,ref  ] GC(156)     Total (ms):                    skipped
[42.517s][debug  ][gc,phases,ref  ] GC(156)   Notify and keep alive finalizable: 0.0ms
[42.517s][debug  ][gc,phases,ref  ] GC(156)     FinalRef (ms):                 skipped
[42.517s][debug  ][gc,phases,ref  ] GC(156)   Notify PhantomReferences: 0.0ms
[42.517s][debug  ][gc,phases,ref  ] GC(156)     PhantomRef (ms):               skipped
[42.517s][debug  ][gc,phases,ref  ] GC(156)   SoftReference:
[42.517s][debug  ][gc,phases,ref  ] GC(156)     Discovered: 0
[42.517s][debug  ][gc,phases,ref  ] GC(156)     Cleared: 0
[42.517s][debug  ][gc,phases,ref  ] GC(156)   WeakReference:
[42.517s][debug  ][gc,phases,ref  ] GC(156)     Discovered: 0
[42.517s][debug  ][gc,phases,ref  ] GC(156)     Cleared: 0
[42.517s][debug  ][gc,phases,ref  ] GC(156)   FinalReference:
[42.517s][debug  ][gc,phases,ref  ] GC(156)     Discovered: 0
[42.517s][debug  ][gc,phases,ref  ] GC(156)     Cleared: 0
[42.517s][debug  ][gc,phases,ref  ] GC(156)   PhantomReference:
[42.517s][debug  ][gc,phases,ref  ] GC(156)     Discovered: 0
[42.517s][debug  ][gc,phases,ref  ] GC(156)     Cleared: 0
[42.517s][debug  ][gc,phases      ] GC(156) Reference Processing 0.598ms
[42.517s][debug  ][gc,phases,start] GC(156) Weak Processing
[42.517s][debug  ][gc,phases      ] GC(156)   VM Weak                        Min:  0.0, Avg:  0.0, Max:  0.0, Diff:  0.0, Sum:  0.0, Workers: 6
[42.517s][debug  ][gc,phases      ] GC(156)     Dead                           Min: 0, Avg:  0.0, Max: 0, Diff: 0, Sum: 0, Workers: 6
[42.518s][debug  ][gc,phases      ] GC(156)     Total                          Min: 0, Avg:  1.3, Max: 8, Diff: 8, Sum: 8, Workers: 6
[42.518s][debug  ][gc,phases      ] GC(156)   ObjectSynchronizer Weak        Min:  0.0, Avg:  0.0, Max:  0.0, Diff:  0.0, Sum:  0.0, Workers: 6
[42.518s][debug  ][gc,phases      ] GC(156)     Dead                           Min: 0, Avg:  0.0, Max: 0, Diff: 0, Sum: 0, Workers: 6
[42.518s][debug  ][gc,phases      ] GC(156)     Total                          Min: 0, Avg:  0.5, Max: 3, Diff: 3, Sum: 3, Workers: 6
[42.518s][debug  ][gc,phases      ] GC(156)   JVMTI Tag Weak OopStorage      Min:  0.0, Avg:  0.0, Max:  0.0, Diff:  0.0, Sum:  0.0, Workers: 6
[42.518s][debug  ][gc,phases      ] GC(156)     Dead                           Min: 0, Avg:  0.0, Max: 0, Diff: 0, Sum: 0, Workers: 6
[42.518s][debug  ][gc,phases      ] GC(156)     Total                          Min: 0, Avg:  0.0, Max: 0, Diff: 0, Sum: 0, Workers: 6
[42.518s][debug  ][gc,phases      ] GC(156)   StringTable Weak               Min:  0.0, Avg:  0.0, Max:  0.0, Diff:  0.0, Sum:  0.0, Workers: 6
[42.518s][debug  ][gc,phases      ] GC(156)     Dead                           Min: 0, Avg:  0.0, Max: 0, Diff: 0, Sum: 0, Workers: 6
[42.518s][debug  ][gc,phases      ] GC(156)     Total                          Min: 767, Avg: 892.5, Max: 1216, Diff: 449, Sum: 5355, Workers: 6
[42.518s][debug  ][gc,phases      ] GC(156)   ResolvedMethodTable Weak       Min:  0.0, Avg:  0.0, Max:  0.0, Diff:  0.0, Sum:  0.0, Workers: 6
[42.518s][debug  ][gc,phases      ] GC(156)     Dead                           Min: 0, Avg:  0.0, Max: 0, Diff: 0, Sum: 0, Workers: 6
[42.518s][debug  ][gc,phases      ] GC(156)     Total                          Min: 0, Avg: 21.5, Max: 64, Diff: 64, Sum: 129, Workers: 6
[42.518s][debug  ][gc,phases      ] GC(156)   JNI Weak                       Min:  0.0, Avg:  0.0, Max:  0.0, Diff:  0.0, Sum:  0.0, Workers: 6
[42.518s][debug  ][gc,phases      ] GC(156)     Dead                           Min: 0, Avg:  0.0, Max: 0, Diff: 0, Sum: 0, Workers: 6
[42.518s][debug  ][gc,phases      ] GC(156)     Total                          Min: 0, Avg:  0.0, Max: 0, Diff: 0, Sum: 0, Workers: 6
[42.518s][debug  ][gc,phases      ] GC(156)   StringDedup Table Weak         Min:  0.0, Avg:  0.0, Max:  0.0, Diff:  0.0, Sum:  0.0, Workers: 6
[42.518s][debug  ][gc,phases      ] GC(156)     Dead                           Min: 0, Avg:  0.0, Max: 0, Diff: 0, Sum: 0, Workers: 6
[42.518s][debug  ][gc,phases      ] GC(156)     Total                          Min: 0, Avg:  0.0, Max: 0, Diff: 0, Sum: 0, Workers: 6
[42.518s][debug  ][gc,phases      ] GC(156)   StringDedup Requests0 Weak     Min:  0.0, Avg:  0.0, Max:  0.0, Diff:  0.0, Sum:  0.0, Workers: 6
[42.518s][debug  ][gc,phases      ] GC(156)     Dead                           Min: 0, Avg:  0.0, Max: 0, Diff: 0, Sum: 0, Workers: 6
[42.518s][debug  ][gc,phases      ] GC(156)     Total                          Min: 0, Avg:  0.0, Max: 0, Diff: 0, Sum: 0, Workers: 6
[42.518s][debug  ][gc,phases      ] GC(156)   StringDedup Requests1 Weak     Min:  0.0, Avg:  0.0, Max:  0.0, Diff:  0.0, Sum:  0.0, Workers: 6
[42.518s][debug  ][gc,phases      ] GC(156)     Dead                           Min: 0, Avg:  0.0, Max: 0, Diff: 0, Sum: 0, Workers: 6
[42.518s][debug  ][gc,phases      ] GC(156)     Total                          Min: 0, Avg:  0.0, Max: 0, Diff: 0, Sum: 0, Workers: 6
[42.518s][debug  ][gc,phases      ] GC(156)   Weak JFR Old Object Samples    Min:  0.0, Avg:  0.0, Max:  0.0, Diff:  0.0, Sum:  0.0, Workers: 6
[42.518s][debug  ][gc,phases      ] GC(156)     Dead                           Min: 0, Avg:  0.0, Max: 0, Diff: 0, Sum: 0, Workers: 6
[42.518s][debug  ][gc,phases      ] GC(156)     Total                          Min: 0, Avg:  0.0, Max: 0, Diff: 0, Sum: 0, Workers: 6
[42.518s][debug  ][gc,phases      ] GC(156) Weak Processing 0.691ms
[42.518s][debug  ][gc,ergo        ] GC(156) AdaptiveSizeStart:  collection: 157 
[42.518s][debug  ][gc,ergo        ] GC(156) avg_survived_padded_avg: 32798994.000000
[42.518s][debug  ][gc,ergo        ] GC(156) avg_promoted_padded_avg: 262165296.000000  avg_pretenured_padded_avg: 0.000000  tenuring_thresh: 15  target_size: 33030144
[42.518s][debug  ][gc,age         ] GC(156) Desired survivor size 33030144 bytes, new threshold 15 (max threshold 15)
[42.518s][debug  ][gc,ergo        ] GC(156) PSAdaptiveSizePolicy::compute_eden_space_size limits: desired_eden_size: 219869285 old_eden_size: 202375168 eden_limit: 202375168 cur_eden: 202375168 max_eden_size: 202375168 avg_young_live: 26133744
[42.518s][debug  ][gc,ergo        ] GC(156) PSAdaptiveSizePolicy::compute_eden_space_size: costs minor_time: 0.039803 major_cost: 0.053240 mutator_cost: 0.906957 throughput_goal: 0.990000
[42.518s][debug  ][gc,ergo        ] GC(156) Live_space: 1069497408 free_space: 1402470400
[42.518s][debug  ][gc,ergo        ] GC(156) Old eden_size: 202375168 desired_eden_size: 202375168
[42.518s][debug  ][gc,ergo        ] GC(156) AdaptiveSizeStop: collection: 157 
[42.518s][info   ][gc,heap        ] GC(156) PSYoungGen: 218827K(229888K)->30720K(229888K) Eden: 188107K(197632K)->0K(197632K) From: 30720K(32256K)->30720K(32256K)
[42.518s][info   ][gc,heap        ] GC(156) ParOldGen: 861796K(1835008K)->882276K(1835008K)
[42.518s][info   ][gc,metaspace   ] GC(156) Metaspace: 1024K(1216K)->1024K(1216K) NonClass: 940K(1024K)->940K(1024K) Class: 83K(192K)->83K(192K)
[42.518s][info   ][gc             ] GC(156) Pause Young (Allocation Failure) 1055M->891M(2016M) 6.020ms
[42.518s][info   ][gc,cpu         ] GC(156) User=0.00s Sys=0.00s Real=0.01s
[42.518s][debug  ][gc,heap        ] GC(156) Heap after GC invocations=157 (full 25):
[42.519s][debug  ][gc,heap        ] GC(156)  PSYoungGen      total 229888K, used 30720K [0x00000000f0000000, 0x0000000100000000, 0x0000000100000000)
[42.519s][debug  ][gc,heap        ] GC(156)   eden space 197632K, 0% used [0x00000000f0000000,0x00000000f0000000,0x00000000fc100000)
[42.519s][debug  ][gc,heap        ] GC(156)   from space 32256K, 95% used [0x00000000fc100000,0x00000000fdf00030,0x00000000fe080000)
[42.519s][debug  ][gc,heap        ] GC(156)   to   space 32256K, 0% used [0x00000000fe080000,0x00000000fe080000,0x0000000100000000)
[42.519s][debug  ][gc,heap        ] GC(156)  ParOldGen       total 1835008K, used 882276K [0x0000000080000000, 0x00000000f0000000, 0x00000000f0000000)
[42.519s][debug  ][gc,heap        ] GC(156)   object space 1835008K, 48% used [0x0000000080000000,0x00000000b5d99168,0x00000000f0000000)
[42.519s][debug  ][gc,heap        ] GC(156)  Metaspace       used 1024K, committed 1216K, reserved 1056768K
[42.519s][debug  ][gc,heap        ] GC(156)   class space    used 83K, committed 192K, reserved 1048576K
[42.519s][debug  ][gc,task,time   ] GC(156) VM-Thread 425119615 425167919 425186695
[42.815s][debug  ][gc,heap        ] GC(157) Heap before GC invocations=158 (full 25):
[42.815s][debug  ][gc,heap        ] GC(157)  PSYoungGen      total 229888K, used 218857K [0x00000000f0000000, 0x0000000100000000, 0x0000000100000000)
[42.815s][debug  ][gc,heap        ] GC(157)   eden space 197632K, 95% used [0x00000000f0000000,0x00000000fb7ba6c0,0x00000000fc100000)
[42.815s][debug  ][gc,heap        ] GC(157)   from space 32256K, 95% used [0x00000000fc100000,0x00000000fdf00030,0x00000000fe080000)
[42.815s][debug  ][gc,heap        ] GC(157)   to   space 32256K, 0% used [0x00000000fe080000,0x00000000fe080000,0x0000000100000000)
[42.815s][debug  ][gc,heap        ] GC(157)  ParOldGen       total 1835008K, used 882276K [0x0000000080000000, 0x00000000f0000000, 0x00000000f0000000)
[42.815s][debug  ][gc,heap        ] GC(157)   object space 1835008K, 48% used [0x0000000080000000,0x00000000b5d99168,0x00000000f0000000)
[42.815s][debug  ][gc,heap        ] GC(157)  Metaspace       used 1024K, committed 1216K, reserved 1056768K
[42.815s][debug  ][gc,heap        ] GC(157)   class space    used 83K, committed 192K, reserved 1048576K
[42.815s][debug  ][gc,tlab        ] GC(157) TLAB totals: thrds: 1  refills: 1 max: 1 slow allocs: 17 max 17 waste: 27.2% gc: 3909024B max: 3909024B slow: 0B max: 0B
[42.816s][info   ][gc,start       ] GC(157) Pause Young (Allocation Failure)
[42.816s][debug  ][gc,phases,start] GC(157) Scavenge
[42.830s][debug  ][gc,phases      ] GC(157) Scavenge 14.511ms
[42.830s][debug  ][gc,phases,start] GC(157) Reference Processing
[42.830s][debug  ][gc,ref         ] GC(157) Skipped phase 1 of Reference Processing: no references
[42.830s][debug  ][gc,ref         ] GC(157) Skipped phase 2 of Reference Processing: no references
[42.830s][debug  ][gc,ref         ] GC(157) Skipped phase 3 of Reference Processing: no references
[42.830s][debug  ][gc,ref         ] GC(157) Skipped phase 4 of Reference Processing: no references
[42.830s][debug  ][gc,phases,ref  ] GC(157) Reference Processing: 0.1ms
[42.830s][debug  ][gc,phases,ref  ] GC(157)   Reconsider SoftReferences: 0.0ms
[42.830s][debug  ][gc,phases,ref  ] GC(157)     SoftRef (ms):                  skipped
[42.830s][debug  ][gc,phases,ref  ] GC(157)   Notify Soft/WeakReferences: 0.0ms
[42.830s][debug  ][gc,phases,ref  ] GC(157)     SoftRef (ms):                  skipped
[42.830s][debug  ][gc,phases,ref  ] GC(157)     WeakRef (ms):                  skipped
[42.830s][debug  ][gc,phases,ref  ] GC(157)     FinalRef (ms):                 skipped
[42.830s][debug  ][gc,phases,ref  ] GC(157)     Total (ms):                    skipped
[42.830s][debug  ][gc,phases,ref  ] GC(157)   Notify and keep alive finalizable: 0.0ms
[42.831s][debug  ][gc,phases,ref  ] GC(157)     FinalRef (ms):                 skipped
[42.831s][debug  ][gc,phases,ref  ] GC(157)   Notify PhantomReferences: 0.0ms
[42.831s][debug  ][gc,phases,ref  ] GC(157)     PhantomRef (ms):               skipped
[42.831s][debug  ][gc,phases,ref  ] GC(157)   SoftReference:
[42.831s][debug  ][gc,phases,ref  ] GC(157)     Discovered: 0
[42.831s][debug  ][gc,phases,ref  ] GC(157)     Cleared: 0
[42.831s][debug  ][gc,phases,ref  ] GC(157)   WeakReference:
[42.831s][debug  ][gc,phases,ref  ] GC(157)     Discovered: 0
[42.831s][debug  ][gc,phases,ref  ] GC(157)     Cleared: 0
[42.831s][debug  ][gc,phases,ref  ] GC(157)   FinalReference:
[42.831s][debug  ][gc,phases,ref  ] GC(157)     Discovered: 0
[42.831s][debug  ][gc,phases,ref  ] GC(157)     Cleared: 0
[42.831s][debug  ][gc,phases,ref  ] GC(157)   PhantomReference:
[42.831s][debug  ][gc,phases,ref  ] GC(157)     Discovered: 0
[42.831s][debug  ][gc,phases,ref  ] GC(157)     Cleared: 0
[42.831s][debug  ][gc,phases      ] GC(157) Reference Processing 0.597ms
[42.831s][debug  ][gc,phases,start] GC(157) Weak Processing
[42.831s][debug  ][gc,phases      ] GC(157)   VM Weak                        Min:  0.0, Avg:  0.0, Max:  0.0, Diff:  0.0, Sum:  0.0, Workers: 6
[42.831s][debug  ][gc,phases      ] GC(157)     Dead                           Min: 0, Avg:  0.0, Max: 0, Diff: 0, Sum: 0, Workers: 6
[42.831s][debug  ][gc,phases      ] GC(157)     Total                          Min: 0, Avg:  1.3, Max: 8, Diff: 8, Sum: 8, Workers: 6
[42.831s][debug  ][gc,phases      ] GC(157)   ObjectSynchronizer Weak        Min:  0.0, Avg:  0.0, Max:  0.0, Diff:  0.0, Sum:  0.0, Workers: 6
[42.831s][debug  ][gc,phases      ] GC(157)     Dead                           Min: 0, Avg:  0.0, Max: 0, Diff: 0, Sum: 0, Workers: 6
[42.831s][debug  ][gc,phases      ] GC(157)     Total                          Min: 0, Avg:  0.5, Max: 3, Diff: 3, Sum: 3, Workers: 6
[42.831s][debug  ][gc,phases      ] GC(157)   JVMTI Tag Weak OopStorage      Min:  0.0, Avg:  0.0, Max:  0.0, Diff:  0.0, Sum:  0.0, Workers: 6
[42.831s][debug  ][gc,phases      ] GC(157)     Dead                           Min: 0, Avg:  0.0, Max: 0, Diff: 0, Sum: 0, Workers: 6
[42.831s][debug  ][gc,phases      ] GC(157)     Total                          Min: 0, Avg:  0.0, Max: 0, Diff: 0, Sum: 0, Workers: 6
[42.831s][debug  ][gc,phases      ] GC(157)   StringTable Weak               Min:  0.0, Avg:  0.0, Max:  0.0, Diff:  0.0, Sum:  0.0, Workers: 6
[42.831s][debug  ][gc,phases      ] GC(157)     Dead                           Min: 0, Avg:  0.0, Max: 0, Diff: 0, Sum: 0, Workers: 6
[42.831s][debug  ][gc,phases      ] GC(157)     Total                          Min: 768, Avg: 892.5, Max: 1024, Diff: 256, Sum: 5355, Workers: 6
[42.831s][debug  ][gc,phases      ] GC(157)   ResolvedMethodTable Weak       Min:  0.0, Avg:  0.0, Max:  0.0, Diff:  0.0, Sum:  0.0, Workers: 6
[42.831s][debug  ][gc,phases      ] GC(157)     Dead                           Min: 0, Avg:  0.0, Max: 0, Diff: 0, Sum: 0, Workers: 6
[42.831s][debug  ][gc,phases      ] GC(157)     Total                          Min: 0, Avg: 21.5, Max: 64, Diff: 64, Sum: 129, Workers: 6
[42.831s][debug  ][gc,phases      ] GC(157)   JNI Weak                       Min:  0.0, Avg:  0.0, Max:  0.0, Diff:  0.0, Sum:  0.0, Workers: 6
[42.831s][debug  ][gc,phases      ] GC(157)     Dead                           Min: 0, Avg:  0.0, Max: 0, Diff: 0, Sum: 0, Workers: 6
[42.831s][debug  ][gc,phases      ] GC(157)     Total                          Min: 0, Avg:  0.0, Max: 0, Diff: 0, Sum: 0, Workers: 6
[42.831s][debug  ][gc,phases      ] GC(157)   StringDedup Table Weak         Min:  0.0, Avg:  0.0, Max:  0.0, Diff:  0.0, Sum:  0.0, Workers: 6
[42.831s][debug  ][gc,phases      ] GC(157)     Dead                           Min: 0, Avg:  0.0, Max: 0, Diff: 0, Sum: 0, Workers: 6
[42.831s][debug  ][gc,phases      ] GC(157)     Total                          Min: 0, Avg:  0.0, Max: 0, Diff: 0, Sum: 0, Workers: 6
[42.832s][debug  ][gc,phases      ] GC(157)   StringDedup Requests0 Weak     Min:  0.0, Avg:  0.0, Max:  0.0, Diff:  0.0, Sum:  0.0, Workers: 6
[42.832s][debug  ][gc,phases      ] GC(157)     Dead                           Min: 0, Avg:  0.0, Max: 0, Diff: 0, Sum: 0, Workers: 6
[42.832s][debug  ][gc,phases      ] GC(157)     Total                          Min: 0, Avg:  0.0, Max: 0, Diff: 0, Sum: 0, Workers: 6
[42.832s][debug  ][gc,phases      ] GC(157)   StringDedup Requests1 Weak     Min:  0.0, Avg:  0.0, Max:  0.0, Diff:  0.0, Sum:  0.0, Workers: 6
[42.832s][debug  ][gc,phases      ] GC(157)     Dead                           Min: 0, Avg:  0.0, Max: 0, Diff: 0, Sum: 0, Workers: 6
[42.832s][debug  ][gc,phases      ] GC(157)     Total                          Min: 0, Avg:  0.0, Max: 0, Diff: 0, Sum: 0, Workers: 6
[42.832s][debug  ][gc,phases      ] GC(157)   Weak JFR Old Object Samples    Min:  0.0, Avg:  0.0, Max:  0.0, Diff:  0.0, Sum:  0.0, Workers: 6
[42.832s][debug  ][gc,phases      ] GC(157)     Dead                           Min: 0, Avg:  0.0, Max: 0, Diff: 0, Sum: 0, Workers: 6
[42.832s][debug  ][gc,phases      ] GC(157)     Total                          Min: 0, Avg:  0.0, Max: 0, Diff: 0, Sum: 0, Workers: 6
[42.832s][debug  ][gc,phases      ] GC(157) Weak Processing 0.950ms
[42.832s][debug  ][gc,ergo        ] GC(157) AdaptiveSizeStart:  collection: 158 
[42.832s][debug  ][gc,ergo        ] GC(157) avg_survived_padded_avg: 32699248.000000
[42.832s][debug  ][gc,ergo        ] GC(157) avg_promoted_padded_avg: 264306928.000000  avg_pretenured_padded_avg: 0.000000  tenuring_thresh: 15  target_size: 33030144
[42.832s][debug  ][gc,age         ] GC(157) Desired survivor size 33030144 bytes, new threshold 15 (max threshold 15)
[42.832s][debug  ][gc,ergo        ] GC(157) PSAdaptiveSizePolicy::compute_eden_space_size limits: desired_eden_size: 220586865 old_eden_size: 202375168 eden_limit: 202375168 cur_eden: 202375168 max_eden_size: 202375168 avg_young_live: 26666100
[42.832s][debug  ][gc,ergo        ] GC(157) PSAdaptiveSizePolicy::compute_eden_space_size: costs minor_time: 0.042746 major_cost: 0.053240 mutator_cost: 0.904014 throughput_goal: 0.990000
[42.832s][debug  ][gc,ergo        ] GC(157) Live_space: 1070029760 free_space: 1402470400
[42.832s][debug  ][gc,ergo        ] GC(157) Old eden_size: 202375168 desired_eden_size: 202375168
[42.832s][debug  ][gc,ergo        ] GC(157) AdaptiveSizeStop: collection: 158 
[42.832s][info   ][gc,heap        ] GC(157) PSYoungGen: 218857K(229888K)->30720K(229888K) Eden: 188137K(197632K)->0K(197632K) From: 30720K(32256K)->30720K(32256K)
[42.832s][info   ][gc,heap        ] GC(157) ParOldGen: 882276K(1835008K)->1066596K(1835008K)
[42.832s][info   ][gc,metaspace   ] GC(157) Metaspace: 1024K(1216K)->1024K(1216K) NonClass: 940K(1024K)->940K(1024K) Class: 83K(192K)->83K(192K)
[42.832s][info   ][gc             ] GC(157) Pause Young (Allocation Failure) 1075M->1071M(2016M) 16.546ms
[42.832s][info   ][gc,cpu         ] GC(157) User=0.11s Sys=0.00s Real=0.02s
[42.832s][debug  ][gc,heap        ] GC(157) Heap after GC invocations=158 (full 25):
[42.832s][debug  ][gc,heap        ] GC(157)  PSYoungGen      total 229888K, used 30720K [0x00000000f0000000, 0x0000000100000000, 0x0000000100000000)
[42.832s][debug  ][gc,heap        ] GC(157)   eden space 197632K, 0% used [0x00000000f0000000,0x00000000f0000000,0x00000000fc100000)
[42.832s][debug  ][gc,heap        ] GC(157)   from space 32256K, 95% used [0x00000000fe080000,0x00000000ffe80030,0x0000000100000000)
[42.832s][debug  ][gc,heap        ] GC(157)   to   space 32256K, 0% used [0x00000000fc100000,0x00000000fc100000,0x00000000fe080000)
[42.832s][debug  ][gc,heap        ] GC(157)  ParOldGen       total 1835008K, used 1066596K [0x0000000080000000, 0x00000000f0000000, 0x00000000f0000000)
[42.832s][debug  ][gc,heap        ] GC(157)   object space 1835008K, 58% used [0x0000000080000000,0x00000000c1199288,0x00000000f0000000)
[42.832s][debug  ][gc,heap        ] GC(157)  Metaspace       used 1024K, committed 1216K, reserved 1056768K
[42.832s][debug  ][gc,heap        ] GC(157)   class space    used 83K, committed 192K, reserved 1048576K
[42.832s][debug  ][gc,task,time   ] GC(157) VM-Thread 428149669 428301987 428323407
[43.116s][debug  ][gc,heap        ] GC(158) Heap before GC invocations=159 (full 25):
[43.116s][debug  ][gc,heap        ] GC(158)  PSYoungGen      total 229888K, used 218877K [0x00000000f0000000, 0x0000000100000000, 0x0000000100000000)
[43.116s][debug  ][gc,heap        ] GC(158)   eden space 197632K, 95% used [0x00000000f0000000,0x00000000fb7bf3d0,0x00000000fc100000)
[43.116s][debug  ][gc,heap        ] GC(158)   from space 32256K, 95% used [0x00000000fe080000,0x00000000ffe80030,0x0000000100000000)
[43.116s][debug  ][gc,heap        ] GC(158)   to   space 32256K, 0% used [0x00000000fc100000,0x00000000fc100000,0x00000000fe080000)
[43.116s][debug  ][gc,heap        ] GC(158)  ParOldGen       total 1835008K, used 1066596K [0x0000000080000000, 0x00000000f0000000, 0x00000000f0000000)
[43.116s][debug  ][gc,heap        ] GC(158)   object space 1835008K, 58% used [0x0000000080000000,0x00000000c1199288,0x00000000f0000000)
[43.116s][debug  ][gc,heap        ] GC(158)  Metaspace       used 1024K, committed 1216K, reserved 1056768K
[43.116s][debug  ][gc,heap        ] GC(158)   class space    used 83K, committed 192K, reserved 1048576K
[43.116s][debug  ][gc,tlab        ] GC(158) TLAB totals: thrds: 1  refills: 1 max: 1 slow allocs: 17 max 17 waste: 27.3% gc: 3928752B max: 3928752B slow: 0B max: 0B
[43.116s][info   ][gc,start       ] GC(158) Pause Young (Allocation Failure)
[43.117s][debug  ][gc,phases,start] GC(158) Scavenge
[43.131s][debug  ][gc,phases      ] GC(158) Scavenge 14.436ms
[43.131s][debug  ][gc,phases,start] GC(158) Reference Processing
[43.131s][debug  ][gc,ref         ] GC(158) Skipped phase 1 of Reference Processing: no references
[43.131s][debug  ][gc,ref         ] GC(158) Skipped phase 2 of Reference Processing: no references
[43.131s][debug  ][gc,ref         ] GC(158) Skipped phase 3 of Reference Processing: no references
[43.131s][debug  ][gc,ref         ] GC(158) Skipped phase 4 of Reference Processing: no references
[43.131s][debug  ][gc,phases,ref  ] GC(158) Reference Processing: 0.1ms
[43.131s][debug  ][gc,phases,ref  ] GC(158)   Reconsider SoftReferences: 0.0ms
[43.131s][debug  ][gc,phases,ref  ] GC(158)     SoftRef (ms):                  skipped
[43.131s][debug  ][gc,phases,ref  ] GC(158)   Notify Soft/WeakReferences: 0.0ms
[43.131s][debug  ][gc,phases,ref  ] GC(158)     SoftRef (ms):                  skipped
[43.131s][debug  ][gc,phases,ref  ] GC(158)     WeakRef (ms):                  skipped
[43.131s][debug  ][gc,phases,ref  ] GC(158)     FinalRef (ms):                 skipped
[43.131s][debug  ][gc,phases,ref  ] GC(158)     Total (ms):                    skipped
[43.131s][debug  ][gc,phases,ref  ] GC(158)   Notify and keep alive finalizable: 0.0ms
[43.131s][debug  ][gc,phases,ref  ] GC(158)     FinalRef (ms):                 skipped
[43.131s][debug  ][gc,phases,ref  ] GC(158)   Notify PhantomReferences: 0.0ms
[43.132s][debug  ][gc,phases,ref  ] GC(158)     PhantomRef (ms):               skipped
[43.132s][debug  ][gc,phases,ref  ] GC(158)   SoftReference:
[43.132s][debug  ][gc,phases,ref  ] GC(158)     Discovered: 0
[43.132s][debug  ][gc,phases,ref  ] GC(158)     Cleared: 0
[43.132s][debug  ][gc,phases,ref  ] GC(158)   WeakReference:
[43.132s][debug  ][gc,phases,ref  ] GC(158)     Discovered: 0
[43.132s][debug  ][gc,phases,ref  ] GC(158)     Cleared: 0
[43.132s][debug  ][gc,phases,ref  ] GC(158)   FinalReference:
[43.132s][debug  ][gc,phases,ref  ] GC(158)     Discovered: 0
[43.132s][debug  ][gc,phases,ref  ] GC(158)     Cleared: 0
[43.132s][debug  ][gc,phases,ref  ] GC(158)   PhantomReference:
[43.132s][debug  ][gc,phases,ref  ] GC(158)     Discovered: 0
[43.132s][debug  ][gc,phases,ref  ] GC(158)     Cleared: 0
[43.132s][debug  ][gc,phases      ] GC(158) Reference Processing 0.775ms
[43.132s][debug  ][gc,phases,start] GC(158) Weak Processing
[43.132s][debug  ][gc,phases      ] GC(158)   VM Weak                        Min:  0.0, Avg:  0.0, Max:  0.0, Diff:  0.0, Sum:  0.0, Workers: 6
[43.132s][debug  ][gc,phases      ] GC(158)     Dead                           Min: 0, Avg:  0.0, Max: 0, Diff: 0, Sum: 0, Workers: 6
[43.132s][debug  ][gc,phases      ] GC(158)     Total                          Min: 0, Avg:  1.3, Max: 8, Diff: 8, Sum: 8, Workers: 6
[43.132s][debug  ][gc,phases      ] GC(158)   ObjectSynchronizer Weak        Min:  0.0, Avg:  0.0, Max:  0.0, Diff:  0.0, Sum:  0.0, Workers: 6
[43.132s][debug  ][gc,phases      ] GC(158)     Dead                           Min: 0, Avg:  0.0, Max: 0, Diff: 0, Sum: 0, Workers: 6
[43.132s][debug  ][gc,phases      ] GC(158)     Total                          Min: 0, Avg:  0.5, Max: 3, Diff: 3, Sum: 3, Workers: 6
[43.132s][debug  ][gc,phases      ] GC(158)   JVMTI Tag Weak OopStorage      Min:  0.0, Avg:  0.0, Max:  0.0, Diff:  0.0, Sum:  0.0, Workers: 6
[43.132s][debug  ][gc,phases      ] GC(158)     Dead                           Min: 0, Avg:  0.0, Max: 0, Diff: 0, Sum: 0, Workers: 6
[43.132s][debug  ][gc,phases      ] GC(158)     Total                          Min: 0, Avg:  0.0, Max: 0, Diff: 0, Sum: 0, Workers: 6
[43.132s][debug  ][gc,phases      ] GC(158)   StringTable Weak               Min:  0.0, Avg:  0.0, Max:  0.0, Diff:  0.0, Sum:  0.0, Workers: 6
[43.132s][debug  ][gc,phases      ] GC(158)     Dead                           Min: 0, Avg:  0.0, Max: 0, Diff: 0, Sum: 0, Workers: 6
[43.132s][debug  ][gc,phases      ] GC(158)     Total                          Min: 704, Avg: 892.5, Max: 1132, Diff: 428, Sum: 5355, Workers: 6
[43.132s][debug  ][gc,phases      ] GC(158)   ResolvedMethodTable Weak       Min:  0.0, Avg:  0.0, Max:  0.0, Diff:  0.0, Sum:  0.0, Workers: 6
[43.132s][debug  ][gc,phases      ] GC(158)     Dead                           Min: 0, Avg:  0.0, Max: 0, Diff: 0, Sum: 0, Workers: 6
[43.132s][debug  ][gc,phases      ] GC(158)     Total                          Min: 0, Avg: 21.5, Max: 64, Diff: 64, Sum: 129, Workers: 6
[43.132s][debug  ][gc,phases      ] GC(158)   JNI Weak                       Min:  0.0, Avg:  0.0, Max:  0.0, Diff:  0.0, Sum:  0.0, Workers: 6
[43.132s][debug  ][gc,phases      ] GC(158)     Dead                           Min: 0, Avg:  0.0, Max: 0, Diff: 0, Sum: 0, Workers: 6
[43.132s][debug  ][gc,phases      ] GC(158)     Total                          Min: 0, Avg:  0.0, Max: 0, Diff: 0, Sum: 0, Workers: 6
[43.132s][debug  ][gc,phases      ] GC(158)   StringDedup Table Weak         Min:  0.0, Avg:  0.0, Max:  0.0, Diff:  0.0, Sum:  0.0, Workers: 6
[43.132s][debug  ][gc,phases      ] GC(158)     Dead                           Min: 0, Avg:  0.0, Max: 0, Diff: 0, Sum: 0, Workers: 6
[43.132s][debug  ][gc,phases      ] GC(158)     Total                          Min: 0, Avg:  0.0, Max: 0, Diff: 0, Sum: 0, Workers: 6
[43.132s][debug  ][gc,phases      ] GC(158)   StringDedup Requests0 Weak     Min:  0.0, Avg:  0.0, Max:  0.0, Diff:  0.0, Sum:  0.0, Workers: 6
[43.132s][debug  ][gc,phases      ] GC(158)     Dead                           Min: 0, Avg:  0.0, Max: 0, Diff: 0, Sum: 0, Workers: 6
[43.132s][debug  ][gc,phases      ] GC(158)     Total                          Min: 0, Avg:  0.0, Max: 0, Diff: 0, Sum: 0, Workers: 6
[43.132s][debug  ][gc,phases      ] GC(158)   StringDedup Requests1 Weak     Min:  0.0, Avg:  0.0, Max:  0.0, Diff:  0.0, Sum:  0.0, Workers: 6
[43.133s][debug  ][gc,phases      ] GC(158)     Dead                           Min: 0, Avg:  0.0, Max: 0, Diff: 0, Sum: 0, Workers: 6
[43.133s][debug  ][gc,phases      ] GC(158)     Total                          Min: 0, Avg:  0.0, Max: 0, Diff: 0, Sum: 0, Workers: 6
[43.133s][debug  ][gc,phases      ] GC(158)   Weak JFR Old Object Samples    Min:  0.0, Avg:  0.0, Max:  0.0, Diff:  0.0, Sum:  0.0, Workers: 6
[43.133s][debug  ][gc,phases      ] GC(158)     Dead                           Min: 0, Avg:  0.0, Max: 0, Diff: 0, Sum: 0, Workers: 6
[43.133s][debug  ][gc,phases      ] GC(158)     Total                          Min: 0, Avg:  0.0, Max: 0, Diff: 0, Sum: 0, Workers: 6
[43.133s][debug  ][gc,phases      ] GC(158) Weak Processing 0.775ms
[43.133s][debug  ][gc,ergo        ] GC(158) AdaptiveSizeStart:  collection: 159 
[43.133s][debug  ][gc,ergo        ] GC(158) avg_survived_padded_avg: 32606034.000000
[43.133s][debug  ][gc,ergo        ] GC(158) avg_promoted_padded_avg: 265286016.000000  avg_pretenured_padded_avg: 0.000000  tenuring_thresh: 15  target_size: 33030144
[43.133s][debug  ][gc,age         ] GC(158) Desired survivor size 33030144 bytes, new threshold 15 (max threshold 15)
[43.133s][debug  ][gc,ergo        ] GC(158) PSAdaptiveSizePolicy::compute_eden_space_size limits: desired_eden_size: 221210324 old_eden_size: 202375168 eden_limit: 202375168 cur_eden: 202375168 max_eden_size: 202375168 avg_young_live: 27145222
[43.133s][debug  ][gc,ergo        ] GC(158) PSAdaptiveSizePolicy::compute_eden_space_size: costs minor_time: 0.045459 major_cost: 0.053240 mutator_cost: 0.901301 throughput_goal: 0.990000
[43.133s][debug  ][gc,ergo        ] GC(158) Live_space: 1070508864 free_space: 1402470400
[43.133s][debug  ][gc,ergo        ] GC(158) Old eden_size: 202375168 desired_eden_size: 202375168
[43.133s][debug  ][gc,ergo        ] GC(158) AdaptiveSizeStop: collection: 159 
[43.133s][info   ][gc,heap        ] GC(158) PSYoungGen: 218877K(229888K)->30720K(229888K) Eden: 188156K(197632K)->0K(197632K) From: 30720K(32256K)->30720K(32256K)
[43.133s][info   ][gc,heap        ] GC(158) ParOldGen: 1066596K(1835008K)->1250916K(1835008K)
[43.133s][info   ][gc,metaspace   ] GC(158) Metaspace: 1024K(1216K)->1024K(1216K) NonClass: 940K(1024K)->940K(1024K) Class: 83K(192K)->83K(192K)
[43.133s][info   ][gc             ] GC(158) Pause Young (Allocation Failure) 1255M->1251M(2016M) 16.462ms
[43.133s][info   ][gc,cpu         ] GC(158) User=0.12s Sys=0.00s Real=0.02s
[43.133s][debug  ][gc,heap        ] GC(158) Heap after GC invocations=159 (full 25):
[43.133s][debug  ][gc,heap        ] GC(158)  PSYoungGen      total 229888K, used 30720K [0x00000000f0000000, 0x0000000100000000, 0x0000000100000000)
[43.133s][debug  ][gc,heap        ] GC(158)   eden space 197632K, 0% used [0x00000000f0000000,0x00000000f0000000,0x00000000fc100000)
[43.133s][debug  ][gc,heap        ] GC(158)   from space 32256K, 95% used [0x00000000fc100000,0x00000000fdf00030,0x00000000fe080000)
[43.133s][debug  ][gc,heap        ] GC(158)   to   space 32256K, 0% used [0x00000000fe080000,0x00000000fe080000,0x0000000100000000)
[43.133s][debug  ][gc,heap        ] GC(158)  ParOldGen       total 1835008K, used 1250916K [0x0000000080000000, 0x00000000f0000000, 0x00000000f0000000)
[43.133s][debug  ][gc,heap        ] GC(158)   object space 1835008K, 68% used [0x0000000080000000,0x00000000cc5993a8,0x00000000f0000000)
[43.133s][debug  ][gc,heap        ] GC(158)  Metaspace       used 1024K, committed 1216K, reserved 1056768K
[43.133s][debug  ][gc,heap        ] GC(158)   class space    used 83K, committed 192K, reserved 1048576K
[43.133s][debug  ][gc,task,time   ] GC(158) VM-Thread 431161439 431310545 431332084
[43.417s][debug  ][gc,heap        ] GC(159) Heap before GC invocations=160 (full 25):
[43.417s][debug  ][gc,heap        ] GC(159)  PSYoungGen      total 229888K, used 218889K [0x00000000f0000000, 0x0000000100000000, 0x0000000100000000)
[43.417s][debug  ][gc,heap        ] GC(159)   eden space 197632K, 95% used [0x00000000f0000000,0x00000000fb7c2550,0x00000000fc100000)
[43.417s][debug  ][gc,heap        ] GC(159)   from space 32256K, 95% used [0x00000000fc100000,0x00000000fdf00030,0x00000000fe080000)
[43.418s][debug  ][gc,heap        ] GC(159)   to   space 32256K, 0% used [0x00000000fe080000,0x00000000fe080000,0x0000000100000000)
[43.418s][debug  ][gc,heap        ] GC(159)  ParOldGen       total 1835008K, used 1250916K [0x0000000080000000, 0x00000000f0000000, 0x00000000f0000000)
[43.418s][debug  ][gc,heap        ] GC(159)   object space 1835008K, 68% used [0x0000000080000000,0x00000000cc5993a8,0x00000000f0000000)
[43.418s][debug  ][gc,heap        ] GC(159)  Metaspace       used 1024K, committed 1216K, reserved 1056768K
[43.418s][debug  ][gc,heap        ] GC(159)   class space    used 83K, committed 192K, reserved 1048576K
[43.418s][debug  ][gc,tlab        ] GC(159) TLAB totals: thrds: 1  refills: 1 max: 1 slow allocs: 17 max 17 waste: 27.3% gc: 3941424B max: 3941424B slow: 0B max: 0B
[43.418s][info   ][gc,start       ] GC(159) Pause Young (Allocation Failure)
[43.418s][debug  ][gc,phases,start] GC(159) Scavenge
[43.433s][debug  ][gc,phases      ] GC(159) Scavenge 14.773ms
[43.433s][debug  ][gc,phases,start] GC(159) Reference Processing
[43.433s][debug  ][gc,ref         ] GC(159) Skipped phase 1 of Reference Processing: no references
[43.433s][debug  ][gc,ref         ] GC(159) Skipped phase 2 of Reference Processing: no references
[43.433s][debug  ][gc,ref         ] GC(159) Skipped phase 3 of Reference Processing: no references
[43.433s][debug  ][gc,ref         ] GC(159) Skipped phase 4 of Reference Processing: no references
[43.433s][debug  ][gc,phases,ref  ] GC(159) Reference Processing: 0.1ms
[43.433s][debug  ][gc,phases,ref  ] GC(159)   Reconsider SoftReferences: 0.0ms
[43.433s][debug  ][gc,phases,ref  ] GC(159)     SoftRef (ms):                  skipped
[43.433s][debug  ][gc,phases,ref  ] GC(159)   Notify Soft/WeakReferences: 0.0ms
[43.433s][debug  ][gc,phases,ref  ] GC(159)     SoftRef (ms):                  skipped
[43.433s][debug  ][gc,phases,ref  ] GC(159)     WeakRef (ms):                  skipped
[43.433s][debug  ][gc,phases,ref  ] GC(159)     FinalRef (ms):                 skipped
[43.433s][debug  ][gc,phases,ref  ] GC(159)     Total (ms):                    skipped
[43.433s][debug  ][gc,phases,ref  ] GC(159)   Notify and keep alive finalizable: 0.0ms
[43.433s][debug  ][gc,phases,ref  ] GC(159)     FinalRef (ms):                 skipped
[43.433s][debug  ][gc,phases,ref  ] GC(159)   Notify PhantomReferences: 0.0ms
[43.433s][debug  ][gc,phases,ref  ] GC(159)     PhantomRef (ms):               skipped
[43.433s][debug  ][gc,phases,ref  ] GC(159)   SoftReference:
[43.433s][debug  ][gc,phases,ref  ] GC(159)     Discovered: 0
[43.433s][debug  ][gc,phases,ref  ] GC(159)     Cleared: 0
[43.433s][debug  ][gc,phases,ref  ] GC(159)   WeakReference:
[43.433s][debug  ][gc,phases,ref  ] GC(159)     Discovered: 0
[43.433s][debug  ][gc,phases,ref  ] GC(159)     Cleared: 0
[43.433s][debug  ][gc,phases,ref  ] GC(159)   FinalReference:
[43.433s][debug  ][gc,phases,ref  ] GC(159)     Discovered: 0
[43.433s][debug  ][gc,phases,ref  ] GC(159)     Cleared: 0
[43.433s][debug  ][gc,phases,ref  ] GC(159)   PhantomReference:
[43.433s][debug  ][gc,phases,ref  ] GC(159)     Discovered: 0
[43.433s][debug  ][gc,phases,ref  ] GC(159)     Cleared: 0
[43.433s][debug  ][gc,phases      ] GC(159) Reference Processing 0.721ms
[43.433s][debug  ][gc,phases,start] GC(159) Weak Processing
[43.433s][debug  ][gc,phases      ] GC(159)   VM Weak                        Min:  0.0, Avg:  0.0, Max:  0.0, Diff:  0.0, Sum:  0.0, Workers: 6
[43.434s][debug  ][gc,phases      ] GC(159)     Dead                           Min: 0, Avg:  0.0, Max: 0, Diff: 0, Sum: 0, Workers: 6
[43.434s][debug  ][gc,phases      ] GC(159)     Total                          Min: 0, Avg:  1.3, Max: 8, Diff: 8, Sum: 8, Workers: 6
[43.434s][debug  ][gc,phases      ] GC(159)   ObjectSynchronizer Weak        Min:  0.0, Avg:  0.0, Max:  0.0, Diff:  0.0, Sum:  0.0, Workers: 6
[43.434s][debug  ][gc,phases      ] GC(159)     Dead                           Min: 0, Avg:  0.0, Max: 0, Diff: 0, Sum: 0, Workers: 6
[43.434s][debug  ][gc,phases      ] GC(159)     Total                          Min: 0, Avg:  0.5, Max: 3, Diff: 3, Sum: 3, Workers: 6
[43.434s][debug  ][gc,phases      ] GC(159)   JVMTI Tag Weak OopStorage      Min:  0.0, Avg:  0.0, Max:  0.0, Diff:  0.0, Sum:  0.0, Workers: 6
[43.434s][debug  ][gc,phases      ] GC(159)     Dead                           Min: 0, Avg:  0.0, Max: 0, Diff: 0, Sum: 0, Workers: 6
[43.434s][debug  ][gc,phases      ] GC(159)     Total                          Min: 0, Avg:  0.0, Max: 0, Diff: 0, Sum: 0, Workers: 6
[43.434s][debug  ][gc,phases      ] GC(159)   StringTable Weak               Min:  0.0, Avg:  0.0, Max:  0.0, Diff:  0.0, Sum:  0.0, Workers: 6
[43.434s][debug  ][gc,phases      ] GC(159)     Dead                           Min: 0, Avg:  0.0, Max: 0, Diff: 0, Sum: 0, Workers: 6
[43.434s][debug  ][gc,phases      ] GC(159)     Total                          Min: 640, Avg: 892.5, Max: 1152, Diff: 512, Sum: 5355, Workers: 6
[43.434s][debug  ][gc,phases      ] GC(159)   ResolvedMethodTable Weak       Min:  0.0, Avg:  0.0, Max:  0.0, Diff:  0.0, Sum:  0.0, Workers: 6
[43.434s][debug  ][gc,phases      ] GC(159)     Dead                           Min: 0, Avg:  0.0, Max: 0, Diff: 0, Sum: 0, Workers: 6
[43.434s][debug  ][gc,phases      ] GC(159)     Total                          Min: 0, Avg: 21.5, Max: 64, Diff: 64, Sum: 129, Workers: 6
[43.434s][debug  ][gc,phases      ] GC(159)   JNI Weak                       Min:  0.0, Avg:  0.0, Max:  0.0, Diff:  0.0, Sum:  0.0, Workers: 6
[43.434s][debug  ][gc,phases      ] GC(159)     Dead                           Min: 0, Avg:  0.0, Max: 0, Diff: 0, Sum: 0, Workers: 6
[43.434s][debug  ][gc,phases      ] GC(159)     Total                          Min: 0, Avg:  0.0, Max: 0, Diff: 0, Sum: 0, Workers: 6
[43.434s][debug  ][gc,phases      ] GC(159)   StringDedup Table Weak         Min:  0.0, Avg:  0.0, Max:  0.0, Diff:  0.0, Sum:  0.0, Workers: 6
[43.434s][debug  ][gc,phases      ] GC(159)     Dead                           Min: 0, Avg:  0.0, Max: 0, Diff: 0, Sum: 0, Workers: 6
[43.434s][debug  ][gc,phases      ] GC(159)     Total                          Min: 0, Avg:  0.0, Max: 0, Diff: 0, Sum: 0, Workers: 6
[43.434s][debug  ][gc,phases      ] GC(159)   StringDedup Requests0 Weak     Min:  0.0, Avg:  0.0, Max:  0.0, Diff:  0.0, Sum:  0.0, Workers: 6
[43.434s][debug  ][gc,phases      ] GC(159)     Dead                           Min: 0, Avg:  0.0, Max: 0, Diff: 0, Sum: 0, Workers: 6
[43.434s][debug  ][gc,phases      ] GC(159)     Total                          Min: 0, Avg:  0.0, Max: 0, Diff: 0, Sum: 0, Workers: 6
[43.434s][debug  ][gc,phases      ] GC(159)   StringDedup Requests1 Weak     Min:  0.0, Avg:  0.0, Max:  0.0, Diff:  0.0, Sum:  0.0, Workers: 6
[43.434s][debug  ][gc,phases      ] GC(159)     Dead                           Min: 0, Avg:  0.0, Max: 0, Diff: 0, Sum: 0, Workers: 6
[43.434s][debug  ][gc,phases      ] GC(159)     Total                          Min: 0, Avg:  0.0, Max: 0, Diff: 0, Sum: 0, Workers: 6
[43.434s][debug  ][gc,phases      ] GC(159)   Weak JFR Old Object Samples    Min:  0.0, Avg:  0.0, Max:  0.0, Diff:  0.0, Sum:  0.0, Workers: 6
[43.434s][debug  ][gc,phases      ] GC(159)     Dead                           Min: 0, Avg:  0.0, Max: 0, Diff: 0, Sum: 0, Workers: 6
[43.434s][debug  ][gc,phases      ] GC(159)     Total                          Min: 0, Avg:  0.0, Max: 0, Diff: 0, Sum: 0, Workers: 6
[43.434s][debug  ][gc,phases      ] GC(159) Weak Processing 0.786ms
[43.434s][debug  ][gc,ergo        ] GC(159) AdaptiveSizeStart:  collection: 160 
[43.434s][debug  ][gc,ergo        ] GC(159) avg_survived_padded_avg: 32519042.000000
[43.434s][debug  ][gc,ergo        ] GC(159) avg_promoted_padded_avg: 265313664.000000  avg_pretenured_padded_avg: 0.000000  tenuring_thresh: 15  target_size: 33030144
[43.434s][debug  ][gc,age         ] GC(159) Desired survivor size 33030144 bytes, new threshold 15 (max threshold 15)
[43.434s][debug  ][gc,ergo        ] GC(159) PSAdaptiveSizePolicy::compute_eden_space_size limits: desired_eden_size: 221700338 old_eden_size: 202375168 eden_limit: 202375168 cur_eden: 202375168 max_eden_size: 202375168 avg_young_live: 27576432
[43.434s][debug  ][gc,ergo        ] GC(159) PSAdaptiveSizePolicy::compute_eden_space_size: costs minor_time: 0.047701 major_cost: 0.053240 mutator_cost: 0.899058 throughput_goal: 0.990000
[43.434s][debug  ][gc,ergo        ] GC(159) Live_space: 1070940096 free_space: 1402470400
[43.434s][debug  ][gc,ergo        ] GC(159) Old eden_size: 202375168 desired_eden_size: 202375168
[43.434s][debug  ][gc,ergo        ] GC(159) AdaptiveSizeStop: collection: 160 
[43.434s][info   ][gc,heap        ] GC(159) PSYoungGen: 218889K(229888K)->30720K(229888K) Eden: 188169K(197632K)->0K(197632K) From: 30720K(32256K)->30720K(32256K)
[43.434s][info   ][gc,heap        ] GC(159) ParOldGen: 1250916K(1835008K)->1435237K(1835008K)
[43.435s][info   ][gc,metaspace   ] GC(159) Metaspace: 1024K(1216K)->1024K(1216K) NonClass: 940K(1024K)->940K(1024K) Class: 83K(192K)->83K(192K)
[43.435s][info   ][gc             ] GC(159) Pause Young (Allocation Failure) 1435M->1431M(2016M) 16.784ms
[43.435s][info   ][gc,cpu         ] GC(159) User=0.11s Sys=0.00s Real=0.02s
[43.435s][debug  ][gc,heap        ] GC(159) Heap after GC invocations=160 (full 25):
[43.435s][debug  ][gc,heap        ] GC(159)  PSYoungGen      total 229888K, used 30720K [0x00000000f0000000, 0x0000000100000000, 0x0000000100000000)
[43.435s][debug  ][gc,heap        ] GC(159)   eden space 197632K, 0% used [0x00000000f0000000,0x00000000f0000000,0x00000000fc100000)
[43.435s][debug  ][gc,heap        ] GC(159)   from space 32256K, 95% used [0x00000000fe080000,0x00000000ffe80030,0x0000000100000000)
[43.435s][debug  ][gc,heap        ] GC(159)   to   space 32256K, 0% used [0x00000000fc100000,0x00000000fc100000,0x00000000fe080000)
[43.435s][debug  ][gc,heap        ] GC(159)  ParOldGen       total 1835008K, used 1435237K [0x0000000080000000, 0x00000000f0000000, 0x00000000f0000000)
[43.435s][debug  ][gc,heap        ] GC(159)   object space 1835008K, 78% used [0x0000000080000000,0x00000000d79994c8,0x00000000f0000000)
[43.435s][debug  ][gc,heap        ] GC(159)  Metaspace       used 1024K, committed 1216K, reserved 1056768K
[43.435s][debug  ][gc,heap        ] GC(159)   class space    used 83K, committed 192K, reserved 1048576K
[43.435s][debug  ][gc,task,time   ] GC(159) VM-Thread 434173251 434326715 434348050
[43.718s][debug  ][gc,heap        ] GC(160) Heap before GC invocations=161 (full 25):
[43.718s][debug  ][gc,heap        ] GC(160)  PSYoungGen      total 229888K, used 218897K [0x00000000f0000000, 0x0000000100000000, 0x0000000100000000)
[43.718s][debug  ][gc,heap        ] GC(160)   eden space 197632K, 95% used [0x00000000f0000000,0x00000000fb7c4528,0x00000000fc100000)
[43.718s][debug  ][gc,heap        ] GC(160)   from space 32256K, 95% used [0x00000000fe080000,0x00000000ffe80030,0x0000000100000000)
[43.718s][debug  ][gc,heap        ] GC(160)   to   space 32256K, 0% used [0x00000000fc100000,0x00000000fc100000,0x00000000fe080000)
[43.718s][debug  ][gc,heap        ] GC(160)  ParOldGen       total 1835008K, used 1435237K [0x0000000080000000, 0x00000000f0000000, 0x00000000f0000000)
[43.718s][debug  ][gc,heap        ] GC(160)   object space 1835008K, 78% used [0x0000000080000000,0x00000000d79994c8,0x00000000f0000000)
[43.718s][debug  ][gc,heap        ] GC(160)  Metaspace       used 1024K, committed 1216K, reserved 1056768K
[43.718s][debug  ][gc,heap        ] GC(160)   class space    used 83K, committed 192K, reserved 1048576K
[43.718s][debug  ][gc,tlab        ] GC(160) TLAB totals: thrds: 1  refills: 1 max: 1 slow allocs: 17 max 17 waste: 27.4% gc: 3949576B max: 3949576B slow: 0B max: 0B
[43.718s][info   ][gc,start       ] GC(160) Pause Young (Allocation Failure)
[43.718s][debug  ][gc,phases,start] GC(160) Scavenge
[43.733s][debug  ][gc,phases      ] GC(160) Scavenge 15.021ms
[43.733s][debug  ][gc,phases,start] GC(160) Reference Processing
[43.733s][debug  ][gc,ref         ] GC(160) Skipped phase 1 of Reference Processing: no references
[43.733s][debug  ][gc,ref         ] GC(160) Skipped phase 2 of Reference Processing: no references
[43.733s][debug  ][gc,ref         ] GC(160) Skipped phase 3 of Reference Processing: no references
[43.733s][debug  ][gc,ref         ] GC(160) Skipped phase 4 of Reference Processing: no references
[43.733s][debug  ][gc,phases,ref  ] GC(160) Reference Processing: 0.1ms
[43.734s][debug  ][gc,phases,ref  ] GC(160)   Reconsider SoftReferences: 0.0ms
[43.734s][debug  ][gc,phases,ref  ] GC(160)     SoftRef (ms):                  skipped
[43.734s][debug  ][gc,phases,ref  ] GC(160)   Notify Soft/WeakReferences: 0.0ms
[43.734s][debug  ][gc,phases,ref  ] GC(160)     SoftRef (ms):                  skipped
[43.734s][debug  ][gc,phases,ref  ] GC(160)     WeakRef (ms):                  skipped
[43.734s][debug  ][gc,phases,ref  ] GC(160)     FinalRef (ms):                 skipped
[43.734s][debug  ][gc,phases,ref  ] GC(160)     Total (ms):                    skipped
[43.734s][debug  ][gc,phases,ref  ] GC(160)   Notify and keep alive finalizable: 0.0ms
[43.734s][debug  ][gc,phases,ref  ] GC(160)     FinalRef (ms):                 skipped
[43.734s][debug  ][gc,phases,ref  ] GC(160)   Notify PhantomReferences: 0.0ms
[43.734s][debug  ][gc,phases,ref  ] GC(160)     PhantomRef (ms):               skipped
[43.734s][debug  ][gc,phases,ref  ] GC(160)   SoftReference:
[43.734s][debug  ][gc,phases,ref  ] GC(160)     Discovered: 0
[43.734s][debug  ][gc,phases,ref  ] GC(160)     Cleared: 0
[43.734s][debug  ][gc,phases,ref  ] GC(160)   WeakReference:
[43.734s][debug  ][gc,phases,ref  ] GC(160)     Discovered: 0
[43.734s][debug  ][gc,phases,ref  ] GC(160)     Cleared: 0
[43.734s][debug  ][gc,phases,ref  ] GC(160)   FinalReference:
[43.734s][debug  ][gc,phases,ref  ] GC(160)     Discovered: 0
[43.734s][debug  ][gc,phases,ref  ] GC(160)     Cleared: 0
[43.734s][debug  ][gc,phases,ref  ] GC(160)   PhantomReference:
[43.734s][debug  ][gc,phases,ref  ] GC(160)     Discovered: 0
[43.734s][debug  ][gc,phases,ref  ] GC(160)     Cleared: 0
[43.734s][debug  ][gc,phases      ] GC(160) Reference Processing 0.784ms
[43.734s][debug  ][gc,phases,start] GC(160) Weak Processing
[43.734s][debug  ][gc,phases      ] GC(160)   VM Weak                        Min:  0.0, Avg:  0.0, Max:  0.0, Diff:  0.0, Sum:  0.0, Workers: 6
[43.734s][debug  ][gc,phases      ] GC(160)     Dead                           Min: 0, Avg:  0.0, Max: 0, Diff: 0, Sum: 0, Workers: 6
[43.734s][debug  ][gc,phases      ] GC(160)     Total                          Min: 0, Avg:  1.3, Max: 8, Diff: 8, Sum: 8, Workers: 6
[43.734s][debug  ][gc,phases      ] GC(160)   ObjectSynchronizer Weak        Min:  0.0, Avg:  0.0, Max:  0.0, Diff:  0.0, Sum:  0.0, Workers: 6
[43.734s][debug  ][gc,phases      ] GC(160)     Dead                           Min: 0, Avg:  0.0, Max: 0, Diff: 0, Sum: 0, Workers: 6
[43.734s][debug  ][gc,phases      ] GC(160)     Total                          Min: 0, Avg:  0.5, Max: 3, Diff: 3, Sum: 3, Workers: 6
[43.734s][debug  ][gc,phases      ] GC(160)   JVMTI Tag Weak OopStorage      Min:  0.0, Avg:  0.0, Max:  0.0, Diff:  0.0, Sum:  0.0, Workers: 6
[43.734s][debug  ][gc,phases      ] GC(160)     Dead                           Min: 0, Avg:  0.0, Max: 0, Diff: 0, Sum: 0, Workers: 6
[43.734s][debug  ][gc,phases      ] GC(160)     Total                          Min: 0, Avg:  0.0, Max: 0, Diff: 0, Sum: 0, Workers: 6
[43.734s][debug  ][gc,phases      ] GC(160)   StringTable Weak               Min:  0.0, Avg:  0.0, Max:  0.0, Diff:  0.0, Sum:  0.0, Workers: 6
[43.734s][debug  ][gc,phases      ] GC(160)     Dead                           Min: 0, Avg:  0.0, Max: 0, Diff: 0, Sum: 0, Workers: 6
[43.735s][debug  ][gc,phases      ] GC(160)     Total                          Min: 748, Avg: 892.5, Max: 1280, Diff: 532, Sum: 5355, Workers: 6
[43.735s][debug  ][gc,phases      ] GC(160)   ResolvedMethodTable Weak       Min:  0.0, Avg:  0.0, Max:  0.0, Diff:  0.0, Sum:  0.0, Workers: 6
[43.735s][debug  ][gc,phases      ] GC(160)     Dead                           Min: 0, Avg:  0.0, Max: 0, Diff: 0, Sum: 0, Workers: 6
[43.735s][debug  ][gc,phases      ] GC(160)     Total                          Min: 0, Avg: 21.5, Max: 64, Diff: 64, Sum: 129, Workers: 6
[43.735s][debug  ][gc,phases      ] GC(160)   JNI Weak                       Min:  0.0, Avg:  0.0, Max:  0.0, Diff:  0.0, Sum:  0.0, Workers: 6
[43.735s][debug  ][gc,phases      ] GC(160)     Dead                           Min: 0, Avg:  0.0, Max: 0, Diff: 0, Sum: 0, Workers: 6
[43.735s][debug  ][gc,phases      ] GC(160)     Total                          Min: 0, Avg:  0.0, Max: 0, Diff: 0, Sum: 0, Workers: 6
[43.735s][debug  ][gc,phases      ] GC(160)   StringDedup Table Weak         Min:  0.0, Avg:  0.0, Max:  0.0, Diff:  0.0, Sum:  0.0, Workers: 6
[43.735s][debug  ][gc,phases      ] GC(160)     Dead                           Min: 0, Avg:  0.0, Max: 0, Diff: 0, Sum: 0, Workers: 6
[43.735s][debug  ][gc,phases      ] GC(160)     Total                          Min: 0, Avg:  0.0, Max: 0, Diff: 0, Sum: 0, Workers: 6
[43.735s][debug  ][gc,phases      ] GC(160)   StringDedup Requests0 Weak     Min:  0.0, Avg:  0.0, Max:  0.0, Diff:  0.0, Sum:  0.0, Workers: 6
[43.735s][debug  ][gc,phases      ] GC(160)     Dead                           Min: 0, Avg:  0.0, Max: 0, Diff: 0, Sum: 0, Workers: 6
[43.735s][debug  ][gc,phases      ] GC(160)     Total                          Min: 0, Avg:  0.0, Max: 0, Diff: 0, Sum: 0, Workers: 6
[43.735s][debug  ][gc,phases      ] GC(160)   StringDedup Requests1 Weak     Min:  0.0, Avg:  0.0, Max:  0.0, Diff:  0.0, Sum:  0.0, Workers: 6
[43.735s][debug  ][gc,phases      ] GC(160)     Dead                           Min: 0, Avg:  0.0, Max: 0, Diff: 0, Sum: 0, Workers: 6
[43.735s][debug  ][gc,phases      ] GC(160)     Total                          Min: 0, Avg:  0.0, Max: 0, Diff: 0, Sum: 0, Workers: 6
[43.735s][debug  ][gc,phases      ] GC(160)   Weak JFR Old Object Samples    Min:  0.0, Avg:  0.0, Max:  0.0, Diff:  0.0, Sum:  0.0, Workers: 6
[43.735s][debug  ][gc,phases      ] GC(160)     Dead                           Min: 0, Avg:  0.0, Max: 0, Diff: 0, Sum: 0, Workers: 6
[43.735s][debug  ][gc,phases      ] GC(160)     Total                          Min: 0, Avg:  0.0, Max: 0, Diff: 0, Sum: 0, Workers: 6
[43.735s][debug  ][gc,phases      ] GC(160) Weak Processing 0.854ms
[43.735s][debug  ][gc,ergo        ] GC(160) AdaptiveSizeStart:  collection: 161 
[43.735s][debug  ][gc,ergo        ] GC(160) avg_survived_padded_avg: 32437966.000000
[43.735s][debug  ][gc,ergo        ] GC(160) avg_promoted_padded_avg: 264570352.000000  avg_pretenured_padded_avg: 0.000000  tenuring_thresh: 15  target_size: 32505856
[43.735s][debug  ][gc,age         ] GC(160) Desired survivor size 32505856 bytes, new threshold 15 (max threshold 15)
[43.735s][debug  ][gc,ergo        ] GC(160) PSAdaptiveSizePolicy::compute_eden_space_size limits: desired_eden_size: 222128092 old_eden_size: 202375168 eden_limit: 202375168 cur_eden: 202375168 max_eden_size: 202375168 avg_young_live: 27964520
[43.735s][debug  ][gc,ergo        ] GC(160) PSAdaptiveSizePolicy::compute_eden_space_size: costs minor_time: 0.049743 major_cost: 0.053240 mutator_cost: 0.897016 throughput_goal: 0.990000
[43.735s][debug  ][gc,ergo        ] GC(160) Live_space: 1071328128 free_space: 1402470400
[43.735s][debug  ][gc,ergo        ] GC(160) Old eden_size: 202375168 desired_eden_size: 202375168
[43.735s][debug  ][gc,ergo        ] GC(160) AdaptiveSizeStop: collection: 161 
[43.735s][info   ][gc,heap        ] GC(160) PSYoungGen: 218897K(229888K)->30720K(229888K) Eden: 188177K(197632K)->0K(197632K) From: 30720K(32256K)->30720K(32256K)
[43.735s][info   ][gc,heap        ] GC(160) ParOldGen: 1435237K(1835008K)->1619557K(1835008K)
[43.735s][info   ][gc,metaspace   ] GC(160) Metaspace: 1024K(1216K)->1024K(1216K) NonClass: 940K(1024K)->940K(1024K) Class: 83K(192K)->83K(192K)
[43.735s][info   ][gc             ] GC(160) Pause Young (Allocation Failure) 1615M->1611M(2016M) 17.165ms
[43.735s][info   ][gc,cpu         ] GC(160) User=0.11s Sys=0.00s Real=0.02s
[43.735s][debug  ][gc,heap        ] GC(160) Heap after GC invocations=161 (full 25):
[43.735s][debug  ][gc,heap        ] GC(160)  PSYoungGen      total 229888K, used 30720K [0x00000000f0000000, 0x0000000100000000, 0x0000000100000000)
[43.735s][debug  ][gc,heap        ] GC(160)   eden space 197632K, 0% used [0x00000000f0000000,0x00000000f0000000,0x00000000fc100000)
[43.735s][debug  ][gc,heap        ] GC(160)   from space 32256K, 95% used [0x00000000fc100000,0x00000000fdf00030,0x00000000fe080000)
[43.735s][debug  ][gc,heap        ] GC(160)   to   space 31744K, 0% used [0x00000000fe100000,0x00000000fe100000,0x0000000100000000)
[43.735s][debug  ][gc,heap        ] GC(160)  ParOldGen       total 1835008K, used 1619557K [0x0000000080000000, 0x00000000f0000000, 0x00000000f0000000)
[43.736s][debug  ][gc,heap        ] GC(160)   object space 1835008K, 88% used [0x0000000080000000,0x00000000e2d995e8,0x00000000f0000000)
[43.736s][debug  ][gc,heap        ] GC(160)  Metaspace       used 1024K, committed 1216K, reserved 1056768K
[43.736s][debug  ][gc,heap        ] GC(160)   class space    used 83K, committed 192K, reserved 1048576K
[43.736s][debug  ][gc,task,time   ] GC(160) VM-Thread 437176684 437333307 437355730
[43.736s][debug  ][gc,phases,start] GC(161) Pre Compact
[43.736s][debug  ][gc,heap        ] GC(161) Heap before GC invocations=162 (full 26):
[43.736s][debug  ][gc,heap        ] GC(161)  PSYoungGen      total 229888K, used 30720K [0x00000000f0000000, 0x0000000100000000, 0x0000000100000000)
[43.736s][debug  ][gc,heap        ] GC(161)   eden space 197632K, 0% used [0x00000000f0000000,0x00000000f0000000,0x00000000fc100000)
[43.736s][debug  ][gc,heap        ] GC(161)   from space 32256K, 95% used [0x00000000fc100000,0x00000000fdf00030,0x00000000fe080000)
[43.736s][debug  ][gc,heap        ] GC(161)   to   space 31744K, 0% used [0x00000000fe100000,0x00000000fe100000,0x0000000100000000)
[43.736s][debug  ][gc,heap        ] GC(161)  ParOldGen       total 1835008K, used 1619557K [0x0000000080000000, 0x00000000f0000000, 0x00000000f0000000)
[43.736s][debug  ][gc,heap        ] GC(161)   object space 1835008K, 88% used [0x0000000080000000,0x00000000e2d995e8,0x00000000f0000000)
[43.736s][debug  ][gc,heap        ] GC(161)  Metaspace       used 1024K, committed 1216K, reserved 1056768K
[43.736s][debug  ][gc,heap        ] GC(161)   class space    used 83K, committed 192K, reserved 1048576K
[43.736s][debug  ][gc,phases      ] GC(161) Pre Compact 0.207ms
[43.736s][info   ][gc,start       ] GC(161) Pause Full (Ergonomics)
[43.736s][info   ][gc,phases,start] GC(161) Marking Phase
[43.736s][debug  ][gc,phases,start] GC(161) Par Mark
[43.736s][debug  ][gc,phases      ] GC(161) Par Mark 0.532ms
[43.736s][debug  ][gc,phases,start] GC(161) Reference Processing
[43.737s][debug  ][gc,ref         ] GC(161) Skipped phase 1 of Reference Processing: no references
[43.737s][debug  ][gc,ref         ] GC(161) ReferenceProcessor::execute queues: 1, RefProcThreadModel::Single, marks_oops_alive: false
[43.737s][debug  ][gc,ref         ] GC(161) Skipped phase 3 of Reference Processing: no references
[43.737s][debug  ][gc,ref         ] GC(161) ReferenceProcessor::execute queues: 1, RefProcThreadModel::Single, marks_oops_alive: false
[43.737s][debug  ][gc,phases,ref  ] GC(161) Reference Processing: 0.1ms
[43.737s][debug  ][gc,phases,ref  ] GC(161)   Reconsider SoftReferences: 0.0ms
[43.737s][debug  ][gc,phases,ref  ] GC(161)     SoftRef (ms):                  skipped
[43.737s][debug  ][gc,phases,ref  ] GC(161)   Notify Soft/WeakReferences: 0.0ms
[43.737s][debug  ][gc,phases,ref  ] GC(161)     SoftRef (ms):                  Min:  0.0, Avg:  0.0, Max:  0.0, Diff:  0.0, Sum:  0.0, Workers: 8
[43.737s][debug  ][gc,phases,ref  ] GC(161)     WeakRef (ms):                  Min:  0.0, Avg:  0.0, Max:  0.0, Diff:  0.0, Sum:  0.0, Workers: 8
[43.737s][debug  ][gc,phases,ref  ] GC(161)     FinalRef (ms):                 Min:  0.0, Avg:  0.0, Max:  0.0, Diff:  0.0, Sum:  0.0, Workers: 8
[43.737s][debug  ][gc,phases,ref  ] GC(161)     Total (ms):                    Min:  0.0, Avg:  0.0, Max:  0.0, Diff:  0.0, Sum:  0.0, Workers: 8
[43.737s][debug  ][gc,phases,ref  ] GC(161)   Notify and keep alive finalizable: 0.0ms
[43.737s][debug  ][gc,phases,ref  ] GC(161)     FinalRef (ms):                 skipped
[43.737s][debug  ][gc,phases,ref  ] GC(161)   Notify PhantomReferences: 0.0ms
[43.737s][debug  ][gc,phases,ref  ] GC(161)     PhantomRef (ms):               Min:  0.0, Avg:  0.0, Max:  0.0, Diff:  0.0, Sum:  0.0, Workers: 8
[43.737s][debug  ][gc,phases,ref  ] GC(161)   SoftReference:
[43.737s][debug  ][gc,phases,ref  ] GC(161)     Discovered: 0
[43.737s][debug  ][gc,phases,ref  ] GC(161)     Cleared: 0
[43.737s][debug  ][gc,phases,ref  ] GC(161)   WeakReference:
[43.737s][debug  ][gc,phases,ref  ] GC(161)     Discovered: 90
[43.737s][debug  ][gc,phases,ref  ] GC(161)     Cleared: 90
[43.737s][debug  ][gc,phases,ref  ] GC(161)   FinalReference:
[43.737s][debug  ][gc,phases,ref  ] GC(161)     Discovered: 0
[43.737s][debug  ][gc,phases,ref  ] GC(161)     Cleared: 0
[43.737s][debug  ][gc,phases,ref  ] GC(161)   PhantomReference:
[43.737s][debug  ][gc,phases,ref  ] GC(161)     Discovered: 3
[43.737s][debug  ][gc,phases,ref  ] GC(161)     Cleared: 3
[43.737s][debug  ][gc,phases      ] GC(161) Reference Processing 0.673ms
[43.737s][debug  ][gc,phases,start] GC(161) Weak Processing
[43.737s][debug  ][gc,phases      ] GC(161)   VM Weak                        Min:  0.0, Avg:  0.0, Max:  0.0, Diff:  0.0, Sum:  0.0, Workers: 6
[43.737s][debug  ][gc,phases      ] GC(161)     Dead                           Min: 0, Avg:  0.0, Max: 0, Diff: 0, Sum: 0, Workers: 6
[43.737s][debug  ][gc,phases      ] GC(161)     Total                          Min: 0, Avg:  1.3, Max: 8, Diff: 8, Sum: 8, Workers: 6
[43.737s][debug  ][gc,phases      ] GC(161)   ObjectSynchronizer Weak        Min:  0.0, Avg:  0.0, Max:  0.0, Diff:  0.0, Sum:  0.0, Workers: 6
[43.737s][debug  ][gc,phases      ] GC(161)     Dead                           Min: 0, Avg:  0.0, Max: 0, Diff: 0, Sum: 0, Workers: 6
[43.737s][debug  ][gc,phases      ] GC(161)     Total                          Min: 0, Avg:  0.5, Max: 3, Diff: 3, Sum: 3, Workers: 6
[43.737s][debug  ][gc,phases      ] GC(161)   JVMTI Tag Weak OopStorage      Min:  0.0, Avg:  0.0, Max:  0.0, Diff:  0.0, Sum:  0.0, Workers: 6
[43.737s][debug  ][gc,phases      ] GC(161)     Dead                           Min: 0, Avg:  0.0, Max: 0, Diff: 0, Sum: 0, Workers: 6
[43.737s][debug  ][gc,phases      ] GC(161)     Total                          Min: 0, Avg:  0.0, Max: 0, Diff: 0, Sum: 0, Workers: 6
[43.737s][debug  ][gc,phases      ] GC(161)   StringTable Weak               Min:  0.0, Avg:  0.0, Max:  0.0, Diff:  0.0, Sum:  0.0, Workers: 6
[43.737s][debug  ][gc,phases      ] GC(161)     Dead                           Min: 0, Avg:  0.0, Max: 0, Diff: 0, Sum: 0, Workers: 6
[43.737s][debug  ][gc,phases      ] GC(161)     Total                          Min: 703, Avg: 892.5, Max: 1196, Diff: 493, Sum: 5355, Workers: 6
[43.737s][debug  ][gc,phases      ] GC(161)   ResolvedMethodTable Weak       Min:  0.0, Avg:  0.0, Max:  0.0, Diff:  0.0, Sum:  0.0, Workers: 6
[43.737s][debug  ][gc,phases      ] GC(161)     Dead                           Min: 0, Avg:  0.0, Max: 0, Diff: 0, Sum: 0, Workers: 6
[43.738s][debug  ][gc,phases      ] GC(161)     Total                          Min: 0, Avg: 21.5, Max: 64, Diff: 64, Sum: 129, Workers: 6
[43.738s][debug  ][gc,phases      ] GC(161)   JNI Weak                       Min:  0.0, Avg:  0.0, Max:  0.0, Diff:  0.0, Sum:  0.0, Workers: 6
[43.738s][debug  ][gc,phases      ] GC(161)     Dead                           Min: 0, Avg:  0.0, Max: 0, Diff: 0, Sum: 0, Workers: 6
[43.738s][debug  ][gc,phases      ] GC(161)     Total                          Min: 0, Avg:  0.0, Max: 0, Diff: 0, Sum: 0, Workers: 6
[43.738s][debug  ][gc,phases      ] GC(161)   StringDedup Table Weak         Min:  0.0, Avg:  0.0, Max:  0.0, Diff:  0.0, Sum:  0.0, Workers: 6
[43.738s][debug  ][gc,phases      ] GC(161)     Dead                           Min: 0, Avg:  0.0, Max: 0, Diff: 0, Sum: 0, Workers: 6
[43.738s][debug  ][gc,phases      ] GC(161)     Total                          Min: 0, Avg:  0.0, Max: 0, Diff: 0, Sum: 0, Workers: 6
[43.738s][debug  ][gc,phases      ] GC(161)   StringDedup Requests0 Weak     Min:  0.0, Avg:  0.0, Max:  0.0, Diff:  0.0, Sum:  0.0, Workers: 6
[43.738s][debug  ][gc,phases      ] GC(161)     Dead                           Min: 0, Avg:  0.0, Max: 0, Diff: 0, Sum: 0, Workers: 6
[43.738s][debug  ][gc,phases      ] GC(161)     Total                          Min: 0, Avg:  0.0, Max: 0, Diff: 0, Sum: 0, Workers: 6
[43.738s][debug  ][gc,phases      ] GC(161)   StringDedup Requests1 Weak     Min:  0.0, Avg:  0.0, Max:  0.0, Diff:  0.0, Sum:  0.0, Workers: 6
[43.738s][debug  ][gc,phases      ] GC(161)     Dead                           Min: 0, Avg:  0.0, Max: 0, Diff: 0, Sum: 0, Workers: 6
[43.738s][debug  ][gc,phases      ] GC(161)     Total                          Min: 0, Avg:  0.0, Max: 0, Diff: 0, Sum: 0, Workers: 6
[43.738s][debug  ][gc,phases      ] GC(161)   Weak JFR Old Object Samples    Min:  0.0, Avg:  0.0, Max:  0.0, Diff:  0.0, Sum:  0.0, Workers: 6
[43.738s][debug  ][gc,phases      ] GC(161)     Dead                           Min: 0, Avg:  0.0, Max: 0, Diff: 0, Sum: 0, Workers: 6
[43.738s][debug  ][gc,phases      ] GC(161)     Total                          Min: 0, Avg:  0.0, Max: 0, Diff: 0, Sum: 0, Workers: 6
[43.738s][debug  ][gc,phases      ] GC(161) Weak Processing 0.718ms
[43.738s][debug  ][gc,phases,start] GC(161) Class Unloading
[43.738s][debug  ][gc,phases,start] GC(161) ClassLoaderData
[43.738s][debug  ][gc,phases      ] GC(161) ClassLoaderData 0.019ms
[43.738s][debug  ][gc,phases,start] GC(161) Trigger cleanups
[43.738s][debug  ][gc,phases      ] GC(161) Trigger cleanups 0.019ms
[43.738s][debug  ][gc,phases      ] GC(161) Class Unloading 0.258ms
[43.738s][info   ][gc,phases      ] GC(161) Marking Phase 2.316ms
[43.738s][info   ][gc,phases,start] GC(161) Summary Phase
[43.738s][info   ][gc,phases      ] GC(161) Summary Phase 0.044ms
[43.738s][info   ][gc,phases,start] GC(161) Adjust Roots
[43.738s][info   ][gc,phases      ] GC(161) Adjust Roots 0.160ms
[43.738s][info   ][gc,phases,start] GC(161) Compaction Phase
[43.822s][info   ][gc,phases      ] GC(161) Compaction Phase 83.673ms
[43.822s][info   ][gc,phases,start] GC(161) Post Compact
[43.827s][info   ][gc,phases      ] GC(161) Post Compact 5.055ms
[43.827s][debug  ][gc,ergo        ] GC(161) AdaptiveSizeStart: collection: 162 
[43.827s][debug  ][gc,ergo        ] GC(161) PSAdaptiveSizePolicy::compute_eden_space_size limits: desired_eden_size: 222385377 old_eden_size: 202375168 eden_limit: 202899456 cur_eden: 202375168 max_eden_size: 202899456 avg_young_live: 25168070
[43.827s][debug  ][gc,ergo        ] GC(161) PSAdaptiveSizePolicy::compute_eden_space_size: costs minor_time: 0.049743 major_cost: 0.051916 mutator_cost: 0.898340 throughput_goal: 0.990000
[43.827s][debug  ][gc,ergo        ] GC(161) Live_space: 1068531712 free_space: 1402470400
[43.828s][debug  ][gc,ergo        ] GC(161) Old eden_size: 202375168 desired_eden_size: 202899456
[43.828s][debug  ][gc,ergo        ] GC(161) PSAdaptiveSizePolicy::compute_old_gen_free_space limits: desired_promo_size: 1322723288 promo_limit: 1200095232 free_in_old_gen: 1100705024 max_old_gen_size: 1879048192 avg_old_live: 778343232
[43.828s][debug  ][gc,ergo        ] GC(161) PSAdaptiveSizePolicy::compute_old_gen_free_space: costs minor_time: 0.049743 major_cost: 0.051916  mutator_cost: 0.898340 throughput_goal: 0.990000
[43.828s][debug  ][gc,ergo        ] GC(161) Live_space: 1071946752 free_space: 1402994688
[43.828s][debug  ][gc,ergo        ] GC(161) Old promo_size: 1200095232 desired_promo_size: 1200095232
[43.828s][debug  ][gc,ergo        ] GC(161) AdaptiveSizeStop: collection: 162 
[43.828s][info   ][gc,heap        ] GC(161) PSYoungGen: 30720K(229888K)->0K(230400K) Eden: 0K(197632K)->0K(198656K) From: 30720K(32256K)->0K(31744K)
[43.828s][info   ][gc,heap        ] GC(161) ParOldGen: 1619557K(1835008K)->790116K(1835008K)
[43.828s][info   ][gc,metaspace   ] GC(161) Metaspace: 1024K(1216K)->1024K(1216K) NonClass: 940K(1024K)->940K(1024K) Class: 83K(192K)->83K(192K)
[43.828s][info   ][gc             ] GC(161) Pause Full (Ergonomics) 1611M->771M(2017M) 91.949ms
[43.828s][info   ][gc,cpu         ] GC(161) User=0.75s Sys=0.00s Real=0.09s
[43.828s][debug  ][gc,heap        ] GC(161) Heap after GC invocations=162 (full 26):
[43.828s][debug  ][gc,heap        ] GC(161)  PSYoungGen      total 230400K, used 0K [0x00000000f0000000, 0x0000000100000000, 0x0000000100000000)
[43.828s][debug  ][gc,heap        ] GC(161)   eden space 198656K, 0% used [0x00000000f0000000,0x00000000f0000000,0x00000000fc200000)
[43.828s][debug  ][gc,heap        ] GC(161)   from space 31744K, 0% used [0x00000000fe100000,0x00000000fe100000,0x0000000100000000)
[43.828s][debug  ][gc,heap        ] GC(161)   to   space 31744K, 0% used [0x00000000fc200000,0x00000000fc200000,0x00000000fe100000)
[43.828s][debug  ][gc,heap        ] GC(161)  ParOldGen       total 1835008K, used 790116K [0x0000000080000000, 0x00000000f0000000, 0x00000000f0000000)
[43.828s][debug  ][gc,heap        ] GC(161)   object space 1835008K, 43% used [0x0000000080000000,0x00000000b03990d8,0x00000000f0000000)
[43.828s][debug  ][gc,heap        ] GC(161)  Metaspace       used 1024K, committed 1216K, reserved 1056768K
[43.828s][debug  ][gc,heap        ] GC(161)   class space    used 83K, committed 192K, reserved 1048576K
[43.828s][debug  ][gc,task,time   ] GC(161) VM-Thread 437358654 437384962 438278478
[44.131s][debug  ][gc,heap        ] GC(162) Heap before GC invocations=163 (full 26):
[44.131s][debug  ][gc,heap        ] GC(162)  PSYoungGen      total 230400K, used 198442K [0x00000000f0000000, 0x0000000100000000, 0x0000000100000000)
[44.131s][debug  ][gc,heap        ] GC(162)   eden space 198656K, 99% used [0x00000000f0000000,0x00000000fc1ca9b8,0x00000000fc200000)
[44.131s][debug  ][gc,heap        ] GC(162)   from space 31744K, 0% used [0x00000000fe100000,0x00000000fe100000,0x0000000100000000)
[44.131s][debug  ][gc,heap        ] GC(162)   to   space 31744K, 0% used [0x00000000fc200000,0x00000000fc200000,0x00000000fe100000)
[44.131s][debug  ][gc,heap        ] GC(162)  ParOldGen       total 1835008K, used 790116K [0x0000000080000000, 0x00000000f0000000, 0x00000000f0000000)
[44.131s][debug  ][gc,heap        ] GC(162)   object space 1835008K, 43% used [0x0000000080000000,0x00000000b03990d8,0x00000000f0000000)
[44.131s][debug  ][gc,heap        ] GC(162)  Metaspace       used 1024K, committed 1216K, reserved 1056768K
[44.131s][debug  ][gc,heap        ] GC(162)   class space    used 83K, committed 192K, reserved 1048576K
[44.131s][debug  ][gc,tlab        ] GC(162) TLAB totals: thrds: 1  refills: 1 max: 1 slow allocs: 18 max 18 waste: 27.5% gc: 3975304B max: 3975304B slow: 0B max: 0B
[44.132s][info   ][gc,start       ] GC(162) Pause Young (Allocation Failure)
[44.132s][debug  ][gc,phases,start] GC(162) Scavenge
[44.145s][debug  ][gc,phases      ] GC(162) Scavenge 13.370ms
[44.145s][debug  ][gc,phases,start] GC(162) Reference Processing
[44.145s][debug  ][gc,ref         ] GC(162) Skipped phase 1 of Reference Processing: no references
[44.145s][debug  ][gc,ref         ] GC(162) Skipped phase 2 of Reference Processing: no references
[44.145s][debug  ][gc,ref         ] GC(162) Skipped phase 3 of Reference Processing: no references
[44.145s][debug  ][gc,ref         ] GC(162) Skipped phase 4 of Reference Processing: no references
[44.145s][debug  ][gc,phases,ref  ] GC(162) Reference Processing: 0.1ms
[44.145s][debug  ][gc,phases,ref  ] GC(162)   Reconsider SoftReferences: 0.0ms
[44.145s][debug  ][gc,phases,ref  ] GC(162)     SoftRef (ms):                  skipped
[44.145s][debug  ][gc,phases,ref  ] GC(162)   Notify Soft/WeakReferences: 0.0ms
[44.145s][debug  ][gc,phases,ref  ] GC(162)     SoftRef (ms):                  skipped
[44.145s][debug  ][gc,phases,ref  ] GC(162)     WeakRef (ms):                  skipped
[44.145s][debug  ][gc,phases,ref  ] GC(162)     FinalRef (ms):                 skipped
[44.145s][debug  ][gc,phases,ref  ] GC(162)     Total (ms):                    skipped
[44.145s][debug  ][gc,phases,ref  ] GC(162)   Notify and keep alive finalizable: 0.0ms
[44.145s][debug  ][gc,phases,ref  ] GC(162)     FinalRef (ms):                 skipped
[44.145s][debug  ][gc,phases,ref  ] GC(162)   Notify PhantomReferences: 0.0ms
[44.145s][debug  ][gc,phases,ref  ] GC(162)     PhantomRef (ms):               skipped
[44.145s][debug  ][gc,phases,ref  ] GC(162)   SoftReference:
[44.145s][debug  ][gc,phases,ref  ] GC(162)     Discovered: 0
[44.145s][debug  ][gc,phases,ref  ] GC(162)     Cleared: 0
[44.146s][debug  ][gc,phases,ref  ] GC(162)   WeakReference:
[44.146s][debug  ][gc,phases,ref  ] GC(162)     Discovered: 0
[44.146s][debug  ][gc,phases,ref  ] GC(162)     Cleared: 0
[44.146s][debug  ][gc,phases,ref  ] GC(162)   FinalReference:
[44.146s][debug  ][gc,phases,ref  ] GC(162)     Discovered: 0
[44.146s][debug  ][gc,phases,ref  ] GC(162)     Cleared: 0
[44.146s][debug  ][gc,phases,ref  ] GC(162)   PhantomReference:
[44.146s][debug  ][gc,phases,ref  ] GC(162)     Discovered: 0
[44.146s][debug  ][gc,phases,ref  ] GC(162)     Cleared: 0
[44.146s][debug  ][gc,phases      ] GC(162) Reference Processing 0.694ms
[44.146s][debug  ][gc,phases,start] GC(162) Weak Processing
[44.146s][debug  ][gc,phases      ] GC(162)   VM Weak                        Min:  0.0, Avg:  0.0, Max:  0.0, Diff:  0.0, Sum:  0.0, Workers: 6
[44.146s][debug  ][gc,phases      ] GC(162)     Dead                           Min: 0, Avg:  0.0, Max: 0, Diff: 0, Sum: 0, Workers: 6
[44.146s][debug  ][gc,phases      ] GC(162)     Total                          Min: 0, Avg:  1.3, Max: 8, Diff: 8, Sum: 8, Workers: 6
[44.146s][debug  ][gc,phases      ] GC(162)   ObjectSynchronizer Weak        Min:  0.0, Avg:  0.0, Max:  0.0, Diff:  0.0, Sum:  0.0, Workers: 6
[44.146s][debug  ][gc,phases      ] GC(162)     Dead                           Min: 0, Avg:  0.0, Max: 0, Diff: 0, Sum: 0, Workers: 6
[44.146s][debug  ][gc,phases      ] GC(162)     Total                          Min: 0, Avg:  0.5, Max: 3, Diff: 3, Sum: 3, Workers: 6
[44.146s][debug  ][gc,phases      ] GC(162)   JVMTI Tag Weak OopStorage      Min:  0.0, Avg:  0.0, Max:  0.0, Diff:  0.0, Sum:  0.0, Workers: 6
[44.146s][debug  ][gc,phases      ] GC(162)     Dead                           Min: 0, Avg:  0.0, Max: 0, Diff: 0, Sum: 0, Workers: 6
[44.146s][debug  ][gc,phases      ] GC(162)     Total                          Min: 0, Avg:  0.0, Max: 0, Diff: 0, Sum: 0, Workers: 6
[44.146s][debug  ][gc,phases      ] GC(162)   StringTable Weak               Min:  0.0, Avg:  0.0, Max:  0.0, Diff:  0.0, Sum:  0.0, Workers: 6
[44.146s][debug  ][gc,phases      ] GC(162)     Dead                           Min: 0, Avg:  0.0, Max: 0, Diff: 0, Sum: 0, Workers: 6
[44.146s][debug  ][gc,phases      ] GC(162)     Total                          Min: 704, Avg: 892.5, Max: 1152, Diff: 448, Sum: 5355, Workers: 6
[44.146s][debug  ][gc,phases      ] GC(162)   ResolvedMethodTable Weak       Min:  0.0, Avg:  0.0, Max:  0.0, Diff:  0.0, Sum:  0.0, Workers: 6
[44.146s][debug  ][gc,phases      ] GC(162)     Dead                           Min: 0, Avg:  0.0, Max: 0, Diff: 0, Sum: 0, Workers: 6
[44.146s][debug  ][gc,phases      ] GC(162)     Total                          Min: 0, Avg: 21.5, Max: 64, Diff: 64, Sum: 129, Workers: 6
[44.146s][debug  ][gc,phases      ] GC(162)   JNI Weak                       Min:  0.0, Avg:  0.0, Max:  0.0, Diff:  0.0, Sum:  0.0, Workers: 6
[44.146s][debug  ][gc,phases      ] GC(162)     Dead                           Min: 0, Avg:  0.0, Max: 0, Diff: 0, Sum: 0, Workers: 6
[44.146s][debug  ][gc,phases      ] GC(162)     Total                          Min: 0, Avg:  0.0, Max: 0, Diff: 0, Sum: 0, Workers: 6
[44.146s][debug  ][gc,phases      ] GC(162)   StringDedup Table Weak         Min:  0.0, Avg:  0.0, Max:  0.0, Diff:  0.0, Sum:  0.0, Workers: 6
[44.146s][debug  ][gc,phases      ] GC(162)     Dead                           Min: 0, Avg:  0.0, Max: 0, Diff: 0, Sum: 0, Workers: 6
[44.146s][debug  ][gc,phases      ] GC(162)     Total                          Min: 0, Avg:  0.0, Max: 0, Diff: 0, Sum: 0, Workers: 6
[44.146s][debug  ][gc,phases      ] GC(162)   StringDedup Requests0 Weak     Min:  0.0, Avg:  0.0, Max:  0.0, Diff:  0.0, Sum:  0.0, Workers: 6
[44.146s][debug  ][gc,phases      ] GC(162)     Dead                           Min: 0, Avg:  0.0, Max: 0, Diff: 0, Sum: 0, Workers: 6
[44.147s][debug  ][gc,phases      ] GC(162)     Total                          Min: 0, Avg:  0.0, Max: 0, Diff: 0, Sum: 0, Workers: 6
[44.147s][debug  ][gc,phases      ] GC(162)   StringDedup Requests1 Weak     Min:  0.0, Avg:  0.0, Max:  0.0, Diff:  0.0, Sum:  0.0, Workers: 6
[44.147s][debug  ][gc,phases      ] GC(162)     Dead                           Min: 0, Avg:  0.0, Max: 0, Diff: 0, Sum: 0, Workers: 6
[44.147s][debug  ][gc,phases      ] GC(162)     Total                          Min: 0, Avg:  0.0, Max: 0, Diff: 0, Sum: 0, Workers: 6
[44.147s][debug  ][gc,phases      ] GC(162)   Weak JFR Old Object Samples    Min:  0.0, Avg:  0.0, Max:  0.0, Diff:  0.0, Sum:  0.0, Workers: 6
[44.147s][debug  ][gc,phases      ] GC(162)     Dead                           Min: 0, Avg:  0.0, Max: 0, Diff: 0, Sum: 0, Workers: 6
[44.147s][debug  ][gc,phases      ] GC(162)     Total                          Min: 0, Avg:  0.0, Max: 0, Diff: 0, Sum: 0, Workers: 6
[44.147s][debug  ][gc,phases      ] GC(162) Weak Processing 1.036ms
[44.147s][debug  ][gc,ergo        ] GC(162) AdaptiveSizeStart:  collection: 163 
[44.147s][debug  ][gc,ergo        ] GC(162) avg_survived_padded_avg: 32362486.000000
[44.147s][debug  ][gc,ergo        ] GC(162) avg_promoted_padded_avg: 255450544.000000  avg_pretenured_padded_avg: 0.000000  tenuring_thresh: 15  target_size: 32505856
[44.147s][debug  ][gc,age         ] GC(162) Desired survivor size 32505856 bytes, new threshold 15 (max threshold 15)
[44.147s][debug  ][gc,ergo        ] GC(162) PSAdaptiveSizePolicy::compute_eden_space_size limits: desired_eden_size: 222758986 old_eden_size: 202899456 eden_limit: 203423744 cur_eden: 203423744 max_eden_size: 203423744 avg_young_live: 25796996
[44.147s][debug  ][gc,ergo        ] GC(162) PSAdaptiveSizePolicy::compute_eden_space_size: costs minor_time: 0.046561 major_cost: 0.051916 mutator_cost: 0.901523 throughput_goal: 0.990000
[44.147s][debug  ][gc,ergo        ] GC(162) Live_space: 1072575680 free_space: 1402994688
[44.147s][debug  ][gc,ergo        ] GC(162) Old eden_size: 202899456 desired_eden_size: 203423744
[44.147s][debug  ][gc,ergo        ] GC(162) AdaptiveSizeStop: collection: 163 
[44.147s][info   ][gc,heap        ] GC(162) PSYoungGen: 198442K(230400K)->30720K(230400K) Eden: 198442K(198656K)->0K(198656K) From: 0K(31744K)->30720K(31744K)
[44.147s][info   ][gc,heap        ] GC(162) ParOldGen: 790116K(1835008K)->953956K(1835008K)
[44.147s][info   ][gc,metaspace   ] GC(162) Metaspace: 1024K(1216K)->1024K(1216K) NonClass: 940K(1024K)->940K(1024K) Class: 83K(192K)->83K(192K)
[44.147s][info   ][gc             ] GC(162) Pause Young (Allocation Failure) 965M->961M(2017M) 15.662ms
[44.147s][info   ][gc,cpu         ] GC(162) User=0.11s Sys=0.00s Real=0.01s
[44.147s][debug  ][gc,heap        ] GC(162) Heap after GC invocations=163 (full 26):
[44.147s][debug  ][gc,heap        ] GC(162)  PSYoungGen      total 230400K, used 30720K [0x00000000f0000000, 0x0000000100000000, 0x0000000100000000)
[44.147s][debug  ][gc,heap        ] GC(162)   eden space 198656K, 0% used [0x00000000f0000000,0x00000000f0000000,0x00000000fc200000)
[44.147s][debug  ][gc,heap        ] GC(162)   from space 31744K, 96% used [0x00000000fc200000,0x00000000fe000030,0x00000000fe100000)
[44.147s][debug  ][gc,heap        ] GC(162)   to   space 31744K, 0% used [0x00000000fe100000,0x00000000fe100000,0x0000000100000000)
[44.147s][debug  ][gc,heap        ] GC(162)  ParOldGen       total 1835008K, used 953956K [0x0000000080000000, 0x00000000f0000000, 0x00000000f0000000)
[44.147s][debug  ][gc,heap        ] GC(162)   object space 1835008K, 51% used [0x0000000080000000,0x00000000ba3991d8,0x00000000f0000000)
[44.147s][debug  ][gc,heap        ] GC(162)  Metaspace       used 1024K, committed 1216K, reserved 1056768K
[44.147s][debug  ][gc,heap        ] GC(162)   class space    used 83K, committed 192K, reserved 1048576K
[44.148s][debug  ][gc,task,time   ] GC(162) VM-Thread 441310633 441450260 441475186
[44.449s][debug  ][gc,heap        ] GC(163) Heap before GC invocations=164 (full 26):
[44.449s][debug  ][gc,heap        ] GC(163)  PSYoungGen      total 230400K, used 229095K [0x00000000f0000000, 0x0000000100000000, 0x0000000100000000)
[44.449s][debug  ][gc,heap        ] GC(163)   eden space 198656K, 99% used [0x00000000f0000000,0x00000000fc1b9d40,0x00000000fc200000)
[44.449s][debug  ][gc,heap        ] GC(163)   from space 31744K, 96% used [0x00000000fc200000,0x00000000fe000030,0x00000000fe100000)
[44.449s][debug  ][gc,heap        ] GC(163)   to   space 31744K, 0% used [0x00000000fe100000,0x00000000fe100000,0x0000000100000000)
[44.449s][debug  ][gc,heap        ] GC(163)  ParOldGen       total 1835008K, used 953956K [0x0000000080000000, 0x00000000f0000000, 0x00000000f0000000)
[44.449s][debug  ][gc,heap        ] GC(163)   object space 1835008K, 51% used [0x0000000080000000,0x00000000ba3991d8,0x00000000f0000000)
[44.449s][debug  ][gc,heap        ] GC(163)  Metaspace       used 1024K, committed 1216K, reserved 1056768K
[44.449s][debug  ][gc,heap        ] GC(163)   class space    used 83K, committed 192K, reserved 1048576K
[44.449s][debug  ][gc,tlab        ] GC(163) TLAB totals: thrds: 1  refills: 1 max: 1 slow allocs: 18 max 18 waste: 27.1% gc: 3905512B max: 3905512B slow: 0B max: 0B
[44.449s][info   ][gc,start       ] GC(163) Pause Young (Allocation Failure)
[44.449s][debug  ][gc,phases,start] GC(163) Scavenge
[44.459s][debug  ][gc,phases      ] GC(163) Scavenge 10.303ms
[44.460s][debug  ][gc,phases,start] GC(163) Reference Processing
[44.460s][debug  ][gc,ref         ] GC(163) Skipped phase 1 of Reference Processing: no references
[44.460s][debug  ][gc,ref         ] GC(163) Skipped phase 2 of Reference Processing: no references
[44.460s][debug  ][gc,ref         ] GC(163) Skipped phase 3 of Reference Processing: no references
[44.460s][debug  ][gc,ref         ] GC(163) Skipped phase 4 of Reference Processing: no references
[44.460s][debug  ][gc,phases,ref  ] GC(163) Reference Processing: 0.1ms
[44.460s][debug  ][gc,phases,ref  ] GC(163)   Reconsider SoftReferences: 0.0ms
[44.460s][debug  ][gc,phases,ref  ] GC(163)     SoftRef (ms):                  skipped
[44.460s][debug  ][gc,phases,ref  ] GC(163)   Notify Soft/WeakReferences: 0.0ms
[44.460s][debug  ][gc,phases,ref  ] GC(163)     SoftRef (ms):                  skipped
[44.460s][debug  ][gc,phases,ref  ] GC(163)     WeakRef (ms):                  skipped
[44.460s][debug  ][gc,phases,ref  ] GC(163)     FinalRef (ms):                 skipped
[44.460s][debug  ][gc,phases,ref  ] GC(163)     Total (ms):                    skipped
[44.460s][debug  ][gc,phases,ref  ] GC(163)   Notify and keep alive finalizable: 0.0ms
[44.460s][debug  ][gc,phases,ref  ] GC(163)     FinalRef (ms):                 skipped
[44.460s][debug  ][gc,phases,ref  ] GC(163)   Notify PhantomReferences: 0.0ms
[44.460s][debug  ][gc,phases,ref  ] GC(163)     PhantomRef (ms):               skipped
[44.460s][debug  ][gc,phases,ref  ] GC(163)   SoftReference:
[44.460s][debug  ][gc,phases,ref  ] GC(163)     Discovered: 0
[44.460s][debug  ][gc,phases,ref  ] GC(163)     Cleared: 0
[44.460s][debug  ][gc,phases,ref  ] GC(163)   WeakReference:
[44.460s][debug  ][gc,phases,ref  ] GC(163)     Discovered: 0
[44.460s][debug  ][gc,phases,ref  ] GC(163)     Cleared: 0
[44.460s][debug  ][gc,phases,ref  ] GC(163)   FinalReference:
[44.460s][debug  ][gc,phases,ref  ] GC(163)     Discovered: 0
[44.460s][debug  ][gc,phases,ref  ] GC(163)     Cleared: 0
[44.460s][debug  ][gc,phases,ref  ] GC(163)   PhantomReference:
[44.460s][debug  ][gc,phases,ref  ] GC(163)     Discovered: 0
[44.460s][debug  ][gc,phases,ref  ] GC(163)     Cleared: 0
[44.460s][debug  ][gc,phases      ] GC(163) Reference Processing 0.823ms
[44.460s][debug  ][gc,phases,start] GC(163) Weak Processing
[44.460s][debug  ][gc,phases      ] GC(163)   VM Weak                        Min:  0.0, Avg:  0.0, Max:  0.0, Diff:  0.0, Sum:  0.0, Workers: 6
[44.461s][debug  ][gc,phases      ] GC(163)     Dead                           Min: 0, Avg:  0.0, Max: 0, Diff: 0, Sum: 0, Workers: 6
[44.461s][debug  ][gc,phases      ] GC(163)     Total                          Min: 0, Avg:  1.3, Max: 8, Diff: 8, Sum: 8, Workers: 6
[44.461s][debug  ][gc,phases      ] GC(163)   ObjectSynchronizer Weak        Min:  0.0, Avg:  0.0, Max:  0.0, Diff:  0.0, Sum:  0.0, Workers: 6
[44.461s][debug  ][gc,phases      ] GC(163)     Dead                           Min: 0, Avg:  0.0, Max: 0, Diff: 0, Sum: 0, Workers: 6
[44.461s][debug  ][gc,phases      ] GC(163)     Total                          Min: 0, Avg:  0.5, Max: 3, Diff: 3, Sum: 3, Workers: 6
[44.461s][debug  ][gc,phases      ] GC(163)   JVMTI Tag Weak OopStorage      Min:  0.0, Avg:  0.0, Max:  0.0, Diff:  0.0, Sum:  0.0, Workers: 6
[44.461s][debug  ][gc,phases      ] GC(163)     Dead                           Min: 0, Avg:  0.0, Max: 0, Diff: 0, Sum: 0, Workers: 6
[44.461s][debug  ][gc,phases      ] GC(163)     Total                          Min: 0, Avg:  0.0, Max: 0, Diff: 0, Sum: 0, Workers: 6
[44.461s][debug  ][gc,phases      ] GC(163)   StringTable Weak               Min:  0.0, Avg:  0.0, Max:  0.0, Diff:  0.0, Sum:  0.0, Workers: 6
[44.461s][debug  ][gc,phases      ] GC(163)     Dead                           Min: 0, Avg:  0.0, Max: 0, Diff: 0, Sum: 0, Workers: 6
[44.461s][debug  ][gc,phases      ] GC(163)     Total                          Min: 768, Avg: 892.5, Max: 1024, Diff: 256, Sum: 5355, Workers: 6
[44.461s][debug  ][gc,phases      ] GC(163)   ResolvedMethodTable Weak       Min:  0.0, Avg:  0.0, Max:  0.0, Diff:  0.0, Sum:  0.0, Workers: 6
[44.461s][debug  ][gc,phases      ] GC(163)     Dead                           Min: 0, Avg:  0.0, Max: 0, Diff: 0, Sum: 0, Workers: 6
[44.461s][debug  ][gc,phases      ] GC(163)     Total                          Min: 0, Avg: 21.5, Max: 64, Diff: 64, Sum: 129, Workers: 6
[44.461s][debug  ][gc,phases      ] GC(163)   JNI Weak                       Min:  0.0, Avg:  0.0, Max:  0.0, Diff:  0.0, Sum:  0.0, Workers: 6
[44.461s][debug  ][gc,phases      ] GC(163)     Dead                           Min: 0, Avg:  0.0, Max: 0, Diff: 0, Sum: 0, Workers: 6
[44.461s][debug  ][gc,phases      ] GC(163)     Total                          Min: 0, Avg:  0.0, Max: 0, Diff: 0, Sum: 0, Workers: 6
[44.461s][debug  ][gc,phases      ] GC(163)   StringDedup Table Weak         Min:  0.0, Avg:  0.0, Max:  0.0, Diff:  0.0, Sum:  0.0, Workers: 6
[44.461s][debug  ][gc,phases      ] GC(163)     Dead                           Min: 0, Avg:  0.0, Max: 0, Diff: 0, Sum: 0, Workers: 6
[44.461s][debug  ][gc,phases      ] GC(163)     Total                          Min: 0, Avg:  0.0, Max: 0, Diff: 0, Sum: 0, Workers: 6
[44.461s][debug  ][gc,phases      ] GC(163)   StringDedup Requests0 Weak     Min:  0.0, Avg:  0.0, Max:  0.0, Diff:  0.0, Sum:  0.0, Workers: 6
[44.461s][debug  ][gc,phases      ] GC(163)     Dead                           Min: 0, Avg:  0.0, Max: 0, Diff: 0, Sum: 0, Workers: 6
[44.461s][debug  ][gc,phases      ] GC(163)     Total                          Min: 0, Avg:  0.0, Max: 0, Diff: 0, Sum: 0, Workers: 6
[44.461s][debug  ][gc,phases      ] GC(163)   StringDedup Requests1 Weak     Min:  0.0, Avg:  0.0, Max:  0.0, Diff:  0.0, Sum:  0.0, Workers: 6
[44.461s][debug  ][gc,phases      ] GC(163)     Dead                           Min: 0, Avg:  0.0, Max: 0, Diff: 0, Sum: 0, Workers: 6
[44.461s][debug  ][gc,phases      ] GC(163)     Total                          Min: 0, Avg:  0.0, Max: 0, Diff: 0, Sum: 0, Workers: 6
[44.461s][debug  ][gc,phases      ] GC(163)   Weak JFR Old Object Samples    Min:  0.0, Avg:  0.0, Max:  0.0, Diff:  0.0, Sum:  0.0, Workers: 6
[44.461s][debug  ][gc,phases      ] GC(163)     Dead                           Min: 0, Avg:  0.0, Max: 0, Diff: 0, Sum: 0, Workers: 6
[44.461s][debug  ][gc,phases      ] GC(163)     Total                          Min: 0, Avg:  0.0, Max: 0, Diff: 0, Sum: 0, Workers: 6
[44.461s][debug  ][gc,phases      ] GC(163) Weak Processing 0.932ms
[44.461s][debug  ][gc,ergo        ] GC(163) AdaptiveSizeStart:  collection: 164 
[44.461s][debug  ][gc,ergo        ] GC(163) avg_survived_padded_avg: 32292296.000000
[44.461s][debug  ][gc,ergo        ] GC(163) avg_promoted_padded_avg: 253309088.000000  avg_pretenured_padded_avg: 0.000000  tenuring_thresh: 15  target_size: 32505856
[44.461s][debug  ][gc,age         ] GC(163) Desired survivor size 32505856 bytes, new threshold 15 (max threshold 15)
[44.461s][debug  ][gc,ergo        ] GC(163) PSAdaptiveSizePolicy::compute_eden_space_size limits: desired_eden_size: 222325371 old_eden_size: 203423744 eden_limit: 203423744 cur_eden: 203423744 max_eden_size: 203423744 avg_young_live: 26363028
[44.461s][debug  ][gc,ergo        ] GC(163) PSAdaptiveSizePolicy::compute_eden_space_size: costs minor_time: 0.044619 major_cost: 0.051916 mutator_cost: 0.903465 throughput_goal: 0.990000
[44.462s][debug  ][gc,ergo        ] GC(163) Live_space: 1073141760 free_space: 1403518976
[44.462s][debug  ][gc,ergo        ] GC(163) Old eden_size: 203423744 desired_eden_size: 203423744
[44.462s][debug  ][gc,ergo        ] GC(163) AdaptiveSizeStop: collection: 164 
[44.462s][info   ][gc,heap        ] GC(163) PSYoungGen: 229095K(230400K)->30720K(230400K) Eden: 198375K(198656K)->0K(198656K) From: 30720K(31744K)->30720K(31744K)
[44.462s][info   ][gc,heap        ] GC(163) ParOldGen: 953956K(1835008K)->1076836K(1835008K)
[44.462s][info   ][gc,metaspace   ] GC(163) Metaspace: 1024K(1216K)->1024K(1216K) NonClass: 940K(1024K)->940K(1024K) Class: 83K(192K)->83K(192K)
[44.462s][info   ][gc             ] GC(163) Pause Young (Allocation Failure) 1155M->1081M(2017M) 12.571ms
[44.462s][info   ][gc,cpu         ] GC(163) User=0.02s Sys=0.00s Real=0.01s
[44.462s][debug  ][gc,heap        ] GC(163) Heap after GC invocations=164 (full 26):
[44.462s][debug  ][gc,heap        ] GC(163)  PSYoungGen      total 230400K, used 30720K [0x00000000f0000000, 0x0000000100000000, 0x0000000100000000)
[44.462s][debug  ][gc,heap        ] GC(163)   eden space 198656K, 0% used [0x00000000f0000000,0x00000000f0000000,0x00000000fc200000)
[44.462s][debug  ][gc,heap        ] GC(163)   from space 31744K, 96% used [0x00000000fe100000,0x00000000fff00030,0x0000000100000000)
[44.462s][debug  ][gc,heap        ] GC(163)   to   space 31744K, 0% used [0x00000000fc200000,0x00000000fc200000,0x00000000fe100000)
[44.462s][debug  ][gc,heap        ] GC(163)  ParOldGen       total 1835008K, used 1076836K [0x0000000080000000, 0x00000000f0000000, 0x00000000f0000000)
[44.462s][debug  ][gc,heap        ] GC(163)   object space 1835008K, 58% used [0x0000000080000000,0x00000000c1b99298,0x00000000f0000000)
[44.462s][debug  ][gc,heap        ] GC(163)  Metaspace       used 1024K, committed 1216K, reserved 1056768K
[44.462s][debug  ][gc,heap        ] GC(163)   class space    used 83K, committed 192K, reserved 1048576K
[44.462s][debug  ][gc,task,time   ] GC(163) VM-Thread 444486402 444595411 444618986
[44.765s][debug  ][gc,heap        ] GC(164) Heap before GC invocations=165 (full 26):
[44.765s][debug  ][gc,heap        ] GC(164)  PSYoungGen      total 230400K, used 229123K [0x00000000f0000000, 0x0000000100000000, 0x0000000100000000)
[44.765s][debug  ][gc,heap        ] GC(164)   eden space 198656K, 99% used [0x00000000f0000000,0x00000000fc1c0fa0,0x00000000fc200000)
[44.765s][debug  ][gc,heap        ] GC(164)   from space 31744K, 96% used [0x00000000fe100000,0x00000000fff00030,0x0000000100000000)
[44.765s][debug  ][gc,heap        ] GC(164)   to   space 31744K, 0% used [0x00000000fc200000,0x00000000fc200000,0x00000000fe100000)
[44.765s][debug  ][gc,heap        ] GC(164)  ParOldGen       total 1835008K, used 1076836K [0x0000000080000000, 0x00000000f0000000, 0x00000000f0000000)
[44.765s][debug  ][gc,heap        ] GC(164)   object space 1835008K, 58% used [0x0000000080000000,0x00000000c1b99298,0x00000000f0000000)
[44.765s][debug  ][gc,heap        ] GC(164)  Metaspace       used 1024K, committed 1216K, reserved 1056768K
[44.765s][debug  ][gc,heap        ] GC(164)   class space    used 83K, committed 192K, reserved 1048576K
[44.765s][debug  ][gc,tlab        ] GC(164) TLAB totals: thrds: 1  refills: 1 max: 1 slow allocs: 18 max 18 waste: 27.3% gc: 3935856B max: 3935856B slow: 0B max: 0B
[44.765s][info   ][gc,start       ] GC(164) Pause Young (Allocation Failure)
[44.765s][debug  ][gc,phases,start] GC(164) Scavenge
[44.780s][debug  ][gc,phases      ] GC(164) Scavenge 15.010ms
[44.780s][debug  ][gc,phases,start] GC(164) Reference Processing
[44.781s][debug  ][gc,ref         ] GC(164) Skipped phase 1 of Reference Processing: no references
[44.781s][debug  ][gc,ref         ] GC(164) Skipped phase 2 of Reference Processing: no references
[44.781s][debug  ][gc,ref         ] GC(164) Skipped phase 3 of Reference Processing: no references
[44.781s][debug  ][gc,ref         ] GC(164) Skipped phase 4 of Reference Processing: no references
[44.781s][debug  ][gc,phases,ref  ] GC(164) Reference Processing: 0.1ms
[44.781s][debug  ][gc,phases,ref  ] GC(164)   Reconsider SoftReferences: 0.0ms
[44.781s][debug  ][gc,phases,ref  ] GC(164)     SoftRef (ms):                  skipped
[44.781s][debug  ][gc,phases,ref  ] GC(164)   Notify Soft/WeakReferences: 0.0ms
[44.781s][debug  ][gc,phases,ref  ] GC(164)     SoftRef (ms):                  skipped
[44.781s][debug  ][gc,phases,ref  ] GC(164)     WeakRef (ms):                  skipped
[44.781s][debug  ][gc,phases,ref  ] GC(164)     FinalRef (ms):                 skipped
[44.781s][debug  ][gc,phases,ref  ] GC(164)     Total (ms):                    skipped
[44.781s][debug  ][gc,phases,ref  ] GC(164)   Notify and keep alive finalizable: 0.0ms
[44.781s][debug  ][gc,phases,ref  ] GC(164)     FinalRef (ms):                 skipped
[44.781s][debug  ][gc,phases,ref  ] GC(164)   Notify PhantomReferences: 0.0ms
[44.781s][debug  ][gc,phases,ref  ] GC(164)     PhantomRef (ms):               skipped
[44.781s][debug  ][gc,phases,ref  ] GC(164)   SoftReference:
[44.781s][debug  ][gc,phases,ref  ] GC(164)     Discovered: 0
[44.781s][debug  ][gc,phases,ref  ] GC(164)     Cleared: 0
[44.781s][debug  ][gc,phases,ref  ] GC(164)   WeakReference:
[44.781s][debug  ][gc,phases,ref  ] GC(164)     Discovered: 0
[44.781s][debug  ][gc,phases,ref  ] GC(164)     Cleared: 0
[44.781s][debug  ][gc,phases,ref  ] GC(164)   FinalReference:
[44.781s][debug  ][gc,phases,ref  ] GC(164)     Discovered: 0
[44.781s][debug  ][gc,phases,ref  ] GC(164)     Cleared: 0
[44.781s][debug  ][gc,phases,ref  ] GC(164)   PhantomReference:
[44.781s][debug  ][gc,phases,ref  ] GC(164)     Discovered: 0
[44.781s][debug  ][gc,phases,ref  ] GC(164)     Cleared: 0
[44.781s][debug  ][gc,phases      ] GC(164) Reference Processing 0.717ms
[44.781s][debug  ][gc,phases,start] GC(164) Weak Processing
[44.781s][debug  ][gc,phases      ] GC(164)   VM Weak                        Min:  0.0, Avg:  0.0, Max:  0.0, Diff:  0.0, Sum:  0.0, Workers: 6
[44.781s][debug  ][gc,phases      ] GC(164)     Dead                           Min: 0, Avg:  0.0, Max: 0, Diff: 0, Sum: 0, Workers: 6
[44.781s][debug  ][gc,phases      ] GC(164)     Total                          Min: 0, Avg:  1.3, Max: 8, Diff: 8, Sum: 8, Workers: 6
[44.781s][debug  ][gc,phases      ] GC(164)   ObjectSynchronizer Weak        Min:  0.0, Avg:  0.0, Max:  0.0, Diff:  0.0, Sum:  0.0, Workers: 6
[44.781s][debug  ][gc,phases      ] GC(164)     Dead                           Min: 0, Avg:  0.0, Max: 0, Diff: 0, Sum: 0, Workers: 6
[44.781s][debug  ][gc,phases      ] GC(164)     Total                          Min: 0, Avg:  0.5, Max: 3, Diff: 3, Sum: 3, Workers: 6
[44.781s][debug  ][gc,phases      ] GC(164)   JVMTI Tag Weak OopStorage      Min:  0.0, Avg:  0.0, Max:  0.0, Diff:  0.0, Sum:  0.0, Workers: 6
[44.781s][debug  ][gc,phases      ] GC(164)     Dead                           Min: 0, Avg:  0.0, Max: 0, Diff: 0, Sum: 0, Workers: 6
[44.782s][debug  ][gc,phases      ] GC(164)     Total                          Min: 0, Avg:  0.0, Max: 0, Diff: 0, Sum: 0, Workers: 6
[44.782s][debug  ][gc,phases      ] GC(164)   StringTable Weak               Min:  0.0, Avg:  0.0, Max:  0.0, Diff:  0.0, Sum:  0.0, Workers: 6
[44.782s][debug  ][gc,phases      ] GC(164)     Dead                           Min: 0, Avg:  0.0, Max: 0, Diff: 0, Sum: 0, Workers: 6
[44.782s][debug  ][gc,phases      ] GC(164)     Total                          Min: 748, Avg: 892.5, Max: 1152, Diff: 404, Sum: 5355, Workers: 6
[44.782s][debug  ][gc,phases      ] GC(164)   ResolvedMethodTable Weak       Min:  0.0, Avg:  0.0, Max:  0.0, Diff:  0.0, Sum:  0.0, Workers: 6
[44.782s][debug  ][gc,phases      ] GC(164)     Dead                           Min: 0, Avg:  0.0, Max: 0, Diff: 0, Sum: 0, Workers: 6
[44.782s][debug  ][gc,phases      ] GC(164)     Total                          Min: 0, Avg: 21.5, Max: 64, Diff: 64, Sum: 129, Workers: 6
[44.782s][debug  ][gc,phases      ] GC(164)   JNI Weak                       Min:  0.0, Avg:  0.0, Max:  0.0, Diff:  0.0, Sum:  0.0, Workers: 6
[44.782s][debug  ][gc,phases      ] GC(164)     Dead                           Min: 0, Avg:  0.0, Max: 0, Diff: 0, Sum: 0, Workers: 6
[44.782s][debug  ][gc,phases      ] GC(164)     Total                          Min: 0, Avg:  0.0, Max: 0, Diff: 0, Sum: 0, Workers: 6
[44.782s][debug  ][gc,phases      ] GC(164)   StringDedup Table Weak         Min:  0.0, Avg:  0.0, Max:  0.0, Diff:  0.0, Sum:  0.0, Workers: 6
[44.782s][debug  ][gc,phases      ] GC(164)     Dead                           Min: 0, Avg:  0.0, Max: 0, Diff: 0, Sum: 0, Workers: 6
[44.782s][debug  ][gc,phases      ] GC(164)     Total                          Min: 0, Avg:  0.0, Max: 0, Diff: 0, Sum: 0, Workers: 6
[44.782s][debug  ][gc,phases      ] GC(164)   StringDedup Requests0 Weak     Min:  0.0, Avg:  0.0, Max:  0.0, Diff:  0.0, Sum:  0.0, Workers: 6
[44.782s][debug  ][gc,phases      ] GC(164)     Dead                           Min: 0, Avg:  0.0, Max: 0, Diff: 0, Sum: 0, Workers: 6
[44.782s][debug  ][gc,phases      ] GC(164)     Total                          Min: 0, Avg:  0.0, Max: 0, Diff: 0, Sum: 0, Workers: 6
[44.782s][debug  ][gc,phases      ] GC(164)   StringDedup Requests1 Weak     Min:  0.0, Avg:  0.0, Max:  0.0, Diff:  0.0, Sum:  0.0, Workers: 6
[44.782s][debug  ][gc,phases      ] GC(164)     Dead                           Min: 0, Avg:  0.0, Max: 0, Diff: 0, Sum: 0, Workers: 6
[44.782s][debug  ][gc,phases      ] GC(164)     Total                          Min: 0, Avg:  0.0, Max: 0, Diff: 0, Sum: 0, Workers: 6
[44.782s][debug  ][gc,phases      ] GC(164)   Weak JFR Old Object Samples    Min:  0.0, Avg:  0.0, Max:  0.0, Diff:  0.0, Sum:  0.0, Workers: 6
[44.782s][debug  ][gc,phases      ] GC(164)     Dead                           Min: 0, Avg:  0.0, Max: 0, Diff: 0, Sum: 0, Workers: 6
[44.782s][debug  ][gc,phases      ] GC(164)     Total                          Min: 0, Avg:  0.0, Max: 0, Diff: 0, Sum: 0, Workers: 6
[44.782s][debug  ][gc,phases      ] GC(164) Weak Processing 0.927ms
[44.782s][debug  ][gc,ergo        ] GC(164) AdaptiveSizeStart:  collection: 165 
[44.782s][debug  ][gc,ergo        ] GC(164) avg_survived_padded_avg: 32227092.000000
[44.782s][debug  ][gc,ergo        ] GC(164) avg_promoted_padded_avg: 257980672.000000  avg_pretenured_padded_avg: 0.000000  tenuring_thresh: 15  target_size: 32505856
[44.782s][debug  ][gc,age         ] GC(164) Desired survivor size 32505856 bytes, new threshold 15 (max threshold 15)
[44.782s][debug  ][gc,ergo        ] GC(164) PSAdaptiveSizePolicy::compute_eden_space_size limits: desired_eden_size: 222754957 old_eden_size: 203423744 eden_limit: 203423744 cur_eden: 203423744 max_eden_size: 203423744 avg_young_live: 26872458
[44.782s][debug  ][gc,ergo        ] GC(164) PSAdaptiveSizePolicy::compute_eden_space_size: costs minor_time: 0.046542 major_cost: 0.051916 mutator_cost: 0.901541 throughput_goal: 0.990000
[44.782s][debug  ][gc,ergo        ] GC(164) Live_space: 1073651136 free_space: 1403518976
[44.782s][debug  ][gc,ergo        ] GC(164) Old eden_size: 203423744 desired_eden_size: 203423744
[44.782s][debug  ][gc,ergo        ] GC(164) AdaptiveSizeStop: collection: 165 
[44.782s][info   ][gc,heap        ] GC(164) PSYoungGen: 229123K(230400K)->30720K(230400K) Eden: 198403K(198656K)->0K(198656K) From: 30720K(31744K)->30720K(31744K)
[44.782s][info   ][gc,heap        ] GC(164) ParOldGen: 1076836K(1835008K)->1271396K(1835008K)
[44.782s][info   ][gc,metaspace   ] GC(164) Metaspace: 1024K(1216K)->1024K(1216K) NonClass: 940K(1024K)->940K(1024K) Class: 83K(192K)->83K(192K)
[44.782s][info   ][gc             ] GC(164) Pause Young (Allocation Failure) 1275M->1271M(2017M) 17.206ms
[44.782s][info   ][gc,cpu         ] GC(164) User=0.12s Sys=0.00s Real=0.02s
[44.783s][debug  ][gc,heap        ] GC(164) Heap after GC invocations=165 (full 26):
[44.783s][debug  ][gc,heap        ] GC(164)  PSYoungGen      total 230400K, used 30720K [0x00000000f0000000, 0x0000000100000000, 0x0000000100000000)
[44.783s][debug  ][gc,heap        ] GC(164)   eden space 198656K, 0% used [0x00000000f0000000,0x00000000f0000000,0x00000000fc200000)
[44.783s][debug  ][gc,heap        ] GC(164)   from space 31744K, 96% used [0x00000000fc200000,0x00000000fe000030,0x00000000fe100000)
[44.783s][debug  ][gc,heap        ] GC(164)   to   space 31744K, 0% used [0x00000000fe100000,0x00000000fe100000,0x0000000100000000)
[44.783s][debug  ][gc,heap        ] GC(164)  ParOldGen       total 1835008K, used 1271396K [0x0000000080000000, 0x00000000f0000000, 0x00000000f0000000)
[44.783s][debug  ][gc,heap        ] GC(164)   object space 1835008K, 69% used [0x0000000080000000,0x00000000cd9993c8,0x00000000f0000000)
[44.783s][debug  ][gc,heap        ] GC(164)  Metaspace       used 1024K, committed 1216K, reserved 1056768K
[44.783s][debug  ][gc,heap        ] GC(164)   class space    used 83K, committed 192K, reserved 1048576K
[44.783s][debug  ][gc,task,time   ] GC(164) VM-Thread 447646740 447804717 447827099
[45.080s][debug  ][gc,heap        ] GC(165) Heap before GC invocations=166 (full 26):
[45.080s][debug  ][gc,heap        ] GC(165)  PSYoungGen      total 230400K, used 229142K [0x00000000f0000000, 0x0000000100000000, 0x0000000100000000)
[45.080s][debug  ][gc,heap        ] GC(165)   eden space 198656K, 99% used [0x00000000f0000000,0x00000000fc1c5930,0x00000000fc200000)
[45.080s][debug  ][gc,heap        ] GC(165)   from space 31744K, 96% used [0x00000000fc200000,0x00000000fe000030,0x00000000fe100000)
[45.080s][debug  ][gc,heap        ] GC(165)   to   space 31744K, 0% used [0x00000000fe100000,0x00000000fe100000,0x0000000100000000)
[45.080s][debug  ][gc,heap        ] GC(165)  ParOldGen       total 1835008K, used 1271396K [0x0000000080000000, 0x00000000f0000000, 0x00000000f0000000)
[45.080s][debug  ][gc,heap        ] GC(165)   object space 1835008K, 69% used [0x0000000080000000,0x00000000cd9993c8,0x00000000f0000000)
[45.080s][debug  ][gc,heap        ] GC(165)  Metaspace       used 1024K, committed 1216K, reserved 1056768K
[45.080s][debug  ][gc,heap        ] GC(165)   class space    used 83K, committed 192K, reserved 1048576K
[45.080s][debug  ][gc,tlab        ] GC(165) TLAB totals: thrds: 1  refills: 1 max: 1 slow allocs: 18 max 18 waste: 27.4% gc: 3954688B max: 3954688B slow: 0B max: 0B
[45.080s][info   ][gc,start       ] GC(165) Pause Young (Allocation Failure)
[45.080s][debug  ][gc,phases,start] GC(165) Scavenge
[45.095s][debug  ][gc,phases      ] GC(165) Scavenge 15.187ms
[45.095s][debug  ][gc,phases,start] GC(165) Reference Processing
[45.095s][debug  ][gc,ref         ] GC(165) Skipped phase 1 of Reference Processing: no references
[45.095s][debug  ][gc,ref         ] GC(165) Skipped phase 2 of Reference Processing: no references
[45.095s][debug  ][gc,ref         ] GC(165) Skipped phase 3 of Reference Processing: no references
[45.095s][debug  ][gc,ref         ] GC(165) Skipped phase 4 of Reference Processing: no references
[45.096s][debug  ][gc,phases,ref  ] GC(165) Reference Processing: 0.1ms
[45.096s][debug  ][gc,phases,ref  ] GC(165)   Reconsider SoftReferences: 0.0ms
[45.096s][debug  ][gc,phases,ref  ] GC(165)     SoftRef (ms):                  skipped
[45.096s][debug  ][gc,phases,ref  ] GC(165)   Notify Soft/WeakReferences: 0.0ms
[45.096s][debug  ][gc,phases,ref  ] GC(165)     SoftRef (ms):                  skipped
[45.096s][debug  ][gc,phases,ref  ] GC(165)     WeakRef (ms):                  skipped
[45.096s][debug  ][gc,phases,ref  ] GC(165)     FinalRef (ms):                 skipped
[45.096s][debug  ][gc,phases,ref  ] GC(165)     Total (ms):                    skipped
[45.096s][debug  ][gc,phases,ref  ] GC(165)   Notify and keep alive finalizable: 0.0ms
[45.096s][debug  ][gc,phases,ref  ] GC(165)     FinalRef (ms):                 skipped
[45.096s][debug  ][gc,phases,ref  ] GC(165)   Notify PhantomReferences: 0.0ms
[45.096s][debug  ][gc,phases,ref  ] GC(165)     PhantomRef (ms):               skipped
[45.096s][debug  ][gc,phases,ref  ] GC(165)   SoftReference:
[45.096s][debug  ][gc,phases,ref  ] GC(165)     Discovered: 0
[45.096s][debug  ][gc,phases,ref  ] GC(165)     Cleared: 0
[45.096s][debug  ][gc,phases,ref  ] GC(165)   WeakReference:
[45.096s][debug  ][gc,phases,ref  ] GC(165)     Discovered: 0
[45.096s][debug  ][gc,phases,ref  ] GC(165)     Cleared: 0
[45.096s][debug  ][gc,phases,ref  ] GC(165)   FinalReference:
[45.096s][debug  ][gc,phases,ref  ] GC(165)     Discovered: 0
[45.096s][debug  ][gc,phases,ref  ] GC(165)     Cleared: 0
[45.096s][debug  ][gc,phases,ref  ] GC(165)   PhantomReference:
[45.096s][debug  ][gc,phases,ref  ] GC(165)     Discovered: 0
[45.096s][debug  ][gc,phases,ref  ] GC(165)     Cleared: 0
[45.096s][debug  ][gc,phases      ] GC(165) Reference Processing 0.987ms
[45.096s][debug  ][gc,phases,start] GC(165) Weak Processing
[45.096s][debug  ][gc,phases      ] GC(165)   VM Weak                        Min:  0.0, Avg:  0.0, Max:  0.0, Diff:  0.0, Sum:  0.0, Workers: 6
[45.096s][debug  ][gc,phases      ] GC(165)     Dead                           Min: 0, Avg:  0.0, Max: 0, Diff: 0, Sum: 0, Workers: 6
[45.097s][debug  ][gc,phases      ] GC(165)     Total                          Min: 0, Avg:  1.3, Max: 8, Diff: 8, Sum: 8, Workers: 6
[45.097s][debug  ][gc,phases      ] GC(165)   ObjectSynchronizer Weak        Min:  0.0, Avg:  0.0, Max:  0.0, Diff:  0.0, Sum:  0.0, Workers: 6
[45.097s][debug  ][gc,phases      ] GC(165)     Dead                           Min: 0, Avg:  0.0, Max: 0, Diff: 0, Sum: 0, Workers: 6
[45.097s][debug  ][gc,phases      ] GC(165)     Total                          Min: 0, Avg:  0.5, Max: 3, Diff: 3, Sum: 3, Workers: 6
[45.097s][debug  ][gc,phases      ] GC(165)   JVMTI Tag Weak OopStorage      Min:  0.0, Avg:  0.0, Max:  0.0, Diff:  0.0, Sum:  0.0, Workers: 6
[45.097s][debug  ][gc,phases      ] GC(165)     Dead                           Min: 0, Avg:  0.0, Max: 0, Diff: 0, Sum: 0, Workers: 6
[45.097s][debug  ][gc,phases      ] GC(165)     Total                          Min: 0, Avg:  0.0, Max: 0, Diff: 0, Sum: 0, Workers: 6
[45.097s][debug  ][gc,phases      ] GC(165)   StringTable Weak               Min:  0.0, Avg:  0.0, Max:  0.0, Diff:  0.0, Sum:  0.0, Workers: 6
[45.097s][debug  ][gc,phases      ] GC(165)     Dead                           Min: 0, Avg:  0.0, Max: 0, Diff: 0, Sum: 0, Workers: 6
[45.097s][debug  ][gc,phases      ] GC(165)     Total                          Min: 704, Avg: 892.5, Max: 1024, Diff: 320, Sum: 5355, Workers: 6
[45.097s][debug  ][gc,phases      ] GC(165)   ResolvedMethodTable Weak       Min:  0.0, Avg:  0.0, Max:  0.0, Diff:  0.0, Sum:  0.0, Workers: 6
[45.097s][debug  ][gc,phases      ] GC(165)     Dead                           Min: 0, Avg:  0.0, Max: 0, Diff: 0, Sum: 0, Workers: 6
[45.097s][debug  ][gc,phases      ] GC(165)     Total                          Min: 0, Avg: 21.5, Max: 64, Diff: 64, Sum: 129, Workers: 6
[45.097s][debug  ][gc,phases      ] GC(165)   JNI Weak                       Min:  0.0, Avg:  0.0, Max:  0.0, Diff:  0.0, Sum:  0.0, Workers: 6
[45.097s][debug  ][gc,phases      ] GC(165)     Dead                           Min: 0, Avg:  0.0, Max: 0, Diff: 0, Sum: 0, Workers: 6
[45.097s][debug  ][gc,phases      ] GC(165)     Total                          Min: 0, Avg:  0.0, Max: 0, Diff: 0, Sum: 0, Workers: 6
[45.097s][debug  ][gc,phases      ] GC(165)   StringDedup Table Weak         Min:  0.0, Avg:  0.0, Max:  0.0, Diff:  0.0, Sum:  0.0, Workers: 6
[45.097s][debug  ][gc,phases      ] GC(165)     Dead                           Min: 0, Avg:  0.0, Max: 0, Diff: 0, Sum: 0, Workers: 6
[45.097s][debug  ][gc,phases      ] GC(165)     Total                          Min: 0, Avg:  0.0, Max: 0, Diff: 0, Sum: 0, Workers: 6
[45.097s][debug  ][gc,phases      ] GC(165)   StringDedup Requests0 Weak     Min:  0.0, Avg:  0.0, Max:  0.0, Diff:  0.0, Sum:  0.0, Workers: 6
[45.097s][debug  ][gc,phases      ] GC(165)     Dead                           Min: 0, Avg:  0.0, Max: 0, Diff: 0, Sum: 0, Workers: 6
[45.097s][debug  ][gc,phases      ] GC(165)     Total                          Min: 0, Avg:  0.0, Max: 0, Diff: 0, Sum: 0, Workers: 6
[45.097s][debug  ][gc,phases      ] GC(165)   StringDedup Requests1 Weak     Min:  0.0, Avg:  0.0, Max:  0.0, Diff:  0.0, Sum:  0.0, Workers: 6
[45.097s][debug  ][gc,phases      ] GC(165)     Dead                           Min: 0, Avg:  0.0, Max: 0, Diff: 0, Sum: 0, Workers: 6
[45.097s][debug  ][gc,phases      ] GC(165)     Total                          Min: 0, Avg:  0.0, Max: 0, Diff: 0, Sum: 0, Workers: 6
[45.097s][debug  ][gc,phases      ] GC(165)   Weak JFR Old Object Samples    Min:  0.0, Avg:  0.0, Max:  0.0, Diff:  0.0, Sum:  0.0, Workers: 6
[45.097s][debug  ][gc,phases      ] GC(165)     Dead                           Min: 0, Avg:  0.0, Max: 0, Diff: 0, Sum: 0, Workers: 6
[45.097s][debug  ][gc,phases      ] GC(165)     Total                          Min: 0, Avg:  0.0, Max: 0, Diff: 0, Sum: 0, Workers: 6
[45.097s][debug  ][gc,phases      ] GC(165) Weak Processing 0.762ms
[45.097s][debug  ][gc,ergo        ] GC(165) AdaptiveSizeStart:  collection: 166 
[45.097s][debug  ][gc,ergo        ] GC(165) avg_survived_padded_avg: 32166582.000000
[45.097s][debug  ][gc,ergo        ] GC(165) avg_promoted_padded_avg: 261177152.000000  avg_pretenured_padded_avg: 0.000000  tenuring_thresh: 15  target_size: 32505856
[45.097s][debug  ][gc,age         ] GC(165) Desired survivor size 32505856 bytes, new threshold 15 (max threshold 15)
[45.097s][debug  ][gc,ergo        ] GC(165) PSAdaptiveSizePolicy::compute_eden_space_size limits: desired_eden_size: 223166859 old_eden_size: 203423744 eden_limit: 203423744 cur_eden: 203423744 max_eden_size: 203423744 avg_young_live: 27330946
[45.097s][debug  ][gc,ergo        ] GC(165) PSAdaptiveSizePolicy::compute_eden_space_size: costs minor_time: 0.048460 major_cost: 0.051916 mutator_cost: 0.899624 throughput_goal: 0.990000
[45.097s][debug  ][gc,ergo        ] GC(165) Live_space: 1074109696 free_space: 1403518976
[45.097s][debug  ][gc,ergo        ] GC(165) Old eden_size: 203423744 desired_eden_size: 203423744
[45.097s][debug  ][gc,ergo        ] GC(165) AdaptiveSizeStop: collection: 166 
[45.097s][info   ][gc,heap        ] GC(165) PSYoungGen: 229142K(230400K)->30720K(230400K) Eden: 198422K(198656K)->0K(198656K) From: 30720K(31744K)->30720K(31744K)
[45.097s][info   ][gc,heap        ] GC(165) ParOldGen: 1271396K(1835008K)->1465957K(1835008K)
[45.097s][info   ][gc,metaspace   ] GC(165) Metaspace: 1024K(1216K)->1024K(1216K) NonClass: 940K(1024K)->940K(1024K) Class: 83K(192K)->83K(192K)
[45.097s][info   ][gc             ] GC(165) Pause Young (Allocation Failure) 1465M->1461M(2017M) 17.424ms
[45.097s][info   ][gc,cpu         ] GC(165) User=0.12s Sys=0.00s Real=0.02s
[45.098s][debug  ][gc,heap        ] GC(165) Heap after GC invocations=166 (full 26):
[45.098s][debug  ][gc,heap        ] GC(165)  PSYoungGen      total 230400K, used 30720K [0x00000000f0000000, 0x0000000100000000, 0x0000000100000000)
[45.098s][debug  ][gc,heap        ] GC(165)   eden space 198656K, 0% used [0x00000000f0000000,0x00000000f0000000,0x00000000fc200000)
[45.098s][debug  ][gc,heap        ] GC(165)   from space 31744K, 96% used [0x00000000fe100000,0x00000000fff00030,0x0000000100000000)
[45.098s][debug  ][gc,heap        ] GC(165)   to   space 31744K, 0% used [0x00000000fc200000,0x00000000fc200000,0x00000000fe100000)
[45.098s][debug  ][gc,heap        ] GC(165)  ParOldGen       total 1835008K, used 1465957K [0x0000000080000000, 0x00000000f0000000, 0x00000000f0000000)
[45.098s][debug  ][gc,heap        ] GC(165)   object space 1835008K, 79% used [0x0000000080000000,0x00000000d97994f8,0x00000000f0000000)
[45.098s][debug  ][gc,heap        ] GC(165)  Metaspace       used 1024K, committed 1216K, reserved 1056768K
[45.098s][debug  ][gc,heap        ] GC(165)   class space    used 83K, committed 192K, reserved 1048576K
[45.098s][debug  ][gc,task,time   ] GC(165) VM-Thread 450795996 450953412 450977074
[45.396s][debug  ][gc,heap        ] GC(166) Heap before GC invocations=167 (full 26):
[45.396s][debug  ][gc,heap        ] GC(166)  PSYoungGen      total 230400K, used 229154K [0x00000000f0000000, 0x0000000100000000, 0x0000000100000000)
[45.396s][debug  ][gc,heap        ] GC(166)   eden space 198656K, 99% used [0x00000000f0000000,0x00000000fc1c8880,0x00000000fc200000)
[45.396s][debug  ][gc,heap        ] GC(166)   from space 31744K, 96% used [0x00000000fe100000,0x00000000fff00030,0x0000000100000000)
[45.396s][debug  ][gc,heap        ] GC(166)   to   space 31744K, 0% used [0x00000000fc200000,0x00000000fc200000,0x00000000fe100000)
[45.396s][debug  ][gc,heap        ] GC(166)  ParOldGen       total 1835008K, used 1465957K [0x0000000080000000, 0x00000000f0000000, 0x00000000f0000000)
[45.396s][debug  ][gc,heap        ] GC(166)   object space 1835008K, 79% used [0x0000000080000000,0x00000000d97994f8,0x00000000f0000000)
[45.396s][debug  ][gc,heap        ] GC(166)  Metaspace       used 1024K, committed 1216K, reserved 1056768K
[45.396s][debug  ][gc,heap        ] GC(166)   class space    used 83K, committed 192K, reserved 1048576K
[45.396s][debug  ][gc,tlab        ] GC(166) TLAB totals: thrds: 1  refills: 1 max: 1 slow allocs: 18 max 18 waste: 27.4% gc: 3966800B max: 3966800B slow: 0B max: 0B
[45.396s][info   ][gc,start       ] GC(166) Pause Young (Allocation Failure)
[45.396s][debug  ][gc,phases,start] GC(166) Scavenge
[45.411s][debug  ][gc,phases      ] GC(166) Scavenge 15.066ms
[45.411s][debug  ][gc,phases,start] GC(166) Reference Processing
[45.411s][debug  ][gc,ref         ] GC(166) Skipped phase 1 of Reference Processing: no references
[45.411s][debug  ][gc,ref         ] GC(166) Skipped phase 2 of Reference Processing: no references
[45.411s][debug  ][gc,ref         ] GC(166) Skipped phase 3 of Reference Processing: no references
[45.411s][debug  ][gc,ref         ] GC(166) Skipped phase 4 of Reference Processing: no references
[45.411s][debug  ][gc,phases,ref  ] GC(166) Reference Processing: 0.1ms
[45.411s][debug  ][gc,phases,ref  ] GC(166)   Reconsider SoftReferences: 0.0ms
[45.411s][debug  ][gc,phases,ref  ] GC(166)     SoftRef (ms):                  skipped
[45.411s][debug  ][gc,phases,ref  ] GC(166)   Notify Soft/WeakReferences: 0.0ms
[45.411s][debug  ][gc,phases,ref  ] GC(166)     SoftRef (ms):                  skipped
[45.411s][debug  ][gc,phases,ref  ] GC(166)     WeakRef (ms):                  skipped
[45.411s][debug  ][gc,phases,ref  ] GC(166)     FinalRef (ms):                 skipped
[45.411s][debug  ][gc,phases,ref  ] GC(166)     Total (ms):                    skipped
[45.411s][debug  ][gc,phases,ref  ] GC(166)   Notify and keep alive finalizable: 0.0ms
[45.411s][debug  ][gc,phases,ref  ] GC(166)     FinalRef (ms):                 skipped
[45.411s][debug  ][gc,phases,ref  ] GC(166)   Notify PhantomReferences: 0.0ms
[45.412s][debug  ][gc,phases,ref  ] GC(166)     PhantomRef (ms):               skipped
[45.412s][debug  ][gc,phases,ref  ] GC(166)   SoftReference:
[45.412s][debug  ][gc,phases,ref  ] GC(166)     Discovered: 0
[45.412s][debug  ][gc,phases,ref  ] GC(166)     Cleared: 0
[45.412s][debug  ][gc,phases,ref  ] GC(166)   WeakReference:
[45.412s][debug  ][gc,phases,ref  ] GC(166)     Discovered: 0
[45.412s][debug  ][gc,phases,ref  ] GC(166)     Cleared: 0
[45.412s][debug  ][gc,phases,ref  ] GC(166)   FinalReference:
[45.412s][debug  ][gc,phases,ref  ] GC(166)     Discovered: 0
[45.412s][debug  ][gc,phases,ref  ] GC(166)     Cleared: 0
[45.412s][debug  ][gc,phases,ref  ] GC(166)   PhantomReference:
[45.412s][debug  ][gc,phases,ref  ] GC(166)     Discovered: 0
[45.412s][debug  ][gc,phases,ref  ] GC(166)     Cleared: 0
[45.412s][debug  ][gc,phases      ] GC(166) Reference Processing 0.684ms
[45.412s][debug  ][gc,phases,start] GC(166) Weak Processing
[45.412s][debug  ][gc,phases      ] GC(166)   VM Weak                        Min:  0.0, Avg:  0.0, Max:  0.0, Diff:  0.0, Sum:  0.0, Workers: 6
[45.412s][debug  ][gc,phases      ] GC(166)     Dead                           Min: 0, Avg:  0.0, Max: 0, Diff: 0, Sum: 0, Workers: 6
[45.412s][debug  ][gc,phases      ] GC(166)     Total                          Min: 0, Avg:  1.3, Max: 8, Diff: 8, Sum: 8, Workers: 6
[45.412s][debug  ][gc,phases      ] GC(166)   ObjectSynchronizer Weak        Min:  0.0, Avg:  0.0, Max:  0.0, Diff:  0.0, Sum:  0.0, Workers: 6
[45.412s][debug  ][gc,phases      ] GC(166)     Dead                           Min: 0, Avg:  0.0, Max: 0, Diff: 0, Sum: 0, Workers: 6
[45.412s][debug  ][gc,phases      ] GC(166)     Total                          Min: 0, Avg:  0.5, Max: 3, Diff: 3, Sum: 3, Workers: 6
[45.412s][debug  ][gc,phases      ] GC(166)   JVMTI Tag Weak OopStorage      Min:  0.0, Avg:  0.0, Max:  0.0, Diff:  0.0, Sum:  0.0, Workers: 6
[45.412s][debug  ][gc,phases      ] GC(166)     Dead                           Min: 0, Avg:  0.0, Max: 0, Diff: 0, Sum: 0, Workers: 6
[45.412s][debug  ][gc,phases      ] GC(166)     Total                          Min: 0, Avg:  0.0, Max: 0, Diff: 0, Sum: 0, Workers: 6
[45.412s][debug  ][gc,phases      ] GC(166)   StringTable Weak               Min:  0.0, Avg:  0.0, Max:  0.0, Diff:  0.0, Sum:  0.0, Workers: 6
[45.412s][debug  ][gc,phases      ] GC(166)     Dead                           Min: 0, Avg:  0.0, Max: 0, Diff: 0, Sum: 0, Workers: 6
[45.412s][debug  ][gc,phases      ] GC(166)     Total                          Min: 768, Avg: 892.5, Max: 1067, Diff: 299, Sum: 5355, Workers: 6
[45.412s][debug  ][gc,phases      ] GC(166)   ResolvedMethodTable Weak       Min:  0.0, Avg:  0.0, Max:  0.0, Diff:  0.0, Sum:  0.0, Workers: 6
[45.412s][debug  ][gc,phases      ] GC(166)     Dead                           Min: 0, Avg:  0.0, Max: 0, Diff: 0, Sum: 0, Workers: 6
[45.412s][debug  ][gc,phases      ] GC(166)     Total                          Min: 0, Avg: 21.5, Max: 64, Diff: 64, Sum: 129, Workers: 6
[45.412s][debug  ][gc,phases      ] GC(166)   JNI Weak                       Min:  0.0, Avg:  0.0, Max:  0.0, Diff:  0.0, Sum:  0.0, Workers: 6
[45.412s][debug  ][gc,phases      ] GC(166)     Dead                           Min: 0, Avg:  0.0, Max: 0, Diff: 0, Sum: 0, Workers: 6
[45.412s][debug  ][gc,phases      ] GC(166)     Total                          Min: 0, Avg:  0.0, Max: 0, Diff: 0, Sum: 0, Workers: 6
[45.412s][debug  ][gc,phases      ] GC(166)   StringDedup Table Weak         Min:  0.0, Avg:  0.0, Max:  0.0, Diff:  0.0, Sum:  0.0, Workers: 6
[45.412s][debug  ][gc,phases      ] GC(166)     Dead                           Min: 0, Avg:  0.0, Max: 0, Diff: 0, Sum: 0, Workers: 6
[45.412s][debug  ][gc,phases      ] GC(166)     Total                          Min: 0, Avg:  0.0, Max: 0, Diff: 0, Sum: 0, Workers: 6
[45.412s][debug  ][gc,phases      ] GC(166)   StringDedup Requests0 Weak     Min:  0.0, Avg:  0.0, Max:  0.0, Diff:  0.0, Sum:  0.0, Workers: 6
[45.412s][debug  ][gc,phases      ] GC(166)     Dead                           Min: 0, Avg:  0.0, Max: 0, Diff: 0, Sum: 0, Workers: 6
[45.412s][debug  ][gc,phases      ] GC(166)     Total                          Min: 0, Avg:  0.0, Max: 0, Diff: 0, Sum: 0, Workers: 6
[45.412s][debug  ][gc,phases      ] GC(166)   StringDedup Requests1 Weak     Min:  0.0, Avg:  0.0, Max:  0.0, Diff:  0.0, Sum:  0.0, Workers: 6
[45.412s][debug  ][gc,phases      ] GC(166)     Dead                           Min: 0, Avg:  0.0, Max: 0, Diff: 0, Sum: 0, Workers: 6
[45.412s][debug  ][gc,phases      ] GC(166)     Total                          Min: 0, Avg:  0.0, Max: 0, Diff: 0, Sum: 0, Workers: 6
[45.413s][debug  ][gc,phases      ] GC(166)   Weak JFR Old Object Samples    Min:  0.0, Avg:  0.0, Max:  0.0, Diff:  0.0, Sum:  0.0, Workers: 6
[45.413s][debug  ][gc,phases      ] GC(166)     Dead                           Min: 0, Avg:  0.0, Max: 0, Diff: 0, Sum: 0, Workers: 6
[45.413s][debug  ][gc,phases      ] GC(166)     Total                          Min: 0, Avg:  0.0, Max: 0, Diff: 0, Sum: 0, Workers: 6
[45.413s][debug  ][gc,phases      ] GC(166) Weak Processing 0.681ms
[45.413s][debug  ][gc,ergo        ] GC(166) AdaptiveSizeStart:  collection: 167 
[45.413s][debug  ][gc,ergo        ] GC(166) avg_survived_padded_avg: 32110474.000000
[45.413s][debug  ][gc,ergo        ] GC(166) avg_promoted_padded_avg: 263146816.000000  avg_pretenured_padded_avg: 0.000000  tenuring_thresh: 15  target_size: 32505856
[45.413s][debug  ][gc,age         ] GC(166) Desired survivor size 32505856 bytes, new threshold 15 (max threshold 15)
[45.413s][debug  ][gc,ergo        ] GC(166) PSAdaptiveSizePolicy::compute_eden_space_size limits: desired_eden_size: 223376580 old_eden_size: 203423744 eden_limit: 203423744 cur_eden: 203423744 max_eden_size: 203423744 avg_young_live: 27743584
[45.413s][debug  ][gc,ergo        ] GC(166) PSAdaptiveSizePolicy::compute_eden_space_size: costs minor_time: 0.049465 major_cost: 0.051916 mutator_cost: 0.898619 throughput_goal: 0.990000
[45.413s][debug  ][gc,ergo        ] GC(166) Live_space: 1074522240 free_space: 1403518976
[45.413s][debug  ][gc,ergo        ] GC(166) Old eden_size: 203423744 desired_eden_size: 203423744
[45.413s][debug  ][gc,ergo        ] GC(166) AdaptiveSizeStop: collection: 167 
[45.413s][info   ][gc,heap        ] GC(166) PSYoungGen: 229154K(230400K)->30720K(230400K) Eden: 198434K(198656K)->0K(198656K) From: 30720K(31744K)->30720K(31744K)
[45.413s][info   ][gc,heap        ] GC(166) ParOldGen: 1465957K(1835008K)->1660517K(1835008K)
[45.413s][info   ][gc,metaspace   ] GC(166) Metaspace: 1024K(1216K)->1024K(1216K) NonClass: 940K(1024K)->940K(1024K) Class: 83K(192K)->83K(192K)
[45.413s][info   ][gc             ] GC(166) Pause Young (Allocation Failure) 1655M->1651M(2017M) 16.909ms
[45.413s][info   ][gc,cpu         ] GC(166) User=0.12s Sys=0.00s Real=0.02s
[45.413s][debug  ][gc,heap        ] GC(166) Heap after GC invocations=167 (full 26):
[45.413s][debug  ][gc,heap        ] GC(166)  PSYoungGen      total 230400K, used 30720K [0x00000000f0000000, 0x0000000100000000, 0x0000000100000000)
[45.413s][debug  ][gc,heap        ] GC(166)   eden space 198656K, 0% used [0x00000000f0000000,0x00000000f0000000,0x00000000fc200000)
[45.413s][debug  ][gc,heap        ] GC(166)   from space 31744K, 96% used [0x00000000fc200000,0x00000000fe000030,0x00000000fe100000)
[45.413s][debug  ][gc,heap        ] GC(166)   to   space 31744K, 0% used [0x00000000fe100000,0x00000000fe100000,0x0000000100000000)
[45.413s][debug  ][gc,heap        ] GC(166)  ParOldGen       total 1835008K, used 1660517K [0x0000000080000000, 0x00000000f0000000, 0x00000000f0000000)
[45.413s][debug  ][gc,heap        ] GC(166)   object space 1835008K, 90% used [0x0000000080000000,0x00000000e5599628,0x00000000f0000000)
[45.413s][debug  ][gc,heap        ] GC(166)  Metaspace       used 1024K, committed 1216K, reserved 1056768K
[45.413s][debug  ][gc,heap        ] GC(166)   class space    used 83K, committed 192K, reserved 1048576K
[45.413s][debug  ][gc,task,time   ] GC(166) VM-Thread 453956873 454111806 454131654
[45.413s][debug  ][gc,phases,start] GC(167) Pre Compact
[45.413s][debug  ][gc,heap        ] GC(167) Heap before GC invocations=168 (full 27):
[45.413s][debug  ][gc,heap        ] GC(167)  PSYoungGen      total 230400K, used 30720K [0x00000000f0000000, 0x0000000100000000, 0x0000000100000000)
[45.413s][debug  ][gc,heap        ] GC(167)   eden space 198656K, 0% used [0x00000000f0000000,0x00000000f0000000,0x00000000fc200000)
[45.413s][debug  ][gc,heap        ] GC(167)   from space 31744K, 96% used [0x00000000fc200000,0x00000000fe000030,0x00000000fe100000)
[45.413s][debug  ][gc,heap        ] GC(167)   to   space 31744K, 0% used [0x00000000fe100000,0x00000000fe100000,0x0000000100000000)
[45.413s][debug  ][gc,heap        ] GC(167)  ParOldGen       total 1835008K, used 1660517K [0x0000000080000000, 0x00000000f0000000, 0x00000000f0000000)
[45.413s][debug  ][gc,heap        ] GC(167)   object space 1835008K, 90% used [0x0000000080000000,0x00000000e5599628,0x00000000f0000000)
[45.413s][debug  ][gc,heap        ] GC(167)  Metaspace       used 1024K, committed 1216K, reserved 1056768K
[45.413s][debug  ][gc,heap        ] GC(167)   class space    used 83K, committed 192K, reserved 1048576K
[45.413s][debug  ][gc,phases      ] GC(167) Pre Compact 0.205ms
[45.413s][info   ][gc,start       ] GC(167) Pause Full (Ergonomics)
[45.413s][info   ][gc,phases,start] GC(167) Marking Phase
[45.413s][debug  ][gc,phases,start] GC(167) Par Mark
[45.414s][debug  ][gc,phases      ] GC(167) Par Mark 0.507ms
[45.414s][debug  ][gc,phases,start] GC(167) Reference Processing
[45.414s][debug  ][gc,ref         ] GC(167) Skipped phase 1 of Reference Processing: no references
[45.414s][debug  ][gc,ref         ] GC(167) ReferenceProcessor::execute queues: 1, RefProcThreadModel::Single, marks_oops_alive: false
[45.414s][debug  ][gc,ref         ] GC(167) Skipped phase 3 of Reference Processing: no references
[45.414s][debug  ][gc,ref         ] GC(167) ReferenceProcessor::execute queues: 1, RefProcThreadModel::Single, marks_oops_alive: false
[45.414s][debug  ][gc,phases,ref  ] GC(167) Reference Processing: 0.1ms
[45.414s][debug  ][gc,phases,ref  ] GC(167)   Reconsider SoftReferences: 0.0ms
[45.414s][debug  ][gc,phases,ref  ] GC(167)     SoftRef (ms):                  skipped
[45.414s][debug  ][gc,phases,ref  ] GC(167)   Notify Soft/WeakReferences: 0.0ms
[45.414s][debug  ][gc,phases,ref  ] GC(167)     SoftRef (ms):                  Min:  0.0, Avg:  0.0, Max:  0.0, Diff:  0.0, Sum:  0.0, Workers: 8
[45.414s][debug  ][gc,phases,ref  ] GC(167)     WeakRef (ms):                  Min:  0.0, Avg:  0.0, Max:  0.0, Diff:  0.0, Sum:  0.0, Workers: 8
[45.414s][debug  ][gc,phases,ref  ] GC(167)     FinalRef (ms):                 Min:  0.0, Avg:  0.0, Max:  0.0, Diff:  0.0, Sum:  0.0, Workers: 8
[45.414s][debug  ][gc,phases,ref  ] GC(167)     Total (ms):                    Min:  0.0, Avg:  0.0, Max:  0.0, Diff:  0.0, Sum:  0.0, Workers: 8
[45.414s][debug  ][gc,phases,ref  ] GC(167)   Notify and keep alive finalizable: 0.0ms
[45.414s][debug  ][gc,phases,ref  ] GC(167)     FinalRef (ms):                 skipped
[45.414s][debug  ][gc,phases,ref  ] GC(167)   Notify PhantomReferences: 0.0ms
[45.414s][debug  ][gc,phases,ref  ] GC(167)     PhantomRef (ms):               Min:  0.0, Avg:  0.0, Max:  0.0, Diff:  0.0, Sum:  0.0, Workers: 8
[45.414s][debug  ][gc,phases,ref  ] GC(167)   SoftReference:
[45.414s][debug  ][gc,phases,ref  ] GC(167)     Discovered: 0
[45.414s][debug  ][gc,phases,ref  ] GC(167)     Cleared: 0
[45.414s][debug  ][gc,phases,ref  ] GC(167)   WeakReference:
[45.414s][debug  ][gc,phases,ref  ] GC(167)     Discovered: 89
[45.414s][debug  ][gc,phases,ref  ] GC(167)     Cleared: 89
[45.415s][debug  ][gc,phases,ref  ] GC(167)   FinalReference:
[45.415s][debug  ][gc,phases,ref  ] GC(167)     Discovered: 0
[45.415s][debug  ][gc,phases,ref  ] GC(167)     Cleared: 0
[45.415s][debug  ][gc,phases,ref  ] GC(167)   PhantomReference:
[45.415s][debug  ][gc,phases,ref  ] GC(167)     Discovered: 3
[45.415s][debug  ][gc,phases,ref  ] GC(167)     Cleared: 3
[45.415s][debug  ][gc,phases      ] GC(167) Reference Processing 0.606ms
[45.415s][debug  ][gc,phases,start] GC(167) Weak Processing
[45.415s][debug  ][gc,phases      ] GC(167)   VM Weak                        Min:  0.0, Avg:  0.0, Max:  0.0, Diff:  0.0, Sum:  0.0, Workers: 6
[45.415s][debug  ][gc,phases      ] GC(167)     Dead                           Min: 0, Avg:  0.0, Max: 0, Diff: 0, Sum: 0, Workers: 6
[45.415s][debug  ][gc,phases      ] GC(167)     Total                          Min: 0, Avg:  1.3, Max: 8, Diff: 8, Sum: 8, Workers: 6
[45.415s][debug  ][gc,phases      ] GC(167)   ObjectSynchronizer Weak        Min:  0.0, Avg:  0.0, Max:  0.0, Diff:  0.0, Sum:  0.0, Workers: 6
[45.415s][debug  ][gc,phases      ] GC(167)     Dead                           Min: 0, Avg:  0.0, Max: 0, Diff: 0, Sum: 0, Workers: 6
[45.415s][debug  ][gc,phases      ] GC(167)     Total                          Min: 0, Avg:  0.5, Max: 3, Diff: 3, Sum: 3, Workers: 6
[45.415s][debug  ][gc,phases      ] GC(167)   JVMTI Tag Weak OopStorage      Min:  0.0, Avg:  0.0, Max:  0.0, Diff:  0.0, Sum:  0.0, Workers: 6
[45.415s][debug  ][gc,phases      ] GC(167)     Dead                           Min: 0, Avg:  0.0, Max: 0, Diff: 0, Sum: 0, Workers: 6
[45.415s][debug  ][gc,phases      ] GC(167)     Total                          Min: 0, Avg:  0.0, Max: 0, Diff: 0, Sum: 0, Workers: 6
[45.415s][debug  ][gc,phases      ] GC(167)   StringTable Weak               Min:  0.0, Avg:  0.0, Max:  0.0, Diff:  0.0, Sum:  0.0, Workers: 6
[45.415s][debug  ][gc,phases      ] GC(167)     Dead                           Min: 0, Avg:  0.0, Max: 0, Diff: 0, Sum: 0, Workers: 6
[45.415s][debug  ][gc,phases      ] GC(167)     Total                          Min: 768, Avg: 892.5, Max: 1216, Diff: 448, Sum: 5355, Workers: 6
[45.415s][debug  ][gc,phases      ] GC(167)   ResolvedMethodTable Weak       Min:  0.0, Avg:  0.0, Max:  0.0, Diff:  0.0, Sum:  0.0, Workers: 6
[45.415s][debug  ][gc,phases      ] GC(167)     Dead                           Min: 0, Avg:  0.0, Max: 0, Diff: 0, Sum: 0, Workers: 6
[45.415s][debug  ][gc,phases      ] GC(167)     Total                          Min: 0, Avg: 21.5, Max: 64, Diff: 64, Sum: 129, Workers: 6
[45.415s][debug  ][gc,phases      ] GC(167)   JNI Weak                       Min:  0.0, Avg:  0.0, Max:  0.0, Diff:  0.0, Sum:  0.0, Workers: 6
[45.415s][debug  ][gc,phases      ] GC(167)     Dead                           Min: 0, Avg:  0.0, Max: 0, Diff: 0, Sum: 0, Workers: 6
[45.415s][debug  ][gc,phases      ] GC(167)     Total                          Min: 0, Avg:  0.0, Max: 0, Diff: 0, Sum: 0, Workers: 6
[45.415s][debug  ][gc,phases      ] GC(167)   StringDedup Table Weak         Min:  0.0, Avg:  0.0, Max:  0.0, Diff:  0.0, Sum:  0.0, Workers: 6
[45.415s][debug  ][gc,phases      ] GC(167)     Dead                           Min: 0, Avg:  0.0, Max: 0, Diff: 0, Sum: 0, Workers: 6
[45.415s][debug  ][gc,phases      ] GC(167)     Total                          Min: 0, Avg:  0.0, Max: 0, Diff: 0, Sum: 0, Workers: 6
[45.415s][debug  ][gc,phases      ] GC(167)   StringDedup Requests0 Weak     Min:  0.0, Avg:  0.0, Max:  0.0, Diff:  0.0, Sum:  0.0, Workers: 6
[45.415s][debug  ][gc,phases      ] GC(167)     Dead                           Min: 0, Avg:  0.0, Max: 0, Diff: 0, Sum: 0, Workers: 6
[45.415s][debug  ][gc,phases      ] GC(167)     Total                          Min: 0, Avg:  0.0, Max: 0, Diff: 0, Sum: 0, Workers: 6
[45.415s][debug  ][gc,phases      ] GC(167)   StringDedup Requests1 Weak     Min:  0.0, Avg:  0.0, Max:  0.0, Diff:  0.0, Sum:  0.0, Workers: 6
[45.415s][debug  ][gc,phases      ] GC(167)     Dead                           Min: 0, Avg:  0.0, Max: 0, Diff: 0, Sum: 0, Workers: 6
[45.415s][debug  ][gc,phases      ] GC(167)     Total                          Min: 0, Avg:  0.0, Max: 0, Diff: 0, Sum: 0, Workers: 6
[45.415s][debug  ][gc,phases      ] GC(167)   Weak JFR Old Object Samples    Min:  0.0, Avg:  0.0, Max:  0.0, Diff:  0.0, Sum:  0.0, Workers: 6
[45.415s][debug  ][gc,phases      ] GC(167)     Dead                           Min: 0, Avg:  0.0, Max: 0, Diff: 0, Sum: 0, Workers: 6
[45.415s][debug  ][gc,phases      ] GC(167)     Total                          Min: 0, Avg:  0.0, Max: 0, Diff: 0, Sum: 0, Workers: 6
[45.415s][debug  ][gc,phases      ] GC(167) Weak Processing 0.652ms
[45.415s][debug  ][gc,phases,start] GC(167) Class Unloading
[45.415s][debug  ][gc,phases,start] GC(167) ClassLoaderData
[45.415s][debug  ][gc,phases      ] GC(167) ClassLoaderData 0.019ms
[45.415s][debug  ][gc,phases,start] GC(167) Trigger cleanups
[45.415s][debug  ][gc,phases      ] GC(167) Trigger cleanups 0.019ms
[45.416s][debug  ][gc,phases      ] GC(167) Class Unloading 0.256ms
[45.416s][info   ][gc,phases      ] GC(167) Marking Phase 2.160ms
[45.416s][info   ][gc,phases,start] GC(167) Summary Phase
[45.416s][info   ][gc,phases      ] GC(167) Summary Phase 0.043ms
[45.416s][info   ][gc,phases,start] GC(167) Adjust Roots
[45.416s][info   ][gc,phases      ] GC(167) Adjust Roots 0.158ms
[45.416s][info   ][gc,phases,start] GC(167) Compaction Phase
[45.494s][info   ][gc,phases      ] GC(167) Compaction Phase 78.122ms
[45.494s][info   ][gc,phases,start] GC(167) Post Compact
[45.499s][info   ][gc,phases      ] GC(167) Post Compact 5.161ms
[45.499s][debug  ][gc,ergo        ] GC(167) AdaptiveSizeStart: collection: 168 
[45.499s][debug  ][gc,ergo        ] GC(167) PSAdaptiveSizePolicy::compute_eden_space_size limits: desired_eden_size: 223403253 old_eden_size: 203423744 eden_limit: 203423744 cur_eden: 203423744 max_eden_size: 203423744 avg_young_live: 24969226
[45.499s][debug  ][gc,ergo        ] GC(167) PSAdaptiveSizePolicy::compute_eden_space_size: costs minor_time: 0.049465 major_cost: 0.051781 mutator_cost: 0.898754 throughput_goal: 0.990000
[45.499s][debug  ][gc,ergo        ] GC(167) Live_space: 1071747904 free_space: 1403518976
[45.499s][debug  ][gc,ergo        ] GC(167) Old eden_size: 203423744 desired_eden_size: 203423744
[45.499s][debug  ][gc,ergo        ] GC(167) PSAdaptiveSizePolicy::compute_old_gen_free_space limits: desired_promo_size: 1322903555 promo_limit: 1200095232 free_in_old_gen: 1102874240 max_old_gen_size: 1879048192 avg_old_live: 776173952
[45.499s][debug  ][gc,ergo        ] GC(167) PSAdaptiveSizePolicy::compute_old_gen_free_space: costs minor_time: 0.049465 major_cost: 0.051781  mutator_cost: 0.898754 throughput_goal: 0.990000
[45.499s][debug  ][gc,ergo        ] GC(167) Live_space: 1069578624 free_space: 1403518976
[45.500s][debug  ][gc,ergo        ] GC(167) Old promo_size: 1200095232 desired_promo_size: 1200095232
[45.500s][debug  ][gc,ergo        ] GC(167) AdaptiveSizeStop: collection: 168 
[45.500s][info   ][gc,heap        ] GC(167) PSYoungGen: 30720K(230400K)->0K(230400K) Eden: 0K(198656K)->0K(198656K) From: 30720K(31744K)->0K(31744K)
[45.500s][info   ][gc,heap        ] GC(167) ParOldGen: 1660517K(1835008K)->738916K(1835008K)
[45.500s][info   ][gc,metaspace   ] GC(167) Metaspace: 1024K(1216K)->1024K(1216K) NonClass: 940K(1024K)->940K(1024K) Class: 83K(192K)->83K(192K)
[45.500s][info   ][gc             ] GC(167) Pause Full (Ergonomics) 1651M->721M(2017M) 86.243ms
[45.500s][info   ][gc,cpu         ] GC(167) User=0.62s Sys=0.02s Real=0.09s
[45.500s][debug  ][gc,heap        ] GC(167) Heap after GC invocations=168 (full 27):
[45.500s][debug  ][gc,heap        ] GC(167)  PSYoungGen      total 230400K, used 0K [0x00000000f0000000, 0x0000000100000000, 0x0000000100000000)
[45.500s][debug  ][gc,heap        ] GC(167)   eden space 198656K, 0% used [0x00000000f0000000,0x00000000f0000000,0x00000000fc200000)
[45.500s][debug  ][gc,heap        ] GC(167)   from space 31744K, 0% used [0x00000000fe100000,0x00000000fe100000,0x0000000100000000)
[45.500s][debug  ][gc,heap        ] GC(167)   to   space 31744K, 0% used [0x00000000fc200000,0x00000000fc200000,0x00000000fe100000)
[45.500s][debug  ][gc,heap        ] GC(167)  ParOldGen       total 1835008K, used 738916K [0x0000000080000000, 0x00000000f0000000, 0x00000000f0000000)
[45.500s][debug  ][gc,heap        ] GC(167)   object space 1835008K, 40% used [0x0000000080000000,0x00000000ad199088,0x00000000f0000000)
[45.500s][debug  ][gc,heap        ] GC(167)  Metaspace       used 1024K, committed 1216K, reserved 1056768K
[45.500s][debug  ][gc,heap        ] GC(167)   class space    used 83K, committed 192K, reserved 1048576K
[45.500s][debug  ][gc,task,time   ] GC(167) VM-Thread 454134473 454159188 454997260
[45.807s][debug  ][gc,heap        ] GC(168) Heap before GC invocations=169 (full 27):
[45.807s][debug  ][gc,heap        ] GC(168)  PSYoungGen      total 230400K, used 198441K [0x00000000f0000000, 0x0000000100000000, 0x0000000100000000)
[45.807s][debug  ][gc,heap        ] GC(168)   eden space 198656K, 99% used [0x00000000f0000000,0x00000000fc1ca6e8,0x00000000fc200000)
[45.807s][debug  ][gc,heap        ] GC(168)   from space 31744K, 0% used [0x00000000fe100000,0x00000000fe100000,0x0000000100000000)
[45.807s][debug  ][gc,heap        ] GC(168)   to   space 31744K, 0% used [0x00000000fc200000,0x00000000fc200000,0x00000000fe100000)
[45.807s][debug  ][gc,heap        ] GC(168)  ParOldGen       total 1835008K, used 738916K [0x0000000080000000, 0x00000000f0000000, 0x00000000f0000000)
[45.807s][debug  ][gc,heap        ] GC(168)   object space 1835008K, 40% used [0x0000000080000000,0x00000000ad199088,0x00000000f0000000)
[45.807s][debug  ][gc,heap        ] GC(168)  Metaspace       used 1024K, committed 1216K, reserved 1056768K
[45.807s][debug  ][gc,heap        ] GC(168)   class space    used 83K, committed 192K, reserved 1048576K
[45.807s][debug  ][gc,tlab        ] GC(168) TLAB totals: thrds: 1  refills: 1 max: 1 slow allocs: 18 max 18 waste: 27.5% gc: 3974584B max: 3974584B slow: 0B max: 0B
[45.807s][info   ][gc,start       ] GC(168) Pause Young (Allocation Failure)
[45.807s][debug  ][gc,phases,start] GC(168) Scavenge
[45.820s][debug  ][gc,phases      ] GC(168) Scavenge 13.245ms
[45.820s][debug  ][gc,phases,start] GC(168) Reference Processing
[45.820s][debug  ][gc,ref         ] GC(168) Skipped phase 1 of Reference Processing: no references
[45.820s][debug  ][gc,ref         ] GC(168) Skipped phase 2 of Reference Processing: no references
[45.821s][debug  ][gc,ref         ] GC(168) Skipped phase 3 of Reference Processing: no references
[45.821s][debug  ][gc,ref         ] GC(168) Skipped phase 4 of Reference Processing: no references
[45.821s][debug  ][gc,phases,ref  ] GC(168) Reference Processing: 0.1ms
[45.821s][debug  ][gc,phases,ref  ] GC(168)   Reconsider SoftReferences: 0.0ms
[45.821s][debug  ][gc,phases,ref  ] GC(168)     SoftRef (ms):                  skipped
[45.821s][debug  ][gc,phases,ref  ] GC(168)   Notify Soft/WeakReferences: 0.0ms
[45.821s][debug  ][gc,phases,ref  ] GC(168)     SoftRef (ms):                  skipped
[45.821s][debug  ][gc,phases,ref  ] GC(168)     WeakRef (ms):                  skipped
[45.821s][debug  ][gc,phases,ref  ] GC(168)     FinalRef (ms):                 skipped
[45.821s][debug  ][gc,phases,ref  ] GC(168)     Total (ms):                    skipped
[45.821s][debug  ][gc,phases,ref  ] GC(168)   Notify and keep alive finalizable: 0.0ms
[45.821s][debug  ][gc,phases,ref  ] GC(168)     FinalRef (ms):                 skipped
[45.821s][debug  ][gc,phases,ref  ] GC(168)   Notify PhantomReferences: 0.0ms
[45.821s][debug  ][gc,phases,ref  ] GC(168)     PhantomRef (ms):               skipped
[45.821s][debug  ][gc,phases,ref  ] GC(168)   SoftReference:
[45.821s][debug  ][gc,phases,ref  ] GC(168)     Discovered: 0
[45.821s][debug  ][gc,phases,ref  ] GC(168)     Cleared: 0
[45.821s][debug  ][gc,phases,ref  ] GC(168)   WeakReference:
[45.821s][debug  ][gc,phases,ref  ] GC(168)     Discovered: 0
[45.821s][debug  ][gc,phases,ref  ] GC(168)     Cleared: 0
[45.821s][debug  ][gc,phases,ref  ] GC(168)   FinalReference:
[45.821s][debug  ][gc,phases,ref  ] GC(168)     Discovered: 0
[45.821s][debug  ][gc,phases,ref  ] GC(168)     Cleared: 0
[45.821s][debug  ][gc,phases,ref  ] GC(168)   PhantomReference:
[45.821s][debug  ][gc,phases,ref  ] GC(168)     Discovered: 0
[45.821s][debug  ][gc,phases,ref  ] GC(168)     Cleared: 0
[45.821s][debug  ][gc,phases      ] GC(168) Reference Processing 0.773ms
[45.821s][debug  ][gc,phases,start] GC(168) Weak Processing
[45.821s][debug  ][gc,phases      ] GC(168)   VM Weak                        Min:  0.0, Avg:  0.0, Max:  0.0, Diff:  0.0, Sum:  0.0, Workers: 6
[45.821s][debug  ][gc,phases      ] GC(168)     Dead                           Min: 0, Avg:  0.0, Max: 0, Diff: 0, Sum: 0, Workers: 6
[45.821s][debug  ][gc,phases      ] GC(168)     Total                          Min: 0, Avg:  1.3, Max: 8, Diff: 8, Sum: 8, Workers: 6
[45.821s][debug  ][gc,phases      ] GC(168)   ObjectSynchronizer Weak        Min:  0.0, Avg:  0.0, Max:  0.0, Diff:  0.0, Sum:  0.0, Workers: 6
[45.821s][debug  ][gc,phases      ] GC(168)     Dead                           Min: 0, Avg:  0.0, Max: 0, Diff: 0, Sum: 0, Workers: 6
[45.821s][debug  ][gc,phases      ] GC(168)     Total                          Min: 0, Avg:  0.5, Max: 3, Diff: 3, Sum: 3, Workers: 6
[45.821s][debug  ][gc,phases      ] GC(168)   JVMTI Tag Weak OopStorage      Min:  0.0, Avg:  0.0, Max:  0.0, Diff:  0.0, Sum:  0.0, Workers: 6
[45.822s][debug  ][gc,phases      ] GC(168)     Dead                           Min: 0, Avg:  0.0, Max: 0, Diff: 0, Sum: 0, Workers: 6
[45.822s][debug  ][gc,phases      ] GC(168)     Total                          Min: 0, Avg:  0.0, Max: 0, Diff: 0, Sum: 0, Workers: 6
[45.822s][debug  ][gc,phases      ] GC(168)   StringTable Weak               Min:  0.0, Avg:  0.0, Max:  0.0, Diff:  0.0, Sum:  0.0, Workers: 6
[45.822s][debug  ][gc,phases      ] GC(168)     Dead                           Min: 0, Avg:  0.0, Max: 0, Diff: 0, Sum: 0, Workers: 6
[45.822s][debug  ][gc,phases      ] GC(168)     Total                          Min: 831, Avg: 892.5, Max: 1132, Diff: 301, Sum: 5355, Workers: 6
[45.822s][debug  ][gc,phases      ] GC(168)   ResolvedMethodTable Weak       Min:  0.0, Avg:  0.0, Max:  0.0, Diff:  0.0, Sum:  0.0, Workers: 6
[45.822s][debug  ][gc,phases      ] GC(168)     Dead                           Min: 0, Avg:  0.0, Max: 0, Diff: 0, Sum: 0, Workers: 6
[45.822s][debug  ][gc,phases      ] GC(168)     Total                          Min: 0, Avg: 21.5, Max: 64, Diff: 64, Sum: 129, Workers: 6
[45.822s][debug  ][gc,phases      ] GC(168)   JNI Weak                       Min:  0.0, Avg:  0.0, Max:  0.0, Diff:  0.0, Sum:  0.0, Workers: 6
[45.822s][debug  ][gc,phases      ] GC(168)     Dead                           Min: 0, Avg:  0.0, Max: 0, Diff: 0, Sum: 0, Workers: 6
[45.822s][debug  ][gc,phases      ] GC(168)     Total                          Min: 0, Avg:  0.0, Max: 0, Diff: 0, Sum: 0, Workers: 6
[45.822s][debug  ][gc,phases      ] GC(168)   StringDedup Table Weak         Min:  0.0, Avg:  0.0, Max:  0.0, Diff:  0.0, Sum:  0.0, Workers: 6
[45.822s][debug  ][gc,phases      ] GC(168)     Dead                           Min: 0, Avg:  0.0, Max: 0, Diff: 0, Sum: 0, Workers: 6
[45.822s][debug  ][gc,phases      ] GC(168)     Total                          Min: 0, Avg:  0.0, Max: 0, Diff: 0, Sum: 0, Workers: 6
[45.822s][debug  ][gc,phases      ] GC(168)   StringDedup Requests0 Weak     Min:  0.0, Avg:  0.0, Max:  0.0, Diff:  0.0, Sum:  0.0, Workers: 6
[45.822s][debug  ][gc,phases      ] GC(168)     Dead                           Min: 0, Avg:  0.0, Max: 0, Diff: 0, Sum: 0, Workers: 6
[45.822s][debug  ][gc,phases      ] GC(168)     Total                          Min: 0, Avg:  0.0, Max: 0, Diff: 0, Sum: 0, Workers: 6
[45.822s][debug  ][gc,phases      ] GC(168)   StringDedup Requests1 Weak     Min:  0.0, Avg:  0.0, Max:  0.0, Diff:  0.0, Sum:  0.0, Workers: 6
[45.822s][debug  ][gc,phases      ] GC(168)     Dead                           Min: 0, Avg:  0.0, Max: 0, Diff: 0, Sum: 0, Workers: 6
[45.822s][debug  ][gc,phases      ] GC(168)     Total                          Min: 0, Avg:  0.0, Max: 0, Diff: 0, Sum: 0, Workers: 6
[45.822s][debug  ][gc,phases      ] GC(168)   Weak JFR Old Object Samples    Min:  0.0, Avg:  0.0, Max:  0.0, Diff:  0.0, Sum:  0.0, Workers: 6
[45.822s][debug  ][gc,phases      ] GC(168)     Dead                           Min: 0, Avg:  0.0, Max: 0, Diff: 0, Sum: 0, Workers: 6
[45.822s][debug  ][gc,phases      ] GC(168)     Total                          Min: 0, Avg:  0.0, Max: 0, Diff: 0, Sum: 0, Workers: 6
[45.822s][debug  ][gc,phases      ] GC(168) Weak Processing 1.154ms
[45.822s][debug  ][gc,ergo        ] GC(168) AdaptiveSizeStart:  collection: 169 
[45.822s][debug  ][gc,ergo        ] GC(168) avg_survived_padded_avg: 32058496.000000
[45.822s][debug  ][gc,ergo        ] GC(168) avg_promoted_padded_avg: 254754880.000000  avg_pretenured_padded_avg: 0.000000  tenuring_thresh: 15  target_size: 32505856
[45.822s][debug  ][gc,age         ] GC(168) Desired survivor size 32505856 bytes, new threshold 15 (max threshold 15)
[45.822s][debug  ][gc,ergo        ] GC(168) PSAdaptiveSizePolicy::compute_eden_space_size limits: desired_eden_size: 222759047 old_eden_size: 203423744 eden_limit: 203423744 cur_eden: 203423744 max_eden_size: 203423744 avg_young_live: 25618036
[45.823s][debug  ][gc,ergo        ] GC(168) PSAdaptiveSizePolicy::compute_eden_space_size: costs minor_time: 0.046440 major_cost: 0.051781 mutator_cost: 0.901779 throughput_goal: 0.990000
[45.823s][debug  ][gc,ergo        ] GC(168) Live_space: 1070227456 free_space: 1403518976
[45.823s][debug  ][gc,ergo        ] GC(168) Old eden_size: 203423744 desired_eden_size: 203423744
[45.823s][debug  ][gc,ergo        ] GC(168) AdaptiveSizeStop: collection: 169 
[45.823s][info   ][gc,heap        ] GC(168) PSYoungGen: 198441K(230400K)->30720K(230400K) Eden: 198441K(198656K)->0K(198656K) From: 0K(31744K)->30720K(31744K)
[45.823s][info   ][gc,heap        ] GC(168) ParOldGen: 738916K(1835008K)->902756K(1835008K)
[45.823s][info   ][gc,metaspace   ] GC(168) Metaspace: 1024K(1216K)->1024K(1216K) NonClass: 940K(1024K)->940K(1024K) Class: 83K(192K)->83K(192K)
[45.823s][info   ][gc             ] GC(168) Pause Young (Allocation Failure) 915M->911M(2017M) 15.721ms
[45.823s][info   ][gc,cpu         ] GC(168) User=0.00s Sys=0.02s Real=0.02s
[45.823s][debug  ][gc,heap        ] GC(168) Heap after GC invocations=169 (full 27):
[45.823s][debug  ][gc,heap        ] GC(168)  PSYoungGen      total 230400K, used 30720K [0x00000000f0000000, 0x0000000100000000, 0x0000000100000000)
[45.823s][debug  ][gc,heap        ] GC(168)   eden space 198656K, 0% used [0x00000000f0000000,0x00000000f0000000,0x00000000fc200000)
[45.823s][debug  ][gc,heap        ] GC(168)   from space 31744K, 96% used [0x00000000fc200000,0x00000000fe000030,0x00000000fe100000)
[45.823s][debug  ][gc,heap        ] GC(168)   to   space 31744K, 0% used [0x00000000fe100000,0x00000000fe100000,0x0000000100000000)
[45.823s][debug  ][gc,heap        ] GC(168)  ParOldGen       total 1835008K, used 902756K [0x0000000080000000, 0x00000000f0000000, 0x00000000f0000000)
[45.823s][debug  ][gc,heap        ] GC(168)   object space 1835008K, 49% used [0x0000000080000000,0x00000000b7199188,0x00000000f0000000)
[45.823s][debug  ][gc,heap        ] GC(168)  Metaspace       used 1024K, committed 1216K, reserved 1056768K
[45.823s][debug  ][gc,heap        ] GC(168)   class space    used 83K, committed 192K, reserved 1048576K
[45.823s][debug  ][gc,task,time   ] GC(168) VM-Thread 458065860 458204047 458230480
[46.122s][debug  ][gc,heap        ] GC(169) Heap before GC invocations=170 (full 27):
[46.122s][debug  ][gc,heap        ] GC(169)  PSYoungGen      total 230400K, used 229094K [0x00000000f0000000, 0x0000000100000000, 0x0000000100000000)
[46.122s][debug  ][gc,heap        ] GC(169)   eden space 198656K, 99% used [0x00000000f0000000,0x00000000fc1b9b70,0x00000000fc200000)
[46.122s][debug  ][gc,heap        ] GC(169)   from space 31744K, 96% used [0x00000000fc200000,0x00000000fe000030,0x00000000fe100000)
[46.122s][debug  ][gc,heap        ] GC(169)   to   space 31744K, 0% used [0x00000000fe100000,0x00000000fe100000,0x0000000100000000)
[46.122s][debug  ][gc,heap        ] GC(169)  ParOldGen       total 1835008K, used 902756K [0x0000000080000000, 0x00000000f0000000, 0x00000000f0000000)
[46.122s][debug  ][gc,heap        ] GC(169)   object space 1835008K, 49% used [0x0000000080000000,0x00000000b7199188,0x00000000f0000000)
[46.122s][debug  ][gc,heap        ] GC(169)  Metaspace       used 1025K, committed 1216K, reserved 1056768K
[46.122s][debug  ][gc,heap        ] GC(169)   class space    used 83K, committed 192K, reserved 1048576K
[46.122s][debug  ][gc,tlab        ] GC(169) TLAB totals: thrds: 1  refills: 1 max: 1 slow allocs: 18 max 18 waste: 27.1% gc: 3905048B max: 3905048B slow: 0B max: 0B
[46.122s][info   ][gc,start       ] GC(169) Pause Young (Allocation Failure)
[46.122s][debug  ][gc,phases,start] GC(169) Scavenge
[46.129s][debug  ][gc,phases      ] GC(169) Scavenge 6.858ms
[46.129s][debug  ][gc,phases,start] GC(169) Reference Processing
[46.129s][debug  ][gc,ref         ] GC(169) Skipped phase 1 of Reference Processing: no references
[46.129s][debug  ][gc,ref         ] GC(169) Skipped phase 2 of Reference Processing: no references
[46.129s][debug  ][gc,ref         ] GC(169) Skipped phase 3 of Reference Processing: no references
[46.129s][debug  ][gc,ref         ] GC(169) Skipped phase 4 of Reference Processing: no references
[46.129s][debug  ][gc,phases,ref  ] GC(169) Reference Processing: 0.1ms
[46.129s][debug  ][gc,phases,ref  ] GC(169)   Reconsider SoftReferences: 0.0ms
[46.129s][debug  ][gc,phases,ref  ] GC(169)     SoftRef (ms):                  skipped
[46.129s][debug  ][gc,phases,ref  ] GC(169)   Notify Soft/WeakReferences: 0.0ms
[46.129s][debug  ][gc,phases,ref  ] GC(169)     SoftRef (ms):                  skipped
[46.129s][debug  ][gc,phases,ref  ] GC(169)     WeakRef (ms):                  skipped
[46.129s][debug  ][gc,phases,ref  ] GC(169)     FinalRef (ms):                 skipped
[46.129s][debug  ][gc,phases,ref  ] GC(169)     Total (ms):                    skipped
[46.129s][debug  ][gc,phases,ref  ] GC(169)   Notify and keep alive finalizable: 0.0ms
[46.129s][debug  ][gc,phases,ref  ] GC(169)     FinalRef (ms):                 skipped
[46.130s][debug  ][gc,phases,ref  ] GC(169)   Notify PhantomReferences: 0.0ms
[46.130s][debug  ][gc,phases,ref  ] GC(169)     PhantomRef (ms):               skipped
[46.130s][debug  ][gc,phases,ref  ] GC(169)   SoftReference:
[46.130s][debug  ][gc,phases,ref  ] GC(169)     Discovered: 0
[46.130s][debug  ][gc,phases,ref  ] GC(169)     Cleared: 0
[46.130s][debug  ][gc,phases,ref  ] GC(169)   WeakReference:
[46.130s][debug  ][gc,phases,ref  ] GC(169)     Discovered: 0
[46.130s][debug  ][gc,phases,ref  ] GC(169)     Cleared: 0
[46.130s][debug  ][gc,phases,ref  ] GC(169)   FinalReference:
[46.130s][debug  ][gc,phases,ref  ] GC(169)     Discovered: 0
[46.130s][debug  ][gc,phases,ref  ] GC(169)     Cleared: 0
[46.130s][debug  ][gc,phases,ref  ] GC(169)   PhantomReference:
[46.130s][debug  ][gc,phases,ref  ] GC(169)     Discovered: 0
[46.130s][debug  ][gc,phases,ref  ] GC(169)     Cleared: 0
[46.130s][debug  ][gc,phases      ] GC(169) Reference Processing 0.699ms
[46.130s][debug  ][gc,phases,start] GC(169) Weak Processing
[46.130s][debug  ][gc,phases      ] GC(169)   VM Weak                        Min:  0.0, Avg:  0.0, Max:  0.0, Diff:  0.0, Sum:  0.0, Workers: 6
[46.130s][debug  ][gc,phases      ] GC(169)     Dead                           Min: 0, Avg:  0.0, Max: 0, Diff: 0, Sum: 0, Workers: 6
[46.130s][debug  ][gc,phases      ] GC(169)     Total                          Min: 0, Avg:  1.3, Max: 8, Diff: 8, Sum: 8, Workers: 6
[46.130s][debug  ][gc,phases      ] GC(169)   ObjectSynchronizer Weak        Min:  0.0, Avg:  0.0, Max:  0.0, Diff:  0.0, Sum:  0.0, Workers: 6
[46.130s][debug  ][gc,phases      ] GC(169)     Dead                           Min: 0, Avg:  0.0, Max: 0, Diff: 0, Sum: 0, Workers: 6
[46.130s][debug  ][gc,phases      ] GC(169)     Total                          Min: 0, Avg:  0.5, Max: 3, Diff: 3, Sum: 3, Workers: 6
[46.130s][debug  ][gc,phases      ] GC(169)   JVMTI Tag Weak OopStorage      Min:  0.0, Avg:  0.0, Max:  0.0, Diff:  0.0, Sum:  0.0, Workers: 6
[46.130s][debug  ][gc,phases      ] GC(169)     Dead                           Min: 0, Avg:  0.0, Max: 0, Diff: 0, Sum: 0, Workers: 6
[46.130s][debug  ][gc,phases      ] GC(169)     Total                          Min: 0, Avg:  0.0, Max: 0, Diff: 0, Sum: 0, Workers: 6
[46.130s][debug  ][gc,phases      ] GC(169)   StringTable Weak               Min:  0.0, Avg:  0.0, Max:  0.0, Diff:  0.0, Sum:  0.0, Workers: 6
[46.130s][debug  ][gc,phases      ] GC(169)     Dead                           Min: 0, Avg:  0.0, Max: 0, Diff: 0, Sum: 0, Workers: 6
[46.130s][debug  ][gc,phases      ] GC(169)     Total                          Min: 704, Avg: 892.5, Max: 1132, Diff: 428, Sum: 5355, Workers: 6
[46.130s][debug  ][gc,phases      ] GC(169)   ResolvedMethodTable Weak       Min:  0.0, Avg:  0.0, Max:  0.0, Diff:  0.0, Sum:  0.0, Workers: 6
[46.130s][debug  ][gc,phases      ] GC(169)     Dead                           Min: 0, Avg:  0.0, Max: 0, Diff: 0, Sum: 0, Workers: 6
[46.130s][debug  ][gc,phases      ] GC(169)     Total                          Min: 0, Avg: 21.5, Max: 64, Diff: 64, Sum: 129, Workers: 6
[46.130s][debug  ][gc,phases      ] GC(169)   JNI Weak                       Min:  0.0, Avg:  0.0, Max:  0.0, Diff:  0.0, Sum:  0.0, Workers: 6
[46.130s][debug  ][gc,phases      ] GC(169)     Dead                           Min: 0, Avg:  0.0, Max: 0, Diff: 0, Sum: 0, Workers: 6
[46.130s][debug  ][gc,phases      ] GC(169)     Total                          Min: 0, Avg:  0.0, Max: 0, Diff: 0, Sum: 0, Workers: 6
[46.130s][debug  ][gc,phases      ] GC(169)   StringDedup Table Weak         Min:  0.0, Avg:  0.0, Max:  0.0, Diff:  0.0, Sum:  0.0, Workers: 6
[46.130s][debug  ][gc,phases      ] GC(169)     Dead                           Min: 0, Avg:  0.0, Max: 0, Diff: 0, Sum: 0, Workers: 6
[46.130s][debug  ][gc,phases      ] GC(169)     Total                          Min: 0, Avg:  0.0, Max: 0, Diff: 0, Sum: 0, Workers: 6
[46.130s][debug  ][gc,phases      ] GC(169)   StringDedup Requests0 Weak     Min:  0.0, Avg:  0.0, Max:  0.0, Diff:  0.0, Sum:  0.0, Workers: 6
[46.130s][debug  ][gc,phases      ] GC(169)     Dead                           Min: 0, Avg:  0.0, Max: 0, Diff: 0, Sum: 0, Workers: 6
[46.131s][debug  ][gc,phases      ] GC(169)     Total                          Min: 0, Avg:  0.0, Max: 0, Diff: 0, Sum: 0, Workers: 6
[46.131s][debug  ][gc,phases      ] GC(169)   StringDedup Requests1 Weak     Min:  0.0, Avg:  0.0, Max:  0.0, Diff:  0.0, Sum:  0.0, Workers: 6
[46.131s][debug  ][gc,phases      ] GC(169)     Dead                           Min: 0, Avg:  0.0, Max: 0, Diff: 0, Sum: 0, Workers: 6
[46.131s][debug  ][gc,phases      ] GC(169)     Total                          Min: 0, Avg:  0.0, Max: 0, Diff: 0, Sum: 0, Workers: 6
[46.131s][debug  ][gc,phases      ] GC(169)   Weak JFR Old Object Samples    Min:  0.0, Avg:  0.0, Max:  0.0, Diff:  0.0, Sum:  0.0, Workers: 6
[46.131s][debug  ][gc,phases      ] GC(169)     Dead                           Min: 0, Avg:  0.0, Max: 0, Diff: 0, Sum: 0, Workers: 6
[46.131s][debug  ][gc,phases      ] GC(169)     Total                          Min: 0, Avg:  0.0, Max: 0, Diff: 0, Sum: 0, Workers: 6
[46.131s][debug  ][gc,phases      ] GC(169) Weak Processing 0.823ms
[46.131s][debug  ][gc,ergo        ] GC(169) AdaptiveSizeStart:  collection: 170 
[46.131s][debug  ][gc,ergo        ] GC(169) avg_survived_padded_avg: 32010382.000000
[46.131s][debug  ][gc,ergo        ] GC(169) avg_promoted_padded_avg: 263130816.000000  avg_pretenured_padded_avg: 0.000000  tenuring_thresh: 15  target_size: 32505856
[46.131s][debug  ][gc,age         ] GC(169) Desired survivor size 32505856 bytes, new threshold 15 (max threshold 15)
[46.131s][debug  ][gc,ergo        ] GC(169) PSAdaptiveSizePolicy::compute_eden_space_size limits: desired_eden_size: 221673071 old_eden_size: 203423744 eden_limit: 203423744 cur_eden: 203423744 max_eden_size: 203423744 avg_young_live: 26201964
[46.131s][debug  ][gc,ergo        ] GC(169) PSAdaptiveSizePolicy::compute_eden_space_size: costs minor_time: 0.041729 major_cost: 0.051781 mutator_cost: 0.906490 throughput_goal: 0.990000
[46.131s][debug  ][gc,ergo        ] GC(169) Live_space: 1070811392 free_space: 1403518976
[46.131s][debug  ][gc,ergo        ] GC(169) Old eden_size: 203423744 desired_eden_size: 203423744
[46.131s][debug  ][gc,ergo        ] GC(169) AdaptiveSizeStop: collection: 170 
[46.131s][info   ][gc,heap        ] GC(169) PSYoungGen: 229094K(230400K)->30720K(230400K) Eden: 198374K(198656K)->0K(198656K) From: 30720K(31744K)->30720K(31744K)
[46.131s][info   ][gc,heap        ] GC(169) ParOldGen: 902756K(1835008K)->974436K(1835008K)
[46.131s][info   ][gc,metaspace   ] GC(169) Metaspace: 1025K(1216K)->1025K(1216K) NonClass: 942K(1024K)->942K(1024K) Class: 83K(192K)->83K(192K)
[46.131s][info   ][gc             ] GC(169) Pause Young (Allocation Failure) 1105M->981M(2017M) 8.916ms
[46.131s][info   ][gc,cpu         ] GC(169) User=0.00s Sys=0.00s Real=0.01s
[46.131s][debug  ][gc,heap        ] GC(169) Heap after GC invocations=170 (full 27):
[46.131s][debug  ][gc,heap        ] GC(169)  PSYoungGen      total 230400K, used 30720K [0x00000000f0000000, 0x0000000100000000, 0x0000000100000000)
[46.131s][debug  ][gc,heap        ] GC(169)   eden space 198656K, 0% used [0x00000000f0000000,0x00000000f0000000,0x00000000fc200000)
[46.131s][debug  ][gc,heap        ] GC(169)   from space 31744K, 96% used [0x00000000fe100000,0x00000000fff00030,0x0000000100000000)
[46.131s][debug  ][gc,heap        ] GC(169)   to   space 31744K, 0% used [0x00000000fc200000,0x00000000fc200000,0x00000000fe100000)
[46.131s][debug  ][gc,heap        ] GC(169)  ParOldGen       total 1835008K, used 974436K [0x0000000080000000, 0x00000000f0000000, 0x00000000f0000000)
[46.131s][debug  ][gc,heap        ] GC(169)   object space 1835008K, 53% used [0x0000000080000000,0x00000000bb7991f8,0x00000000f0000000)
[46.131s][debug  ][gc,heap        ] GC(169)  Metaspace       used 1025K, committed 1216K, reserved 1056768K
[46.131s][debug  ][gc,heap        ] GC(169)   class space    used 83K, committed 192K, reserved 1048576K
[46.131s][debug  ][gc,task,time   ] GC(169) VM-Thread 461217195 461291337 461313319
[46.437s][debug  ][gc,heap        ] GC(170) Heap before GC invocations=171 (full 27):
[46.437s][debug  ][gc,heap        ] GC(170)  PSYoungGen      total 230400K, used 229123K [0x00000000f0000000, 0x0000000100000000, 0x0000000100000000)
[46.437s][debug  ][gc,heap        ] GC(170)   eden space 198656K, 99% used [0x00000000f0000000,0x00000000fc1c0e78,0x00000000fc200000)
[46.437s][debug  ][gc,heap        ] GC(170)   from space 31744K, 96% used [0x00000000fe100000,0x00000000fff00030,0x0000000100000000)
[46.437s][debug  ][gc,heap        ] GC(170)   to   space 31744K, 0% used [0x00000000fc200000,0x00000000fc200000,0x00000000fe100000)
[46.437s][debug  ][gc,heap        ] GC(170)  ParOldGen       total 1835008K, used 974436K [0x0000000080000000, 0x00000000f0000000, 0x00000000f0000000)
[46.437s][debug  ][gc,heap        ] GC(170)   object space 1835008K, 53% used [0x0000000080000000,0x00000000bb7991f8,0x00000000f0000000)
[46.437s][debug  ][gc,heap        ] GC(170)  Metaspace       used 1025K, committed 1216K, reserved 1056768K
[46.437s][debug  ][gc,heap        ] GC(170)   class space    used 83K, committed 192K, reserved 1048576K
[46.437s][debug  ][gc,tlab        ] GC(170) TLAB totals: thrds: 1  refills: 1 max: 1 slow allocs: 18 max 18 waste: 27.3% gc: 3935560B max: 3935560B slow: 0B max: 0B
[46.437s][info   ][gc,start       ] GC(170) Pause Young (Allocation Failure)
[46.437s][debug  ][gc,phases,start] GC(170) Scavenge
[46.452s][debug  ][gc,phases      ] GC(170) Scavenge 14.930ms
[46.452s][debug  ][gc,phases,start] GC(170) Reference Processing
[46.452s][debug  ][gc,ref         ] GC(170) Skipped phase 1 of Reference Processing: no references
[46.452s][debug  ][gc,ref         ] GC(170) Skipped phase 2 of Reference Processing: no references
[46.452s][debug  ][gc,ref         ] GC(170) Skipped phase 3 of Reference Processing: no references
[46.452s][debug  ][gc,ref         ] GC(170) Skipped phase 4 of Reference Processing: no references
[46.452s][debug  ][gc,phases,ref  ] GC(170) Reference Processing: 0.1ms
[46.452s][debug  ][gc,phases,ref  ] GC(170)   Reconsider SoftReferences: 0.0ms
[46.452s][debug  ][gc,phases,ref  ] GC(170)     SoftRef (ms):                  skipped
[46.452s][debug  ][gc,phases,ref  ] GC(170)   Notify Soft/WeakReferences: 0.0ms
[46.452s][debug  ][gc,phases,ref  ] GC(170)     SoftRef (ms):                  skipped
[46.452s][debug  ][gc,phases,ref  ] GC(170)     WeakRef (ms):                  skipped
[46.452s][debug  ][gc,phases,ref  ] GC(170)     FinalRef (ms):                 skipped
[46.452s][debug  ][gc,phases,ref  ] GC(170)     Total (ms):                    skipped
[46.452s][debug  ][gc,phases,ref  ] GC(170)   Notify and keep alive finalizable: 0.0ms
[46.452s][debug  ][gc,phases,ref  ] GC(170)     FinalRef (ms):                 skipped
[46.453s][debug  ][gc,phases,ref  ] GC(170)   Notify PhantomReferences: 0.0ms
[46.453s][debug  ][gc,phases,ref  ] GC(170)     PhantomRef (ms):               skipped
[46.453s][debug  ][gc,phases,ref  ] GC(170)   SoftReference:
[46.453s][debug  ][gc,phases,ref  ] GC(170)     Discovered: 0
[46.453s][debug  ][gc,phases,ref  ] GC(170)     Cleared: 0
[46.453s][debug  ][gc,phases,ref  ] GC(170)   WeakReference:
[46.453s][debug  ][gc,phases,ref  ] GC(170)     Discovered: 0
[46.453s][debug  ][gc,phases,ref  ] GC(170)     Cleared: 0
[46.453s][debug  ][gc,phases,ref  ] GC(170)   FinalReference:
[46.453s][debug  ][gc,phases,ref  ] GC(170)     Discovered: 0
[46.453s][debug  ][gc,phases,ref  ] GC(170)     Cleared: 0
[46.453s][debug  ][gc,phases,ref  ] GC(170)   PhantomReference:
[46.453s][debug  ][gc,phases,ref  ] GC(170)     Discovered: 0
[46.453s][debug  ][gc,phases,ref  ] GC(170)     Cleared: 0
[46.453s][debug  ][gc,phases      ] GC(170) Reference Processing 0.683ms
[46.453s][debug  ][gc,phases,start] GC(170) Weak Processing
[46.453s][debug  ][gc,phases      ] GC(170)   VM Weak                        Min:  0.0, Avg:  0.0, Max:  0.0, Diff:  0.0, Sum:  0.0, Workers: 6
[46.453s][debug  ][gc,phases      ] GC(170)     Dead                           Min: 0, Avg:  0.0, Max: 0, Diff: 0, Sum: 0, Workers: 6
[46.453s][debug  ][gc,phases      ] GC(170)     Total                          Min: 0, Avg:  1.3, Max: 8, Diff: 8, Sum: 8, Workers: 6
[46.453s][debug  ][gc,phases      ] GC(170)   ObjectSynchronizer Weak        Min:  0.0, Avg:  0.0, Max:  0.0, Diff:  0.0, Sum:  0.0, Workers: 6
[46.453s][debug  ][gc,phases      ] GC(170)     Dead                           Min: 0, Avg:  0.0, Max: 0, Diff: 0, Sum: 0, Workers: 6
[46.453s][debug  ][gc,phases      ] GC(170)     Total                          Min: 0, Avg:  0.5, Max: 3, Diff: 3, Sum: 3, Workers: 6
[46.453s][debug  ][gc,phases      ] GC(170)   JVMTI Tag Weak OopStorage      Min:  0.0, Avg:  0.0, Max:  0.0, Diff:  0.0, Sum:  0.0, Workers: 6
[46.453s][debug  ][gc,phases      ] GC(170)     Dead                           Min: 0, Avg:  0.0, Max: 0, Diff: 0, Sum: 0, Workers: 6
[46.453s][debug  ][gc,phases      ] GC(170)     Total                          Min: 0, Avg:  0.0, Max: 0, Diff: 0, Sum: 0, Workers: 6
[46.453s][debug  ][gc,phases      ] GC(170)   StringTable Weak               Min:  0.0, Avg:  0.0, Max:  0.0, Diff:  0.0, Sum:  0.0, Workers: 6
[46.453s][debug  ][gc,phases      ] GC(170)     Dead                           Min: 0, Avg:  0.0, Max: 0, Diff: 0, Sum: 0, Workers: 6
[46.453s][debug  ][gc,phases      ] GC(170)     Total                          Min: 704, Avg: 892.5, Max: 1131, Diff: 427, Sum: 5355, Workers: 6
[46.453s][debug  ][gc,phases      ] GC(170)   ResolvedMethodTable Weak       Min:  0.0, Avg:  0.0, Max:  0.0, Diff:  0.0, Sum:  0.0, Workers: 6
[46.453s][debug  ][gc,phases      ] GC(170)     Dead                           Min: 0, Avg:  0.0, Max: 0, Diff: 0, Sum: 0, Workers: 6
[46.453s][debug  ][gc,phases      ] GC(170)     Total                          Min: 0, Avg: 21.5, Max: 64, Diff: 64, Sum: 129, Workers: 6
[46.453s][debug  ][gc,phases      ] GC(170)   JNI Weak                       Min:  0.0, Avg:  0.0, Max:  0.0, Diff:  0.0, Sum:  0.0, Workers: 6
[46.453s][debug  ][gc,phases      ] GC(170)     Dead                           Min: 0, Avg:  0.0, Max: 0, Diff: 0, Sum: 0, Workers: 6
[46.453s][debug  ][gc,phases      ] GC(170)     Total                          Min: 0, Avg:  0.0, Max: 0, Diff: 0, Sum: 0, Workers: 6
[46.453s][debug  ][gc,phases      ] GC(170)   StringDedup Table Weak         Min:  0.0, Avg:  0.0, Max:  0.0, Diff:  0.0, Sum:  0.0, Workers: 6
[46.453s][debug  ][gc,phases      ] GC(170)     Dead                           Min: 0, Avg:  0.0, Max: 0, Diff: 0, Sum: 0, Workers: 6
[46.453s][debug  ][gc,phases      ] GC(170)     Total                          Min: 0, Avg:  0.0, Max: 0, Diff: 0, Sum: 0, Workers: 6
[46.453s][debug  ][gc,phases      ] GC(170)   StringDedup Requests0 Weak     Min:  0.0, Avg:  0.0, Max:  0.0, Diff:  0.0, Sum:  0.0, Workers: 6
[46.453s][debug  ][gc,phases      ] GC(170)     Dead                           Min: 0, Avg:  0.0, Max: 0, Diff: 0, Sum: 0, Workers: 6
[46.453s][debug  ][gc,phases      ] GC(170)     Total                          Min: 0, Avg:  0.0, Max: 0, Diff: 0, Sum: 0, Workers: 6
[46.453s][debug  ][gc,phases      ] GC(170)   StringDedup Requests1 Weak     Min:  0.0, Avg:  0.0, Max:  0.0, Diff:  0.0, Sum:  0.0, Workers: 6
[46.453s][debug  ][gc,phases      ] GC(170)     Dead                           Min: 0, Avg:  0.0, Max: 0, Diff: 0, Sum: 0, Workers: 6
[46.454s][debug  ][gc,phases      ] GC(170)     Total                          Min: 0, Avg:  0.0, Max: 0, Diff: 0, Sum: 0, Workers: 6
[46.454s][debug  ][gc,phases      ] GC(170)   Weak JFR Old Object Samples    Min:  0.0, Avg:  0.0, Max:  0.0, Diff:  0.0, Sum:  0.0, Workers: 6
[46.454s][debug  ][gc,phases      ] GC(170)     Dead                           Min: 0, Avg:  0.0, Max: 0, Diff: 0, Sum: 0, Workers: 6
[46.454s][debug  ][gc,phases      ] GC(170)     Total                          Min: 0, Avg:  0.0, Max: 0, Diff: 0, Sum: 0, Workers: 6
[46.454s][debug  ][gc,phases      ] GC(170) Weak Processing 0.679ms
[46.454s][debug  ][gc,ergo        ] GC(170) AdaptiveSizeStart:  collection: 171 
[46.454s][debug  ][gc,ergo        ] GC(170) avg_survived_padded_avg: 31965878.000000
[46.454s][debug  ][gc,ergo        ] GC(170) avg_promoted_padded_avg: 266854384.000000  avg_pretenured_padded_avg: 0.000000  tenuring_thresh: 15  target_size: 31981568
[46.454s][debug  ][gc,age         ] GC(170) Desired survivor size 31981568 bytes, new threshold 15 (max threshold 15)
[46.454s][debug  ][gc,ergo        ] GC(170) PSAdaptiveSizePolicy::compute_eden_space_size limits: desired_eden_size: 222212675 old_eden_size: 203423744 eden_limit: 203423744 cur_eden: 203423744 max_eden_size: 203423744 avg_young_live: 26727500
[46.454s][debug  ][gc,ergo        ] GC(170) PSAdaptiveSizePolicy::compute_eden_space_size: costs minor_time: 0.044012 major_cost: 0.051781 mutator_cost: 0.904207 throughput_goal: 0.990000
[46.454s][debug  ][gc,ergo        ] GC(170) Live_space: 1071336896 free_space: 1403518976
[46.454s][debug  ][gc,ergo        ] GC(170) Old eden_size: 203423744 desired_eden_size: 203423744
[46.454s][debug  ][gc,ergo        ] GC(170) AdaptiveSizeStop: collection: 171 
[46.454s][info   ][gc,heap        ] GC(170) PSYoungGen: 229123K(230400K)->30720K(230400K) Eden: 198403K(198656K)->0K(198656K) From: 30720K(31744K)->30720K(31744K)
[46.454s][info   ][gc,heap        ] GC(170) ParOldGen: 974436K(1835008K)->1168996K(1835008K)
[46.454s][info   ][gc,metaspace   ] GC(170) Metaspace: 1025K(1216K)->1025K(1216K) NonClass: 942K(1024K)->942K(1024K) Class: 83K(192K)->83K(192K)
[46.454s][info   ][gc             ] GC(170) Pause Young (Allocation Failure) 1175M->1171M(2017M) 16.792ms
[46.454s][info   ][gc,cpu         ] GC(170) User=0.12s Sys=0.00s Real=0.02s
[46.454s][debug  ][gc,heap        ] GC(170) Heap after GC invocations=171 (full 27):
[46.454s][debug  ][gc,heap        ] GC(170)  PSYoungGen      total 230400K, used 30720K [0x00000000f0000000, 0x0000000100000000, 0x0000000100000000)
[46.454s][debug  ][gc,heap        ] GC(170)   eden space 198656K, 0% used [0x00000000f0000000,0x00000000f0000000,0x00000000fc200000)
[46.454s][debug  ][gc,heap        ] GC(170)   from space 31744K, 96% used [0x00000000fc200000,0x00000000fe000030,0x00000000fe100000)
[46.454s][debug  ][gc,heap        ] GC(170)   to   space 31232K, 0% used [0x00000000fe180000,0x00000000fe180000,0x0000000100000000)
[46.454s][debug  ][gc,heap        ] GC(170)  ParOldGen       total 1835008K, used 1168996K [0x0000000080000000, 0x00000000f0000000, 0x00000000f0000000)
[46.454s][debug  ][gc,heap        ] GC(170)   object space 1835008K, 63% used [0x0000000080000000,0x00000000c7599328,0x00000000f0000000)
[46.454s][debug  ][gc,heap        ] GC(170)  Metaspace       used 1025K, committed 1216K, reserved 1056768K
[46.454s][debug  ][gc,heap        ] GC(170)   class space    used 83K, committed 192K, reserved 1048576K
[46.454s][debug  ][gc,task,time   ] GC(170) VM-Thread 464368282 464521997 464542020
[46.751s][debug  ][gc,heap        ] GC(171) Heap before GC invocations=172 (full 27):
[46.751s][debug  ][gc,heap        ] GC(171)  PSYoungGen      total 230400K, used 229142K [0x00000000f0000000, 0x0000000100000000, 0x0000000100000000)
[46.751s][debug  ][gc,heap        ] GC(171)   eden space 198656K, 99% used [0x00000000f0000000,0x00000000fc1c5878,0x00000000fc200000)
[46.751s][debug  ][gc,heap        ] GC(171)   from space 31744K, 96% used [0x00000000fc200000,0x00000000fe000030,0x00000000fe100000)
[46.751s][debug  ][gc,heap        ] GC(171)   to   space 31232K, 0% used [0x00000000fe180000,0x00000000fe180000,0x0000000100000000)
[46.751s][debug  ][gc,heap        ] GC(171)  ParOldGen       total 1835008K, used 1168996K [0x0000000080000000, 0x00000000f0000000, 0x00000000f0000000)
[46.751s][debug  ][gc,heap        ] GC(171)   object space 1835008K, 63% used [0x0000000080000000,0x00000000c7599328,0x00000000f0000000)
[46.751s][debug  ][gc,heap        ] GC(171)  Metaspace       used 1025K, committed 1216K, reserved 1056768K
[46.751s][debug  ][gc,heap        ] GC(171)   class space    used 83K, committed 192K, reserved 1048576K
[46.751s][debug  ][gc,tlab        ] GC(171) TLAB totals: thrds: 1  refills: 1 max: 1 slow allocs: 18 max 18 waste: 27.4% gc: 3954504B max: 3954504B slow: 0B max: 0B
[46.751s][info   ][gc,start       ] GC(171) Pause Young (Allocation Failure)
[46.752s][debug  ][gc,phases,start] GC(171) Scavenge
[46.767s][debug  ][gc,phases      ] GC(171) Scavenge 15.296ms
[46.767s][debug  ][gc,phases,start] GC(171) Reference Processing
[46.767s][debug  ][gc,ref         ] GC(171) Skipped phase 1 of Reference Processing: no references
[46.767s][debug  ][gc,ref         ] GC(171) Skipped phase 2 of Reference Processing: no references
[46.767s][debug  ][gc,ref         ] GC(171) Skipped phase 3 of Reference Processing: no references
[46.767s][debug  ][gc,ref         ] GC(171) Skipped phase 4 of Reference Processing: no references
[46.767s][debug  ][gc,phases,ref  ] GC(171) Reference Processing: 0.1ms
[46.767s][debug  ][gc,phases,ref  ] GC(171)   Reconsider SoftReferences: 0.0ms
[46.767s][debug  ][gc,phases,ref  ] GC(171)     SoftRef (ms):                  skipped
[46.767s][debug  ][gc,phases,ref  ] GC(171)   Notify Soft/WeakReferences: 0.0ms
[46.767s][debug  ][gc,phases,ref  ] GC(171)     SoftRef (ms):                  skipped
[46.767s][debug  ][gc,phases,ref  ] GC(171)     WeakRef (ms):                  skipped
[46.767s][debug  ][gc,phases,ref  ] GC(171)     FinalRef (ms):                 skipped
[46.767s][debug  ][gc,phases,ref  ] GC(171)     Total (ms):                    skipped
[46.767s][debug  ][gc,phases,ref  ] GC(171)   Notify and keep alive finalizable: 0.0ms
[46.767s][debug  ][gc,phases,ref  ] GC(171)     FinalRef (ms):                 skipped
[46.767s][debug  ][gc,phases,ref  ] GC(171)   Notify PhantomReferences: 0.0ms
[46.767s][debug  ][gc,phases,ref  ] GC(171)     PhantomRef (ms):               skipped
[46.767s][debug  ][gc,phases,ref  ] GC(171)   SoftReference:
[46.767s][debug  ][gc,phases,ref  ] GC(171)     Discovered: 0
[46.767s][debug  ][gc,phases,ref  ] GC(171)     Cleared: 0
[46.767s][debug  ][gc,phases,ref  ] GC(171)   WeakReference:
[46.767s][debug  ][gc,phases,ref  ] GC(171)     Discovered: 0
[46.767s][debug  ][gc,phases,ref  ] GC(171)     Cleared: 0
[46.767s][debug  ][gc,phases,ref  ] GC(171)   FinalReference:
[46.767s][debug  ][gc,phases,ref  ] GC(171)     Discovered: 0
[46.767s][debug  ][gc,phases,ref  ] GC(171)     Cleared: 0
[46.767s][debug  ][gc,phases,ref  ] GC(171)   PhantomReference:
[46.767s][debug  ][gc,phases,ref  ] GC(171)     Discovered: 0
[46.767s][debug  ][gc,phases,ref  ] GC(171)     Cleared: 0
[46.767s][debug  ][gc,phases      ] GC(171) Reference Processing 0.566ms
[46.767s][debug  ][gc,phases,start] GC(171) Weak Processing
[46.768s][debug  ][gc,phases      ] GC(171)   VM Weak                        Min:  0.0, Avg:  0.0, Max:  0.0, Diff:  0.0, Sum:  0.0, Workers: 6
[46.768s][debug  ][gc,phases      ] GC(171)     Dead                           Min: 0, Avg:  0.0, Max: 0, Diff: 0, Sum: 0, Workers: 6
[46.768s][debug  ][gc,phases      ] GC(171)     Total                          Min: 0, Avg:  1.3, Max: 8, Diff: 8, Sum: 8, Workers: 6
[46.768s][debug  ][gc,phases      ] GC(171)   ObjectSynchronizer Weak        Min:  0.0, Avg:  0.0, Max:  0.0, Diff:  0.0, Sum:  0.0, Workers: 6
[46.768s][debug  ][gc,phases      ] GC(171)     Dead                           Min: 0, Avg:  0.0, Max: 0, Diff: 0, Sum: 0, Workers: 6
[46.768s][debug  ][gc,phases      ] GC(171)     Total                          Min: 0, Avg:  0.5, Max: 3, Diff: 3, Sum: 3, Workers: 6
[46.768s][debug  ][gc,phases      ] GC(171)   JVMTI Tag Weak OopStorage      Min:  0.0, Avg:  0.0, Max:  0.0, Diff:  0.0, Sum:  0.0, Workers: 6
[46.768s][debug  ][gc,phases      ] GC(171)     Dead                           Min: 0, Avg:  0.0, Max: 0, Diff: 0, Sum: 0, Workers: 6
[46.768s][debug  ][gc,phases      ] GC(171)     Total                          Min: 0, Avg:  0.0, Max: 0, Diff: 0, Sum: 0, Workers: 6
[46.768s][debug  ][gc,phases      ] GC(171)   StringTable Weak               Min:  0.0, Avg:  0.0, Max:  0.0, Diff:  0.0, Sum:  0.0, Workers: 6
[46.768s][debug  ][gc,phases      ] GC(171)     Dead                           Min: 0, Avg:  0.0, Max: 0, Diff: 0, Sum: 0, Workers: 6
[46.768s][debug  ][gc,phases      ] GC(171)     Total                          Min: 748, Avg: 892.5, Max: 1088, Diff: 340, Sum: 5355, Workers: 6
[46.768s][debug  ][gc,phases      ] GC(171)   ResolvedMethodTable Weak       Min:  0.0, Avg:  0.0, Max:  0.0, Diff:  0.0, Sum:  0.0, Workers: 6
[46.768s][debug  ][gc,phases      ] GC(171)     Dead                           Min: 0, Avg:  0.0, Max: 0, Diff: 0, Sum: 0, Workers: 6
[46.768s][debug  ][gc,phases      ] GC(171)     Total                          Min: 0, Avg: 21.5, Max: 64, Diff: 64, Sum: 129, Workers: 6
[46.768s][debug  ][gc,phases      ] GC(171)   JNI Weak                       Min:  0.0, Avg:  0.0, Max:  0.0, Diff:  0.0, Sum:  0.0, Workers: 6
[46.768s][debug  ][gc,phases      ] GC(171)     Dead                           Min: 0, Avg:  0.0, Max: 0, Diff: 0, Sum: 0, Workers: 6
[46.768s][debug  ][gc,phases      ] GC(171)     Total                          Min: 0, Avg:  0.0, Max: 0, Diff: 0, Sum: 0, Workers: 6
[46.768s][debug  ][gc,phases      ] GC(171)   StringDedup Table Weak         Min:  0.0, Avg:  0.0, Max:  0.0, Diff:  0.0, Sum:  0.0, Workers: 6
[46.768s][debug  ][gc,phases      ] GC(171)     Dead                           Min: 0, Avg:  0.0, Max: 0, Diff: 0, Sum: 0, Workers: 6
[46.768s][debug  ][gc,phases      ] GC(171)     Total                          Min: 0, Avg:  0.0, Max: 0, Diff: 0, Sum: 0, Workers: 6
[46.768s][debug  ][gc,phases      ] GC(171)   StringDedup Requests0 Weak     Min:  0.0, Avg:  0.0, Max:  0.0, Diff:  0.0, Sum:  0.0, Workers: 6
[46.768s][debug  ][gc,phases      ] GC(171)     Dead                           Min: 0, Avg:  0.0, Max: 0, Diff: 0, Sum: 0, Workers: 6
[46.768s][debug  ][gc,phases      ] GC(171)     Total                          Min: 0, Avg:  0.0, Max: 0, Diff: 0, Sum: 0, Workers: 6
[46.768s][debug  ][gc,phases      ] GC(171)   StringDedup Requests1 Weak     Min:  0.0, Avg:  0.0, Max:  0.0, Diff:  0.0, Sum:  0.0, Workers: 6
[46.768s][debug  ][gc,phases      ] GC(171)     Dead                           Min: 0, Avg:  0.0, Max: 0, Diff: 0, Sum: 0, Workers: 6
[46.768s][debug  ][gc,phases      ] GC(171)     Total                          Min: 0, Avg:  0.0, Max: 0, Diff: 0, Sum: 0, Workers: 6
[46.768s][debug  ][gc,phases      ] GC(171)   Weak JFR Old Object Samples    Min:  0.0, Avg:  0.0, Max:  0.0, Diff:  0.0, Sum:  0.0, Workers: 6
[46.768s][debug  ][gc,phases      ] GC(171)     Dead                           Min: 0, Avg:  0.0, Max: 0, Diff: 0, Sum: 0, Workers: 6
[46.768s][debug  ][gc,phases      ] GC(171)     Total                          Min: 0, Avg:  0.0, Max: 0, Diff: 0, Sum: 0, Workers: 6
[46.768s][debug  ][gc,phases      ] GC(171) Weak Processing 0.692ms
[46.768s][debug  ][gc,ergo        ] GC(171) AdaptiveSizeStart:  collection: 172 
[46.768s][debug  ][gc,ergo        ] GC(171) avg_survived_padded_avg: 31924748.000000
[46.768s][debug  ][gc,ergo        ] GC(171) avg_promoted_padded_avg: 269194208.000000  avg_pretenured_padded_avg: 0.000000  tenuring_thresh: 15  target_size: 31981568
[46.768s][debug  ][gc,age         ] GC(171) Desired survivor size 31981568 bytes, new threshold 15 (max threshold 15)
[46.768s][debug  ][gc,ergo        ] GC(171) PSAdaptiveSizePolicy::compute_eden_space_size limits: desired_eden_size: 222719037 old_eden_size: 203423744 eden_limit: 203948032 cur_eden: 203423744 max_eden_size: 203948032 avg_young_live: 27200482
[46.768s][debug  ][gc,ergo        ] GC(171) PSAdaptiveSizePolicy::compute_eden_space_size: costs minor_time: 0.046258 major_cost: 0.051781 mutator_cost: 0.901961 throughput_goal: 0.990000
[46.768s][debug  ][gc,ergo        ] GC(171) Live_space: 1071809920 free_space: 1403518976
[46.768s][debug  ][gc,ergo        ] GC(171) Old eden_size: 203423744 desired_eden_size: 203948032
[46.768s][debug  ][gc,ergo        ] GC(171) AdaptiveSizeStop: collection: 172 
[46.768s][info   ][gc,heap        ] GC(171) PSYoungGen: 229142K(230400K)->30720K(230912K) Eden: 198422K(198656K)->0K(199680K) From: 30720K(31744K)->30720K(31232K)
[46.768s][info   ][gc,heap        ] GC(171) ParOldGen: 1168996K(1835008K)->1363557K(1835008K)
[46.768s][info   ][gc,metaspace   ] GC(171) Metaspace: 1025K(1216K)->1025K(1216K) NonClass: 942K(1024K)->942K(1024K) Class: 83K(192K)->83K(192K)
[46.769s][info   ][gc             ] GC(171) Pause Young (Allocation Failure) 1365M->1361M(2017M) 17.012ms
[46.769s][info   ][gc,cpu         ] GC(171) User=0.12s Sys=0.00s Real=0.02s
[46.769s][debug  ][gc,heap        ] GC(171) Heap after GC invocations=172 (full 27):
[46.769s][debug  ][gc,heap        ] GC(171)  PSYoungGen      total 230912K, used 30720K [0x00000000f0000000, 0x0000000100000000, 0x0000000100000000)
[46.769s][debug  ][gc,heap        ] GC(171)   eden space 199680K, 0% used [0x00000000f0000000,0x00000000f0000000,0x00000000fc300000)
[46.769s][debug  ][gc,heap        ] GC(171)   from space 31232K, 98% used [0x00000000fe180000,0x00000000fff80030,0x0000000100000000)
[46.769s][debug  ][gc,heap        ] GC(171)   to   space 31232K, 0% used [0x00000000fc300000,0x00000000fc300000,0x00000000fe180000)
[46.769s][debug  ][gc,heap        ] GC(171)  ParOldGen       total 1835008K, used 1363557K [0x0000000080000000, 0x00000000f0000000, 0x00000000f0000000)
[46.769s][debug  ][gc,heap        ] GC(171)   object space 1835008K, 74% used [0x0000000080000000,0x00000000d3399458,0x00000000f0000000)
[46.769s][debug  ][gc,heap        ] GC(171)  Metaspace       used 1025K, committed 1216K, reserved 1056768K
[46.769s][debug  ][gc,heap        ] GC(171)   class space    used 83K, committed 192K, reserved 1048576K
[46.769s][debug  ][gc,task,time   ] GC(171) VM-Thread 467511510 467669094 467687668
[47.066s][debug  ][gc,heap        ] GC(172) Heap before GC invocations=173 (full 27):
[47.066s][debug  ][gc,heap        ] GC(172)  PSYoungGen      total 230912K, used 229174K [0x00000000f0000000, 0x0000000100000000, 0x0000000100000000)
[47.067s][debug  ][gc,heap        ] GC(172)   eden space 199680K, 99% used [0x00000000f0000000,0x00000000fc1cd7e0,0x00000000fc300000)
[47.067s][debug  ][gc,heap        ] GC(172)   from space 31232K, 98% used [0x00000000fe180000,0x00000000fff80030,0x0000000100000000)
[47.067s][debug  ][gc,heap        ] GC(172)   to   space 31232K, 0% used [0x00000000fc300000,0x00000000fc300000,0x00000000fe180000)
[47.067s][debug  ][gc,heap        ] GC(172)  ParOldGen       total 1835008K, used 1363557K [0x0000000080000000, 0x00000000f0000000, 0x00000000f0000000)
[47.067s][debug  ][gc,heap        ] GC(172)   object space 1835008K, 74% used [0x0000000080000000,0x00000000d3399458,0x00000000f0000000)
[47.067s][debug  ][gc,heap        ] GC(172)  Metaspace       used 1025K, committed 1216K, reserved 1056768K
[47.067s][debug  ][gc,heap        ] GC(172)   class space    used 83K, committed 192K, reserved 1048576K
[47.067s][debug  ][gc,tlab        ] GC(172) TLAB totals: thrds: 1  refills: 1 max: 1 slow allocs: 18 max 18 waste: 27.5% gc: 3987120B max: 3987120B slow: 0B max: 0B
[47.067s][info   ][gc,start       ] GC(172) Pause Young (Allocation Failure)
[47.067s][debug  ][gc,phases,start] GC(172) Scavenge
[47.082s][debug  ][gc,phases      ] GC(172) Scavenge 15.499ms
[47.082s][debug  ][gc,phases,start] GC(172) Reference Processing
[47.083s][debug  ][gc,ref         ] GC(172) Skipped phase 1 of Reference Processing: no references
[47.083s][debug  ][gc,ref         ] GC(172) Skipped phase 2 of Reference Processing: no references
[47.083s][debug  ][gc,ref         ] GC(172) Skipped phase 3 of Reference Processing: no references
[47.083s][debug  ][gc,ref         ] GC(172) Skipped phase 4 of Reference Processing: no references
[47.083s][debug  ][gc,phases,ref  ] GC(172) Reference Processing: 0.1ms
[47.083s][debug  ][gc,phases,ref  ] GC(172)   Reconsider SoftReferences: 0.0ms
[47.083s][debug  ][gc,phases,ref  ] GC(172)     SoftRef (ms):                  skipped
[47.083s][debug  ][gc,phases,ref  ] GC(172)   Notify Soft/WeakReferences: 0.0ms
[47.083s][debug  ][gc,phases,ref  ] GC(172)     SoftRef (ms):                  skipped
[47.083s][debug  ][gc,phases,ref  ] GC(172)     WeakRef (ms):                  skipped
[47.083s][debug  ][gc,phases,ref  ] GC(172)     FinalRef (ms):                 skipped
[47.083s][debug  ][gc,phases,ref  ] GC(172)     Total (ms):                    skipped
[47.083s][debug  ][gc,phases,ref  ] GC(172)   Notify and keep alive finalizable: 0.0ms
[47.083s][debug  ][gc,phases,ref  ] GC(172)     FinalRef (ms):                 skipped
[47.083s][debug  ][gc,phases,ref  ] GC(172)   Notify PhantomReferences: 0.0ms
[47.083s][debug  ][gc,phases,ref  ] GC(172)     PhantomRef (ms):               skipped
[47.083s][debug  ][gc,phases,ref  ] GC(172)   SoftReference:
[47.083s][debug  ][gc,phases,ref  ] GC(172)     Discovered: 0
[47.083s][debug  ][gc,phases,ref  ] GC(172)     Cleared: 0
[47.083s][debug  ][gc,phases,ref  ] GC(172)   WeakReference:
[47.083s][debug  ][gc,phases,ref  ] GC(172)     Discovered: 0
[47.083s][debug  ][gc,phases,ref  ] GC(172)     Cleared: 0
[47.083s][debug  ][gc,phases,ref  ] GC(172)   FinalReference:
[47.083s][debug  ][gc,phases,ref  ] GC(172)     Discovered: 0
[47.083s][debug  ][gc,phases,ref  ] GC(172)     Cleared: 0
[47.083s][debug  ][gc,phases,ref  ] GC(172)   PhantomReference:
[47.083s][debug  ][gc,phases,ref  ] GC(172)     Discovered: 0
[47.083s][debug  ][gc,phases,ref  ] GC(172)     Cleared: 0
[47.083s][debug  ][gc,phases      ] GC(172) Reference Processing 0.822ms
[47.083s][debug  ][gc,phases,start] GC(172) Weak Processing
[47.083s][debug  ][gc,phases      ] GC(172)   VM Weak                        Min:  0.0, Avg:  0.0, Max:  0.0, Diff:  0.0, Sum:  0.0, Workers: 6
[47.083s][debug  ][gc,phases      ] GC(172)     Dead                           Min: 0, Avg:  0.0, Max: 0, Diff: 0, Sum: 0, Workers: 6
[47.083s][debug  ][gc,phases      ] GC(172)     Total                          Min: 0, Avg:  1.3, Max: 8, Diff: 8, Sum: 8, Workers: 6
[47.083s][debug  ][gc,phases      ] GC(172)   ObjectSynchronizer Weak        Min:  0.0, Avg:  0.0, Max:  0.0, Diff:  0.0, Sum:  0.0, Workers: 6
[47.083s][debug  ][gc,phases      ] GC(172)     Dead                           Min: 0, Avg:  0.0, Max: 0, Diff: 0, Sum: 0, Workers: 6
[47.084s][debug  ][gc,phases      ] GC(172)     Total                          Min: 0, Avg:  0.5, Max: 3, Diff: 3, Sum: 3, Workers: 6
[47.084s][debug  ][gc,phases      ] GC(172)   JVMTI Tag Weak OopStorage      Min:  0.0, Avg:  0.0, Max:  0.0, Diff:  0.0, Sum:  0.0, Workers: 6
[47.084s][debug  ][gc,phases      ] GC(172)     Dead                           Min: 0, Avg:  0.0, Max: 0, Diff: 0, Sum: 0, Workers: 6
[47.084s][debug  ][gc,phases      ] GC(172)     Total                          Min: 0, Avg:  0.0, Max: 0, Diff: 0, Sum: 0, Workers: 6
[47.084s][debug  ][gc,phases      ] GC(172)   StringTable Weak               Min:  0.0, Avg:  0.0, Max:  0.0, Diff:  0.0, Sum:  0.0, Workers: 6
[47.084s][debug  ][gc,phases      ] GC(172)     Dead                           Min: 0, Avg:  0.0, Max: 0, Diff: 0, Sum: 0, Workers: 6
[47.084s][debug  ][gc,phases      ] GC(172)     Total                          Min: 831, Avg: 892.5, Max: 960, Diff: 129, Sum: 5355, Workers: 6
[47.084s][debug  ][gc,phases      ] GC(172)   ResolvedMethodTable Weak       Min:  0.0, Avg:  0.0, Max:  0.0, Diff:  0.0, Sum:  0.0, Workers: 6
[47.084s][debug  ][gc,phases      ] GC(172)     Dead                           Min: 0, Avg:  0.0, Max: 0, Diff: 0, Sum: 0, Workers: 6
[47.084s][debug  ][gc,phases      ] GC(172)     Total                          Min: 0, Avg: 21.5, Max: 64, Diff: 64, Sum: 129, Workers: 6
[47.084s][debug  ][gc,phases      ] GC(172)   JNI Weak                       Min:  0.0, Avg:  0.0, Max:  0.0, Diff:  0.0, Sum:  0.0, Workers: 6
[47.084s][debug  ][gc,phases      ] GC(172)     Dead                           Min: 0, Avg:  0.0, Max: 0, Diff: 0, Sum: 0, Workers: 6
[47.084s][debug  ][gc,phases      ] GC(172)     Total                          Min: 0, Avg:  0.0, Max: 0, Diff: 0, Sum: 0, Workers: 6
[47.084s][debug  ][gc,phases      ] GC(172)   StringDedup Table Weak         Min:  0.0, Avg:  0.0, Max:  0.0, Diff:  0.0, Sum:  0.0, Workers: 6
[47.084s][debug  ][gc,phases      ] GC(172)     Dead                           Min: 0, Avg:  0.0, Max: 0, Diff: 0, Sum: 0, Workers: 6
[47.084s][debug  ][gc,phases      ] GC(172)     Total                          Min: 0, Avg:  0.0, Max: 0, Diff: 0, Sum: 0, Workers: 6
[47.084s][debug  ][gc,phases      ] GC(172)   StringDedup Requests0 Weak     Min:  0.0, Avg:  0.0, Max:  0.0, Diff:  0.0, Sum:  0.0, Workers: 6
[47.084s][debug  ][gc,phases      ] GC(172)     Dead                           Min: 0, Avg:  0.0, Max: 0, Diff: 0, Sum: 0, Workers: 6
[47.084s][debug  ][gc,phases      ] GC(172)     Total                          Min: 0, Avg:  0.0, Max: 0, Diff: 0, Sum: 0, Workers: 6
[47.084s][debug  ][gc,phases      ] GC(172)   StringDedup Requests1 Weak     Min:  0.0, Avg:  0.0, Max:  0.0, Diff:  0.0, Sum:  0.0, Workers: 6
[47.084s][debug  ][gc,phases      ] GC(172)     Dead                           Min: 0, Avg:  0.0, Max: 0, Diff: 0, Sum: 0, Workers: 6
[47.084s][debug  ][gc,phases      ] GC(172)     Total                          Min: 0, Avg:  0.0, Max: 0, Diff: 0, Sum: 0, Workers: 6
[47.084s][debug  ][gc,phases      ] GC(172)   Weak JFR Old Object Samples    Min:  0.0, Avg:  0.0, Max:  0.0, Diff:  0.0, Sum:  0.0, Workers: 6
[47.084s][debug  ][gc,phases      ] GC(172)     Dead                           Min: 0, Avg:  0.0, Max: 0, Diff: 0, Sum: 0, Workers: 6
[47.084s][debug  ][gc,phases      ] GC(172)     Total                          Min: 0, Avg:  0.0, Max: 0, Diff: 0, Sum: 0, Workers: 6
[47.084s][debug  ][gc,phases      ] GC(172) Weak Processing 0.723ms
[47.084s][debug  ][gc,ergo        ] GC(172) AdaptiveSizeStart:  collection: 173 
[47.084s][debug  ][gc,ergo        ] GC(172) avg_survived_padded_avg: 31886756.000000
[47.084s][debug  ][gc,ergo        ] GC(172) avg_promoted_padded_avg: 270389824.000000  avg_pretenured_padded_avg: 0.000000  tenuring_thresh: 15  target_size: 31981568
[47.084s][debug  ][gc,age         ] GC(172) Desired survivor size 31981568 bytes, new threshold 15 (max threshold 15)
[47.084s][debug  ][gc,ergo        ] GC(172) PSAdaptiveSizePolicy::compute_eden_space_size limits: desired_eden_size: 224207618 old_eden_size: 203948032 eden_limit: 204472320 cur_eden: 204472320 max_eden_size: 204472320 avg_young_live: 27626164
[47.084s][debug  ][gc,ergo        ] GC(172) PSAdaptiveSizePolicy::compute_eden_space_size: costs minor_time: 0.048296 major_cost: 0.051781 mutator_cost: 0.899923 throughput_goal: 0.990000
[47.084s][debug  ][gc,ergo        ] GC(172) Live_space: 1072235584 free_space: 1404043264
[47.084s][debug  ][gc,ergo        ] GC(172) Old eden_size: 203948032 desired_eden_size: 204472320
[47.084s][debug  ][gc,ergo        ] GC(172) AdaptiveSizeStop: collection: 173 
[47.084s][info   ][gc,heap        ] GC(172) PSYoungGen: 229174K(230912K)->30720K(230912K) Eden: 198453K(199680K)->0K(199680K) From: 30720K(31232K)->30720K(31232K)
[47.084s][info   ][gc,heap        ] GC(172) ParOldGen: 1363557K(1835008K)->1558117K(1835008K)
[47.084s][info   ][gc,metaspace   ] GC(172) Metaspace: 1025K(1216K)->1025K(1216K) NonClass: 942K(1024K)->942K(1024K) Class: 83K(192K)->83K(192K)
[47.084s][info   ][gc             ] GC(172) Pause Young (Allocation Failure) 1555M->1551M(2017M) 17.576ms
[47.084s][info   ][gc,cpu         ] GC(172) User=0.12s Sys=0.00s Real=0.02s
[47.084s][debug  ][gc,heap        ] GC(172) Heap after GC invocations=173 (full 27):
[47.084s][debug  ][gc,heap        ] GC(172)  PSYoungGen      total 230912K, used 30720K [0x00000000f0000000, 0x0000000100000000, 0x0000000100000000)
[47.084s][debug  ][gc,heap        ] GC(172)   eden space 199680K, 0% used [0x00000000f0000000,0x00000000f0000000,0x00000000fc300000)
[47.085s][debug  ][gc,heap        ] GC(172)   from space 31232K, 98% used [0x00000000fc300000,0x00000000fe100030,0x00000000fe180000)
[47.085s][debug  ][gc,heap        ] GC(172)   to   space 31232K, 0% used [0x00000000fe180000,0x00000000fe180000,0x0000000100000000)
[47.085s][debug  ][gc,heap        ] GC(172)  ParOldGen       total 1835008K, used 1558117K [0x0000000080000000, 0x00000000f0000000, 0x00000000f0000000)
[47.085s][debug  ][gc,heap        ] GC(172)   object space 1835008K, 84% used [0x0000000080000000,0x00000000df199588,0x00000000f0000000)
[47.085s][debug  ][gc,heap        ] GC(172)  Metaspace       used 1025K, committed 1216K, reserved 1056768K
[47.085s][debug  ][gc,heap        ] GC(172)   class space    used 83K, committed 192K, reserved 1048576K
[47.085s][debug  ][gc,task,time   ] GC(172) VM-Thread 470663872 470824591 470846348
[47.383s][debug  ][gc,heap        ] GC(173) Heap before GC invocations=174 (full 27):
[47.383s][debug  ][gc,heap        ] GC(173)  PSYoungGen      total 230912K, used 229181K [0x00000000f0000000, 0x0000000100000000, 0x0000000100000000)
[47.383s][debug  ][gc,heap        ] GC(173)   eden space 199680K, 99% used [0x00000000f0000000,0x00000000fc1cf618,0x00000000fc300000)
[47.383s][debug  ][gc,heap        ] GC(173)   from space 31232K, 98% used [0x00000000fc300000,0x00000000fe100030,0x00000000fe180000)
[47.383s][debug  ][gc,heap        ] GC(173)   to   space 31232K, 0% used [0x00000000fe180000,0x00000000fe180000,0x0000000100000000)
[47.383s][debug  ][gc,heap        ] GC(173)  ParOldGen       total 1835008K, used 1558117K [0x0000000080000000, 0x00000000f0000000, 0x00000000f0000000)
[47.383s][debug  ][gc,heap        ] GC(173)   object space 1835008K, 84% used [0x0000000080000000,0x00000000df199588,0x00000000f0000000)
[47.383s][debug  ][gc,heap        ] GC(173)  Metaspace       used 1025K, committed 1216K, reserved 1056768K
[47.383s][debug  ][gc,heap        ] GC(173)   class space    used 83K, committed 192K, reserved 1048576K
[47.383s][debug  ][gc,tlab        ] GC(173) TLAB totals: thrds: 1  refills: 1 max: 1 slow allocs: 18 max 18 waste: 27.6% gc: 3994856B max: 3994856B slow: 0B max: 0B
[47.383s][info   ][gc,start       ] GC(173) Pause Young (Allocation Failure)
[47.383s][debug  ][gc,phases,start] GC(173) Scavenge
[47.399s][debug  ][gc,phases      ] GC(173) Scavenge 15.160ms
[47.399s][debug  ][gc,phases,start] GC(173) Reference Processing
[47.399s][debug  ][gc,ref         ] GC(173) Skipped phase 1 of Reference Processing: no references
[47.399s][debug  ][gc,ref         ] GC(173) Skipped phase 2 of Reference Processing: no references
[47.399s][debug  ][gc,ref         ] GC(173) Skipped phase 3 of Reference Processing: no references
[47.399s][debug  ][gc,ref         ] GC(173) Skipped phase 4 of Reference Processing: no references
[47.399s][debug  ][gc,phases,ref  ] GC(173) Reference Processing: 0.1ms
[47.399s][debug  ][gc,phases,ref  ] GC(173)   Reconsider SoftReferences: 0.0ms
[47.399s][debug  ][gc,phases,ref  ] GC(173)     SoftRef (ms):                  skipped
[47.399s][debug  ][gc,phases,ref  ] GC(173)   Notify Soft/WeakReferences: 0.0ms
[47.399s][debug  ][gc,phases,ref  ] GC(173)     SoftRef (ms):                  skipped
[47.399s][debug  ][gc,phases,ref  ] GC(173)     WeakRef (ms):                  skipped
[47.399s][debug  ][gc,phases,ref  ] GC(173)     FinalRef (ms):                 skipped
[47.399s][debug  ][gc,phases,ref  ] GC(173)     Total (ms):                    skipped
[47.399s][debug  ][gc,phases,ref  ] GC(173)   Notify and keep alive finalizable: 0.0ms
[47.399s][debug  ][gc,phases,ref  ] GC(173)     FinalRef (ms):                 skipped
[47.399s][debug  ][gc,phases,ref  ] GC(173)   Notify PhantomReferences: 0.0ms
[47.399s][debug  ][gc,phases,ref  ] GC(173)     PhantomRef (ms):               skipped
[47.399s][debug  ][gc,phases,ref  ] GC(173)   SoftReference:
[47.399s][debug  ][gc,phases,ref  ] GC(173)     Discovered: 0
[47.399s][debug  ][gc,phases,ref  ] GC(173)     Cleared: 0
[47.399s][debug  ][gc,phases,ref  ] GC(173)   WeakReference:
[47.399s][debug  ][gc,phases,ref  ] GC(173)     Discovered: 0
[47.399s][debug  ][gc,phases,ref  ] GC(173)     Cleared: 0
[47.399s][debug  ][gc,phases,ref  ] GC(173)   FinalReference:
[47.399s][debug  ][gc,phases,ref  ] GC(173)     Discovered: 0
[47.399s][debug  ][gc,phases,ref  ] GC(173)     Cleared: 0
[47.399s][debug  ][gc,phases,ref  ] GC(173)   PhantomReference:
[47.399s][debug  ][gc,phases,ref  ] GC(173)     Discovered: 0
[47.399s][debug  ][gc,phases,ref  ] GC(173)     Cleared: 0
[47.399s][debug  ][gc,phases      ] GC(173) Reference Processing 0.580ms
[47.399s][debug  ][gc,phases,start] GC(173) Weak Processing
[47.399s][debug  ][gc,phases      ] GC(173)   VM Weak                        Min:  0.0, Avg:  0.0, Max:  0.0, Diff:  0.0, Sum:  0.0, Workers: 6
[47.399s][debug  ][gc,phases      ] GC(173)     Dead                           Min: 0, Avg:  0.0, Max: 0, Diff: 0, Sum: 0, Workers: 6
[47.399s][debug  ][gc,phases      ] GC(173)     Total                          Min: 0, Avg:  1.3, Max: 8, Diff: 8, Sum: 8, Workers: 6
[47.399s][debug  ][gc,phases      ] GC(173)   ObjectSynchronizer Weak        Min:  0.0, Avg:  0.0, Max:  0.0, Diff:  0.0, Sum:  0.0, Workers: 6
[47.399s][debug  ][gc,phases      ] GC(173)     Dead                           Min: 0, Avg:  0.0, Max: 0, Diff: 0, Sum: 0, Workers: 6
[47.399s][debug  ][gc,phases      ] GC(173)     Total                          Min: 0, Avg:  0.5, Max: 3, Diff: 3, Sum: 3, Workers: 6
[47.399s][debug  ][gc,phases      ] GC(173)   JVMTI Tag Weak OopStorage      Min:  0.0, Avg:  0.0, Max:  0.0, Diff:  0.0, Sum:  0.0, Workers: 6
[47.400s][debug  ][gc,phases      ] GC(173)     Dead                           Min: 0, Avg:  0.0, Max: 0, Diff: 0, Sum: 0, Workers: 6
[47.400s][debug  ][gc,phases      ] GC(173)     Total                          Min: 0, Avg:  0.0, Max: 0, Diff: 0, Sum: 0, Workers: 6
[47.400s][debug  ][gc,phases      ] GC(173)   StringTable Weak               Min:  0.0, Avg:  0.0, Max:  0.0, Diff:  0.0, Sum:  0.0, Workers: 6
[47.400s][debug  ][gc,phases      ] GC(173)     Dead                           Min: 0, Avg:  0.0, Max: 0, Diff: 0, Sum: 0, Workers: 6
[47.400s][debug  ][gc,phases      ] GC(173)     Total                          Min: 768, Avg: 892.5, Max: 1196, Diff: 428, Sum: 5355, Workers: 6
[47.400s][debug  ][gc,phases      ] GC(173)   ResolvedMethodTable Weak       Min:  0.0, Avg:  0.0, Max:  0.0, Diff:  0.0, Sum:  0.0, Workers: 6
[47.400s][debug  ][gc,phases      ] GC(173)     Dead                           Min: 0, Avg:  0.0, Max: 0, Diff: 0, Sum: 0, Workers: 6
[47.400s][debug  ][gc,phases      ] GC(173)     Total                          Min: 0, Avg: 21.5, Max: 64, Diff: 64, Sum: 129, Workers: 6
[47.400s][debug  ][gc,phases      ] GC(173)   JNI Weak                       Min:  0.0, Avg:  0.0, Max:  0.0, Diff:  0.0, Sum:  0.0, Workers: 6
[47.400s][debug  ][gc,phases      ] GC(173)     Dead                           Min: 0, Avg:  0.0, Max: 0, Diff: 0, Sum: 0, Workers: 6
[47.400s][debug  ][gc,phases      ] GC(173)     Total                          Min: 0, Avg:  0.0, Max: 0, Diff: 0, Sum: 0, Workers: 6
[47.400s][debug  ][gc,phases      ] GC(173)   StringDedup Table Weak         Min:  0.0, Avg:  0.0, Max:  0.0, Diff:  0.0, Sum:  0.0, Workers: 6
[47.400s][debug  ][gc,phases      ] GC(173)     Dead                           Min: 0, Avg:  0.0, Max: 0, Diff: 0, Sum: 0, Workers: 6
[47.400s][debug  ][gc,phases      ] GC(173)     Total                          Min: 0, Avg:  0.0, Max: 0, Diff: 0, Sum: 0, Workers: 6
[47.400s][debug  ][gc,phases      ] GC(173)   StringDedup Requests0 Weak     Min:  0.0, Avg:  0.0, Max:  0.0, Diff:  0.0, Sum:  0.0, Workers: 6
[47.400s][debug  ][gc,phases      ] GC(173)     Dead                           Min: 0, Avg:  0.0, Max: 0, Diff: 0, Sum: 0, Workers: 6
[47.400s][debug  ][gc,phases      ] GC(173)     Total                          Min: 0, Avg:  0.0, Max: 0, Diff: 0, Sum: 0, Workers: 6
[47.400s][debug  ][gc,phases      ] GC(173)   StringDedup Requests1 Weak     Min:  0.0, Avg:  0.0, Max:  0.0, Diff:  0.0, Sum:  0.0, Workers: 6
[47.400s][debug  ][gc,phases      ] GC(173)     Dead                           Min: 0, Avg:  0.0, Max: 0, Diff: 0, Sum: 0, Workers: 6
[47.400s][debug  ][gc,phases      ] GC(173)     Total                          Min: 0, Avg:  0.0, Max: 0, Diff: 0, Sum: 0, Workers: 6
[47.400s][debug  ][gc,phases      ] GC(173)   Weak JFR Old Object Samples    Min:  0.0, Avg:  0.0, Max:  0.0, Diff:  0.0, Sum:  0.0, Workers: 6
[47.400s][debug  ][gc,phases      ] GC(173)     Dead                           Min: 0, Avg:  0.0, Max: 0, Diff: 0, Sum: 0, Workers: 6
[47.400s][debug  ][gc,phases      ] GC(173)     Total                          Min: 0, Avg:  0.0, Max: 0, Diff: 0, Sum: 0, Workers: 6
[47.400s][debug  ][gc,phases      ] GC(173) Weak Processing 0.745ms
[47.400s][debug  ][gc,ergo        ] GC(173) AdaptiveSizeStart:  collection: 174 
[47.400s][debug  ][gc,ergo        ] GC(173) avg_survived_padded_avg: 31851688.000000
[47.400s][debug  ][gc,ergo        ] GC(173) avg_promoted_padded_avg: 270646656.000000  avg_pretenured_padded_avg: 0.000000  tenuring_thresh: 15  target_size: 31981568
[47.400s][debug  ][gc,age         ] GC(173) Desired survivor size 31981568 bytes, new threshold 15 (max threshold 15)
[47.400s][debug  ][gc,ergo        ] GC(173) PSAdaptiveSizePolicy::compute_eden_space_size limits: desired_eden_size: 224430931 old_eden_size: 204472320 eden_limit: 204472320 cur_eden: 204472320 max_eden_size: 204472320 avg_young_live: 28009278
[47.400s][debug  ][gc,ergo        ] GC(173) PSAdaptiveSizePolicy::compute_eden_space_size: costs minor_time: 0.049364 major_cost: 0.051781 mutator_cost: 0.898855 throughput_goal: 0.990000
[47.400s][debug  ][gc,ergo        ] GC(173) Live_space: 1072618688 free_space: 1404567552
[47.400s][debug  ][gc,ergo        ] GC(173) Old eden_size: 204472320 desired_eden_size: 204472320
[47.400s][debug  ][gc,ergo        ] GC(173) AdaptiveSizeStop: collection: 174 
[47.400s][info   ][gc,heap        ] GC(173) PSYoungGen: 229181K(230912K)->30720K(230912K) Eden: 198461K(199680K)->0K(199680K) From: 30720K(31232K)->30720K(31232K)
[47.400s][info   ][gc,heap        ] GC(173) ParOldGen: 1558117K(1835008K)->1752677K(1835008K)
[47.400s][info   ][gc,metaspace   ] GC(173) Metaspace: 1025K(1216K)->1025K(1216K) NonClass: 942K(1024K)->942K(1024K) Class: 83K(192K)->83K(192K)
[47.400s][info   ][gc             ] GC(173) Pause Young (Allocation Failure) 1745M->1741M(2017M) 16.953ms
[47.400s][info   ][gc,cpu         ] GC(173) User=0.12s Sys=0.02s Real=0.02s
[47.400s][debug  ][gc,heap        ] GC(173) Heap after GC invocations=174 (full 27):
[47.400s][debug  ][gc,heap        ] GC(173)  PSYoungGen      total 230912K, used 30720K [0x00000000f0000000, 0x0000000100000000, 0x0000000100000000)
[47.400s][debug  ][gc,heap        ] GC(173)   eden space 199680K, 0% used [0x00000000f0000000,0x00000000f0000000,0x00000000fc300000)
[47.400s][debug  ][gc,heap        ] GC(173)   from space 31232K, 98% used [0x00000000fe180000,0x00000000fff80030,0x0000000100000000)
[47.400s][debug  ][gc,heap        ] GC(173)   to   space 31232K, 0% used [0x00000000fc300000,0x00000000fc300000,0x00000000fe180000)
[47.400s][debug  ][gc,heap        ] GC(173)  ParOldGen       total 1835008K, used 1752677K [0x0000000080000000, 0x00000000f0000000, 0x00000000f0000000)
[47.400s][debug  ][gc,heap        ] GC(173)   object space 1835008K, 95% used [0x0000000080000000,0x00000000eaf996b8,0x00000000f0000000)
[47.401s][debug  ][gc,heap        ] GC(173)  Metaspace       used 1025K, committed 1216K, reserved 1056768K
[47.401s][debug  ][gc,heap        ] GC(173)   class space    used 83K, committed 192K, reserved 1048576K
[47.401s][debug  ][gc,task,time   ] GC(173) VM-Thread 473829293 473986354 474005504
[47.401s][debug  ][gc,phases,start] GC(174) Pre Compact
[47.401s][debug  ][gc,heap        ] GC(174) Heap before GC invocations=175 (full 28):
[47.401s][debug  ][gc,heap        ] GC(174)  PSYoungGen      total 230912K, used 30720K [0x00000000f0000000, 0x0000000100000000, 0x0000000100000000)
[47.401s][debug  ][gc,heap        ] GC(174)   eden space 199680K, 0% used [0x00000000f0000000,0x00000000f0000000,0x00000000fc300000)
[47.401s][debug  ][gc,heap        ] GC(174)   from space 31232K, 98% used [0x00000000fe180000,0x00000000fff80030,0x0000000100000000)
[47.401s][debug  ][gc,heap        ] GC(174)   to   space 31232K, 0% used [0x00000000fc300000,0x00000000fc300000,0x00000000fe180000)
[47.401s][debug  ][gc,heap        ] GC(174)  ParOldGen       total 1835008K, used 1752677K [0x0000000080000000, 0x00000000f0000000, 0x00000000f0000000)
[47.401s][debug  ][gc,heap        ] GC(174)   object space 1835008K, 95% used [0x0000000080000000,0x00000000eaf996b8,0x00000000f0000000)
[47.401s][debug  ][gc,heap        ] GC(174)  Metaspace       used 1025K, committed 1216K, reserved 1056768K
[47.401s][debug  ][gc,heap        ] GC(174)   class space    used 83K, committed 192K, reserved 1048576K
[47.401s][debug  ][gc,phases      ] GC(174) Pre Compact 0.202ms
[47.401s][info   ][gc,start       ] GC(174) Pause Full (Ergonomics)
[47.401s][info   ][gc,phases,start] GC(174) Marking Phase
[47.401s][debug  ][gc,phases,start] GC(174) Par Mark
[47.401s][debug  ][gc,phases      ] GC(174) Par Mark 0.510ms
[47.401s][debug  ][gc,phases,start] GC(174) Reference Processing
[47.401s][debug  ][gc,ref         ] GC(174) Skipped phase 1 of Reference Processing: no references
[47.401s][debug  ][gc,ref         ] GC(174) ReferenceProcessor::execute queues: 1, RefProcThreadModel::Single, marks_oops_alive: false
[47.401s][debug  ][gc,ref         ] GC(174) Skipped phase 3 of Reference Processing: no references
[47.402s][debug  ][gc,ref         ] GC(174) ReferenceProcessor::execute queues: 1, RefProcThreadModel::Single, marks_oops_alive: false
[47.402s][debug  ][gc,phases,ref  ] GC(174) Reference Processing: 0.1ms
[47.402s][debug  ][gc,phases,ref  ] GC(174)   Reconsider SoftReferences: 0.0ms
[47.402s][debug  ][gc,phases,ref  ] GC(174)     SoftRef (ms):                  skipped
[47.402s][debug  ][gc,phases,ref  ] GC(174)   Notify Soft/WeakReferences: 0.0ms
[47.402s][debug  ][gc,phases,ref  ] GC(174)     SoftRef (ms):                  Min:  0.0, Avg:  0.0, Max:  0.0, Diff:  0.0, Sum:  0.0, Workers: 8
[47.402s][debug  ][gc,phases,ref  ] GC(174)     WeakRef (ms):                  Min:  0.0, Avg:  0.0, Max:  0.0, Diff:  0.0, Sum:  0.0, Workers: 8
[47.402s][debug  ][gc,phases,ref  ] GC(174)     FinalRef (ms):                 Min:  0.0, Avg:  0.0, Max:  0.0, Diff:  0.0, Sum:  0.0, Workers: 8
[47.402s][debug  ][gc,phases,ref  ] GC(174)     Total (ms):                    Min:  0.0, Avg:  0.0, Max:  0.0, Diff:  0.0, Sum:  0.0, Workers: 8
[47.402s][debug  ][gc,phases,ref  ] GC(174)   Notify and keep alive finalizable: 0.0ms
[47.402s][debug  ][gc,phases,ref  ] GC(174)     FinalRef (ms):                 skipped
[47.402s][debug  ][gc,phases,ref  ] GC(174)   Notify PhantomReferences: 0.0ms
[47.402s][debug  ][gc,phases,ref  ] GC(174)     PhantomRef (ms):               Min:  0.0, Avg:  0.0, Max:  0.0, Diff:  0.0, Sum:  0.0, Workers: 8
[47.402s][debug  ][gc,phases,ref  ] GC(174)   SoftReference:
[47.402s][debug  ][gc,phases,ref  ] GC(174)     Discovered: 0
[47.402s][debug  ][gc,phases,ref  ] GC(174)     Cleared: 0
[47.402s][debug  ][gc,phases,ref  ] GC(174)   WeakReference:
[47.402s][debug  ][gc,phases,ref  ] GC(174)     Discovered: 90
[47.402s][debug  ][gc,phases,ref  ] GC(174)     Cleared: 90
[47.402s][debug  ][gc,phases,ref  ] GC(174)   FinalReference:
[47.402s][debug  ][gc,phases,ref  ] GC(174)     Discovered: 0
[47.402s][debug  ][gc,phases,ref  ] GC(174)     Cleared: 0
[47.402s][debug  ][gc,phases,ref  ] GC(174)   PhantomReference:
[47.402s][debug  ][gc,phases,ref  ] GC(174)     Discovered: 3
[47.402s][debug  ][gc,phases,ref  ] GC(174)     Cleared: 3
[47.402s][debug  ][gc,phases      ] GC(174) Reference Processing 0.683ms
[47.402s][debug  ][gc,phases,start] GC(174) Weak Processing
[47.402s][debug  ][gc,phases      ] GC(174)   VM Weak                        Min:  0.0, Avg:  0.0, Max:  0.0, Diff:  0.0, Sum:  0.0, Workers: 6
[47.402s][debug  ][gc,phases      ] GC(174)     Dead                           Min: 0, Avg:  0.0, Max: 0, Diff: 0, Sum: 0, Workers: 6
[47.402s][debug  ][gc,phases      ] GC(174)     Total                          Min: 0, Avg:  1.3, Max: 8, Diff: 8, Sum: 8, Workers: 6
[47.402s][debug  ][gc,phases      ] GC(174)   ObjectSynchronizer Weak        Min:  0.0, Avg:  0.0, Max:  0.0, Diff:  0.0, Sum:  0.0, Workers: 6
[47.402s][debug  ][gc,phases      ] GC(174)     Dead                           Min: 0, Avg:  0.0, Max: 0, Diff: 0, Sum: 0, Workers: 6
[47.402s][debug  ][gc,phases      ] GC(174)     Total                          Min: 0, Avg:  0.5, Max: 3, Diff: 3, Sum: 3, Workers: 6
[47.402s][debug  ][gc,phases      ] GC(174)   JVMTI Tag Weak OopStorage      Min:  0.0, Avg:  0.0, Max:  0.0, Diff:  0.0, Sum:  0.0, Workers: 6
[47.402s][debug  ][gc,phases      ] GC(174)     Dead                           Min: 0, Avg:  0.0, Max: 0, Diff: 0, Sum: 0, Workers: 6
[47.402s][debug  ][gc,phases      ] GC(174)     Total                          Min: 0, Avg:  0.0, Max: 0, Diff: 0, Sum: 0, Workers: 6
[47.402s][debug  ][gc,phases      ] GC(174)   StringTable Weak               Min:  0.0, Avg:  0.0, Max:  0.0, Diff:  0.0, Sum:  0.0, Workers: 6
[47.402s][debug  ][gc,phases      ] GC(174)     Dead                           Min: 0, Avg:  0.0, Max: 0, Diff: 0, Sum: 0, Workers: 6
[47.402s][debug  ][gc,phases      ] GC(174)     Total                          Min: 876, Avg: 892.5, Max: 896, Diff: 20, Sum: 5355, Workers: 6
[47.402s][debug  ][gc,phases      ] GC(174)   ResolvedMethodTable Weak       Min:  0.0, Avg:  0.0, Max:  0.0, Diff:  0.0, Sum:  0.0, Workers: 6
[47.402s][debug  ][gc,phases      ] GC(174)     Dead                           Min: 0, Avg:  0.0, Max: 0, Diff: 0, Sum: 0, Workers: 6
[47.402s][debug  ][gc,phases      ] GC(174)     Total                          Min: 0, Avg: 21.5, Max: 64, Diff: 64, Sum: 129, Workers: 6
[47.402s][debug  ][gc,phases      ] GC(174)   JNI Weak                       Min:  0.0, Avg:  0.0, Max:  0.0, Diff:  0.0, Sum:  0.0, Workers: 6
[47.403s][debug  ][gc,phases      ] GC(174)     Dead                           Min: 0, Avg:  0.0, Max: 0, Diff: 0, Sum: 0, Workers: 6
[47.403s][debug  ][gc,phases      ] GC(174)     Total                          Min: 0, Avg:  0.0, Max: 0, Diff: 0, Sum: 0, Workers: 6
[47.403s][debug  ][gc,phases      ] GC(174)   StringDedup Table Weak         Min:  0.0, Avg:  0.0, Max:  0.0, Diff:  0.0, Sum:  0.0, Workers: 6
[47.403s][debug  ][gc,phases      ] GC(174)     Dead                           Min: 0, Avg:  0.0, Max: 0, Diff: 0, Sum: 0, Workers: 6
[47.403s][debug  ][gc,phases      ] GC(174)     Total                          Min: 0, Avg:  0.0, Max: 0, Diff: 0, Sum: 0, Workers: 6
[47.403s][debug  ][gc,phases      ] GC(174)   StringDedup Requests0 Weak     Min:  0.0, Avg:  0.0, Max:  0.0, Diff:  0.0, Sum:  0.0, Workers: 6
[47.403s][debug  ][gc,phases      ] GC(174)     Dead                           Min: 0, Avg:  0.0, Max: 0, Diff: 0, Sum: 0, Workers: 6
[47.403s][debug  ][gc,phases      ] GC(174)     Total                          Min: 0, Avg:  0.0, Max: 0, Diff: 0, Sum: 0, Workers: 6
[47.403s][debug  ][gc,phases      ] GC(174)   StringDedup Requests1 Weak     Min:  0.0, Avg:  0.0, Max:  0.0, Diff:  0.0, Sum:  0.0, Workers: 6
[47.403s][debug  ][gc,phases      ] GC(174)     Dead                           Min: 0, Avg:  0.0, Max: 0, Diff: 0, Sum: 0, Workers: 6
[47.403s][debug  ][gc,phases      ] GC(174)     Total                          Min: 0, Avg:  0.0, Max: 0, Diff: 0, Sum: 0, Workers: 6
[47.403s][debug  ][gc,phases      ] GC(174)   Weak JFR Old Object Samples    Min:  0.0, Avg:  0.0, Max:  0.0, Diff:  0.0, Sum:  0.0, Workers: 6
[47.403s][debug  ][gc,phases      ] GC(174)     Dead                           Min: 0, Avg:  0.0, Max: 0, Diff: 0, Sum: 0, Workers: 6
[47.403s][debug  ][gc,phases      ] GC(174)     Total                          Min: 0, Avg:  0.0, Max: 0, Diff: 0, Sum: 0, Workers: 6
[47.403s][debug  ][gc,phases      ] GC(174) Weak Processing 0.679ms
[47.403s][debug  ][gc,phases,start] GC(174) Class Unloading
[47.403s][debug  ][gc,phases,start] GC(174) ClassLoaderData
[47.403s][debug  ][gc,phases      ] GC(174) ClassLoaderData 0.019ms
[47.403s][debug  ][gc,phases,start] GC(174) Trigger cleanups
[47.403s][debug  ][gc,phases      ] GC(174) Trigger cleanups 0.019ms
[47.403s][debug  ][gc,phases      ] GC(174) Class Unloading 0.259ms
[47.403s][info   ][gc,phases      ] GC(174) Marking Phase 2.273ms
[47.403s][info   ][gc,phases,start] GC(174) Summary Phase
[47.403s][info   ][gc,phases      ] GC(174) Summary Phase 0.048ms
[47.403s][info   ][gc,phases,start] GC(174) Adjust Roots
[47.403s][info   ][gc,phases      ] GC(174) Adjust Roots 0.162ms
[47.403s][info   ][gc,phases,start] GC(174) Compaction Phase
[47.496s][info   ][gc,phases      ] GC(174) Compaction Phase 92.654ms
[47.496s][info   ][gc,phases,start] GC(174) Post Compact
[47.502s][info   ][gc,phases      ] GC(174) Post Compact 5.429ms
[47.502s][debug  ][gc,ergo        ] GC(174) AdaptiveSizeStart: collection: 175 
[47.502s][debug  ][gc,ergo        ] GC(174) PSAdaptiveSizePolicy::compute_eden_space_size limits: desired_eden_size: 224500302 old_eden_size: 204472320 eden_limit: 204472320 cur_eden: 204472320 max_eden_size: 204472320 avg_young_live: 25208350
[47.502s][debug  ][gc,ergo        ] GC(174) PSAdaptiveSizePolicy::compute_eden_space_size: costs minor_time: 0.049364 major_cost: 0.051431 mutator_cost: 0.899206 throughput_goal: 0.990000
[47.502s][debug  ][gc,ergo        ] GC(174) Live_space: 1069817728 free_space: 1404567552
[47.502s][debug  ][gc,ergo        ] GC(174) Old eden_size: 204472320 desired_eden_size: 204472320
[47.502s][debug  ][gc,ergo        ] GC(174) PSAdaptiveSizePolicy::compute_old_gen_free_space limits: desired_promo_size: 1322618930 promo_limit: 1200095232 free_in_old_gen: 1090146560 max_old_gen_size: 1879048192 avg_old_live: 788901696
[47.502s][debug  ][gc,ergo        ] GC(174) PSAdaptiveSizePolicy::compute_old_gen_free_space: costs minor_time: 0.049364 major_cost: 0.051431  mutator_cost: 0.899206 throughput_goal: 0.990000
[47.502s][debug  ][gc,ergo        ] GC(174) Live_space: 1082545536 free_space: 1404567552
[47.502s][debug  ][gc,ergo        ] GC(174) Old promo_size: 1200095232 desired_promo_size: 1200095232
[47.502s][debug  ][gc,ergo        ] GC(174) AdaptiveSizeStop: collection: 175 
[47.502s][info   ][gc,heap        ] GC(174) PSYoungGen: 30720K(230912K)->0K(230912K) Eden: 0K(199680K)->0K(199680K) From: 30720K(31232K)->0K(31232K)
[47.502s][info   ][gc,heap        ] GC(174) ParOldGen: 1752677K(1835008K)->882276K(1835008K)
[47.502s][info   ][gc,metaspace   ] GC(174) Metaspace: 1025K(1216K)->1025K(1216K) NonClass: 942K(1024K)->942K(1024K) Class: 83K(192K)->83K(192K)
[47.502s][info   ][gc             ] GC(174) Pause Full (Ergonomics) 1741M->861M(2017M) 101.221ms
[47.502s][info   ][gc,cpu         ] GC(174) User=0.75s Sys=0.00s Real=0.10s
[47.502s][debug  ][gc,heap        ] GC(174) Heap after GC invocations=175 (full 28):
[47.502s][debug  ][gc,heap        ] GC(174)  PSYoungGen      total 230912K, used 0K [0x00000000f0000000, 0x0000000100000000, 0x0000000100000000)
[47.502s][debug  ][gc,heap        ] GC(174)   eden space 199680K, 0% used [0x00000000f0000000,0x00000000f0000000,0x00000000fc300000)
[47.502s][debug  ][gc,heap        ] GC(174)   from space 31232K, 0% used [0x00000000fc300000,0x00000000fc300000,0x00000000fe180000)
[47.502s][debug  ][gc,heap        ] GC(174)   to   space 31232K, 0% used [0x00000000fe180000,0x00000000fe180000,0x0000000100000000)
[47.502s][debug  ][gc,heap        ] GC(174)  ParOldGen       total 1835008K, used 882276K [0x0000000080000000, 0x00000000f0000000, 0x00000000f0000000)
[47.502s][debug  ][gc,heap        ] GC(174)   object space 1835008K, 48% used [0x0000000080000000,0x00000000b5d99168,0x00000000f0000000)
[47.502s][debug  ][gc,heap        ] GC(174)  Metaspace       used 1025K, committed 1216K, reserved 1056768K
[47.502s][debug  ][gc,heap        ] GC(174)   class space    used 83K, committed 192K, reserved 1048576K
[47.502s][debug  ][gc,task,time   ] GC(174) VM-Thread 474008279 474034210 475020843
[47.808s][debug  ][gc,heap        ] GC(175) Heap before GC invocations=176 (full 28):
[47.808s][debug  ][gc,heap        ] GC(175)  PSYoungGen      total 230912K, used 198466K [0x00000000f0000000, 0x0000000100000000, 0x0000000100000000)
[47.808s][debug  ][gc,heap        ] GC(175)   eden space 199680K, 99% used [0x00000000f0000000,0x00000000fc1d0980,0x00000000fc300000)
[47.808s][debug  ][gc,heap        ] GC(175)   from space 31232K, 0% used [0x00000000fc300000,0x00000000fc300000,0x00000000fe180000)
[47.808s][debug  ][gc,heap        ] GC(175)   to   space 31232K, 0% used [0x00000000fe180000,0x00000000fe180000,0x0000000100000000)
[47.808s][debug  ][gc,heap        ] GC(175)  ParOldGen       total 1835008K, used 882276K [0x0000000080000000, 0x00000000f0000000, 0x00000000f0000000)
[47.808s][debug  ][gc,heap        ] GC(175)   object space 1835008K, 48% used [0x0000000080000000,0x00000000b5d99168,0x00000000f0000000)
[47.808s][debug  ][gc,heap        ] GC(175)  Metaspace       used 1027K, committed 1216K, reserved 1056768K
[47.808s][debug  ][gc,heap        ] GC(175)   class space    used 83K, committed 192K, reserved 1048576K
[47.808s][debug  ][gc,tlab        ] GC(175) TLAB totals: thrds: 1  refills: 1 max: 1 slow allocs: 18 max 18 waste: 27.6% gc: 3998760B max: 3998760B slow: 0B max: 0B
[47.808s][info   ][gc,start       ] GC(175) Pause Young (Allocation Failure)
[47.808s][debug  ][gc,phases,start] GC(175) Scavenge
[47.812s][debug  ][gc,phases      ] GC(175) Scavenge 4.280ms
[47.812s][debug  ][gc,phases,start] GC(175) Reference Processing
[47.812s][debug  ][gc,ref         ] GC(175) Skipped phase 1 of Reference Processing: no references
[47.812s][debug  ][gc,ref         ] GC(175) Skipped phase 2 of Reference Processing: no references
[47.812s][debug  ][gc,ref         ] GC(175) Skipped phase 3 of Reference Processing: no references
[47.812s][debug  ][gc,ref         ] GC(175) Skipped phase 4 of Reference Processing: no references
[47.812s][debug  ][gc,phases,ref  ] GC(175) Reference Processing: 0.1ms
[47.813s][debug  ][gc,phases,ref  ] GC(175)   Reconsider SoftReferences: 0.0ms
[47.813s][debug  ][gc,phases,ref  ] GC(175)     SoftRef (ms):                  skipped
[47.813s][debug  ][gc,phases,ref  ] GC(175)   Notify Soft/WeakReferences: 0.0ms
[47.813s][debug  ][gc,phases,ref  ] GC(175)     SoftRef (ms):                  skipped
[47.813s][debug  ][gc,phases,ref  ] GC(175)     WeakRef (ms):                  skipped
[47.813s][debug  ][gc,phases,ref  ] GC(175)     FinalRef (ms):                 skipped
[47.813s][debug  ][gc,phases,ref  ] GC(175)     Total (ms):                    skipped
[47.813s][debug  ][gc,phases,ref  ] GC(175)   Notify and keep alive finalizable: 0.0ms
[47.813s][debug  ][gc,phases,ref  ] GC(175)     FinalRef (ms):                 skipped
[47.813s][debug  ][gc,phases,ref  ] GC(175)   Notify PhantomReferences: 0.0ms
[47.813s][debug  ][gc,phases,ref  ] GC(175)     PhantomRef (ms):               skipped
[47.813s][debug  ][gc,phases,ref  ] GC(175)   SoftReference:
[47.813s][debug  ][gc,phases,ref  ] GC(175)     Discovered: 0
[47.813s][debug  ][gc,phases,ref  ] GC(175)     Cleared: 0
[47.813s][debug  ][gc,phases,ref  ] GC(175)   WeakReference:
[47.813s][debug  ][gc,phases,ref  ] GC(175)     Discovered: 0
[47.813s][debug  ][gc,phases,ref  ] GC(175)     Cleared: 0
[47.813s][debug  ][gc,phases,ref  ] GC(175)   FinalReference:
[47.813s][debug  ][gc,phases,ref  ] GC(175)     Discovered: 0
[47.813s][debug  ][gc,phases,ref  ] GC(175)     Cleared: 0
[47.813s][debug  ][gc,phases,ref  ] GC(175)   PhantomReference:
[47.813s][debug  ][gc,phases,ref  ] GC(175)     Discovered: 0
[47.813s][debug  ][gc,phases,ref  ] GC(175)     Cleared: 0
[47.813s][debug  ][gc,phases      ] GC(175) Reference Processing 0.785ms
[47.813s][debug  ][gc,phases,start] GC(175) Weak Processing
[47.813s][debug  ][gc,phases      ] GC(175)   VM Weak                        Min:  0.0, Avg:  0.0, Max:  0.0, Diff:  0.0, Sum:  0.0, Workers: 6
[47.813s][debug  ][gc,phases      ] GC(175)     Dead                           Min: 0, Avg:  0.0, Max: 0, Diff: 0, Sum: 0, Workers: 6
[47.813s][debug  ][gc,phases      ] GC(175)     Total                          Min: 0, Avg:  1.3, Max: 8, Diff: 8, Sum: 8, Workers: 6
[47.813s][debug  ][gc,phases      ] GC(175)   ObjectSynchronizer Weak        Min:  0.0, Avg:  0.0, Max:  0.0, Diff:  0.0, Sum:  0.0, Workers: 6
[47.813s][debug  ][gc,phases      ] GC(175)     Dead                           Min: 0, Avg:  0.0, Max: 0, Diff: 0, Sum: 0, Workers: 6
[47.813s][debug  ][gc,phases      ] GC(175)     Total                          Min: 0, Avg:  0.5, Max: 3, Diff: 3, Sum: 3, Workers: 6
[47.813s][debug  ][gc,phases      ] GC(175)   JVMTI Tag Weak OopStorage      Min:  0.0, Avg:  0.0, Max:  0.0, Diff:  0.0, Sum:  0.0, Workers: 6
[47.813s][debug  ][gc,phases      ] GC(175)     Dead                           Min: 0, Avg:  0.0, Max: 0, Diff: 0, Sum: 0, Workers: 6
[47.813s][debug  ][gc,phases      ] GC(175)     Total                          Min: 0, Avg:  0.0, Max: 0, Diff: 0, Sum: 0, Workers: 6
[47.813s][debug  ][gc,phases      ] GC(175)   StringTable Weak               Min:  0.0, Avg:  0.0, Max:  0.0, Diff:  0.0, Sum:  0.0, Workers: 6
[47.813s][debug  ][gc,phases      ] GC(175)     Dead                           Min: 0, Avg:  0.0, Max: 0, Diff: 0, Sum: 0, Workers: 6
[47.814s][debug  ][gc,phases      ] GC(175)     Total                          Min: 704, Avg: 892.5, Max: 1024, Diff: 320, Sum: 5355, Workers: 6
[47.814s][debug  ][gc,phases      ] GC(175)   ResolvedMethodTable Weak       Min:  0.0, Avg:  0.0, Max:  0.0, Diff:  0.0, Sum:  0.0, Workers: 6
[47.814s][debug  ][gc,phases      ] GC(175)     Dead                           Min: 0, Avg:  0.0, Max: 0, Diff: 0, Sum: 0, Workers: 6
[47.814s][debug  ][gc,phases      ] GC(175)     Total                          Min: 0, Avg: 21.5, Max: 64, Diff: 64, Sum: 129, Workers: 6
[47.814s][debug  ][gc,phases      ] GC(175)   JNI Weak                       Min:  0.0, Avg:  0.0, Max:  0.0, Diff:  0.0, Sum:  0.0, Workers: 6
[47.814s][debug  ][gc,phases      ] GC(175)     Dead                           Min: 0, Avg:  0.0, Max: 0, Diff: 0, Sum: 0, Workers: 6
[47.814s][debug  ][gc,phases      ] GC(175)     Total                          Min: 0, Avg:  0.0, Max: 0, Diff: 0, Sum: 0, Workers: 6
[47.814s][debug  ][gc,phases      ] GC(175)   StringDedup Table Weak         Min:  0.0, Avg:  0.0, Max:  0.0, Diff:  0.0, Sum:  0.0, Workers: 6
[47.814s][debug  ][gc,phases      ] GC(175)     Dead                           Min: 0, Avg:  0.0, Max: 0, Diff: 0, Sum: 0, Workers: 6
[47.814s][debug  ][gc,phases      ] GC(175)     Total                          Min: 0, Avg:  0.0, Max: 0, Diff: 0, Sum: 0, Workers: 6
[47.814s][debug  ][gc,phases      ] GC(175)   StringDedup Requests0 Weak     Min:  0.0, Avg:  0.0, Max:  0.0, Diff:  0.0, Sum:  0.0, Workers: 6
[47.814s][debug  ][gc,phases      ] GC(175)     Dead                           Min: 0, Avg:  0.0, Max: 0, Diff: 0, Sum: 0, Workers: 6
[47.814s][debug  ][gc,phases      ] GC(175)     Total                          Min: 0, Avg:  0.0, Max: 0, Diff: 0, Sum: 0, Workers: 6
[47.814s][debug  ][gc,phases      ] GC(175)   StringDedup Requests1 Weak     Min:  0.0, Avg:  0.0, Max:  0.0, Diff:  0.0, Sum:  0.0, Workers: 6
[47.814s][debug  ][gc,phases      ] GC(175)     Dead                           Min: 0, Avg:  0.0, Max: 0, Diff: 0, Sum: 0, Workers: 6
[47.814s][debug  ][gc,phases      ] GC(175)     Total                          Min: 0, Avg:  0.0, Max: 0, Diff: 0, Sum: 0, Workers: 6
[47.814s][debug  ][gc,phases      ] GC(175)   Weak JFR Old Object Samples    Min:  0.0, Avg:  0.0, Max:  0.0, Diff:  0.0, Sum:  0.0, Workers: 6
[47.814s][debug  ][gc,phases      ] GC(175)     Dead                           Min: 0, Avg:  0.0, Max: 0, Diff: 0, Sum: 0, Workers: 6
[47.814s][debug  ][gc,phases      ] GC(175)     Total                          Min: 0, Avg:  0.0, Max: 0, Diff: 0, Sum: 0, Workers: 6
[47.814s][debug  ][gc,phases      ] GC(175) Weak Processing 0.798ms
[47.814s][debug  ][gc,ergo        ] GC(175) AdaptiveSizeStart:  collection: 176 
[47.814s][debug  ][gc,ergo        ] GC(175) avg_survived_padded_avg: 31819340.000000
[47.814s][debug  ][gc,ergo        ] GC(175) avg_promoted_padded_avg: 287173312.000000  avg_pretenured_padded_avg: 0.000000  tenuring_thresh: 15  target_size: 31981568
[47.814s][debug  ][gc,age         ] GC(175) Desired survivor size 31981568 bytes, new threshold 15 (max threshold 15)
[47.814s][debug  ][gc,ergo        ] GC(175) PSAdaptiveSizePolicy::compute_eden_space_size limits: desired_eden_size: 222523765 old_eden_size: 204472320 eden_limit: 204472320 cur_eden: 204472320 max_eden_size: 204472320 avg_young_live: 25833248
[47.814s][debug  ][gc,ergo        ] GC(175) PSAdaptiveSizePolicy::compute_eden_space_size: costs minor_time: 0.040642 major_cost: 0.051431 mutator_cost: 0.907927 throughput_goal: 0.990000
[47.814s][debug  ][gc,ergo        ] GC(175) Live_space: 1083170432 free_space: 1404567552
[47.814s][debug  ][gc,ergo        ] GC(175) Old eden_size: 204472320 desired_eden_size: 204472320
[47.814s][debug  ][gc,ergo        ] GC(175) AdaptiveSizeStop: collection: 176 
[47.814s][info   ][gc,heap        ] GC(175) PSYoungGen: 198466K(230912K)->30720K(230912K) Eden: 198466K(199680K)->0K(199680K) From: 0K(31232K)->30720K(31232K)
[47.814s][info   ][gc,heap        ] GC(175) ParOldGen: 882276K(1835008K)->902756K(1835008K)
[47.814s][info   ][gc,metaspace   ] GC(175) Metaspace: 1027K(1216K)->1027K(1216K) NonClass: 943K(1024K)->943K(1024K) Class: 83K(192K)->83K(192K)
[47.814s][info   ][gc             ] GC(175) Pause Young (Allocation Failure) 1055M->911M(2017M) 6.388ms
[47.814s][info   ][gc,cpu         ] GC(175) User=0.00s Sys=0.00s Real=0.01s
[47.814s][debug  ][gc,heap        ] GC(175) Heap after GC invocations=176 (full 28):
[47.814s][debug  ][gc,heap        ] GC(175)  PSYoungGen      total 230912K, used 30720K [0x00000000f0000000, 0x0000000100000000, 0x0000000100000000)
[47.814s][debug  ][gc,heap        ] GC(175)   eden space 199680K, 0% used [0x00000000f0000000,0x00000000f0000000,0x00000000fc300000)
[47.814s][debug  ][gc,heap        ] GC(175)   from space 31232K, 98% used [0x00000000fe180000,0x00000000fff80030,0x0000000100000000)
[47.815s][debug  ][gc,heap        ] GC(175)   to   space 31232K, 0% used [0x00000000fc300000,0x00000000fc300000,0x00000000fe180000)
[47.815s][debug  ][gc,heap        ] GC(175)  ParOldGen       total 1835008K, used 902756K [0x0000000080000000, 0x00000000f0000000, 0x00000000f0000000)
[47.815s][debug  ][gc,heap        ] GC(175)   object space 1835008K, 49% used [0x0000000080000000,0x00000000b7199188,0x00000000f0000000)
[47.815s][debug  ][gc,heap        ] GC(175)  Metaspace       used 1027K, committed 1216K, reserved 1056768K
[47.815s][debug  ][gc,heap        ] GC(175)   class space    used 83K, committed 192K, reserved 1048576K
[47.815s][debug  ][gc,task,time   ] GC(175) VM-Thread 478075291 478123599 478146432
[48.125s][debug  ][gc,heap        ] GC(176) Heap before GC invocations=177 (full 28):
[48.125s][debug  ][gc,heap        ] GC(176)  PSYoungGen      total 230912K, used 229117K [0x00000000f0000000, 0x0000000100000000, 0x0000000100000000)
[48.125s][debug  ][gc,heap        ] GC(176)   eden space 199680K, 99% used [0x00000000f0000000,0x00000000fc1bf580,0x00000000fc300000)
[48.125s][debug  ][gc,heap        ] GC(176)   from space 31232K, 98% used [0x00000000fe180000,0x00000000fff80030,0x0000000100000000)
[48.125s][debug  ][gc,heap        ] GC(176)   to   space 31232K, 0% used [0x00000000fc300000,0x00000000fc300000,0x00000000fe180000)
[48.125s][debug  ][gc,heap        ] GC(176)  ParOldGen       total 1835008K, used 902756K [0x0000000080000000, 0x00000000f0000000, 0x00000000f0000000)
[48.125s][debug  ][gc,heap        ] GC(176)   object space 1835008K, 49% used [0x0000000080000000,0x00000000b7199188,0x00000000f0000000)
[48.125s][debug  ][gc,heap        ] GC(176)  Metaspace       used 1027K, committed 1216K, reserved 1056768K
[48.125s][debug  ][gc,heap        ] GC(176)   class space    used 83K, committed 192K, reserved 1048576K
[48.125s][debug  ][gc,tlab        ] GC(176) TLAB totals: thrds: 1  refills: 1 max: 1 slow allocs: 18 max 18 waste: 27.3% gc: 3929168B max: 3929168B slow: 0B max: 0B
[48.125s][info   ][gc,start       ] GC(176) Pause Young (Allocation Failure)
[48.125s][debug  ][gc,phases,start] GC(176) Scavenge
[48.141s][debug  ][gc,phases      ] GC(176) Scavenge 15.399ms
[48.141s][debug  ][gc,phases,start] GC(176) Reference Processing
[48.141s][debug  ][gc,ref         ] GC(176) Skipped phase 1 of Reference Processing: no references
[48.141s][debug  ][gc,ref         ] GC(176) Skipped phase 2 of Reference Processing: no references
[48.141s][debug  ][gc,ref         ] GC(176) Skipped phase 3 of Reference Processing: no references
[48.141s][debug  ][gc,ref         ] GC(176) Skipped phase 4 of Reference Processing: no references
[48.141s][debug  ][gc,phases,ref  ] GC(176) Reference Processing: 0.1ms
[48.141s][debug  ][gc,phases,ref  ] GC(176)   Reconsider SoftReferences: 0.0ms
[48.141s][debug  ][gc,phases,ref  ] GC(176)     SoftRef (ms):                  skipped
[48.141s][debug  ][gc,phases,ref  ] GC(176)   Notify Soft/WeakReferences: 0.0ms
[48.141s][debug  ][gc,phases,ref  ] GC(176)     SoftRef (ms):                  skipped
[48.141s][debug  ][gc,phases,ref  ] GC(176)     WeakRef (ms):                  skipped
[48.141s][debug  ][gc,phases,ref  ] GC(176)     FinalRef (ms):                 skipped
[48.141s][debug  ][gc,phases,ref  ] GC(176)     Total (ms):                    skipped
[48.141s][debug  ][gc,phases,ref  ] GC(176)   Notify and keep alive finalizable: 0.0ms
[48.141s][debug  ][gc,phases,ref  ] GC(176)     FinalRef (ms):                 skipped
[48.141s][debug  ][gc,phases,ref  ] GC(176)   Notify PhantomReferences: 0.0ms
[48.141s][debug  ][gc,phases,ref  ] GC(176)     PhantomRef (ms):               skipped
[48.141s][debug  ][gc,phases,ref  ] GC(176)   SoftReference:
[48.141s][debug  ][gc,phases,ref  ] GC(176)     Discovered: 0
[48.141s][debug  ][gc,phases,ref  ] GC(176)     Cleared: 0
[48.141s][debug  ][gc,phases,ref  ] GC(176)   WeakReference:
[48.141s][debug  ][gc,phases,ref  ] GC(176)     Discovered: 0
[48.141s][debug  ][gc,phases,ref  ] GC(176)     Cleared: 0
[48.141s][debug  ][gc,phases,ref  ] GC(176)   FinalReference:
[48.141s][debug  ][gc,phases,ref  ] GC(176)     Discovered: 0
[48.141s][debug  ][gc,phases,ref  ] GC(176)     Cleared: 0
[48.141s][debug  ][gc,phases,ref  ] GC(176)   PhantomReference:
[48.141s][debug  ][gc,phases,ref  ] GC(176)     Discovered: 0
[48.141s][debug  ][gc,phases,ref  ] GC(176)     Cleared: 0
[48.141s][debug  ][gc,phases      ] GC(176) Reference Processing 0.663ms
[48.141s][debug  ][gc,phases,start] GC(176) Weak Processing
[48.141s][debug  ][gc,phases      ] GC(176)   VM Weak                        Min:  0.0, Avg:  0.0, Max:  0.0, Diff:  0.0, Sum:  0.0, Workers: 6
[48.141s][debug  ][gc,phases      ] GC(176)     Dead                           Min: 0, Avg:  0.0, Max: 0, Diff: 0, Sum: 0, Workers: 6
[48.141s][debug  ][gc,phases      ] GC(176)     Total                          Min: 0, Avg:  1.3, Max: 8, Diff: 8, Sum: 8, Workers: 6
[48.142s][debug  ][gc,phases      ] GC(176)   ObjectSynchronizer Weak        Min:  0.0, Avg:  0.0, Max:  0.0, Diff:  0.0, Sum:  0.0, Workers: 6
[48.142s][debug  ][gc,phases      ] GC(176)     Dead                           Min: 0, Avg:  0.0, Max: 0, Diff: 0, Sum: 0, Workers: 6
[48.142s][debug  ][gc,phases      ] GC(176)     Total                          Min: 0, Avg:  0.5, Max: 3, Diff: 3, Sum: 3, Workers: 6
[48.142s][debug  ][gc,phases      ] GC(176)   JVMTI Tag Weak OopStorage      Min:  0.0, Avg:  0.0, Max:  0.0, Diff:  0.0, Sum:  0.0, Workers: 6
[48.142s][debug  ][gc,phases      ] GC(176)     Dead                           Min: 0, Avg:  0.0, Max: 0, Diff: 0, Sum: 0, Workers: 6
[48.142s][debug  ][gc,phases      ] GC(176)     Total                          Min: 0, Avg:  0.0, Max: 0, Diff: 0, Sum: 0, Workers: 6
[48.142s][debug  ][gc,phases      ] GC(176)   StringTable Weak               Min:  0.0, Avg:  0.0, Max:  0.0, Diff:  0.0, Sum:  0.0, Workers: 6
[48.142s][debug  ][gc,phases      ] GC(176)     Dead                           Min: 0, Avg:  0.0, Max: 0, Diff: 0, Sum: 0, Workers: 6
[48.142s][debug  ][gc,phases      ] GC(176)     Total                          Min: 703, Avg: 892.5, Max: 1088, Diff: 385, Sum: 5355, Workers: 6
[48.142s][debug  ][gc,phases      ] GC(176)   ResolvedMethodTable Weak       Min:  0.0, Avg:  0.0, Max:  0.0, Diff:  0.0, Sum:  0.0, Workers: 6
[48.142s][debug  ][gc,phases      ] GC(176)     Dead                           Min: 0, Avg:  0.0, Max: 0, Diff: 0, Sum: 0, Workers: 6
[48.142s][debug  ][gc,phases      ] GC(176)     Total                          Min: 0, Avg: 21.5, Max: 64, Diff: 64, Sum: 129, Workers: 6
[48.142s][debug  ][gc,phases      ] GC(176)   JNI Weak                       Min:  0.0, Avg:  0.0, Max:  0.0, Diff:  0.0, Sum:  0.0, Workers: 6
[48.142s][debug  ][gc,phases      ] GC(176)     Dead                           Min: 0, Avg:  0.0, Max: 0, Diff: 0, Sum: 0, Workers: 6
[48.142s][debug  ][gc,phases      ] GC(176)     Total                          Min: 0, Avg:  0.0, Max: 0, Diff: 0, Sum: 0, Workers: 6
[48.142s][debug  ][gc,phases      ] GC(176)   StringDedup Table Weak         Min:  0.0, Avg:  0.0, Max:  0.0, Diff:  0.0, Sum:  0.0, Workers: 6
[48.142s][debug  ][gc,phases      ] GC(176)     Dead                           Min: 0, Avg:  0.0, Max: 0, Diff: 0, Sum: 0, Workers: 6
[48.142s][debug  ][gc,phases      ] GC(176)     Total                          Min: 0, Avg:  0.0, Max: 0, Diff: 0, Sum: 0, Workers: 6
[48.142s][debug  ][gc,phases      ] GC(176)   StringDedup Requests0 Weak     Min:  0.0, Avg:  0.0, Max:  0.0, Diff:  0.0, Sum:  0.0, Workers: 6
[48.142s][debug  ][gc,phases      ] GC(176)     Dead                           Min: 0, Avg:  0.0, Max: 0, Diff: 0, Sum: 0, Workers: 6
[48.142s][debug  ][gc,phases      ] GC(176)     Total                          Min: 0, Avg:  0.0, Max: 0, Diff: 0, Sum: 0, Workers: 6
[48.142s][debug  ][gc,phases      ] GC(176)   StringDedup Requests1 Weak     Min:  0.0, Avg:  0.0, Max:  0.0, Diff:  0.0, Sum:  0.0, Workers: 6
[48.142s][debug  ][gc,phases      ] GC(176)     Dead                           Min: 0, Avg:  0.0, Max: 0, Diff: 0, Sum: 0, Workers: 6
[48.142s][debug  ][gc,phases      ] GC(176)     Total                          Min: 0, Avg:  0.0, Max: 0, Diff: 0, Sum: 0, Workers: 6
[48.142s][debug  ][gc,phases      ] GC(176)   Weak JFR Old Object Samples    Min:  0.0, Avg:  0.0, Max:  0.0, Diff:  0.0, Sum:  0.0, Workers: 6
[48.142s][debug  ][gc,phases      ] GC(176)     Dead                           Min: 0, Avg:  0.0, Max: 0, Diff: 0, Sum: 0, Workers: 6
[48.142s][debug  ][gc,phases      ] GC(176)     Total                          Min: 0, Avg:  0.0, Max: 0, Diff: 0, Sum: 0, Workers: 6
[48.142s][debug  ][gc,phases      ] GC(176) Weak Processing 0.741ms
[48.142s][debug  ][gc,ergo        ] GC(176) AdaptiveSizeStart:  collection: 177 
[48.142s][debug  ][gc,ergo        ] GC(176) avg_survived_padded_avg: 31789520.000000
[48.142s][debug  ][gc,ergo        ] GC(176) avg_promoted_padded_avg: 289163904.000000  avg_pretenured_padded_avg: 0.000000  tenuring_thresh: 15  target_size: 31981568
[48.142s][debug  ][gc,age         ] GC(176) Desired survivor size 31981568 bytes, new threshold 15 (max threshold 15)
[48.142s][debug  ][gc,ergo        ] GC(176) PSAdaptiveSizePolicy::compute_eden_space_size limits: desired_eden_size: 223183949 old_eden_size: 204472320 eden_limit: 204472320 cur_eden: 204472320 max_eden_size: 204472320 avg_young_live: 26395654
[48.142s][debug  ][gc,ergo        ] GC(176) PSAdaptiveSizePolicy::compute_eden_space_size: costs minor_time: 0.043383 major_cost: 0.051431 mutator_cost: 0.905187 throughput_goal: 0.990000
[48.142s][debug  ][gc,ergo        ] GC(176) Live_space: 1083732736 free_space: 1404567552
[48.142s][debug  ][gc,ergo        ] GC(176) Old eden_size: 204472320 desired_eden_size: 204472320
[48.142s][debug  ][gc,ergo        ] GC(176) AdaptiveSizeStop: collection: 177 
[48.142s][info   ][gc,heap        ] GC(176) PSYoungGen: 229117K(230912K)->30720K(230912K) Eden: 198397K(199680K)->0K(199680K) From: 30720K(31232K)->30720K(31232K)
[48.142s][info   ][gc,heap        ] GC(176) ParOldGen: 902756K(1835008K)->1097316K(1835008K)
[48.142s][info   ][gc,metaspace   ] GC(176) Metaspace: 1027K(1216K)->1027K(1216K) NonClass: 943K(1024K)->943K(1024K) Class: 83K(192K)->83K(192K)
[48.142s][info   ][gc             ] GC(176) Pause Young (Allocation Failure) 1105M->1101M(2017M) 17.290ms
[48.142s][info   ][gc,cpu         ] GC(176) User=0.12s Sys=0.00s Real=0.02s
[48.143s][debug  ][gc,heap        ] GC(176) Heap after GC invocations=177 (full 28):
[48.143s][debug  ][gc,heap        ] GC(176)  PSYoungGen      total 230912K, used 30720K [0x00000000f0000000, 0x0000000100000000, 0x0000000100000000)
[48.143s][debug  ][gc,heap        ] GC(176)   eden space 199680K, 0% used [0x00000000f0000000,0x00000000f0000000,0x00000000fc300000)
[48.143s][debug  ][gc,heap        ] GC(176)   from space 31232K, 98% used [0x00000000fc300000,0x00000000fe100030,0x00000000fe180000)
[48.143s][debug  ][gc,heap        ] GC(176)   to   space 31232K, 0% used [0x00000000fe180000,0x00000000fe180000,0x0000000100000000)
[48.143s][debug  ][gc,heap        ] GC(176)  ParOldGen       total 1835008K, used 1097316K [0x0000000080000000, 0x00000000f0000000, 0x00000000f0000000)
[48.143s][debug  ][gc,heap        ] GC(176)   object space 1835008K, 59% used [0x0000000080000000,0x00000000c2f992b8,0x00000000f0000000)
[48.143s][debug  ][gc,heap        ] GC(176)  Metaspace       used 1027K, committed 1216K, reserved 1056768K
[48.143s][debug  ][gc,heap        ] GC(176)   class space    used 83K, committed 192K, reserved 1048576K
[48.143s][debug  ][gc,task,time   ] GC(176) VM-Thread 481247167 481406889 481427052
[48.442s][debug  ][gc,heap        ] GC(177) Heap before GC invocations=178 (full 28):
[48.442s][debug  ][gc,heap        ] GC(177)  PSYoungGen      total 230912K, used 229145K [0x00000000f0000000, 0x0000000100000000, 0x0000000100000000)
[48.442s][debug  ][gc,heap        ] GC(177)   eden space 199680K, 99% used [0x00000000f0000000,0x00000000fc1c6488,0x00000000fc300000)
[48.442s][debug  ][gc,heap        ] GC(177)   from space 31232K, 98% used [0x00000000fc300000,0x00000000fe100030,0x00000000fe180000)
[48.442s][debug  ][gc,heap        ] GC(177)   to   space 31232K, 0% used [0x00000000fe180000,0x00000000fe180000,0x0000000100000000)
[48.442s][debug  ][gc,heap        ] GC(177)  ParOldGen       total 1835008K, used 1097316K [0x0000000080000000, 0x00000000f0000000, 0x00000000f0000000)
[48.442s][debug  ][gc,heap        ] GC(177)   object space 1835008K, 59% used [0x0000000080000000,0x00000000c2f992b8,0x00000000f0000000)
[48.442s][debug  ][gc,heap        ] GC(177)  Metaspace       used 1027K, committed 1216K, reserved 1056768K
[48.442s][debug  ][gc,heap        ] GC(177)   class space    used 83K, committed 192K, reserved 1048576K
[48.442s][debug  ][gc,tlab        ] GC(177) TLAB totals: thrds: 1  refills: 1 max: 1 slow allocs: 18 max 18 waste: 27.4% gc: 3957592B max: 3957592B slow: 0B max: 0B
[48.442s][info   ][gc,start       ] GC(177) Pause Young (Allocation Failure)
[48.442s][debug  ][gc,phases,start] GC(177) Scavenge
[48.458s][debug  ][gc,phases      ] GC(177) Scavenge 15.511ms
[48.458s][debug  ][gc,phases,start] GC(177) Reference Processing
[48.458s][debug  ][gc,ref         ] GC(177) Skipped phase 1 of Reference Processing: no references
[48.458s][debug  ][gc,ref         ] GC(177) Skipped phase 2 of Reference Processing: no references
[48.458s][debug  ][gc,ref         ] GC(177) Skipped phase 3 of Reference Processing: no references
[48.458s][debug  ][gc,ref         ] GC(177) Skipped phase 4 of Reference Processing: no references
[48.458s][debug  ][gc,phases,ref  ] GC(177) Reference Processing: 0.1ms
[48.458s][debug  ][gc,phases,ref  ] GC(177)   Reconsider SoftReferences: 0.0ms
[48.458s][debug  ][gc,phases,ref  ] GC(177)     SoftRef (ms):                  skipped
[48.458s][debug  ][gc,phases,ref  ] GC(177)   Notify Soft/WeakReferences: 0.0ms
[48.458s][debug  ][gc,phases,ref  ] GC(177)     SoftRef (ms):                  skipped
[48.458s][debug  ][gc,phases,ref  ] GC(177)     WeakRef (ms):                  skipped
[48.458s][debug  ][gc,phases,ref  ] GC(177)     FinalRef (ms):                 skipped
[48.458s][debug  ][gc,phases,ref  ] GC(177)     Total (ms):                    skipped
[48.458s][debug  ][gc,phases,ref  ] GC(177)   Notify and keep alive finalizable: 0.0ms
[48.458s][debug  ][gc,phases,ref  ] GC(177)     FinalRef (ms):                 skipped
[48.458s][debug  ][gc,phases,ref  ] GC(177)   Notify PhantomReferences: 0.0ms
[48.458s][debug  ][gc,phases,ref  ] GC(177)     PhantomRef (ms):               skipped
[48.458s][debug  ][gc,phases,ref  ] GC(177)   SoftReference:
[48.458s][debug  ][gc,phases,ref  ] GC(177)     Discovered: 0
[48.458s][debug  ][gc,phases,ref  ] GC(177)     Cleared: 0
[48.458s][debug  ][gc,phases,ref  ] GC(177)   WeakReference:
[48.458s][debug  ][gc,phases,ref  ] GC(177)     Discovered: 0
[48.458s][debug  ][gc,phases,ref  ] GC(177)     Cleared: 0
[48.458s][debug  ][gc,phases,ref  ] GC(177)   FinalReference:
[48.458s][debug  ][gc,phases,ref  ] GC(177)     Discovered: 0
[48.458s][debug  ][gc,phases,ref  ] GC(177)     Cleared: 0
[48.458s][debug  ][gc,phases,ref  ] GC(177)   PhantomReference:
[48.459s][debug  ][gc,phases,ref  ] GC(177)     Discovered: 0
[48.459s][debug  ][gc,phases,ref  ] GC(177)     Cleared: 0
[48.459s][debug  ][gc,phases      ] GC(177) Reference Processing 0.633ms
[48.459s][debug  ][gc,phases,start] GC(177) Weak Processing
[48.459s][debug  ][gc,phases      ] GC(177)   VM Weak                        Min:  0.0, Avg:  0.0, Max:  0.0, Diff:  0.0, Sum:  0.0, Workers: 6
[48.459s][debug  ][gc,phases      ] GC(177)     Dead                           Min: 0, Avg:  0.0, Max: 0, Diff: 0, Sum: 0, Workers: 6
[48.459s][debug  ][gc,phases      ] GC(177)     Total                          Min: 0, Avg:  1.3, Max: 8, Diff: 8, Sum: 8, Workers: 6
[48.459s][debug  ][gc,phases      ] GC(177)   ObjectSynchronizer Weak        Min:  0.0, Avg:  0.0, Max:  0.0, Diff:  0.0, Sum:  0.0, Workers: 6
[48.459s][debug  ][gc,phases      ] GC(177)     Dead                           Min: 0, Avg:  0.0, Max: 0, Diff: 0, Sum: 0, Workers: 6
[48.459s][debug  ][gc,phases      ] GC(177)     Total                          Min: 0, Avg:  0.5, Max: 3, Diff: 3, Sum: 3, Workers: 6
[48.459s][debug  ][gc,phases      ] GC(177)   JVMTI Tag Weak OopStorage      Min:  0.0, Avg:  0.0, Max:  0.0, Diff:  0.0, Sum:  0.0, Workers: 6
[48.459s][debug  ][gc,phases      ] GC(177)     Dead                           Min: 0, Avg:  0.0, Max: 0, Diff: 0, Sum: 0, Workers: 6
[48.459s][debug  ][gc,phases      ] GC(177)     Total                          Min: 0, Avg:  0.0, Max: 0, Diff: 0, Sum: 0, Workers: 6
[48.459s][debug  ][gc,phases      ] GC(177)   StringTable Weak               Min:  0.0, Avg:  0.0, Max:  0.0, Diff:  0.0, Sum:  0.0, Workers: 6
[48.459s][debug  ][gc,phases      ] GC(177)     Dead                           Min: 0, Avg:  0.0, Max: 0, Diff: 0, Sum: 0, Workers: 6
[48.459s][debug  ][gc,phases      ] GC(177)     Total                          Min: 768, Avg: 892.5, Max: 1004, Diff: 236, Sum: 5355, Workers: 6
[48.459s][debug  ][gc,phases      ] GC(177)   ResolvedMethodTable Weak       Min:  0.0, Avg:  0.0, Max:  0.0, Diff:  0.0, Sum:  0.0, Workers: 6
[48.459s][debug  ][gc,phases      ] GC(177)     Dead                           Min: 0, Avg:  0.0, Max: 0, Diff: 0, Sum: 0, Workers: 6
[48.459s][debug  ][gc,phases      ] GC(177)     Total                          Min: 0, Avg: 21.5, Max: 64, Diff: 64, Sum: 129, Workers: 6
[48.459s][debug  ][gc,phases      ] GC(177)   JNI Weak                       Min:  0.0, Avg:  0.0, Max:  0.0, Diff:  0.0, Sum:  0.0, Workers: 6
[48.459s][debug  ][gc,phases      ] GC(177)     Dead                           Min: 0, Avg:  0.0, Max: 0, Diff: 0, Sum: 0, Workers: 6
[48.459s][debug  ][gc,phases      ] GC(177)     Total                          Min: 0, Avg:  0.0, Max: 0, Diff: 0, Sum: 0, Workers: 6
[48.459s][debug  ][gc,phases      ] GC(177)   StringDedup Table Weak         Min:  0.0, Avg:  0.0, Max:  0.0, Diff:  0.0, Sum:  0.0, Workers: 6
[48.459s][debug  ][gc,phases      ] GC(177)     Dead                           Min: 0, Avg:  0.0, Max: 0, Diff: 0, Sum: 0, Workers: 6
[48.459s][debug  ][gc,phases      ] GC(177)     Total                          Min: 0, Avg:  0.0, Max: 0, Diff: 0, Sum: 0, Workers: 6
[48.459s][debug  ][gc,phases      ] GC(177)   StringDedup Requests0 Weak     Min:  0.0, Avg:  0.0, Max:  0.0, Diff:  0.0, Sum:  0.0, Workers: 6
[48.459s][debug  ][gc,phases      ] GC(177)     Dead                           Min: 0, Avg:  0.0, Max: 0, Diff: 0, Sum: 0, Workers: 6
[48.459s][debug  ][gc,phases      ] GC(177)     Total                          Min: 0, Avg:  0.0, Max: 0, Diff: 0, Sum: 0, Workers: 6
[48.459s][debug  ][gc,phases      ] GC(177)   StringDedup Requests1 Weak     Min:  0.0, Avg:  0.0, Max:  0.0, Diff:  0.0, Sum:  0.0, Workers: 6
[48.459s][debug  ][gc,phases      ] GC(177)     Dead                           Min: 0, Avg:  0.0, Max: 0, Diff: 0, Sum: 0, Workers: 6
[48.459s][debug  ][gc,phases      ] GC(177)     Total                          Min: 0, Avg:  0.0, Max: 0, Diff: 0, Sum: 0, Workers: 6
[48.459s][debug  ][gc,phases      ] GC(177)   Weak JFR Old Object Samples    Min:  0.0, Avg:  0.0, Max:  0.0, Diff:  0.0, Sum:  0.0, Workers: 6
[48.459s][debug  ][gc,phases      ] GC(177)     Dead                           Min: 0, Avg:  0.0, Max: 0, Diff: 0, Sum: 0, Workers: 6
[48.459s][debug  ][gc,phases      ] GC(177)     Total                          Min: 0, Avg:  0.0, Max: 0, Diff: 0, Sum: 0, Workers: 6
[48.459s][debug  ][gc,phases      ] GC(177) Weak Processing 0.690ms
[48.459s][debug  ][gc,ergo        ] GC(177) AdaptiveSizeStart:  collection: 178 
[48.459s][debug  ][gc,ergo        ] GC(177) avg_survived_padded_avg: 31762044.000000
[48.459s][debug  ][gc,ergo        ] GC(177) avg_promoted_padded_avg: 289876992.000000  avg_pretenured_padded_avg: 0.000000  tenuring_thresh: 15  target_size: 31981568
[48.459s][debug  ][gc,age         ] GC(177) Desired survivor size 31981568 bytes, new threshold 15 (max threshold 15)
[48.459s][debug  ][gc,ergo        ] GC(177) PSAdaptiveSizePolicy::compute_eden_space_size limits: desired_eden_size: 223761464 old_eden_size: 204472320 eden_limit: 204472320 cur_eden: 204472320 max_eden_size: 204472320 avg_young_live: 26901820
[48.459s][debug  ][gc,ergo        ] GC(177) PSAdaptiveSizePolicy::compute_eden_space_size: costs minor_time: 0.045917 major_cost: 0.051431 mutator_cost: 0.902652 throughput_goal: 0.990000
[48.459s][debug  ][gc,ergo        ] GC(177) Live_space: 1084238976 free_space: 1404567552
[48.459s][debug  ][gc,ergo        ] GC(177) Old eden_size: 204472320 desired_eden_size: 204472320
[48.459s][debug  ][gc,ergo        ] GC(177) AdaptiveSizeStop: collection: 178 
[48.459s][info   ][gc,heap        ] GC(177) PSYoungGen: 229145K(230912K)->30720K(230912K) Eden: 198425K(199680K)->0K(199680K) From: 30720K(31232K)->30720K(31232K)
[48.460s][info   ][gc,heap        ] GC(177) ParOldGen: 1097316K(1835008K)->1291876K(1835008K)
[48.460s][info   ][gc,metaspace   ] GC(177) Metaspace: 1027K(1216K)->1027K(1216K) NonClass: 943K(1024K)->943K(1024K) Class: 83K(192K)->83K(192K)
[48.460s][info   ][gc             ] GC(177) Pause Young (Allocation Failure) 1295M->1291M(2017M) 17.325ms
[48.460s][info   ][gc,cpu         ] GC(177) User=0.12s Sys=0.00s Real=0.02s
[48.460s][debug  ][gc,heap        ] GC(177) Heap after GC invocations=178 (full 28):
[48.460s][debug  ][gc,heap        ] GC(177)  PSYoungGen      total 230912K, used 30720K [0x00000000f0000000, 0x0000000100000000, 0x0000000100000000)
[48.460s][debug  ][gc,heap        ] GC(177)   eden space 199680K, 0% used [0x00000000f0000000,0x00000000f0000000,0x00000000fc300000)
[48.460s][debug  ][gc,heap        ] GC(177)   from space 31232K, 98% used [0x00000000fe180000,0x00000000fff80030,0x0000000100000000)
[48.460s][debug  ][gc,heap        ] GC(177)   to   space 31232K, 0% used [0x00000000fc300000,0x00000000fc300000,0x00000000fe180000)
[48.460s][debug  ][gc,heap        ] GC(177)  ParOldGen       total 1835008K, used 1291876K [0x0000000080000000, 0x00000000f0000000, 0x00000000f0000000)
[48.460s][debug  ][gc,heap        ] GC(177)   object space 1835008K, 70% used [0x0000000080000000,0x00000000ced993e8,0x00000000f0000000)
[48.460s][debug  ][gc,heap        ] GC(177)  Metaspace       used 1027K, committed 1216K, reserved 1056768K
[48.460s][debug  ][gc,heap        ] GC(177)   class space    used 83K, committed 192K, reserved 1048576K
[48.460s][debug  ][gc,task,time   ] GC(177) VM-Thread 484418467 484579317 484598520
[48.757s][debug  ][gc,heap        ] GC(178) Heap before GC invocations=179 (full 28):
[48.757s][debug  ][gc,heap        ] GC(178)  PSYoungGen      total 230912K, used 229163K [0x00000000f0000000, 0x0000000100000000, 0x0000000100000000)
[48.757s][debug  ][gc,heap        ] GC(178)   eden space 199680K, 99% used [0x00000000f0000000,0x00000000fc1cabe8,0x00000000fc300000)
[48.757s][debug  ][gc,heap        ] GC(178)   from space 31232K, 98% used [0x00000000fe180000,0x00000000fff80030,0x0000000100000000)
[48.757s][debug  ][gc,heap        ] GC(178)   to   space 31232K, 0% used [0x00000000fc300000,0x00000000fc300000,0x00000000fe180000)
[48.757s][debug  ][gc,heap        ] GC(178)  ParOldGen       total 1835008K, used 1291876K [0x0000000080000000, 0x00000000f0000000, 0x00000000f0000000)
[48.757s][debug  ][gc,heap        ] GC(178)   object space 1835008K, 70% used [0x0000000080000000,0x00000000ced993e8,0x00000000f0000000)
[48.757s][debug  ][gc,heap        ] GC(178)  Metaspace       used 1027K, committed 1216K, reserved 1056768K
[48.757s][debug  ][gc,heap        ] GC(178)   class space    used 83K, committed 192K, reserved 1048576K
[48.758s][debug  ][gc,tlab        ] GC(178) TLAB totals: thrds: 1  refills: 1 max: 1 slow allocs: 18 max 18 waste: 27.5% gc: 3975864B max: 3975864B slow: 0B max: 0B
[48.758s][info   ][gc,start       ] GC(178) Pause Young (Allocation Failure)
[48.758s][debug  ][gc,phases,start] GC(178) Scavenge
[48.773s][debug  ][gc,phases      ] GC(178) Scavenge 15.667ms
[48.773s][debug  ][gc,phases,start] GC(178) Reference Processing
[48.773s][debug  ][gc,ref         ] GC(178) Skipped phase 1 of Reference Processing: no references
[48.773s][debug  ][gc,ref         ] GC(178) Skipped phase 2 of Reference Processing: no references
[48.773s][debug  ][gc,ref         ] GC(178) Skipped phase 3 of Reference Processing: no references
[48.773s][debug  ][gc,ref         ] GC(178) Skipped phase 4 of Reference Processing: no references
[48.773s][debug  ][gc,phases,ref  ] GC(178) Reference Processing: 0.1ms
[48.774s][debug  ][gc,phases,ref  ] GC(178)   Reconsider SoftReferences: 0.0ms
[48.774s][debug  ][gc,phases,ref  ] GC(178)     SoftRef (ms):                  skipped
[48.774s][debug  ][gc,phases,ref  ] GC(178)   Notify Soft/WeakReferences: 0.0ms
[48.774s][debug  ][gc,phases,ref  ] GC(178)     SoftRef (ms):                  skipped
[48.774s][debug  ][gc,phases,ref  ] GC(178)     WeakRef (ms):                  skipped
[48.774s][debug  ][gc,phases,ref  ] GC(178)     FinalRef (ms):                 skipped
[48.774s][debug  ][gc,phases,ref  ] GC(178)     Total (ms):                    skipped
[48.774s][debug  ][gc,phases,ref  ] GC(178)   Notify and keep alive finalizable: 0.0ms
[48.774s][debug  ][gc,phases,ref  ] GC(178)     FinalRef (ms):                 skipped
[48.774s][debug  ][gc,phases,ref  ] GC(178)   Notify PhantomReferences: 0.0ms
[48.774s][debug  ][gc,phases,ref  ] GC(178)     PhantomRef (ms):               skipped
[48.774s][debug  ][gc,phases,ref  ] GC(178)   SoftReference:
[48.774s][debug  ][gc,phases,ref  ] GC(178)     Discovered: 0
[48.774s][debug  ][gc,phases,ref  ] GC(178)     Cleared: 0
[48.774s][debug  ][gc,phases,ref  ] GC(178)   WeakReference:
[48.774s][debug  ][gc,phases,ref  ] GC(178)     Discovered: 0
[48.774s][debug  ][gc,phases,ref  ] GC(178)     Cleared: 0
[48.774s][debug  ][gc,phases,ref  ] GC(178)   FinalReference:
[48.774s][debug  ][gc,phases,ref  ] GC(178)     Discovered: 0
[48.774s][debug  ][gc,phases,ref  ] GC(178)     Cleared: 0
[48.774s][debug  ][gc,phases,ref  ] GC(178)   PhantomReference:
[48.774s][debug  ][gc,phases,ref  ] GC(178)     Discovered: 0
[48.774s][debug  ][gc,phases,ref  ] GC(178)     Cleared: 0
[48.774s][debug  ][gc,phases      ] GC(178) Reference Processing 0.662ms
[48.774s][debug  ][gc,phases,start] GC(178) Weak Processing
[48.774s][debug  ][gc,phases      ] GC(178)   VM Weak                        Min:  0.0, Avg:  0.0, Max:  0.0, Diff:  0.0, Sum:  0.0, Workers: 6
[48.774s][debug  ][gc,phases      ] GC(178)     Dead                           Min: 0, Avg:  0.0, Max: 0, Diff: 0, Sum: 0, Workers: 6
[48.774s][debug  ][gc,phases      ] GC(178)     Total                          Min: 0, Avg:  1.3, Max: 8, Diff: 8, Sum: 8, Workers: 6
[48.774s][debug  ][gc,phases      ] GC(178)   ObjectSynchronizer Weak        Min:  0.0, Avg:  0.0, Max:  0.0, Diff:  0.0, Sum:  0.0, Workers: 6
[48.774s][debug  ][gc,phases      ] GC(178)     Dead                           Min: 0, Avg:  0.0, Max: 0, Diff: 0, Sum: 0, Workers: 6
[48.774s][debug  ][gc,phases      ] GC(178)     Total                          Min: 0, Avg:  0.5, Max: 3, Diff: 3, Sum: 3, Workers: 6
[48.774s][debug  ][gc,phases      ] GC(178)   JVMTI Tag Weak OopStorage      Min:  0.0, Avg:  0.0, Max:  0.0, Diff:  0.0, Sum:  0.0, Workers: 6
[48.774s][debug  ][gc,phases      ] GC(178)     Dead                           Min: 0, Avg:  0.0, Max: 0, Diff: 0, Sum: 0, Workers: 6
[48.774s][debug  ][gc,phases      ] GC(178)     Total                          Min: 0, Avg:  0.0, Max: 0, Diff: 0, Sum: 0, Workers: 6
[48.774s][debug  ][gc,phases      ] GC(178)   StringTable Weak               Min:  0.0, Avg:  0.0, Max:  0.0, Diff:  0.0, Sum:  0.0, Workers: 6
[48.774s][debug  ][gc,phases      ] GC(178)     Dead                           Min: 0, Avg:  0.0, Max: 0, Diff: 0, Sum: 0, Workers: 6
[48.774s][debug  ][gc,phases      ] GC(178)     Total                          Min: 704, Avg: 892.5, Max: 1088, Diff: 384, Sum: 5355, Workers: 6
[48.774s][debug  ][gc,phases      ] GC(178)   ResolvedMethodTable Weak       Min:  0.0, Avg:  0.0, Max:  0.0, Diff:  0.0, Sum:  0.0, Workers: 6
[48.774s][debug  ][gc,phases      ] GC(178)     Dead                           Min: 0, Avg:  0.0, Max: 0, Diff: 0, Sum: 0, Workers: 6
[48.774s][debug  ][gc,phases      ] GC(178)     Total                          Min: 0, Avg: 21.5, Max: 64, Diff: 64, Sum: 129, Workers: 6
[48.774s][debug  ][gc,phases      ] GC(178)   JNI Weak                       Min:  0.0, Avg:  0.0, Max:  0.0, Diff:  0.0, Sum:  0.0, Workers: 6
[48.774s][debug  ][gc,phases      ] GC(178)     Dead                           Min: 0, Avg:  0.0, Max: 0, Diff: 0, Sum: 0, Workers: 6
[48.774s][debug  ][gc,phases      ] GC(178)     Total                          Min: 0, Avg:  0.0, Max: 0, Diff: 0, Sum: 0, Workers: 6
[48.775s][debug  ][gc,phases      ] GC(178)   StringDedup Table Weak         Min:  0.0, Avg:  0.0, Max:  0.0, Diff:  0.0, Sum:  0.0, Workers: 6
[48.775s][debug  ][gc,phases      ] GC(178)     Dead                           Min: 0, Avg:  0.0, Max: 0, Diff: 0, Sum: 0, Workers: 6
[48.775s][debug  ][gc,phases      ] GC(178)     Total                          Min: 0, Avg:  0.0, Max: 0, Diff: 0, Sum: 0, Workers: 6
[48.775s][debug  ][gc,phases      ] GC(178)   StringDedup Requests0 Weak     Min:  0.0, Avg:  0.0, Max:  0.0, Diff:  0.0, Sum:  0.0, Workers: 6
[48.775s][debug  ][gc,phases      ] GC(178)     Dead                           Min: 0, Avg:  0.0, Max: 0, Diff: 0, Sum: 0, Workers: 6
[48.775s][debug  ][gc,phases      ] GC(178)     Total                          Min: 0, Avg:  0.0, Max: 0, Diff: 0, Sum: 0, Workers: 6
[48.775s][debug  ][gc,phases      ] GC(178)   StringDedup Requests1 Weak     Min:  0.0, Avg:  0.0, Max:  0.0, Diff:  0.0, Sum:  0.0, Workers: 6
[48.775s][debug  ][gc,phases      ] GC(178)     Dead                           Min: 0, Avg:  0.0, Max: 0, Diff: 0, Sum: 0, Workers: 6
[48.775s][debug  ][gc,phases      ] GC(178)     Total                          Min: 0, Avg:  0.0, Max: 0, Diff: 0, Sum: 0, Workers: 6
[48.775s][debug  ][gc,phases      ] GC(178)   Weak JFR Old Object Samples    Min:  0.0, Avg:  0.0, Max:  0.0, Diff:  0.0, Sum:  0.0, Workers: 6
[48.775s][debug  ][gc,phases      ] GC(178)     Dead                           Min: 0, Avg:  0.0, Max: 0, Diff: 0, Sum: 0, Workers: 6
[48.775s][debug  ][gc,phases      ] GC(178)     Total                          Min: 0, Avg:  0.0, Max: 0, Diff: 0, Sum: 0, Workers: 6
[48.775s][debug  ][gc,phases      ] GC(178) Weak Processing 0.721ms
[48.775s][debug  ][gc,ergo        ] GC(178) AdaptiveSizeStart:  collection: 179 
[48.775s][debug  ][gc,ergo        ] GC(178) avg_survived_padded_avg: 31736738.000000
[48.775s][debug  ][gc,ergo        ] GC(178) avg_promoted_padded_avg: 289548128.000000  avg_pretenured_padded_avg: 0.000000  tenuring_thresh: 15  target_size: 31981568
[48.775s][debug  ][gc,age         ] GC(178) Desired survivor size 31981568 bytes, new threshold 15 (max threshold 15)
[48.775s][debug  ][gc,ergo        ] GC(178) PSAdaptiveSizePolicy::compute_eden_space_size limits: desired_eden_size: 224224403 old_eden_size: 204472320 eden_limit: 204472320 cur_eden: 204472320 max_eden_size: 204472320 avg_young_live: 27357370
[48.775s][debug  ][gc,ergo        ] GC(178) PSAdaptiveSizePolicy::compute_eden_space_size: costs minor_time: 0.048049 major_cost: 0.051431 mutator_cost: 0.900521 throughput_goal: 0.990000
[48.775s][debug  ][gc,ergo        ] GC(178) Live_space: 1084694528 free_space: 1404567552
[48.775s][debug  ][gc,ergo        ] GC(178) Old eden_size: 204472320 desired_eden_size: 204472320
[48.775s][debug  ][gc,ergo        ] GC(178) AdaptiveSizeStop: collection: 179 
[48.775s][info   ][gc,heap        ] GC(178) PSYoungGen: 229163K(230912K)->30720K(230912K) Eden: 198442K(199680K)->0K(199680K) From: 30720K(31232K)->30720K(31232K)
[48.775s][info   ][gc,heap        ] GC(178) ParOldGen: 1291876K(1835008K)->1486437K(1835008K)
[48.775s][info   ][gc,metaspace   ] GC(178) Metaspace: 1027K(1216K)->1027K(1216K) NonClass: 943K(1024K)->943K(1024K) Class: 83K(192K)->83K(192K)
[48.775s][info   ][gc             ] GC(178) Pause Young (Allocation Failure) 1485M->1481M(2017M) 17.514ms
[48.775s][info   ][gc,cpu         ] GC(178) User=0.12s Sys=0.02s Real=0.02s
[48.775s][debug  ][gc,heap        ] GC(178) Heap after GC invocations=179 (full 28):
[48.775s][debug  ][gc,heap        ] GC(178)  PSYoungGen      total 230912K, used 30720K [0x00000000f0000000, 0x0000000100000000, 0x0000000100000000)
[48.775s][debug  ][gc,heap        ] GC(178)   eden space 199680K, 0% used [0x00000000f0000000,0x00000000f0000000,0x00000000fc300000)
[48.775s][debug  ][gc,heap        ] GC(178)   from space 31232K, 98% used [0x00000000fc300000,0x00000000fe100030,0x00000000fe180000)
[48.775s][debug  ][gc,heap        ] GC(178)   to   space 31232K, 0% used [0x00000000fe180000,0x00000000fe180000,0x0000000100000000)
[48.775s][debug  ][gc,heap        ] GC(178)  ParOldGen       total 1835008K, used 1486437K [0x0000000080000000, 0x00000000f0000000, 0x00000000f0000000)
[48.775s][debug  ][gc,heap        ] GC(178)   object space 1835008K, 81% used [0x0000000080000000,0x00000000dab99518,0x00000000f0000000)
[48.775s][debug  ][gc,heap        ] GC(178)  Metaspace       used 1027K, committed 1216K, reserved 1056768K
[48.775s][debug  ][gc,heap        ] GC(178)   class space    used 83K, committed 192K, reserved 1048576K
[48.775s][debug  ][gc,task,time   ] GC(178) VM-Thread 487571438 487733504 487753419
[49.073s][debug  ][gc,heap        ] GC(179) Heap before GC invocations=180 (full 28):
[49.073s][debug  ][gc,heap        ] GC(179)  PSYoungGen      total 230912K, used 229174K [0x00000000f0000000, 0x0000000100000000, 0x0000000100000000)
[49.073s][debug  ][gc,heap        ] GC(179)   eden space 199680K, 99% used [0x00000000f0000000,0x00000000fc1cd9c8,0x00000000fc300000)
[49.073s][debug  ][gc,heap        ] GC(179)   from space 31232K, 98% used [0x00000000fc300000,0x00000000fe100030,0x00000000fe180000)
[49.073s][debug  ][gc,heap        ] GC(179)   to   space 31232K, 0% used [0x00000000fe180000,0x00000000fe180000,0x0000000100000000)
[49.073s][debug  ][gc,heap        ] GC(179)  ParOldGen       total 1835008K, used 1486437K [0x0000000080000000, 0x00000000f0000000, 0x00000000f0000000)
[49.073s][debug  ][gc,heap        ] GC(179)   object space 1835008K, 81% used [0x0000000080000000,0x00000000dab99518,0x00000000f0000000)
[49.073s][debug  ][gc,heap        ] GC(179)  Metaspace       used 1027K, committed 1216K, reserved 1056768K
[49.073s][debug  ][gc,heap        ] GC(179)   class space    used 83K, committed 192K, reserved 1048576K
[49.073s][debug  ][gc,tlab        ] GC(179) TLAB totals: thrds: 1  refills: 1 max: 1 slow allocs: 18 max 18 waste: 27.6% gc: 3987608B max: 3987608B slow: 0B max: 0B
[49.074s][info   ][gc,start       ] GC(179) Pause Young (Allocation Failure)
[49.074s][debug  ][gc,phases,start] GC(179) Scavenge
[49.088s][debug  ][gc,phases      ] GC(179) Scavenge 14.835ms
[49.088s][debug  ][gc,phases,start] GC(179) Reference Processing
[49.089s][debug  ][gc,ref         ] GC(179) Skipped phase 1 of Reference Processing: no references
[49.089s][debug  ][gc,ref         ] GC(179) Skipped phase 2 of Reference Processing: no references
[49.089s][debug  ][gc,ref         ] GC(179) Skipped phase 3 of Reference Processing: no references
[49.089s][debug  ][gc,ref         ] GC(179) Skipped phase 4 of Reference Processing: no references
[49.089s][debug  ][gc,phases,ref  ] GC(179) Reference Processing: 0.1ms
[49.089s][debug  ][gc,phases,ref  ] GC(179)   Reconsider SoftReferences: 0.0ms
[49.089s][debug  ][gc,phases,ref  ] GC(179)     SoftRef (ms):                  skipped
[49.089s][debug  ][gc,phases,ref  ] GC(179)   Notify Soft/WeakReferences: 0.0ms
[49.089s][debug  ][gc,phases,ref  ] GC(179)     SoftRef (ms):                  skipped
[49.089s][debug  ][gc,phases,ref  ] GC(179)     WeakRef (ms):                  skipped
[49.089s][debug  ][gc,phases,ref  ] GC(179)     FinalRef (ms):                 skipped
[49.089s][debug  ][gc,phases,ref  ] GC(179)     Total (ms):                    skipped
[49.089s][debug  ][gc,phases,ref  ] GC(179)   Notify and keep alive finalizable: 0.0ms
[49.089s][debug  ][gc,phases,ref  ] GC(179)     FinalRef (ms):                 skipped
[49.089s][debug  ][gc,phases,ref  ] GC(179)   Notify PhantomReferences: 0.0ms
[49.089s][debug  ][gc,phases,ref  ] GC(179)     PhantomRef (ms):               skipped
[49.089s][debug  ][gc,phases,ref  ] GC(179)   SoftReference:
[49.089s][debug  ][gc,phases,ref  ] GC(179)     Discovered: 0
[49.089s][debug  ][gc,phases,ref  ] GC(179)     Cleared: 0
[49.089s][debug  ][gc,phases,ref  ] GC(179)   WeakReference:
[49.089s][debug  ][gc,phases,ref  ] GC(179)     Discovered: 0
[49.089s][debug  ][gc,phases,ref  ] GC(179)     Cleared: 0
[49.089s][debug  ][gc,phases,ref  ] GC(179)   FinalReference:
[49.089s][debug  ][gc,phases,ref  ] GC(179)     Discovered: 0
[49.089s][debug  ][gc,phases,ref  ] GC(179)     Cleared: 0
[49.089s][debug  ][gc,phases,ref  ] GC(179)   PhantomReference:
[49.089s][debug  ][gc,phases,ref  ] GC(179)     Discovered: 0
[49.089s][debug  ][gc,phases,ref  ] GC(179)     Cleared: 0
[49.089s][debug  ][gc,phases      ] GC(179) Reference Processing 0.725ms
[49.089s][debug  ][gc,phases,start] GC(179) Weak Processing
[49.089s][debug  ][gc,phases      ] GC(179)   VM Weak                        Min:  0.0, Avg:  0.0, Max:  0.0, Diff:  0.0, Sum:  0.0, Workers: 6
[49.089s][debug  ][gc,phases      ] GC(179)     Dead                           Min: 0, Avg:  0.0, Max: 0, Diff: 0, Sum: 0, Workers: 6
[49.089s][debug  ][gc,phases      ] GC(179)     Total                          Min: 0, Avg:  1.3, Max: 8, Diff: 8, Sum: 8, Workers: 6
[49.089s][debug  ][gc,phases      ] GC(179)   ObjectSynchronizer Weak        Min:  0.0, Avg:  0.0, Max:  0.0, Diff:  0.0, Sum:  0.0, Workers: 6
[49.089s][debug  ][gc,phases      ] GC(179)     Dead                           Min: 0, Avg:  0.0, Max: 0, Diff: 0, Sum: 0, Workers: 6
[49.089s][debug  ][gc,phases      ] GC(179)     Total                          Min: 0, Avg:  0.5, Max: 3, Diff: 3, Sum: 3, Workers: 6
[49.089s][debug  ][gc,phases      ] GC(179)   JVMTI Tag Weak OopStorage      Min:  0.0, Avg:  0.0, Max:  0.0, Diff:  0.0, Sum:  0.0, Workers: 6
[49.089s][debug  ][gc,phases      ] GC(179)     Dead                           Min: 0, Avg:  0.0, Max: 0, Diff: 0, Sum: 0, Workers: 6
[49.089s][debug  ][gc,phases      ] GC(179)     Total                          Min: 0, Avg:  0.0, Max: 0, Diff: 0, Sum: 0, Workers: 6
[49.089s][debug  ][gc,phases      ] GC(179)   StringTable Weak               Min:  0.0, Avg:  0.0, Max:  0.0, Diff:  0.0, Sum:  0.0, Workers: 6
[49.089s][debug  ][gc,phases      ] GC(179)     Dead                           Min: 0, Avg:  0.0, Max: 0, Diff: 0, Sum: 0, Workers: 6
[49.090s][debug  ][gc,phases      ] GC(179)     Total                          Min: 703, Avg: 892.5, Max: 1024, Diff: 321, Sum: 5355, Workers: 6
[49.090s][debug  ][gc,phases      ] GC(179)   ResolvedMethodTable Weak       Min:  0.0, Avg:  0.0, Max:  0.0, Diff:  0.0, Sum:  0.0, Workers: 6
[49.090s][debug  ][gc,phases      ] GC(179)     Dead                           Min: 0, Avg:  0.0, Max: 0, Diff: 0, Sum: 0, Workers: 6
[49.090s][debug  ][gc,phases      ] GC(179)     Total                          Min: 0, Avg: 21.5, Max: 65, Diff: 65, Sum: 129, Workers: 6
[49.090s][debug  ][gc,phases      ] GC(179)   JNI Weak                       Min:  0.0, Avg:  0.0, Max:  0.0, Diff:  0.0, Sum:  0.0, Workers: 6
[49.090s][debug  ][gc,phases      ] GC(179)     Dead                           Min: 0, Avg:  0.0, Max: 0, Diff: 0, Sum: 0, Workers: 6
[49.090s][debug  ][gc,phases      ] GC(179)     Total                          Min: 0, Avg:  0.0, Max: 0, Diff: 0, Sum: 0, Workers: 6
[49.090s][debug  ][gc,phases      ] GC(179)   StringDedup Table Weak         Min:  0.0, Avg:  0.0, Max:  0.0, Diff:  0.0, Sum:  0.0, Workers: 6
[49.090s][debug  ][gc,phases      ] GC(179)     Dead                           Min: 0, Avg:  0.0, Max: 0, Diff: 0, Sum: 0, Workers: 6
[49.090s][debug  ][gc,phases      ] GC(179)     Total                          Min: 0, Avg:  0.0, Max: 0, Diff: 0, Sum: 0, Workers: 6
[49.090s][debug  ][gc,phases      ] GC(179)   StringDedup Requests0 Weak     Min:  0.0, Avg:  0.0, Max:  0.0, Diff:  0.0, Sum:  0.0, Workers: 6
[49.090s][debug  ][gc,phases      ] GC(179)     Dead                           Min: 0, Avg:  0.0, Max: 0, Diff: 0, Sum: 0, Workers: 6
