[0.007s][warning][gc] -XX:+PrintGCDetails is deprecated. Will use -Xlog:gc* instead.
[0.015s][debug  ][gc,heap] Minimum heap 2147483648  Initial heap 2147483648  Maximum heap 2147483648
[0.015s][info   ][gc     ] Using Parallel
[0.016s][debug  ][gc,heap,coops] Heap address: 0x0000000080000000, size: 2048 MB, Compressed Oops mode: 32-bit
[0.021s][info   ][gc,init      ] Version: 17.0.2+8-86 (release)
[0.022s][info   ][gc,init      ] CPUs: 12 total, 12 available
[0.022s][info   ][gc,init      ] Memory: 14188M
[0.022s][info   ][gc,init      ] Large Page Support: Disabled
[0.022s][info   ][gc,init      ] NUMA Support: Disabled
[0.022s][info   ][gc,init      ] Compressed Oops: Enabled (32-bit)
[0.022s][info   ][gc,init      ] Alignments: Space 512K, Generation 512K, Heap 2M
[0.022s][info   ][gc,init      ] Heap Min Capacity: 2G
[0.022s][info   ][gc,init      ] Heap Initial Capacity: 2G
[0.022s][info   ][gc,init      ] Heap Max Capacity: 2G
[0.022s][info   ][gc,init      ] Pre-touch: Disabled
[0.022s][info   ][gc,init      ] Parallel Workers: 12
[0.023s][info   ][gc,metaspace ] CDS archive(s) mapped at: [0x0000000800000000-0x0000000800bc0000-0x0000000800bc0000), size 12320768, SharedBaseAddress: 0x0000000800000000, ArchiveRelocationMode: 0.
[0.023s][info   ][gc,metaspace ] Compressed class space mapped at: 0x0000000800c00000-0x0000000840c00000, reserved size: 1073741824
[0.023s][info   ][gc,metaspace ] Narrow klass base: 0x0000000800000000, Narrow klass shift: 0, Narrow klass range: 0x100000000
[0.362s][debug  ][gc,heap      ] GC(0) Heap before GC invocations=1 (full 0):
[0.362s][debug  ][gc,heap      ] GC(0)  PSYoungGen      total 229376K, used 189809K [0x00000000f0000000, 0x0000000100000000, 0x0000000100000000)
[0.362s][debug  ][gc,heap      ] GC(0)   eden space 196608K, 96% used [0x00000000f0000000,0x00000000fb95c500,0x00000000fc000000)
[0.362s][debug  ][gc,heap      ] GC(0)   from space 32768K, 0% used [0x00000000fe000000,0x00000000fe000000,0x0000000100000000)
[0.362s][debug  ][gc,heap      ] GC(0)   to   space 32768K, 0% used [0x00000000fc000000,0x00000000fc000000,0x00000000fe000000)
[0.362s][debug  ][gc,heap      ] GC(0)  ParOldGen       total 1835008K, used 0K [0x0000000080000000, 0x00000000f0000000, 0x00000000f0000000)
[0.362s][debug  ][gc,heap      ] GC(0)   object space 1835008K, 0% used [0x0000000080000000,0x0000000080000000,0x00000000f0000000)
[0.362s][debug  ][gc,heap      ] GC(0)  Metaspace       used 712K, committed 832K, reserved 1056768K
[0.362s][debug  ][gc,heap      ] GC(0)   class space    used 59K, committed 128K, reserved 1048576K
[0.362s][debug  ][gc,tlab      ] GC(0) TLAB totals: thrds: 4  refills: 4 max: 1 slow allocs: 18 max 18 waste: 89.8% gc: 14463440B max: 4026448B slow: 0B max: 0B
[0.362s][info   ][gc,start     ] GC(0) Pause Young (Allocation Failure)
[0.362s][debug  ][gc,phases,start] GC(0) Scavenge
[0.376s][debug  ][gc,phases      ] GC(0) Scavenge 13.723ms
[0.376s][debug  ][gc,phases,start] GC(0) Reference Processing
[0.376s][debug  ][gc,ref         ] GC(0) Skipped phase 1 of Reference Processing: no references
[0.376s][debug  ][gc,ref         ] GC(0) ReferenceProcessor::execute queues: 1, RefProcThreadModel::Single, marks_oops_alive: false
[0.376s][debug  ][gc,ref         ] GC(0) Skipped phase 3 of Reference Processing: no references
[0.376s][debug  ][gc,ref         ] GC(0) ReferenceProcessor::execute queues: 1, RefProcThreadModel::Single, marks_oops_alive: false
[0.376s][debug  ][gc,phases,ref  ] GC(0) Reference Processing: 0.1ms
[0.376s][debug  ][gc,phases,ref  ] GC(0)   Reconsider SoftReferences: 0.0ms
[0.376s][debug  ][gc,phases,ref  ] GC(0)     SoftRef (ms):                  skipped
[0.376s][debug  ][gc,phases,ref  ] GC(0)   Notify Soft/WeakReferences: 0.0ms
[0.376s][debug  ][gc,phases,ref  ] GC(0)     SoftRef (ms):                  Min:  0.0, Avg:  0.0, Max:  0.0, Diff:  0.0, Sum:  0.0, Workers: 12
[0.376s][debug  ][gc,phases,ref  ] GC(0)     WeakRef (ms):                  Min:  0.0, Avg:  0.0, Max:  0.0, Diff:  0.0, Sum:  0.0, Workers: 12
[0.376s][debug  ][gc,phases,ref  ] GC(0)     FinalRef (ms):                 Min:  0.0, Avg:  0.0, Max:  0.0, Diff:  0.0, Sum:  0.0, Workers: 12
[0.377s][debug  ][gc,phases,ref  ] GC(0)     Total (ms):                    Min:  0.0, Avg:  0.0, Max:  0.0, Diff:  0.0, Sum:  0.0, Workers: 12
[0.377s][debug  ][gc,phases,ref  ] GC(0)   Notify and keep alive finalizable: 0.0ms
[0.377s][debug  ][gc,phases,ref  ] GC(0)     FinalRef (ms):                 skipped
[0.377s][debug  ][gc,phases,ref  ] GC(0)   Notify PhantomReferences: 0.0ms
[0.377s][debug  ][gc,phases,ref  ] GC(0)     PhantomRef (ms):               Min:  0.0, Avg:  0.0, Max:  0.0, Diff:  0.0, Sum:  0.0, Workers: 12
[0.377s][debug  ][gc,phases,ref  ] GC(0)   SoftReference:
[0.377s][debug  ][gc,phases,ref  ] GC(0)     Discovered: 0
[0.377s][debug  ][gc,phases,ref  ] GC(0)     Cleared: 0
[0.377s][debug  ][gc,phases,ref  ] GC(0)   WeakReference:
[0.377s][debug  ][gc,phases,ref  ] GC(0)     Discovered: 96
[0.377s][debug  ][gc,phases,ref  ] GC(0)     Cleared: 73
[0.377s][debug  ][gc,phases,ref  ] GC(0)   FinalReference:
[0.377s][debug  ][gc,phases,ref  ] GC(0)     Discovered: 0
[0.377s][debug  ][gc,phases,ref  ] GC(0)     Cleared: 0
[0.377s][debug  ][gc,phases,ref  ] GC(0)   PhantomReference:
[0.377s][debug  ][gc,phases,ref  ] GC(0)     Discovered: 19
[0.377s][debug  ][gc,phases,ref  ] GC(0)     Cleared: 4
[0.377s][debug  ][gc,phases      ] GC(0) Reference Processing 0.823ms
[0.377s][debug  ][gc,phases,start] GC(0) Weak Processing
[0.377s][debug  ][gc,phases      ] GC(0)   VM Weak                        Min:  0.0, Avg:  0.0, Max:  0.0, Diff:  0.0, Sum:  0.0, Workers: 3
[0.377s][debug  ][gc,phases      ] GC(0)     Dead                           Min: 0, Avg:  0.0, Max: 0, Diff: 0, Sum: 0, Workers: 3
[0.377s][debug  ][gc,phases      ] GC(0)     Total                          Min: 0, Avg:  2.3, Max: 7, Diff: 7, Sum: 7, Workers: 3
[0.377s][debug  ][gc,phases      ] GC(0)   ObjectSynchronizer Weak        Min:  0.0, Avg:  0.0, Max:  0.0, Diff:  0.0, Sum:  0.0, Workers: 3
[0.377s][debug  ][gc,phases      ] GC(0)     Dead                           Min: 0, Avg:  0.0, Max: 0, Diff: 0, Sum: 0, Workers: 3
[0.377s][debug  ][gc,phases      ] GC(0)     Total                          Min: 0, Avg:  1.0, Max: 3, Diff: 3, Sum: 3, Workers: 3
[0.377s][debug  ][gc,phases      ] GC(0)   JVMTI Tag Weak OopStorage      Min:  0.0, Avg:  0.0, Max:  0.0, Diff:  0.0, Sum:  0.0, Workers: 3
[0.377s][debug  ][gc,phases      ] GC(0)     Dead                           Min: 0, Avg:  0.0, Max: 0, Diff: 0, Sum: 0, Workers: 3
[0.377s][debug  ][gc,phases      ] GC(0)     Total                          Min: 0, Avg:  0.0, Max: 0, Diff: 0, Sum: 0, Workers: 3
[0.377s][debug  ][gc,phases      ] GC(0)   StringTable Weak               Min:  0.0, Avg:  0.0, Max:  0.0, Diff:  0.0, Sum:  0.1, Workers: 3
[0.377s][debug  ][gc,phases      ] GC(0)     Dead                           Min: 1, Avg:  1.3, Max: 2, Diff: 1, Sum: 4, Workers: 3
[0.377s][debug  ][gc,phases      ] GC(0)     Total                          Min: 828, Avg: 873.3, Max: 960, Diff: 132, Sum: 2620, Workers: 3
[0.377s][debug  ][gc,phases      ] GC(0)   ResolvedMethodTable Weak       Min:  0.0, Avg:  0.0, Max:  0.0, Diff:  0.0, Sum:  0.0, Workers: 3
[0.377s][debug  ][gc,phases      ] GC(0)     Dead                           Min: 0, Avg:  0.3, Max: 1, Diff: 1, Sum: 1, Workers: 3
[0.377s][debug  ][gc,phases      ] GC(0)     Total                          Min: 0, Avg: 27.7, Max: 64, Diff: 64, Sum: 83, Workers: 3
[0.377s][debug  ][gc,phases      ] GC(0)   JNI Weak                       Min:  0.0, Avg:  0.0, Max:  0.0, Diff:  0.0, Sum:  0.0, Workers: 3
[0.377s][debug  ][gc,phases      ] GC(0)     Dead                           Min: 0, Avg:  0.0, Max: 0, Diff: 0, Sum: 0, Workers: 3
[0.377s][debug  ][gc,phases      ] GC(0)     Total                          Min: 0, Avg:  0.0, Max: 0, Diff: 0, Sum: 0, Workers: 3
[0.377s][debug  ][gc,phases      ] GC(0)   StringDedup Table Weak         Min:  0.0, Avg:  0.0, Max:  0.0, Diff:  0.0, Sum:  0.0, Workers: 3
[0.378s][debug  ][gc,phases      ] GC(0)     Dead                           Min: 0, Avg:  0.0, Max: 0, Diff: 0, Sum: 0, Workers: 3
[0.378s][debug  ][gc,phases      ] GC(0)     Total                          Min: 0, Avg:  0.0, Max: 0, Diff: 0, Sum: 0, Workers: 3
[0.378s][debug  ][gc,phases      ] GC(0)   StringDedup Requests0 Weak     Min:  0.0, Avg:  0.0, Max:  0.0, Diff:  0.0, Sum:  0.0, Workers: 3
[0.378s][debug  ][gc,phases      ] GC(0)     Dead                           Min: 0, Avg:  0.0, Max: 0, Diff: 0, Sum: 0, Workers: 3
[0.378s][debug  ][gc,phases      ] GC(0)     Total                          Min: 0, Avg:  0.0, Max: 0, Diff: 0, Sum: 0, Workers: 3
[0.378s][debug  ][gc,phases      ] GC(0)   StringDedup Requests1 Weak     Min:  0.0, Avg:  0.0, Max:  0.0, Diff:  0.0, Sum:  0.0, Workers: 3
[0.378s][debug  ][gc,phases      ] GC(0)     Dead                           Min: 0, Avg:  0.0, Max: 0, Diff: 0, Sum: 0, Workers: 3
[0.378s][debug  ][gc,phases      ] GC(0)     Total                          Min: 0, Avg:  0.0, Max: 0, Diff: 0, Sum: 0, Workers: 3
[0.378s][debug  ][gc,phases      ] GC(0)   Weak JFR Old Object Samples    Min:  0.0, Avg:  0.0, Max:  0.0, Diff:  0.0, Sum:  0.0, Workers: 3
[0.378s][debug  ][gc,phases      ] GC(0)     Dead                           Min: 0, Avg:  0.0, Max: 0, Diff: 0, Sum: 0, Workers: 3
[0.378s][debug  ][gc,phases      ] GC(0)     Total                          Min: 0, Avg:  0.0, Max: 0, Diff: 0, Sum: 0, Workers: 3
[0.378s][debug  ][gc,phases      ] GC(0) Weak Processing 0.773ms
[0.378s][debug  ][gc,ergo        ] GC(0) AdaptiveSizeStart:  collection: 1 
[0.378s][debug  ][gc,age         ] GC(0) Desired survivor size 33554432 bytes, new threshold 7 (max threshold 15)
[0.378s][debug  ][gc,ergo        ] GC(0) PSAdaptiveSizePolicy::compute_eden_space_size limits: desired_eden_size: 402653184 old_eden_size: 201326592 eden_limit: 201326592 cur_eden: 201326592 max_eden_size: 201326592 avg_young_live: 32563264
[0.378s][debug  ][gc,ergo        ] GC(0) PSAdaptiveSizePolicy::compute_eden_space_size: costs minor_time: 0.044126 major_cost: 0.000000 mutator_cost: 0.955874 throughput_goal: 0.990000
[0.378s][debug  ][gc,ergo        ] GC(0) Live_space: 300998720 free_space: 402653184
[0.378s][debug  ][gc,ergo        ] GC(0) Old eden_size: 201326592 desired_eden_size: 201326592
[0.378s][debug  ][gc,ergo        ] GC(0) AdaptiveSizeStop: collection: 1 
[0.378s][info   ][gc,heap        ] GC(0) PSYoungGen: 189809K(229376K)->31800K(229376K) Eden: 189809K(196608K)->0K(196608K) From: 0K(32768K)->31800K(32768K)
[0.378s][info   ][gc,heap        ] GC(0) ParOldGen: 0K(1835008K)->143368K(1835008K)
[0.378s][info   ][gc,metaspace   ] GC(0) Metaspace: 712K(832K)->712K(832K) NonClass: 652K(704K)->652K(704K) Class: 59K(128K)->59K(128K)
[0.378s][info   ][gc             ] GC(0) Pause Young (Allocation Failure) 185M->171M(2016M) 15.995ms
[0.378s][info   ][gc,cpu         ] GC(0) User=0.00s Sys=0.02s Real=0.02s
[0.378s][debug  ][gc,heap        ] GC(0) Heap after GC invocations=1 (full 0):
[0.378s][debug  ][gc,heap        ] GC(0)  PSYoungGen      total 229376K, used 31800K [0x00000000f0000000, 0x0000000100000000, 0x0000000100000000)
[0.378s][debug  ][gc,heap        ] GC(0)   eden space 196608K, 0% used [0x00000000f0000000,0x00000000f0000000,0x00000000fc000000)
[0.378s][debug  ][gc,heap        ] GC(0)   from space 32768K, 97% used [0x00000000fc000000,0x00000000fdf0e040,0x00000000fe000000)
[0.378s][debug  ][gc,heap        ] GC(0)   to   space 32768K, 0% used [0x00000000fe000000,0x00000000fe000000,0x0000000100000000)
[0.378s][debug  ][gc,heap        ] GC(0)  ParOldGen       total 1835008K, used 143368K [0x0000000080000000, 0x00000000f0000000, 0x00000000f0000000)
[0.378s][debug  ][gc,heap        ] GC(0)   object space 1835008K, 7% used [0x0000000080000000,0x0000000088c020e0,0x00000000f0000000)
[0.378s][debug  ][gc,heap        ] GC(0)  Metaspace       used 712K, committed 832K, reserved 1056768K
[0.378s][debug  ][gc,heap        ] GC(0)   class space    used 59K, committed 128K, reserved 1048576K
[0.378s][debug  ][gc,task,time   ] GC(0) VM-Thread 3616540 3761137 3782205
[0.660s][debug  ][gc,heap        ] GC(1) Heap before GC invocations=2 (full 0):
[0.660s][debug  ][gc,heap        ] GC(1)  PSYoungGen      total 229376K, used 219889K [0x00000000f0000000, 0x0000000100000000, 0x0000000100000000)
[0.661s][debug  ][gc,heap        ] GC(1)   eden space 196608K, 95% used [0x00000000f0000000,0x00000000fb7ae610,0x00000000fc000000)
[0.661s][debug  ][gc,heap        ] GC(1)   from space 32768K, 97% used [0x00000000fc000000,0x00000000fdf0e040,0x00000000fe000000)
[0.661s][debug  ][gc,heap        ] GC(1)   to   space 32768K, 0% used [0x00000000fe000000,0x00000000fe000000,0x0000000100000000)
[0.661s][debug  ][gc,heap        ] GC(1)  ParOldGen       total 1835008K, used 143368K [0x0000000080000000, 0x00000000f0000000, 0x00000000f0000000)
[0.661s][debug  ][gc,heap        ] GC(1)   object space 1835008K, 7% used [0x0000000080000000,0x0000000088c020e0,0x00000000f0000000)
[0.661s][debug  ][gc,heap        ] GC(1)  Metaspace       used 712K, committed 832K, reserved 1056768K
[0.661s][debug  ][gc,heap        ] GC(1)   class space    used 59K, committed 128K, reserved 1048576K
[0.661s][debug  ][gc,tlab        ] GC(1) TLAB totals: thrds: 1  refills: 1 max: 1 slow allocs: 17 max 17 waste: 26.9% gc: 3859328B max: 3859328B slow: 0B max: 0B
[0.661s][info   ][gc,start       ] GC(1) Pause Young (Allocation Failure)
[0.661s][debug  ][gc,phases,start] GC(1) Scavenge
[0.677s][debug  ][gc,phases      ] GC(1) Scavenge 16.359ms
[0.677s][debug  ][gc,phases,start] GC(1) Reference Processing
[0.677s][debug  ][gc,ref         ] GC(1) Skipped phase 1 of Reference Processing: no references
[0.677s][debug  ][gc,ref         ] GC(1) ReferenceProcessor::execute queues: 1, RefProcThreadModel::Single, marks_oops_alive: false
[0.677s][debug  ][gc,ref         ] GC(1) Skipped phase 3 of Reference Processing: no references
[0.677s][debug  ][gc,ref         ] GC(1) ReferenceProcessor::execute queues: 1, RefProcThreadModel::Single, marks_oops_alive: false
[0.677s][debug  ][gc,phases,ref  ] GC(1) Reference Processing: 0.1ms
[0.677s][debug  ][gc,phases,ref  ] GC(1)   Reconsider SoftReferences: 0.0ms
[0.677s][debug  ][gc,phases,ref  ] GC(1)     SoftRef (ms):                  skipped
[0.677s][debug  ][gc,phases,ref  ] GC(1)   Notify Soft/WeakReferences: 0.0ms
[0.677s][debug  ][gc,phases,ref  ] GC(1)     SoftRef (ms):                  Min:  0.0, Avg:  0.0, Max:  0.0, Diff:  0.0, Sum:  0.0, Workers: 12
[0.677s][debug  ][gc,phases,ref  ] GC(1)     WeakRef (ms):                  Min:  0.0, Avg:  0.0, Max:  0.0, Diff:  0.0, Sum:  0.0, Workers: 12
[0.677s][debug  ][gc,phases,ref  ] GC(1)     FinalRef (ms):                 Min:  0.0, Avg:  0.0, Max:  0.0, Diff:  0.0, Sum:  0.0, Workers: 12
[0.677s][debug  ][gc,phases,ref  ] GC(1)     Total (ms):                    Min:  0.0, Avg:  0.0, Max:  0.0, Diff:  0.0, Sum:  0.0, Workers: 12
[0.678s][debug  ][gc,phases,ref  ] GC(1)   Notify and keep alive finalizable: 0.0ms
[0.678s][debug  ][gc,phases,ref  ] GC(1)     FinalRef (ms):                 skipped
[0.678s][debug  ][gc,phases,ref  ] GC(1)   Notify PhantomReferences: 0.0ms
[0.678s][debug  ][gc,phases,ref  ] GC(1)     PhantomRef (ms):               Min:  0.0, Avg:  0.0, Max:  0.0, Diff:  0.0, Sum:  0.0, Workers: 12
[0.678s][debug  ][gc,phases,ref  ] GC(1)   SoftReference:
[0.678s][debug  ][gc,phases,ref  ] GC(1)     Discovered: 0
[0.678s][debug  ][gc,phases,ref  ] GC(1)     Cleared: 0
[0.678s][debug  ][gc,phases,ref  ] GC(1)   WeakReference:
[0.678s][debug  ][gc,phases,ref  ] GC(1)     Discovered: 38
[0.678s][debug  ][gc,phases,ref  ] GC(1)     Cleared: 38
[0.678s][debug  ][gc,phases,ref  ] GC(1)   FinalReference:
[0.678s][debug  ][gc,phases,ref  ] GC(1)     Discovered: 0
[0.678s][debug  ][gc,phases,ref  ] GC(1)     Cleared: 0
[0.678s][debug  ][gc,phases,ref  ] GC(1)   PhantomReference:
[0.678s][debug  ][gc,phases,ref  ] GC(1)     Discovered: 5
[0.678s][debug  ][gc,phases,ref  ] GC(1)     Cleared: 5
[0.678s][debug  ][gc,phases      ] GC(1) Reference Processing 0.608ms
[0.678s][debug  ][gc,phases,start] GC(1) Weak Processing
[0.678s][debug  ][gc,phases      ] GC(1)   VM Weak                        Min:  0.0, Avg:  0.0, Max:  0.0, Diff:  0.0, Sum:  0.0, Workers: 3
[0.678s][debug  ][gc,phases      ] GC(1)     Dead                           Min: 0, Avg:  0.0, Max: 0, Diff: 0, Sum: 0, Workers: 3
[0.678s][debug  ][gc,phases      ] GC(1)     Total                          Min: 0, Avg:  2.3, Max: 7, Diff: 7, Sum: 7, Workers: 3
[0.678s][debug  ][gc,phases      ] GC(1)   ObjectSynchronizer Weak        Min:  0.0, Avg:  0.0, Max:  0.0, Diff:  0.0, Sum:  0.0, Workers: 3
[0.678s][debug  ][gc,phases      ] GC(1)     Dead                           Min: 0, Avg:  0.0, Max: 0, Diff: 0, Sum: 0, Workers: 3
[0.678s][debug  ][gc,phases      ] GC(1)     Total                          Min: 0, Avg:  1.0, Max: 3, Diff: 3, Sum: 3, Workers: 3
[0.678s][debug  ][gc,phases      ] GC(1)   JVMTI Tag Weak OopStorage      Min:  0.0, Avg:  0.0, Max:  0.0, Diff:  0.0, Sum:  0.0, Workers: 3
[0.678s][debug  ][gc,phases      ] GC(1)     Dead                           Min: 0, Avg:  0.0, Max: 0, Diff: 0, Sum: 0, Workers: 3
[0.678s][debug  ][gc,phases      ] GC(1)     Total                          Min: 0, Avg:  0.0, Max: 0, Diff: 0, Sum: 0, Workers: 3
[0.678s][debug  ][gc,phases      ] GC(1)   StringTable Weak               Min:  0.0, Avg:  0.0, Max:  0.0, Diff:  0.0, Sum:  0.1, Workers: 3
[0.678s][debug  ][gc,phases      ] GC(1)     Dead                           Min: 0, Avg:  0.0, Max: 0, Diff: 0, Sum: 0, Workers: 3
[0.678s][debug  ][gc,phases      ] GC(1)     Total                          Min: 828, Avg: 873.3, Max: 960, Diff: 132, Sum: 2620, Workers: 3
[0.678s][debug  ][gc,phases      ] GC(1)   ResolvedMethodTable Weak       Min:  0.0, Avg:  0.0, Max:  0.0, Diff:  0.0, Sum:  0.0, Workers: 3
[0.678s][debug  ][gc,phases      ] GC(1)     Dead                           Min: 0, Avg:  0.0, Max: 0, Diff: 0, Sum: 0, Workers: 3
[0.678s][debug  ][gc,phases      ] GC(1)     Total                          Min: 0, Avg: 27.7, Max: 64, Diff: 64, Sum: 83, Workers: 3
[0.678s][debug  ][gc,phases      ] GC(1)   JNI Weak                       Min:  0.0, Avg:  0.0, Max:  0.0, Diff:  0.0, Sum:  0.0, Workers: 3
[0.678s][debug  ][gc,phases      ] GC(1)     Dead                           Min: 0, Avg:  0.0, Max: 0, Diff: 0, Sum: 0, Workers: 3
[0.678s][debug  ][gc,phases      ] GC(1)     Total                          Min: 0, Avg:  0.0, Max: 0, Diff: 0, Sum: 0, Workers: 3
[0.678s][debug  ][gc,phases      ] GC(1)   StringDedup Table Weak         Min:  0.0, Avg:  0.0, Max:  0.0, Diff:  0.0, Sum:  0.0, Workers: 3
[0.678s][debug  ][gc,phases      ] GC(1)     Dead                           Min: 0, Avg:  0.0, Max: 0, Diff: 0, Sum: 0, Workers: 3
[0.678s][debug  ][gc,phases      ] GC(1)     Total                          Min: 0, Avg:  0.0, Max: 0, Diff: 0, Sum: 0, Workers: 3
[0.678s][debug  ][gc,phases      ] GC(1)   StringDedup Requests0 Weak     Min:  0.0, Avg:  0.0, Max:  0.0, Diff:  0.0, Sum:  0.0, Workers: 3
[0.678s][debug  ][gc,phases      ] GC(1)     Dead                           Min: 0, Avg:  0.0, Max: 0, Diff: 0, Sum: 0, Workers: 3
[0.678s][debug  ][gc,phases      ] GC(1)     Total                          Min: 0, Avg:  0.0, Max: 0, Diff: 0, Sum: 0, Workers: 3
[0.678s][debug  ][gc,phases      ] GC(1)   StringDedup Requests1 Weak     Min:  0.0, Avg:  0.0, Max:  0.0, Diff:  0.0, Sum:  0.0, Workers: 3
[0.678s][debug  ][gc,phases      ] GC(1)     Dead                           Min: 0, Avg:  0.0, Max: 0, Diff: 0, Sum: 0, Workers: 3
[0.679s][debug  ][gc,phases      ] GC(1)     Total                          Min: 0, Avg:  0.0, Max: 0, Diff: 0, Sum: 0, Workers: 3
[0.679s][debug  ][gc,phases      ] GC(1)   Weak JFR Old Object Samples    Min:  0.0, Avg:  0.0, Max:  0.0, Diff:  0.0, Sum:  0.0, Workers: 3
[0.679s][debug  ][gc,phases      ] GC(1)     Dead                           Min: 0, Avg:  0.0, Max: 0, Diff: 0, Sum: 0, Workers: 3
[0.679s][debug  ][gc,phases      ] GC(1)     Total                          Min: 0, Avg:  0.0, Max: 0, Diff: 0, Sum: 0, Workers: 3
[0.679s][debug  ][gc,phases      ] GC(1) Weak Processing 0.705ms
[0.679s][debug  ][gc,ergo        ] GC(1) AdaptiveSizeStart:  collection: 2 
[0.679s][debug  ][gc,age         ] GC(1) Desired survivor size 33554432 bytes, new threshold 7 (max threshold 15)
[0.679s][debug  ][gc,ergo        ] GC(1) PSAdaptiveSizePolicy::compute_eden_space_size limits: desired_eden_size: 402653184 old_eden_size: 201326592 eden_limit: 201326592 cur_eden: 201326592 max_eden_size: 201326592 avg_young_live: 32563264
[0.679s][debug  ][gc,ergo        ] GC(1) PSAdaptiveSizePolicy::compute_eden_space_size: costs minor_time: 0.051704 major_cost: 0.000000 mutator_cost: 0.948296 throughput_goal: 0.990000
[0.679s][debug  ][gc,ergo        ] GC(1) Live_space: 300998720 free_space: 402653184
[0.679s][debug  ][gc,ergo        ] GC(1) Old eden_size: 201326592 desired_eden_size: 201326592
[0.679s][debug  ][gc,ergo        ] GC(1) AdaptiveSizeStop: collection: 2 
[0.679s][info   ][gc,heap        ] GC(1) PSYoungGen: 219889K(229376K)->31800K(229376K) Eden: 188089K(196608K)->0K(196608K) From: 31800K(32768K)->31800K(32768K)
[0.679s][info   ][gc,heap        ] GC(1) ParOldGen: 143368K(1835008K)->327696K(1835008K)
[0.679s][info   ][gc,metaspace   ] GC(1) Metaspace: 712K(832K)->712K(832K) NonClass: 653K(704K)->653K(704K) Class: 59K(128K)->59K(128K)
[0.679s][info   ][gc             ] GC(1) Pause Young (Allocation Failure) 354M->351M(2016M) 18.108ms
[0.679s][info   ][gc,cpu         ] GC(1) User=0.05s Sys=0.12s Real=0.02s
[0.679s][debug  ][gc,heap        ] GC(1) Heap after GC invocations=2 (full 0):
[0.679s][debug  ][gc,heap        ] GC(1)  PSYoungGen      total 229376K, used 31800K [0x00000000f0000000, 0x0000000100000000, 0x0000000100000000)
[0.679s][debug  ][gc,heap        ] GC(1)   eden space 196608K, 0% used [0x00000000f0000000,0x00000000f0000000,0x00000000fc000000)
[0.679s][debug  ][gc,heap        ] GC(1)   from space 32768K, 97% used [0x00000000fe000000,0x00000000fff0e040,0x0000000100000000)
[0.679s][debug  ][gc,heap        ] GC(1)   to   space 32768K, 0% used [0x00000000fc000000,0x00000000fc000000,0x00000000fe000000)
[0.679s][debug  ][gc,heap        ] GC(1)  ParOldGen       total 1835008K, used 327696K [0x0000000080000000, 0x00000000f0000000, 0x00000000f0000000)
[0.679s][debug  ][gc,heap        ] GC(1)   object space 1835008K, 17% used [0x0000000080000000,0x0000000094004200,0x00000000f0000000)
[0.679s][debug  ][gc,heap        ] GC(1)  Metaspace       used 712K, committed 832K, reserved 1056768K
[0.679s][debug  ][gc,heap        ] GC(1)   class space    used 59K, committed 128K, reserved 1048576K
[0.679s][debug  ][gc,task,time   ] GC(1) VM-Thread 6604249 6772083 6790898
[0.960s][debug  ][gc,heap        ] GC(2) Heap before GC invocations=3 (full 0):
[0.960s][debug  ][gc,heap        ] GC(2)  PSYoungGen      total 229376K, used 219854K [0x00000000f0000000, 0x0000000100000000, 0x0000000100000000)
[0.960s][debug  ][gc,heap        ] GC(2)   eden space 196608K, 95% used [0x00000000f0000000,0x00000000fb7a5b40,0x00000000fc000000)
[0.960s][debug  ][gc,heap        ] GC(2)   from space 32768K, 97% used [0x00000000fe000000,0x00000000fff0e040,0x0000000100000000)
[0.960s][debug  ][gc,heap        ] GC(2)   to   space 32768K, 0% used [0x00000000fc000000,0x00000000fc000000,0x00000000fe000000)
[0.960s][debug  ][gc,heap        ] GC(2)  ParOldGen       total 1835008K, used 327696K [0x0000000080000000, 0x00000000f0000000, 0x00000000f0000000)
[0.960s][debug  ][gc,heap        ] GC(2)   object space 1835008K, 17% used [0x0000000080000000,0x0000000094004200,0x00000000f0000000)
[0.960s][debug  ][gc,heap        ] GC(2)  Metaspace       used 712K, committed 832K, reserved 1056768K
[0.960s][debug  ][gc,heap        ] GC(2)   class space    used 59K, committed 128K, reserved 1048576K
[0.960s][debug  ][gc,tlab        ] GC(2) TLAB totals: thrds: 1  refills: 1 max: 1 slow allocs: 17 max 17 waste: 26.7% gc: 3823848B max: 3823848B slow: 0B max: 0B
[0.960s][info   ][gc,start       ] GC(2) Pause Young (Allocation Failure)
[0.960s][debug  ][gc,phases,start] GC(2) Scavenge
[0.976s][debug  ][gc,phases      ] GC(2) Scavenge 16.274ms
[0.977s][debug  ][gc,phases,start] GC(2) Reference Processing
[0.977s][debug  ][gc,ref         ] GC(2) Skipped phase 1 of Reference Processing: no references
[0.977s][debug  ][gc,ref         ] GC(2) ReferenceProcessor::execute queues: 1, RefProcThreadModel::Single, marks_oops_alive: false
[0.977s][debug  ][gc,ref         ] GC(2) Skipped phase 3 of Reference Processing: no references
[0.977s][debug  ][gc,ref         ] GC(2) ReferenceProcessor::execute queues: 1, RefProcThreadModel::Single, marks_oops_alive: false
[0.977s][debug  ][gc,phases,ref  ] GC(2) Reference Processing: 0.1ms
[0.977s][debug  ][gc,phases,ref  ] GC(2)   Reconsider SoftReferences: 0.0ms
[0.977s][debug  ][gc,phases,ref  ] GC(2)     SoftRef (ms):                  skipped
[0.977s][debug  ][gc,phases,ref  ] GC(2)   Notify Soft/WeakReferences: 0.0ms
[0.977s][debug  ][gc,phases,ref  ] GC(2)     SoftRef (ms):                  Min:  0.0, Avg:  0.0, Max:  0.0, Diff:  0.0, Sum:  0.0, Workers: 12
[0.977s][debug  ][gc,phases,ref  ] GC(2)     WeakRef (ms):                  Min:  0.0, Avg:  0.0, Max:  0.0, Diff:  0.0, Sum:  0.0, Workers: 12
[0.977s][debug  ][gc,phases,ref  ] GC(2)     FinalRef (ms):                 Min:  0.0, Avg:  0.0, Max:  0.0, Diff:  0.0, Sum:  0.0, Workers: 12
[0.977s][debug  ][gc,phases,ref  ] GC(2)     Total (ms):                    Min:  0.0, Avg:  0.0, Max:  0.0, Diff:  0.0, Sum:  0.0, Workers: 12
[0.977s][debug  ][gc,phases,ref  ] GC(2)   Notify and keep alive finalizable: 0.0ms
[0.977s][debug  ][gc,phases,ref  ] GC(2)     FinalRef (ms):                 skipped
[0.977s][debug  ][gc,phases,ref  ] GC(2)   Notify PhantomReferences: 0.0ms
[0.977s][debug  ][gc,phases,ref  ] GC(2)     PhantomRef (ms):               Min:  0.0, Avg:  0.0, Max:  0.0, Diff:  0.0, Sum:  0.0, Workers: 12
[0.977s][debug  ][gc,phases,ref  ] GC(2)   SoftReference:
[0.977s][debug  ][gc,phases,ref  ] GC(2)     Discovered: 0
[0.977s][debug  ][gc,phases,ref  ] GC(2)     Cleared: 0
[0.977s][debug  ][gc,phases,ref  ] GC(2)   WeakReference:
[0.977s][debug  ][gc,phases,ref  ] GC(2)     Discovered: 36
[0.977s][debug  ][gc,phases,ref  ] GC(2)     Cleared: 36
[0.977s][debug  ][gc,phases,ref  ] GC(2)   FinalReference:
[0.977s][debug  ][gc,phases,ref  ] GC(2)     Discovered: 0
[0.977s][debug  ][gc,phases,ref  ] GC(2)     Cleared: 0
[0.977s][debug  ][gc,phases,ref  ] GC(2)   PhantomReference:
[0.977s][debug  ][gc,phases,ref  ] GC(2)     Discovered: 5
[0.977s][debug  ][gc,phases,ref  ] GC(2)     Cleared: 5
[0.977s][debug  ][gc,phases      ] GC(2) Reference Processing 0.743ms
[0.977s][debug  ][gc,phases,start] GC(2) Weak Processing
[0.977s][debug  ][gc,phases      ] GC(2)   VM Weak                        Min:  0.0, Avg:  0.0, Max:  0.0, Diff:  0.0, Sum:  0.0, Workers: 3
[0.977s][debug  ][gc,phases      ] GC(2)     Dead                           Min: 0, Avg:  0.0, Max: 0, Diff: 0, Sum: 0, Workers: 3
[0.977s][debug  ][gc,phases      ] GC(2)     Total                          Min: 0, Avg:  2.3, Max: 7, Diff: 7, Sum: 7, Workers: 3
[0.977s][debug  ][gc,phases      ] GC(2)   ObjectSynchronizer Weak        Min:  0.0, Avg:  0.0, Max:  0.0, Diff:  0.0, Sum:  0.0, Workers: 3
[0.978s][debug  ][gc,phases      ] GC(2)     Dead                           Min: 0, Avg:  0.0, Max: 0, Diff: 0, Sum: 0, Workers: 3
[0.978s][debug  ][gc,phases      ] GC(2)     Total                          Min: 0, Avg:  1.0, Max: 3, Diff: 3, Sum: 3, Workers: 3
[0.978s][debug  ][gc,phases      ] GC(2)   JVMTI Tag Weak OopStorage      Min:  0.0, Avg:  0.0, Max:  0.0, Diff:  0.0, Sum:  0.0, Workers: 3
[0.978s][debug  ][gc,phases      ] GC(2)     Dead                           Min: 0, Avg:  0.0, Max: 0, Diff: 0, Sum: 0, Workers: 3
[0.978s][debug  ][gc,phases      ] GC(2)     Total                          Min: 0, Avg:  0.0, Max: 0, Diff: 0, Sum: 0, Workers: 3
[0.978s][debug  ][gc,phases      ] GC(2)   StringTable Weak               Min:  0.0, Avg:  0.0, Max:  0.0, Diff:  0.0, Sum:  0.1, Workers: 3
[0.978s][debug  ][gc,phases      ] GC(2)     Dead                           Min: 0, Avg:  0.0, Max: 0, Diff: 0, Sum: 0, Workers: 3
[0.978s][debug  ][gc,phases      ] GC(2)     Total                          Min: 832, Avg: 873.3, Max: 896, Diff: 64, Sum: 2620, Workers: 3
[0.978s][debug  ][gc,phases      ] GC(2)   ResolvedMethodTable Weak       Min:  0.0, Avg:  0.0, Max:  0.0, Diff:  0.0, Sum:  0.0, Workers: 3
[0.978s][debug  ][gc,phases      ] GC(2)     Dead                           Min: 0, Avg:  0.0, Max: 0, Diff: 0, Sum: 0, Workers: 3
[0.978s][debug  ][gc,phases      ] GC(2)     Total                          Min: 0, Avg: 27.7, Max: 64, Diff: 64, Sum: 83, Workers: 3
[0.978s][debug  ][gc,phases      ] GC(2)   JNI Weak                       Min:  0.0, Avg:  0.0, Max:  0.0, Diff:  0.0, Sum:  0.0, Workers: 3
[0.978s][debug  ][gc,phases      ] GC(2)     Dead                           Min: 0, Avg:  0.0, Max: 0, Diff: 0, Sum: 0, Workers: 3
[0.978s][debug  ][gc,phases      ] GC(2)     Total                          Min: 0, Avg:  0.0, Max: 0, Diff: 0, Sum: 0, Workers: 3
[0.978s][debug  ][gc,phases      ] GC(2)   StringDedup Table Weak         Min:  0.0, Avg:  0.0, Max:  0.0, Diff:  0.0, Sum:  0.0, Workers: 3
[0.978s][debug  ][gc,phases      ] GC(2)     Dead                           Min: 0, Avg:  0.0, Max: 0, Diff: 0, Sum: 0, Workers: 3
[0.978s][debug  ][gc,phases      ] GC(2)     Total                          Min: 0, Avg:  0.0, Max: 0, Diff: 0, Sum: 0, Workers: 3
[0.978s][debug  ][gc,phases      ] GC(2)   StringDedup Requests0 Weak     Min:  0.0, Avg:  0.0, Max:  0.0, Diff:  0.0, Sum:  0.0, Workers: 3
[0.978s][debug  ][gc,phases      ] GC(2)     Dead                           Min: 0, Avg:  0.0, Max: 0, Diff: 0, Sum: 0, Workers: 3
[0.978s][debug  ][gc,phases      ] GC(2)     Total                          Min: 0, Avg:  0.0, Max: 0, Diff: 0, Sum: 0, Workers: 3
[0.978s][debug  ][gc,phases      ] GC(2)   StringDedup Requests1 Weak     Min:  0.0, Avg:  0.0, Max:  0.0, Diff:  0.0, Sum:  0.0, Workers: 3
[0.978s][debug  ][gc,phases      ] GC(2)     Dead                           Min: 0, Avg:  0.0, Max: 0, Diff: 0, Sum: 0, Workers: 3
[0.978s][debug  ][gc,phases      ] GC(2)     Total                          Min: 0, Avg:  0.0, Max: 0, Diff: 0, Sum: 0, Workers: 3
[0.978s][debug  ][gc,phases      ] GC(2)   Weak JFR Old Object Samples    Min:  0.0, Avg:  0.0, Max:  0.0, Diff:  0.0, Sum:  0.0, Workers: 3
[0.978s][debug  ][gc,phases      ] GC(2)     Dead                           Min: 0, Avg:  0.0, Max: 0, Diff: 0, Sum: 0, Workers: 3
[0.978s][debug  ][gc,phases      ] GC(2)     Total                          Min: 0, Avg:  0.0, Max: 0, Diff: 0, Sum: 0, Workers: 3
[0.978s][debug  ][gc,phases      ] GC(2) Weak Processing 0.734ms
[0.978s][debug  ][gc,ergo        ] GC(2) AdaptiveSizeStart:  collection: 3 
[0.978s][debug  ][gc,age         ] GC(2) Desired survivor size 33554432 bytes, new threshold 7 (max threshold 15)
[0.978s][debug  ][gc,ergo        ] GC(2) PSAdaptiveSizePolicy::compute_eden_space_size limits: desired_eden_size: 402653184 old_eden_size: 201326592 eden_limit: 201326592 cur_eden: 201326592 max_eden_size: 201326592 avg_young_live: 32579492
[0.978s][debug  ][gc,ergo        ] GC(2) PSAdaptiveSizePolicy::compute_eden_space_size: costs minor_time: 0.054327 major_cost: 0.000000 mutator_cost: 0.945673 throughput_goal: 0.990000
[0.978s][debug  ][gc,ergo        ] GC(2) Live_space: 301014944 free_space: 402653184
[0.978s][debug  ][gc,ergo        ] GC(2) Old eden_size: 201326592 desired_eden_size: 201326592
[0.978s][debug  ][gc,ergo        ] GC(2) AdaptiveSizeStop: collection: 3 
[0.978s][info   ][gc,heap        ] GC(2) PSYoungGen: 219854K(229376K)->31848K(229376K) Eden: 188054K(196608K)->0K(196608K) From: 31800K(32768K)->31848K(32768K)
[0.978s][info   ][gc,heap        ] GC(2) ParOldGen: 327696K(1835008K)->512016K(1835008K)
[0.978s][info   ][gc,metaspace   ] GC(2) Metaspace: 712K(832K)->712K(832K) NonClass: 653K(704K)->653K(704K) Class: 59K(128K)->59K(128K)
[0.978s][info   ][gc             ] GC(2) Pause Young (Allocation Failure) 534M->531M(2016M) 18.120ms
[0.978s][info   ][gc,cpu         ] GC(2) User=0.05s Sys=0.12s Real=0.02s
[0.978s][debug  ][gc,heap        ] GC(2) Heap after GC invocations=3 (full 0):
[0.978s][debug  ][gc,heap        ] GC(2)  PSYoungGen      total 229376K, used 31848K [0x00000000f0000000, 0x0000000100000000, 0x0000000100000000)
[0.978s][debug  ][gc,heap        ] GC(2)   eden space 196608K, 0% used [0x00000000f0000000,0x00000000f0000000,0x00000000fc000000)
[0.978s][debug  ][gc,heap        ] GC(2)   from space 32768K, 97% used [0x00000000fc000000,0x00000000fdf1a050,0x00000000fe000000)
[0.978s][debug  ][gc,heap        ] GC(2)   to   space 32768K, 0% used [0x00000000fe000000,0x00000000fe000000,0x0000000100000000)
[0.978s][debug  ][gc,heap        ] GC(2)  ParOldGen       total 1835008K, used 512016K [0x0000000080000000, 0x00000000f0000000, 0x00000000f0000000)
[0.979s][debug  ][gc,heap        ] GC(2)   object space 1835008K, 27% used [0x0000000080000000,0x000000009f404320,0x00000000f0000000)
[0.979s][debug  ][gc,heap        ] GC(2)  Metaspace       used 712K, committed 832K, reserved 1056768K
[0.979s][debug  ][gc,heap        ] GC(2)   class space    used 59K, committed 128K, reserved 1048576K
[0.979s][debug  ][gc,task,time   ] GC(2) VM-Thread 9598714 9765278 9785710
[1.261s][debug  ][gc,heap        ] GC(3) Heap before GC invocations=4 (full 0):
[1.261s][debug  ][gc,heap        ] GC(3)  PSYoungGen      total 229376K, used 225843K [0x00000000f0000000, 0x0000000100000000, 0x0000000100000000)
[1.261s][debug  ][gc,heap        ] GC(3)   eden space 196608K, 98% used [0x00000000f0000000,0x00000000fbd72c20,0x00000000fc000000)
[1.261s][debug  ][gc,heap        ] GC(3)   from space 32768K, 97% used [0x00000000fc000000,0x00000000fdf1a050,0x00000000fe000000)
[1.261s][debug  ][gc,heap        ] GC(3)   to   space 32768K, 0% used [0x00000000fe000000,0x00000000fe000000,0x0000000100000000)
[1.261s][debug  ][gc,heap        ] GC(3)  ParOldGen       total 1835008K, used 512016K [0x0000000080000000, 0x00000000f0000000, 0x00000000f0000000)
[1.261s][debug  ][gc,heap        ] GC(3)   object space 1835008K, 27% used [0x0000000080000000,0x000000009f404320,0x00000000f0000000)
[1.261s][debug  ][gc,heap        ] GC(3)  Metaspace       used 946K, committed 1152K, reserved 1056768K
[1.261s][debug  ][gc,heap        ] GC(3)   class space    used 74K, committed 192K, reserved 1048576K
[1.261s][debug  ][gc,tlab        ] GC(3) TLAB totals: thrds: 3  refills: 3 max: 1 slow allocs: 17 max 17 waste: 44.9% gc: 9165056B max: 3867008B slow: 0B max: 0B
[1.261s][info   ][gc,start       ] GC(3) Pause Young (Allocation Failure)
[1.261s][debug  ][gc,phases,start] GC(3) Scavenge
[1.278s][debug  ][gc,phases      ] GC(3) Scavenge 16.802ms
[1.278s][debug  ][gc,phases,start] GC(3) Reference Processing
[1.278s][debug  ][gc,ref         ] GC(3) Skipped phase 1 of Reference Processing: no references
[1.278s][debug  ][gc,ref         ] GC(3) ReferenceProcessor::execute queues: 1, RefProcThreadModel::Single, marks_oops_alive: false
[1.278s][debug  ][gc,ref         ] GC(3) Skipped phase 3 of Reference Processing: no references
[1.278s][debug  ][gc,ref         ] GC(3) ReferenceProcessor::execute queues: 1, RefProcThreadModel::Single, marks_oops_alive: false
[1.278s][debug  ][gc,phases,ref  ] GC(3) Reference Processing: 0.1ms
[1.278s][debug  ][gc,phases,ref  ] GC(3)   Reconsider SoftReferences: 0.0ms
[1.278s][debug  ][gc,phases,ref  ] GC(3)     SoftRef (ms):                  skipped
[1.278s][debug  ][gc,phases,ref  ] GC(3)   Notify Soft/WeakReferences: 0.0ms
[1.278s][debug  ][gc,phases,ref  ] GC(3)     SoftRef (ms):                  Min:  0.0, Avg:  0.0, Max:  0.0, Diff:  0.0, Sum:  0.0, Workers: 12
[1.278s][debug  ][gc,phases,ref  ] GC(3)     WeakRef (ms):                  Min:  0.0, Avg:  0.0, Max:  0.0, Diff:  0.0, Sum:  0.0, Workers: 12
[1.278s][debug  ][gc,phases,ref  ] GC(3)     FinalRef (ms):                 Min:  0.0, Avg:  0.0, Max:  0.0, Diff:  0.0, Sum:  0.0, Workers: 12
[1.278s][debug  ][gc,phases,ref  ] GC(3)     Total (ms):                    Min:  0.0, Avg:  0.0, Max:  0.0, Diff:  0.0, Sum:  0.0, Workers: 12
[1.279s][debug  ][gc,phases,ref  ] GC(3)   Notify and keep alive finalizable: 0.0ms
[1.279s][debug  ][gc,phases,ref  ] GC(3)     FinalRef (ms):                 skipped
[1.279s][debug  ][gc,phases,ref  ] GC(3)   Notify PhantomReferences: 0.0ms
[1.279s][debug  ][gc,phases,ref  ] GC(3)     PhantomRef (ms):               Min:  0.0, Avg:  0.0, Max:  0.0, Diff:  0.0, Sum:  0.0, Workers: 12
[1.279s][debug  ][gc,phases,ref  ] GC(3)   SoftReference:
[1.279s][debug  ][gc,phases,ref  ] GC(3)     Discovered: 0
[1.279s][debug  ][gc,phases,ref  ] GC(3)     Cleared: 0
[1.279s][debug  ][gc,phases,ref  ] GC(3)   WeakReference:
[1.279s][debug  ][gc,phases,ref  ] GC(3)     Discovered: 71
[1.279s][debug  ][gc,phases,ref  ] GC(3)     Cleared: 66
[1.279s][debug  ][gc,phases,ref  ] GC(3)   FinalReference:
[1.279s][debug  ][gc,phases,ref  ] GC(3)     Discovered: 0
[1.279s][debug  ][gc,phases,ref  ] GC(3)     Cleared: 0
[1.279s][debug  ][gc,phases,ref  ] GC(3)   PhantomReference:
[1.279s][debug  ][gc,phases,ref  ] GC(3)     Discovered: 9
[1.279s][debug  ][gc,phases,ref  ] GC(3)     Cleared: 4
[1.279s][debug  ][gc,phases      ] GC(3) Reference Processing 0.607ms
[1.279s][debug  ][gc,phases,start] GC(3) Weak Processing
[1.279s][debug  ][gc,phases      ] GC(3)   VM Weak                        Min:  0.0, Avg:  0.0, Max:  0.0, Diff:  0.0, Sum:  0.0, Workers: 5
[1.279s][debug  ][gc,phases      ] GC(3)     Dead                           Min: 0, Avg:  0.0, Max: 0, Diff: 0, Sum: 0, Workers: 5
[1.279s][debug  ][gc,phases      ] GC(3)     Total                          Min: 0, Avg:  1.6, Max: 8, Diff: 8, Sum: 8, Workers: 5
[1.279s][debug  ][gc,phases      ] GC(3)   ObjectSynchronizer Weak        Min:  0.0, Avg:  0.0, Max:  0.0, Diff:  0.0, Sum:  0.0, Workers: 5
[1.279s][debug  ][gc,phases      ] GC(3)     Dead                           Min: 0, Avg:  0.0, Max: 0, Diff: 0, Sum: 0, Workers: 5
[1.279s][debug  ][gc,phases      ] GC(3)     Total                          Min: 0, Avg:  0.6, Max: 3, Diff: 3, Sum: 3, Workers: 5
[1.279s][debug  ][gc,phases      ] GC(3)   JVMTI Tag Weak OopStorage      Min:  0.0, Avg:  0.0, Max:  0.0, Diff:  0.0, Sum:  0.0, Workers: 5
[1.279s][debug  ][gc,phases      ] GC(3)     Dead                           Min: 0, Avg:  0.0, Max: 0, Diff: 0, Sum: 0, Workers: 5
[1.279s][debug  ][gc,phases      ] GC(3)     Total                          Min: 0, Avg:  0.0, Max: 0, Diff: 0, Sum: 0, Workers: 5
[1.279s][debug  ][gc,phases      ] GC(3)   StringTable Weak               Min:  0.0, Avg:  0.0, Max:  0.0, Diff:  0.0, Sum:  0.2, Workers: 5
[1.279s][debug  ][gc,phases      ] GC(3)     Dead                           Min: 0, Avg:  0.2, Max: 1, Diff: 1, Sum: 1, Workers: 5
[1.279s][debug  ][gc,phases      ] GC(3)     Total                          Min: 640, Avg: 948.6, Max: 1216, Diff: 576, Sum: 4743, Workers: 5
[1.279s][debug  ][gc,phases      ] GC(3)   ResolvedMethodTable Weak       Min:  0.0, Avg:  0.0, Max:  0.0, Diff:  0.0, Sum:  0.0, Workers: 5
[1.279s][debug  ][gc,phases      ] GC(3)     Dead                           Min: 0, Avg:  0.0, Max: 0, Diff: 0, Sum: 0, Workers: 5
[1.279s][debug  ][gc,phases      ] GC(3)     Total                          Min: 0, Avg: 18.4, Max: 64, Diff: 64, Sum: 92, Workers: 5
[1.279s][debug  ][gc,phases      ] GC(3)   JNI Weak                       Min:  0.0, Avg:  0.0, Max:  0.0, Diff:  0.0, Sum:  0.0, Workers: 5
[1.279s][debug  ][gc,phases      ] GC(3)     Dead                           Min: 0, Avg:  0.0, Max: 0, Diff: 0, Sum: 0, Workers: 5
[1.279s][debug  ][gc,phases      ] GC(3)     Total                          Min: 0, Avg:  0.0, Max: 0, Diff: 0, Sum: 0, Workers: 5
[1.279s][debug  ][gc,phases      ] GC(3)   StringDedup Table Weak         Min:  0.0, Avg:  0.0, Max:  0.0, Diff:  0.0, Sum:  0.0, Workers: 5
[1.279s][debug  ][gc,phases      ] GC(3)     Dead                           Min: 0, Avg:  0.0, Max: 0, Diff: 0, Sum: 0, Workers: 5
[1.279s][debug  ][gc,phases      ] GC(3)     Total                          Min: 0, Avg:  0.0, Max: 0, Diff: 0, Sum: 0, Workers: 5
[1.279s][debug  ][gc,phases      ] GC(3)   StringDedup Requests0 Weak     Min:  0.0, Avg:  0.0, Max:  0.0, Diff:  0.0, Sum:  0.0, Workers: 5
[1.279s][debug  ][gc,phases      ] GC(3)     Dead                           Min: 0, Avg:  0.0, Max: 0, Diff: 0, Sum: 0, Workers: 5
[1.279s][debug  ][gc,phases      ] GC(3)     Total                          Min: 0, Avg:  0.0, Max: 0, Diff: 0, Sum: 0, Workers: 5
[1.279s][debug  ][gc,phases      ] GC(3)   StringDedup Requests1 Weak     Min:  0.0, Avg:  0.0, Max:  0.0, Diff:  0.0, Sum:  0.0, Workers: 5
[1.279s][debug  ][gc,phases      ] GC(3)     Dead                           Min: 0, Avg:  0.0, Max: 0, Diff: 0, Sum: 0, Workers: 5
[1.279s][debug  ][gc,phases      ] GC(3)     Total                          Min: 0, Avg:  0.0, Max: 0, Diff: 0, Sum: 0, Workers: 5
[1.279s][debug  ][gc,phases      ] GC(3)   Weak JFR Old Object Samples    Min:  0.0, Avg:  0.0, Max:  0.0, Diff:  0.0, Sum:  0.0, Workers: 5
[1.279s][debug  ][gc,phases      ] GC(3)     Dead                           Min: 0, Avg:  0.0, Max: 0, Diff: 0, Sum: 0, Workers: 5
[1.280s][debug  ][gc,phases      ] GC(3)     Total                          Min: 0, Avg:  0.0, Max: 0, Diff: 0, Sum: 0, Workers: 5
[1.280s][debug  ][gc,phases      ] GC(3) Weak Processing 0.695ms
[1.280s][debug  ][gc,ergo        ] GC(3) AdaptiveSizeStart:  collection: 4 
[1.280s][debug  ][gc,age         ] GC(3) Desired survivor size 33554432 bytes, new threshold 7 (max threshold 15)
[1.280s][debug  ][gc,ergo        ] GC(3) PSAdaptiveSizePolicy::compute_eden_space_size limits: desired_eden_size: 402653184 old_eden_size: 201326592 eden_limit: 201326592 cur_eden: 201326592 max_eden_size: 201326592 avg_young_live: 32718798
[1.280s][debug  ][gc,ergo        ] GC(3) PSAdaptiveSizePolicy::compute_eden_space_size: costs minor_time: 0.055850 major_cost: 0.000000 mutator_cost: 0.944150 throughput_goal: 0.990000
[1.280s][debug  ][gc,ergo        ] GC(3) Live_space: 301154240 free_space: 402653184
[1.280s][debug  ][gc,ergo        ] GC(3) Old eden_size: 201326592 desired_eden_size: 201326592
[1.280s][debug  ][gc,ergo        ] GC(3) AdaptiveSizeStop: collection: 4 
[1.280s][info   ][gc,heap        ] GC(3) PSYoungGen: 225843K(229376K)->32360K(229376K) Eden: 193995K(196608K)->0K(196608K) From: 31848K(32768K)->32360K(32768K)
[1.280s][info   ][gc,heap        ] GC(3) ParOldGen: 512016K(1835008K)->696345K(1835008K)
[1.280s][info   ][gc,metaspace   ] GC(3) Metaspace: 946K(1152K)->946K(1152K) NonClass: 871K(960K)->871K(960K) Class: 74K(192K)->74K(192K)
[1.280s][info   ][gc             ] GC(3) Pause Young (Allocation Failure) 720M->711M(2016M) 18.481ms
[1.280s][info   ][gc,cpu         ] GC(3) User=0.03s Sys=0.14s Real=0.02s
[1.280s][debug  ][gc,heap        ] GC(3) Heap after GC invocations=4 (full 0):
[1.280s][debug  ][gc,heap        ] GC(3)  PSYoungGen      total 229376K, used 32360K [0x00000000f0000000, 0x0000000100000000, 0x0000000100000000)
[1.280s][debug  ][gc,heap        ] GC(3)   eden space 196608K, 0% used [0x00000000f0000000,0x00000000f0000000,0x00000000fc000000)
[1.280s][debug  ][gc,heap        ] GC(3)   from space 32768K, 98% used [0x00000000fe000000,0x00000000fff9a050,0x0000000100000000)
[1.280s][debug  ][gc,heap        ] GC(3)   to   space 32768K, 0% used [0x00000000fc000000,0x00000000fc000000,0x00000000fe000000)
[1.280s][debug  ][gc,heap        ] GC(3)  ParOldGen       total 1835008K, used 696345K [0x0000000080000000, 0x00000000f0000000, 0x00000000f0000000)
[1.280s][debug  ][gc,heap        ] GC(3)   object space 1835008K, 37% used [0x0000000080000000,0x00000000aa806440,0x00000000f0000000)
[1.280s][debug  ][gc,heap        ] GC(3)  Metaspace       used 946K, committed 1152K, reserved 1056768K
[1.280s][debug  ][gc,heap        ] GC(3)   class space    used 74K, committed 192K, reserved 1048576K
[1.280s][debug  ][gc,task,time   ] GC(3) VM-Thread 12609635 12782135 12800175
[1.563s][debug  ][gc,heap        ] GC(4) Heap before GC invocations=5 (full 0):
[1.563s][debug  ][gc,heap        ] GC(4)  PSYoungGen      total 229376K, used 220442K [0x00000000f0000000, 0x0000000100000000, 0x0000000100000000)
[1.563s][debug  ][gc,heap        ] GC(4)   eden space 196608K, 95% used [0x00000000f0000000,0x00000000fb7aca30,0x00000000fc000000)
[1.563s][debug  ][gc,heap        ] GC(4)   from space 32768K, 98% used [0x00000000fe000000,0x00000000fff9a050,0x0000000100000000)
[1.563s][debug  ][gc,heap        ] GC(4)   to   space 32768K, 0% used [0x00000000fc000000,0x00000000fc000000,0x00000000fe000000)
[1.563s][debug  ][gc,heap        ] GC(4)  ParOldGen       total 1835008K, used 696345K [0x0000000080000000, 0x00000000f0000000, 0x00000000f0000000)
[1.563s][debug  ][gc,heap        ] GC(4)   object space 1835008K, 37% used [0x0000000080000000,0x00000000aa806440,0x00000000f0000000)
[1.563s][debug  ][gc,heap        ] GC(4)  Metaspace       used 946K, committed 1152K, reserved 1056768K
[1.563s][debug  ][gc,heap        ] GC(4)   class space    used 74K, committed 192K, reserved 1048576K
[1.563s][debug  ][gc,tlab        ] GC(4) TLAB totals: thrds: 1  refills: 1 max: 1 slow allocs: 17 max 17 waste: 26.9% gc: 3852104B max: 3852104B slow: 0B max: 0B
[1.563s][info   ][gc,start       ] GC(4) Pause Young (Allocation Failure)
[1.563s][debug  ][gc,phases,start] GC(4) Scavenge
[1.580s][debug  ][gc,phases      ] GC(4) Scavenge 16.773ms
[1.580s][debug  ][gc,phases,start] GC(4) Reference Processing
[1.580s][debug  ][gc,ref         ] GC(4) Skipped phase 1 of Reference Processing: no references
[1.580s][debug  ][gc,ref         ] GC(4) ReferenceProcessor::execute queues: 1, RefProcThreadModel::Single, marks_oops_alive: false
[1.580s][debug  ][gc,ref         ] GC(4) Skipped phase 3 of Reference Processing: no references
[1.580s][debug  ][gc,ref         ] GC(4) ReferenceProcessor::execute queues: 1, RefProcThreadModel::Single, marks_oops_alive: false
[1.580s][debug  ][gc,phases,ref  ] GC(4) Reference Processing: 0.1ms
[1.580s][debug  ][gc,phases,ref  ] GC(4)   Reconsider SoftReferences: 0.0ms
[1.580s][debug  ][gc,phases,ref  ] GC(4)     SoftRef (ms):                  skipped
[1.580s][debug  ][gc,phases,ref  ] GC(4)   Notify Soft/WeakReferences: 0.0ms
[1.581s][debug  ][gc,phases,ref  ] GC(4)     SoftRef (ms):                  Min:  0.0, Avg:  0.0, Max:  0.0, Diff:  0.0, Sum:  0.0, Workers: 12
[1.581s][debug  ][gc,phases,ref  ] GC(4)     WeakRef (ms):                  Min:  0.0, Avg:  0.0, Max:  0.0, Diff:  0.0, Sum:  0.0, Workers: 12
[1.581s][debug  ][gc,phases,ref  ] GC(4)     FinalRef (ms):                 Min:  0.0, Avg:  0.0, Max:  0.0, Diff:  0.0, Sum:  0.0, Workers: 12
[1.581s][debug  ][gc,phases,ref  ] GC(4)     Total (ms):                    Min:  0.0, Avg:  0.0, Max:  0.0, Diff:  0.0, Sum:  0.0, Workers: 12
[1.581s][debug  ][gc,phases,ref  ] GC(4)   Notify and keep alive finalizable: 0.0ms
[1.581s][debug  ][gc,phases,ref  ] GC(4)     FinalRef (ms):                 skipped
[1.581s][debug  ][gc,phases,ref  ] GC(4)   Notify PhantomReferences: 0.0ms
[1.581s][debug  ][gc,phases,ref  ] GC(4)     PhantomRef (ms):               Min:  0.0, Avg:  0.0, Max:  0.0, Diff:  0.0, Sum:  0.0, Workers: 12
[1.581s][debug  ][gc,phases,ref  ] GC(4)   SoftReference:
[1.581s][debug  ][gc,phases,ref  ] GC(4)     Discovered: 0
[1.581s][debug  ][gc,phases,ref  ] GC(4)     Cleared: 0
[1.581s][debug  ][gc,phases,ref  ] GC(4)   WeakReference:
[1.581s][debug  ][gc,phases,ref  ] GC(4)     Discovered: 3
[1.581s][debug  ][gc,phases,ref  ] GC(4)     Cleared: 3
[1.581s][debug  ][gc,phases,ref  ] GC(4)   FinalReference:
[1.581s][debug  ][gc,phases,ref  ] GC(4)     Discovered: 0
[1.581s][debug  ][gc,phases,ref  ] GC(4)     Cleared: 0
[1.581s][debug  ][gc,phases,ref  ] GC(4)   PhantomReference:
[1.581s][debug  ][gc,phases,ref  ] GC(4)     Discovered: 4
[1.581s][debug  ][gc,phases,ref  ] GC(4)     Cleared: 4
[1.581s][debug  ][gc,phases      ] GC(4) Reference Processing 0.610ms
[1.581s][debug  ][gc,phases,start] GC(4) Weak Processing
[1.581s][debug  ][gc,phases      ] GC(4)   VM Weak                        Min:  0.0, Avg:  0.0, Max:  0.0, Diff:  0.0, Sum:  0.0, Workers: 5
[1.581s][debug  ][gc,phases      ] GC(4)     Dead                           Min: 0, Avg:  0.0, Max: 0, Diff: 0, Sum: 0, Workers: 5
[1.581s][debug  ][gc,phases      ] GC(4)     Total                          Min: 0, Avg:  1.6, Max: 8, Diff: 8, Sum: 8, Workers: 5
[1.581s][debug  ][gc,phases      ] GC(4)   ObjectSynchronizer Weak        Min:  0.0, Avg:  0.0, Max:  0.0, Diff:  0.0, Sum:  0.0, Workers: 5
[1.581s][debug  ][gc,phases      ] GC(4)     Dead                           Min: 0, Avg:  0.0, Max: 0, Diff: 0, Sum: 0, Workers: 5
[1.581s][debug  ][gc,phases      ] GC(4)     Total                          Min: 0, Avg:  0.6, Max: 3, Diff: 3, Sum: 3, Workers: 5
[1.581s][debug  ][gc,phases      ] GC(4)   JVMTI Tag Weak OopStorage      Min:  0.0, Avg:  0.0, Max:  0.0, Diff:  0.0, Sum:  0.0, Workers: 5
[1.581s][debug  ][gc,phases      ] GC(4)     Dead                           Min: 0, Avg:  0.0, Max: 0, Diff: 0, Sum: 0, Workers: 5
[1.581s][debug  ][gc,phases      ] GC(4)     Total                          Min: 0, Avg:  0.0, Max: 0, Diff: 0, Sum: 0, Workers: 5
[1.581s][debug  ][gc,phases      ] GC(4)   StringTable Weak               Min:  0.0, Avg:  0.0, Max:  0.0, Diff:  0.0, Sum:  0.2, Workers: 5
[1.581s][debug  ][gc,phases      ] GC(4)     Dead                           Min: 0, Avg:  0.0, Max: 0, Diff: 0, Sum: 0, Workers: 5
[1.581s][debug  ][gc,phases      ] GC(4)     Total                          Min: 768, Avg: 948.6, Max: 1408, Diff: 640, Sum: 4743, Workers: 5
[1.581s][debug  ][gc,phases      ] GC(4)   ResolvedMethodTable Weak       Min:  0.0, Avg:  0.0, Max:  0.0, Diff:  0.0, Sum:  0.0, Workers: 5
[1.581s][debug  ][gc,phases      ] GC(4)     Dead                           Min: 0, Avg:  0.0, Max: 0, Diff: 0, Sum: 0, Workers: 5
[1.581s][debug  ][gc,phases      ] GC(4)     Total                          Min: 0, Avg: 18.4, Max: 64, Diff: 64, Sum: 92, Workers: 5
[1.581s][debug  ][gc,phases      ] GC(4)   JNI Weak                       Min:  0.0, Avg:  0.0, Max:  0.0, Diff:  0.0, Sum:  0.0, Workers: 5
[1.581s][debug  ][gc,phases      ] GC(4)     Dead                           Min: 0, Avg:  0.0, Max: 0, Diff: 0, Sum: 0, Workers: 5
[1.581s][debug  ][gc,phases      ] GC(4)     Total                          Min: 0, Avg:  0.0, Max: 0, Diff: 0, Sum: 0, Workers: 5
[1.581s][debug  ][gc,phases      ] GC(4)   StringDedup Table Weak         Min:  0.0, Avg:  0.0, Max:  0.0, Diff:  0.0, Sum:  0.0, Workers: 5
[1.581s][debug  ][gc,phases      ] GC(4)     Dead                           Min: 0, Avg:  0.0, Max: 0, Diff: 0, Sum: 0, Workers: 5
[1.581s][debug  ][gc,phases      ] GC(4)     Total                          Min: 0, Avg:  0.0, Max: 0, Diff: 0, Sum: 0, Workers: 5
[1.581s][debug  ][gc,phases      ] GC(4)   StringDedup Requests0 Weak     Min:  0.0, Avg:  0.0, Max:  0.0, Diff:  0.0, Sum:  0.0, Workers: 5
[1.581s][debug  ][gc,phases      ] GC(4)     Dead                           Min: 0, Avg:  0.0, Max: 0, Diff: 0, Sum: 0, Workers: 5
[1.582s][debug  ][gc,phases      ] GC(4)     Total                          Min: 0, Avg:  0.0, Max: 0, Diff: 0, Sum: 0, Workers: 5
[1.582s][debug  ][gc,phases      ] GC(4)   StringDedup Requests1 Weak     Min:  0.0, Avg:  0.0, Max:  0.0, Diff:  0.0, Sum:  0.0, Workers: 5
[1.582s][debug  ][gc,phases      ] GC(4)     Dead                           Min: 0, Avg:  0.0, Max: 0, Diff: 0, Sum: 0, Workers: 5
[1.582s][debug  ][gc,phases      ] GC(4)     Total                          Min: 0, Avg:  0.0, Max: 0, Diff: 0, Sum: 0, Workers: 5
[1.582s][debug  ][gc,phases      ] GC(4)   Weak JFR Old Object Samples    Min:  0.0, Avg:  0.0, Max:  0.0, Diff:  0.0, Sum:  0.0, Workers: 5
[1.582s][debug  ][gc,phases      ] GC(4)     Dead                           Min: 0, Avg:  0.0, Max: 0, Diff: 0, Sum: 0, Workers: 5
[1.582s][debug  ][gc,phases      ] GC(4)     Total                          Min: 0, Avg:  0.0, Max: 0, Diff: 0, Sum: 0, Workers: 5
[1.582s][debug  ][gc,phases      ] GC(4) Weak Processing 0.735ms
[1.582s][debug  ][gc,ergo        ] GC(4) AdaptiveSizeStart:  collection: 5 
[1.582s][debug  ][gc,ergo        ] GC(4) avg_survived_padded_avg: 33262174.000000
[1.582s][debug  ][gc,ergo        ] GC(4) avg_promoted_padded_avg: 212686688.000000  avg_pretenured_padded_avg: 0.000000  tenuring_thresh: 6  target_size: 33554432
[1.582s][debug  ][gc,age         ] GC(4) Desired survivor size 33554432 bytes, new threshold 6 (max threshold 15)
[1.582s][debug  ][gc,ergo        ] GC(4) PSAdaptiveSizePolicy::compute_eden_space_size limits: desired_eden_size: 402653184 old_eden_size: 201326592 eden_limit: 201326592 cur_eden: 201326592 max_eden_size: 201326592 avg_young_live: 32799108
[1.582s][debug  ][gc,ergo        ] GC(4) PSAdaptiveSizePolicy::compute_eden_space_size: costs minor_time: 0.056965 major_cost: 0.000000 mutator_cost: 0.943035 throughput_goal: 0.990000
[1.582s][debug  ][gc,ergo        ] GC(4) Live_space: 301234560 free_space: 402653184
[1.582s][debug  ][gc,ergo        ] GC(4) Old eden_size: 201326592 desired_eden_size: 201326592
[1.582s][debug  ][gc,ergo        ] GC(4) AdaptiveSizeStop: collection: 5 
[1.582s][info   ][gc,heap        ] GC(4) PSYoungGen: 220442K(229376K)->32344K(229376K) Eden: 188082K(196608K)->0K(196608K) From: 32360K(32768K)->32344K(32768K)
[1.582s][info   ][gc,heap        ] GC(4) ParOldGen: 696345K(1835008K)->880665K(1835008K)
[1.582s][info   ][gc,metaspace   ] GC(4) Metaspace: 946K(1152K)->946K(1152K) NonClass: 871K(960K)->871K(960K) Class: 74K(192K)->74K(192K)
[1.582s][info   ][gc             ] GC(4) Pause Young (Allocation Failure) 895M->891M(2016M) 18.530ms
[1.582s][info   ][gc,cpu         ] GC(4) User=0.19s Sys=0.02s Real=0.02s
[1.582s][debug  ][gc,heap        ] GC(4) Heap after GC invocations=5 (full 0):
[1.582s][debug  ][gc,heap        ] GC(4)  PSYoungGen      total 229376K, used 32344K [0x00000000f0000000, 0x0000000100000000, 0x0000000100000000)
[1.582s][debug  ][gc,heap        ] GC(4)   eden space 196608K, 0% used [0x00000000f0000000,0x00000000f0000000,0x00000000fc000000)
[1.582s][debug  ][gc,heap        ] GC(4)   from space 32768K, 98% used [0x00000000fc000000,0x00000000fdf96060,0x00000000fe000000)
[1.582s][debug  ][gc,heap        ] GC(4)   to   space 32768K, 0% used [0x00000000fe000000,0x00000000fe000000,0x0000000100000000)
[1.582s][debug  ][gc,heap        ] GC(4)  ParOldGen       total 1835008K, used 880665K [0x0000000080000000, 0x00000000f0000000, 0x00000000f0000000)
[1.582s][debug  ][gc,heap        ] GC(4)   object space 1835008K, 47% used [0x0000000080000000,0x00000000b5c06560,0x00000000f0000000)
[1.582s][debug  ][gc,heap        ] GC(4)  Metaspace       used 946K, committed 1152K, reserved 1056768K
[1.582s][debug  ][gc,heap        ] GC(4)   class space    used 74K, committed 192K, reserved 1048576K
[1.582s][debug  ][gc,task,time   ] GC(4) VM-Thread 15630780 15802892 15821843
[1.880s][debug  ][gc,heap        ] GC(5) Heap before GC invocations=6 (full 0):
[1.880s][debug  ][gc,heap        ] GC(5)  PSYoungGen      total 229376K, used 221736K [0x00000000f0000000, 0x0000000100000000, 0x0000000100000000)
[1.880s][debug  ][gc,heap        ] GC(5)   eden space 196608K, 96% used [0x00000000f0000000,0x00000000fb8f41c8,0x00000000fc000000)
[1.880s][debug  ][gc,heap        ] GC(5)   from space 32768K, 98% used [0x00000000fc000000,0x00000000fdf96060,0x00000000fe000000)
[1.880s][debug  ][gc,heap        ] GC(5)   to   space 32768K, 0% used [0x00000000fe000000,0x00000000fe000000,0x0000000100000000)
[1.880s][debug  ][gc,heap        ] GC(5)  ParOldGen       total 1835008K, used 880665K [0x0000000080000000, 0x00000000f0000000, 0x00000000f0000000)
[1.880s][debug  ][gc,heap        ] GC(5)   object space 1835008K, 47% used [0x0000000080000000,0x00000000b5c06560,0x00000000f0000000)
[1.880s][debug  ][gc,heap        ] GC(5)  Metaspace       used 1017K, committed 1152K, reserved 1056768K
[1.880s][debug  ][gc,heap        ] GC(5)   class space    used 83K, committed 192K, reserved 1048576K
[1.880s][debug  ][gc,tlab        ] GC(5) TLAB totals: thrds: 2  refills: 2 max: 1 slow allocs: 17 max 17 waste: 31.0% gc: 4856592B max: 3548168B slow: 0B max: 0B
[1.880s][info   ][gc,start       ] GC(5) Pause Young (Allocation Failure)
[1.880s][debug  ][gc,phases,start] GC(5) Scavenge
[1.887s][debug  ][gc,phases      ] GC(5) Scavenge 7.307ms
[1.888s][debug  ][gc,phases,start] GC(5) Reference Processing
[1.888s][debug  ][gc,ref         ] GC(5) Skipped phase 1 of Reference Processing: no references
[1.888s][debug  ][gc,ref         ] GC(5) ReferenceProcessor::execute queues: 1, RefProcThreadModel::Single, marks_oops_alive: false
[1.888s][debug  ][gc,ref         ] GC(5) Skipped phase 3 of Reference Processing: no references
[1.888s][debug  ][gc,ref         ] GC(5) ReferenceProcessor::execute queues: 1, RefProcThreadModel::Single, marks_oops_alive: false
[1.888s][debug  ][gc,phases,ref  ] GC(5) Reference Processing: 0.1ms
[1.888s][debug  ][gc,phases,ref  ] GC(5)   Reconsider SoftReferences: 0.0ms
[1.888s][debug  ][gc,phases,ref  ] GC(5)     SoftRef (ms):                  skipped
[1.888s][debug  ][gc,phases,ref  ] GC(5)   Notify Soft/WeakReferences: 0.0ms
[1.888s][debug  ][gc,phases,ref  ] GC(5)     SoftRef (ms):                  Min:  0.0, Avg:  0.0, Max:  0.0, Diff:  0.0, Sum:  0.0, Workers: 12
[1.888s][debug  ][gc,phases,ref  ] GC(5)     WeakRef (ms):                  Min:  0.0, Avg:  0.0, Max:  0.0, Diff:  0.0, Sum:  0.0, Workers: 12
[1.888s][debug  ][gc,phases,ref  ] GC(5)     FinalRef (ms):                 Min:  0.0, Avg:  0.0, Max:  0.0, Diff:  0.0, Sum:  0.0, Workers: 12
[1.888s][debug  ][gc,phases,ref  ] GC(5)     Total (ms):                    Min:  0.0, Avg:  0.0, Max:  0.0, Diff:  0.0, Sum:  0.0, Workers: 12
[1.888s][debug  ][gc,phases,ref  ] GC(5)   Notify and keep alive finalizable: 0.0ms
[1.888s][debug  ][gc,phases,ref  ] GC(5)     FinalRef (ms):                 skipped
[1.888s][debug  ][gc,phases,ref  ] GC(5)   Notify PhantomReferences: 0.0ms
[1.888s][debug  ][gc,phases,ref  ] GC(5)     PhantomRef (ms):               Min:  0.0, Avg:  0.0, Max:  0.0, Diff:  0.0, Sum:  0.0, Workers: 12
[1.888s][debug  ][gc,phases,ref  ] GC(5)   SoftReference:
[1.888s][debug  ][gc,phases,ref  ] GC(5)     Discovered: 0
[1.888s][debug  ][gc,phases,ref  ] GC(5)     Cleared: 0
[1.888s][debug  ][gc,phases,ref  ] GC(5)   WeakReference:
[1.888s][debug  ][gc,phases,ref  ] GC(5)     Discovered: 116
[1.888s][debug  ][gc,phases,ref  ] GC(5)     Cleared: 95
[1.888s][debug  ][gc,phases,ref  ] GC(5)   FinalReference:
[1.888s][debug  ][gc,phases,ref  ] GC(5)     Discovered: 0
[1.888s][debug  ][gc,phases,ref  ] GC(5)     Cleared: 0
[1.888s][debug  ][gc,phases,ref  ] GC(5)   PhantomReference:
[1.888s][debug  ][gc,phases,ref  ] GC(5)     Discovered: 15
[1.888s][debug  ][gc,phases,ref  ] GC(5)     Cleared: 5
[1.888s][debug  ][gc,phases      ] GC(5) Reference Processing 0.721ms
[1.888s][debug  ][gc,phases,start] GC(5) Weak Processing
[1.888s][debug  ][gc,phases      ] GC(5)   VM Weak                        Min:  0.0, Avg:  0.0, Max:  0.0, Diff:  0.0, Sum:  0.0, Workers: 6
[1.888s][debug  ][gc,phases      ] GC(5)     Dead                           Min: 0, Avg:  0.0, Max: 0, Diff: 0, Sum: 0, Workers: 6
[1.888s][debug  ][gc,phases      ] GC(5)     Total                          Min: 0, Avg:  1.3, Max: 8, Diff: 8, Sum: 8, Workers: 6
[1.888s][debug  ][gc,phases      ] GC(5)   ObjectSynchronizer Weak        Min:  0.0, Avg:  0.0, Max:  0.0, Diff:  0.0, Sum:  0.0, Workers: 6
[1.888s][debug  ][gc,phases      ] GC(5)     Dead                           Min: 0, Avg:  0.0, Max: 0, Diff: 0, Sum: 0, Workers: 6
[1.889s][debug  ][gc,phases      ] GC(5)     Total                          Min: 0, Avg:  0.5, Max: 3, Diff: 3, Sum: 3, Workers: 6
[1.889s][debug  ][gc,phases      ] GC(5)   JVMTI Tag Weak OopStorage      Min:  0.0, Avg:  0.0, Max:  0.0, Diff:  0.0, Sum:  0.0, Workers: 6
[1.889s][debug  ][gc,phases      ] GC(5)     Dead                           Min: 0, Avg:  0.0, Max: 0, Diff: 0, Sum: 0, Workers: 6
[1.889s][debug  ][gc,phases      ] GC(5)     Total                          Min: 0, Avg:  0.0, Max: 0, Diff: 0, Sum: 0, Workers: 6
[1.889s][debug  ][gc,phases      ] GC(5)   StringTable Weak               Min:  0.0, Avg:  0.0, Max:  0.0, Diff:  0.0, Sum:  0.2, Workers: 6
[1.889s][debug  ][gc,phases      ] GC(5)     Dead                           Min: 0, Avg:  0.5, Max: 2, Diff: 2, Sum: 3, Workers: 6
[1.889s][debug  ][gc,phases      ] GC(5)     Total                          Min: 619, Avg: 892.3, Max: 1152, Diff: 533, Sum: 5354, Workers: 6
[1.889s][debug  ][gc,phases      ] GC(5)   ResolvedMethodTable Weak       Min:  0.0, Avg:  0.0, Max:  0.0, Diff:  0.0, Sum:  0.0, Workers: 6
[1.889s][debug  ][gc,phases      ] GC(5)     Dead                           Min: 0, Avg:  0.0, Max: 0, Diff: 0, Sum: 0, Workers: 6
[1.889s][debug  ][gc,phases      ] GC(5)     Total                          Min: 0, Avg: 21.7, Max: 64, Diff: 64, Sum: 130, Workers: 6
[1.889s][debug  ][gc,phases      ] GC(5)   JNI Weak                       Min:  0.0, Avg:  0.0, Max:  0.0, Diff:  0.0, Sum:  0.0, Workers: 6
[1.889s][debug  ][gc,phases      ] GC(5)     Dead                           Min: 0, Avg:  0.0, Max: 0, Diff: 0, Sum: 0, Workers: 6
[1.889s][debug  ][gc,phases      ] GC(5)     Total                          Min: 0, Avg:  0.0, Max: 0, Diff: 0, Sum: 0, Workers: 6
[1.889s][debug  ][gc,phases      ] GC(5)   StringDedup Table Weak         Min:  0.0, Avg:  0.0, Max:  0.0, Diff:  0.0, Sum:  0.0, Workers: 6
[1.889s][debug  ][gc,phases      ] GC(5)     Dead                           Min: 0, Avg:  0.0, Max: 0, Diff: 0, Sum: 0, Workers: 6
[1.889s][debug  ][gc,phases      ] GC(5)     Total                          Min: 0, Avg:  0.0, Max: 0, Diff: 0, Sum: 0, Workers: 6
[1.889s][debug  ][gc,phases      ] GC(5)   StringDedup Requests0 Weak     Min:  0.0, Avg:  0.0, Max:  0.0, Diff:  0.0, Sum:  0.0, Workers: 6
[1.889s][debug  ][gc,phases      ] GC(5)     Dead                           Min: 0, Avg:  0.0, Max: 0, Diff: 0, Sum: 0, Workers: 6
[1.889s][debug  ][gc,phases      ] GC(5)     Total                          Min: 0, Avg:  0.0, Max: 0, Diff: 0, Sum: 0, Workers: 6
[1.889s][debug  ][gc,phases      ] GC(5)   StringDedup Requests1 Weak     Min:  0.0, Avg:  0.0, Max:  0.0, Diff:  0.0, Sum:  0.0, Workers: 6
[1.889s][debug  ][gc,phases      ] GC(5)     Dead                           Min: 0, Avg:  0.0, Max: 0, Diff: 0, Sum: 0, Workers: 6
[1.889s][debug  ][gc,phases      ] GC(5)     Total                          Min: 0, Avg:  0.0, Max: 0, Diff: 0, Sum: 0, Workers: 6
[1.889s][debug  ][gc,phases      ] GC(5)   Weak JFR Old Object Samples    Min:  0.0, Avg:  0.0, Max:  0.0, Diff:  0.0, Sum:  0.0, Workers: 6
[1.889s][debug  ][gc,phases      ] GC(5)     Dead                           Min: 0, Avg:  0.0, Max: 0, Diff: 0, Sum: 0, Workers: 6
[1.889s][debug  ][gc,phases      ] GC(5)     Total                          Min: 0, Avg:  0.0, Max: 0, Diff: 0, Sum: 0, Workers: 6
[1.889s][debug  ][gc,phases      ] GC(5) Weak Processing 0.836ms
[1.889s][debug  ][gc,ergo        ] GC(5) AdaptiveSizeStart:  collection: 6 
[1.889s][debug  ][gc,ergo        ] GC(5) avg_survived_padded_avg: 33479720.000000
[1.889s][debug  ][gc,ergo        ] GC(5) avg_promoted_padded_avg: 241158592.000000  avg_pretenured_padded_avg: 0.000000  tenuring_thresh: 5  target_size: 33554432
[1.889s][debug  ][gc,age         ] GC(5) Desired survivor size 33554432 bytes, new threshold 5 (max threshold 15)
[1.889s][debug  ][gc,ergo        ] GC(5) PSAdaptiveSizePolicy::compute_eden_space_size limits: desired_eden_size: 402653184 old_eden_size: 201326592 eden_limit: 201326592 cur_eden: 201326592 max_eden_size: 201326592 avg_young_live: 32881958
[1.889s][debug  ][gc,ergo        ] GC(5) PSAdaptiveSizePolicy::compute_eden_space_size: costs minor_time: 0.050030 major_cost: 0.000000 mutator_cost: 0.949970 throughput_goal: 0.990000
[1.889s][debug  ][gc,ergo        ] GC(5) Live_space: 301317408 free_space: 402653184
[1.889s][debug  ][gc,ergo        ] GC(5) Old eden_size: 201326592 desired_eden_size: 201326592
[1.889s][debug  ][gc,ergo        ] GC(5) AdaptiveSizeStop: collection: 6 
[1.889s][info   ][gc,heap        ] GC(5) PSYoungGen: 221736K(229376K)->32536K(229376K) Eden: 189392K(196608K)->0K(196608K) From: 32344K(32768K)->32536K(32768K)
[1.889s][info   ][gc,heap        ] GC(5) ParOldGen: 880665K(1835008K)->921633K(1835008K)
[1.890s][info   ][gc,metaspace   ] GC(5) Metaspace: 1017K(1152K)->1017K(1152K) NonClass: 934K(960K)->934K(960K) Class: 83K(192K)->83K(192K)
[1.890s][info   ][gc             ] GC(5) Pause Young (Allocation Failure) 1076M->931M(2016M) 9.428ms
[1.890s][info   ][gc,cpu         ] GC(5) User=0.00s Sys=0.00s Real=0.01s
[1.890s][debug  ][gc,heap        ] GC(5) Heap after GC invocations=6 (full 0):
[1.890s][debug  ][gc,heap        ] GC(5)  PSYoungGen      total 229376K, used 32536K [0x00000000f0000000, 0x0000000100000000, 0x0000000100000000)
[1.890s][debug  ][gc,heap        ] GC(5)   eden space 196608K, 0% used [0x00000000f0000000,0x00000000f0000000,0x00000000fc000000)
[1.890s][debug  ][gc,heap        ] GC(5)   from space 32768K, 99% used [0x00000000fe000000,0x00000000fffc6040,0x0000000100000000)
[1.890s][debug  ][gc,heap        ] GC(5)   to   space 32768K, 0% used [0x00000000fc000000,0x00000000fc000000,0x00000000fe000000)
[1.890s][debug  ][gc,heap        ] GC(5)  ParOldGen       total 1835008K, used 921633K [0x0000000080000000, 0x00000000f0000000, 0x00000000f0000000)
[1.890s][debug  ][gc,heap        ] GC(5)   object space 1835008K, 50% used [0x0000000080000000,0x00000000b84085a0,0x00000000f0000000)
[1.890s][debug  ][gc,heap        ] GC(5)  Metaspace       used 1017K, committed 1152K, reserved 1056768K
[1.890s][debug  ][gc,heap        ] GC(5)   class space    used 83K, committed 192K, reserved 1048576K
[1.890s][debug  ][gc,task,time   ] GC(5) VM-Thread 18796708 18875380 18898180
[2.180s][debug  ][gc,heap        ] GC(6) Heap before GC invocations=7 (full 0):
[2.180s][debug  ][gc,heap        ] GC(6)  PSYoungGen      total 229376K, used 220661K [0x00000000f0000000, 0x0000000100000000, 0x0000000100000000)
[2.180s][debug  ][gc,heap        ] GC(6)   eden space 196608K, 95% used [0x00000000f0000000,0x00000000fb7b77a0,0x00000000fc000000)
[2.180s][debug  ][gc,heap        ] GC(6)   from space 32768K, 99% used [0x00000000fe000000,0x00000000fffc6040,0x0000000100000000)
[2.180s][debug  ][gc,heap        ] GC(6)   to   space 32768K, 0% used [0x00000000fc000000,0x00000000fc000000,0x00000000fe000000)
[2.180s][debug  ][gc,heap        ] GC(6)  ParOldGen       total 1835008K, used 921633K [0x0000000080000000, 0x00000000f0000000, 0x00000000f0000000)
[2.180s][debug  ][gc,heap        ] GC(6)   object space 1835008K, 50% used [0x0000000080000000,0x00000000b84085a0,0x00000000f0000000)
[2.180s][debug  ][gc,heap        ] GC(6)  Metaspace       used 1017K, committed 1152K, reserved 1056768K
[2.180s][debug  ][gc,heap        ] GC(6)   class space    used 83K, committed 192K, reserved 1048576K
[2.180s][debug  ][gc,tlab        ] GC(6) TLAB totals: thrds: 1  refills: 1 max: 1 slow allocs: 17 max 17 waste: 27.1% gc: 3896960B max: 3896960B slow: 0B max: 0B
[2.180s][info   ][gc,start       ] GC(6) Pause Young (Allocation Failure)
[2.180s][debug  ][gc,phases,start] GC(6) Scavenge
[2.200s][debug  ][gc,phases      ] GC(6) Scavenge 19.366ms
[2.200s][debug  ][gc,phases,start] GC(6) Reference Processing
[2.200s][debug  ][gc,ref         ] GC(6) Skipped phase 1 of Reference Processing: no references
[2.200s][debug  ][gc,ref         ] GC(6) Skipped phase 2 of Reference Processing: no references
[2.200s][debug  ][gc,ref         ] GC(6) Skipped phase 3 of Reference Processing: no references
[2.200s][debug  ][gc,ref         ] GC(6) Skipped phase 4 of Reference Processing: no references
[2.200s][debug  ][gc,phases,ref  ] GC(6) Reference Processing: 0.1ms
[2.200s][debug  ][gc,phases,ref  ] GC(6)   Reconsider SoftReferences: 0.0ms
[2.200s][debug  ][gc,phases,ref  ] GC(6)     SoftRef (ms):                  skipped
[2.200s][debug  ][gc,phases,ref  ] GC(6)   Notify Soft/WeakReferences: 0.0ms
[2.200s][debug  ][gc,phases,ref  ] GC(6)     SoftRef (ms):                  skipped
[2.200s][debug  ][gc,phases,ref  ] GC(6)     WeakRef (ms):                  skipped
[2.200s][debug  ][gc,phases,ref  ] GC(6)     FinalRef (ms):                 skipped
[2.200s][debug  ][gc,phases,ref  ] GC(6)     Total (ms):                    skipped
[2.200s][debug  ][gc,phases,ref  ] GC(6)   Notify and keep alive finalizable: 0.0ms
[2.200s][debug  ][gc,phases,ref  ] GC(6)     FinalRef (ms):                 skipped
[2.200s][debug  ][gc,phases,ref  ] GC(6)   Notify PhantomReferences: 0.0ms
[2.200s][debug  ][gc,phases,ref  ] GC(6)     PhantomRef (ms):               skipped
[2.200s][debug  ][gc,phases,ref  ] GC(6)   SoftReference:
[2.200s][debug  ][gc,phases,ref  ] GC(6)     Discovered: 0
[2.200s][debug  ][gc,phases,ref  ] GC(6)     Cleared: 0
[2.200s][debug  ][gc,phases,ref  ] GC(6)   WeakReference:
[2.200s][debug  ][gc,phases,ref  ] GC(6)     Discovered: 0
[2.200s][debug  ][gc,phases,ref  ] GC(6)     Cleared: 0
[2.201s][debug  ][gc,phases,ref  ] GC(6)   FinalReference:
[2.201s][debug  ][gc,phases,ref  ] GC(6)     Discovered: 0
[2.201s][debug  ][gc,phases,ref  ] GC(6)     Cleared: 0
[2.201s][debug  ][gc,phases,ref  ] GC(6)   PhantomReference:
[2.201s][debug  ][gc,phases,ref  ] GC(6)     Discovered: 0
[2.201s][debug  ][gc,phases,ref  ] GC(6)     Cleared: 0
[2.201s][debug  ][gc,phases      ] GC(6) Reference Processing 0.705ms
[2.201s][debug  ][gc,phases,start] GC(6) Weak Processing
[2.201s][debug  ][gc,phases      ] GC(6)   VM Weak                        Min:  0.0, Avg:  0.0, Max:  0.0, Diff:  0.0, Sum:  0.0, Workers: 6
[2.201s][debug  ][gc,phases      ] GC(6)     Dead                           Min: 0, Avg:  0.0, Max: 0, Diff: 0, Sum: 0, Workers: 6
[2.201s][debug  ][gc,phases      ] GC(6)     Total                          Min: 0, Avg:  1.3, Max: 8, Diff: 8, Sum: 8, Workers: 6
[2.201s][debug  ][gc,phases      ] GC(6)   ObjectSynchronizer Weak        Min:  0.0, Avg:  0.0, Max:  0.0, Diff:  0.0, Sum:  0.0, Workers: 6
[2.201s][debug  ][gc,phases      ] GC(6)     Dead                           Min: 0, Avg:  0.0, Max: 0, Diff: 0, Sum: 0, Workers: 6
[2.201s][debug  ][gc,phases      ] GC(6)     Total                          Min: 0, Avg:  0.5, Max: 3, Diff: 3, Sum: 3, Workers: 6
[2.201s][debug  ][gc,phases      ] GC(6)   JVMTI Tag Weak OopStorage      Min:  0.0, Avg:  0.0, Max:  0.0, Diff:  0.0, Sum:  0.0, Workers: 6
[2.201s][debug  ][gc,phases      ] GC(6)     Dead                           Min: 0, Avg:  0.0, Max: 0, Diff: 0, Sum: 0, Workers: 6
[2.201s][debug  ][gc,phases      ] GC(6)     Total                          Min: 0, Avg:  0.0, Max: 0, Diff: 0, Sum: 0, Workers: 6
[2.201s][debug  ][gc,phases      ] GC(6)   StringTable Weak               Min:  0.0, Avg:  0.0, Max:  0.0, Diff:  0.0, Sum:  0.2, Workers: 6
[2.201s][debug  ][gc,phases      ] GC(6)     Dead                           Min: 0, Avg:  0.0, Max: 0, Diff: 0, Sum: 0, Workers: 6
[2.201s][debug  ][gc,phases      ] GC(6)     Total                          Min: 448, Avg: 892.3, Max: 1152, Diff: 704, Sum: 5354, Workers: 6
[2.201s][debug  ][gc,phases      ] GC(6)   ResolvedMethodTable Weak       Min:  0.0, Avg:  0.0, Max:  0.0, Diff:  0.0, Sum:  0.0, Workers: 6
[2.201s][debug  ][gc,phases      ] GC(6)     Dead                           Min: 0, Avg:  0.0, Max: 0, Diff: 0, Sum: 0, Workers: 6
[2.201s][debug  ][gc,phases      ] GC(6)     Total                          Min: 0, Avg: 21.7, Max: 64, Diff: 64, Sum: 130, Workers: 6
[2.201s][debug  ][gc,phases      ] GC(6)   JNI Weak                       Min:  0.0, Avg:  0.0, Max:  0.0, Diff:  0.0, Sum:  0.0, Workers: 6
[2.201s][debug  ][gc,phases      ] GC(6)     Dead                           Min: 0, Avg:  0.0, Max: 0, Diff: 0, Sum: 0, Workers: 6
[2.201s][debug  ][gc,phases      ] GC(6)     Total                          Min: 0, Avg:  0.0, Max: 0, Diff: 0, Sum: 0, Workers: 6
[2.201s][debug  ][gc,phases      ] GC(6)   StringDedup Table Weak         Min:  0.0, Avg:  0.0, Max:  0.0, Diff:  0.0, Sum:  0.0, Workers: 6
[2.201s][debug  ][gc,phases      ] GC(6)     Dead                           Min: 0, Avg:  0.0, Max: 0, Diff: 0, Sum: 0, Workers: 6
[2.201s][debug  ][gc,phases      ] GC(6)     Total                          Min: 0, Avg:  0.0, Max: 0, Diff: 0, Sum: 0, Workers: 6
[2.201s][debug  ][gc,phases      ] GC(6)   StringDedup Requests0 Weak     Min:  0.0, Avg:  0.0, Max:  0.0, Diff:  0.0, Sum:  0.0, Workers: 6
[2.201s][debug  ][gc,phases      ] GC(6)     Dead                           Min: 0, Avg:  0.0, Max: 0, Diff: 0, Sum: 0, Workers: 6
[2.201s][debug  ][gc,phases      ] GC(6)     Total                          Min: 0, Avg:  0.0, Max: 0, Diff: 0, Sum: 0, Workers: 6
[2.201s][debug  ][gc,phases      ] GC(6)   StringDedup Requests1 Weak     Min:  0.0, Avg:  0.0, Max:  0.0, Diff:  0.0, Sum:  0.0, Workers: 6
[2.201s][debug  ][gc,phases      ] GC(6)     Dead                           Min: 0, Avg:  0.0, Max: 0, Diff: 0, Sum: 0, Workers: 6
[2.201s][debug  ][gc,phases      ] GC(6)     Total                          Min: 0, Avg:  0.0, Max: 0, Diff: 0, Sum: 0, Workers: 6
[2.201s][debug  ][gc,phases      ] GC(6)   Weak JFR Old Object Samples    Min:  0.0, Avg:  0.0, Max:  0.0, Diff:  0.0, Sum:  0.0, Workers: 6
[2.201s][debug  ][gc,phases      ] GC(6)     Dead                           Min: 0, Avg:  0.0, Max: 0, Diff: 0, Sum: 0, Workers: 6
[2.201s][debug  ][gc,phases      ] GC(6)     Total                          Min: 0, Avg:  0.0, Max: 0, Diff: 0, Sum: 0, Workers: 6
[2.201s][debug  ][gc,phases      ] GC(6) Weak Processing 0.698ms
[2.201s][debug  ][gc,ergo        ] GC(6) AdaptiveSizeStart:  collection: 7 
[2.201s][debug  ][gc,ergo        ] GC(6) avg_survived_padded_avg: 33486466.000000
[2.201s][debug  ][gc,ergo        ] GC(6) avg_promoted_padded_avg: 245351376.000000  avg_pretenured_padded_avg: 0.000000  tenuring_thresh: 4  target_size: 33554432
[2.201s][debug  ][gc,age         ] GC(6) Desired survivor size 33554432 bytes, new threshold 4 (max threshold 15)
[2.201s][debug  ][gc,ergo        ] GC(6) PSAdaptiveSizePolicy::compute_eden_space_size limits: desired_eden_size: 402653184 old_eden_size: 201326592 eden_limit: 201326592 cur_eden: 201326592 max_eden_size: 201326592 avg_young_live: 32824724
[2.201s][debug  ][gc,ergo        ] GC(6) PSAdaptiveSizePolicy::compute_eden_space_size: costs minor_time: 0.054251 major_cost: 0.000000 mutator_cost: 0.945749 throughput_goal: 0.990000
[2.202s][debug  ][gc,ergo        ] GC(6) Live_space: 301260192 free_space: 402653184
[2.202s][debug  ][gc,ergo        ] GC(6) Old eden_size: 201326592 desired_eden_size: 201326592
[2.202s][debug  ][gc,ergo        ] GC(6) AdaptiveSizeStop: collection: 7 
[2.202s][info   ][gc,heap        ] GC(6) PSYoungGen: 220661K(229376K)->31712K(229376K) Eden: 188125K(196608K)->0K(196608K) From: 32536K(32768K)->31712K(32768K)
[2.202s][info   ][gc,heap        ] GC(6) ParOldGen: 921633K(1835008K)->1106910K(1835008K)
[2.202s][info   ][gc,metaspace   ] GC(6) Metaspace: 1017K(1152K)->1017K(1152K) NonClass: 934K(960K)->934K(960K) Class: 83K(192K)->83K(192K)
[2.202s][info   ][gc             ] GC(6) Pause Young (Allocation Failure) 1115M->1111M(2016M) 21.209ms
[2.202s][info   ][gc,cpu         ] GC(6) User=0.00s Sys=0.19s Real=0.02s
[2.202s][debug  ][gc,heap        ] GC(6) Heap after GC invocations=7 (full 0):
[2.202s][debug  ][gc,heap        ] GC(6)  PSYoungGen      total 229376K, used 31712K [0x00000000f0000000, 0x0000000100000000, 0x0000000100000000)
[2.202s][debug  ][gc,heap        ] GC(6)   eden space 196608K, 0% used [0x00000000f0000000,0x00000000f0000000,0x00000000fc000000)
[2.202s][debug  ][gc,heap        ] GC(6)   from space 32768K, 96% used [0x00000000fc000000,0x00000000fdef8030,0x00000000fe000000)
[2.202s][debug  ][gc,heap        ] GC(6)   to   space 32768K, 0% used [0x00000000fe000000,0x00000000fe000000,0x0000000100000000)
[2.202s][debug  ][gc,heap        ] GC(6)  ParOldGen       total 1835008K, used 1106910K [0x0000000080000000, 0x00000000f0000000, 0x00000000f0000000)
[2.202s][debug  ][gc,heap        ] GC(6)   object space 1835008K, 60% used [0x0000000080000000,0x00000000c38f7968,0x00000000f0000000)
[2.202s][debug  ][gc,heap        ] GC(6)  Metaspace       used 1017K, committed 1152K, reserved 1056768K
[2.202s][debug  ][gc,heap        ] GC(6)   class space    used 83K, committed 192K, reserved 1048576K
[2.202s][debug  ][gc,task,time   ] GC(6) VM-Thread 21799929 21999416 22018905
[2.482s][debug  ][gc,heap        ] GC(7) Heap before GC invocations=8 (full 0):
[2.482s][debug  ][gc,heap        ] GC(7)  PSYoungGen      total 229376K, used 219856K [0x00000000f0000000, 0x0000000100000000, 0x0000000100000000)
[2.482s][debug  ][gc,heap        ] GC(7)   eden space 196608K, 95% used [0x00000000f0000000,0x00000000fb7bc308,0x00000000fc000000)
[2.482s][debug  ][gc,heap        ] GC(7)   from space 32768K, 96% used [0x00000000fc000000,0x00000000fdef8030,0x00000000fe000000)
[2.482s][debug  ][gc,heap        ] GC(7)   to   space 32768K, 0% used [0x00000000fe000000,0x00000000fe000000,0x0000000100000000)
[2.482s][debug  ][gc,heap        ] GC(7)  ParOldGen       total 1835008K, used 1106910K [0x0000000080000000, 0x00000000f0000000, 0x00000000f0000000)
[2.482s][debug  ][gc,heap        ] GC(7)   object space 1835008K, 60% used [0x0000000080000000,0x00000000c38f7968,0x00000000f0000000)
[2.482s][debug  ][gc,heap        ] GC(7)  Metaspace       used 1017K, committed 1152K, reserved 1056768K
[2.482s][debug  ][gc,heap        ] GC(7)   class space    used 83K, committed 192K, reserved 1048576K
[2.482s][debug  ][gc,tlab        ] GC(7) TLAB totals: thrds: 1  refills: 1 max: 1 slow allocs: 17 max 17 waste: 27.2% gc: 3916264B max: 3916264B slow: 0B max: 0B
[2.482s][info   ][gc,start       ] GC(7) Pause Young (Allocation Failure)
[2.482s][debug  ][gc,phases,start] GC(7) Scavenge
[2.502s][debug  ][gc,phases      ] GC(7) Scavenge 19.428ms
[2.502s][debug  ][gc,phases,start] GC(7) Reference Processing
[2.502s][debug  ][gc,ref         ] GC(7) Skipped phase 1 of Reference Processing: no references
[2.502s][debug  ][gc,ref         ] GC(7) ReferenceProcessor::execute queues: 1, RefProcThreadModel::Single, marks_oops_alive: false
[2.502s][debug  ][gc,ref         ] GC(7) Skipped phase 3 of Reference Processing: no references
[2.502s][debug  ][gc,ref         ] GC(7) Skipped phase 4 of Reference Processing: no references
[2.502s][debug  ][gc,phases,ref  ] GC(7) Reference Processing: 0.1ms
[2.502s][debug  ][gc,phases,ref  ] GC(7)   Reconsider SoftReferences: 0.0ms
[2.502s][debug  ][gc,phases,ref  ] GC(7)     SoftRef (ms):                  skipped
[2.502s][debug  ][gc,phases,ref  ] GC(7)   Notify Soft/WeakReferences: 0.0ms
[2.502s][debug  ][gc,phases,ref  ] GC(7)     SoftRef (ms):                  Min:  0.0, Avg:  0.0, Max:  0.0, Diff:  0.0, Sum:  0.0, Workers: 12
[2.502s][debug  ][gc,phases,ref  ] GC(7)     WeakRef (ms):                  Min:  0.0, Avg:  0.0, Max:  0.0, Diff:  0.0, Sum:  0.0, Workers: 12
[2.502s][debug  ][gc,phases,ref  ] GC(7)     FinalRef (ms):                 Min:  0.0, Avg:  0.0, Max:  0.0, Diff:  0.0, Sum:  0.0, Workers: 12
[2.502s][debug  ][gc,phases,ref  ] GC(7)     Total (ms):                    Min:  0.0, Avg:  0.0, Max:  0.0, Diff:  0.0, Sum:  0.0, Workers: 12
[2.502s][debug  ][gc,phases,ref  ] GC(7)   Notify and keep alive finalizable: 0.0ms
[2.502s][debug  ][gc,phases,ref  ] GC(7)     FinalRef (ms):                 skipped
[2.502s][debug  ][gc,phases,ref  ] GC(7)   Notify PhantomReferences: 0.0ms
[2.502s][debug  ][gc,phases,ref  ] GC(7)     PhantomRef (ms):               skipped
[2.502s][debug  ][gc,phases,ref  ] GC(7)   SoftReference:
[2.502s][debug  ][gc,phases,ref  ] GC(7)     Discovered: 0
[2.502s][debug  ][gc,phases,ref  ] GC(7)     Cleared: 0
[2.502s][debug  ][gc,phases,ref  ] GC(7)   WeakReference:
[2.502s][debug  ][gc,phases,ref  ] GC(7)     Discovered: 39
[2.502s][debug  ][gc,phases,ref  ] GC(7)     Cleared: 39
[2.502s][debug  ][gc,phases,ref  ] GC(7)   FinalReference:
[2.502s][debug  ][gc,phases,ref  ] GC(7)     Discovered: 0
[2.502s][debug  ][gc,phases,ref  ] GC(7)     Cleared: 0
[2.502s][debug  ][gc,phases,ref  ] GC(7)   PhantomReference:
[2.503s][debug  ][gc,phases,ref  ] GC(7)     Discovered: 0
[2.503s][debug  ][gc,phases,ref  ] GC(7)     Cleared: 0
[2.503s][debug  ][gc,phases      ] GC(7) Reference Processing 0.594ms
[2.503s][debug  ][gc,phases,start] GC(7) Weak Processing
[2.503s][debug  ][gc,phases      ] GC(7)   VM Weak                        Min:  0.0, Avg:  0.0, Max:  0.0, Diff:  0.0, Sum:  0.0, Workers: 6
[2.503s][debug  ][gc,phases      ] GC(7)     Dead                           Min: 0, Avg:  0.0, Max: 0, Diff: 0, Sum: 0, Workers: 6
[2.503s][debug  ][gc,phases      ] GC(7)     Total                          Min: 0, Avg:  1.3, Max: 8, Diff: 8, Sum: 8, Workers: 6
[2.503s][debug  ][gc,phases      ] GC(7)   ObjectSynchronizer Weak        Min:  0.0, Avg:  0.0, Max:  0.0, Diff:  0.0, Sum:  0.0, Workers: 6
[2.503s][debug  ][gc,phases      ] GC(7)     Dead                           Min: 0, Avg:  0.0, Max: 0, Diff: 0, Sum: 0, Workers: 6
[2.503s][debug  ][gc,phases      ] GC(7)     Total                          Min: 0, Avg:  0.5, Max: 3, Diff: 3, Sum: 3, Workers: 6
[2.503s][debug  ][gc,phases      ] GC(7)   JVMTI Tag Weak OopStorage      Min:  0.0, Avg:  0.0, Max:  0.0, Diff:  0.0, Sum:  0.0, Workers: 6
[2.503s][debug  ][gc,phases      ] GC(7)     Dead                           Min: 0, Avg:  0.0, Max: 0, Diff: 0, Sum: 0, Workers: 6
[2.503s][debug  ][gc,phases      ] GC(7)     Total                          Min: 0, Avg:  0.0, Max: 0, Diff: 0, Sum: 0, Workers: 6
[2.503s][debug  ][gc,phases      ] GC(7)   StringTable Weak               Min:  0.0, Avg:  0.0, Max:  0.0, Diff:  0.0, Sum:  0.1, Workers: 6
[2.503s][debug  ][gc,phases      ] GC(7)     Dead                           Min: 0, Avg:  0.0, Max: 0, Diff: 0, Sum: 0, Workers: 6
[2.503s][debug  ][gc,phases      ] GC(7)     Total                          Min: 704, Avg: 892.3, Max: 1151, Diff: 447, Sum: 5354, Workers: 6
[2.503s][debug  ][gc,phases      ] GC(7)   ResolvedMethodTable Weak       Min:  0.0, Avg:  0.0, Max:  0.0, Diff:  0.0, Sum:  0.0, Workers: 6
[2.503s][debug  ][gc,phases      ] GC(7)     Dead                           Min: 0, Avg:  0.0, Max: 0, Diff: 0, Sum: 0, Workers: 6
[2.503s][debug  ][gc,phases      ] GC(7)     Total                          Min: 0, Avg: 21.7, Max: 64, Diff: 64, Sum: 130, Workers: 6
[2.503s][debug  ][gc,phases      ] GC(7)   JNI Weak                       Min:  0.0, Avg:  0.0, Max:  0.0, Diff:  0.0, Sum:  0.0, Workers: 6
[2.503s][debug  ][gc,phases      ] GC(7)     Dead                           Min: 0, Avg:  0.0, Max: 0, Diff: 0, Sum: 0, Workers: 6
[2.503s][debug  ][gc,phases      ] GC(7)     Total                          Min: 0, Avg:  0.0, Max: 0, Diff: 0, Sum: 0, Workers: 6
[2.503s][debug  ][gc,phases      ] GC(7)   StringDedup Table Weak         Min:  0.0, Avg:  0.0, Max:  0.0, Diff:  0.0, Sum:  0.0, Workers: 6
[2.503s][debug  ][gc,phases      ] GC(7)     Dead                           Min: 0, Avg:  0.0, Max: 0, Diff: 0, Sum: 0, Workers: 6
[2.503s][debug  ][gc,phases      ] GC(7)     Total                          Min: 0, Avg:  0.0, Max: 0, Diff: 0, Sum: 0, Workers: 6
[2.503s][debug  ][gc,phases      ] GC(7)   StringDedup Requests0 Weak     Min:  0.0, Avg:  0.0, Max:  0.0, Diff:  0.0, Sum:  0.0, Workers: 6
[2.503s][debug  ][gc,phases      ] GC(7)     Dead                           Min: 0, Avg:  0.0, Max: 0, Diff: 0, Sum: 0, Workers: 6
[2.503s][debug  ][gc,phases      ] GC(7)     Total                          Min: 0, Avg:  0.0, Max: 0, Diff: 0, Sum: 0, Workers: 6
[2.503s][debug  ][gc,phases      ] GC(7)   StringDedup Requests1 Weak     Min:  0.0, Avg:  0.0, Max:  0.0, Diff:  0.0, Sum:  0.0, Workers: 6
[2.503s][debug  ][gc,phases      ] GC(7)     Dead                           Min: 0, Avg:  0.0, Max: 0, Diff: 0, Sum: 0, Workers: 6
[2.503s][debug  ][gc,phases      ] GC(7)     Total                          Min: 0, Avg:  0.0, Max: 0, Diff: 0, Sum: 0, Workers: 6
[2.503s][debug  ][gc,phases      ] GC(7)   Weak JFR Old Object Samples    Min:  0.0, Avg:  0.0, Max:  0.0, Diff:  0.0, Sum:  0.0, Workers: 6
[2.503s][debug  ][gc,phases      ] GC(7)     Dead                           Min: 0, Avg:  0.0, Max: 0, Diff: 0, Sum: 0, Workers: 6
[2.503s][debug  ][gc,phases      ] GC(7)     Total                          Min: 0, Avg:  0.0, Max: 0, Diff: 0, Sum: 0, Workers: 6
[2.503s][debug  ][gc,phases      ] GC(7) Weak Processing 0.675ms
[2.503s][debug  ][gc,ergo        ] GC(7) AdaptiveSizeStart:  collection: 8 
[2.503s][debug  ][gc,ergo        ] GC(7) avg_survived_padded_avg: 33585880.000000
[2.503s][debug  ][gc,ergo        ] GC(7) avg_promoted_padded_avg: 247089600.000000  avg_pretenured_padded_avg: 0.000000  tenuring_thresh: 3  target_size: 34078720
[2.503s][debug  ][gc,age         ] GC(7) Desired survivor size 34078720 bytes, new threshold 3 (max threshold 15)
[2.503s][debug  ][gc,ergo        ] GC(7) PSAdaptiveSizePolicy::compute_eden_space_size limits: desired_eden_size: 402653184 old_eden_size: 201326592 eden_limit: 201326592 cur_eden: 201326592 max_eden_size: 201326592 avg_young_live: 32715688
[2.503s][debug  ][gc,ergo        ] GC(7) PSAdaptiveSizePolicy::compute_eden_space_size: costs minor_time: 0.057922 major_cost: 0.000000 mutator_cost: 0.942078 throughput_goal: 0.990000
[2.503s][debug  ][gc,ergo        ] GC(7) Live_space: 301151136 free_space: 402653184
[2.503s][debug  ][gc,ergo        ] GC(7) Old eden_size: 201326592 desired_eden_size: 201326592
[2.503s][debug  ][gc,ergo        ] GC(7) AdaptiveSizeStop: collection: 8 
[2.503s][info   ][gc,heap        ] GC(7) PSYoungGen: 219856K(229376K)->31168K(228352K) Eden: 188144K(196608K)->0K(195584K) From: 31712K(32768K)->31168K(32768K)
[2.503s][info   ][gc,heap        ] GC(7) ParOldGen: 1106910K(1835008K)->1291783K(1835008K)
[2.504s][info   ][gc,metaspace   ] GC(7) Metaspace: 1017K(1152K)->1017K(1152K) NonClass: 934K(960K)->934K(960K) Class: 83K(192K)->83K(192K)
[2.504s][info   ][gc             ] GC(7) Pause Young (Allocation Failure) 1295M->1291M(2015M) 21.124ms
[2.504s][info   ][gc,cpu         ] GC(7) User=0.09s Sys=0.12s Real=0.02s
[2.504s][debug  ][gc,heap        ] GC(7) Heap after GC invocations=8 (full 0):
[2.504s][debug  ][gc,heap        ] GC(7)  PSYoungGen      total 228352K, used 31168K [0x00000000f0000000, 0x0000000100000000, 0x0000000100000000)
[2.504s][debug  ][gc,heap        ] GC(7)   eden space 195584K, 0% used [0x00000000f0000000,0x00000000f0000000,0x00000000fbf00000)
[2.504s][debug  ][gc,heap        ] GC(7)   from space 32768K, 95% used [0x00000000fe000000,0x00000000ffe70030,0x0000000100000000)
[2.504s][debug  ][gc,heap        ] GC(7)   to   space 33280K, 0% used [0x00000000fbf00000,0x00000000fbf00000,0x00000000fdf80000)
[2.504s][debug  ][gc,heap        ] GC(7)  ParOldGen       total 1835008K, used 1291783K [0x0000000080000000, 0x00000000f0000000, 0x00000000f0000000)
[2.504s][debug  ][gc,heap        ] GC(7)   object space 1835008K, 70% used [0x0000000080000000,0x00000000ced81e90,0x00000000f0000000)
[2.504s][debug  ][gc,heap        ] GC(7)  Metaspace       used 1017K, committed 1152K, reserved 1056768K
[2.504s][debug  ][gc,heap        ] GC(7)   class space    used 83K, committed 192K, reserved 1048576K
[2.504s][debug  ][gc,task,time   ] GC(7) VM-Thread 24819773 25019558 25037713
[2.798s][debug  ][gc,heap        ] GC(8) Heap before GC invocations=9 (full 0):
[2.798s][debug  ][gc,heap        ] GC(8)  PSYoungGen      total 228352K, used 219302K [0x00000000f0000000, 0x0000000100000000, 0x0000000100000000)
[2.798s][debug  ][gc,heap        ] GC(8)   eden space 195584K, 96% used [0x00000000f0000000,0x00000000fb7b9a00,0x00000000fbf00000)
[2.798s][debug  ][gc,heap        ] GC(8)   from space 32768K, 95% used [0x00000000fe000000,0x00000000ffe70030,0x0000000100000000)
[2.799s][debug  ][gc,heap        ] GC(8)   to   space 33280K, 0% used [0x00000000fbf00000,0x00000000fbf00000,0x00000000fdf80000)
[2.799s][debug  ][gc,heap        ] GC(8)  ParOldGen       total 1835008K, used 1291783K [0x0000000080000000, 0x00000000f0000000, 0x00000000f0000000)
[2.799s][debug  ][gc,heap        ] GC(8)   object space 1835008K, 70% used [0x0000000080000000,0x00000000ced81e90,0x00000000f0000000)
[2.799s][debug  ][gc,heap        ] GC(8)  Metaspace       used 1017K, committed 1152K, reserved 1056768K
[2.799s][debug  ][gc,heap        ] GC(8)   class space    used 83K, committed 192K, reserved 1048576K
[2.799s][debug  ][gc,tlab        ] GC(8) TLAB totals: thrds: 1  refills: 1 max: 1 slow allocs: 17 max 17 waste: 27.1% gc: 3905760B max: 3905760B slow: 0B max: 0B
[2.799s][info   ][gc,start       ] GC(8) Pause Young (Allocation Failure)
[2.799s][debug  ][gc,phases,start] GC(8) Scavenge
[2.815s][debug  ][gc,phases      ] GC(8) Scavenge 16.393ms
[2.815s][debug  ][gc,phases,start] GC(8) Reference Processing
[2.815s][debug  ][gc,ref         ] GC(8) Skipped phase 1 of Reference Processing: no references
[2.815s][debug  ][gc,ref         ] GC(8) Skipped phase 2 of Reference Processing: no references
[2.815s][debug  ][gc,ref         ] GC(8) Skipped phase 3 of Reference Processing: no references
[2.815s][debug  ][gc,ref         ] GC(8) Skipped phase 4 of Reference Processing: no references
[2.815s][debug  ][gc,phases,ref  ] GC(8) Reference Processing: 0.1ms
[2.815s][debug  ][gc,phases,ref  ] GC(8)   Reconsider SoftReferences: 0.0ms
[2.815s][debug  ][gc,phases,ref  ] GC(8)     SoftRef (ms):                  skipped
[2.815s][debug  ][gc,phases,ref  ] GC(8)   Notify Soft/WeakReferences: 0.0ms
[2.815s][debug  ][gc,phases,ref  ] GC(8)     SoftRef (ms):                  skipped
[2.815s][debug  ][gc,phases,ref  ] GC(8)     WeakRef (ms):                  skipped
[2.815s][debug  ][gc,phases,ref  ] GC(8)     FinalRef (ms):                 skipped
[2.815s][debug  ][gc,phases,ref  ] GC(8)     Total (ms):                    skipped
[2.816s][debug  ][gc,phases,ref  ] GC(8)   Notify and keep alive finalizable: 0.0ms
[2.816s][debug  ][gc,phases,ref  ] GC(8)     FinalRef (ms):                 skipped
[2.816s][debug  ][gc,phases,ref  ] GC(8)   Notify PhantomReferences: 0.0ms
[2.816s][debug  ][gc,phases,ref  ] GC(8)     PhantomRef (ms):               skipped
[2.816s][debug  ][gc,phases,ref  ] GC(8)   SoftReference:
[2.816s][debug  ][gc,phases,ref  ] GC(8)     Discovered: 0
[2.816s][debug  ][gc,phases,ref  ] GC(8)     Cleared: 0
[2.816s][debug  ][gc,phases,ref  ] GC(8)   WeakReference:
[2.816s][debug  ][gc,phases,ref  ] GC(8)     Discovered: 0
[2.816s][debug  ][gc,phases,ref  ] GC(8)     Cleared: 0
[2.816s][debug  ][gc,phases,ref  ] GC(8)   FinalReference:
[2.816s][debug  ][gc,phases,ref  ] GC(8)     Discovered: 0
[2.816s][debug  ][gc,phases,ref  ] GC(8)     Cleared: 0
[2.816s][debug  ][gc,phases,ref  ] GC(8)   PhantomReference:
[2.816s][debug  ][gc,phases,ref  ] GC(8)     Discovered: 0
[2.816s][debug  ][gc,phases,ref  ] GC(8)     Cleared: 0
[2.816s][debug  ][gc,phases      ] GC(8) Reference Processing 0.570ms
[2.816s][debug  ][gc,phases,start] GC(8) Weak Processing
[2.816s][debug  ][gc,phases      ] GC(8)   VM Weak                        Min:  0.0, Avg:  0.0, Max:  0.0, Diff:  0.0, Sum:  0.0, Workers: 6
[2.816s][debug  ][gc,phases      ] GC(8)     Dead                           Min: 0, Avg:  0.0, Max: 0, Diff: 0, Sum: 0, Workers: 6
[2.816s][debug  ][gc,phases      ] GC(8)     Total                          Min: 0, Avg:  1.3, Max: 8, Diff: 8, Sum: 8, Workers: 6
[2.816s][debug  ][gc,phases      ] GC(8)   ObjectSynchronizer Weak        Min:  0.0, Avg:  0.0, Max:  0.0, Diff:  0.0, Sum:  0.0, Workers: 6
[2.816s][debug  ][gc,phases      ] GC(8)     Dead                           Min: 0, Avg:  0.0, Max: 0, Diff: 0, Sum: 0, Workers: 6
[2.816s][debug  ][gc,phases      ] GC(8)     Total                          Min: 0, Avg:  0.5, Max: 3, Diff: 3, Sum: 3, Workers: 6
[2.816s][debug  ][gc,phases      ] GC(8)   JVMTI Tag Weak OopStorage      Min:  0.0, Avg:  0.0, Max:  0.0, Diff:  0.0, Sum:  0.0, Workers: 6
[2.816s][debug  ][gc,phases      ] GC(8)     Dead                           Min: 0, Avg:  0.0, Max: 0, Diff: 0, Sum: 0, Workers: 6
[2.816s][debug  ][gc,phases      ] GC(8)     Total                          Min: 0, Avg:  0.0, Max: 0, Diff: 0, Sum: 0, Workers: 6
[2.816s][debug  ][gc,phases      ] GC(8)   StringTable Weak               Min:  0.0, Avg:  0.0, Max:  0.0, Diff:  0.0, Sum:  0.0, Workers: 6
[2.816s][debug  ][gc,phases      ] GC(8)     Dead                           Min: 0, Avg:  0.0, Max: 0, Diff: 0, Sum: 0, Workers: 6
[2.816s][debug  ][gc,phases      ] GC(8)     Total                          Min: 575, Avg: 892.3, Max: 1152, Diff: 577, Sum: 5354, Workers: 6
[2.816s][debug  ][gc,phases      ] GC(8)   ResolvedMethodTable Weak       Min:  0.0, Avg:  0.0, Max:  0.0, Diff:  0.0, Sum:  0.0, Workers: 6
[2.816s][debug  ][gc,phases      ] GC(8)     Dead                           Min: 0, Avg:  0.0, Max: 0, Diff: 0, Sum: 0, Workers: 6
[2.816s][debug  ][gc,phases      ] GC(8)     Total                          Min: 0, Avg: 21.7, Max: 66, Diff: 66, Sum: 130, Workers: 6
[2.816s][debug  ][gc,phases      ] GC(8)   JNI Weak                       Min:  0.0, Avg:  0.0, Max:  0.0, Diff:  0.0, Sum:  0.0, Workers: 6
[2.816s][debug  ][gc,phases      ] GC(8)     Dead                           Min: 0, Avg:  0.0, Max: 0, Diff: 0, Sum: 0, Workers: 6
[2.816s][debug  ][gc,phases      ] GC(8)     Total                          Min: 0, Avg:  0.0, Max: 0, Diff: 0, Sum: 0, Workers: 6
[2.816s][debug  ][gc,phases      ] GC(8)   StringDedup Table Weak         Min:  0.0, Avg:  0.0, Max:  0.0, Diff:  0.0, Sum:  0.0, Workers: 6
[2.816s][debug  ][gc,phases      ] GC(8)     Dead                           Min: 0, Avg:  0.0, Max: 0, Diff: 0, Sum: 0, Workers: 6
[2.816s][debug  ][gc,phases      ] GC(8)     Total                          Min: 0, Avg:  0.0, Max: 0, Diff: 0, Sum: 0, Workers: 6
[2.816s][debug  ][gc,phases      ] GC(8)   StringDedup Requests0 Weak     Min:  0.0, Avg:  0.0, Max:  0.0, Diff:  0.0, Sum:  0.0, Workers: 6
[2.816s][debug  ][gc,phases      ] GC(8)     Dead                           Min: 0, Avg:  0.0, Max: 0, Diff: 0, Sum: 0, Workers: 6
[2.816s][debug  ][gc,phases      ] GC(8)     Total                          Min: 0, Avg:  0.0, Max: 0, Diff: 0, Sum: 0, Workers: 6
[2.816s][debug  ][gc,phases      ] GC(8)   StringDedup Requests1 Weak     Min:  0.0, Avg:  0.0, Max:  0.0, Diff:  0.0, Sum:  0.0, Workers: 6
[2.816s][debug  ][gc,phases      ] GC(8)     Dead                           Min: 0, Avg:  0.0, Max: 0, Diff: 0, Sum: 0, Workers: 6
[2.816s][debug  ][gc,phases      ] GC(8)     Total                          Min: 0, Avg:  0.0, Max: 0, Diff: 0, Sum: 0, Workers: 6
[2.816s][debug  ][gc,phases      ] GC(8)   Weak JFR Old Object Samples    Min:  0.0, Avg:  0.0, Max:  0.0, Diff:  0.0, Sum:  0.0, Workers: 6
[2.816s][debug  ][gc,phases      ] GC(8)     Dead                           Min: 0, Avg:  0.0, Max: 0, Diff: 0, Sum: 0, Workers: 6
[2.816s][debug  ][gc,phases      ] GC(8)     Total                          Min: 0, Avg:  0.0, Max: 0, Diff: 0, Sum: 0, Workers: 6
[2.816s][debug  ][gc,phases      ] GC(8) Weak Processing 0.668ms
[2.817s][debug  ][gc,ergo        ] GC(8) AdaptiveSizeStart:  collection: 9 
[2.817s][debug  ][gc,ergo        ] GC(8) avg_survived_padded_avg: 33721320.000000
[2.817s][debug  ][gc,ergo        ] GC(8) avg_promoted_padded_avg: 247543264.000000  avg_pretenured_padded_avg: 0.000000  tenuring_thresh: 2  target_size: 34078720
[2.817s][debug  ][gc,age         ] GC(8) Desired survivor size 34078720 bytes, new threshold 2 (max threshold 15)
[2.817s][debug  ][gc,ergo        ] GC(8) PSAdaptiveSizePolicy::compute_eden_space_size limits: desired_eden_size: 320864256 old_eden_size: 201326592 eden_limit: 200802304 cur_eden: 200278016 max_eden_size: 200802304 avg_young_live: 32577268
[2.817s][debug  ][gc,ergo        ] GC(8) PSAdaptiveSizePolicy::compute_eden_space_size: costs minor_time: 0.057595 major_cost: 0.000000 mutator_cost: 0.942405 throughput_goal: 0.990000
[2.817s][debug  ][gc,ergo        ] GC(8) Live_space: 301012736 free_space: 402653184
[2.817s][debug  ][gc,ergo        ] GC(8) Old eden_size: 201326592 desired_eden_size: 200802304
[2.817s][debug  ][gc,ergo        ] GC(8) AdaptiveSizeStop: collection: 9 
[2.817s][info   ][gc,heap        ] GC(8) PSYoungGen: 219302K(228352K)->30720K(228864K) Eden: 188134K(195584K)->0K(195584K) From: 31168K(32768K)->30720K(33280K)
[2.817s][info   ][gc,heap        ] GC(8) ParOldGen: 1291783K(1835008K)->1476426K(1835008K)
[2.817s][info   ][gc,metaspace   ] GC(8) Metaspace: 1017K(1152K)->1017K(1152K) NonClass: 934K(960K)->934K(960K) Class: 83K(192K)->83K(192K)
[2.817s][info   ][gc             ] GC(8) Pause Young (Allocation Failure) 1475M->1471M(2015M) 18.047ms
[2.817s][info   ][gc,cpu         ] GC(8) User=0.02s Sys=0.09s Real=0.02s
[2.817s][debug  ][gc,heap        ] GC(8) Heap after GC invocations=9 (full 0):
[2.817s][debug  ][gc,heap        ] GC(8)  PSYoungGen      total 228864K, used 30720K [0x00000000f0000000, 0x0000000100000000, 0x0000000100000000)
[2.817s][debug  ][gc,heap        ] GC(8)   eden space 195584K, 0% used [0x00000000f0000000,0x00000000f0000000,0x00000000fbf00000)
[2.817s][debug  ][gc,heap        ] GC(8)   from space 33280K, 92% used [0x00000000fbf00000,0x00000000fdd00030,0x00000000fdf80000)
[2.817s][debug  ][gc,heap        ] GC(8)   to   space 33280K, 0% used [0x00000000fdf80000,0x00000000fdf80000,0x0000000100000000)
[2.817s][debug  ][gc,heap        ] GC(8)  ParOldGen       total 1835008K, used 1476426K [0x0000000080000000, 0x00000000f0000000, 0x00000000f0000000)
[2.817s][debug  ][gc,heap        ] GC(8)   object space 1835008K, 80% used [0x0000000080000000,0x00000000da1d2b70,0x00000000f0000000)
[2.817s][debug  ][gc,heap        ] GC(8)  Metaspace       used 1017K, committed 1152K, reserved 1056768K
[2.817s][debug  ][gc,heap        ] GC(8)   class space    used 83K, committed 192K, reserved 1048576K
[2.817s][debug  ][gc,task,time   ] GC(8) VM-Thread 27982998 28152335 28170151
[3.100s][debug  ][gc,heap        ] GC(9) Heap before GC invocations=10 (full 0):
[3.101s][debug  ][gc,heap        ] GC(9)  PSYoungGen      total 228864K, used 218860K [0x00000000f0000000, 0x0000000100000000, 0x0000000100000000)
[3.101s][debug  ][gc,heap        ] GC(9)   eden space 195584K, 96% used [0x00000000f0000000,0x00000000fb7bb368,0x00000000fbf00000)
[3.101s][debug  ][gc,heap        ] GC(9)   from space 33280K, 92% used [0x00000000fbf00000,0x00000000fdd00030,0x00000000fdf80000)
[3.101s][debug  ][gc,heap        ] GC(9)   to   space 33280K, 0% used [0x00000000fdf80000,0x00000000fdf80000,0x0000000100000000)
[3.101s][debug  ][gc,heap        ] GC(9)  ParOldGen       total 1835008K, used 1476426K [0x0000000080000000, 0x00000000f0000000, 0x00000000f0000000)
[3.101s][debug  ][gc,heap        ] GC(9)   object space 1835008K, 80% used [0x0000000080000000,0x00000000da1d2b70,0x00000000f0000000)
[3.101s][debug  ][gc,heap        ] GC(9)  Metaspace       used 1017K, committed 1152K, reserved 1056768K
[3.101s][debug  ][gc,heap        ] GC(9)   class space    used 83K, committed 192K, reserved 1048576K
[3.101s][debug  ][gc,tlab        ] GC(9) TLAB totals: thrds: 1  refills: 1 max: 1 slow allocs: 17 max 17 waste: 27.2% gc: 3912264B max: 3912264B slow: 0B max: 0B
[3.101s][info   ][gc,start       ] GC(9) Pause Young (Allocation Failure)
[3.101s][debug  ][gc,phases,start] GC(9) Scavenge
[3.119s][debug  ][gc,phases      ] GC(9) Scavenge 17.863ms
[3.119s][debug  ][gc,phases,start] GC(9) Reference Processing
[3.119s][debug  ][gc,ref         ] GC(9) Skipped phase 1 of Reference Processing: no references
[3.119s][debug  ][gc,ref         ] GC(9) Skipped phase 2 of Reference Processing: no references
[3.119s][debug  ][gc,ref         ] GC(9) Skipped phase 3 of Reference Processing: no references
[3.119s][debug  ][gc,ref         ] GC(9) Skipped phase 4 of Reference Processing: no references
[3.119s][debug  ][gc,phases,ref  ] GC(9) Reference Processing: 0.1ms
[3.119s][debug  ][gc,phases,ref  ] GC(9)   Reconsider SoftReferences: 0.0ms
[3.119s][debug  ][gc,phases,ref  ] GC(9)     SoftRef (ms):                  skipped
[3.119s][debug  ][gc,phases,ref  ] GC(9)   Notify Soft/WeakReferences: 0.0ms
[3.119s][debug  ][gc,phases,ref  ] GC(9)     SoftRef (ms):                  skipped
[3.119s][debug  ][gc,phases,ref  ] GC(9)     WeakRef (ms):                  skipped
[3.119s][debug  ][gc,phases,ref  ] GC(9)     FinalRef (ms):                 skipped
[3.119s][debug  ][gc,phases,ref  ] GC(9)     Total (ms):                    skipped
[3.119s][debug  ][gc,phases,ref  ] GC(9)   Notify and keep alive finalizable: 0.0ms
[3.119s][debug  ][gc,phases,ref  ] GC(9)     FinalRef (ms):                 skipped
[3.119s][debug  ][gc,phases,ref  ] GC(9)   Notify PhantomReferences: 0.0ms
[3.119s][debug  ][gc,phases,ref  ] GC(9)     PhantomRef (ms):               skipped
[3.119s][debug  ][gc,phases,ref  ] GC(9)   SoftReference:
[3.119s][debug  ][gc,phases,ref  ] GC(9)     Discovered: 0
[3.119s][debug  ][gc,phases,ref  ] GC(9)     Cleared: 0
[3.119s][debug  ][gc,phases,ref  ] GC(9)   WeakReference:
[3.119s][debug  ][gc,phases,ref  ] GC(9)     Discovered: 0
[3.119s][debug  ][gc,phases,ref  ] GC(9)     Cleared: 0
[3.119s][debug  ][gc,phases,ref  ] GC(9)   FinalReference:
[3.119s][debug  ][gc,phases,ref  ] GC(9)     Discovered: 0
[3.119s][debug  ][gc,phases,ref  ] GC(9)     Cleared: 0
[3.119s][debug  ][gc,phases,ref  ] GC(9)   PhantomReference:
[3.119s][debug  ][gc,phases,ref  ] GC(9)     Discovered: 0
[3.119s][debug  ][gc,phases,ref  ] GC(9)     Cleared: 0
[3.119s][debug  ][gc,phases      ] GC(9) Reference Processing 0.574ms
[3.119s][debug  ][gc,phases,start] GC(9) Weak Processing
[3.119s][debug  ][gc,phases      ] GC(9)   VM Weak                        Min:  0.0, Avg:  0.0, Max:  0.0, Diff:  0.0, Sum:  0.0, Workers: 6
[3.119s][debug  ][gc,phases      ] GC(9)     Dead                           Min: 0, Avg:  0.0, Max: 0, Diff: 0, Sum: 0, Workers: 6
[3.119s][debug  ][gc,phases      ] GC(9)     Total                          Min: 0, Avg:  1.3, Max: 8, Diff: 8, Sum: 8, Workers: 6
[3.119s][debug  ][gc,phases      ] GC(9)   ObjectSynchronizer Weak        Min:  0.0, Avg:  0.0, Max:  0.0, Diff:  0.0, Sum:  0.0, Workers: 6
[3.120s][debug  ][gc,phases      ] GC(9)     Dead                           Min: 0, Avg:  0.0, Max: 0, Diff: 0, Sum: 0, Workers: 6
[3.120s][debug  ][gc,phases      ] GC(9)     Total                          Min: 0, Avg:  0.5, Max: 3, Diff: 3, Sum: 3, Workers: 6
[3.120s][debug  ][gc,phases      ] GC(9)   JVMTI Tag Weak OopStorage      Min:  0.0, Avg:  0.0, Max:  0.0, Diff:  0.0, Sum:  0.0, Workers: 6
[3.120s][debug  ][gc,phases      ] GC(9)     Dead                           Min: 0, Avg:  0.0, Max: 0, Diff: 0, Sum: 0, Workers: 6
[3.120s][debug  ][gc,phases      ] GC(9)     Total                          Min: 0, Avg:  0.0, Max: 0, Diff: 0, Sum: 0, Workers: 6
[3.120s][debug  ][gc,phases      ] GC(9)   StringTable Weak               Min:  0.0, Avg:  0.0, Max:  0.0, Diff:  0.0, Sum:  0.0, Workers: 6
[3.120s][debug  ][gc,phases      ] GC(9)     Dead                           Min: 0, Avg:  0.0, Max: 0, Diff: 0, Sum: 0, Workers: 6
[3.120s][debug  ][gc,phases      ] GC(9)     Total                          Min: 640, Avg: 892.3, Max: 1088, Diff: 448, Sum: 5354, Workers: 6
[3.120s][debug  ][gc,phases      ] GC(9)   ResolvedMethodTable Weak       Min:  0.0, Avg:  0.0, Max:  0.0, Diff:  0.0, Sum:  0.0, Workers: 6
[3.120s][debug  ][gc,phases      ] GC(9)     Dead                           Min: 0, Avg:  0.0, Max: 0, Diff: 0, Sum: 0, Workers: 6
[3.120s][debug  ][gc,phases      ] GC(9)     Total                          Min: 0, Avg: 21.7, Max: 64, Diff: 64, Sum: 130, Workers: 6
[3.120s][debug  ][gc,phases      ] GC(9)   JNI Weak                       Min:  0.0, Avg:  0.0, Max:  0.0, Diff:  0.0, Sum:  0.0, Workers: 6
[3.120s][debug  ][gc,phases      ] GC(9)     Dead                           Min: 0, Avg:  0.0, Max: 0, Diff: 0, Sum: 0, Workers: 6
[3.120s][debug  ][gc,phases      ] GC(9)     Total                          Min: 0, Avg:  0.0, Max: 0, Diff: 0, Sum: 0, Workers: 6
[3.120s][debug  ][gc,phases      ] GC(9)   StringDedup Table Weak         Min:  0.0, Avg:  0.0, Max:  0.0, Diff:  0.0, Sum:  0.0, Workers: 6
[3.120s][debug  ][gc,phases      ] GC(9)     Dead                           Min: 0, Avg:  0.0, Max: 0, Diff: 0, Sum: 0, Workers: 6
[3.120s][debug  ][gc,phases      ] GC(9)     Total                          Min: 0, Avg:  0.0, Max: 0, Diff: 0, Sum: 0, Workers: 6
[3.120s][debug  ][gc,phases      ] GC(9)   StringDedup Requests0 Weak     Min:  0.0, Avg:  0.0, Max:  0.0, Diff:  0.0, Sum:  0.0, Workers: 6
[3.120s][debug  ][gc,phases      ] GC(9)     Dead                           Min: 0, Avg:  0.0, Max: 0, Diff: 0, Sum: 0, Workers: 6
[3.120s][debug  ][gc,phases      ] GC(9)     Total                          Min: 0, Avg:  0.0, Max: 0, Diff: 0, Sum: 0, Workers: 6
[3.120s][debug  ][gc,phases      ] GC(9)   StringDedup Requests1 Weak     Min:  0.0, Avg:  0.0, Max:  0.0, Diff:  0.0, Sum:  0.0, Workers: 6
[3.120s][debug  ][gc,phases      ] GC(9)     Dead                           Min: 0, Avg:  0.0, Max: 0, Diff: 0, Sum: 0, Workers: 6
[3.120s][debug  ][gc,phases      ] GC(9)     Total                          Min: 0, Avg:  0.0, Max: 0, Diff: 0, Sum: 0, Workers: 6
[3.120s][debug  ][gc,phases      ] GC(9)   Weak JFR Old Object Samples    Min:  0.0, Avg:  0.0, Max:  0.0, Diff:  0.0, Sum:  0.0, Workers: 6
[3.120s][debug  ][gc,phases      ] GC(9)     Dead                           Min: 0, Avg:  0.0, Max: 0, Diff: 0, Sum: 0, Workers: 6
[3.120s][debug  ][gc,phases      ] GC(9)     Total                          Min: 0, Avg:  0.0, Max: 0, Diff: 0, Sum: 0, Workers: 6
[3.120s][debug  ][gc,phases      ] GC(9) Weak Processing 0.677ms
[3.120s][debug  ][gc,ergo        ] GC(9) AdaptiveSizeStart:  collection: 10 
[3.120s][debug  ][gc,ergo        ] GC(9) avg_survived_padded_avg: 33797304.000000
[3.120s][debug  ][gc,ergo        ] GC(9) avg_promoted_padded_avg: 247166608.000000  avg_pretenured_padded_avg: 0.000000  tenuring_thresh: 1  target_size: 34078720
[3.120s][debug  ][gc,age         ] GC(9) Desired survivor size 34078720 bytes, new threshold 1 (max threshold 15)
[3.120s][debug  ][gc,ergo        ] GC(9) PSAdaptiveSizePolicy::compute_eden_space_size limits: desired_eden_size: 320864256 old_eden_size: 200802304 eden_limit: 200278016 cur_eden: 200278016 max_eden_size: 200278016 avg_young_live: 32465274
[3.120s][debug  ][gc,ergo        ] GC(9) PSAdaptiveSizePolicy::compute_eden_space_size: costs minor_time: 0.059031 major_cost: 0.000000 mutator_cost: 0.940969 throughput_goal: 0.990000
[3.120s][debug  ][gc,ergo        ] GC(9) Live_space: 300900736 free_space: 402128896
[3.120s][debug  ][gc,ergo        ] GC(9) Old eden_size: 200802304 desired_eden_size: 200278016
[3.120s][debug  ][gc,ergo        ] GC(9) AdaptiveSizeStop: collection: 10 
[3.120s][info   ][gc,heap        ] GC(9) PSYoungGen: 218860K(228864K)->30720K(228864K) Eden: 188140K(195584K)->0K(195584K) From: 30720K(33280K)->30720K(33280K)
[3.120s][info   ][gc,heap        ] GC(9) ParOldGen: 1476426K(1835008K)->1660747K(1835008K)
[3.120s][info   ][gc,metaspace   ] GC(9) Metaspace: 1017K(1152K)->1017K(1152K) NonClass: 934K(960K)->934K(960K) Class: 83K(192K)->83K(192K)
[3.120s][info   ][gc             ] GC(9) Pause Young (Allocation Failure) 1655M->1651M(2015M) 19.529ms
[3.120s][info   ][gc,cpu         ] GC(9) User=0.05s Sys=0.14s Real=0.02s
[3.120s][debug  ][gc,heap        ] GC(9) Heap after GC invocations=10 (full 0):
[3.120s][debug  ][gc,heap        ] GC(9)  PSYoungGen      total 228864K, used 30720K [0x00000000f0000000, 0x0000000100000000, 0x0000000100000000)
[3.120s][debug  ][gc,heap        ] GC(9)   eden space 195584K, 0% used [0x00000000f0000000,0x00000000f0000000,0x00000000fbf00000)
[3.120s][debug  ][gc,heap        ] GC(9)   from space 33280K, 92% used [0x00000000fdf80000,0x00000000ffd80030,0x0000000100000000)
[3.120s][debug  ][gc,heap        ] GC(9)   to   space 33280K, 0% used [0x00000000fbf00000,0x00000000fbf00000,0x00000000fdf80000)
[3.120s][debug  ][gc,heap        ] GC(9)  ParOldGen       total 1835008K, used 1660747K [0x0000000080000000, 0x00000000f0000000, 0x00000000f0000000)
[3.120s][debug  ][gc,heap        ] GC(9)   object space 1835008K, 90% used [0x0000000080000000,0x00000000e55d2c90,0x00000000f0000000)
[3.121s][debug  ][gc,heap        ] GC(9)  Metaspace       used 1017K, committed 1152K, reserved 1056768K
[3.121s][debug  ][gc,heap        ] GC(9)   class space    used 83K, committed 192K, reserved 1048576K
[3.121s][debug  ][gc,task,time   ] GC(9) VM-Thread 31004776 31187731 31205643
[3.121s][debug  ][gc,phases,start] GC(10) Pre Compact
[3.121s][debug  ][gc,heap        ] GC(10) Heap before GC invocations=11 (full 1):
[3.121s][debug  ][gc,heap        ] GC(10)  PSYoungGen      total 228864K, used 30720K [0x00000000f0000000, 0x0000000100000000, 0x0000000100000000)
[3.121s][debug  ][gc,heap        ] GC(10)   eden space 195584K, 0% used [0x00000000f0000000,0x00000000f0000000,0x00000000fbf00000)
[3.121s][debug  ][gc,heap        ] GC(10)   from space 33280K, 92% used [0x00000000fdf80000,0x00000000ffd80030,0x0000000100000000)
[3.121s][debug  ][gc,heap        ] GC(10)   to   space 33280K, 0% used [0x00000000fbf00000,0x00000000fbf00000,0x00000000fdf80000)
[3.121s][debug  ][gc,heap        ] GC(10)  ParOldGen       total 1835008K, used 1660747K [0x0000000080000000, 0x00000000f0000000, 0x00000000f0000000)
[3.121s][debug  ][gc,heap        ] GC(10)   object space 1835008K, 90% used [0x0000000080000000,0x00000000e55d2c90,0x00000000f0000000)
[3.121s][debug  ][gc,heap        ] GC(10)  Metaspace       used 1017K, committed 1152K, reserved 1056768K
[3.121s][debug  ][gc,heap        ] GC(10)   class space    used 83K, committed 192K, reserved 1048576K
[3.121s][debug  ][gc,phases      ] GC(10) Pre Compact 0.203ms
[3.121s][info   ][gc,start       ] GC(10) Pause Full (Ergonomics)
[3.121s][info   ][gc,phases,start] GC(10) Marking Phase
[3.121s][debug  ][gc,phases,start] GC(10) Par Mark
[3.121s][debug  ][gc,phases      ] GC(10) Par Mark 0.439ms
[3.121s][debug  ][gc,phases,start] GC(10) Reference Processing
[3.121s][debug  ][gc,ref         ] GC(10) Skipped phase 1 of Reference Processing: no references
[3.121s][debug  ][gc,ref         ] GC(10) ReferenceProcessor::execute queues: 1, RefProcThreadModel::Single, marks_oops_alive: false
[3.121s][debug  ][gc,ref         ] GC(10) Skipped phase 3 of Reference Processing: no references
[3.121s][debug  ][gc,ref         ] GC(10) ReferenceProcessor::execute queues: 1, RefProcThreadModel::Single, marks_oops_alive: false
[3.121s][debug  ][gc,phases,ref  ] GC(10) Reference Processing: 0.1ms
[3.121s][debug  ][gc,phases,ref  ] GC(10)   Reconsider SoftReferences: 0.0ms
[3.121s][debug  ][gc,phases,ref  ] GC(10)     SoftRef (ms):                  skipped
[3.122s][debug  ][gc,phases,ref  ] GC(10)   Notify Soft/WeakReferences: 0.0ms
[3.122s][debug  ][gc,phases,ref  ] GC(10)     SoftRef (ms):                  Min:  0.0, Avg:  0.0, Max:  0.0, Diff:  0.0, Sum:  0.0, Workers: 12
[3.122s][debug  ][gc,phases,ref  ] GC(10)     WeakRef (ms):                  Min:  0.0, Avg:  0.0, Max:  0.0, Diff:  0.0, Sum:  0.0, Workers: 12
[3.122s][debug  ][gc,phases,ref  ] GC(10)     FinalRef (ms):                 Min:  0.0, Avg:  0.0, Max:  0.0, Diff:  0.0, Sum:  0.0, Workers: 12
[3.122s][debug  ][gc,phases,ref  ] GC(10)     Total (ms):                    Min:  0.0, Avg:  0.0, Max:  0.0, Diff:  0.0, Sum:  0.0, Workers: 12
[3.122s][debug  ][gc,phases,ref  ] GC(10)   Notify and keep alive finalizable: 0.0ms
[3.122s][debug  ][gc,phases,ref  ] GC(10)     FinalRef (ms):                 skipped
[3.122s][debug  ][gc,phases,ref  ] GC(10)   Notify PhantomReferences: 0.0ms
[3.122s][debug  ][gc,phases,ref  ] GC(10)     PhantomRef (ms):               Min:  0.0, Avg:  0.0, Max:  0.0, Diff:  0.0, Sum:  0.0, Workers: 12
[3.122s][debug  ][gc,phases,ref  ] GC(10)   SoftReference:
[3.122s][debug  ][gc,phases,ref  ] GC(10)     Discovered: 0
[3.122s][debug  ][gc,phases,ref  ] GC(10)     Cleared: 0
[3.122s][debug  ][gc,phases,ref  ] GC(10)   WeakReference:
[3.122s][debug  ][gc,phases,ref  ] GC(10)     Discovered: 78
[3.122s][debug  ][gc,phases,ref  ] GC(10)     Cleared: 78
[3.122s][debug  ][gc,phases,ref  ] GC(10)   FinalReference:
[3.122s][debug  ][gc,phases,ref  ] GC(10)     Discovered: 0
[3.122s][debug  ][gc,phases,ref  ] GC(10)     Cleared: 0
[3.122s][debug  ][gc,phases,ref  ] GC(10)   PhantomReference:
[3.122s][debug  ][gc,phases,ref  ] GC(10)     Discovered: 3
[3.122s][debug  ][gc,phases,ref  ] GC(10)     Cleared: 3
[3.122s][debug  ][gc,phases      ] GC(10) Reference Processing 0.600ms
[3.122s][debug  ][gc,phases,start] GC(10) Weak Processing
[3.122s][debug  ][gc,phases      ] GC(10)   VM Weak                        Min:  0.0, Avg:  0.0, Max:  0.0, Diff:  0.0, Sum:  0.0, Workers: 6
[3.122s][debug  ][gc,phases      ] GC(10)     Dead                           Min: 0, Avg:  0.0, Max: 0, Diff: 0, Sum: 0, Workers: 6
[3.122s][debug  ][gc,phases      ] GC(10)     Total                          Min: 0, Avg:  1.3, Max: 8, Diff: 8, Sum: 8, Workers: 6
[3.122s][debug  ][gc,phases      ] GC(10)   ObjectSynchronizer Weak        Min:  0.0, Avg:  0.0, Max:  0.0, Diff:  0.0, Sum:  0.0, Workers: 6
[3.122s][debug  ][gc,phases      ] GC(10)     Dead                           Min: 0, Avg:  0.0, Max: 0, Diff: 0, Sum: 0, Workers: 6
[3.122s][debug  ][gc,phases      ] GC(10)     Total                          Min: 0, Avg:  0.5, Max: 3, Diff: 3, Sum: 3, Workers: 6
[3.122s][debug  ][gc,phases      ] GC(10)   JVMTI Tag Weak OopStorage      Min:  0.0, Avg:  0.0, Max:  0.0, Diff:  0.0, Sum:  0.0, Workers: 6
[3.122s][debug  ][gc,phases      ] GC(10)     Dead                           Min: 0, Avg:  0.0, Max: 0, Diff: 0, Sum: 0, Workers: 6
[3.122s][debug  ][gc,phases      ] GC(10)     Total                          Min: 0, Avg:  0.0, Max: 0, Diff: 0, Sum: 0, Workers: 6
[3.122s][debug  ][gc,phases      ] GC(10)   StringTable Weak               Min:  0.0, Avg:  0.0, Max:  0.0, Diff:  0.0, Sum:  0.0, Workers: 6
[3.122s][debug  ][gc,phases      ] GC(10)     Dead                           Min: 0, Avg:  0.0, Max: 0, Diff: 0, Sum: 0, Workers: 6
[3.122s][debug  ][gc,phases      ] GC(10)     Total                          Min: 640, Avg: 892.3, Max: 1067, Diff: 427, Sum: 5354, Workers: 6
[3.122s][debug  ][gc,phases      ] GC(10)   ResolvedMethodTable Weak       Min:  0.0, Avg:  0.0, Max:  0.0, Diff:  0.0, Sum:  0.0, Workers: 6
[3.122s][debug  ][gc,phases      ] GC(10)     Dead                           Min: 0, Avg:  0.0, Max: 0, Diff: 0, Sum: 0, Workers: 6
[3.122s][debug  ][gc,phases      ] GC(10)     Total                          Min: 0, Avg: 21.7, Max: 64, Diff: 64, Sum: 130, Workers: 6
[3.122s][debug  ][gc,phases      ] GC(10)   JNI Weak                       Min:  0.0, Avg:  0.0, Max:  0.0, Diff:  0.0, Sum:  0.0, Workers: 6
[3.122s][debug  ][gc,phases      ] GC(10)     Dead                           Min: 0, Avg:  0.0, Max: 0, Diff: 0, Sum: 0, Workers: 6
[3.122s][debug  ][gc,phases      ] GC(10)     Total                          Min: 0, Avg:  0.0, Max: 0, Diff: 0, Sum: 0, Workers: 6
[3.122s][debug  ][gc,phases      ] GC(10)   StringDedup Table Weak         Min:  0.0, Avg:  0.0, Max:  0.0, Diff:  0.0, Sum:  0.0, Workers: 6
[3.122s][debug  ][gc,phases      ] GC(10)     Dead                           Min: 0, Avg:  0.0, Max: 0, Diff: 0, Sum: 0, Workers: 6
[3.122s][debug  ][gc,phases      ] GC(10)     Total                          Min: 0, Avg:  0.0, Max: 0, Diff: 0, Sum: 0, Workers: 6
[3.122s][debug  ][gc,phases      ] GC(10)   StringDedup Requests0 Weak     Min:  0.0, Avg:  0.0, Max:  0.0, Diff:  0.0, Sum:  0.0, Workers: 6
[3.122s][debug  ][gc,phases      ] GC(10)     Dead                           Min: 0, Avg:  0.0, Max: 0, Diff: 0, Sum: 0, Workers: 6
[3.122s][debug  ][gc,phases      ] GC(10)     Total                          Min: 0, Avg:  0.0, Max: 0, Diff: 0, Sum: 0, Workers: 6
[3.123s][debug  ][gc,phases      ] GC(10)   StringDedup Requests1 Weak     Min:  0.0, Avg:  0.0, Max:  0.0, Diff:  0.0, Sum:  0.0, Workers: 6
[3.123s][debug  ][gc,phases      ] GC(10)     Dead                           Min: 0, Avg:  0.0, Max: 0, Diff: 0, Sum: 0, Workers: 6
[3.123s][debug  ][gc,phases      ] GC(10)     Total                          Min: 0, Avg:  0.0, Max: 0, Diff: 0, Sum: 0, Workers: 6
[3.123s][debug  ][gc,phases      ] GC(10)   Weak JFR Old Object Samples    Min:  0.0, Avg:  0.0, Max:  0.0, Diff:  0.0, Sum:  0.0, Workers: 6
[3.123s][debug  ][gc,phases      ] GC(10)     Dead                           Min: 0, Avg:  0.0, Max: 0, Diff: 0, Sum: 0, Workers: 6
[3.123s][debug  ][gc,phases      ] GC(10)     Total                          Min: 0, Avg:  0.0, Max: 0, Diff: 0, Sum: 0, Workers: 6
[3.123s][debug  ][gc,phases      ] GC(10) Weak Processing 0.675ms
[3.123s][debug  ][gc,phases,start] GC(10) Class Unloading
[3.123s][debug  ][gc,phases,start] GC(10) ClassLoaderData
[3.123s][debug  ][gc,phases      ] GC(10) ClassLoaderData 0.022ms
[3.123s][debug  ][gc,phases,start] GC(10) Trigger cleanups
[3.123s][debug  ][gc,phases      ] GC(10) Trigger cleanups 0.022ms
[3.123s][debug  ][gc,phases      ] GC(10) Class Unloading 0.260ms
[3.123s][info   ][gc,phases      ] GC(10) Marking Phase 2.085ms
[3.123s][info   ][gc,phases,start] GC(10) Summary Phase
[3.123s][info   ][gc,phases      ] GC(10) Summary Phase 0.042ms
[3.123s][info   ][gc,phases,start] GC(10) Adjust Roots
[3.123s][info   ][gc,phases      ] GC(10) Adjust Roots 0.326ms
[3.123s][info   ][gc,phases,start] GC(10) Compaction Phase
[3.212s][info   ][gc,phases      ] GC(10) Compaction Phase 88.584ms
[3.212s][info   ][gc,phases,start] GC(10) Post Compact
[3.225s][info   ][gc,phases      ] GC(10) Post Compact 12.684ms
[3.225s][debug  ][gc,ergo        ] GC(10) AdaptiveSizeStart: collection: 11 
[3.225s][debug  ][gc,ergo        ] GC(10) PSAdaptiveSizePolicy::compute_eden_space_size limits: desired_eden_size: 278073543 old_eden_size: 200278016 eden_limit: 200278016 cur_eden: 200278016 max_eden_size: 200278016 avg_young_live: 29218746
[3.225s][debug  ][gc,ergo        ] GC(10) PSAdaptiveSizePolicy::compute_eden_space_size: costs minor_time: 0.059031 major_cost: 0.032470 mutator_cost: 0.908499 throughput_goal: 0.990000
[3.225s][debug  ][gc,ergo        ] GC(10) Live_space: 297654208 free_space: 401604608
[3.225s][debug  ][gc,ergo        ] GC(10) Old eden_size: 200278016 desired_eden_size: 200278016
[3.225s][debug  ][gc,ergo        ] GC(10) PSAdaptiveSizePolicy::compute_old_gen_free_space: costs minor_time: 0.059031 major_cost: 0.032470  mutator_cost: 0.908499 throughput_goal: 0.990000
[3.225s][debug  ][gc,ergo        ] GC(10) Live_space: 1127704704 free_space: 401604608
[3.225s][debug  ][gc,ergo        ] GC(10) Old promo_size: 201326592 desired_promo_size: 273154048
[3.242s][debug  ][gc             ] GC(10) Shrinking ParOldGen from 1835008K by 516096K to 1318912K
[3.242s][debug  ][gc,ergo        ] GC(10) AdaptiveSizeStop: collection: 11 
[3.242s][info   ][gc,heap        ] GC(10) PSYoungGen: 30720K(228864K)->0K(228864K) Eden: 0K(195584K)->0K(195584K) From: 30720K(33280K)->0K(33280K)
[3.242s][info   ][gc,heap        ] GC(10) ParOldGen: 1660747K(1835008K)->810596K(1318912K)
[3.242s][info   ][gc,metaspace   ] GC(10) Metaspace: 1017K(1152K)->1017K(1152K) NonClass: 934K(960K)->934K(960K) Class: 83K(192K)->83K(192K)
[3.242s][info   ][gc             ] GC(10) Pause Full (Ergonomics) 1651M->791M(1511M) 121.410ms
[3.242s][info   ][gc,cpu         ] GC(10) User=0.91s Sys=0.05s Real=0.12s
[3.242s][debug  ][gc,heap        ] GC(10) Heap after GC invocations=11 (full 1):
[3.242s][debug  ][gc,heap        ] GC(10)  PSYoungGen      total 228864K, used 0K [0x00000000f0000000, 0x0000000100000000, 0x0000000100000000)
[3.242s][debug  ][gc,heap        ] GC(10)   eden space 195584K, 0% used [0x00000000f0000000,0x00000000f0000000,0x00000000fbf00000)
[3.242s][debug  ][gc,heap        ] GC(10)   from space 33280K, 0% used [0x00000000fbf00000,0x00000000fbf00000,0x00000000fdf80000)
[3.242s][debug  ][gc,heap        ] GC(10)   to   space 33280K, 0% used [0x00000000fdf80000,0x00000000fdf80000,0x0000000100000000)
[3.242s][debug  ][gc,heap        ] GC(10)  ParOldGen       total 1318912K, used 810596K [0x0000000080000000, 0x00000000d0800000, 0x00000000f0000000)
[3.242s][debug  ][gc,heap        ] GC(10)   object space 1318912K, 61% used [0x0000000080000000,0x00000000b17990c8,0x00000000d0800000)
[3.242s][debug  ][gc,heap        ] GC(10)  Metaspace       used 1017K, committed 1152K, reserved 1056768K
[3.242s][debug  ][gc,heap        ] GC(10)   class space    used 83K, committed 192K, reserved 1048576K
[3.242s][debug  ][gc,task,time   ] GC(10) VM-Thread 31208363 31233913 32422907
[3.528s][debug  ][gc,heap        ] GC(11) Heap before GC invocations=12 (full 1):
[3.528s][debug  ][gc,heap        ] GC(11)  PSYoungGen      total 228864K, used 188144K [0x00000000f0000000, 0x0000000100000000, 0x0000000100000000)
[3.528s][debug  ][gc,heap        ] GC(11)   eden space 195584K, 96% used [0x00000000f0000000,0x00000000fb7bc3c0,0x00000000fbf00000)
[3.528s][debug  ][gc,heap        ] GC(11)   from space 33280K, 0% used [0x00000000fbf00000,0x00000000fbf00000,0x00000000fdf80000)
[3.528s][debug  ][gc,heap        ] GC(11)   to   space 33280K, 0% used [0x00000000fdf80000,0x00000000fdf80000,0x0000000100000000)
[3.528s][debug  ][gc,heap        ] GC(11)  ParOldGen       total 1318912K, used 810596K [0x0000000080000000, 0x00000000d0800000, 0x00000000f0000000)
[3.528s][debug  ][gc,heap        ] GC(11)   object space 1318912K, 61% used [0x0000000080000000,0x00000000b17990c8,0x00000000d0800000)
[3.528s][debug  ][gc,heap        ] GC(11)  Metaspace       used 1019K, committed 1152K, reserved 1056768K
[3.528s][debug  ][gc,heap        ] GC(11)   class space    used 83K, committed 192K, reserved 1048576K
[3.528s][debug  ][gc,tlab        ] GC(11) TLAB totals: thrds: 1  refills: 1 max: 1 slow allocs: 17 max 17 waste: 27.2% gc: 3916448B max: 3916448B slow: 0B max: 0B
[3.528s][info   ][gc,start       ] GC(11) Pause Young (Allocation Failure)
[3.528s][debug  ][gc,phases,start] GC(11) Scavenge
[3.541s][debug  ][gc,phases      ] GC(11) Scavenge 12.758ms
[3.541s][debug  ][gc,phases,start] GC(11) Reference Processing
[3.541s][debug  ][gc,ref         ] GC(11) Skipped phase 1 of Reference Processing: no references
[3.541s][debug  ][gc,ref         ] GC(11) Skipped phase 2 of Reference Processing: no references
[3.541s][debug  ][gc,ref         ] GC(11) Skipped phase 3 of Reference Processing: no references
[3.541s][debug  ][gc,ref         ] GC(11) Skipped phase 4 of Reference Processing: no references
[3.541s][debug  ][gc,phases,ref  ] GC(11) Reference Processing: 0.1ms
[3.541s][debug  ][gc,phases,ref  ] GC(11)   Reconsider SoftReferences: 0.0ms
[3.541s][debug  ][gc,phases,ref  ] GC(11)     SoftRef (ms):                  skipped
[3.541s][debug  ][gc,phases,ref  ] GC(11)   Notify Soft/WeakReferences: 0.0ms
[3.541s][debug  ][gc,phases,ref  ] GC(11)     SoftRef (ms):                  skipped
[3.541s][debug  ][gc,phases,ref  ] GC(11)     WeakRef (ms):                  skipped
[3.541s][debug  ][gc,phases,ref  ] GC(11)     FinalRef (ms):                 skipped
[3.541s][debug  ][gc,phases,ref  ] GC(11)     Total (ms):                    skipped
[3.541s][debug  ][gc,phases,ref  ] GC(11)   Notify and keep alive finalizable: 0.0ms
[3.541s][debug  ][gc,phases,ref  ] GC(11)     FinalRef (ms):                 skipped
[3.541s][debug  ][gc,phases,ref  ] GC(11)   Notify PhantomReferences: 0.0ms
[3.541s][debug  ][gc,phases,ref  ] GC(11)     PhantomRef (ms):               skipped
[3.542s][debug  ][gc,phases,ref  ] GC(11)   SoftReference:
[3.542s][debug  ][gc,phases,ref  ] GC(11)     Discovered: 0
[3.542s][debug  ][gc,phases,ref  ] GC(11)     Cleared: 0
[3.542s][debug  ][gc,phases,ref  ] GC(11)   WeakReference:
[3.542s][debug  ][gc,phases,ref  ] GC(11)     Discovered: 0
[3.542s][debug  ][gc,phases,ref  ] GC(11)     Cleared: 0
[3.542s][debug  ][gc,phases,ref  ] GC(11)   FinalReference:
[3.542s][debug  ][gc,phases,ref  ] GC(11)     Discovered: 0
[3.542s][debug  ][gc,phases,ref  ] GC(11)     Cleared: 0
[3.542s][debug  ][gc,phases,ref  ] GC(11)   PhantomReference:
[3.542s][debug  ][gc,phases,ref  ] GC(11)     Discovered: 0
[3.542s][debug  ][gc,phases,ref  ] GC(11)     Cleared: 0
[3.542s][debug  ][gc,phases      ] GC(11) Reference Processing 0.678ms
[3.542s][debug  ][gc,phases,start] GC(11) Weak Processing
[3.542s][debug  ][gc,phases      ] GC(11)   VM Weak                        Min:  0.0, Avg:  0.0, Max:  0.0, Diff:  0.0, Sum:  0.0, Workers: 6
[3.542s][debug  ][gc,phases      ] GC(11)     Dead                           Min: 0, Avg:  0.0, Max: 0, Diff: 0, Sum: 0, Workers: 6
[3.542s][debug  ][gc,phases      ] GC(11)     Total                          Min: 0, Avg:  1.3, Max: 8, Diff: 8, Sum: 8, Workers: 6
[3.542s][debug  ][gc,phases      ] GC(11)   ObjectSynchronizer Weak        Min:  0.0, Avg:  0.0, Max:  0.0, Diff:  0.0, Sum:  0.0, Workers: 6
[3.542s][debug  ][gc,phases      ] GC(11)     Dead                           Min: 0, Avg:  0.0, Max: 0, Diff: 0, Sum: 0, Workers: 6
[3.542s][debug  ][gc,phases      ] GC(11)     Total                          Min: 0, Avg:  0.5, Max: 3, Diff: 3, Sum: 3, Workers: 6
[3.542s][debug  ][gc,phases      ] GC(11)   JVMTI Tag Weak OopStorage      Min:  0.0, Avg:  0.0, Max:  0.0, Diff:  0.0, Sum:  0.0, Workers: 6
[3.542s][debug  ][gc,phases      ] GC(11)     Dead                           Min: 0, Avg:  0.0, Max: 0, Diff: 0, Sum: 0, Workers: 6
[3.542s][debug  ][gc,phases      ] GC(11)     Total                          Min: 0, Avg:  0.0, Max: 0, Diff: 0, Sum: 0, Workers: 6
[3.542s][debug  ][gc,phases      ] GC(11)   StringTable Weak               Min:  0.0, Avg:  0.0, Max:  0.0, Diff:  0.0, Sum:  0.0, Workers: 6
[3.542s][debug  ][gc,phases      ] GC(11)     Dead                           Min: 0, Avg:  0.0, Max: 0, Diff: 0, Sum: 0, Workers: 6
[3.542s][debug  ][gc,phases      ] GC(11)     Total                          Min: 831, Avg: 892.3, Max: 939, Diff: 108, Sum: 5354, Workers: 6
[3.542s][debug  ][gc,phases      ] GC(11)   ResolvedMethodTable Weak       Min:  0.0, Avg:  0.0, Max:  0.0, Diff:  0.0, Sum:  0.0, Workers: 6
[3.542s][debug  ][gc,phases      ] GC(11)     Dead                           Min: 0, Avg:  0.0, Max: 0, Diff: 0, Sum: 0, Workers: 6
[3.542s][debug  ][gc,phases      ] GC(11)     Total                          Min: 0, Avg: 21.7, Max: 64, Diff: 64, Sum: 130, Workers: 6
[3.542s][debug  ][gc,phases      ] GC(11)   JNI Weak                       Min:  0.0, Avg:  0.0, Max:  0.0, Diff:  0.0, Sum:  0.0, Workers: 6
[3.542s][debug  ][gc,phases      ] GC(11)     Dead                           Min: 0, Avg:  0.0, Max: 0, Diff: 0, Sum: 0, Workers: 6
[3.542s][debug  ][gc,phases      ] GC(11)     Total                          Min: 0, Avg:  0.0, Max: 0, Diff: 0, Sum: 0, Workers: 6
[3.542s][debug  ][gc,phases      ] GC(11)   StringDedup Table Weak         Min:  0.0, Avg:  0.0, Max:  0.0, Diff:  0.0, Sum:  0.0, Workers: 6
[3.542s][debug  ][gc,phases      ] GC(11)     Dead                           Min: 0, Avg:  0.0, Max: 0, Diff: 0, Sum: 0, Workers: 6
[3.542s][debug  ][gc,phases      ] GC(11)     Total                          Min: 0, Avg:  0.0, Max: 0, Diff: 0, Sum: 0, Workers: 6
[3.542s][debug  ][gc,phases      ] GC(11)   StringDedup Requests0 Weak     Min:  0.0, Avg:  0.0, Max:  0.0, Diff:  0.0, Sum:  0.0, Workers: 6
[3.542s][debug  ][gc,phases      ] GC(11)     Dead                           Min: 0, Avg:  0.0, Max: 0, Diff: 0, Sum: 0, Workers: 6
[3.542s][debug  ][gc,phases      ] GC(11)     Total                          Min: 0, Avg:  0.0, Max: 0, Diff: 0, Sum: 0, Workers: 6
[3.542s][debug  ][gc,phases      ] GC(11)   StringDedup Requests1 Weak     Min:  0.0, Avg:  0.0, Max:  0.0, Diff:  0.0, Sum:  0.0, Workers: 6
[3.542s][debug  ][gc,phases      ] GC(11)     Dead                           Min: 0, Avg:  0.0, Max: 0, Diff: 0, Sum: 0, Workers: 6
[3.543s][debug  ][gc,phases      ] GC(11)     Total                          Min: 0, Avg:  0.0, Max: 0, Diff: 0, Sum: 0, Workers: 6
[3.543s][debug  ][gc,phases      ] GC(11)   Weak JFR Old Object Samples    Min:  0.0, Avg:  0.0, Max:  0.0, Diff:  0.0, Sum:  0.0, Workers: 6
[3.543s][debug  ][gc,phases      ] GC(11)     Dead                           Min: 0, Avg:  0.0, Max: 0, Diff: 0, Sum: 0, Workers: 6
[3.543s][debug  ][gc,phases      ] GC(11)     Total                          Min: 0, Avg:  0.0, Max: 0, Diff: 0, Sum: 0, Workers: 6
[3.543s][debug  ][gc,phases      ] GC(11) Weak Processing 0.792ms
[3.543s][debug  ][gc,ergo        ] GC(11) AdaptiveSizeStart:  collection: 12 
[3.543s][debug  ][gc,ergo        ] GC(11) avg_survived_padded_avg: 33835448.000000
[3.543s][debug  ][gc,ergo        ] GC(11) avg_promoted_padded_avg: 241719168.000000  avg_pretenured_padded_avg: 0.000000  tenuring_thresh: 1  target_size: 34078720
[3.543s][debug  ][gc,age         ] GC(11) Desired survivor size 34078720 bytes, new threshold 1 (max threshold 15)
[3.543s][debug  ][gc,ergo        ] GC(11) PSAdaptiveSizePolicy::compute_eden_space_size limits: desired_eden_size: 274927310 old_eden_size: 200278016 eden_limit: 200278016 cur_eden: 200278016 max_eden_size: 200278016 avg_young_live: 29442602
[3.543s][debug  ][gc,ergo        ] GC(11) PSAdaptiveSizePolicy::compute_eden_space_size: costs minor_time: 0.052764 major_cost: 0.032470 mutator_cost: 0.914766 throughput_goal: 0.990000
[3.543s][debug  ][gc,ergo        ] GC(11) Live_space: 1127928576 free_space: 473432064
[3.543s][debug  ][gc,ergo        ] GC(11) Old eden_size: 200278016 desired_eden_size: 200278016
[3.543s][debug  ][gc,ergo        ] GC(11) AdaptiveSizeStop: collection: 12 
[3.543s][info   ][gc,heap        ] GC(11) PSYoungGen: 188144K(228864K)->30720K(228864K) Eden: 188144K(195584K)->0K(195584K) From: 0K(33280K)->30720K(33280K)
[3.543s][info   ][gc,heap        ] GC(11) ParOldGen: 810596K(1318912K)->964196K(1318912K)
[3.543s][info   ][gc,metaspace   ] GC(11) Metaspace: 1019K(1152K)->1019K(1152K) NonClass: 935K(960K)->935K(960K) Class: 83K(192K)->83K(192K)
[3.543s][info   ][gc             ] GC(11) Pause Young (Allocation Failure) 975M->971M(1511M) 14.790ms
[3.543s][info   ][gc,cpu         ] GC(11) User=0.17s Sys=0.00s Real=0.02s
[3.543s][debug  ][gc,heap        ] GC(11) Heap after GC invocations=12 (full 1):
[3.543s][debug  ][gc,heap        ] GC(11)  PSYoungGen      total 228864K, used 30720K [0x00000000f0000000, 0x0000000100000000, 0x0000000100000000)
[3.543s][debug  ][gc,heap        ] GC(11)   eden space 195584K, 0% used [0x00000000f0000000,0x00000000f0000000,0x00000000fbf00000)
[3.543s][debug  ][gc,heap        ] GC(11)   from space 33280K, 92% used [0x00000000fdf80000,0x00000000ffd80030,0x0000000100000000)
[3.543s][debug  ][gc,heap        ] GC(11)   to   space 33280K, 0% used [0x00000000fbf00000,0x00000000fbf00000,0x00000000fdf80000)
[3.543s][debug  ][gc,heap        ] GC(11)  ParOldGen       total 1318912K, used 964196K [0x0000000080000000, 0x00000000d0800000, 0x00000000f0000000)
[3.543s][debug  ][gc,heap        ] GC(11)   object space 1318912K, 73% used [0x0000000080000000,0x00000000bad991b8,0x00000000d0800000)
[3.543s][debug  ][gc,heap        ] GC(11)  Metaspace       used 1019K, committed 1152K, reserved 1056768K
[3.543s][debug  ][gc,heap        ] GC(11)   class space    used 83K, committed 192K, reserved 1048576K
[3.543s][debug  ][gc,task,time   ] GC(11) VM-Thread 35277973 35411079 35433005
[3.829s][debug  ][gc,heap        ] GC(12) Heap before GC invocations=13 (full 1):
[3.829s][debug  ][gc,heap        ] GC(12)  PSYoungGen      total 228864K, used 218793K [0x00000000f0000000, 0x0000000100000000, 0x0000000100000000)
[3.829s][debug  ][gc,heap        ] GC(12)   eden space 195584K, 96% used [0x00000000f0000000,0x00000000fb7aa430,0x00000000fbf00000)
[3.829s][debug  ][gc,heap        ] GC(12)   from space 33280K, 92% used [0x00000000fdf80000,0x00000000ffd80030,0x0000000100000000)
[3.829s][debug  ][gc,heap        ] GC(12)   to   space 33280K, 0% used [0x00000000fbf00000,0x00000000fbf00000,0x00000000fdf80000)
[3.829s][debug  ][gc,heap        ] GC(12)  ParOldGen       total 1318912K, used 964196K [0x0000000080000000, 0x00000000d0800000, 0x00000000f0000000)
[3.829s][debug  ][gc,heap        ] GC(12)   object space 1318912K, 73% used [0x0000000080000000,0x00000000bad991b8,0x00000000d0800000)
[3.829s][debug  ][gc,heap        ] GC(12)  Metaspace       used 1019K, committed 1152K, reserved 1056768K
[3.829s][debug  ][gc,heap        ] GC(12)   class space    used 83K, committed 192K, reserved 1048576K
[3.829s][debug  ][gc,tlab        ] GC(12) TLAB totals: thrds: 1  refills: 1 max: 1 slow allocs: 17 max 17 waste: 26.8% gc: 3841664B max: 3841664B slow: 0B max: 0B
[3.829s][info   ][gc,start       ] GC(12) Pause Young (Allocation Failure)
[3.829s][debug  ][gc,phases,start] GC(12) Scavenge
[3.841s][debug  ][gc,phases      ] GC(12) Scavenge 11.173ms
[3.841s][debug  ][gc,phases,start] GC(12) Reference Processing
[3.841s][debug  ][gc,ref         ] GC(12) Skipped phase 1 of Reference Processing: no references
[3.841s][debug  ][gc,ref         ] GC(12) Skipped phase 2 of Reference Processing: no references
[3.841s][debug  ][gc,ref         ] GC(12) Skipped phase 3 of Reference Processing: no references
[3.841s][debug  ][gc,ref         ] GC(12) Skipped phase 4 of Reference Processing: no references
[3.841s][debug  ][gc,phases,ref  ] GC(12) Reference Processing: 0.1ms
[3.841s][debug  ][gc,phases,ref  ] GC(12)   Reconsider SoftReferences: 0.0ms
[3.841s][debug  ][gc,phases,ref  ] GC(12)     SoftRef (ms):                  skipped
[3.841s][debug  ][gc,phases,ref  ] GC(12)   Notify Soft/WeakReferences: 0.0ms
[3.841s][debug  ][gc,phases,ref  ] GC(12)     SoftRef (ms):                  skipped
[3.841s][debug  ][gc,phases,ref  ] GC(12)     WeakRef (ms):                  skipped
[3.841s][debug  ][gc,phases,ref  ] GC(12)     FinalRef (ms):                 skipped
[3.841s][debug  ][gc,phases,ref  ] GC(12)     Total (ms):                    skipped
[3.841s][debug  ][gc,phases,ref  ] GC(12)   Notify and keep alive finalizable: 0.0ms
[3.841s][debug  ][gc,phases,ref  ] GC(12)     FinalRef (ms):                 skipped
[3.841s][debug  ][gc,phases,ref  ] GC(12)   Notify PhantomReferences: 0.0ms
[3.841s][debug  ][gc,phases,ref  ] GC(12)     PhantomRef (ms):               skipped
[3.841s][debug  ][gc,phases,ref  ] GC(12)   SoftReference:
[3.841s][debug  ][gc,phases,ref  ] GC(12)     Discovered: 0
[3.841s][debug  ][gc,phases,ref  ] GC(12)     Cleared: 0
[3.841s][debug  ][gc,phases,ref  ] GC(12)   WeakReference:
[3.841s][debug  ][gc,phases,ref  ] GC(12)     Discovered: 0
[3.841s][debug  ][gc,phases,ref  ] GC(12)     Cleared: 0
[3.841s][debug  ][gc,phases,ref  ] GC(12)   FinalReference:
[3.841s][debug  ][gc,phases,ref  ] GC(12)     Discovered: 0
[3.841s][debug  ][gc,phases,ref  ] GC(12)     Cleared: 0
[3.841s][debug  ][gc,phases,ref  ] GC(12)   PhantomReference:
[3.841s][debug  ][gc,phases,ref  ] GC(12)     Discovered: 0
[3.841s][debug  ][gc,phases,ref  ] GC(12)     Cleared: 0
[3.841s][debug  ][gc,phases      ] GC(12) Reference Processing 0.643ms
[3.841s][debug  ][gc,phases,start] GC(12) Weak Processing
[3.841s][debug  ][gc,phases      ] GC(12)   VM Weak                        Min:  0.0, Avg:  0.0, Max:  0.0, Diff:  0.0, Sum:  0.0, Workers: 6
[3.841s][debug  ][gc,phases      ] GC(12)     Dead                           Min: 0, Avg:  0.0, Max: 0, Diff: 0, Sum: 0, Workers: 6
[3.841s][debug  ][gc,phases      ] GC(12)     Total                          Min: 0, Avg:  1.3, Max: 8, Diff: 8, Sum: 8, Workers: 6
[3.841s][debug  ][gc,phases      ] GC(12)   ObjectSynchronizer Weak        Min:  0.0, Avg:  0.0, Max:  0.0, Diff:  0.0, Sum:  0.0, Workers: 6
[3.841s][debug  ][gc,phases      ] GC(12)     Dead                           Min: 0, Avg:  0.0, Max: 0, Diff: 0, Sum: 0, Workers: 6
[3.841s][debug  ][gc,phases      ] GC(12)     Total                          Min: 0, Avg:  0.5, Max: 3, Diff: 3, Sum: 3, Workers: 6
[3.842s][debug  ][gc,phases      ] GC(12)   JVMTI Tag Weak OopStorage      Min:  0.0, Avg:  0.0, Max:  0.0, Diff:  0.0, Sum:  0.0, Workers: 6
[3.842s][debug  ][gc,phases      ] GC(12)     Dead                           Min: 0, Avg:  0.0, Max: 0, Diff: 0, Sum: 0, Workers: 6
[3.842s][debug  ][gc,phases      ] GC(12)     Total                          Min: 0, Avg:  0.0, Max: 0, Diff: 0, Sum: 0, Workers: 6
[3.842s][debug  ][gc,phases      ] GC(12)   StringTable Weak               Min:  0.0, Avg:  0.0, Max:  0.0, Diff:  0.0, Sum:  0.0, Workers: 6
[3.842s][debug  ][gc,phases      ] GC(12)     Dead                           Min: 0, Avg:  0.0, Max: 0, Diff: 0, Sum: 0, Workers: 6
[3.842s][debug  ][gc,phases      ] GC(12)     Total                          Min: 811, Avg: 892.3, Max: 960, Diff: 149, Sum: 5354, Workers: 6
[3.842s][debug  ][gc,phases      ] GC(12)   ResolvedMethodTable Weak       Min:  0.0, Avg:  0.0, Max:  0.0, Diff:  0.0, Sum:  0.0, Workers: 6
[3.842s][debug  ][gc,phases      ] GC(12)     Dead                           Min: 0, Avg:  0.0, Max: 0, Diff: 0, Sum: 0, Workers: 6
[3.842s][debug  ][gc,phases      ] GC(12)     Total                          Min: 0, Avg: 21.7, Max: 64, Diff: 64, Sum: 130, Workers: 6
[3.842s][debug  ][gc,phases      ] GC(12)   JNI Weak                       Min:  0.0, Avg:  0.0, Max:  0.0, Diff:  0.0, Sum:  0.0, Workers: 6
[3.842s][debug  ][gc,phases      ] GC(12)     Dead                           Min: 0, Avg:  0.0, Max: 0, Diff: 0, Sum: 0, Workers: 6
[3.842s][debug  ][gc,phases      ] GC(12)     Total                          Min: 0, Avg:  0.0, Max: 0, Diff: 0, Sum: 0, Workers: 6
[3.842s][debug  ][gc,phases      ] GC(12)   StringDedup Table Weak         Min:  0.0, Avg:  0.0, Max:  0.0, Diff:  0.0, Sum:  0.0, Workers: 6
[3.842s][debug  ][gc,phases      ] GC(12)     Dead                           Min: 0, Avg:  0.0, Max: 0, Diff: 0, Sum: 0, Workers: 6
[3.842s][debug  ][gc,phases      ] GC(12)     Total                          Min: 0, Avg:  0.0, Max: 0, Diff: 0, Sum: 0, Workers: 6
[3.842s][debug  ][gc,phases      ] GC(12)   StringDedup Requests0 Weak     Min:  0.0, Avg:  0.0, Max:  0.0, Diff:  0.0, Sum:  0.0, Workers: 6
[3.842s][debug  ][gc,phases      ] GC(12)     Dead                           Min: 0, Avg:  0.0, Max: 0, Diff: 0, Sum: 0, Workers: 6
[3.842s][debug  ][gc,phases      ] GC(12)     Total                          Min: 0, Avg:  0.0, Max: 0, Diff: 0, Sum: 0, Workers: 6
[3.842s][debug  ][gc,phases      ] GC(12)   StringDedup Requests1 Weak     Min:  0.0, Avg:  0.0, Max:  0.0, Diff:  0.0, Sum:  0.0, Workers: 6
[3.842s][debug  ][gc,phases      ] GC(12)     Dead                           Min: 0, Avg:  0.0, Max: 0, Diff: 0, Sum: 0, Workers: 6
[3.842s][debug  ][gc,phases      ] GC(12)     Total                          Min: 0, Avg:  0.0, Max: 0, Diff: 0, Sum: 0, Workers: 6
[3.842s][debug  ][gc,phases      ] GC(12)   Weak JFR Old Object Samples    Min:  0.0, Avg:  0.0, Max:  0.0, Diff:  0.0, Sum:  0.0, Workers: 6
[3.842s][debug  ][gc,phases      ] GC(12)     Dead                           Min: 0, Avg:  0.0, Max: 0, Diff: 0, Sum: 0, Workers: 6
[3.842s][debug  ][gc,phases      ] GC(12)     Total                          Min: 0, Avg:  0.0, Max: 0, Diff: 0, Sum: 0, Workers: 6
[3.842s][debug  ][gc,phases      ] GC(12) Weak Processing 0.723ms
[3.842s][debug  ][gc,ergo        ] GC(12) AdaptiveSizeStart:  collection: 13 
[3.842s][debug  ][gc,ergo        ] GC(12) avg_survived_padded_avg: 33842568.000000
[3.842s][debug  ][gc,ergo        ] GC(12) avg_promoted_padded_avg: 241810144.000000  avg_pretenured_padded_avg: 0.000000  tenuring_thresh: 1  target_size: 34078720
[3.842s][debug  ][gc,age         ] GC(12) Desired survivor size 34078720 bytes, new threshold 1 (max threshold 15)
[3.842s][debug  ][gc,ergo        ] GC(12) PSAdaptiveSizePolicy::compute_eden_space_size limits: desired_eden_size: 273468504 old_eden_size: 200278016 eden_limit: 200278016 cur_eden: 200278016 max_eden_size: 200278016 avg_young_live: 29644074
[3.842s][debug  ][gc,ergo        ] GC(12) PSAdaptiveSizePolicy::compute_eden_space_size: costs minor_time: 0.050141 major_cost: 0.032470 mutator_cost: 0.917389 throughput_goal: 0.990000
[3.842s][debug  ][gc,ergo        ] GC(12) Live_space: 1128130048 free_space: 473432064
[3.842s][debug  ][gc,ergo        ] GC(12) Old eden_size: 200278016 desired_eden_size: 200278016
[3.842s][debug  ][gc,ergo        ] GC(12) AdaptiveSizeStop: collection: 13 
[3.842s][info   ][gc,heap        ] GC(12) PSYoungGen: 218793K(228864K)->30720K(228864K) Eden: 188073K(195584K)->0K(195584K) From: 30720K(33280K)->30720K(33280K)
[3.842s][info   ][gc,heap        ] GC(12) ParOldGen: 964196K(1318912K)->1087076K(1318912K)
[3.842s][info   ][gc,metaspace   ] GC(12) Metaspace: 1019K(1152K)->1019K(1152K) NonClass: 935K(960K)->935K(960K) Class: 83K(192K)->83K(192K)
[3.842s][info   ][gc             ] GC(12) Pause Young (Allocation Failure) 1155M->1091M(1511M) 12.963ms
[3.842s][info   ][gc,cpu         ] GC(12) User=0.16s Sys=0.00s Real=0.01s
[3.842s][debug  ][gc,heap        ] GC(12) Heap after GC invocations=13 (full 1):
[3.842s][debug  ][gc,heap        ] GC(12)  PSYoungGen      total 228864K, used 30720K [0x00000000f0000000, 0x0000000100000000, 0x0000000100000000)
[3.842s][debug  ][gc,heap        ] GC(12)   eden space 195584K, 0% used [0x00000000f0000000,0x00000000f0000000,0x00000000fbf00000)
[3.842s][debug  ][gc,heap        ] GC(12)   from space 33280K, 92% used [0x00000000fbf00000,0x00000000fdd00030,0x00000000fdf80000)
[3.842s][debug  ][gc,heap        ] GC(12)   to   space 33280K, 0% used [0x00000000fdf80000,0x00000000fdf80000,0x0000000100000000)
[3.843s][debug  ][gc,heap        ] GC(12)  ParOldGen       total 1318912K, used 1087076K [0x0000000080000000, 0x00000000d0800000, 0x00000000f0000000)
[3.843s][debug  ][gc,heap        ] GC(12)   object space 1318912K, 82% used [0x0000000080000000,0x00000000c2599278,0x00000000d0800000)
[3.843s][debug  ][gc,heap        ] GC(12)  Metaspace       used 1019K, committed 1152K, reserved 1056768K
[3.843s][debug  ][gc,heap        ] GC(12)   class space    used 83K, committed 192K, reserved 1048576K
[3.843s][debug  ][gc,task,time   ] GC(12) VM-Thread 38289360 38406566 38425990
[3.843s][debug  ][gc,phases,start] GC(13) Pre Compact
[3.843s][debug  ][gc,heap        ] GC(13) Heap before GC invocations=14 (full 2):
[3.843s][debug  ][gc,heap        ] GC(13)  PSYoungGen      total 228864K, used 30720K [0x00000000f0000000, 0x0000000100000000, 0x0000000100000000)
[3.843s][debug  ][gc,heap        ] GC(13)   eden space 195584K, 0% used [0x00000000f0000000,0x00000000f0000000,0x00000000fbf00000)
[3.843s][debug  ][gc,heap        ] GC(13)   from space 33280K, 92% used [0x00000000fbf00000,0x00000000fdd00030,0x00000000fdf80000)
[3.843s][debug  ][gc,heap        ] GC(13)   to   space 33280K, 0% used [0x00000000fdf80000,0x00000000fdf80000,0x0000000100000000)
[3.843s][debug  ][gc,heap        ] GC(13)  ParOldGen       total 1318912K, used 1087076K [0x0000000080000000, 0x00000000d0800000, 0x00000000f0000000)
[3.843s][debug  ][gc,heap        ] GC(13)   object space 1318912K, 82% used [0x0000000080000000,0x00000000c2599278,0x00000000d0800000)
[3.843s][debug  ][gc,heap        ] GC(13)  Metaspace       used 1019K, committed 1152K, reserved 1056768K
[3.843s][debug  ][gc,heap        ] GC(13)   class space    used 83K, committed 192K, reserved 1048576K
[3.843s][debug  ][gc,phases      ] GC(13) Pre Compact 0.200ms
[3.843s][info   ][gc,start       ] GC(13) Pause Full (Ergonomics)
[3.843s][info   ][gc,phases,start] GC(13) Marking Phase
[3.843s][debug  ][gc,phases,start] GC(13) Par Mark
[3.843s][debug  ][gc,phases      ] GC(13) Par Mark 0.521ms
[3.843s][debug  ][gc,phases,start] GC(13) Reference Processing
[3.843s][debug  ][gc,ref         ] GC(13) Skipped phase 1 of Reference Processing: no references
[3.844s][debug  ][gc,ref         ] GC(13) ReferenceProcessor::execute queues: 1, RefProcThreadModel::Single, marks_oops_alive: false
[3.844s][debug  ][gc,ref         ] GC(13) Skipped phase 3 of Reference Processing: no references
[3.844s][debug  ][gc,ref         ] GC(13) ReferenceProcessor::execute queues: 1, RefProcThreadModel::Single, marks_oops_alive: false
[3.844s][debug  ][gc,phases,ref  ] GC(13) Reference Processing: 0.1ms
[3.844s][debug  ][gc,phases,ref  ] GC(13)   Reconsider SoftReferences: 0.0ms
[3.844s][debug  ][gc,phases,ref  ] GC(13)     SoftRef (ms):                  skipped
[3.844s][debug  ][gc,phases,ref  ] GC(13)   Notify Soft/WeakReferences: 0.0ms
[3.844s][debug  ][gc,phases,ref  ] GC(13)     SoftRef (ms):                  Min:  0.0, Avg:  0.0, Max:  0.0, Diff:  0.0, Sum:  0.0, Workers: 12
[3.844s][debug  ][gc,phases,ref  ] GC(13)     WeakRef (ms):                  Min:  0.0, Avg:  0.0, Max:  0.0, Diff:  0.0, Sum:  0.0, Workers: 12
[3.844s][debug  ][gc,phases,ref  ] GC(13)     FinalRef (ms):                 Min:  0.0, Avg:  0.0, Max:  0.0, Diff:  0.0, Sum:  0.0, Workers: 12
[3.844s][debug  ][gc,phases,ref  ] GC(13)     Total (ms):                    Min:  0.0, Avg:  0.0, Max:  0.0, Diff:  0.0, Sum:  0.0, Workers: 12
[3.844s][debug  ][gc,phases,ref  ] GC(13)   Notify and keep alive finalizable: 0.0ms
[3.844s][debug  ][gc,phases,ref  ] GC(13)     FinalRef (ms):                 skipped
[3.844s][debug  ][gc,phases,ref  ] GC(13)   Notify PhantomReferences: 0.0ms
[3.844s][debug  ][gc,phases,ref  ] GC(13)     PhantomRef (ms):               Min:  0.0, Avg:  0.0, Max:  0.0, Diff:  0.0, Sum:  0.0, Workers: 12
[3.844s][debug  ][gc,phases,ref  ] GC(13)   SoftReference:
[3.844s][debug  ][gc,phases,ref  ] GC(13)     Discovered: 0
[3.844s][debug  ][gc,phases,ref  ] GC(13)     Cleared: 0
[3.844s][debug  ][gc,phases,ref  ] GC(13)   WeakReference:
[3.844s][debug  ][gc,phases,ref  ] GC(13)     Discovered: 87
[3.844s][debug  ][gc,phases,ref  ] GC(13)     Cleared: 87
[3.844s][debug  ][gc,phases,ref  ] GC(13)   FinalReference:
[3.844s][debug  ][gc,phases,ref  ] GC(13)     Discovered: 0
[3.844s][debug  ][gc,phases,ref  ] GC(13)     Cleared: 0
[3.844s][debug  ][gc,phases,ref  ] GC(13)   PhantomReference:
[3.844s][debug  ][gc,phases,ref  ] GC(13)     Discovered: 3
[3.844s][debug  ][gc,phases,ref  ] GC(13)     Cleared: 3
[3.844s][debug  ][gc,phases      ] GC(13) Reference Processing 0.635ms
[3.844s][debug  ][gc,phases,start] GC(13) Weak Processing
[3.844s][debug  ][gc,phases      ] GC(13)   VM Weak                        Min:  0.0, Avg:  0.0, Max:  0.0, Diff:  0.0, Sum:  0.0, Workers: 6
[3.844s][debug  ][gc,phases      ] GC(13)     Dead                           Min: 0, Avg:  0.0, Max: 0, Diff: 0, Sum: 0, Workers: 6
[3.844s][debug  ][gc,phases      ] GC(13)     Total                          Min: 0, Avg:  1.3, Max: 8, Diff: 8, Sum: 8, Workers: 6
[3.844s][debug  ][gc,phases      ] GC(13)   ObjectSynchronizer Weak        Min:  0.0, Avg:  0.0, Max:  0.0, Diff:  0.0, Sum:  0.0, Workers: 6
[3.844s][debug  ][gc,phases      ] GC(13)     Dead                           Min: 0, Avg:  0.0, Max: 0, Diff: 0, Sum: 0, Workers: 6
[3.844s][debug  ][gc,phases      ] GC(13)     Total                          Min: 0, Avg:  0.5, Max: 3, Diff: 3, Sum: 3, Workers: 6
[3.844s][debug  ][gc,phases      ] GC(13)   JVMTI Tag Weak OopStorage      Min:  0.0, Avg:  0.0, Max:  0.0, Diff:  0.0, Sum:  0.0, Workers: 6
[3.844s][debug  ][gc,phases      ] GC(13)     Dead                           Min: 0, Avg:  0.0, Max: 0, Diff: 0, Sum: 0, Workers: 6
[3.844s][debug  ][gc,phases      ] GC(13)     Total                          Min: 0, Avg:  0.0, Max: 0, Diff: 0, Sum: 0, Workers: 6
[3.844s][debug  ][gc,phases      ] GC(13)   StringTable Weak               Min:  0.0, Avg:  0.0, Max:  0.0, Diff:  0.0, Sum:  0.0, Workers: 6
[3.844s][debug  ][gc,phases      ] GC(13)     Dead                           Min: 0, Avg:  0.0, Max: 0, Diff: 0, Sum: 0, Workers: 6
[3.844s][debug  ][gc,phases      ] GC(13)     Total                          Min: 704, Avg: 892.3, Max: 1216, Diff: 512, Sum: 5354, Workers: 6
[3.844s][debug  ][gc,phases      ] GC(13)   ResolvedMethodTable Weak       Min:  0.0, Avg:  0.0, Max:  0.0, Diff:  0.0, Sum:  0.0, Workers: 6
[3.844s][debug  ][gc,phases      ] GC(13)     Dead                           Min: 0, Avg:  0.0, Max: 0, Diff: 0, Sum: 0, Workers: 6
[3.844s][debug  ][gc,phases      ] GC(13)     Total                          Min: 0, Avg: 21.7, Max: 64, Diff: 64, Sum: 130, Workers: 6
[3.844s][debug  ][gc,phases      ] GC(13)   JNI Weak                       Min:  0.0, Avg:  0.0, Max:  0.0, Diff:  0.0, Sum:  0.0, Workers: 6
[3.844s][debug  ][gc,phases      ] GC(13)     Dead                           Min: 0, Avg:  0.0, Max: 0, Diff: 0, Sum: 0, Workers: 6
[3.844s][debug  ][gc,phases      ] GC(13)     Total                          Min: 0, Avg:  0.0, Max: 0, Diff: 0, Sum: 0, Workers: 6
[3.845s][debug  ][gc,phases      ] GC(13)   StringDedup Table Weak         Min:  0.0, Avg:  0.0, Max:  0.0, Diff:  0.0, Sum:  0.0, Workers: 6
[3.845s][debug  ][gc,phases      ] GC(13)     Dead                           Min: 0, Avg:  0.0, Max: 0, Diff: 0, Sum: 0, Workers: 6
[3.845s][debug  ][gc,phases      ] GC(13)     Total                          Min: 0, Avg:  0.0, Max: 0, Diff: 0, Sum: 0, Workers: 6
[3.845s][debug  ][gc,phases      ] GC(13)   StringDedup Requests0 Weak     Min:  0.0, Avg:  0.0, Max:  0.0, Diff:  0.0, Sum:  0.0, Workers: 6
[3.845s][debug  ][gc,phases      ] GC(13)     Dead                           Min: 0, Avg:  0.0, Max: 0, Diff: 0, Sum: 0, Workers: 6
[3.845s][debug  ][gc,phases      ] GC(13)     Total                          Min: 0, Avg:  0.0, Max: 0, Diff: 0, Sum: 0, Workers: 6
[3.845s][debug  ][gc,phases      ] GC(13)   StringDedup Requests1 Weak     Min:  0.0, Avg:  0.0, Max:  0.0, Diff:  0.0, Sum:  0.0, Workers: 6
[3.845s][debug  ][gc,phases      ] GC(13)     Dead                           Min: 0, Avg:  0.0, Max: 0, Diff: 0, Sum: 0, Workers: 6
[3.845s][debug  ][gc,phases      ] GC(13)     Total                          Min: 0, Avg:  0.0, Max: 0, Diff: 0, Sum: 0, Workers: 6
[3.845s][debug  ][gc,phases      ] GC(13)   Weak JFR Old Object Samples    Min:  0.0, Avg:  0.0, Max:  0.0, Diff:  0.0, Sum:  0.0, Workers: 6
[3.845s][debug  ][gc,phases      ] GC(13)     Dead                           Min: 0, Avg:  0.0, Max: 0, Diff: 0, Sum: 0, Workers: 6
[3.845s][debug  ][gc,phases      ] GC(13)     Total                          Min: 0, Avg:  0.0, Max: 0, Diff: 0, Sum: 0, Workers: 6
[3.845s][debug  ][gc,phases      ] GC(13) Weak Processing 0.698ms
[3.845s][debug  ][gc,phases,start] GC(13) Class Unloading
[3.845s][debug  ][gc,phases,start] GC(13) ClassLoaderData
[3.845s][debug  ][gc,phases      ] GC(13) ClassLoaderData 0.024ms
[3.845s][debug  ][gc,phases,start] GC(13) Trigger cleanups
[3.845s][debug  ][gc,phases      ] GC(13) Trigger cleanups 0.022ms
[3.845s][debug  ][gc,phases      ] GC(13) Class Unloading 0.273ms
[3.845s][info   ][gc,phases      ] GC(13) Marking Phase 2.248ms
[3.845s][info   ][gc,phases,start] GC(13) Summary Phase
[3.845s][info   ][gc,phases      ] GC(13) Summary Phase 0.037ms
[3.845s][info   ][gc,phases,start] GC(13) Adjust Roots
[3.846s][info   ][gc,phases      ] GC(13) Adjust Roots 0.353ms
[3.846s][info   ][gc,phases,start] GC(13) Compaction Phase
[3.863s][info   ][gc,phases      ] GC(13) Compaction Phase 17.432ms
[3.863s][info   ][gc,phases,start] GC(13) Post Compact
[3.867s][info   ][gc,phases      ] GC(13) Post Compact 4.260ms
[3.868s][debug  ][gc,ergo        ] GC(13) AdaptiveSizeStart: collection: 14 
[3.868s][debug  ][gc,ergo        ] GC(13) PSAdaptiveSizePolicy::compute_eden_space_size limits: desired_eden_size: 270919534 old_eden_size: 200278016 eden_limit: 200278016 cur_eden: 200278016 max_eden_size: 200278016 avg_young_live: 26679668
[3.868s][debug  ][gc,ergo        ] GC(13) PSAdaptiveSizePolicy::compute_eden_space_size: costs minor_time: 0.050141 major_cost: 0.035451 mutator_cost: 0.914408 throughput_goal: 0.990000
[3.868s][debug  ][gc,ergo        ] GC(13) Live_space: 1125165568 free_space: 473432064
[3.868s][debug  ][gc,ergo        ] GC(13) Old eden_size: 200278016 desired_eden_size: 200278016
[3.868s][debug  ][gc,ergo        ] GC(13) PSAdaptiveSizePolicy::compute_old_gen_free_space: costs minor_time: 0.050141 major_cost: 0.035451  mutator_cost: 0.914408 throughput_goal: 0.990000
[3.868s][debug  ][gc,ergo        ] GC(13) Live_space: 789620800 free_space: 473432064
[3.868s][debug  ][gc,ergo        ] GC(13) Old promo_size: 273154048 desired_promo_size: 386400256
[3.897s][debug  ][gc             ] GC(13) Shrinking ParOldGen from 1318912K by 549888K to 769024K
[3.897s][debug  ][gc,ergo        ] GC(13) AdaptiveSizeStop: collection: 14 
[3.897s][info   ][gc,heap        ] GC(13) PSYoungGen: 30720K(228864K)->0K(228864K) Eden: 0K(195584K)->0K(195584K) From: 30720K(33280K)->0K(33280K)
[3.897s][info   ][gc,heap        ] GC(13) ParOldGen: 1087076K(1318912K)->155235K(769024K)
[3.897s][info   ][gc,metaspace   ] GC(13) Metaspace: 1019K(1152K)->1019K(1152K) NonClass: 935K(960K)->935K(960K) Class: 83K(192K)->83K(192K)
[3.897s][info   ][gc             ] GC(13) Pause Full (Ergonomics) 1091M->151M(974M) 53.873ms
[3.897s][info   ][gc,cpu         ] GC(13) User=0.14s Sys=0.06s Real=0.05s
[3.897s][debug  ][gc,heap        ] GC(13) Heap after GC invocations=14 (full 2):
[3.897s][debug  ][gc,heap        ] GC(13)  PSYoungGen      total 228864K, used 0K [0x00000000f0000000, 0x0000000100000000, 0x0000000100000000)
[3.897s][debug  ][gc,heap        ] GC(13)   eden space 195584K, 0% used [0x00000000f0000000,0x00000000f0000000,0x00000000fbf00000)
[3.897s][debug  ][gc,heap        ] GC(13)   from space 33280K, 0% used [0x00000000fdf80000,0x00000000fdf80000,0x0000000100000000)
[3.897s][debug  ][gc,heap        ] GC(13)   to   space 33280K, 0% used [0x00000000fbf00000,0x00000000fbf00000,0x00000000fdf80000)
[3.897s][debug  ][gc,heap        ] GC(13)  ParOldGen       total 769024K, used 155235K [0x0000000080000000, 0x00000000aef00000, 0x00000000f0000000)
[3.897s][debug  ][gc,heap        ] GC(13)   object space 769024K, 20% used [0x0000000080000000,0x0000000089798cc8,0x00000000aef00000)
[3.897s][debug  ][gc,heap        ] GC(13)  Metaspace       used 1019K, committed 1152K, reserved 1056768K
[3.897s][debug  ][gc,heap        ] GC(13)   class space    used 83K, committed 192K, reserved 1048576K
[3.897s][debug  ][gc,task,time   ] GC(13) VM-Thread 38428675 38456115 38967724
[4.176s][debug  ][gc,heap        ] GC(14) Heap before GC invocations=15 (full 2):
[4.176s][debug  ][gc,heap        ] GC(14)  PSYoungGen      total 228864K, used 188101K [0x00000000f0000000, 0x0000000100000000, 0x0000000100000000)
[4.176s][debug  ][gc,heap        ] GC(14)   eden space 195584K, 96% used [0x00000000f0000000,0x00000000fb7b1568,0x00000000fbf00000)
[4.176s][debug  ][gc,heap        ] GC(14)   from space 33280K, 0% used [0x00000000fdf80000,0x00000000fdf80000,0x0000000100000000)
[4.176s][debug  ][gc,heap        ] GC(14)   to   space 33280K, 0% used [0x00000000fbf00000,0x00000000fbf00000,0x00000000fdf80000)
[4.176s][debug  ][gc,heap        ] GC(14)  ParOldGen       total 769024K, used 155235K [0x0000000080000000, 0x00000000aef00000, 0x00000000f0000000)
[4.176s][debug  ][gc,heap        ] GC(14)   object space 769024K, 20% used [0x0000000080000000,0x0000000089798cc8,0x00000000aef00000)
[4.176s][debug  ][gc,heap        ] GC(14)  Metaspace       used 1019K, committed 1152K, reserved 1056768K
[4.176s][debug  ][gc,heap        ] GC(14)   class space    used 83K, committed 192K, reserved 1048576K
[4.176s][debug  ][gc,tlab        ] GC(14) TLAB totals: thrds: 1  refills: 1 max: 1 slow allocs: 17 max 17 waste: 27.0% gc: 3871816B max: 3871816B slow: 0B max: 0B
[4.176s][info   ][gc,start       ] GC(14) Pause Young (Allocation Failure)
[4.176s][debug  ][gc,phases,start] GC(14) Scavenge
[4.189s][debug  ][gc,phases      ] GC(14) Scavenge 12.728ms
[4.189s][debug  ][gc,phases,start] GC(14) Reference Processing
[4.189s][debug  ][gc,ref         ] GC(14) Skipped phase 1 of Reference Processing: no references
[4.189s][debug  ][gc,ref         ] GC(14) Skipped phase 2 of Reference Processing: no references
[4.189s][debug  ][gc,ref         ] GC(14) Skipped phase 3 of Reference Processing: no references
[4.189s][debug  ][gc,ref         ] GC(14) Skipped phase 4 of Reference Processing: no references
[4.189s][debug  ][gc,phases,ref  ] GC(14) Reference Processing: 0.1ms
[4.189s][debug  ][gc,phases,ref  ] GC(14)   Reconsider SoftReferences: 0.0ms
[4.189s][debug  ][gc,phases,ref  ] GC(14)     SoftRef (ms):                  skipped
[4.189s][debug  ][gc,phases,ref  ] GC(14)   Notify Soft/WeakReferences: 0.0ms
[4.190s][debug  ][gc,phases,ref  ] GC(14)     SoftRef (ms):                  skipped
[4.190s][debug  ][gc,phases,ref  ] GC(14)     WeakRef (ms):                  skipped
[4.190s][debug  ][gc,phases,ref  ] GC(14)     FinalRef (ms):                 skipped
[4.190s][debug  ][gc,phases,ref  ] GC(14)     Total (ms):                    skipped
[4.190s][debug  ][gc,phases,ref  ] GC(14)   Notify and keep alive finalizable: 0.0ms
[4.190s][debug  ][gc,phases,ref  ] GC(14)     FinalRef (ms):                 skipped
[4.190s][debug  ][gc,phases,ref  ] GC(14)   Notify PhantomReferences: 0.0ms
[4.190s][debug  ][gc,phases,ref  ] GC(14)     PhantomRef (ms):               skipped
[4.190s][debug  ][gc,phases,ref  ] GC(14)   SoftReference:
[4.190s][debug  ][gc,phases,ref  ] GC(14)     Discovered: 0
[4.190s][debug  ][gc,phases,ref  ] GC(14)     Cleared: 0
[4.190s][debug  ][gc,phases,ref  ] GC(14)   WeakReference:
[4.190s][debug  ][gc,phases,ref  ] GC(14)     Discovered: 0
[4.190s][debug  ][gc,phases,ref  ] GC(14)     Cleared: 0
[4.190s][debug  ][gc,phases,ref  ] GC(14)   FinalReference:
[4.190s][debug  ][gc,phases,ref  ] GC(14)     Discovered: 0
[4.190s][debug  ][gc,phases,ref  ] GC(14)     Cleared: 0
[4.190s][debug  ][gc,phases,ref  ] GC(14)   PhantomReference:
[4.190s][debug  ][gc,phases,ref  ] GC(14)     Discovered: 0
[4.190s][debug  ][gc,phases,ref  ] GC(14)     Cleared: 0
[4.190s][debug  ][gc,phases      ] GC(14) Reference Processing 0.691ms
[4.190s][debug  ][gc,phases,start] GC(14) Weak Processing
[4.190s][debug  ][gc,phases      ] GC(14)   VM Weak                        Min:  0.0, Avg:  0.0, Max:  0.0, Diff:  0.0, Sum:  0.0, Workers: 6
[4.190s][debug  ][gc,phases      ] GC(14)     Dead                           Min: 0, Avg:  0.0, Max: 0, Diff: 0, Sum: 0, Workers: 6
[4.190s][debug  ][gc,phases      ] GC(14)     Total                          Min: 0, Avg:  1.3, Max: 8, Diff: 8, Sum: 8, Workers: 6
[4.190s][debug  ][gc,phases      ] GC(14)   ObjectSynchronizer Weak        Min:  0.0, Avg:  0.0, Max:  0.0, Diff:  0.0, Sum:  0.0, Workers: 6
[4.190s][debug  ][gc,phases      ] GC(14)     Dead                           Min: 0, Avg:  0.0, Max: 0, Diff: 0, Sum: 0, Workers: 6
[4.190s][debug  ][gc,phases      ] GC(14)     Total                          Min: 0, Avg:  0.5, Max: 3, Diff: 3, Sum: 3, Workers: 6
[4.190s][debug  ][gc,phases      ] GC(14)   JVMTI Tag Weak OopStorage      Min:  0.0, Avg:  0.0, Max:  0.0, Diff:  0.0, Sum:  0.0, Workers: 6
[4.190s][debug  ][gc,phases      ] GC(14)     Dead                           Min: 0, Avg:  0.0, Max: 0, Diff: 0, Sum: 0, Workers: 6
[4.190s][debug  ][gc,phases      ] GC(14)     Total                          Min: 0, Avg:  0.0, Max: 0, Diff: 0, Sum: 0, Workers: 6
[4.190s][debug  ][gc,phases      ] GC(14)   StringTable Weak               Min:  0.0, Avg:  0.0, Max:  0.0, Diff:  0.0, Sum:  0.0, Workers: 6
[4.190s][debug  ][gc,phases      ] GC(14)     Dead                           Min: 0, Avg:  0.0, Max: 0, Diff: 0, Sum: 0, Workers: 6
[4.190s][debug  ][gc,phases      ] GC(14)     Total                          Min: 704, Avg: 892.3, Max: 1280, Diff: 576, Sum: 5354, Workers: 6
[4.190s][debug  ][gc,phases      ] GC(14)   ResolvedMethodTable Weak       Min:  0.0, Avg:  0.0, Max:  0.0, Diff:  0.0, Sum:  0.0, Workers: 6
[4.190s][debug  ][gc,phases      ] GC(14)     Dead                           Min: 0, Avg:  0.0, Max: 0, Diff: 0, Sum: 0, Workers: 6
[4.190s][debug  ][gc,phases      ] GC(14)     Total                          Min: 0, Avg: 21.7, Max: 64, Diff: 64, Sum: 130, Workers: 6
[4.190s][debug  ][gc,phases      ] GC(14)   JNI Weak                       Min:  0.0, Avg:  0.0, Max:  0.0, Diff:  0.0, Sum:  0.0, Workers: 6
[4.190s][debug  ][gc,phases      ] GC(14)     Dead                           Min: 0, Avg:  0.0, Max: 0, Diff: 0, Sum: 0, Workers: 6
[4.190s][debug  ][gc,phases      ] GC(14)     Total                          Min: 0, Avg:  0.0, Max: 0, Diff: 0, Sum: 0, Workers: 6
[4.191s][debug  ][gc,phases      ] GC(14)   StringDedup Table Weak         Min:  0.0, Avg:  0.0, Max:  0.0, Diff:  0.0, Sum:  0.0, Workers: 6
[4.191s][debug  ][gc,phases      ] GC(14)     Dead                           Min: 0, Avg:  0.0, Max: 0, Diff: 0, Sum: 0, Workers: 6
[4.191s][debug  ][gc,phases      ] GC(14)     Total                          Min: 0, Avg:  0.0, Max: 0, Diff: 0, Sum: 0, Workers: 6
[4.191s][debug  ][gc,phases      ] GC(14)   StringDedup Requests0 Weak     Min:  0.0, Avg:  0.0, Max:  0.0, Diff:  0.0, Sum:  0.0, Workers: 6
[4.191s][debug  ][gc,phases      ] GC(14)     Dead                           Min: 0, Avg:  0.0, Max: 0, Diff: 0, Sum: 0, Workers: 6
[4.191s][debug  ][gc,phases      ] GC(14)     Total                          Min: 0, Avg:  0.0, Max: 0, Diff: 0, Sum: 0, Workers: 6
[4.191s][debug  ][gc,phases      ] GC(14)   StringDedup Requests1 Weak     Min:  0.0, Avg:  0.0, Max:  0.0, Diff:  0.0, Sum:  0.0, Workers: 6
[4.191s][debug  ][gc,phases      ] GC(14)     Dead                           Min: 0, Avg:  0.0, Max: 0, Diff: 0, Sum: 0, Workers: 6
[4.191s][debug  ][gc,phases      ] GC(14)     Total                          Min: 0, Avg:  0.0, Max: 0, Diff: 0, Sum: 0, Workers: 6
[4.191s][debug  ][gc,phases      ] GC(14)   Weak JFR Old Object Samples    Min:  0.0, Avg:  0.0, Max:  0.0, Diff:  0.0, Sum:  0.0, Workers: 6
[4.191s][debug  ][gc,phases      ] GC(14)     Dead                           Min: 0, Avg:  0.0, Max: 0, Diff: 0, Sum: 0, Workers: 6
[4.191s][debug  ][gc,phases      ] GC(14)     Total                          Min: 0, Avg:  0.0, Max: 0, Diff: 0, Sum: 0, Workers: 6
[4.191s][debug  ][gc,phases      ] GC(14) Weak Processing 0.782ms
[4.191s][debug  ][gc,ergo        ] GC(14) AdaptiveSizeStart:  collection: 15 
[4.191s][debug  ][gc,ergo        ] GC(14) avg_survived_padded_avg: 33824476.000000
[4.191s][debug  ][gc,ergo        ] GC(14) avg_promoted_padded_avg: 235376304.000000  avg_pretenured_padded_avg: 0.000000  tenuring_thresh: 1  target_size: 34078720
[4.191s][debug  ][gc,age         ] GC(14) Desired survivor size 34078720 bytes, new threshold 1 (max threshold 15)
[4.191s][debug  ][gc,ergo        ] GC(14) PSAdaptiveSizePolicy::compute_eden_space_size limits: desired_eden_size: 269564896 old_eden_size: 200278016 eden_limit: 200278016 cur_eden: 200278016 max_eden_size: 200278016 avg_young_live: 27157434
[4.191s][debug  ][gc,ergo        ] GC(14) PSAdaptiveSizePolicy::compute_eden_space_size: costs minor_time: 0.047881 major_cost: 0.035451 mutator_cost: 0.916669 throughput_goal: 0.990000
[4.191s][debug  ][gc,ergo        ] GC(14) Live_space: 790098560 free_space: 586678272
[4.191s][debug  ][gc,ergo        ] GC(14) Old eden_size: 200278016 desired_eden_size: 200278016
[4.191s][debug  ][gc,ergo        ] GC(14) AdaptiveSizeStop: collection: 15 
[4.191s][info   ][gc,heap        ] GC(14) PSYoungGen: 188101K(228864K)->30720K(228864K) Eden: 188101K(195584K)->0K(195584K) From: 0K(33280K)->30720K(33280K)
[4.191s][info   ][gc,heap        ] GC(14) ParOldGen: 155235K(769024K)->308835K(769024K)
[4.191s][info   ][gc,metaspace   ] GC(14) Metaspace: 1019K(1152K)->1019K(1152K) NonClass: 935K(960K)->935K(960K) Class: 83K(192K)->83K(192K)
[4.191s][info   ][gc             ] GC(14) Pause Young (Allocation Failure) 335M->331M(974M) 14.709ms
[4.191s][info   ][gc,cpu         ] GC(14) User=0.08s Sys=0.00s Real=0.02s
[4.191s][debug  ][gc,heap        ] GC(14) Heap after GC invocations=15 (full 2):
[4.191s][debug  ][gc,heap        ] GC(14)  PSYoungGen      total 228864K, used 30720K [0x00000000f0000000, 0x0000000100000000, 0x0000000100000000)
[4.191s][debug  ][gc,heap        ] GC(14)   eden space 195584K, 0% used [0x00000000f0000000,0x00000000f0000000,0x00000000fbf00000)
[4.191s][debug  ][gc,heap        ] GC(14)   from space 33280K, 92% used [0x00000000fbf00000,0x00000000fdd00030,0x00000000fdf80000)
[4.191s][debug  ][gc,heap        ] GC(14)   to   space 33280K, 0% used [0x00000000fdf80000,0x00000000fdf80000,0x0000000100000000)
[4.191s][debug  ][gc,heap        ] GC(14)  ParOldGen       total 769024K, used 308835K [0x0000000080000000, 0x00000000aef00000, 0x00000000f0000000)
[4.191s][debug  ][gc,heap        ] GC(14)   object space 769024K, 40% used [0x0000000080000000,0x0000000092d98db8,0x00000000aef00000)
[4.191s][debug  ][gc,heap        ] GC(14)  Metaspace       used 1019K, committed 1152K, reserved 1056768K
[4.191s][debug  ][gc,heap        ] GC(14)   class space    used 83K, committed 192K, reserved 1048576K
[4.191s][debug  ][gc,task,time   ] GC(14) VM-Thread 41759955 41892918 41914010
[4.475s][debug  ][gc,heap        ] GC(15) Heap before GC invocations=16 (full 2):
[4.476s][debug  ][gc,heap        ] GC(15)  PSYoungGen      total 228864K, used 218765K [0x00000000f0000000, 0x0000000100000000, 0x0000000100000000)
[4.476s][debug  ][gc,heap        ] GC(15)   eden space 195584K, 96% used [0x00000000f0000000,0x00000000fb7a3408,0x00000000fbf00000)
[4.476s][debug  ][gc,heap        ] GC(15)   from space 33280K, 92% used [0x00000000fbf00000,0x00000000fdd00030,0x00000000fdf80000)
[4.476s][debug  ][gc,heap        ] GC(15)   to   space 33280K, 0% used [0x00000000fdf80000,0x00000000fdf80000,0x0000000100000000)
[4.476s][debug  ][gc,heap        ] GC(15)  ParOldGen       total 769024K, used 308835K [0x0000000080000000, 0x00000000aef00000, 0x00000000f0000000)
[4.476s][debug  ][gc,heap        ] GC(15)   object space 769024K, 40% used [0x0000000080000000,0x0000000092d98db8,0x00000000aef00000)
[4.476s][debug  ][gc,heap        ] GC(15)  Metaspace       used 1019K, committed 1152K, reserved 1056768K
[4.476s][debug  ][gc,heap        ] GC(15)   class space    used 83K, committed 192K, reserved 1048576K
[4.476s][debug  ][gc,tlab        ] GC(15) TLAB totals: thrds: 1  refills: 1 max: 1 slow allocs: 17 max 17 waste: 26.7% gc: 3814120B max: 3814120B slow: 0B max: 0B
[4.476s][info   ][gc,start       ] GC(15) Pause Young (Allocation Failure)
[4.476s][debug  ][gc,phases,start] GC(15) Scavenge
[4.491s][debug  ][gc,phases      ] GC(15) Scavenge 14.903ms
[4.491s][debug  ][gc,phases,start] GC(15) Reference Processing
[4.491s][debug  ][gc,ref         ] GC(15) Skipped phase 1 of Reference Processing: no references
[4.491s][debug  ][gc,ref         ] GC(15) Skipped phase 2 of Reference Processing: no references
[4.491s][debug  ][gc,ref         ] GC(15) Skipped phase 3 of Reference Processing: no references
[4.491s][debug  ][gc,ref         ] GC(15) Skipped phase 4 of Reference Processing: no references
[4.491s][debug  ][gc,phases,ref  ] GC(15) Reference Processing: 0.1ms
[4.491s][debug  ][gc,phases,ref  ] GC(15)   Reconsider SoftReferences: 0.0ms
[4.491s][debug  ][gc,phases,ref  ] GC(15)     SoftRef (ms):                  skipped
[4.491s][debug  ][gc,phases,ref  ] GC(15)   Notify Soft/WeakReferences: 0.0ms
[4.491s][debug  ][gc,phases,ref  ] GC(15)     SoftRef (ms):                  skipped
[4.491s][debug  ][gc,phases,ref  ] GC(15)     WeakRef (ms):                  skipped
[4.491s][debug  ][gc,phases,ref  ] GC(15)     FinalRef (ms):                 skipped
[4.491s][debug  ][gc,phases,ref  ] GC(15)     Total (ms):                    skipped
[4.491s][debug  ][gc,phases,ref  ] GC(15)   Notify and keep alive finalizable: 0.0ms
[4.491s][debug  ][gc,phases,ref  ] GC(15)     FinalRef (ms):                 skipped
[4.491s][debug  ][gc,phases,ref  ] GC(15)   Notify PhantomReferences: 0.0ms
[4.491s][debug  ][gc,phases,ref  ] GC(15)     PhantomRef (ms):               skipped
[4.491s][debug  ][gc,phases,ref  ] GC(15)   SoftReference:
[4.491s][debug  ][gc,phases,ref  ] GC(15)     Discovered: 0
[4.491s][debug  ][gc,phases,ref  ] GC(15)     Cleared: 0
[4.491s][debug  ][gc,phases,ref  ] GC(15)   WeakReference:
[4.491s][debug  ][gc,phases,ref  ] GC(15)     Discovered: 0
[4.491s][debug  ][gc,phases,ref  ] GC(15)     Cleared: 0
[4.491s][debug  ][gc,phases,ref  ] GC(15)   FinalReference:
[4.491s][debug  ][gc,phases,ref  ] GC(15)     Discovered: 0
[4.492s][debug  ][gc,phases,ref  ] GC(15)     Cleared: 0
[4.492s][debug  ][gc,phases,ref  ] GC(15)   PhantomReference:
[4.492s][debug  ][gc,phases,ref  ] GC(15)     Discovered: 0
[4.492s][debug  ][gc,phases,ref  ] GC(15)     Cleared: 0
[4.492s][debug  ][gc,phases      ] GC(15) Reference Processing 0.676ms
[4.492s][debug  ][gc,phases,start] GC(15) Weak Processing
[4.492s][debug  ][gc,phases      ] GC(15)   VM Weak                        Min:  0.0, Avg:  0.0, Max:  0.0, Diff:  0.0, Sum:  0.0, Workers: 6
[4.492s][debug  ][gc,phases      ] GC(15)     Dead                           Min: 0, Avg:  0.0, Max: 0, Diff: 0, Sum: 0, Workers: 6
[4.492s][debug  ][gc,phases      ] GC(15)     Total                          Min: 0, Avg:  1.3, Max: 8, Diff: 8, Sum: 8, Workers: 6
[4.492s][debug  ][gc,phases      ] GC(15)   ObjectSynchronizer Weak        Min:  0.0, Avg:  0.0, Max:  0.0, Diff:  0.0, Sum:  0.0, Workers: 6
[4.492s][debug  ][gc,phases      ] GC(15)     Dead                           Min: 0, Avg:  0.0, Max: 0, Diff: 0, Sum: 0, Workers: 6
[4.492s][debug  ][gc,phases      ] GC(15)     Total                          Min: 0, Avg:  0.5, Max: 3, Diff: 3, Sum: 3, Workers: 6
[4.492s][debug  ][gc,phases      ] GC(15)   JVMTI Tag Weak OopStorage      Min:  0.0, Avg:  0.0, Max:  0.0, Diff:  0.0, Sum:  0.0, Workers: 6
[4.492s][debug  ][gc,phases      ] GC(15)     Dead                           Min: 0, Avg:  0.0, Max: 0, Diff: 0, Sum: 0, Workers: 6
[4.492s][debug  ][gc,phases      ] GC(15)     Total                          Min: 0, Avg:  0.0, Max: 0, Diff: 0, Sum: 0, Workers: 6
[4.492s][debug  ][gc,phases      ] GC(15)   StringTable Weak               Min:  0.0, Avg:  0.0, Max:  0.0, Diff:  0.0, Sum:  0.0, Workers: 6
[4.492s][debug  ][gc,phases      ] GC(15)     Dead                           Min: 0, Avg:  0.0, Max: 0, Diff: 0, Sum: 0, Workers: 6
[4.492s][debug  ][gc,phases      ] GC(15)     Total                          Min: 768, Avg: 892.3, Max: 1088, Diff: 320, Sum: 5354, Workers: 6
[4.492s][debug  ][gc,phases      ] GC(15)   ResolvedMethodTable Weak       Min:  0.0, Avg:  0.0, Max:  0.0, Diff:  0.0, Sum:  0.0, Workers: 6
[4.492s][debug  ][gc,phases      ] GC(15)     Dead                           Min: 0, Avg:  0.0, Max: 0, Diff: 0, Sum: 0, Workers: 6
[4.492s][debug  ][gc,phases      ] GC(15)     Total                          Min: 0, Avg: 21.7, Max: 64, Diff: 64, Sum: 130, Workers: 6
[4.492s][debug  ][gc,phases      ] GC(15)   JNI Weak                       Min:  0.0, Avg:  0.0, Max:  0.0, Diff:  0.0, Sum:  0.0, Workers: 6
[4.492s][debug  ][gc,phases      ] GC(15)     Dead                           Min: 0, Avg:  0.0, Max: 0, Diff: 0, Sum: 0, Workers: 6
[4.492s][debug  ][gc,phases      ] GC(15)     Total                          Min: 0, Avg:  0.0, Max: 0, Diff: 0, Sum: 0, Workers: 6
[4.492s][debug  ][gc,phases      ] GC(15)   StringDedup Table Weak         Min:  0.0, Avg:  0.0, Max:  0.0, Diff:  0.0, Sum:  0.0, Workers: 6
[4.492s][debug  ][gc,phases      ] GC(15)     Dead                           Min: 0, Avg:  0.0, Max: 0, Diff: 0, Sum: 0, Workers: 6
[4.492s][debug  ][gc,phases      ] GC(15)     Total                          Min: 0, Avg:  0.0, Max: 0, Diff: 0, Sum: 0, Workers: 6
[4.492s][debug  ][gc,phases      ] GC(15)   StringDedup Requests0 Weak     Min:  0.0, Avg:  0.0, Max:  0.0, Diff:  0.0, Sum:  0.0, Workers: 6
[4.492s][debug  ][gc,phases      ] GC(15)     Dead                           Min: 0, Avg:  0.0, Max: 0, Diff: 0, Sum: 0, Workers: 6
[4.492s][debug  ][gc,phases      ] GC(15)     Total                          Min: 0, Avg:  0.0, Max: 0, Diff: 0, Sum: 0, Workers: 6
[4.492s][debug  ][gc,phases      ] GC(15)   StringDedup Requests1 Weak     Min:  0.0, Avg:  0.0, Max:  0.0, Diff:  0.0, Sum:  0.0, Workers: 6
[4.492s][debug  ][gc,phases      ] GC(15)     Dead                           Min: 0, Avg:  0.0, Max: 0, Diff: 0, Sum: 0, Workers: 6
[4.492s][debug  ][gc,phases      ] GC(15)     Total                          Min: 0, Avg:  0.0, Max: 0, Diff: 0, Sum: 0, Workers: 6
[4.492s][debug  ][gc,phases      ] GC(15)   Weak JFR Old Object Samples    Min:  0.0, Avg:  0.0, Max:  0.0, Diff:  0.0, Sum:  0.0, Workers: 6
[4.492s][debug  ][gc,phases      ] GC(15)     Dead                           Min: 0, Avg:  0.0, Max: 0, Diff: 0, Sum: 0, Workers: 6
[4.492s][debug  ][gc,phases      ] GC(15)     Total                          Min: 0, Avg:  0.0, Max: 0, Diff: 0, Sum: 0, Workers: 6
[4.492s][debug  ][gc,phases      ] GC(15) Weak Processing 0.823ms
[4.492s][debug  ][gc,ergo        ] GC(15) AdaptiveSizeStart:  collection: 16 
[4.493s][debug  ][gc,ergo        ] GC(15) avg_survived_padded_avg: 33786152.000000
[4.493s][debug  ][gc,ergo        ] GC(15) avg_promoted_padded_avg: 237389920.000000  avg_pretenured_padded_avg: 0.000000  tenuring_thresh: 1  target_size: 34078720
[4.493s][debug  ][gc,age         ] GC(15) Desired survivor size 34078720 bytes, new threshold 1 (max threshold 15)
[4.493s][debug  ][gc,ergo        ] GC(15) PSAdaptiveSizePolicy::compute_eden_space_size limits: desired_eden_size: 270604315 old_eden_size: 200278016 eden_limit: 200278016 cur_eden: 200278016 max_eden_size: 200278016 avg_young_live: 27587422
[4.493s][debug  ][gc,ergo        ] GC(15) PSAdaptiveSizePolicy::compute_eden_space_size: costs minor_time: 0.049604 major_cost: 0.035451 mutator_cost: 0.914945 throughput_goal: 0.990000
[4.493s][debug  ][gc,ergo        ] GC(15) Live_space: 790528512 free_space: 586678272
[4.493s][debug  ][gc,ergo        ] GC(15) Old eden_size: 200278016 desired_eden_size: 200278016
[4.493s][debug  ][gc,ergo        ] GC(15) AdaptiveSizeStop: collection: 16 
[4.493s][info   ][gc,heap        ] GC(15) PSYoungGen: 218765K(228864K)->30720K(228864K) Eden: 188045K(195584K)->0K(195584K) From: 30720K(33280K)->30720K(33280K)
[4.493s][info   ][gc,heap        ] GC(15) ParOldGen: 308835K(769024K)->493155K(769024K)
[4.493s][info   ][gc,metaspace   ] GC(15) Metaspace: 1019K(1152K)->1019K(1152K) NonClass: 935K(960K)->935K(960K) Class: 83K(192K)->83K(192K)
[4.493s][info   ][gc             ] GC(15) Pause Young (Allocation Failure) 515M->511M(974M) 16.861ms
[4.493s][info   ][gc,cpu         ] GC(15) User=0.17s Sys=0.00s Real=0.02s
[4.493s][debug  ][gc,heap        ] GC(15) Heap after GC invocations=16 (full 2):
[4.493s][debug  ][gc,heap        ] GC(15)  PSYoungGen      total 228864K, used 30720K [0x00000000f0000000, 0x0000000100000000, 0x0000000100000000)
[4.493s][debug  ][gc,heap        ] GC(15)   eden space 195584K, 0% used [0x00000000f0000000,0x00000000f0000000,0x00000000fbf00000)
[4.493s][debug  ][gc,heap        ] GC(15)   from space 33280K, 92% used [0x00000000fdf80000,0x00000000ffd80030,0x0000000100000000)
[4.493s][debug  ][gc,heap        ] GC(15)   to   space 33280K, 0% used [0x00000000fbf00000,0x00000000fbf00000,0x00000000fdf80000)
[4.493s][debug  ][gc,heap        ] GC(15)  ParOldGen       total 769024K, used 493155K [0x0000000080000000, 0x00000000aef00000, 0x00000000f0000000)
[4.493s][debug  ][gc,heap        ] GC(15)   object space 769024K, 64% used [0x0000000080000000,0x000000009e198ed8,0x00000000aef00000)
[4.493s][debug  ][gc,heap        ] GC(15)  Metaspace       used 1019K, committed 1152K, reserved 1056768K
[4.493s][debug  ][gc,heap        ] GC(15)   class space    used 83K, committed 192K, reserved 1048576K
[4.493s][debug  ][gc,task,time   ] GC(15) VM-Thread 44754609 44909327 44930181
[4.775s][debug  ][gc,heap        ] GC(16) Heap before GC invocations=17 (full 2):
[4.775s][debug  ][gc,heap        ] GC(16)  PSYoungGen      total 228864K, used 218803K [0x00000000f0000000, 0x0000000100000000, 0x0000000100000000)
[4.775s][debug  ][gc,heap        ] GC(16)   eden space 195584K, 96% used [0x00000000f0000000,0x00000000fb7acd48,0x00000000fbf00000)
[4.775s][debug  ][gc,heap        ] GC(16)   from space 33280K, 92% used [0x00000000fdf80000,0x00000000ffd80030,0x0000000100000000)
[4.776s][debug  ][gc,heap        ] GC(16)   to   space 33280K, 0% used [0x00000000fbf00000,0x00000000fbf00000,0x00000000fdf80000)
[4.776s][debug  ][gc,heap        ] GC(16)  ParOldGen       total 769024K, used 493155K [0x0000000080000000, 0x00000000aef00000, 0x00000000f0000000)
[4.776s][debug  ][gc,heap        ] GC(16)   object space 769024K, 64% used [0x0000000080000000,0x000000009e198ed8,0x00000000aef00000)
[4.776s][debug  ][gc,heap        ] GC(16)  Metaspace       used 1019K, committed 1152K, reserved 1056768K
[4.776s][debug  ][gc,heap        ] GC(16)   class space    used 83K, committed 192K, reserved 1048576K
[4.776s][debug  ][gc,tlab        ] GC(16) TLAB totals: thrds: 1  refills: 1 max: 1 slow allocs: 17 max 17 waste: 26.9% gc: 3853352B max: 3853352B slow: 0B max: 0B
[4.776s][info   ][gc,start       ] GC(16) Pause Young (Allocation Failure)
[4.776s][debug  ][gc,phases,start] GC(16) Scavenge
[4.791s][debug  ][gc,phases      ] GC(16) Scavenge 14.979ms
[4.791s][debug  ][gc,phases,start] GC(16) Reference Processing
[4.791s][debug  ][gc,ref         ] GC(16) Skipped phase 1 of Reference Processing: no references
[4.791s][debug  ][gc,ref         ] GC(16) Skipped phase 2 of Reference Processing: no references
[4.791s][debug  ][gc,ref         ] GC(16) Skipped phase 3 of Reference Processing: no references
[4.791s][debug  ][gc,ref         ] GC(16) Skipped phase 4 of Reference Processing: no references
[4.791s][debug  ][gc,phases,ref  ] GC(16) Reference Processing: 0.1ms
[4.791s][debug  ][gc,phases,ref  ] GC(16)   Reconsider SoftReferences: 0.0ms
[4.791s][debug  ][gc,phases,ref  ] GC(16)     SoftRef (ms):                  skipped
[4.791s][debug  ][gc,phases,ref  ] GC(16)   Notify Soft/WeakReferences: 0.0ms
[4.791s][debug  ][gc,phases,ref  ] GC(16)     SoftRef (ms):                  skipped
[4.791s][debug  ][gc,phases,ref  ] GC(16)     WeakRef (ms):                  skipped
[4.791s][debug  ][gc,phases,ref  ] GC(16)     FinalRef (ms):                 skipped
[4.791s][debug  ][gc,phases,ref  ] GC(16)     Total (ms):                    skipped
[4.791s][debug  ][gc,phases,ref  ] GC(16)   Notify and keep alive finalizable: 0.0ms
[4.791s][debug  ][gc,phases,ref  ] GC(16)     FinalRef (ms):                 skipped
[4.791s][debug  ][gc,phases,ref  ] GC(16)   Notify PhantomReferences: 0.0ms
[4.791s][debug  ][gc,phases,ref  ] GC(16)     PhantomRef (ms):               skipped
[4.791s][debug  ][gc,phases,ref  ] GC(16)   SoftReference:
[4.791s][debug  ][gc,phases,ref  ] GC(16)     Discovered: 0
[4.791s][debug  ][gc,phases,ref  ] GC(16)     Cleared: 0
[4.791s][debug  ][gc,phases,ref  ] GC(16)   WeakReference:
[4.791s][debug  ][gc,phases,ref  ] GC(16)     Discovered: 0
[4.791s][debug  ][gc,phases,ref  ] GC(16)     Cleared: 0
[4.791s][debug  ][gc,phases,ref  ] GC(16)   FinalReference:
[4.791s][debug  ][gc,phases,ref  ] GC(16)     Discovered: 0
[4.791s][debug  ][gc,phases,ref  ] GC(16)     Cleared: 0
[4.791s][debug  ][gc,phases,ref  ] GC(16)   PhantomReference:
[4.791s][debug  ][gc,phases,ref  ] GC(16)     Discovered: 0
[4.792s][debug  ][gc,phases,ref  ] GC(16)     Cleared: 0
[4.792s][debug  ][gc,phases      ] GC(16) Reference Processing 0.684ms
[4.792s][debug  ][gc,phases,start] GC(16) Weak Processing
[4.792s][debug  ][gc,phases      ] GC(16)   VM Weak                        Min:  0.0, Avg:  0.0, Max:  0.0, Diff:  0.0, Sum:  0.0, Workers: 6
[4.792s][debug  ][gc,phases      ] GC(16)     Dead                           Min: 0, Avg:  0.0, Max: 0, Diff: 0, Sum: 0, Workers: 6
[4.792s][debug  ][gc,phases      ] GC(16)     Total                          Min: 0, Avg:  1.3, Max: 8, Diff: 8, Sum: 8, Workers: 6
[4.792s][debug  ][gc,phases      ] GC(16)   ObjectSynchronizer Weak        Min:  0.0, Avg:  0.0, Max:  0.0, Diff:  0.0, Sum:  0.0, Workers: 6
[4.792s][debug  ][gc,phases      ] GC(16)     Dead                           Min: 0, Avg:  0.0, Max: 0, Diff: 0, Sum: 0, Workers: 6
[4.792s][debug  ][gc,phases      ] GC(16)     Total                          Min: 0, Avg:  0.5, Max: 3, Diff: 3, Sum: 3, Workers: 6
[4.792s][debug  ][gc,phases      ] GC(16)   JVMTI Tag Weak OopStorage      Min:  0.0, Avg:  0.0, Max:  0.0, Diff:  0.0, Sum:  0.0, Workers: 6
[4.792s][debug  ][gc,phases      ] GC(16)     Dead                           Min: 0, Avg:  0.0, Max: 0, Diff: 0, Sum: 0, Workers: 6
[4.792s][debug  ][gc,phases      ] GC(16)     Total                          Min: 0, Avg:  0.0, Max: 0, Diff: 0, Sum: 0, Workers: 6
[4.792s][debug  ][gc,phases      ] GC(16)   StringTable Weak               Min:  0.0, Avg:  0.0, Max:  0.0, Diff:  0.0, Sum:  0.0, Workers: 6
[4.792s][debug  ][gc,phases      ] GC(16)     Dead                           Min: 0, Avg:  0.0, Max: 0, Diff: 0, Sum: 0, Workers: 6
[4.792s][debug  ][gc,phases      ] GC(16)     Total                          Min: 639, Avg: 892.3, Max: 1088, Diff: 449, Sum: 5354, Workers: 6
[4.792s][debug  ][gc,phases      ] GC(16)   ResolvedMethodTable Weak       Min:  0.0, Avg:  0.0, Max:  0.0, Diff:  0.0, Sum:  0.0, Workers: 6
[4.792s][debug  ][gc,phases      ] GC(16)     Dead                           Min: 0, Avg:  0.0, Max: 0, Diff: 0, Sum: 0, Workers: 6
[4.792s][debug  ][gc,phases      ] GC(16)     Total                          Min: 0, Avg: 21.7, Max: 64, Diff: 64, Sum: 130, Workers: 6
[4.792s][debug  ][gc,phases      ] GC(16)   JNI Weak                       Min:  0.0, Avg:  0.0, Max:  0.0, Diff:  0.0, Sum:  0.0, Workers: 6
[4.792s][debug  ][gc,phases      ] GC(16)     Dead                           Min: 0, Avg:  0.0, Max: 0, Diff: 0, Sum: 0, Workers: 6
[4.792s][debug  ][gc,phases      ] GC(16)     Total                          Min: 0, Avg:  0.0, Max: 0, Diff: 0, Sum: 0, Workers: 6
[4.792s][debug  ][gc,phases      ] GC(16)   StringDedup Table Weak         Min:  0.0, Avg:  0.0, Max:  0.0, Diff:  0.0, Sum:  0.0, Workers: 6
[4.792s][debug  ][gc,phases      ] GC(16)     Dead                           Min: 0, Avg:  0.0, Max: 0, Diff: 0, Sum: 0, Workers: 6
[4.792s][debug  ][gc,phases      ] GC(16)     Total                          Min: 0, Avg:  0.0, Max: 0, Diff: 0, Sum: 0, Workers: 6
[4.792s][debug  ][gc,phases      ] GC(16)   StringDedup Requests0 Weak     Min:  0.0, Avg:  0.0, Max:  0.0, Diff:  0.0, Sum:  0.0, Workers: 6
[4.792s][debug  ][gc,phases      ] GC(16)     Dead                           Min: 0, Avg:  0.0, Max: 0, Diff: 0, Sum: 0, Workers: 6
[4.792s][debug  ][gc,phases      ] GC(16)     Total                          Min: 0, Avg:  0.0, Max: 0, Diff: 0, Sum: 0, Workers: 6
[4.792s][debug  ][gc,phases      ] GC(16)   StringDedup Requests1 Weak     Min:  0.0, Avg:  0.0, Max:  0.0, Diff:  0.0, Sum:  0.0, Workers: 6
[4.792s][debug  ][gc,phases      ] GC(16)     Dead                           Min: 0, Avg:  0.0, Max: 0, Diff: 0, Sum: 0, Workers: 6
[4.792s][debug  ][gc,phases      ] GC(16)     Total                          Min: 0, Avg:  0.0, Max: 0, Diff: 0, Sum: 0, Workers: 6
[4.792s][debug  ][gc,phases      ] GC(16)   Weak JFR Old Object Samples    Min:  0.0, Avg:  0.0, Max:  0.0, Diff:  0.0, Sum:  0.0, Workers: 6
[4.792s][debug  ][gc,phases      ] GC(16)     Dead                           Min: 0, Avg:  0.0, Max: 0, Diff: 0, Sum: 0, Workers: 6
[4.792s][debug  ][gc,phases      ] GC(16)     Total                          Min: 0, Avg:  0.0, Max: 0, Diff: 0, Sum: 0, Workers: 6
[4.792s][debug  ][gc,phases      ] GC(16) Weak Processing 0.820ms
[4.792s][debug  ][gc,ergo        ] GC(16) AdaptiveSizeStart:  collection: 17 
[4.792s][debug  ][gc,ergo        ] GC(16) avg_survived_padded_avg: 33731820.000000
[4.792s][debug  ][gc,ergo        ] GC(16) avg_promoted_padded_avg: 238534464.000000  avg_pretenured_padded_avg: 0.000000  tenuring_thresh: 1  target_size: 34078720
[4.792s][debug  ][gc,age         ] GC(16) Desired survivor size 34078720 bytes, new threshold 1 (max threshold 15)
[4.792s][debug  ][gc,ergo        ] GC(16) PSAdaptiveSizePolicy::compute_eden_space_size limits: desired_eden_size: 271444356 old_eden_size: 200278016 eden_limit: 200278016 cur_eden: 200278016 max_eden_size: 200278016 avg_young_live: 27974412
[4.793s][debug  ][gc,ergo        ] GC(16) PSAdaptiveSizePolicy::compute_eden_space_size: costs minor_time: 0.051050 major_cost: 0.035451 mutator_cost: 0.913500 throughput_goal: 0.990000
[4.793s][debug  ][gc,ergo        ] GC(16) Live_space: 790915520 free_space: 586678272
[4.793s][debug  ][gc,ergo        ] GC(16) Old eden_size: 200278016 desired_eden_size: 200278016
[4.793s][debug  ][gc,ergo        ] GC(16) AdaptiveSizeStop: collection: 17 
[4.793s][info   ][gc,heap        ] GC(16) PSYoungGen: 218803K(228864K)->30720K(228864K) Eden: 188083K(195584K)->0K(195584K) From: 30720K(33280K)->30720K(33280K)
[4.793s][info   ][gc,heap        ] GC(16) ParOldGen: 493155K(769024K)->677475K(769024K)
[4.793s][info   ][gc,metaspace   ] GC(16) Metaspace: 1019K(1152K)->1019K(1152K) NonClass: 935K(960K)->935K(960K) Class: 83K(192K)->83K(192K)
[4.793s][info   ][gc             ] GC(16) Pause Young (Allocation Failure) 695M->691M(974M) 16.951ms
[4.793s][info   ][gc,cpu         ] GC(16) User=0.19s Sys=0.00s Real=0.02s
[4.793s][debug  ][gc,heap        ] GC(16) Heap after GC invocations=17 (full 2):
[4.793s][debug  ][gc,heap        ] GC(16)  PSYoungGen      total 228864K, used 30720K [0x00000000f0000000, 0x0000000100000000, 0x0000000100000000)
[4.793s][debug  ][gc,heap        ] GC(16)   eden space 195584K, 0% used [0x00000000f0000000,0x00000000f0000000,0x00000000fbf00000)
[4.793s][debug  ][gc,heap        ] GC(16)   from space 33280K, 92% used [0x00000000fbf00000,0x00000000fdd00030,0x00000000fdf80000)
[4.793s][debug  ][gc,heap        ] GC(16)   to   space 33280K, 0% used [0x00000000fdf80000,0x00000000fdf80000,0x0000000100000000)
[4.793s][debug  ][gc,heap        ] GC(16)  ParOldGen       total 769024K, used 677475K [0x0000000080000000, 0x00000000aef00000, 0x00000000f0000000)
[4.793s][debug  ][gc,heap        ] GC(16)   object space 769024K, 88% used [0x0000000080000000,0x00000000a9598ff8,0x00000000aef00000)
[4.793s][debug  ][gc,heap        ] GC(16)  Metaspace       used 1019K, committed 1152K, reserved 1056768K
[4.793s][debug  ][gc,heap        ] GC(16)   class space    used 83K, committed 192K, reserved 1048576K
[4.793s][debug  ][gc,task,time   ] GC(16) VM-Thread 47753015 47908547 47929337
[4.793s][debug  ][gc,phases,start] GC(17) Pre Compact
[4.793s][debug  ][gc,heap        ] GC(17) Heap before GC invocations=18 (full 3):
[4.793s][debug  ][gc,heap        ] GC(17)  PSYoungGen      total 228864K, used 30720K [0x00000000f0000000, 0x0000000100000000, 0x0000000100000000)
[4.793s][debug  ][gc,heap        ] GC(17)   eden space 195584K, 0% used [0x00000000f0000000,0x00000000f0000000,0x00000000fbf00000)
[4.793s][debug  ][gc,heap        ] GC(17)   from space 33280K, 92% used [0x00000000fbf00000,0x00000000fdd00030,0x00000000fdf80000)
[4.793s][debug  ][gc,heap        ] GC(17)   to   space 33280K, 0% used [0x00000000fdf80000,0x00000000fdf80000,0x0000000100000000)
[4.793s][debug  ][gc,heap        ] GC(17)  ParOldGen       total 769024K, used 677475K [0x0000000080000000, 0x00000000aef00000, 0x00000000f0000000)
[4.793s][debug  ][gc,heap        ] GC(17)   object space 769024K, 88% used [0x0000000080000000,0x00000000a9598ff8,0x00000000aef00000)
[4.793s][debug  ][gc,heap        ] GC(17)  Metaspace       used 1019K, committed 1152K, reserved 1056768K
[4.793s][debug  ][gc,heap        ] GC(17)   class space    used 83K, committed 192K, reserved 1048576K
[4.793s][debug  ][gc,phases      ] GC(17) Pre Compact 0.202ms
[4.793s][info   ][gc,start       ] GC(17) Pause Full (Ergonomics)
[4.793s][info   ][gc,phases,start] GC(17) Marking Phase
[4.793s][debug  ][gc,phases,start] GC(17) Par Mark
[4.794s][debug  ][gc,phases      ] GC(17) Par Mark 0.480ms
[4.794s][debug  ][gc,phases,start] GC(17) Reference Processing
[4.794s][debug  ][gc,ref         ] GC(17) Skipped phase 1 of Reference Processing: no references
[4.794s][debug  ][gc,ref         ] GC(17) ReferenceProcessor::execute queues: 1, RefProcThreadModel::Single, marks_oops_alive: false
[4.794s][debug  ][gc,ref         ] GC(17) Skipped phase 3 of Reference Processing: no references
[4.794s][debug  ][gc,ref         ] GC(17) ReferenceProcessor::execute queues: 1, RefProcThreadModel::Single, marks_oops_alive: false
[4.794s][debug  ][gc,phases,ref  ] GC(17) Reference Processing: 0.1ms
[4.794s][debug  ][gc,phases,ref  ] GC(17)   Reconsider SoftReferences: 0.0ms
[4.794s][debug  ][gc,phases,ref  ] GC(17)     SoftRef (ms):                  skipped
[4.794s][debug  ][gc,phases,ref  ] GC(17)   Notify Soft/WeakReferences: 0.0ms
[4.794s][debug  ][gc,phases,ref  ] GC(17)     SoftRef (ms):                  Min:  0.0, Avg:  0.0, Max:  0.0, Diff:  0.0, Sum:  0.0, Workers: 12
[4.794s][debug  ][gc,phases,ref  ] GC(17)     WeakRef (ms):                  Min:  0.0, Avg:  0.0, Max:  0.0, Diff:  0.0, Sum:  0.0, Workers: 12
[4.794s][debug  ][gc,phases,ref  ] GC(17)     FinalRef (ms):                 Min:  0.0, Avg:  0.0, Max:  0.0, Diff:  0.0, Sum:  0.0, Workers: 12
[4.794s][debug  ][gc,phases,ref  ] GC(17)     Total (ms):                    Min:  0.0, Avg:  0.0, Max:  0.0, Diff:  0.0, Sum:  0.0, Workers: 12
[4.794s][debug  ][gc,phases,ref  ] GC(17)   Notify and keep alive finalizable: 0.0ms
[4.794s][debug  ][gc,phases,ref  ] GC(17)     FinalRef (ms):                 skipped
[4.794s][debug  ][gc,phases,ref  ] GC(17)   Notify PhantomReferences: 0.0ms
[4.794s][debug  ][gc,phases,ref  ] GC(17)     PhantomRef (ms):               Min:  0.0, Avg:  0.0, Max:  0.0, Diff:  0.0, Sum:  0.0, Workers: 12
[4.794s][debug  ][gc,phases,ref  ] GC(17)   SoftReference:
[4.794s][debug  ][gc,phases,ref  ] GC(17)     Discovered: 0
[4.794s][debug  ][gc,phases,ref  ] GC(17)     Cleared: 0
[4.794s][debug  ][gc,phases,ref  ] GC(17)   WeakReference:
[4.794s][debug  ][gc,phases,ref  ] GC(17)     Discovered: 78
[4.794s][debug  ][gc,phases,ref  ] GC(17)     Cleared: 78
[4.794s][debug  ][gc,phases,ref  ] GC(17)   FinalReference:
[4.794s][debug  ][gc,phases,ref  ] GC(17)     Discovered: 0
[4.794s][debug  ][gc,phases,ref  ] GC(17)     Cleared: 0
[4.794s][debug  ][gc,phases,ref  ] GC(17)   PhantomReference:
[4.794s][debug  ][gc,phases,ref  ] GC(17)     Discovered: 3
[4.794s][debug  ][gc,phases,ref  ] GC(17)     Cleared: 3
[4.794s][debug  ][gc,phases      ] GC(17) Reference Processing 0.587ms
[4.794s][debug  ][gc,phases,start] GC(17) Weak Processing
[4.794s][debug  ][gc,phases      ] GC(17)   VM Weak                        Min:  0.0, Avg:  0.0, Max:  0.0, Diff:  0.0, Sum:  0.0, Workers: 6
[4.794s][debug  ][gc,phases      ] GC(17)     Dead                           Min: 0, Avg:  0.0, Max: 0, Diff: 0, Sum: 0, Workers: 6
[4.794s][debug  ][gc,phases      ] GC(17)     Total                          Min: 0, Avg:  1.3, Max: 8, Diff: 8, Sum: 8, Workers: 6
[4.794s][debug  ][gc,phases      ] GC(17)   ObjectSynchronizer Weak        Min:  0.0, Avg:  0.0, Max:  0.0, Diff:  0.0, Sum:  0.0, Workers: 6
[4.794s][debug  ][gc,phases      ] GC(17)     Dead                           Min: 0, Avg:  0.0, Max: 0, Diff: 0, Sum: 0, Workers: 6
[4.794s][debug  ][gc,phases      ] GC(17)     Total                          Min: 0, Avg:  0.5, Max: 3, Diff: 3, Sum: 3, Workers: 6
[4.795s][debug  ][gc,phases      ] GC(17)   JVMTI Tag Weak OopStorage      Min:  0.0, Avg:  0.0, Max:  0.0, Diff:  0.0, Sum:  0.0, Workers: 6
[4.795s][debug  ][gc,phases      ] GC(17)     Dead                           Min: 0, Avg:  0.0, Max: 0, Diff: 0, Sum: 0, Workers: 6
[4.795s][debug  ][gc,phases      ] GC(17)     Total                          Min: 0, Avg:  0.0, Max: 0, Diff: 0, Sum: 0, Workers: 6
[4.795s][debug  ][gc,phases      ] GC(17)   StringTable Weak               Min:  0.0, Avg:  0.0, Max:  0.0, Diff:  0.0, Sum:  0.0, Workers: 6
[4.795s][debug  ][gc,phases      ] GC(17)     Dead                           Min: 0, Avg:  0.0, Max: 0, Diff: 0, Sum: 0, Workers: 6
[4.795s][debug  ][gc,phases      ] GC(17)     Total                          Min: 575, Avg: 892.3, Max: 1344, Diff: 769, Sum: 5354, Workers: 6
[4.795s][debug  ][gc,phases      ] GC(17)   ResolvedMethodTable Weak       Min:  0.0, Avg:  0.0, Max:  0.0, Diff:  0.0, Sum:  0.0, Workers: 6
[4.795s][debug  ][gc,phases      ] GC(17)     Dead                           Min: 0, Avg:  0.0, Max: 0, Diff: 0, Sum: 0, Workers: 6
[4.795s][debug  ][gc,phases      ] GC(17)     Total                          Min: 0, Avg: 21.7, Max: 64, Diff: 64, Sum: 130, Workers: 6
[4.795s][debug  ][gc,phases      ] GC(17)   JNI Weak                       Min:  0.0, Avg:  0.0, Max:  0.0, Diff:  0.0, Sum:  0.0, Workers: 6
[4.795s][debug  ][gc,phases      ] GC(17)     Dead                           Min: 0, Avg:  0.0, Max: 0, Diff: 0, Sum: 0, Workers: 6
[4.795s][debug  ][gc,phases      ] GC(17)     Total                          Min: 0, Avg:  0.0, Max: 0, Diff: 0, Sum: 0, Workers: 6
[4.795s][debug  ][gc,phases      ] GC(17)   StringDedup Table Weak         Min:  0.0, Avg:  0.0, Max:  0.0, Diff:  0.0, Sum:  0.0, Workers: 6
[4.795s][debug  ][gc,phases      ] GC(17)     Dead                           Min: 0, Avg:  0.0, Max: 0, Diff: 0, Sum: 0, Workers: 6
[4.795s][debug  ][gc,phases      ] GC(17)     Total                          Min: 0, Avg:  0.0, Max: 0, Diff: 0, Sum: 0, Workers: 6
[4.795s][debug  ][gc,phases      ] GC(17)   StringDedup Requests0 Weak     Min:  0.0, Avg:  0.0, Max:  0.0, Diff:  0.0, Sum:  0.0, Workers: 6
[4.795s][debug  ][gc,phases      ] GC(17)     Dead                           Min: 0, Avg:  0.0, Max: 0, Diff: 0, Sum: 0, Workers: 6
[4.795s][debug  ][gc,phases      ] GC(17)     Total                          Min: 0, Avg:  0.0, Max: 0, Diff: 0, Sum: 0, Workers: 6
[4.795s][debug  ][gc,phases      ] GC(17)   StringDedup Requests1 Weak     Min:  0.0, Avg:  0.0, Max:  0.0, Diff:  0.0, Sum:  0.0, Workers: 6
[4.795s][debug  ][gc,phases      ] GC(17)     Dead                           Min: 0, Avg:  0.0, Max: 0, Diff: 0, Sum: 0, Workers: 6
[4.795s][debug  ][gc,phases      ] GC(17)     Total                          Min: 0, Avg:  0.0, Max: 0, Diff: 0, Sum: 0, Workers: 6
[4.795s][debug  ][gc,phases      ] GC(17)   Weak JFR Old Object Samples    Min:  0.0, Avg:  0.0, Max:  0.0, Diff:  0.0, Sum:  0.0, Workers: 6
[4.795s][debug  ][gc,phases      ] GC(17)     Dead                           Min: 0, Avg:  0.0, Max: 0, Diff: 0, Sum: 0, Workers: 6
[4.795s][debug  ][gc,phases      ] GC(17)     Total                          Min: 0, Avg:  0.0, Max: 0, Diff: 0, Sum: 0, Workers: 6
[4.795s][debug  ][gc,phases      ] GC(17) Weak Processing 0.664ms
[4.795s][debug  ][gc,phases,start] GC(17) Class Unloading
[4.795s][debug  ][gc,phases,start] GC(17) ClassLoaderData
[4.795s][debug  ][gc,phases      ] GC(17) ClassLoaderData 0.019ms
[4.795s][debug  ][gc,phases,start] GC(17) Trigger cleanups
[4.795s][debug  ][gc,phases      ] GC(17) Trigger cleanups 0.018ms
[4.795s][debug  ][gc,phases      ] GC(17) Class Unloading 0.250ms
[4.795s][info   ][gc,phases      ] GC(17) Marking Phase 2.089ms
[4.795s][info   ][gc,phases,start] GC(17) Summary Phase
[4.795s][info   ][gc,phases      ] GC(17) Summary Phase 0.029ms
[4.795s][info   ][gc,phases,start] GC(17) Adjust Roots
[4.797s][info   ][gc,phases      ] GC(17) Adjust Roots 1.169ms
[4.797s][info   ][gc,phases,start] GC(17) Compaction Phase
[4.800s][info   ][gc,phases      ] GC(17) Compaction Phase 3.586ms
[4.800s][info   ][gc,phases,start] GC(17) Post Compact
[4.803s][info   ][gc,phases      ] GC(17) Post Compact 2.689ms
[4.803s][debug  ][gc,ergo        ] GC(17) AdaptiveSizeStart: collection: 18 
[4.803s][debug  ][gc,ergo        ] GC(17) PSAdaptiveSizePolicy::compute_eden_space_size limits: desired_eden_size: 278936183 old_eden_size: 200278016 eden_limit: 200278016 cur_eden: 200278016 max_eden_size: 200278016 avg_young_live: 25176970
[4.803s][debug  ][gc,ergo        ] GC(17) PSAdaptiveSizePolicy::compute_eden_space_size: costs minor_time: 0.051050 major_cost: 0.027212 mutator_cost: 0.921738 throughput_goal: 0.990000
[4.803s][debug  ][gc,ergo        ] GC(17) Live_space: 788118080 free_space: 586678272
[4.803s][debug  ][gc,ergo        ] GC(17) Old eden_size: 200278016 desired_eden_size: 200278016
[4.803s][debug  ][gc,ergo        ] GC(17) PSAdaptiveSizePolicy::compute_old_gen_free_space: costs minor_time: 0.051050 major_cost: 0.027212  mutator_cost: 0.921738 throughput_goal: 0.990000
[4.803s][debug  ][gc,ergo        ] GC(17) Live_space: 864244864 free_space: 586678272
[4.803s][debug  ][gc,ergo        ] GC(17) Old promo_size: 386400256 desired_promo_size: 467664896
[4.804s][debug  ][gc             ] GC(17) Expanding ParOldGen from 769024K by 629248K to 1398272K
[4.804s][debug  ][gc,ergo        ] GC(17) AdaptiveSizeStop: collection: 18 
[4.804s][info   ][gc,heap        ] GC(17) PSYoungGen: 30720K(228864K)->0K(228864K) Eden: 0K(195584K)->0K(195584K) From: 30720K(33280K)->0K(33280K)
[4.805s][info   ][gc,heap        ] GC(17) ParOldGen: 677475K(769024K)->708196K(1398272K)
[4.805s][info   ][gc,metaspace   ] GC(17) Metaspace: 1019K(1152K)->1019K(1152K) NonClass: 935K(960K)->935K(960K) Class: 83K(192K)->83K(192K)
[4.805s][info   ][gc             ] GC(17) Pause Full (Ergonomics) 691M->691M(1589M) 11.389ms
[4.805s][info   ][gc,cpu         ] GC(17) User=0.17s Sys=0.00s Real=0.01s
[4.805s][debug  ][gc,heap        ] GC(17) Heap after GC invocations=18 (full 3):
[4.805s][debug  ][gc,heap        ] GC(17)  PSYoungGen      total 228864K, used 0K [0x00000000f0000000, 0x0000000100000000, 0x0000000100000000)
[4.805s][debug  ][gc,heap        ] GC(17)   eden space 195584K, 0% used [0x00000000f0000000,0x00000000f0000000,0x00000000fbf00000)
[4.805s][debug  ][gc,heap        ] GC(17)   from space 33280K, 0% used [0x00000000fdf80000,0x00000000fdf80000,0x0000000100000000)
[4.805s][debug  ][gc,heap        ] GC(17)   to   space 33280K, 0% used [0x00000000fbf00000,0x00000000fbf00000,0x00000000fdf80000)
[4.805s][debug  ][gc,heap        ] GC(17)  ParOldGen       total 1398272K, used 708196K [0x0000000080000000, 0x00000000d5580000, 0x00000000f0000000)
[4.805s][debug  ][gc,heap        ] GC(17)   object space 1398272K, 50% used [0x0000000080000000,0x00000000ab399028,0x00000000d5580000)
[4.805s][debug  ][gc,heap        ] GC(17)  Metaspace       used 1019K, committed 1152K, reserved 1056768K
[4.805s][debug  ][gc,heap        ] GC(17)   class space    used 83K, committed 192K, reserved 1048576K
[4.805s][debug  ][gc,task,time   ] GC(17) VM-Thread 47932047 47965915 48046216
[5.088s][debug  ][gc,heap        ] GC(18) Heap before GC invocations=19 (full 3):
[5.088s][debug  ][gc,heap        ] GC(18)  PSYoungGen      total 228864K, used 188107K [0x00000000f0000000, 0x0000000100000000, 0x0000000100000000)
[5.088s][debug  ][gc,heap        ] GC(18)   eden space 195584K, 96% used [0x00000000f0000000,0x00000000fb7b2fd0,0x00000000fbf00000)
[5.088s][debug  ][gc,heap        ] GC(18)   from space 33280K, 0% used [0x00000000fdf80000,0x00000000fdf80000,0x0000000100000000)
[5.088s][debug  ][gc,heap        ] GC(18)   to   space 33280K, 0% used [0x00000000fbf00000,0x00000000fbf00000,0x00000000fdf80000)
[5.088s][debug  ][gc,heap        ] GC(18)  ParOldGen       total 1398272K, used 708196K [0x0000000080000000, 0x00000000d5580000, 0x00000000f0000000)
[5.088s][debug  ][gc,heap        ] GC(18)   object space 1398272K, 50% used [0x0000000080000000,0x00000000ab399028,0x00000000d5580000)
[5.088s][debug  ][gc,heap        ] GC(18)  Metaspace       used 1019K, committed 1152K, reserved 1056768K
[5.088s][debug  ][gc,heap        ] GC(18)   class space    used 83K, committed 192K, reserved 1048576K
[5.088s][debug  ][gc,tlab        ] GC(18) TLAB totals: thrds: 1  refills: 1 max: 1 slow allocs: 17 max 17 waste: 27.0% gc: 3878576B max: 3878576B slow: 0B max: 0B
[5.088s][info   ][gc,start       ] GC(18) Pause Young (Allocation Failure)
[5.088s][debug  ][gc,phases,start] GC(18) Scavenge
[5.101s][debug  ][gc,phases      ] GC(18) Scavenge 13.008ms
[5.101s][debug  ][gc,phases,start] GC(18) Reference Processing
[5.102s][debug  ][gc,ref         ] GC(18) Skipped phase 1 of Reference Processing: no references
[5.102s][debug  ][gc,ref         ] GC(18) Skipped phase 2 of Reference Processing: no references
[5.102s][debug  ][gc,ref         ] GC(18) Skipped phase 3 of Reference Processing: no references
[5.102s][debug  ][gc,ref         ] GC(18) Skipped phase 4 of Reference Processing: no references
[5.102s][debug  ][gc,phases,ref  ] GC(18) Reference Processing: 0.1ms
[5.102s][debug  ][gc,phases,ref  ] GC(18)   Reconsider SoftReferences: 0.0ms
[5.102s][debug  ][gc,phases,ref  ] GC(18)     SoftRef (ms):                  skipped
[5.102s][debug  ][gc,phases,ref  ] GC(18)   Notify Soft/WeakReferences: 0.0ms
[5.102s][debug  ][gc,phases,ref  ] GC(18)     SoftRef (ms):                  skipped
[5.102s][debug  ][gc,phases,ref  ] GC(18)     WeakRef (ms):                  skipped
[5.102s][debug  ][gc,phases,ref  ] GC(18)     FinalRef (ms):                 skipped
[5.102s][debug  ][gc,phases,ref  ] GC(18)     Total (ms):                    skipped
[5.102s][debug  ][gc,phases,ref  ] GC(18)   Notify and keep alive finalizable: 0.0ms
[5.102s][debug  ][gc,phases,ref  ] GC(18)     FinalRef (ms):                 skipped
[5.102s][debug  ][gc,phases,ref  ] GC(18)   Notify PhantomReferences: 0.0ms
[5.102s][debug  ][gc,phases,ref  ] GC(18)     PhantomRef (ms):               skipped
[5.102s][debug  ][gc,phases,ref  ] GC(18)   SoftReference:
[5.102s][debug  ][gc,phases,ref  ] GC(18)     Discovered: 0
[5.102s][debug  ][gc,phases,ref  ] GC(18)     Cleared: 0
[5.102s][debug  ][gc,phases,ref  ] GC(18)   WeakReference:
[5.102s][debug  ][gc,phases,ref  ] GC(18)     Discovered: 0
[5.102s][debug  ][gc,phases,ref  ] GC(18)     Cleared: 0
[5.102s][debug  ][gc,phases,ref  ] GC(18)   FinalReference:
[5.102s][debug  ][gc,phases,ref  ] GC(18)     Discovered: 0
[5.102s][debug  ][gc,phases,ref  ] GC(18)     Cleared: 0
[5.102s][debug  ][gc,phases,ref  ] GC(18)   PhantomReference:
[5.102s][debug  ][gc,phases,ref  ] GC(18)     Discovered: 0
[5.102s][debug  ][gc,phases,ref  ] GC(18)     Cleared: 0
[5.102s][debug  ][gc,phases      ] GC(18) Reference Processing 0.597ms
[5.102s][debug  ][gc,phases,start] GC(18) Weak Processing
[5.102s][debug  ][gc,phases      ] GC(18)   VM Weak                        Min:  0.0, Avg:  0.0, Max:  0.0, Diff:  0.0, Sum:  0.0, Workers: 6
[5.102s][debug  ][gc,phases      ] GC(18)     Dead                           Min: 0, Avg:  0.0, Max: 0, Diff: 0, Sum: 0, Workers: 6
[5.102s][debug  ][gc,phases      ] GC(18)     Total                          Min: 0, Avg:  1.3, Max: 8, Diff: 8, Sum: 8, Workers: 6
[5.102s][debug  ][gc,phases      ] GC(18)   ObjectSynchronizer Weak        Min:  0.0, Avg:  0.0, Max:  0.0, Diff:  0.0, Sum:  0.0, Workers: 6
[5.102s][debug  ][gc,phases      ] GC(18)     Dead                           Min: 0, Avg:  0.0, Max: 0, Diff: 0, Sum: 0, Workers: 6
[5.102s][debug  ][gc,phases      ] GC(18)     Total                          Min: 0, Avg:  0.5, Max: 3, Diff: 3, Sum: 3, Workers: 6
[5.102s][debug  ][gc,phases      ] GC(18)   JVMTI Tag Weak OopStorage      Min:  0.0, Avg:  0.0, Max:  0.0, Diff:  0.0, Sum:  0.0, Workers: 6
[5.102s][debug  ][gc,phases      ] GC(18)     Dead                           Min: 0, Avg:  0.0, Max: 0, Diff: 0, Sum: 0, Workers: 6
[5.102s][debug  ][gc,phases      ] GC(18)     Total                          Min: 0, Avg:  0.0, Max: 0, Diff: 0, Sum: 0, Workers: 6
[5.102s][debug  ][gc,phases      ] GC(18)   StringTable Weak               Min:  0.0, Avg:  0.0, Max:  0.0, Diff:  0.0, Sum:  0.0, Workers: 6
[5.102s][debug  ][gc,phases      ] GC(18)     Dead                           Min: 0, Avg:  0.0, Max: 0, Diff: 0, Sum: 0, Workers: 6
[5.102s][debug  ][gc,phases      ] GC(18)     Total                          Min: 639, Avg: 892.3, Max: 1216, Diff: 577, Sum: 5354, Workers: 6
[5.102s][debug  ][gc,phases      ] GC(18)   ResolvedMethodTable Weak       Min:  0.0, Avg:  0.0, Max:  0.0, Diff:  0.0, Sum:  0.0, Workers: 6
[5.102s][debug  ][gc,phases      ] GC(18)     Dead                           Min: 0, Avg:  0.0, Max: 0, Diff: 0, Sum: 0, Workers: 6
[5.102s][debug  ][gc,phases      ] GC(18)     Total                          Min: 0, Avg: 21.7, Max: 64, Diff: 64, Sum: 130, Workers: 6
[5.102s][debug  ][gc,phases      ] GC(18)   JNI Weak                       Min:  0.0, Avg:  0.0, Max:  0.0, Diff:  0.0, Sum:  0.0, Workers: 6
[5.103s][debug  ][gc,phases      ] GC(18)     Dead                           Min: 0, Avg:  0.0, Max: 0, Diff: 0, Sum: 0, Workers: 6
[5.103s][debug  ][gc,phases      ] GC(18)     Total                          Min: 0, Avg:  0.0, Max: 0, Diff: 0, Sum: 0, Workers: 6
[5.103s][debug  ][gc,phases      ] GC(18)   StringDedup Table Weak         Min:  0.0, Avg:  0.0, Max:  0.0, Diff:  0.0, Sum:  0.0, Workers: 6
[5.103s][debug  ][gc,phases      ] GC(18)     Dead                           Min: 0, Avg:  0.0, Max: 0, Diff: 0, Sum: 0, Workers: 6
[5.103s][debug  ][gc,phases      ] GC(18)     Total                          Min: 0, Avg:  0.0, Max: 0, Diff: 0, Sum: 0, Workers: 6
[5.103s][debug  ][gc,phases      ] GC(18)   StringDedup Requests0 Weak     Min:  0.0, Avg:  0.0, Max:  0.0, Diff:  0.0, Sum:  0.0, Workers: 6
[5.103s][debug  ][gc,phases      ] GC(18)     Dead                           Min: 0, Avg:  0.0, Max: 0, Diff: 0, Sum: 0, Workers: 6
[5.103s][debug  ][gc,phases      ] GC(18)     Total                          Min: 0, Avg:  0.0, Max: 0, Diff: 0, Sum: 0, Workers: 6
[5.103s][debug  ][gc,phases      ] GC(18)   StringDedup Requests1 Weak     Min:  0.0, Avg:  0.0, Max:  0.0, Diff:  0.0, Sum:  0.0, Workers: 6
[5.103s][debug  ][gc,phases      ] GC(18)     Dead                           Min: 0, Avg:  0.0, Max: 0, Diff: 0, Sum: 0, Workers: 6
[5.103s][debug  ][gc,phases      ] GC(18)     Total                          Min: 0, Avg:  0.0, Max: 0, Diff: 0, Sum: 0, Workers: 6
[5.103s][debug  ][gc,phases      ] GC(18)   Weak JFR Old Object Samples    Min:  0.0, Avg:  0.0, Max:  0.0, Diff:  0.0, Sum:  0.0, Workers: 6
[5.103s][debug  ][gc,phases      ] GC(18)     Dead                           Min: 0, Avg:  0.0, Max: 0, Diff: 0, Sum: 0, Workers: 6
[5.103s][debug  ][gc,phases      ] GC(18)     Total                          Min: 0, Avg:  0.0, Max: 0, Diff: 0, Sum: 0, Workers: 6
[5.103s][debug  ][gc,phases      ] GC(18) Weak Processing 0.690ms
[5.103s][debug  ][gc,ergo        ] GC(18) AdaptiveSizeStart:  collection: 19 
[5.103s][debug  ][gc,ergo        ] GC(18) avg_survived_padded_avg: 33665068.000000
[5.103s][debug  ][gc,ergo        ] GC(18) avg_promoted_padded_avg: 233494944.000000  avg_pretenured_padded_avg: 0.000000  tenuring_thresh: 1  target_size: 34078720
[5.103s][debug  ][gc,age         ] GC(18) Desired survivor size 34078720 bytes, new threshold 1 (max threshold 15)
[5.103s][debug  ][gc,ergo        ] GC(18) PSAdaptiveSizePolicy::compute_eden_space_size limits: desired_eden_size: 278300986 old_eden_size: 200278016 eden_limit: 200278016 cur_eden: 200278016 max_eden_size: 200278016 avg_young_live: 25805006
[5.103s][debug  ][gc,ergo        ] GC(18) PSAdaptiveSizePolicy::compute_eden_space_size: costs minor_time: 0.049882 major_cost: 0.027212 mutator_cost: 0.922906 throughput_goal: 0.990000
[5.103s][debug  ][gc,ergo        ] GC(18) Live_space: 864872896 free_space: 667942912
[5.103s][debug  ][gc,ergo        ] GC(18) Old eden_size: 200278016 desired_eden_size: 200278016
[5.103s][debug  ][gc,ergo        ] GC(18) AdaptiveSizeStop: collection: 19 
[5.103s][info   ][gc,heap        ] GC(18) PSYoungGen: 188107K(228864K)->30720K(228864K) Eden: 188107K(195584K)->0K(195584K) From: 0K(33280K)->30720K(33280K)
[5.103s][info   ][gc,heap        ] GC(18) ParOldGen: 708196K(1398272K)->861796K(1398272K)
[5.103s][info   ][gc,metaspace   ] GC(18) Metaspace: 1019K(1152K)->1019K(1152K) NonClass: 935K(960K)->935K(960K) Class: 83K(192K)->83K(192K)
[5.103s][info   ][gc             ] GC(18) Pause Young (Allocation Failure) 875M->871M(1589M) 14.705ms
[5.103s][info   ][gc,cpu         ] GC(18) User=0.05s Sys=0.12s Real=0.02s
[5.103s][debug  ][gc,heap        ] GC(18) Heap after GC invocations=19 (full 3):
[5.103s][debug  ][gc,heap        ] GC(18)  PSYoungGen      total 228864K, used 30720K [0x00000000f0000000, 0x0000000100000000, 0x0000000100000000)
[5.103s][debug  ][gc,heap        ] GC(18)   eden space 195584K, 0% used [0x00000000f0000000,0x00000000f0000000,0x00000000fbf00000)
[5.103s][debug  ][gc,heap        ] GC(18)   from space 33280K, 92% used [0x00000000fbf00000,0x00000000fdd00030,0x00000000fdf80000)
[5.103s][debug  ][gc,heap        ] GC(18)   to   space 33280K, 0% used [0x00000000fdf80000,0x00000000fdf80000,0x0000000100000000)
[5.103s][debug  ][gc,heap        ] GC(18)  ParOldGen       total 1398272K, used 861796K [0x0000000080000000, 0x00000000d5580000, 0x00000000f0000000)
[5.103s][debug  ][gc,heap        ] GC(18)   object space 1398272K, 61% used [0x0000000080000000,0x00000000b4999118,0x00000000d5580000)
[5.103s][debug  ][gc,heap        ] GC(18)  Metaspace       used 1019K, committed 1152K, reserved 1056768K
[5.103s][debug  ][gc,heap        ] GC(18)   class space    used 83K, committed 192K, reserved 1048576K
[5.103s][debug  ][gc,task,time   ] GC(18) VM-Thread 50880767 51014886 51033281
[5.389s][debug  ][gc,heap        ] GC(19) Heap before GC invocations=20 (full 3):
[5.389s][debug  ][gc,heap        ] GC(19)  PSYoungGen      total 228864K, used 218769K [0x00000000f0000000, 0x0000000100000000, 0x0000000100000000)
[5.390s][debug  ][gc,heap        ] GC(19)   eden space 195584K, 96% used [0x00000000f0000000,0x00000000fb7a4508,0x00000000fbf00000)
[5.390s][debug  ][gc,heap        ] GC(19)   from space 33280K, 92% used [0x00000000fbf00000,0x00000000fdd00030,0x00000000fdf80000)
[5.390s][debug  ][gc,heap        ] GC(19)   to   space 33280K, 0% used [0x00000000fdf80000,0x00000000fdf80000,0x0000000100000000)
[5.390s][debug  ][gc,heap        ] GC(19)  ParOldGen       total 1398272K, used 861796K [0x0000000080000000, 0x00000000d5580000, 0x00000000f0000000)
[5.390s][debug  ][gc,heap        ] GC(19)   object space 1398272K, 61% used [0x0000000080000000,0x00000000b4999118,0x00000000d5580000)
[5.390s][debug  ][gc,heap        ] GC(19)  Metaspace       used 1019K, committed 1152K, reserved 1056768K
[5.390s][debug  ][gc,heap        ] GC(19)   class space    used 83K, committed 192K, reserved 1048576K
[5.390s][debug  ][gc,tlab        ] GC(19) TLAB totals: thrds: 1  refills: 1 max: 1 slow allocs: 17 max 17 waste: 26.7% gc: 3817304B max: 3817304B slow: 0B max: 0B
[5.390s][info   ][gc,start       ] GC(19) Pause Young (Allocation Failure)
[5.390s][debug  ][gc,phases,start] GC(19) Scavenge
[5.396s][debug  ][gc,phases      ] GC(19) Scavenge 6.063ms
[5.396s][debug  ][gc,phases,start] GC(19) Reference Processing
[5.396s][debug  ][gc,ref         ] GC(19) Skipped phase 1 of Reference Processing: no references
[5.396s][debug  ][gc,ref         ] GC(19) Skipped phase 2 of Reference Processing: no references
[5.396s][debug  ][gc,ref         ] GC(19) Skipped phase 3 of Reference Processing: no references
[5.396s][debug  ][gc,ref         ] GC(19) Skipped phase 4 of Reference Processing: no references
[5.396s][debug  ][gc,phases,ref  ] GC(19) Reference Processing: 0.1ms
[5.396s][debug  ][gc,phases,ref  ] GC(19)   Reconsider SoftReferences: 0.0ms
[5.396s][debug  ][gc,phases,ref  ] GC(19)     SoftRef (ms):                  skipped
[5.396s][debug  ][gc,phases,ref  ] GC(19)   Notify Soft/WeakReferences: 0.0ms
[5.396s][debug  ][gc,phases,ref  ] GC(19)     SoftRef (ms):                  skipped
[5.396s][debug  ][gc,phases,ref  ] GC(19)     WeakRef (ms):                  skipped
[5.396s][debug  ][gc,phases,ref  ] GC(19)     FinalRef (ms):                 skipped
[5.396s][debug  ][gc,phases,ref  ] GC(19)     Total (ms):                    skipped
[5.396s][debug  ][gc,phases,ref  ] GC(19)   Notify and keep alive finalizable: 0.0ms
[5.396s][debug  ][gc,phases,ref  ] GC(19)     FinalRef (ms):                 skipped
[5.396s][debug  ][gc,phases,ref  ] GC(19)   Notify PhantomReferences: 0.0ms
[5.396s][debug  ][gc,phases,ref  ] GC(19)     PhantomRef (ms):               skipped
[5.397s][debug  ][gc,phases,ref  ] GC(19)   SoftReference:
[5.397s][debug  ][gc,phases,ref  ] GC(19)     Discovered: 0
[5.397s][debug  ][gc,phases,ref  ] GC(19)     Cleared: 0
[5.397s][debug  ][gc,phases,ref  ] GC(19)   WeakReference:
[5.397s][debug  ][gc,phases,ref  ] GC(19)     Discovered: 0
[5.397s][debug  ][gc,phases,ref  ] GC(19)     Cleared: 0
[5.397s][debug  ][gc,phases,ref  ] GC(19)   FinalReference:
[5.397s][debug  ][gc,phases,ref  ] GC(19)     Discovered: 0
[5.397s][debug  ][gc,phases,ref  ] GC(19)     Cleared: 0
[5.397s][debug  ][gc,phases,ref  ] GC(19)   PhantomReference:
[5.397s][debug  ][gc,phases,ref  ] GC(19)     Discovered: 0
[5.397s][debug  ][gc,phases,ref  ] GC(19)     Cleared: 0
[5.397s][debug  ][gc,phases      ] GC(19) Reference Processing 0.828ms
[5.397s][debug  ][gc,phases,start] GC(19) Weak Processing
[5.397s][debug  ][gc,phases      ] GC(19)   VM Weak                        Min:  0.0, Avg:  0.0, Max:  0.0, Diff:  0.0, Sum:  0.0, Workers: 6
[5.397s][debug  ][gc,phases      ] GC(19)     Dead                           Min: 0, Avg:  0.0, Max: 0, Diff: 0, Sum: 0, Workers: 6
[5.397s][debug  ][gc,phases      ] GC(19)     Total                          Min: 0, Avg:  1.3, Max: 8, Diff: 8, Sum: 8, Workers: 6
[5.397s][debug  ][gc,phases      ] GC(19)   ObjectSynchronizer Weak        Min:  0.0, Avg:  0.0, Max:  0.0, Diff:  0.0, Sum:  0.0, Workers: 6
[5.397s][debug  ][gc,phases      ] GC(19)     Dead                           Min: 0, Avg:  0.0, Max: 0, Diff: 0, Sum: 0, Workers: 6
[5.397s][debug  ][gc,phases      ] GC(19)     Total                          Min: 0, Avg:  0.5, Max: 3, Diff: 3, Sum: 3, Workers: 6
[5.397s][debug  ][gc,phases      ] GC(19)   JVMTI Tag Weak OopStorage      Min:  0.0, Avg:  0.0, Max:  0.0, Diff:  0.0, Sum:  0.0, Workers: 6
[5.397s][debug  ][gc,phases      ] GC(19)     Dead                           Min: 0, Avg:  0.0, Max: 0, Diff: 0, Sum: 0, Workers: 6
[5.397s][debug  ][gc,phases      ] GC(19)     Total                          Min: 0, Avg:  0.0, Max: 0, Diff: 0, Sum: 0, Workers: 6
[5.397s][debug  ][gc,phases      ] GC(19)   StringTable Weak               Min:  0.0, Avg:  0.0, Max:  0.0, Diff:  0.0, Sum:  0.0, Workers: 6
[5.397s][debug  ][gc,phases      ] GC(19)     Dead                           Min: 0, Avg:  0.0, Max: 0, Diff: 0, Sum: 0, Workers: 6
[5.397s][debug  ][gc,phases      ] GC(19)     Total                          Min: 0, Avg: 892.3, Max: 1451, Diff: 1451, Sum: 5354, Workers: 6
[5.397s][debug  ][gc,phases      ] GC(19)   ResolvedMethodTable Weak       Min:  0.0, Avg:  0.0, Max:  0.0, Diff:  0.0, Sum:  0.0, Workers: 6
[5.397s][debug  ][gc,phases      ] GC(19)     Dead                           Min: 0, Avg:  0.0, Max: 0, Diff: 0, Sum: 0, Workers: 6
[5.397s][debug  ][gc,phases      ] GC(19)     Total                          Min: 0, Avg: 21.7, Max: 64, Diff: 64, Sum: 130, Workers: 6
[5.397s][debug  ][gc,phases      ] GC(19)   JNI Weak                       Min:  0.0, Avg:  0.0, Max:  0.0, Diff:  0.0, Sum:  0.0, Workers: 6
[5.397s][debug  ][gc,phases      ] GC(19)     Dead                           Min: 0, Avg:  0.0, Max: 0, Diff: 0, Sum: 0, Workers: 6
[5.397s][debug  ][gc,phases      ] GC(19)     Total                          Min: 0, Avg:  0.0, Max: 0, Diff: 0, Sum: 0, Workers: 6
[5.398s][debug  ][gc,phases      ] GC(19)   StringDedup Table Weak         Min:  0.0, Avg:  0.0, Max:  0.0, Diff:  0.0, Sum:  0.0, Workers: 6
[5.398s][debug  ][gc,phases      ] GC(19)     Dead                           Min: 0, Avg:  0.0, Max: 0, Diff: 0, Sum: 0, Workers: 6
[5.398s][debug  ][gc,phases      ] GC(19)     Total                          Min: 0, Avg:  0.0, Max: 0, Diff: 0, Sum: 0, Workers: 6
[5.398s][debug  ][gc,phases      ] GC(19)   StringDedup Requests0 Weak     Min:  0.0, Avg:  0.0, Max:  0.0, Diff:  0.0, Sum:  0.0, Workers: 6
[5.398s][debug  ][gc,phases      ] GC(19)     Dead                           Min: 0, Avg:  0.0, Max: 0, Diff: 0, Sum: 0, Workers: 6
[5.398s][debug  ][gc,phases      ] GC(19)     Total                          Min: 0, Avg:  0.0, Max: 0, Diff: 0, Sum: 0, Workers: 6
[5.398s][debug  ][gc,phases      ] GC(19)   StringDedup Requests1 Weak     Min:  0.0, Avg:  0.0, Max:  0.0, Diff:  0.0, Sum:  0.0, Workers: 6
[5.398s][debug  ][gc,phases      ] GC(19)     Dead                           Min: 0, Avg:  0.0, Max: 0, Diff: 0, Sum: 0, Workers: 6
[5.398s][debug  ][gc,phases      ] GC(19)     Total                          Min: 0, Avg:  0.0, Max: 0, Diff: 0, Sum: 0, Workers: 6
[5.398s][debug  ][gc,phases      ] GC(19)   Weak JFR Old Object Samples    Min:  0.0, Avg:  0.0, Max:  0.0, Diff:  0.0, Sum:  0.0, Workers: 6
[5.398s][debug  ][gc,phases      ] GC(19)     Dead                           Min: 0, Avg:  0.0, Max: 0, Diff: 0, Sum: 0, Workers: 6
[5.398s][debug  ][gc,phases      ] GC(19)     Total                          Min: 0, Avg:  0.0, Max: 0, Diff: 0, Sum: 0, Workers: 6
[5.398s][debug  ][gc,phases      ] GC(19) Weak Processing 0.993ms
[5.398s][debug  ][gc,ergo        ] GC(19) AdaptiveSizeStart:  collection: 20 
[5.398s][debug  ][gc,ergo        ] GC(19) avg_survived_padded_avg: 33588916.000000
[5.398s][debug  ][gc,ergo        ] GC(19) avg_promoted_padded_avg: 251824416.000000  avg_pretenured_padded_avg: 0.000000  tenuring_thresh: 1  target_size: 34078720
[5.398s][debug  ][gc,age         ] GC(19) Desired survivor size 34078720 bytes, new threshold 1 (max threshold 15)
[5.398s][debug  ][gc,ergo        ] GC(19) PSAdaptiveSizePolicy::compute_eden_space_size limits: desired_eden_size: 249934502 old_eden_size: 200278016 eden_limit: 200278016 cur_eden: 200278016 max_eden_size: 200278016 avg_young_live: 26370236
[5.398s][debug  ][gc,ergo        ] GC(19) PSAdaptiveSizePolicy::compute_eden_space_size: costs minor_time: 0.044217 major_cost: 0.027212 mutator_cost: 0.928572 throughput_goal: 0.990000
[5.398s][debug  ][gc,ergo        ] GC(19) Live_space: 865438144 free_space: 667942912
[5.398s][debug  ][gc,ergo        ] GC(19) Old eden_size: 200278016 desired_eden_size: 200278016
[5.398s][debug  ][gc,ergo        ] GC(19) AdaptiveSizeStop: collection: 20 
[5.398s][info   ][gc,heap        ] GC(19) PSYoungGen: 218769K(228864K)->30720K(228864K) Eden: 188049K(195584K)->0K(195584K) From: 30720K(33280K)->30720K(33280K)
[5.398s][info   ][gc,heap        ] GC(19) ParOldGen: 861796K(1398272K)->882276K(1398272K)
[5.398s][info   ][gc,metaspace   ] GC(19) Metaspace: 1019K(1152K)->1019K(1152K) NonClass: 935K(960K)->935K(960K) Class: 83K(192K)->83K(192K)
[5.398s][info   ][gc             ] GC(19) Pause Young (Allocation Failure) 1055M->891M(1589M) 8.409ms
[5.398s][info   ][gc,cpu         ] GC(19) User=0.08s Sys=0.02s Real=0.01s
[5.398s][debug  ][gc,heap        ] GC(19) Heap after GC invocations=20 (full 3):
[5.398s][debug  ][gc,heap        ] GC(19)  PSYoungGen      total 228864K, used 30720K [0x00000000f0000000, 0x0000000100000000, 0x0000000100000000)
[5.398s][debug  ][gc,heap        ] GC(19)   eden space 195584K, 0% used [0x00000000f0000000,0x00000000f0000000,0x00000000fbf00000)
[5.398s][debug  ][gc,heap        ] GC(19)   from space 33280K, 92% used [0x00000000fdf80000,0x00000000ffd80030,0x0000000100000000)
[5.398s][debug  ][gc,heap        ] GC(19)   to   space 33280K, 0% used [0x00000000fbf00000,0x00000000fbf00000,0x00000000fdf80000)
[5.398s][debug  ][gc,heap        ] GC(19)  ParOldGen       total 1398272K, used 882276K [0x0000000080000000, 0x00000000d5580000, 0x00000000f0000000)
[5.398s][debug  ][gc,heap        ] GC(19)   object space 1398272K, 63% used [0x0000000080000000,0x00000000b5d99138,0x00000000d5580000)
[5.398s][debug  ][gc,heap        ] GC(19)  Metaspace       used 1019K, committed 1152K, reserved 1056768K
[5.398s][debug  ][gc,heap        ] GC(19)   class space    used 83K, committed 192K, reserved 1048576K
[5.398s][debug  ][gc,task,time   ] GC(19) VM-Thread 53893683 53960115 53984907
[5.691s][debug  ][gc,heap        ] GC(20) Heap before GC invocations=21 (full 3):
[5.691s][debug  ][gc,heap        ] GC(20)  PSYoungGen      total 228864K, used 218806K [0x00000000f0000000, 0x0000000100000000, 0x0000000100000000)
[5.691s][debug  ][gc,heap        ] GC(20)   eden space 195584K, 96% used [0x00000000f0000000,0x00000000fb7ad838,0x00000000fbf00000)
[5.691s][debug  ][gc,heap        ] GC(20)   from space 33280K, 92% used [0x00000000fdf80000,0x00000000ffd80030,0x0000000100000000)
[5.691s][debug  ][gc,heap        ] GC(20)   to   space 33280K, 0% used [0x00000000fbf00000,0x00000000fbf00000,0x00000000fdf80000)
[5.691s][debug  ][gc,heap        ] GC(20)  ParOldGen       total 1398272K, used 882276K [0x0000000080000000, 0x00000000d5580000, 0x00000000f0000000)
[5.691s][debug  ][gc,heap        ] GC(20)   object space 1398272K, 63% used [0x0000000080000000,0x00000000b5d99138,0x00000000d5580000)
[5.691s][debug  ][gc,heap        ] GC(20)  Metaspace       used 1019K, committed 1152K, reserved 1056768K
[5.691s][debug  ][gc,heap        ] GC(20)   class space    used 83K, committed 192K, reserved 1048576K
[5.691s][debug  ][gc,tlab        ] GC(20) TLAB totals: thrds: 1  refills: 1 max: 1 slow allocs: 17 max 17 waste: 26.9% gc: 3856152B max: 3856152B slow: 0B max: 0B
[5.691s][info   ][gc,start       ] GC(20) Pause Young (Allocation Failure)
[5.691s][debug  ][gc,phases,start] GC(20) Scavenge
[5.707s][debug  ][gc,phases      ] GC(20) Scavenge 16.050ms
[5.707s][debug  ][gc,phases,start] GC(20) Reference Processing
[5.707s][debug  ][gc,ref         ] GC(20) Skipped phase 1 of Reference Processing: no references
[5.707s][debug  ][gc,ref         ] GC(20) Skipped phase 2 of Reference Processing: no references
[5.707s][debug  ][gc,ref         ] GC(20) Skipped phase 3 of Reference Processing: no references
[5.707s][debug  ][gc,ref         ] GC(20) Skipped phase 4 of Reference Processing: no references
[5.707s][debug  ][gc,phases,ref  ] GC(20) Reference Processing: 0.1ms
[5.707s][debug  ][gc,phases,ref  ] GC(20)   Reconsider SoftReferences: 0.0ms
[5.707s][debug  ][gc,phases,ref  ] GC(20)     SoftRef (ms):                  skipped
[5.707s][debug  ][gc,phases,ref  ] GC(20)   Notify Soft/WeakReferences: 0.0ms
[5.708s][debug  ][gc,phases,ref  ] GC(20)     SoftRef (ms):                  skipped
[5.708s][debug  ][gc,phases,ref  ] GC(20)     WeakRef (ms):                  skipped
[5.708s][debug  ][gc,phases,ref  ] GC(20)     FinalRef (ms):                 skipped
[5.708s][debug  ][gc,phases,ref  ] GC(20)     Total (ms):                    skipped
[5.708s][debug  ][gc,phases,ref  ] GC(20)   Notify and keep alive finalizable: 0.0ms
[5.708s][debug  ][gc,phases,ref  ] GC(20)     FinalRef (ms):                 skipped
[5.708s][debug  ][gc,phases,ref  ] GC(20)   Notify PhantomReferences: 0.0ms
[5.708s][debug  ][gc,phases,ref  ] GC(20)     PhantomRef (ms):               skipped
[5.708s][debug  ][gc,phases,ref  ] GC(20)   SoftReference:
[5.708s][debug  ][gc,phases,ref  ] GC(20)     Discovered: 0
[5.708s][debug  ][gc,phases,ref  ] GC(20)     Cleared: 0
[5.708s][debug  ][gc,phases,ref  ] GC(20)   WeakReference:
[5.708s][debug  ][gc,phases,ref  ] GC(20)     Discovered: 0
[5.708s][debug  ][gc,phases,ref  ] GC(20)     Cleared: 0
[5.708s][debug  ][gc,phases,ref  ] GC(20)   FinalReference:
[5.708s][debug  ][gc,phases,ref  ] GC(20)     Discovered: 0
[5.708s][debug  ][gc,phases,ref  ] GC(20)     Cleared: 0
[5.708s][debug  ][gc,phases,ref  ] GC(20)   PhantomReference:
[5.708s][debug  ][gc,phases,ref  ] GC(20)     Discovered: 0
[5.708s][debug  ][gc,phases,ref  ] GC(20)     Cleared: 0
[5.708s][debug  ][gc,phases      ] GC(20) Reference Processing 0.583ms
[5.708s][debug  ][gc,phases,start] GC(20) Weak Processing
[5.708s][debug  ][gc,phases      ] GC(20)   VM Weak                        Min:  0.0, Avg:  0.0, Max:  0.0, Diff:  0.0, Sum:  0.0, Workers: 6
[5.708s][debug  ][gc,phases      ] GC(20)     Dead                           Min: 0, Avg:  0.0, Max: 0, Diff: 0, Sum: 0, Workers: 6
[5.708s][debug  ][gc,phases      ] GC(20)     Total                          Min: 0, Avg:  1.3, Max: 8, Diff: 8, Sum: 8, Workers: 6
[5.708s][debug  ][gc,phases      ] GC(20)   ObjectSynchronizer Weak        Min:  0.0, Avg:  0.0, Max:  0.0, Diff:  0.0, Sum:  0.0, Workers: 6
[5.708s][debug  ][gc,phases      ] GC(20)     Dead                           Min: 0, Avg:  0.0, Max: 0, Diff: 0, Sum: 0, Workers: 6
[5.708s][debug  ][gc,phases      ] GC(20)     Total                          Min: 0, Avg:  0.5, Max: 3, Diff: 3, Sum: 3, Workers: 6
[5.708s][debug  ][gc,phases      ] GC(20)   JVMTI Tag Weak OopStorage      Min:  0.0, Avg:  0.0, Max:  0.0, Diff:  0.0, Sum:  0.0, Workers: 6
[5.708s][debug  ][gc,phases      ] GC(20)     Dead                           Min: 0, Avg:  0.0, Max: 0, Diff: 0, Sum: 0, Workers: 6
[5.708s][debug  ][gc,phases      ] GC(20)     Total                          Min: 0, Avg:  0.0, Max: 0, Diff: 0, Sum: 0, Workers: 6
[5.708s][debug  ][gc,phases      ] GC(20)   StringTable Weak               Min:  0.0, Avg:  0.0, Max:  0.0, Diff:  0.0, Sum:  0.0, Workers: 6
[5.708s][debug  ][gc,phases      ] GC(20)     Dead                           Min: 0, Avg:  0.0, Max: 0, Diff: 0, Sum: 0, Workers: 6
[5.708s][debug  ][gc,phases      ] GC(20)     Total                          Min: 768, Avg: 892.3, Max: 1088, Diff: 320, Sum: 5354, Workers: 6
[5.708s][debug  ][gc,phases      ] GC(20)   ResolvedMethodTable Weak       Min:  0.0, Avg:  0.0, Max:  0.0, Diff:  0.0, Sum:  0.0, Workers: 6
[5.708s][debug  ][gc,phases      ] GC(20)     Dead                           Min: 0, Avg:  0.0, Max: 0, Diff: 0, Sum: 0, Workers: 6
[5.708s][debug  ][gc,phases      ] GC(20)     Total                          Min: 0, Avg: 21.7, Max: 64, Diff: 64, Sum: 130, Workers: 6
[5.708s][debug  ][gc,phases      ] GC(20)   JNI Weak                       Min:  0.0, Avg:  0.0, Max:  0.0, Diff:  0.0, Sum:  0.0, Workers: 6
[5.708s][debug  ][gc,phases      ] GC(20)     Dead                           Min: 0, Avg:  0.0, Max: 0, Diff: 0, Sum: 0, Workers: 6
[5.708s][debug  ][gc,phases      ] GC(20)     Total                          Min: 0, Avg:  0.0, Max: 0, Diff: 0, Sum: 0, Workers: 6
[5.708s][debug  ][gc,phases      ] GC(20)   StringDedup Table Weak         Min:  0.0, Avg:  0.0, Max:  0.0, Diff:  0.0, Sum:  0.0, Workers: 6
[5.708s][debug  ][gc,phases      ] GC(20)     Dead                           Min: 0, Avg:  0.0, Max: 0, Diff: 0, Sum: 0, Workers: 6
[5.708s][debug  ][gc,phases      ] GC(20)     Total                          Min: 0, Avg:  0.0, Max: 0, Diff: 0, Sum: 0, Workers: 6
[5.708s][debug  ][gc,phases      ] GC(20)   StringDedup Requests0 Weak     Min:  0.0, Avg:  0.0, Max:  0.0, Diff:  0.0, Sum:  0.0, Workers: 6
[5.708s][debug  ][gc,phases      ] GC(20)     Dead                           Min: 0, Avg:  0.0, Max: 0, Diff: 0, Sum: 0, Workers: 6
[5.708s][debug  ][gc,phases      ] GC(20)     Total                          Min: 0, Avg:  0.0, Max: 0, Diff: 0, Sum: 0, Workers: 6
[5.708s][debug  ][gc,phases      ] GC(20)   StringDedup Requests1 Weak     Min:  0.0, Avg:  0.0, Max:  0.0, Diff:  0.0, Sum:  0.0, Workers: 6
[5.708s][debug  ][gc,phases      ] GC(20)     Dead                           Min: 0, Avg:  0.0, Max: 0, Diff: 0, Sum: 0, Workers: 6
[5.709s][debug  ][gc,phases      ] GC(20)     Total                          Min: 0, Avg:  0.0, Max: 0, Diff: 0, Sum: 0, Workers: 6
[5.709s][debug  ][gc,phases      ] GC(20)   Weak JFR Old Object Samples    Min:  0.0, Avg:  0.0, Max:  0.0, Diff:  0.0, Sum:  0.0, Workers: 6
[5.709s][debug  ][gc,phases      ] GC(20)     Dead                           Min: 0, Avg:  0.0, Max: 0, Diff: 0, Sum: 0, Workers: 6
[5.709s][debug  ][gc,phases      ] GC(20)     Total                          Min: 0, Avg:  0.0, Max: 0, Diff: 0, Sum: 0, Workers: 6
[5.709s][debug  ][gc,phases      ] GC(20) Weak Processing 0.674ms
[5.709s][debug  ][gc,ergo        ] GC(20) AdaptiveSizeStart:  collection: 21 
[5.709s][debug  ][gc,ergo        ] GC(20) avg_survived_padded_avg: 33505920.000000
[5.709s][debug  ][gc,ergo        ] GC(20) avg_promoted_padded_avg: 255191296.000000  avg_pretenured_padded_avg: 0.000000  tenuring_thresh: 1  target_size: 33554432
[5.709s][debug  ][gc,age         ] GC(20) Desired survivor size 33554432 bytes, new threshold 1 (max threshold 15)
[5.709s][debug  ][gc,ergo        ] GC(20) PSAdaptiveSizePolicy::compute_eden_space_size limits: desired_eden_size: 251150300 old_eden_size: 200278016 eden_limit: 200278016 cur_eden: 200278016 max_eden_size: 200278016 avg_young_live: 26878944
[5.709s][debug  ][gc,ergo        ] GC(20) PSAdaptiveSizePolicy::compute_eden_space_size: costs minor_time: 0.047176 major_cost: 0.027212 mutator_cost: 0.925612 throughput_goal: 0.990000
[5.709s][debug  ][gc,ergo        ] GC(20) Live_space: 865946880 free_space: 667942912
[5.709s][debug  ][gc,ergo        ] GC(20) Old eden_size: 200278016 desired_eden_size: 200278016
[5.709s][debug  ][gc,ergo        ] GC(20) AdaptiveSizeStop: collection: 21 
[5.709s][info   ][gc,heap        ] GC(20) PSYoungGen: 218806K(228864K)->30720K(228864K) Eden: 188086K(195584K)->0K(195584K) From: 30720K(33280K)->30720K(33280K)
[5.709s][info   ][gc,heap        ] GC(20) ParOldGen: 882276K(1398272K)->1066596K(1398272K)
[5.709s][info   ][gc,metaspace   ] GC(20) Metaspace: 1019K(1152K)->1019K(1152K) NonClass: 935K(960K)->935K(960K) Class: 83K(192K)->83K(192K)
[5.709s][info   ][gc             ] GC(20) Pause Young (Allocation Failure) 1075M->1071M(1589M) 17.736ms
[5.709s][info   ][gc,cpu         ] GC(20) User=0.03s Sys=0.08s Real=0.02s
[5.709s][debug  ][gc,heap        ] GC(20) Heap after GC invocations=21 (full 3):
[5.709s][debug  ][gc,heap        ] GC(20)  PSYoungGen      total 228864K, used 30720K [0x00000000f0000000, 0x0000000100000000, 0x0000000100000000)
[5.709s][debug  ][gc,heap        ] GC(20)   eden space 195584K, 0% used [0x00000000f0000000,0x00000000f0000000,0x00000000fbf00000)
[5.709s][debug  ][gc,heap        ] GC(20)   from space 33280K, 92% used [0x00000000fbf00000,0x00000000fdd00030,0x00000000fdf80000)
[5.709s][debug  ][gc,heap        ] GC(20)   to   space 32768K, 0% used [0x00000000fe000000,0x00000000fe000000,0x0000000100000000)
[5.709s][debug  ][gc,heap        ] GC(20)  ParOldGen       total 1398272K, used 1066596K [0x0000000080000000, 0x00000000d5580000, 0x00000000f0000000)
[5.709s][debug  ][gc,heap        ] GC(20)   object space 1398272K, 76% used [0x0000000080000000,0x00000000c1199258,0x00000000d5580000)
[5.709s][debug  ][gc,heap        ] GC(20)  Metaspace       used 1019K, committed 1152K, reserved 1056768K
[5.709s][debug  ][gc,heap        ] GC(20)   class space    used 83K, committed 192K, reserved 1048576K
[5.709s][debug  ][gc,task,time   ] GC(20) VM-Thread 56907169 57073169 57091247
[5.992s][debug  ][gc,heap        ] GC(21) Heap before GC invocations=22 (full 3):
[5.993s][debug  ][gc,heap        ] GC(21)  PSYoungGen      total 228864K, used 218829K [0x00000000f0000000, 0x0000000100000000, 0x0000000100000000)
[5.993s][debug  ][gc,heap        ] GC(21)   eden space 195584K, 96% used [0x00000000f0000000,0x00000000fb7b36e0,0x00000000fbf00000)
[5.993s][debug  ][gc,heap        ] GC(21)   from space 33280K, 92% used [0x00000000fbf00000,0x00000000fdd00030,0x00000000fdf80000)
[5.993s][debug  ][gc,heap        ] GC(21)   to   space 32768K, 0% used [0x00000000fe000000,0x00000000fe000000,0x0000000100000000)
[5.993s][debug  ][gc,heap        ] GC(21)  ParOldGen       total 1398272K, used 1066596K [0x0000000080000000, 0x00000000d5580000, 0x00000000f0000000)
[5.993s][debug  ][gc,heap        ] GC(21)   object space 1398272K, 76% used [0x0000000080000000,0x00000000c1199258,0x00000000d5580000)
[5.993s][debug  ][gc,heap        ] GC(21)  Metaspace       used 1019K, committed 1152K, reserved 1056768K
[5.993s][debug  ][gc,heap        ] GC(21)   class space    used 83K, committed 192K, reserved 1048576K
[5.993s][debug  ][gc,tlab        ] GC(21) TLAB totals: thrds: 1  refills: 1 max: 1 slow allocs: 17 max 17 waste: 27.0% gc: 3880384B max: 3880384B slow: 0B max: 0B
[5.993s][info   ][gc,start       ] GC(21) Pause Young (Allocation Failure)
[5.993s][debug  ][gc,phases,start] GC(21) Scavenge
[6.008s][debug  ][gc,phases      ] GC(21) Scavenge 15.550ms
[6.008s][debug  ][gc,phases,start] GC(21) Reference Processing
[6.008s][debug  ][gc,ref         ] GC(21) Skipped phase 1 of Reference Processing: no references
[6.009s][debug  ][gc,ref         ] GC(21) Skipped phase 2 of Reference Processing: no references
[6.009s][debug  ][gc,ref         ] GC(21) Skipped phase 3 of Reference Processing: no references
[6.009s][debug  ][gc,ref         ] GC(21) Skipped phase 4 of Reference Processing: no references
[6.009s][debug  ][gc,phases,ref  ] GC(21) Reference Processing: 0.1ms
[6.009s][debug  ][gc,phases,ref  ] GC(21)   Reconsider SoftReferences: 0.0ms
[6.009s][debug  ][gc,phases,ref  ] GC(21)     SoftRef (ms):                  skipped
[6.009s][debug  ][gc,phases,ref  ] GC(21)   Notify Soft/WeakReferences: 0.0ms
[6.009s][debug  ][gc,phases,ref  ] GC(21)     SoftRef (ms):                  skipped
[6.009s][debug  ][gc,phases,ref  ] GC(21)     WeakRef (ms):                  skipped
[6.009s][debug  ][gc,phases,ref  ] GC(21)     FinalRef (ms):                 skipped
[6.009s][debug  ][gc,phases,ref  ] GC(21)     Total (ms):                    skipped
[6.009s][debug  ][gc,phases,ref  ] GC(21)   Notify and keep alive finalizable: 0.0ms
[6.009s][debug  ][gc,phases,ref  ] GC(21)     FinalRef (ms):                 skipped
[6.009s][debug  ][gc,phases,ref  ] GC(21)   Notify PhantomReferences: 0.0ms
[6.009s][debug  ][gc,phases,ref  ] GC(21)     PhantomRef (ms):               skipped
[6.009s][debug  ][gc,phases,ref  ] GC(21)   SoftReference:
[6.009s][debug  ][gc,phases,ref  ] GC(21)     Discovered: 0
[6.009s][debug  ][gc,phases,ref  ] GC(21)     Cleared: 0
[6.009s][debug  ][gc,phases,ref  ] GC(21)   WeakReference:
[6.009s][debug  ][gc,phases,ref  ] GC(21)     Discovered: 0
[6.009s][debug  ][gc,phases,ref  ] GC(21)     Cleared: 0
[6.009s][debug  ][gc,phases,ref  ] GC(21)   FinalReference:
[6.009s][debug  ][gc,phases,ref  ] GC(21)     Discovered: 0
[6.009s][debug  ][gc,phases,ref  ] GC(21)     Cleared: 0
[6.009s][debug  ][gc,phases,ref  ] GC(21)   PhantomReference:
[6.009s][debug  ][gc,phases,ref  ] GC(21)     Discovered: 0
[6.009s][debug  ][gc,phases,ref  ] GC(21)     Cleared: 0
[6.009s][debug  ][gc,phases      ] GC(21) Reference Processing 0.587ms
[6.009s][debug  ][gc,phases,start] GC(21) Weak Processing
[6.009s][debug  ][gc,phases      ] GC(21)   VM Weak                        Min:  0.0, Avg:  0.0, Max:  0.0, Diff:  0.0, Sum:  0.0, Workers: 6
[6.009s][debug  ][gc,phases      ] GC(21)     Dead                           Min: 0, Avg:  0.0, Max: 0, Diff: 0, Sum: 0, Workers: 6
[6.009s][debug  ][gc,phases      ] GC(21)     Total                          Min: 0, Avg:  1.3, Max: 8, Diff: 8, Sum: 8, Workers: 6
[6.009s][debug  ][gc,phases      ] GC(21)   ObjectSynchronizer Weak        Min:  0.0, Avg:  0.0, Max:  0.0, Diff:  0.0, Sum:  0.0, Workers: 6
[6.009s][debug  ][gc,phases      ] GC(21)     Dead                           Min: 0, Avg:  0.0, Max: 0, Diff: 0, Sum: 0, Workers: 6
[6.009s][debug  ][gc,phases      ] GC(21)     Total                          Min: 0, Avg:  0.5, Max: 3, Diff: 3, Sum: 3, Workers: 6
[6.009s][debug  ][gc,phases      ] GC(21)   JVMTI Tag Weak OopStorage      Min:  0.0, Avg:  0.0, Max:  0.0, Diff:  0.0, Sum:  0.0, Workers: 6
[6.009s][debug  ][gc,phases      ] GC(21)     Dead                           Min: 0, Avg:  0.0, Max: 0, Diff: 0, Sum: 0, Workers: 6
[6.009s][debug  ][gc,phases      ] GC(21)     Total                          Min: 0, Avg:  0.0, Max: 0, Diff: 0, Sum: 0, Workers: 6
[6.009s][debug  ][gc,phases      ] GC(21)   StringTable Weak               Min:  0.0, Avg:  0.0, Max:  0.0, Diff:  0.0, Sum:  0.0, Workers: 6
[6.009s][debug  ][gc,phases      ] GC(21)     Dead                           Min: 0, Avg:  0.0, Max: 0, Diff: 0, Sum: 0, Workers: 6
[6.009s][debug  ][gc,phases      ] GC(21)     Total                          Min: 831, Avg: 892.3, Max: 1024, Diff: 193, Sum: 5354, Workers: 6
[6.009s][debug  ][gc,phases      ] GC(21)   ResolvedMethodTable Weak       Min:  0.0, Avg:  0.0, Max:  0.0, Diff:  0.0, Sum:  0.0, Workers: 6
[6.009s][debug  ][gc,phases      ] GC(21)     Dead                           Min: 0, Avg:  0.0, Max: 0, Diff: 0, Sum: 0, Workers: 6
[6.009s][debug  ][gc,phases      ] GC(21)     Total                          Min: 0, Avg: 21.7, Max: 64, Diff: 64, Sum: 130, Workers: 6
[6.009s][debug  ][gc,phases      ] GC(21)   JNI Weak                       Min:  0.0, Avg:  0.0, Max:  0.0, Diff:  0.0, Sum:  0.0, Workers: 6
[6.009s][debug  ][gc,phases      ] GC(21)     Dead                           Min: 0, Avg:  0.0, Max: 0, Diff: 0, Sum: 0, Workers: 6
[6.009s][debug  ][gc,phases      ] GC(21)     Total                          Min: 0, Avg:  0.0, Max: 0, Diff: 0, Sum: 0, Workers: 6
[6.010s][debug  ][gc,phases      ] GC(21)   StringDedup Table Weak         Min:  0.0, Avg:  0.0, Max:  0.0, Diff:  0.0, Sum:  0.0, Workers: 6
[6.010s][debug  ][gc,phases      ] GC(21)     Dead                           Min: 0, Avg:  0.0, Max: 0, Diff: 0, Sum: 0, Workers: 6
[6.010s][debug  ][gc,phases      ] GC(21)     Total                          Min: 0, Avg:  0.0, Max: 0, Diff: 0, Sum: 0, Workers: 6
[6.010s][debug  ][gc,phases      ] GC(21)   StringDedup Requests0 Weak     Min:  0.0, Avg:  0.0, Max:  0.0, Diff:  0.0, Sum:  0.0, Workers: 6
[6.010s][debug  ][gc,phases      ] GC(21)     Dead                           Min: 0, Avg:  0.0, Max: 0, Diff: 0, Sum: 0, Workers: 6
[6.010s][debug  ][gc,phases      ] GC(21)     Total                          Min: 0, Avg:  0.0, Max: 0, Diff: 0, Sum: 0, Workers: 6
[6.010s][debug  ][gc,phases      ] GC(21)   StringDedup Requests1 Weak     Min:  0.0, Avg:  0.0, Max:  0.0, Diff:  0.0, Sum:  0.0, Workers: 6
[6.010s][debug  ][gc,phases      ] GC(21)     Dead                           Min: 0, Avg:  0.0, Max: 0, Diff: 0, Sum: 0, Workers: 6
[6.010s][debug  ][gc,phases      ] GC(21)     Total                          Min: 0, Avg:  0.0, Max: 0, Diff: 0, Sum: 0, Workers: 6
[6.010s][debug  ][gc,phases      ] GC(21)   Weak JFR Old Object Samples    Min:  0.0, Avg:  0.0, Max:  0.0, Diff:  0.0, Sum:  0.0, Workers: 6
[6.010s][debug  ][gc,phases      ] GC(21)     Dead                           Min: 0, Avg:  0.0, Max: 0, Diff: 0, Sum: 0, Workers: 6
[6.010s][debug  ][gc,phases      ] GC(21)     Total                          Min: 0, Avg:  0.0, Max: 0, Diff: 0, Sum: 0, Workers: 6
[6.010s][debug  ][gc,phases      ] GC(21) Weak Processing 0.708ms
[6.010s][debug  ][gc,ergo        ] GC(21) AdaptiveSizeStart:  collection: 22 
[6.010s][debug  ][gc,ergo        ] GC(21) avg_survived_padded_avg: 33418208.000000
[6.010s][debug  ][gc,ergo        ] GC(21) avg_promoted_padded_avg: 257254000.000000  avg_pretenured_padded_avg: 0.000000  tenuring_thresh: 1  target_size: 33554432
[6.010s][debug  ][gc,age         ] GC(21) Desired survivor size 33554432 bytes, new threshold 1 (max threshold 15)
[6.010s][debug  ][gc,ergo        ] GC(21) PSAdaptiveSizePolicy::compute_eden_space_size limits: desired_eden_size: 252022922 old_eden_size: 200278016 eden_limit: 200802304 cur_eden: 200278016 max_eden_size: 200802304 avg_young_live: 27336782
[6.010s][debug  ][gc,ergo        ] GC(21) PSAdaptiveSizePolicy::compute_eden_space_size: costs minor_time: 0.049456 major_cost: 0.027212 mutator_cost: 0.923332 throughput_goal: 0.990000
[6.010s][debug  ][gc,ergo        ] GC(21) Live_space: 866404672 free_space: 667942912
[6.010s][debug  ][gc,ergo        ] GC(21) Old eden_size: 200278016 desired_eden_size: 200802304
[6.010s][debug  ][gc,ergo        ] GC(21) AdaptiveSizeStop: collection: 22 
[6.010s][info   ][gc,heap        ] GC(21) PSYoungGen: 218829K(228864K)->30720K(229376K) Eden: 188109K(195584K)->0K(196608K) From: 30720K(33280K)->30720K(32768K)
[6.010s][info   ][gc,heap        ] GC(21) ParOldGen: 1066596K(1398272K)->1250916K(1398272K)
[6.010s][info   ][gc,metaspace   ] GC(21) Metaspace: 1019K(1152K)->1019K(1152K) NonClass: 935K(960K)->935K(960K) Class: 83K(192K)->83K(192K)
[6.010s][info   ][gc             ] GC(21) Pause Young (Allocation Failure) 1255M->1251M(1589M) 17.261ms
[6.010s][info   ][gc,cpu         ] GC(21) User=0.00s Sys=0.17s Real=0.02s
[6.010s][debug  ][gc,heap        ] GC(21) Heap after GC invocations=22 (full 3):
[6.010s][debug  ][gc,heap        ] GC(21)  PSYoungGen      total 229376K, used 30720K [0x00000000f0000000, 0x0000000100000000, 0x0000000100000000)
[6.010s][debug  ][gc,heap        ] GC(21)   eden space 196608K, 0% used [0x00000000f0000000,0x00000000f0000000,0x00000000fc000000)
[6.010s][debug  ][gc,heap        ] GC(21)   from space 32768K, 93% used [0x00000000fe000000,0x00000000ffe00030,0x0000000100000000)
[6.010s][debug  ][gc,heap        ] GC(21)   to   space 32768K, 0% used [0x00000000fc000000,0x00000000fc000000,0x00000000fe000000)
[6.010s][debug  ][gc,heap        ] GC(21)  ParOldGen       total 1398272K, used 1250916K [0x0000000080000000, 0x00000000d5580000, 0x00000000f0000000)
[6.010s][debug  ][gc,heap        ] GC(21)   object space 1398272K, 89% used [0x0000000080000000,0x00000000cc599378,0x00000000d5580000)
[6.010s][debug  ][gc,heap        ] GC(21)  Metaspace       used 1019K, committed 1152K, reserved 1056768K
[6.010s][debug  ][gc,heap        ] GC(21)   class space    used 83K, committed 192K, reserved 1048576K
[6.010s][debug  ][gc,task,time   ] GC(21) VM-Thread 59924703 60084483 60102948
[6.010s][debug  ][gc,phases,start] GC(22) Pre Compact
[6.010s][debug  ][gc,heap        ] GC(22) Heap before GC invocations=23 (full 4):
[6.010s][debug  ][gc,heap        ] GC(22)  PSYoungGen      total 229376K, used 30720K [0x00000000f0000000, 0x0000000100000000, 0x0000000100000000)
[6.010s][debug  ][gc,heap        ] GC(22)   eden space 196608K, 0% used [0x00000000f0000000,0x00000000f0000000,0x00000000fc000000)
[6.010s][debug  ][gc,heap        ] GC(22)   from space 32768K, 93% used [0x00000000fe000000,0x00000000ffe00030,0x0000000100000000)
[6.010s][debug  ][gc,heap        ] GC(22)   to   space 32768K, 0% used [0x00000000fc000000,0x00000000fc000000,0x00000000fe000000)
[6.010s][debug  ][gc,heap        ] GC(22)  ParOldGen       total 1398272K, used 1250916K [0x0000000080000000, 0x00000000d5580000, 0x00000000f0000000)
[6.010s][debug  ][gc,heap        ] GC(22)   object space 1398272K, 89% used [0x0000000080000000,0x00000000cc599378,0x00000000d5580000)
[6.010s][debug  ][gc,heap        ] GC(22)  Metaspace       used 1019K, committed 1152K, reserved 1056768K
[6.010s][debug  ][gc,heap        ] GC(22)   class space    used 83K, committed 192K, reserved 1048576K
[6.011s][debug  ][gc,phases      ] GC(22) Pre Compact 0.206ms
[6.011s][info   ][gc,start       ] GC(22) Pause Full (Ergonomics)
[6.011s][info   ][gc,phases,start] GC(22) Marking Phase
[6.011s][debug  ][gc,phases,start] GC(22) Par Mark
[6.011s][debug  ][gc,phases      ] GC(22) Par Mark 0.474ms
[6.011s][debug  ][gc,phases,start] GC(22) Reference Processing
[6.011s][debug  ][gc,ref         ] GC(22) Skipped phase 1 of Reference Processing: no references
[6.011s][debug  ][gc,ref         ] GC(22) ReferenceProcessor::execute queues: 1, RefProcThreadModel::Single, marks_oops_alive: false
[6.011s][debug  ][gc,ref         ] GC(22) Skipped phase 3 of Reference Processing: no references
[6.011s][debug  ][gc,ref         ] GC(22) ReferenceProcessor::execute queues: 1, RefProcThreadModel::Single, marks_oops_alive: false
[6.011s][debug  ][gc,phases,ref  ] GC(22) Reference Processing: 0.1ms
[6.011s][debug  ][gc,phases,ref  ] GC(22)   Reconsider SoftReferences: 0.0ms
[6.011s][debug  ][gc,phases,ref  ] GC(22)     SoftRef (ms):                  skipped
[6.011s][debug  ][gc,phases,ref  ] GC(22)   Notify Soft/WeakReferences: 0.0ms
[6.011s][debug  ][gc,phases,ref  ] GC(22)     SoftRef (ms):                  Min:  0.0, Avg:  0.0, Max:  0.0, Diff:  0.0, Sum:  0.0, Workers: 12
[6.011s][debug  ][gc,phases,ref  ] GC(22)     WeakRef (ms):                  Min:  0.0, Avg:  0.0, Max:  0.0, Diff:  0.0, Sum:  0.0, Workers: 12
[6.011s][debug  ][gc,phases,ref  ] GC(22)     FinalRef (ms):                 Min:  0.0, Avg:  0.0, Max:  0.0, Diff:  0.0, Sum:  0.0, Workers: 12
[6.011s][debug  ][gc,phases,ref  ] GC(22)     Total (ms):                    Min:  0.0, Avg:  0.0, Max:  0.0, Diff:  0.0, Sum:  0.0, Workers: 12
[6.011s][debug  ][gc,phases,ref  ] GC(22)   Notify and keep alive finalizable: 0.0ms
[6.011s][debug  ][gc,phases,ref  ] GC(22)     FinalRef (ms):                 skipped
[6.011s][debug  ][gc,phases,ref  ] GC(22)   Notify PhantomReferences: 0.0ms
[6.011s][debug  ][gc,phases,ref  ] GC(22)     PhantomRef (ms):               Min:  0.0, Avg:  0.0, Max:  0.0, Diff:  0.0, Sum:  0.0, Workers: 12
[6.011s][debug  ][gc,phases,ref  ] GC(22)   SoftReference:
[6.011s][debug  ][gc,phases,ref  ] GC(22)     Discovered: 0
[6.011s][debug  ][gc,phases,ref  ] GC(22)     Cleared: 0
[6.012s][debug  ][gc,phases,ref  ] GC(22)   WeakReference:
[6.012s][debug  ][gc,phases,ref  ] GC(22)     Discovered: 47
[6.012s][debug  ][gc,phases,ref  ] GC(22)     Cleared: 47
[6.012s][debug  ][gc,phases,ref  ] GC(22)   FinalReference:
[6.012s][debug  ][gc,phases,ref  ] GC(22)     Discovered: 0
[6.012s][debug  ][gc,phases,ref  ] GC(22)     Cleared: 0
[6.012s][debug  ][gc,phases,ref  ] GC(22)   PhantomReference:
[6.012s][debug  ][gc,phases,ref  ] GC(22)     Discovered: 3
[6.012s][debug  ][gc,phases,ref  ] GC(22)     Cleared: 3
[6.012s][debug  ][gc,phases      ] GC(22) Reference Processing 0.586ms
[6.012s][debug  ][gc,phases,start] GC(22) Weak Processing
[6.012s][debug  ][gc,phases      ] GC(22)   VM Weak                        Min:  0.0, Avg:  0.0, Max:  0.0, Diff:  0.0, Sum:  0.0, Workers: 6
[6.012s][debug  ][gc,phases      ] GC(22)     Dead                           Min: 0, Avg:  0.0, Max: 0, Diff: 0, Sum: 0, Workers: 6
[6.012s][debug  ][gc,phases      ] GC(22)     Total                          Min: 0, Avg:  1.3, Max: 8, Diff: 8, Sum: 8, Workers: 6
[6.012s][debug  ][gc,phases      ] GC(22)   ObjectSynchronizer Weak        Min:  0.0, Avg:  0.0, Max:  0.0, Diff:  0.0, Sum:  0.0, Workers: 6
[6.012s][debug  ][gc,phases      ] GC(22)     Dead                           Min: 0, Avg:  0.0, Max: 0, Diff: 0, Sum: 0, Workers: 6
[6.012s][debug  ][gc,phases      ] GC(22)     Total                          Min: 0, Avg:  0.5, Max: 3, Diff: 3, Sum: 3, Workers: 6
[6.012s][debug  ][gc,phases      ] GC(22)   JVMTI Tag Weak OopStorage      Min:  0.0, Avg:  0.0, Max:  0.0, Diff:  0.0, Sum:  0.0, Workers: 6
[6.012s][debug  ][gc,phases      ] GC(22)     Dead                           Min: 0, Avg:  0.0, Max: 0, Diff: 0, Sum: 0, Workers: 6
[6.012s][debug  ][gc,phases      ] GC(22)     Total                          Min: 0, Avg:  0.0, Max: 0, Diff: 0, Sum: 0, Workers: 6
[6.012s][debug  ][gc,phases      ] GC(22)   StringTable Weak               Min:  0.0, Avg:  0.0, Max:  0.0, Diff:  0.0, Sum:  0.0, Workers: 6
[6.012s][debug  ][gc,phases      ] GC(22)     Dead                           Min: 0, Avg:  0.0, Max: 0, Diff: 0, Sum: 0, Workers: 6
[6.012s][debug  ][gc,phases      ] GC(22)     Total                          Min: 639, Avg: 892.3, Max: 1195, Diff: 556, Sum: 5354, Workers: 6
[6.012s][debug  ][gc,phases      ] GC(22)   ResolvedMethodTable Weak       Min:  0.0, Avg:  0.0, Max:  0.0, Diff:  0.0, Sum:  0.0, Workers: 6
[6.012s][debug  ][gc,phases      ] GC(22)     Dead                           Min: 0, Avg:  0.0, Max: 0, Diff: 0, Sum: 0, Workers: 6
[6.012s][debug  ][gc,phases      ] GC(22)     Total                          Min: 0, Avg: 21.7, Max: 64, Diff: 64, Sum: 130, Workers: 6
[6.012s][debug  ][gc,phases      ] GC(22)   JNI Weak                       Min:  0.0, Avg:  0.0, Max:  0.0, Diff:  0.0, Sum:  0.0, Workers: 6
[6.012s][debug  ][gc,phases      ] GC(22)     Dead                           Min: 0, Avg:  0.0, Max: 0, Diff: 0, Sum: 0, Workers: 6
[6.012s][debug  ][gc,phases      ] GC(22)     Total                          Min: 0, Avg:  0.0, Max: 0, Diff: 0, Sum: 0, Workers: 6
[6.012s][debug  ][gc,phases      ] GC(22)   StringDedup Table Weak         Min:  0.0, Avg:  0.0, Max:  0.0, Diff:  0.0, Sum:  0.0, Workers: 6
[6.012s][debug  ][gc,phases      ] GC(22)     Dead                           Min: 0, Avg:  0.0, Max: 0, Diff: 0, Sum: 0, Workers: 6
[6.012s][debug  ][gc,phases      ] GC(22)     Total                          Min: 0, Avg:  0.0, Max: 0, Diff: 0, Sum: 0, Workers: 6
[6.012s][debug  ][gc,phases      ] GC(22)   StringDedup Requests0 Weak     Min:  0.0, Avg:  0.0, Max:  0.0, Diff:  0.0, Sum:  0.0, Workers: 6
[6.012s][debug  ][gc,phases      ] GC(22)     Dead                           Min: 0, Avg:  0.0, Max: 0, Diff: 0, Sum: 0, Workers: 6
[6.012s][debug  ][gc,phases      ] GC(22)     Total                          Min: 0, Avg:  0.0, Max: 0, Diff: 0, Sum: 0, Workers: 6
[6.012s][debug  ][gc,phases      ] GC(22)   StringDedup Requests1 Weak     Min:  0.0, Avg:  0.0, Max:  0.0, Diff:  0.0, Sum:  0.0, Workers: 6
[6.012s][debug  ][gc,phases      ] GC(22)     Dead                           Min: 0, Avg:  0.0, Max: 0, Diff: 0, Sum: 0, Workers: 6
[6.012s][debug  ][gc,phases      ] GC(22)     Total                          Min: 0, Avg:  0.0, Max: 0, Diff: 0, Sum: 0, Workers: 6
[6.012s][debug  ][gc,phases      ] GC(22)   Weak JFR Old Object Samples    Min:  0.0, Avg:  0.0, Max:  0.0, Diff:  0.0, Sum:  0.0, Workers: 6
[6.012s][debug  ][gc,phases      ] GC(22)     Dead                           Min: 0, Avg:  0.0, Max: 0, Diff: 0, Sum: 0, Workers: 6
[6.012s][debug  ][gc,phases      ] GC(22)     Total                          Min: 0, Avg:  0.0, Max: 0, Diff: 0, Sum: 0, Workers: 6
[6.012s][debug  ][gc,phases      ] GC(22) Weak Processing 0.657ms
[6.012s][debug  ][gc,phases,start] GC(22) Class Unloading
[6.012s][debug  ][gc,phases,start] GC(22) ClassLoaderData
[6.012s][debug  ][gc,phases      ] GC(22) ClassLoaderData 0.019ms
[6.012s][debug  ][gc,phases,start] GC(22) Trigger cleanups
[6.012s][debug  ][gc,phases      ] GC(22) Trigger cleanups 0.019ms
[6.013s][debug  ][gc,phases      ] GC(22) Class Unloading 0.246ms
[6.013s][info   ][gc,phases      ] GC(22) Marking Phase 2.073ms
[6.013s][info   ][gc,phases,start] GC(22) Summary Phase
[6.013s][info   ][gc,phases      ] GC(22) Summary Phase 0.034ms
[6.013s][info   ][gc,phases,start] GC(22) Adjust Roots
[6.013s][info   ][gc,phases      ] GC(22) Adjust Roots 0.132ms
[6.013s][info   ][gc,phases,start] GC(22) Compaction Phase
[6.059s][info   ][gc,phases      ] GC(22) Compaction Phase 45.703ms
[6.059s][info   ][gc,phases,start] GC(22) Post Compact
[6.063s][info   ][gc,phases      ] GC(22) Post Compact 4.143ms
[6.063s][debug  ][gc,ergo        ] GC(22) AdaptiveSizeStart: collection: 23 
[6.063s][debug  ][gc,ergo        ] GC(22) PSAdaptiveSizePolicy::compute_eden_space_size limits: desired_eden_size: 251065728 old_eden_size: 200802304 eden_limit: 201326592 cur_eden: 201326592 max_eden_size: 201326592 avg_young_live: 24603102
[6.063s][debug  ][gc,ergo        ] GC(22) PSAdaptiveSizePolicy::compute_eden_space_size: costs minor_time: 0.049456 major_cost: 0.030825 mutator_cost: 0.919719 throughput_goal: 0.990000
[6.063s][debug  ][gc,ergo        ] GC(22) Live_space: 863671040 free_space: 668467200
[6.063s][debug  ][gc,ergo        ] GC(22) Old eden_size: 200802304 desired_eden_size: 201326592
[6.063s][debug  ][gc,ergo        ] GC(22) PSAdaptiveSizePolicy::compute_old_gen_free_space: costs minor_time: 0.049456 major_cost: 0.030825  mutator_cost: 0.919719 throughput_goal: 0.990000
[6.063s][debug  ][gc,ergo        ] GC(22) Live_space: 828910656 free_space: 668991488
[6.063s][debug  ][gc,ergo        ] GC(22) Old promo_size: 467664896 desired_promo_size: 575668224
[6.065s][debug  ][gc             ] GC(22) Shrinking ParOldGen from 1398272K by 163328K to 1234944K
[6.065s][debug  ][gc,ergo        ] GC(22) AdaptiveSizeStop: collection: 23 
[6.065s][info   ][gc,heap        ] GC(22) PSYoungGen: 30720K(229376K)->0K(229376K) Eden: 0K(196608K)->0K(196608K) From: 30720K(32768K)->0K(32768K)
[6.065s][info   ][gc,heap        ] GC(22) ParOldGen: 1250916K(1398272K)->421475K(1234944K)
[6.065s][info   ][gc,metaspace   ] GC(22) Metaspace: 1019K(1152K)->1019K(1152K) NonClass: 935K(960K)->935K(960K) Class: 83K(192K)->83K(192K)
[6.065s][info   ][gc             ] GC(22) Pause Full (Ergonomics) 1251M->411M(1430M) 54.401ms
[6.065s][info   ][gc,cpu         ] GC(22) User=0.47s Sys=0.02s Real=0.05s
[6.065s][debug  ][gc,heap        ] GC(22) Heap after GC invocations=23 (full 4):
[6.065s][debug  ][gc,heap        ] GC(22)  PSYoungGen      total 229376K, used 0K [0x00000000f0000000, 0x0000000100000000, 0x0000000100000000)
[6.065s][debug  ][gc,heap        ] GC(22)   eden space 196608K, 0% used [0x00000000f0000000,0x00000000f0000000,0x00000000fc000000)
[6.065s][debug  ][gc,heap        ] GC(22)   from space 32768K, 0% used [0x00000000fc000000,0x00000000fc000000,0x00000000fe000000)
[6.065s][debug  ][gc,heap        ] GC(22)   to   space 32768K, 0% used [0x00000000fe000000,0x00000000fe000000,0x0000000100000000)
[6.065s][debug  ][gc,heap        ] GC(22)  ParOldGen       total 1234944K, used 421475K [0x0000000080000000, 0x00000000cb600000, 0x00000000f0000000)
[6.065s][debug  ][gc,heap        ] GC(22)   object space 1234944K, 34% used [0x0000000080000000,0x0000000099b98e68,0x00000000cb600000)
[6.065s][debug  ][gc,heap        ] GC(22)  Metaspace       used 1019K, committed 1152K, reserved 1056768K
[6.065s][debug  ][gc,heap        ] GC(22)   class space    used 83K, committed 192K, reserved 1048576K
[6.065s][debug  ][gc,task,time   ] GC(22) VM-Thread 60105737 60128899 60650034
[6.356s][debug  ][gc,heap        ] GC(23) Heap before GC invocations=24 (full 4):
[6.356s][debug  ][gc,heap        ] GC(23)  PSYoungGen      total 229376K, used 188144K [0x00000000f0000000, 0x0000000100000000, 0x0000000100000000)
[6.356s][debug  ][gc,heap        ] GC(23)   eden space 196608K, 95% used [0x00000000f0000000,0x00000000fb7bc360,0x00000000fc000000)
[6.356s][debug  ][gc,heap        ] GC(23)   from space 32768K, 0% used [0x00000000fc000000,0x00000000fc000000,0x00000000fe000000)
[6.356s][debug  ][gc,heap        ] GC(23)   to   space 32768K, 0% used [0x00000000fe000000,0x00000000fe000000,0x0000000100000000)
[6.356s][debug  ][gc,heap        ] GC(23)  ParOldGen       total 1234944K, used 421475K [0x0000000080000000, 0x00000000cb600000, 0x00000000f0000000)
[6.356s][debug  ][gc,heap        ] GC(23)   object space 1234944K, 34% used [0x0000000080000000,0x0000000099b98e68,0x00000000cb600000)
[6.356s][debug  ][gc,heap        ] GC(23)  Metaspace       used 1019K, committed 1152K, reserved 1056768K
[6.356s][debug  ][gc,heap        ] GC(23)   class space    used 83K, committed 192K, reserved 1048576K
[6.356s][debug  ][gc,tlab        ] GC(23) TLAB totals: thrds: 1  refills: 1 max: 1 slow allocs: 17 max 17 waste: 27.2% gc: 3916352B max: 3916352B slow: 0B max: 0B
[6.356s][info   ][gc,start       ] GC(23) Pause Young (Allocation Failure)
[6.356s][debug  ][gc,phases,start] GC(23) Scavenge
[6.368s][debug  ][gc,phases      ] GC(23) Scavenge 12.401ms
[6.369s][debug  ][gc,phases,start] GC(23) Reference Processing
[6.369s][debug  ][gc,ref         ] GC(23) Skipped phase 1 of Reference Processing: no references
[6.369s][debug  ][gc,ref         ] GC(23) Skipped phase 2 of Reference Processing: no references
[6.369s][debug  ][gc,ref         ] GC(23) Skipped phase 3 of Reference Processing: no references
[6.369s][debug  ][gc,ref         ] GC(23) Skipped phase 4 of Reference Processing: no references
[6.369s][debug  ][gc,phases,ref  ] GC(23) Reference Processing: 0.1ms
[6.369s][debug  ][gc,phases,ref  ] GC(23)   Reconsider SoftReferences: 0.0ms
[6.369s][debug  ][gc,phases,ref  ] GC(23)     SoftRef (ms):                  skipped
[6.369s][debug  ][gc,phases,ref  ] GC(23)   Notify Soft/WeakReferences: 0.0ms
[6.369s][debug  ][gc,phases,ref  ] GC(23)     SoftRef (ms):                  skipped
[6.369s][debug  ][gc,phases,ref  ] GC(23)     WeakRef (ms):                  skipped
[6.369s][debug  ][gc,phases,ref  ] GC(23)     FinalRef (ms):                 skipped
[6.369s][debug  ][gc,phases,ref  ] GC(23)     Total (ms):                    skipped
[6.369s][debug  ][gc,phases,ref  ] GC(23)   Notify and keep alive finalizable: 0.0ms
[6.369s][debug  ][gc,phases,ref  ] GC(23)     FinalRef (ms):                 skipped
[6.369s][debug  ][gc,phases,ref  ] GC(23)   Notify PhantomReferences: 0.0ms
[6.369s][debug  ][gc,phases,ref  ] GC(23)     PhantomRef (ms):               skipped
[6.369s][debug  ][gc,phases,ref  ] GC(23)   SoftReference:
[6.369s][debug  ][gc,phases,ref  ] GC(23)     Discovered: 0
[6.369s][debug  ][gc,phases,ref  ] GC(23)     Cleared: 0
[6.369s][debug  ][gc,phases,ref  ] GC(23)   WeakReference:
[6.369s][debug  ][gc,phases,ref  ] GC(23)     Discovered: 0
[6.369s][debug  ][gc,phases,ref  ] GC(23)     Cleared: 0
[6.369s][debug  ][gc,phases,ref  ] GC(23)   FinalReference:
[6.369s][debug  ][gc,phases,ref  ] GC(23)     Discovered: 0
[6.369s][debug  ][gc,phases,ref  ] GC(23)     Cleared: 0
[6.369s][debug  ][gc,phases,ref  ] GC(23)   PhantomReference:
[6.369s][debug  ][gc,phases,ref  ] GC(23)     Discovered: 0
[6.369s][debug  ][gc,phases,ref  ] GC(23)     Cleared: 0
[6.369s][debug  ][gc,phases      ] GC(23) Reference Processing 0.676ms
[6.369s][debug  ][gc,phases,start] GC(23) Weak Processing
[6.369s][debug  ][gc,phases      ] GC(23)   VM Weak                        Min:  0.0, Avg:  0.0, Max:  0.0, Diff:  0.0, Sum:  0.0, Workers: 6
[6.369s][debug  ][gc,phases      ] GC(23)     Dead                           Min: 0, Avg:  0.0, Max: 0, Diff: 0, Sum: 0, Workers: 6
[6.369s][debug  ][gc,phases      ] GC(23)     Total                          Min: 0, Avg:  1.3, Max: 8, Diff: 8, Sum: 8, Workers: 6
[6.369s][debug  ][gc,phases      ] GC(23)   ObjectSynchronizer Weak        Min:  0.0, Avg:  0.0, Max:  0.0, Diff:  0.0, Sum:  0.0, Workers: 6
[6.369s][debug  ][gc,phases      ] GC(23)     Dead                           Min: 0, Avg:  0.0, Max: 0, Diff: 0, Sum: 0, Workers: 6
[6.369s][debug  ][gc,phases      ] GC(23)     Total                          Min: 0, Avg:  0.5, Max: 3, Diff: 3, Sum: 3, Workers: 6
[6.369s][debug  ][gc,phases      ] GC(23)   JVMTI Tag Weak OopStorage      Min:  0.0, Avg:  0.0, Max:  0.0, Diff:  0.0, Sum:  0.0, Workers: 6
[6.369s][debug  ][gc,phases      ] GC(23)     Dead                           Min: 0, Avg:  0.0, Max: 0, Diff: 0, Sum: 0, Workers: 6
[6.370s][debug  ][gc,phases      ] GC(23)     Total                          Min: 0, Avg:  0.0, Max: 0, Diff: 0, Sum: 0, Workers: 6
[6.370s][debug  ][gc,phases      ] GC(23)   StringTable Weak               Min:  0.0, Avg:  0.0, Max:  0.0, Diff:  0.0, Sum:  0.0, Workers: 6
[6.370s][debug  ][gc,phases      ] GC(23)     Dead                           Min: 0, Avg:  0.0, Max: 0, Diff: 0, Sum: 0, Workers: 6
[6.370s][debug  ][gc,phases      ] GC(23)     Total                          Min: 704, Avg: 892.3, Max: 1216, Diff: 512, Sum: 5354, Workers: 6
[6.370s][debug  ][gc,phases      ] GC(23)   ResolvedMethodTable Weak       Min:  0.0, Avg:  0.0, Max:  0.0, Diff:  0.0, Sum:  0.0, Workers: 6
[6.370s][debug  ][gc,phases      ] GC(23)     Dead                           Min: 0, Avg:  0.0, Max: 0, Diff: 0, Sum: 0, Workers: 6
[6.370s][debug  ][gc,phases      ] GC(23)     Total                          Min: 0, Avg: 21.7, Max: 64, Diff: 64, Sum: 130, Workers: 6
[6.370s][debug  ][gc,phases      ] GC(23)   JNI Weak                       Min:  0.0, Avg:  0.0, Max:  0.0, Diff:  0.0, Sum:  0.0, Workers: 6
[6.370s][debug  ][gc,phases      ] GC(23)     Dead                           Min: 0, Avg:  0.0, Max: 0, Diff: 0, Sum: 0, Workers: 6
[6.370s][debug  ][gc,phases      ] GC(23)     Total                          Min: 0, Avg:  0.0, Max: 0, Diff: 0, Sum: 0, Workers: 6
[6.370s][debug  ][gc,phases      ] GC(23)   StringDedup Table Weak         Min:  0.0, Avg:  0.0, Max:  0.0, Diff:  0.0, Sum:  0.0, Workers: 6
[6.370s][debug  ][gc,phases      ] GC(23)     Dead                           Min: 0, Avg:  0.0, Max: 0, Diff: 0, Sum: 0, Workers: 6
[6.370s][debug  ][gc,phases      ] GC(23)     Total                          Min: 0, Avg:  0.0, Max: 0, Diff: 0, Sum: 0, Workers: 6
[6.370s][debug  ][gc,phases      ] GC(23)   StringDedup Requests0 Weak     Min:  0.0, Avg:  0.0, Max:  0.0, Diff:  0.0, Sum:  0.0, Workers: 6
[6.370s][debug  ][gc,phases      ] GC(23)     Dead                           Min: 0, Avg:  0.0, Max: 0, Diff: 0, Sum: 0, Workers: 6
[6.370s][debug  ][gc,phases      ] GC(23)     Total                          Min: 0, Avg:  0.0, Max: 0, Diff: 0, Sum: 0, Workers: 6
[6.370s][debug  ][gc,phases      ] GC(23)   StringDedup Requests1 Weak     Min:  0.0, Avg:  0.0, Max:  0.0, Diff:  0.0, Sum:  0.0, Workers: 6
[6.370s][debug  ][gc,phases      ] GC(23)     Dead                           Min: 0, Avg:  0.0, Max: 0, Diff: 0, Sum: 0, Workers: 6
[6.370s][debug  ][gc,phases      ] GC(23)     Total                          Min: 0, Avg:  0.0, Max: 0, Diff: 0, Sum: 0, Workers: 6
[6.370s][debug  ][gc,phases      ] GC(23)   Weak JFR Old Object Samples    Min:  0.0, Avg:  0.0, Max:  0.0, Diff:  0.0, Sum:  0.0, Workers: 6
[6.370s][debug  ][gc,phases      ] GC(23)     Dead                           Min: 0, Avg:  0.0, Max: 0, Diff: 0, Sum: 0, Workers: 6
[6.370s][debug  ][gc,phases      ] GC(23)     Total                          Min: 0, Avg:  0.0, Max: 0, Diff: 0, Sum: 0, Workers: 6
[6.370s][debug  ][gc,phases      ] GC(23) Weak Processing 0.861ms
[6.370s][debug  ][gc,ergo        ] GC(23) AdaptiveSizeStart:  collection: 24 
[6.370s][debug  ][gc,ergo        ] GC(23) avg_survived_padded_avg: 33327554.000000
[6.370s][debug  ][gc,ergo        ] GC(23) avg_promoted_padded_avg: 247914048.000000  avg_pretenured_padded_avg: 0.000000  tenuring_thresh: 1  target_size: 33554432
[6.370s][debug  ][gc,age         ] GC(23) Desired survivor size 33554432 bytes, new threshold 1 (max threshold 15)
[6.370s][debug  ][gc,ergo        ] GC(23) PSAdaptiveSizePolicy::compute_eden_space_size limits: desired_eden_size: 250024829 old_eden_size: 201326592 eden_limit: 201326592 cur_eden: 201326592 max_eden_size: 201326592 avg_young_live: 25288524
[6.370s][debug  ][gc,ergo        ] GC(23) PSAdaptiveSizePolicy::compute_eden_space_size: costs minor_time: 0.046848 major_cost: 0.030825 mutator_cost: 0.922327 throughput_goal: 0.990000
[6.370s][debug  ][gc,ergo        ] GC(23) Live_space: 829596032 free_space: 776994816
[6.370s][debug  ][gc,ergo        ] GC(23) Old eden_size: 201326592 desired_eden_size: 201326592
[6.370s][debug  ][gc,ergo        ] GC(23) AdaptiveSizeStop: collection: 24 
[6.370s][info   ][gc,heap        ] GC(23) PSYoungGen: 188144K(229376K)->30720K(229376K) Eden: 188144K(196608K)->0K(196608K) From: 0K(32768K)->30720K(32768K)
[6.370s][info   ][gc,heap        ] GC(23) ParOldGen: 421475K(1234944K)->575075K(1234944K)
[6.370s][info   ][gc,metaspace   ] GC(23) Metaspace: 1019K(1152K)->1019K(1152K) NonClass: 935K(960K)->935K(960K) Class: 83K(192K)->83K(192K)
[6.370s][info   ][gc             ] GC(23) Pause Young (Allocation Failure) 595M->591M(1430M) 14.413ms
[6.370s][info   ][gc,cpu         ] GC(23) User=0.17s Sys=0.00s Real=0.01s
[6.370s][debug  ][gc,heap        ] GC(23) Heap after GC invocations=24 (full 4):
[6.371s][debug  ][gc,heap        ] GC(23)  PSYoungGen      total 229376K, used 30720K [0x00000000f0000000, 0x0000000100000000, 0x0000000100000000)
[6.371s][debug  ][gc,heap        ] GC(23)   eden space 196608K, 0% used [0x00000000f0000000,0x00000000f0000000,0x00000000fc000000)
[6.371s][debug  ][gc,heap        ] GC(23)   from space 32768K, 93% used [0x00000000fe000000,0x00000000ffe00030,0x0000000100000000)
[6.371s][debug  ][gc,heap        ] GC(23)   to   space 32768K, 0% used [0x00000000fc000000,0x00000000fc000000,0x00000000fe000000)
[6.371s][debug  ][gc,heap        ] GC(23)  ParOldGen       total 1234944K, used 575075K [0x0000000080000000, 0x00000000cb600000, 0x00000000f0000000)
[6.371s][debug  ][gc,heap        ] GC(23)   object space 1234944K, 46% used [0x0000000080000000,0x00000000a3198f58,0x00000000cb600000)
[6.371s][debug  ][gc,heap        ] GC(23)  Metaspace       used 1019K, committed 1152K, reserved 1056768K
[6.371s][debug  ][gc,heap        ] GC(23)   class space    used 83K, committed 192K, reserved 1048576K
[6.371s][debug  ][gc,task,time   ] GC(23) VM-Thread 63555584 63685565 63706944
[6.657s][debug  ][gc,heap        ] GC(24) Heap before GC invocations=25 (full 4):
[6.657s][debug  ][gc,heap        ] GC(24)  PSYoungGen      total 229376K, used 218799K [0x00000000f0000000, 0x0000000100000000, 0x0000000100000000)
[6.657s][debug  ][gc,heap        ] GC(24)   eden space 196608K, 95% used [0x00000000f0000000,0x00000000fb7abe78,0x00000000fc000000)
[6.657s][debug  ][gc,heap        ] GC(24)   from space 32768K, 93% used [0x00000000fe000000,0x00000000ffe00030,0x0000000100000000)
[6.657s][debug  ][gc,heap        ] GC(24)   to   space 32768K, 0% used [0x00000000fc000000,0x00000000fc000000,0x00000000fe000000)
[6.657s][debug  ][gc,heap        ] GC(24)  ParOldGen       total 1234944K, used 575075K [0x0000000080000000, 0x00000000cb600000, 0x00000000f0000000)
[6.657s][debug  ][gc,heap        ] GC(24)   object space 1234944K, 46% used [0x0000000080000000,0x00000000a3198f58,0x00000000cb600000)
[6.657s][debug  ][gc,heap        ] GC(24)  Metaspace       used 1019K, committed 1152K, reserved 1056768K
[6.657s][debug  ][gc,heap        ] GC(24)   class space    used 83K, committed 192K, reserved 1048576K
[6.657s][debug  ][gc,tlab        ] GC(24) TLAB totals: thrds: 1  refills: 1 max: 1 slow allocs: 17 max 17 waste: 26.9% gc: 3849560B max: 3849560B slow: 0B max: 0B
[6.657s][info   ][gc,start       ] GC(24) Pause Young (Allocation Failure)
[6.657s][debug  ][gc,phases,start] GC(24) Scavenge
[6.673s][debug  ][gc,phases      ] GC(24) Scavenge 15.180ms
[6.673s][debug  ][gc,phases,start] GC(24) Reference Processing
[6.673s][debug  ][gc,ref         ] GC(24) Skipped phase 1 of Reference Processing: no references
[6.673s][debug  ][gc,ref         ] GC(24) Skipped phase 2 of Reference Processing: no references
[6.673s][debug  ][gc,ref         ] GC(24) Skipped phase 3 of Reference Processing: no references
[6.673s][debug  ][gc,ref         ] GC(24) Skipped phase 4 of Reference Processing: no references
[6.673s][debug  ][gc,phases,ref  ] GC(24) Reference Processing: 0.1ms
[6.673s][debug  ][gc,phases,ref  ] GC(24)   Reconsider SoftReferences: 0.0ms
[6.673s][debug  ][gc,phases,ref  ] GC(24)     SoftRef (ms):                  skipped
[6.673s][debug  ][gc,phases,ref  ] GC(24)   Notify Soft/WeakReferences: 0.0ms
[6.673s][debug  ][gc,phases,ref  ] GC(24)     SoftRef (ms):                  skipped
[6.673s][debug  ][gc,phases,ref  ] GC(24)     WeakRef (ms):                  skipped
[6.673s][debug  ][gc,phases,ref  ] GC(24)     FinalRef (ms):                 skipped
[6.673s][debug  ][gc,phases,ref  ] GC(24)     Total (ms):                    skipped
[6.673s][debug  ][gc,phases,ref  ] GC(24)   Notify and keep alive finalizable: 0.0ms
[6.673s][debug  ][gc,phases,ref  ] GC(24)     FinalRef (ms):                 skipped
[6.673s][debug  ][gc,phases,ref  ] GC(24)   Notify PhantomReferences: 0.0ms
[6.673s][debug  ][gc,phases,ref  ] GC(24)     PhantomRef (ms):               skipped
[6.673s][debug  ][gc,phases,ref  ] GC(24)   SoftReference:
[6.673s][debug  ][gc,phases,ref  ] GC(24)     Discovered: 0
[6.673s][debug  ][gc,phases,ref  ] GC(24)     Cleared: 0
[6.673s][debug  ][gc,phases,ref  ] GC(24)   WeakReference:
[6.673s][debug  ][gc,phases,ref  ] GC(24)     Discovered: 0
[6.673s][debug  ][gc,phases,ref  ] GC(24)     Cleared: 0
[6.673s][debug  ][gc,phases,ref  ] GC(24)   FinalReference:
[6.673s][debug  ][gc,phases,ref  ] GC(24)     Discovered: 0
[6.673s][debug  ][gc,phases,ref  ] GC(24)     Cleared: 0
[6.673s][debug  ][gc,phases,ref  ] GC(24)   PhantomReference:
[6.673s][debug  ][gc,phases,ref  ] GC(24)     Discovered: 0
[6.673s][debug  ][gc,phases,ref  ] GC(24)     Cleared: 0
[6.673s][debug  ][gc,phases      ] GC(24) Reference Processing 0.674ms
[6.673s][debug  ][gc,phases,start] GC(24) Weak Processing
[6.673s][debug  ][gc,phases      ] GC(24)   VM Weak                        Min:  0.0, Avg:  0.0, Max:  0.0, Diff:  0.0, Sum:  0.0, Workers: 6
[6.673s][debug  ][gc,phases      ] GC(24)     Dead                           Min: 0, Avg:  0.0, Max: 0, Diff: 0, Sum: 0, Workers: 6
[6.673s][debug  ][gc,phases      ] GC(24)     Total                          Min: 0, Avg:  1.3, Max: 8, Diff: 8, Sum: 8, Workers: 6
[6.673s][debug  ][gc,phases      ] GC(24)   ObjectSynchronizer Weak        Min:  0.0, Avg:  0.0, Max:  0.0, Diff:  0.0, Sum:  0.0, Workers: 6
[6.674s][debug  ][gc,phases      ] GC(24)     Dead                           Min: 0, Avg:  0.0, Max: 0, Diff: 0, Sum: 0, Workers: 6
[6.674s][debug  ][gc,phases      ] GC(24)     Total                          Min: 0, Avg:  0.5, Max: 3, Diff: 3, Sum: 3, Workers: 6
[6.674s][debug  ][gc,phases      ] GC(24)   JVMTI Tag Weak OopStorage      Min:  0.0, Avg:  0.0, Max:  0.0, Diff:  0.0, Sum:  0.0, Workers: 6
[6.674s][debug  ][gc,phases      ] GC(24)     Dead                           Min: 0, Avg:  0.0, Max: 0, Diff: 0, Sum: 0, Workers: 6
[6.674s][debug  ][gc,phases      ] GC(24)     Total                          Min: 0, Avg:  0.0, Max: 0, Diff: 0, Sum: 0, Workers: 6
[6.674s][debug  ][gc,phases      ] GC(24)   StringTable Weak               Min:  0.0, Avg:  0.0, Max:  0.0, Diff:  0.0, Sum:  0.0, Workers: 6
[6.674s][debug  ][gc,phases      ] GC(24)     Dead                           Min: 0, Avg:  0.0, Max: 0, Diff: 0, Sum: 0, Workers: 6
[6.674s][debug  ][gc,phases      ] GC(24)     Total                          Min: 107, Avg: 892.3, Max: 1536, Diff: 1429, Sum: 5354, Workers: 6
[6.674s][debug  ][gc,phases      ] GC(24)   ResolvedMethodTable Weak       Min:  0.0, Avg:  0.0, Max:  0.0, Diff:  0.0, Sum:  0.0, Workers: 6
[6.674s][debug  ][gc,phases      ] GC(24)     Dead                           Min: 0, Avg:  0.0, Max: 0, Diff: 0, Sum: 0, Workers: 6
[6.674s][debug  ][gc,phases      ] GC(24)     Total                          Min: 0, Avg: 21.7, Max: 64, Diff: 64, Sum: 130, Workers: 6
[6.674s][debug  ][gc,phases      ] GC(24)   JNI Weak                       Min:  0.0, Avg:  0.0, Max:  0.0, Diff:  0.0, Sum:  0.0, Workers: 6
[6.674s][debug  ][gc,phases      ] GC(24)     Dead                           Min: 0, Avg:  0.0, Max: 0, Diff: 0, Sum: 0, Workers: 6
[6.674s][debug  ][gc,phases      ] GC(24)     Total                          Min: 0, Avg:  0.0, Max: 0, Diff: 0, Sum: 0, Workers: 6
[6.674s][debug  ][gc,phases      ] GC(24)   StringDedup Table Weak         Min:  0.0, Avg:  0.0, Max:  0.0, Diff:  0.0, Sum:  0.0, Workers: 6
[6.674s][debug  ][gc,phases      ] GC(24)     Dead                           Min: 0, Avg:  0.0, Max: 0, Diff: 0, Sum: 0, Workers: 6
[6.674s][debug  ][gc,phases      ] GC(24)     Total                          Min: 0, Avg:  0.0, Max: 0, Diff: 0, Sum: 0, Workers: 6
[6.674s][debug  ][gc,phases      ] GC(24)   StringDedup Requests0 Weak     Min:  0.0, Avg:  0.0, Max:  0.0, Diff:  0.0, Sum:  0.0, Workers: 6
[6.674s][debug  ][gc,phases      ] GC(24)     Dead                           Min: 0, Avg:  0.0, Max: 0, Diff: 0, Sum: 0, Workers: 6
[6.674s][debug  ][gc,phases      ] GC(24)     Total                          Min: 0, Avg:  0.0, Max: 0, Diff: 0, Sum: 0, Workers: 6
[6.674s][debug  ][gc,phases      ] GC(24)   StringDedup Requests1 Weak     Min:  0.0, Avg:  0.0, Max:  0.0, Diff:  0.0, Sum:  0.0, Workers: 6
[6.674s][debug  ][gc,phases      ] GC(24)     Dead                           Min: 0, Avg:  0.0, Max: 0, Diff: 0, Sum: 0, Workers: 6
[6.674s][debug  ][gc,phases      ] GC(24)     Total                          Min: 0, Avg:  0.0, Max: 0, Diff: 0, Sum: 0, Workers: 6
[6.674s][debug  ][gc,phases      ] GC(24)   Weak JFR Old Object Samples    Min:  0.0, Avg:  0.0, Max:  0.0, Diff:  0.0, Sum:  0.0, Workers: 6
[6.674s][debug  ][gc,phases      ] GC(24)     Dead                           Min: 0, Avg:  0.0, Max: 0, Diff: 0, Sum: 0, Workers: 6
[6.674s][debug  ][gc,phases      ] GC(24)     Total                          Min: 0, Avg:  0.0, Max: 0, Diff: 0, Sum: 0, Workers: 6
[6.674s][debug  ][gc,phases      ] GC(24) Weak Processing 0.740ms
[6.674s][debug  ][gc,ergo        ] GC(24) AdaptiveSizeStart:  collection: 25 
[6.674s][debug  ][gc,ergo        ] GC(24) avg_survived_padded_avg: 33235420.000000
[6.674s][debug  ][gc,ergo        ] GC(24) avg_promoted_padded_avg: 249899424.000000  avg_pretenured_padded_avg: 0.000000  tenuring_thresh: 1  target_size: 33554432
[6.674s][debug  ][gc,age         ] GC(24) Desired survivor size 33554432 bytes, new threshold 1 (max threshold 15)
[6.674s][debug  ][gc,ergo        ] GC(24) PSAdaptiveSizePolicy::compute_eden_space_size limits: desired_eden_size: 250844092 old_eden_size: 201326592 eden_limit: 201326592 cur_eden: 201326592 max_eden_size: 201326592 avg_young_live: 25905404
[6.674s][debug  ][gc,ergo        ] GC(24) PSAdaptiveSizePolicy::compute_eden_space_size: costs minor_time: 0.048886 major_cost: 0.030825 mutator_cost: 0.920289 throughput_goal: 0.990000
[6.674s][debug  ][gc,ergo        ] GC(24) Live_space: 830212992 free_space: 776994816
[6.674s][debug  ][gc,ergo        ] GC(24) Old eden_size: 201326592 desired_eden_size: 201326592
[6.674s][debug  ][gc,ergo        ] GC(24) AdaptiveSizeStop: collection: 25 
[6.674s][info   ][gc,heap        ] GC(24) PSYoungGen: 218799K(229376K)->30720K(229376K) Eden: 188079K(196608K)->0K(196608K) From: 30720K(32768K)->30720K(32768K)
[6.674s][info   ][gc,heap        ] GC(24) ParOldGen: 575075K(1234944K)->759396K(1234944K)
[6.674s][info   ][gc,metaspace   ] GC(24) Metaspace: 1019K(1152K)->1019K(1152K) NonClass: 935K(960K)->935K(960K) Class: 83K(192K)->83K(192K)
[6.674s][info   ][gc             ] GC(24) Pause Young (Allocation Failure) 775M->771M(1430M) 17.036ms
[6.674s][info   ][gc,cpu         ] GC(24) User=0.19s Sys=0.02s Real=0.02s
[6.674s][debug  ][gc,heap        ] GC(24) Heap after GC invocations=25 (full 4):
[6.674s][debug  ][gc,heap        ] GC(24)  PSYoungGen      total 229376K, used 30720K [0x00000000f0000000, 0x0000000100000000, 0x0000000100000000)
[6.674s][debug  ][gc,heap        ] GC(24)   eden space 196608K, 0% used [0x00000000f0000000,0x00000000f0000000,0x00000000fc000000)
[6.675s][debug  ][gc,heap        ] GC(24)   from space 32768K, 93% used [0x00000000fc000000,0x00000000fde00030,0x00000000fe000000)
[6.675s][debug  ][gc,heap        ] GC(24)   to   space 32768K, 0% used [0x00000000fe000000,0x00000000fe000000,0x0000000100000000)
[6.675s][debug  ][gc,heap        ] GC(24)  ParOldGen       total 1234944K, used 759396K [0x0000000080000000, 0x00000000cb600000, 0x00000000f0000000)
[6.675s][debug  ][gc,heap        ] GC(24)   object space 1234944K, 61% used [0x0000000080000000,0x00000000ae599078,0x00000000cb600000)
[6.675s][debug  ][gc,heap        ] GC(24)  Metaspace       used 1019K, committed 1152K, reserved 1056768K
[6.675s][debug  ][gc,heap        ] GC(24)   class space    used 83K, committed 192K, reserved 1048576K
[6.675s][debug  ][gc,task,time   ] GC(24) VM-Thread 66569121 66726629 66746386
[6.958s][debug  ][gc,heap        ] GC(25) Heap before GC invocations=26 (full 4):
[6.958s][debug  ][gc,heap        ] GC(25)  PSYoungGen      total 229376K, used 218832K [0x00000000f0000000, 0x0000000100000000, 0x0000000100000000)
[6.958s][debug  ][gc,heap        ] GC(25)   eden space 196608K, 95% used [0x00000000f0000000,0x00000000fb7b4260,0x00000000fc000000)
[6.959s][debug  ][gc,heap        ] GC(25)   from space 32768K, 93% used [0x00000000fc000000,0x00000000fde00030,0x00000000fe000000)
[6.959s][debug  ][gc,heap        ] GC(25)   to   space 32768K, 0% used [0x00000000fe000000,0x00000000fe000000,0x0000000100000000)
[6.959s][debug  ][gc,heap        ] GC(25)  ParOldGen       total 1234944K, used 759396K [0x0000000080000000, 0x00000000cb600000, 0x00000000f0000000)
[6.959s][debug  ][gc,heap        ] GC(25)   object space 1234944K, 61% used [0x0000000080000000,0x00000000ae599078,0x00000000cb600000)
[6.959s][debug  ][gc,heap        ] GC(25)  Metaspace       used 1019K, committed 1152K, reserved 1056768K
[6.959s][debug  ][gc,heap        ] GC(25)   class space    used 83K, committed 192K, reserved 1048576K
[6.959s][debug  ][gc,tlab        ] GC(25) TLAB totals: thrds: 1  refills: 1 max: 1 slow allocs: 17 max 17 waste: 27.0% gc: 3883328B max: 3883328B slow: 0B max: 0B
[6.959s][info   ][gc,start       ] GC(25) Pause Young (Allocation Failure)
[6.959s][debug  ][gc,phases,start] GC(25) Scavenge
[6.974s][debug  ][gc,phases      ] GC(25) Scavenge 14.893ms
[6.974s][debug  ][gc,phases,start] GC(25) Reference Processing
[6.974s][debug  ][gc,ref         ] GC(25) Skipped phase 1 of Reference Processing: no references
[6.974s][debug  ][gc,ref         ] GC(25) Skipped phase 2 of Reference Processing: no references
[6.974s][debug  ][gc,ref         ] GC(25) Skipped phase 3 of Reference Processing: no references
[6.974s][debug  ][gc,ref         ] GC(25) Skipped phase 4 of Reference Processing: no references
[6.974s][debug  ][gc,phases,ref  ] GC(25) Reference Processing: 0.1ms
[6.974s][debug  ][gc,phases,ref  ] GC(25)   Reconsider SoftReferences: 0.0ms
[6.974s][debug  ][gc,phases,ref  ] GC(25)     SoftRef (ms):                  skipped
[6.974s][debug  ][gc,phases,ref  ] GC(25)   Notify Soft/WeakReferences: 0.0ms
[6.974s][debug  ][gc,phases,ref  ] GC(25)     SoftRef (ms):                  skipped
[6.974s][debug  ][gc,phases,ref  ] GC(25)     WeakRef (ms):                  skipped
[6.974s][debug  ][gc,phases,ref  ] GC(25)     FinalRef (ms):                 skipped
[6.974s][debug  ][gc,phases,ref  ] GC(25)     Total (ms):                    skipped
[6.974s][debug  ][gc,phases,ref  ] GC(25)   Notify and keep alive finalizable: 0.0ms
[6.974s][debug  ][gc,phases,ref  ] GC(25)     FinalRef (ms):                 skipped
[6.974s][debug  ][gc,phases,ref  ] GC(25)   Notify PhantomReferences: 0.0ms
[6.974s][debug  ][gc,phases,ref  ] GC(25)     PhantomRef (ms):               skipped
[6.974s][debug  ][gc,phases,ref  ] GC(25)   SoftReference:
[6.974s][debug  ][gc,phases,ref  ] GC(25)     Discovered: 0
[6.974s][debug  ][gc,phases,ref  ] GC(25)     Cleared: 0
[6.974s][debug  ][gc,phases,ref  ] GC(25)   WeakReference:
[6.974s][debug  ][gc,phases,ref  ] GC(25)     Discovered: 0
[6.974s][debug  ][gc,phases,ref  ] GC(25)     Cleared: 0
[6.974s][debug  ][gc,phases,ref  ] GC(25)   FinalReference:
[6.974s][debug  ][gc,phases,ref  ] GC(25)     Discovered: 0
[6.974s][debug  ][gc,phases,ref  ] GC(25)     Cleared: 0
[6.974s][debug  ][gc,phases,ref  ] GC(25)   PhantomReference:
[6.974s][debug  ][gc,phases,ref  ] GC(25)     Discovered: 0
[6.974s][debug  ][gc,phases,ref  ] GC(25)     Cleared: 0
[6.974s][debug  ][gc,phases      ] GC(25) Reference Processing 0.632ms
[6.974s][debug  ][gc,phases,start] GC(25) Weak Processing
[6.974s][debug  ][gc,phases      ] GC(25)   VM Weak                        Min:  0.0, Avg:  0.0, Max:  0.0, Diff:  0.0, Sum:  0.0, Workers: 6
[6.975s][debug  ][gc,phases      ] GC(25)     Dead                           Min: 0, Avg:  0.0, Max: 0, Diff: 0, Sum: 0, Workers: 6
[6.975s][debug  ][gc,phases      ] GC(25)     Total                          Min: 0, Avg:  1.3, Max: 8, Diff: 8, Sum: 8, Workers: 6
[6.975s][debug  ][gc,phases      ] GC(25)   ObjectSynchronizer Weak        Min:  0.0, Avg:  0.0, Max:  0.0, Diff:  0.0, Sum:  0.0, Workers: 6
[6.975s][debug  ][gc,phases      ] GC(25)     Dead                           Min: 0, Avg:  0.0, Max: 0, Diff: 0, Sum: 0, Workers: 6
[6.975s][debug  ][gc,phases      ] GC(25)     Total                          Min: 0, Avg:  0.5, Max: 3, Diff: 3, Sum: 3, Workers: 6
[6.975s][debug  ][gc,phases      ] GC(25)   JVMTI Tag Weak OopStorage      Min:  0.0, Avg:  0.0, Max:  0.0, Diff:  0.0, Sum:  0.0, Workers: 6
[6.975s][debug  ][gc,phases      ] GC(25)     Dead                           Min: 0, Avg:  0.0, Max: 0, Diff: 0, Sum: 0, Workers: 6
[6.975s][debug  ][gc,phases      ] GC(25)     Total                          Min: 0, Avg:  0.0, Max: 0, Diff: 0, Sum: 0, Workers: 6
[6.975s][debug  ][gc,phases      ] GC(25)   StringTable Weak               Min:  0.0, Avg:  0.0, Max:  0.0, Diff:  0.0, Sum:  0.0, Workers: 6
[6.975s][debug  ][gc,phases      ] GC(25)     Dead                           Min: 0, Avg:  0.0, Max: 0, Diff: 0, Sum: 0, Workers: 6
[6.975s][debug  ][gc,phases      ] GC(25)     Total                          Min: 704, Avg: 892.3, Max: 1088, Diff: 384, Sum: 5354, Workers: 6
[6.975s][debug  ][gc,phases      ] GC(25)   ResolvedMethodTable Weak       Min:  0.0, Avg:  0.0, Max:  0.0, Diff:  0.0, Sum:  0.0, Workers: 6
[6.975s][debug  ][gc,phases      ] GC(25)     Dead                           Min: 0, Avg:  0.0, Max: 0, Diff: 0, Sum: 0, Workers: 6
[6.975s][debug  ][gc,phases      ] GC(25)     Total                          Min: 0, Avg: 21.7, Max: 64, Diff: 64, Sum: 130, Workers: 6
[6.975s][debug  ][gc,phases      ] GC(25)   JNI Weak                       Min:  0.0, Avg:  0.0, Max:  0.0, Diff:  0.0, Sum:  0.0, Workers: 6
[6.975s][debug  ][gc,phases      ] GC(25)     Dead                           Min: 0, Avg:  0.0, Max: 0, Diff: 0, Sum: 0, Workers: 6
[6.975s][debug  ][gc,phases      ] GC(25)     Total                          Min: 0, Avg:  0.0, Max: 0, Diff: 0, Sum: 0, Workers: 6
[6.975s][debug  ][gc,phases      ] GC(25)   StringDedup Table Weak         Min:  0.0, Avg:  0.0, Max:  0.0, Diff:  0.0, Sum:  0.0, Workers: 6
[6.975s][debug  ][gc,phases      ] GC(25)     Dead                           Min: 0, Avg:  0.0, Max: 0, Diff: 0, Sum: 0, Workers: 6
[6.975s][debug  ][gc,phases      ] GC(25)     Total                          Min: 0, Avg:  0.0, Max: 0, Diff: 0, Sum: 0, Workers: 6
[6.975s][debug  ][gc,phases      ] GC(25)   StringDedup Requests0 Weak     Min:  0.0, Avg:  0.0, Max:  0.0, Diff:  0.0, Sum:  0.0, Workers: 6
[6.975s][debug  ][gc,phases      ] GC(25)     Dead                           Min: 0, Avg:  0.0, Max: 0, Diff: 0, Sum: 0, Workers: 6
[6.975s][debug  ][gc,phases      ] GC(25)     Total                          Min: 0, Avg:  0.0, Max: 0, Diff: 0, Sum: 0, Workers: 6
[6.975s][debug  ][gc,phases      ] GC(25)   StringDedup Requests1 Weak     Min:  0.0, Avg:  0.0, Max:  0.0, Diff:  0.0, Sum:  0.0, Workers: 6
[6.975s][debug  ][gc,phases      ] GC(25)     Dead                           Min: 0, Avg:  0.0, Max: 0, Diff: 0, Sum: 0, Workers: 6
[6.975s][debug  ][gc,phases      ] GC(25)     Total                          Min: 0, Avg:  0.0, Max: 0, Diff: 0, Sum: 0, Workers: 6
[6.975s][debug  ][gc,phases      ] GC(25)   Weak JFR Old Object Samples    Min:  0.0, Avg:  0.0, Max:  0.0, Diff:  0.0, Sum:  0.0, Workers: 6
[6.975s][debug  ][gc,phases      ] GC(25)     Dead                           Min: 0, Avg:  0.0, Max: 0, Diff: 0, Sum: 0, Workers: 6
[6.975s][debug  ][gc,phases      ] GC(25)     Total                          Min: 0, Avg:  0.0, Max: 0, Diff: 0, Sum: 0, Workers: 6
[6.975s][debug  ][gc,phases      ] GC(25) Weak Processing 0.704ms
[6.975s][debug  ][gc,ergo        ] GC(25) AdaptiveSizeStart:  collection: 26 
[6.975s][debug  ][gc,ergo        ] GC(25) avg_survived_padded_avg: 33143008.000000
[6.975s][debug  ][gc,ergo        ] GC(25) avg_promoted_padded_avg: 250896000.000000  avg_pretenured_padded_avg: 0.000000  tenuring_thresh: 1  target_size: 33554432
[6.975s][debug  ][gc,age         ] GC(25) Desired survivor size 33554432 bytes, new threshold 1 (max threshold 15)
[6.975s][debug  ][gc,ergo        ] GC(25) PSAdaptiveSizePolicy::compute_eden_space_size limits: desired_eden_size: 251366608 old_eden_size: 201326592 eden_limit: 201326592 cur_eden: 201326592 max_eden_size: 201326592 avg_young_live: 26460596
[6.975s][debug  ][gc,ergo        ] GC(25) PSAdaptiveSizePolicy::compute_eden_space_size: costs minor_time: 0.050243 major_cost: 0.030825 mutator_cost: 0.918932 throughput_goal: 0.990000
[6.975s][debug  ][gc,ergo        ] GC(25) Live_space: 830768128 free_space: 776994816
[6.975s][debug  ][gc,ergo        ] GC(25) Old eden_size: 201326592 desired_eden_size: 201326592
[6.975s][debug  ][gc,ergo        ] GC(25) AdaptiveSizeStop: collection: 26 
[6.975s][info   ][gc,heap        ] GC(25) PSYoungGen: 218832K(229376K)->30720K(229376K) Eden: 188112K(196608K)->0K(196608K) From: 30720K(32768K)->30720K(32768K)
[6.975s][info   ][gc,heap        ] GC(25) ParOldGen: 759396K(1234944K)->943716K(1234944K)
[6.975s][info   ][gc,metaspace   ] GC(25) Metaspace: 1019K(1152K)->1019K(1152K) NonClass: 935K(960K)->935K(960K) Class: 83K(192K)->83K(192K)
[6.975s][info   ][gc             ] GC(25) Pause Young (Allocation Failure) 955M->951M(1430M) 16.670ms
[6.975s][info   ][gc,cpu         ] GC(25) User=0.14s Sys=0.00s Real=0.02s
[6.975s][debug  ][gc,heap        ] GC(25) Heap after GC invocations=26 (full 4):
[6.976s][debug  ][gc,heap        ] GC(25)  PSYoungGen      total 229376K, used 30720K [0x00000000f0000000, 0x0000000100000000, 0x0000000100000000)
[6.976s][debug  ][gc,heap        ] GC(25)   eden space 196608K, 0% used [0x00000000f0000000,0x00000000f0000000,0x00000000fc000000)
[6.976s][debug  ][gc,heap        ] GC(25)   from space 32768K, 93% used [0x00000000fe000000,0x00000000ffe00030,0x0000000100000000)
[6.976s][debug  ][gc,heap        ] GC(25)   to   space 32768K, 0% used [0x00000000fc000000,0x00000000fc000000,0x00000000fe000000)
[6.976s][debug  ][gc,heap        ] GC(25)  ParOldGen       total 1234944K, used 943716K [0x0000000080000000, 0x00000000cb600000, 0x00000000f0000000)
[6.976s][debug  ][gc,heap        ] GC(25)   object space 1234944K, 76% used [0x0000000080000000,0x00000000b9999198,0x00000000cb600000)
[6.976s][debug  ][gc,heap        ] GC(25)  Metaspace       used 1019K, committed 1152K, reserved 1056768K
[6.976s][debug  ][gc,heap        ] GC(25)   class space    used 83K, committed 192K, reserved 1048576K
[6.976s][debug  ][gc,task,time   ] GC(25) VM-Thread 69583291 69737902 69756743
[7.259s][debug  ][gc,heap        ] GC(26) Heap before GC invocations=27 (full 4):
[7.259s][debug  ][gc,heap        ] GC(26)  PSYoungGen      total 229376K, used 218853K [0x00000000f0000000, 0x0000000100000000, 0x0000000100000000)
[7.259s][debug  ][gc,heap        ] GC(26)   eden space 196608K, 95% used [0x00000000f0000000,0x00000000fb7b9730,0x00000000fc000000)
[7.259s][debug  ][gc,heap        ] GC(26)   from space 32768K, 93% used [0x00000000fe000000,0x00000000ffe00030,0x0000000100000000)
[7.259s][debug  ][gc,heap        ] GC(26)   to   space 32768K, 0% used [0x00000000fc000000,0x00000000fc000000,0x00000000fe000000)
[7.259s][debug  ][gc,heap        ] GC(26)  ParOldGen       total 1234944K, used 943716K [0x0000000080000000, 0x00000000cb600000, 0x00000000f0000000)
[7.259s][debug  ][gc,heap        ] GC(26)   object space 1234944K, 76% used [0x0000000080000000,0x00000000b9999198,0x00000000cb600000)
[7.259s][debug  ][gc,heap        ] GC(26)  Metaspace       used 1019K, committed 1152K, reserved 1056768K
[7.259s][debug  ][gc,heap        ] GC(26)   class space    used 83K, committed 192K, reserved 1048576K
[7.259s][debug  ][gc,tlab        ] GC(26) TLAB totals: thrds: 1  refills: 1 max: 1 slow allocs: 17 max 17 waste: 27.1% gc: 3903872B max: 3903872B slow: 0B max: 0B
[7.259s][info   ][gc,start       ] GC(26) Pause Young (Allocation Failure)
[7.259s][debug  ][gc,phases,start] GC(26) Scavenge
[7.268s][debug  ][gc,phases      ] GC(26) Scavenge 9.168ms
[7.269s][debug  ][gc,phases,start] GC(26) Reference Processing
[7.269s][debug  ][gc,ref         ] GC(26) Skipped phase 1 of Reference Processing: no references
[7.269s][debug  ][gc,ref         ] GC(26) Skipped phase 2 of Reference Processing: no references
[7.269s][debug  ][gc,ref         ] GC(26) Skipped phase 3 of Reference Processing: no references
[7.269s][debug  ][gc,ref         ] GC(26) Skipped phase 4 of Reference Processing: no references
[7.269s][debug  ][gc,phases,ref  ] GC(26) Reference Processing: 0.1ms
[7.269s][debug  ][gc,phases,ref  ] GC(26)   Reconsider SoftReferences: 0.0ms
[7.269s][debug  ][gc,phases,ref  ] GC(26)     SoftRef (ms):                  skipped
[7.269s][debug  ][gc,phases,ref  ] GC(26)   Notify Soft/WeakReferences: 0.0ms
[7.269s][debug  ][gc,phases,ref  ] GC(26)     SoftRef (ms):                  skipped
[7.269s][debug  ][gc,phases,ref  ] GC(26)     WeakRef (ms):                  skipped
[7.269s][debug  ][gc,phases,ref  ] GC(26)     FinalRef (ms):                 skipped
[7.269s][debug  ][gc,phases,ref  ] GC(26)     Total (ms):                    skipped
[7.269s][debug  ][gc,phases,ref  ] GC(26)   Notify and keep alive finalizable: 0.0ms
[7.269s][debug  ][gc,phases,ref  ] GC(26)     FinalRef (ms):                 skipped
[7.269s][debug  ][gc,phases,ref  ] GC(26)   Notify PhantomReferences: 0.0ms
[7.269s][debug  ][gc,phases,ref  ] GC(26)     PhantomRef (ms):               skipped
[7.269s][debug  ][gc,phases,ref  ] GC(26)   SoftReference:
[7.269s][debug  ][gc,phases,ref  ] GC(26)     Discovered: 0
[7.269s][debug  ][gc,phases,ref  ] GC(26)     Cleared: 0
[7.269s][debug  ][gc,phases,ref  ] GC(26)   WeakReference:
[7.269s][debug  ][gc,phases,ref  ] GC(26)     Discovered: 0
[7.269s][debug  ][gc,phases,ref  ] GC(26)     Cleared: 0
[7.269s][debug  ][gc,phases,ref  ] GC(26)   FinalReference:
[7.269s][debug  ][gc,phases,ref  ] GC(26)     Discovered: 0
[7.269s][debug  ][gc,phases,ref  ] GC(26)     Cleared: 0
[7.269s][debug  ][gc,phases,ref  ] GC(26)   PhantomReference:
[7.269s][debug  ][gc,phases,ref  ] GC(26)     Discovered: 0
[7.269s][debug  ][gc,phases,ref  ] GC(26)     Cleared: 0
[7.269s][debug  ][gc,phases      ] GC(26) Reference Processing 0.582ms
[7.269s][debug  ][gc,phases,start] GC(26) Weak Processing
[7.269s][debug  ][gc,phases      ] GC(26)   VM Weak                        Min:  0.0, Avg:  0.0, Max:  0.0, Diff:  0.0, Sum:  0.0, Workers: 6
[7.269s][debug  ][gc,phases      ] GC(26)     Dead                           Min: 0, Avg:  0.0, Max: 0, Diff: 0, Sum: 0, Workers: 6
[7.269s][debug  ][gc,phases      ] GC(26)     Total                          Min: 0, Avg:  1.3, Max: 8, Diff: 8, Sum: 8, Workers: 6
[7.269s][debug  ][gc,phases      ] GC(26)   ObjectSynchronizer Weak        Min:  0.0, Avg:  0.0, Max:  0.0, Diff:  0.0, Sum:  0.0, Workers: 6
[7.269s][debug  ][gc,phases      ] GC(26)     Dead                           Min: 0, Avg:  0.0, Max: 0, Diff: 0, Sum: 0, Workers: 6
[7.269s][debug  ][gc,phases      ] GC(26)     Total                          Min: 0, Avg:  0.5, Max: 3, Diff: 3, Sum: 3, Workers: 6
[7.269s][debug  ][gc,phases      ] GC(26)   JVMTI Tag Weak OopStorage      Min:  0.0, Avg:  0.0, Max:  0.0, Diff:  0.0, Sum:  0.0, Workers: 6
[7.269s][debug  ][gc,phases      ] GC(26)     Dead                           Min: 0, Avg:  0.0, Max: 0, Diff: 0, Sum: 0, Workers: 6
[7.269s][debug  ][gc,phases      ] GC(26)     Total                          Min: 0, Avg:  0.0, Max: 0, Diff: 0, Sum: 0, Workers: 6
[7.269s][debug  ][gc,phases      ] GC(26)   StringTable Weak               Min:  0.0, Avg:  0.0, Max:  0.0, Diff:  0.0, Sum:  0.0, Workers: 6
[7.269s][debug  ][gc,phases      ] GC(26)     Dead                           Min: 0, Avg:  0.0, Max: 0, Diff: 0, Sum: 0, Workers: 6
[7.269s][debug  ][gc,phases      ] GC(26)     Total                          Min: 832, Avg: 892.3, Max: 1130, Diff: 298, Sum: 5354, Workers: 6
[7.269s][debug  ][gc,phases      ] GC(26)   ResolvedMethodTable Weak       Min:  0.0, Avg:  0.0, Max:  0.0, Diff:  0.0, Sum:  0.0, Workers: 6
[7.269s][debug  ][gc,phases      ] GC(26)     Dead                           Min: 0, Avg:  0.0, Max: 0, Diff: 0, Sum: 0, Workers: 6
[7.269s][debug  ][gc,phases      ] GC(26)     Total                          Min: 0, Avg: 21.7, Max: 64, Diff: 64, Sum: 130, Workers: 6
[7.269s][debug  ][gc,phases      ] GC(26)   JNI Weak                       Min:  0.0, Avg:  0.0, Max:  0.0, Diff:  0.0, Sum:  0.0, Workers: 6
[7.270s][debug  ][gc,phases      ] GC(26)     Dead                           Min: 0, Avg:  0.0, Max: 0, Diff: 0, Sum: 0, Workers: 6
[7.270s][debug  ][gc,phases      ] GC(26)     Total                          Min: 0, Avg:  0.0, Max: 0, Diff: 0, Sum: 0, Workers: 6
[7.270s][debug  ][gc,phases      ] GC(26)   StringDedup Table Weak         Min:  0.0, Avg:  0.0, Max:  0.0, Diff:  0.0, Sum:  0.0, Workers: 6
[7.270s][debug  ][gc,phases      ] GC(26)     Dead                           Min: 0, Avg:  0.0, Max: 0, Diff: 0, Sum: 0, Workers: 6
[7.270s][debug  ][gc,phases      ] GC(26)     Total                          Min: 0, Avg:  0.0, Max: 0, Diff: 0, Sum: 0, Workers: 6
[7.270s][debug  ][gc,phases      ] GC(26)   StringDedup Requests0 Weak     Min:  0.0, Avg:  0.0, Max:  0.0, Diff:  0.0, Sum:  0.0, Workers: 6
[7.270s][debug  ][gc,phases      ] GC(26)     Dead                           Min: 0, Avg:  0.0, Max: 0, Diff: 0, Sum: 0, Workers: 6
[7.270s][debug  ][gc,phases      ] GC(26)     Total                          Min: 0, Avg:  0.0, Max: 0, Diff: 0, Sum: 0, Workers: 6
[7.270s][debug  ][gc,phases      ] GC(26)   StringDedup Requests1 Weak     Min:  0.0, Avg:  0.0, Max:  0.0, Diff:  0.0, Sum:  0.0, Workers: 6
[7.270s][debug  ][gc,phases      ] GC(26)     Dead                           Min: 0, Avg:  0.0, Max: 0, Diff: 0, Sum: 0, Workers: 6
[7.270s][debug  ][gc,phases      ] GC(26)     Total                          Min: 0, Avg:  0.0, Max: 0, Diff: 0, Sum: 0, Workers: 6
[7.270s][debug  ][gc,phases      ] GC(26)   Weak JFR Old Object Samples    Min:  0.0, Avg:  0.0, Max:  0.0, Diff:  0.0, Sum:  0.0, Workers: 6
[7.270s][debug  ][gc,phases      ] GC(26)     Dead                           Min: 0, Avg:  0.0, Max: 0, Diff: 0, Sum: 0, Workers: 6
[7.270s][debug  ][gc,phases      ] GC(26)     Total                          Min: 0, Avg:  0.0, Max: 0, Diff: 0, Sum: 0, Workers: 6
[7.270s][debug  ][gc,phases      ] GC(26) Weak Processing 0.673ms
[7.270s][debug  ][gc,ergo        ] GC(26) AdaptiveSizeStart:  collection: 27 
[7.270s][debug  ][gc,ergo        ] GC(26) avg_survived_padded_avg: 33051302.000000
[7.270s][debug  ][gc,ergo        ] GC(26) avg_promoted_padded_avg: 252540544.000000  avg_pretenured_padded_avg: 0.000000  tenuring_thresh: 1  target_size: 33554432
[7.270s][debug  ][gc,age         ] GC(26) Desired survivor size 33554432 bytes, new threshold 1 (max threshold 15)
[7.270s][debug  ][gc,ergo        ] GC(26) PSAdaptiveSizePolicy::compute_eden_space_size limits: desired_eden_size: 249924569 old_eden_size: 201326592 eden_limit: 201326592 cur_eden: 201326592 max_eden_size: 201326592 avg_young_live: 26960268
[7.270s][debug  ][gc,ergo        ] GC(26) PSAdaptiveSizePolicy::compute_eden_space_size: costs minor_time: 0.046606 major_cost: 0.030825 mutator_cost: 0.922569 throughput_goal: 0.990000
[7.270s][debug  ][gc,ergo        ] GC(26) Live_space: 831267840 free_space: 776994816
[7.270s][debug  ][gc,ergo        ] GC(26) Old eden_size: 201326592 desired_eden_size: 201326592
[7.270s][debug  ][gc,ergo        ] GC(26) AdaptiveSizeStop: collection: 27 
[7.270s][info   ][gc,heap        ] GC(26) PSYoungGen: 218853K(229376K)->30720K(229376K) Eden: 188133K(196608K)->0K(196608K) From: 30720K(32768K)->30720K(32768K)
[7.270s][info   ][gc,heap        ] GC(26) ParOldGen: 943716K(1234944K)->1046116K(1234944K)
[7.270s][info   ][gc,metaspace   ] GC(26) Metaspace: 1019K(1152K)->1019K(1152K) NonClass: 935K(960K)->935K(960K) Class: 83K(192K)->83K(192K)
[7.270s][info   ][gc             ] GC(26) Pause Young (Allocation Failure) 1135M->1051M(1430M) 10.824ms
[7.270s][info   ][gc,cpu         ] GC(26) User=0.16s Sys=0.00s Real=0.01s
[7.270s][debug  ][gc,heap        ] GC(26) Heap after GC invocations=27 (full 4):
[7.270s][debug  ][gc,heap        ] GC(26)  PSYoungGen      total 229376K, used 30720K [0x00000000f0000000, 0x0000000100000000, 0x0000000100000000)
[7.270s][debug  ][gc,heap        ] GC(26)   eden space 196608K, 0% used [0x00000000f0000000,0x00000000f0000000,0x00000000fc000000)
[7.270s][debug  ][gc,heap        ] GC(26)   from space 32768K, 93% used [0x00000000fc000000,0x00000000fde00030,0x00000000fe000000)
[7.270s][debug  ][gc,heap        ] GC(26)   to   space 32768K, 0% used [0x00000000fe000000,0x00000000fe000000,0x0000000100000000)
[7.270s][debug  ][gc,heap        ] GC(26)  ParOldGen       total 1234944K, used 1046116K [0x0000000080000000, 0x00000000cb600000, 0x00000000f0000000)
[7.270s][debug  ][gc,heap        ] GC(26)   object space 1234944K, 84% used [0x0000000080000000,0x00000000bfd99238,0x00000000cb600000)
[7.270s][debug  ][gc,heap        ] GC(26)  Metaspace       used 1019K, committed 1152K, reserved 1056768K
[7.270s][debug  ][gc,heap        ] GC(26)   class space    used 83K, committed 192K, reserved 1048576K
[7.270s][debug  ][gc,task,time   ] GC(26) VM-Thread 72589304 72685082 72703160
[7.270s][debug  ][gc,phases,start] GC(27) Pre Compact
[7.270s][debug  ][gc,heap        ] GC(27) Heap before GC invocations=28 (full 5):
[7.270s][debug  ][gc,heap        ] GC(27)  PSYoungGen      total 229376K, used 30720K [0x00000000f0000000, 0x0000000100000000, 0x0000000100000000)
[7.270s][debug  ][gc,heap        ] GC(27)   eden space 196608K, 0% used [0x00000000f0000000,0x00000000f0000000,0x00000000fc000000)
[7.270s][debug  ][gc,heap        ] GC(27)   from space 32768K, 93% used [0x00000000fc000000,0x00000000fde00030,0x00000000fe000000)
[7.270s][debug  ][gc,heap        ] GC(27)   to   space 32768K, 0% used [0x00000000fe000000,0x00000000fe000000,0x0000000100000000)
[7.270s][debug  ][gc,heap        ] GC(27)  ParOldGen       total 1234944K, used 1046116K [0x0000000080000000, 0x00000000cb600000, 0x00000000f0000000)
[7.270s][debug  ][gc,heap        ] GC(27)   object space 1234944K, 84% used [0x0000000080000000,0x00000000bfd99238,0x00000000cb600000)
[7.270s][debug  ][gc,heap        ] GC(27)  Metaspace       used 1019K, committed 1152K, reserved 1056768K
[7.271s][debug  ][gc,heap        ] GC(27)   class space    used 83K, committed 192K, reserved 1048576K
[7.271s][debug  ][gc,phases      ] GC(27) Pre Compact 0.207ms
[7.271s][info   ][gc,start       ] GC(27) Pause Full (Ergonomics)
[7.271s][info   ][gc,phases,start] GC(27) Marking Phase
[7.271s][debug  ][gc,phases,start] GC(27) Par Mark
[7.271s][debug  ][gc,phases      ] GC(27) Par Mark 0.504ms
[7.271s][debug  ][gc,phases,start] GC(27) Reference Processing
[7.271s][debug  ][gc,ref         ] GC(27) Skipped phase 1 of Reference Processing: no references
[7.271s][debug  ][gc,ref         ] GC(27) ReferenceProcessor::execute queues: 1, RefProcThreadModel::Single, marks_oops_alive: false
[7.271s][debug  ][gc,ref         ] GC(27) Skipped phase 3 of Reference Processing: no references
[7.271s][debug  ][gc,ref         ] GC(27) ReferenceProcessor::execute queues: 1, RefProcThreadModel::Single, marks_oops_alive: false
[7.271s][debug  ][gc,phases,ref  ] GC(27) Reference Processing: 0.1ms
[7.271s][debug  ][gc,phases,ref  ] GC(27)   Reconsider SoftReferences: 0.0ms
[7.271s][debug  ][gc,phases,ref  ] GC(27)     SoftRef (ms):                  skipped
[7.271s][debug  ][gc,phases,ref  ] GC(27)   Notify Soft/WeakReferences: 0.0ms
[7.271s][debug  ][gc,phases,ref  ] GC(27)     SoftRef (ms):                  Min:  0.0, Avg:  0.0, Max:  0.0, Diff:  0.0, Sum:  0.0, Workers: 12
[7.271s][debug  ][gc,phases,ref  ] GC(27)     WeakRef (ms):                  Min:  0.0, Avg:  0.0, Max:  0.0, Diff:  0.0, Sum:  0.0, Workers: 12
[7.271s][debug  ][gc,phases,ref  ] GC(27)     FinalRef (ms):                 Min:  0.0, Avg:  0.0, Max:  0.0, Diff:  0.0, Sum:  0.0, Workers: 12
[7.271s][debug  ][gc,phases,ref  ] GC(27)     Total (ms):                    Min:  0.0, Avg:  0.0, Max:  0.0, Diff:  0.0, Sum:  0.0, Workers: 12
[7.271s][debug  ][gc,phases,ref  ] GC(27)   Notify and keep alive finalizable: 0.0ms
[7.272s][debug  ][gc,phases,ref  ] GC(27)     FinalRef (ms):                 skipped
[7.272s][debug  ][gc,phases,ref  ] GC(27)   Notify PhantomReferences: 0.0ms
[7.272s][debug  ][gc,phases,ref  ] GC(27)     PhantomRef (ms):               Min:  0.0, Avg:  0.0, Max:  0.0, Diff:  0.0, Sum:  0.0, Workers: 12
[7.272s][debug  ][gc,phases,ref  ] GC(27)   SoftReference:
[7.272s][debug  ][gc,phases,ref  ] GC(27)     Discovered: 0
[7.272s][debug  ][gc,phases,ref  ] GC(27)     Cleared: 0
[7.272s][debug  ][gc,phases,ref  ] GC(27)   WeakReference:
[7.272s][debug  ][gc,phases,ref  ] GC(27)     Discovered: 69
[7.272s][debug  ][gc,phases,ref  ] GC(27)     Cleared: 69
[7.272s][debug  ][gc,phases,ref  ] GC(27)   FinalReference:
[7.272s][debug  ][gc,phases,ref  ] GC(27)     Discovered: 0
[7.272s][debug  ][gc,phases,ref  ] GC(27)     Cleared: 0
[7.272s][debug  ][gc,phases,ref  ] GC(27)   PhantomReference:
[7.272s][debug  ][gc,phases,ref  ] GC(27)     Discovered: 5
[7.272s][debug  ][gc,phases,ref  ] GC(27)     Cleared: 5
[7.272s][debug  ][gc,phases      ] GC(27) Reference Processing 0.625ms
[7.272s][debug  ][gc,phases,start] GC(27) Weak Processing
[7.272s][debug  ][gc,phases      ] GC(27)   VM Weak                        Min:  0.0, Avg:  0.0, Max:  0.0, Diff:  0.0, Sum:  0.0, Workers: 6
[7.272s][debug  ][gc,phases      ] GC(27)     Dead                           Min: 0, Avg:  0.0, Max: 0, Diff: 0, Sum: 0, Workers: 6
[7.272s][debug  ][gc,phases      ] GC(27)     Total                          Min: 0, Avg:  1.3, Max: 8, Diff: 8, Sum: 8, Workers: 6
[7.272s][debug  ][gc,phases      ] GC(27)   ObjectSynchronizer Weak        Min:  0.0, Avg:  0.0, Max:  0.0, Diff:  0.0, Sum:  0.0, Workers: 6
[7.272s][debug  ][gc,phases      ] GC(27)     Dead                           Min: 0, Avg:  0.0, Max: 0, Diff: 0, Sum: 0, Workers: 6
[7.272s][debug  ][gc,phases      ] GC(27)     Total                          Min: 0, Avg:  0.5, Max: 3, Diff: 3, Sum: 3, Workers: 6
[7.272s][debug  ][gc,phases      ] GC(27)   JVMTI Tag Weak OopStorage      Min:  0.0, Avg:  0.0, Max:  0.0, Diff:  0.0, Sum:  0.0, Workers: 6
[7.272s][debug  ][gc,phases      ] GC(27)     Dead                           Min: 0, Avg:  0.0, Max: 0, Diff: 0, Sum: 0, Workers: 6
[7.272s][debug  ][gc,phases      ] GC(27)     Total                          Min: 0, Avg:  0.0, Max: 0, Diff: 0, Sum: 0, Workers: 6
[7.272s][debug  ][gc,phases      ] GC(27)   StringTable Weak               Min:  0.0, Avg:  0.0, Max:  0.0, Diff:  0.0, Sum:  0.0, Workers: 6
[7.272s][debug  ][gc,phases      ] GC(27)     Dead                           Min: 0, Avg:  0.0, Max: 0, Diff: 0, Sum: 0, Workers: 6
[7.272s][debug  ][gc,phases      ] GC(27)     Total                          Min: 746, Avg: 892.3, Max: 1344, Diff: 598, Sum: 5354, Workers: 6
[7.272s][debug  ][gc,phases      ] GC(27)   ResolvedMethodTable Weak       Min:  0.0, Avg:  0.0, Max:  0.0, Diff:  0.0, Sum:  0.0, Workers: 6
[7.272s][debug  ][gc,phases      ] GC(27)     Dead                           Min: 0, Avg:  0.0, Max: 0, Diff: 0, Sum: 0, Workers: 6
[7.272s][debug  ][gc,phases      ] GC(27)     Total                          Min: 0, Avg: 21.7, Max: 64, Diff: 64, Sum: 130, Workers: 6
[7.272s][debug  ][gc,phases      ] GC(27)   JNI Weak                       Min:  0.0, Avg:  0.0, Max:  0.0, Diff:  0.0, Sum:  0.0, Workers: 6
[7.272s][debug  ][gc,phases      ] GC(27)     Dead                           Min: 0, Avg:  0.0, Max: 0, Diff: 0, Sum: 0, Workers: 6
[7.272s][debug  ][gc,phases      ] GC(27)     Total                          Min: 0, Avg:  0.0, Max: 0, Diff: 0, Sum: 0, Workers: 6
[7.272s][debug  ][gc,phases      ] GC(27)   StringDedup Table Weak         Min:  0.0, Avg:  0.0, Max:  0.0, Diff:  0.0, Sum:  0.0, Workers: 6
[7.272s][debug  ][gc,phases      ] GC(27)     Dead                           Min: 0, Avg:  0.0, Max: 0, Diff: 0, Sum: 0, Workers: 6
[7.272s][debug  ][gc,phases      ] GC(27)     Total                          Min: 0, Avg:  0.0, Max: 0, Diff: 0, Sum: 0, Workers: 6
[7.272s][debug  ][gc,phases      ] GC(27)   StringDedup Requests0 Weak     Min:  0.0, Avg:  0.0, Max:  0.0, Diff:  0.0, Sum:  0.0, Workers: 6
[7.272s][debug  ][gc,phases      ] GC(27)     Dead                           Min: 0, Avg:  0.0, Max: 0, Diff: 0, Sum: 0, Workers: 6
[7.272s][debug  ][gc,phases      ] GC(27)     Total                          Min: 0, Avg:  0.0, Max: 0, Diff: 0, Sum: 0, Workers: 6
[7.272s][debug  ][gc,phases      ] GC(27)   StringDedup Requests1 Weak     Min:  0.0, Avg:  0.0, Max:  0.0, Diff:  0.0, Sum:  0.0, Workers: 6
[7.272s][debug  ][gc,phases      ] GC(27)     Dead                           Min: 0, Avg:  0.0, Max: 0, Diff: 0, Sum: 0, Workers: 6
[7.272s][debug  ][gc,phases      ] GC(27)     Total                          Min: 0, Avg:  0.0, Max: 0, Diff: 0, Sum: 0, Workers: 6
[7.272s][debug  ][gc,phases      ] GC(27)   Weak JFR Old Object Samples    Min:  0.0, Avg:  0.0, Max:  0.0, Diff:  0.0, Sum:  0.0, Workers: 6
[7.272s][debug  ][gc,phases      ] GC(27)     Dead                           Min: 0, Avg:  0.0, Max: 0, Diff: 0, Sum: 0, Workers: 6
[7.272s][debug  ][gc,phases      ] GC(27)     Total                          Min: 0, Avg:  0.0, Max: 0, Diff: 0, Sum: 0, Workers: 6
[7.272s][debug  ][gc,phases      ] GC(27) Weak Processing 0.685ms
[7.273s][debug  ][gc,phases,start] GC(27) Class Unloading
[7.273s][debug  ][gc,phases,start] GC(27) ClassLoaderData
[7.273s][debug  ][gc,phases      ] GC(27) ClassLoaderData 0.020ms
[7.273s][debug  ][gc,phases,start] GC(27) Trigger cleanups
[7.273s][debug  ][gc,phases      ] GC(27) Trigger cleanups 0.019ms
[7.273s][debug  ][gc,phases      ] GC(27) Class Unloading 0.254ms
[7.273s][info   ][gc,phases      ] GC(27) Marking Phase 2.202ms
[7.273s][info   ][gc,phases,start] GC(27) Summary Phase
[7.273s][info   ][gc,phases      ] GC(27) Summary Phase 0.030ms
[7.273s][info   ][gc,phases,start] GC(27) Adjust Roots
[7.273s][info   ][gc,phases      ] GC(27) Adjust Roots 0.148ms
[7.273s][info   ][gc,phases,start] GC(27) Compaction Phase
[7.287s][info   ][gc,phases      ] GC(27) Compaction Phase 14.075ms
[7.287s][info   ][gc,phases,start] GC(27) Post Compact
[7.291s][info   ][gc,phases      ] GC(27) Post Compact 3.466ms
[7.291s][debug  ][gc,ergo        ] GC(27) AdaptiveSizeStart: collection: 28 
[7.291s][debug  ][gc,ergo        ] GC(27) PSAdaptiveSizePolicy::compute_eden_space_size limits: desired_eden_size: 252293969 old_eden_size: 201326592 eden_limit: 201326592 cur_eden: 201326592 max_eden_size: 201326592 avg_young_live: 24264240
[7.291s][debug  ][gc,ergo        ] GC(27) PSAdaptiveSizePolicy::compute_eden_space_size: costs minor_time: 0.046606 major_cost: 0.027225 mutator_cost: 0.926169 throughput_goal: 0.990000
[7.291s][debug  ][gc,ergo        ] GC(27) Live_space: 828571776 free_space: 776994816
[7.291s][debug  ][gc,ergo        ] GC(27) Old eden_size: 201326592 desired_eden_size: 201326592
[7.291s][debug  ][gc,ergo        ] GC(27) PSAdaptiveSizePolicy::compute_old_gen_free_space: costs minor_time: 0.046606 major_cost: 0.027225  mutator_cost: 0.926169 throughput_goal: 0.990000
[7.291s][debug  ][gc,ergo        ] GC(27) Live_space: 748995264 free_space: 776994816
[7.291s][debug  ][gc,ergo        ] GC(27) Old promo_size: 575668224 desired_promo_size: 661127168
[7.301s][debug  ][gc             ] GC(27) Shrinking ParOldGen from 1234944K by 207872K to 1027072K
[7.301s][debug  ][gc,ergo        ] GC(27) AdaptiveSizeStop: collection: 28 
[7.301s][info   ][gc,heap        ] GC(27) PSYoungGen: 30720K(229376K)->0K(229376K) Eden: 0K(196608K)->0K(196608K) From: 30720K(32768K)->0K(32768K)
[7.301s][info   ][gc,heap        ] GC(27) ParOldGen: 1046116K(1234944K)->134755K(1027072K)
[7.301s][info   ][gc,metaspace   ] GC(27) Metaspace: 1019K(1152K)->1019K(1152K) NonClass: 935K(960K)->935K(960K) Class: 83K(192K)->83K(192K)
[7.301s][info   ][gc             ] GC(27) Pause Full (Ergonomics) 1051M->131M(1227M) 30.782ms
[7.301s][info   ][gc,cpu         ] GC(27) User=0.17s Sys=0.02s Real=0.03s
[7.301s][debug  ][gc,heap        ] GC(27) Heap after GC invocations=28 (full 5):
[7.301s][debug  ][gc,heap        ] GC(27)  PSYoungGen      total 229376K, used 0K [0x00000000f0000000, 0x0000000100000000, 0x0000000100000000)
[7.301s][debug  ][gc,heap        ] GC(27)   eden space 196608K, 0% used [0x00000000f0000000,0x00000000f0000000,0x00000000fc000000)
[7.301s][debug  ][gc,heap        ] GC(27)   from space 32768K, 0% used [0x00000000fe000000,0x00000000fe000000,0x0000000100000000)
[7.301s][debug  ][gc,heap        ] GC(27)   to   space 32768K, 0% used [0x00000000fc000000,0x00000000fc000000,0x00000000fe000000)
[7.302s][debug  ][gc,heap        ] GC(27)  ParOldGen       total 1027072K, used 134755K [0x0000000080000000, 0x00000000beb00000, 0x00000000f0000000)
[7.302s][debug  ][gc,heap        ] GC(27)   object space 1027072K, 13% used [0x0000000080000000,0x0000000088398ca8,0x00000000beb00000)
[7.302s][debug  ][gc,heap        ] GC(27)  Metaspace       used 1019K, committed 1152K, reserved 1056768K
[7.302s][debug  ][gc,heap        ] GC(27)   class space    used 83K, committed 192K, reserved 1048576K
[7.302s][debug  ][gc,task,time   ] GC(27) VM-Thread 72705909 72730584 73014021
[7.591s][debug  ][gc,heap        ] GC(28) Heap before GC invocations=29 (full 5):
[7.591s][debug  ][gc,heap        ] GC(28)  PSYoungGen      total 229376K, used 188147K [0x00000000f0000000, 0x0000000100000000, 0x0000000100000000)
[7.591s][debug  ][gc,heap        ] GC(28)   eden space 196608K, 95% used [0x00000000f0000000,0x00000000fb7bcdb0,0x00000000fc000000)
[7.591s][debug  ][gc,heap        ] GC(28)   from space 32768K, 0% used [0x00000000fe000000,0x00000000fe000000,0x0000000100000000)
[7.591s][debug  ][gc,heap        ] GC(28)   to   space 32768K, 0% used [0x00000000fc000000,0x00000000fc000000,0x00000000fe000000)
[7.591s][debug  ][gc,heap        ] GC(28)  ParOldGen       total 1027072K, used 134755K [0x0000000080000000, 0x00000000beb00000, 0x00000000f0000000)
[7.591s][debug  ][gc,heap        ] GC(28)   object space 1027072K, 13% used [0x0000000080000000,0x0000000088398ca8,0x00000000beb00000)
[7.591s][debug  ][gc,heap        ] GC(28)  Metaspace       used 1019K, committed 1152K, reserved 1056768K
[7.591s][debug  ][gc,heap        ] GC(28)   class space    used 83K, committed 192K, reserved 1048576K
[7.591s][debug  ][gc,tlab        ] GC(28) TLAB totals: thrds: 1  refills: 1 max: 1 slow allocs: 17 max 17 waste: 27.2% gc: 3918992B max: 3918992B slow: 0B max: 0B
[7.591s][info   ][gc,start       ] GC(28) Pause Young (Allocation Failure)
[7.591s][debug  ][gc,phases,start] GC(28) Scavenge
[7.604s][debug  ][gc,phases      ] GC(28) Scavenge 12.294ms
[7.604s][debug  ][gc,phases,start] GC(28) Reference Processing
[7.604s][debug  ][gc,ref         ] GC(28) Skipped phase 1 of Reference Processing: no references
[7.604s][debug  ][gc,ref         ] GC(28) Skipped phase 2 of Reference Processing: no references
[7.604s][debug  ][gc,ref         ] GC(28) Skipped phase 3 of Reference Processing: no references
[7.604s][debug  ][gc,ref         ] GC(28) Skipped phase 4 of Reference Processing: no references
[7.604s][debug  ][gc,phases,ref  ] GC(28) Reference Processing: 0.1ms
[7.604s][debug  ][gc,phases,ref  ] GC(28)   Reconsider SoftReferences: 0.0ms
[7.604s][debug  ][gc,phases,ref  ] GC(28)     SoftRef (ms):                  skipped
[7.604s][debug  ][gc,phases,ref  ] GC(28)   Notify Soft/WeakReferences: 0.0ms
[7.604s][debug  ][gc,phases,ref  ] GC(28)     SoftRef (ms):                  skipped
[7.604s][debug  ][gc,phases,ref  ] GC(28)     WeakRef (ms):                  skipped
[7.604s][debug  ][gc,phases,ref  ] GC(28)     FinalRef (ms):                 skipped
[7.604s][debug  ][gc,phases,ref  ] GC(28)     Total (ms):                    skipped
[7.604s][debug  ][gc,phases,ref  ] GC(28)   Notify and keep alive finalizable: 0.0ms
[7.604s][debug  ][gc,phases,ref  ] GC(28)     FinalRef (ms):                 skipped
[7.604s][debug  ][gc,phases,ref  ] GC(28)   Notify PhantomReferences: 0.0ms
[7.604s][debug  ][gc,phases,ref  ] GC(28)     PhantomRef (ms):               skipped
[7.604s][debug  ][gc,phases,ref  ] GC(28)   SoftReference:
[7.604s][debug  ][gc,phases,ref  ] GC(28)     Discovered: 0
[7.604s][debug  ][gc,phases,ref  ] GC(28)     Cleared: 0
[7.604s][debug  ][gc,phases,ref  ] GC(28)   WeakReference:
[7.604s][debug  ][gc,phases,ref  ] GC(28)     Discovered: 0
[7.604s][debug  ][gc,phases,ref  ] GC(28)     Cleared: 0
[7.604s][debug  ][gc,phases,ref  ] GC(28)   FinalReference:
[7.604s][debug  ][gc,phases,ref  ] GC(28)     Discovered: 0
[7.604s][debug  ][gc,phases,ref  ] GC(28)     Cleared: 0
[7.604s][debug  ][gc,phases,ref  ] GC(28)   PhantomReference:
[7.604s][debug  ][gc,phases,ref  ] GC(28)     Discovered: 0
[7.604s][debug  ][gc,phases,ref  ] GC(28)     Cleared: 0
[7.604s][debug  ][gc,phases      ] GC(28) Reference Processing 0.687ms
[7.604s][debug  ][gc,phases,start] GC(28) Weak Processing
[7.605s][debug  ][gc,phases      ] GC(28)   VM Weak                        Min:  0.0, Avg:  0.0, Max:  0.0, Diff:  0.0, Sum:  0.0, Workers: 6
[7.605s][debug  ][gc,phases      ] GC(28)     Dead                           Min: 0, Avg:  0.0, Max: 0, Diff: 0, Sum: 0, Workers: 6
[7.605s][debug  ][gc,phases      ] GC(28)     Total                          Min: 0, Avg:  1.3, Max: 8, Diff: 8, Sum: 8, Workers: 6
[7.605s][debug  ][gc,phases      ] GC(28)   ObjectSynchronizer Weak        Min:  0.0, Avg:  0.0, Max:  0.0, Diff:  0.0, Sum:  0.0, Workers: 6
[7.605s][debug  ][gc,phases      ] GC(28)     Dead                           Min: 0, Avg:  0.0, Max: 0, Diff: 0, Sum: 0, Workers: 6
[7.605s][debug  ][gc,phases      ] GC(28)     Total                          Min: 0, Avg:  0.5, Max: 3, Diff: 3, Sum: 3, Workers: 6
[7.605s][debug  ][gc,phases      ] GC(28)   JVMTI Tag Weak OopStorage      Min:  0.0, Avg:  0.0, Max:  0.0, Diff:  0.0, Sum:  0.0, Workers: 6
[7.605s][debug  ][gc,phases      ] GC(28)     Dead                           Min: 0, Avg:  0.0, Max: 0, Diff: 0, Sum: 0, Workers: 6
[7.605s][debug  ][gc,phases      ] GC(28)     Total                          Min: 0, Avg:  0.0, Max: 0, Diff: 0, Sum: 0, Workers: 6
[7.605s][debug  ][gc,phases      ] GC(28)   StringTable Weak               Min:  0.0, Avg:  0.0, Max:  0.0, Diff:  0.0, Sum:  0.0, Workers: 6
[7.605s][debug  ][gc,phases      ] GC(28)     Dead                           Min: 0, Avg:  0.0, Max: 0, Diff: 0, Sum: 0, Workers: 6
[7.605s][debug  ][gc,phases      ] GC(28)     Total                          Min: 683, Avg: 892.3, Max: 1088, Diff: 405, Sum: 5354, Workers: 6
[7.605s][debug  ][gc,phases      ] GC(28)   ResolvedMethodTable Weak       Min:  0.0, Avg:  0.0, Max:  0.0, Diff:  0.0, Sum:  0.0, Workers: 6
[7.605s][debug  ][gc,phases      ] GC(28)     Dead                           Min: 0, Avg:  0.0, Max: 0, Diff: 0, Sum: 0, Workers: 6
[7.605s][debug  ][gc,phases      ] GC(28)     Total                          Min: 0, Avg: 21.7, Max: 64, Diff: 64, Sum: 130, Workers: 6
[7.605s][debug  ][gc,phases      ] GC(28)   JNI Weak                       Min:  0.0, Avg:  0.0, Max:  0.0, Diff:  0.0, Sum:  0.0, Workers: 6
[7.605s][debug  ][gc,phases      ] GC(28)     Dead                           Min: 0, Avg:  0.0, Max: 0, Diff: 0, Sum: 0, Workers: 6
[7.605s][debug  ][gc,phases      ] GC(28)     Total                          Min: 0, Avg:  0.0, Max: 0, Diff: 0, Sum: 0, Workers: 6
[7.605s][debug  ][gc,phases      ] GC(28)   StringDedup Table Weak         Min:  0.0, Avg:  0.0, Max:  0.0, Diff:  0.0, Sum:  0.0, Workers: 6
[7.605s][debug  ][gc,phases      ] GC(28)     Dead                           Min: 0, Avg:  0.0, Max: 0, Diff: 0, Sum: 0, Workers: 6
[7.605s][debug  ][gc,phases      ] GC(28)     Total                          Min: 0, Avg:  0.0, Max: 0, Diff: 0, Sum: 0, Workers: 6
[7.605s][debug  ][gc,phases      ] GC(28)   StringDedup Requests0 Weak     Min:  0.0, Avg:  0.0, Max:  0.0, Diff:  0.0, Sum:  0.0, Workers: 6
[7.605s][debug  ][gc,phases      ] GC(28)     Dead                           Min: 0, Avg:  0.0, Max: 0, Diff: 0, Sum: 0, Workers: 6
[7.605s][debug  ][gc,phases      ] GC(28)     Total                          Min: 0, Avg:  0.0, Max: 0, Diff: 0, Sum: 0, Workers: 6
[7.605s][debug  ][gc,phases      ] GC(28)   StringDedup Requests1 Weak     Min:  0.0, Avg:  0.0, Max:  0.0, Diff:  0.0, Sum:  0.0, Workers: 6
[7.605s][debug  ][gc,phases      ] GC(28)     Dead                           Min: 0, Avg:  0.0, Max: 0, Diff: 0, Sum: 0, Workers: 6
[7.605s][debug  ][gc,phases      ] GC(28)     Total                          Min: 0, Avg:  0.0, Max: 0, Diff: 0, Sum: 0, Workers: 6
[7.605s][debug  ][gc,phases      ] GC(28)   Weak JFR Old Object Samples    Min:  0.0, Avg:  0.0, Max:  0.0, Diff:  0.0, Sum:  0.0, Workers: 6
[7.605s][debug  ][gc,phases      ] GC(28)     Dead                           Min: 0, Avg:  0.0, Max: 0, Diff: 0, Sum: 0, Workers: 6
[7.605s][debug  ][gc,phases      ] GC(28)     Total                          Min: 0, Avg:  0.0, Max: 0, Diff: 0, Sum: 0, Workers: 6
[7.605s][debug  ][gc,phases      ] GC(28) Weak Processing 0.772ms
[7.605s][debug  ][gc,ergo        ] GC(28) AdaptiveSizeStart:  collection: 29 
[7.605s][debug  ][gc,ergo        ] GC(28) avg_survived_padded_avg: 32961076.000000
[7.605s][debug  ][gc,ergo        ] GC(28) avg_promoted_padded_avg: 243482864.000000  avg_pretenured_padded_avg: 0.000000  tenuring_thresh: 1  target_size: 33030144
[7.605s][debug  ][gc,age         ] GC(28) Desired survivor size 33030144 bytes, new threshold 1 (max threshold 15)
[7.605s][debug  ][gc,ergo        ] GC(28) PSAdaptiveSizePolicy::compute_eden_space_size limits: desired_eden_size: 251755488 old_eden_size: 201326592 eden_limit: 201326592 cur_eden: 201326592 max_eden_size: 201326592 avg_young_live: 24983548
[7.605s][debug  ][gc,ergo        ] GC(28) PSAdaptiveSizePolicy::compute_eden_space_size: costs minor_time: 0.045294 major_cost: 0.027225 mutator_cost: 0.927481 throughput_goal: 0.990000
[7.605s][debug  ][gc,ergo        ] GC(28) Live_space: 749714560 free_space: 862453760
[7.605s][debug  ][gc,ergo        ] GC(28) Old eden_size: 201326592 desired_eden_size: 201326592
[7.605s][debug  ][gc,ergo        ] GC(28) AdaptiveSizeStop: collection: 29 
[7.605s][info   ][gc,heap        ] GC(28) PSYoungGen: 188147K(229376K)->30720K(229376K) Eden: 188147K(196608K)->0K(196608K) From: 0K(32768K)->30720K(32768K)
[7.605s][info   ][gc,heap        ] GC(28) ParOldGen: 134755K(1027072K)->288355K(1027072K)
[7.605s][info   ][gc,metaspace   ] GC(28) Metaspace: 1019K(1152K)->1019K(1152K) NonClass: 935K(960K)->935K(960K) Class: 83K(192K)->83K(192K)
[7.606s][info   ][gc             ] GC(28) Pause Young (Allocation Failure) 315M->311M(1227M) 14.210ms
[7.606s][info   ][gc,cpu         ] GC(28) User=0.19s Sys=0.00s Real=0.01s
[7.606s][debug  ][gc,heap        ] GC(28) Heap after GC invocations=29 (full 5):
[7.606s][debug  ][gc,heap        ] GC(28)  PSYoungGen      total 229376K, used 30720K [0x00000000f0000000, 0x0000000100000000, 0x0000000100000000)
[7.606s][debug  ][gc,heap        ] GC(28)   eden space 196608K, 0% used [0x00000000f0000000,0x00000000f0000000,0x00000000fc000000)
[7.606s][debug  ][gc,heap        ] GC(28)   from space 32768K, 93% used [0x00000000fc000000,0x00000000fde00030,0x00000000fe000000)
[7.606s][debug  ][gc,heap        ] GC(28)   to   space 32256K, 0% used [0x00000000fe080000,0x00000000fe080000,0x0000000100000000)
[7.606s][debug  ][gc,heap        ] GC(28)  ParOldGen       total 1027072K, used 288355K [0x0000000080000000, 0x00000000beb00000, 0x00000000f0000000)
[7.606s][debug  ][gc,heap        ] GC(28)   object space 1027072K, 28% used [0x0000000080000000,0x0000000091998d98,0x00000000beb00000)
[7.606s][debug  ][gc,heap        ] GC(28)  Metaspace       used 1019K, committed 1152K, reserved 1056768K
[7.606s][debug  ][gc,heap        ] GC(28)   class space    used 83K, committed 192K, reserved 1048576K
[7.606s][debug  ][gc,task,time   ] GC(28) VM-Thread 75908874 76037283 76057816
[7.890s][debug  ][gc,heap        ] GC(29) Heap before GC invocations=30 (full 5):
[7.890s][debug  ][gc,heap        ] GC(29)  PSYoungGen      total 229376K, used 218801K [0x00000000f0000000, 0x0000000100000000, 0x0000000100000000)
[7.891s][debug  ][gc,heap        ] GC(29)   eden space 196608K, 95% used [0x00000000f0000000,0x00000000fb7ac520,0x00000000fc000000)
[7.891s][debug  ][gc,heap        ] GC(29)   from space 32768K, 93% used [0x00000000fc000000,0x00000000fde00030,0x00000000fe000000)
[7.891s][debug  ][gc,heap        ] GC(29)   to   space 32256K, 0% used [0x00000000fe080000,0x00000000fe080000,0x0000000100000000)
[7.891s][debug  ][gc,heap        ] GC(29)  ParOldGen       total 1027072K, used 288355K [0x0000000080000000, 0x00000000beb00000, 0x00000000f0000000)
[7.891s][debug  ][gc,heap        ] GC(29)   object space 1027072K, 28% used [0x0000000080000000,0x0000000091998d98,0x00000000beb00000)
[7.891s][debug  ][gc,heap        ] GC(29)  Metaspace       used 1019K, committed 1152K, reserved 1056768K
[7.891s][debug  ][gc,heap        ] GC(29)   class space    used 83K, committed 192K, reserved 1048576K
[7.891s][debug  ][gc,tlab        ] GC(29) TLAB totals: thrds: 1  refills: 1 max: 1 slow allocs: 17 max 17 waste: 26.9% gc: 3851264B max: 3851264B slow: 0B max: 0B
[7.891s][info   ][gc,start       ] GC(29) Pause Young (Allocation Failure)
[7.891s][debug  ][gc,phases,start] GC(29) Scavenge
[7.905s][debug  ][gc,phases      ] GC(29) Scavenge 14.451ms
[7.905s][debug  ][gc,phases,start] GC(29) Reference Processing
[7.905s][debug  ][gc,ref         ] GC(29) Skipped phase 1 of Reference Processing: no references
[7.905s][debug  ][gc,ref         ] GC(29) Skipped phase 2 of Reference Processing: no references
[7.905s][debug  ][gc,ref         ] GC(29) Skipped phase 3 of Reference Processing: no references
[7.905s][debug  ][gc,ref         ] GC(29) Skipped phase 4 of Reference Processing: no references
[7.905s][debug  ][gc,phases,ref  ] GC(29) Reference Processing: 0.1ms
[7.905s][debug  ][gc,phases,ref  ] GC(29)   Reconsider SoftReferences: 0.0ms
[7.906s][debug  ][gc,phases,ref  ] GC(29)     SoftRef (ms):                  skipped
[7.906s][debug  ][gc,phases,ref  ] GC(29)   Notify Soft/WeakReferences: 0.0ms
[7.906s][debug  ][gc,phases,ref  ] GC(29)     SoftRef (ms):                  skipped
[7.906s][debug  ][gc,phases,ref  ] GC(29)     WeakRef (ms):                  skipped
[7.906s][debug  ][gc,phases,ref  ] GC(29)     FinalRef (ms):                 skipped
[7.906s][debug  ][gc,phases,ref  ] GC(29)     Total (ms):                    skipped
[7.906s][debug  ][gc,phases,ref  ] GC(29)   Notify and keep alive finalizable: 0.0ms
[7.906s][debug  ][gc,phases,ref  ] GC(29)     FinalRef (ms):                 skipped
[7.906s][debug  ][gc,phases,ref  ] GC(29)   Notify PhantomReferences: 0.0ms
[7.906s][debug  ][gc,phases,ref  ] GC(29)     PhantomRef (ms):               skipped
[7.906s][debug  ][gc,phases,ref  ] GC(29)   SoftReference:
[7.906s][debug  ][gc,phases,ref  ] GC(29)     Discovered: 0
[7.906s][debug  ][gc,phases,ref  ] GC(29)     Cleared: 0
[7.906s][debug  ][gc,phases,ref  ] GC(29)   WeakReference:
[7.906s][debug  ][gc,phases,ref  ] GC(29)     Discovered: 0
[7.906s][debug  ][gc,phases,ref  ] GC(29)     Cleared: 0
[7.906s][debug  ][gc,phases,ref  ] GC(29)   FinalReference:
[7.906s][debug  ][gc,phases,ref  ] GC(29)     Discovered: 0
[7.906s][debug  ][gc,phases,ref  ] GC(29)     Cleared: 0
[7.906s][debug  ][gc,phases,ref  ] GC(29)   PhantomReference:
[7.906s][debug  ][gc,phases,ref  ] GC(29)     Discovered: 0
[7.906s][debug  ][gc,phases,ref  ] GC(29)     Cleared: 0
[7.906s][debug  ][gc,phases      ] GC(29) Reference Processing 0.573ms
[7.906s][debug  ][gc,phases,start] GC(29) Weak Processing
[7.906s][debug  ][gc,phases      ] GC(29)   VM Weak                        Min:  0.0, Avg:  0.0, Max:  0.0, Diff:  0.0, Sum:  0.0, Workers: 6
[7.906s][debug  ][gc,phases      ] GC(29)     Dead                           Min: 0, Avg:  0.0, Max: 0, Diff: 0, Sum: 0, Workers: 6
[7.906s][debug  ][gc,phases      ] GC(29)     Total                          Min: 0, Avg:  1.3, Max: 8, Diff: 8, Sum: 8, Workers: 6
[7.906s][debug  ][gc,phases      ] GC(29)   ObjectSynchronizer Weak        Min:  0.0, Avg:  0.0, Max:  0.0, Diff:  0.0, Sum:  0.0, Workers: 6
[7.906s][debug  ][gc,phases      ] GC(29)     Dead                           Min: 0, Avg:  0.0, Max: 0, Diff: 0, Sum: 0, Workers: 6
[7.906s][debug  ][gc,phases      ] GC(29)     Total                          Min: 0, Avg:  0.5, Max: 3, Diff: 3, Sum: 3, Workers: 6
[7.906s][debug  ][gc,phases      ] GC(29)   JVMTI Tag Weak OopStorage      Min:  0.0, Avg:  0.0, Max:  0.0, Diff:  0.0, Sum:  0.0, Workers: 6
[7.906s][debug  ][gc,phases      ] GC(29)     Dead                           Min: 0, Avg:  0.0, Max: 0, Diff: 0, Sum: 0, Workers: 6
[7.906s][debug  ][gc,phases      ] GC(29)     Total                          Min: 0, Avg:  0.0, Max: 0, Diff: 0, Sum: 0, Workers: 6
[7.906s][debug  ][gc,phases      ] GC(29)   StringTable Weak               Min:  0.0, Avg:  0.0, Max:  0.0, Diff:  0.0, Sum:  0.0, Workers: 6
[7.906s][debug  ][gc,phases      ] GC(29)     Dead                           Min: 0, Avg:  0.0, Max: 0, Diff: 0, Sum: 0, Workers: 6
[7.906s][debug  ][gc,phases      ] GC(29)     Total                          Min: 768, Avg: 892.3, Max: 1087, Diff: 319, Sum: 5354, Workers: 6
[7.906s][debug  ][gc,phases      ] GC(29)   ResolvedMethodTable Weak       Min:  0.0, Avg:  0.0, Max:  0.0, Diff:  0.0, Sum:  0.0, Workers: 6
[7.906s][debug  ][gc,phases      ] GC(29)     Dead                           Min: 0, Avg:  0.0, Max: 0, Diff: 0, Sum: 0, Workers: 6
[7.906s][debug  ][gc,phases      ] GC(29)     Total                          Min: 0, Avg: 21.7, Max: 64, Diff: 64, Sum: 130, Workers: 6
[7.906s][debug  ][gc,phases      ] GC(29)   JNI Weak                       Min:  0.0, Avg:  0.0, Max:  0.0, Diff:  0.0, Sum:  0.0, Workers: 6
[7.906s][debug  ][gc,phases      ] GC(29)     Dead                           Min: 0, Avg:  0.0, Max: 0, Diff: 0, Sum: 0, Workers: 6
[7.906s][debug  ][gc,phases      ] GC(29)     Total                          Min: 0, Avg:  0.0, Max: 0, Diff: 0, Sum: 0, Workers: 6
[7.906s][debug  ][gc,phases      ] GC(29)   StringDedup Table Weak         Min:  0.0, Avg:  0.0, Max:  0.0, Diff:  0.0, Sum:  0.0, Workers: 6
[7.906s][debug  ][gc,phases      ] GC(29)     Dead                           Min: 0, Avg:  0.0, Max: 0, Diff: 0, Sum: 0, Workers: 6
[7.906s][debug  ][gc,phases      ] GC(29)     Total                          Min: 0, Avg:  0.0, Max: 0, Diff: 0, Sum: 0, Workers: 6
[7.907s][debug  ][gc,phases      ] GC(29)   StringDedup Requests0 Weak     Min:  0.0, Avg:  0.0, Max:  0.0, Diff:  0.0, Sum:  0.0, Workers: 6
[7.907s][debug  ][gc,phases      ] GC(29)     Dead                           Min: 0, Avg:  0.0, Max: 0, Diff: 0, Sum: 0, Workers: 6
[7.907s][debug  ][gc,phases      ] GC(29)     Total                          Min: 0, Avg:  0.0, Max: 0, Diff: 0, Sum: 0, Workers: 6
[7.907s][debug  ][gc,phases      ] GC(29)   StringDedup Requests1 Weak     Min:  0.0, Avg:  0.0, Max:  0.0, Diff:  0.0, Sum:  0.0, Workers: 6
[7.907s][debug  ][gc,phases      ] GC(29)     Dead                           Min: 0, Avg:  0.0, Max: 0, Diff: 0, Sum: 0, Workers: 6
[7.907s][debug  ][gc,phases      ] GC(29)     Total                          Min: 0, Avg:  0.0, Max: 0, Diff: 0, Sum: 0, Workers: 6
[7.907s][debug  ][gc,phases      ] GC(29)   Weak JFR Old Object Samples    Min:  0.0, Avg:  0.0, Max:  0.0, Diff:  0.0, Sum:  0.0, Workers: 6
[7.907s][debug  ][gc,phases      ] GC(29)     Dead                           Min: 0, Avg:  0.0, Max: 0, Diff: 0, Sum: 0, Workers: 6
[7.907s][debug  ][gc,phases      ] GC(29)     Total                          Min: 0, Avg:  0.0, Max: 0, Diff: 0, Sum: 0, Workers: 6
[7.907s][debug  ][gc,phases      ] GC(29) Weak Processing 0.736ms
[7.907s][debug  ][gc,ergo        ] GC(29) AdaptiveSizeStart:  collection: 30 
[7.907s][debug  ][gc,ergo        ] GC(29) avg_survived_padded_avg: 32872954.000000
[7.907s][debug  ][gc,ergo        ] GC(29) avg_promoted_padded_avg: 246081504.000000  avg_pretenured_padded_avg: 0.000000  tenuring_thresh: 1  target_size: 33030144
[7.907s][debug  ][gc,age         ] GC(29) Desired survivor size 33030144 bytes, new threshold 1 (max threshold 15)
[7.907s][debug  ][gc,ergo        ] GC(29) PSAdaptiveSizePolicy::compute_eden_space_size limits: desired_eden_size: 239884978 old_eden_size: 201326592 eden_limit: 201850880 cur_eden: 201326592 max_eden_size: 201850880 avg_young_live: 25630926
[7.907s][debug  ][gc,ergo        ] GC(29) PSAdaptiveSizePolicy::compute_eden_space_size: costs minor_time: 0.047161 major_cost: 0.027225 mutator_cost: 0.925614 throughput_goal: 0.990000
[7.907s][debug  ][gc,ergo        ] GC(29) Live_space: 750361920 free_space: 862453760
[7.907s][debug  ][gc,ergo        ] GC(29) Old eden_size: 201326592 desired_eden_size: 201850880
[7.907s][debug  ][gc,ergo        ] GC(29) AdaptiveSizeStop: collection: 30 
[7.907s][info   ][gc,heap        ] GC(29) PSYoungGen: 218801K(229376K)->30720K(229888K) Eden: 188081K(196608K)->0K(197632K) From: 30720K(32768K)->30720K(32256K)
[7.907s][info   ][gc,heap        ] GC(29) ParOldGen: 288355K(1027072K)->472675K(1027072K)
[7.907s][info   ][gc,metaspace   ] GC(29) Metaspace: 1019K(1152K)->1019K(1152K) NonClass: 935K(960K)->935K(960K) Class: 83K(192K)->83K(192K)
[7.907s][info   ][gc             ] GC(29) Pause Young (Allocation Failure) 495M->491M(1227M) 16.223ms
[7.907s][info   ][gc,cpu         ] GC(29) User=0.19s Sys=0.00s Real=0.02s
[7.907s][debug  ][gc,heap        ] GC(29) Heap after GC invocations=30 (full 5):
[7.907s][debug  ][gc,heap        ] GC(29)  PSYoungGen      total 229888K, used 30720K [0x00000000f0000000, 0x0000000100000000, 0x0000000100000000)
[7.907s][debug  ][gc,heap        ] GC(29)   eden space 197632K, 0% used [0x00000000f0000000,0x00000000f0000000,0x00000000fc100000)
[7.907s][debug  ][gc,heap        ] GC(29)   from space 32256K, 95% used [0x00000000fe080000,0x00000000ffe80030,0x0000000100000000)
[7.907s][debug  ][gc,heap        ] GC(29)   to   space 32256K, 0% used [0x00000000fc100000,0x00000000fc100000,0x00000000fe080000)
[7.907s][debug  ][gc,heap        ] GC(29)  ParOldGen       total 1027072K, used 472675K [0x0000000080000000, 0x00000000beb00000, 0x00000000f0000000)
[7.907s][debug  ][gc,heap        ] GC(29)   object space 1027072K, 46% used [0x0000000080000000,0x000000009cd98eb8,0x00000000beb00000)
[7.907s][debug  ][gc,heap        ] GC(29)  Metaspace       used 1019K, committed 1152K, reserved 1056768K
[7.907s][debug  ][gc,heap        ] GC(29)   class space    used 83K, committed 192K, reserved 1048576K
[7.907s][debug  ][gc,task,time   ] GC(29) VM-Thread 78903819 79053545 79072433
[8.192s][debug  ][gc,heap        ] GC(30) Heap before GC invocations=31 (full 5):
[8.192s][debug  ][gc,heap        ] GC(30)  PSYoungGen      total 229888K, used 218853K [0x00000000f0000000, 0x0000000100000000, 0x0000000100000000)
[8.192s][debug  ][gc,heap        ] GC(30)   eden space 197632K, 95% used [0x00000000f0000000,0x00000000fb7b95b0,0x00000000fc100000)
[8.192s][debug  ][gc,heap        ] GC(30)   from space 32256K, 95% used [0x00000000fe080000,0x00000000ffe80030,0x0000000100000000)
[8.192s][debug  ][gc,heap        ] GC(30)   to   space 32256K, 0% used [0x00000000fc100000,0x00000000fc100000,0x00000000fe080000)
[8.192s][debug  ][gc,heap        ] GC(30)  ParOldGen       total 1027072K, used 472675K [0x0000000080000000, 0x00000000beb00000, 0x00000000f0000000)
[8.192s][debug  ][gc,heap        ] GC(30)   object space 1027072K, 46% used [0x0000000080000000,0x000000009cd98eb8,0x00000000beb00000)
[8.192s][debug  ][gc,heap        ] GC(30)  Metaspace       used 1019K, committed 1152K, reserved 1056768K
[8.192s][debug  ][gc,heap        ] GC(30)   class space    used 83K, committed 192K, reserved 1048576K
[8.192s][debug  ][gc,tlab        ] GC(30) TLAB totals: thrds: 1  refills: 1 max: 1 slow allocs: 17 max 17 waste: 27.1% gc: 3904656B max: 3904656B slow: 0B max: 0B
[8.192s][info   ][gc,start       ] GC(30) Pause Young (Allocation Failure)
[8.192s][debug  ][gc,phases,start] GC(30) Scavenge
[8.207s][debug  ][gc,phases      ] GC(30) Scavenge 14.971ms
[8.207s][debug  ][gc,phases,start] GC(30) Reference Processing
[8.207s][debug  ][gc,ref         ] GC(30) Skipped phase 1 of Reference Processing: no references
[8.207s][debug  ][gc,ref         ] GC(30) Skipped phase 2 of Reference Processing: no references
[8.207s][debug  ][gc,ref         ] GC(30) Skipped phase 3 of Reference Processing: no references
[8.207s][debug  ][gc,ref         ] GC(30) Skipped phase 4 of Reference Processing: no references
[8.207s][debug  ][gc,phases,ref  ] GC(30) Reference Processing: 0.1ms
[8.208s][debug  ][gc,phases,ref  ] GC(30)   Reconsider SoftReferences: 0.0ms
[8.208s][debug  ][gc,phases,ref  ] GC(30)     SoftRef (ms):                  skipped
[8.208s][debug  ][gc,phases,ref  ] GC(30)   Notify Soft/WeakReferences: 0.0ms
[8.208s][debug  ][gc,phases,ref  ] GC(30)     SoftRef (ms):                  skipped
[8.208s][debug  ][gc,phases,ref  ] GC(30)     WeakRef (ms):                  skipped
[8.208s][debug  ][gc,phases,ref  ] GC(30)     FinalRef (ms):                 skipped
[8.208s][debug  ][gc,phases,ref  ] GC(30)     Total (ms):                    skipped
[8.208s][debug  ][gc,phases,ref  ] GC(30)   Notify and keep alive finalizable: 0.0ms
[8.208s][debug  ][gc,phases,ref  ] GC(30)     FinalRef (ms):                 skipped
[8.208s][debug  ][gc,phases,ref  ] GC(30)   Notify PhantomReferences: 0.0ms
[8.208s][debug  ][gc,phases,ref  ] GC(30)     PhantomRef (ms):               skipped
[8.208s][debug  ][gc,phases,ref  ] GC(30)   SoftReference:
[8.208s][debug  ][gc,phases,ref  ] GC(30)     Discovered: 0
[8.208s][debug  ][gc,phases,ref  ] GC(30)     Cleared: 0
[8.208s][debug  ][gc,phases,ref  ] GC(30)   WeakReference:
[8.208s][debug  ][gc,phases,ref  ] GC(30)     Discovered: 0
[8.208s][debug  ][gc,phases,ref  ] GC(30)     Cleared: 0
[8.208s][debug  ][gc,phases,ref  ] GC(30)   FinalReference:
[8.208s][debug  ][gc,phases,ref  ] GC(30)     Discovered: 0
[8.208s][debug  ][gc,phases,ref  ] GC(30)     Cleared: 0
[8.208s][debug  ][gc,phases,ref  ] GC(30)   PhantomReference:
[8.208s][debug  ][gc,phases,ref  ] GC(30)     Discovered: 0
[8.208s][debug  ][gc,phases,ref  ] GC(30)     Cleared: 0
[8.208s][debug  ][gc,phases      ] GC(30) Reference Processing 0.815ms
[8.208s][debug  ][gc,phases,start] GC(30) Weak Processing
[8.208s][debug  ][gc,phases      ] GC(30)   VM Weak                        Min:  0.0, Avg:  0.0, Max:  0.0, Diff:  0.0, Sum:  0.0, Workers: 6
[8.208s][debug  ][gc,phases      ] GC(30)     Dead                           Min: 0, Avg:  0.0, Max: 0, Diff: 0, Sum: 0, Workers: 6
[8.208s][debug  ][gc,phases      ] GC(30)     Total                          Min: 0, Avg:  1.3, Max: 8, Diff: 8, Sum: 8, Workers: 6
[8.208s][debug  ][gc,phases      ] GC(30)   ObjectSynchronizer Weak        Min:  0.0, Avg:  0.0, Max:  0.0, Diff:  0.0, Sum:  0.0, Workers: 6
[8.208s][debug  ][gc,phases      ] GC(30)     Dead                           Min: 0, Avg:  0.0, Max: 0, Diff: 0, Sum: 0, Workers: 6
[8.208s][debug  ][gc,phases      ] GC(30)     Total                          Min: 0, Avg:  0.5, Max: 3, Diff: 3, Sum: 3, Workers: 6
[8.208s][debug  ][gc,phases      ] GC(30)   JVMTI Tag Weak OopStorage      Min:  0.0, Avg:  0.0, Max:  0.0, Diff:  0.0, Sum:  0.0, Workers: 6
[8.208s][debug  ][gc,phases      ] GC(30)     Dead                           Min: 0, Avg:  0.0, Max: 0, Diff: 0, Sum: 0, Workers: 6
[8.208s][debug  ][gc,phases      ] GC(30)     Total                          Min: 0, Avg:  0.0, Max: 0, Diff: 0, Sum: 0, Workers: 6
[8.208s][debug  ][gc,phases      ] GC(30)   StringTable Weak               Min:  0.0, Avg:  0.0, Max:  0.0, Diff:  0.0, Sum:  0.0, Workers: 6
[8.208s][debug  ][gc,phases      ] GC(30)     Dead                           Min: 0, Avg:  0.0, Max: 0, Diff: 0, Sum: 0, Workers: 6
[8.209s][debug  ][gc,phases      ] GC(30)     Total                          Min: 704, Avg: 892.3, Max: 1024, Diff: 320, Sum: 5354, Workers: 6
[8.209s][debug  ][gc,phases      ] GC(30)   ResolvedMethodTable Weak       Min:  0.0, Avg:  0.0, Max:  0.0, Diff:  0.0, Sum:  0.0, Workers: 6
[8.209s][debug  ][gc,phases      ] GC(30)     Dead                           Min: 0, Avg:  0.0, Max: 0, Diff: 0, Sum: 0, Workers: 6
[8.209s][debug  ][gc,phases      ] GC(30)     Total                          Min: 0, Avg: 21.7, Max: 64, Diff: 64, Sum: 130, Workers: 6
[8.209s][debug  ][gc,phases      ] GC(30)   JNI Weak                       Min:  0.0, Avg:  0.0, Max:  0.0, Diff:  0.0, Sum:  0.0, Workers: 6
[8.209s][debug  ][gc,phases      ] GC(30)     Dead                           Min: 0, Avg:  0.0, Max: 0, Diff: 0, Sum: 0, Workers: 6
[8.209s][debug  ][gc,phases      ] GC(30)     Total                          Min: 0, Avg:  0.0, Max: 0, Diff: 0, Sum: 0, Workers: 6
[8.209s][debug  ][gc,phases      ] GC(30)   StringDedup Table Weak         Min:  0.0, Avg:  0.0, Max:  0.0, Diff:  0.0, Sum:  0.0, Workers: 6
[8.209s][debug  ][gc,phases      ] GC(30)     Dead                           Min: 0, Avg:  0.0, Max: 0, Diff: 0, Sum: 0, Workers: 6
[8.209s][debug  ][gc,phases      ] GC(30)     Total                          Min: 0, Avg:  0.0, Max: 0, Diff: 0, Sum: 0, Workers: 6
[8.209s][debug  ][gc,phases      ] GC(30)   StringDedup Requests0 Weak     Min:  0.0, Avg:  0.0, Max:  0.0, Diff:  0.0, Sum:  0.0, Workers: 6
[8.209s][debug  ][gc,phases      ] GC(30)     Dead                           Min: 0, Avg:  0.0, Max: 0, Diff: 0, Sum: 0, Workers: 6
[8.209s][debug  ][gc,phases      ] GC(30)     Total                          Min: 0, Avg:  0.0, Max: 0, Diff: 0, Sum: 0, Workers: 6
[8.209s][debug  ][gc,phases      ] GC(30)   StringDedup Requests1 Weak     Min:  0.0, Avg:  0.0, Max:  0.0, Diff:  0.0, Sum:  0.0, Workers: 6
[8.209s][debug  ][gc,phases      ] GC(30)     Dead                           Min: 0, Avg:  0.0, Max: 0, Diff: 0, Sum: 0, Workers: 6
[8.209s][debug  ][gc,phases      ] GC(30)     Total                          Min: 0, Avg:  0.0, Max: 0, Diff: 0, Sum: 0, Workers: 6
[8.209s][debug  ][gc,phases      ] GC(30)   Weak JFR Old Object Samples    Min:  0.0, Avg:  0.0, Max:  0.0, Diff:  0.0, Sum:  0.0, Workers: 6
[8.209s][debug  ][gc,phases      ] GC(30)     Dead                           Min: 0, Avg:  0.0, Max: 0, Diff: 0, Sum: 0, Workers: 6
[8.209s][debug  ][gc,phases      ] GC(30)     Total                          Min: 0, Avg:  0.0, Max: 0, Diff: 0, Sum: 0, Workers: 6
[8.209s][debug  ][gc,phases      ] GC(30) Weak Processing 0.780ms
[8.209s][debug  ][gc,ergo        ] GC(30) AdaptiveSizeStart:  collection: 31 
[8.209s][debug  ][gc,ergo        ] GC(30) avg_survived_padded_avg: 32787418.000000
[8.209s][debug  ][gc,ergo        ] GC(30) avg_promoted_padded_avg: 247613024.000000  avg_pretenured_padded_avg: 0.000000  tenuring_thresh: 1  target_size: 33030144
[8.209s][debug  ][gc,age         ] GC(30) Desired survivor size 33030144 bytes, new threshold 1 (max threshold 15)
[8.209s][debug  ][gc,ergo        ] GC(30) PSAdaptiveSizePolicy::compute_eden_space_size limits: desired_eden_size: 241526881 old_eden_size: 201850880 eden_limit: 202375168 cur_eden: 202375168 max_eden_size: 202375168 avg_young_live: 26213564
[8.209s][debug  ][gc,ergo        ] GC(30) PSAdaptiveSizePolicy::compute_eden_space_size: costs minor_time: 0.049198 major_cost: 0.027225 mutator_cost: 0.923577 throughput_goal: 0.990000
[8.209s][debug  ][gc,ergo        ] GC(30) Live_space: 750944576 free_space: 862978048
[8.209s][debug  ][gc,ergo        ] GC(30) Old eden_size: 201850880 desired_eden_size: 202375168
[8.209s][debug  ][gc,ergo        ] GC(30) AdaptiveSizeStop: collection: 31 
[8.209s][info   ][gc,heap        ] GC(30) PSYoungGen: 218853K(229888K)->30720K(229888K) Eden: 188133K(197632K)->0K(197632K) From: 30720K(32256K)->30720K(32256K)
[8.209s][info   ][gc,heap        ] GC(30) ParOldGen: 472675K(1027072K)->656995K(1027072K)
[8.209s][info   ][gc,metaspace   ] GC(30) Metaspace: 1019K(1152K)->1019K(1152K) NonClass: 935K(960K)->935K(960K) Class: 83K(192K)->83K(192K)
[8.209s][info   ][gc             ] GC(30) Pause Young (Allocation Failure) 675M->671M(1227M) 17.084ms
[8.209s][info   ][gc,cpu         ] GC(30) User=0.17s Sys=0.00s Real=0.02s
[8.209s][debug  ][gc,heap        ] GC(30) Heap after GC invocations=31 (full 5):
[8.209s][debug  ][gc,heap        ] GC(30)  PSYoungGen      total 229888K, used 30720K [0x00000000f0000000, 0x0000000100000000, 0x0000000100000000)
[8.209s][debug  ][gc,heap        ] GC(30)   eden space 197632K, 0% used [0x00000000f0000000,0x00000000f0000000,0x00000000fc100000)
[8.209s][debug  ][gc,heap        ] GC(30)   from space 32256K, 95% used [0x00000000fc100000,0x00000000fdf00030,0x00000000fe080000)
[8.209s][debug  ][gc,heap        ] GC(30)   to   space 32256K, 0% used [0x00000000fe080000,0x00000000fe080000,0x0000000100000000)
[8.209s][debug  ][gc,heap        ] GC(30)  ParOldGen       total 1027072K, used 656995K [0x0000000080000000, 0x00000000beb00000, 0x00000000f0000000)
[8.209s][debug  ][gc,heap        ] GC(30)   object space 1027072K, 63% used [0x0000000080000000,0x00000000a8198fd8,0x00000000beb00000)
[8.209s][debug  ][gc,heap        ] GC(30)  Metaspace       used 1019K, committed 1152K, reserved 1056768K
[8.209s][debug  ][gc,heap        ] GC(30)   class space    used 83K, committed 192K, reserved 1048576K
[8.209s][debug  ][gc,task,time   ] GC(30) VM-Thread 81916840 82073087 82094990
[8.488s][debug  ][gc,heap        ] GC(31) Heap before GC invocations=32 (full 5):
[8.489s][debug  ][gc,heap        ] GC(31)  PSYoungGen      total 229888K, used 218874K [0x00000000f0000000, 0x0000000100000000, 0x0000000100000000)
[8.489s][debug  ][gc,heap        ] GC(31)   eden space 197632K, 95% used [0x00000000f0000000,0x00000000fb7be8d0,0x00000000fc100000)
[8.489s][debug  ][gc,heap        ] GC(31)   from space 32256K, 95% used [0x00000000fc100000,0x00000000fdf00030,0x00000000fe080000)
[8.489s][debug  ][gc,heap        ] GC(31)   to   space 32256K, 0% used [0x00000000fe080000,0x00000000fe080000,0x0000000100000000)
[8.489s][debug  ][gc,heap        ] GC(31)  ParOldGen       total 1027072K, used 656995K [0x0000000080000000, 0x00000000beb00000, 0x00000000f0000000)
[8.489s][debug  ][gc,heap        ] GC(31)   object space 1027072K, 63% used [0x0000000080000000,0x00000000a8198fd8,0x00000000beb00000)
[8.489s][debug  ][gc,heap        ] GC(31)  Metaspace       used 1019K, committed 1152K, reserved 1056768K
[8.489s][debug  ][gc,heap        ] GC(31)   class space    used 83K, committed 192K, reserved 1048576K
[8.489s][debug  ][gc,tlab        ] GC(31) TLAB totals: thrds: 1  refills: 1 max: 1 slow allocs: 17 max 17 waste: 27.2% gc: 3925936B max: 3925936B slow: 0B max: 0B
[8.489s][info   ][gc,start       ] GC(31) Pause Young (Allocation Failure)
[8.489s][debug  ][gc,phases,start] GC(31) Scavenge
[8.504s][debug  ][gc,phases      ] GC(31) Scavenge 14.644ms
[8.504s][debug  ][gc,phases,start] GC(31) Reference Processing
[8.504s][debug  ][gc,ref         ] GC(31) Skipped phase 1 of Reference Processing: no references
[8.504s][debug  ][gc,ref         ] GC(31) Skipped phase 2 of Reference Processing: no references
[8.504s][debug  ][gc,ref         ] GC(31) Skipped phase 3 of Reference Processing: no references
[8.504s][debug  ][gc,ref         ] GC(31) Skipped phase 4 of Reference Processing: no references
[8.504s][debug  ][gc,phases,ref  ] GC(31) Reference Processing: 0.1ms
[8.504s][debug  ][gc,phases,ref  ] GC(31)   Reconsider SoftReferences: 0.0ms
[8.504s][debug  ][gc,phases,ref  ] GC(31)     SoftRef (ms):                  skipped
[8.504s][debug  ][gc,phases,ref  ] GC(31)   Notify Soft/WeakReferences: 0.0ms
[8.504s][debug  ][gc,phases,ref  ] GC(31)     SoftRef (ms):                  skipped
[8.504s][debug  ][gc,phases,ref  ] GC(31)     WeakRef (ms):                  skipped
[8.504s][debug  ][gc,phases,ref  ] GC(31)     FinalRef (ms):                 skipped
[8.504s][debug  ][gc,phases,ref  ] GC(31)     Total (ms):                    skipped
[8.504s][debug  ][gc,phases,ref  ] GC(31)   Notify and keep alive finalizable: 0.0ms
[8.504s][debug  ][gc,phases,ref  ] GC(31)     FinalRef (ms):                 skipped
[8.504s][debug  ][gc,phases,ref  ] GC(31)   Notify PhantomReferences: 0.0ms
[8.504s][debug  ][gc,phases,ref  ] GC(31)     PhantomRef (ms):               skipped
[8.504s][debug  ][gc,phases,ref  ] GC(31)   SoftReference:
[8.504s][debug  ][gc,phases,ref  ] GC(31)     Discovered: 0
[8.504s][debug  ][gc,phases,ref  ] GC(31)     Cleared: 0
[8.504s][debug  ][gc,phases,ref  ] GC(31)   WeakReference:
[8.504s][debug  ][gc,phases,ref  ] GC(31)     Discovered: 0
[8.504s][debug  ][gc,phases,ref  ] GC(31)     Cleared: 0
[8.504s][debug  ][gc,phases,ref  ] GC(31)   FinalReference:
[8.504s][debug  ][gc,phases,ref  ] GC(31)     Discovered: 0
[8.504s][debug  ][gc,phases,ref  ] GC(31)     Cleared: 0
[8.504s][debug  ][gc,phases,ref  ] GC(31)   PhantomReference:
[8.504s][debug  ][gc,phases,ref  ] GC(31)     Discovered: 0
[8.504s][debug  ][gc,phases,ref  ] GC(31)     Cleared: 0
[8.504s][debug  ][gc,phases      ] GC(31) Reference Processing 0.696ms
[8.504s][debug  ][gc,phases,start] GC(31) Weak Processing
[8.504s][debug  ][gc,phases      ] GC(31)   VM Weak                        Min:  0.0, Avg:  0.0, Max:  0.0, Diff:  0.0, Sum:  0.0, Workers: 6
[8.505s][debug  ][gc,phases      ] GC(31)     Dead                           Min: 0, Avg:  0.0, Max: 0, Diff: 0, Sum: 0, Workers: 6
[8.505s][debug  ][gc,phases      ] GC(31)     Total                          Min: 0, Avg:  1.3, Max: 8, Diff: 8, Sum: 8, Workers: 6
[8.505s][debug  ][gc,phases      ] GC(31)   ObjectSynchronizer Weak        Min:  0.0, Avg:  0.0, Max:  0.0, Diff:  0.0, Sum:  0.0, Workers: 6
[8.505s][debug  ][gc,phases      ] GC(31)     Dead                           Min: 0, Avg:  0.0, Max: 0, Diff: 0, Sum: 0, Workers: 6
[8.505s][debug  ][gc,phases      ] GC(31)     Total                          Min: 0, Avg:  0.5, Max: 3, Diff: 3, Sum: 3, Workers: 6
[8.505s][debug  ][gc,phases      ] GC(31)   JVMTI Tag Weak OopStorage      Min:  0.0, Avg:  0.0, Max:  0.0, Diff:  0.0, Sum:  0.0, Workers: 6
[8.505s][debug  ][gc,phases      ] GC(31)     Dead                           Min: 0, Avg:  0.0, Max: 0, Diff: 0, Sum: 0, Workers: 6
[8.505s][debug  ][gc,phases      ] GC(31)     Total                          Min: 0, Avg:  0.0, Max: 0, Diff: 0, Sum: 0, Workers: 6
[8.505s][debug  ][gc,phases      ] GC(31)   StringTable Weak               Min:  0.0, Avg:  0.0, Max:  0.0, Diff:  0.0, Sum:  0.1, Workers: 6
[8.505s][debug  ][gc,phases      ] GC(31)     Dead                           Min: 0, Avg:  0.0, Max: 0, Diff: 0, Sum: 0, Workers: 6
[8.505s][debug  ][gc,phases      ] GC(31)     Total                          Min: 746, Avg: 892.3, Max: 1024, Diff: 278, Sum: 5354, Workers: 6
[8.505s][debug  ][gc,phases      ] GC(31)   ResolvedMethodTable Weak       Min:  0.0, Avg:  0.0, Max:  0.0, Diff:  0.0, Sum:  0.0, Workers: 6
[8.505s][debug  ][gc,phases      ] GC(31)     Dead                           Min: 0, Avg:  0.0, Max: 0, Diff: 0, Sum: 0, Workers: 6
[8.505s][debug  ][gc,phases      ] GC(31)     Total                          Min: 0, Avg: 21.7, Max: 64, Diff: 64, Sum: 130, Workers: 6
[8.505s][debug  ][gc,phases      ] GC(31)   JNI Weak                       Min:  0.0, Avg:  0.0, Max:  0.0, Diff:  0.0, Sum:  0.0, Workers: 6
[8.505s][debug  ][gc,phases      ] GC(31)     Dead                           Min: 0, Avg:  0.0, Max: 0, Diff: 0, Sum: 0, Workers: 6
[8.505s][debug  ][gc,phases      ] GC(31)     Total                          Min: 0, Avg:  0.0, Max: 0, Diff: 0, Sum: 0, Workers: 6
[8.505s][debug  ][gc,phases      ] GC(31)   StringDedup Table Weak         Min:  0.0, Avg:  0.0, Max:  0.0, Diff:  0.0, Sum:  0.0, Workers: 6
[8.505s][debug  ][gc,phases      ] GC(31)     Dead                           Min: 0, Avg:  0.0, Max: 0, Diff: 0, Sum: 0, Workers: 6
[8.505s][debug  ][gc,phases      ] GC(31)     Total                          Min: 0, Avg:  0.0, Max: 0, Diff: 0, Sum: 0, Workers: 6
[8.505s][debug  ][gc,phases      ] GC(31)   StringDedup Requests0 Weak     Min:  0.0, Avg:  0.0, Max:  0.0, Diff:  0.0, Sum:  0.0, Workers: 6
[8.505s][debug  ][gc,phases      ] GC(31)     Dead                           Min: 0, Avg:  0.0, Max: 0, Diff: 0, Sum: 0, Workers: 6
[8.505s][debug  ][gc,phases      ] GC(31)     Total                          Min: 0, Avg:  0.0, Max: 0, Diff: 0, Sum: 0, Workers: 6
[8.505s][debug  ][gc,phases      ] GC(31)   StringDedup Requests1 Weak     Min:  0.0, Avg:  0.0, Max:  0.0, Diff:  0.0, Sum:  0.0, Workers: 6
[8.505s][debug  ][gc,phases      ] GC(31)     Dead                           Min: 0, Avg:  0.0, Max: 0, Diff: 0, Sum: 0, Workers: 6
[8.505s][debug  ][gc,phases      ] GC(31)     Total                          Min: 0, Avg:  0.0, Max: 0, Diff: 0, Sum: 0, Workers: 6
[8.505s][debug  ][gc,phases      ] GC(31)   Weak JFR Old Object Samples    Min:  0.0, Avg:  0.0, Max:  0.0, Diff:  0.0, Sum:  0.0, Workers: 6
[8.505s][debug  ][gc,phases      ] GC(31)     Dead                           Min: 0, Avg:  0.0, Max: 0, Diff: 0, Sum: 0, Workers: 6
[8.505s][debug  ][gc,phases      ] GC(31)     Total                          Min: 0, Avg:  0.0, Max: 0, Diff: 0, Sum: 0, Workers: 6
[8.505s][debug  ][gc,phases      ] GC(31) Weak Processing 0.769ms
[8.505s][debug  ][gc,ergo        ] GC(31) AdaptiveSizeStart:  collection: 32 
[8.505s][debug  ][gc,ergo        ] GC(31) avg_survived_padded_avg: 32704834.000000
[8.505s][debug  ][gc,ergo        ] GC(31) avg_promoted_padded_avg: 248264864.000000  avg_pretenured_padded_avg: 0.000000  tenuring_thresh: 1  target_size: 33030144
[8.505s][debug  ][gc,age         ] GC(31) Desired survivor size 33030144 bytes, new threshold 1 (max threshold 15)
[8.505s][debug  ][gc,ergo        ] GC(31) PSAdaptiveSizePolicy::compute_eden_space_size limits: desired_eden_size: 241915918 old_eden_size: 202375168 eden_limit: 202375168 cur_eden: 202375168 max_eden_size: 202375168 avg_young_live: 26737940
[8.505s][debug  ][gc,ergo        ] GC(31) PSAdaptiveSizePolicy::compute_eden_space_size: costs minor_time: 0.050595 major_cost: 0.027225 mutator_cost: 0.922179 throughput_goal: 0.990000
[8.505s][debug  ][gc,ergo        ] GC(31) Live_space: 751468928 free_space: 863502336
[8.505s][debug  ][gc,ergo        ] GC(31) Old eden_size: 202375168 desired_eden_size: 202375168
[8.505s][debug  ][gc,ergo        ] GC(31) AdaptiveSizeStop: collection: 32 
[8.505s][info   ][gc,heap        ] GC(31) PSYoungGen: 218874K(229888K)->30720K(229888K) Eden: 188154K(197632K)->0K(197632K) From: 30720K(32256K)->30720K(32256K)
[8.505s][info   ][gc,heap        ] GC(31) ParOldGen: 656995K(1027072K)->841316K(1027072K)
[8.505s][info   ][gc,metaspace   ] GC(31) Metaspace: 1019K(1152K)->1019K(1152K) NonClass: 935K(960K)->935K(960K) Class: 83K(192K)->83K(192K)
[8.505s][info   ][gc             ] GC(31) Pause Young (Allocation Failure) 855M->851M(1227M) 16.559ms
[8.505s][info   ][gc,cpu         ] GC(31) User=0.14s Sys=0.00s Real=0.02s
[8.506s][debug  ][gc,heap        ] GC(31) Heap after GC invocations=32 (full 5):
[8.506s][debug  ][gc,heap        ] GC(31)  PSYoungGen      total 229888K, used 30720K [0x00000000f0000000, 0x0000000100000000, 0x0000000100000000)
[8.506s][debug  ][gc,heap        ] GC(31)   eden space 197632K, 0% used [0x00000000f0000000,0x00000000f0000000,0x00000000fc100000)
[8.506s][debug  ][gc,heap        ] GC(31)   from space 32256K, 95% used [0x00000000fe080000,0x00000000ffe80030,0x0000000100000000)
[8.506s][debug  ][gc,heap        ] GC(31)   to   space 32256K, 0% used [0x00000000fc100000,0x00000000fc100000,0x00000000fe080000)
[8.506s][debug  ][gc,heap        ] GC(31)  ParOldGen       total 1027072K, used 841316K [0x0000000080000000, 0x00000000beb00000, 0x00000000f0000000)
[8.506s][debug  ][gc,heap        ] GC(31)   object space 1027072K, 81% used [0x0000000080000000,0x00000000b35990f8,0x00000000beb00000)
[8.506s][debug  ][gc,heap        ] GC(31)  Metaspace       used 1019K, committed 1152K, reserved 1056768K
[8.506s][debug  ][gc,heap        ] GC(31)   class space    used 83K, committed 192K, reserved 1048576K
[8.506s][debug  ][gc,task,time   ] GC(31) VM-Thread 84884901 85036659 85056977
[8.506s][debug  ][gc,phases,start] GC(32) Pre Compact
[8.506s][debug  ][gc,heap        ] GC(32) Heap before GC invocations=33 (full 6):
[8.506s][debug  ][gc,heap        ] GC(32)  PSYoungGen      total 229888K, used 30720K [0x00000000f0000000, 0x0000000100000000, 0x0000000100000000)
[8.506s][debug  ][gc,heap        ] GC(32)   eden space 197632K, 0% used [0x00000000f0000000,0x00000000f0000000,0x00000000fc100000)
[8.506s][debug  ][gc,heap        ] GC(32)   from space 32256K, 95% used [0x00000000fe080000,0x00000000ffe80030,0x0000000100000000)
[8.506s][debug  ][gc,heap        ] GC(32)   to   space 32256K, 0% used [0x00000000fc100000,0x00000000fc100000,0x00000000fe080000)
[8.506s][debug  ][gc,heap        ] GC(32)  ParOldGen       total 1027072K, used 841316K [0x0000000080000000, 0x00000000beb00000, 0x00000000f0000000)
[8.506s][debug  ][gc,heap        ] GC(32)   object space 1027072K, 81% used [0x0000000080000000,0x00000000b35990f8,0x00000000beb00000)
[8.506s][debug  ][gc,heap        ] GC(32)  Metaspace       used 1019K, committed 1152K, reserved 1056768K
[8.506s][debug  ][gc,heap        ] GC(32)   class space    used 83K, committed 192K, reserved 1048576K
[8.506s][debug  ][gc,phases      ] GC(32) Pre Compact 0.207ms
[8.506s][info   ][gc,start       ] GC(32) Pause Full (Ergonomics)
[8.506s][info   ][gc,phases,start] GC(32) Marking Phase
[8.506s][debug  ][gc,phases,start] GC(32) Par Mark
[8.507s][debug  ][gc,phases      ] GC(32) Par Mark 0.518ms
[8.507s][debug  ][gc,phases,start] GC(32) Reference Processing
[8.507s][debug  ][gc,ref         ] GC(32) Skipped phase 1 of Reference Processing: no references
[8.507s][debug  ][gc,ref         ] GC(32) ReferenceProcessor::execute queues: 1, RefProcThreadModel::Single, marks_oops_alive: false
[8.507s][debug  ][gc,ref         ] GC(32) Skipped phase 3 of Reference Processing: no references
[8.507s][debug  ][gc,ref         ] GC(32) ReferenceProcessor::execute queues: 1, RefProcThreadModel::Single, marks_oops_alive: false
[8.507s][debug  ][gc,phases,ref  ] GC(32) Reference Processing: 0.1ms
[8.507s][debug  ][gc,phases,ref  ] GC(32)   Reconsider SoftReferences: 0.0ms
[8.507s][debug  ][gc,phases,ref  ] GC(32)     SoftRef (ms):                  skipped
[8.507s][debug  ][gc,phases,ref  ] GC(32)   Notify Soft/WeakReferences: 0.0ms
[8.507s][debug  ][gc,phases,ref  ] GC(32)     SoftRef (ms):                  Min:  0.0, Avg:  0.0, Max:  0.0, Diff:  0.0, Sum:  0.0, Workers: 12
[8.507s][debug  ][gc,phases,ref  ] GC(32)     WeakRef (ms):                  Min:  0.0, Avg:  0.0, Max:  0.0, Diff:  0.0, Sum:  0.0, Workers: 12
[8.507s][debug  ][gc,phases,ref  ] GC(32)     FinalRef (ms):                 Min:  0.0, Avg:  0.0, Max:  0.0, Diff:  0.0, Sum:  0.0, Workers: 12
[8.507s][debug  ][gc,phases,ref  ] GC(32)     Total (ms):                    Min:  0.0, Avg:  0.0, Max:  0.0, Diff:  0.0, Sum:  0.0, Workers: 12
[8.507s][debug  ][gc,phases,ref  ] GC(32)   Notify and keep alive finalizable: 0.0ms
[8.507s][debug  ][gc,phases,ref  ] GC(32)     FinalRef (ms):                 skipped
[8.507s][debug  ][gc,phases,ref  ] GC(32)   Notify PhantomReferences: 0.0ms
[8.507s][debug  ][gc,phases,ref  ] GC(32)     PhantomRef (ms):               Min:  0.0, Avg:  0.0, Max:  0.0, Diff:  0.0, Sum:  0.0, Workers: 12
[8.507s][debug  ][gc,phases,ref  ] GC(32)   SoftReference:
[8.507s][debug  ][gc,phases,ref  ] GC(32)     Discovered: 0
[8.507s][debug  ][gc,phases,ref  ] GC(32)     Cleared: 0
[8.507s][debug  ][gc,phases,ref  ] GC(32)   WeakReference:
[8.507s][debug  ][gc,phases,ref  ] GC(32)     Discovered: 67
[8.507s][debug  ][gc,phases,ref  ] GC(32)     Cleared: 67
[8.507s][debug  ][gc,phases,ref  ] GC(32)   FinalReference:
[8.507s][debug  ][gc,phases,ref  ] GC(32)     Discovered: 0
[8.507s][debug  ][gc,phases,ref  ] GC(32)     Cleared: 0
[8.507s][debug  ][gc,phases,ref  ] GC(32)   PhantomReference:
[8.507s][debug  ][gc,phases,ref  ] GC(32)     Discovered: 5
[8.507s][debug  ][gc,phases,ref  ] GC(32)     Cleared: 5
[8.507s][debug  ][gc,phases      ] GC(32) Reference Processing 0.656ms
[8.507s][debug  ][gc,phases,start] GC(32) Weak Processing
[8.507s][debug  ][gc,phases      ] GC(32)   VM Weak                        Min:  0.0, Avg:  0.0, Max:  0.0, Diff:  0.0, Sum:  0.0, Workers: 6
[8.507s][debug  ][gc,phases      ] GC(32)     Dead                           Min: 0, Avg:  0.0, Max: 0, Diff: 0, Sum: 0, Workers: 6
[8.507s][debug  ][gc,phases      ] GC(32)     Total                          Min: 0, Avg:  1.3, Max: 8, Diff: 8, Sum: 8, Workers: 6
[8.507s][debug  ][gc,phases      ] GC(32)   ObjectSynchronizer Weak        Min:  0.0, Avg:  0.0, Max:  0.0, Diff:  0.0, Sum:  0.0, Workers: 6
[8.507s][debug  ][gc,phases      ] GC(32)     Dead                           Min: 0, Avg:  0.0, Max: 0, Diff: 0, Sum: 0, Workers: 6
[8.507s][debug  ][gc,phases      ] GC(32)     Total                          Min: 0, Avg:  0.5, Max: 3, Diff: 3, Sum: 3, Workers: 6
[8.507s][debug  ][gc,phases      ] GC(32)   JVMTI Tag Weak OopStorage      Min:  0.0, Avg:  0.0, Max:  0.0, Diff:  0.0, Sum:  0.0, Workers: 6
[8.507s][debug  ][gc,phases      ] GC(32)     Dead                           Min: 0, Avg:  0.0, Max: 0, Diff: 0, Sum: 0, Workers: 6
[8.507s][debug  ][gc,phases      ] GC(32)     Total                          Min: 0, Avg:  0.0, Max: 0, Diff: 0, Sum: 0, Workers: 6
[8.508s][debug  ][gc,phases      ] GC(32)   StringTable Weak               Min:  0.0, Avg:  0.0, Max:  0.0, Diff:  0.0, Sum:  0.0, Workers: 6
[8.508s][debug  ][gc,phases      ] GC(32)     Dead                           Min: 0, Avg:  0.0, Max: 0, Diff: 0, Sum: 0, Workers: 6
[8.508s][debug  ][gc,phases      ] GC(32)     Total                          Min: 576, Avg: 892.3, Max: 1131, Diff: 555, Sum: 5354, Workers: 6
[8.508s][debug  ][gc,phases      ] GC(32)   ResolvedMethodTable Weak       Min:  0.0, Avg:  0.0, Max:  0.0, Diff:  0.0, Sum:  0.0, Workers: 6
[8.508s][debug  ][gc,phases      ] GC(32)     Dead                           Min: 0, Avg:  0.0, Max: 0, Diff: 0, Sum: 0, Workers: 6
[8.508s][debug  ][gc,phases      ] GC(32)     Total                          Min: 0, Avg: 21.7, Max: 64, Diff: 64, Sum: 130, Workers: 6
[8.508s][debug  ][gc,phases      ] GC(32)   JNI Weak                       Min:  0.0, Avg:  0.0, Max:  0.0, Diff:  0.0, Sum:  0.0, Workers: 6
[8.508s][debug  ][gc,phases      ] GC(32)     Dead                           Min: 0, Avg:  0.0, Max: 0, Diff: 0, Sum: 0, Workers: 6
[8.508s][debug  ][gc,phases      ] GC(32)     Total                          Min: 0, Avg:  0.0, Max: 0, Diff: 0, Sum: 0, Workers: 6
[8.508s][debug  ][gc,phases      ] GC(32)   StringDedup Table Weak         Min:  0.0, Avg:  0.0, Max:  0.0, Diff:  0.0, Sum:  0.0, Workers: 6
[8.508s][debug  ][gc,phases      ] GC(32)     Dead                           Min: 0, Avg:  0.0, Max: 0, Diff: 0, Sum: 0, Workers: 6
[8.508s][debug  ][gc,phases      ] GC(32)     Total                          Min: 0, Avg:  0.0, Max: 0, Diff: 0, Sum: 0, Workers: 6
[8.508s][debug  ][gc,phases      ] GC(32)   StringDedup Requests0 Weak     Min:  0.0, Avg:  0.0, Max:  0.0, Diff:  0.0, Sum:  0.0, Workers: 6
[8.508s][debug  ][gc,phases      ] GC(32)     Dead                           Min: 0, Avg:  0.0, Max: 0, Diff: 0, Sum: 0, Workers: 6
[8.508s][debug  ][gc,phases      ] GC(32)     Total                          Min: 0, Avg:  0.0, Max: 0, Diff: 0, Sum: 0, Workers: 6
[8.508s][debug  ][gc,phases      ] GC(32)   StringDedup Requests1 Weak     Min:  0.0, Avg:  0.0, Max:  0.0, Diff:  0.0, Sum:  0.0, Workers: 6
[8.508s][debug  ][gc,phases      ] GC(32)     Dead                           Min: 0, Avg:  0.0, Max: 0, Diff: 0, Sum: 0, Workers: 6
[8.508s][debug  ][gc,phases      ] GC(32)     Total                          Min: 0, Avg:  0.0, Max: 0, Diff: 0, Sum: 0, Workers: 6
[8.508s][debug  ][gc,phases      ] GC(32)   Weak JFR Old Object Samples    Min:  0.0, Avg:  0.0, Max:  0.0, Diff:  0.0, Sum:  0.0, Workers: 6
[8.508s][debug  ][gc,phases      ] GC(32)     Dead                           Min: 0, Avg:  0.0, Max: 0, Diff: 0, Sum: 0, Workers: 6
[8.508s][debug  ][gc,phases      ] GC(32)     Total                          Min: 0, Avg:  0.0, Max: 0, Diff: 0, Sum: 0, Workers: 6
[8.508s][debug  ][gc,phases      ] GC(32) Weak Processing 0.689ms
[8.508s][debug  ][gc,phases,start] GC(32) Class Unloading
[8.508s][debug  ][gc,phases,start] GC(32) ClassLoaderData
[8.508s][debug  ][gc,phases      ] GC(32) ClassLoaderData 0.019ms
[8.508s][debug  ][gc,phases,start] GC(32) Trigger cleanups
[8.508s][debug  ][gc,phases      ] GC(32) Trigger cleanups 0.019ms
[8.508s][debug  ][gc,phases      ] GC(32) Class Unloading 0.250ms
[8.508s][info   ][gc,phases      ] GC(32) Marking Phase 2.250ms
[8.508s][info   ][gc,phases,start] GC(32) Summary Phase
[8.508s][info   ][gc,phases      ] GC(32) Summary Phase 0.029ms
[8.508s][info   ][gc,phases,start] GC(32) Adjust Roots
[8.508s][info   ][gc,phases      ] GC(32) Adjust Roots 0.157ms
[8.509s][info   ][gc,phases,start] GC(32) Compaction Phase
[8.512s][info   ][gc,phases      ] GC(32) Compaction Phase 3.516ms
[8.512s][info   ][gc,phases,start] GC(32) Post Compact
[8.515s][info   ][gc,phases      ] GC(32) Post Compact 2.630ms
[8.515s][debug  ][gc,ergo        ] GC(32) AdaptiveSizeStart: collection: 33 
[8.515s][debug  ][gc,ergo        ] GC(32) PSAdaptiveSizePolicy::compute_eden_space_size limits: desired_eden_size: 244636372 old_eden_size: 202375168 eden_limit: 202375168 cur_eden: 202375168 max_eden_size: 202375168 avg_young_live: 24064146
[8.515s][debug  ][gc,ergo        ] GC(32) PSAdaptiveSizePolicy::compute_eden_space_size: costs minor_time: 0.050595 major_cost: 0.022216 mutator_cost: 0.927189 throughput_goal: 0.990000
[8.515s][debug  ][gc,ergo        ] GC(32) Live_space: 748795136 free_space: 863502336
[8.515s][debug  ][gc,ergo        ] GC(32) Old eden_size: 202375168 desired_eden_size: 202375168
[8.515s][debug  ][gc,ergo        ] GC(32) PSAdaptiveSizePolicy::compute_old_gen_free_space: costs minor_time: 0.050595 major_cost: 0.022216  mutator_cost: 0.927189 throughput_goal: 0.990000
[8.515s][debug  ][gc,ergo        ] GC(32) Live_space: 818662336 free_space: 863502336
[8.515s][debug  ][gc,ergo        ] GC(32) Old promo_size: 661127168 desired_promo_size: 742391808
[8.517s][debug  ][gc             ] GC(32) Expanding ParOldGen from 1027072K by 807936K to 1835008K
[8.517s][debug  ][gc,ergo        ] GC(32) AdaptiveSizeStop: collection: 33 
[8.517s][info   ][gc,heap        ] GC(32) PSYoungGen: 30720K(229888K)->0K(229888K) Eden: 0K(197632K)->0K(197632K) From: 30720K(32256K)->0K(32256K)
[8.517s][info   ][gc,heap        ] GC(32) ParOldGen: 841316K(1027072K)->872036K(1835008K)
[8.517s][info   ][gc,metaspace   ] GC(32) Metaspace: 1019K(1152K)->1019K(1152K) NonClass: 935K(960K)->935K(960K) Class: 83K(192K)->83K(192K)
[8.517s][info   ][gc             ] GC(32) Pause Full (Ergonomics) 851M->851M(2016M) 10.681ms
[8.517s][info   ][gc,cpu         ] GC(32) User=0.00s Sys=0.02s Real=0.01s
[8.517s][debug  ][gc,heap        ] GC(32) Heap after GC invocations=33 (full 6):
[8.517s][debug  ][gc,heap        ] GC(32)  PSYoungGen      total 229888K, used 0K [0x00000000f0000000, 0x0000000100000000, 0x0000000100000000)
[8.517s][debug  ][gc,heap        ] GC(32)   eden space 197632K, 0% used [0x00000000f0000000,0x00000000f0000000,0x00000000fc100000)
[8.517s][debug  ][gc,heap        ] GC(32)   from space 32256K, 0% used [0x00000000fc100000,0x00000000fc100000,0x00000000fe080000)
[8.517s][debug  ][gc,heap        ] GC(32)   to   space 32256K, 0% used [0x00000000fe080000,0x00000000fe080000,0x0000000100000000)
[8.517s][debug  ][gc,heap        ] GC(32)  ParOldGen       total 1835008K, used 872036K [0x0000000080000000, 0x00000000f0000000, 0x00000000f0000000)
[8.517s][debug  ][gc,heap        ] GC(32)   object space 1835008K, 47% used [0x0000000080000000,0x00000000b5399128,0x00000000f0000000)
[8.517s][debug  ][gc,heap        ] GC(32)  Metaspace       used 1019K, committed 1152K, reserved 1056768K
[8.517s][debug  ][gc,heap        ] GC(32)   class space    used 83K, committed 192K, reserved 1048576K
[8.517s][debug  ][gc,task,time   ] GC(32) VM-Thread 85060074 85085175 85167175
[8.807s][debug  ][gc,heap        ] GC(33) Heap before GC invocations=34 (full 6):
[8.807s][debug  ][gc,heap        ] GC(33)  PSYoungGen      total 229888K, used 188167K [0x00000000f0000000, 0x0000000100000000, 0x0000000100000000)
[8.807s][debug  ][gc,heap        ] GC(33)   eden space 197632K, 95% used [0x00000000f0000000,0x00000000fb7c1e40,0x00000000fc100000)
[8.807s][debug  ][gc,heap        ] GC(33)   from space 32256K, 0% used [0x00000000fc100000,0x00000000fc100000,0x00000000fe080000)
[8.807s][debug  ][gc,heap        ] GC(33)   to   space 32256K, 0% used [0x00000000fe080000,0x00000000fe080000,0x0000000100000000)
[8.807s][debug  ][gc,heap        ] GC(33)  ParOldGen       total 1835008K, used 872036K [0x0000000080000000, 0x00000000f0000000, 0x00000000f0000000)
[8.807s][debug  ][gc,heap        ] GC(33)   object space 1835008K, 47% used [0x0000000080000000,0x00000000b5399128,0x00000000f0000000)
[8.807s][debug  ][gc,heap        ] GC(33)  Metaspace       used 1019K, committed 1152K, reserved 1056768K
[8.808s][debug  ][gc,heap        ] GC(33)   class space    used 83K, committed 192K, reserved 1048576K
[8.808s][debug  ][gc,tlab        ] GC(33) TLAB totals: thrds: 1  refills: 1 max: 1 slow allocs: 17 max 17 waste: 27.3% gc: 3938448B max: 3938448B slow: 0B max: 0B
[8.808s][info   ][gc,start       ] GC(33) Pause Young (Allocation Failure)
[8.808s][debug  ][gc,phases,start] GC(33) Scavenge
[8.810s][debug  ][gc,phases      ] GC(33) Scavenge 2.753ms
[8.810s][debug  ][gc,phases,start] GC(33) Reference Processing
[8.811s][debug  ][gc,ref         ] GC(33) Skipped phase 1 of Reference Processing: no references
[8.811s][debug  ][gc,ref         ] GC(33) Skipped phase 2 of Reference Processing: no references
[8.811s][debug  ][gc,ref         ] GC(33) Skipped phase 3 of Reference Processing: no references
[8.811s][debug  ][gc,ref         ] GC(33) Skipped phase 4 of Reference Processing: no references
[8.811s][debug  ][gc,phases,ref  ] GC(33) Reference Processing: 0.1ms
[8.811s][debug  ][gc,phases,ref  ] GC(33)   Reconsider SoftReferences: 0.0ms
[8.811s][debug  ][gc,phases,ref  ] GC(33)     SoftRef (ms):                  skipped
[8.811s][debug  ][gc,phases,ref  ] GC(33)   Notify Soft/WeakReferences: 0.0ms
[8.811s][debug  ][gc,phases,ref  ] GC(33)     SoftRef (ms):                  skipped
[8.811s][debug  ][gc,phases,ref  ] GC(33)     WeakRef (ms):                  skipped
[8.811s][debug  ][gc,phases,ref  ] GC(33)     FinalRef (ms):                 skipped
[8.811s][debug  ][gc,phases,ref  ] GC(33)     Total (ms):                    skipped
[8.811s][debug  ][gc,phases,ref  ] GC(33)   Notify and keep alive finalizable: 0.0ms
[8.811s][debug  ][gc,phases,ref  ] GC(33)     FinalRef (ms):                 skipped
[8.811s][debug  ][gc,phases,ref  ] GC(33)   Notify PhantomReferences: 0.0ms
[8.811s][debug  ][gc,phases,ref  ] GC(33)     PhantomRef (ms):               skipped
[8.811s][debug  ][gc,phases,ref  ] GC(33)   SoftReference:
[8.811s][debug  ][gc,phases,ref  ] GC(33)     Discovered: 0
[8.811s][debug  ][gc,phases,ref  ] GC(33)     Cleared: 0
[8.811s][debug  ][gc,phases,ref  ] GC(33)   WeakReference:
[8.811s][debug  ][gc,phases,ref  ] GC(33)     Discovered: 0
[8.811s][debug  ][gc,phases,ref  ] GC(33)     Cleared: 0
[8.811s][debug  ][gc,phases,ref  ] GC(33)   FinalReference:
[8.811s][debug  ][gc,phases,ref  ] GC(33)     Discovered: 0
[8.811s][debug  ][gc,phases,ref  ] GC(33)     Cleared: 0
[8.811s][debug  ][gc,phases,ref  ] GC(33)   PhantomReference:
[8.811s][debug  ][gc,phases,ref  ] GC(33)     Discovered: 0
[8.811s][debug  ][gc,phases,ref  ] GC(33)     Cleared: 0
[8.811s][debug  ][gc,phases      ] GC(33) Reference Processing 0.832ms
[8.811s][debug  ][gc,phases,start] GC(33) Weak Processing
[8.811s][debug  ][gc,phases      ] GC(33)   VM Weak                        Min:  0.0, Avg:  0.0, Max:  0.0, Diff:  0.0, Sum:  0.0, Workers: 6
[8.811s][debug  ][gc,phases      ] GC(33)     Dead                           Min: 0, Avg:  0.0, Max: 0, Diff: 0, Sum: 0, Workers: 6
[8.811s][debug  ][gc,phases      ] GC(33)     Total                          Min: 0, Avg:  1.3, Max: 8, Diff: 8, Sum: 8, Workers: 6
[8.812s][debug  ][gc,phases      ] GC(33)   ObjectSynchronizer Weak        Min:  0.0, Avg:  0.0, Max:  0.0, Diff:  0.0, Sum:  0.0, Workers: 6
[8.812s][debug  ][gc,phases      ] GC(33)     Dead                           Min: 0, Avg:  0.0, Max: 0, Diff: 0, Sum: 0, Workers: 6
[8.812s][debug  ][gc,phases      ] GC(33)     Total                          Min: 0, Avg:  0.5, Max: 3, Diff: 3, Sum: 3, Workers: 6
[8.812s][debug  ][gc,phases      ] GC(33)   JVMTI Tag Weak OopStorage      Min:  0.0, Avg:  0.0, Max:  0.0, Diff:  0.0, Sum:  0.0, Workers: 6
[8.812s][debug  ][gc,phases      ] GC(33)     Dead                           Min: 0, Avg:  0.0, Max: 0, Diff: 0, Sum: 0, Workers: 6
[8.812s][debug  ][gc,phases      ] GC(33)     Total                          Min: 0, Avg:  0.0, Max: 0, Diff: 0, Sum: 0, Workers: 6
[8.812s][debug  ][gc,phases      ] GC(33)   StringTable Weak               Min:  0.0, Avg:  0.0, Max:  0.0, Diff:  0.0, Sum:  0.0, Workers: 6
[8.812s][debug  ][gc,phases      ] GC(33)     Dead                           Min: 0, Avg:  0.0, Max: 0, Diff: 0, Sum: 0, Workers: 6
[8.812s][debug  ][gc,phases      ] GC(33)     Total                          Min: 0, Avg: 892.3, Max: 1728, Diff: 1728, Sum: 5354, Workers: 6
[8.812s][debug  ][gc,phases      ] GC(33)   ResolvedMethodTable Weak       Min:  0.0, Avg:  0.0, Max:  0.0, Diff:  0.0, Sum:  0.0, Workers: 6
[8.812s][debug  ][gc,phases      ] GC(33)     Dead                           Min: 0, Avg:  0.0, Max: 0, Diff: 0, Sum: 0, Workers: 6
[8.812s][debug  ][gc,phases      ] GC(33)     Total                          Min: 0, Avg: 21.7, Max: 64, Diff: 64, Sum: 130, Workers: 6
[8.812s][debug  ][gc,phases      ] GC(33)   JNI Weak                       Min:  0.0, Avg:  0.0, Max:  0.0, Diff:  0.0, Sum:  0.0, Workers: 6
[8.812s][debug  ][gc,phases      ] GC(33)     Dead                           Min: 0, Avg:  0.0, Max: 0, Diff: 0, Sum: 0, Workers: 6
[8.812s][debug  ][gc,phases      ] GC(33)     Total                          Min: 0, Avg:  0.0, Max: 0, Diff: 0, Sum: 0, Workers: 6
[8.812s][debug  ][gc,phases      ] GC(33)   StringDedup Table Weak         Min:  0.0, Avg:  0.0, Max:  0.0, Diff:  0.0, Sum:  0.0, Workers: 6
[8.812s][debug  ][gc,phases      ] GC(33)     Dead                           Min: 0, Avg:  0.0, Max: 0, Diff: 0, Sum: 0, Workers: 6
[8.812s][debug  ][gc,phases      ] GC(33)     Total                          Min: 0, Avg:  0.0, Max: 0, Diff: 0, Sum: 0, Workers: 6
[8.812s][debug  ][gc,phases      ] GC(33)   StringDedup Requests0 Weak     Min:  0.0, Avg:  0.0, Max:  0.0, Diff:  0.0, Sum:  0.0, Workers: 6
[8.812s][debug  ][gc,phases      ] GC(33)     Dead                           Min: 0, Avg:  0.0, Max: 0, Diff: 0, Sum: 0, Workers: 6
[8.812s][debug  ][gc,phases      ] GC(33)     Total                          Min: 0, Avg:  0.0, Max: 0, Diff: 0, Sum: 0, Workers: 6
[8.812s][debug  ][gc,phases      ] GC(33)   StringDedup Requests1 Weak     Min:  0.0, Avg:  0.0, Max:  0.0, Diff:  0.0, Sum:  0.0, Workers: 6
[8.812s][debug  ][gc,phases      ] GC(33)     Dead                           Min: 0, Avg:  0.0, Max: 0, Diff: 0, Sum: 0, Workers: 6
[8.812s][debug  ][gc,phases      ] GC(33)     Total                          Min: 0, Avg:  0.0, Max: 0, Diff: 0, Sum: 0, Workers: 6
[8.812s][debug  ][gc,phases      ] GC(33)   Weak JFR Old Object Samples    Min:  0.0, Avg:  0.0, Max:  0.0, Diff:  0.0, Sum:  0.0, Workers: 6
[8.812s][debug  ][gc,phases      ] GC(33)     Dead                           Min: 0, Avg:  0.0, Max: 0, Diff: 0, Sum: 0, Workers: 6
[8.812s][debug  ][gc,phases      ] GC(33)     Total                          Min: 0, Avg:  0.0, Max: 0, Diff: 0, Sum: 0, Workers: 6
[8.812s][debug  ][gc,phases      ] GC(33) Weak Processing 0.830ms
[8.812s][debug  ][gc,ergo        ] GC(33) AdaptiveSizeStart:  collection: 34 
[8.812s][debug  ][gc,ergo        ] GC(33) avg_survived_padded_avg: 32625468.000000
[8.812s][debug  ][gc,ergo        ] GC(33) avg_promoted_padded_avg: 231570048.000000  avg_pretenured_padded_avg: 0.000000  tenuring_thresh: 1  target_size: 33030144
[8.812s][debug  ][gc,age         ] GC(33) Desired survivor size 33030144 bytes, new threshold 1 (max threshold 15)
[8.812s][debug  ][gc,ergo        ] GC(33) PSAdaptiveSizePolicy::compute_eden_space_size limits: desired_eden_size: 242039064 old_eden_size: 202375168 eden_limit: 202375168 cur_eden: 202375168 max_eden_size: 202375168 avg_young_live: 24803462
[8.812s][debug  ][gc,ergo        ] GC(33) PSAdaptiveSizePolicy::compute_eden_space_size: costs minor_time: 0.041655 major_cost: 0.022216 mutator_cost: 0.936129 throughput_goal: 0.990000
[8.812s][debug  ][gc,ergo        ] GC(33) Live_space: 819401600 free_space: 944766976
[8.812s][debug  ][gc,ergo        ] GC(33) Old eden_size: 202375168 desired_eden_size: 202375168
[8.812s][debug  ][gc,ergo        ] GC(33) AdaptiveSizeStop: collection: 34 
[8.812s][info   ][gc,heap        ] GC(33) PSYoungGen: 188167K(229888K)->30720K(229888K) Eden: 188167K(197632K)->0K(197632K) From: 0K(32256K)->30720K(32256K)
[8.812s][info   ][gc,heap        ] GC(33) ParOldGen: 872036K(1835008K)->872036K(1835008K)
[8.812s][info   ][gc,metaspace   ] GC(33) Metaspace: 1019K(1152K)->1019K(1152K) NonClass: 935K(960K)->935K(960K) Class: 83K(192K)->83K(192K)
[8.813s][info   ][gc             ] GC(33) Pause Young (Allocation Failure) 1035M->881M(2016M) 4.918ms
[8.813s][info   ][gc,cpu         ] GC(33) User=0.00s Sys=0.00s Real=0.01s
[8.813s][debug  ][gc,heap        ] GC(33) Heap after GC invocations=34 (full 6):
[8.813s][debug  ][gc,heap        ] GC(33)  PSYoungGen      total 229888K, used 30720K [0x00000000f0000000, 0x0000000100000000, 0x0000000100000000)
[8.813s][debug  ][gc,heap        ] GC(33)   eden space 197632K, 0% used [0x00000000f0000000,0x00000000f0000000,0x00000000fc100000)
[8.813s][debug  ][gc,heap        ] GC(33)   from space 32256K, 95% used [0x00000000fe080000,0x00000000ffe80030,0x0000000100000000)
[8.813s][debug  ][gc,heap        ] GC(33)   to   space 32256K, 0% used [0x00000000fc100000,0x00000000fc100000,0x00000000fe080000)
[8.813s][debug  ][gc,heap        ] GC(33)  ParOldGen       total 1835008K, used 872036K [0x0000000080000000, 0x00000000f0000000, 0x00000000f0000000)
[8.813s][debug  ][gc,heap        ] GC(33)   object space 1835008K, 47% used [0x0000000080000000,0x00000000b5399128,0x00000000f0000000)
[8.813s][debug  ][gc,heap        ] GC(33)  Metaspace       used 1019K, committed 1152K, reserved 1056768K
[8.813s][debug  ][gc,heap        ] GC(33)   class space    used 83K, committed 192K, reserved 1048576K
[8.813s][debug  ][gc,task,time   ] GC(33) VM-Thread 88071077 88104813 88127941
[9.093s][debug  ][gc,heap        ] GC(34) Heap before GC invocations=35 (full 6):
[9.093s][debug  ][gc,heap        ] GC(34)  PSYoungGen      total 229888K, used 218820K [0x00000000f0000000, 0x0000000100000000, 0x0000000100000000)
[9.093s][debug  ][gc,heap        ] GC(34)   eden space 197632K, 95% used [0x00000000f0000000,0x00000000fb7b1378,0x00000000fc100000)
[9.093s][debug  ][gc,heap        ] GC(34)   from space 32256K, 95% used [0x00000000fe080000,0x00000000ffe80030,0x0000000100000000)
[9.094s][debug  ][gc,heap        ] GC(34)   to   space 32256K, 0% used [0x00000000fc100000,0x00000000fc100000,0x00000000fe080000)
[9.094s][debug  ][gc,heap        ] GC(34)  ParOldGen       total 1835008K, used 872036K [0x0000000080000000, 0x00000000f0000000, 0x00000000f0000000)
[9.094s][debug  ][gc,heap        ] GC(34)   object space 1835008K, 47% used [0x0000000080000000,0x00000000b5399128,0x00000000f0000000)
[9.094s][debug  ][gc,heap        ] GC(34)  Metaspace       used 1019K, committed 1152K, reserved 1056768K
[9.094s][debug  ][gc,heap        ] GC(34)   class space    used 83K, committed 192K, reserved 1048576K
[9.094s][debug  ][gc,tlab        ] GC(34) TLAB totals: thrds: 1  refills: 1 max: 1 slow allocs: 17 max 17 waste: 27.0% gc: 3871320B max: 3871320B slow: 0B max: 0B
[9.094s][info   ][gc,start       ] GC(34) Pause Young (Allocation Failure)
[9.094s][debug  ][gc,phases,start] GC(34) Scavenge
[9.110s][debug  ][gc,phases      ] GC(34) Scavenge 16.381ms
[9.110s][debug  ][gc,phases,start] GC(34) Reference Processing
[9.110s][debug  ][gc,ref         ] GC(34) Skipped phase 1 of Reference Processing: no references
[9.110s][debug  ][gc,ref         ] GC(34) Skipped phase 2 of Reference Processing: no references
[9.110s][debug  ][gc,ref         ] GC(34) Skipped phase 3 of Reference Processing: no references
[9.110s][debug  ][gc,ref         ] GC(34) Skipped phase 4 of Reference Processing: no references
[9.110s][debug  ][gc,phases,ref  ] GC(34) Reference Processing: 0.1ms
[9.110s][debug  ][gc,phases,ref  ] GC(34)   Reconsider SoftReferences: 0.0ms
[9.110s][debug  ][gc,phases,ref  ] GC(34)     SoftRef (ms):                  skipped
[9.110s][debug  ][gc,phases,ref  ] GC(34)   Notify Soft/WeakReferences: 0.0ms
[9.110s][debug  ][gc,phases,ref  ] GC(34)     SoftRef (ms):                  skipped
[9.110s][debug  ][gc,phases,ref  ] GC(34)     WeakRef (ms):                  skipped
[9.110s][debug  ][gc,phases,ref  ] GC(34)     FinalRef (ms):                 skipped
[9.111s][debug  ][gc,phases,ref  ] GC(34)     Total (ms):                    skipped
[9.111s][debug  ][gc,phases,ref  ] GC(34)   Notify and keep alive finalizable: 0.0ms
[9.111s][debug  ][gc,phases,ref  ] GC(34)     FinalRef (ms):                 skipped
[9.111s][debug  ][gc,phases,ref  ] GC(34)   Notify PhantomReferences: 0.0ms
[9.111s][debug  ][gc,phases,ref  ] GC(34)     PhantomRef (ms):               skipped
[9.111s][debug  ][gc,phases,ref  ] GC(34)   SoftReference:
[9.111s][debug  ][gc,phases,ref  ] GC(34)     Discovered: 0
[9.111s][debug  ][gc,phases,ref  ] GC(34)     Cleared: 0
[9.111s][debug  ][gc,phases,ref  ] GC(34)   WeakReference:
[9.111s][debug  ][gc,phases,ref  ] GC(34)     Discovered: 0
[9.111s][debug  ][gc,phases,ref  ] GC(34)     Cleared: 0
[9.111s][debug  ][gc,phases,ref  ] GC(34)   FinalReference:
[9.111s][debug  ][gc,phases,ref  ] GC(34)     Discovered: 0
[9.111s][debug  ][gc,phases,ref  ] GC(34)     Cleared: 0
[9.111s][debug  ][gc,phases,ref  ] GC(34)   PhantomReference:
[9.111s][debug  ][gc,phases,ref  ] GC(34)     Discovered: 0
[9.111s][debug  ][gc,phases,ref  ] GC(34)     Cleared: 0
[9.111s][debug  ][gc,phases      ] GC(34) Reference Processing 0.567ms
[9.111s][debug  ][gc,phases,start] GC(34) Weak Processing
[9.111s][debug  ][gc,phases      ] GC(34)   VM Weak                        Min:  0.0, Avg:  0.0, Max:  0.0, Diff:  0.0, Sum:  0.0, Workers: 6
[9.111s][debug  ][gc,phases      ] GC(34)     Dead                           Min: 0, Avg:  0.0, Max: 0, Diff: 0, Sum: 0, Workers: 6
[9.111s][debug  ][gc,phases      ] GC(34)     Total                          Min: 0, Avg:  1.3, Max: 8, Diff: 8, Sum: 8, Workers: 6
[9.111s][debug  ][gc,phases      ] GC(34)   ObjectSynchronizer Weak        Min:  0.0, Avg:  0.0, Max:  0.0, Diff:  0.0, Sum:  0.0, Workers: 6
[9.111s][debug  ][gc,phases      ] GC(34)     Dead                           Min: 0, Avg:  0.0, Max: 0, Diff: 0, Sum: 0, Workers: 6
[9.111s][debug  ][gc,phases      ] GC(34)     Total                          Min: 0, Avg:  0.5, Max: 3, Diff: 3, Sum: 3, Workers: 6
[9.111s][debug  ][gc,phases      ] GC(34)   JVMTI Tag Weak OopStorage      Min:  0.0, Avg:  0.0, Max:  0.0, Diff:  0.0, Sum:  0.0, Workers: 6
[9.111s][debug  ][gc,phases      ] GC(34)     Dead                           Min: 0, Avg:  0.0, Max: 0, Diff: 0, Sum: 0, Workers: 6
[9.111s][debug  ][gc,phases      ] GC(34)     Total                          Min: 0, Avg:  0.0, Max: 0, Diff: 0, Sum: 0, Workers: 6
[9.111s][debug  ][gc,phases      ] GC(34)   StringTable Weak               Min:  0.0, Avg:  0.0, Max:  0.0, Diff:  0.0, Sum:  0.0, Workers: 6
[9.111s][debug  ][gc,phases      ] GC(34)     Dead                           Min: 0, Avg:  0.0, Max: 0, Diff: 0, Sum: 0, Workers: 6
[9.111s][debug  ][gc,phases      ] GC(34)     Total                          Min: 704, Avg: 892.3, Max: 1131, Diff: 427, Sum: 5354, Workers: 6
[9.111s][debug  ][gc,phases      ] GC(34)   ResolvedMethodTable Weak       Min:  0.0, Avg:  0.0, Max:  0.0, Diff:  0.0, Sum:  0.0, Workers: 6
[9.111s][debug  ][gc,phases      ] GC(34)     Dead                           Min: 0, Avg:  0.0, Max: 0, Diff: 0, Sum: 0, Workers: 6
[9.111s][debug  ][gc,phases      ] GC(34)     Total                          Min: 0, Avg: 21.7, Max: 64, Diff: 64, Sum: 130, Workers: 6
[9.111s][debug  ][gc,phases      ] GC(34)   JNI Weak                       Min:  0.0, Avg:  0.0, Max:  0.0, Diff:  0.0, Sum:  0.0, Workers: 6
[9.111s][debug  ][gc,phases      ] GC(34)     Dead                           Min: 0, Avg:  0.0, Max: 0, Diff: 0, Sum: 0, Workers: 6
[9.111s][debug  ][gc,phases      ] GC(34)     Total                          Min: 0, Avg:  0.0, Max: 0, Diff: 0, Sum: 0, Workers: 6
[9.111s][debug  ][gc,phases      ] GC(34)   StringDedup Table Weak         Min:  0.0, Avg:  0.0, Max:  0.0, Diff:  0.0, Sum:  0.0, Workers: 6
[9.111s][debug  ][gc,phases      ] GC(34)     Dead                           Min: 0, Avg:  0.0, Max: 0, Diff: 0, Sum: 0, Workers: 6
[9.111s][debug  ][gc,phases      ] GC(34)     Total                          Min: 0, Avg:  0.0, Max: 0, Diff: 0, Sum: 0, Workers: 6
[9.111s][debug  ][gc,phases      ] GC(34)   StringDedup Requests0 Weak     Min:  0.0, Avg:  0.0, Max:  0.0, Diff:  0.0, Sum:  0.0, Workers: 6
[9.111s][debug  ][gc,phases      ] GC(34)     Dead                           Min: 0, Avg:  0.0, Max: 0, Diff: 0, Sum: 0, Workers: 6
[9.111s][debug  ][gc,phases      ] GC(34)     Total                          Min: 0, Avg:  0.0, Max: 0, Diff: 0, Sum: 0, Workers: 6
[9.111s][debug  ][gc,phases      ] GC(34)   StringDedup Requests1 Weak     Min:  0.0, Avg:  0.0, Max:  0.0, Diff:  0.0, Sum:  0.0, Workers: 6
[9.111s][debug  ][gc,phases      ] GC(34)     Dead                           Min: 0, Avg:  0.0, Max: 0, Diff: 0, Sum: 0, Workers: 6
[9.111s][debug  ][gc,phases      ] GC(34)     Total                          Min: 0, Avg:  0.0, Max: 0, Diff: 0, Sum: 0, Workers: 6
[9.111s][debug  ][gc,phases      ] GC(34)   Weak JFR Old Object Samples    Min:  0.0, Avg:  0.0, Max:  0.0, Diff:  0.0, Sum:  0.0, Workers: 6
[9.111s][debug  ][gc,phases      ] GC(34)     Dead                           Min: 0, Avg:  0.0, Max: 0, Diff: 0, Sum: 0, Workers: 6
[9.111s][debug  ][gc,phases      ] GC(34)     Total                          Min: 0, Avg:  0.0, Max: 0, Diff: 0, Sum: 0, Workers: 6
[9.112s][debug  ][gc,phases      ] GC(34) Weak Processing 0.665ms
[9.112s][debug  ][gc,ergo        ] GC(34) AdaptiveSizeStart:  collection: 35 
[9.112s][debug  ][gc,ergo        ] GC(34) avg_survived_padded_avg: 32549498.000000
[9.112s][debug  ][gc,ergo        ] GC(34) avg_promoted_padded_avg: 237679904.000000  avg_pretenured_padded_avg: 0.000000  tenuring_thresh: 1  target_size: 33030144
[9.112s][debug  ][gc,age         ] GC(34) Desired survivor size 33030144 bytes, new threshold 1 (max threshold 15)
[9.112s][debug  ][gc,ergo        ] GC(34) PSAdaptiveSizePolicy::compute_eden_space_size limits: desired_eden_size: 243399185 old_eden_size: 202375168 eden_limit: 202375168 cur_eden: 202375168 max_eden_size: 202375168 avg_young_live: 25468848
[9.112s][debug  ][gc,ergo        ] GC(34) PSAdaptiveSizePolicy::compute_eden_space_size: costs minor_time: 0.046044 major_cost: 0.022216 mutator_cost: 0.931740 throughput_goal: 0.990000
[9.112s][debug  ][gc,ergo        ] GC(34) Live_space: 820067072 free_space: 944766976
[9.112s][debug  ][gc,ergo        ] GC(34) Old eden_size: 202375168 desired_eden_size: 202375168
[9.112s][debug  ][gc,ergo        ] GC(34) AdaptiveSizeStop: collection: 35 
[9.112s][info   ][gc,heap        ] GC(34) PSYoungGen: 218820K(229888K)->30720K(229888K) Eden: 188100K(197632K)->0K(197632K) From: 30720K(32256K)->30720K(32256K)
[9.112s][info   ][gc,heap        ] GC(34) ParOldGen: 872036K(1835008K)->1056356K(1835008K)
[9.112s][info   ][gc,metaspace   ] GC(34) Metaspace: 1019K(1152K)->1019K(1152K) NonClass: 935K(960K)->935K(960K) Class: 83K(192K)->83K(192K)
[9.112s][info   ][gc             ] GC(34) Pause Young (Allocation Failure) 1065M->1061M(2016M) 18.039ms
[9.112s][info   ][gc,cpu         ] GC(34) User=0.17s Sys=0.02s Real=0.02s
[9.112s][debug  ][gc,heap        ] GC(34) Heap after GC invocations=35 (full 6):
[9.112s][debug  ][gc,heap        ] GC(34)  PSYoungGen      total 229888K, used 30720K [0x00000000f0000000, 0x0000000100000000, 0x0000000100000000)
[9.112s][debug  ][gc,heap        ] GC(34)   eden space 197632K, 0% used [0x00000000f0000000,0x00000000f0000000,0x00000000fc100000)
[9.112s][debug  ][gc,heap        ] GC(34)   from space 32256K, 95% used [0x00000000fc100000,0x00000000fdf00030,0x00000000fe080000)
[9.112s][debug  ][gc,heap        ] GC(34)   to   space 32256K, 0% used [0x00000000fe080000,0x00000000fe080000,0x0000000100000000)
[9.112s][debug  ][gc,heap        ] GC(34)  ParOldGen       total 1835008K, used 1056356K [0x0000000080000000, 0x00000000f0000000, 0x00000000f0000000)
[9.112s][debug  ][gc,heap        ] GC(34)   object space 1835008K, 57% used [0x0000000080000000,0x00000000c0799248,0x00000000f0000000)
[9.112s][debug  ][gc,heap        ] GC(34)  Metaspace       used 1019K, committed 1152K, reserved 1056768K
[9.112s][debug  ][gc,heap        ] GC(34)   class space    used 83K, committed 192K, reserved 1048576K
[9.112s][debug  ][gc,task,time   ] GC(34) VM-Thread 90933156 91102681 91120426
[9.395s][debug  ][gc,heap        ] GC(35) Heap before GC invocations=36 (full 6):
[9.396s][debug  ][gc,heap        ] GC(35)  PSYoungGen      total 229888K, used 218853K [0x00000000f0000000, 0x0000000100000000, 0x0000000100000000)
[9.396s][debug  ][gc,heap        ] GC(35)   eden space 197632K, 95% used [0x00000000f0000000,0x00000000fb7b9528,0x00000000fc100000)
[9.396s][debug  ][gc,heap        ] GC(35)   from space 32256K, 95% used [0x00000000fc100000,0x00000000fdf00030,0x00000000fe080000)
[9.396s][debug  ][gc,heap        ] GC(35)   to   space 32256K, 0% used [0x00000000fe080000,0x00000000fe080000,0x0000000100000000)
[9.396s][debug  ][gc,heap        ] GC(35)  ParOldGen       total 1835008K, used 1056356K [0x0000000080000000, 0x00000000f0000000, 0x00000000f0000000)
[9.396s][debug  ][gc,heap        ] GC(35)   object space 1835008K, 57% used [0x0000000080000000,0x00000000c0799248,0x00000000f0000000)
[9.396s][debug  ][gc,heap        ] GC(35)  Metaspace       used 1019K, committed 1152K, reserved 1056768K
[9.396s][debug  ][gc,heap        ] GC(35)   class space    used 83K, committed 192K, reserved 1048576K
[9.396s][debug  ][gc,tlab        ] GC(35) TLAB totals: thrds: 1  refills: 1 max: 1 slow allocs: 17 max 17 waste: 27.1% gc: 3904520B max: 3904520B slow: 0B max: 0B
[9.396s][info   ][gc,start       ] GC(35) Pause Young (Allocation Failure)
[9.396s][debug  ][gc,phases,start] GC(35) Scavenge
[9.414s][debug  ][gc,phases      ] GC(35) Scavenge 18.048ms
[9.414s][debug  ][gc,phases,start] GC(35) Reference Processing
[9.414s][debug  ][gc,ref         ] GC(35) Skipped phase 1 of Reference Processing: no references
[9.414s][debug  ][gc,ref         ] GC(35) Skipped phase 2 of Reference Processing: no references
[9.414s][debug  ][gc,ref         ] GC(35) Skipped phase 3 of Reference Processing: no references
[9.414s][debug  ][gc,ref         ] GC(35) Skipped phase 4 of Reference Processing: no references
[9.414s][debug  ][gc,phases,ref  ] GC(35) Reference Processing: 0.1ms
[9.414s][debug  ][gc,phases,ref  ] GC(35)   Reconsider SoftReferences: 0.0ms
[9.414s][debug  ][gc,phases,ref  ] GC(35)     SoftRef (ms):                  skipped
[9.414s][debug  ][gc,phases,ref  ] GC(35)   Notify Soft/WeakReferences: 0.0ms
[9.414s][debug  ][gc,phases,ref  ] GC(35)     SoftRef (ms):                  skipped
[9.414s][debug  ][gc,phases,ref  ] GC(35)     WeakRef (ms):                  skipped
[9.414s][debug  ][gc,phases,ref  ] GC(35)     FinalRef (ms):                 skipped
[9.414s][debug  ][gc,phases,ref  ] GC(35)     Total (ms):                    skipped
[9.414s][debug  ][gc,phases,ref  ] GC(35)   Notify and keep alive finalizable: 0.0ms
[9.414s][debug  ][gc,phases,ref  ] GC(35)     FinalRef (ms):                 skipped
[9.414s][debug  ][gc,phases,ref  ] GC(35)   Notify PhantomReferences: 0.0ms
[9.414s][debug  ][gc,phases,ref  ] GC(35)     PhantomRef (ms):               skipped
[9.415s][debug  ][gc,phases,ref  ] GC(35)   SoftReference:
[9.415s][debug  ][gc,phases,ref  ] GC(35)     Discovered: 0
[9.415s][debug  ][gc,phases,ref  ] GC(35)     Cleared: 0
[9.415s][debug  ][gc,phases,ref  ] GC(35)   WeakReference:
[9.415s][debug  ][gc,phases,ref  ] GC(35)     Discovered: 0
[9.415s][debug  ][gc,phases,ref  ] GC(35)     Cleared: 0
[9.415s][debug  ][gc,phases,ref  ] GC(35)   FinalReference:
[9.415s][debug  ][gc,phases,ref  ] GC(35)     Discovered: 0
[9.415s][debug  ][gc,phases,ref  ] GC(35)     Cleared: 0
[9.415s][debug  ][gc,phases,ref  ] GC(35)   PhantomReference:
[9.415s][debug  ][gc,phases,ref  ] GC(35)     Discovered: 0
[9.415s][debug  ][gc,phases,ref  ] GC(35)     Cleared: 0
[9.415s][debug  ][gc,phases      ] GC(35) Reference Processing 0.709ms
[9.415s][debug  ][gc,phases,start] GC(35) Weak Processing
[9.415s][debug  ][gc,phases      ] GC(35)   VM Weak                        Min:  0.0, Avg:  0.0, Max:  0.0, Diff:  0.0, Sum:  0.0, Workers: 6
[9.415s][debug  ][gc,phases      ] GC(35)     Dead                           Min: 0, Avg:  0.0, Max: 0, Diff: 0, Sum: 0, Workers: 6
[9.415s][debug  ][gc,phases      ] GC(35)     Total                          Min: 0, Avg:  1.3, Max: 8, Diff: 8, Sum: 8, Workers: 6
[9.415s][debug  ][gc,phases      ] GC(35)   ObjectSynchronizer Weak        Min:  0.0, Avg:  0.0, Max:  0.0, Diff:  0.0, Sum:  0.0, Workers: 6
[9.415s][debug  ][gc,phases      ] GC(35)     Dead                           Min: 0, Avg:  0.0, Max: 0, Diff: 0, Sum: 0, Workers: 6
[9.415s][debug  ][gc,phases      ] GC(35)     Total                          Min: 0, Avg:  0.5, Max: 3, Diff: 3, Sum: 3, Workers: 6
[9.415s][debug  ][gc,phases      ] GC(35)   JVMTI Tag Weak OopStorage      Min:  0.0, Avg:  0.0, Max:  0.0, Diff:  0.0, Sum:  0.0, Workers: 6
[9.415s][debug  ][gc,phases      ] GC(35)     Dead                           Min: 0, Avg:  0.0, Max: 0, Diff: 0, Sum: 0, Workers: 6
[9.415s][debug  ][gc,phases      ] GC(35)     Total                          Min: 0, Avg:  0.0, Max: 0, Diff: 0, Sum: 0, Workers: 6
[9.415s][debug  ][gc,phases      ] GC(35)   StringTable Weak               Min:  0.0, Avg:  0.0, Max:  0.0, Diff:  0.0, Sum:  0.0, Workers: 6
[9.415s][debug  ][gc,phases      ] GC(35)     Dead                           Min: 0, Avg:  0.0, Max: 0, Diff: 0, Sum: 0, Workers: 6
[9.415s][debug  ][gc,phases      ] GC(35)     Total                          Min: 704, Avg: 892.3, Max: 1088, Diff: 384, Sum: 5354, Workers: 6
[9.415s][debug  ][gc,phases      ] GC(35)   ResolvedMethodTable Weak       Min:  0.0, Avg:  0.0, Max:  0.0, Diff:  0.0, Sum:  0.0, Workers: 6
[9.415s][debug  ][gc,phases      ] GC(35)     Dead                           Min: 0, Avg:  0.0, Max: 0, Diff: 0, Sum: 0, Workers: 6
[9.415s][debug  ][gc,phases      ] GC(35)     Total                          Min: 0, Avg: 21.7, Max: 64, Diff: 64, Sum: 130, Workers: 6
[9.415s][debug  ][gc,phases      ] GC(35)   JNI Weak                       Min:  0.0, Avg:  0.0, Max:  0.0, Diff:  0.0, Sum:  0.0, Workers: 6
[9.415s][debug  ][gc,phases      ] GC(35)     Dead                           Min: 0, Avg:  0.0, Max: 0, Diff: 0, Sum: 0, Workers: 6
[9.415s][debug  ][gc,phases      ] GC(35)     Total                          Min: 0, Avg:  0.0, Max: 0, Diff: 0, Sum: 0, Workers: 6
[9.415s][debug  ][gc,phases      ] GC(35)   StringDedup Table Weak         Min:  0.0, Avg:  0.0, Max:  0.0, Diff:  0.0, Sum:  0.0, Workers: 6
[9.415s][debug  ][gc,phases      ] GC(35)     Dead                           Min: 0, Avg:  0.0, Max: 0, Diff: 0, Sum: 0, Workers: 6
[9.415s][debug  ][gc,phases      ] GC(35)     Total                          Min: 0, Avg:  0.0, Max: 0, Diff: 0, Sum: 0, Workers: 6
[9.415s][debug  ][gc,phases      ] GC(35)   StringDedup Requests0 Weak     Min:  0.0, Avg:  0.0, Max:  0.0, Diff:  0.0, Sum:  0.0, Workers: 6
[9.415s][debug  ][gc,phases      ] GC(35)     Dead                           Min: 0, Avg:  0.0, Max: 0, Diff: 0, Sum: 0, Workers: 6
[9.415s][debug  ][gc,phases      ] GC(35)     Total                          Min: 0, Avg:  0.0, Max: 0, Diff: 0, Sum: 0, Workers: 6
[9.415s][debug  ][gc,phases      ] GC(35)   StringDedup Requests1 Weak     Min:  0.0, Avg:  0.0, Max:  0.0, Diff:  0.0, Sum:  0.0, Workers: 6
[9.416s][debug  ][gc,phases      ] GC(35)     Dead                           Min: 0, Avg:  0.0, Max: 0, Diff: 0, Sum: 0, Workers: 6
[9.416s][debug  ][gc,phases      ] GC(35)     Total                          Min: 0, Avg:  0.0, Max: 0, Diff: 0, Sum: 0, Workers: 6
[9.416s][debug  ][gc,phases      ] GC(35)   Weak JFR Old Object Samples    Min:  0.0, Avg:  0.0, Max:  0.0, Diff:  0.0, Sum:  0.0, Workers: 6
[9.416s][debug  ][gc,phases      ] GC(35)     Dead                           Min: 0, Avg:  0.0, Max: 0, Diff: 0, Sum: 0, Workers: 6
[9.416s][debug  ][gc,phases      ] GC(35)     Total                          Min: 0, Avg:  0.0, Max: 0, Diff: 0, Sum: 0, Workers: 6
[9.416s][debug  ][gc,phases      ] GC(35) Weak Processing 0.810ms
[9.416s][debug  ][gc,ergo        ] GC(35) AdaptiveSizeStart:  collection: 36 
[9.416s][debug  ][gc,ergo        ] GC(35) avg_survived_padded_avg: 32477040.000000
[9.416s][debug  ][gc,ergo        ] GC(35) avg_promoted_padded_avg: 242139520.000000  avg_pretenured_padded_avg: 0.000000  tenuring_thresh: 1  target_size: 32505856
[9.416s][debug  ][gc,age         ] GC(35) Desired survivor size 32505856 bytes, new threshold 1 (max threshold 15)
[9.416s][debug  ][gc,ergo        ] GC(35) PSAdaptiveSizePolicy::compute_eden_space_size limits: desired_eden_size: 244669815 old_eden_size: 202375168 eden_limit: 202375168 cur_eden: 202375168 max_eden_size: 202375168 avg_young_live: 26067696
[9.416s][debug  ][gc,ergo        ] GC(35) PSAdaptiveSizePolicy::compute_eden_space_size: costs minor_time: 0.050727 major_cost: 0.022216 mutator_cost: 0.927058 throughput_goal: 0.990000
[9.416s][debug  ][gc,ergo        ] GC(35) Live_space: 820665856 free_space: 944766976
[9.416s][debug  ][gc,ergo        ] GC(35) Old eden_size: 202375168 desired_eden_size: 202375168
[9.416s][debug  ][gc,ergo        ] GC(35) AdaptiveSizeStop: collection: 36 
[9.416s][info   ][gc,heap        ] GC(35) PSYoungGen: 218853K(229888K)->30720K(230400K) Eden: 188133K(197632K)->0K(198144K) From: 30720K(32256K)->30720K(32256K)
[9.416s][info   ][gc,heap        ] GC(35) ParOldGen: 1056356K(1835008K)->1240676K(1835008K)
[9.416s][info   ][gc,metaspace   ] GC(35) Metaspace: 1019K(1152K)->1019K(1152K) NonClass: 935K(960K)->935K(960K) Class: 83K(192K)->83K(192K)
[9.416s][info   ][gc             ] GC(35) Pause Young (Allocation Failure) 1245M->1241M(2017M) 20.029ms
[9.416s][info   ][gc,cpu         ] GC(35) User=0.05s Sys=0.14s Real=0.02s
[9.416s][debug  ][gc,heap        ] GC(35) Heap after GC invocations=36 (full 6):
[9.416s][debug  ][gc,heap        ] GC(35)  PSYoungGen      total 230400K, used 30720K [0x00000000f0000000, 0x0000000100000000, 0x0000000100000000)
[9.416s][debug  ][gc,heap        ] GC(35)   eden space 198144K, 0% used [0x00000000f0000000,0x00000000f0000000,0x00000000fc180000)
[9.416s][debug  ][gc,heap        ] GC(35)   from space 32256K, 95% used [0x00000000fe080000,0x00000000ffe80030,0x0000000100000000)
[9.416s][debug  ][gc,heap        ] GC(35)   to   space 31744K, 0% used [0x00000000fc180000,0x00000000fc180000,0x00000000fe080000)
[9.416s][debug  ][gc,heap        ] GC(35)  ParOldGen       total 1835008K, used 1240676K [0x0000000080000000, 0x00000000f0000000, 0x00000000f0000000)
[9.416s][debug  ][gc,heap        ] GC(35)   object space 1835008K, 67% used [0x0000000080000000,0x00000000cbb99368,0x00000000f0000000)
[9.416s][debug  ][gc,heap        ] GC(35)  Metaspace       used 1019K, committed 1152K, reserved 1056768K
[9.416s][debug  ][gc,heap        ] GC(35)   class space    used 83K, committed 192K, reserved 1048576K
[9.416s][debug  ][gc,task,time   ] GC(35) VM-Thread 93954901 94140817 94161725
[9.694s][debug  ][gc,heap        ] GC(36) Heap before GC invocations=37 (full 6):
[9.695s][debug  ][gc,heap        ] GC(36)  PSYoungGen      total 230400K, used 218884K [0x00000000f0000000, 0x0000000100000000, 0x0000000100000000)
[9.695s][debug  ][gc,heap        ] GC(36)   eden space 198144K, 94% used [0x00000000f0000000,0x00000000fb7c1038,0x00000000fc180000)
[9.695s][debug  ][gc,heap        ] GC(36)   from space 32256K, 95% used [0x00000000fe080000,0x00000000ffe80030,0x0000000100000000)
[9.695s][debug  ][gc,heap        ] GC(36)   to   space 31744K, 0% used [0x00000000fc180000,0x00000000fc180000,0x00000000fe080000)
[9.695s][debug  ][gc,heap        ] GC(36)  ParOldGen       total 1835008K, used 1240676K [0x0000000080000000, 0x00000000f0000000, 0x00000000f0000000)
[9.695s][debug  ][gc,heap        ] GC(36)   object space 1835008K, 67% used [0x0000000080000000,0x00000000cbb99368,0x00000000f0000000)
[9.695s][debug  ][gc,heap        ] GC(36)  Metaspace       used 1019K, committed 1152K, reserved 1056768K
[9.695s][debug  ][gc,heap        ] GC(36)   class space    used 83K, committed 192K, reserved 1048576K
[9.695s][debug  ][gc,tlab        ] GC(36) TLAB totals: thrds: 1  refills: 1 max: 1 slow allocs: 17 max 17 waste: 27.3% gc: 3936024B max: 3936024B slow: 0B max: 0B
[9.695s][info   ][gc,start       ] GC(36) Pause Young (Allocation Failure)
[9.695s][debug  ][gc,phases,start] GC(36) Scavenge
[9.712s][debug  ][gc,phases      ] GC(36) Scavenge 17.392ms
[9.712s][debug  ][gc,phases,start] GC(36) Reference Processing
[9.712s][debug  ][gc,ref         ] GC(36) Skipped phase 1 of Reference Processing: no references
[9.712s][debug  ][gc,ref         ] GC(36) Skipped phase 2 of Reference Processing: no references
[9.712s][debug  ][gc,ref         ] GC(36) Skipped phase 3 of Reference Processing: no references
[9.712s][debug  ][gc,ref         ] GC(36) Skipped phase 4 of Reference Processing: no references
[9.712s][debug  ][gc,phases,ref  ] GC(36) Reference Processing: 0.1ms
[9.712s][debug  ][gc,phases,ref  ] GC(36)   Reconsider SoftReferences: 0.0ms
[9.712s][debug  ][gc,phases,ref  ] GC(36)     SoftRef (ms):                  skipped
[9.713s][debug  ][gc,phases,ref  ] GC(36)   Notify Soft/WeakReferences: 0.0ms
[9.713s][debug  ][gc,phases,ref  ] GC(36)     SoftRef (ms):                  skipped
[9.713s][debug  ][gc,phases,ref  ] GC(36)     WeakRef (ms):                  skipped
[9.713s][debug  ][gc,phases,ref  ] GC(36)     FinalRef (ms):                 skipped
[9.713s][debug  ][gc,phases,ref  ] GC(36)     Total (ms):                    skipped
[9.713s][debug  ][gc,phases,ref  ] GC(36)   Notify and keep alive finalizable: 0.0ms
[9.713s][debug  ][gc,phases,ref  ] GC(36)     FinalRef (ms):                 skipped
[9.713s][debug  ][gc,phases,ref  ] GC(36)   Notify PhantomReferences: 0.0ms
[9.713s][debug  ][gc,phases,ref  ] GC(36)     PhantomRef (ms):               skipped
[9.713s][debug  ][gc,phases,ref  ] GC(36)   SoftReference:
[9.713s][debug  ][gc,phases,ref  ] GC(36)     Discovered: 0
[9.713s][debug  ][gc,phases,ref  ] GC(36)     Cleared: 0
[9.713s][debug  ][gc,phases,ref  ] GC(36)   WeakReference:
[9.713s][debug  ][gc,phases,ref  ] GC(36)     Discovered: 0
[9.713s][debug  ][gc,phases,ref  ] GC(36)     Cleared: 0
[9.713s][debug  ][gc,phases,ref  ] GC(36)   FinalReference:
[9.713s][debug  ][gc,phases,ref  ] GC(36)     Discovered: 0
[9.713s][debug  ][gc,phases,ref  ] GC(36)     Cleared: 0
[9.713s][debug  ][gc,phases,ref  ] GC(36)   PhantomReference:
[9.713s][debug  ][gc,phases,ref  ] GC(36)     Discovered: 0
[9.713s][debug  ][gc,phases,ref  ] GC(36)     Cleared: 0
[9.713s][debug  ][gc,phases      ] GC(36) Reference Processing 0.572ms
[9.713s][debug  ][gc,phases,start] GC(36) Weak Processing
[9.713s][debug  ][gc,phases      ] GC(36)   VM Weak                        Min:  0.0, Avg:  0.0, Max:  0.0, Diff:  0.0, Sum:  0.0, Workers: 6
[9.713s][debug  ][gc,phases      ] GC(36)     Dead                           Min: 0, Avg:  0.0, Max: 0, Diff: 0, Sum: 0, Workers: 6
[9.713s][debug  ][gc,phases      ] GC(36)     Total                          Min: 0, Avg:  1.3, Max: 8, Diff: 8, Sum: 8, Workers: 6
[9.713s][debug  ][gc,phases      ] GC(36)   ObjectSynchronizer Weak        Min:  0.0, Avg:  0.0, Max:  0.0, Diff:  0.0, Sum:  0.0, Workers: 6
[9.713s][debug  ][gc,phases      ] GC(36)     Dead                           Min: 0, Avg:  0.0, Max: 0, Diff: 0, Sum: 0, Workers: 6
[9.713s][debug  ][gc,phases      ] GC(36)     Total                          Min: 0, Avg:  0.5, Max: 3, Diff: 3, Sum: 3, Workers: 6
[9.713s][debug  ][gc,phases      ] GC(36)   JVMTI Tag Weak OopStorage      Min:  0.0, Avg:  0.0, Max:  0.0, Diff:  0.0, Sum:  0.0, Workers: 6
[9.713s][debug  ][gc,phases      ] GC(36)     Dead                           Min: 0, Avg:  0.0, Max: 0, Diff: 0, Sum: 0, Workers: 6
[9.713s][debug  ][gc,phases      ] GC(36)     Total                          Min: 0, Avg:  0.0, Max: 0, Diff: 0, Sum: 0, Workers: 6
[9.713s][debug  ][gc,phases      ] GC(36)   StringTable Weak               Min:  0.0, Avg:  0.0, Max:  0.0, Diff:  0.0, Sum:  0.0, Workers: 6
[9.713s][debug  ][gc,phases      ] GC(36)     Dead                           Min: 0, Avg:  0.0, Max: 0, Diff: 0, Sum: 0, Workers: 6
[9.713s][debug  ][gc,phases      ] GC(36)     Total                          Min: 704, Avg: 892.3, Max: 1067, Diff: 363, Sum: 5354, Workers: 6
[9.713s][debug  ][gc,phases      ] GC(36)   ResolvedMethodTable Weak       Min:  0.0, Avg:  0.0, Max:  0.0, Diff:  0.0, Sum:  0.0, Workers: 6
[9.713s][debug  ][gc,phases      ] GC(36)     Dead                           Min: 0, Avg:  0.0, Max: 0, Diff: 0, Sum: 0, Workers: 6
[9.713s][debug  ][gc,phases      ] GC(36)     Total                          Min: 0, Avg: 21.7, Max: 64, Diff: 64, Sum: 130, Workers: 6
[9.713s][debug  ][gc,phases      ] GC(36)   JNI Weak                       Min:  0.0, Avg:  0.0, Max:  0.0, Diff:  0.0, Sum:  0.0, Workers: 6
[9.713s][debug  ][gc,phases      ] GC(36)     Dead                           Min: 0, Avg:  0.0, Max: 0, Diff: 0, Sum: 0, Workers: 6
[9.713s][debug  ][gc,phases      ] GC(36)     Total                          Min: 0, Avg:  0.0, Max: 0, Diff: 0, Sum: 0, Workers: 6
[9.713s][debug  ][gc,phases      ] GC(36)   StringDedup Table Weak         Min:  0.0, Avg:  0.0, Max:  0.0, Diff:  0.0, Sum:  0.0, Workers: 6
[9.713s][debug  ][gc,phases      ] GC(36)     Dead                           Min: 0, Avg:  0.0, Max: 0, Diff: 0, Sum: 0, Workers: 6
[9.713s][debug  ][gc,phases      ] GC(36)     Total                          Min: 0, Avg:  0.0, Max: 0, Diff: 0, Sum: 0, Workers: 6
[9.713s][debug  ][gc,phases      ] GC(36)   StringDedup Requests0 Weak     Min:  0.0, Avg:  0.0, Max:  0.0, Diff:  0.0, Sum:  0.0, Workers: 6
[9.713s][debug  ][gc,phases      ] GC(36)     Dead                           Min: 0, Avg:  0.0, Max: 0, Diff: 0, Sum: 0, Workers: 6
[9.713s][debug  ][gc,phases      ] GC(36)     Total                          Min: 0, Avg:  0.0, Max: 0, Diff: 0, Sum: 0, Workers: 6
[9.713s][debug  ][gc,phases      ] GC(36)   StringDedup Requests1 Weak     Min:  0.0, Avg:  0.0, Max:  0.0, Diff:  0.0, Sum:  0.0, Workers: 6
[9.714s][debug  ][gc,phases      ] GC(36)     Dead                           Min: 0, Avg:  0.0, Max: 0, Diff: 0, Sum: 0, Workers: 6
[9.714s][debug  ][gc,phases      ] GC(36)     Total                          Min: 0, Avg:  0.0, Max: 0, Diff: 0, Sum: 0, Workers: 6
[9.714s][debug  ][gc,phases      ] GC(36)   Weak JFR Old Object Samples    Min:  0.0, Avg:  0.0, Max:  0.0, Diff:  0.0, Sum:  0.0, Workers: 6
[9.714s][debug  ][gc,phases      ] GC(36)     Dead                           Min: 0, Avg:  0.0, Max: 0, Diff: 0, Sum: 0, Workers: 6
[9.714s][debug  ][gc,phases      ] GC(36)     Total                          Min: 0, Avg:  0.0, Max: 0, Diff: 0, Sum: 0, Workers: 6
[9.714s][debug  ][gc,phases      ] GC(36) Weak Processing 0.679ms
[9.714s][debug  ][gc,ergo        ] GC(36) AdaptiveSizeStart:  collection: 37 
[9.714s][debug  ][gc,ergo        ] GC(36) avg_survived_padded_avg: 32408152.000000
[9.714s][debug  ][gc,ergo        ] GC(36) avg_promoted_padded_avg: 245217888.000000  avg_pretenured_padded_avg: 0.000000  tenuring_thresh: 1  target_size: 32505856
[9.714s][debug  ][gc,age         ] GC(36) Desired survivor size 32505856 bytes, new threshold 1 (max threshold 15)
[9.714s][debug  ][gc,ergo        ] GC(36) PSAdaptiveSizePolicy::compute_eden_space_size limits: desired_eden_size: 246310424 old_eden_size: 202375168 eden_limit: 202899456 cur_eden: 202899456 max_eden_size: 202899456 avg_young_live: 26606658
[9.714s][debug  ][gc,ergo        ] GC(36) PSAdaptiveSizePolicy::compute_eden_space_size: costs minor_time: 0.053785 major_cost: 0.022216 mutator_cost: 0.924000 throughput_goal: 0.990000
[9.714s][debug  ][gc,ergo        ] GC(36) Live_space: 821204864 free_space: 944766976
[9.714s][debug  ][gc,ergo        ] GC(36) Old eden_size: 202375168 desired_eden_size: 202899456
[9.714s][debug  ][gc,ergo        ] GC(36) AdaptiveSizeStop: collection: 37 
[9.714s][info   ][gc,heap        ] GC(36) PSYoungGen: 218884K(230400K)->30720K(229888K) Eden: 188164K(198144K)->0K(198144K) From: 30720K(32256K)->30720K(31744K)
[9.714s][info   ][gc,heap        ] GC(36) ParOldGen: 1240676K(1835008K)->1424997K(1835008K)
[9.714s][info   ][gc,metaspace   ] GC(36) Metaspace: 1019K(1152K)->1019K(1152K) NonClass: 935K(960K)->935K(960K) Class: 83K(192K)->83K(192K)
[9.714s][info   ][gc             ] GC(36) Pause Young (Allocation Failure) 1425M->1421M(2016M) 19.077ms
[9.714s][info   ][gc,cpu         ] GC(36) User=0.03s Sys=0.16s Real=0.02s
[9.714s][debug  ][gc,heap        ] GC(36) Heap after GC invocations=37 (full 6):
[9.714s][debug  ][gc,heap        ] GC(36)  PSYoungGen      total 229888K, used 30720K [0x00000000f0000000, 0x0000000100000000, 0x0000000100000000)
[9.714s][debug  ][gc,heap        ] GC(36)   eden space 198144K, 0% used [0x00000000f0000000,0x00000000f0000000,0x00000000fc180000)
[9.714s][debug  ][gc,heap        ] GC(36)   from space 31744K, 96% used [0x00000000fc180000,0x00000000fdf80030,0x00000000fe080000)
[9.714s][debug  ][gc,heap        ] GC(36)   to   space 31744K, 0% used [0x00000000fe100000,0x00000000fe100000,0x0000000100000000)
[9.714s][debug  ][gc,heap        ] GC(36)  ParOldGen       total 1835008K, used 1424997K [0x0000000080000000, 0x00000000f0000000, 0x00000000f0000000)
[9.714s][debug  ][gc,heap        ] GC(36)   object space 1835008K, 77% used [0x0000000080000000,0x00000000d6f99488,0x00000000f0000000)
[9.714s][debug  ][gc,heap        ] GC(36)  Metaspace       used 1019K, committed 1152K, reserved 1056768K
[9.714s][debug  ][gc,heap        ] GC(36)   class space    used 83K, committed 192K, reserved 1048576K
[9.714s][debug  ][gc,task,time   ] GC(36) VM-Thread 96944060 97123386 97141380
[9.993s][debug  ][gc,heap        ] GC(37) Heap before GC invocations=38 (full 6):
[9.993s][debug  ][gc,heap        ] GC(37)  PSYoungGen      total 229888K, used 218897K [0x00000000f0000000, 0x0000000100000000, 0x0000000100000000)
[9.993s][debug  ][gc,heap        ] GC(37)   eden space 198144K, 94% used [0x00000000f0000000,0x00000000fb7c45a0,0x00000000fc180000)
[9.993s][debug  ][gc,heap        ] GC(37)   from space 31744K, 96% used [0x00000000fc180000,0x00000000fdf80030,0x00000000fe080000)
[9.993s][debug  ][gc,heap        ] GC(37)   to   space 31744K, 0% used [0x00000000fe100000,0x00000000fe100000,0x0000000100000000)
[9.993s][debug  ][gc,heap        ] GC(37)  ParOldGen       total 1835008K, used 1424997K [0x0000000080000000, 0x00000000f0000000, 0x00000000f0000000)
[9.993s][debug  ][gc,heap        ] GC(37)   object space 1835008K, 77% used [0x0000000080000000,0x00000000d6f99488,0x00000000f0000000)
[9.993s][debug  ][gc,heap        ] GC(37)  Metaspace       used 1019K, committed 1152K, reserved 1056768K
[9.993s][debug  ][gc,heap        ] GC(37)   class space    used 83K, committed 192K, reserved 1048576K
[9.993s][debug  ][gc,tlab        ] GC(37) TLAB totals: thrds: 1  refills: 1 max: 1 slow allocs: 17 max 17 waste: 27.4% gc: 3949696B max: 3949696B slow: 0B max: 0B
[9.993s][info   ][gc,start       ] GC(37) Pause Young (Allocation Failure)
[9.993s][debug  ][gc,phases,start] GC(37) Scavenge
[10.011s][debug  ][gc,phases      ] GC(37) Scavenge 17.889ms
[10.011s][debug  ][gc,phases,start] GC(37) Reference Processing
[10.011s][debug  ][gc,ref         ] GC(37) Skipped phase 1 of Reference Processing: no references
[10.012s][debug  ][gc,ref         ] GC(37) Skipped phase 2 of Reference Processing: no references
[10.012s][debug  ][gc,ref         ] GC(37) Skipped phase 3 of Reference Processing: no references
[10.012s][debug  ][gc,ref         ] GC(37) Skipped phase 4 of Reference Processing: no references
[10.012s][debug  ][gc,phases,ref  ] GC(37) Reference Processing: 0.1ms
[10.012s][debug  ][gc,phases,ref  ] GC(37)   Reconsider SoftReferences: 0.0ms
[10.012s][debug  ][gc,phases,ref  ] GC(37)     SoftRef (ms):                  skipped
[10.012s][debug  ][gc,phases,ref  ] GC(37)   Notify Soft/WeakReferences: 0.0ms
[10.012s][debug  ][gc,phases,ref  ] GC(37)     SoftRef (ms):                  skipped
[10.012s][debug  ][gc,phases,ref  ] GC(37)     WeakRef (ms):                  skipped
[10.012s][debug  ][gc,phases,ref  ] GC(37)     FinalRef (ms):                 skipped
[10.012s][debug  ][gc,phases,ref  ] GC(37)     Total (ms):                    skipped
[10.012s][debug  ][gc,phases,ref  ] GC(37)   Notify and keep alive finalizable: 0.0ms
[10.012s][debug  ][gc,phases,ref  ] GC(37)     FinalRef (ms):                 skipped
[10.012s][debug  ][gc,phases,ref  ] GC(37)   Notify PhantomReferences: 0.0ms
[10.012s][debug  ][gc,phases,ref  ] GC(37)     PhantomRef (ms):               skipped
[10.012s][debug  ][gc,phases,ref  ] GC(37)   SoftReference:
[10.012s][debug  ][gc,phases,ref  ] GC(37)     Discovered: 0
[10.012s][debug  ][gc,phases,ref  ] GC(37)     Cleared: 0
[10.012s][debug  ][gc,phases,ref  ] GC(37)   WeakReference:
[10.012s][debug  ][gc,phases,ref  ] GC(37)     Discovered: 0
[10.012s][debug  ][gc,phases,ref  ] GC(37)     Cleared: 0
[10.012s][debug  ][gc,phases,ref  ] GC(37)   FinalReference:
[10.012s][debug  ][gc,phases,ref  ] GC(37)     Discovered: 0
[10.012s][debug  ][gc,phases,ref  ] GC(37)     Cleared: 0
[10.012s][debug  ][gc,phases,ref  ] GC(37)   PhantomReference:
[10.012s][debug  ][gc,phases,ref  ] GC(37)     Discovered: 0
[10.012s][debug  ][gc,phases,ref  ] GC(37)     Cleared: 0
[10.012s][debug  ][gc,phases      ] GC(37) Reference Processing 0.585ms
[10.012s][debug  ][gc,phases,start] GC(37) Weak Processing
[10.012s][debug  ][gc,phases      ] GC(37)   VM Weak                        Min:  0.0, Avg:  0.0, Max:  0.0, Diff:  0.0, Sum:  0.0, Workers: 6
[10.012s][debug  ][gc,phases      ] GC(37)     Dead                           Min: 0, Avg:  0.0, Max: 0, Diff: 0, Sum: 0, Workers: 6
[10.012s][debug  ][gc,phases      ] GC(37)     Total                          Min: 0, Avg:  1.3, Max: 8, Diff: 8, Sum: 8, Workers: 6
[10.012s][debug  ][gc,phases      ] GC(37)   ObjectSynchronizer Weak        Min:  0.0, Avg:  0.0, Max:  0.0, Diff:  0.0, Sum:  0.0, Workers: 6
[10.012s][debug  ][gc,phases      ] GC(37)     Dead                           Min: 0, Avg:  0.0, Max: 0, Diff: 0, Sum: 0, Workers: 6
[10.012s][debug  ][gc,phases      ] GC(37)     Total                          Min: 0, Avg:  0.5, Max: 3, Diff: 3, Sum: 3, Workers: 6
[10.012s][debug  ][gc,phases      ] GC(37)   JVMTI Tag Weak OopStorage      Min:  0.0, Avg:  0.0, Max:  0.0, Diff:  0.0, Sum:  0.0, Workers: 6
[10.012s][debug  ][gc,phases      ] GC(37)     Dead                           Min: 0, Avg:  0.0, Max: 0, Diff: 0, Sum: 0, Workers: 6
[10.012s][debug  ][gc,phases      ] GC(37)     Total                          Min: 0, Avg:  0.0, Max: 0, Diff: 0, Sum: 0, Workers: 6
[10.012s][debug  ][gc,phases      ] GC(37)   StringTable Weak               Min:  0.0, Avg:  0.0, Max:  0.0, Diff:  0.0, Sum:  0.0, Workers: 6
[10.012s][debug  ][gc,phases      ] GC(37)     Dead                           Min: 0, Avg:  0.0, Max: 0, Diff: 0, Sum: 0, Workers: 6
[10.012s][debug  ][gc,phases      ] GC(37)     Total                          Min: 703, Avg: 892.3, Max: 1024, Diff: 321, Sum: 5354, Workers: 6
[10.012s][debug  ][gc,phases      ] GC(37)   ResolvedMethodTable Weak       Min:  0.0, Avg:  0.0, Max:  0.0, Diff:  0.0, Sum:  0.0, Workers: 6
[10.012s][debug  ][gc,phases      ] GC(37)     Dead                           Min: 0, Avg:  0.0, Max: 0, Diff: 0, Sum: 0, Workers: 6
[10.012s][debug  ][gc,phases      ] GC(37)     Total                          Min: 0, Avg: 21.7, Max: 64, Diff: 64, Sum: 130, Workers: 6
[10.012s][debug  ][gc,phases      ] GC(37)   JNI Weak                       Min:  0.0, Avg:  0.0, Max:  0.0, Diff:  0.0, Sum:  0.0, Workers: 6
[10.012s][debug  ][gc,phases      ] GC(37)     Dead                           Min: 0, Avg:  0.0, Max: 0, Diff: 0, Sum: 0, Workers: 6
[10.012s][debug  ][gc,phases      ] GC(37)     Total                          Min: 0, Avg:  0.0, Max: 0, Diff: 0, Sum: 0, Workers: 6
[10.012s][debug  ][gc,phases      ] GC(37)   StringDedup Table Weak         Min:  0.0, Avg:  0.0, Max:  0.0, Diff:  0.0, Sum:  0.0, Workers: 6
[10.013s][debug  ][gc,phases      ] GC(37)     Dead                           Min: 0, Avg:  0.0, Max: 0, Diff: 0, Sum: 0, Workers: 6
[10.013s][debug  ][gc,phases      ] GC(37)     Total                          Min: 0, Avg:  0.0, Max: 0, Diff: 0, Sum: 0, Workers: 6
[10.013s][debug  ][gc,phases      ] GC(37)   StringDedup Requests0 Weak     Min:  0.0, Avg:  0.0, Max:  0.0, Diff:  0.0, Sum:  0.0, Workers: 6
[10.013s][debug  ][gc,phases      ] GC(37)     Dead                           Min: 0, Avg:  0.0, Max: 0, Diff: 0, Sum: 0, Workers: 6
[10.013s][debug  ][gc,phases      ] GC(37)     Total                          Min: 0, Avg:  0.0, Max: 0, Diff: 0, Sum: 0, Workers: 6
[10.013s][debug  ][gc,phases      ] GC(37)   StringDedup Requests1 Weak     Min:  0.0, Avg:  0.0, Max:  0.0, Diff:  0.0, Sum:  0.0, Workers: 6
[10.013s][debug  ][gc,phases      ] GC(37)     Dead                           Min: 0, Avg:  0.0, Max: 0, Diff: 0, Sum: 0, Workers: 6
[10.013s][debug  ][gc,phases      ] GC(37)     Total                          Min: 0, Avg:  0.0, Max: 0, Diff: 0, Sum: 0, Workers: 6
[10.013s][debug  ][gc,phases      ] GC(37)   Weak JFR Old Object Samples    Min:  0.0, Avg:  0.0, Max:  0.0, Diff:  0.0, Sum:  0.0, Workers: 6
[10.013s][debug  ][gc,phases      ] GC(37)     Dead                           Min: 0, Avg:  0.0, Max: 0, Diff: 0, Sum: 0, Workers: 6
[10.013s][debug  ][gc,phases      ] GC(37)     Total                          Min: 0, Avg:  0.0, Max: 0, Diff: 0, Sum: 0, Workers: 6
[10.013s][debug  ][gc,phases      ] GC(37) Weak Processing 0.669ms
[10.013s][debug  ][gc,ergo        ] GC(37) AdaptiveSizeStart:  collection: 38 
[10.013s][debug  ][gc,ergo        ] GC(37) avg_survived_padded_avg: 32342842.000000
[10.013s][debug  ][gc,ergo        ] GC(37) avg_promoted_padded_avg: 247146592.000000  avg_pretenured_padded_avg: 0.000000  tenuring_thresh: 1  target_size: 32505856
[10.013s][debug  ][gc,age         ] GC(37) Desired survivor size 32505856 bytes, new threshold 1 (max threshold 15)
[10.013s][debug  ][gc,ergo        ] GC(37) PSAdaptiveSizePolicy::compute_eden_space_size limits: desired_eden_size: 246914445 old_eden_size: 202899456 eden_limit: 203423744 cur_eden: 202899456 max_eden_size: 203423744 avg_young_live: 27091724
[10.013s][debug  ][gc,ergo        ] GC(37) PSAdaptiveSizePolicy::compute_eden_space_size: costs minor_time: 0.056434 major_cost: 0.022216 mutator_cost: 0.921350 throughput_goal: 0.990000
[10.013s][debug  ][gc,ergo        ] GC(37) Live_space: 821689856 free_space: 945291264
[10.013s][debug  ][gc,ergo        ] GC(37) Old eden_size: 202899456 desired_eden_size: 203423744
[10.013s][debug  ][gc,ergo        ] GC(37) AdaptiveSizeStop: collection: 38 
[10.013s][info   ][gc,heap        ] GC(37) PSYoungGen: 218897K(229888K)->30720K(230400K) Eden: 188177K(198144K)->0K(198656K) From: 30720K(31744K)->30720K(31744K)
[10.013s][info   ][gc,heap        ] GC(37) ParOldGen: 1424997K(1835008K)->1609317K(1835008K)
[10.013s][info   ][gc,metaspace   ] GC(37) Metaspace: 1019K(1152K)->1019K(1152K) NonClass: 935K(960K)->935K(960K) Class: 83K(192K)->83K(192K)
[10.013s][info   ][gc             ] GC(37) Pause Young (Allocation Failure) 1605M->1601M(2017M) 19.579ms
[10.013s][info   ][gc,cpu         ] GC(37) User=0.02s Sys=0.17s Real=0.02s
[10.013s][debug  ][gc,heap        ] GC(37) Heap after GC invocations=38 (full 6):
[10.013s][debug  ][gc,heap        ] GC(37)  PSYoungGen      total 230400K, used 30720K [0x00000000f0000000, 0x0000000100000000, 0x0000000100000000)
[10.013s][debug  ][gc,heap        ] GC(37)   eden space 198656K, 0% used [0x00000000f0000000,0x00000000f0000000,0x00000000fc200000)
[10.013s][debug  ][gc,heap        ] GC(37)   from space 31744K, 96% used [0x00000000fe100000,0x00000000fff00030,0x0000000100000000)
[10.013s][debug  ][gc,heap        ] GC(37)   to   space 31744K, 0% used [0x00000000fc200000,0x00000000fc200000,0x00000000fe100000)
[10.013s][debug  ][gc,heap        ] GC(37)  ParOldGen       total 1835008K, used 1609317K [0x0000000080000000, 0x00000000f0000000, 0x00000000f0000000)
[10.013s][debug  ][gc,heap        ] GC(37)   object space 1835008K, 87% used [0x0000000080000000,0x00000000e23995a8,0x00000000f0000000)
[10.013s][debug  ][gc,heap        ] GC(37)  Metaspace       used 1019K, committed 1152K, reserved 1056768K
[10.013s][debug  ][gc,heap        ] GC(37)   class space    used 83K, committed 192K, reserved 1048576K
[10.013s][debug  ][gc,task,time   ] GC(37) VM-Thread 99930009 100114584 100132662
[10.013s][debug  ][gc,phases,start] GC(38) Pre Compact
[10.013s][debug  ][gc,heap        ] GC(38) Heap before GC invocations=39 (full 7):
[10.013s][debug  ][gc,heap        ] GC(38)  PSYoungGen      total 230400K, used 30720K [0x00000000f0000000, 0x0000000100000000, 0x0000000100000000)
[10.013s][debug  ][gc,heap        ] GC(38)   eden space 198656K, 0% used [0x00000000f0000000,0x00000000f0000000,0x00000000fc200000)
[10.013s][debug  ][gc,heap        ] GC(38)   from space 31744K, 96% used [0x00000000fe100000,0x00000000fff00030,0x0000000100000000)
[10.013s][debug  ][gc,heap        ] GC(38)   to   space 31744K, 0% used [0x00000000fc200000,0x00000000fc200000,0x00000000fe100000)
[10.013s][debug  ][gc,heap        ] GC(38)  ParOldGen       total 1835008K, used 1609317K [0x0000000080000000, 0x00000000f0000000, 0x00000000f0000000)
[10.013s][debug  ][gc,heap        ] GC(38)   object space 1835008K, 87% used [0x0000000080000000,0x00000000e23995a8,0x00000000f0000000)
[10.013s][debug  ][gc,heap        ] GC(38)  Metaspace       used 1019K, committed 1152K, reserved 1056768K
[10.013s][debug  ][gc,heap        ] GC(38)   class space    used 83K, committed 192K, reserved 1048576K
[10.013s][debug  ][gc,phases      ] GC(38) Pre Compact 0.202ms
[10.014s][info   ][gc,start       ] GC(38) Pause Full (Ergonomics)
[10.014s][info   ][gc,phases,start] GC(38) Marking Phase
[10.014s][debug  ][gc,phases,start] GC(38) Par Mark
[10.014s][debug  ][gc,phases      ] GC(38) Par Mark 0.532ms
[10.014s][debug  ][gc,phases,start] GC(38) Reference Processing
[10.014s][debug  ][gc,ref         ] GC(38) Skipped phase 1 of Reference Processing: no references
[10.014s][debug  ][gc,ref         ] GC(38) ReferenceProcessor::execute queues: 1, RefProcThreadModel::Single, marks_oops_alive: false
[10.014s][debug  ][gc,ref         ] GC(38) Skipped phase 3 of Reference Processing: no references
[10.014s][debug  ][gc,ref         ] GC(38) ReferenceProcessor::execute queues: 1, RefProcThreadModel::Single, marks_oops_alive: false
[10.014s][debug  ][gc,phases,ref  ] GC(38) Reference Processing: 0.1ms
[10.014s][debug  ][gc,phases,ref  ] GC(38)   Reconsider SoftReferences: 0.0ms
[10.014s][debug  ][gc,phases,ref  ] GC(38)     SoftRef (ms):                  skipped
[10.014s][debug  ][gc,phases,ref  ] GC(38)   Notify Soft/WeakReferences: 0.0ms
[10.014s][debug  ][gc,phases,ref  ] GC(38)     SoftRef (ms):                  Min:  0.0, Avg:  0.0, Max:  0.0, Diff:  0.0, Sum:  0.0, Workers: 12
[10.014s][debug  ][gc,phases,ref  ] GC(38)     WeakRef (ms):                  Min:  0.0, Avg:  0.0, Max:  0.0, Diff:  0.0, Sum:  0.0, Workers: 12
[10.014s][debug  ][gc,phases,ref  ] GC(38)     FinalRef (ms):                 Min:  0.0, Avg:  0.0, Max:  0.0, Diff:  0.0, Sum:  0.0, Workers: 12
[10.014s][debug  ][gc,phases,ref  ] GC(38)     Total (ms):                    Min:  0.0, Avg:  0.0, Max:  0.0, Diff:  0.0, Sum:  0.0, Workers: 12
[10.014s][debug  ][gc,phases,ref  ] GC(38)   Notify and keep alive finalizable: 0.0ms
[10.014s][debug  ][gc,phases,ref  ] GC(38)     FinalRef (ms):                 skipped
[10.014s][debug  ][gc,phases,ref  ] GC(38)   Notify PhantomReferences: 0.0ms
[10.014s][debug  ][gc,phases,ref  ] GC(38)     PhantomRef (ms):               Min:  0.0, Avg:  0.0, Max:  0.0, Diff:  0.0, Sum:  0.0, Workers: 12
[10.014s][debug  ][gc,phases,ref  ] GC(38)   SoftReference:
[10.014s][debug  ][gc,phases,ref  ] GC(38)     Discovered: 0
[10.015s][debug  ][gc,phases,ref  ] GC(38)     Cleared: 0
[10.015s][debug  ][gc,phases,ref  ] GC(38)   WeakReference:
[10.015s][debug  ][gc,phases,ref  ] GC(38)     Discovered: 67
[10.015s][debug  ][gc,phases,ref  ] GC(38)     Cleared: 67
[10.015s][debug  ][gc,phases,ref  ] GC(38)   FinalReference:
[10.015s][debug  ][gc,phases,ref  ] GC(38)     Discovered: 0
[10.015s][debug  ][gc,phases,ref  ] GC(38)     Cleared: 0
[10.015s][debug  ][gc,phases,ref  ] GC(38)   PhantomReference:
[10.015s][debug  ][gc,phases,ref  ] GC(38)     Discovered: 3
[10.015s][debug  ][gc,phases,ref  ] GC(38)     Cleared: 3
[10.015s][debug  ][gc,phases      ] GC(38) Reference Processing 0.582ms
[10.015s][debug  ][gc,phases,start] GC(38) Weak Processing
[10.015s][debug  ][gc,phases      ] GC(38)   VM Weak                        Min:  0.0, Avg:  0.0, Max:  0.0, Diff:  0.0, Sum:  0.0, Workers: 6
[10.015s][debug  ][gc,phases      ] GC(38)     Dead                           Min: 0, Avg:  0.0, Max: 0, Diff: 0, Sum: 0, Workers: 6
[10.015s][debug  ][gc,phases      ] GC(38)     Total                          Min: 0, Avg:  1.3, Max: 8, Diff: 8, Sum: 8, Workers: 6
[10.015s][debug  ][gc,phases      ] GC(38)   ObjectSynchronizer Weak        Min:  0.0, Avg:  0.0, Max:  0.0, Diff:  0.0, Sum:  0.0, Workers: 6
[10.015s][debug  ][gc,phases      ] GC(38)     Dead                           Min: 0, Avg:  0.0, Max: 0, Diff: 0, Sum: 0, Workers: 6
[10.015s][debug  ][gc,phases      ] GC(38)     Total                          Min: 0, Avg:  0.5, Max: 3, Diff: 3, Sum: 3, Workers: 6
[10.015s][debug  ][gc,phases      ] GC(38)   JVMTI Tag Weak OopStorage      Min:  0.0, Avg:  0.0, Max:  0.0, Diff:  0.0, Sum:  0.0, Workers: 6
[10.015s][debug  ][gc,phases      ] GC(38)     Dead                           Min: 0, Avg:  0.0, Max: 0, Diff: 0, Sum: 0, Workers: 6
[10.015s][debug  ][gc,phases      ] GC(38)     Total                          Min: 0, Avg:  0.0, Max: 0, Diff: 0, Sum: 0, Workers: 6
[10.015s][debug  ][gc,phases      ] GC(38)   StringTable Weak               Min:  0.0, Avg:  0.0, Max:  0.0, Diff:  0.0, Sum:  0.0, Workers: 6
[10.015s][debug  ][gc,phases      ] GC(38)     Dead                           Min: 0, Avg:  0.0, Max: 0, Diff: 0, Sum: 0, Workers: 6
[10.015s][debug  ][gc,phases      ] GC(38)     Total                          Min: 575, Avg: 892.3, Max: 1088, Diff: 513, Sum: 5354, Workers: 6
[10.015s][debug  ][gc,phases      ] GC(38)   ResolvedMethodTable Weak       Min:  0.0, Avg:  0.0, Max:  0.0, Diff:  0.0, Sum:  0.0, Workers: 6
[10.015s][debug  ][gc,phases      ] GC(38)     Dead                           Min: 0, Avg:  0.0, Max: 0, Diff: 0, Sum: 0, Workers: 6
[10.015s][debug  ][gc,phases      ] GC(38)     Total                          Min: 0, Avg: 21.7, Max: 64, Diff: 64, Sum: 130, Workers: 6
[10.015s][debug  ][gc,phases      ] GC(38)   JNI Weak                       Min:  0.0, Avg:  0.0, Max:  0.0, Diff:  0.0, Sum:  0.0, Workers: 6
[10.015s][debug  ][gc,phases      ] GC(38)     Dead                           Min: 0, Avg:  0.0, Max: 0, Diff: 0, Sum: 0, Workers: 6
[10.015s][debug  ][gc,phases      ] GC(38)     Total                          Min: 0, Avg:  0.0, Max: 0, Diff: 0, Sum: 0, Workers: 6
[10.015s][debug  ][gc,phases      ] GC(38)   StringDedup Table Weak         Min:  0.0, Avg:  0.0, Max:  0.0, Diff:  0.0, Sum:  0.0, Workers: 6
[10.015s][debug  ][gc,phases      ] GC(38)     Dead                           Min: 0, Avg:  0.0, Max: 0, Diff: 0, Sum: 0, Workers: 6
[10.015s][debug  ][gc,phases      ] GC(38)     Total                          Min: 0, Avg:  0.0, Max: 0, Diff: 0, Sum: 0, Workers: 6
[10.015s][debug  ][gc,phases      ] GC(38)   StringDedup Requests0 Weak     Min:  0.0, Avg:  0.0, Max:  0.0, Diff:  0.0, Sum:  0.0, Workers: 6
[10.015s][debug  ][gc,phases      ] GC(38)     Dead                           Min: 0, Avg:  0.0, Max: 0, Diff: 0, Sum: 0, Workers: 6
[10.015s][debug  ][gc,phases      ] GC(38)     Total                          Min: 0, Avg:  0.0, Max: 0, Diff: 0, Sum: 0, Workers: 6
[10.015s][debug  ][gc,phases      ] GC(38)   StringDedup Requests1 Weak     Min:  0.0, Avg:  0.0, Max:  0.0, Diff:  0.0, Sum:  0.0, Workers: 6
[10.015s][debug  ][gc,phases      ] GC(38)     Dead                           Min: 0, Avg:  0.0, Max: 0, Diff: 0, Sum: 0, Workers: 6
[10.015s][debug  ][gc,phases      ] GC(38)     Total                          Min: 0, Avg:  0.0, Max: 0, Diff: 0, Sum: 0, Workers: 6
[10.015s][debug  ][gc,phases      ] GC(38)   Weak JFR Old Object Samples    Min:  0.0, Avg:  0.0, Max:  0.0, Diff:  0.0, Sum:  0.0, Workers: 6
[10.015s][debug  ][gc,phases      ] GC(38)     Dead                           Min: 0, Avg:  0.0, Max: 0, Diff: 0, Sum: 0, Workers: 6
[10.015s][debug  ][gc,phases      ] GC(38)     Total                          Min: 0, Avg:  0.0, Max: 0, Diff: 0, Sum: 0, Workers: 6
[10.015s][debug  ][gc,phases      ] GC(38) Weak Processing 0.670ms
[10.015s][debug  ][gc,phases,start] GC(38) Class Unloading
[10.015s][debug  ][gc,phases,start] GC(38) ClassLoaderData
[10.015s][debug  ][gc,phases      ] GC(38) ClassLoaderData 0.020ms
[10.015s][debug  ][gc,phases,start] GC(38) Trigger cleanups
[10.015s][debug  ][gc,phases      ] GC(38) Trigger cleanups 0.019ms
[10.016s][debug  ][gc,phases      ] GC(38) Class Unloading 0.254ms
[10.016s][info   ][gc,phases      ] GC(38) Marking Phase 2.148ms
[10.016s][info   ][gc,phases,start] GC(38) Summary Phase
[10.016s][info   ][gc,phases      ] GC(38) Summary Phase 0.036ms
[10.016s][info   ][gc,phases,start] GC(38) Adjust Roots
[10.016s][info   ][gc,phases      ] GC(38) Adjust Roots 0.131ms
[10.016s][info   ][gc,phases,start] GC(38) Compaction Phase
[10.099s][info   ][gc,phases      ] GC(38) Compaction Phase 83.342ms
[10.100s][info   ][gc,phases,start] GC(38) Post Compact
[10.105s][info   ][gc,phases      ] GC(38) Post Compact 5.883ms
[10.105s][debug  ][gc,ergo        ] GC(38) AdaptiveSizeStart: collection: 39 
[10.106s][debug  ][gc,ergo        ] GC(38) PSAdaptiveSizePolicy::compute_eden_space_size limits: desired_eden_size: 236205568 old_eden_size: 203423744 eden_limit: 203423744 cur_eden: 203423744 max_eden_size: 203423744 avg_young_live: 24382552
[10.106s][debug  ][gc,ergo        ] GC(38) PSAdaptiveSizePolicy::compute_eden_space_size: costs minor_time: 0.056434 major_cost: 0.031115 mutator_cost: 0.912451 throughput_goal: 0.990000
[10.106s][debug  ][gc,ergo        ] GC(38) Live_space: 818980736 free_space: 945815552
[10.106s][debug  ][gc,ergo        ] GC(38) Old eden_size: 203423744 desired_eden_size: 203423744
[10.106s][debug  ][gc,ergo        ] GC(38) PSAdaptiveSizePolicy::compute_old_gen_free_space: costs minor_time: 0.056434 major_cost: 0.031115  mutator_cost: 0.912451 throughput_goal: 0.990000
[10.106s][debug  ][gc,ergo        ] GC(38) Live_space: 855652992 free_space: 945815552
[10.106s][debug  ][gc,ergo        ] GC(38) Old promo_size: 742391808 desired_promo_size: 822083584
[10.106s][debug  ][gc             ] GC(38) Shrinking ParOldGen from 1835008K by 20992K to 1814016K
[10.106s][debug  ][gc,ergo        ] GC(38) AdaptiveSizeStop: collection: 39 
[10.106s][info   ][gc,heap        ] GC(38) PSYoungGen: 30720K(230400K)->0K(230400K) Eden: 0K(198656K)->0K(198656K) From: 30720K(31744K)->0K(31744K)
[10.106s][info   ][gc,heap        ] GC(38) ParOldGen: 1609317K(1835008K)->769636K(1814016K)
[10.106s][info   ][gc,metaspace   ] GC(38) Metaspace: 1019K(1152K)->1019K(1152K) NonClass: 935K(960K)->935K(960K) Class: 83K(192K)->83K(192K)
[10.106s][info   ][gc             ] GC(38) Pause Full (Ergonomics) 1601M->751M(1996M) 92.491ms
[10.106s][info   ][gc,cpu         ] GC(38) User=0.98s Sys=0.00s Real=0.09s
[10.106s][debug  ][gc,heap        ] GC(38) Heap after GC invocations=39 (full 7):
[10.106s][debug  ][gc,heap        ] GC(38)  PSYoungGen      total 230400K, used 0K [0x00000000f0000000, 0x0000000100000000, 0x0000000100000000)
[10.106s][debug  ][gc,heap        ] GC(38)   eden space 198656K, 0% used [0x00000000f0000000,0x00000000f0000000,0x00000000fc200000)
[10.106s][debug  ][gc,heap        ] GC(38)   from space 31744K, 0% used [0x00000000fc200000,0x00000000fc200000,0x00000000fe100000)
[10.106s][debug  ][gc,heap        ] GC(38)   to   space 31744K, 0% used [0x00000000fe100000,0x00000000fe100000,0x0000000100000000)
[10.106s][debug  ][gc,heap        ] GC(38)  ParOldGen       total 1814016K, used 769636K [0x0000000080000000, 0x00000000eeb80000, 0x00000000f0000000)
[10.106s][debug  ][gc,heap        ] GC(38)   object space 1814016K, 42% used [0x0000000080000000,0x00000000aef99088,0x00000000eeb80000)
[10.106s][debug  ][gc,heap        ] GC(38)  Metaspace       used 1019K, committed 1152K, reserved 1056768K
[10.106s][debug  ][gc,heap        ] GC(38)   class space    used 83K, committed 192K, reserved 1048576K
[10.106s][debug  ][gc,task,time   ] GC(38) VM-Thread 100135354 100159329 101060715
[10.400s][debug  ][gc,heap        ] GC(39) Heap before GC invocations=40 (full 7):
[10.400s][debug  ][gc,heap        ] GC(39)  PSYoungGen      total 230400K, used 198435K [0x00000000f0000000, 0x0000000100000000, 0x0000000100000000)
[10.400s][debug  ][gc,heap        ] GC(39)   eden space 198656K, 99% used [0x00000000f0000000,0x00000000fc1c8ff8,0x00000000fc200000)
[10.400s][debug  ][gc,heap        ] GC(39)   from space 31744K, 0% used [0x00000000fc200000,0x00000000fc200000,0x00000000fe100000)
[10.400s][debug  ][gc,heap        ] GC(39)   to   space 31744K, 0% used [0x00000000fe100000,0x00000000fe100000,0x0000000100000000)
[10.400s][debug  ][gc,heap        ] GC(39)  ParOldGen       total 1814016K, used 769636K [0x0000000080000000, 0x00000000eeb80000, 0x00000000f0000000)
[10.400s][debug  ][gc,heap        ] GC(39)   object space 1814016K, 42% used [0x0000000080000000,0x00000000aef99088,0x00000000eeb80000)
[10.400s][debug  ][gc,heap        ] GC(39)  Metaspace       used 1019K, committed 1152K, reserved 1056768K
[10.400s][debug  ][gc,heap        ] GC(39)   class space    used 83K, committed 192K, reserved 1048576K
[10.400s][debug  ][gc,tlab        ] GC(39) TLAB totals: thrds: 1  refills: 1 max: 1 slow allocs: 18 max 18 waste: 27.5% gc: 3968712B max: 3968712B slow: 0B max: 0B
[10.400s][info   ][gc,start       ] GC(39) Pause Young (Allocation Failure)
[10.400s][debug  ][gc,phases,start] GC(39) Scavenge
[10.413s][debug  ][gc,phases      ] GC(39) Scavenge 13.385ms
[10.413s][debug  ][gc,phases,start] GC(39) Reference Processing
[10.414s][debug  ][gc,ref         ] GC(39) Skipped phase 1 of Reference Processing: no references
[10.414s][debug  ][gc,ref         ] GC(39) Skipped phase 2 of Reference Processing: no references
[10.414s][debug  ][gc,ref         ] GC(39) Skipped phase 3 of Reference Processing: no references
[10.414s][debug  ][gc,ref         ] GC(39) Skipped phase 4 of Reference Processing: no references
[10.414s][debug  ][gc,phases,ref  ] GC(39) Reference Processing: 0.1ms
[10.414s][debug  ][gc,phases,ref  ] GC(39)   Reconsider SoftReferences: 0.0ms
[10.414s][debug  ][gc,phases,ref  ] GC(39)     SoftRef (ms):                  skipped
[10.414s][debug  ][gc,phases,ref  ] GC(39)   Notify Soft/WeakReferences: 0.0ms
[10.414s][debug  ][gc,phases,ref  ] GC(39)     SoftRef (ms):                  skipped
[10.414s][debug  ][gc,phases,ref  ] GC(39)     WeakRef (ms):                  skipped
[10.414s][debug  ][gc,phases,ref  ] GC(39)     FinalRef (ms):                 skipped
[10.414s][debug  ][gc,phases,ref  ] GC(39)     Total (ms):                    skipped
[10.414s][debug  ][gc,phases,ref  ] GC(39)   Notify and keep alive finalizable: 0.0ms
[10.414s][debug  ][gc,phases,ref  ] GC(39)     FinalRef (ms):                 skipped
[10.414s][debug  ][gc,phases,ref  ] GC(39)   Notify PhantomReferences: 0.0ms
[10.414s][debug  ][gc,phases,ref  ] GC(39)     PhantomRef (ms):               skipped
[10.414s][debug  ][gc,phases,ref  ] GC(39)   SoftReference:
[10.414s][debug  ][gc,phases,ref  ] GC(39)     Discovered: 0
[10.414s][debug  ][gc,phases,ref  ] GC(39)     Cleared: 0
[10.414s][debug  ][gc,phases,ref  ] GC(39)   WeakReference:
[10.414s][debug  ][gc,phases,ref  ] GC(39)     Discovered: 0
[10.414s][debug  ][gc,phases,ref  ] GC(39)     Cleared: 0
[10.414s][debug  ][gc,phases,ref  ] GC(39)   FinalReference:
[10.414s][debug  ][gc,phases,ref  ] GC(39)     Discovered: 0
[10.414s][debug  ][gc,phases,ref  ] GC(39)     Cleared: 0
[10.414s][debug  ][gc,phases,ref  ] GC(39)   PhantomReference:
[10.414s][debug  ][gc,phases,ref  ] GC(39)     Discovered: 0
[10.414s][debug  ][gc,phases,ref  ] GC(39)     Cleared: 0
[10.414s][debug  ][gc,phases      ] GC(39) Reference Processing 0.714ms
[10.414s][debug  ][gc,phases,start] GC(39) Weak Processing
[10.414s][debug  ][gc,phases      ] GC(39)   VM Weak                        Min:  0.0, Avg:  0.0, Max:  0.0, Diff:  0.0, Sum:  0.0, Workers: 6
[10.414s][debug  ][gc,phases      ] GC(39)     Dead                           Min: 0, Avg:  0.0, Max: 0, Diff: 0, Sum: 0, Workers: 6
[10.414s][debug  ][gc,phases      ] GC(39)     Total                          Min: 0, Avg:  1.3, Max: 8, Diff: 8, Sum: 8, Workers: 6
[10.414s][debug  ][gc,phases      ] GC(39)   ObjectSynchronizer Weak        Min:  0.0, Avg:  0.0, Max:  0.0, Diff:  0.0, Sum:  0.0, Workers: 6
[10.414s][debug  ][gc,phases      ] GC(39)     Dead                           Min: 0, Avg:  0.0, Max: 0, Diff: 0, Sum: 0, Workers: 6
[10.414s][debug  ][gc,phases      ] GC(39)     Total                          Min: 0, Avg:  0.5, Max: 3, Diff: 3, Sum: 3, Workers: 6
[10.414s][debug  ][gc,phases      ] GC(39)   JVMTI Tag Weak OopStorage      Min:  0.0, Avg:  0.0, Max:  0.0, Diff:  0.0, Sum:  0.0, Workers: 6
[10.414s][debug  ][gc,phases      ] GC(39)     Dead                           Min: 0, Avg:  0.0, Max: 0, Diff: 0, Sum: 0, Workers: 6
[10.414s][debug  ][gc,phases      ] GC(39)     Total                          Min: 0, Avg:  0.0, Max: 0, Diff: 0, Sum: 0, Workers: 6
[10.415s][debug  ][gc,phases      ] GC(39)   StringTable Weak               Min:  0.0, Avg:  0.0, Max:  0.0, Diff:  0.0, Sum:  0.0, Workers: 6
[10.415s][debug  ][gc,phases      ] GC(39)     Dead                           Min: 0, Avg:  0.0, Max: 0, Diff: 0, Sum: 0, Workers: 6
[10.415s][debug  ][gc,phases      ] GC(39)     Total                          Min: 704, Avg: 892.3, Max: 1088, Diff: 384, Sum: 5354, Workers: 6
[10.415s][debug  ][gc,phases      ] GC(39)   ResolvedMethodTable Weak       Min:  0.0, Avg:  0.0, Max:  0.0, Diff:  0.0, Sum:  0.0, Workers: 6
[10.415s][debug  ][gc,phases      ] GC(39)     Dead                           Min: 0, Avg:  0.0, Max: 0, Diff: 0, Sum: 0, Workers: 6
[10.415s][debug  ][gc,phases      ] GC(39)     Total                          Min: 0, Avg: 21.7, Max: 64, Diff: 64, Sum: 130, Workers: 6
[10.415s][debug  ][gc,phases      ] GC(39)   JNI Weak                       Min:  0.0, Avg:  0.0, Max:  0.0, Diff:  0.0, Sum:  0.0, Workers: 6
[10.415s][debug  ][gc,phases      ] GC(39)     Dead                           Min: 0, Avg:  0.0, Max: 0, Diff: 0, Sum: 0, Workers: 6
[10.415s][debug  ][gc,phases      ] GC(39)     Total                          Min: 0, Avg:  0.0, Max: 0, Diff: 0, Sum: 0, Workers: 6
[10.415s][debug  ][gc,phases      ] GC(39)   StringDedup Table Weak         Min:  0.0, Avg:  0.0, Max:  0.0, Diff:  0.0, Sum:  0.0, Workers: 6
[10.415s][debug  ][gc,phases      ] GC(39)     Dead                           Min: 0, Avg:  0.0, Max: 0, Diff: 0, Sum: 0, Workers: 6
[10.415s][debug  ][gc,phases      ] GC(39)     Total                          Min: 0, Avg:  0.0, Max: 0, Diff: 0, Sum: 0, Workers: 6
[10.415s][debug  ][gc,phases      ] GC(39)   StringDedup Requests0 Weak     Min:  0.0, Avg:  0.0, Max:  0.0, Diff:  0.0, Sum:  0.0, Workers: 6
[10.415s][debug  ][gc,phases      ] GC(39)     Dead                           Min: 0, Avg:  0.0, Max: 0, Diff: 0, Sum: 0, Workers: 6
[10.415s][debug  ][gc,phases      ] GC(39)     Total                          Min: 0, Avg:  0.0, Max: 0, Diff: 0, Sum: 0, Workers: 6
[10.415s][debug  ][gc,phases      ] GC(39)   StringDedup Requests1 Weak     Min:  0.0, Avg:  0.0, Max:  0.0, Diff:  0.0, Sum:  0.0, Workers: 6
[10.415s][debug  ][gc,phases      ] GC(39)     Dead                           Min: 0, Avg:  0.0, Max: 0, Diff: 0, Sum: 0, Workers: 6
[10.415s][debug  ][gc,phases      ] GC(39)     Total                          Min: 0, Avg:  0.0, Max: 0, Diff: 0, Sum: 0, Workers: 6
[10.415s][debug  ][gc,phases      ] GC(39)   Weak JFR Old Object Samples    Min:  0.0, Avg:  0.0, Max:  0.0, Diff:  0.0, Sum:  0.0, Workers: 6
[10.415s][debug  ][gc,phases      ] GC(39)     Dead                           Min: 0, Avg:  0.0, Max: 0, Diff: 0, Sum: 0, Workers: 6
[10.415s][debug  ][gc,phases      ] GC(39)     Total                          Min: 0, Avg:  0.0, Max: 0, Diff: 0, Sum: 0, Workers: 6
[10.415s][debug  ][gc,phases      ] GC(39) Weak Processing 0.814ms
[10.415s][debug  ][gc,ergo        ] GC(39) AdaptiveSizeStart:  collection: 40 
[10.415s][debug  ][gc,ergo        ] GC(39) avg_survived_padded_avg: 32281088.000000
[10.415s][debug  ][gc,ergo        ] GC(39) avg_promoted_padded_avg: 240365376.000000  avg_pretenured_padded_avg: 0.000000  tenuring_thresh: 1  target_size: 32505856
[10.415s][debug  ][gc,age         ] GC(39) Desired survivor size 32505856 bytes, new threshold 1 (max threshold 15)
[10.415s][debug  ][gc,ergo        ] GC(39) PSAdaptiveSizePolicy::compute_eden_space_size limits: desired_eden_size: 235166822 old_eden_size: 203423744 eden_limit: 203423744 cur_eden: 203423744 max_eden_size: 203423744 avg_young_live: 25090028
[10.415s][debug  ][gc,ergo        ] GC(39) PSAdaptiveSizePolicy::compute_eden_space_size: costs minor_time: 0.051676 major_cost: 0.031115 mutator_cost: 0.917209 throughput_goal: 0.990000
[10.415s][debug  ][gc,ergo        ] GC(39) Live_space: 856360448 free_space: 1025507328
[10.415s][debug  ][gc,ergo        ] GC(39) Old eden_size: 203423744 desired_eden_size: 203423744
[10.415s][debug  ][gc,ergo        ] GC(39) AdaptiveSizeStop: collection: 40 
[10.415s][info   ][gc,heap        ] GC(39) PSYoungGen: 198435K(230400K)->30720K(230400K) Eden: 198435K(198656K)->0K(198656K) From: 0K(31744K)->30720K(31744K)
[10.415s][info   ][gc,heap        ] GC(39) ParOldGen: 769636K(1814016K)->933476K(1814016K)
[10.415s][info   ][gc,metaspace   ] GC(39) Metaspace: 1019K(1152K)->1019K(1152K) NonClass: 935K(960K)->935K(960K) Class: 83K(192K)->83K(192K)
[10.415s][info   ][gc             ] GC(39) Pause Young (Allocation Failure) 945M->941M(1996M) 15.429ms
[10.415s][info   ][gc,cpu         ] GC(39) User=0.17s Sys=0.00s Real=0.02s
[10.415s][debug  ][gc,heap        ] GC(39) Heap after GC invocations=40 (full 7):
[10.415s][debug  ][gc,heap        ] GC(39)  PSYoungGen      total 230400K, used 30720K [0x00000000f0000000, 0x0000000100000000, 0x0000000100000000)
[10.415s][debug  ][gc,heap        ] GC(39)   eden space 198656K, 0% used [0x00000000f0000000,0x00000000f0000000,0x00000000fc200000)
[10.416s][debug  ][gc,heap        ] GC(39)   from space 31744K, 96% used [0x00000000fe100000,0x00000000fff00030,0x0000000100000000)
[10.416s][debug  ][gc,heap        ] GC(39)   to   space 31744K, 0% used [0x00000000fc200000,0x00000000fc200000,0x00000000fe100000)
[10.416s][debug  ][gc,heap        ] GC(39)  ParOldGen       total 1814016K, used 933476K [0x0000000080000000, 0x00000000eeb80000, 0x00000000f0000000)
[10.416s][debug  ][gc,heap        ] GC(39)   object space 1814016K, 51% used [0x0000000080000000,0x00000000b8f99188,0x00000000eeb80000)
[10.416s][debug  ][gc,heap        ] GC(39)  Metaspace       used 1019K, committed 1152K, reserved 1056768K
[10.416s][debug  ][gc,heap        ] GC(39)   class space    used 83K, committed 192K, reserved 1048576K
[10.416s][debug  ][gc,task,time   ] GC(39) VM-Thread 103996366 104134799 104156454
[10.716s][debug  ][gc,heap        ] GC(40) Heap before GC invocations=41 (full 7):
[10.716s][debug  ][gc,heap        ] GC(40)  PSYoungGen      total 230400K, used 229091K [0x00000000f0000000, 0x0000000100000000, 0x0000000100000000)
[10.716s][debug  ][gc,heap        ] GC(40)   eden space 198656K, 99% used [0x00000000f0000000,0x00000000fc1b8cb0,0x00000000fc200000)
[10.716s][debug  ][gc,heap        ] GC(40)   from space 31744K, 96% used [0x00000000fe100000,0x00000000fff00030,0x0000000100000000)
[10.716s][debug  ][gc,heap        ] GC(40)   to   space 31744K, 0% used [0x00000000fc200000,0x00000000fc200000,0x00000000fe100000)
[10.716s][debug  ][gc,heap        ] GC(40)  ParOldGen       total 1814016K, used 933476K [0x0000000080000000, 0x00000000eeb80000, 0x00000000f0000000)
[10.716s][debug  ][gc,heap        ] GC(40)   object space 1814016K, 51% used [0x0000000080000000,0x00000000b8f99188,0x00000000eeb80000)
[10.716s][debug  ][gc,heap        ] GC(40)  Metaspace       used 1019K, committed 1152K, reserved 1056768K
[10.716s][debug  ][gc,heap        ] GC(40)   class space    used 83K, committed 192K, reserved 1048576K
[10.716s][debug  ][gc,tlab        ] GC(40) TLAB totals: thrds: 1  refills: 1 max: 1 slow allocs: 18 max 18 waste: 27.1% gc: 3901168B max: 3901168B slow: 0B max: 0B
[10.716s][info   ][gc,start       ] GC(40) Pause Young (Allocation Failure)
[10.716s][debug  ][gc,phases,start] GC(40) Scavenge
[10.725s][debug  ][gc,phases      ] GC(40) Scavenge 9.372ms
[10.726s][debug  ][gc,phases,start] GC(40) Reference Processing
[10.726s][debug  ][gc,ref         ] GC(40) Skipped phase 1 of Reference Processing: no references
[10.726s][debug  ][gc,ref         ] GC(40) Skipped phase 2 of Reference Processing: no references
[10.726s][debug  ][gc,ref         ] GC(40) Skipped phase 3 of Reference Processing: no references
[10.726s][debug  ][gc,ref         ] GC(40) Skipped phase 4 of Reference Processing: no references
[10.726s][debug  ][gc,phases,ref  ] GC(40) Reference Processing: 0.1ms
[10.726s][debug  ][gc,phases,ref  ] GC(40)   Reconsider SoftReferences: 0.0ms
[10.726s][debug  ][gc,phases,ref  ] GC(40)     SoftRef (ms):                  skipped
[10.726s][debug  ][gc,phases,ref  ] GC(40)   Notify Soft/WeakReferences: 0.0ms
[10.726s][debug  ][gc,phases,ref  ] GC(40)     SoftRef (ms):                  skipped
[10.726s][debug  ][gc,phases,ref  ] GC(40)     WeakRef (ms):                  skipped
[10.726s][debug  ][gc,phases,ref  ] GC(40)     FinalRef (ms):                 skipped
[10.726s][debug  ][gc,phases,ref  ] GC(40)     Total (ms):                    skipped
[10.726s][debug  ][gc,phases,ref  ] GC(40)   Notify and keep alive finalizable: 0.0ms
[10.726s][debug  ][gc,phases,ref  ] GC(40)     FinalRef (ms):                 skipped
[10.726s][debug  ][gc,phases,ref  ] GC(40)   Notify PhantomReferences: 0.0ms
[10.726s][debug  ][gc,phases,ref  ] GC(40)     PhantomRef (ms):               skipped
[10.726s][debug  ][gc,phases,ref  ] GC(40)   SoftReference:
[10.726s][debug  ][gc,phases,ref  ] GC(40)     Discovered: 0
[10.726s][debug  ][gc,phases,ref  ] GC(40)     Cleared: 0
[10.726s][debug  ][gc,phases,ref  ] GC(40)   WeakReference:
[10.726s][debug  ][gc,phases,ref  ] GC(40)     Discovered: 0
[10.726s][debug  ][gc,phases,ref  ] GC(40)     Cleared: 0
[10.726s][debug  ][gc,phases,ref  ] GC(40)   FinalReference:
[10.726s][debug  ][gc,phases,ref  ] GC(40)     Discovered: 0
[10.726s][debug  ][gc,phases,ref  ] GC(40)     Cleared: 0
[10.726s][debug  ][gc,phases,ref  ] GC(40)   PhantomReference:
[10.726s][debug  ][gc,phases,ref  ] GC(40)     Discovered: 0
[10.726s][debug  ][gc,phases,ref  ] GC(40)     Cleared: 0
[10.726s][debug  ][gc,phases      ] GC(40) Reference Processing 0.681ms
[10.726s][debug  ][gc,phases,start] GC(40) Weak Processing
[10.726s][debug  ][gc,phases      ] GC(40)   VM Weak                        Min:  0.0, Avg:  0.0, Max:  0.0, Diff:  0.0, Sum:  0.0, Workers: 6
[10.726s][debug  ][gc,phases      ] GC(40)     Dead                           Min: 0, Avg:  0.0, Max: 0, Diff: 0, Sum: 0, Workers: 6
[10.726s][debug  ][gc,phases      ] GC(40)     Total                          Min: 0, Avg:  1.3, Max: 8, Diff: 8, Sum: 8, Workers: 6
[10.726s][debug  ][gc,phases      ] GC(40)   ObjectSynchronizer Weak        Min:  0.0, Avg:  0.0, Max:  0.0, Diff:  0.0, Sum:  0.0, Workers: 6
[10.726s][debug  ][gc,phases      ] GC(40)     Dead                           Min: 0, Avg:  0.0, Max: 0, Diff: 0, Sum: 0, Workers: 6
[10.726s][debug  ][gc,phases      ] GC(40)     Total                          Min: 0, Avg:  0.5, Max: 3, Diff: 3, Sum: 3, Workers: 6
[10.726s][debug  ][gc,phases      ] GC(40)   JVMTI Tag Weak OopStorage      Min:  0.0, Avg:  0.0, Max:  0.0, Diff:  0.0, Sum:  0.0, Workers: 6
[10.727s][debug  ][gc,phases      ] GC(40)     Dead                           Min: 0, Avg:  0.0, Max: 0, Diff: 0, Sum: 0, Workers: 6
[10.727s][debug  ][gc,phases      ] GC(40)     Total                          Min: 0, Avg:  0.0, Max: 0, Diff: 0, Sum: 0, Workers: 6
[10.727s][debug  ][gc,phases      ] GC(40)   StringTable Weak               Min:  0.0, Avg:  0.0, Max:  0.0, Diff:  0.0, Sum:  0.0, Workers: 6
[10.727s][debug  ][gc,phases      ] GC(40)     Dead                           Min: 0, Avg:  0.0, Max: 0, Diff: 0, Sum: 0, Workers: 6
[10.727s][debug  ][gc,phases      ] GC(40)     Total                          Min: 704, Avg: 892.3, Max: 1024, Diff: 320, Sum: 5354, Workers: 6
[10.727s][debug  ][gc,phases      ] GC(40)   ResolvedMethodTable Weak       Min:  0.0, Avg:  0.0, Max:  0.0, Diff:  0.0, Sum:  0.0, Workers: 6
[10.727s][debug  ][gc,phases      ] GC(40)     Dead                           Min: 0, Avg:  0.0, Max: 0, Diff: 0, Sum: 0, Workers: 6
[10.727s][debug  ][gc,phases      ] GC(40)     Total                          Min: 0, Avg: 21.7, Max: 64, Diff: 64, Sum: 130, Workers: 6
[10.727s][debug  ][gc,phases      ] GC(40)   JNI Weak                       Min:  0.0, Avg:  0.0, Max:  0.0, Diff:  0.0, Sum:  0.0, Workers: 6
[10.727s][debug  ][gc,phases      ] GC(40)     Dead                           Min: 0, Avg:  0.0, Max: 0, Diff: 0, Sum: 0, Workers: 6
[10.727s][debug  ][gc,phases      ] GC(40)     Total                          Min: 0, Avg:  0.0, Max: 0, Diff: 0, Sum: 0, Workers: 6
[10.727s][debug  ][gc,phases      ] GC(40)   StringDedup Table Weak         Min:  0.0, Avg:  0.0, Max:  0.0, Diff:  0.0, Sum:  0.0, Workers: 6
[10.727s][debug  ][gc,phases      ] GC(40)     Dead                           Min: 0, Avg:  0.0, Max: 0, Diff: 0, Sum: 0, Workers: 6
[10.727s][debug  ][gc,phases      ] GC(40)     Total                          Min: 0, Avg:  0.0, Max: 0, Diff: 0, Sum: 0, Workers: 6
[10.727s][debug  ][gc,phases      ] GC(40)   StringDedup Requests0 Weak     Min:  0.0, Avg:  0.0, Max:  0.0, Diff:  0.0, Sum:  0.0, Workers: 6
[10.727s][debug  ][gc,phases      ] GC(40)     Dead                           Min: 0, Avg:  0.0, Max: 0, Diff: 0, Sum: 0, Workers: 6
[10.727s][debug  ][gc,phases      ] GC(40)     Total                          Min: 0, Avg:  0.0, Max: 0, Diff: 0, Sum: 0, Workers: 6
[10.727s][debug  ][gc,phases      ] GC(40)   StringDedup Requests1 Weak     Min:  0.0, Avg:  0.0, Max:  0.0, Diff:  0.0, Sum:  0.0, Workers: 6
[10.727s][debug  ][gc,phases      ] GC(40)     Dead                           Min: 0, Avg:  0.0, Max: 0, Diff: 0, Sum: 0, Workers: 6
[10.727s][debug  ][gc,phases      ] GC(40)     Total                          Min: 0, Avg:  0.0, Max: 0, Diff: 0, Sum: 0, Workers: 6
[10.727s][debug  ][gc,phases      ] GC(40)   Weak JFR Old Object Samples    Min:  0.0, Avg:  0.0, Max:  0.0, Diff:  0.0, Sum:  0.0, Workers: 6
[10.727s][debug  ][gc,phases      ] GC(40)     Dead                           Min: 0, Avg:  0.0, Max: 0, Diff: 0, Sum: 0, Workers: 6
[10.727s][debug  ][gc,phases      ] GC(40)     Total                          Min: 0, Avg:  0.0, Max: 0, Diff: 0, Sum: 0, Workers: 6
[10.727s][debug  ][gc,phases      ] GC(40) Weak Processing 0.802ms
[10.727s][debug  ][gc,ergo        ] GC(40) AdaptiveSizeStart:  collection: 41 
[10.727s][debug  ][gc,ergo        ] GC(40) avg_survived_padded_avg: 32222830.000000
[10.727s][debug  ][gc,ergo        ] GC(40) avg_promoted_padded_avg: 242760992.000000  avg_pretenured_padded_avg: 0.000000  tenuring_thresh: 1  target_size: 32505856
[10.727s][debug  ][gc,age         ] GC(40) Desired survivor size 32505856 bytes, new threshold 1 (max threshold 15)
[10.727s][debug  ][gc,ergo        ] GC(40) PSAdaptiveSizePolicy::compute_eden_space_size limits: desired_eden_size: 234166922 old_eden_size: 203423744 eden_limit: 203423744 cur_eden: 203423744 max_eden_size: 203423744 avg_young_live: 25726758
[10.727s][debug  ][gc,ergo        ] GC(40) PSAdaptiveSizePolicy::compute_eden_space_size: costs minor_time: 0.047560 major_cost: 0.031115 mutator_cost: 0.921325 throughput_goal: 0.990000
[10.727s][debug  ][gc,ergo        ] GC(40) Live_space: 856997120 free_space: 1025507328
[10.727s][debug  ][gc,ergo        ] GC(40) Old eden_size: 203423744 desired_eden_size: 203423744
[10.727s][debug  ][gc,ergo        ] GC(40) AdaptiveSizeStop: collection: 41 
[10.727s][info   ][gc,heap        ] GC(40) PSYoungGen: 229091K(230400K)->30720K(230400K) Eden: 198371K(198656K)->0K(198656K) From: 30720K(31744K)->30720K(31744K)
[10.727s][info   ][gc,heap        ] GC(40) ParOldGen: 933476K(1814016K)->1035876K(1814016K)
[10.727s][info   ][gc,metaspace   ] GC(40) Metaspace: 1019K(1152K)->1019K(1152K) NonClass: 935K(960K)->935K(960K) Class: 83K(192K)->83K(192K)
[10.727s][info   ][gc             ] GC(40) Pause Young (Allocation Failure) 1135M->1041M(1996M) 11.351ms
[10.727s][info   ][gc,cpu         ] GC(40) User=0.19s Sys=0.00s Real=0.01s
[10.727s][debug  ][gc,heap        ] GC(40) Heap after GC invocations=41 (full 7):
[10.727s][debug  ][gc,heap        ] GC(40)  PSYoungGen      total 230400K, used 30720K [0x00000000f0000000, 0x0000000100000000, 0x0000000100000000)
[10.728s][debug  ][gc,heap        ] GC(40)   eden space 198656K, 0% used [0x00000000f0000000,0x00000000f0000000,0x00000000fc200000)
[10.728s][debug  ][gc,heap        ] GC(40)   from space 31744K, 96% used [0x00000000fc200000,0x00000000fe000030,0x00000000fe100000)
[10.728s][debug  ][gc,heap        ] GC(40)   to   space 31744K, 0% used [0x00000000fe100000,0x00000000fe100000,0x0000000100000000)
[10.728s][debug  ][gc,heap        ] GC(40)  ParOldGen       total 1814016K, used 1035876K [0x0000000080000000, 0x00000000eeb80000, 0x00000000f0000000)
[10.728s][debug  ][gc,heap        ] GC(40)   object space 1814016K, 57% used [0x0000000080000000,0x00000000bf399228,0x00000000eeb80000)
[10.728s][debug  ][gc,heap        ] GC(40)  Metaspace       used 1019K, committed 1152K, reserved 1056768K
[10.728s][debug  ][gc,heap        ] GC(40)   class space    used 83K, committed 192K, reserved 1048576K
[10.728s][debug  ][gc,task,time   ] GC(40) VM-Thread 107155289 107255478 107276897
[11.031s][debug  ][gc,heap        ] GC(41) Heap before GC invocations=42 (full 7):
[11.031s][debug  ][gc,heap        ] GC(41)  PSYoungGen      total 230400K, used 229121K [0x00000000f0000000, 0x0000000100000000, 0x0000000100000000)
[11.031s][debug  ][gc,heap        ] GC(41)   eden space 198656K, 99% used [0x00000000f0000000,0x00000000fc1c04f8,0x00000000fc200000)
[11.031s][debug  ][gc,heap        ] GC(41)   from space 31744K, 96% used [0x00000000fc200000,0x00000000fe000030,0x00000000fe100000)
[11.031s][debug  ][gc,heap        ] GC(41)   to   space 31744K, 0% used [0x00000000fe100000,0x00000000fe100000,0x0000000100000000)
[11.031s][debug  ][gc,heap        ] GC(41)  ParOldGen       total 1814016K, used 1035876K [0x0000000080000000, 0x00000000eeb80000, 0x00000000f0000000)
[11.031s][debug  ][gc,heap        ] GC(41)   object space 1814016K, 57% used [0x0000000080000000,0x00000000bf399228,0x00000000eeb80000)
[11.031s][debug  ][gc,heap        ] GC(41)  Metaspace       used 1019K, committed 1152K, reserved 1056768K
[11.031s][debug  ][gc,heap        ] GC(41)   class space    used 83K, committed 192K, reserved 1048576K
[11.031s][debug  ][gc,tlab        ] GC(41) TLAB totals: thrds: 1  refills: 1 max: 1 slow allocs: 18 max 18 waste: 27.3% gc: 3933128B max: 3933128B slow: 0B max: 0B
[11.031s][info   ][gc,start       ] GC(41) Pause Young (Allocation Failure)
[11.031s][debug  ][gc,phases,start] GC(41) Scavenge
[11.047s][debug  ][gc,phases      ] GC(41) Scavenge 15.493ms
[11.047s][debug  ][gc,phases,start] GC(41) Reference Processing
[11.047s][debug  ][gc,ref         ] GC(41) Skipped phase 1 of Reference Processing: no references
[11.047s][debug  ][gc,ref         ] GC(41) Skipped phase 2 of Reference Processing: no references
[11.047s][debug  ][gc,ref         ] GC(41) Skipped phase 3 of Reference Processing: no references
[11.047s][debug  ][gc,ref         ] GC(41) Skipped phase 4 of Reference Processing: no references
[11.047s][debug  ][gc,phases,ref  ] GC(41) Reference Processing: 0.1ms
[11.047s][debug  ][gc,phases,ref  ] GC(41)   Reconsider SoftReferences: 0.0ms
[11.047s][debug  ][gc,phases,ref  ] GC(41)     SoftRef (ms):                  skipped
[11.047s][debug  ][gc,phases,ref  ] GC(41)   Notify Soft/WeakReferences: 0.0ms
[11.047s][debug  ][gc,phases,ref  ] GC(41)     SoftRef (ms):                  skipped
[11.047s][debug  ][gc,phases,ref  ] GC(41)     WeakRef (ms):                  skipped
[11.047s][debug  ][gc,phases,ref  ] GC(41)     FinalRef (ms):                 skipped
[11.047s][debug  ][gc,phases,ref  ] GC(41)     Total (ms):                    skipped
[11.047s][debug  ][gc,phases,ref  ] GC(41)   Notify and keep alive finalizable: 0.0ms
[11.047s][debug  ][gc,phases,ref  ] GC(41)     FinalRef (ms):                 skipped
[11.047s][debug  ][gc,phases,ref  ] GC(41)   Notify PhantomReferences: 0.0ms
[11.047s][debug  ][gc,phases,ref  ] GC(41)     PhantomRef (ms):               skipped
[11.047s][debug  ][gc,phases,ref  ] GC(41)   SoftReference:
[11.047s][debug  ][gc,phases,ref  ] GC(41)     Discovered: 0
[11.047s][debug  ][gc,phases,ref  ] GC(41)     Cleared: 0
[11.047s][debug  ][gc,phases,ref  ] GC(41)   WeakReference:
[11.047s][debug  ][gc,phases,ref  ] GC(41)     Discovered: 0
[11.047s][debug  ][gc,phases,ref  ] GC(41)     Cleared: 0
[11.047s][debug  ][gc,phases,ref  ] GC(41)   FinalReference:
[11.047s][debug  ][gc,phases,ref  ] GC(41)     Discovered: 0
[11.047s][debug  ][gc,phases,ref  ] GC(41)     Cleared: 0
[11.047s][debug  ][gc,phases,ref  ] GC(41)   PhantomReference:
[11.047s][debug  ][gc,phases,ref  ] GC(41)     Discovered: 0
[11.047s][debug  ][gc,phases,ref  ] GC(41)     Cleared: 0
[11.047s][debug  ][gc,phases      ] GC(41) Reference Processing 0.572ms
[11.048s][debug  ][gc,phases,start] GC(41) Weak Processing
[11.048s][debug  ][gc,phases      ] GC(41)   VM Weak                        Min:  0.0, Avg:  0.0, Max:  0.0, Diff:  0.0, Sum:  0.0, Workers: 6
[11.048s][debug  ][gc,phases      ] GC(41)     Dead                           Min: 0, Avg:  0.0, Max: 0, Diff: 0, Sum: 0, Workers: 6
[11.048s][debug  ][gc,phases      ] GC(41)     Total                          Min: 0, Avg:  1.3, Max: 8, Diff: 8, Sum: 8, Workers: 6
[11.048s][debug  ][gc,phases      ] GC(41)   ObjectSynchronizer Weak        Min:  0.0, Avg:  0.0, Max:  0.0, Diff:  0.0, Sum:  0.0, Workers: 6
[11.048s][debug  ][gc,phases      ] GC(41)     Dead                           Min: 0, Avg:  0.0, Max: 0, Diff: 0, Sum: 0, Workers: 6
[11.048s][debug  ][gc,phases      ] GC(41)     Total                          Min: 0, Avg:  0.5, Max: 3, Diff: 3, Sum: 3, Workers: 6
[11.048s][debug  ][gc,phases      ] GC(41)   JVMTI Tag Weak OopStorage      Min:  0.0, Avg:  0.0, Max:  0.0, Diff:  0.0, Sum:  0.0, Workers: 6
[11.048s][debug  ][gc,phases      ] GC(41)     Dead                           Min: 0, Avg:  0.0, Max: 0, Diff: 0, Sum: 0, Workers: 6
[11.048s][debug  ][gc,phases      ] GC(41)     Total                          Min: 0, Avg:  0.0, Max: 0, Diff: 0, Sum: 0, Workers: 6
[11.048s][debug  ][gc,phases      ] GC(41)   StringTable Weak               Min:  0.0, Avg:  0.0, Max:  0.0, Diff:  0.0, Sum:  0.0, Workers: 6
[11.048s][debug  ][gc,phases      ] GC(41)     Dead                           Min: 0, Avg:  0.0, Max: 0, Diff: 0, Sum: 0, Workers: 6
[11.048s][debug  ][gc,phases      ] GC(41)     Total                          Min: 768, Avg: 892.3, Max: 1088, Diff: 320, Sum: 5354, Workers: 6
[11.048s][debug  ][gc,phases      ] GC(41)   ResolvedMethodTable Weak       Min:  0.0, Avg:  0.0, Max:  0.0, Diff:  0.0, Sum:  0.0, Workers: 6
[11.048s][debug  ][gc,phases      ] GC(41)     Dead                           Min: 0, Avg:  0.0, Max: 0, Diff: 0, Sum: 0, Workers: 6
[11.048s][debug  ][gc,phases      ] GC(41)     Total                          Min: 0, Avg: 21.7, Max: 64, Diff: 64, Sum: 130, Workers: 6
[11.048s][debug  ][gc,phases      ] GC(41)   JNI Weak                       Min:  0.0, Avg:  0.0, Max:  0.0, Diff:  0.0, Sum:  0.0, Workers: 6
[11.048s][debug  ][gc,phases      ] GC(41)     Dead                           Min: 0, Avg:  0.0, Max: 0, Diff: 0, Sum: 0, Workers: 6
[11.048s][debug  ][gc,phases      ] GC(41)     Total                          Min: 0, Avg:  0.0, Max: 0, Diff: 0, Sum: 0, Workers: 6
[11.048s][debug  ][gc,phases      ] GC(41)   StringDedup Table Weak         Min:  0.0, Avg:  0.0, Max:  0.0, Diff:  0.0, Sum:  0.0, Workers: 6
[11.048s][debug  ][gc,phases      ] GC(41)     Dead                           Min: 0, Avg:  0.0, Max: 0, Diff: 0, Sum: 0, Workers: 6
[11.048s][debug  ][gc,phases      ] GC(41)     Total                          Min: 0, Avg:  0.0, Max: 0, Diff: 0, Sum: 0, Workers: 6
[11.048s][debug  ][gc,phases      ] GC(41)   StringDedup Requests0 Weak     Min:  0.0, Avg:  0.0, Max:  0.0, Diff:  0.0, Sum:  0.0, Workers: 6
[11.048s][debug  ][gc,phases      ] GC(41)     Dead                           Min: 0, Avg:  0.0, Max: 0, Diff: 0, Sum: 0, Workers: 6
[11.048s][debug  ][gc,phases      ] GC(41)     Total                          Min: 0, Avg:  0.0, Max: 0, Diff: 0, Sum: 0, Workers: 6
[11.048s][debug  ][gc,phases      ] GC(41)   StringDedup Requests1 Weak     Min:  0.0, Avg:  0.0, Max:  0.0, Diff:  0.0, Sum:  0.0, Workers: 6
[11.048s][debug  ][gc,phases      ] GC(41)     Dead                           Min: 0, Avg:  0.0, Max: 0, Diff: 0, Sum: 0, Workers: 6
[11.048s][debug  ][gc,phases      ] GC(41)     Total                          Min: 0, Avg:  0.0, Max: 0, Diff: 0, Sum: 0, Workers: 6
[11.048s][debug  ][gc,phases      ] GC(41)   Weak JFR Old Object Samples    Min:  0.0, Avg:  0.0, Max:  0.0, Diff:  0.0, Sum:  0.0, Workers: 6
[11.048s][debug  ][gc,phases      ] GC(41)     Dead                           Min: 0, Avg:  0.0, Max: 0, Diff: 0, Sum: 0, Workers: 6
[11.048s][debug  ][gc,phases      ] GC(41)     Total                          Min: 0, Avg:  0.0, Max: 0, Diff: 0, Sum: 0, Workers: 6
[11.048s][debug  ][gc,phases      ] GC(41) Weak Processing 0.735ms
[11.048s][debug  ][gc,ergo        ] GC(41) AdaptiveSizeStart:  collection: 42 
[11.048s][debug  ][gc,ergo        ] GC(41) avg_survived_padded_avg: 32167984.000000
[11.048s][debug  ][gc,ergo        ] GC(41) avg_promoted_padded_avg: 249536544.000000  avg_pretenured_padded_avg: 0.000000  tenuring_thresh: 1  target_size: 32505856
[11.048s][debug  ][gc,age         ] GC(41) Desired survivor size 32505856 bytes, new threshold 1 (max threshold 15)
[11.048s][debug  ][gc,ergo        ] GC(41) PSAdaptiveSizePolicy::compute_eden_space_size limits: desired_eden_size: 234488059 old_eden_size: 203423744 eden_limit: 203423744 cur_eden: 203423744 max_eden_size: 203423744 avg_young_live: 26299814
[11.048s][debug  ][gc,ergo        ] GC(41) PSAdaptiveSizePolicy::compute_eden_space_size: costs minor_time: 0.048837 major_cost: 0.031115 mutator_cost: 0.920048 throughput_goal: 0.990000
[11.048s][debug  ][gc,ergo        ] GC(41) Live_space: 857570176 free_space: 1025507328
[11.048s][debug  ][gc,ergo        ] GC(41) Old eden_size: 203423744 desired_eden_size: 203423744
[11.048s][debug  ][gc,ergo        ] GC(41) AdaptiveSizeStop: collection: 42 
[11.048s][info   ][gc,heap        ] GC(41) PSYoungGen: 229121K(230400K)->30720K(230400K) Eden: 198401K(198656K)->0K(198656K) From: 30720K(31744K)->30720K(31744K)
[11.048s][info   ][gc,heap        ] GC(41) ParOldGen: 1035876K(1814016K)->1230436K(1814016K)
[11.049s][info   ][gc,metaspace   ] GC(41) Metaspace: 1019K(1152K)->1019K(1152K) NonClass: 935K(960K)->935K(960K) Class: 83K(192K)->83K(192K)
[11.049s][info   ][gc             ] GC(41) Pause Young (Allocation Failure) 1235M->1231M(1996M) 17.343ms
[11.049s][info   ][gc,cpu         ] GC(41) User=0.19s Sys=0.00s Real=0.02s
[11.049s][debug  ][gc,heap        ] GC(41) Heap after GC invocations=42 (full 7):
[11.049s][debug  ][gc,heap        ] GC(41)  PSYoungGen      total 230400K, used 30720K [0x00000000f0000000, 0x0000000100000000, 0x0000000100000000)
[11.049s][debug  ][gc,heap        ] GC(41)   eden space 198656K, 0% used [0x00000000f0000000,0x00000000f0000000,0x00000000fc200000)
[11.049s][debug  ][gc,heap        ] GC(41)   from space 31744K, 96% used [0x00000000fe100000,0x00000000fff00030,0x0000000100000000)
[11.049s][debug  ][gc,heap        ] GC(41)   to   space 31744K, 0% used [0x00000000fc200000,0x00000000fc200000,0x00000000fe100000)
[11.049s][debug  ][gc,heap        ] GC(41)  ParOldGen       total 1814016K, used 1230436K [0x0000000080000000, 0x00000000eeb80000, 0x00000000f0000000)
[11.049s][debug  ][gc,heap        ] GC(41)   object space 1814016K, 67% used [0x0000000080000000,0x00000000cb199358,0x00000000eeb80000)
[11.049s][debug  ][gc,heap        ] GC(41)  Metaspace       used 1019K, committed 1152K, reserved 1056768K
[11.049s][debug  ][gc,heap        ] GC(41)   class space    used 83K, committed 192K, reserved 1048576K
[11.049s][debug  ][gc,task,time   ] GC(41) VM-Thread 110308126 110469181 110488102
[11.350s][debug  ][gc,heap        ] GC(42) Heap before GC invocations=43 (full 7):
[11.350s][debug  ][gc,heap        ] GC(42)  PSYoungGen      total 230400K, used 229140K [0x00000000f0000000, 0x0000000100000000, 0x0000000100000000)
[11.350s][debug  ][gc,heap        ] GC(42)   eden space 198656K, 99% used [0x00000000f0000000,0x00000000fc1c5258,0x00000000fc200000)
[11.351s][debug  ][gc,heap        ] GC(42)   from space 31744K, 96% used [0x00000000fe100000,0x00000000fff00030,0x0000000100000000)
[11.351s][debug  ][gc,heap        ] GC(42)   to   space 31744K, 0% used [0x00000000fc200000,0x00000000fc200000,0x00000000fe100000)
[11.351s][debug  ][gc,heap        ] GC(42)  ParOldGen       total 1814016K, used 1230436K [0x0000000080000000, 0x00000000eeb80000, 0x00000000f0000000)
[11.351s][debug  ][gc,heap        ] GC(42)   object space 1814016K, 67% used [0x0000000080000000,0x00000000cb199358,0x00000000eeb80000)
[11.351s][debug  ][gc,heap        ] GC(42)  Metaspace       used 1019K, committed 1152K, reserved 1056768K
[11.351s][debug  ][gc,heap        ] GC(42)   class space    used 83K, committed 192K, reserved 1048576K
[11.351s][debug  ][gc,tlab        ] GC(42) TLAB totals: thrds: 1  refills: 1 max: 1 slow allocs: 18 max 18 waste: 27.4% gc: 3952936B max: 3952936B slow: 0B max: 0B
[11.351s][info   ][gc,start       ] GC(42) Pause Young (Allocation Failure)
[11.351s][debug  ][gc,phases,start] GC(42) Scavenge
[11.367s][debug  ][gc,phases      ] GC(42) Scavenge 16.081ms
[11.367s][debug  ][gc,phases,start] GC(42) Reference Processing
[11.367s][debug  ][gc,ref         ] GC(42) Skipped phase 1 of Reference Processing: no references
[11.367s][debug  ][gc,ref         ] GC(42) Skipped phase 2 of Reference Processing: no references
[11.367s][debug  ][gc,ref         ] GC(42) Skipped phase 3 of Reference Processing: no references
[11.367s][debug  ][gc,ref         ] GC(42) Skipped phase 4 of Reference Processing: no references
[11.367s][debug  ][gc,phases,ref  ] GC(42) Reference Processing: 0.1ms
[11.367s][debug  ][gc,phases,ref  ] GC(42)   Reconsider SoftReferences: 0.0ms
[11.367s][debug  ][gc,phases,ref  ] GC(42)     SoftRef (ms):                  skipped
[11.367s][debug  ][gc,phases,ref  ] GC(42)   Notify Soft/WeakReferences: 0.0ms
[11.367s][debug  ][gc,phases,ref  ] GC(42)     SoftRef (ms):                  skipped
[11.367s][debug  ][gc,phases,ref  ] GC(42)     WeakRef (ms):                  skipped
[11.367s][debug  ][gc,phases,ref  ] GC(42)     FinalRef (ms):                 skipped
[11.367s][debug  ][gc,phases,ref  ] GC(42)     Total (ms):                    skipped
[11.367s][debug  ][gc,phases,ref  ] GC(42)   Notify and keep alive finalizable: 0.0ms
[11.367s][debug  ][gc,phases,ref  ] GC(42)     FinalRef (ms):                 skipped
[11.367s][debug  ][gc,phases,ref  ] GC(42)   Notify PhantomReferences: 0.0ms
[11.367s][debug  ][gc,phases,ref  ] GC(42)     PhantomRef (ms):               skipped
[11.367s][debug  ][gc,phases,ref  ] GC(42)   SoftReference:
[11.367s][debug  ][gc,phases,ref  ] GC(42)     Discovered: 0
[11.367s][debug  ][gc,phases,ref  ] GC(42)     Cleared: 0
[11.367s][debug  ][gc,phases,ref  ] GC(42)   WeakReference:
[11.367s][debug  ][gc,phases,ref  ] GC(42)     Discovered: 0
[11.367s][debug  ][gc,phases,ref  ] GC(42)     Cleared: 0
[11.367s][debug  ][gc,phases,ref  ] GC(42)   FinalReference:
[11.367s][debug  ][gc,phases,ref  ] GC(42)     Discovered: 0
[11.367s][debug  ][gc,phases,ref  ] GC(42)     Cleared: 0
[11.367s][debug  ][gc,phases,ref  ] GC(42)   PhantomReference:
[11.367s][debug  ][gc,phases,ref  ] GC(42)     Discovered: 0
[11.368s][debug  ][gc,phases,ref  ] GC(42)     Cleared: 0
[11.368s][debug  ][gc,phases      ] GC(42) Reference Processing 0.610ms
[11.368s][debug  ][gc,phases,start] GC(42) Weak Processing
[11.368s][debug  ][gc,phases      ] GC(42)   VM Weak                        Min:  0.0, Avg:  0.0, Max:  0.0, Diff:  0.0, Sum:  0.0, Workers: 6
[11.368s][debug  ][gc,phases      ] GC(42)     Dead                           Min: 0, Avg:  0.0, Max: 0, Diff: 0, Sum: 0, Workers: 6
[11.368s][debug  ][gc,phases      ] GC(42)     Total                          Min: 0, Avg:  1.3, Max: 8, Diff: 8, Sum: 8, Workers: 6
[11.368s][debug  ][gc,phases      ] GC(42)   ObjectSynchronizer Weak        Min:  0.0, Avg:  0.0, Max:  0.0, Diff:  0.0, Sum:  0.0, Workers: 6
[11.368s][debug  ][gc,phases      ] GC(42)     Dead                           Min: 0, Avg:  0.0, Max: 0, Diff: 0, Sum: 0, Workers: 6
[11.368s][debug  ][gc,phases      ] GC(42)     Total                          Min: 0, Avg:  0.5, Max: 3, Diff: 3, Sum: 3, Workers: 6
[11.368s][debug  ][gc,phases      ] GC(42)   JVMTI Tag Weak OopStorage      Min:  0.0, Avg:  0.0, Max:  0.0, Diff:  0.0, Sum:  0.0, Workers: 6
[11.368s][debug  ][gc,phases      ] GC(42)     Dead                           Min: 0, Avg:  0.0, Max: 0, Diff: 0, Sum: 0, Workers: 6
[11.368s][debug  ][gc,phases      ] GC(42)     Total                          Min: 0, Avg:  0.0, Max: 0, Diff: 0, Sum: 0, Workers: 6
[11.368s][debug  ][gc,phases      ] GC(42)   StringTable Weak               Min:  0.0, Avg:  0.0, Max:  0.0, Diff:  0.0, Sum:  0.0, Workers: 6
[11.368s][debug  ][gc,phases      ] GC(42)     Dead                           Min: 0, Avg:  0.0, Max: 0, Diff: 0, Sum: 0, Workers: 6
[11.368s][debug  ][gc,phases      ] GC(42)     Total                          Min: 768, Avg: 892.3, Max: 1216, Diff: 448, Sum: 5354, Workers: 6
[11.368s][debug  ][gc,phases      ] GC(42)   ResolvedMethodTable Weak       Min:  0.0, Avg:  0.0, Max:  0.0, Diff:  0.0, Sum:  0.0, Workers: 6
[11.368s][debug  ][gc,phases      ] GC(42)     Dead                           Min: 0, Avg:  0.0, Max: 0, Diff: 0, Sum: 0, Workers: 6
[11.368s][debug  ][gc,phases      ] GC(42)     Total                          Min: 0, Avg: 21.7, Max: 64, Diff: 64, Sum: 130, Workers: 6
[11.368s][debug  ][gc,phases      ] GC(42)   JNI Weak                       Min:  0.0, Avg:  0.0, Max:  0.0, Diff:  0.0, Sum:  0.0, Workers: 6
[11.368s][debug  ][gc,phases      ] GC(42)     Dead                           Min: 0, Avg:  0.0, Max: 0, Diff: 0, Sum: 0, Workers: 6
[11.368s][debug  ][gc,phases      ] GC(42)     Total                          Min: 0, Avg:  0.0, Max: 0, Diff: 0, Sum: 0, Workers: 6
[11.368s][debug  ][gc,phases      ] GC(42)   StringDedup Table Weak         Min:  0.0, Avg:  0.0, Max:  0.0, Diff:  0.0, Sum:  0.0, Workers: 6
[11.368s][debug  ][gc,phases      ] GC(42)     Dead                           Min: 0, Avg:  0.0, Max: 0, Diff: 0, Sum: 0, Workers: 6
[11.368s][debug  ][gc,phases      ] GC(42)     Total                          Min: 0, Avg:  0.0, Max: 0, Diff: 0, Sum: 0, Workers: 6
[11.368s][debug  ][gc,phases      ] GC(42)   StringDedup Requests0 Weak     Min:  0.0, Avg:  0.0, Max:  0.0, Diff:  0.0, Sum:  0.0, Workers: 6
[11.368s][debug  ][gc,phases      ] GC(42)     Dead                           Min: 0, Avg:  0.0, Max: 0, Diff: 0, Sum: 0, Workers: 6
[11.368s][debug  ][gc,phases      ] GC(42)     Total                          Min: 0, Avg:  0.0, Max: 0, Diff: 0, Sum: 0, Workers: 6
[11.368s][debug  ][gc,phases      ] GC(42)   StringDedup Requests1 Weak     Min:  0.0, Avg:  0.0, Max:  0.0, Diff:  0.0, Sum:  0.0, Workers: 6
[11.368s][debug  ][gc,phases      ] GC(42)     Dead                           Min: 0, Avg:  0.0, Max: 0, Diff: 0, Sum: 0, Workers: 6
[11.368s][debug  ][gc,phases      ] GC(42)     Total                          Min: 0, Avg:  0.0, Max: 0, Diff: 0, Sum: 0, Workers: 6
[11.368s][debug  ][gc,phases      ] GC(42)   Weak JFR Old Object Samples    Min:  0.0, Avg:  0.0, Max:  0.0, Diff:  0.0, Sum:  0.0, Workers: 6
[11.368s][debug  ][gc,phases      ] GC(42)     Dead                           Min: 0, Avg:  0.0, Max: 0, Diff: 0, Sum: 0, Workers: 6
[11.368s][debug  ][gc,phases      ] GC(42)     Total                          Min: 0, Avg:  0.0, Max: 0, Diff: 0, Sum: 0, Workers: 6
[11.368s][debug  ][gc,phases      ] GC(42) Weak Processing 0.709ms
[11.368s][debug  ][gc,ergo        ] GC(42) AdaptiveSizeStart:  collection: 43 
[11.368s][debug  ][gc,ergo        ] GC(42) avg_survived_padded_avg: 32116452.000000
[11.368s][debug  ][gc,ergo        ] GC(42) avg_promoted_padded_avg: 254521680.000000  avg_pretenured_padded_avg: 0.000000  tenuring_thresh: 1  target_size: 32505856
[11.368s][debug  ][gc,age         ] GC(42) Desired survivor size 32505856 bytes, new threshold 1 (max threshold 15)
[11.368s][debug  ][gc,ergo        ] GC(42) PSAdaptiveSizePolicy::compute_eden_space_size limits: desired_eden_size: 234846631 old_eden_size: 203423744 eden_limit: 203423744 cur_eden: 203423744 max_eden_size: 203423744 avg_young_live: 26815564
[11.368s][debug  ][gc,ergo        ] GC(42) PSAdaptiveSizePolicy::compute_eden_space_size: costs minor_time: 0.050312 major_cost: 0.031115 mutator_cost: 0.918573 throughput_goal: 0.990000
[11.368s][debug  ][gc,ergo        ] GC(42) Live_space: 858085952 free_space: 1025507328
[11.368s][debug  ][gc,ergo        ] GC(42) Old eden_size: 203423744 desired_eden_size: 203423744
[11.368s][debug  ][gc,ergo        ] GC(42) AdaptiveSizeStop: collection: 43 
[11.368s][info   ][gc,heap        ] GC(42) PSYoungGen: 229140K(230400K)->30720K(230400K) Eden: 198420K(198656K)->0K(198656K) From: 30720K(31744K)->30720K(31744K)
[11.369s][info   ][gc,heap        ] GC(42) ParOldGen: 1230436K(1814016K)->1424997K(1814016K)
[11.369s][info   ][gc,metaspace   ] GC(42) Metaspace: 1019K(1152K)->1019K(1152K) NonClass: 935K(960K)->935K(960K) Class: 83K(192K)->83K(192K)
[11.369s][info   ][gc             ] GC(42) Pause Young (Allocation Failure) 1425M->1421M(1996M) 17.824ms
[11.369s][info   ][gc,cpu         ] GC(42) User=0.19s Sys=0.00s Real=0.02s
[11.369s][debug  ][gc,heap        ] GC(42) Heap after GC invocations=43 (full 7):
[11.369s][debug  ][gc,heap        ] GC(42)  PSYoungGen      total 230400K, used 30720K [0x00000000f0000000, 0x0000000100000000, 0x0000000100000000)
[11.369s][debug  ][gc,heap        ] GC(42)   eden space 198656K, 0% used [0x00000000f0000000,0x00000000f0000000,0x00000000fc200000)
[11.369s][debug  ][gc,heap        ] GC(42)   from space 31744K, 96% used [0x00000000fc200000,0x00000000fe000030,0x00000000fe100000)
[11.369s][debug  ][gc,heap        ] GC(42)   to   space 31744K, 0% used [0x00000000fe100000,0x00000000fe100000,0x0000000100000000)
[11.369s][debug  ][gc,heap        ] GC(42)  ParOldGen       total 1814016K, used 1424997K [0x0000000080000000, 0x00000000eeb80000, 0x00000000f0000000)
[11.369s][debug  ][gc,heap        ] GC(42)   object space 1814016K, 78% used [0x0000000080000000,0x00000000d6f99488,0x00000000eeb80000)
[11.369s][debug  ][gc,heap        ] GC(42)  Metaspace       used 1019K, committed 1152K, reserved 1056768K
[11.369s][debug  ][gc,heap        ] GC(42)   class space    used 83K, committed 192K, reserved 1048576K
[11.369s][debug  ][gc,task,time   ] GC(42) VM-Thread 113502536 113669263 113687960
[11.666s][debug  ][gc,heap        ] GC(43) Heap before GC invocations=44 (full 7):
[11.666s][debug  ][gc,heap        ] GC(43)  PSYoungGen      total 230400K, used 229153K [0x00000000f0000000, 0x0000000100000000, 0x0000000100000000)
[11.666s][debug  ][gc,heap        ] GC(43)   eden space 198656K, 99% used [0x00000000f0000000,0x00000000fc1c8418,0x00000000fc200000)
[11.666s][debug  ][gc,heap        ] GC(43)   from space 31744K, 96% used [0x00000000fc200000,0x00000000fe000030,0x00000000fe100000)
[11.666s][debug  ][gc,heap        ] GC(43)   to   space 31744K, 0% used [0x00000000fe100000,0x00000000fe100000,0x0000000100000000)
[11.666s][debug  ][gc,heap        ] GC(43)  ParOldGen       total 1814016K, used 1424997K [0x0000000080000000, 0x00000000eeb80000, 0x00000000f0000000)
[11.666s][debug  ][gc,heap        ] GC(43)   object space 1814016K, 78% used [0x0000000080000000,0x00000000d6f99488,0x00000000eeb80000)
[11.666s][debug  ][gc,heap        ] GC(43)  Metaspace       used 1019K, committed 1152K, reserved 1056768K
[11.666s][debug  ][gc,heap        ] GC(43)   class space    used 83K, committed 192K, reserved 1048576K
[11.666s][debug  ][gc,tlab        ] GC(43) TLAB totals: thrds: 1  refills: 1 max: 1 slow allocs: 18 max 18 waste: 27.4% gc: 3965672B max: 3965672B slow: 0B max: 0B
[11.666s][info   ][gc,start       ] GC(43) Pause Young (Allocation Failure)
[11.667s][debug  ][gc,phases,start] GC(43) Scavenge
[11.684s][debug  ][gc,phases      ] GC(43) Scavenge 17.694ms
[11.684s][debug  ][gc,phases,start] GC(43) Reference Processing
[11.684s][debug  ][gc,ref         ] GC(43) Skipped phase 1 of Reference Processing: no references
[11.684s][debug  ][gc,ref         ] GC(43) Skipped phase 2 of Reference Processing: no references
[11.684s][debug  ][gc,ref         ] GC(43) Skipped phase 3 of Reference Processing: no references
[11.684s][debug  ][gc,ref         ] GC(43) Skipped phase 4 of Reference Processing: no references
[11.684s][debug  ][gc,phases,ref  ] GC(43) Reference Processing: 0.1ms
[11.684s][debug  ][gc,phases,ref  ] GC(43)   Reconsider SoftReferences: 0.0ms
[11.684s][debug  ][gc,phases,ref  ] GC(43)     SoftRef (ms):                  skipped
[11.685s][debug  ][gc,phases,ref  ] GC(43)   Notify Soft/WeakReferences: 0.0ms
[11.685s][debug  ][gc,phases,ref  ] GC(43)     SoftRef (ms):                  skipped
[11.685s][debug  ][gc,phases,ref  ] GC(43)     WeakRef (ms):                  skipped
[11.685s][debug  ][gc,phases,ref  ] GC(43)     FinalRef (ms):                 skipped
[11.685s][debug  ][gc,phases,ref  ] GC(43)     Total (ms):                    skipped
[11.685s][debug  ][gc,phases,ref  ] GC(43)   Notify and keep alive finalizable: 0.0ms
[11.685s][debug  ][gc,phases,ref  ] GC(43)     FinalRef (ms):                 skipped
[11.685s][debug  ][gc,phases,ref  ] GC(43)   Notify PhantomReferences: 0.0ms
[11.685s][debug  ][gc,phases,ref  ] GC(43)     PhantomRef (ms):               skipped
[11.685s][debug  ][gc,phases,ref  ] GC(43)   SoftReference:
[11.685s][debug  ][gc,phases,ref  ] GC(43)     Discovered: 0
[11.685s][debug  ][gc,phases,ref  ] GC(43)     Cleared: 0
[11.685s][debug  ][gc,phases,ref  ] GC(43)   WeakReference:
[11.685s][debug  ][gc,phases,ref  ] GC(43)     Discovered: 0
[11.685s][debug  ][gc,phases,ref  ] GC(43)     Cleared: 0
[11.685s][debug  ][gc,phases,ref  ] GC(43)   FinalReference:
[11.685s][debug  ][gc,phases,ref  ] GC(43)     Discovered: 0
[11.685s][debug  ][gc,phases,ref  ] GC(43)     Cleared: 0
[11.685s][debug  ][gc,phases,ref  ] GC(43)   PhantomReference:
[11.685s][debug  ][gc,phases,ref  ] GC(43)     Discovered: 0
[11.685s][debug  ][gc,phases,ref  ] GC(43)     Cleared: 0
[11.685s][debug  ][gc,phases      ] GC(43) Reference Processing 0.674ms
[11.685s][debug  ][gc,phases,start] GC(43) Weak Processing
[11.685s][debug  ][gc,phases      ] GC(43)   VM Weak                        Min:  0.0, Avg:  0.0, Max:  0.0, Diff:  0.0, Sum:  0.0, Workers: 6
[11.685s][debug  ][gc,phases      ] GC(43)     Dead                           Min: 0, Avg:  0.0, Max: 0, Diff: 0, Sum: 0, Workers: 6
[11.685s][debug  ][gc,phases      ] GC(43)     Total                          Min: 0, Avg:  1.3, Max: 8, Diff: 8, Sum: 8, Workers: 6
[11.685s][debug  ][gc,phases      ] GC(43)   ObjectSynchronizer Weak        Min:  0.0, Avg:  0.0, Max:  0.0, Diff:  0.0, Sum:  0.0, Workers: 6
[11.685s][debug  ][gc,phases      ] GC(43)     Dead                           Min: 0, Avg:  0.0, Max: 0, Diff: 0, Sum: 0, Workers: 6
[11.685s][debug  ][gc,phases      ] GC(43)     Total                          Min: 0, Avg:  0.5, Max: 3, Diff: 3, Sum: 3, Workers: 6
[11.685s][debug  ][gc,phases      ] GC(43)   JVMTI Tag Weak OopStorage      Min:  0.0, Avg:  0.0, Max:  0.0, Diff:  0.0, Sum:  0.0, Workers: 6
[11.685s][debug  ][gc,phases      ] GC(43)     Dead                           Min: 0, Avg:  0.0, Max: 0, Diff: 0, Sum: 0, Workers: 6
[11.685s][debug  ][gc,phases      ] GC(43)     Total                          Min: 0, Avg:  0.0, Max: 0, Diff: 0, Sum: 0, Workers: 6
[11.685s][debug  ][gc,phases      ] GC(43)   StringTable Weak               Min:  0.0, Avg:  0.0, Max:  0.0, Diff:  0.0, Sum:  0.0, Workers: 6
[11.685s][debug  ][gc,phases      ] GC(43)     Dead                           Min: 0, Avg:  0.0, Max: 0, Diff: 0, Sum: 0, Workers: 6
[11.685s][debug  ][gc,phases      ] GC(43)     Total                          Min: 703, Avg: 892.3, Max: 960, Diff: 257, Sum: 5354, Workers: 6
[11.685s][debug  ][gc,phases      ] GC(43)   ResolvedMethodTable Weak       Min:  0.0, Avg:  0.0, Max:  0.0, Diff:  0.0, Sum:  0.0, Workers: 6
[11.685s][debug  ][gc,phases      ] GC(43)     Dead                           Min: 0, Avg:  0.0, Max: 0, Diff: 0, Sum: 0, Workers: 6
[11.685s][debug  ][gc,phases      ] GC(43)     Total                          Min: 0, Avg: 21.7, Max: 64, Diff: 64, Sum: 130, Workers: 6
[11.685s][debug  ][gc,phases      ] GC(43)   JNI Weak                       Min:  0.0, Avg:  0.0, Max:  0.0, Diff:  0.0, Sum:  0.0, Workers: 6
[11.685s][debug  ][gc,phases      ] GC(43)     Dead                           Min: 0, Avg:  0.0, Max: 0, Diff: 0, Sum: 0, Workers: 6
[11.685s][debug  ][gc,phases      ] GC(43)     Total                          Min: 0, Avg:  0.0, Max: 0, Diff: 0, Sum: 0, Workers: 6
[11.685s][debug  ][gc,phases      ] GC(43)   StringDedup Table Weak         Min:  0.0, Avg:  0.0, Max:  0.0, Diff:  0.0, Sum:  0.0, Workers: 6
[11.685s][debug  ][gc,phases      ] GC(43)     Dead                           Min: 0, Avg:  0.0, Max: 0, Diff: 0, Sum: 0, Workers: 6
[11.685s][debug  ][gc,phases      ] GC(43)     Total                          Min: 0, Avg:  0.0, Max: 0, Diff: 0, Sum: 0, Workers: 6
[11.685s][debug  ][gc,phases      ] GC(43)   StringDedup Requests0 Weak     Min:  0.0, Avg:  0.0, Max:  0.0, Diff:  0.0, Sum:  0.0, Workers: 6
[11.685s][debug  ][gc,phases      ] GC(43)     Dead                           Min: 0, Avg:  0.0, Max: 0, Diff: 0, Sum: 0, Workers: 6
[11.686s][debug  ][gc,phases      ] GC(43)     Total                          Min: 0, Avg:  0.0, Max: 0, Diff: 0, Sum: 0, Workers: 6
[11.686s][debug  ][gc,phases      ] GC(43)   StringDedup Requests1 Weak     Min:  0.0, Avg:  0.0, Max:  0.0, Diff:  0.0, Sum:  0.0, Workers: 6
[11.686s][debug  ][gc,phases      ] GC(43)     Dead                           Min: 0, Avg:  0.0, Max: 0, Diff: 0, Sum: 0, Workers: 6
[11.686s][debug  ][gc,phases      ] GC(43)     Total                          Min: 0, Avg:  0.0, Max: 0, Diff: 0, Sum: 0, Workers: 6
[11.686s][debug  ][gc,phases      ] GC(43)   Weak JFR Old Object Samples    Min:  0.0, Avg:  0.0, Max:  0.0, Diff:  0.0, Sum:  0.0, Workers: 6
[11.686s][debug  ][gc,phases      ] GC(43)     Dead                           Min: 0, Avg:  0.0, Max: 0, Diff: 0, Sum: 0, Workers: 6
[11.686s][debug  ][gc,phases      ] GC(43)     Total                          Min: 0, Avg:  0.0, Max: 0, Diff: 0, Sum: 0, Workers: 6
[11.686s][debug  ][gc,phases      ] GC(43) Weak Processing 0.670ms
[11.686s][debug  ][gc,ergo        ] GC(43) AdaptiveSizeStart:  collection: 44 
[11.686s][debug  ][gc,ergo        ] GC(43) avg_survived_padded_avg: 32068120.000000
[11.686s][debug  ][gc,ergo        ] GC(43) avg_promoted_padded_avg: 258006720.000000  avg_pretenured_padded_avg: 0.000000  tenuring_thresh: 1  target_size: 32505856
[11.686s][debug  ][gc,age         ] GC(43) Desired survivor size 32505856 bytes, new threshold 1 (max threshold 15)
[11.686s][debug  ][gc,ergo        ] GC(43) PSAdaptiveSizePolicy::compute_eden_space_size limits: desired_eden_size: 235426813 old_eden_size: 203423744 eden_limit: 203423744 cur_eden: 203423744 max_eden_size: 203423744 avg_young_live: 27279740
[11.686s][debug  ][gc,ergo        ] GC(43) PSAdaptiveSizePolicy::compute_eden_space_size: costs minor_time: 0.052818 major_cost: 0.031115 mutator_cost: 0.916067 throughput_goal: 0.990000
[11.686s][debug  ][gc,ergo        ] GC(43) Live_space: 858550144 free_space: 1025507328
[11.686s][debug  ][gc,ergo        ] GC(43) Old eden_size: 203423744 desired_eden_size: 203423744
[11.686s][debug  ][gc,ergo        ] GC(43) AdaptiveSizeStop: collection: 44 
[11.686s][info   ][gc,heap        ] GC(43) PSYoungGen: 229153K(230400K)->30720K(230400K) Eden: 198433K(198656K)->0K(198656K) From: 30720K(31744K)->30720K(31744K)
[11.686s][info   ][gc,heap        ] GC(43) ParOldGen: 1424997K(1814016K)->1619557K(1814016K)
[11.686s][info   ][gc,metaspace   ] GC(43) Metaspace: 1019K(1152K)->1019K(1152K) NonClass: 935K(960K)->935K(960K) Class: 83K(192K)->83K(192K)
[11.686s][info   ][gc             ] GC(43) Pause Young (Allocation Failure) 1615M->1611M(1996M) 19.477ms
[11.686s][info   ][gc,cpu         ] GC(43) User=0.19s Sys=0.00s Real=0.02s
[11.686s][debug  ][gc,heap        ] GC(43) Heap after GC invocations=44 (full 7):
[11.686s][debug  ][gc,heap        ] GC(43)  PSYoungGen      total 230400K, used 30720K [0x00000000f0000000, 0x0000000100000000, 0x0000000100000000)
[11.686s][debug  ][gc,heap        ] GC(43)   eden space 198656K, 0% used [0x00000000f0000000,0x00000000f0000000,0x00000000fc200000)
[11.686s][debug  ][gc,heap        ] GC(43)   from space 31744K, 96% used [0x00000000fe100000,0x00000000fff00030,0x0000000100000000)
[11.686s][debug  ][gc,heap        ] GC(43)   to   space 31744K, 0% used [0x00000000fc200000,0x00000000fc200000,0x00000000fe100000)
[11.686s][debug  ][gc,heap        ] GC(43)  ParOldGen       total 1814016K, used 1619557K [0x0000000080000000, 0x00000000eeb80000, 0x00000000f0000000)
[11.686s][debug  ][gc,heap        ] GC(43)   object space 1814016K, 89% used [0x0000000080000000,0x00000000e2d995b8,0x00000000eeb80000)
[11.686s][debug  ][gc,heap        ] GC(43)  Metaspace       used 1019K, committed 1152K, reserved 1056768K
[11.686s][debug  ][gc,heap        ] GC(43)   class space    used 83K, committed 192K, reserved 1048576K
[11.686s][debug  ][gc,task,time   ] GC(43) VM-Thread 116660536 116842908 116861921
[11.686s][debug  ][gc,phases,start] GC(44) Pre Compact
[11.686s][debug  ][gc,heap        ] GC(44) Heap before GC invocations=45 (full 8):
[11.686s][debug  ][gc,heap        ] GC(44)  PSYoungGen      total 230400K, used 30720K [0x00000000f0000000, 0x0000000100000000, 0x0000000100000000)
[11.686s][debug  ][gc,heap        ] GC(44)   eden space 198656K, 0% used [0x00000000f0000000,0x00000000f0000000,0x00000000fc200000)
[11.686s][debug  ][gc,heap        ] GC(44)   from space 31744K, 96% used [0x00000000fe100000,0x00000000fff00030,0x0000000100000000)
[11.686s][debug  ][gc,heap        ] GC(44)   to   space 31744K, 0% used [0x00000000fc200000,0x00000000fc200000,0x00000000fe100000)
[11.686s][debug  ][gc,heap        ] GC(44)  ParOldGen       total 1814016K, used 1619557K [0x0000000080000000, 0x00000000eeb80000, 0x00000000f0000000)
[11.686s][debug  ][gc,heap        ] GC(44)   object space 1814016K, 89% used [0x0000000080000000,0x00000000e2d995b8,0x00000000eeb80000)
[11.686s][debug  ][gc,heap        ] GC(44)  Metaspace       used 1019K, committed 1152K, reserved 1056768K
[11.686s][debug  ][gc,heap        ] GC(44)   class space    used 83K, committed 192K, reserved 1048576K
[11.686s][debug  ][gc,phases      ] GC(44) Pre Compact 0.202ms
[11.686s][info   ][gc,start       ] GC(44) Pause Full (Ergonomics)
[11.686s][info   ][gc,phases,start] GC(44) Marking Phase
[11.686s][debug  ][gc,phases,start] GC(44) Par Mark
[11.687s][debug  ][gc,phases      ] GC(44) Par Mark 0.524ms
[11.687s][debug  ][gc,phases,start] GC(44) Reference Processing
[11.687s][debug  ][gc,ref         ] GC(44) Skipped phase 1 of Reference Processing: no references
[11.687s][debug  ][gc,ref         ] GC(44) ReferenceProcessor::execute queues: 1, RefProcThreadModel::Single, marks_oops_alive: false
[11.687s][debug  ][gc,ref         ] GC(44) Skipped phase 3 of Reference Processing: no references
[11.687s][debug  ][gc,ref         ] GC(44) ReferenceProcessor::execute queues: 1, RefProcThreadModel::Single, marks_oops_alive: false
[11.687s][debug  ][gc,phases,ref  ] GC(44) Reference Processing: 0.1ms
[11.687s][debug  ][gc,phases,ref  ] GC(44)   Reconsider SoftReferences: 0.0ms
[11.687s][debug  ][gc,phases,ref  ] GC(44)     SoftRef (ms):                  skipped
[11.687s][debug  ][gc,phases,ref  ] GC(44)   Notify Soft/WeakReferences: 0.0ms
[11.687s][debug  ][gc,phases,ref  ] GC(44)     SoftRef (ms):                  Min:  0.0, Avg:  0.0, Max:  0.0, Diff:  0.0, Sum:  0.0, Workers: 12
[11.687s][debug  ][gc,phases,ref  ] GC(44)     WeakRef (ms):                  Min:  0.0, Avg:  0.0, Max:  0.0, Diff:  0.0, Sum:  0.0, Workers: 12
[11.687s][debug  ][gc,phases,ref  ] GC(44)     FinalRef (ms):                 Min:  0.0, Avg:  0.0, Max:  0.0, Diff:  0.0, Sum:  0.0, Workers: 12
[11.687s][debug  ][gc,phases,ref  ] GC(44)     Total (ms):                    Min:  0.0, Avg:  0.0, Max:  0.0, Diff:  0.0, Sum:  0.0, Workers: 12
[11.687s][debug  ][gc,phases,ref  ] GC(44)   Notify and keep alive finalizable: 0.0ms
[11.687s][debug  ][gc,phases,ref  ] GC(44)     FinalRef (ms):                 skipped
[11.687s][debug  ][gc,phases,ref  ] GC(44)   Notify PhantomReferences: 0.0ms
[11.687s][debug  ][gc,phases,ref  ] GC(44)     PhantomRef (ms):               Min:  0.0, Avg:  0.0, Max:  0.0, Diff:  0.0, Sum:  0.0, Workers: 12
[11.687s][debug  ][gc,phases,ref  ] GC(44)   SoftReference:
[11.687s][debug  ][gc,phases,ref  ] GC(44)     Discovered: 0
[11.687s][debug  ][gc,phases,ref  ] GC(44)     Cleared: 0
[11.687s][debug  ][gc,phases,ref  ] GC(44)   WeakReference:
[11.687s][debug  ][gc,phases,ref  ] GC(44)     Discovered: 69
[11.687s][debug  ][gc,phases,ref  ] GC(44)     Cleared: 69
[11.688s][debug  ][gc,phases,ref  ] GC(44)   FinalReference:
[11.688s][debug  ][gc,phases,ref  ] GC(44)     Discovered: 0
[11.688s][debug  ][gc,phases,ref  ] GC(44)     Cleared: 0
[11.688s][debug  ][gc,phases,ref  ] GC(44)   PhantomReference:
[11.688s][debug  ][gc,phases,ref  ] GC(44)     Discovered: 5
[11.688s][debug  ][gc,phases,ref  ] GC(44)     Cleared: 5
[11.688s][debug  ][gc,phases      ] GC(44) Reference Processing 0.586ms
[11.688s][debug  ][gc,phases,start] GC(44) Weak Processing
[11.688s][debug  ][gc,phases      ] GC(44)   VM Weak                        Min:  0.0, Avg:  0.0, Max:  0.0, Diff:  0.0, Sum:  0.0, Workers: 6
[11.688s][debug  ][gc,phases      ] GC(44)     Dead                           Min: 0, Avg:  0.0, Max: 0, Diff: 0, Sum: 0, Workers: 6
[11.688s][debug  ][gc,phases      ] GC(44)     Total                          Min: 0, Avg:  1.3, Max: 8, Diff: 8, Sum: 8, Workers: 6
[11.688s][debug  ][gc,phases      ] GC(44)   ObjectSynchronizer Weak        Min:  0.0, Avg:  0.0, Max:  0.0, Diff:  0.0, Sum:  0.0, Workers: 6
[11.688s][debug  ][gc,phases      ] GC(44)     Dead                           Min: 0, Avg:  0.0, Max: 0, Diff: 0, Sum: 0, Workers: 6
[11.688s][debug  ][gc,phases      ] GC(44)     Total                          Min: 0, Avg:  0.5, Max: 3, Diff: 3, Sum: 3, Workers: 6
[11.688s][debug  ][gc,phases      ] GC(44)   JVMTI Tag Weak OopStorage      Min:  0.0, Avg:  0.0, Max:  0.0, Diff:  0.0, Sum:  0.0, Workers: 6
[11.688s][debug  ][gc,phases      ] GC(44)     Dead                           Min: 0, Avg:  0.0, Max: 0, Diff: 0, Sum: 0, Workers: 6
[11.688s][debug  ][gc,phases      ] GC(44)     Total                          Min: 0, Avg:  0.0, Max: 0, Diff: 0, Sum: 0, Workers: 6
[11.688s][debug  ][gc,phases      ] GC(44)   StringTable Weak               Min:  0.0, Avg:  0.0, Max:  0.0, Diff:  0.0, Sum:  0.0, Workers: 6
[11.688s][debug  ][gc,phases      ] GC(44)     Dead                           Min: 0, Avg:  0.0, Max: 0, Diff: 0, Sum: 0, Workers: 6
[11.688s][debug  ][gc,phases      ] GC(44)     Total                          Min: 576, Avg: 892.3, Max: 1131, Diff: 555, Sum: 5354, Workers: 6
[11.688s][debug  ][gc,phases      ] GC(44)   ResolvedMethodTable Weak       Min:  0.0, Avg:  0.0, Max:  0.0, Diff:  0.0, Sum:  0.0, Workers: 6
[11.688s][debug  ][gc,phases      ] GC(44)     Dead                           Min: 0, Avg:  0.0, Max: 0, Diff: 0, Sum: 0, Workers: 6
[11.688s][debug  ][gc,phases      ] GC(44)     Total                          Min: 0, Avg: 21.7, Max: 64, Diff: 64, Sum: 130, Workers: 6
[11.688s][debug  ][gc,phases      ] GC(44)   JNI Weak                       Min:  0.0, Avg:  0.0, Max:  0.0, Diff:  0.0, Sum:  0.0, Workers: 6
[11.688s][debug  ][gc,phases      ] GC(44)     Dead                           Min: 0, Avg:  0.0, Max: 0, Diff: 0, Sum: 0, Workers: 6
[11.688s][debug  ][gc,phases      ] GC(44)     Total                          Min: 0, Avg:  0.0, Max: 0, Diff: 0, Sum: 0, Workers: 6
[11.688s][debug  ][gc,phases      ] GC(44)   StringDedup Table Weak         Min:  0.0, Avg:  0.0, Max:  0.0, Diff:  0.0, Sum:  0.0, Workers: 6
[11.688s][debug  ][gc,phases      ] GC(44)     Dead                           Min: 0, Avg:  0.0, Max: 0, Diff: 0, Sum: 0, Workers: 6
[11.688s][debug  ][gc,phases      ] GC(44)     Total                          Min: 0, Avg:  0.0, Max: 0, Diff: 0, Sum: 0, Workers: 6
[11.688s][debug  ][gc,phases      ] GC(44)   StringDedup Requests0 Weak     Min:  0.0, Avg:  0.0, Max:  0.0, Diff:  0.0, Sum:  0.0, Workers: 6
[11.688s][debug  ][gc,phases      ] GC(44)     Dead                           Min: 0, Avg:  0.0, Max: 0, Diff: 0, Sum: 0, Workers: 6
[11.688s][debug  ][gc,phases      ] GC(44)     Total                          Min: 0, Avg:  0.0, Max: 0, Diff: 0, Sum: 0, Workers: 6
[11.688s][debug  ][gc,phases      ] GC(44)   StringDedup Requests1 Weak     Min:  0.0, Avg:  0.0, Max:  0.0, Diff:  0.0, Sum:  0.0, Workers: 6
[11.688s][debug  ][gc,phases      ] GC(44)     Dead                           Min: 0, Avg:  0.0, Max: 0, Diff: 0, Sum: 0, Workers: 6
[11.688s][debug  ][gc,phases      ] GC(44)     Total                          Min: 0, Avg:  0.0, Max: 0, Diff: 0, Sum: 0, Workers: 6
[11.688s][debug  ][gc,phases      ] GC(44)   Weak JFR Old Object Samples    Min:  0.0, Avg:  0.0, Max:  0.0, Diff:  0.0, Sum:  0.0, Workers: 6
[11.688s][debug  ][gc,phases      ] GC(44)     Dead                           Min: 0, Avg:  0.0, Max: 0, Diff: 0, Sum: 0, Workers: 6
[11.688s][debug  ][gc,phases      ] GC(44)     Total                          Min: 0, Avg:  0.0, Max: 0, Diff: 0, Sum: 0, Workers: 6
[11.688s][debug  ][gc,phases      ] GC(44) Weak Processing 0.712ms
[11.688s][debug  ][gc,phases,start] GC(44) Class Unloading
[11.688s][debug  ][gc,phases,start] GC(44) ClassLoaderData
[11.688s][debug  ][gc,phases      ] GC(44) ClassLoaderData 0.019ms
[11.688s][debug  ][gc,phases,start] GC(44) Trigger cleanups
[11.688s][debug  ][gc,phases      ] GC(44) Trigger cleanups 0.019ms
[11.689s][debug  ][gc,phases      ] GC(44) Class Unloading 0.254ms
[11.689s][info   ][gc,phases      ] GC(44) Marking Phase 2.188ms
[11.689s][info   ][gc,phases,start] GC(44) Summary Phase
[11.689s][info   ][gc,phases      ] GC(44) Summary Phase 0.036ms
[11.689s][info   ][gc,phases,start] GC(44) Adjust Roots
[11.689s][info   ][gc,phases      ] GC(44) Adjust Roots 0.144ms
[11.689s][info   ][gc,phases,start] GC(44) Compaction Phase
[11.765s][info   ][gc,phases      ] GC(44) Compaction Phase 76.267ms
[11.765s][info   ][gc,phases,start] GC(44) Post Compact
[11.770s][info   ][gc,phases      ] GC(44) Post Compact 4.926ms
[11.770s][debug  ][gc,ergo        ] GC(44) AdaptiveSizeStart: collection: 45 
[11.770s][debug  ][gc,ergo        ] GC(44) PSAdaptiveSizePolicy::compute_eden_space_size limits: desired_eden_size: 233691384 old_eden_size: 203423744 eden_limit: 203423744 cur_eden: 203423744 max_eden_size: 203423744 avg_young_live: 24551768
[11.770s][debug  ][gc,ergo        ] GC(44) PSAdaptiveSizePolicy::compute_eden_space_size: costs minor_time: 0.052818 major_cost: 0.035927 mutator_cost: 0.911255 throughput_goal: 0.990000
[11.770s][debug  ][gc,ergo        ] GC(44) Live_space: 855822208 free_space: 1025507328
[11.770s][debug  ][gc,ergo        ] GC(44) Old eden_size: 203423744 desired_eden_size: 203423744
[11.770s][debug  ][gc,ergo        ] GC(44) PSAdaptiveSizePolicy::compute_old_gen_free_space: costs minor_time: 0.052818 major_cost: 0.035927  mutator_cost: 0.911255 throughput_goal: 0.990000
[11.770s][debug  ][gc,ergo        ] GC(44) Live_space: 876563456 free_space: 1025507328
[11.770s][debug  ][gc,ergo        ] GC(44) Old promo_size: 822083584 desired_promo_size: 922222592
[11.771s][debug  ][gc             ] GC(44) Expanding ParOldGen from 1814016K by 20992K to 1835008K
[11.771s][debug  ][gc,ergo        ] GC(44) AdaptiveSizeStop: collection: 45 
[11.771s][info   ][gc,heap        ] GC(44) PSYoungGen: 30720K(230400K)->0K(230400K) Eden: 0K(198656K)->0K(198656K) From: 30720K(31744K)->0K(31744K)
[11.771s][info   ][gc,heap        ] GC(44) ParOldGen: 1619557K(1814016K)->718436K(1835008K)
[11.771s][info   ][gc,metaspace   ] GC(44) Metaspace: 1019K(1152K)->1019K(1152K) NonClass: 935K(960K)->935K(960K) Class: 83K(192K)->83K(192K)
[11.771s][info   ][gc             ] GC(44) Pause Full (Ergonomics) 1611M->701M(2017M) 84.236ms
[11.771s][info   ][gc,cpu         ] GC(44) User=0.78s Sys=0.00s Real=0.08s
[11.771s][debug  ][gc,heap        ] GC(44) Heap after GC invocations=45 (full 8):
[11.771s][debug  ][gc,heap        ] GC(44)  PSYoungGen      total 230400K, used 0K [0x00000000f0000000, 0x0000000100000000, 0x0000000100000000)
[11.771s][debug  ][gc,heap        ] GC(44)   eden space 198656K, 0% used [0x00000000f0000000,0x00000000f0000000,0x00000000fc200000)
[11.771s][debug  ][gc,heap        ] GC(44)   from space 31744K, 0% used [0x00000000fc200000,0x00000000fc200000,0x00000000fe100000)
[11.771s][debug  ][gc,heap        ] GC(44)   to   space 31744K, 0% used [0x00000000fe100000,0x00000000fe100000,0x0000000100000000)
[11.771s][debug  ][gc,heap        ] GC(44)  ParOldGen       total 1835008K, used 718436K [0x0000000080000000, 0x00000000f0000000, 0x00000000f0000000)
[11.771s][debug  ][gc,heap        ] GC(44)   object space 1835008K, 39% used [0x0000000080000000,0x00000000abd99038,0x00000000f0000000)
[11.771s][debug  ][gc,heap        ] GC(44)  Metaspace       used 1019K, committed 1152K, reserved 1056768K
[11.771s][debug  ][gc,heap        ] GC(44)   class space    used 83K, committed 192K, reserved 1048576K
[11.771s][debug  ][gc,task,time   ] GC(44) VM-Thread 116864637 116889180 117707316
[12.080s][debug  ][gc,heap        ] GC(45) Heap before GC invocations=46 (full 8):
[12.080s][debug  ][gc,heap        ] GC(45)  PSYoungGen      total 230400K, used 198441K [0x00000000f0000000, 0x0000000100000000, 0x0000000100000000)
[12.081s][debug  ][gc,heap        ] GC(45)   eden space 198656K, 99% used [0x00000000f0000000,0x00000000fc1ca418,0x00000000fc200000)
[12.081s][debug  ][gc,heap        ] GC(45)   from space 31744K, 0% used [0x00000000fc200000,0x00000000fc200000,0x00000000fe100000)
[12.081s][debug  ][gc,heap        ] GC(45)   to   space 31744K, 0% used [0x00000000fe100000,0x00000000fe100000,0x0000000100000000)
[12.081s][debug  ][gc,heap        ] GC(45)  ParOldGen       total 1835008K, used 718436K [0x0000000080000000, 0x00000000f0000000, 0x00000000f0000000)
[12.081s][debug  ][gc,heap        ] GC(45)   object space 1835008K, 39% used [0x0000000080000000,0x00000000abd99038,0x00000000f0000000)
[12.081s][debug  ][gc,heap        ] GC(45)  Metaspace       used 1019K, committed 1152K, reserved 1056768K
[12.081s][debug  ][gc,heap        ] GC(45)   class space    used 83K, committed 192K, reserved 1048576K
[12.081s][debug  ][gc,tlab        ] GC(45) TLAB totals: thrds: 1  refills: 1 max: 1 slow allocs: 18 max 18 waste: 27.5% gc: 3973864B max: 3973864B slow: 0B max: 0B
[12.081s][info   ][gc,start       ] GC(45) Pause Young (Allocation Failure)
[12.081s][debug  ][gc,phases,start] GC(45) Scavenge
[12.094s][debug  ][gc,phases      ] GC(45) Scavenge 13.320ms
[12.094s][debug  ][gc,phases,start] GC(45) Reference Processing
[12.094s][debug  ][gc,ref         ] GC(45) Skipped phase 1 of Reference Processing: no references
[12.094s][debug  ][gc,ref         ] GC(45) Skipped phase 2 of Reference Processing: no references
[12.094s][debug  ][gc,ref         ] GC(45) Skipped phase 3 of Reference Processing: no references
[12.094s][debug  ][gc,ref         ] GC(45) Skipped phase 4 of Reference Processing: no references
[12.094s][debug  ][gc,phases,ref  ] GC(45) Reference Processing: 0.1ms
[12.094s][debug  ][gc,phases,ref  ] GC(45)   Reconsider SoftReferences: 0.0ms
[12.094s][debug  ][gc,phases,ref  ] GC(45)     SoftRef (ms):                  skipped
[12.094s][debug  ][gc,phases,ref  ] GC(45)   Notify Soft/WeakReferences: 0.0ms
[12.094s][debug  ][gc,phases,ref  ] GC(45)     SoftRef (ms):                  skipped
[12.094s][debug  ][gc,phases,ref  ] GC(45)     WeakRef (ms):                  skipped
[12.095s][debug  ][gc,phases,ref  ] GC(45)     FinalRef (ms):                 skipped
[12.095s][debug  ][gc,phases,ref  ] GC(45)     Total (ms):                    skipped
[12.095s][debug  ][gc,phases,ref  ] GC(45)   Notify and keep alive finalizable: 0.0ms
[12.095s][debug  ][gc,phases,ref  ] GC(45)     FinalRef (ms):                 skipped
[12.095s][debug  ][gc,phases,ref  ] GC(45)   Notify PhantomReferences: 0.0ms
[12.095s][debug  ][gc,phases,ref  ] GC(45)     PhantomRef (ms):               skipped
[12.095s][debug  ][gc,phases,ref  ] GC(45)   SoftReference:
[12.095s][debug  ][gc,phases,ref  ] GC(45)     Discovered: 0
[12.095s][debug  ][gc,phases,ref  ] GC(45)     Cleared: 0
[12.095s][debug  ][gc,phases,ref  ] GC(45)   WeakReference:
[12.095s][debug  ][gc,phases,ref  ] GC(45)     Discovered: 0
[12.095s][debug  ][gc,phases,ref  ] GC(45)     Cleared: 0
[12.095s][debug  ][gc,phases,ref  ] GC(45)   FinalReference:
[12.095s][debug  ][gc,phases,ref  ] GC(45)     Discovered: 0
[12.095s][debug  ][gc,phases,ref  ] GC(45)     Cleared: 0
[12.095s][debug  ][gc,phases,ref  ] GC(45)   PhantomReference:
[12.095s][debug  ][gc,phases,ref  ] GC(45)     Discovered: 0
[12.095s][debug  ][gc,phases,ref  ] GC(45)     Cleared: 0
[12.095s][debug  ][gc,phases      ] GC(45) Reference Processing 0.571ms
[12.095s][debug  ][gc,phases,start] GC(45) Weak Processing
[12.095s][debug  ][gc,phases      ] GC(45)   VM Weak                        Min:  0.0, Avg:  0.0, Max:  0.0, Diff:  0.0, Sum:  0.0, Workers: 6
[12.095s][debug  ][gc,phases      ] GC(45)     Dead                           Min: 0, Avg:  0.0, Max: 0, Diff: 0, Sum: 0, Workers: 6
[12.095s][debug  ][gc,phases      ] GC(45)     Total                          Min: 0, Avg:  1.3, Max: 8, Diff: 8, Sum: 8, Workers: 6
[12.095s][debug  ][gc,phases      ] GC(45)   ObjectSynchronizer Weak        Min:  0.0, Avg:  0.0, Max:  0.0, Diff:  0.0, Sum:  0.0, Workers: 6
[12.095s][debug  ][gc,phases      ] GC(45)     Dead                           Min: 0, Avg:  0.0, Max: 0, Diff: 0, Sum: 0, Workers: 6
[12.095s][debug  ][gc,phases      ] GC(45)     Total                          Min: 0, Avg:  0.5, Max: 3, Diff: 3, Sum: 3, Workers: 6
[12.095s][debug  ][gc,phases      ] GC(45)   JVMTI Tag Weak OopStorage      Min:  0.0, Avg:  0.0, Max:  0.0, Diff:  0.0, Sum:  0.0, Workers: 6
[12.095s][debug  ][gc,phases      ] GC(45)     Dead                           Min: 0, Avg:  0.0, Max: 0, Diff: 0, Sum: 0, Workers: 6
[12.095s][debug  ][gc,phases      ] GC(45)     Total                          Min: 0, Avg:  0.0, Max: 0, Diff: 0, Sum: 0, Workers: 6
[12.095s][debug  ][gc,phases      ] GC(45)   StringTable Weak               Min:  0.0, Avg:  0.0, Max:  0.0, Diff:  0.0, Sum:  0.1, Workers: 6
[12.095s][debug  ][gc,phases      ] GC(45)     Dead                           Min: 0, Avg:  0.0, Max: 0, Diff: 0, Sum: 0, Workers: 6
[12.095s][debug  ][gc,phases      ] GC(45)     Total                          Min: 704, Avg: 892.3, Max: 1088, Diff: 384, Sum: 5354, Workers: 6
[12.095s][debug  ][gc,phases      ] GC(45)   ResolvedMethodTable Weak       Min:  0.0, Avg:  0.0, Max:  0.0, Diff:  0.0, Sum:  0.0, Workers: 6
[12.095s][debug  ][gc,phases      ] GC(45)     Dead                           Min: 0, Avg:  0.0, Max: 0, Diff: 0, Sum: 0, Workers: 6
[12.095s][debug  ][gc,phases      ] GC(45)     Total                          Min: 0, Avg: 21.7, Max: 64, Diff: 64, Sum: 130, Workers: 6
[12.095s][debug  ][gc,phases      ] GC(45)   JNI Weak                       Min:  0.0, Avg:  0.0, Max:  0.0, Diff:  0.0, Sum:  0.0, Workers: 6
[12.095s][debug  ][gc,phases      ] GC(45)     Dead                           Min: 0, Avg:  0.0, Max: 0, Diff: 0, Sum: 0, Workers: 6
[12.095s][debug  ][gc,phases      ] GC(45)     Total                          Min: 0, Avg:  0.0, Max: 0, Diff: 0, Sum: 0, Workers: 6
[12.095s][debug  ][gc,phases      ] GC(45)   StringDedup Table Weak         Min:  0.0, Avg:  0.0, Max:  0.0, Diff:  0.0, Sum:  0.0, Workers: 6
[12.095s][debug  ][gc,phases      ] GC(45)     Dead                           Min: 0, Avg:  0.0, Max: 0, Diff: 0, Sum: 0, Workers: 6
[12.095s][debug  ][gc,phases      ] GC(45)     Total                          Min: 0, Avg:  0.0, Max: 0, Diff: 0, Sum: 0, Workers: 6
[12.095s][debug  ][gc,phases      ] GC(45)   StringDedup Requests0 Weak     Min:  0.0, Avg:  0.0, Max:  0.0, Diff:  0.0, Sum:  0.0, Workers: 6
[12.095s][debug  ][gc,phases      ] GC(45)     Dead                           Min: 0, Avg:  0.0, Max: 0, Diff: 0, Sum: 0, Workers: 6
[12.095s][debug  ][gc,phases      ] GC(45)     Total                          Min: 0, Avg:  0.0, Max: 0, Diff: 0, Sum: 0, Workers: 6
[12.095s][debug  ][gc,phases      ] GC(45)   StringDedup Requests1 Weak     Min:  0.0, Avg:  0.0, Max:  0.0, Diff:  0.0, Sum:  0.0, Workers: 6
[12.095s][debug  ][gc,phases      ] GC(45)     Dead                           Min: 0, Avg:  0.0, Max: 0, Diff: 0, Sum: 0, Workers: 6
[12.095s][debug  ][gc,phases      ] GC(45)     Total                          Min: 0, Avg:  0.0, Max: 0, Diff: 0, Sum: 0, Workers: 6
[12.095s][debug  ][gc,phases      ] GC(45)   Weak JFR Old Object Samples    Min:  0.0, Avg:  0.0, Max:  0.0, Diff:  0.0, Sum:  0.0, Workers: 6
[12.096s][debug  ][gc,phases      ] GC(45)     Dead                           Min: 0, Avg:  0.0, Max: 0, Diff: 0, Sum: 0, Workers: 6
[12.096s][debug  ][gc,phases      ] GC(45)     Total                          Min: 0, Avg:  0.0, Max: 0, Diff: 0, Sum: 0, Workers: 6
[12.096s][debug  ][gc,phases      ] GC(45) Weak Processing 0.684ms
[12.096s][debug  ][gc,ergo        ] GC(45) AdaptiveSizeStart:  collection: 46 
[12.096s][debug  ][gc,ergo        ] GC(45) avg_survived_padded_avg: 32022866.000000
[12.096s][debug  ][gc,ergo        ] GC(45) avg_promoted_padded_avg: 249363952.000000  avg_pretenured_padded_avg: 0.000000  tenuring_thresh: 1  target_size: 32505856
[12.096s][debug  ][gc,age         ] GC(45) Desired survivor size 32505856 bytes, new threshold 1 (max threshold 15)
[12.096s][debug  ][gc,ergo        ] GC(45) PSAdaptiveSizePolicy::compute_eden_space_size limits: desired_eden_size: 232655753 old_eden_size: 203423744 eden_limit: 203423744 cur_eden: 203423744 max_eden_size: 203423744 avg_young_live: 25242324
[12.096s][debug  ][gc,ergo        ] GC(45) PSAdaptiveSizePolicy::compute_eden_space_size: costs minor_time: 0.048568 major_cost: 0.035927 mutator_cost: 0.915505 throughput_goal: 0.990000
[12.096s][debug  ][gc,ergo        ] GC(45) Live_space: 877254016 free_space: 1125646336
[12.096s][debug  ][gc,ergo        ] GC(45) Old eden_size: 203423744 desired_eden_size: 203423744
[12.096s][debug  ][gc,ergo        ] GC(45) AdaptiveSizeStop: collection: 46 
[12.096s][info   ][gc,heap        ] GC(45) PSYoungGen: 198441K(230400K)->30720K(230400K) Eden: 198441K(198656K)->0K(198656K) From: 0K(31744K)->30720K(31744K)
[12.096s][info   ][gc,heap        ] GC(45) ParOldGen: 718436K(1835008K)->882276K(1835008K)
[12.096s][info   ][gc,metaspace   ] GC(45) Metaspace: 1019K(1152K)->1019K(1152K) NonClass: 935K(960K)->935K(960K) Class: 83K(192K)->83K(192K)
[12.096s][info   ][gc             ] GC(45) Pause Young (Allocation Failure) 895M->891M(2017M) 14.999ms
[12.096s][info   ][gc,cpu         ] GC(45) User=0.02s Sys=0.00s Real=0.02s
[12.096s][debug  ][gc,heap        ] GC(45) Heap after GC invocations=46 (full 8):
[12.096s][debug  ][gc,heap        ] GC(45)  PSYoungGen      total 230400K, used 30720K [0x00000000f0000000, 0x0000000100000000, 0x0000000100000000)
[12.096s][debug  ][gc,heap        ] GC(45)   eden space 198656K, 0% used [0x00000000f0000000,0x00000000f0000000,0x00000000fc200000)
[12.096s][debug  ][gc,heap        ] GC(45)   from space 31744K, 96% used [0x00000000fe100000,0x00000000fff00030,0x0000000100000000)
[12.096s][debug  ][gc,heap        ] GC(45)   to   space 31744K, 0% used [0x00000000fc200000,0x00000000fc200000,0x00000000fe100000)
[12.096s][debug  ][gc,heap        ] GC(45)  ParOldGen       total 1835008K, used 882276K [0x0000000080000000, 0x00000000f0000000, 0x00000000f0000000)
[12.096s][debug  ][gc,heap        ] GC(45)   object space 1835008K, 48% used [0x0000000080000000,0x00000000b5d99138,0x00000000f0000000)
[12.096s][debug  ][gc,heap        ] GC(45)  Metaspace       used 1019K, committed 1152K, reserved 1056768K
[12.096s][debug  ][gc,heap        ] GC(45)   class space    used 83K, committed 192K, reserved 1048576K
[12.096s][debug  ][gc,task,time   ] GC(45) VM-Thread 120803926 120942689 120960668
[12.398s][debug  ][gc,heap        ] GC(46) Heap before GC invocations=47 (full 8):
[12.398s][debug  ][gc,heap        ] GC(46)  PSYoungGen      total 230400K, used 229094K [0x00000000f0000000, 0x0000000100000000, 0x0000000100000000)
[12.398s][debug  ][gc,heap        ] GC(46)   eden space 198656K, 99% used [0x00000000f0000000,0x00000000fc1b99a0,0x00000000fc200000)
[12.398s][debug  ][gc,heap        ] GC(46)   from space 31744K, 96% used [0x00000000fe100000,0x00000000fff00030,0x0000000100000000)
[12.398s][debug  ][gc,heap        ] GC(46)   to   space 31744K, 0% used [0x00000000fc200000,0x00000000fc200000,0x00000000fe100000)
[12.398s][debug  ][gc,heap        ] GC(46)  ParOldGen       total 1835008K, used 882276K [0x0000000080000000, 0x00000000f0000000, 0x00000000f0000000)
[12.398s][debug  ][gc,heap        ] GC(46)   object space 1835008K, 48% used [0x0000000080000000,0x00000000b5d99138,0x00000000f0000000)
[12.398s][debug  ][gc,heap        ] GC(46)  Metaspace       used 1019K, committed 1152K, reserved 1056768K
[12.398s][debug  ][gc,heap        ] GC(46)   class space    used 83K, committed 192K, reserved 1048576K
[12.398s][debug  ][gc,tlab        ] GC(46) TLAB totals: thrds: 1  refills: 1 max: 1 slow allocs: 18 max 18 waste: 27.1% gc: 3904480B max: 3904480B slow: 0B max: 0B
[12.398s][info   ][gc,start       ] GC(46) Pause Young (Allocation Failure)
[12.398s][debug  ][gc,phases,start] GC(46) Scavenge
[12.404s][debug  ][gc,phases      ] GC(46) Scavenge 6.323ms
[12.404s][debug  ][gc,phases,start] GC(46) Reference Processing
[12.404s][debug  ][gc,ref         ] GC(46) Skipped phase 1 of Reference Processing: no references
[12.405s][debug  ][gc,ref         ] GC(46) Skipped phase 2 of Reference Processing: no references
[12.405s][debug  ][gc,ref         ] GC(46) Skipped phase 3 of Reference Processing: no references
[12.405s][debug  ][gc,ref         ] GC(46) Skipped phase 4 of Reference Processing: no references
[12.405s][debug  ][gc,phases,ref  ] GC(46) Reference Processing: 0.1ms
[12.405s][debug  ][gc,phases,ref  ] GC(46)   Reconsider SoftReferences: 0.0ms
[12.405s][debug  ][gc,phases,ref  ] GC(46)     SoftRef (ms):                  skipped
[12.405s][debug  ][gc,phases,ref  ] GC(46)   Notify Soft/WeakReferences: 0.0ms
[12.405s][debug  ][gc,phases,ref  ] GC(46)     SoftRef (ms):                  skipped
[12.405s][debug  ][gc,phases,ref  ] GC(46)     WeakRef (ms):                  skipped
[12.405s][debug  ][gc,phases,ref  ] GC(46)     FinalRef (ms):                 skipped
[12.405s][debug  ][gc,phases,ref  ] GC(46)     Total (ms):                    skipped
[12.405s][debug  ][gc,phases,ref  ] GC(46)   Notify and keep alive finalizable: 0.0ms
[12.405s][debug  ][gc,phases,ref  ] GC(46)     FinalRef (ms):                 skipped
[12.405s][debug  ][gc,phases,ref  ] GC(46)   Notify PhantomReferences: 0.0ms
[12.405s][debug  ][gc,phases,ref  ] GC(46)     PhantomRef (ms):               skipped
[12.405s][debug  ][gc,phases,ref  ] GC(46)   SoftReference:
[12.405s][debug  ][gc,phases,ref  ] GC(46)     Discovered: 0
[12.405s][debug  ][gc,phases,ref  ] GC(46)     Cleared: 0
[12.405s][debug  ][gc,phases,ref  ] GC(46)   WeakReference:
[12.405s][debug  ][gc,phases,ref  ] GC(46)     Discovered: 0
[12.405s][debug  ][gc,phases,ref  ] GC(46)     Cleared: 0
[12.405s][debug  ][gc,phases,ref  ] GC(46)   FinalReference:
[12.405s][debug  ][gc,phases,ref  ] GC(46)     Discovered: 0
[12.405s][debug  ][gc,phases,ref  ] GC(46)     Cleared: 0
[12.405s][debug  ][gc,phases,ref  ] GC(46)   PhantomReference:
[12.405s][debug  ][gc,phases,ref  ] GC(46)     Discovered: 0
[12.405s][debug  ][gc,phases,ref  ] GC(46)     Cleared: 0
[12.405s][debug  ][gc,phases      ] GC(46) Reference Processing 0.683ms
[12.405s][debug  ][gc,phases,start] GC(46) Weak Processing
[12.405s][debug  ][gc,phases      ] GC(46)   VM Weak                        Min:  0.0, Avg:  0.0, Max:  0.0, Diff:  0.0, Sum:  0.0, Workers: 6
[12.405s][debug  ][gc,phases      ] GC(46)     Dead                           Min: 0, Avg:  0.0, Max: 0, Diff: 0, Sum: 0, Workers: 6
[12.405s][debug  ][gc,phases      ] GC(46)     Total                          Min: 0, Avg:  1.3, Max: 8, Diff: 8, Sum: 8, Workers: 6
[12.405s][debug  ][gc,phases      ] GC(46)   ObjectSynchronizer Weak        Min:  0.0, Avg:  0.0, Max:  0.0, Diff:  0.0, Sum:  0.0, Workers: 6
[12.405s][debug  ][gc,phases      ] GC(46)     Dead                           Min: 0, Avg:  0.0, Max: 0, Diff: 0, Sum: 0, Workers: 6
[12.405s][debug  ][gc,phases      ] GC(46)     Total                          Min: 0, Avg:  0.5, Max: 3, Diff: 3, Sum: 3, Workers: 6
[12.405s][debug  ][gc,phases      ] GC(46)   JVMTI Tag Weak OopStorage      Min:  0.0, Avg:  0.0, Max:  0.0, Diff:  0.0, Sum:  0.0, Workers: 6
[12.405s][debug  ][gc,phases      ] GC(46)     Dead                           Min: 0, Avg:  0.0, Max: 0, Diff: 0, Sum: 0, Workers: 6
[12.405s][debug  ][gc,phases      ] GC(46)     Total                          Min: 0, Avg:  0.0, Max: 0, Diff: 0, Sum: 0, Workers: 6
[12.405s][debug  ][gc,phases      ] GC(46)   StringTable Weak               Min:  0.0, Avg:  0.0, Max:  0.0, Diff:  0.0, Sum:  0.0, Workers: 6
[12.405s][debug  ][gc,phases      ] GC(46)     Dead                           Min: 0, Avg:  0.0, Max: 0, Diff: 0, Sum: 0, Workers: 6
[12.405s][debug  ][gc,phases      ] GC(46)     Total                          Min: 619, Avg: 892.3, Max: 1152, Diff: 533, Sum: 5354, Workers: 6
[12.406s][debug  ][gc,phases      ] GC(46)   ResolvedMethodTable Weak       Min:  0.0, Avg:  0.0, Max:  0.0, Diff:  0.0, Sum:  0.0, Workers: 6
[12.406s][debug  ][gc,phases      ] GC(46)     Dead                           Min: 0, Avg:  0.0, Max: 0, Diff: 0, Sum: 0, Workers: 6
[12.406s][debug  ][gc,phases      ] GC(46)     Total                          Min: 0, Avg: 21.7, Max: 64, Diff: 64, Sum: 130, Workers: 6
[12.406s][debug  ][gc,phases      ] GC(46)   JNI Weak                       Min:  0.0, Avg:  0.0, Max:  0.0, Diff:  0.0, Sum:  0.0, Workers: 6
[12.406s][debug  ][gc,phases      ] GC(46)     Dead                           Min: 0, Avg:  0.0, Max: 0, Diff: 0, Sum: 0, Workers: 6
[12.406s][debug  ][gc,phases      ] GC(46)     Total                          Min: 0, Avg:  0.0, Max: 0, Diff: 0, Sum: 0, Workers: 6
[12.406s][debug  ][gc,phases      ] GC(46)   StringDedup Table Weak         Min:  0.0, Avg:  0.0, Max:  0.0, Diff:  0.0, Sum:  0.0, Workers: 6
[12.406s][debug  ][gc,phases      ] GC(46)     Dead                           Min: 0, Avg:  0.0, Max: 0, Diff: 0, Sum: 0, Workers: 6
[12.406s][debug  ][gc,phases      ] GC(46)     Total                          Min: 0, Avg:  0.0, Max: 0, Diff: 0, Sum: 0, Workers: 6
[12.406s][debug  ][gc,phases      ] GC(46)   StringDedup Requests0 Weak     Min:  0.0, Avg:  0.0, Max:  0.0, Diff:  0.0, Sum:  0.0, Workers: 6
[12.406s][debug  ][gc,phases      ] GC(46)     Dead                           Min: 0, Avg:  0.0, Max: 0, Diff: 0, Sum: 0, Workers: 6
[12.406s][debug  ][gc,phases      ] GC(46)     Total                          Min: 0, Avg:  0.0, Max: 0, Diff: 0, Sum: 0, Workers: 6
[12.406s][debug  ][gc,phases      ] GC(46)   StringDedup Requests1 Weak     Min:  0.0, Avg:  0.0, Max:  0.0, Diff:  0.0, Sum:  0.0, Workers: 6
[12.406s][debug  ][gc,phases      ] GC(46)     Dead                           Min: 0, Avg:  0.0, Max: 0, Diff: 0, Sum: 0, Workers: 6
[12.406s][debug  ][gc,phases      ] GC(46)     Total                          Min: 0, Avg:  0.0, Max: 0, Diff: 0, Sum: 0, Workers: 6
[12.406s][debug  ][gc,phases      ] GC(46)   Weak JFR Old Object Samples    Min:  0.0, Avg:  0.0, Max:  0.0, Diff:  0.0, Sum:  0.0, Workers: 6
[12.406s][debug  ][gc,phases      ] GC(46)     Dead                           Min: 0, Avg:  0.0, Max: 0, Diff: 0, Sum: 0, Workers: 6
[12.406s][debug  ][gc,phases      ] GC(46)     Total                          Min: 0, Avg:  0.0, Max: 0, Diff: 0, Sum: 0, Workers: 6
[12.406s][debug  ][gc,phases      ] GC(46) Weak Processing 0.790ms
[12.406s][debug  ][gc,ergo        ] GC(46) AdaptiveSizeStart:  collection: 47 
[12.406s][debug  ][gc,ergo        ] GC(46) avg_survived_padded_avg: 31980552.000000
[12.406s][debug  ][gc,ergo        ] GC(46) avg_promoted_padded_avg: 261155808.000000  avg_pretenured_padded_avg: 0.000000  tenuring_thresh: 1  target_size: 31981568
[12.406s][debug  ][gc,age         ] GC(46) Desired survivor size 31981568 bytes, new threshold 1 (max threshold 15)
[12.406s][debug  ][gc,ergo        ] GC(46) PSAdaptiveSizePolicy::compute_eden_space_size limits: desired_eden_size: 231072899 old_eden_size: 203423744 eden_limit: 203423744 cur_eden: 203423744 max_eden_size: 203423744 avg_young_live: 25863824
[12.406s][debug  ][gc,ergo        ] GC(46) PSAdaptiveSizePolicy::compute_eden_space_size: costs minor_time: 0.042805 major_cost: 0.035927 mutator_cost: 0.921268 throughput_goal: 0.990000
[12.406s][debug  ][gc,ergo        ] GC(46) Live_space: 877875456 free_space: 1125646336
[12.406s][debug  ][gc,ergo        ] GC(46) Old eden_size: 203423744 desired_eden_size: 203423744
[12.406s][debug  ][gc,ergo        ] GC(46) AdaptiveSizeStop: collection: 47 
[12.406s][info   ][gc,heap        ] GC(46) PSYoungGen: 229094K(230400K)->30720K(230400K) Eden: 198374K(198656K)->0K(198656K) From: 30720K(31744K)->30720K(31744K)
[12.406s][info   ][gc,heap        ] GC(46) ParOldGen: 882276K(1835008K)->933476K(1835008K)
[12.406s][info   ][gc,metaspace   ] GC(46) Metaspace: 1019K(1152K)->1019K(1152K) NonClass: 936K(960K)->936K(960K) Class: 83K(192K)->83K(192K)
[12.406s][info   ][gc             ] GC(46) Pause Young (Allocation Failure) 1085M->941M(2017M) 8.283ms
[12.406s][info   ][gc,cpu         ] GC(46) User=0.00s Sys=0.00s Real=0.01s
[12.406s][debug  ][gc,heap        ] GC(46) Heap after GC invocations=47 (full 8):
[12.406s][debug  ][gc,heap        ] GC(46)  PSYoungGen      total 230400K, used 30720K [0x00000000f0000000, 0x0000000100000000, 0x0000000100000000)
[12.406s][debug  ][gc,heap        ] GC(46)   eden space 198656K, 0% used [0x00000000f0000000,0x00000000f0000000,0x00000000fc200000)
[12.406s][debug  ][gc,heap        ] GC(46)   from space 31744K, 96% used [0x00000000fc200000,0x00000000fe000030,0x00000000fe100000)
[12.406s][debug  ][gc,heap        ] GC(46)   to   space 31232K, 0% used [0x00000000fe180000,0x00000000fe180000,0x0000000100000000)
[12.406s][debug  ][gc,heap        ] GC(46)  ParOldGen       total 1835008K, used 933476K [0x0000000080000000, 0x00000000f0000000, 0x00000000f0000000)
[12.406s][debug  ][gc,heap        ] GC(46)   object space 1835008K, 50% used [0x0000000080000000,0x00000000b8f99188,0x00000000f0000000)
[12.407s][debug  ][gc,heap        ] GC(46)  Metaspace       used 1019K, committed 1152K, reserved 1056768K
[12.407s][debug  ][gc,heap        ] GC(46)   class space    used 83K, committed 192K, reserved 1048576K
[12.407s][debug  ][gc,task,time   ] GC(46) VM-Thread 123975298 124044381 124065591
[12.717s][debug  ][gc,heap        ] GC(47) Heap before GC invocations=48 (full 8):
[12.717s][debug  ][gc,heap        ] GC(47)  PSYoungGen      total 230400K, used 229123K [0x00000000f0000000, 0x0000000100000000, 0x0000000100000000)
[12.717s][debug  ][gc,heap        ] GC(47)   eden space 198656K, 99% used [0x00000000f0000000,0x00000000fc1c0d48,0x00000000fc200000)
[12.717s][debug  ][gc,heap        ] GC(47)   from space 31744K, 96% used [0x00000000fc200000,0x00000000fe000030,0x00000000fe100000)
[12.717s][debug  ][gc,heap        ] GC(47)   to   space 31232K, 0% used [0x00000000fe180000,0x00000000fe180000,0x0000000100000000)
[12.717s][debug  ][gc,heap        ] GC(47)  ParOldGen       total 1835008K, used 933476K [0x0000000080000000, 0x00000000f0000000, 0x00000000f0000000)
[12.717s][debug  ][gc,heap        ] GC(47)   object space 1835008K, 50% used [0x0000000080000000,0x00000000b8f99188,0x00000000f0000000)
[12.717s][debug  ][gc,heap        ] GC(47)  Metaspace       used 1019K, committed 1152K, reserved 1056768K
[12.717s][debug  ][gc,heap        ] GC(47)   class space    used 83K, committed 192K, reserved 1048576K
[12.717s][debug  ][gc,tlab        ] GC(47) TLAB totals: thrds: 1  refills: 1 max: 1 slow allocs: 18 max 18 waste: 27.3% gc: 3935256B max: 3935256B slow: 0B max: 0B
[12.717s][info   ][gc,start       ] GC(47) Pause Young (Allocation Failure)
[12.717s][debug  ][gc,phases,start] GC(47) Scavenge
[12.733s][debug  ][gc,phases      ] GC(47) Scavenge 15.764ms
[12.733s][debug  ][gc,phases,start] GC(47) Reference Processing
[12.733s][debug  ][gc,ref         ] GC(47) Skipped phase 1 of Reference Processing: no references
[12.733s][debug  ][gc,ref         ] GC(47) Skipped phase 2 of Reference Processing: no references
[12.733s][debug  ][gc,ref         ] GC(47) Skipped phase 3 of Reference Processing: no references
[12.733s][debug  ][gc,ref         ] GC(47) Skipped phase 4 of Reference Processing: no references
[12.733s][debug  ][gc,phases,ref  ] GC(47) Reference Processing: 0.1ms
[12.733s][debug  ][gc,phases,ref  ] GC(47)   Reconsider SoftReferences: 0.0ms
[12.733s][debug  ][gc,phases,ref  ] GC(47)     SoftRef (ms):                  skipped
[12.733s][debug  ][gc,phases,ref  ] GC(47)   Notify Soft/WeakReferences: 0.0ms
[12.733s][debug  ][gc,phases,ref  ] GC(47)     SoftRef (ms):                  skipped
[12.733s][debug  ][gc,phases,ref  ] GC(47)     WeakRef (ms):                  skipped
[12.733s][debug  ][gc,phases,ref  ] GC(47)     FinalRef (ms):                 skipped
[12.733s][debug  ][gc,phases,ref  ] GC(47)     Total (ms):                    skipped
[12.733s][debug  ][gc,phases,ref  ] GC(47)   Notify and keep alive finalizable: 0.0ms
[12.733s][debug  ][gc,phases,ref  ] GC(47)     FinalRef (ms):                 skipped
[12.733s][debug  ][gc,phases,ref  ] GC(47)   Notify PhantomReferences: 0.0ms
[12.733s][debug  ][gc,phases,ref  ] GC(47)     PhantomRef (ms):               skipped
[12.733s][debug  ][gc,phases,ref  ] GC(47)   SoftReference:
[12.733s][debug  ][gc,phases,ref  ] GC(47)     Discovered: 0
[12.733s][debug  ][gc,phases,ref  ] GC(47)     Cleared: 0
[12.733s][debug  ][gc,phases,ref  ] GC(47)   WeakReference:
[12.734s][debug  ][gc,phases,ref  ] GC(47)     Discovered: 0
[12.734s][debug  ][gc,phases,ref  ] GC(47)     Cleared: 0
[12.734s][debug  ][gc,phases,ref  ] GC(47)   FinalReference:
[12.734s][debug  ][gc,phases,ref  ] GC(47)     Discovered: 0
[12.734s][debug  ][gc,phases,ref  ] GC(47)     Cleared: 0
[12.734s][debug  ][gc,phases,ref  ] GC(47)   PhantomReference:
[12.734s][debug  ][gc,phases,ref  ] GC(47)     Discovered: 0
[12.734s][debug  ][gc,phases,ref  ] GC(47)     Cleared: 0
[12.734s][debug  ][gc,phases      ] GC(47) Reference Processing 0.603ms
[12.734s][debug  ][gc,phases,start] GC(47) Weak Processing
[12.734s][debug  ][gc,phases      ] GC(47)   VM Weak                        Min:  0.0, Avg:  0.0, Max:  0.0, Diff:  0.0, Sum:  0.0, Workers: 6
[12.734s][debug  ][gc,phases      ] GC(47)     Dead                           Min: 0, Avg:  0.0, Max: 0, Diff: 0, Sum: 0, Workers: 6
[12.734s][debug  ][gc,phases      ] GC(47)     Total                          Min: 0, Avg:  1.3, Max: 8, Diff: 8, Sum: 8, Workers: 6
[12.734s][debug  ][gc,phases      ] GC(47)   ObjectSynchronizer Weak        Min:  0.0, Avg:  0.0, Max:  0.0, Diff:  0.0, Sum:  0.0, Workers: 6
[12.734s][debug  ][gc,phases      ] GC(47)     Dead                           Min: 0, Avg:  0.0, Max: 0, Diff: 0, Sum: 0, Workers: 6
[12.734s][debug  ][gc,phases      ] GC(47)     Total                          Min: 0, Avg:  0.5, Max: 3, Diff: 3, Sum: 3, Workers: 6
[12.734s][debug  ][gc,phases      ] GC(47)   JVMTI Tag Weak OopStorage      Min:  0.0, Avg:  0.0, Max:  0.0, Diff:  0.0, Sum:  0.0, Workers: 6
[12.734s][debug  ][gc,phases      ] GC(47)     Dead                           Min: 0, Avg:  0.0, Max: 0, Diff: 0, Sum: 0, Workers: 6
[12.734s][debug  ][gc,phases      ] GC(47)     Total                          Min: 0, Avg:  0.0, Max: 0, Diff: 0, Sum: 0, Workers: 6
[12.734s][debug  ][gc,phases      ] GC(47)   StringTable Weak               Min:  0.0, Avg:  0.0, Max:  0.0, Diff:  0.0, Sum:  0.0, Workers: 6
[12.734s][debug  ][gc,phases      ] GC(47)     Dead                           Min: 0, Avg:  0.0, Max: 0, Diff: 0, Sum: 0, Workers: 6
[12.734s][debug  ][gc,phases      ] GC(47)     Total                          Min: 703, Avg: 892.3, Max: 1067, Diff: 364, Sum: 5354, Workers: 6
[12.734s][debug  ][gc,phases      ] GC(47)   ResolvedMethodTable Weak       Min:  0.0, Avg:  0.0, Max:  0.0, Diff:  0.0, Sum:  0.0, Workers: 6
[12.734s][debug  ][gc,phases      ] GC(47)     Dead                           Min: 0, Avg:  0.0, Max: 0, Diff: 0, Sum: 0, Workers: 6
[12.734s][debug  ][gc,phases      ] GC(47)     Total                          Min: 0, Avg: 21.7, Max: 64, Diff: 64, Sum: 130, Workers: 6
[12.734s][debug  ][gc,phases      ] GC(47)   JNI Weak                       Min:  0.0, Avg:  0.0, Max:  0.0, Diff:  0.0, Sum:  0.0, Workers: 6
[12.734s][debug  ][gc,phases      ] GC(47)     Dead                           Min: 0, Avg:  0.0, Max: 0, Diff: 0, Sum: 0, Workers: 6
[12.734s][debug  ][gc,phases      ] GC(47)     Total                          Min: 0, Avg:  0.0, Max: 0, Diff: 0, Sum: 0, Workers: 6
[12.734s][debug  ][gc,phases      ] GC(47)   StringDedup Table Weak         Min:  0.0, Avg:  0.0, Max:  0.0, Diff:  0.0, Sum:  0.0, Workers: 6
[12.734s][debug  ][gc,phases      ] GC(47)     Dead                           Min: 0, Avg:  0.0, Max: 0, Diff: 0, Sum: 0, Workers: 6
[12.734s][debug  ][gc,phases      ] GC(47)     Total                          Min: 0, Avg:  0.0, Max: 0, Diff: 0, Sum: 0, Workers: 6
[12.734s][debug  ][gc,phases      ] GC(47)   StringDedup Requests0 Weak     Min:  0.0, Avg:  0.0, Max:  0.0, Diff:  0.0, Sum:  0.0, Workers: 6
[12.734s][debug  ][gc,phases      ] GC(47)     Dead                           Min: 0, Avg:  0.0, Max: 0, Diff: 0, Sum: 0, Workers: 6
[12.734s][debug  ][gc,phases      ] GC(47)     Total                          Min: 0, Avg:  0.0, Max: 0, Diff: 0, Sum: 0, Workers: 6
[12.734s][debug  ][gc,phases      ] GC(47)   StringDedup Requests1 Weak     Min:  0.0, Avg:  0.0, Max:  0.0, Diff:  0.0, Sum:  0.0, Workers: 6
[12.734s][debug  ][gc,phases      ] GC(47)     Dead                           Min: 0, Avg:  0.0, Max: 0, Diff: 0, Sum: 0, Workers: 6
[12.734s][debug  ][gc,phases      ] GC(47)     Total                          Min: 0, Avg:  0.0, Max: 0, Diff: 0, Sum: 0, Workers: 6
[12.734s][debug  ][gc,phases      ] GC(47)   Weak JFR Old Object Samples    Min:  0.0, Avg:  0.0, Max:  0.0, Diff:  0.0, Sum:  0.0, Workers: 6
[12.734s][debug  ][gc,phases      ] GC(47)     Dead                           Min: 0, Avg:  0.0, Max: 0, Diff: 0, Sum: 0, Workers: 6
[12.734s][debug  ][gc,phases      ] GC(47)     Total                          Min: 0, Avg:  0.0, Max: 0, Diff: 0, Sum: 0, Workers: 6
[12.734s][debug  ][gc,phases      ] GC(47) Weak Processing 0.671ms
[12.734s][debug  ][gc,ergo        ] GC(47) AdaptiveSizeStart:  collection: 48 
[12.734s][debug  ][gc,ergo        ] GC(47) avg_survived_padded_avg: 31941048.000000
[12.734s][debug  ][gc,ergo        ] GC(47) avg_promoted_padded_avg: 266262592.000000  avg_pretenured_padded_avg: 0.000000  tenuring_thresh: 1  target_size: 31981568
[12.734s][debug  ][gc,age         ] GC(47) Desired survivor size 31981568 bytes, new threshold 1 (max threshold 15)
[12.734s][debug  ][gc,ergo        ] GC(47) PSAdaptiveSizePolicy::compute_eden_space_size limits: desired_eden_size: 231748729 old_eden_size: 203423744 eden_limit: 203948032 cur_eden: 203423744 max_eden_size: 203948032 avg_young_live: 26423174
[12.734s][debug  ][gc,ergo        ] GC(47) PSAdaptiveSizePolicy::compute_eden_space_size: costs minor_time: 0.045166 major_cost: 0.035927 mutator_cost: 0.918907 throughput_goal: 0.990000
[12.735s][debug  ][gc,ergo        ] GC(47) Live_space: 878434816 free_space: 1125646336
[12.735s][debug  ][gc,ergo        ] GC(47) Old eden_size: 203423744 desired_eden_size: 203948032
[12.735s][debug  ][gc,ergo        ] GC(47) AdaptiveSizeStop: collection: 48 
[12.735s][info   ][gc,heap        ] GC(47) PSYoungGen: 229123K(230400K)->30720K(230912K) Eden: 198403K(198656K)->0K(199680K) From: 30720K(31744K)->30720K(31232K)
[12.735s][info   ][gc,heap        ] GC(47) ParOldGen: 933476K(1835008K)->1128036K(1835008K)
[12.735s][info   ][gc,metaspace   ] GC(47) Metaspace: 1019K(1152K)->1019K(1152K) NonClass: 936K(960K)->936K(960K) Class: 83K(192K)->83K(192K)
[12.735s][info   ][gc             ] GC(47) Pause Young (Allocation Failure) 1135M->1131M(2017M) 17.483ms
[12.735s][info   ][gc,cpu         ] GC(47) User=0.19s Sys=0.00s Real=0.02s
[12.735s][debug  ][gc,heap        ] GC(47) Heap after GC invocations=48 (full 8):
[12.735s][debug  ][gc,heap        ] GC(47)  PSYoungGen      total 230912K, used 30720K [0x00000000f0000000, 0x0000000100000000, 0x0000000100000000)
[12.735s][debug  ][gc,heap        ] GC(47)   eden space 199680K, 0% used [0x00000000f0000000,0x00000000f0000000,0x00000000fc300000)
[12.735s][debug  ][gc,heap        ] GC(47)   from space 31232K, 98% used [0x00000000fe180000,0x00000000fff80030,0x0000000100000000)
[12.735s][debug  ][gc,heap        ] GC(47)   to   space 31232K, 0% used [0x00000000fc300000,0x00000000fc300000,0x00000000fe180000)
[12.735s][debug  ][gc,heap        ] GC(47)  ParOldGen       total 1835008K, used 1128036K [0x0000000080000000, 0x00000000f0000000, 0x00000000f0000000)
[12.735s][debug  ][gc,heap        ] GC(47)   object space 1835008K, 61% used [0x0000000080000000,0x00000000c4d992b8,0x00000000f0000000)
[12.735s][debug  ][gc,heap        ] GC(47)  Metaspace       used 1019K, committed 1152K, reserved 1056768K
[12.735s][debug  ][gc,heap        ] GC(47)   class space    used 83K, committed 192K, reserved 1048576K
[12.735s][debug  ][gc,task,time   ] GC(47) VM-Thread 127167121 127330737 127348987
[13.032s][debug  ][gc,heap        ] GC(48) Heap before GC invocations=49 (full 8):
[13.032s][debug  ][gc,heap        ] GC(48)  PSYoungGen      total 230912K, used 229161K [0x00000000f0000000, 0x0000000100000000, 0x0000000100000000)
[13.032s][debug  ][gc,heap        ] GC(48)   eden space 199680K, 99% used [0x00000000f0000000,0x00000000fc1ca750,0x00000000fc300000)
[13.032s][debug  ][gc,heap        ] GC(48)   from space 31232K, 98% used [0x00000000fe180000,0x00000000fff80030,0x0000000100000000)
[13.032s][debug  ][gc,heap        ] GC(48)   to   space 31232K, 0% used [0x00000000fc300000,0x00000000fc300000,0x00000000fe180000)
[13.033s][debug  ][gc,heap        ] GC(48)  ParOldGen       total 1835008K, used 1128036K [0x0000000080000000, 0x00000000f0000000, 0x00000000f0000000)
[13.033s][debug  ][gc,heap        ] GC(48)   object space 1835008K, 61% used [0x0000000080000000,0x00000000c4d992b8,0x00000000f0000000)
[13.033s][debug  ][gc,heap        ] GC(48)  Metaspace       used 1019K, committed 1152K, reserved 1056768K
[13.033s][debug  ][gc,heap        ] GC(48)   class space    used 83K, committed 192K, reserved 1048576K
[13.033s][debug  ][gc,tlab        ] GC(48) TLAB totals: thrds: 1  refills: 1 max: 1 slow allocs: 18 max 18 waste: 27.5% gc: 3974688B max: 3974688B slow: 0B max: 0B
[13.033s][info   ][gc,start       ] GC(48) Pause Young (Allocation Failure)
[13.033s][debug  ][gc,phases,start] GC(48) Scavenge
[13.048s][debug  ][gc,phases      ] GC(48) Scavenge 15.387ms
[13.048s][debug  ][gc,phases,start] GC(48) Reference Processing
[13.048s][debug  ][gc,ref         ] GC(48) Skipped phase 1 of Reference Processing: no references
[13.048s][debug  ][gc,ref         ] GC(48) Skipped phase 2 of Reference Processing: no references
[13.048s][debug  ][gc,ref         ] GC(48) Skipped phase 3 of Reference Processing: no references
[13.048s][debug  ][gc,ref         ] GC(48) Skipped phase 4 of Reference Processing: no references
[13.048s][debug  ][gc,phases,ref  ] GC(48) Reference Processing: 0.1ms
[13.048s][debug  ][gc,phases,ref  ] GC(48)   Reconsider SoftReferences: 0.0ms
[13.048s][debug  ][gc,phases,ref  ] GC(48)     SoftRef (ms):                  skipped
[13.048s][debug  ][gc,phases,ref  ] GC(48)   Notify Soft/WeakReferences: 0.0ms
[13.048s][debug  ][gc,phases,ref  ] GC(48)     SoftRef (ms):                  skipped
[13.048s][debug  ][gc,phases,ref  ] GC(48)     WeakRef (ms):                  skipped
[13.048s][debug  ][gc,phases,ref  ] GC(48)     FinalRef (ms):                 skipped
[13.048s][debug  ][gc,phases,ref  ] GC(48)     Total (ms):                    skipped
[13.048s][debug  ][gc,phases,ref  ] GC(48)   Notify and keep alive finalizable: 0.0ms
[13.048s][debug  ][gc,phases,ref  ] GC(48)     FinalRef (ms):                 skipped
[13.048s][debug  ][gc,phases,ref  ] GC(48)   Notify PhantomReferences: 0.0ms
[13.048s][debug  ][gc,phases,ref  ] GC(48)     PhantomRef (ms):               skipped
[13.048s][debug  ][gc,phases,ref  ] GC(48)   SoftReference:
[13.048s][debug  ][gc,phases,ref  ] GC(48)     Discovered: 0
[13.048s][debug  ][gc,phases,ref  ] GC(48)     Cleared: 0
[13.049s][debug  ][gc,phases,ref  ] GC(48)   WeakReference:
[13.049s][debug  ][gc,phases,ref  ] GC(48)     Discovered: 0
[13.049s][debug  ][gc,phases,ref  ] GC(48)     Cleared: 0
[13.049s][debug  ][gc,phases,ref  ] GC(48)   FinalReference:
[13.049s][debug  ][gc,phases,ref  ] GC(48)     Discovered: 0
[13.049s][debug  ][gc,phases,ref  ] GC(48)     Cleared: 0
[13.049s][debug  ][gc,phases,ref  ] GC(48)   PhantomReference:
[13.049s][debug  ][gc,phases,ref  ] GC(48)     Discovered: 0
[13.049s][debug  ][gc,phases,ref  ] GC(48)     Cleared: 0
[13.049s][debug  ][gc,phases      ] GC(48) Reference Processing 0.577ms
[13.049s][debug  ][gc,phases,start] GC(48) Weak Processing
[13.049s][debug  ][gc,phases      ] GC(48)   VM Weak                        Min:  0.0, Avg:  0.0, Max:  0.0, Diff:  0.0, Sum:  0.0, Workers: 6
[13.049s][debug  ][gc,phases      ] GC(48)     Dead                           Min: 0, Avg:  0.0, Max: 0, Diff: 0, Sum: 0, Workers: 6
[13.049s][debug  ][gc,phases      ] GC(48)     Total                          Min: 0, Avg:  1.3, Max: 8, Diff: 8, Sum: 8, Workers: 6
[13.049s][debug  ][gc,phases      ] GC(48)   ObjectSynchronizer Weak        Min:  0.0, Avg:  0.0, Max:  0.0, Diff:  0.0, Sum:  0.0, Workers: 6
[13.049s][debug  ][gc,phases      ] GC(48)     Dead                           Min: 0, Avg:  0.0, Max: 0, Diff: 0, Sum: 0, Workers: 6
[13.049s][debug  ][gc,phases      ] GC(48)     Total                          Min: 0, Avg:  0.5, Max: 3, Diff: 3, Sum: 3, Workers: 6
[13.049s][debug  ][gc,phases      ] GC(48)   JVMTI Tag Weak OopStorage      Min:  0.0, Avg:  0.0, Max:  0.0, Diff:  0.0, Sum:  0.0, Workers: 6
[13.049s][debug  ][gc,phases      ] GC(48)     Dead                           Min: 0, Avg:  0.0, Max: 0, Diff: 0, Sum: 0, Workers: 6
[13.049s][debug  ][gc,phases      ] GC(48)     Total                          Min: 0, Avg:  0.0, Max: 0, Diff: 0, Sum: 0, Workers: 6
[13.049s][debug  ][gc,phases      ] GC(48)   StringTable Weak               Min:  0.0, Avg:  0.0, Max:  0.0, Diff:  0.0, Sum:  0.0, Workers: 6
[13.049s][debug  ][gc,phases      ] GC(48)     Dead                           Min: 0, Avg:  0.0, Max: 0, Diff: 0, Sum: 0, Workers: 6
[13.049s][debug  ][gc,phases      ] GC(48)     Total                          Min: 704, Avg: 892.3, Max: 1152, Diff: 448, Sum: 5354, Workers: 6
[13.049s][debug  ][gc,phases      ] GC(48)   ResolvedMethodTable Weak       Min:  0.0, Avg:  0.0, Max:  0.0, Diff:  0.0, Sum:  0.0, Workers: 6
[13.049s][debug  ][gc,phases      ] GC(48)     Dead                           Min: 0, Avg:  0.0, Max: 0, Diff: 0, Sum: 0, Workers: 6
[13.049s][debug  ][gc,phases      ] GC(48)     Total                          Min: 0, Avg: 21.7, Max: 64, Diff: 64, Sum: 130, Workers: 6
[13.049s][debug  ][gc,phases      ] GC(48)   JNI Weak                       Min:  0.0, Avg:  0.0, Max:  0.0, Diff:  0.0, Sum:  0.0, Workers: 6
[13.049s][debug  ][gc,phases      ] GC(48)     Dead                           Min: 0, Avg:  0.0, Max: 0, Diff: 0, Sum: 0, Workers: 6
[13.049s][debug  ][gc,phases      ] GC(48)     Total                          Min: 0, Avg:  0.0, Max: 0, Diff: 0, Sum: 0, Workers: 6
[13.049s][debug  ][gc,phases      ] GC(48)   StringDedup Table Weak         Min:  0.0, Avg:  0.0, Max:  0.0, Diff:  0.0, Sum:  0.0, Workers: 6
[13.049s][debug  ][gc,phases      ] GC(48)     Dead                           Min: 0, Avg:  0.0, Max: 0, Diff: 0, Sum: 0, Workers: 6
[13.049s][debug  ][gc,phases      ] GC(48)     Total                          Min: 0, Avg:  0.0, Max: 0, Diff: 0, Sum: 0, Workers: 6
[13.049s][debug  ][gc,phases      ] GC(48)   StringDedup Requests0 Weak     Min:  0.0, Avg:  0.0, Max:  0.0, Diff:  0.0, Sum:  0.0, Workers: 6
[13.049s][debug  ][gc,phases      ] GC(48)     Dead                           Min: 0, Avg:  0.0, Max: 0, Diff: 0, Sum: 0, Workers: 6
[13.049s][debug  ][gc,phases      ] GC(48)     Total                          Min: 0, Avg:  0.0, Max: 0, Diff: 0, Sum: 0, Workers: 6
[13.049s][debug  ][gc,phases      ] GC(48)   StringDedup Requests1 Weak     Min:  0.0, Avg:  0.0, Max:  0.0, Diff:  0.0, Sum:  0.0, Workers: 6
[13.049s][debug  ][gc,phases      ] GC(48)     Dead                           Min: 0, Avg:  0.0, Max: 0, Diff: 0, Sum: 0, Workers: 6
[13.049s][debug  ][gc,phases      ] GC(48)     Total                          Min: 0, Avg:  0.0, Max: 0, Diff: 0, Sum: 0, Workers: 6
[13.049s][debug  ][gc,phases      ] GC(48)   Weak JFR Old Object Samples    Min:  0.0, Avg:  0.0, Max:  0.0, Diff:  0.0, Sum:  0.0, Workers: 6
[13.049s][debug  ][gc,phases      ] GC(48)     Dead                           Min: 0, Avg:  0.0, Max: 0, Diff: 0, Sum: 0, Workers: 6
[13.049s][debug  ][gc,phases      ] GC(48)     Total                          Min: 0, Avg:  0.0, Max: 0, Diff: 0, Sum: 0, Workers: 6
[13.049s][debug  ][gc,phases      ] GC(48) Weak Processing 0.665ms
[13.049s][debug  ][gc,ergo        ] GC(48) AdaptiveSizeStart:  collection: 49 
[13.049s][debug  ][gc,ergo        ] GC(48) avg_survived_padded_avg: 31904210.000000
[13.049s][debug  ][gc,ergo        ] GC(48) avg_promoted_padded_avg: 269728800.000000  avg_pretenured_padded_avg: 0.000000  tenuring_thresh: 1  target_size: 31981568
[13.049s][debug  ][gc,age         ] GC(48) Desired survivor size 31981568 bytes, new threshold 1 (max threshold 15)
[13.049s][debug  ][gc,ergo        ] GC(48) PSAdaptiveSizePolicy::compute_eden_space_size limits: desired_eden_size: 230064661 old_eden_size: 203948032 eden_limit: 204472320 cur_eden: 204472320 max_eden_size: 204472320 avg_young_live: 26926588
[13.049s][debug  ][gc,ergo        ] GC(48) PSAdaptiveSizePolicy::compute_eden_space_size: costs minor_time: 0.047160 major_cost: 0.035927 mutator_cost: 0.916912 throughput_goal: 0.990000
[13.050s][debug  ][gc,ergo        ] GC(48) Live_space: 878938240 free_space: 1126170624
[13.050s][debug  ][gc,ergo        ] GC(48) Old eden_size: 203948032 desired_eden_size: 204472320
[13.050s][debug  ][gc,ergo        ] GC(48) AdaptiveSizeStop: collection: 49 
[13.050s][info   ][gc,heap        ] GC(48) PSYoungGen: 229161K(230912K)->30720K(230912K) Eden: 198441K(199680K)->0K(199680K) From: 30720K(31232K)->30720K(31232K)
[13.050s][info   ][gc,heap        ] GC(48) ParOldGen: 1128036K(1835008K)->1322596K(1835008K)
[13.050s][info   ][gc,metaspace   ] GC(48) Metaspace: 1019K(1152K)->1019K(1152K) NonClass: 936K(960K)->936K(960K) Class: 83K(192K)->83K(192K)
[13.050s][info   ][gc             ] GC(48) Pause Young (Allocation Failure) 1325M->1321M(2017M) 17.037ms
[13.050s][info   ][gc,cpu         ] GC(48) User=0.22s Sys=0.00s Real=0.02s
[13.050s][debug  ][gc,heap        ] GC(48) Heap after GC invocations=49 (full 8):
[13.050s][debug  ][gc,heap        ] GC(48)  PSYoungGen      total 230912K, used 30720K [0x00000000f0000000, 0x0000000100000000, 0x0000000100000000)
[13.050s][debug  ][gc,heap        ] GC(48)   eden space 199680K, 0% used [0x00000000f0000000,0x00000000f0000000,0x00000000fc300000)
[13.050s][debug  ][gc,heap        ] GC(48)   from space 31232K, 98% used [0x00000000fc300000,0x00000000fe100030,0x00000000fe180000)
[13.050s][debug  ][gc,heap        ] GC(48)   to   space 31232K, 0% used [0x00000000fe180000,0x00000000fe180000,0x0000000100000000)
[13.050s][debug  ][gc,heap        ] GC(48)  ParOldGen       total 1835008K, used 1322596K [0x0000000080000000, 0x00000000f0000000, 0x00000000f0000000)
[13.050s][debug  ][gc,heap        ] GC(48)   object space 1835008K, 72% used [0x0000000080000000,0x00000000d0b993e8,0x00000000f0000000)
[13.050s][debug  ][gc,heap        ] GC(48)  Metaspace       used 1019K, committed 1152K, reserved 1056768K
[13.050s][debug  ][gc,heap        ] GC(48)   class space    used 83K, committed 192K, reserved 1048576K
[13.050s][debug  ][gc,task,time   ] GC(48) VM-Thread 130323535 130481101 130498933
[13.350s][debug  ][gc,heap        ] GC(49) Heap before GC invocations=50 (full 8):
[13.350s][debug  ][gc,heap        ] GC(49)  PSYoungGen      total 230912K, used 229173K [0x00000000f0000000, 0x0000000100000000, 0x0000000100000000)
[13.350s][debug  ][gc,heap        ] GC(49)   eden space 199680K, 99% used [0x00000000f0000000,0x00000000fc1cd6d8,0x00000000fc300000)
[13.350s][debug  ][gc,heap        ] GC(49)   from space 31232K, 98% used [0x00000000fc300000,0x00000000fe100030,0x00000000fe180000)
[13.350s][debug  ][gc,heap        ] GC(49)   to   space 31232K, 0% used [0x00000000fe180000,0x00000000fe180000,0x0000000100000000)
[13.350s][debug  ][gc,heap        ] GC(49)  ParOldGen       total 1835008K, used 1322596K [0x0000000080000000, 0x00000000f0000000, 0x00000000f0000000)
[13.350s][debug  ][gc,heap        ] GC(49)   object space 1835008K, 72% used [0x0000000080000000,0x00000000d0b993e8,0x00000000f0000000)
[13.350s][debug  ][gc,heap        ] GC(49)  Metaspace       used 1019K, committed 1152K, reserved 1056768K
[13.350s][debug  ][gc,heap        ] GC(49)   class space    used 83K, committed 192K, reserved 1048576K
[13.351s][debug  ][gc,tlab        ] GC(49) TLAB totals: thrds: 1  refills: 1 max: 1 slow allocs: 18 max 18 waste: 27.5% gc: 3986856B max: 3986856B slow: 0B max: 0B
[13.351s][info   ][gc,start       ] GC(49) Pause Young (Allocation Failure)
[13.351s][debug  ][gc,phases,start] GC(49) Scavenge
[13.367s][debug  ][gc,phases      ] GC(49) Scavenge 15.890ms
[13.367s][debug  ][gc,phases,start] GC(49) Reference Processing
[13.367s][debug  ][gc,ref         ] GC(49) Skipped phase 1 of Reference Processing: no references
[13.367s][debug  ][gc,ref         ] GC(49) Skipped phase 2 of Reference Processing: no references
[13.367s][debug  ][gc,ref         ] GC(49) Skipped phase 3 of Reference Processing: no references
[13.367s][debug  ][gc,ref         ] GC(49) Skipped phase 4 of Reference Processing: no references
[13.367s][debug  ][gc,phases,ref  ] GC(49) Reference Processing: 0.1ms
[13.367s][debug  ][gc,phases,ref  ] GC(49)   Reconsider SoftReferences: 0.0ms
[13.367s][debug  ][gc,phases,ref  ] GC(49)     SoftRef (ms):                  skipped
[13.367s][debug  ][gc,phases,ref  ] GC(49)   Notify Soft/WeakReferences: 0.0ms
[13.367s][debug  ][gc,phases,ref  ] GC(49)     SoftRef (ms):                  skipped
[13.367s][debug  ][gc,phases,ref  ] GC(49)     WeakRef (ms):                  skipped
[13.367s][debug  ][gc,phases,ref  ] GC(49)     FinalRef (ms):                 skipped
[13.367s][debug  ][gc,phases,ref  ] GC(49)     Total (ms):                    skipped
[13.367s][debug  ][gc,phases,ref  ] GC(49)   Notify and keep alive finalizable: 0.0ms
[13.367s][debug  ][gc,phases,ref  ] GC(49)     FinalRef (ms):                 skipped
[13.367s][debug  ][gc,phases,ref  ] GC(49)   Notify PhantomReferences: 0.0ms
[13.367s][debug  ][gc,phases,ref  ] GC(49)     PhantomRef (ms):               skipped
[13.367s][debug  ][gc,phases,ref  ] GC(49)   SoftReference:
[13.367s][debug  ][gc,phases,ref  ] GC(49)     Discovered: 0
[13.367s][debug  ][gc,phases,ref  ] GC(49)     Cleared: 0
[13.367s][debug  ][gc,phases,ref  ] GC(49)   WeakReference:
[13.367s][debug  ][gc,phases,ref  ] GC(49)     Discovered: 0
[13.367s][debug  ][gc,phases,ref  ] GC(49)     Cleared: 0
[13.367s][debug  ][gc,phases,ref  ] GC(49)   FinalReference:
[13.367s][debug  ][gc,phases,ref  ] GC(49)     Discovered: 0
[13.367s][debug  ][gc,phases,ref  ] GC(49)     Cleared: 0
[13.367s][debug  ][gc,phases,ref  ] GC(49)   PhantomReference:
[13.367s][debug  ][gc,phases,ref  ] GC(49)     Discovered: 0
[13.367s][debug  ][gc,phases,ref  ] GC(49)     Cleared: 0
[13.367s][debug  ][gc,phases      ] GC(49) Reference Processing 0.733ms
[13.367s][debug  ][gc,phases,start] GC(49) Weak Processing
[13.367s][debug  ][gc,phases      ] GC(49)   VM Weak                        Min:  0.0, Avg:  0.0, Max:  0.0, Diff:  0.0, Sum:  0.0, Workers: 6
[13.367s][debug  ][gc,phases      ] GC(49)     Dead                           Min: 0, Avg:  0.0, Max: 0, Diff: 0, Sum: 0, Workers: 6
[13.367s][debug  ][gc,phases      ] GC(49)     Total                          Min: 0, Avg:  1.3, Max: 8, Diff: 8, Sum: 8, Workers: 6
[13.367s][debug  ][gc,phases      ] GC(49)   ObjectSynchronizer Weak        Min:  0.0, Avg:  0.0, Max:  0.0, Diff:  0.0, Sum:  0.0, Workers: 6
[13.368s][debug  ][gc,phases      ] GC(49)     Dead                           Min: 0, Avg:  0.0, Max: 0, Diff: 0, Sum: 0, Workers: 6
[13.368s][debug  ][gc,phases      ] GC(49)     Total                          Min: 0, Avg:  0.5, Max: 3, Diff: 3, Sum: 3, Workers: 6
[13.368s][debug  ][gc,phases      ] GC(49)   JVMTI Tag Weak OopStorage      Min:  0.0, Avg:  0.0, Max:  0.0, Diff:  0.0, Sum:  0.0, Workers: 6
[13.368s][debug  ][gc,phases      ] GC(49)     Dead                           Min: 0, Avg:  0.0, Max: 0, Diff: 0, Sum: 0, Workers: 6
[13.368s][debug  ][gc,phases      ] GC(49)     Total                          Min: 0, Avg:  0.0, Max: 0, Diff: 0, Sum: 0, Workers: 6
[13.368s][debug  ][gc,phases      ] GC(49)   StringTable Weak               Min:  0.0, Avg:  0.0, Max:  0.0, Diff:  0.0, Sum:  0.0, Workers: 6
[13.368s][debug  ][gc,phases      ] GC(49)     Dead                           Min: 0, Avg:  0.0, Max: 0, Diff: 0, Sum: 0, Workers: 6
[13.368s][debug  ][gc,phases      ] GC(49)     Total                          Min: 704, Avg: 892.3, Max: 1088, Diff: 384, Sum: 5354, Workers: 6
[13.368s][debug  ][gc,phases      ] GC(49)   ResolvedMethodTable Weak       Min:  0.0, Avg:  0.0, Max:  0.0, Diff:  0.0, Sum:  0.0, Workers: 6
[13.368s][debug  ][gc,phases      ] GC(49)     Dead                           Min: 0, Avg:  0.0, Max: 0, Diff: 0, Sum: 0, Workers: 6
[13.368s][debug  ][gc,phases      ] GC(49)     Total                          Min: 0, Avg: 21.7, Max: 64, Diff: 64, Sum: 130, Workers: 6
[13.368s][debug  ][gc,phases      ] GC(49)   JNI Weak                       Min:  0.0, Avg:  0.0, Max:  0.0, Diff:  0.0, Sum:  0.0, Workers: 6
[13.368s][debug  ][gc,phases      ] GC(49)     Dead                           Min: 0, Avg:  0.0, Max: 0, Diff: 0, Sum: 0, Workers: 6
[13.368s][debug  ][gc,phases      ] GC(49)     Total                          Min: 0, Avg:  0.0, Max: 0, Diff: 0, Sum: 0, Workers: 6
[13.368s][debug  ][gc,phases      ] GC(49)   StringDedup Table Weak         Min:  0.0, Avg:  0.0, Max:  0.0, Diff:  0.0, Sum:  0.0, Workers: 6
[13.368s][debug  ][gc,phases      ] GC(49)     Dead                           Min: 0, Avg:  0.0, Max: 0, Diff: 0, Sum: 0, Workers: 6
[13.368s][debug  ][gc,phases      ] GC(49)     Total                          Min: 0, Avg:  0.0, Max: 0, Diff: 0, Sum: 0, Workers: 6
[13.368s][debug  ][gc,phases      ] GC(49)   StringDedup Requests0 Weak     Min:  0.0, Avg:  0.0, Max:  0.0, Diff:  0.0, Sum:  0.0, Workers: 6
[13.368s][debug  ][gc,phases      ] GC(49)     Dead                           Min: 0, Avg:  0.0, Max: 0, Diff: 0, Sum: 0, Workers: 6
[13.368s][debug  ][gc,phases      ] GC(49)     Total                          Min: 0, Avg:  0.0, Max: 0, Diff: 0, Sum: 0, Workers: 6
[13.368s][debug  ][gc,phases      ] GC(49)   StringDedup Requests1 Weak     Min:  0.0, Avg:  0.0, Max:  0.0, Diff:  0.0, Sum:  0.0, Workers: 6
[13.368s][debug  ][gc,phases      ] GC(49)     Dead                           Min: 0, Avg:  0.0, Max: 0, Diff: 0, Sum: 0, Workers: 6
[13.368s][debug  ][gc,phases      ] GC(49)     Total                          Min: 0, Avg:  0.0, Max: 0, Diff: 0, Sum: 0, Workers: 6
[13.368s][debug  ][gc,phases      ] GC(49)   Weak JFR Old Object Samples    Min:  0.0, Avg:  0.0, Max:  0.0, Diff:  0.0, Sum:  0.0, Workers: 6
[13.368s][debug  ][gc,phases      ] GC(49)     Dead                           Min: 0, Avg:  0.0, Max: 0, Diff: 0, Sum: 0, Workers: 6
[13.368s][debug  ][gc,phases      ] GC(49)     Total                          Min: 0, Avg:  0.0, Max: 0, Diff: 0, Sum: 0, Workers: 6
[13.368s][debug  ][gc,phases      ] GC(49) Weak Processing 0.709ms
[13.368s][debug  ][gc,ergo        ] GC(49) AdaptiveSizeStart:  collection: 50 
[13.368s][debug  ][gc,ergo        ] GC(49) avg_survived_padded_avg: 31869902.000000
[13.368s][debug  ][gc,ergo        ] GC(49) avg_promoted_padded_avg: 271831424.000000  avg_pretenured_padded_avg: 0.000000  tenuring_thresh: 1  target_size: 31981568
[13.368s][debug  ][gc,age         ] GC(49) Desired survivor size 31981568 bytes, new threshold 1 (max threshold 15)
[13.368s][debug  ][gc,ergo        ] GC(49) PSAdaptiveSizePolicy::compute_eden_space_size limits: desired_eden_size: 230502666 old_eden_size: 204472320 eden_limit: 204472320 cur_eden: 204472320 max_eden_size: 204472320 avg_young_live: 27379662
[13.368s][debug  ][gc,ergo        ] GC(49) PSAdaptiveSizePolicy::compute_eden_space_size: costs minor_time: 0.049070 major_cost: 0.035927 mutator_cost: 0.915003 throughput_goal: 0.990000
[13.368s][debug  ][gc,ergo        ] GC(49) Live_space: 879391296 free_space: 1126694912
[13.368s][debug  ][gc,ergo        ] GC(49) Old eden_size: 204472320 desired_eden_size: 204472320
[13.368s][debug  ][gc,ergo        ] GC(49) AdaptiveSizeStop: collection: 50 
[13.368s][info   ][gc,heap        ] GC(49) PSYoungGen: 229173K(230912K)->30720K(230912K) Eden: 198453K(199680K)->0K(199680K) From: 30720K(31232K)->30720K(31232K)
[13.368s][info   ][gc,heap        ] GC(49) ParOldGen: 1322596K(1835008K)->1517157K(1835008K)
[13.368s][info   ][gc,metaspace   ] GC(49) Metaspace: 1019K(1152K)->1019K(1152K) NonClass: 936K(960K)->936K(960K) Class: 83K(192K)->83K(192K)
[13.368s][info   ][gc             ] GC(49) Pause Young (Allocation Failure) 1515M->1511M(2017M) 17.830ms
[13.368s][info   ][gc,cpu         ] GC(49) User=0.19s Sys=0.00s Real=0.02s
[13.368s][debug  ][gc,heap        ] GC(49) Heap after GC invocations=50 (full 8):
[13.368s][debug  ][gc,heap        ] GC(49)  PSYoungGen      total 230912K, used 30720K [0x00000000f0000000, 0x0000000100000000, 0x0000000100000000)
[13.368s][debug  ][gc,heap        ] GC(49)   eden space 199680K, 0% used [0x00000000f0000000,0x00000000f0000000,0x00000000fc300000)
[13.369s][debug  ][gc,heap        ] GC(49)   from space 31232K, 98% used [0x00000000fe180000,0x00000000fff80030,0x0000000100000000)
[13.369s][debug  ][gc,heap        ] GC(49)   to   space 31232K, 0% used [0x00000000fc300000,0x00000000fc300000,0x00000000fe180000)
[13.369s][debug  ][gc,heap        ] GC(49)  ParOldGen       total 1835008K, used 1517157K [0x0000000080000000, 0x00000000f0000000, 0x00000000f0000000)
[13.369s][debug  ][gc,heap        ] GC(49)   object space 1835008K, 82% used [0x0000000080000000,0x00000000dc999518,0x00000000f0000000)
[13.369s][debug  ][gc,heap        ] GC(49)  Metaspace       used 1019K, committed 1152K, reserved 1056768K
[13.369s][debug  ][gc,heap        ] GC(49)   class space    used 83K, committed 192K, reserved 1048576K
[13.369s][debug  ][gc,task,time   ] GC(49) VM-Thread 133501107 133665989 133686400
[13.669s][debug  ][gc,heap        ] GC(50) Heap before GC invocations=51 (full 8):
[13.670s][debug  ][gc,heap        ] GC(50)  PSYoungGen      total 230912K, used 229181K [0x00000000f0000000, 0x0000000100000000, 0x0000000100000000)
[13.670s][debug  ][gc,heap        ] GC(50)   eden space 199680K, 99% used [0x00000000f0000000,0x00000000fc1cf568,0x00000000fc300000)
[13.670s][debug  ][gc,heap        ] GC(50)   from space 31232K, 98% used [0x00000000fe180000,0x00000000fff80030,0x0000000100000000)
[13.670s][debug  ][gc,heap        ] GC(50)   to   space 31232K, 0% used [0x00000000fc300000,0x00000000fc300000,0x00000000fe180000)
[13.670s][debug  ][gc,heap        ] GC(50)  ParOldGen       total 1835008K, used 1517157K [0x0000000080000000, 0x00000000f0000000, 0x00000000f0000000)
[13.670s][debug  ][gc,heap        ] GC(50)   object space 1835008K, 82% used [0x0000000080000000,0x00000000dc999518,0x00000000f0000000)
[13.670s][debug  ][gc,heap        ] GC(50)  Metaspace       used 1019K, committed 1152K, reserved 1056768K
[13.670s][debug  ][gc,heap        ] GC(50)   class space    used 83K, committed 192K, reserved 1048576K
[13.670s][debug  ][gc,tlab        ] GC(50) TLAB totals: thrds: 1  refills: 1 max: 1 slow allocs: 18 max 18 waste: 27.6% gc: 3994680B max: 3994680B slow: 0B max: 0B
[13.670s][info   ][gc,start       ] GC(50) Pause Young (Allocation Failure)
[13.670s][debug  ][gc,phases,start] GC(50) Scavenge
[13.687s][debug  ][gc,phases      ] GC(50) Scavenge 17.467ms
[13.688s][debug  ][gc,phases,start] GC(50) Reference Processing
[13.688s][debug  ][gc,ref         ] GC(50) Skipped phase 1 of Reference Processing: no references
[13.688s][debug  ][gc,ref         ] GC(50) Skipped phase 2 of Reference Processing: no references
[13.688s][debug  ][gc,ref         ] GC(50) Skipped phase 3 of Reference Processing: no references
[13.688s][debug  ][gc,ref         ] GC(50) Skipped phase 4 of Reference Processing: no references
[13.688s][debug  ][gc,phases,ref  ] GC(50) Reference Processing: 0.1ms
[13.688s][debug  ][gc,phases,ref  ] GC(50)   Reconsider SoftReferences: 0.0ms
[13.688s][debug  ][gc,phases,ref  ] GC(50)     SoftRef (ms):                  skipped
[13.688s][debug  ][gc,phases,ref  ] GC(50)   Notify Soft/WeakReferences: 0.0ms
[13.688s][debug  ][gc,phases,ref  ] GC(50)     SoftRef (ms):                  skipped
[13.688s][debug  ][gc,phases,ref  ] GC(50)     WeakRef (ms):                  skipped
[13.688s][debug  ][gc,phases,ref  ] GC(50)     FinalRef (ms):                 skipped
[13.688s][debug  ][gc,phases,ref  ] GC(50)     Total (ms):                    skipped
[13.688s][debug  ][gc,phases,ref  ] GC(50)   Notify and keep alive finalizable: 0.0ms
[13.688s][debug  ][gc,phases,ref  ] GC(50)     FinalRef (ms):                 skipped
[13.688s][debug  ][gc,phases,ref  ] GC(50)   Notify PhantomReferences: 0.0ms
[13.688s][debug  ][gc,phases,ref  ] GC(50)     PhantomRef (ms):               skipped
[13.688s][debug  ][gc,phases,ref  ] GC(50)   SoftReference:
[13.688s][debug  ][gc,phases,ref  ] GC(50)     Discovered: 0
[13.688s][debug  ][gc,phases,ref  ] GC(50)     Cleared: 0
[13.688s][debug  ][gc,phases,ref  ] GC(50)   WeakReference:
[13.688s][debug  ][gc,phases,ref  ] GC(50)     Discovered: 0
[13.688s][debug  ][gc,phases,ref  ] GC(50)     Cleared: 0
[13.688s][debug  ][gc,phases,ref  ] GC(50)   FinalReference:
[13.688s][debug  ][gc,phases,ref  ] GC(50)     Discovered: 0
[13.688s][debug  ][gc,phases,ref  ] GC(50)     Cleared: 0
[13.688s][debug  ][gc,phases,ref  ] GC(50)   PhantomReference:
[13.688s][debug  ][gc,phases,ref  ] GC(50)     Discovered: 0
[13.688s][debug  ][gc,phases,ref  ] GC(50)     Cleared: 0
[13.688s][debug  ][gc,phases      ] GC(50) Reference Processing 0.576ms
[13.688s][debug  ][gc,phases,start] GC(50) Weak Processing
[13.688s][debug  ][gc,phases      ] GC(50)   VM Weak                        Min:  0.0, Avg:  0.0, Max:  0.0, Diff:  0.0, Sum:  0.0, Workers: 6
[13.688s][debug  ][gc,phases      ] GC(50)     Dead                           Min: 0, Avg:  0.0, Max: 0, Diff: 0, Sum: 0, Workers: 6
[13.688s][debug  ][gc,phases      ] GC(50)     Total                          Min: 0, Avg:  1.3, Max: 8, Diff: 8, Sum: 8, Workers: 6
[13.688s][debug  ][gc,phases      ] GC(50)   ObjectSynchronizer Weak        Min:  0.0, Avg:  0.0, Max:  0.0, Diff:  0.0, Sum:  0.0, Workers: 6
[13.688s][debug  ][gc,phases      ] GC(50)     Dead                           Min: 0, Avg:  0.0, Max: 0, Diff: 0, Sum: 0, Workers: 6
[13.688s][debug  ][gc,phases      ] GC(50)     Total                          Min: 0, Avg:  0.5, Max: 3, Diff: 3, Sum: 3, Workers: 6
[13.688s][debug  ][gc,phases      ] GC(50)   JVMTI Tag Weak OopStorage      Min:  0.0, Avg:  0.0, Max:  0.0, Diff:  0.0, Sum:  0.0, Workers: 6
[13.688s][debug  ][gc,phases      ] GC(50)     Dead                           Min: 0, Avg:  0.0, Max: 0, Diff: 0, Sum: 0, Workers: 6
[13.688s][debug  ][gc,phases      ] GC(50)     Total                          Min: 0, Avg:  0.0, Max: 0, Diff: 0, Sum: 0, Workers: 6
[13.688s][debug  ][gc,phases      ] GC(50)   StringTable Weak               Min:  0.0, Avg:  0.0, Max:  0.0, Diff:  0.0, Sum:  0.0, Workers: 6
[13.688s][debug  ][gc,phases      ] GC(50)     Dead                           Min: 0, Avg:  0.0, Max: 0, Diff: 0, Sum: 0, Workers: 6
[13.688s][debug  ][gc,phases      ] GC(50)     Total                          Min: 704, Avg: 892.3, Max: 1088, Diff: 384, Sum: 5354, Workers: 6
[13.688s][debug  ][gc,phases      ] GC(50)   ResolvedMethodTable Weak       Min:  0.0, Avg:  0.0, Max:  0.0, Diff:  0.0, Sum:  0.0, Workers: 6
[13.688s][debug  ][gc,phases      ] GC(50)     Dead                           Min: 0, Avg:  0.0, Max: 0, Diff: 0, Sum: 0, Workers: 6
[13.688s][debug  ][gc,phases      ] GC(50)     Total                          Min: 0, Avg: 21.7, Max: 64, Diff: 64, Sum: 130, Workers: 6
[13.688s][debug  ][gc,phases      ] GC(50)   JNI Weak                       Min:  0.0, Avg:  0.0, Max:  0.0, Diff:  0.0, Sum:  0.0, Workers: 6
[13.689s][debug  ][gc,phases      ] GC(50)     Dead                           Min: 0, Avg:  0.0, Max: 0, Diff: 0, Sum: 0, Workers: 6
[13.689s][debug  ][gc,phases      ] GC(50)     Total                          Min: 0, Avg:  0.0, Max: 0, Diff: 0, Sum: 0, Workers: 6
[13.689s][debug  ][gc,phases      ] GC(50)   StringDedup Table Weak         Min:  0.0, Avg:  0.0, Max:  0.0, Diff:  0.0, Sum:  0.0, Workers: 6
[13.689s][debug  ][gc,phases      ] GC(50)     Dead                           Min: 0, Avg:  0.0, Max: 0, Diff: 0, Sum: 0, Workers: 6
[13.689s][debug  ][gc,phases      ] GC(50)     Total                          Min: 0, Avg:  0.0, Max: 0, Diff: 0, Sum: 0, Workers: 6
[13.689s][debug  ][gc,phases      ] GC(50)   StringDedup Requests0 Weak     Min:  0.0, Avg:  0.0, Max:  0.0, Diff:  0.0, Sum:  0.0, Workers: 6
[13.689s][debug  ][gc,phases      ] GC(50)     Dead                           Min: 0, Avg:  0.0, Max: 0, Diff: 0, Sum: 0, Workers: 6
[13.689s][debug  ][gc,phases      ] GC(50)     Total                          Min: 0, Avg:  0.0, Max: 0, Diff: 0, Sum: 0, Workers: 6
[13.689s][debug  ][gc,phases      ] GC(50)   StringDedup Requests1 Weak     Min:  0.0, Avg:  0.0, Max:  0.0, Diff:  0.0, Sum:  0.0, Workers: 6
[13.689s][debug  ][gc,phases      ] GC(50)     Dead                           Min: 0, Avg:  0.0, Max: 0, Diff: 0, Sum: 0, Workers: 6
[13.689s][debug  ][gc,phases      ] GC(50)     Total                          Min: 0, Avg:  0.0, Max: 0, Diff: 0, Sum: 0, Workers: 6
[13.689s][debug  ][gc,phases      ] GC(50)   Weak JFR Old Object Samples    Min:  0.0, Avg:  0.0, Max:  0.0, Diff:  0.0, Sum:  0.0, Workers: 6
[13.689s][debug  ][gc,phases      ] GC(50)     Dead                           Min: 0, Avg:  0.0, Max: 0, Diff: 0, Sum: 0, Workers: 6
[13.689s][debug  ][gc,phases      ] GC(50)     Total                          Min: 0, Avg:  0.0, Max: 0, Diff: 0, Sum: 0, Workers: 6
[13.689s][debug  ][gc,phases      ] GC(50) Weak Processing 0.666ms
[13.689s][debug  ][gc,ergo        ] GC(50) AdaptiveSizeStart:  collection: 51 
[13.689s][debug  ][gc,ergo        ] GC(50) avg_survived_padded_avg: 31837986.000000
[13.689s][debug  ][gc,ergo        ] GC(50) avg_promoted_padded_avg: 272808512.000000  avg_pretenured_padded_avg: 0.000000  tenuring_thresh: 1  target_size: 31981568
[13.689s][debug  ][gc,age         ] GC(50) Desired survivor size 31981568 bytes, new threshold 1 (max threshold 15)
[13.689s][debug  ][gc,ergo        ] GC(50) PSAdaptiveSizePolicy::compute_eden_space_size limits: desired_eden_size: 231027907 old_eden_size: 204472320 eden_limit: 204472320 cur_eden: 204472320 max_eden_size: 204472320 avg_young_live: 27787426
[13.689s][debug  ][gc,ergo        ] GC(50) PSAdaptiveSizePolicy::compute_eden_space_size: costs minor_time: 0.051479 major_cost: 0.035927 mutator_cost: 0.912594 throughput_goal: 0.990000
[13.689s][debug  ][gc,ergo        ] GC(50) Live_space: 879799040 free_space: 1126694912
[13.689s][debug  ][gc,ergo        ] GC(50) Old eden_size: 204472320 desired_eden_size: 204472320
[13.689s][debug  ][gc,ergo        ] GC(50) AdaptiveSizeStop: collection: 51 
[13.689s][info   ][gc,heap        ] GC(50) PSYoungGen: 229181K(230912K)->30720K(230912K) Eden: 198461K(199680K)->0K(199680K) From: 30720K(31232K)->30720K(31232K)
[13.689s][info   ][gc,heap        ] GC(50) ParOldGen: 1517157K(1835008K)->1711717K(1835008K)
[13.689s][info   ][gc,metaspace   ] GC(50) Metaspace: 1019K(1152K)->1019K(1152K) NonClass: 936K(960K)->936K(960K) Class: 83K(192K)->83K(192K)
[13.689s][info   ][gc             ] GC(50) Pause Young (Allocation Failure) 1705M->1701M(2017M) 19.143ms
[13.689s][info   ][gc,cpu         ] GC(50) User=0.19s Sys=0.02s Real=0.02s
[13.689s][debug  ][gc,heap        ] GC(50) Heap after GC invocations=51 (full 8):
[13.689s][debug  ][gc,heap        ] GC(50)  PSYoungGen      total 230912K, used 30720K [0x00000000f0000000, 0x0000000100000000, 0x0000000100000000)
[13.689s][debug  ][gc,heap        ] GC(50)   eden space 199680K, 0% used [0x00000000f0000000,0x00000000f0000000,0x00000000fc300000)
[13.689s][debug  ][gc,heap        ] GC(50)   from space 31232K, 98% used [0x00000000fc300000,0x00000000fe100030,0x00000000fe180000)
[13.689s][debug  ][gc,heap        ] GC(50)   to   space 31232K, 0% used [0x00000000fe180000,0x00000000fe180000,0x0000000100000000)
[13.689s][debug  ][gc,heap        ] GC(50)  ParOldGen       total 1835008K, used 1711717K [0x0000000080000000, 0x00000000f0000000, 0x00000000f0000000)
[13.689s][debug  ][gc,heap        ] GC(50)   object space 1835008K, 93% used [0x0000000080000000,0x00000000e8799648,0x00000000f0000000)
[13.689s][debug  ][gc,heap        ] GC(50)  Metaspace       used 1019K, committed 1152K, reserved 1056768K
[13.689s][debug  ][gc,heap        ] GC(50)   class space    used 83K, committed 192K, reserved 1048576K
[13.689s][debug  ][gc,task,time   ] GC(50) VM-Thread 136694700 136875225 136893117
[13.689s][debug  ][gc,phases,start] GC(51) Pre Compact
[13.689s][debug  ][gc,heap        ] GC(51) Heap before GC invocations=52 (full 9):
[13.689s][debug  ][gc,heap        ] GC(51)  PSYoungGen      total 230912K, used 30720K [0x00000000f0000000, 0x0000000100000000, 0x0000000100000000)
[13.689s][debug  ][gc,heap        ] GC(51)   eden space 199680K, 0% used [0x00000000f0000000,0x00000000f0000000,0x00000000fc300000)
[13.689s][debug  ][gc,heap        ] GC(51)   from space 31232K, 98% used [0x00000000fc300000,0x00000000fe100030,0x00000000fe180000)
[13.689s][debug  ][gc,heap        ] GC(51)   to   space 31232K, 0% used [0x00000000fe180000,0x00000000fe180000,0x0000000100000000)
[13.689s][debug  ][gc,heap        ] GC(51)  ParOldGen       total 1835008K, used 1711717K [0x0000000080000000, 0x00000000f0000000, 0x00000000f0000000)
[13.689s][debug  ][gc,heap        ] GC(51)   object space 1835008K, 93% used [0x0000000080000000,0x00000000e8799648,0x00000000f0000000)
[13.689s][debug  ][gc,heap        ] GC(51)  Metaspace       used 1019K, committed 1152K, reserved 1056768K
[13.690s][debug  ][gc,heap        ] GC(51)   class space    used 83K, committed 192K, reserved 1048576K
[13.690s][debug  ][gc,phases      ] GC(51) Pre Compact 0.202ms
[13.690s][info   ][gc,start       ] GC(51) Pause Full (Ergonomics)
[13.690s][info   ][gc,phases,start] GC(51) Marking Phase
[13.690s][debug  ][gc,phases,start] GC(51) Par Mark
[13.690s][debug  ][gc,phases      ] GC(51) Par Mark 0.502ms
[13.690s][debug  ][gc,phases,start] GC(51) Reference Processing
[13.690s][debug  ][gc,ref         ] GC(51) Skipped phase 1 of Reference Processing: no references
[13.690s][debug  ][gc,ref         ] GC(51) ReferenceProcessor::execute queues: 1, RefProcThreadModel::Single, marks_oops_alive: false
[13.690s][debug  ][gc,ref         ] GC(51) Skipped phase 3 of Reference Processing: no references
[13.690s][debug  ][gc,ref         ] GC(51) ReferenceProcessor::execute queues: 1, RefProcThreadModel::Single, marks_oops_alive: false
[13.690s][debug  ][gc,phases,ref  ] GC(51) Reference Processing: 0.1ms
[13.690s][debug  ][gc,phases,ref  ] GC(51)   Reconsider SoftReferences: 0.0ms
[13.690s][debug  ][gc,phases,ref  ] GC(51)     SoftRef (ms):                  skipped
[13.690s][debug  ][gc,phases,ref  ] GC(51)   Notify Soft/WeakReferences: 0.0ms
[13.690s][debug  ][gc,phases,ref  ] GC(51)     SoftRef (ms):                  Min:  0.0, Avg:  0.0, Max:  0.0, Diff:  0.0, Sum:  0.0, Workers: 12
[13.690s][debug  ][gc,phases,ref  ] GC(51)     WeakRef (ms):                  Min:  0.0, Avg:  0.0, Max:  0.0, Diff:  0.0, Sum:  0.0, Workers: 12
[13.690s][debug  ][gc,phases,ref  ] GC(51)     FinalRef (ms):                 Min:  0.0, Avg:  0.0, Max:  0.0, Diff:  0.0, Sum:  0.0, Workers: 12
[13.690s][debug  ][gc,phases,ref  ] GC(51)     Total (ms):                    Min:  0.0, Avg:  0.0, Max:  0.0, Diff:  0.0, Sum:  0.0, Workers: 12
[13.690s][debug  ][gc,phases,ref  ] GC(51)   Notify and keep alive finalizable: 0.0ms
[13.691s][debug  ][gc,phases,ref  ] GC(51)     FinalRef (ms):                 skipped
[13.691s][debug  ][gc,phases,ref  ] GC(51)   Notify PhantomReferences: 0.0ms
[13.691s][debug  ][gc,phases,ref  ] GC(51)     PhantomRef (ms):               Min:  0.0, Avg:  0.0, Max:  0.0, Diff:  0.0, Sum:  0.0, Workers: 12
[13.691s][debug  ][gc,phases,ref  ] GC(51)   SoftReference:
[13.691s][debug  ][gc,phases,ref  ] GC(51)     Discovered: 0
[13.691s][debug  ][gc,phases,ref  ] GC(51)     Cleared: 0
[13.691s][debug  ][gc,phases,ref  ] GC(51)   WeakReference:
[13.691s][debug  ][gc,phases,ref  ] GC(51)     Discovered: 59
[13.691s][debug  ][gc,phases,ref  ] GC(51)     Cleared: 59
[13.691s][debug  ][gc,phases,ref  ] GC(51)   FinalReference:
[13.691s][debug  ][gc,phases,ref  ] GC(51)     Discovered: 0
[13.691s][debug  ][gc,phases,ref  ] GC(51)     Cleared: 0
[13.691s][debug  ][gc,phases,ref  ] GC(51)   PhantomReference:
[13.691s][debug  ][gc,phases,ref  ] GC(51)     Discovered: 3
[13.691s][debug  ][gc,phases,ref  ] GC(51)     Cleared: 3
[13.691s][debug  ][gc,phases      ] GC(51) Reference Processing 0.673ms
[13.691s][debug  ][gc,phases,start] GC(51) Weak Processing
[13.691s][debug  ][gc,phases      ] GC(51)   VM Weak                        Min:  0.0, Avg:  0.0, Max:  0.0, Diff:  0.0, Sum:  0.0, Workers: 6
[13.691s][debug  ][gc,phases      ] GC(51)     Dead                           Min: 0, Avg:  0.0, Max: 0, Diff: 0, Sum: 0, Workers: 6
[13.691s][debug  ][gc,phases      ] GC(51)     Total                          Min: 0, Avg:  1.3, Max: 8, Diff: 8, Sum: 8, Workers: 6
[13.691s][debug  ][gc,phases      ] GC(51)   ObjectSynchronizer Weak        Min:  0.0, Avg:  0.0, Max:  0.0, Diff:  0.0, Sum:  0.0, Workers: 6
[13.691s][debug  ][gc,phases      ] GC(51)     Dead                           Min: 0, Avg:  0.0, Max: 0, Diff: 0, Sum: 0, Workers: 6
[13.691s][debug  ][gc,phases      ] GC(51)     Total                          Min: 0, Avg:  0.5, Max: 3, Diff: 3, Sum: 3, Workers: 6
[13.691s][debug  ][gc,phases      ] GC(51)   JVMTI Tag Weak OopStorage      Min:  0.0, Avg:  0.0, Max:  0.0, Diff:  0.0, Sum:  0.0, Workers: 6
[13.691s][debug  ][gc,phases      ] GC(51)     Dead                           Min: 0, Avg:  0.0, Max: 0, Diff: 0, Sum: 0, Workers: 6
[13.691s][debug  ][gc,phases      ] GC(51)     Total                          Min: 0, Avg:  0.0, Max: 0, Diff: 0, Sum: 0, Workers: 6
[13.691s][debug  ][gc,phases      ] GC(51)   StringTable Weak               Min:  0.0, Avg:  0.0, Max:  0.0, Diff:  0.0, Sum:  0.0, Workers: 6
[13.691s][debug  ][gc,phases      ] GC(51)     Dead                           Min: 0, Avg:  0.0, Max: 0, Diff: 0, Sum: 0, Workers: 6
[13.691s][debug  ][gc,phases      ] GC(51)     Total                          Min: 511, Avg: 892.3, Max: 1152, Diff: 641, Sum: 5354, Workers: 6
[13.691s][debug  ][gc,phases      ] GC(51)   ResolvedMethodTable Weak       Min:  0.0, Avg:  0.0, Max:  0.0, Diff:  0.0, Sum:  0.0, Workers: 6
[13.691s][debug  ][gc,phases      ] GC(51)     Dead                           Min: 0, Avg:  0.0, Max: 0, Diff: 0, Sum: 0, Workers: 6
[13.691s][debug  ][gc,phases      ] GC(51)     Total                          Min: 0, Avg: 21.7, Max: 64, Diff: 64, Sum: 130, Workers: 6
[13.691s][debug  ][gc,phases      ] GC(51)   JNI Weak                       Min:  0.0, Avg:  0.0, Max:  0.0, Diff:  0.0, Sum:  0.0, Workers: 6
[13.691s][debug  ][gc,phases      ] GC(51)     Dead                           Min: 0, Avg:  0.0, Max: 0, Diff: 0, Sum: 0, Workers: 6
[13.691s][debug  ][gc,phases      ] GC(51)     Total                          Min: 0, Avg:  0.0, Max: 0, Diff: 0, Sum: 0, Workers: 6
[13.691s][debug  ][gc,phases      ] GC(51)   StringDedup Table Weak         Min:  0.0, Avg:  0.0, Max:  0.0, Diff:  0.0, Sum:  0.0, Workers: 6
[13.691s][debug  ][gc,phases      ] GC(51)     Dead                           Min: 0, Avg:  0.0, Max: 0, Diff: 0, Sum: 0, Workers: 6
[13.691s][debug  ][gc,phases      ] GC(51)     Total                          Min: 0, Avg:  0.0, Max: 0, Diff: 0, Sum: 0, Workers: 6
[13.691s][debug  ][gc,phases      ] GC(51)   StringDedup Requests0 Weak     Min:  0.0, Avg:  0.0, Max:  0.0, Diff:  0.0, Sum:  0.0, Workers: 6
[13.691s][debug  ][gc,phases      ] GC(51)     Dead                           Min: 0, Avg:  0.0, Max: 0, Diff: 0, Sum: 0, Workers: 6
[13.691s][debug  ][gc,phases      ] GC(51)     Total                          Min: 0, Avg:  0.0, Max: 0, Diff: 0, Sum: 0, Workers: 6
[13.691s][debug  ][gc,phases      ] GC(51)   StringDedup Requests1 Weak     Min:  0.0, Avg:  0.0, Max:  0.0, Diff:  0.0, Sum:  0.0, Workers: 6
[13.691s][debug  ][gc,phases      ] GC(51)     Dead                           Min: 0, Avg:  0.0, Max: 0, Diff: 0, Sum: 0, Workers: 6
[13.691s][debug  ][gc,phases      ] GC(51)     Total                          Min: 0, Avg:  0.0, Max: 0, Diff: 0, Sum: 0, Workers: 6
[13.691s][debug  ][gc,phases      ] GC(51)   Weak JFR Old Object Samples    Min:  0.0, Avg:  0.0, Max:  0.0, Diff:  0.0, Sum:  0.0, Workers: 6
[13.691s][debug  ][gc,phases      ] GC(51)     Dead                           Min: 0, Avg:  0.0, Max: 0, Diff: 0, Sum: 0, Workers: 6
[13.691s][debug  ][gc,phases      ] GC(51)     Total                          Min: 0, Avg:  0.0, Max: 0, Diff: 0, Sum: 0, Workers: 6
[13.691s][debug  ][gc,phases      ] GC(51) Weak Processing 0.652ms
[13.692s][debug  ][gc,phases,start] GC(51) Class Unloading
[13.692s][debug  ][gc,phases,start] GC(51) ClassLoaderData
[13.692s][debug  ][gc,phases      ] GC(51) ClassLoaderData 0.019ms
[13.692s][debug  ][gc,phases,start] GC(51) Trigger cleanups
[13.692s][debug  ][gc,phases      ] GC(51) Trigger cleanups 0.018ms
[13.692s][debug  ][gc,phases      ] GC(51) Class Unloading 0.248ms
[13.692s][info   ][gc,phases      ] GC(51) Marking Phase 2.200ms
[13.692s][info   ][gc,phases,start] GC(51) Summary Phase
[13.692s][info   ][gc,phases      ] GC(51) Summary Phase 0.038ms
[13.692s][info   ][gc,phases,start] GC(51) Adjust Roots
[13.692s][info   ][gc,phases      ] GC(51) Adjust Roots 0.157ms
[13.692s][info   ][gc,phases,start] GC(51) Compaction Phase
[13.784s][info   ][gc,phases      ] GC(51) Compaction Phase 91.936ms
[13.784s][info   ][gc,phases,start] GC(51) Post Compact
[13.790s][info   ][gc,phases      ] GC(51) Post Compact 5.623ms
[13.790s][debug  ][gc,ergo        ] GC(51) AdaptiveSizeStart: collection: 52 
[13.790s][debug  ][gc,ergo        ] GC(51) PSAdaptiveSizePolicy::compute_eden_space_size limits: desired_eden_size: 230024196 old_eden_size: 204472320 eden_limit: 204472320 cur_eden: 204472320 max_eden_size: 204472320 avg_young_live: 25008684
[13.790s][debug  ][gc,ergo        ] GC(51) PSAdaptiveSizePolicy::compute_eden_space_size: costs minor_time: 0.051479 major_cost: 0.039361 mutator_cost: 0.909161 throughput_goal: 0.990000
[13.790s][debug  ][gc,ergo        ] GC(51) Live_space: 877020288 free_space: 1126694912
[13.790s][debug  ][gc,ergo        ] GC(51) Old eden_size: 204472320 desired_eden_size: 204472320
[13.790s][debug  ][gc,ergo        ] GC(51) PSAdaptiveSizePolicy::compute_old_gen_free_space: costs minor_time: 0.051479 major_cost: 0.039361  mutator_cost: 0.909161 throughput_goal: 0.990000
[13.790s][debug  ][gc,ergo        ] GC(51) Live_space: 909899648 free_space: 1126694912
[13.790s][debug  ][gc,ergo        ] GC(51) Old promo_size: 922222592 desired_promo_size: 1022361600
[13.790s][debug  ][gc,ergo        ] GC(51) AdaptiveSizeStop: collection: 52 
[13.790s][info   ][gc,heap        ] GC(51) PSYoungGen: 30720K(230912K)->0K(230912K) Eden: 0K(199680K)->0K(199680K) From: 30720K(31232K)->0K(31232K)
[13.790s][info   ][gc,heap        ] GC(51) ParOldGen: 1711717K(1835008K)->861796K(1835008K)
[13.790s][info   ][gc,metaspace   ] GC(51) Metaspace: 1019K(1152K)->1019K(1152K) NonClass: 936K(960K)->936K(960K) Class: 83K(192K)->83K(192K)
[13.790s][info   ][gc             ] GC(51) Pause Full (Ergonomics) 1701M->841M(2017M) 100.591ms
[13.790s][info   ][gc,cpu         ] GC(51) User=1.09s Sys=0.00s Real=0.10s
[13.790s][debug  ][gc,heap        ] GC(51) Heap after GC invocations=52 (full 9):
[13.790s][debug  ][gc,heap        ] GC(51)  PSYoungGen      total 230912K, used 0K [0x00000000f0000000, 0x0000000100000000, 0x0000000100000000)
[13.790s][debug  ][gc,heap        ] GC(51)   eden space 199680K, 0% used [0x00000000f0000000,0x00000000f0000000,0x00000000fc300000)
[13.790s][debug  ][gc,heap        ] GC(51)   from space 31232K, 0% used [0x00000000fe180000,0x00000000fe180000,0x0000000100000000)
[13.790s][debug  ][gc,heap        ] GC(51)   to   space 31232K, 0% used [0x00000000fc300000,0x00000000fc300000,0x00000000fe180000)
[13.790s][debug  ][gc,heap        ] GC(51)  ParOldGen       total 1835008K, used 861796K [0x0000000080000000, 0x00000000f0000000, 0x00000000f0000000)
[13.790s][debug  ][gc,heap        ] GC(51)   object space 1835008K, 46% used [0x0000000080000000,0x00000000b4999118,0x00000000f0000000)
[13.790s][debug  ][gc,heap        ] GC(51)  Metaspace       used 1019K, committed 1152K, reserved 1056768K
[13.790s][debug  ][gc,heap        ] GC(51)   class space    used 83K, committed 192K, reserved 1048576K
[13.790s][debug  ][gc,task,time   ] GC(51) VM-Thread 136895814 136920546 137902039
[14.096s][debug  ][gc,heap        ] GC(52) Heap before GC invocations=53 (full 9):
[14.096s][debug  ][gc,heap        ] GC(52)  PSYoungGen      total 230912K, used 198466K [0x00000000f0000000, 0x0000000100000000, 0x0000000100000000)
[14.096s][debug  ][gc,heap        ] GC(52)   eden space 199680K, 99% used [0x00000000f0000000,0x00000000fc1d0910,0x00000000fc300000)
[14.096s][debug  ][gc,heap        ] GC(52)   from space 31232K, 0% used [0x00000000fe180000,0x00000000fe180000,0x0000000100000000)
[14.096s][debug  ][gc,heap        ] GC(52)   to   space 31232K, 0% used [0x00000000fc300000,0x00000000fc300000,0x00000000fe180000)
[14.097s][debug  ][gc,heap        ] GC(52)  ParOldGen       total 1835008K, used 861796K [0x0000000080000000, 0x00000000f0000000, 0x00000000f0000000)
[14.097s][debug  ][gc,heap        ] GC(52)   object space 1835008K, 46% used [0x0000000080000000,0x00000000b4999118,0x00000000f0000000)
[14.097s][debug  ][gc,heap        ] GC(52)  Metaspace       used 1019K, committed 1152K, reserved 1056768K
[14.097s][debug  ][gc,heap        ] GC(52)   class space    used 83K, committed 192K, reserved 1048576K
[14.097s][debug  ][gc,tlab        ] GC(52) TLAB totals: thrds: 1  refills: 1 max: 1 slow allocs: 18 max 18 waste: 27.6% gc: 3998544B max: 3998544B slow: 0B max: 0B
[14.097s][info   ][gc,start       ] GC(52) Pause Young (Allocation Failure)
[14.097s][debug  ][gc,phases,start] GC(52) Scavenge
[14.099s][debug  ][gc,phases      ] GC(52) Scavenge 2.128ms
[14.099s][debug  ][gc,phases,start] GC(52) Reference Processing
[14.099s][debug  ][gc,ref         ] GC(52) Skipped phase 1 of Reference Processing: no references
[14.099s][debug  ][gc,ref         ] GC(52) Skipped phase 2 of Reference Processing: no references
[14.099s][debug  ][gc,ref         ] GC(52) Skipped phase 3 of Reference Processing: no references
[14.099s][debug  ][gc,ref         ] GC(52) Skipped phase 4 of Reference Processing: no references
[14.099s][debug  ][gc,phases,ref  ] GC(52) Reference Processing: 0.1ms
[14.099s][debug  ][gc,phases,ref  ] GC(52)   Reconsider SoftReferences: 0.0ms
[14.099s][debug  ][gc,phases,ref  ] GC(52)     SoftRef (ms):                  skipped
[14.099s][debug  ][gc,phases,ref  ] GC(52)   Notify Soft/WeakReferences: 0.0ms
[14.099s][debug  ][gc,phases,ref  ] GC(52)     SoftRef (ms):                  skipped
[14.099s][debug  ][gc,phases,ref  ] GC(52)     WeakRef (ms):                  skipped
[14.099s][debug  ][gc,phases,ref  ] GC(52)     FinalRef (ms):                 skipped
[14.099s][debug  ][gc,phases,ref  ] GC(52)     Total (ms):                    skipped
[14.099s][debug  ][gc,phases,ref  ] GC(52)   Notify and keep alive finalizable: 0.0ms
[14.099s][debug  ][gc,phases,ref  ] GC(52)     FinalRef (ms):                 skipped
[14.099s][debug  ][gc,phases,ref  ] GC(52)   Notify PhantomReferences: 0.0ms
[14.099s][debug  ][gc,phases,ref  ] GC(52)     PhantomRef (ms):               skipped
[14.099s][debug  ][gc,phases,ref  ] GC(52)   SoftReference:
[14.099s][debug  ][gc,phases,ref  ] GC(52)     Discovered: 0
[14.099s][debug  ][gc,phases,ref  ] GC(52)     Cleared: 0
[14.099s][debug  ][gc,phases,ref  ] GC(52)   WeakReference:
[14.099s][debug  ][gc,phases,ref  ] GC(52)     Discovered: 0
[14.099s][debug  ][gc,phases,ref  ] GC(52)     Cleared: 0
[14.099s][debug  ][gc,phases,ref  ] GC(52)   FinalReference:
[14.099s][debug  ][gc,phases,ref  ] GC(52)     Discovered: 0
[14.099s][debug  ][gc,phases,ref  ] GC(52)     Cleared: 0
[14.099s][debug  ][gc,phases,ref  ] GC(52)   PhantomReference:
[14.099s][debug  ][gc,phases,ref  ] GC(52)     Discovered: 0
[14.099s][debug  ][gc,phases,ref  ] GC(52)     Cleared: 0
[14.099s][debug  ][gc,phases      ] GC(52) Reference Processing 0.564ms
[14.099s][debug  ][gc,phases,start] GC(52) Weak Processing
[14.100s][debug  ][gc,phases      ] GC(52)   VM Weak                        Min:  0.0, Avg:  0.0, Max:  0.0, Diff:  0.0, Sum:  0.0, Workers: 6
[14.100s][debug  ][gc,phases      ] GC(52)     Dead                           Min: 0, Avg:  0.0, Max: 0, Diff: 0, Sum: 0, Workers: 6
[14.100s][debug  ][gc,phases      ] GC(52)     Total                          Min: 0, Avg:  1.3, Max: 8, Diff: 8, Sum: 8, Workers: 6
[14.100s][debug  ][gc,phases      ] GC(52)   ObjectSynchronizer Weak        Min:  0.0, Avg:  0.0, Max:  0.0, Diff:  0.0, Sum:  0.0, Workers: 6
[14.100s][debug  ][gc,phases      ] GC(52)     Dead                           Min: 0, Avg:  0.0, Max: 0, Diff: 0, Sum: 0, Workers: 6
[14.100s][debug  ][gc,phases      ] GC(52)     Total                          Min: 0, Avg:  0.5, Max: 3, Diff: 3, Sum: 3, Workers: 6
[14.100s][debug  ][gc,phases      ] GC(52)   JVMTI Tag Weak OopStorage      Min:  0.0, Avg:  0.0, Max:  0.0, Diff:  0.0, Sum:  0.0, Workers: 6
[14.100s][debug  ][gc,phases      ] GC(52)     Dead                           Min: 0, Avg:  0.0, Max: 0, Diff: 0, Sum: 0, Workers: 6
[14.100s][debug  ][gc,phases      ] GC(52)     Total                          Min: 0, Avg:  0.0, Max: 0, Diff: 0, Sum: 0, Workers: 6
[14.100s][debug  ][gc,phases      ] GC(52)   StringTable Weak               Min:  0.0, Avg:  0.0, Max:  0.0, Diff:  0.0, Sum:  0.0, Workers: 6
[14.100s][debug  ][gc,phases      ] GC(52)     Dead                           Min: 0, Avg:  0.0, Max: 0, Diff: 0, Sum: 0, Workers: 6
[14.100s][debug  ][gc,phases      ] GC(52)     Total                          Min: 747, Avg: 892.3, Max: 960, Diff: 213, Sum: 5354, Workers: 6
[14.100s][debug  ][gc,phases      ] GC(52)   ResolvedMethodTable Weak       Min:  0.0, Avg:  0.0, Max:  0.0, Diff:  0.0, Sum:  0.0, Workers: 6
[14.100s][debug  ][gc,phases      ] GC(52)     Dead                           Min: 0, Avg:  0.0, Max: 0, Diff: 0, Sum: 0, Workers: 6
[14.100s][debug  ][gc,phases      ] GC(52)     Total                          Min: 0, Avg: 21.7, Max: 64, Diff: 64, Sum: 130, Workers: 6
[14.100s][debug  ][gc,phases      ] GC(52)   JNI Weak                       Min:  0.0, Avg:  0.0, Max:  0.0, Diff:  0.0, Sum:  0.0, Workers: 6
[14.100s][debug  ][gc,phases      ] GC(52)     Dead                           Min: 0, Avg:  0.0, Max: 0, Diff: 0, Sum: 0, Workers: 6
[14.100s][debug  ][gc,phases      ] GC(52)     Total                          Min: 0, Avg:  0.0, Max: 0, Diff: 0, Sum: 0, Workers: 6
[14.100s][debug  ][gc,phases      ] GC(52)   StringDedup Table Weak         Min:  0.0, Avg:  0.0, Max:  0.0, Diff:  0.0, Sum:  0.0, Workers: 6
[14.100s][debug  ][gc,phases      ] GC(52)     Dead                           Min: 0, Avg:  0.0, Max: 0, Diff: 0, Sum: 0, Workers: 6
[14.100s][debug  ][gc,phases      ] GC(52)     Total                          Min: 0, Avg:  0.0, Max: 0, Diff: 0, Sum: 0, Workers: 6
[14.100s][debug  ][gc,phases      ] GC(52)   StringDedup Requests0 Weak     Min:  0.0, Avg:  0.0, Max:  0.0, Diff:  0.0, Sum:  0.0, Workers: 6
[14.100s][debug  ][gc,phases      ] GC(52)     Dead                           Min: 0, Avg:  0.0, Max: 0, Diff: 0, Sum: 0, Workers: 6
[14.100s][debug  ][gc,phases      ] GC(52)     Total                          Min: 0, Avg:  0.0, Max: 0, Diff: 0, Sum: 0, Workers: 6
[14.100s][debug  ][gc,phases      ] GC(52)   StringDedup Requests1 Weak     Min:  0.0, Avg:  0.0, Max:  0.0, Diff:  0.0, Sum:  0.0, Workers: 6
[14.100s][debug  ][gc,phases      ] GC(52)     Dead                           Min: 0, Avg:  0.0, Max: 0, Diff: 0, Sum: 0, Workers: 6
[14.100s][debug  ][gc,phases      ] GC(52)     Total                          Min: 0, Avg:  0.0, Max: 0, Diff: 0, Sum: 0, Workers: 6
[14.100s][debug  ][gc,phases      ] GC(52)   Weak JFR Old Object Samples    Min:  0.0, Avg:  0.0, Max:  0.0, Diff:  0.0, Sum:  0.0, Workers: 6
[14.100s][debug  ][gc,phases      ] GC(52)     Dead                           Min: 0, Avg:  0.0, Max: 0, Diff: 0, Sum: 0, Workers: 6
[14.100s][debug  ][gc,phases      ] GC(52)     Total                          Min: 0, Avg:  0.0, Max: 0, Diff: 0, Sum: 0, Workers: 6
[14.100s][debug  ][gc,phases      ] GC(52) Weak Processing 0.744ms
[14.100s][debug  ][gc,ergo        ] GC(52) AdaptiveSizeStart:  collection: 53 
[14.100s][debug  ][gc,ergo        ] GC(52) avg_survived_padded_avg: 31808326.000000
[14.100s][debug  ][gc,ergo        ] GC(52) avg_promoted_padded_avg: 255631312.000000  avg_pretenured_padded_avg: 0.000000  tenuring_thresh: 1  target_size: 31981568
[14.100s][debug  ][gc,age         ] GC(52) Desired survivor size 31981568 bytes, new threshold 1 (max threshold 15)
[14.100s][debug  ][gc,ergo        ] GC(52) PSAdaptiveSizePolicy::compute_eden_space_size limits: desired_eden_size: 227412092 old_eden_size: 204472320 eden_limit: 204472320 cur_eden: 204472320 max_eden_size: 204472320 avg_young_live: 25653546
[14.100s][debug  ][gc,ergo        ] GC(52) PSAdaptiveSizePolicy::compute_eden_space_size: costs minor_time: 0.040766 major_cost: 0.039361 mutator_cost: 0.919874 throughput_goal: 0.990000
[14.100s][debug  ][gc,ergo        ] GC(52) Live_space: 910544512 free_space: 1226833920
[14.100s][debug  ][gc,ergo        ] GC(52) Old eden_size: 204472320 desired_eden_size: 204472320
[14.100s][debug  ][gc,ergo        ] GC(52) AdaptiveSizeStop: collection: 53 
[14.101s][info   ][gc,heap        ] GC(52) PSYoungGen: 198466K(230912K)->30720K(230912K) Eden: 198466K(199680K)->0K(199680K) From: 0K(31232K)->30720K(31232K)
[14.101s][info   ][gc,heap        ] GC(52) ParOldGen: 861796K(1835008K)->861796K(1835008K)
[14.101s][info   ][gc,metaspace   ] GC(52) Metaspace: 1019K(1152K)->1019K(1152K) NonClass: 936K(960K)->936K(960K) Class: 83K(192K)->83K(192K)
[14.101s][info   ][gc             ] GC(52) Pause Young (Allocation Failure) 1035M->871M(2017M) 3.915ms
[14.101s][info   ][gc,cpu         ] GC(52) User=0.00s Sys=0.00s Real=0.00s
[14.101s][debug  ][gc,heap        ] GC(52) Heap after GC invocations=53 (full 9):
[14.101s][debug  ][gc,heap        ] GC(52)  PSYoungGen      total 230912K, used 30720K [0x00000000f0000000, 0x0000000100000000, 0x0000000100000000)
[14.101s][debug  ][gc,heap        ] GC(52)   eden space 199680K, 0% used [0x00000000f0000000,0x00000000f0000000,0x00000000fc300000)
[14.101s][debug  ][gc,heap        ] GC(52)   from space 31232K, 98% used [0x00000000fc300000,0x00000000fe100030,0x00000000fe180000)
[14.101s][debug  ][gc,heap        ] GC(52)   to   space 31232K, 0% used [0x00000000fe180000,0x00000000fe180000,0x0000000100000000)
[14.101s][debug  ][gc,heap        ] GC(52)  ParOldGen       total 1835008K, used 861796K [0x0000000080000000, 0x00000000f0000000, 0x00000000f0000000)
[14.101s][debug  ][gc,heap        ] GC(52)   object space 1835008K, 46% used [0x0000000080000000,0x00000000b4999118,0x00000000f0000000)
[14.101s][debug  ][gc,heap        ] GC(52)  Metaspace       used 1019K, committed 1152K, reserved 1056768K
[14.101s][debug  ][gc,heap        ] GC(52)   class space    used 83K, committed 192K, reserved 1048576K
[14.101s][debug  ][gc,task,time   ] GC(52) VM-Thread 140963514 140989047 141008182
[14.396s][debug  ][gc,heap        ] GC(53) Heap before GC invocations=54 (full 9):
[14.396s][debug  ][gc,heap        ] GC(53)  PSYoungGen      total 230912K, used 229117K [0x00000000f0000000, 0x0000000100000000, 0x0000000100000000)
[14.396s][debug  ][gc,heap        ] GC(53)   eden space 199680K, 99% used [0x00000000f0000000,0x00000000fc1bf540,0x00000000fc300000)
[14.396s][debug  ][gc,heap        ] GC(53)   from space 31232K, 98% used [0x00000000fc300000,0x00000000fe100030,0x00000000fe180000)
[14.397s][debug  ][gc,heap        ] GC(53)   to   space 31232K, 0% used [0x00000000fe180000,0x00000000fe180000,0x0000000100000000)
[14.397s][debug  ][gc,heap        ] GC(53)  ParOldGen       total 1835008K, used 861796K [0x0000000080000000, 0x00000000f0000000, 0x00000000f0000000)
[14.397s][debug  ][gc,heap        ] GC(53)   object space 1835008K, 46% used [0x0000000080000000,0x00000000b4999118,0x00000000f0000000)
[14.397s][debug  ][gc,heap        ] GC(53)  Metaspace       used 1019K, committed 1152K, reserved 1056768K
[14.397s][debug  ][gc,heap        ] GC(53)   class space    used 83K, committed 192K, reserved 1048576K
[14.397s][debug  ][gc,tlab        ] GC(53) TLAB totals: thrds: 1  refills: 1 max: 1 slow allocs: 18 max 18 waste: 27.3% gc: 3929104B max: 3929104B slow: 0B max: 0B
[14.397s][info   ][gc,start       ] GC(53) Pause Young (Allocation Failure)
[14.397s][debug  ][gc,phases,start] GC(53) Scavenge
[14.412s][debug  ][gc,phases      ] GC(53) Scavenge 15.175ms
[14.412s][debug  ][gc,phases,start] GC(53) Reference Processing
[14.412s][debug  ][gc,ref         ] GC(53) Skipped phase 1 of Reference Processing: no references
[14.412s][debug  ][gc,ref         ] GC(53) Skipped phase 2 of Reference Processing: no references
[14.412s][debug  ][gc,ref         ] GC(53) Skipped phase 3 of Reference Processing: no references
[14.412s][debug  ][gc,ref         ] GC(53) Skipped phase 4 of Reference Processing: no references
[14.412s][debug  ][gc,phases,ref  ] GC(53) Reference Processing: 0.1ms
[14.412s][debug  ][gc,phases,ref  ] GC(53)   Reconsider SoftReferences: 0.0ms
[14.412s][debug  ][gc,phases,ref  ] GC(53)     SoftRef (ms):                  skipped
[14.412s][debug  ][gc,phases,ref  ] GC(53)   Notify Soft/WeakReferences: 0.0ms
[14.412s][debug  ][gc,phases,ref  ] GC(53)     SoftRef (ms):                  skipped
[14.412s][debug  ][gc,phases,ref  ] GC(53)     WeakRef (ms):                  skipped
[14.412s][debug  ][gc,phases,ref  ] GC(53)     FinalRef (ms):                 skipped
[14.412s][debug  ][gc,phases,ref  ] GC(53)     Total (ms):                    skipped
[14.412s][debug  ][gc,phases,ref  ] GC(53)   Notify and keep alive finalizable: 0.0ms
[14.412s][debug  ][gc,phases,ref  ] GC(53)     FinalRef (ms):                 skipped
[14.412s][debug  ][gc,phases,ref  ] GC(53)   Notify PhantomReferences: 0.0ms
[14.412s][debug  ][gc,phases,ref  ] GC(53)     PhantomRef (ms):               skipped
[14.412s][debug  ][gc,phases,ref  ] GC(53)   SoftReference:
[14.412s][debug  ][gc,phases,ref  ] GC(53)     Discovered: 0
[14.412s][debug  ][gc,phases,ref  ] GC(53)     Cleared: 0
[14.412s][debug  ][gc,phases,ref  ] GC(53)   WeakReference:
[14.412s][debug  ][gc,phases,ref  ] GC(53)     Discovered: 0
[14.412s][debug  ][gc,phases,ref  ] GC(53)     Cleared: 0
[14.412s][debug  ][gc,phases,ref  ] GC(53)   FinalReference:
[14.413s][debug  ][gc,phases,ref  ] GC(53)     Discovered: 0
[14.413s][debug  ][gc,phases,ref  ] GC(53)     Cleared: 0
[14.413s][debug  ][gc,phases,ref  ] GC(53)   PhantomReference:
[14.413s][debug  ][gc,phases,ref  ] GC(53)     Discovered: 0
[14.413s][debug  ][gc,phases,ref  ] GC(53)     Cleared: 0
[14.413s][debug  ][gc,phases      ] GC(53) Reference Processing 0.635ms
[14.413s][debug  ][gc,phases,start] GC(53) Weak Processing
[14.413s][debug  ][gc,phases      ] GC(53)   VM Weak                        Min:  0.0, Avg:  0.0, Max:  0.0, Diff:  0.0, Sum:  0.0, Workers: 6
[14.413s][debug  ][gc,phases      ] GC(53)     Dead                           Min: 0, Avg:  0.0, Max: 0, Diff: 0, Sum: 0, Workers: 6
[14.413s][debug  ][gc,phases      ] GC(53)     Total                          Min: 0, Avg:  1.3, Max: 8, Diff: 8, Sum: 8, Workers: 6
[14.413s][debug  ][gc,phases      ] GC(53)   ObjectSynchronizer Weak        Min:  0.0, Avg:  0.0, Max:  0.0, Diff:  0.0, Sum:  0.0, Workers: 6
[14.413s][debug  ][gc,phases      ] GC(53)     Dead                           Min: 0, Avg:  0.0, Max: 0, Diff: 0, Sum: 0, Workers: 6
[14.413s][debug  ][gc,phases      ] GC(53)     Total                          Min: 0, Avg:  0.5, Max: 3, Diff: 3, Sum: 3, Workers: 6
[14.413s][debug  ][gc,phases      ] GC(53)   JVMTI Tag Weak OopStorage      Min:  0.0, Avg:  0.0, Max:  0.0, Diff:  0.0, Sum:  0.0, Workers: 6
[14.413s][debug  ][gc,phases      ] GC(53)     Dead                           Min: 0, Avg:  0.0, Max: 0, Diff: 0, Sum: 0, Workers: 6
[14.413s][debug  ][gc,phases      ] GC(53)     Total                          Min: 0, Avg:  0.0, Max: 0, Diff: 0, Sum: 0, Workers: 6
[14.413s][debug  ][gc,phases      ] GC(53)   StringTable Weak               Min:  0.0, Avg:  0.0, Max:  0.0, Diff:  0.0, Sum:  0.0, Workers: 6
[14.413s][debug  ][gc,phases      ] GC(53)     Dead                           Min: 0, Avg:  0.0, Max: 0, Diff: 0, Sum: 0, Workers: 6
[14.413s][debug  ][gc,phases      ] GC(53)     Total                          Min: 768, Avg: 892.3, Max: 1131, Diff: 363, Sum: 5354, Workers: 6
[14.413s][debug  ][gc,phases      ] GC(53)   ResolvedMethodTable Weak       Min:  0.0, Avg:  0.0, Max:  0.0, Diff:  0.0, Sum:  0.0, Workers: 6
[14.413s][debug  ][gc,phases      ] GC(53)     Dead                           Min: 0, Avg:  0.0, Max: 0, Diff: 0, Sum: 0, Workers: 6
[14.413s][debug  ][gc,phases      ] GC(53)     Total                          Min: 0, Avg: 21.7, Max: 64, Diff: 64, Sum: 130, Workers: 6
[14.413s][debug  ][gc,phases      ] GC(53)   JNI Weak                       Min:  0.0, Avg:  0.0, Max:  0.0, Diff:  0.0, Sum:  0.0, Workers: 6
[14.413s][debug  ][gc,phases      ] GC(53)     Dead                           Min: 0, Avg:  0.0, Max: 0, Diff: 0, Sum: 0, Workers: 6
[14.413s][debug  ][gc,phases      ] GC(53)     Total                          Min: 0, Avg:  0.0, Max: 0, Diff: 0, Sum: 0, Workers: 6
[14.413s][debug  ][gc,phases      ] GC(53)   StringDedup Table Weak         Min:  0.0, Avg:  0.0, Max:  0.0, Diff:  0.0, Sum:  0.0, Workers: 6
[14.413s][debug  ][gc,phases      ] GC(53)     Dead                           Min: 0, Avg:  0.0, Max: 0, Diff: 0, Sum: 0, Workers: 6
[14.413s][debug  ][gc,phases      ] GC(53)     Total                          Min: 0, Avg:  0.0, Max: 0, Diff: 0, Sum: 0, Workers: 6
[14.413s][debug  ][gc,phases      ] GC(53)   StringDedup Requests0 Weak     Min:  0.0, Avg:  0.0, Max:  0.0, Diff:  0.0, Sum:  0.0, Workers: 6
[14.413s][debug  ][gc,phases      ] GC(53)     Dead                           Min: 0, Avg:  0.0, Max: 0, Diff: 0, Sum: 0, Workers: 6
[14.413s][debug  ][gc,phases      ] GC(53)     Total                          Min: 0, Avg:  0.0, Max: 0, Diff: 0, Sum: 0, Workers: 6
[14.413s][debug  ][gc,phases      ] GC(53)   StringDedup Requests1 Weak     Min:  0.0, Avg:  0.0, Max:  0.0, Diff:  0.0, Sum:  0.0, Workers: 6
[14.413s][debug  ][gc,phases      ] GC(53)     Dead                           Min: 0, Avg:  0.0, Max: 0, Diff: 0, Sum: 0, Workers: 6
[14.413s][debug  ][gc,phases      ] GC(53)     Total                          Min: 0, Avg:  0.0, Max: 0, Diff: 0, Sum: 0, Workers: 6
[14.413s][debug  ][gc,phases      ] GC(53)   Weak JFR Old Object Samples    Min:  0.0, Avg:  0.0, Max:  0.0, Diff:  0.0, Sum:  0.0, Workers: 6
[14.413s][debug  ][gc,phases      ] GC(53)     Dead                           Min: 0, Avg:  0.0, Max: 0, Diff: 0, Sum: 0, Workers: 6
[14.413s][debug  ][gc,phases      ] GC(53)     Total                          Min: 0, Avg:  0.0, Max: 0, Diff: 0, Sum: 0, Workers: 6
[14.413s][debug  ][gc,phases      ] GC(53) Weak Processing 0.669ms
[14.413s][debug  ][gc,ergo        ] GC(53) AdaptiveSizeStart:  collection: 54 
[14.413s][debug  ][gc,ergo        ] GC(53) avg_survived_padded_avg: 31780794.000000
[14.413s][debug  ][gc,ergo        ] GC(53) avg_promoted_padded_avg: 262042560.000000  avg_pretenured_padded_avg: 0.000000  tenuring_thresh: 1  target_size: 31981568
[14.413s][debug  ][gc,age         ] GC(53) Desired survivor size 31981568 bytes, new threshold 1 (max threshold 15)
[14.413s][debug  ][gc,ergo        ] GC(53) PSAdaptiveSizePolicy::compute_eden_space_size limits: desired_eden_size: 228227228 old_eden_size: 204472320 eden_limit: 204472320 cur_eden: 204472320 max_eden_size: 204472320 avg_young_live: 26233924
[14.413s][debug  ][gc,ergo        ] GC(53) PSAdaptiveSizePolicy::compute_eden_space_size: costs minor_time: 0.043827 major_cost: 0.039361 mutator_cost: 0.916812 throughput_goal: 0.990000
[14.413s][debug  ][gc,ergo        ] GC(53) Live_space: 911124928 free_space: 1226833920
[14.414s][debug  ][gc,ergo        ] GC(53) Old eden_size: 204472320 desired_eden_size: 204472320
[14.414s][debug  ][gc,ergo        ] GC(53) AdaptiveSizeStop: collection: 54 
[14.414s][info   ][gc,heap        ] GC(53) PSYoungGen: 229117K(230912K)->30720K(230912K) Eden: 198397K(199680K)->0K(199680K) From: 30720K(31232K)->30720K(31232K)
[14.414s][info   ][gc,heap        ] GC(53) ParOldGen: 861796K(1835008K)->1056356K(1835008K)
[14.414s][info   ][gc,metaspace   ] GC(53) Metaspace: 1019K(1152K)->1019K(1152K) NonClass: 936K(960K)->936K(960K) Class: 83K(192K)->83K(192K)
[14.414s][info   ][gc             ] GC(53) Pause Young (Allocation Failure) 1065M->1061M(2017M) 16.951ms
[14.414s][info   ][gc,cpu         ] GC(53) User=0.17s Sys=0.00s Real=0.02s
[14.414s][debug  ][gc,heap        ] GC(53) Heap after GC invocations=54 (full 9):
[14.414s][debug  ][gc,heap        ] GC(53)  PSYoungGen      total 230912K, used 30720K [0x00000000f0000000, 0x0000000100000000, 0x0000000100000000)
[14.414s][debug  ][gc,heap        ] GC(53)   eden space 199680K, 0% used [0x00000000f0000000,0x00000000f0000000,0x00000000fc300000)
[14.414s][debug  ][gc,heap        ] GC(53)   from space 31232K, 98% used [0x00000000fe180000,0x00000000fff80030,0x0000000100000000)
[14.414s][debug  ][gc,heap        ] GC(53)   to   space 31232K, 0% used [0x00000000fc300000,0x00000000fc300000,0x00000000fe180000)
[14.414s][debug  ][gc,heap        ] GC(53)  ParOldGen       total 1835008K, used 1056356K [0x0000000080000000, 0x00000000f0000000, 0x00000000f0000000)
[14.414s][debug  ][gc,heap        ] GC(53)   object space 1835008K, 57% used [0x0000000080000000,0x00000000c0799248,0x00000000f0000000)
[14.414s][debug  ][gc,heap        ] GC(53)  Metaspace       used 1019K, committed 1152K, reserved 1056768K
[14.414s][debug  ][gc,heap        ] GC(53)   class space    used 83K, committed 192K, reserved 1048576K
[14.414s][debug  ][gc,task,time   ] GC(53) VM-Thread 143963330 144119627 144138674
[14.711s][debug  ][gc,heap        ] GC(54) Heap before GC invocations=55 (full 9):
[14.711s][debug  ][gc,heap        ] GC(54)  PSYoungGen      total 230912K, used 229145K [0x00000000f0000000, 0x0000000100000000, 0x0000000100000000)
[14.711s][debug  ][gc,heap        ] GC(54)   eden space 199680K, 99% used [0x00000000f0000000,0x00000000fc1c6458,0x00000000fc300000)
[14.711s][debug  ][gc,heap        ] GC(54)   from space 31232K, 98% used [0x00000000fe180000,0x00000000fff80030,0x0000000100000000)
[14.711s][debug  ][gc,heap        ] GC(54)   to   space 31232K, 0% used [0x00000000fc300000,0x00000000fc300000,0x00000000fe180000)
[14.711s][debug  ][gc,heap        ] GC(54)  ParOldGen       total 1835008K, used 1056356K [0x0000000080000000, 0x00000000f0000000, 0x00000000f0000000)
[14.711s][debug  ][gc,heap        ] GC(54)   object space 1835008K, 57% used [0x0000000080000000,0x00000000c0799248,0x00000000f0000000)
[14.712s][debug  ][gc,heap        ] GC(54)  Metaspace       used 1019K, committed 1152K, reserved 1056768K
[14.712s][debug  ][gc,heap        ] GC(54)   class space    used 83K, committed 192K, reserved 1048576K
[14.712s][debug  ][gc,tlab        ] GC(54) TLAB totals: thrds: 1  refills: 1 max: 1 slow allocs: 18 max 18 waste: 27.4% gc: 3957544B max: 3957544B slow: 0B max: 0B
[14.712s][info   ][gc,start       ] GC(54) Pause Young (Allocation Failure)
[14.712s][debug  ][gc,phases,start] GC(54) Scavenge
[14.727s][debug  ][gc,phases      ] GC(54) Scavenge 15.315ms
[14.727s][debug  ][gc,phases,start] GC(54) Reference Processing
[14.727s][debug  ][gc,ref         ] GC(54) Skipped phase 1 of Reference Processing: no references
[14.727s][debug  ][gc,ref         ] GC(54) Skipped phase 2 of Reference Processing: no references
[14.727s][debug  ][gc,ref         ] GC(54) Skipped phase 3 of Reference Processing: no references
[14.727s][debug  ][gc,ref         ] GC(54) Skipped phase 4 of Reference Processing: no references
[14.727s][debug  ][gc,phases,ref  ] GC(54) Reference Processing: 0.1ms
[14.727s][debug  ][gc,phases,ref  ] GC(54)   Reconsider SoftReferences: 0.0ms
[14.727s][debug  ][gc,phases,ref  ] GC(54)     SoftRef (ms):                  skipped
[14.727s][debug  ][gc,phases,ref  ] GC(54)   Notify Soft/WeakReferences: 0.0ms
[14.727s][debug  ][gc,phases,ref  ] GC(54)     SoftRef (ms):                  skipped
[14.727s][debug  ][gc,phases,ref  ] GC(54)     WeakRef (ms):                  skipped
[14.727s][debug  ][gc,phases,ref  ] GC(54)     FinalRef (ms):                 skipped
[14.727s][debug  ][gc,phases,ref  ] GC(54)     Total (ms):                    skipped
[14.727s][debug  ][gc,phases,ref  ] GC(54)   Notify and keep alive finalizable: 0.0ms
[14.727s][debug  ][gc,phases,ref  ] GC(54)     FinalRef (ms):                 skipped
[14.727s][debug  ][gc,phases,ref  ] GC(54)   Notify PhantomReferences: 0.0ms
[14.727s][debug  ][gc,phases,ref  ] GC(54)     PhantomRef (ms):               skipped
[14.727s][debug  ][gc,phases,ref  ] GC(54)   SoftReference:
[14.727s][debug  ][gc,phases,ref  ] GC(54)     Discovered: 0
[14.728s][debug  ][gc,phases,ref  ] GC(54)     Cleared: 0
[14.728s][debug  ][gc,phases,ref  ] GC(54)   WeakReference:
[14.728s][debug  ][gc,phases,ref  ] GC(54)     Discovered: 0
[14.728s][debug  ][gc,phases,ref  ] GC(54)     Cleared: 0
[14.728s][debug  ][gc,phases,ref  ] GC(54)   FinalReference:
[14.728s][debug  ][gc,phases,ref  ] GC(54)     Discovered: 0
[14.728s][debug  ][gc,phases,ref  ] GC(54)     Cleared: 0
[14.728s][debug  ][gc,phases,ref  ] GC(54)   PhantomReference:
[14.728s][debug  ][gc,phases,ref  ] GC(54)     Discovered: 0
[14.728s][debug  ][gc,phases,ref  ] GC(54)     Cleared: 0
[14.728s][debug  ][gc,phases      ] GC(54) Reference Processing 0.600ms
[14.728s][debug  ][gc,phases,start] GC(54) Weak Processing
[14.728s][debug  ][gc,phases      ] GC(54)   VM Weak                        Min:  0.0, Avg:  0.0, Max:  0.0, Diff:  0.0, Sum:  0.0, Workers: 6
[14.728s][debug  ][gc,phases      ] GC(54)     Dead                           Min: 0, Avg:  0.0, Max: 0, Diff: 0, Sum: 0, Workers: 6
[14.728s][debug  ][gc,phases      ] GC(54)     Total                          Min: 0, Avg:  1.3, Max: 8, Diff: 8, Sum: 8, Workers: 6
[14.728s][debug  ][gc,phases      ] GC(54)   ObjectSynchronizer Weak        Min:  0.0, Avg:  0.0, Max:  0.0, Diff:  0.0, Sum:  0.0, Workers: 6
[14.728s][debug  ][gc,phases      ] GC(54)     Dead                           Min: 0, Avg:  0.0, Max: 0, Diff: 0, Sum: 0, Workers: 6
[14.728s][debug  ][gc,phases      ] GC(54)     Total                          Min: 0, Avg:  0.5, Max: 3, Diff: 3, Sum: 3, Workers: 6
[14.728s][debug  ][gc,phases      ] GC(54)   JVMTI Tag Weak OopStorage      Min:  0.0, Avg:  0.0, Max:  0.0, Diff:  0.0, Sum:  0.0, Workers: 6
[14.728s][debug  ][gc,phases      ] GC(54)     Dead                           Min: 0, Avg:  0.0, Max: 0, Diff: 0, Sum: 0, Workers: 6
[14.728s][debug  ][gc,phases      ] GC(54)     Total                          Min: 0, Avg:  0.0, Max: 0, Diff: 0, Sum: 0, Workers: 6
[14.728s][debug  ][gc,phases      ] GC(54)   StringTable Weak               Min:  0.0, Avg:  0.0, Max:  0.0, Diff:  0.0, Sum:  0.0, Workers: 6
[14.728s][debug  ][gc,phases      ] GC(54)     Dead                           Min: 0, Avg:  0.0, Max: 0, Diff: 0, Sum: 0, Workers: 6
[14.728s][debug  ][gc,phases      ] GC(54)     Total                          Min: 811, Avg: 892.3, Max: 1088, Diff: 277, Sum: 5354, Workers: 6
[14.728s][debug  ][gc,phases      ] GC(54)   ResolvedMethodTable Weak       Min:  0.0, Avg:  0.0, Max:  0.0, Diff:  0.0, Sum:  0.0, Workers: 6
[14.728s][debug  ][gc,phases      ] GC(54)     Dead                           Min: 0, Avg:  0.0, Max: 0, Diff: 0, Sum: 0, Workers: 6
[14.728s][debug  ][gc,phases      ] GC(54)     Total                          Min: 0, Avg: 21.7, Max: 64, Diff: 64, Sum: 130, Workers: 6
[14.728s][debug  ][gc,phases      ] GC(54)   JNI Weak                       Min:  0.0, Avg:  0.0, Max:  0.0, Diff:  0.0, Sum:  0.0, Workers: 6
[14.728s][debug  ][gc,phases      ] GC(54)     Dead                           Min: 0, Avg:  0.0, Max: 0, Diff: 0, Sum: 0, Workers: 6
[14.728s][debug  ][gc,phases      ] GC(54)     Total                          Min: 0, Avg:  0.0, Max: 0, Diff: 0, Sum: 0, Workers: 6
[14.728s][debug  ][gc,phases      ] GC(54)   StringDedup Table Weak         Min:  0.0, Avg:  0.0, Max:  0.0, Diff:  0.0, Sum:  0.0, Workers: 6
[14.728s][debug  ][gc,phases      ] GC(54)     Dead                           Min: 0, Avg:  0.0, Max: 0, Diff: 0, Sum: 0, Workers: 6
[14.728s][debug  ][gc,phases      ] GC(54)     Total                          Min: 0, Avg:  0.0, Max: 0, Diff: 0, Sum: 0, Workers: 6
[14.728s][debug  ][gc,phases      ] GC(54)   StringDedup Requests0 Weak     Min:  0.0, Avg:  0.0, Max:  0.0, Diff:  0.0, Sum:  0.0, Workers: 6
[14.728s][debug  ][gc,phases      ] GC(54)     Dead                           Min: 0, Avg:  0.0, Max: 0, Diff: 0, Sum: 0, Workers: 6
[14.728s][debug  ][gc,phases      ] GC(54)     Total                          Min: 0, Avg:  0.0, Max: 0, Diff: 0, Sum: 0, Workers: 6
[14.728s][debug  ][gc,phases      ] GC(54)   StringDedup Requests1 Weak     Min:  0.0, Avg:  0.0, Max:  0.0, Diff:  0.0, Sum:  0.0, Workers: 6
[14.728s][debug  ][gc,phases      ] GC(54)     Dead                           Min: 0, Avg:  0.0, Max: 0, Diff: 0, Sum: 0, Workers: 6
[14.728s][debug  ][gc,phases      ] GC(54)     Total                          Min: 0, Avg:  0.0, Max: 0, Diff: 0, Sum: 0, Workers: 6
[14.728s][debug  ][gc,phases      ] GC(54)   Weak JFR Old Object Samples    Min:  0.0, Avg:  0.0, Max:  0.0, Diff:  0.0, Sum:  0.0, Workers: 6
[14.728s][debug  ][gc,phases      ] GC(54)     Dead                           Min: 0, Avg:  0.0, Max: 0, Diff: 0, Sum: 0, Workers: 6
[14.728s][debug  ][gc,phases      ] GC(54)     Total                          Min: 0, Avg:  0.0, Max: 0, Diff: 0, Sum: 0, Workers: 6
[14.728s][debug  ][gc,phases      ] GC(54) Weak Processing 0.664ms
[14.728s][debug  ][gc,ergo        ] GC(54) AdaptiveSizeStart:  collection: 55 
[14.728s][debug  ][gc,ergo        ] GC(54) avg_survived_padded_avg: 31755258.000000
[14.728s][debug  ][gc,ergo        ] GC(54) avg_promoted_padded_avg: 266607520.000000  avg_pretenured_padded_avg: 0.000000  tenuring_thresh: 1  target_size: 31981568
[14.728s][debug  ][gc,age         ] GC(54) Desired survivor size 31981568 bytes, new threshold 1 (max threshold 15)
[14.728s][debug  ][gc,ergo        ] GC(54) PSAdaptiveSizePolicy::compute_eden_space_size limits: desired_eden_size: 228799828 old_eden_size: 204472320 eden_limit: 204472320 cur_eden: 204472320 max_eden_size: 204472320 avg_young_live: 26756264
[14.729s][debug  ][gc,ergo        ] GC(54) PSAdaptiveSizePolicy::compute_eden_space_size: costs minor_time: 0.046122 major_cost: 0.039361 mutator_cost: 0.914518 throughput_goal: 0.990000
[14.729s][debug  ][gc,ergo        ] GC(54) Live_space: 911647232 free_space: 1226833920
[14.729s][debug  ][gc,ergo        ] GC(54) Old eden_size: 204472320 desired_eden_size: 204472320
[14.729s][debug  ][gc,ergo        ] GC(54) AdaptiveSizeStop: collection: 55 
[14.729s][info   ][gc,heap        ] GC(54) PSYoungGen: 229145K(230912K)->30720K(230912K) Eden: 198425K(199680K)->0K(199680K) From: 30720K(31232K)->30720K(31232K)
[14.729s][info   ][gc,heap        ] GC(54) ParOldGen: 1056356K(1835008K)->1250916K(1835008K)
[14.729s][info   ][gc,metaspace   ] GC(54) Metaspace: 1019K(1152K)->1019K(1152K) NonClass: 936K(960K)->936K(960K) Class: 83K(192K)->83K(192K)
[14.729s][info   ][gc             ] GC(54) Pause Young (Allocation Failure) 1255M->1251M(2017M) 17.006ms
[14.729s][info   ][gc,cpu         ] GC(54) User=0.19s Sys=0.00s Real=0.02s
[14.729s][debug  ][gc,heap        ] GC(54) Heap after GC invocations=55 (full 9):
[14.729s][debug  ][gc,heap        ] GC(54)  PSYoungGen      total 230912K, used 30720K [0x00000000f0000000, 0x0000000100000000, 0x0000000100000000)
[14.729s][debug  ][gc,heap        ] GC(54)   eden space 199680K, 0% used [0x00000000f0000000,0x00000000f0000000,0x00000000fc300000)
[14.729s][debug  ][gc,heap        ] GC(54)   from space 31232K, 98% used [0x00000000fc300000,0x00000000fe100030,0x00000000fe180000)
[14.729s][debug  ][gc,heap        ] GC(54)   to   space 31232K, 0% used [0x00000000fe180000,0x00000000fe180000,0x0000000100000000)
[14.729s][debug  ][gc,heap        ] GC(54)  ParOldGen       total 1835008K, used 1250916K [0x0000000080000000, 0x00000000f0000000, 0x00000000f0000000)
[14.729s][debug  ][gc,heap        ] GC(54)   object space 1835008K, 68% used [0x0000000080000000,0x00000000cc599378,0x00000000f0000000)
[14.729s][debug  ][gc,heap        ] GC(54)  Metaspace       used 1019K, committed 1152K, reserved 1056768K
[14.729s][debug  ][gc,heap        ] GC(54)   class space    used 83K, committed 192K, reserved 1048576K
[14.729s][debug  ][gc,task,time   ] GC(54) VM-Thread 147112898 147270948 147289007
[15.030s][debug  ][gc,heap        ] GC(55) Heap before GC invocations=56 (full 9):
[15.031s][debug  ][gc,heap        ] GC(55)  PSYoungGen      total 230912K, used 229162K [0x00000000f0000000, 0x0000000100000000, 0x0000000100000000)
[15.031s][debug  ][gc,heap        ] GC(55)   eden space 199680K, 99% used [0x00000000f0000000,0x00000000fc1cabc8,0x00000000fc300000)
[15.031s][debug  ][gc,heap        ] GC(55)   from space 31232K, 98% used [0x00000000fc300000,0x00000000fe100030,0x00000000fe180000)
[15.031s][debug  ][gc,heap        ] GC(55)   to   space 31232K, 0% used [0x00000000fe180000,0x00000000fe180000,0x0000000100000000)
[15.031s][debug  ][gc,heap        ] GC(55)  ParOldGen       total 1835008K, used 1250916K [0x0000000080000000, 0x00000000f0000000, 0x00000000f0000000)
[15.031s][debug  ][gc,heap        ] GC(55)   object space 1835008K, 68% used [0x0000000080000000,0x00000000cc599378,0x00000000f0000000)
[15.031s][debug  ][gc,heap        ] GC(55)  Metaspace       used 1019K, committed 1152K, reserved 1056768K
[15.031s][debug  ][gc,heap        ] GC(55)   class space    used 83K, committed 192K, reserved 1048576K
[15.031s][debug  ][gc,tlab        ] GC(55) TLAB totals: thrds: 1  refills: 1 max: 1 slow allocs: 18 max 18 waste: 27.5% gc: 3975832B max: 3975832B slow: 0B max: 0B
[15.031s][info   ][gc,start       ] GC(55) Pause Young (Allocation Failure)
[15.031s][debug  ][gc,phases,start] GC(55) Scavenge
[15.046s][debug  ][gc,phases      ] GC(55) Scavenge 15.476ms
[15.046s][debug  ][gc,phases,start] GC(55) Reference Processing
[15.047s][debug  ][gc,ref         ] GC(55) Skipped phase 1 of Reference Processing: no references
[15.047s][debug  ][gc,ref         ] GC(55) Skipped phase 2 of Reference Processing: no references
[15.047s][debug  ][gc,ref         ] GC(55) Skipped phase 3 of Reference Processing: no references
[15.047s][debug  ][gc,ref         ] GC(55) Skipped phase 4 of Reference Processing: no references
[15.047s][debug  ][gc,phases,ref  ] GC(55) Reference Processing: 0.1ms
[15.047s][debug  ][gc,phases,ref  ] GC(55)   Reconsider SoftReferences: 0.0ms
[15.047s][debug  ][gc,phases,ref  ] GC(55)     SoftRef (ms):                  skipped
[15.047s][debug  ][gc,phases,ref  ] GC(55)   Notify Soft/WeakReferences: 0.0ms
[15.047s][debug  ][gc,phases,ref  ] GC(55)     SoftRef (ms):                  skipped
[15.047s][debug  ][gc,phases,ref  ] GC(55)     WeakRef (ms):                  skipped
[15.047s][debug  ][gc,phases,ref  ] GC(55)     FinalRef (ms):                 skipped
[15.047s][debug  ][gc,phases,ref  ] GC(55)     Total (ms):                    skipped
[15.047s][debug  ][gc,phases,ref  ] GC(55)   Notify and keep alive finalizable: 0.0ms
[15.047s][debug  ][gc,phases,ref  ] GC(55)     FinalRef (ms):                 skipped
[15.047s][debug  ][gc,phases,ref  ] GC(55)   Notify PhantomReferences: 0.0ms
[15.047s][debug  ][gc,phases,ref  ] GC(55)     PhantomRef (ms):               skipped
[15.047s][debug  ][gc,phases,ref  ] GC(55)   SoftReference:
[15.047s][debug  ][gc,phases,ref  ] GC(55)     Discovered: 0
[15.047s][debug  ][gc,phases,ref  ] GC(55)     Cleared: 0
[15.047s][debug  ][gc,phases,ref  ] GC(55)   WeakReference:
[15.047s][debug  ][gc,phases,ref  ] GC(55)     Discovered: 0
[15.047s][debug  ][gc,phases,ref  ] GC(55)     Cleared: 0
[15.047s][debug  ][gc,phases,ref  ] GC(55)   FinalReference:
[15.047s][debug  ][gc,phases,ref  ] GC(55)     Discovered: 0
[15.047s][debug  ][gc,phases,ref  ] GC(55)     Cleared: 0
[15.047s][debug  ][gc,phases,ref  ] GC(55)   PhantomReference:
[15.047s][debug  ][gc,phases,ref  ] GC(55)     Discovered: 0
[15.047s][debug  ][gc,phases,ref  ] GC(55)     Cleared: 0
[15.047s][debug  ][gc,phases      ] GC(55) Reference Processing 0.569ms
[15.047s][debug  ][gc,phases,start] GC(55) Weak Processing
[15.047s][debug  ][gc,phases      ] GC(55)   VM Weak                        Min:  0.0, Avg:  0.0, Max:  0.0, Diff:  0.0, Sum:  0.0, Workers: 6
[15.047s][debug  ][gc,phases      ] GC(55)     Dead                           Min: 0, Avg:  0.0, Max: 0, Diff: 0, Sum: 0, Workers: 6
[15.047s][debug  ][gc,phases      ] GC(55)     Total                          Min: 0, Avg:  1.3, Max: 8, Diff: 8, Sum: 8, Workers: 6
[15.047s][debug  ][gc,phases      ] GC(55)   ObjectSynchronizer Weak        Min:  0.0, Avg:  0.0, Max:  0.0, Diff:  0.0, Sum:  0.0, Workers: 6
[15.047s][debug  ][gc,phases      ] GC(55)     Dead                           Min: 0, Avg:  0.0, Max: 0, Diff: 0, Sum: 0, Workers: 6
[15.047s][debug  ][gc,phases      ] GC(55)     Total                          Min: 0, Avg:  0.5, Max: 3, Diff: 3, Sum: 3, Workers: 6
[15.047s][debug  ][gc,phases      ] GC(55)   JVMTI Tag Weak OopStorage      Min:  0.0, Avg:  0.0, Max:  0.0, Diff:  0.0, Sum:  0.0, Workers: 6
[15.047s][debug  ][gc,phases      ] GC(55)     Dead                           Min: 0, Avg:  0.0, Max: 0, Diff: 0, Sum: 0, Workers: 6
[15.047s][debug  ][gc,phases      ] GC(55)     Total                          Min: 0, Avg:  0.0, Max: 0, Diff: 0, Sum: 0, Workers: 6
[15.047s][debug  ][gc,phases      ] GC(55)   StringTable Weak               Min:  0.0, Avg:  0.0, Max:  0.0, Diff:  0.0, Sum:  0.0, Workers: 6
[15.047s][debug  ][gc,phases      ] GC(55)     Dead                           Min: 0, Avg:  0.0, Max: 0, Diff: 0, Sum: 0, Workers: 6
[15.047s][debug  ][gc,phases      ] GC(55)     Total                          Min: 704, Avg: 892.3, Max: 1088, Diff: 384, Sum: 5354, Workers: 6
[15.047s][debug  ][gc,phases      ] GC(55)   ResolvedMethodTable Weak       Min:  0.0, Avg:  0.0, Max:  0.0, Diff:  0.0, Sum:  0.0, Workers: 6
[15.047s][debug  ][gc,phases      ] GC(55)     Dead                           Min: 0, Avg:  0.0, Max: 0, Diff: 0, Sum: 0, Workers: 6
[15.047s][debug  ][gc,phases      ] GC(55)     Total                          Min: 0, Avg: 21.7, Max: 64, Diff: 64, Sum: 130, Workers: 6
[15.047s][debug  ][gc,phases      ] GC(55)   JNI Weak                       Min:  0.0, Avg:  0.0, Max:  0.0, Diff:  0.0, Sum:  0.0, Workers: 6
[15.047s][debug  ][gc,phases      ] GC(55)     Dead                           Min: 0, Avg:  0.0, Max: 0, Diff: 0, Sum: 0, Workers: 6
[15.047s][debug  ][gc,phases      ] GC(55)     Total                          Min: 0, Avg:  0.0, Max: 0, Diff: 0, Sum: 0, Workers: 6
[15.048s][debug  ][gc,phases      ] GC(55)   StringDedup Table Weak         Min:  0.0, Avg:  0.0, Max:  0.0, Diff:  0.0, Sum:  0.0, Workers: 6
[15.048s][debug  ][gc,phases      ] GC(55)     Dead                           Min: 0, Avg:  0.0, Max: 0, Diff: 0, Sum: 0, Workers: 6
[15.048s][debug  ][gc,phases      ] GC(55)     Total                          Min: 0, Avg:  0.0, Max: 0, Diff: 0, Sum: 0, Workers: 6
[15.048s][debug  ][gc,phases      ] GC(55)   StringDedup Requests0 Weak     Min:  0.0, Avg:  0.0, Max:  0.0, Diff:  0.0, Sum:  0.0, Workers: 6
[15.048s][debug  ][gc,phases      ] GC(55)     Dead                           Min: 0, Avg:  0.0, Max: 0, Diff: 0, Sum: 0, Workers: 6
[15.048s][debug  ][gc,phases      ] GC(55)     Total                          Min: 0, Avg:  0.0, Max: 0, Diff: 0, Sum: 0, Workers: 6
[15.048s][debug  ][gc,phases      ] GC(55)   StringDedup Requests1 Weak     Min:  0.0, Avg:  0.0, Max:  0.0, Diff:  0.0, Sum:  0.0, Workers: 6
[15.048s][debug  ][gc,phases      ] GC(55)     Dead                           Min: 0, Avg:  0.0, Max: 0, Diff: 0, Sum: 0, Workers: 6
[15.048s][debug  ][gc,phases      ] GC(55)     Total                          Min: 0, Avg:  0.0, Max: 0, Diff: 0, Sum: 0, Workers: 6
[15.048s][debug  ][gc,phases      ] GC(55)   Weak JFR Old Object Samples    Min:  0.0, Avg:  0.0, Max:  0.0, Diff:  0.0, Sum:  0.0, Workers: 6
[15.048s][debug  ][gc,phases      ] GC(55)     Dead                           Min: 0, Avg:  0.0, Max: 0, Diff: 0, Sum: 0, Workers: 6
[15.048s][debug  ][gc,phases      ] GC(55)     Total                          Min: 0, Avg:  0.0, Max: 0, Diff: 0, Sum: 0, Workers: 6
[15.048s][debug  ][gc,phases      ] GC(55) Weak Processing 0.672ms
[15.048s][debug  ][gc,ergo        ] GC(55) AdaptiveSizeStart:  collection: 56 
[15.048s][debug  ][gc,ergo        ] GC(55) avg_survived_padded_avg: 31731592.000000
[15.048s][debug  ][gc,ergo        ] GC(55) avg_promoted_padded_avg: 269631360.000000  avg_pretenured_padded_avg: 0.000000  tenuring_thresh: 1  target_size: 31981568
[15.048s][debug  ][gc,age         ] GC(55) Desired survivor size 31981568 bytes, new threshold 1 (max threshold 15)
[15.048s][debug  ][gc,ergo        ] GC(55) PSAdaptiveSizePolicy::compute_eden_space_size limits: desired_eden_size: 229192055 old_eden_size: 204472320 eden_limit: 204472320 cur_eden: 204472320 max_eden_size: 204472320 avg_young_live: 27226370
[15.048s][debug  ][gc,ergo        ] GC(55) PSAdaptiveSizePolicy::compute_eden_space_size: costs minor_time: 0.047768 major_cost: 0.039361 mutator_cost: 0.912872 throughput_goal: 0.990000
[15.048s][debug  ][gc,ergo        ] GC(55) Live_space: 912117376 free_space: 1226833920
[15.048s][debug  ][gc,ergo        ] GC(55) Old eden_size: 204472320 desired_eden_size: 204472320
[15.048s][debug  ][gc,ergo        ] GC(55) AdaptiveSizeStop: collection: 56 
[15.048s][info   ][gc,heap        ] GC(55) PSYoungGen: 229162K(230912K)->30720K(230912K) Eden: 198442K(199680K)->0K(199680K) From: 30720K(31232K)->30720K(31232K)
[15.048s][info   ][gc,heap        ] GC(55) ParOldGen: 1250916K(1835008K)->1445477K(1835008K)
[15.048s][info   ][gc,metaspace   ] GC(55) Metaspace: 1019K(1152K)->1019K(1152K) NonClass: 936K(960K)->936K(960K) Class: 83K(192K)->83K(192K)
[15.048s][info   ][gc             ] GC(55) Pause Young (Allocation Failure) 1445M->1441M(2017M) 17.150ms
[15.048s][info   ][gc,cpu         ] GC(55) User=0.19s Sys=0.00s Real=0.02s
[15.048s][debug  ][gc,heap        ] GC(55) Heap after GC invocations=56 (full 9):
[15.048s][debug  ][gc,heap        ] GC(55)  PSYoungGen      total 230912K, used 30720K [0x00000000f0000000, 0x0000000100000000, 0x0000000100000000)
[15.048s][debug  ][gc,heap        ] GC(55)   eden space 199680K, 0% used [0x00000000f0000000,0x00000000f0000000,0x00000000fc300000)
[15.048s][debug  ][gc,heap        ] GC(55)   from space 31232K, 98% used [0x00000000fe180000,0x00000000fff80030,0x0000000100000000)
[15.048s][debug  ][gc,heap        ] GC(55)   to   space 31232K, 0% used [0x00000000fc300000,0x00000000fc300000,0x00000000fe180000)
[15.048s][debug  ][gc,heap        ] GC(55)  ParOldGen       total 1835008K, used 1445477K [0x0000000080000000, 0x00000000f0000000, 0x00000000f0000000)
[15.048s][debug  ][gc,heap        ] GC(55)   object space 1835008K, 78% used [0x0000000080000000,0x00000000d83994a8,0x00000000f0000000)
[15.048s][debug  ][gc,heap        ] GC(55)  Metaspace       used 1019K, committed 1152K, reserved 1056768K
[15.048s][debug  ][gc,heap        ] GC(55)   class space    used 83K, committed 192K, reserved 1048576K
[15.048s][debug  ][gc,task,time   ] GC(55) VM-Thread 150304509 150464790 150482649
[15.346s][debug  ][gc,heap        ] GC(56) Heap before GC invocations=57 (full 9):
[15.346s][debug  ][gc,heap        ] GC(56)  PSYoungGen      total 230912K, used 229174K [0x00000000f0000000, 0x0000000100000000, 0x0000000100000000)
[15.346s][debug  ][gc,heap        ] GC(56)   eden space 199680K, 99% used [0x00000000f0000000,0x00000000fc1cd9b8,0x00000000fc300000)
[15.346s][debug  ][gc,heap        ] GC(56)   from space 31232K, 98% used [0x00000000fe180000,0x00000000fff80030,0x0000000100000000)
[15.346s][debug  ][gc,heap        ] GC(56)   to   space 31232K, 0% used [0x00000000fc300000,0x00000000fc300000,0x00000000fe180000)
[15.346s][debug  ][gc,heap        ] GC(56)  ParOldGen       total 1835008K, used 1445477K [0x0000000080000000, 0x00000000f0000000, 0x00000000f0000000)
[15.346s][debug  ][gc,heap        ] GC(56)   object space 1835008K, 78% used [0x0000000080000000,0x00000000d83994a8,0x00000000f0000000)
[15.346s][debug  ][gc,heap        ] GC(56)  Metaspace       used 1019K, committed 1152K, reserved 1056768K
[15.346s][debug  ][gc,heap        ] GC(56)   class space    used 83K, committed 192K, reserved 1048576K
[15.346s][debug  ][gc,tlab        ] GC(56) TLAB totals: thrds: 1  refills: 1 max: 1 slow allocs: 18 max 18 waste: 27.6% gc: 3987592B max: 3987592B slow: 0B max: 0B
[15.346s][info   ][gc,start       ] GC(56) Pause Young (Allocation Failure)
[15.346s][debug  ][gc,phases,start] GC(56) Scavenge
[15.362s][debug  ][gc,phases      ] GC(56) Scavenge 15.694ms
[15.362s][debug  ][gc,phases,start] GC(56) Reference Processing
[15.362s][debug  ][gc,ref         ] GC(56) Skipped phase 1 of Reference Processing: no references
[15.362s][debug  ][gc,ref         ] GC(56) Skipped phase 2 of Reference Processing: no references
[15.362s][debug  ][gc,ref         ] GC(56) Skipped phase 3 of Reference Processing: no references
[15.362s][debug  ][gc,ref         ] GC(56) Skipped phase 4 of Reference Processing: no references
[15.362s][debug  ][gc,phases,ref  ] GC(56) Reference Processing: 0.1ms
[15.362s][debug  ][gc,phases,ref  ] GC(56)   Reconsider SoftReferences: 0.0ms
[15.362s][debug  ][gc,phases,ref  ] GC(56)     SoftRef (ms):                  skipped
[15.362s][debug  ][gc,phases,ref  ] GC(56)   Notify Soft/WeakReferences: 0.0ms
[15.362s][debug  ][gc,phases,ref  ] GC(56)     SoftRef (ms):                  skipped
[15.362s][debug  ][gc,phases,ref  ] GC(56)     WeakRef (ms):                  skipped
[15.362s][debug  ][gc,phases,ref  ] GC(56)     FinalRef (ms):                 skipped
[15.362s][debug  ][gc,phases,ref  ] GC(56)     Total (ms):                    skipped
[15.362s][debug  ][gc,phases,ref  ] GC(56)   Notify and keep alive finalizable: 0.0ms
[15.362s][debug  ][gc,phases,ref  ] GC(56)     FinalRef (ms):                 skipped
[15.362s][debug  ][gc,phases,ref  ] GC(56)   Notify PhantomReferences: 0.0ms
[15.362s][debug  ][gc,phases,ref  ] GC(56)     PhantomRef (ms):               skipped
[15.362s][debug  ][gc,phases,ref  ] GC(56)   SoftReference:
[15.362s][debug  ][gc,phases,ref  ] GC(56)     Discovered: 0
[15.362s][debug  ][gc,phases,ref  ] GC(56)     Cleared: 0
[15.362s][debug  ][gc,phases,ref  ] GC(56)   WeakReference:
[15.362s][debug  ][gc,phases,ref  ] GC(56)     Discovered: 0
[15.362s][debug  ][gc,phases,ref  ] GC(56)     Cleared: 0
[15.363s][debug  ][gc,phases,ref  ] GC(56)   FinalReference:
[15.363s][debug  ][gc,phases,ref  ] GC(56)     Discovered: 0
[15.363s][debug  ][gc,phases,ref  ] GC(56)     Cleared: 0
[15.363s][debug  ][gc,phases,ref  ] GC(56)   PhantomReference:
[15.363s][debug  ][gc,phases,ref  ] GC(56)     Discovered: 0
[15.363s][debug  ][gc,phases,ref  ] GC(56)     Cleared: 0
[15.363s][debug  ][gc,phases      ] GC(56) Reference Processing 0.581ms
[15.363s][debug  ][gc,phases,start] GC(56) Weak Processing
[15.363s][debug  ][gc,phases      ] GC(56)   VM Weak                        Min:  0.0, Avg:  0.0, Max:  0.0, Diff:  0.0, Sum:  0.0, Workers: 6
[15.363s][debug  ][gc,phases      ] GC(56)     Dead                           Min: 0, Avg:  0.0, Max: 0, Diff: 0, Sum: 0, Workers: 6
[15.363s][debug  ][gc,phases      ] GC(56)     Total                          Min: 0, Avg:  1.3, Max: 8, Diff: 8, Sum: 8, Workers: 6
[15.363s][debug  ][gc,phases      ] GC(56)   ObjectSynchronizer Weak        Min:  0.0, Avg:  0.0, Max:  0.0, Diff:  0.0, Sum:  0.0, Workers: 6
[15.363s][debug  ][gc,phases      ] GC(56)     Dead                           Min: 0, Avg:  0.0, Max: 0, Diff: 0, Sum: 0, Workers: 6
[15.363s][debug  ][gc,phases      ] GC(56)     Total                          Min: 0, Avg:  0.5, Max: 3, Diff: 3, Sum: 3, Workers: 6
[15.363s][debug  ][gc,phases      ] GC(56)   JVMTI Tag Weak OopStorage      Min:  0.0, Avg:  0.0, Max:  0.0, Diff:  0.0, Sum:  0.0, Workers: 6
[15.363s][debug  ][gc,phases      ] GC(56)     Dead                           Min: 0, Avg:  0.0, Max: 0, Diff: 0, Sum: 0, Workers: 6
[15.363s][debug  ][gc,phases      ] GC(56)     Total                          Min: 0, Avg:  0.0, Max: 0, Diff: 0, Sum: 0, Workers: 6
[15.363s][debug  ][gc,phases      ] GC(56)   StringTable Weak               Min:  0.0, Avg:  0.0, Max:  0.0, Diff:  0.0, Sum:  0.0, Workers: 6
[15.363s][debug  ][gc,phases      ] GC(56)     Dead                           Min: 0, Avg:  0.0, Max: 0, Diff: 0, Sum: 0, Workers: 6
[15.363s][debug  ][gc,phases      ] GC(56)     Total                          Min: 703, Avg: 892.3, Max: 1088, Diff: 385, Sum: 5354, Workers: 6
[15.363s][debug  ][gc,phases      ] GC(56)   ResolvedMethodTable Weak       Min:  0.0, Avg:  0.0, Max:  0.0, Diff:  0.0, Sum:  0.0, Workers: 6
[15.363s][debug  ][gc,phases      ] GC(56)     Dead                           Min: 0, Avg:  0.0, Max: 0, Diff: 0, Sum: 0, Workers: 6
[15.363s][debug  ][gc,phases      ] GC(56)     Total                          Min: 0, Avg: 21.7, Max: 64, Diff: 64, Sum: 130, Workers: 6
[15.363s][debug  ][gc,phases      ] GC(56)   JNI Weak                       Min:  0.0, Avg:  0.0, Max:  0.0, Diff:  0.0, Sum:  0.0, Workers: 6
[15.363s][debug  ][gc,phases      ] GC(56)     Dead                           Min: 0, Avg:  0.0, Max: 0, Diff: 0, Sum: 0, Workers: 6
[15.363s][debug  ][gc,phases      ] GC(56)     Total                          Min: 0, Avg:  0.0, Max: 0, Diff: 0, Sum: 0, Workers: 6
[15.363s][debug  ][gc,phases      ] GC(56)   StringDedup Table Weak         Min:  0.0, Avg:  0.0, Max:  0.0, Diff:  0.0, Sum:  0.0, Workers: 6
[15.363s][debug  ][gc,phases      ] GC(56)     Dead                           Min: 0, Avg:  0.0, Max: 0, Diff: 0, Sum: 0, Workers: 6
[15.363s][debug  ][gc,phases      ] GC(56)     Total                          Min: 0, Avg:  0.0, Max: 0, Diff: 0, Sum: 0, Workers: 6
[15.363s][debug  ][gc,phases      ] GC(56)   StringDedup Requests0 Weak     Min:  0.0, Avg:  0.0, Max:  0.0, Diff:  0.0, Sum:  0.0, Workers: 6
[15.363s][debug  ][gc,phases      ] GC(56)     Dead                           Min: 0, Avg:  0.0, Max: 0, Diff: 0, Sum: 0, Workers: 6
[15.363s][debug  ][gc,phases      ] GC(56)     Total                          Min: 0, Avg:  0.0, Max: 0, Diff: 0, Sum: 0, Workers: 6
[15.363s][debug  ][gc,phases      ] GC(56)   StringDedup Requests1 Weak     Min:  0.0, Avg:  0.0, Max:  0.0, Diff:  0.0, Sum:  0.0, Workers: 6
[15.363s][debug  ][gc,phases      ] GC(56)     Dead                           Min: 0, Avg:  0.0, Max: 0, Diff: 0, Sum: 0, Workers: 6
[15.363s][debug  ][gc,phases      ] GC(56)     Total                          Min: 0, Avg:  0.0, Max: 0, Diff: 0, Sum: 0, Workers: 6
[15.363s][debug  ][gc,phases      ] GC(56)   Weak JFR Old Object Samples    Min:  0.0, Avg:  0.0, Max:  0.0, Diff:  0.0, Sum:  0.0, Workers: 6
[15.363s][debug  ][gc,phases      ] GC(56)     Dead                           Min: 0, Avg:  0.0, Max: 0, Diff: 0, Sum: 0, Workers: 6
[15.363s][debug  ][gc,phases      ] GC(56)     Total                          Min: 0, Avg:  0.0, Max: 0, Diff: 0, Sum: 0, Workers: 6
[15.363s][debug  ][gc,phases      ] GC(56) Weak Processing 0.668ms
[15.363s][debug  ][gc,ergo        ] GC(56) AdaptiveSizeStart:  collection: 57 
[15.363s][debug  ][gc,ergo        ] GC(56) avg_survived_padded_avg: 31709680.000000
[15.363s][debug  ][gc,ergo        ] GC(56) avg_promoted_padded_avg: 271376672.000000  avg_pretenured_padded_avg: 0.000000  tenuring_thresh: 1  target_size: 31981568
[15.363s][debug  ][gc,age         ] GC(56) Desired survivor size 31981568 bytes, new threshold 1 (max threshold 15)
[15.363s][debug  ][gc,ergo        ] GC(56) PSAdaptiveSizePolicy::compute_eden_space_size limits: desired_eden_size: 229553665 old_eden_size: 204472320 eden_limit: 204472320 cur_eden: 204472320 max_eden_size: 204472320 avg_young_live: 27649466
[15.363s][debug  ][gc,ergo        ] GC(56) PSAdaptiveSizePolicy::compute_eden_space_size: costs minor_time: 0.049342 major_cost: 0.039361 mutator_cost: 0.911297 throughput_goal: 0.990000
[15.363s][debug  ][gc,ergo        ] GC(56) Live_space: 912540480 free_space: 1226833920
[15.363s][debug  ][gc,ergo        ] GC(56) Old eden_size: 204472320 desired_eden_size: 204472320
[15.363s][debug  ][gc,ergo        ] GC(56) AdaptiveSizeStop: collection: 57 
[15.364s][info   ][gc,heap        ] GC(56) PSYoungGen: 229174K(230912K)->30720K(230912K) Eden: 198454K(199680K)->0K(199680K) From: 30720K(31232K)->30720K(31232K)
[15.364s][info   ][gc,heap        ] GC(56) ParOldGen: 1445477K(1835008K)->1640037K(1835008K)
[15.364s][info   ][gc,metaspace   ] GC(56) Metaspace: 1019K(1152K)->1019K(1152K) NonClass: 936K(960K)->936K(960K) Class: 83K(192K)->83K(192K)
[15.364s][info   ][gc             ] GC(56) Pause Young (Allocation Failure) 1635M->1631M(2017M) 17.374ms
[15.364s][info   ][gc,cpu         ] GC(56) User=0.14s Sys=0.00s Real=0.02s
[15.364s][debug  ][gc,heap        ] GC(56) Heap after GC invocations=57 (full 9):
[15.364s][debug  ][gc,heap        ] GC(56)  PSYoungGen      total 230912K, used 30720K [0x00000000f0000000, 0x0000000100000000, 0x0000000100000000)
[15.364s][debug  ][gc,heap        ] GC(56)   eden space 199680K, 0% used [0x00000000f0000000,0x00000000f0000000,0x00000000fc300000)
[15.364s][debug  ][gc,heap        ] GC(56)   from space 31232K, 98% used [0x00000000fc300000,0x00000000fe100030,0x00000000fe180000)
[15.364s][debug  ][gc,heap        ] GC(56)   to   space 31232K, 0% used [0x00000000fe180000,0x00000000fe180000,0x0000000100000000)
[15.364s][debug  ][gc,heap        ] GC(56)  ParOldGen       total 1835008K, used 1640037K [0x0000000080000000, 0x00000000f0000000, 0x00000000f0000000)
[15.364s][debug  ][gc,heap        ] GC(56)   object space 1835008K, 89% used [0x0000000080000000,0x00000000e41995d8,0x00000000f0000000)
[15.364s][debug  ][gc,heap        ] GC(56)  Metaspace       used 1019K, committed 1152K, reserved 1056768K
[15.364s][debug  ][gc,heap        ] GC(56)   class space    used 83K, committed 192K, reserved 1048576K
[15.364s][debug  ][gc,task,time   ] GC(56) VM-Thread 153457867 153620328 153638309
[15.364s][debug  ][gc,phases,start] GC(57) Pre Compact
[15.364s][debug  ][gc,heap        ] GC(57) Heap before GC invocations=58 (full 10):
[15.364s][debug  ][gc,heap        ] GC(57)  PSYoungGen      total 230912K, used 30720K [0x00000000f0000000, 0x0000000100000000, 0x0000000100000000)
[15.364s][debug  ][gc,heap        ] GC(57)   eden space 199680K, 0% used [0x00000000f0000000,0x00000000f0000000,0x00000000fc300000)
[15.364s][debug  ][gc,heap        ] GC(57)   from space 31232K, 98% used [0x00000000fc300000,0x00000000fe100030,0x00000000fe180000)
[15.364s][debug  ][gc,heap        ] GC(57)   to   space 31232K, 0% used [0x00000000fe180000,0x00000000fe180000,0x0000000100000000)
[15.364s][debug  ][gc,heap        ] GC(57)  ParOldGen       total 1835008K, used 1640037K [0x0000000080000000, 0x00000000f0000000, 0x00000000f0000000)
[15.364s][debug  ][gc,heap        ] GC(57)   object space 1835008K, 89% used [0x0000000080000000,0x00000000e41995d8,0x00000000f0000000)
[15.364s][debug  ][gc,heap        ] GC(57)  Metaspace       used 1019K, committed 1152K, reserved 1056768K
[15.364s][debug  ][gc,heap        ] GC(57)   class space    used 83K, committed 192K, reserved 1048576K
[15.364s][debug  ][gc,phases      ] GC(57) Pre Compact 0.202ms
[15.364s][info   ][gc,start       ] GC(57) Pause Full (Ergonomics)
[15.364s][info   ][gc,phases,start] GC(57) Marking Phase
[15.364s][debug  ][gc,phases,start] GC(57) Par Mark
[15.365s][debug  ][gc,phases      ] GC(57) Par Mark 0.503ms
[15.365s][debug  ][gc,phases,start] GC(57) Reference Processing
[15.365s][debug  ][gc,ref         ] GC(57) Skipped phase 1 of Reference Processing: no references
[15.365s][debug  ][gc,ref         ] GC(57) ReferenceProcessor::execute queues: 1, RefProcThreadModel::Single, marks_oops_alive: false
[15.365s][debug  ][gc,ref         ] GC(57) Skipped phase 3 of Reference Processing: no references
[15.365s][debug  ][gc,ref         ] GC(57) ReferenceProcessor::execute queues: 1, RefProcThreadModel::Single, marks_oops_alive: false
[15.365s][debug  ][gc,phases,ref  ] GC(57) Reference Processing: 0.1ms
[15.365s][debug  ][gc,phases,ref  ] GC(57)   Reconsider SoftReferences: 0.0ms
[15.365s][debug  ][gc,phases,ref  ] GC(57)     SoftRef (ms):                  skipped
[15.365s][debug  ][gc,phases,ref  ] GC(57)   Notify Soft/WeakReferences: 0.0ms
[15.365s][debug  ][gc,phases,ref  ] GC(57)     SoftRef (ms):                  Min:  0.0, Avg:  0.0, Max:  0.0, Diff:  0.0, Sum:  0.0, Workers: 12
[15.365s][debug  ][gc,phases,ref  ] GC(57)     WeakRef (ms):                  Min:  0.0, Avg:  0.0, Max:  0.0, Diff:  0.0, Sum:  0.0, Workers: 12
[15.365s][debug  ][gc,phases,ref  ] GC(57)     FinalRef (ms):                 Min:  0.0, Avg:  0.0, Max:  0.0, Diff:  0.0, Sum:  0.0, Workers: 12
[15.365s][debug  ][gc,phases,ref  ] GC(57)     Total (ms):                    Min:  0.0, Avg:  0.0, Max:  0.0, Diff:  0.0, Sum:  0.0, Workers: 12
[15.365s][debug  ][gc,phases,ref  ] GC(57)   Notify and keep alive finalizable: 0.0ms
[15.365s][debug  ][gc,phases,ref  ] GC(57)     FinalRef (ms):                 skipped
[15.365s][debug  ][gc,phases,ref  ] GC(57)   Notify PhantomReferences: 0.0ms
[15.365s][debug  ][gc,phases,ref  ] GC(57)     PhantomRef (ms):               Min:  0.0, Avg:  0.0, Max:  0.0, Diff:  0.0, Sum:  0.0, Workers: 12
[15.365s][debug  ][gc,phases,ref  ] GC(57)   SoftReference:
[15.365s][debug  ][gc,phases,ref  ] GC(57)     Discovered: 0
[15.365s][debug  ][gc,phases,ref  ] GC(57)     Cleared: 0
[15.365s][debug  ][gc,phases,ref  ] GC(57)   WeakReference:
[15.365s][debug  ][gc,phases,ref  ] GC(57)     Discovered: 51
[15.365s][debug  ][gc,phases,ref  ] GC(57)     Cleared: 51
[15.365s][debug  ][gc,phases,ref  ] GC(57)   FinalReference:
[15.365s][debug  ][gc,phases,ref  ] GC(57)     Discovered: 0
[15.365s][debug  ][gc,phases,ref  ] GC(57)     Cleared: 0
[15.365s][debug  ][gc,phases,ref  ] GC(57)   PhantomReference:
[15.365s][debug  ][gc,phases,ref  ] GC(57)     Discovered: 5
[15.365s][debug  ][gc,phases,ref  ] GC(57)     Cleared: 5
[15.365s][debug  ][gc,phases      ] GC(57) Reference Processing 0.621ms
[15.365s][debug  ][gc,phases,start] GC(57) Weak Processing
[15.365s][debug  ][gc,phases      ] GC(57)   VM Weak                        Min:  0.0, Avg:  0.0, Max:  0.0, Diff:  0.0, Sum:  0.0, Workers: 6
[15.365s][debug  ][gc,phases      ] GC(57)     Dead                           Min: 0, Avg:  0.0, Max: 0, Diff: 0, Sum: 0, Workers: 6
[15.365s][debug  ][gc,phases      ] GC(57)     Total                          Min: 0, Avg:  1.3, Max: 8, Diff: 8, Sum: 8, Workers: 6
[15.365s][debug  ][gc,phases      ] GC(57)   ObjectSynchronizer Weak        Min:  0.0, Avg:  0.0, Max:  0.0, Diff:  0.0, Sum:  0.0, Workers: 6
[15.365s][debug  ][gc,phases      ] GC(57)     Dead                           Min: 0, Avg:  0.0, Max: 0, Diff: 0, Sum: 0, Workers: 6
[15.365s][debug  ][gc,phases      ] GC(57)     Total                          Min: 0, Avg:  0.5, Max: 3, Diff: 3, Sum: 3, Workers: 6
[15.365s][debug  ][gc,phases      ] GC(57)   JVMTI Tag Weak OopStorage      Min:  0.0, Avg:  0.0, Max:  0.0, Diff:  0.0, Sum:  0.0, Workers: 6
[15.366s][debug  ][gc,phases      ] GC(57)     Dead                           Min: 0, Avg:  0.0, Max: 0, Diff: 0, Sum: 0, Workers: 6
[15.366s][debug  ][gc,phases      ] GC(57)     Total                          Min: 0, Avg:  0.0, Max: 0, Diff: 0, Sum: 0, Workers: 6
[15.366s][debug  ][gc,phases      ] GC(57)   StringTable Weak               Min:  0.0, Avg:  0.0, Max:  0.0, Diff:  0.0, Sum:  0.0, Workers: 6
[15.366s][debug  ][gc,phases      ] GC(57)     Dead                           Min: 0, Avg:  0.0, Max: 0, Diff: 0, Sum: 0, Workers: 6
[15.366s][debug  ][gc,phases      ] GC(57)     Total                          Min: 639, Avg: 892.3, Max: 1024, Diff: 385, Sum: 5354, Workers: 6
[15.366s][debug  ][gc,phases      ] GC(57)   ResolvedMethodTable Weak       Min:  0.0, Avg:  0.0, Max:  0.0, Diff:  0.0, Sum:  0.0, Workers: 6
[15.366s][debug  ][gc,phases      ] GC(57)     Dead                           Min: 0, Avg:  0.0, Max: 0, Diff: 0, Sum: 0, Workers: 6
[15.366s][debug  ][gc,phases      ] GC(57)     Total                          Min: 0, Avg: 21.7, Max: 64, Diff: 64, Sum: 130, Workers: 6
[15.366s][debug  ][gc,phases      ] GC(57)   JNI Weak                       Min:  0.0, Avg:  0.0, Max:  0.0, Diff:  0.0, Sum:  0.0, Workers: 6
[15.366s][debug  ][gc,phases      ] GC(57)     Dead                           Min: 0, Avg:  0.0, Max: 0, Diff: 0, Sum: 0, Workers: 6
[15.366s][debug  ][gc,phases      ] GC(57)     Total                          Min: 0, Avg:  0.0, Max: 0, Diff: 0, Sum: 0, Workers: 6
[15.366s][debug  ][gc,phases      ] GC(57)   StringDedup Table Weak         Min:  0.0, Avg:  0.0, Max:  0.0, Diff:  0.0, Sum:  0.0, Workers: 6
[15.366s][debug  ][gc,phases      ] GC(57)     Dead                           Min: 0, Avg:  0.0, Max: 0, Diff: 0, Sum: 0, Workers: 6
[15.366s][debug  ][gc,phases      ] GC(57)     Total                          Min: 0, Avg:  0.0, Max: 0, Diff: 0, Sum: 0, Workers: 6
[15.366s][debug  ][gc,phases      ] GC(57)   StringDedup Requests0 Weak     Min:  0.0, Avg:  0.0, Max:  0.0, Diff:  0.0, Sum:  0.0, Workers: 6
[15.366s][debug  ][gc,phases      ] GC(57)     Dead                           Min: 0, Avg:  0.0, Max: 0, Diff: 0, Sum: 0, Workers: 6
[15.366s][debug  ][gc,phases      ] GC(57)     Total                          Min: 0, Avg:  0.0, Max: 0, Diff: 0, Sum: 0, Workers: 6
[15.366s][debug  ][gc,phases      ] GC(57)   StringDedup Requests1 Weak     Min:  0.0, Avg:  0.0, Max:  0.0, Diff:  0.0, Sum:  0.0, Workers: 6
[15.366s][debug  ][gc,phases      ] GC(57)     Dead                           Min: 0, Avg:  0.0, Max: 0, Diff: 0, Sum: 0, Workers: 6
[15.366s][debug  ][gc,phases      ] GC(57)     Total                          Min: 0, Avg:  0.0, Max: 0, Diff: 0, Sum: 0, Workers: 6
[15.366s][debug  ][gc,phases      ] GC(57)   Weak JFR Old Object Samples    Min:  0.0, Avg:  0.0, Max:  0.0, Diff:  0.0, Sum:  0.0, Workers: 6
[15.366s][debug  ][gc,phases      ] GC(57)     Dead                           Min: 0, Avg:  0.0, Max: 0, Diff: 0, Sum: 0, Workers: 6
[15.366s][debug  ][gc,phases      ] GC(57)     Total                          Min: 0, Avg:  0.0, Max: 0, Diff: 0, Sum: 0, Workers: 6
[15.366s][debug  ][gc,phases      ] GC(57) Weak Processing 0.649ms
[15.366s][debug  ][gc,phases,start] GC(57) Class Unloading
[15.366s][debug  ][gc,phases,start] GC(57) ClassLoaderData
[15.366s][debug  ][gc,phases      ] GC(57) ClassLoaderData 0.019ms
[15.366s][debug  ][gc,phases,start] GC(57) Trigger cleanups
[15.366s][debug  ][gc,phases      ] GC(57) Trigger cleanups 0.018ms
[15.366s][debug  ][gc,phases      ] GC(57) Class Unloading 0.254ms
[15.366s][info   ][gc,phases      ] GC(57) Marking Phase 2.154ms
[15.366s][info   ][gc,phases,start] GC(57) Summary Phase
[15.366s][info   ][gc,phases      ] GC(57) Summary Phase 0.037ms
[15.366s][info   ][gc,phases,start] GC(57) Adjust Roots
[15.366s][info   ][gc,phases      ] GC(57) Adjust Roots 0.151ms
[15.367s][info   ][gc,phases,start] GC(57) Compaction Phase
[15.453s][info   ][gc,phases      ] GC(57) Compaction Phase 86.201ms
[15.453s][info   ][gc,phases,start] GC(57) Post Compact
[15.458s][info   ][gc,phases      ] GC(57) Post Compact 5.156ms
[15.458s][debug  ][gc,ergo        ] GC(57) AdaptiveSizeStart: collection: 58 
[15.458s][debug  ][gc,ergo        ] GC(57) PSAdaptiveSizePolicy::compute_eden_space_size limits: desired_eden_size: 227292645 old_eden_size: 204472320 eden_limit: 204472320 cur_eden: 204472320 max_eden_size: 204472320 avg_young_live: 24884518
[15.458s][debug  ][gc,ergo        ] GC(57) PSAdaptiveSizePolicy::compute_eden_space_size: costs minor_time: 0.049342 major_cost: 0.043615 mutator_cost: 0.907043 throughput_goal: 0.990000
[15.458s][debug  ][gc,ergo        ] GC(57) Live_space: 909775488 free_space: 1226833920
[15.458s][debug  ][gc,ergo        ] GC(57) Old eden_size: 204472320 desired_eden_size: 204472320
[15.458s][debug  ][gc,ergo        ] GC(57) PSAdaptiveSizePolicy::compute_old_gen_free_space: costs minor_time: 0.049342 major_cost: 0.043615  mutator_cost: 0.907043 throughput_goal: 0.990000
[15.458s][debug  ][gc,ergo        ] GC(57) Live_space: 931134976 free_space: 1226833920
[15.458s][debug  ][gc,ergo        ] GC(57) Old promo_size: 1022361600 desired_promo_size: 1142423552
[15.458s][debug  ][gc,ergo        ] GC(57) AdaptiveSizeStop: collection: 58 
[15.458s][info   ][gc,heap        ] GC(57) PSYoungGen: 30720K(230912K)->0K(230912K) Eden: 0K(199680K)->0K(199680K) From: 30720K(31232K)->0K(31232K)
[15.458s][info   ][gc,heap        ] GC(57) ParOldGen: 1640037K(1835008K)->810596K(1835008K)
[15.458s][info   ][gc,metaspace   ] GC(57) Metaspace: 1019K(1152K)->1019K(1152K) NonClass: 936K(960K)->936K(960K) Class: 83K(192K)->83K(192K)
[15.458s][info   ][gc             ] GC(57) Pause Full (Ergonomics) 1631M->791M(2017M) 94.349ms
[15.458s][info   ][gc,cpu         ] GC(57) User=0.95s Sys=0.00s Real=0.10s
[15.458s][debug  ][gc,heap        ] GC(57) Heap after GC invocations=58 (full 10):
[15.459s][debug  ][gc,heap        ] GC(57)  PSYoungGen      total 230912K, used 0K [0x00000000f0000000, 0x0000000100000000, 0x0000000100000000)
[15.459s][debug  ][gc,heap        ] GC(57)   eden space 199680K, 0% used [0x00000000f0000000,0x00000000f0000000,0x00000000fc300000)
[15.459s][debug  ][gc,heap        ] GC(57)   from space 31232K, 0% used [0x00000000fe180000,0x00000000fe180000,0x0000000100000000)
[15.459s][debug  ][gc,heap        ] GC(57)   to   space 31232K, 0% used [0x00000000fc300000,0x00000000fc300000,0x00000000fe180000)
[15.459s][debug  ][gc,heap        ] GC(57)  ParOldGen       total 1835008K, used 810596K [0x0000000080000000, 0x00000000f0000000, 0x00000000f0000000)
[15.459s][debug  ][gc,heap        ] GC(57)   object space 1835008K, 44% used [0x0000000080000000,0x00000000b17990c8,0x00000000f0000000)
[15.459s][debug  ][gc,heap        ] GC(57)  Metaspace       used 1019K, committed 1152K, reserved 1056768K
[15.459s][debug  ][gc,heap        ] GC(57)   class space    used 83K, committed 192K, reserved 1048576K
[15.459s][debug  ][gc,task,time   ] GC(57) VM-Thread 153641010 153665269 154584803
[15.755s][debug  ][gc,heap        ] GC(58) Heap before GC invocations=59 (full 10):
[15.755s][debug  ][gc,heap        ] GC(58)  PSYoungGen      total 230912K, used 198461K [0x00000000f0000000, 0x0000000100000000, 0x0000000100000000)
[15.755s][debug  ][gc,heap        ] GC(58)   eden space 199680K, 99% used [0x00000000f0000000,0x00000000fc1cf740,0x00000000fc300000)
[15.755s][debug  ][gc,heap        ] GC(58)   from space 31232K, 0% used [0x00000000fe180000,0x00000000fe180000,0x0000000100000000)
[15.755s][debug  ][gc,heap        ] GC(58)   to   space 31232K, 0% used [0x00000000fc300000,0x00000000fc300000,0x00000000fe180000)
[15.755s][debug  ][gc,heap        ] GC(58)  ParOldGen       total 1835008K, used 810596K [0x0000000080000000, 0x00000000f0000000, 0x00000000f0000000)
[15.755s][debug  ][gc,heap        ] GC(58)   object space 1835008K, 44% used [0x0000000080000000,0x00000000b17990c8,0x00000000f0000000)
[15.755s][debug  ][gc,heap        ] GC(58)  Metaspace       used 1019K, committed 1152K, reserved 1056768K
[15.755s][debug  ][gc,heap        ] GC(58)   class space    used 83K, committed 192K, reserved 1048576K
[15.755s][debug  ][gc,tlab        ] GC(58) TLAB totals: thrds: 1  refills: 1 max: 1 slow allocs: 18 max 18 waste: 27.6% gc: 3995152B max: 3995152B slow: 0B max: 0B
[15.755s][info   ][gc,start       ] GC(58) Pause Young (Allocation Failure)
[15.755s][debug  ][gc,phases,start] GC(58) Scavenge
[15.769s][debug  ][gc,phases      ] GC(58) Scavenge 14.075ms
[15.770s][debug  ][gc,phases,start] GC(58) Reference Processing
[15.770s][debug  ][gc,ref         ] GC(58) Skipped phase 1 of Reference Processing: no references
[15.770s][debug  ][gc,ref         ] GC(58) Skipped phase 2 of Reference Processing: no references
[15.770s][debug  ][gc,ref         ] GC(58) Skipped phase 3 of Reference Processing: no references
[15.770s][debug  ][gc,ref         ] GC(58) Skipped phase 4 of Reference Processing: no references
[15.770s][debug  ][gc,phases,ref  ] GC(58) Reference Processing: 0.1ms
[15.770s][debug  ][gc,phases,ref  ] GC(58)   Reconsider SoftReferences: 0.0ms
[15.770s][debug  ][gc,phases,ref  ] GC(58)     SoftRef (ms):                  skipped
[15.770s][debug  ][gc,phases,ref  ] GC(58)   Notify Soft/WeakReferences: 0.0ms
[15.770s][debug  ][gc,phases,ref  ] GC(58)     SoftRef (ms):                  skipped
[15.770s][debug  ][gc,phases,ref  ] GC(58)     WeakRef (ms):                  skipped
[15.770s][debug  ][gc,phases,ref  ] GC(58)     FinalRef (ms):                 skipped
[15.770s][debug  ][gc,phases,ref  ] GC(58)     Total (ms):                    skipped
[15.770s][debug  ][gc,phases,ref  ] GC(58)   Notify and keep alive finalizable: 0.0ms
[15.770s][debug  ][gc,phases,ref  ] GC(58)     FinalRef (ms):                 skipped
[15.770s][debug  ][gc,phases,ref  ] GC(58)   Notify PhantomReferences: 0.0ms
[15.770s][debug  ][gc,phases,ref  ] GC(58)     PhantomRef (ms):               skipped
[15.770s][debug  ][gc,phases,ref  ] GC(58)   SoftReference:
[15.770s][debug  ][gc,phases,ref  ] GC(58)     Discovered: 0
[15.770s][debug  ][gc,phases,ref  ] GC(58)     Cleared: 0
[15.770s][debug  ][gc,phases,ref  ] GC(58)   WeakReference:
[15.770s][debug  ][gc,phases,ref  ] GC(58)     Discovered: 0
[15.770s][debug  ][gc,phases,ref  ] GC(58)     Cleared: 0
[15.770s][debug  ][gc,phases,ref  ] GC(58)   FinalReference:
[15.770s][debug  ][gc,phases,ref  ] GC(58)     Discovered: 0
[15.770s][debug  ][gc,phases,ref  ] GC(58)     Cleared: 0
[15.770s][debug  ][gc,phases,ref  ] GC(58)   PhantomReference:
[15.770s][debug  ][gc,phases,ref  ] GC(58)     Discovered: 0
[15.770s][debug  ][gc,phases,ref  ] GC(58)     Cleared: 0
[15.770s][debug  ][gc,phases      ] GC(58) Reference Processing 0.691ms
[15.770s][debug  ][gc,phases,start] GC(58) Weak Processing
[15.770s][debug  ][gc,phases      ] GC(58)   VM Weak                        Min:  0.0, Avg:  0.0, Max:  0.0, Diff:  0.0, Sum:  0.0, Workers: 6
[15.770s][debug  ][gc,phases      ] GC(58)     Dead                           Min: 0, Avg:  0.0, Max: 0, Diff: 0, Sum: 0, Workers: 6
[15.770s][debug  ][gc,phases      ] GC(58)     Total                          Min: 0, Avg:  1.3, Max: 8, Diff: 8, Sum: 8, Workers: 6
[15.770s][debug  ][gc,phases      ] GC(58)   ObjectSynchronizer Weak        Min:  0.0, Avg:  0.0, Max:  0.0, Diff:  0.0, Sum:  0.0, Workers: 6
[15.770s][debug  ][gc,phases      ] GC(58)     Dead                           Min: 0, Avg:  0.0, Max: 0, Diff: 0, Sum: 0, Workers: 6
[15.770s][debug  ][gc,phases      ] GC(58)     Total                          Min: 0, Avg:  0.5, Max: 3, Diff: 3, Sum: 3, Workers: 6
[15.770s][debug  ][gc,phases      ] GC(58)   JVMTI Tag Weak OopStorage      Min:  0.0, Avg:  0.0, Max:  0.0, Diff:  0.0, Sum:  0.0, Workers: 6
[15.771s][debug  ][gc,phases      ] GC(58)     Dead                           Min: 0, Avg:  0.0, Max: 0, Diff: 0, Sum: 0, Workers: 6
[15.771s][debug  ][gc,phases      ] GC(58)     Total                          Min: 0, Avg:  0.0, Max: 0, Diff: 0, Sum: 0, Workers: 6
[15.771s][debug  ][gc,phases      ] GC(58)   StringTable Weak               Min:  0.0, Avg:  0.0, Max:  0.0, Diff:  0.0, Sum:  0.0, Workers: 6
[15.771s][debug  ][gc,phases      ] GC(58)     Dead                           Min: 0, Avg:  0.0, Max: 0, Diff: 0, Sum: 0, Workers: 6
[15.771s][debug  ][gc,phases      ] GC(58)     Total                          Min: 639, Avg: 892.3, Max: 1387, Diff: 748, Sum: 5354, Workers: 6
[15.771s][debug  ][gc,phases      ] GC(58)   ResolvedMethodTable Weak       Min:  0.0, Avg:  0.0, Max:  0.0, Diff:  0.0, Sum:  0.0, Workers: 6
[15.771s][debug  ][gc,phases      ] GC(58)     Dead                           Min: 0, Avg:  0.0, Max: 0, Diff: 0, Sum: 0, Workers: 6
[15.771s][debug  ][gc,phases      ] GC(58)     Total                          Min: 0, Avg: 21.7, Max: 64, Diff: 64, Sum: 130, Workers: 6
[15.771s][debug  ][gc,phases      ] GC(58)   JNI Weak                       Min:  0.0, Avg:  0.0, Max:  0.0, Diff:  0.0, Sum:  0.0, Workers: 6
[15.771s][debug  ][gc,phases      ] GC(58)     Dead                           Min: 0, Avg:  0.0, Max: 0, Diff: 0, Sum: 0, Workers: 6
[15.771s][debug  ][gc,phases      ] GC(58)     Total                          Min: 0, Avg:  0.0, Max: 0, Diff: 0, Sum: 0, Workers: 6
[15.771s][debug  ][gc,phases      ] GC(58)   StringDedup Table Weak         Min:  0.0, Avg:  0.0, Max:  0.0, Diff:  0.0, Sum:  0.0, Workers: 6
[15.771s][debug  ][gc,phases      ] GC(58)     Dead                           Min: 0, Avg:  0.0, Max: 0, Diff: 0, Sum: 0, Workers: 6
[15.771s][debug  ][gc,phases      ] GC(58)     Total                          Min: 0, Avg:  0.0, Max: 0, Diff: 0, Sum: 0, Workers: 6
[15.771s][debug  ][gc,phases      ] GC(58)   StringDedup Requests0 Weak     Min:  0.0, Avg:  0.0, Max:  0.0, Diff:  0.0, Sum:  0.0, Workers: 6
[15.771s][debug  ][gc,phases      ] GC(58)     Dead                           Min: 0, Avg:  0.0, Max: 0, Diff: 0, Sum: 0, Workers: 6
[15.771s][debug  ][gc,phases      ] GC(58)     Total                          Min: 0, Avg:  0.0, Max: 0, Diff: 0, Sum: 0, Workers: 6
[15.771s][debug  ][gc,phases      ] GC(58)   StringDedup Requests1 Weak     Min:  0.0, Avg:  0.0, Max:  0.0, Diff:  0.0, Sum:  0.0, Workers: 6
[15.771s][debug  ][gc,phases      ] GC(58)     Dead                           Min: 0, Avg:  0.0, Max: 0, Diff: 0, Sum: 0, Workers: 6
[15.771s][debug  ][gc,phases      ] GC(58)     Total                          Min: 0, Avg:  0.0, Max: 0, Diff: 0, Sum: 0, Workers: 6
[15.771s][debug  ][gc,phases      ] GC(58)   Weak JFR Old Object Samples    Min:  0.0, Avg:  0.0, Max:  0.0, Diff:  0.0, Sum:  0.0, Workers: 6
[15.771s][debug  ][gc,phases      ] GC(58)     Dead                           Min: 0, Avg:  0.0, Max: 0, Diff: 0, Sum: 0, Workers: 6
[15.771s][debug  ][gc,phases      ] GC(58)     Total                          Min: 0, Avg:  0.0, Max: 0, Diff: 0, Sum: 0, Workers: 6
[15.771s][debug  ][gc,phases      ] GC(58) Weak Processing 0.918ms
[15.771s][debug  ][gc,ergo        ] GC(58) AdaptiveSizeStart:  collection: 59 
[15.771s][debug  ][gc,ergo        ] GC(58) avg_survived_padded_avg: 31689410.000000
[15.771s][debug  ][gc,ergo        ] GC(58) avg_promoted_padded_avg: 261602800.000000  avg_pretenured_padded_avg: 0.000000  tenuring_thresh: 1  target_size: 31981568
[15.771s][debug  ][gc,age         ] GC(58) Desired survivor size 31981568 bytes, new threshold 1 (max threshold 15)
[15.771s][debug  ][gc,ergo        ] GC(58) PSAdaptiveSizePolicy::compute_eden_space_size limits: desired_eden_size: 226704972 old_eden_size: 204472320 eden_limit: 204472320 cur_eden: 204472320 max_eden_size: 204472320 avg_young_live: 25541798
[15.771s][debug  ][gc,ergo        ] GC(58) PSAdaptiveSizePolicy::compute_eden_space_size: costs minor_time: 0.046711 major_cost: 0.043615 mutator_cost: 0.909674 throughput_goal: 0.990000
[15.771s][debug  ][gc,ergo        ] GC(58) Live_space: 931792256 free_space: 1346895872
[15.771s][debug  ][gc,ergo        ] GC(58) Old eden_size: 204472320 desired_eden_size: 204472320
[15.771s][debug  ][gc,ergo        ] GC(58) AdaptiveSizeStop: collection: 59 
[15.771s][info   ][gc,heap        ] GC(58) PSYoungGen: 198461K(230912K)->30720K(230912K) Eden: 198461K(199680K)->0K(199680K) From: 0K(31232K)->30720K(31232K)
[15.771s][info   ][gc,heap        ] GC(58) ParOldGen: 810596K(1835008K)->974436K(1835008K)
[15.771s][info   ][gc,metaspace   ] GC(58) Metaspace: 1019K(1152K)->1019K(1152K) NonClass: 936K(960K)->936K(960K) Class: 83K(192K)->83K(192K)
[15.772s][info   ][gc             ] GC(58) Pause Young (Allocation Failure) 985M->981M(2017M) 16.203ms
[15.772s][info   ][gc,cpu         ] GC(58) User=0.14s Sys=0.00s Real=0.02s
[15.772s][debug  ][gc,heap        ] GC(58) Heap after GC invocations=59 (full 10):
[15.772s][debug  ][gc,heap        ] GC(58)  PSYoungGen      total 230912K, used 30720K [0x00000000f0000000, 0x0000000100000000, 0x0000000100000000)
[15.772s][debug  ][gc,heap        ] GC(58)   eden space 199680K, 0% used [0x00000000f0000000,0x00000000f0000000,0x00000000fc300000)
[15.772s][debug  ][gc,heap        ] GC(58)   from space 31232K, 98% used [0x00000000fc300000,0x00000000fe100030,0x00000000fe180000)
[15.772s][debug  ][gc,heap        ] GC(58)   to   space 31232K, 0% used [0x00000000fe180000,0x00000000fe180000,0x0000000100000000)
[15.772s][debug  ][gc,heap        ] GC(58)  ParOldGen       total 1835008K, used 974436K [0x0000000080000000, 0x00000000f0000000, 0x00000000f0000000)
[15.772s][debug  ][gc,heap        ] GC(58)   object space 1835008K, 53% used [0x0000000080000000,0x00000000bb7991c8,0x00000000f0000000)
[15.772s][debug  ][gc,heap        ] GC(58)  Metaspace       used 1019K, committed 1152K, reserved 1056768K
[15.772s][debug  ][gc,heap        ] GC(58)   class space    used 83K, committed 192K, reserved 1048576K
[15.772s][debug  ][gc,task,time   ] GC(58) VM-Thread 157548855 157695563 157717960
[16.071s][debug  ][gc,heap        ] GC(59) Heap before GC invocations=60 (full 10):
[16.071s][debug  ][gc,heap        ] GC(59)  PSYoungGen      total 230912K, used 229114K [0x00000000f0000000, 0x0000000100000000, 0x0000000100000000)
[16.071s][debug  ][gc,heap        ] GC(59)   eden space 199680K, 99% used [0x00000000f0000000,0x00000000fc1be9c8,0x00000000fc300000)
[16.071s][debug  ][gc,heap        ] GC(59)   from space 31232K, 98% used [0x00000000fc300000,0x00000000fe100030,0x00000000fe180000)
[16.071s][debug  ][gc,heap        ] GC(59)   to   space 31232K, 0% used [0x00000000fe180000,0x00000000fe180000,0x0000000100000000)
[16.071s][debug  ][gc,heap        ] GC(59)  ParOldGen       total 1835008K, used 974436K [0x0000000080000000, 0x00000000f0000000, 0x00000000f0000000)
[16.071s][debug  ][gc,heap        ] GC(59)   object space 1835008K, 53% used [0x0000000080000000,0x00000000bb7991c8,0x00000000f0000000)
[16.071s][debug  ][gc,heap        ] GC(59)  Metaspace       used 1021K, committed 1216K, reserved 1056768K
[16.071s][debug  ][gc,heap        ] GC(59)   class space    used 83K, committed 192K, reserved 1048576K
[16.071s][debug  ][gc,tlab        ] GC(59) TLAB totals: thrds: 1  refills: 1 max: 1 slow allocs: 18 max 18 waste: 27.2% gc: 3925000B max: 3925000B slow: 0B max: 0B
[16.071s][info   ][gc,start       ] GC(59) Pause Young (Allocation Failure)
[16.071s][debug  ][gc,phases,start] GC(59) Scavenge
[16.084s][debug  ][gc,phases      ] GC(59) Scavenge 12.259ms
[16.084s][debug  ][gc,phases,start] GC(59) Reference Processing
[16.084s][debug  ][gc,ref         ] GC(59) Skipped phase 1 of Reference Processing: no references
[16.084s][debug  ][gc,ref         ] GC(59) Skipped phase 2 of Reference Processing: no references
[16.084s][debug  ][gc,ref         ] GC(59) Skipped phase 3 of Reference Processing: no references
[16.084s][debug  ][gc,ref         ] GC(59) Skipped phase 4 of Reference Processing: no references
[16.084s][debug  ][gc,phases,ref  ] GC(59) Reference Processing: 0.1ms
[16.084s][debug  ][gc,phases,ref  ] GC(59)   Reconsider SoftReferences: 0.0ms
[16.084s][debug  ][gc,phases,ref  ] GC(59)     SoftRef (ms):                  skipped
[16.084s][debug  ][gc,phases,ref  ] GC(59)   Notify Soft/WeakReferences: 0.0ms
[16.084s][debug  ][gc,phases,ref  ] GC(59)     SoftRef (ms):                  skipped
[16.084s][debug  ][gc,phases,ref  ] GC(59)     WeakRef (ms):                  skipped
[16.084s][debug  ][gc,phases,ref  ] GC(59)     FinalRef (ms):                 skipped
[16.084s][debug  ][gc,phases,ref  ] GC(59)     Total (ms):                    skipped
[16.084s][debug  ][gc,phases,ref  ] GC(59)   Notify and keep alive finalizable: 0.0ms
[16.084s][debug  ][gc,phases,ref  ] GC(59)     FinalRef (ms):                 skipped
[16.084s][debug  ][gc,phases,ref  ] GC(59)   Notify PhantomReferences: 0.0ms
[16.084s][debug  ][gc,phases,ref  ] GC(59)     PhantomRef (ms):               skipped
[16.084s][debug  ][gc,phases,ref  ] GC(59)   SoftReference:
[16.084s][debug  ][gc,phases,ref  ] GC(59)     Discovered: 0
[16.084s][debug  ][gc,phases,ref  ] GC(59)     Cleared: 0
[16.084s][debug  ][gc,phases,ref  ] GC(59)   WeakReference:
[16.084s][debug  ][gc,phases,ref  ] GC(59)     Discovered: 0
[16.084s][debug  ][gc,phases,ref  ] GC(59)     Cleared: 0
[16.084s][debug  ][gc,phases,ref  ] GC(59)   FinalReference:
[16.084s][debug  ][gc,phases,ref  ] GC(59)     Discovered: 0
[16.084s][debug  ][gc,phases,ref  ] GC(59)     Cleared: 0
[16.084s][debug  ][gc,phases,ref  ] GC(59)   PhantomReference:
[16.084s][debug  ][gc,phases,ref  ] GC(59)     Discovered: 0
[16.084s][debug  ][gc,phases,ref  ] GC(59)     Cleared: 0
[16.084s][debug  ][gc,phases      ] GC(59) Reference Processing 0.674ms
[16.084s][debug  ][gc,phases,start] GC(59) Weak Processing
[16.085s][debug  ][gc,phases      ] GC(59)   VM Weak                        Min:  0.0, Avg:  0.0, Max:  0.0, Diff:  0.0, Sum:  0.0, Workers: 6
[16.085s][debug  ][gc,phases      ] GC(59)     Dead                           Min: 0, Avg:  0.0, Max: 0, Diff: 0, Sum: 0, Workers: 6
[16.085s][debug  ][gc,phases      ] GC(59)     Total                          Min: 0, Avg:  1.3, Max: 8, Diff: 8, Sum: 8, Workers: 6
[16.085s][debug  ][gc,phases      ] GC(59)   ObjectSynchronizer Weak        Min:  0.0, Avg:  0.0, Max:  0.0, Diff:  0.0, Sum:  0.0, Workers: 6
[16.085s][debug  ][gc,phases      ] GC(59)     Dead                           Min: 0, Avg:  0.0, Max: 0, Diff: 0, Sum: 0, Workers: 6
[16.085s][debug  ][gc,phases      ] GC(59)     Total                          Min: 0, Avg:  0.5, Max: 3, Diff: 3, Sum: 3, Workers: 6
[16.085s][debug  ][gc,phases      ] GC(59)   JVMTI Tag Weak OopStorage      Min:  0.0, Avg:  0.0, Max:  0.0, Diff:  0.0, Sum:  0.0, Workers: 6
[16.085s][debug  ][gc,phases      ] GC(59)     Dead                           Min: 0, Avg:  0.0, Max: 0, Diff: 0, Sum: 0, Workers: 6
[16.085s][debug  ][gc,phases      ] GC(59)     Total                          Min: 0, Avg:  0.0, Max: 0, Diff: 0, Sum: 0, Workers: 6
[16.085s][debug  ][gc,phases      ] GC(59)   StringTable Weak               Min:  0.0, Avg:  0.0, Max:  0.0, Diff:  0.0, Sum:  0.1, Workers: 6
[16.085s][debug  ][gc,phases      ] GC(59)     Dead                           Min: 0, Avg:  0.0, Max: 0, Diff: 0, Sum: 0, Workers: 6
[16.085s][debug  ][gc,phases      ] GC(59)     Total                          Min: 704, Avg: 892.3, Max: 1152, Diff: 448, Sum: 5354, Workers: 6
[16.085s][debug  ][gc,phases      ] GC(59)   ResolvedMethodTable Weak       Min:  0.0, Avg:  0.0, Max:  0.0, Diff:  0.0, Sum:  0.0, Workers: 6
[16.085s][debug  ][gc,phases      ] GC(59)     Dead                           Min: 0, Avg:  0.0, Max: 0, Diff: 0, Sum: 0, Workers: 6
[16.085s][debug  ][gc,phases      ] GC(59)     Total                          Min: 0, Avg: 21.7, Max: 64, Diff: 64, Sum: 130, Workers: 6
[16.085s][debug  ][gc,phases      ] GC(59)   JNI Weak                       Min:  0.0, Avg:  0.0, Max:  0.0, Diff:  0.0, Sum:  0.0, Workers: 6
[16.085s][debug  ][gc,phases      ] GC(59)     Dead                           Min: 0, Avg:  0.0, Max: 0, Diff: 0, Sum: 0, Workers: 6
[16.085s][debug  ][gc,phases      ] GC(59)     Total                          Min: 0, Avg:  0.0, Max: 0, Diff: 0, Sum: 0, Workers: 6
[16.085s][debug  ][gc,phases      ] GC(59)   StringDedup Table Weak         Min:  0.0, Avg:  0.0, Max:  0.0, Diff:  0.0, Sum:  0.0, Workers: 6
[16.085s][debug  ][gc,phases      ] GC(59)     Dead                           Min: 0, Avg:  0.0, Max: 0, Diff: 0, Sum: 0, Workers: 6
[16.085s][debug  ][gc,phases      ] GC(59)     Total                          Min: 0, Avg:  0.0, Max: 0, Diff: 0, Sum: 0, Workers: 6
[16.085s][debug  ][gc,phases      ] GC(59)   StringDedup Requests0 Weak     Min:  0.0, Avg:  0.0, Max:  0.0, Diff:  0.0, Sum:  0.0, Workers: 6
[16.085s][debug  ][gc,phases      ] GC(59)     Dead                           Min: 0, Avg:  0.0, Max: 0, Diff: 0, Sum: 0, Workers: 6
[16.085s][debug  ][gc,phases      ] GC(59)     Total                          Min: 0, Avg:  0.0, Max: 0, Diff: 0, Sum: 0, Workers: 6
[16.085s][debug  ][gc,phases      ] GC(59)   StringDedup Requests1 Weak     Min:  0.0, Avg:  0.0, Max:  0.0, Diff:  0.0, Sum:  0.0, Workers: 6
[16.085s][debug  ][gc,phases      ] GC(59)     Dead                           Min: 0, Avg:  0.0, Max: 0, Diff: 0, Sum: 0, Workers: 6
[16.085s][debug  ][gc,phases      ] GC(59)     Total                          Min: 0, Avg:  0.0, Max: 0, Diff: 0, Sum: 0, Workers: 6
[16.085s][debug  ][gc,phases      ] GC(59)   Weak JFR Old Object Samples    Min:  0.0, Avg:  0.0, Max:  0.0, Diff:  0.0, Sum:  0.0, Workers: 6
[16.085s][debug  ][gc,phases      ] GC(59)     Dead                           Min: 0, Avg:  0.0, Max: 0, Diff: 0, Sum: 0, Workers: 6
[16.085s][debug  ][gc,phases      ] GC(59)     Total                          Min: 0, Avg:  0.0, Max: 0, Diff: 0, Sum: 0, Workers: 6
[16.085s][debug  ][gc,phases      ] GC(59) Weak Processing 0.884ms
[16.085s][debug  ][gc,ergo        ] GC(59) AdaptiveSizeStart:  collection: 60 
[16.085s][debug  ][gc,ergo        ] GC(59) avg_survived_padded_avg: 31670672.000000
[16.085s][debug  ][gc,ergo        ] GC(59) avg_promoted_padded_avg: 256312800.000000  avg_pretenured_padded_avg: 0.000000  tenuring_thresh: 1  target_size: 31981568
[16.085s][debug  ][gc,age         ] GC(59) Desired survivor size 31981568 bytes, new threshold 1 (max threshold 15)
[16.085s][debug  ][gc,ergo        ] GC(59) PSAdaptiveSizePolicy::compute_eden_space_size limits: desired_eden_size: 226569054 old_eden_size: 204472320 eden_limit: 204472320 cur_eden: 204472320 max_eden_size: 204472320 avg_young_live: 26133350
[16.086s][debug  ][gc,ergo        ] GC(59) PSAdaptiveSizePolicy::compute_eden_space_size: costs minor_time: 0.046123 major_cost: 0.043615 mutator_cost: 0.910262 throughput_goal: 0.990000
[16.086s][debug  ][gc,ergo        ] GC(59) Live_space: 932383872 free_space: 1346895872
[16.086s][debug  ][gc,ergo        ] GC(59) Old eden_size: 204472320 desired_eden_size: 204472320
[16.086s][debug  ][gc,ergo        ] GC(59) AdaptiveSizeStop: collection: 60 
[16.086s][info   ][gc,heap        ] GC(59) PSYoungGen: 229114K(230912K)->30720K(230912K) Eden: 198394K(199680K)->0K(199680K) From: 30720K(31232K)->30720K(31232K)
[16.086s][info   ][gc,heap        ] GC(59) ParOldGen: 974436K(1835008K)->1117796K(1835008K)
[16.086s][info   ][gc,metaspace   ] GC(59) Metaspace: 1021K(1216K)->1021K(1216K) NonClass: 937K(1024K)->937K(1024K) Class: 83K(192K)->83K(192K)
[16.086s][info   ][gc             ] GC(59) Pause Young (Allocation Failure) 1175M->1121M(2017M) 14.349ms
[16.086s][info   ][gc,cpu         ] GC(59) User=0.19s Sys=0.00s Real=0.02s
[16.086s][debug  ][gc,heap        ] GC(59) Heap after GC invocations=60 (full 10):
[16.086s][debug  ][gc,heap        ] GC(59)  PSYoungGen      total 230912K, used 30720K [0x00000000f0000000, 0x0000000100000000, 0x0000000100000000)
[16.086s][debug  ][gc,heap        ] GC(59)   eden space 199680K, 0% used [0x00000000f0000000,0x00000000f0000000,0x00000000fc300000)
[16.086s][debug  ][gc,heap        ] GC(59)   from space 31232K, 98% used [0x00000000fe180000,0x00000000fff80030,0x0000000100000000)
[16.086s][debug  ][gc,heap        ] GC(59)   to   space 31232K, 0% used [0x00000000fc300000,0x00000000fc300000,0x00000000fe180000)
[16.086s][debug  ][gc,heap        ] GC(59)  ParOldGen       total 1835008K, used 1117796K [0x0000000080000000, 0x00000000f0000000, 0x00000000f0000000)
[16.086s][debug  ][gc,heap        ] GC(59)   object space 1835008K, 60% used [0x0000000080000000,0x00000000c43992a8,0x00000000f0000000)
[16.086s][debug  ][gc,heap        ] GC(59)  Metaspace       used 1021K, committed 1216K, reserved 1056768K
[16.086s][debug  ][gc,heap        ] GC(59)   class space    used 83K, committed 192K, reserved 1048576K
[16.086s][debug  ][gc,task,time   ] GC(59) VM-Thread 160708770 160837914 160860415
[16.390s][debug  ][gc,heap        ] GC(60) Heap before GC invocations=61 (full 10):
[16.390s][debug  ][gc,heap        ] GC(60)  PSYoungGen      total 230912K, used 229143K [0x00000000f0000000, 0x0000000100000000, 0x0000000100000000)
[16.390s][debug  ][gc,heap        ] GC(60)   eden space 199680K, 99% used [0x00000000f0000000,0x00000000fc1c5cf0,0x00000000fc300000)
[16.390s][debug  ][gc,heap        ] GC(60)   from space 31232K, 98% used [0x00000000fe180000,0x00000000fff80030,0x0000000100000000)
[16.390s][debug  ][gc,heap        ] GC(60)   to   space 31232K, 0% used [0x00000000fc300000,0x00000000fc300000,0x00000000fe180000)
[16.390s][debug  ][gc,heap        ] GC(60)  ParOldGen       total 1835008K, used 1117796K [0x0000000080000000, 0x00000000f0000000, 0x00000000f0000000)
[16.390s][debug  ][gc,heap        ] GC(60)   object space 1835008K, 60% used [0x0000000080000000,0x00000000c43992a8,0x00000000f0000000)
[16.391s][debug  ][gc,heap        ] GC(60)  Metaspace       used 1021K, committed 1216K, reserved 1056768K
[16.391s][debug  ][gc,heap        ] GC(60)   class space    used 83K, committed 192K, reserved 1048576K
[16.391s][debug  ][gc,tlab        ] GC(60) TLAB totals: thrds: 1  refills: 1 max: 1 slow allocs: 18 max 18 waste: 27.4% gc: 3955648B max: 3955648B slow: 0B max: 0B
[16.391s][info   ][gc,start       ] GC(60) Pause Young (Allocation Failure)
[16.391s][debug  ][gc,phases,start] GC(60) Scavenge
[16.406s][debug  ][gc,phases      ] GC(60) Scavenge 15.770ms
[16.407s][debug  ][gc,phases,start] GC(60) Reference Processing
[16.407s][debug  ][gc,ref         ] GC(60) Skipped phase 1 of Reference Processing: no references
[16.407s][debug  ][gc,ref         ] GC(60) Skipped phase 2 of Reference Processing: no references
[16.407s][debug  ][gc,ref         ] GC(60) Skipped phase 3 of Reference Processing: no references
[16.407s][debug  ][gc,ref         ] GC(60) Skipped phase 4 of Reference Processing: no references
[16.407s][debug  ][gc,phases,ref  ] GC(60) Reference Processing: 0.1ms
[16.407s][debug  ][gc,phases,ref  ] GC(60)   Reconsider SoftReferences: 0.0ms
[16.407s][debug  ][gc,phases,ref  ] GC(60)     SoftRef (ms):                  skipped
[16.407s][debug  ][gc,phases,ref  ] GC(60)   Notify Soft/WeakReferences: 0.0ms
[16.407s][debug  ][gc,phases,ref  ] GC(60)     SoftRef (ms):                  skipped
[16.407s][debug  ][gc,phases,ref  ] GC(60)     WeakRef (ms):                  skipped
[16.407s][debug  ][gc,phases,ref  ] GC(60)     FinalRef (ms):                 skipped
[16.407s][debug  ][gc,phases,ref  ] GC(60)     Total (ms):                    skipped
[16.407s][debug  ][gc,phases,ref  ] GC(60)   Notify and keep alive finalizable: 0.0ms
[16.407s][debug  ][gc,phases,ref  ] GC(60)     FinalRef (ms):                 skipped
[16.407s][debug  ][gc,phases,ref  ] GC(60)   Notify PhantomReferences: 0.0ms
[16.407s][debug  ][gc,phases,ref  ] GC(60)     PhantomRef (ms):               skipped
[16.407s][debug  ][gc,phases,ref  ] GC(60)   SoftReference:
[16.407s][debug  ][gc,phases,ref  ] GC(60)     Discovered: 0
[16.407s][debug  ][gc,phases,ref  ] GC(60)     Cleared: 0
[16.407s][debug  ][gc,phases,ref  ] GC(60)   WeakReference:
[16.407s][debug  ][gc,phases,ref  ] GC(60)     Discovered: 0
[16.407s][debug  ][gc,phases,ref  ] GC(60)     Cleared: 0
[16.407s][debug  ][gc,phases,ref  ] GC(60)   FinalReference:
[16.407s][debug  ][gc,phases,ref  ] GC(60)     Discovered: 0
[16.407s][debug  ][gc,phases,ref  ] GC(60)     Cleared: 0
[16.407s][debug  ][gc,phases,ref  ] GC(60)   PhantomReference:
[16.407s][debug  ][gc,phases,ref  ] GC(60)     Discovered: 0
[16.407s][debug  ][gc,phases,ref  ] GC(60)     Cleared: 0
[16.407s][debug  ][gc,phases      ] GC(60) Reference Processing 0.702ms
[16.407s][debug  ][gc,phases,start] GC(60) Weak Processing
[16.407s][debug  ][gc,phases      ] GC(60)   VM Weak                        Min:  0.0, Avg:  0.0, Max:  0.0, Diff:  0.0, Sum:  0.0, Workers: 6
[16.407s][debug  ][gc,phases      ] GC(60)     Dead                           Min: 0, Avg:  0.0, Max: 0, Diff: 0, Sum: 0, Workers: 6
[16.407s][debug  ][gc,phases      ] GC(60)     Total                          Min: 0, Avg:  1.3, Max: 8, Diff: 8, Sum: 8, Workers: 6
[16.407s][debug  ][gc,phases      ] GC(60)   ObjectSynchronizer Weak        Min:  0.0, Avg:  0.0, Max:  0.0, Diff:  0.0, Sum:  0.0, Workers: 6
[16.407s][debug  ][gc,phases      ] GC(60)     Dead                           Min: 0, Avg:  0.0, Max: 0, Diff: 0, Sum: 0, Workers: 6
[16.407s][debug  ][gc,phases      ] GC(60)     Total                          Min: 0, Avg:  0.5, Max: 3, Diff: 3, Sum: 3, Workers: 6
[16.407s][debug  ][gc,phases      ] GC(60)   JVMTI Tag Weak OopStorage      Min:  0.0, Avg:  0.0, Max:  0.0, Diff:  0.0, Sum:  0.0, Workers: 6
[16.407s][debug  ][gc,phases      ] GC(60)     Dead                           Min: 0, Avg:  0.0, Max: 0, Diff: 0, Sum: 0, Workers: 6
[16.408s][debug  ][gc,phases      ] GC(60)     Total                          Min: 0, Avg:  0.0, Max: 0, Diff: 0, Sum: 0, Workers: 6
[16.408s][debug  ][gc,phases      ] GC(60)   StringTable Weak               Min:  0.0, Avg:  0.0, Max:  0.0, Diff:  0.0, Sum:  0.0, Workers: 6
[16.408s][debug  ][gc,phases      ] GC(60)     Dead                           Min: 0, Avg:  0.0, Max: 0, Diff: 0, Sum: 0, Workers: 6
[16.408s][debug  ][gc,phases      ] GC(60)     Total                          Min: 767, Avg: 892.3, Max: 1088, Diff: 321, Sum: 5354, Workers: 6
[16.408s][debug  ][gc,phases      ] GC(60)   ResolvedMethodTable Weak       Min:  0.0, Avg:  0.0, Max:  0.0, Diff:  0.0, Sum:  0.0, Workers: 6
[16.408s][debug  ][gc,phases      ] GC(60)     Dead                           Min: 0, Avg:  0.0, Max: 0, Diff: 0, Sum: 0, Workers: 6
[16.408s][debug  ][gc,phases      ] GC(60)     Total                          Min: 0, Avg: 21.7, Max: 64, Diff: 64, Sum: 130, Workers: 6
[16.408s][debug  ][gc,phases      ] GC(60)   JNI Weak                       Min:  0.0, Avg:  0.0, Max:  0.0, Diff:  0.0, Sum:  0.0, Workers: 6
[16.408s][debug  ][gc,phases      ] GC(60)     Dead                           Min: 0, Avg:  0.0, Max: 0, Diff: 0, Sum: 0, Workers: 6
[16.408s][debug  ][gc,phases      ] GC(60)     Total                          Min: 0, Avg:  0.0, Max: 0, Diff: 0, Sum: 0, Workers: 6
[16.408s][debug  ][gc,phases      ] GC(60)   StringDedup Table Weak         Min:  0.0, Avg:  0.0, Max:  0.0, Diff:  0.0, Sum:  0.0, Workers: 6
[16.408s][debug  ][gc,phases      ] GC(60)     Dead                           Min: 0, Avg:  0.0, Max: 0, Diff: 0, Sum: 0, Workers: 6
[16.408s][debug  ][gc,phases      ] GC(60)     Total                          Min: 0, Avg:  0.0, Max: 0, Diff: 0, Sum: 0, Workers: 6
[16.408s][debug  ][gc,phases      ] GC(60)   StringDedup Requests0 Weak     Min:  0.0, Avg:  0.0, Max:  0.0, Diff:  0.0, Sum:  0.0, Workers: 6
[16.408s][debug  ][gc,phases      ] GC(60)     Dead                           Min: 0, Avg:  0.0, Max: 0, Diff: 0, Sum: 0, Workers: 6
[16.408s][debug  ][gc,phases      ] GC(60)     Total                          Min: 0, Avg:  0.0, Max: 0, Diff: 0, Sum: 0, Workers: 6
[16.408s][debug  ][gc,phases      ] GC(60)   StringDedup Requests1 Weak     Min:  0.0, Avg:  0.0, Max:  0.0, Diff:  0.0, Sum:  0.0, Workers: 6
[16.408s][debug  ][gc,phases      ] GC(60)     Dead                           Min: 0, Avg:  0.0, Max: 0, Diff: 0, Sum: 0, Workers: 6
[16.408s][debug  ][gc,phases      ] GC(60)     Total                          Min: 0, Avg:  0.0, Max: 0, Diff: 0, Sum: 0, Workers: 6
[16.408s][debug  ][gc,phases      ] GC(60)   Weak JFR Old Object Samples    Min:  0.0, Avg:  0.0, Max:  0.0, Diff:  0.0, Sum:  0.0, Workers: 6
[16.408s][debug  ][gc,phases      ] GC(60)     Dead                           Min: 0, Avg:  0.0, Max: 0, Diff: 0, Sum: 0, Workers: 6
[16.408s][debug  ][gc,phases      ] GC(60)     Total                          Min: 0, Avg:  0.0, Max: 0, Diff: 0, Sum: 0, Workers: 6
[16.408s][debug  ][gc,phases      ] GC(60) Weak Processing 0.745ms
[16.408s][debug  ][gc,ergo        ] GC(60) AdaptiveSizeStart:  collection: 61 
[16.408s][debug  ][gc,ergo        ] GC(60) avg_survived_padded_avg: 31653358.000000
[16.408s][debug  ][gc,ergo        ] GC(60) avg_promoted_padded_avg: 259189104.000000  avg_pretenured_padded_avg: 0.000000  tenuring_thresh: 1  target_size: 31981568
[16.408s][debug  ][gc,age         ] GC(60) Desired survivor size 31981568 bytes, new threshold 1 (max threshold 15)
[16.408s][debug  ][gc,ergo        ] GC(60) PSAdaptiveSizePolicy::compute_eden_space_size limits: desired_eden_size: 227003948 old_eden_size: 204472320 eden_limit: 204472320 cur_eden: 204472320 max_eden_size: 204472320 avg_young_live: 26665748
[16.408s][debug  ][gc,ergo        ] GC(60) PSAdaptiveSizePolicy::compute_eden_space_size: costs minor_time: 0.048031 major_cost: 0.043615 mutator_cost: 0.908354 throughput_goal: 0.990000
[16.408s][debug  ][gc,ergo        ] GC(60) Live_space: 932916224 free_space: 1346895872
[16.408s][debug  ][gc,ergo        ] GC(60) Old eden_size: 204472320 desired_eden_size: 204472320
[16.408s][debug  ][gc,ergo        ] GC(60) AdaptiveSizeStop: collection: 61 
[16.408s][info   ][gc,heap        ] GC(60) PSYoungGen: 229143K(230912K)->30720K(230912K) Eden: 198423K(199680K)->0K(199680K) From: 30720K(31232K)->30720K(31232K)
[16.408s][info   ][gc,heap        ] GC(60) ParOldGen: 1117796K(1835008K)->1312356K(1835008K)
[16.408s][info   ][gc,metaspace   ] GC(60) Metaspace: 1021K(1216K)->1021K(1216K) NonClass: 937K(1024K)->937K(1024K) Class: 83K(192K)->83K(192K)
[16.408s][info   ][gc             ] GC(60) Pause Young (Allocation Failure) 1315M->1311M(2017M) 17.658ms
[16.408s][info   ][gc,cpu         ] GC(60) User=0.19s Sys=0.02s Real=0.02s
[16.408s][debug  ][gc,heap        ] GC(60) Heap after GC invocations=61 (full 10):
[16.408s][debug  ][gc,heap        ] GC(60)  PSYoungGen      total 230912K, used 30720K [0x00000000f0000000, 0x0000000100000000, 0x0000000100000000)
[16.408s][debug  ][gc,heap        ] GC(60)   eden space 199680K, 0% used [0x00000000f0000000,0x00000000f0000000,0x00000000fc300000)
[16.408s][debug  ][gc,heap        ] GC(60)   from space 31232K, 98% used [0x00000000fc300000,0x00000000fe100030,0x00000000fe180000)
[16.408s][debug  ][gc,heap        ] GC(60)   to   space 31232K, 0% used [0x00000000fe180000,0x00000000fe180000,0x0000000100000000)
[16.408s][debug  ][gc,heap        ] GC(60)  ParOldGen       total 1835008K, used 1312356K [0x0000000080000000, 0x00000000f0000000, 0x00000000f0000000)
[16.409s][debug  ][gc,heap        ] GC(60)   object space 1835008K, 71% used [0x0000000080000000,0x00000000d01993d8,0x00000000f0000000)
[16.409s][debug  ][gc,heap        ] GC(60)  Metaspace       used 1021K, committed 1216K, reserved 1056768K
[16.409s][debug  ][gc,heap        ] GC(60)   class space    used 83K, committed 192K, reserved 1048576K
[16.409s][debug  ][gc,task,time   ] GC(60) VM-Thread 163902208 164065430 164085715
[16.706s][debug  ][gc,heap        ] GC(61) Heap before GC invocations=62 (full 10):
[16.706s][debug  ][gc,heap        ] GC(61)  PSYoungGen      total 230912K, used 229161K [0x00000000f0000000, 0x0000000100000000, 0x0000000100000000)
[16.706s][debug  ][gc,heap        ] GC(61)   eden space 199680K, 99% used [0x00000000f0000000,0x00000000fc1ca710,0x00000000fc300000)
[16.706s][debug  ][gc,heap        ] GC(61)   from space 31232K, 98% used [0x00000000fc300000,0x00000000fe100030,0x00000000fe180000)
[16.706s][debug  ][gc,heap        ] GC(61)   to   space 31232K, 0% used [0x00000000fe180000,0x00000000fe180000,0x0000000100000000)
[16.706s][debug  ][gc,heap        ] GC(61)  ParOldGen       total 1835008K, used 1312356K [0x0000000080000000, 0x00000000f0000000, 0x00000000f0000000)
[16.706s][debug  ][gc,heap        ] GC(61)   object space 1835008K, 71% used [0x0000000080000000,0x00000000d01993d8,0x00000000f0000000)
[16.706s][debug  ][gc,heap        ] GC(61)  Metaspace       used 1021K, committed 1216K, reserved 1056768K
[16.706s][debug  ][gc,heap        ] GC(61)   class space    used 83K, committed 192K, reserved 1048576K
[16.706s][debug  ][gc,tlab        ] GC(61) TLAB totals: thrds: 1  refills: 1 max: 1 slow allocs: 18 max 18 waste: 27.5% gc: 3974624B max: 3974624B slow: 0B max: 0B
[16.706s][info   ][gc,start       ] GC(61) Pause Young (Allocation Failure)
[16.707s][debug  ][gc,phases,start] GC(61) Scavenge
[16.722s][debug  ][gc,phases      ] GC(61) Scavenge 15.686ms
[16.722s][debug  ][gc,phases,start] GC(61) Reference Processing
[16.722s][debug  ][gc,ref         ] GC(61) Skipped phase 1 of Reference Processing: no references
[16.722s][debug  ][gc,ref         ] GC(61) Skipped phase 2 of Reference Processing: no references
[16.722s][debug  ][gc,ref         ] GC(61) Skipped phase 3 of Reference Processing: no references
[16.722s][debug  ][gc,ref         ] GC(61) Skipped phase 4 of Reference Processing: no references
[16.722s][debug  ][gc,phases,ref  ] GC(61) Reference Processing: 0.1ms
[16.722s][debug  ][gc,phases,ref  ] GC(61)   Reconsider SoftReferences: 0.0ms
[16.722s][debug  ][gc,phases,ref  ] GC(61)     SoftRef (ms):                  skipped
[16.723s][debug  ][gc,phases,ref  ] GC(61)   Notify Soft/WeakReferences: 0.0ms
[16.723s][debug  ][gc,phases,ref  ] GC(61)     SoftRef (ms):                  skipped
[16.723s][debug  ][gc,phases,ref  ] GC(61)     WeakRef (ms):                  skipped
[16.723s][debug  ][gc,phases,ref  ] GC(61)     FinalRef (ms):                 skipped
[16.723s][debug  ][gc,phases,ref  ] GC(61)     Total (ms):                    skipped
[16.723s][debug  ][gc,phases,ref  ] GC(61)   Notify and keep alive finalizable: 0.0ms
[16.723s][debug  ][gc,phases,ref  ] GC(61)     FinalRef (ms):                 skipped
[16.723s][debug  ][gc,phases,ref  ] GC(61)   Notify PhantomReferences: 0.0ms
[16.723s][debug  ][gc,phases,ref  ] GC(61)     PhantomRef (ms):               skipped
[16.723s][debug  ][gc,phases,ref  ] GC(61)   SoftReference:
[16.723s][debug  ][gc,phases,ref  ] GC(61)     Discovered: 0
[16.723s][debug  ][gc,phases,ref  ] GC(61)     Cleared: 0
[16.723s][debug  ][gc,phases,ref  ] GC(61)   WeakReference:
[16.723s][debug  ][gc,phases,ref  ] GC(61)     Discovered: 0
[16.723s][debug  ][gc,phases,ref  ] GC(61)     Cleared: 0
[16.723s][debug  ][gc,phases,ref  ] GC(61)   FinalReference:
[16.723s][debug  ][gc,phases,ref  ] GC(61)     Discovered: 0
[16.723s][debug  ][gc,phases,ref  ] GC(61)     Cleared: 0
[16.723s][debug  ][gc,phases,ref  ] GC(61)   PhantomReference:
[16.723s][debug  ][gc,phases,ref  ] GC(61)     Discovered: 0
[16.723s][debug  ][gc,phases,ref  ] GC(61)     Cleared: 0
[16.723s][debug  ][gc,phases      ] GC(61) Reference Processing 0.665ms
[16.723s][debug  ][gc,phases,start] GC(61) Weak Processing
[16.723s][debug  ][gc,phases      ] GC(61)   VM Weak                        Min:  0.0, Avg:  0.0, Max:  0.0, Diff:  0.0, Sum:  0.0, Workers: 6
[16.723s][debug  ][gc,phases      ] GC(61)     Dead                           Min: 0, Avg:  0.0, Max: 0, Diff: 0, Sum: 0, Workers: 6
[16.723s][debug  ][gc,phases      ] GC(61)     Total                          Min: 0, Avg:  1.3, Max: 8, Diff: 8, Sum: 8, Workers: 6
[16.723s][debug  ][gc,phases      ] GC(61)   ObjectSynchronizer Weak        Min:  0.0, Avg:  0.0, Max:  0.0, Diff:  0.0, Sum:  0.0, Workers: 6
[16.723s][debug  ][gc,phases      ] GC(61)     Dead                           Min: 0, Avg:  0.0, Max: 0, Diff: 0, Sum: 0, Workers: 6
[16.723s][debug  ][gc,phases      ] GC(61)     Total                          Min: 0, Avg:  0.5, Max: 3, Diff: 3, Sum: 3, Workers: 6
[16.723s][debug  ][gc,phases      ] GC(61)   JVMTI Tag Weak OopStorage      Min:  0.0, Avg:  0.0, Max:  0.0, Diff:  0.0, Sum:  0.0, Workers: 6
[16.723s][debug  ][gc,phases      ] GC(61)     Dead                           Min: 0, Avg:  0.0, Max: 0, Diff: 0, Sum: 0, Workers: 6
[16.723s][debug  ][gc,phases      ] GC(61)     Total                          Min: 0, Avg:  0.0, Max: 0, Diff: 0, Sum: 0, Workers: 6
[16.723s][debug  ][gc,phases      ] GC(61)   StringTable Weak               Min:  0.0, Avg:  0.0, Max:  0.0, Diff:  0.0, Sum:  0.0, Workers: 6
[16.723s][debug  ][gc,phases      ] GC(61)     Dead                           Min: 0, Avg:  0.0, Max: 0, Diff: 0, Sum: 0, Workers: 6
[16.723s][debug  ][gc,phases      ] GC(61)     Total                          Min: 767, Avg: 892.3, Max: 1088, Diff: 321, Sum: 5354, Workers: 6
[16.723s][debug  ][gc,phases      ] GC(61)   ResolvedMethodTable Weak       Min:  0.0, Avg:  0.0, Max:  0.0, Diff:  0.0, Sum:  0.0, Workers: 6
[16.723s][debug  ][gc,phases      ] GC(61)     Dead                           Min: 0, Avg:  0.0, Max: 0, Diff: 0, Sum: 0, Workers: 6
[16.723s][debug  ][gc,phases      ] GC(61)     Total                          Min: 0, Avg: 21.7, Max: 64, Diff: 64, Sum: 130, Workers: 6
[16.723s][debug  ][gc,phases      ] GC(61)   JNI Weak                       Min:  0.0, Avg:  0.0, Max:  0.0, Diff:  0.0, Sum:  0.0, Workers: 6
[16.723s][debug  ][gc,phases      ] GC(61)     Dead                           Min: 0, Avg:  0.0, Max: 0, Diff: 0, Sum: 0, Workers: 6
[16.724s][debug  ][gc,phases      ] GC(61)     Total                          Min: 0, Avg:  0.0, Max: 0, Diff: 0, Sum: 0, Workers: 6
[16.724s][debug  ][gc,phases      ] GC(61)   StringDedup Table Weak         Min:  0.0, Avg:  0.0, Max:  0.0, Diff:  0.0, Sum:  0.0, Workers: 6
[16.724s][debug  ][gc,phases      ] GC(61)     Dead                           Min: 0, Avg:  0.0, Max: 0, Diff: 0, Sum: 0, Workers: 6
[16.724s][debug  ][gc,phases      ] GC(61)     Total                          Min: 0, Avg:  0.0, Max: 0, Diff: 0, Sum: 0, Workers: 6
[16.724s][debug  ][gc,phases      ] GC(61)   StringDedup Requests0 Weak     Min:  0.0, Avg:  0.0, Max:  0.0, Diff:  0.0, Sum:  0.0, Workers: 6
[16.724s][debug  ][gc,phases      ] GC(61)     Dead                           Min: 0, Avg:  0.0, Max: 0, Diff: 0, Sum: 0, Workers: 6
[16.724s][debug  ][gc,phases      ] GC(61)     Total                          Min: 0, Avg:  0.0, Max: 0, Diff: 0, Sum: 0, Workers: 6
[16.724s][debug  ][gc,phases      ] GC(61)   StringDedup Requests1 Weak     Min:  0.0, Avg:  0.0, Max:  0.0, Diff:  0.0, Sum:  0.0, Workers: 6
[16.724s][debug  ][gc,phases      ] GC(61)     Dead                           Min: 0, Avg:  0.0, Max: 0, Diff: 0, Sum: 0, Workers: 6
[16.724s][debug  ][gc,phases      ] GC(61)     Total                          Min: 0, Avg:  0.0, Max: 0, Diff: 0, Sum: 0, Workers: 6
[16.724s][debug  ][gc,phases      ] GC(61)   Weak JFR Old Object Samples    Min:  0.0, Avg:  0.0, Max:  0.0, Diff:  0.0, Sum:  0.0, Workers: 6
[16.724s][debug  ][gc,phases      ] GC(61)     Dead                           Min: 0, Avg:  0.0, Max: 0, Diff: 0, Sum: 0, Workers: 6
[16.724s][debug  ][gc,phases      ] GC(61)     Total                          Min: 0, Avg:  0.0, Max: 0, Diff: 0, Sum: 0, Workers: 6
[16.724s][debug  ][gc,phases      ] GC(61) Weak Processing 0.808ms
[16.724s][debug  ][gc,ergo        ] GC(61) AdaptiveSizeStart:  collection: 62 
[16.724s][debug  ][gc,ergo        ] GC(61) avg_survived_padded_avg: 31637372.000000
[16.724s][debug  ][gc,ergo        ] GC(61) avg_promoted_padded_avg: 260919296.000000  avg_pretenured_padded_avg: 0.000000  tenuring_thresh: 1  target_size: 31981568
[16.724s][debug  ][gc,age         ] GC(61) Desired survivor size 31981568 bytes, new threshold 1 (max threshold 15)
[16.724s][debug  ][gc,ergo        ] GC(61) PSAdaptiveSizePolicy::compute_eden_space_size limits: desired_eden_size: 227370961 old_eden_size: 204472320 eden_limit: 204472320 cur_eden: 204472320 max_eden_size: 204472320 avg_young_live: 27144906
[16.724s][debug  ][gc,ergo        ] GC(61) PSAdaptiveSizePolicy::compute_eden_space_size: costs minor_time: 0.049705 major_cost: 0.043615 mutator_cost: 0.906680 throughput_goal: 0.990000
[16.724s][debug  ][gc,ergo        ] GC(61) Live_space: 933395392 free_space: 1346895872
[16.724s][debug  ][gc,ergo        ] GC(61) Old eden_size: 204472320 desired_eden_size: 204472320
[16.724s][debug  ][gc,ergo        ] GC(61) AdaptiveSizeStop: collection: 62 
[16.724s][info   ][gc,heap        ] GC(61) PSYoungGen: 229161K(230912K)->30720K(230912K) Eden: 198441K(199680K)->0K(199680K) From: 30720K(31232K)->30720K(31232K)
[16.724s][info   ][gc,heap        ] GC(61) ParOldGen: 1312356K(1835008K)->1506917K(1835008K)
[16.724s][info   ][gc,metaspace   ] GC(61) Metaspace: 1021K(1216K)->1021K(1216K) NonClass: 937K(1024K)->937K(1024K) Class: 83K(192K)->83K(192K)
[16.724s][info   ][gc             ] GC(61) Pause Young (Allocation Failure) 1505M->1501M(2017M) 17.600ms
[16.724s][info   ][gc,cpu         ] GC(61) User=0.17s Sys=0.00s Real=0.02s
[16.724s][debug  ][gc,heap        ] GC(61) Heap after GC invocations=62 (full 10):
[16.724s][debug  ][gc,heap        ] GC(61)  PSYoungGen      total 230912K, used 30720K [0x00000000f0000000, 0x0000000100000000, 0x0000000100000000)
[16.724s][debug  ][gc,heap        ] GC(61)   eden space 199680K, 0% used [0x00000000f0000000,0x00000000f0000000,0x00000000fc300000)
[16.724s][debug  ][gc,heap        ] GC(61)   from space 31232K, 98% used [0x00000000fe180000,0x00000000fff80030,0x0000000100000000)
[16.724s][debug  ][gc,heap        ] GC(61)   to   space 31232K, 0% used [0x00000000fc300000,0x00000000fc300000,0x00000000fe180000)
[16.724s][debug  ][gc,heap        ] GC(61)  ParOldGen       total 1835008K, used 1506917K [0x0000000080000000, 0x00000000f0000000, 0x00000000f0000000)
[16.724s][debug  ][gc,heap        ] GC(61)   object space 1835008K, 82% used [0x0000000080000000,0x00000000dbf99508,0x00000000f0000000)
[16.724s][debug  ][gc,heap        ] GC(61)  Metaspace       used 1021K, committed 1216K, reserved 1056768K
[16.724s][debug  ][gc,heap        ] GC(61)   class space    used 83K, committed 192K, reserved 1048576K
[16.724s][debug  ][gc,task,time   ] GC(61) VM-Thread 167060536 167223127 167243327
[17.024s][debug  ][gc,heap        ] GC(62) Heap before GC invocations=63 (full 10):
[17.024s][debug  ][gc,heap        ] GC(62)  PSYoungGen      total 230912K, used 229173K [0x00000000f0000000, 0x0000000100000000, 0x0000000100000000)
[17.024s][debug  ][gc,heap        ] GC(62)   eden space 199680K, 99% used [0x00000000f0000000,0x00000000fc1cd6b0,0x00000000fc300000)
[17.024s][debug  ][gc,heap        ] GC(62)   from space 31232K, 98% used [0x00000000fe180000,0x00000000fff80030,0x0000000100000000)
[17.024s][debug  ][gc,heap        ] GC(62)   to   space 31232K, 0% used [0x00000000fc300000,0x00000000fc300000,0x00000000fe180000)
[17.024s][debug  ][gc,heap        ] GC(62)  ParOldGen       total 1835008K, used 1506917K [0x0000000080000000, 0x00000000f0000000, 0x00000000f0000000)
[17.024s][debug  ][gc,heap        ] GC(62)   object space 1835008K, 82% used [0x0000000080000000,0x00000000dbf99508,0x00000000f0000000)
[17.024s][debug  ][gc,heap        ] GC(62)  Metaspace       used 1021K, committed 1216K, reserved 1056768K
[17.024s][debug  ][gc,heap        ] GC(62)   class space    used 83K, committed 192K, reserved 1048576K
[17.024s][debug  ][gc,tlab        ] GC(62) TLAB totals: thrds: 1  refills: 1 max: 1 slow allocs: 18 max 18 waste: 27.5% gc: 3986816B max: 3986816B slow: 0B max: 0B
[17.024s][info   ][gc,start       ] GC(62) Pause Young (Allocation Failure)
[17.024s][debug  ][gc,phases,start] GC(62) Scavenge
[17.040s][debug  ][gc,phases      ] GC(62) Scavenge 15.420ms
[17.040s][debug  ][gc,phases,start] GC(62) Reference Processing
[17.040s][debug  ][gc,ref         ] GC(62) Skipped phase 1 of Reference Processing: no references
[17.040s][debug  ][gc,ref         ] GC(62) Skipped phase 2 of Reference Processing: no references
[17.040s][debug  ][gc,ref         ] GC(62) Skipped phase 3 of Reference Processing: no references
[17.040s][debug  ][gc,ref         ] GC(62) Skipped phase 4 of Reference Processing: no references
[17.040s][debug  ][gc,phases,ref  ] GC(62) Reference Processing: 0.1ms
[17.040s][debug  ][gc,phases,ref  ] GC(62)   Reconsider SoftReferences: 0.0ms
[17.040s][debug  ][gc,phases,ref  ] GC(62)     SoftRef (ms):                  skipped
[17.040s][debug  ][gc,phases,ref  ] GC(62)   Notify Soft/WeakReferences: 0.0ms
[17.040s][debug  ][gc,phases,ref  ] GC(62)     SoftRef (ms):                  skipped
[17.040s][debug  ][gc,phases,ref  ] GC(62)     WeakRef (ms):                  skipped
[17.040s][debug  ][gc,phases,ref  ] GC(62)     FinalRef (ms):                 skipped
[17.040s][debug  ][gc,phases,ref  ] GC(62)     Total (ms):                    skipped
[17.040s][debug  ][gc,phases,ref  ] GC(62)   Notify and keep alive finalizable: 0.0ms
[17.040s][debug  ][gc,phases,ref  ] GC(62)     FinalRef (ms):                 skipped
[17.040s][debug  ][gc,phases,ref  ] GC(62)   Notify PhantomReferences: 0.0ms
[17.040s][debug  ][gc,phases,ref  ] GC(62)     PhantomRef (ms):               skipped
[17.040s][debug  ][gc,phases,ref  ] GC(62)   SoftReference:
[17.040s][debug  ][gc,phases,ref  ] GC(62)     Discovered: 0
[17.040s][debug  ][gc,phases,ref  ] GC(62)     Cleared: 0
[17.040s][debug  ][gc,phases,ref  ] GC(62)   WeakReference:
[17.040s][debug  ][gc,phases,ref  ] GC(62)     Discovered: 0
[17.040s][debug  ][gc,phases,ref  ] GC(62)     Cleared: 0
[17.040s][debug  ][gc,phases,ref  ] GC(62)   FinalReference:
[17.040s][debug  ][gc,phases,ref  ] GC(62)     Discovered: 0
[17.040s][debug  ][gc,phases,ref  ] GC(62)     Cleared: 0
[17.040s][debug  ][gc,phases,ref  ] GC(62)   PhantomReference:
[17.040s][debug  ][gc,phases,ref  ] GC(62)     Discovered: 0
[17.041s][debug  ][gc,phases,ref  ] GC(62)     Cleared: 0
[17.041s][debug  ][gc,phases      ] GC(62) Reference Processing 0.571ms
[17.041s][debug  ][gc,phases,start] GC(62) Weak Processing
[17.041s][debug  ][gc,phases      ] GC(62)   VM Weak                        Min:  0.0, Avg:  0.0, Max:  0.0, Diff:  0.0, Sum:  0.0, Workers: 6
[17.041s][debug  ][gc,phases      ] GC(62)     Dead                           Min: 0, Avg:  0.0, Max: 0, Diff: 0, Sum: 0, Workers: 6
[17.041s][debug  ][gc,phases      ] GC(62)     Total                          Min: 0, Avg:  1.3, Max: 8, Diff: 8, Sum: 8, Workers: 6
[17.041s][debug  ][gc,phases      ] GC(62)   ObjectSynchronizer Weak        Min:  0.0, Avg:  0.0, Max:  0.0, Diff:  0.0, Sum:  0.0, Workers: 6
[17.041s][debug  ][gc,phases      ] GC(62)     Dead                           Min: 0, Avg:  0.0, Max: 0, Diff: 0, Sum: 0, Workers: 6
[17.041s][debug  ][gc,phases      ] GC(62)     Total                          Min: 0, Avg:  0.5, Max: 3, Diff: 3, Sum: 3, Workers: 6
[17.041s][debug  ][gc,phases      ] GC(62)   JVMTI Tag Weak OopStorage      Min:  0.0, Avg:  0.0, Max:  0.0, Diff:  0.0, Sum:  0.0, Workers: 6
[17.041s][debug  ][gc,phases      ] GC(62)     Dead                           Min: 0, Avg:  0.0, Max: 0, Diff: 0, Sum: 0, Workers: 6
[17.041s][debug  ][gc,phases      ] GC(62)     Total                          Min: 0, Avg:  0.0, Max: 0, Diff: 0, Sum: 0, Workers: 6
[17.041s][debug  ][gc,phases      ] GC(62)   StringTable Weak               Min:  0.0, Avg:  0.0, Max:  0.0, Diff:  0.0, Sum:  0.0, Workers: 6
[17.041s][debug  ][gc,phases      ] GC(62)     Dead                           Min: 0, Avg:  0.0, Max: 0, Diff: 0, Sum: 0, Workers: 6
[17.041s][debug  ][gc,phases      ] GC(62)     Total                          Min: 831, Avg: 892.3, Max: 1088, Diff: 257, Sum: 5354, Workers: 6
[17.041s][debug  ][gc,phases      ] GC(62)   ResolvedMethodTable Weak       Min:  0.0, Avg:  0.0, Max:  0.0, Diff:  0.0, Sum:  0.0, Workers: 6
[17.041s][debug  ][gc,phases      ] GC(62)     Dead                           Min: 0, Avg:  0.0, Max: 0, Diff: 0, Sum: 0, Workers: 6
[17.041s][debug  ][gc,phases      ] GC(62)     Total                          Min: 0, Avg: 21.7, Max: 66, Diff: 66, Sum: 130, Workers: 6
[17.041s][debug  ][gc,phases      ] GC(62)   JNI Weak                       Min:  0.0, Avg:  0.0, Max:  0.0, Diff:  0.0, Sum:  0.0, Workers: 6
[17.041s][debug  ][gc,phases      ] GC(62)     Dead                           Min: 0, Avg:  0.0, Max: 0, Diff: 0, Sum: 0, Workers: 6
[17.041s][debug  ][gc,phases      ] GC(62)     Total                          Min: 0, Avg:  0.0, Max: 0, Diff: 0, Sum: 0, Workers: 6
[17.041s][debug  ][gc,phases      ] GC(62)   StringDedup Table Weak         Min:  0.0, Avg:  0.0, Max:  0.0, Diff:  0.0, Sum:  0.0, Workers: 6
[17.041s][debug  ][gc,phases      ] GC(62)     Dead                           Min: 0, Avg:  0.0, Max: 0, Diff: 0, Sum: 0, Workers: 6
[17.041s][debug  ][gc,phases      ] GC(62)     Total                          Min: 0, Avg:  0.0, Max: 0, Diff: 0, Sum: 0, Workers: 6
[17.041s][debug  ][gc,phases      ] GC(62)   StringDedup Requests0 Weak     Min:  0.0, Avg:  0.0, Max:  0.0, Diff:  0.0, Sum:  0.0, Workers: 6
[17.041s][debug  ][gc,phases      ] GC(62)     Dead                           Min: 0, Avg:  0.0, Max: 0, Diff: 0, Sum: 0, Workers: 6
[17.041s][debug  ][gc,phases      ] GC(62)     Total                          Min: 0, Avg:  0.0, Max: 0, Diff: 0, Sum: 0, Workers: 6
[17.041s][debug  ][gc,phases      ] GC(62)   StringDedup Requests1 Weak     Min:  0.0, Avg:  0.0, Max:  0.0, Diff:  0.0, Sum:  0.0, Workers: 6
[17.041s][debug  ][gc,phases      ] GC(62)     Dead                           Min: 0, Avg:  0.0, Max: 0, Diff: 0, Sum: 0, Workers: 6
[17.041s][debug  ][gc,phases      ] GC(62)     Total                          Min: 0, Avg:  0.0, Max: 0, Diff: 0, Sum: 0, Workers: 6
[17.041s][debug  ][gc,phases      ] GC(62)   Weak JFR Old Object Samples    Min:  0.0, Avg:  0.0, Max:  0.0, Diff:  0.0, Sum:  0.0, Workers: 6
[17.041s][debug  ][gc,phases      ] GC(62)     Dead                           Min: 0, Avg:  0.0, Max: 0, Diff: 0, Sum: 0, Workers: 6
[17.041s][debug  ][gc,phases      ] GC(62)     Total                          Min: 0, Avg:  0.0, Max: 0, Diff: 0, Sum: 0, Workers: 6
[17.041s][debug  ][gc,phases      ] GC(62) Weak Processing 0.676ms
[17.041s][debug  ][gc,ergo        ] GC(62) AdaptiveSizeStart:  collection: 63 
[17.041s][debug  ][gc,ergo        ] GC(62) avg_survived_padded_avg: 31622622.000000
[17.041s][debug  ][gc,ergo        ] GC(62) avg_promoted_padded_avg: 261703872.000000  avg_pretenured_padded_avg: 0.000000  tenuring_thresh: 1  target_size: 31981568
[17.041s][debug  ][gc,age         ] GC(62) Desired survivor size 31981568 bytes, new threshold 1 (max threshold 15)
[17.041s][debug  ][gc,ergo        ] GC(62) PSAdaptiveSizePolicy::compute_eden_space_size limits: desired_eden_size: 227537834 old_eden_size: 204472320 eden_limit: 204472320 cur_eden: 204472320 max_eden_size: 204472320 avg_young_live: 27576148
[17.041s][debug  ][gc,ergo        ] GC(62) PSAdaptiveSizePolicy::compute_eden_space_size: costs minor_time: 0.050486 major_cost: 0.043615 mutator_cost: 0.905899 throughput_goal: 0.990000
[17.041s][debug  ][gc,ergo        ] GC(62) Live_space: 933826688 free_space: 1346895872
[17.041s][debug  ][gc,ergo        ] GC(62) Old eden_size: 204472320 desired_eden_size: 204472320
[17.041s][debug  ][gc,ergo        ] GC(62) AdaptiveSizeStop: collection: 63 
[17.041s][info   ][gc,heap        ] GC(62) PSYoungGen: 229173K(230912K)->30720K(230912K) Eden: 198453K(199680K)->0K(199680K) From: 30720K(31232K)->30720K(31232K)
[17.041s][info   ][gc,heap        ] GC(62) ParOldGen: 1506917K(1835008K)->1701477K(1835008K)
[17.041s][info   ][gc,metaspace   ] GC(62) Metaspace: 1021K(1216K)->1021K(1216K) NonClass: 937K(1024K)->937K(1024K) Class: 83K(192K)->83K(192K)
[17.042s][info   ][gc             ] GC(62) Pause Young (Allocation Failure) 1695M->1691M(2017M) 17.070ms
[17.042s][info   ][gc,cpu         ] GC(62) User=0.16s Sys=0.00s Real=0.02s
[17.042s][debug  ][gc,heap        ] GC(62) Heap after GC invocations=63 (full 10):
[17.042s][debug  ][gc,heap        ] GC(62)  PSYoungGen      total 230912K, used 30720K [0x00000000f0000000, 0x0000000100000000, 0x0000000100000000)
[17.042s][debug  ][gc,heap        ] GC(62)   eden space 199680K, 0% used [0x00000000f0000000,0x00000000f0000000,0x00000000fc300000)
[17.042s][debug  ][gc,heap        ] GC(62)   from space 31232K, 98% used [0x00000000fc300000,0x00000000fe100030,0x00000000fe180000)
[17.042s][debug  ][gc,heap        ] GC(62)   to   space 31232K, 0% used [0x00000000fe180000,0x00000000fe180000,0x0000000100000000)
[17.042s][debug  ][gc,heap        ] GC(62)  ParOldGen       total 1835008K, used 1701477K [0x0000000080000000, 0x00000000f0000000, 0x00000000f0000000)
[17.042s][debug  ][gc,heap        ] GC(62)   object space 1835008K, 92% used [0x0000000080000000,0x00000000e7d99638,0x00000000f0000000)
[17.042s][debug  ][gc,heap        ] GC(62)  Metaspace       used 1021K, committed 1216K, reserved 1056768K
[17.042s][debug  ][gc,heap        ] GC(62)   class space    used 83K, committed 192K, reserved 1048576K
[17.042s][debug  ][gc,task,time   ] GC(62) VM-Thread 170240176 170399542 170417601
[17.042s][debug  ][gc,phases,start] GC(63) Pre Compact
[17.042s][debug  ][gc,heap        ] GC(63) Heap before GC invocations=64 (full 11):
[17.042s][debug  ][gc,heap        ] GC(63)  PSYoungGen      total 230912K, used 30720K [0x00000000f0000000, 0x0000000100000000, 0x0000000100000000)
[17.042s][debug  ][gc,heap        ] GC(63)   eden space 199680K, 0% used [0x00000000f0000000,0x00000000f0000000,0x00000000fc300000)
[17.042s][debug  ][gc,heap        ] GC(63)   from space 31232K, 98% used [0x00000000fc300000,0x00000000fe100030,0x00000000fe180000)
[17.042s][debug  ][gc,heap        ] GC(63)   to   space 31232K, 0% used [0x00000000fe180000,0x00000000fe180000,0x0000000100000000)
[17.042s][debug  ][gc,heap        ] GC(63)  ParOldGen       total 1835008K, used 1701477K [0x0000000080000000, 0x00000000f0000000, 0x00000000f0000000)
[17.042s][debug  ][gc,heap        ] GC(63)   object space 1835008K, 92% used [0x0000000080000000,0x00000000e7d99638,0x00000000f0000000)
[17.042s][debug  ][gc,heap        ] GC(63)  Metaspace       used 1021K, committed 1216K, reserved 1056768K
[17.042s][debug  ][gc,heap        ] GC(63)   class space    used 83K, committed 192K, reserved 1048576K
[17.042s][debug  ][gc,phases      ] GC(63) Pre Compact 0.228ms
[17.042s][info   ][gc,start       ] GC(63) Pause Full (Ergonomics)
[17.042s][info   ][gc,phases,start] GC(63) Marking Phase
[17.042s][debug  ][gc,phases,start] GC(63) Par Mark
[17.043s][debug  ][gc,phases      ] GC(63) Par Mark 0.493ms
[17.043s][debug  ][gc,phases,start] GC(63) Reference Processing
[17.043s][debug  ][gc,ref         ] GC(63) Skipped phase 1 of Reference Processing: no references
[17.043s][debug  ][gc,ref         ] GC(63) ReferenceProcessor::execute queues: 1, RefProcThreadModel::Single, marks_oops_alive: false
[17.043s][debug  ][gc,ref         ] GC(63) Skipped phase 3 of Reference Processing: no references
[17.043s][debug  ][gc,ref         ] GC(63) ReferenceProcessor::execute queues: 1, RefProcThreadModel::Single, marks_oops_alive: false
[17.043s][debug  ][gc,phases,ref  ] GC(63) Reference Processing: 0.1ms
[17.043s][debug  ][gc,phases,ref  ] GC(63)   Reconsider SoftReferences: 0.0ms
[17.043s][debug  ][gc,phases,ref  ] GC(63)     SoftRef (ms):                  skipped
[17.043s][debug  ][gc,phases,ref  ] GC(63)   Notify Soft/WeakReferences: 0.0ms
[17.043s][debug  ][gc,phases,ref  ] GC(63)     SoftRef (ms):                  Min:  0.0, Avg:  0.0, Max:  0.0, Diff:  0.0, Sum:  0.0, Workers: 12
[17.043s][debug  ][gc,phases,ref  ] GC(63)     WeakRef (ms):                  Min:  0.0, Avg:  0.0, Max:  0.0, Diff:  0.0, Sum:  0.0, Workers: 12
[17.043s][debug  ][gc,phases,ref  ] GC(63)     FinalRef (ms):                 Min:  0.0, Avg:  0.0, Max:  0.0, Diff:  0.0, Sum:  0.0, Workers: 12
[17.043s][debug  ][gc,phases,ref  ] GC(63)     Total (ms):                    Min:  0.0, Avg:  0.0, Max:  0.0, Diff:  0.0, Sum:  0.0, Workers: 12
[17.043s][debug  ][gc,phases,ref  ] GC(63)   Notify and keep alive finalizable: 0.0ms
[17.043s][debug  ][gc,phases,ref  ] GC(63)     FinalRef (ms):                 skipped
[17.043s][debug  ][gc,phases,ref  ] GC(63)   Notify PhantomReferences: 0.0ms
[17.043s][debug  ][gc,phases,ref  ] GC(63)     PhantomRef (ms):               Min:  0.0, Avg:  0.0, Max:  0.0, Diff:  0.0, Sum:  0.0, Workers: 12
[17.043s][debug  ][gc,phases,ref  ] GC(63)   SoftReference:
[17.043s][debug  ][gc,phases,ref  ] GC(63)     Discovered: 0
[17.043s][debug  ][gc,phases,ref  ] GC(63)     Cleared: 0
[17.043s][debug  ][gc,phases,ref  ] GC(63)   WeakReference:
[17.043s][debug  ][gc,phases,ref  ] GC(63)     Discovered: 57
[17.043s][debug  ][gc,phases,ref  ] GC(63)     Cleared: 57
[17.043s][debug  ][gc,phases,ref  ] GC(63)   FinalReference:
[17.043s][debug  ][gc,phases,ref  ] GC(63)     Discovered: 0
[17.043s][debug  ][gc,phases,ref  ] GC(63)     Cleared: 0
[17.043s][debug  ][gc,phases,ref  ] GC(63)   PhantomReference:
[17.043s][debug  ][gc,phases,ref  ] GC(63)     Discovered: 3
[17.043s][debug  ][gc,phases,ref  ] GC(63)     Cleared: 3
[17.043s][debug  ][gc,phases      ] GC(63) Reference Processing 0.674ms
[17.043s][debug  ][gc,phases,start] GC(63) Weak Processing
[17.043s][debug  ][gc,phases      ] GC(63)   VM Weak                        Min:  0.0, Avg:  0.0, Max:  0.0, Diff:  0.0, Sum:  0.0, Workers: 6
[17.043s][debug  ][gc,phases      ] GC(63)     Dead                           Min: 0, Avg:  0.0, Max: 0, Diff: 0, Sum: 0, Workers: 6
[17.043s][debug  ][gc,phases      ] GC(63)     Total                          Min: 0, Avg:  1.3, Max: 8, Diff: 8, Sum: 8, Workers: 6
[17.043s][debug  ][gc,phases      ] GC(63)   ObjectSynchronizer Weak        Min:  0.0, Avg:  0.0, Max:  0.0, Diff:  0.0, Sum:  0.0, Workers: 6
[17.043s][debug  ][gc,phases      ] GC(63)     Dead                           Min: 0, Avg:  0.0, Max: 0, Diff: 0, Sum: 0, Workers: 6
[17.043s][debug  ][gc,phases      ] GC(63)     Total                          Min: 0, Avg:  0.5, Max: 3, Diff: 3, Sum: 3, Workers: 6
[17.043s][debug  ][gc,phases      ] GC(63)   JVMTI Tag Weak OopStorage      Min:  0.0, Avg:  0.0, Max:  0.0, Diff:  0.0, Sum:  0.0, Workers: 6
[17.044s][debug  ][gc,phases      ] GC(63)     Dead                           Min: 0, Avg:  0.0, Max: 0, Diff: 0, Sum: 0, Workers: 6
[17.044s][debug  ][gc,phases      ] GC(63)     Total                          Min: 0, Avg:  0.0, Max: 0, Diff: 0, Sum: 0, Workers: 6
[17.044s][debug  ][gc,phases      ] GC(63)   StringTable Weak               Min:  0.0, Avg:  0.0, Max:  0.0, Diff:  0.0, Sum:  0.0, Workers: 6
[17.044s][debug  ][gc,phases      ] GC(63)     Dead                           Min: 0, Avg:  0.0, Max: 0, Diff: 0, Sum: 0, Workers: 6
[17.044s][debug  ][gc,phases      ] GC(63)     Total                          Min: 576, Avg: 892.3, Max: 1152, Diff: 576, Sum: 5354, Workers: 6
[17.044s][debug  ][gc,phases      ] GC(63)   ResolvedMethodTable Weak       Min:  0.0, Avg:  0.0, Max:  0.0, Diff:  0.0, Sum:  0.0, Workers: 6
[17.044s][debug  ][gc,phases      ] GC(63)     Dead                           Min: 0, Avg:  0.0, Max: 0, Diff: 0, Sum: 0, Workers: 6
[17.044s][debug  ][gc,phases      ] GC(63)     Total                          Min: 0, Avg: 21.7, Max: 64, Diff: 64, Sum: 130, Workers: 6
[17.044s][debug  ][gc,phases      ] GC(63)   JNI Weak                       Min:  0.0, Avg:  0.0, Max:  0.0, Diff:  0.0, Sum:  0.0, Workers: 6
[17.044s][debug  ][gc,phases      ] GC(63)     Dead                           Min: 0, Avg:  0.0, Max: 0, Diff: 0, Sum: 0, Workers: 6
[17.044s][debug  ][gc,phases      ] GC(63)     Total                          Min: 0, Avg:  0.0, Max: 0, Diff: 0, Sum: 0, Workers: 6
[17.044s][debug  ][gc,phases      ] GC(63)   StringDedup Table Weak         Min:  0.0, Avg:  0.0, Max:  0.0, Diff:  0.0, Sum:  0.0, Workers: 6
[17.044s][debug  ][gc,phases      ] GC(63)     Dead                           Min: 0, Avg:  0.0, Max: 0, Diff: 0, Sum: 0, Workers: 6
[17.044s][debug  ][gc,phases      ] GC(63)     Total                          Min: 0, Avg:  0.0, Max: 0, Diff: 0, Sum: 0, Workers: 6
[17.044s][debug  ][gc,phases      ] GC(63)   StringDedup Requests0 Weak     Min:  0.0, Avg:  0.0, Max:  0.0, Diff:  0.0, Sum:  0.0, Workers: 6
[17.044s][debug  ][gc,phases      ] GC(63)     Dead                           Min: 0, Avg:  0.0, Max: 0, Diff: 0, Sum: 0, Workers: 6
[17.044s][debug  ][gc,phases      ] GC(63)     Total                          Min: 0, Avg:  0.0, Max: 0, Diff: 0, Sum: 0, Workers: 6
[17.044s][debug  ][gc,phases      ] GC(63)   StringDedup Requests1 Weak     Min:  0.0, Avg:  0.0, Max:  0.0, Diff:  0.0, Sum:  0.0, Workers: 6
[17.044s][debug  ][gc,phases      ] GC(63)     Dead                           Min: 0, Avg:  0.0, Max: 0, Diff: 0, Sum: 0, Workers: 6
[17.044s][debug  ][gc,phases      ] GC(63)     Total                          Min: 0, Avg:  0.0, Max: 0, Diff: 0, Sum: 0, Workers: 6
[17.044s][debug  ][gc,phases      ] GC(63)   Weak JFR Old Object Samples    Min:  0.0, Avg:  0.0, Max:  0.0, Diff:  0.0, Sum:  0.0, Workers: 6
[17.044s][debug  ][gc,phases      ] GC(63)     Dead                           Min: 0, Avg:  0.0, Max: 0, Diff: 0, Sum: 0, Workers: 6
[17.044s][debug  ][gc,phases      ] GC(63)     Total                          Min: 0, Avg:  0.0, Max: 0, Diff: 0, Sum: 0, Workers: 6
[17.044s][debug  ][gc,phases      ] GC(63) Weak Processing 0.671ms
[17.044s][debug  ][gc,phases,start] GC(63) Class Unloading
[17.044s][debug  ][gc,phases,start] GC(63) ClassLoaderData
[17.044s][debug  ][gc,phases      ] GC(63) ClassLoaderData 0.019ms
[17.044s][debug  ][gc,phases,start] GC(63) Trigger cleanups
[17.044s][debug  ][gc,phases      ] GC(63) Trigger cleanups 0.018ms
[17.044s][debug  ][gc,phases      ] GC(63) Class Unloading 0.252ms
[17.044s][info   ][gc,phases      ] GC(63) Marking Phase 2.216ms
[17.044s][info   ][gc,phases,start] GC(63) Summary Phase
[17.044s][info   ][gc,phases      ] GC(63) Summary Phase 0.036ms
[17.044s][info   ][gc,phases,start] GC(63) Adjust Roots
[17.045s][info   ][gc,phases      ] GC(63) Adjust Roots 0.153ms
[17.045s][info   ][gc,phases,start] GC(63) Compaction Phase
[17.126s][info   ][gc,phases      ] GC(63) Compaction Phase 81.819ms
[17.127s][info   ][gc,phases,start] GC(63) Post Compact
[17.133s][info   ][gc,phases      ] GC(63) Post Compact 6.587ms
[17.133s][debug  ][gc,ergo        ] GC(63) AdaptiveSizeStart: collection: 64 
[17.133s][debug  ][gc,ergo        ] GC(63) PSAdaptiveSizePolicy::compute_eden_space_size limits: desired_eden_size: 226894225 old_eden_size: 204472320 eden_limit: 204472320 cur_eden: 204472320 max_eden_size: 204472320 avg_young_live: 24818534
[17.133s][debug  ][gc,ergo        ] GC(63) PSAdaptiveSizePolicy::compute_eden_space_size: costs minor_time: 0.050486 major_cost: 0.046316 mutator_cost: 0.903198 throughput_goal: 0.990000
[17.133s][debug  ][gc,ergo        ] GC(63) Live_space: 931069056 free_space: 1346895872
[17.133s][debug  ][gc,ergo        ] GC(63) Old eden_size: 204472320 desired_eden_size: 204472320
[17.133s][debug  ][gc,ergo        ] GC(63) PSAdaptiveSizePolicy::compute_old_gen_free_space limits: desired_promo_size: 1262831611 promo_limit: 1227252480 free_in_old_gen: 1227252480 max_old_gen_size: 1879048192 avg_old_live: 651795712
[17.133s][debug  ][gc,ergo        ] GC(63) PSAdaptiveSizePolicy::compute_old_gen_free_space: costs minor_time: 0.050486 major_cost: 0.046316  mutator_cost: 0.903198 throughput_goal: 0.990000
[17.133s][debug  ][gc,ergo        ] GC(63) Live_space: 945049728 free_space: 1346895872
[17.133s][debug  ][gc,ergo        ] GC(63) Old promo_size: 1142423552 desired_promo_size: 1226833920
[17.133s][debug  ][gc,ergo        ] GC(63) AdaptiveSizeStop: collection: 64 
[17.133s][info   ][gc,heap        ] GC(63) PSYoungGen: 30720K(230912K)->0K(230912K) Eden: 0K(199680K)->0K(199680K) From: 30720K(31232K)->0K(31232K)
[17.133s][info   ][gc,heap        ] GC(63) ParOldGen: 1701477K(1835008K)->759396K(1835008K)
[17.133s][info   ][gc,metaspace   ] GC(63) Metaspace: 1021K(1216K)->1021K(1216K) NonClass: 937K(1024K)->937K(1024K) Class: 83K(192K)->83K(192K)
[17.134s][info   ][gc             ] GC(63) Pause Full (Ergonomics) 1691M->741M(2017M) 91.473ms
[17.134s][info   ][gc,cpu         ] GC(63) User=0.80s Sys=0.00s Real=0.09s
[17.134s][debug  ][gc,heap        ] GC(63) Heap after GC invocations=64 (full 11):
[17.134s][debug  ][gc,heap        ] GC(63)  PSYoungGen      total 230912K, used 0K [0x00000000f0000000, 0x0000000100000000, 0x0000000100000000)
[17.134s][debug  ][gc,heap        ] GC(63)   eden space 199680K, 0% used [0x00000000f0000000,0x00000000f0000000,0x00000000fc300000)
[17.134s][debug  ][gc,heap        ] GC(63)   from space 31232K, 0% used [0x00000000fe180000,0x00000000fe180000,0x0000000100000000)
[17.134s][debug  ][gc,heap        ] GC(63)   to   space 31232K, 0% used [0x00000000fc300000,0x00000000fc300000,0x00000000fe180000)
[17.134s][debug  ][gc,heap        ] GC(63)  ParOldGen       total 1835008K, used 759396K [0x0000000080000000, 0x00000000f0000000, 0x00000000f0000000)
[17.134s][debug  ][gc,heap        ] GC(63)   object space 1835008K, 41% used [0x0000000080000000,0x00000000ae599078,0x00000000f0000000)
[17.134s][debug  ][gc,heap        ] GC(63)  Metaspace       used 1021K, committed 1216K, reserved 1056768K
[17.134s][debug  ][gc,heap        ] GC(63)   class space    used 83K, committed 192K, reserved 1048576K
[17.134s][debug  ][gc,task,time   ] GC(63) VM-Thread 170420574 170445401 171335588
[17.433s][debug  ][gc,heap        ] GC(64) Heap before GC invocations=65 (full 11):
[17.433s][debug  ][gc,heap        ] GC(64)  PSYoungGen      total 230912K, used 198461K [0x00000000f0000000, 0x0000000100000000, 0x0000000100000000)
[17.433s][debug  ][gc,heap        ] GC(64)   eden space 199680K, 99% used [0x00000000f0000000,0x00000000fc1cf550,0x00000000fc300000)
[17.433s][debug  ][gc,heap        ] GC(64)   from space 31232K, 0% used [0x00000000fe180000,0x00000000fe180000,0x0000000100000000)
[17.433s][debug  ][gc,heap        ] GC(64)   to   space 31232K, 0% used [0x00000000fc300000,0x00000000fc300000,0x00000000fe180000)
[17.433s][debug  ][gc,heap        ] GC(64)  ParOldGen       total 1835008K, used 759396K [0x0000000080000000, 0x00000000f0000000, 0x00000000f0000000)
[17.433s][debug  ][gc,heap        ] GC(64)   object space 1835008K, 41% used [0x0000000080000000,0x00000000ae599078,0x00000000f0000000)
[17.433s][debug  ][gc,heap        ] GC(64)  Metaspace       used 1021K, committed 1216K, reserved 1056768K
[17.433s][debug  ][gc,heap        ] GC(64)   class space    used 83K, committed 192K, reserved 1048576K
[17.433s][debug  ][gc,tlab        ] GC(64) TLAB totals: thrds: 1  refills: 1 max: 1 slow allocs: 18 max 18 waste: 27.6% gc: 3994656B max: 3994656B slow: 0B max: 0B
[17.433s][info   ][gc,start       ] GC(64) Pause Young (Allocation Failure)
[17.433s][debug  ][gc,phases,start] GC(64) Scavenge
[17.447s][debug  ][gc,phases      ] GC(64) Scavenge 13.818ms
[17.447s][debug  ][gc,phases,start] GC(64) Reference Processing
[17.447s][debug  ][gc,ref         ] GC(64) Skipped phase 1 of Reference Processing: no references
[17.447s][debug  ][gc,ref         ] GC(64) Skipped phase 2 of Reference Processing: no references
[17.447s][debug  ][gc,ref         ] GC(64) Skipped phase 3 of Reference Processing: no references
[17.447s][debug  ][gc,ref         ] GC(64) Skipped phase 4 of Reference Processing: no references
[17.447s][debug  ][gc,phases,ref  ] GC(64) Reference Processing: 0.1ms
[17.447s][debug  ][gc,phases,ref  ] GC(64)   Reconsider SoftReferences: 0.0ms
[17.447s][debug  ][gc,phases,ref  ] GC(64)     SoftRef (ms):                  skipped
[17.447s][debug  ][gc,phases,ref  ] GC(64)   Notify Soft/WeakReferences: 0.0ms
[17.447s][debug  ][gc,phases,ref  ] GC(64)     SoftRef (ms):                  skipped
[17.447s][debug  ][gc,phases,ref  ] GC(64)     WeakRef (ms):                  skipped
[17.447s][debug  ][gc,phases,ref  ] GC(64)     FinalRef (ms):                 skipped
[17.447s][debug  ][gc,phases,ref  ] GC(64)     Total (ms):                    skipped
[17.447s][debug  ][gc,phases,ref  ] GC(64)   Notify and keep alive finalizable: 0.0ms
[17.447s][debug  ][gc,phases,ref  ] GC(64)     FinalRef (ms):                 skipped
[17.447s][debug  ][gc,phases,ref  ] GC(64)   Notify PhantomReferences: 0.0ms
[17.448s][debug  ][gc,phases,ref  ] GC(64)     PhantomRef (ms):               skipped
[17.448s][debug  ][gc,phases,ref  ] GC(64)   SoftReference:
[17.448s][debug  ][gc,phases,ref  ] GC(64)     Discovered: 0
[17.448s][debug  ][gc,phases,ref  ] GC(64)     Cleared: 0
[17.448s][debug  ][gc,phases,ref  ] GC(64)   WeakReference:
[17.448s][debug  ][gc,phases,ref  ] GC(64)     Discovered: 0
[17.448s][debug  ][gc,phases,ref  ] GC(64)     Cleared: 0
[17.448s][debug  ][gc,phases,ref  ] GC(64)   FinalReference:
[17.448s][debug  ][gc,phases,ref  ] GC(64)     Discovered: 0
[17.448s][debug  ][gc,phases,ref  ] GC(64)     Cleared: 0
[17.448s][debug  ][gc,phases,ref  ] GC(64)   PhantomReference:
[17.448s][debug  ][gc,phases,ref  ] GC(64)     Discovered: 0
[17.448s][debug  ][gc,phases,ref  ] GC(64)     Cleared: 0
[17.448s][debug  ][gc,phases      ] GC(64) Reference Processing 0.843ms
[17.448s][debug  ][gc,phases,start] GC(64) Weak Processing
[17.448s][debug  ][gc,phases      ] GC(64)   VM Weak                        Min:  0.0, Avg:  0.0, Max:  0.0, Diff:  0.0, Sum:  0.0, Workers: 6
[17.448s][debug  ][gc,phases      ] GC(64)     Dead                           Min: 0, Avg:  0.0, Max: 0, Diff: 0, Sum: 0, Workers: 6
[17.448s][debug  ][gc,phases      ] GC(64)     Total                          Min: 0, Avg:  1.3, Max: 8, Diff: 8, Sum: 8, Workers: 6
[17.448s][debug  ][gc,phases      ] GC(64)   ObjectSynchronizer Weak        Min:  0.0, Avg:  0.0, Max:  0.0, Diff:  0.0, Sum:  0.0, Workers: 6
[17.448s][debug  ][gc,phases      ] GC(64)     Dead                           Min: 0, Avg:  0.0, Max: 0, Diff: 0, Sum: 0, Workers: 6
[17.448s][debug  ][gc,phases      ] GC(64)     Total                          Min: 0, Avg:  0.5, Max: 3, Diff: 3, Sum: 3, Workers: 6
[17.448s][debug  ][gc,phases      ] GC(64)   JVMTI Tag Weak OopStorage      Min:  0.0, Avg:  0.0, Max:  0.0, Diff:  0.0, Sum:  0.0, Workers: 6
[17.448s][debug  ][gc,phases      ] GC(64)     Dead                           Min: 0, Avg:  0.0, Max: 0, Diff: 0, Sum: 0, Workers: 6
[17.448s][debug  ][gc,phases      ] GC(64)     Total                          Min: 0, Avg:  0.0, Max: 0, Diff: 0, Sum: 0, Workers: 6
[17.448s][debug  ][gc,phases      ] GC(64)   StringTable Weak               Min:  0.0, Avg:  0.0, Max:  0.0, Diff:  0.0, Sum:  0.0, Workers: 6
[17.448s][debug  ][gc,phases      ] GC(64)     Dead                           Min: 0, Avg:  0.0, Max: 0, Diff: 0, Sum: 0, Workers: 6
[17.448s][debug  ][gc,phases      ] GC(64)     Total                          Min: 575, Avg: 892.3, Max: 1152, Diff: 577, Sum: 5354, Workers: 6
[17.448s][debug  ][gc,phases      ] GC(64)   ResolvedMethodTable Weak       Min:  0.0, Avg:  0.0, Max:  0.0, Diff:  0.0, Sum:  0.0, Workers: 6
[17.448s][debug  ][gc,phases      ] GC(64)     Dead                           Min: 0, Avg:  0.0, Max: 0, Diff: 0, Sum: 0, Workers: 6
[17.448s][debug  ][gc,phases      ] GC(64)     Total                          Min: 0, Avg: 21.7, Max: 64, Diff: 64, Sum: 130, Workers: 6
[17.448s][debug  ][gc,phases      ] GC(64)   JNI Weak                       Min:  0.0, Avg:  0.0, Max:  0.0, Diff:  0.0, Sum:  0.0, Workers: 6
[17.448s][debug  ][gc,phases      ] GC(64)     Dead                           Min: 0, Avg:  0.0, Max: 0, Diff: 0, Sum: 0, Workers: 6
[17.448s][debug  ][gc,phases      ] GC(64)     Total                          Min: 0, Avg:  0.0, Max: 0, Diff: 0, Sum: 0, Workers: 6
[17.448s][debug  ][gc,phases      ] GC(64)   StringDedup Table Weak         Min:  0.0, Avg:  0.0, Max:  0.0, Diff:  0.0, Sum:  0.0, Workers: 6
[17.448s][debug  ][gc,phases      ] GC(64)     Dead                           Min: 0, Avg:  0.0, Max: 0, Diff: 0, Sum: 0, Workers: 6
[17.448s][debug  ][gc,phases      ] GC(64)     Total                          Min: 0, Avg:  0.0, Max: 0, Diff: 0, Sum: 0, Workers: 6
[17.448s][debug  ][gc,phases      ] GC(64)   StringDedup Requests0 Weak     Min:  0.0, Avg:  0.0, Max:  0.0, Diff:  0.0, Sum:  0.0, Workers: 6
[17.449s][debug  ][gc,phases      ] GC(64)     Dead                           Min: 0, Avg:  0.0, Max: 0, Diff: 0, Sum: 0, Workers: 6
[17.449s][debug  ][gc,phases      ] GC(64)     Total                          Min: 0, Avg:  0.0, Max: 0, Diff: 0, Sum: 0, Workers: 6
[17.449s][debug  ][gc,phases      ] GC(64)   StringDedup Requests1 Weak     Min:  0.0, Avg:  0.0, Max:  0.0, Diff:  0.0, Sum:  0.0, Workers: 6
[17.449s][debug  ][gc,phases      ] GC(64)     Dead                           Min: 0, Avg:  0.0, Max: 0, Diff: 0, Sum: 0, Workers: 6
[17.449s][debug  ][gc,phases      ] GC(64)     Total                          Min: 0, Avg:  0.0, Max: 0, Diff: 0, Sum: 0, Workers: 6
[17.449s][debug  ][gc,phases      ] GC(64)   Weak JFR Old Object Samples    Min:  0.0, Avg:  0.0, Max:  0.0, Diff:  0.0, Sum:  0.0, Workers: 6
[17.449s][debug  ][gc,phases      ] GC(64)     Dead                           Min: 0, Avg:  0.0, Max: 0, Diff: 0, Sum: 0, Workers: 6
[17.449s][debug  ][gc,phases      ] GC(64)     Total                          Min: 0, Avg:  0.0, Max: 0, Diff: 0, Sum: 0, Workers: 6
[17.449s][debug  ][gc,phases      ] GC(64) Weak Processing 0.800ms
[17.449s][debug  ][gc,ergo        ] GC(64) AdaptiveSizeStart:  collection: 65 
[17.449s][debug  ][gc,ergo        ] GC(64) avg_survived_padded_avg: 31609022.000000
[17.449s][debug  ][gc,ergo        ] GC(64) avg_promoted_padded_avg: 254546032.000000  avg_pretenured_padded_avg: 0.000000  tenuring_thresh: 1  target_size: 31981568
[17.449s][debug  ][gc,age         ] GC(64) Desired survivor size 31981568 bytes, new threshold 1 (max threshold 15)
[17.449s][debug  ][gc,ergo        ] GC(64) PSAdaptiveSizePolicy::compute_eden_space_size limits: desired_eden_size: 226225213 old_eden_size: 204472320 eden_limit: 204472320 cur_eden: 204472320 max_eden_size: 204472320 avg_young_live: 25482412
[17.449s][debug  ][gc,ergo        ] GC(64) PSAdaptiveSizePolicy::compute_eden_space_size: costs minor_time: 0.047437 major_cost: 0.046316 mutator_cost: 0.906247 throughput_goal: 0.990000
[17.449s][debug  ][gc,ergo        ] GC(64) Live_space: 945713536 free_space: 1431306240
[17.449s][debug  ][gc,ergo        ] GC(64) Old eden_size: 204472320 desired_eden_size: 204472320
[17.449s][debug  ][gc,ergo        ] GC(64) AdaptiveSizeStop: collection: 65 
[17.449s][info   ][gc,heap        ] GC(64) PSYoungGen: 198461K(230912K)->30720K(230912K) Eden: 198461K(199680K)->0K(199680K) From: 0K(31232K)->30720K(31232K)
[17.449s][info   ][gc,heap        ] GC(64) ParOldGen: 759396K(1835008K)->923236K(1835008K)
[17.449s][info   ][gc,metaspace   ] GC(64) Metaspace: 1021K(1216K)->1021K(1216K) NonClass: 937K(1024K)->937K(1024K) Class: 83K(192K)->83K(192K)
[17.449s][info   ][gc             ] GC(64) Pause Young (Allocation Failure) 935M->931M(2017M) 15.957ms
[17.449s][info   ][gc,cpu         ] GC(64) User=0.19s Sys=0.00s Real=0.02s
[17.449s][debug  ][gc,heap        ] GC(64) Heap after GC invocations=65 (full 11):
[17.449s][debug  ][gc,heap        ] GC(64)  PSYoungGen      total 230912K, used 30720K [0x00000000f0000000, 0x0000000100000000, 0x0000000100000000)
[17.449s][debug  ][gc,heap        ] GC(64)   eden space 199680K, 0% used [0x00000000f0000000,0x00000000f0000000,0x00000000fc300000)
[17.449s][debug  ][gc,heap        ] GC(64)   from space 31232K, 98% used [0x00000000fc300000,0x00000000fe100030,0x00000000fe180000)
[17.449s][debug  ][gc,heap        ] GC(64)   to   space 31232K, 0% used [0x00000000fe180000,0x00000000fe180000,0x0000000100000000)
[17.449s][debug  ][gc,heap        ] GC(64)  ParOldGen       total 1835008K, used 923236K [0x0000000080000000, 0x00000000f0000000, 0x00000000f0000000)
[17.449s][debug  ][gc,heap        ] GC(64)   object space 1835008K, 50% used [0x0000000080000000,0x00000000b8599178,0x00000000f0000000)
[17.449s][debug  ][gc,heap        ] GC(64)  Metaspace       used 1021K, committed 1216K, reserved 1056768K
[17.449s][debug  ][gc,heap        ] GC(64)   class space    used 83K, committed 192K, reserved 1048576K
[17.449s][debug  ][gc,task,time   ] GC(64) VM-Thread 174326399 174470237 174492957
[17.751s][debug  ][gc,heap        ] GC(65) Heap before GC invocations=66 (full 11):
[17.751s][debug  ][gc,heap        ] GC(65)  PSYoungGen      total 230912K, used 229114K [0x00000000f0000000, 0x0000000100000000, 0x0000000100000000)
[17.751s][debug  ][gc,heap        ] GC(65)   eden space 199680K, 99% used [0x00000000f0000000,0x00000000fc1be880,0x00000000fc300000)
[17.751s][debug  ][gc,heap        ] GC(65)   from space 31232K, 98% used [0x00000000fc300000,0x00000000fe100030,0x00000000fe180000)
[17.751s][debug  ][gc,heap        ] GC(65)   to   space 31232K, 0% used [0x00000000fe180000,0x00000000fe180000,0x0000000100000000)
[17.751s][debug  ][gc,heap        ] GC(65)  ParOldGen       total 1835008K, used 923236K [0x0000000080000000, 0x00000000f0000000, 0x00000000f0000000)
[17.751s][debug  ][gc,heap        ] GC(65)   object space 1835008K, 50% used [0x0000000080000000,0x00000000b8599178,0x00000000f0000000)
[17.751s][debug  ][gc,heap        ] GC(65)  Metaspace       used 1021K, committed 1216K, reserved 1056768K
[17.751s][debug  ][gc,heap        ] GC(65)   class space    used 83K, committed 192K, reserved 1048576K
[17.751s][debug  ][gc,tlab        ] GC(65) TLAB totals: thrds: 1  refills: 1 max: 1 slow allocs: 18 max 18 waste: 27.2% gc: 3924776B max: 3924776B slow: 0B max: 0B
[17.751s][info   ][gc,start       ] GC(65) Pause Young (Allocation Failure)
[17.751s][debug  ][gc,phases,start] GC(65) Scavenge
[17.760s][debug  ][gc,phases      ] GC(65) Scavenge 8.909ms
[17.760s][debug  ][gc,phases,start] GC(65) Reference Processing
[17.760s][debug  ][gc,ref         ] GC(65) Skipped phase 1 of Reference Processing: no references
[17.760s][debug  ][gc,ref         ] GC(65) Skipped phase 2 of Reference Processing: no references
[17.760s][debug  ][gc,ref         ] GC(65) Skipped phase 3 of Reference Processing: no references
[17.761s][debug  ][gc,ref         ] GC(65) Skipped phase 4 of Reference Processing: no references
[17.761s][debug  ][gc,phases,ref  ] GC(65) Reference Processing: 0.1ms
[17.761s][debug  ][gc,phases,ref  ] GC(65)   Reconsider SoftReferences: 0.0ms
[17.761s][debug  ][gc,phases,ref  ] GC(65)     SoftRef (ms):                  skipped
[17.761s][debug  ][gc,phases,ref  ] GC(65)   Notify Soft/WeakReferences: 0.0ms
[17.761s][debug  ][gc,phases,ref  ] GC(65)     SoftRef (ms):                  skipped
[17.761s][debug  ][gc,phases,ref  ] GC(65)     WeakRef (ms):                  skipped
[17.761s][debug  ][gc,phases,ref  ] GC(65)     FinalRef (ms):                 skipped
[17.761s][debug  ][gc,phases,ref  ] GC(65)     Total (ms):                    skipped
[17.761s][debug  ][gc,phases,ref  ] GC(65)   Notify and keep alive finalizable: 0.0ms
[17.761s][debug  ][gc,phases,ref  ] GC(65)     FinalRef (ms):                 skipped
[17.761s][debug  ][gc,phases,ref  ] GC(65)   Notify PhantomReferences: 0.0ms
[17.761s][debug  ][gc,phases,ref  ] GC(65)     PhantomRef (ms):               skipped
[17.761s][debug  ][gc,phases,ref  ] GC(65)   SoftReference:
[17.761s][debug  ][gc,phases,ref  ] GC(65)     Discovered: 0
[17.761s][debug  ][gc,phases,ref  ] GC(65)     Cleared: 0
[17.761s][debug  ][gc,phases,ref  ] GC(65)   WeakReference:
[17.761s][debug  ][gc,phases,ref  ] GC(65)     Discovered: 0
[17.761s][debug  ][gc,phases,ref  ] GC(65)     Cleared: 0
[17.761s][debug  ][gc,phases,ref  ] GC(65)   FinalReference:
[17.761s][debug  ][gc,phases,ref  ] GC(65)     Discovered: 0
[17.761s][debug  ][gc,phases,ref  ] GC(65)     Cleared: 0
[17.761s][debug  ][gc,phases,ref  ] GC(65)   PhantomReference:
[17.761s][debug  ][gc,phases,ref  ] GC(65)     Discovered: 0
[17.761s][debug  ][gc,phases,ref  ] GC(65)     Cleared: 0
[17.761s][debug  ][gc,phases      ] GC(65) Reference Processing 0.688ms
[17.761s][debug  ][gc,phases,start] GC(65) Weak Processing
[17.761s][debug  ][gc,phases      ] GC(65)   VM Weak                        Min:  0.0, Avg:  0.0, Max:  0.0, Diff:  0.0, Sum:  0.0, Workers: 6
[17.761s][debug  ][gc,phases      ] GC(65)     Dead                           Min: 0, Avg:  0.0, Max: 0, Diff: 0, Sum: 0, Workers: 6
[17.761s][debug  ][gc,phases      ] GC(65)     Total                          Min: 0, Avg:  1.3, Max: 8, Diff: 8, Sum: 8, Workers: 6
[17.761s][debug  ][gc,phases      ] GC(65)   ObjectSynchronizer Weak        Min:  0.0, Avg:  0.0, Max:  0.0, Diff:  0.0, Sum:  0.0, Workers: 6
[17.761s][debug  ][gc,phases      ] GC(65)     Dead                           Min: 0, Avg:  0.0, Max: 0, Diff: 0, Sum: 0, Workers: 6
[17.761s][debug  ][gc,phases      ] GC(65)     Total                          Min: 0, Avg:  0.5, Max: 3, Diff: 3, Sum: 3, Workers: 6
[17.761s][debug  ][gc,phases      ] GC(65)   JVMTI Tag Weak OopStorage      Min:  0.0, Avg:  0.0, Max:  0.0, Diff:  0.0, Sum:  0.0, Workers: 6
[17.761s][debug  ][gc,phases      ] GC(65)     Dead                           Min: 0, Avg:  0.0, Max: 0, Diff: 0, Sum: 0, Workers: 6
[17.761s][debug  ][gc,phases      ] GC(65)     Total                          Min: 0, Avg:  0.0, Max: 0, Diff: 0, Sum: 0, Workers: 6
[17.761s][debug  ][gc,phases      ] GC(65)   StringTable Weak               Min:  0.0, Avg:  0.0, Max:  0.0, Diff:  0.0, Sum:  0.0, Workers: 6
[17.761s][debug  ][gc,phases      ] GC(65)     Dead                           Min: 0, Avg:  0.0, Max: 0, Diff: 0, Sum: 0, Workers: 6
[17.761s][debug  ][gc,phases      ] GC(65)     Total                          Min: 0, Avg: 892.3, Max: 1258, Diff: 1258, Sum: 5354, Workers: 6
[17.761s][debug  ][gc,phases      ] GC(65)   ResolvedMethodTable Weak       Min:  0.0, Avg:  0.0, Max:  0.0, Diff:  0.0, Sum:  0.0, Workers: 6
[17.762s][debug  ][gc,phases      ] GC(65)     Dead                           Min: 0, Avg:  0.0, Max: 0, Diff: 0, Sum: 0, Workers: 6
[17.762s][debug  ][gc,phases      ] GC(65)     Total                          Min: 0, Avg: 21.7, Max: 64, Diff: 64, Sum: 130, Workers: 6
[17.762s][debug  ][gc,phases      ] GC(65)   JNI Weak                       Min:  0.0, Avg:  0.0, Max:  0.0, Diff:  0.0, Sum:  0.0, Workers: 6
[17.762s][debug  ][gc,phases      ] GC(65)     Dead                           Min: 0, Avg:  0.0, Max: 0, Diff: 0, Sum: 0, Workers: 6
[17.762s][debug  ][gc,phases      ] GC(65)     Total                          Min: 0, Avg:  0.0, Max: 0, Diff: 0, Sum: 0, Workers: 6
[17.762s][debug  ][gc,phases      ] GC(65)   StringDedup Table Weak         Min:  0.0, Avg:  0.0, Max:  0.0, Diff:  0.0, Sum:  0.0, Workers: 6
[17.762s][debug  ][gc,phases      ] GC(65)     Dead                           Min: 0, Avg:  0.0, Max: 0, Diff: 0, Sum: 0, Workers: 6
[17.762s][debug  ][gc,phases      ] GC(65)     Total                          Min: 0, Avg:  0.0, Max: 0, Diff: 0, Sum: 0, Workers: 6
[17.762s][debug  ][gc,phases      ] GC(65)   StringDedup Requests0 Weak     Min:  0.0, Avg:  0.0, Max:  0.0, Diff:  0.0, Sum:  0.0, Workers: 6
[17.762s][debug  ][gc,phases      ] GC(65)     Dead                           Min: 0, Avg:  0.0, Max: 0, Diff: 0, Sum: 0, Workers: 6
[17.762s][debug  ][gc,phases      ] GC(65)     Total                          Min: 0, Avg:  0.0, Max: 0, Diff: 0, Sum: 0, Workers: 6
[17.762s][debug  ][gc,phases      ] GC(65)   StringDedup Requests1 Weak     Min:  0.0, Avg:  0.0, Max:  0.0, Diff:  0.0, Sum:  0.0, Workers: 6
[17.762s][debug  ][gc,phases      ] GC(65)     Dead                           Min: 0, Avg:  0.0, Max: 0, Diff: 0, Sum: 0, Workers: 6
[17.762s][debug  ][gc,phases      ] GC(65)     Total                          Min: 0, Avg:  0.0, Max: 0, Diff: 0, Sum: 0, Workers: 6
[17.762s][debug  ][gc,phases      ] GC(65)   Weak JFR Old Object Samples    Min:  0.0, Avg:  0.0, Max:  0.0, Diff:  0.0, Sum:  0.0, Workers: 6
[17.762s][debug  ][gc,phases      ] GC(65)     Dead                           Min: 0, Avg:  0.0, Max: 0, Diff: 0, Sum: 0, Workers: 6
[17.762s][debug  ][gc,phases      ] GC(65)     Total                          Min: 0, Avg:  0.0, Max: 0, Diff: 0, Sum: 0, Workers: 6
[17.762s][debug  ][gc,phases      ] GC(65) Weak Processing 0.808ms
[17.762s][debug  ][gc,ergo        ] GC(65) AdaptiveSizeStart:  collection: 66 
[17.762s][debug  ][gc,ergo        ] GC(65) avg_survived_padded_avg: 31596488.000000
[17.762s][debug  ][gc,ergo        ] GC(65) avg_promoted_padded_avg: 260358496.000000  avg_pretenured_padded_avg: 0.000000  tenuring_thresh: 1  target_size: 31981568
[17.762s][debug  ][gc,age         ] GC(65) Desired survivor size 31981568 bytes, new threshold 1 (max threshold 15)
[17.762s][debug  ][gc,ergo        ] GC(65) PSAdaptiveSizePolicy::compute_eden_space_size limits: desired_eden_size: 225414780 old_eden_size: 204472320 eden_limit: 204472320 cur_eden: 204472320 max_eden_size: 204472320 avg_young_live: 26079902
[17.762s][debug  ][gc,ergo        ] GC(65) PSAdaptiveSizePolicy::compute_eden_space_size: costs minor_time: 0.043991 major_cost: 0.046316 mutator_cost: 0.909693 throughput_goal: 0.990000
[17.762s][debug  ][gc,ergo        ] GC(65) Live_space: 946311040 free_space: 1431306240
[17.762s][debug  ][gc,ergo        ] GC(65) Old eden_size: 204472320 desired_eden_size: 204472320
[17.762s][debug  ][gc,ergo        ] GC(65) AdaptiveSizeStop: collection: 66 
[17.762s][info   ][gc,heap        ] GC(65) PSYoungGen: 229114K(230912K)->30720K(230912K) Eden: 198394K(199680K)->0K(199680K) From: 30720K(31232K)->30720K(31232K)
[17.762s][info   ][gc,heap        ] GC(65) ParOldGen: 923236K(1835008K)->1015396K(1835008K)
[17.762s][info   ][gc,metaspace   ] GC(65) Metaspace: 1021K(1216K)->1021K(1216K) NonClass: 937K(1024K)->937K(1024K) Class: 83K(192K)->83K(192K)
[17.762s][info   ][gc             ] GC(65) Pause Young (Allocation Failure) 1125M->1021M(2017M) 10.907ms
[17.762s][info   ][gc,cpu         ] GC(65) User=0.19s Sys=0.00s Real=0.01s
[17.762s][debug  ][gc,heap        ] GC(65) Heap after GC invocations=66 (full 11):
[17.762s][debug  ][gc,heap        ] GC(65)  PSYoungGen      total 230912K, used 30720K [0x00000000f0000000, 0x0000000100000000, 0x0000000100000000)
[17.762s][debug  ][gc,heap        ] GC(65)   eden space 199680K, 0% used [0x00000000f0000000,0x00000000f0000000,0x00000000fc300000)
[17.762s][debug  ][gc,heap        ] GC(65)   from space 31232K, 98% used [0x00000000fe180000,0x00000000fff80030,0x0000000100000000)
[17.762s][debug  ][gc,heap        ] GC(65)   to   space 31232K, 0% used [0x00000000fc300000,0x00000000fc300000,0x00000000fe180000)
[17.762s][debug  ][gc,heap        ] GC(65)  ParOldGen       total 1835008K, used 1015396K [0x0000000080000000, 0x00000000f0000000, 0x00000000f0000000)
[17.762s][debug  ][gc,heap        ] GC(65)   object space 1835008K, 55% used [0x0000000080000000,0x00000000bdf99208,0x00000000f0000000)
[17.762s][debug  ][gc,heap        ] GC(65)  Metaspace       used 1021K, committed 1216K, reserved 1056768K
[17.763s][debug  ][gc,heap        ] GC(65)   class space    used 83K, committed 192K, reserved 1048576K
[17.763s][debug  ][gc,task,time   ] GC(65) VM-Thread 177509156 177603938 177625351
[18.069s][debug  ][gc,heap        ] GC(66) Heap before GC invocations=67 (full 11):
[18.069s][debug  ][gc,heap        ] GC(66)  PSYoungGen      total 230912K, used 229143K [0x00000000f0000000, 0x0000000100000000, 0x0000000100000000)
[18.069s][debug  ][gc,heap        ] GC(66)   eden space 199680K, 99% used [0x00000000f0000000,0x00000000fc1c5c28,0x00000000fc300000)
[18.069s][debug  ][gc,heap        ] GC(66)   from space 31232K, 98% used [0x00000000fe180000,0x00000000fff80030,0x0000000100000000)
[18.069s][debug  ][gc,heap        ] GC(66)   to   space 31232K, 0% used [0x00000000fc300000,0x00000000fc300000,0x00000000fe180000)
[18.069s][debug  ][gc,heap        ] GC(66)  ParOldGen       total 1835008K, used 1015396K [0x0000000080000000, 0x00000000f0000000, 0x00000000f0000000)
[18.069s][debug  ][gc,heap        ] GC(66)   object space 1835008K, 55% used [0x0000000080000000,0x00000000bdf99208,0x00000000f0000000)
[18.069s][debug  ][gc,heap        ] GC(66)  Metaspace       used 1021K, committed 1216K, reserved 1056768K
[18.069s][debug  ][gc,heap        ] GC(66)   class space    used 83K, committed 192K, reserved 1048576K
[18.069s][debug  ][gc,tlab        ] GC(66) TLAB totals: thrds: 1  refills: 1 max: 1 slow allocs: 18 max 18 waste: 27.4% gc: 3955448B max: 3955448B slow: 0B max: 0B
[18.069s][info   ][gc,start       ] GC(66) Pause Young (Allocation Failure)
[18.069s][debug  ][gc,phases,start] GC(66) Scavenge
[18.085s][debug  ][gc,phases      ] GC(66) Scavenge 15.732ms
[18.085s][debug  ][gc,phases,start] GC(66) Reference Processing
[18.085s][debug  ][gc,ref         ] GC(66) Skipped phase 1 of Reference Processing: no references
[18.085s][debug  ][gc,ref         ] GC(66) Skipped phase 2 of Reference Processing: no references
[18.085s][debug  ][gc,ref         ] GC(66) Skipped phase 3 of Reference Processing: no references
[18.085s][debug  ][gc,ref         ] GC(66) Skipped phase 4 of Reference Processing: no references
[18.085s][debug  ][gc,phases,ref  ] GC(66) Reference Processing: 0.1ms
[18.085s][debug  ][gc,phases,ref  ] GC(66)   Reconsider SoftReferences: 0.0ms
[18.085s][debug  ][gc,phases,ref  ] GC(66)     SoftRef (ms):                  skipped
[18.085s][debug  ][gc,phases,ref  ] GC(66)   Notify Soft/WeakReferences: 0.0ms
[18.085s][debug  ][gc,phases,ref  ] GC(66)     SoftRef (ms):                  skipped
[18.085s][debug  ][gc,phases,ref  ] GC(66)     WeakRef (ms):                  skipped
[18.085s][debug  ][gc,phases,ref  ] GC(66)     FinalRef (ms):                 skipped
[18.085s][debug  ][gc,phases,ref  ] GC(66)     Total (ms):                    skipped
[18.085s][debug  ][gc,phases,ref  ] GC(66)   Notify and keep alive finalizable: 0.0ms
[18.085s][debug  ][gc,phases,ref  ] GC(66)     FinalRef (ms):                 skipped
[18.085s][debug  ][gc,phases,ref  ] GC(66)   Notify PhantomReferences: 0.0ms
[18.085s][debug  ][gc,phases,ref  ] GC(66)     PhantomRef (ms):               skipped
[18.085s][debug  ][gc,phases,ref  ] GC(66)   SoftReference:
[18.085s][debug  ][gc,phases,ref  ] GC(66)     Discovered: 0
[18.085s][debug  ][gc,phases,ref  ] GC(66)     Cleared: 0
[18.085s][debug  ][gc,phases,ref  ] GC(66)   WeakReference:
[18.086s][debug  ][gc,phases,ref  ] GC(66)     Discovered: 0
[18.086s][debug  ][gc,phases,ref  ] GC(66)     Cleared: 0
[18.086s][debug  ][gc,phases,ref  ] GC(66)   FinalReference:
[18.086s][debug  ][gc,phases,ref  ] GC(66)     Discovered: 0
[18.086s][debug  ][gc,phases,ref  ] GC(66)     Cleared: 0
[18.086s][debug  ][gc,phases,ref  ] GC(66)   PhantomReference:
[18.086s][debug  ][gc,phases,ref  ] GC(66)     Discovered: 0
[18.086s][debug  ][gc,phases,ref  ] GC(66)     Cleared: 0
[18.086s][debug  ][gc,phases      ] GC(66) Reference Processing 0.615ms
[18.086s][debug  ][gc,phases,start] GC(66) Weak Processing
[18.086s][debug  ][gc,phases      ] GC(66)   VM Weak                        Min:  0.0, Avg:  0.0, Max:  0.0, Diff:  0.0, Sum:  0.0, Workers: 6
[18.086s][debug  ][gc,phases      ] GC(66)     Dead                           Min: 0, Avg:  0.0, Max: 0, Diff: 0, Sum: 0, Workers: 6
[18.086s][debug  ][gc,phases      ] GC(66)     Total                          Min: 0, Avg:  1.3, Max: 8, Diff: 8, Sum: 8, Workers: 6
[18.086s][debug  ][gc,phases      ] GC(66)   ObjectSynchronizer Weak        Min:  0.0, Avg:  0.0, Max:  0.0, Diff:  0.0, Sum:  0.0, Workers: 6
[18.086s][debug  ][gc,phases      ] GC(66)     Dead                           Min: 0, Avg:  0.0, Max: 0, Diff: 0, Sum: 0, Workers: 6
[18.086s][debug  ][gc,phases      ] GC(66)     Total                          Min: 0, Avg:  0.5, Max: 3, Diff: 3, Sum: 3, Workers: 6
[18.086s][debug  ][gc,phases      ] GC(66)   JVMTI Tag Weak OopStorage      Min:  0.0, Avg:  0.0, Max:  0.0, Diff:  0.0, Sum:  0.0, Workers: 6
[18.086s][debug  ][gc,phases      ] GC(66)     Dead                           Min: 0, Avg:  0.0, Max: 0, Diff: 0, Sum: 0, Workers: 6
[18.086s][debug  ][gc,phases      ] GC(66)     Total                          Min: 0, Avg:  0.0, Max: 0, Diff: 0, Sum: 0, Workers: 6
[18.086s][debug  ][gc,phases      ] GC(66)   StringTable Weak               Min:  0.0, Avg:  0.0, Max:  0.0, Diff:  0.0, Sum:  0.0, Workers: 6
[18.086s][debug  ][gc,phases      ] GC(66)     Dead                           Min: 0, Avg:  0.0, Max: 0, Diff: 0, Sum: 0, Workers: 6
[18.086s][debug  ][gc,phases      ] GC(66)     Total                          Min: 575, Avg: 892.3, Max: 1152, Diff: 577, Sum: 5354, Workers: 6
[18.086s][debug  ][gc,phases      ] GC(66)   ResolvedMethodTable Weak       Min:  0.0, Avg:  0.0, Max:  0.0, Diff:  0.0, Sum:  0.0, Workers: 6
[18.086s][debug  ][gc,phases      ] GC(66)     Dead                           Min: 0, Avg:  0.0, Max: 0, Diff: 0, Sum: 0, Workers: 6
[18.086s][debug  ][gc,phases      ] GC(66)     Total                          Min: 0, Avg: 21.7, Max: 64, Diff: 64, Sum: 130, Workers: 6
[18.086s][debug  ][gc,phases      ] GC(66)   JNI Weak                       Min:  0.0, Avg:  0.0, Max:  0.0, Diff:  0.0, Sum:  0.0, Workers: 6
[18.086s][debug  ][gc,phases      ] GC(66)     Dead                           Min: 0, Avg:  0.0, Max: 0, Diff: 0, Sum: 0, Workers: 6
[18.086s][debug  ][gc,phases      ] GC(66)     Total                          Min: 0, Avg:  0.0, Max: 0, Diff: 0, Sum: 0, Workers: 6
[18.086s][debug  ][gc,phases      ] GC(66)   StringDedup Table Weak         Min:  0.0, Avg:  0.0, Max:  0.0, Diff:  0.0, Sum:  0.0, Workers: 6
[18.086s][debug  ][gc,phases      ] GC(66)     Dead                           Min: 0, Avg:  0.0, Max: 0, Diff: 0, Sum: 0, Workers: 6
[18.086s][debug  ][gc,phases      ] GC(66)     Total                          Min: 0, Avg:  0.0, Max: 0, Diff: 0, Sum: 0, Workers: 6
[18.086s][debug  ][gc,phases      ] GC(66)   StringDedup Requests0 Weak     Min:  0.0, Avg:  0.0, Max:  0.0, Diff:  0.0, Sum:  0.0, Workers: 6
[18.086s][debug  ][gc,phases      ] GC(66)     Dead                           Min: 0, Avg:  0.0, Max: 0, Diff: 0, Sum: 0, Workers: 6
[18.086s][debug  ][gc,phases      ] GC(66)     Total                          Min: 0, Avg:  0.0, Max: 0, Diff: 0, Sum: 0, Workers: 6
[18.086s][debug  ][gc,phases      ] GC(66)   StringDedup Requests1 Weak     Min:  0.0, Avg:  0.0, Max:  0.0, Diff:  0.0, Sum:  0.0, Workers: 6
[18.086s][debug  ][gc,phases      ] GC(66)     Dead                           Min: 0, Avg:  0.0, Max: 0, Diff: 0, Sum: 0, Workers: 6
[18.086s][debug  ][gc,phases      ] GC(66)     Total                          Min: 0, Avg:  0.0, Max: 0, Diff: 0, Sum: 0, Workers: 6
[18.086s][debug  ][gc,phases      ] GC(66)   Weak JFR Old Object Samples    Min:  0.0, Avg:  0.0, Max:  0.0, Diff:  0.0, Sum:  0.0, Workers: 6
[18.086s][debug  ][gc,phases      ] GC(66)     Dead                           Min: 0, Avg:  0.0, Max: 0, Diff: 0, Sum: 0, Workers: 6
[18.086s][debug  ][gc,phases      ] GC(66)     Total                          Min: 0, Avg:  0.0, Max: 0, Diff: 0, Sum: 0, Workers: 6
[18.086s][debug  ][gc,phases      ] GC(66) Weak Processing 0.798ms
[18.087s][debug  ][gc,ergo        ] GC(66) AdaptiveSizeStart:  collection: 67 
[18.087s][debug  ][gc,ergo        ] GC(66) avg_survived_padded_avg: 31584944.000000
[18.087s][debug  ][gc,ergo        ] GC(66) avg_promoted_padded_avg: 262910336.000000  avg_pretenured_padded_avg: 0.000000  tenuring_thresh: 1  target_size: 31981568
[18.087s][debug  ][gc,age         ] GC(66) Desired survivor size 31981568 bytes, new threshold 1 (max threshold 15)
[18.087s][debug  ][gc,ergo        ] GC(66) PSAdaptiveSizePolicy::compute_eden_space_size limits: desired_eden_size: 225964942 old_eden_size: 204472320 eden_limit: 204472320 cur_eden: 204472320 max_eden_size: 204472320 avg_young_live: 26617644
[18.087s][debug  ][gc,ergo        ] GC(66) PSAdaptiveSizePolicy::compute_eden_space_size: costs minor_time: 0.046302 major_cost: 0.046316 mutator_cost: 0.907382 throughput_goal: 0.990000
[18.087s][debug  ][gc,ergo        ] GC(66) Live_space: 946848768 free_space: 1431306240
[18.087s][debug  ][gc,ergo        ] GC(66) Old eden_size: 204472320 desired_eden_size: 204472320
[18.087s][debug  ][gc,ergo        ] GC(66) AdaptiveSizeStop: collection: 67 
[18.087s][info   ][gc,heap        ] GC(66) PSYoungGen: 229143K(230912K)->30720K(230912K) Eden: 198423K(199680K)->0K(199680K) From: 30720K(31232K)->30720K(31232K)
[18.087s][info   ][gc,heap        ] GC(66) ParOldGen: 1015396K(1835008K)->1209956K(1835008K)
[18.087s][info   ][gc,metaspace   ] GC(66) Metaspace: 1021K(1216K)->1021K(1216K) NonClass: 937K(1024K)->937K(1024K) Class: 83K(192K)->83K(192K)
[18.087s][info   ][gc             ] GC(66) Pause Young (Allocation Failure) 1215M->1211M(2017M) 17.653ms
[18.087s][info   ][gc,cpu         ] GC(66) User=0.19s Sys=0.00s Real=0.02s
[18.087s][debug  ][gc,heap        ] GC(66) Heap after GC invocations=67 (full 11):
[18.087s][debug  ][gc,heap        ] GC(66)  PSYoungGen      total 230912K, used 30720K [0x00000000f0000000, 0x0000000100000000, 0x0000000100000000)
[18.087s][debug  ][gc,heap        ] GC(66)   eden space 199680K, 0% used [0x00000000f0000000,0x00000000f0000000,0x00000000fc300000)
[18.087s][debug  ][gc,heap        ] GC(66)   from space 31232K, 98% used [0x00000000fc300000,0x00000000fe100030,0x00000000fe180000)
[18.087s][debug  ][gc,heap        ] GC(66)   to   space 31232K, 0% used [0x00000000fe180000,0x00000000fe180000,0x0000000100000000)
[18.087s][debug  ][gc,heap        ] GC(66)  ParOldGen       total 1835008K, used 1209956K [0x0000000080000000, 0x00000000f0000000, 0x00000000f0000000)
[18.087s][debug  ][gc,heap        ] GC(66)   object space 1835008K, 65% used [0x0000000080000000,0x00000000c9d99338,0x00000000f0000000)
[18.087s][debug  ][gc,heap        ] GC(66)  Metaspace       used 1021K, committed 1216K, reserved 1056768K
[18.087s][debug  ][gc,heap        ] GC(66)   class space    used 83K, committed 192K, reserved 1048576K
[18.087s][debug  ][gc,task,time   ] GC(66) VM-Thread 180687557 180850604 180871258
[18.383s][debug  ][gc,heap        ] GC(67) Heap before GC invocations=68 (full 11):
[18.383s][debug  ][gc,heap        ] GC(67)  PSYoungGen      total 230912K, used 229161K [0x00000000f0000000, 0x0000000100000000, 0x0000000100000000)
[18.383s][debug  ][gc,heap        ] GC(67)   eden space 199680K, 99% used [0x00000000f0000000,0x00000000fc1ca688,0x00000000fc300000)
[18.383s][debug  ][gc,heap        ] GC(67)   from space 31232K, 98% used [0x00000000fc300000,0x00000000fe100030,0x00000000fe180000)
[18.383s][debug  ][gc,heap        ] GC(67)   to   space 31232K, 0% used [0x00000000fe180000,0x00000000fe180000,0x0000000100000000)
[18.383s][debug  ][gc,heap        ] GC(67)  ParOldGen       total 1835008K, used 1209956K [0x0000000080000000, 0x00000000f0000000, 0x00000000f0000000)
[18.383s][debug  ][gc,heap        ] GC(67)   object space 1835008K, 65% used [0x0000000080000000,0x00000000c9d99338,0x00000000f0000000)
[18.384s][debug  ][gc,heap        ] GC(67)  Metaspace       used 1021K, committed 1216K, reserved 1056768K
[18.384s][debug  ][gc,heap        ] GC(67)   class space    used 83K, committed 192K, reserved 1048576K
[18.384s][debug  ][gc,tlab        ] GC(67) TLAB totals: thrds: 1  refills: 1 max: 1 slow allocs: 18 max 18 waste: 27.5% gc: 3974488B max: 3974488B slow: 0B max: 0B
[18.384s][info   ][gc,start       ] GC(67) Pause Young (Allocation Failure)
[18.384s][debug  ][gc,phases,start] GC(67) Scavenge
[18.399s][debug  ][gc,phases      ] GC(67) Scavenge 15.635ms
[18.399s][debug  ][gc,phases,start] GC(67) Reference Processing
[18.399s][debug  ][gc,ref         ] GC(67) Skipped phase 1 of Reference Processing: no references
[18.399s][debug  ][gc,ref         ] GC(67) Skipped phase 2 of Reference Processing: no references
[18.399s][debug  ][gc,ref         ] GC(67) Skipped phase 3 of Reference Processing: no references
[18.400s][debug  ][gc,ref         ] GC(67) Skipped phase 4 of Reference Processing: no references
[18.400s][debug  ][gc,phases,ref  ] GC(67) Reference Processing: 0.1ms
[18.400s][debug  ][gc,phases,ref  ] GC(67)   Reconsider SoftReferences: 0.0ms
[18.400s][debug  ][gc,phases,ref  ] GC(67)     SoftRef (ms):                  skipped
[18.400s][debug  ][gc,phases,ref  ] GC(67)   Notify Soft/WeakReferences: 0.0ms
[18.400s][debug  ][gc,phases,ref  ] GC(67)     SoftRef (ms):                  skipped
[18.400s][debug  ][gc,phases,ref  ] GC(67)     WeakRef (ms):                  skipped
[18.400s][debug  ][gc,phases,ref  ] GC(67)     FinalRef (ms):                 skipped
[18.400s][debug  ][gc,phases,ref  ] GC(67)     Total (ms):                    skipped
[18.400s][debug  ][gc,phases,ref  ] GC(67)   Notify and keep alive finalizable: 0.0ms
[18.400s][debug  ][gc,phases,ref  ] GC(67)     FinalRef (ms):                 skipped
[18.400s][debug  ][gc,phases,ref  ] GC(67)   Notify PhantomReferences: 0.0ms
[18.400s][debug  ][gc,phases,ref  ] GC(67)     PhantomRef (ms):               skipped
[18.400s][debug  ][gc,phases,ref  ] GC(67)   SoftReference:
[18.400s][debug  ][gc,phases,ref  ] GC(67)     Discovered: 0
[18.400s][debug  ][gc,phases,ref  ] GC(67)     Cleared: 0
[18.400s][debug  ][gc,phases,ref  ] GC(67)   WeakReference:
[18.400s][debug  ][gc,phases,ref  ] GC(67)     Discovered: 0
[18.400s][debug  ][gc,phases,ref  ] GC(67)     Cleared: 0
[18.400s][debug  ][gc,phases,ref  ] GC(67)   FinalReference:
[18.400s][debug  ][gc,phases,ref  ] GC(67)     Discovered: 0
[18.400s][debug  ][gc,phases,ref  ] GC(67)     Cleared: 0
[18.400s][debug  ][gc,phases,ref  ] GC(67)   PhantomReference:
[18.400s][debug  ][gc,phases,ref  ] GC(67)     Discovered: 0
[18.400s][debug  ][gc,phases,ref  ] GC(67)     Cleared: 0
[18.400s][debug  ][gc,phases      ] GC(67) Reference Processing 0.633ms
[18.400s][debug  ][gc,phases,start] GC(67) Weak Processing
[18.400s][debug  ][gc,phases      ] GC(67)   VM Weak                        Min:  0.0, Avg:  0.0, Max:  0.0, Diff:  0.0, Sum:  0.0, Workers: 6
[18.400s][debug  ][gc,phases      ] GC(67)     Dead                           Min: 0, Avg:  0.0, Max: 0, Diff: 0, Sum: 0, Workers: 6
[18.400s][debug  ][gc,phases      ] GC(67)     Total                          Min: 0, Avg:  1.3, Max: 8, Diff: 8, Sum: 8, Workers: 6
[18.400s][debug  ][gc,phases      ] GC(67)   ObjectSynchronizer Weak        Min:  0.0, Avg:  0.0, Max:  0.0, Diff:  0.0, Sum:  0.0, Workers: 6
[18.400s][debug  ][gc,phases      ] GC(67)     Dead                           Min: 0, Avg:  0.0, Max: 0, Diff: 0, Sum: 0, Workers: 6
[18.400s][debug  ][gc,phases      ] GC(67)     Total                          Min: 0, Avg:  0.5, Max: 3, Diff: 3, Sum: 3, Workers: 6
[18.400s][debug  ][gc,phases      ] GC(67)   JVMTI Tag Weak OopStorage      Min:  0.0, Avg:  0.0, Max:  0.0, Diff:  0.0, Sum:  0.0, Workers: 6
[18.400s][debug  ][gc,phases      ] GC(67)     Dead                           Min: 0, Avg:  0.0, Max: 0, Diff: 0, Sum: 0, Workers: 6
[18.400s][debug  ][gc,phases      ] GC(67)     Total                          Min: 0, Avg:  0.0, Max: 0, Diff: 0, Sum: 0, Workers: 6
[18.400s][debug  ][gc,phases      ] GC(67)   StringTable Weak               Min:  0.0, Avg:  0.0, Max:  0.0, Diff:  0.0, Sum:  0.0, Workers: 6
[18.400s][debug  ][gc,phases      ] GC(67)     Dead                           Min: 0, Avg:  0.0, Max: 0, Diff: 0, Sum: 0, Workers: 6
[18.400s][debug  ][gc,phases      ] GC(67)     Total                          Min: 703, Avg: 892.3, Max: 1024, Diff: 321, Sum: 5354, Workers: 6
[18.400s][debug  ][gc,phases      ] GC(67)   ResolvedMethodTable Weak       Min:  0.0, Avg:  0.0, Max:  0.0, Diff:  0.0, Sum:  0.0, Workers: 6
[18.400s][debug  ][gc,phases      ] GC(67)     Dead                           Min: 0, Avg:  0.0, Max: 0, Diff: 0, Sum: 0, Workers: 6
[18.400s][debug  ][gc,phases      ] GC(67)     Total                          Min: 0, Avg: 21.7, Max: 64, Diff: 64, Sum: 130, Workers: 6
[18.400s][debug  ][gc,phases      ] GC(67)   JNI Weak                       Min:  0.0, Avg:  0.0, Max:  0.0, Diff:  0.0, Sum:  0.0, Workers: 6
[18.400s][debug  ][gc,phases      ] GC(67)     Dead                           Min: 0, Avg:  0.0, Max: 0, Diff: 0, Sum: 0, Workers: 6
[18.401s][debug  ][gc,phases      ] GC(67)     Total                          Min: 0, Avg:  0.0, Max: 0, Diff: 0, Sum: 0, Workers: 6
[18.401s][debug  ][gc,phases      ] GC(67)   StringDedup Table Weak         Min:  0.0, Avg:  0.0, Max:  0.0, Diff:  0.0, Sum:  0.0, Workers: 6
[18.401s][debug  ][gc,phases      ] GC(67)     Dead                           Min: 0, Avg:  0.0, Max: 0, Diff: 0, Sum: 0, Workers: 6
[18.401s][debug  ][gc,phases      ] GC(67)     Total                          Min: 0, Avg:  0.0, Max: 0, Diff: 0, Sum: 0, Workers: 6
[18.401s][debug  ][gc,phases      ] GC(67)   StringDedup Requests0 Weak     Min:  0.0, Avg:  0.0, Max:  0.0, Diff:  0.0, Sum:  0.0, Workers: 6
[18.401s][debug  ][gc,phases      ] GC(67)     Dead                           Min: 0, Avg:  0.0, Max: 0, Diff: 0, Sum: 0, Workers: 6
[18.401s][debug  ][gc,phases      ] GC(67)     Total                          Min: 0, Avg:  0.0, Max: 0, Diff: 0, Sum: 0, Workers: 6
[18.401s][debug  ][gc,phases      ] GC(67)   StringDedup Requests1 Weak     Min:  0.0, Avg:  0.0, Max:  0.0, Diff:  0.0, Sum:  0.0, Workers: 6
[18.401s][debug  ][gc,phases      ] GC(67)     Dead                           Min: 0, Avg:  0.0, Max: 0, Diff: 0, Sum: 0, Workers: 6
[18.401s][debug  ][gc,phases      ] GC(67)     Total                          Min: 0, Avg:  0.0, Max: 0, Diff: 0, Sum: 0, Workers: 6
[18.401s][debug  ][gc,phases      ] GC(67)   Weak JFR Old Object Samples    Min:  0.0, Avg:  0.0, Max:  0.0, Diff:  0.0, Sum:  0.0, Workers: 6
[18.401s][debug  ][gc,phases      ] GC(67)     Dead                           Min: 0, Avg:  0.0, Max: 0, Diff: 0, Sum: 0, Workers: 6
[18.401s][debug  ][gc,phases      ] GC(67)     Total                          Min: 0, Avg:  0.0, Max: 0, Diff: 0, Sum: 0, Workers: 6
[18.401s][debug  ][gc,phases      ] GC(67) Weak Processing 0.716ms
[18.401s][debug  ][gc,ergo        ] GC(67) AdaptiveSizeStart:  collection: 68 
[18.401s][debug  ][gc,ergo        ] GC(67) avg_survived_padded_avg: 31574318.000000
[18.401s][debug  ][gc,ergo        ] GC(67) avg_promoted_padded_avg: 264340512.000000  avg_pretenured_padded_avg: 0.000000  tenuring_thresh: 1  target_size: 31981568
[18.401s][debug  ][gc,age         ] GC(67) Desired survivor size 31981568 bytes, new threshold 1 (max threshold 15)
[18.401s][debug  ][gc,ergo        ] GC(67) PSAdaptiveSizePolicy::compute_eden_space_size limits: desired_eden_size: 225356305 old_eden_size: 204472320 eden_limit: 204472320 cur_eden: 204472320 max_eden_size: 204472320 avg_young_live: 27101610
[18.401s][debug  ][gc,ergo        ] GC(67) PSAdaptiveSizePolicy::compute_eden_space_size: costs minor_time: 0.048338 major_cost: 0.046316 mutator_cost: 0.905347 throughput_goal: 0.990000
[18.401s][debug  ][gc,ergo        ] GC(67) Live_space: 947332736 free_space: 1431306240
[18.401s][debug  ][gc,ergo        ] GC(67) Old eden_size: 204472320 desired_eden_size: 204472320
[18.401s][debug  ][gc,ergo        ] GC(67) AdaptiveSizeStop: collection: 68 
[18.401s][info   ][gc,heap        ] GC(67) PSYoungGen: 229161K(230912K)->30720K(230912K) Eden: 198441K(199680K)->0K(199680K) From: 30720K(31232K)->30720K(31232K)
[18.401s][info   ][gc,heap        ] GC(67) ParOldGen: 1209956K(1835008K)->1404517K(1835008K)
[18.401s][info   ][gc,metaspace   ] GC(67) Metaspace: 1021K(1216K)->1021K(1216K) NonClass: 937K(1024K)->937K(1024K) Class: 83K(192K)->83K(192K)
[18.401s][info   ][gc             ] GC(67) Pause Young (Allocation Failure) 1405M->1401M(2017M) 17.432ms
[18.401s][info   ][gc,cpu         ] GC(67) User=0.19s Sys=0.00s Real=0.02s
[18.401s][debug  ][gc,heap        ] GC(67) Heap after GC invocations=68 (full 11):
[18.401s][debug  ][gc,heap        ] GC(67)  PSYoungGen      total 230912K, used 30720K [0x00000000f0000000, 0x0000000100000000, 0x0000000100000000)
[18.401s][debug  ][gc,heap        ] GC(67)   eden space 199680K, 0% used [0x00000000f0000000,0x00000000f0000000,0x00000000fc300000)
[18.401s][debug  ][gc,heap        ] GC(67)   from space 31232K, 98% used [0x00000000fe180000,0x00000000fff80030,0x0000000100000000)
[18.401s][debug  ][gc,heap        ] GC(67)   to   space 31232K, 0% used [0x00000000fc300000,0x00000000fc300000,0x00000000fe180000)
[18.401s][debug  ][gc,heap        ] GC(67)  ParOldGen       total 1835008K, used 1404517K [0x0000000080000000, 0x00000000f0000000, 0x00000000f0000000)
[18.401s][debug  ][gc,heap        ] GC(67)   object space 1835008K, 76% used [0x0000000080000000,0x00000000d5b99468,0x00000000f0000000)
[18.401s][debug  ][gc,heap        ] GC(67)  Metaspace       used 1021K, committed 1216K, reserved 1056768K
[18.401s][debug  ][gc,heap        ] GC(67)   class space    used 83K, committed 192K, reserved 1048576K
[18.401s][debug  ][gc,task,time   ] GC(67) VM-Thread 183831416 183994056 184013076
[18.700s][debug  ][gc,heap        ] GC(68) Heap before GC invocations=69 (full 11):
[18.700s][debug  ][gc,heap        ] GC(68)  PSYoungGen      total 230912K, used 229173K [0x00000000f0000000, 0x0000000100000000, 0x0000000100000000)
[18.700s][debug  ][gc,heap        ] GC(68)   eden space 199680K, 99% used [0x00000000f0000000,0x00000000fc1cd658,0x00000000fc300000)
[18.700s][debug  ][gc,heap        ] GC(68)   from space 31232K, 98% used [0x00000000fe180000,0x00000000fff80030,0x0000000100000000)
[18.700s][debug  ][gc,heap        ] GC(68)   to   space 31232K, 0% used [0x00000000fc300000,0x00000000fc300000,0x00000000fe180000)
[18.700s][debug  ][gc,heap        ] GC(68)  ParOldGen       total 1835008K, used 1404517K [0x0000000080000000, 0x00000000f0000000, 0x00000000f0000000)
[18.700s][debug  ][gc,heap        ] GC(68)   object space 1835008K, 76% used [0x0000000080000000,0x00000000d5b99468,0x00000000f0000000)
[18.700s][debug  ][gc,heap        ] GC(68)  Metaspace       used 1021K, committed 1216K, reserved 1056768K
[18.700s][debug  ][gc,heap        ] GC(68)   class space    used 83K, committed 192K, reserved 1048576K
[18.700s][debug  ][gc,tlab        ] GC(68) TLAB totals: thrds: 1  refills: 1 max: 1 slow allocs: 18 max 18 waste: 27.5% gc: 3986728B max: 3986728B slow: 0B max: 0B
[18.700s][info   ][gc,start       ] GC(68) Pause Young (Allocation Failure)
[18.700s][debug  ][gc,phases,start] GC(68) Scavenge
[18.715s][debug  ][gc,phases      ] GC(68) Scavenge 15.080ms
[18.716s][debug  ][gc,phases,start] GC(68) Reference Processing
[18.716s][debug  ][gc,ref         ] GC(68) Skipped phase 1 of Reference Processing: no references
[18.716s][debug  ][gc,ref         ] GC(68) Skipped phase 2 of Reference Processing: no references
[18.716s][debug  ][gc,ref         ] GC(68) Skipped phase 3 of Reference Processing: no references
[18.716s][debug  ][gc,ref         ] GC(68) Skipped phase 4 of Reference Processing: no references
[18.716s][debug  ][gc,phases,ref  ] GC(68) Reference Processing: 0.1ms
[18.716s][debug  ][gc,phases,ref  ] GC(68)   Reconsider SoftReferences: 0.0ms
[18.716s][debug  ][gc,phases,ref  ] GC(68)     SoftRef (ms):                  skipped
[18.716s][debug  ][gc,phases,ref  ] GC(68)   Notify Soft/WeakReferences: 0.0ms
[18.716s][debug  ][gc,phases,ref  ] GC(68)     SoftRef (ms):                  skipped
[18.716s][debug  ][gc,phases,ref  ] GC(68)     WeakRef (ms):                  skipped
[18.716s][debug  ][gc,phases,ref  ] GC(68)     FinalRef (ms):                 skipped
[18.716s][debug  ][gc,phases,ref  ] GC(68)     Total (ms):                    skipped
[18.716s][debug  ][gc,phases,ref  ] GC(68)   Notify and keep alive finalizable: 0.0ms
[18.716s][debug  ][gc,phases,ref  ] GC(68)     FinalRef (ms):                 skipped
[18.716s][debug  ][gc,phases,ref  ] GC(68)   Notify PhantomReferences: 0.0ms
[18.716s][debug  ][gc,phases,ref  ] GC(68)     PhantomRef (ms):               skipped
[18.716s][debug  ][gc,phases,ref  ] GC(68)   SoftReference:
[18.716s][debug  ][gc,phases,ref  ] GC(68)     Discovered: 0
[18.716s][debug  ][gc,phases,ref  ] GC(68)     Cleared: 0
[18.716s][debug  ][gc,phases,ref  ] GC(68)   WeakReference:
[18.716s][debug  ][gc,phases,ref  ] GC(68)     Discovered: 0
[18.716s][debug  ][gc,phases,ref  ] GC(68)     Cleared: 0
[18.716s][debug  ][gc,phases,ref  ] GC(68)   FinalReference:
[18.716s][debug  ][gc,phases,ref  ] GC(68)     Discovered: 0
[18.716s][debug  ][gc,phases,ref  ] GC(68)     Cleared: 0
[18.716s][debug  ][gc,phases,ref  ] GC(68)   PhantomReference:
[18.716s][debug  ][gc,phases,ref  ] GC(68)     Discovered: 0
[18.716s][debug  ][gc,phases,ref  ] GC(68)     Cleared: 0
[18.716s][debug  ][gc,phases      ] GC(68) Reference Processing 0.585ms
[18.716s][debug  ][gc,phases,start] GC(68) Weak Processing
[18.716s][debug  ][gc,phases      ] GC(68)   VM Weak                        Min:  0.0, Avg:  0.0, Max:  0.0, Diff:  0.0, Sum:  0.0, Workers: 6
[18.716s][debug  ][gc,phases      ] GC(68)     Dead                           Min: 0, Avg:  0.0, Max: 0, Diff: 0, Sum: 0, Workers: 6
[18.716s][debug  ][gc,phases      ] GC(68)     Total                          Min: 0, Avg:  1.3, Max: 8, Diff: 8, Sum: 8, Workers: 6
[18.716s][debug  ][gc,phases      ] GC(68)   ObjectSynchronizer Weak        Min:  0.0, Avg:  0.0, Max:  0.0, Diff:  0.0, Sum:  0.0, Workers: 6
[18.716s][debug  ][gc,phases      ] GC(68)     Dead                           Min: 0, Avg:  0.0, Max: 0, Diff: 0, Sum: 0, Workers: 6
[18.716s][debug  ][gc,phases      ] GC(68)     Total                          Min: 0, Avg:  0.5, Max: 3, Diff: 3, Sum: 3, Workers: 6
[18.716s][debug  ][gc,phases      ] GC(68)   JVMTI Tag Weak OopStorage      Min:  0.0, Avg:  0.0, Max:  0.0, Diff:  0.0, Sum:  0.0, Workers: 6
[18.716s][debug  ][gc,phases      ] GC(68)     Dead                           Min: 0, Avg:  0.0, Max: 0, Diff: 0, Sum: 0, Workers: 6
[18.716s][debug  ][gc,phases      ] GC(68)     Total                          Min: 0, Avg:  0.0, Max: 0, Diff: 0, Sum: 0, Workers: 6
[18.716s][debug  ][gc,phases      ] GC(68)   StringTable Weak               Min:  0.0, Avg:  0.0, Max:  0.0, Diff:  0.0, Sum:  0.0, Workers: 6
[18.716s][debug  ][gc,phases      ] GC(68)     Dead                           Min: 0, Avg:  0.0, Max: 0, Diff: 0, Sum: 0, Workers: 6
[18.716s][debug  ][gc,phases      ] GC(68)     Total                          Min: 639, Avg: 892.3, Max: 1152, Diff: 513, Sum: 5354, Workers: 6
[18.716s][debug  ][gc,phases      ] GC(68)   ResolvedMethodTable Weak       Min:  0.0, Avg:  0.0, Max:  0.0, Diff:  0.0, Sum:  0.0, Workers: 6
[18.716s][debug  ][gc,phases      ] GC(68)     Dead                           Min: 0, Avg:  0.0, Max: 0, Diff: 0, Sum: 0, Workers: 6
[18.717s][debug  ][gc,phases      ] GC(68)     Total                          Min: 0, Avg: 21.7, Max: 64, Diff: 64, Sum: 130, Workers: 6
[18.717s][debug  ][gc,phases      ] GC(68)   JNI Weak                       Min:  0.0, Avg:  0.0, Max:  0.0, Diff:  0.0, Sum:  0.0, Workers: 6
[18.717s][debug  ][gc,phases      ] GC(68)     Dead                           Min: 0, Avg:  0.0, Max: 0, Diff: 0, Sum: 0, Workers: 6
[18.717s][debug  ][gc,phases      ] GC(68)     Total                          Min: 0, Avg:  0.0, Max: 0, Diff: 0, Sum: 0, Workers: 6
[18.717s][debug  ][gc,phases      ] GC(68)   StringDedup Table Weak         Min:  0.0, Avg:  0.0, Max:  0.0, Diff:  0.0, Sum:  0.0, Workers: 6
[18.717s][debug  ][gc,phases      ] GC(68)     Dead                           Min: 0, Avg:  0.0, Max: 0, Diff: 0, Sum: 0, Workers: 6
[18.717s][debug  ][gc,phases      ] GC(68)     Total                          Min: 0, Avg:  0.0, Max: 0, Diff: 0, Sum: 0, Workers: 6
[18.717s][debug  ][gc,phases      ] GC(68)   StringDedup Requests0 Weak     Min:  0.0, Avg:  0.0, Max:  0.0, Diff:  0.0, Sum:  0.0, Workers: 6
[18.717s][debug  ][gc,phases      ] GC(68)     Dead                           Min: 0, Avg:  0.0, Max: 0, Diff: 0, Sum: 0, Workers: 6
[18.717s][debug  ][gc,phases      ] GC(68)     Total                          Min: 0, Avg:  0.0, Max: 0, Diff: 0, Sum: 0, Workers: 6
[18.717s][debug  ][gc,phases      ] GC(68)   StringDedup Requests1 Weak     Min:  0.0, Avg:  0.0, Max:  0.0, Diff:  0.0, Sum:  0.0, Workers: 6
[18.717s][debug  ][gc,phases      ] GC(68)     Dead                           Min: 0, Avg:  0.0, Max: 0, Diff: 0, Sum: 0, Workers: 6
[18.717s][debug  ][gc,phases      ] GC(68)     Total                          Min: 0, Avg:  0.0, Max: 0, Diff: 0, Sum: 0, Workers: 6
[18.717s][debug  ][gc,phases      ] GC(68)   Weak JFR Old Object Samples    Min:  0.0, Avg:  0.0, Max:  0.0, Diff:  0.0, Sum:  0.0, Workers: 6
[18.717s][debug  ][gc,phases      ] GC(68)     Dead                           Min: 0, Avg:  0.0, Max: 0, Diff: 0, Sum: 0, Workers: 6
[18.717s][debug  ][gc,phases      ] GC(68)     Total                          Min: 0, Avg:  0.0, Max: 0, Diff: 0, Sum: 0, Workers: 6
[18.717s][debug  ][gc,phases      ] GC(68) Weak Processing 0.674ms
[18.717s][debug  ][gc,ergo        ] GC(68) AdaptiveSizeStart:  collection: 69 
[18.717s][debug  ][gc,ergo        ] GC(68) avg_survived_padded_avg: 31564538.000000
[18.717s][debug  ][gc,ergo        ] GC(68) avg_promoted_padded_avg: 264847824.000000  avg_pretenured_padded_avg: 0.000000  tenuring_thresh: 1  target_size: 31981568
[18.717s][debug  ][gc,age         ] GC(68) Desired survivor size 31981568 bytes, new threshold 1 (max threshold 15)
[18.717s][debug  ][gc,ergo        ] GC(68) PSAdaptiveSizePolicy::compute_eden_space_size limits: desired_eden_size: 225551711 old_eden_size: 204472320 eden_limit: 204472320 cur_eden: 204472320 max_eden_size: 204472320 avg_young_live: 27537182
[18.717s][debug  ][gc,ergo        ] GC(68) PSAdaptiveSizePolicy::compute_eden_space_size: costs minor_time: 0.049271 major_cost: 0.046316 mutator_cost: 0.904413 throughput_goal: 0.990000
[18.717s][debug  ][gc,ergo        ] GC(68) Live_space: 947768320 free_space: 1431306240
[18.717s][debug  ][gc,ergo        ] GC(68) Old eden_size: 204472320 desired_eden_size: 204472320
[18.717s][debug  ][gc,ergo        ] GC(68) AdaptiveSizeStop: collection: 69 
[18.717s][info   ][gc,heap        ] GC(68) PSYoungGen: 229173K(230912K)->30720K(230912K) Eden: 198453K(199680K)->0K(199680K) From: 30720K(31232K)->30720K(31232K)
[18.717s][info   ][gc,heap        ] GC(68) ParOldGen: 1404517K(1835008K)->1599077K(1835008K)
[18.717s][info   ][gc,metaspace   ] GC(68) Metaspace: 1021K(1216K)->1021K(1216K) NonClass: 937K(1024K)->937K(1024K) Class: 83K(192K)->83K(192K)
[18.717s][info   ][gc             ] GC(68) Pause Young (Allocation Failure) 1595M->1591M(2017M) 16.765ms
[18.717s][info   ][gc,cpu         ] GC(68) User=0.19s Sys=0.00s Real=0.02s
[18.717s][debug  ][gc,heap        ] GC(68) Heap after GC invocations=69 (full 11):
[18.717s][debug  ][gc,heap        ] GC(68)  PSYoungGen      total 230912K, used 30720K [0x00000000f0000000, 0x0000000100000000, 0x0000000100000000)
[18.717s][debug  ][gc,heap        ] GC(68)   eden space 199680K, 0% used [0x00000000f0000000,0x00000000f0000000,0x00000000fc300000)
[18.717s][debug  ][gc,heap        ] GC(68)   from space 31232K, 98% used [0x00000000fc300000,0x00000000fe100030,0x00000000fe180000)
[18.717s][debug  ][gc,heap        ] GC(68)   to   space 31232K, 0% used [0x00000000fe180000,0x00000000fe180000,0x0000000100000000)
[18.717s][debug  ][gc,heap        ] GC(68)  ParOldGen       total 1835008K, used 1599077K [0x0000000080000000, 0x00000000f0000000, 0x00000000f0000000)
[18.717s][debug  ][gc,heap        ] GC(68)   object space 1835008K, 87% used [0x0000000080000000,0x00000000e1999598,0x00000000f0000000)
[18.717s][debug  ][gc,heap        ] GC(68)  Metaspace       used 1021K, committed 1216K, reserved 1056768K
[18.717s][debug  ][gc,heap        ] GC(68)   class space    used 83K, committed 192K, reserved 1048576K
[18.717s][debug  ][gc,task,time   ] GC(68) VM-Thread 186999491 187155610 187173651
[18.717s][debug  ][gc,phases,start] GC(69) Pre Compact
[18.717s][debug  ][gc,heap        ] GC(69) Heap before GC invocations=70 (full 12):
[18.717s][debug  ][gc,heap        ] GC(69)  PSYoungGen      total 230912K, used 30720K [0x00000000f0000000, 0x0000000100000000, 0x0000000100000000)
[18.717s][debug  ][gc,heap        ] GC(69)   eden space 199680K, 0% used [0x00000000f0000000,0x00000000f0000000,0x00000000fc300000)
[18.717s][debug  ][gc,heap        ] GC(69)   from space 31232K, 98% used [0x00000000fc300000,0x00000000fe100030,0x00000000fe180000)
[18.717s][debug  ][gc,heap        ] GC(69)   to   space 31232K, 0% used [0x00000000fe180000,0x00000000fe180000,0x0000000100000000)
[18.718s][debug  ][gc,heap        ] GC(69)  ParOldGen       total 1835008K, used 1599077K [0x0000000080000000, 0x00000000f0000000, 0x00000000f0000000)
[18.718s][debug  ][gc,heap        ] GC(69)   object space 1835008K, 87% used [0x0000000080000000,0x00000000e1999598,0x00000000f0000000)
[18.718s][debug  ][gc,heap        ] GC(69)  Metaspace       used 1021K, committed 1216K, reserved 1056768K
[18.718s][debug  ][gc,heap        ] GC(69)   class space    used 83K, committed 192K, reserved 1048576K
[18.718s][debug  ][gc,phases      ] GC(69) Pre Compact 0.202ms
[18.718s][info   ][gc,start       ] GC(69) Pause Full (Ergonomics)
[18.718s][info   ][gc,phases,start] GC(69) Marking Phase
[18.718s][debug  ][gc,phases,start] GC(69) Par Mark
[18.718s][debug  ][gc,phases      ] GC(69) Par Mark 0.529ms
[18.718s][debug  ][gc,phases,start] GC(69) Reference Processing
[18.718s][debug  ][gc,ref         ] GC(69) Skipped phase 1 of Reference Processing: no references
[18.718s][debug  ][gc,ref         ] GC(69) ReferenceProcessor::execute queues: 1, RefProcThreadModel::Single, marks_oops_alive: false
[18.718s][debug  ][gc,ref         ] GC(69) Skipped phase 3 of Reference Processing: no references
[18.718s][debug  ][gc,ref         ] GC(69) ReferenceProcessor::execute queues: 1, RefProcThreadModel::Single, marks_oops_alive: false
[18.718s][debug  ][gc,phases,ref  ] GC(69) Reference Processing: 0.1ms
[18.718s][debug  ][gc,phases,ref  ] GC(69)   Reconsider SoftReferences: 0.0ms
[18.718s][debug  ][gc,phases,ref  ] GC(69)     SoftRef (ms):                  skipped
[18.718s][debug  ][gc,phases,ref  ] GC(69)   Notify Soft/WeakReferences: 0.0ms
[18.718s][debug  ][gc,phases,ref  ] GC(69)     SoftRef (ms):                  Min:  0.0, Avg:  0.0, Max:  0.0, Diff:  0.0, Sum:  0.0, Workers: 12
[18.718s][debug  ][gc,phases,ref  ] GC(69)     WeakRef (ms):                  Min:  0.0, Avg:  0.0, Max:  0.0, Diff:  0.0, Sum:  0.0, Workers: 12
[18.718s][debug  ][gc,phases,ref  ] GC(69)     FinalRef (ms):                 Min:  0.0, Avg:  0.0, Max:  0.0, Diff:  0.0, Sum:  0.0, Workers: 12
[18.718s][debug  ][gc,phases,ref  ] GC(69)     Total (ms):                    Min:  0.0, Avg:  0.0, Max:  0.0, Diff:  0.0, Sum:  0.0, Workers: 12
[18.718s][debug  ][gc,phases,ref  ] GC(69)   Notify and keep alive finalizable: 0.0ms
[18.719s][debug  ][gc,phases,ref  ] GC(69)     FinalRef (ms):                 skipped
[18.719s][debug  ][gc,phases,ref  ] GC(69)   Notify PhantomReferences: 0.0ms
[18.719s][debug  ][gc,phases,ref  ] GC(69)     PhantomRef (ms):               Min:  0.0, Avg:  0.0, Max:  0.0, Diff:  0.0, Sum:  0.0, Workers: 12
[18.719s][debug  ][gc,phases,ref  ] GC(69)   SoftReference:
[18.719s][debug  ][gc,phases,ref  ] GC(69)     Discovered: 0
[18.719s][debug  ][gc,phases,ref  ] GC(69)     Cleared: 0
[18.719s][debug  ][gc,phases,ref  ] GC(69)   WeakReference:
[18.719s][debug  ][gc,phases,ref  ] GC(69)     Discovered: 65
[18.719s][debug  ][gc,phases,ref  ] GC(69)     Cleared: 65
[18.719s][debug  ][gc,phases,ref  ] GC(69)   FinalReference:
[18.719s][debug  ][gc,phases,ref  ] GC(69)     Discovered: 0
[18.719s][debug  ][gc,phases,ref  ] GC(69)     Cleared: 0
[18.719s][debug  ][gc,phases,ref  ] GC(69)   PhantomReference:
[18.719s][debug  ][gc,phases,ref  ] GC(69)     Discovered: 3
[18.719s][debug  ][gc,phases,ref  ] GC(69)     Cleared: 3
[18.719s][debug  ][gc,phases      ] GC(69) Reference Processing 0.579ms
[18.719s][debug  ][gc,phases,start] GC(69) Weak Processing
[18.719s][debug  ][gc,phases      ] GC(69)   VM Weak                        Min:  0.0, Avg:  0.0, Max:  0.0, Diff:  0.0, Sum:  0.0, Workers: 6
[18.719s][debug  ][gc,phases      ] GC(69)     Dead                           Min: 0, Avg:  0.0, Max: 0, Diff: 0, Sum: 0, Workers: 6
[18.719s][debug  ][gc,phases      ] GC(69)     Total                          Min: 0, Avg:  1.3, Max: 8, Diff: 8, Sum: 8, Workers: 6
[18.719s][debug  ][gc,phases      ] GC(69)   ObjectSynchronizer Weak        Min:  0.0, Avg:  0.0, Max:  0.0, Diff:  0.0, Sum:  0.0, Workers: 6
[18.719s][debug  ][gc,phases      ] GC(69)     Dead                           Min: 0, Avg:  0.0, Max: 0, Diff: 0, Sum: 0, Workers: 6
[18.719s][debug  ][gc,phases      ] GC(69)     Total                          Min: 0, Avg:  0.5, Max: 3, Diff: 3, Sum: 3, Workers: 6
[18.719s][debug  ][gc,phases      ] GC(69)   JVMTI Tag Weak OopStorage      Min:  0.0, Avg:  0.0, Max:  0.0, Diff:  0.0, Sum:  0.0, Workers: 6
[18.719s][debug  ][gc,phases      ] GC(69)     Dead                           Min: 0, Avg:  0.0, Max: 0, Diff: 0, Sum: 0, Workers: 6
[18.719s][debug  ][gc,phases      ] GC(69)     Total                          Min: 0, Avg:  0.0, Max: 0, Diff: 0, Sum: 0, Workers: 6
[18.719s][debug  ][gc,phases      ] GC(69)   StringTable Weak               Min:  0.0, Avg:  0.0, Max:  0.0, Diff:  0.0, Sum:  0.0, Workers: 6
[18.719s][debug  ][gc,phases      ] GC(69)     Dead                           Min: 0, Avg:  0.0, Max: 0, Diff: 0, Sum: 0, Workers: 6
[18.719s][debug  ][gc,phases      ] GC(69)     Total                          Min: 575, Avg: 892.3, Max: 1067, Diff: 492, Sum: 5354, Workers: 6
[18.719s][debug  ][gc,phases      ] GC(69)   ResolvedMethodTable Weak       Min:  0.0, Avg:  0.0, Max:  0.0, Diff:  0.0, Sum:  0.0, Workers: 6
[18.719s][debug  ][gc,phases      ] GC(69)     Dead                           Min: 0, Avg:  0.0, Max: 0, Diff: 0, Sum: 0, Workers: 6
[18.719s][debug  ][gc,phases      ] GC(69)     Total                          Min: 0, Avg: 21.7, Max: 64, Diff: 64, Sum: 130, Workers: 6
[18.719s][debug  ][gc,phases      ] GC(69)   JNI Weak                       Min:  0.0, Avg:  0.0, Max:  0.0, Diff:  0.0, Sum:  0.0, Workers: 6
[18.719s][debug  ][gc,phases      ] GC(69)     Dead                           Min: 0, Avg:  0.0, Max: 0, Diff: 0, Sum: 0, Workers: 6
[18.719s][debug  ][gc,phases      ] GC(69)     Total                          Min: 0, Avg:  0.0, Max: 0, Diff: 0, Sum: 0, Workers: 6
[18.719s][debug  ][gc,phases      ] GC(69)   StringDedup Table Weak         Min:  0.0, Avg:  0.0, Max:  0.0, Diff:  0.0, Sum:  0.0, Workers: 6
[18.719s][debug  ][gc,phases      ] GC(69)     Dead                           Min: 0, Avg:  0.0, Max: 0, Diff: 0, Sum: 0, Workers: 6
[18.719s][debug  ][gc,phases      ] GC(69)     Total                          Min: 0, Avg:  0.0, Max: 0, Diff: 0, Sum: 0, Workers: 6
[18.719s][debug  ][gc,phases      ] GC(69)   StringDedup Requests0 Weak     Min:  0.0, Avg:  0.0, Max:  0.0, Diff:  0.0, Sum:  0.0, Workers: 6
[18.719s][debug  ][gc,phases      ] GC(69)     Dead                           Min: 0, Avg:  0.0, Max: 0, Diff: 0, Sum: 0, Workers: 6
[18.719s][debug  ][gc,phases      ] GC(69)     Total                          Min: 0, Avg:  0.0, Max: 0, Diff: 0, Sum: 0, Workers: 6
[18.719s][debug  ][gc,phases      ] GC(69)   StringDedup Requests1 Weak     Min:  0.0, Avg:  0.0, Max:  0.0, Diff:  0.0, Sum:  0.0, Workers: 6
[18.719s][debug  ][gc,phases      ] GC(69)     Dead                           Min: 0, Avg:  0.0, Max: 0, Diff: 0, Sum: 0, Workers: 6
[18.719s][debug  ][gc,phases      ] GC(69)     Total                          Min: 0, Avg:  0.0, Max: 0, Diff: 0, Sum: 0, Workers: 6
[18.719s][debug  ][gc,phases      ] GC(69)   Weak JFR Old Object Samples    Min:  0.0, Avg:  0.0, Max:  0.0, Diff:  0.0, Sum:  0.0, Workers: 6
[18.719s][debug  ][gc,phases      ] GC(69)     Dead                           Min: 0, Avg:  0.0, Max: 0, Diff: 0, Sum: 0, Workers: 6
[18.719s][debug  ][gc,phases      ] GC(69)     Total                          Min: 0, Avg:  0.0, Max: 0, Diff: 0, Sum: 0, Workers: 6
[18.719s][debug  ][gc,phases      ] GC(69) Weak Processing 0.672ms
[18.720s][debug  ][gc,phases,start] GC(69) Class Unloading
[18.720s][debug  ][gc,phases,start] GC(69) ClassLoaderData
[18.720s][debug  ][gc,phases      ] GC(69) ClassLoaderData 0.019ms
[18.720s][debug  ][gc,phases,start] GC(69) Trigger cleanups
[18.720s][debug  ][gc,phases      ] GC(69) Trigger cleanups 0.019ms
[18.720s][debug  ][gc,phases      ] GC(69) Class Unloading 0.252ms
[18.720s][info   ][gc,phases      ] GC(69) Marking Phase 2.144ms
[18.720s][info   ][gc,phases,start] GC(69) Summary Phase
[18.720s][info   ][gc,phases      ] GC(69) Summary Phase 0.037ms
[18.720s][info   ][gc,phases,start] GC(69) Adjust Roots
[18.720s][info   ][gc,phases      ] GC(69) Adjust Roots 0.128ms
[18.720s][info   ][gc,phases,start] GC(69) Compaction Phase
[18.795s][info   ][gc,phases      ] GC(69) Compaction Phase 75.144ms
[18.795s][info   ][gc,phases,start] GC(69) Post Compact
[18.800s][info   ][gc,phases      ] GC(69) Post Compact 4.956ms
[18.800s][debug  ][gc,ergo        ] GC(69) AdaptiveSizeStart: collection: 70 
[18.800s][debug  ][gc,ergo        ] GC(69) PSAdaptiveSizePolicy::compute_eden_space_size limits: desired_eden_size: 225369596 old_eden_size: 204472320 eden_limit: 204472320 cur_eden: 204472320 max_eden_size: 204472320 avg_young_live: 24783464
[18.800s][debug  ][gc,ergo        ] GC(69) PSAdaptiveSizePolicy::compute_eden_space_size: costs minor_time: 0.049271 major_cost: 0.047149 mutator_cost: 0.903580 throughput_goal: 0.990000
[18.800s][debug  ][gc,ergo        ] GC(69) Live_space: 945014656 free_space: 1431306240
[18.800s][debug  ][gc,ergo        ] GC(69) Old eden_size: 204472320 desired_eden_size: 204472320
[18.801s][debug  ][gc,ergo        ] GC(69) PSAdaptiveSizePolicy::compute_old_gen_free_space limits: desired_promo_size: 1358866634 promo_limit: 1226833920 free_in_old_gen: 1219912704 max_old_gen_size: 1879048192 avg_old_live: 659135424
[18.801s][debug  ][gc,ergo        ] GC(69) PSAdaptiveSizePolicy::compute_old_gen_free_space: costs minor_time: 0.049271 major_cost: 0.047149  mutator_cost: 0.903580 throughput_goal: 0.990000
[18.801s][debug  ][gc,ergo        ] GC(69) Live_space: 952354304 free_space: 1431306240
[18.801s][debug  ][gc,ergo        ] GC(69) Old promo_size: 1226833920 desired_promo_size: 1226833920
[18.801s][debug  ][gc,ergo        ] GC(69) AdaptiveSizeStop: collection: 70 
[18.801s][info   ][gc,heap        ] GC(69) PSYoungGen: 30720K(230912K)->0K(230912K) Eden: 0K(199680K)->0K(199680K) From: 30720K(31232K)->0K(31232K)
[18.801s][info   ][gc,heap        ] GC(69) ParOldGen: 1599077K(1835008K)->708196K(1835008K)
[18.801s][info   ][gc,metaspace   ] GC(69) Metaspace: 1021K(1216K)->1021K(1216K) NonClass: 937K(1024K)->937K(1024K) Class: 83K(192K)->83K(192K)
[18.801s][info   ][gc             ] GC(69) Pause Full (Ergonomics) 1591M->691M(2017M) 83.088ms
[18.801s][info   ][gc,cpu         ] GC(69) User=0.77s Sys=0.00s Real=0.08s
[18.801s][debug  ][gc,heap        ] GC(69) Heap after GC invocations=70 (full 12):
[18.801s][debug  ][gc,heap        ] GC(69)  PSYoungGen      total 230912K, used 0K [0x00000000f0000000, 0x0000000100000000, 0x0000000100000000)
[18.801s][debug  ][gc,heap        ] GC(69)   eden space 199680K, 0% used [0x00000000f0000000,0x00000000f0000000,0x00000000fc300000)
[18.801s][debug  ][gc,heap        ] GC(69)   from space 31232K, 0% used [0x00000000fe180000,0x00000000fe180000,0x0000000100000000)
[18.801s][debug  ][gc,heap        ] GC(69)   to   space 31232K, 0% used [0x00000000fc300000,0x00000000fc300000,0x00000000fe180000)
[18.801s][debug  ][gc,heap        ] GC(69)  ParOldGen       total 1835008K, used 708196K [0x0000000080000000, 0x00000000f0000000, 0x00000000f0000000)
[18.801s][debug  ][gc,heap        ] GC(69)   object space 1835008K, 38% used [0x0000000080000000,0x00000000ab399028,0x00000000f0000000)
[18.801s][debug  ][gc,heap        ] GC(69)  Metaspace       used 1021K, committed 1216K, reserved 1056768K
[18.801s][debug  ][gc,heap        ] GC(69)   class space    used 83K, committed 192K, reserved 1048576K
[18.801s][debug  ][gc,task,time   ] GC(69) VM-Thread 187176363 187200288 188007544
[19.112s][debug  ][gc,heap        ] GC(70) Heap before GC invocations=71 (full 12):
[19.112s][debug  ][gc,heap        ] GC(70)  PSYoungGen      total 230912K, used 198461K [0x00000000f0000000, 0x0000000100000000, 0x0000000100000000)
[19.112s][debug  ][gc,heap        ] GC(70)   eden space 199680K, 99% used [0x00000000f0000000,0x00000000fc1cf518,0x00000000fc300000)
[19.112s][debug  ][gc,heap        ] GC(70)   from space 31232K, 0% used [0x00000000fe180000,0x00000000fe180000,0x0000000100000000)
[19.112s][debug  ][gc,heap        ] GC(70)   to   space 31232K, 0% used [0x00000000fc300000,0x00000000fc300000,0x00000000fe180000)
[19.112s][debug  ][gc,heap        ] GC(70)  ParOldGen       total 1835008K, used 708196K [0x0000000080000000, 0x00000000f0000000, 0x00000000f0000000)
[19.112s][debug  ][gc,heap        ] GC(70)   object space 1835008K, 38% used [0x0000000080000000,0x00000000ab399028,0x00000000f0000000)
[19.112s][debug  ][gc,heap        ] GC(70)  Metaspace       used 1021K, committed 1216K, reserved 1056768K
[19.112s][debug  ][gc,heap        ] GC(70)   class space    used 83K, committed 192K, reserved 1048576K
[19.113s][debug  ][gc,tlab        ] GC(70) TLAB totals: thrds: 1  refills: 1 max: 1 slow allocs: 18 max 18 waste: 27.6% gc: 3994600B max: 3994600B slow: 0B max: 0B
[19.113s][info   ][gc,start       ] GC(70) Pause Young (Allocation Failure)
[19.113s][debug  ][gc,phases,start] GC(70) Scavenge
[19.126s][debug  ][gc,phases      ] GC(70) Scavenge 13.582ms
[19.126s][debug  ][gc,phases,start] GC(70) Reference Processing
[19.126s][debug  ][gc,ref         ] GC(70) Skipped phase 1 of Reference Processing: no references
[19.126s][debug  ][gc,ref         ] GC(70) Skipped phase 2 of Reference Processing: no references
[19.126s][debug  ][gc,ref         ] GC(70) Skipped phase 3 of Reference Processing: no references
[19.126s][debug  ][gc,ref         ] GC(70) Skipped phase 4 of Reference Processing: no references
[19.126s][debug  ][gc,phases,ref  ] GC(70) Reference Processing: 0.1ms
[19.126s][debug  ][gc,phases,ref  ] GC(70)   Reconsider SoftReferences: 0.0ms
[19.126s][debug  ][gc,phases,ref  ] GC(70)     SoftRef (ms):                  skipped
[19.126s][debug  ][gc,phases,ref  ] GC(70)   Notify Soft/WeakReferences: 0.0ms
[19.126s][debug  ][gc,phases,ref  ] GC(70)     SoftRef (ms):                  skipped
[19.127s][debug  ][gc,phases,ref  ] GC(70)     WeakRef (ms):                  skipped
[19.127s][debug  ][gc,phases,ref  ] GC(70)     FinalRef (ms):                 skipped
[19.127s][debug  ][gc,phases,ref  ] GC(70)     Total (ms):                    skipped
[19.127s][debug  ][gc,phases,ref  ] GC(70)   Notify and keep alive finalizable: 0.0ms
[19.127s][debug  ][gc,phases,ref  ] GC(70)     FinalRef (ms):                 skipped
[19.127s][debug  ][gc,phases,ref  ] GC(70)   Notify PhantomReferences: 0.0ms
[19.127s][debug  ][gc,phases,ref  ] GC(70)     PhantomRef (ms):               skipped
[19.127s][debug  ][gc,phases,ref  ] GC(70)   SoftReference:
[19.127s][debug  ][gc,phases,ref  ] GC(70)     Discovered: 0
[19.127s][debug  ][gc,phases,ref  ] GC(70)     Cleared: 0
[19.127s][debug  ][gc,phases,ref  ] GC(70)   WeakReference:
[19.127s][debug  ][gc,phases,ref  ] GC(70)     Discovered: 0
[19.127s][debug  ][gc,phases,ref  ] GC(70)     Cleared: 0
[19.127s][debug  ][gc,phases,ref  ] GC(70)   FinalReference:
[19.127s][debug  ][gc,phases,ref  ] GC(70)     Discovered: 0
[19.127s][debug  ][gc,phases,ref  ] GC(70)     Cleared: 0
[19.127s][debug  ][gc,phases,ref  ] GC(70)   PhantomReference:
[19.127s][debug  ][gc,phases,ref  ] GC(70)     Discovered: 0
[19.127s][debug  ][gc,phases,ref  ] GC(70)     Cleared: 0
[19.127s][debug  ][gc,phases      ] GC(70) Reference Processing 0.675ms
[19.127s][debug  ][gc,phases,start] GC(70) Weak Processing
[19.127s][debug  ][gc,phases      ] GC(70)   VM Weak                        Min:  0.0, Avg:  0.0, Max:  0.0, Diff:  0.0, Sum:  0.0, Workers: 6
[19.127s][debug  ][gc,phases      ] GC(70)     Dead                           Min: 0, Avg:  0.0, Max: 0, Diff: 0, Sum: 0, Workers: 6
[19.127s][debug  ][gc,phases      ] GC(70)     Total                          Min: 0, Avg:  1.3, Max: 8, Diff: 8, Sum: 8, Workers: 6
[19.127s][debug  ][gc,phases      ] GC(70)   ObjectSynchronizer Weak        Min:  0.0, Avg:  0.0, Max:  0.0, Diff:  0.0, Sum:  0.0, Workers: 6
[19.127s][debug  ][gc,phases      ] GC(70)     Dead                           Min: 0, Avg:  0.0, Max: 0, Diff: 0, Sum: 0, Workers: 6
[19.127s][debug  ][gc,phases      ] GC(70)     Total                          Min: 0, Avg:  0.5, Max: 3, Diff: 3, Sum: 3, Workers: 6
[19.127s][debug  ][gc,phases      ] GC(70)   JVMTI Tag Weak OopStorage      Min:  0.0, Avg:  0.0, Max:  0.0, Diff:  0.0, Sum:  0.0, Workers: 6
[19.127s][debug  ][gc,phases      ] GC(70)     Dead                           Min: 0, Avg:  0.0, Max: 0, Diff: 0, Sum: 0, Workers: 6
[19.127s][debug  ][gc,phases      ] GC(70)     Total                          Min: 0, Avg:  0.0, Max: 0, Diff: 0, Sum: 0, Workers: 6
[19.127s][debug  ][gc,phases      ] GC(70)   StringTable Weak               Min:  0.0, Avg:  0.0, Max:  0.0, Diff:  0.0, Sum:  0.0, Workers: 6
[19.127s][debug  ][gc,phases      ] GC(70)     Dead                           Min: 0, Avg:  0.0, Max: 0, Diff: 0, Sum: 0, Workers: 6
[19.128s][debug  ][gc,phases      ] GC(70)     Total                          Min: 0, Avg: 892.3, Max: 1280, Diff: 1280, Sum: 5354, Workers: 6
[19.128s][debug  ][gc,phases      ] GC(70)   ResolvedMethodTable Weak       Min:  0.0, Avg:  0.0, Max:  0.0, Diff:  0.0, Sum:  0.0, Workers: 6
[19.128s][debug  ][gc,phases      ] GC(70)     Dead                           Min: 0, Avg:  0.0, Max: 0, Diff: 0, Sum: 0, Workers: 6
[19.128s][debug  ][gc,phases      ] GC(70)     Total                          Min: 0, Avg: 21.7, Max: 64, Diff: 64, Sum: 130, Workers: 6
[19.128s][debug  ][gc,phases      ] GC(70)   JNI Weak                       Min:  0.0, Avg:  0.0, Max:  0.0, Diff:  0.0, Sum:  0.0, Workers: 6
[19.128s][debug  ][gc,phases      ] GC(70)     Dead                           Min: 0, Avg:  0.0, Max: 0, Diff: 0, Sum: 0, Workers: 6
[19.128s][debug  ][gc,phases      ] GC(70)     Total                          Min: 0, Avg:  0.0, Max: 0, Diff: 0, Sum: 0, Workers: 6
[19.128s][debug  ][gc,phases      ] GC(70)   StringDedup Table Weak         Min:  0.0, Avg:  0.0, Max:  0.0, Diff:  0.0, Sum:  0.0, Workers: 6
[19.128s][debug  ][gc,phases      ] GC(70)     Dead                           Min: 0, Avg:  0.0, Max: 0, Diff: 0, Sum: 0, Workers: 6
[19.128s][debug  ][gc,phases      ] GC(70)     Total                          Min: 0, Avg:  0.0, Max: 0, Diff: 0, Sum: 0, Workers: 6
[19.128s][debug  ][gc,phases      ] GC(70)   StringDedup Requests0 Weak     Min:  0.0, Avg:  0.0, Max:  0.0, Diff:  0.0, Sum:  0.0, Workers: 6
[19.128s][debug  ][gc,phases      ] GC(70)     Dead                           Min: 0, Avg:  0.0, Max: 0, Diff: 0, Sum: 0, Workers: 6
[19.128s][debug  ][gc,phases      ] GC(70)     Total                          Min: 0, Avg:  0.0, Max: 0, Diff: 0, Sum: 0, Workers: 6
[19.128s][debug  ][gc,phases      ] GC(70)   StringDedup Requests1 Weak     Min:  0.0, Avg:  0.0, Max:  0.0, Diff:  0.0, Sum:  0.0, Workers: 6
[19.128s][debug  ][gc,phases      ] GC(70)     Dead                           Min: 0, Avg:  0.0, Max: 0, Diff: 0, Sum: 0, Workers: 6
[19.128s][debug  ][gc,phases      ] GC(70)     Total                          Min: 0, Avg:  0.0, Max: 0, Diff: 0, Sum: 0, Workers: 6
[19.128s][debug  ][gc,phases      ] GC(70)   Weak JFR Old Object Samples    Min:  0.0, Avg:  0.0, Max:  0.0, Diff:  0.0, Sum:  0.0, Workers: 6
[19.128s][debug  ][gc,phases      ] GC(70)     Dead                           Min: 0, Avg:  0.0, Max: 0, Diff: 0, Sum: 0, Workers: 6
[19.128s][debug  ][gc,phases      ] GC(70)     Total                          Min: 0, Avg:  0.0, Max: 0, Diff: 0, Sum: 0, Workers: 6
[19.128s][debug  ][gc,phases      ] GC(70) Weak Processing 1.158ms
[19.128s][debug  ][gc,ergo        ] GC(70) AdaptiveSizeStart:  collection: 71 
[19.128s][debug  ][gc,ergo        ] GC(70) avg_survived_padded_avg: 31555544.000000
[19.128s][debug  ][gc,ergo        ] GC(70) avg_promoted_padded_avg: 257317216.000000  avg_pretenured_padded_avg: 0.000000  tenuring_thresh: 1  target_size: 31981568
[19.128s][debug  ][gc,age         ] GC(70) Desired survivor size 31981568 bytes, new threshold 1 (max threshold 15)
[19.128s][debug  ][gc,ergo        ] GC(70) PSAdaptiveSizePolicy::compute_eden_space_size limits: desired_eden_size: 224758417 old_eden_size: 204472320 eden_limit: 204472320 cur_eden: 204472320 max_eden_size: 204472320 avg_young_live: 25450850
[19.128s][debug  ][gc,ergo        ] GC(70) PSAdaptiveSizePolicy::compute_eden_space_size: costs minor_time: 0.046412 major_cost: 0.047149 mutator_cost: 0.906440 throughput_goal: 0.990000
[19.128s][debug  ][gc,ergo        ] GC(70) Live_space: 953021696 free_space: 1431306240
[19.128s][debug  ][gc,ergo        ] GC(70) Old eden_size: 204472320 desired_eden_size: 204472320
[19.128s][debug  ][gc,ergo        ] GC(70) AdaptiveSizeStop: collection: 71 
[19.128s][info   ][gc,heap        ] GC(70) PSYoungGen: 198461K(230912K)->30720K(230912K) Eden: 198461K(199680K)->0K(199680K) From: 0K(31232K)->30720K(31232K)
[19.128s][info   ][gc,heap        ] GC(70) ParOldGen: 708196K(1835008K)->872036K(1835008K)
[19.128s][info   ][gc,metaspace   ] GC(70) Metaspace: 1021K(1216K)->1021K(1216K) NonClass: 937K(1024K)->937K(1024K) Class: 83K(192K)->83K(192K)
[19.128s][info   ][gc             ] GC(70) Pause Young (Allocation Failure) 885M->881M(2017M) 15.916ms
[19.128s][info   ][gc,cpu         ] GC(70) User=0.02s Sys=0.00s Real=0.02s
[19.129s][debug  ][gc,heap        ] GC(70) Heap after GC invocations=71 (full 12):
[19.129s][debug  ][gc,heap        ] GC(70)  PSYoungGen      total 230912K, used 30720K [0x00000000f0000000, 0x0000000100000000, 0x0000000100000000)
[19.129s][debug  ][gc,heap        ] GC(70)   eden space 199680K, 0% used [0x00000000f0000000,0x00000000f0000000,0x00000000fc300000)
[19.129s][debug  ][gc,heap        ] GC(70)   from space 31232K, 98% used [0x00000000fc300000,0x00000000fe100030,0x00000000fe180000)
[19.129s][debug  ][gc,heap        ] GC(70)   to   space 31232K, 0% used [0x00000000fe180000,0x00000000fe180000,0x0000000100000000)
[19.129s][debug  ][gc,heap        ] GC(70)  ParOldGen       total 1835008K, used 872036K [0x0000000080000000, 0x00000000f0000000, 0x00000000f0000000)
[19.129s][debug  ][gc,heap        ] GC(70)   object space 1835008K, 47% used [0x0000000080000000,0x00000000b5399128,0x00000000f0000000)
[19.129s][debug  ][gc,heap        ] GC(70)  Metaspace       used 1021K, committed 1216K, reserved 1056768K
[19.129s][debug  ][gc,heap        ] GC(70)   class space    used 83K, committed 192K, reserved 1048576K
[19.129s][debug  ][gc,task,time   ] GC(70) VM-Thread 191120955 191262655 191287321
[19.431s][debug  ][gc,heap        ] GC(71) Heap before GC invocations=72 (full 12):
[19.432s][debug  ][gc,heap        ] GC(71)  PSYoungGen      total 230912K, used 229114K [0x00000000f0000000, 0x0000000100000000, 0x0000000100000000)
[19.432s][debug  ][gc,heap        ] GC(71)   eden space 199680K, 99% used [0x00000000f0000000,0x00000000fc1be860,0x00000000fc300000)
[19.432s][debug  ][gc,heap        ] GC(71)   from space 31232K, 98% used [0x00000000fc300000,0x00000000fe100030,0x00000000fe180000)
[19.432s][debug  ][gc,heap        ] GC(71)   to   space 31232K, 0% used [0x00000000fe180000,0x00000000fe180000,0x0000000100000000)
[19.432s][debug  ][gc,heap        ] GC(71)  ParOldGen       total 1835008K, used 872036K [0x0000000080000000, 0x00000000f0000000, 0x00000000f0000000)
[19.432s][debug  ][gc,heap        ] GC(71)   object space 1835008K, 47% used [0x0000000080000000,0x00000000b5399128,0x00000000f0000000)
[19.432s][debug  ][gc,heap        ] GC(71)  Metaspace       used 1021K, committed 1216K, reserved 1056768K
[19.432s][debug  ][gc,heap        ] GC(71)   class space    used 83K, committed 192K, reserved 1048576K
[19.432s][debug  ][gc,tlab        ] GC(71) TLAB totals: thrds: 1  refills: 1 max: 1 slow allocs: 18 max 18 waste: 27.2% gc: 3924744B max: 3924744B slow: 0B max: 0B
[19.432s][info   ][gc,start       ] GC(71) Pause Young (Allocation Failure)
[19.432s][debug  ][gc,phases,start] GC(71) Scavenge
[19.438s][debug  ][gc,phases      ] GC(71) Scavenge 5.681ms
[19.438s][debug  ][gc,phases,start] GC(71) Reference Processing
[19.438s][debug  ][gc,ref         ] GC(71) Skipped phase 1 of Reference Processing: no references
[19.438s][debug  ][gc,ref         ] GC(71) Skipped phase 2 of Reference Processing: no references
[19.438s][debug  ][gc,ref         ] GC(71) Skipped phase 3 of Reference Processing: no references
[19.438s][debug  ][gc,ref         ] GC(71) Skipped phase 4 of Reference Processing: no references
[19.438s][debug  ][gc,phases,ref  ] GC(71) Reference Processing: 0.1ms
[19.438s][debug  ][gc,phases,ref  ] GC(71)   Reconsider SoftReferences: 0.0ms
[19.438s][debug  ][gc,phases,ref  ] GC(71)     SoftRef (ms):                  skipped
[19.438s][debug  ][gc,phases,ref  ] GC(71)   Notify Soft/WeakReferences: 0.0ms
[19.438s][debug  ][gc,phases,ref  ] GC(71)     SoftRef (ms):                  skipped
[19.438s][debug  ][gc,phases,ref  ] GC(71)     WeakRef (ms):                  skipped
[19.438s][debug  ][gc,phases,ref  ] GC(71)     FinalRef (ms):                 skipped
[19.438s][debug  ][gc,phases,ref  ] GC(71)     Total (ms):                    skipped
[19.438s][debug  ][gc,phases,ref  ] GC(71)   Notify and keep alive finalizable: 0.0ms
[19.438s][debug  ][gc,phases,ref  ] GC(71)     FinalRef (ms):                 skipped
[19.438s][debug  ][gc,phases,ref  ] GC(71)   Notify PhantomReferences: 0.0ms
[19.438s][debug  ][gc,phases,ref  ] GC(71)     PhantomRef (ms):               skipped
[19.438s][debug  ][gc,phases,ref  ] GC(71)   SoftReference:
[19.438s][debug  ][gc,phases,ref  ] GC(71)     Discovered: 0
[19.438s][debug  ][gc,phases,ref  ] GC(71)     Cleared: 0
[19.438s][debug  ][gc,phases,ref  ] GC(71)   WeakReference:
[19.438s][debug  ][gc,phases,ref  ] GC(71)     Discovered: 0
[19.438s][debug  ][gc,phases,ref  ] GC(71)     Cleared: 0
[19.438s][debug  ][gc,phases,ref  ] GC(71)   FinalReference:
[19.438s][debug  ][gc,phases,ref  ] GC(71)     Discovered: 0
[19.438s][debug  ][gc,phases,ref  ] GC(71)     Cleared: 0
[19.438s][debug  ][gc,phases,ref  ] GC(71)   PhantomReference:
[19.438s][debug  ][gc,phases,ref  ] GC(71)     Discovered: 0
[19.438s][debug  ][gc,phases,ref  ] GC(71)     Cleared: 0
[19.438s][debug  ][gc,phases      ] GC(71) Reference Processing 0.682ms
[19.438s][debug  ][gc,phases,start] GC(71) Weak Processing
[19.439s][debug  ][gc,phases      ] GC(71)   VM Weak                        Min:  0.0, Avg:  0.0, Max:  0.0, Diff:  0.0, Sum:  0.0, Workers: 6
[19.439s][debug  ][gc,phases      ] GC(71)     Dead                           Min: 0, Avg:  0.0, Max: 0, Diff: 0, Sum: 0, Workers: 6
[19.439s][debug  ][gc,phases      ] GC(71)     Total                          Min: 0, Avg:  1.3, Max: 8, Diff: 8, Sum: 8, Workers: 6
[19.439s][debug  ][gc,phases      ] GC(71)   ObjectSynchronizer Weak        Min:  0.0, Avg:  0.0, Max:  0.0, Diff:  0.0, Sum:  0.0, Workers: 6
[19.439s][debug  ][gc,phases      ] GC(71)     Dead                           Min: 0, Avg:  0.0, Max: 0, Diff: 0, Sum: 0, Workers: 6
[19.439s][debug  ][gc,phases      ] GC(71)     Total                          Min: 0, Avg:  0.5, Max: 3, Diff: 3, Sum: 3, Workers: 6
[19.439s][debug  ][gc,phases      ] GC(71)   JVMTI Tag Weak OopStorage      Min:  0.0, Avg:  0.0, Max:  0.0, Diff:  0.0, Sum:  0.0, Workers: 6
[19.439s][debug  ][gc,phases      ] GC(71)     Dead                           Min: 0, Avg:  0.0, Max: 0, Diff: 0, Sum: 0, Workers: 6
[19.439s][debug  ][gc,phases      ] GC(71)     Total                          Min: 0, Avg:  0.0, Max: 0, Diff: 0, Sum: 0, Workers: 6
[19.439s][debug  ][gc,phases      ] GC(71)   StringTable Weak               Min:  0.0, Avg:  0.0, Max:  0.0, Diff:  0.0, Sum:  0.0, Workers: 6
[19.439s][debug  ][gc,phases      ] GC(71)     Dead                           Min: 0, Avg:  0.0, Max: 0, Diff: 0, Sum: 0, Workers: 6
[19.439s][debug  ][gc,phases      ] GC(71)     Total                          Min: 639, Avg: 892.3, Max: 1088, Diff: 449, Sum: 5354, Workers: 6
[19.439s][debug  ][gc,phases      ] GC(71)   ResolvedMethodTable Weak       Min:  0.0, Avg:  0.0, Max:  0.0, Diff:  0.0, Sum:  0.0, Workers: 6
[19.439s][debug  ][gc,phases      ] GC(71)     Dead                           Min: 0, Avg:  0.0, Max: 0, Diff: 0, Sum: 0, Workers: 6
[19.439s][debug  ][gc,phases      ] GC(71)     Total                          Min: 0, Avg: 21.7, Max: 64, Diff: 64, Sum: 130, Workers: 6
[19.439s][debug  ][gc,phases      ] GC(71)   JNI Weak                       Min:  0.0, Avg:  0.0, Max:  0.0, Diff:  0.0, Sum:  0.0, Workers: 6
[19.439s][debug  ][gc,phases      ] GC(71)     Dead                           Min: 0, Avg:  0.0, Max: 0, Diff: 0, Sum: 0, Workers: 6
[19.439s][debug  ][gc,phases      ] GC(71)     Total                          Min: 0, Avg:  0.0, Max: 0, Diff: 0, Sum: 0, Workers: 6
[19.439s][debug  ][gc,phases      ] GC(71)   StringDedup Table Weak         Min:  0.0, Avg:  0.0, Max:  0.0, Diff:  0.0, Sum:  0.0, Workers: 6
[19.439s][debug  ][gc,phases      ] GC(71)     Dead                           Min: 0, Avg:  0.0, Max: 0, Diff: 0, Sum: 0, Workers: 6
[19.439s][debug  ][gc,phases      ] GC(71)     Total                          Min: 0, Avg:  0.0, Max: 0, Diff: 0, Sum: 0, Workers: 6
[19.439s][debug  ][gc,phases      ] GC(71)   StringDedup Requests0 Weak     Min:  0.0, Avg:  0.0, Max:  0.0, Diff:  0.0, Sum:  0.0, Workers: 6
[19.439s][debug  ][gc,phases      ] GC(71)     Dead                           Min: 0, Avg:  0.0, Max: 0, Diff: 0, Sum: 0, Workers: 6
[19.439s][debug  ][gc,phases      ] GC(71)     Total                          Min: 0, Avg:  0.0, Max: 0, Diff: 0, Sum: 0, Workers: 6
[19.439s][debug  ][gc,phases      ] GC(71)   StringDedup Requests1 Weak     Min:  0.0, Avg:  0.0, Max:  0.0, Diff:  0.0, Sum:  0.0, Workers: 6
[19.439s][debug  ][gc,phases      ] GC(71)     Dead                           Min: 0, Avg:  0.0, Max: 0, Diff: 0, Sum: 0, Workers: 6
[19.439s][debug  ][gc,phases      ] GC(71)     Total                          Min: 0, Avg:  0.0, Max: 0, Diff: 0, Sum: 0, Workers: 6
[19.439s][debug  ][gc,phases      ] GC(71)   Weak JFR Old Object Samples    Min:  0.0, Avg:  0.0, Max:  0.0, Diff:  0.0, Sum:  0.0, Workers: 6
[19.439s][debug  ][gc,phases      ] GC(71)     Dead                           Min: 0, Avg:  0.0, Max: 0, Diff: 0, Sum: 0, Workers: 6
[19.439s][debug  ][gc,phases      ] GC(71)     Total                          Min: 0, Avg:  0.0, Max: 0, Diff: 0, Sum: 0, Workers: 6
[19.439s][debug  ][gc,phases      ] GC(71) Weak Processing 0.794ms
[19.439s][debug  ][gc,ergo        ] GC(71) AdaptiveSizeStart:  collection: 72 
[19.439s][debug  ][gc,ergo        ] GC(71) avg_survived_padded_avg: 31547278.000000
[19.439s][debug  ][gc,ergo        ] GC(71) avg_promoted_padded_avg: 271712928.000000  avg_pretenured_padded_avg: 0.000000  tenuring_thresh: 2  target_size: 31981568
[19.439s][debug  ][gc,age         ] GC(71) Desired survivor size 31981568 bytes, new threshold 2 (max threshold 15)
[19.439s][debug  ][gc,ergo        ] GC(71) PSAdaptiveSizePolicy::compute_eden_space_size limits: desired_eden_size: 223407391 old_eden_size: 204472320 eden_limit: 204472320 cur_eden: 204472320 max_eden_size: 204472320 avg_young_live: 26051496
[19.439s][debug  ][gc,ergo        ] GC(71) PSAdaptiveSizePolicy::compute_eden_space_size: costs minor_time: 0.040655 major_cost: 0.047149 mutator_cost: 0.912196 throughput_goal: 0.990000
[19.439s][debug  ][gc,ergo        ] GC(71) Live_space: 953622400 free_space: 1431306240
[19.439s][debug  ][gc,ergo        ] GC(71) Old eden_size: 204472320 desired_eden_size: 204472320
[19.439s][debug  ][gc,ergo        ] GC(71) AdaptiveSizeStop: collection: 72 
[19.439s][info   ][gc,heap        ] GC(71) PSYoungGen: 229114K(230912K)->30720K(230912K) Eden: 198394K(199680K)->0K(199680K) From: 30720K(31232K)->30720K(31232K)
[19.440s][info   ][gc,heap        ] GC(71) ParOldGen: 872036K(1835008K)->912996K(1835008K)
[19.440s][info   ][gc,metaspace   ] GC(71) Metaspace: 1021K(1216K)->1021K(1216K) NonClass: 937K(1024K)->937K(1024K) Class: 83K(192K)->83K(192K)
[19.440s][info   ][gc             ] GC(71) Pause Young (Allocation Failure) 1075M->921M(2017M) 7.638ms
[19.440s][info   ][gc,cpu         ] GC(71) User=0.00s Sys=0.02s Real=0.01s
[19.440s][debug  ][gc,heap        ] GC(71) Heap after GC invocations=72 (full 12):
[19.440s][debug  ][gc,heap        ] GC(71)  PSYoungGen      total 230912K, used 30720K [0x00000000f0000000, 0x0000000100000000, 0x0000000100000000)
[19.440s][debug  ][gc,heap        ] GC(71)   eden space 199680K, 0% used [0x00000000f0000000,0x00000000f0000000,0x00000000fc300000)
[19.440s][debug  ][gc,heap        ] GC(71)   from space 31232K, 98% used [0x00000000fe180000,0x00000000fff80030,0x0000000100000000)
[19.440s][debug  ][gc,heap        ] GC(71)   to   space 31232K, 0% used [0x00000000fc300000,0x00000000fc300000,0x00000000fe180000)
[19.440s][debug  ][gc,heap        ] GC(71)  ParOldGen       total 1835008K, used 912996K [0x0000000080000000, 0x00000000f0000000, 0x00000000f0000000)
[19.440s][debug  ][gc,heap        ] GC(71)   object space 1835008K, 49% used [0x0000000080000000,0x00000000b7b99168,0x00000000f0000000)
[19.440s][debug  ][gc,heap        ] GC(71)  Metaspace       used 1021K, committed 1216K, reserved 1056768K
[19.440s][debug  ][gc,heap        ] GC(71)   class space    used 83K, committed 192K, reserved 1048576K
[19.440s][debug  ][gc,task,time   ] GC(71) VM-Thread 194314100 194377461 194398652
[19.746s][debug  ][gc,heap        ] GC(72) Heap before GC invocations=73 (full 12):
[19.747s][debug  ][gc,heap        ] GC(72)  PSYoungGen      total 230912K, used 229143K [0x00000000f0000000, 0x0000000100000000, 0x0000000100000000)
[19.747s][debug  ][gc,heap        ] GC(72)   eden space 199680K, 99% used [0x00000000f0000000,0x00000000fc1c5c10,0x00000000fc300000)
[19.747s][debug  ][gc,heap        ] GC(72)   from space 31232K, 98% used [0x00000000fe180000,0x00000000fff80030,0x0000000100000000)
[19.747s][debug  ][gc,heap        ] GC(72)   to   space 31232K, 0% used [0x00000000fc300000,0x00000000fc300000,0x00000000fe180000)
[19.747s][debug  ][gc,heap        ] GC(72)  ParOldGen       total 1835008K, used 912996K [0x0000000080000000, 0x00000000f0000000, 0x00000000f0000000)
[19.747s][debug  ][gc,heap        ] GC(72)   object space 1835008K, 49% used [0x0000000080000000,0x00000000b7b99168,0x00000000f0000000)
[19.747s][debug  ][gc,heap        ] GC(72)  Metaspace       used 1021K, committed 1216K, reserved 1056768K
[19.747s][debug  ][gc,heap        ] GC(72)   class space    used 83K, committed 192K, reserved 1048576K
[19.747s][debug  ][gc,tlab        ] GC(72) TLAB totals: thrds: 1  refills: 1 max: 1 slow allocs: 18 max 18 waste: 27.4% gc: 3955424B max: 3955424B slow: 0B max: 0B
[19.747s][info   ][gc,start       ] GC(72) Pause Young (Allocation Failure)
[19.747s][debug  ][gc,phases,start] GC(72) Scavenge
[19.763s][debug  ][gc,phases      ] GC(72) Scavenge 15.992ms
[19.763s][debug  ][gc,phases,start] GC(72) Reference Processing
[19.763s][debug  ][gc,ref         ] GC(72) Skipped phase 1 of Reference Processing: no references
[19.763s][debug  ][gc,ref         ] GC(72) Skipped phase 2 of Reference Processing: no references
[19.763s][debug  ][gc,ref         ] GC(72) Skipped phase 3 of Reference Processing: no references
[19.763s][debug  ][gc,ref         ] GC(72) Skipped phase 4 of Reference Processing: no references
[19.763s][debug  ][gc,phases,ref  ] GC(72) Reference Processing: 0.1ms
[19.763s][debug  ][gc,phases,ref  ] GC(72)   Reconsider SoftReferences: 0.0ms
[19.763s][debug  ][gc,phases,ref  ] GC(72)     SoftRef (ms):                  skipped
[19.763s][debug  ][gc,phases,ref  ] GC(72)   Notify Soft/WeakReferences: 0.0ms
[19.763s][debug  ][gc,phases,ref  ] GC(72)     SoftRef (ms):                  skipped
[19.763s][debug  ][gc,phases,ref  ] GC(72)     WeakRef (ms):                  skipped
[19.763s][debug  ][gc,phases,ref  ] GC(72)     FinalRef (ms):                 skipped
[19.763s][debug  ][gc,phases,ref  ] GC(72)     Total (ms):                    skipped
[19.763s][debug  ][gc,phases,ref  ] GC(72)   Notify and keep alive finalizable: 0.0ms
[19.763s][debug  ][gc,phases,ref  ] GC(72)     FinalRef (ms):                 skipped
[19.763s][debug  ][gc,phases,ref  ] GC(72)   Notify PhantomReferences: 0.0ms
[19.763s][debug  ][gc,phases,ref  ] GC(72)     PhantomRef (ms):               skipped
[19.763s][debug  ][gc,phases,ref  ] GC(72)   SoftReference:
[19.763s][debug  ][gc,phases,ref  ] GC(72)     Discovered: 0
[19.763s][debug  ][gc,phases,ref  ] GC(72)     Cleared: 0
[19.763s][debug  ][gc,phases,ref  ] GC(72)   WeakReference:
[19.764s][debug  ][gc,phases,ref  ] GC(72)     Discovered: 0
[19.764s][debug  ][gc,phases,ref  ] GC(72)     Cleared: 0
[19.764s][debug  ][gc,phases,ref  ] GC(72)   FinalReference:
[19.764s][debug  ][gc,phases,ref  ] GC(72)     Discovered: 0
[19.764s][debug  ][gc,phases,ref  ] GC(72)     Cleared: 0
[19.764s][debug  ][gc,phases,ref  ] GC(72)   PhantomReference:
[19.764s][debug  ][gc,phases,ref  ] GC(72)     Discovered: 0
[19.764s][debug  ][gc,phases,ref  ] GC(72)     Cleared: 0
[19.764s][debug  ][gc,phases      ] GC(72) Reference Processing 0.672ms
[19.764s][debug  ][gc,phases,start] GC(72) Weak Processing
[19.764s][debug  ][gc,phases      ] GC(72)   VM Weak                        Min:  0.0, Avg:  0.0, Max:  0.0, Diff:  0.0, Sum:  0.0, Workers: 6
[19.764s][debug  ][gc,phases      ] GC(72)     Dead                           Min: 0, Avg:  0.0, Max: 0, Diff: 0, Sum: 0, Workers: 6
[19.764s][debug  ][gc,phases      ] GC(72)     Total                          Min: 0, Avg:  1.3, Max: 8, Diff: 8, Sum: 8, Workers: 6
[19.764s][debug  ][gc,phases      ] GC(72)   ObjectSynchronizer Weak        Min:  0.0, Avg:  0.0, Max:  0.0, Diff:  0.0, Sum:  0.0, Workers: 6
[19.764s][debug  ][gc,phases      ] GC(72)     Dead                           Min: 0, Avg:  0.0, Max: 0, Diff: 0, Sum: 0, Workers: 6
[19.764s][debug  ][gc,phases      ] GC(72)     Total                          Min: 0, Avg:  0.5, Max: 3, Diff: 3, Sum: 3, Workers: 6
[19.764s][debug  ][gc,phases      ] GC(72)   JVMTI Tag Weak OopStorage      Min:  0.0, Avg:  0.0, Max:  0.0, Diff:  0.0, Sum:  0.0, Workers: 6
[19.764s][debug  ][gc,phases      ] GC(72)     Dead                           Min: 0, Avg:  0.0, Max: 0, Diff: 0, Sum: 0, Workers: 6
[19.764s][debug  ][gc,phases      ] GC(72)     Total                          Min: 0, Avg:  0.0, Max: 0, Diff: 0, Sum: 0, Workers: 6
[19.764s][debug  ][gc,phases      ] GC(72)   StringTable Weak               Min:  0.0, Avg:  0.0, Max:  0.0, Diff:  0.0, Sum:  0.0, Workers: 6
[19.764s][debug  ][gc,phases      ] GC(72)     Dead                           Min: 0, Avg:  0.0, Max: 0, Diff: 0, Sum: 0, Workers: 6
[19.764s][debug  ][gc,phases      ] GC(72)     Total                          Min: 767, Avg: 892.3, Max: 1003, Diff: 236, Sum: 5354, Workers: 6
[19.764s][debug  ][gc,phases      ] GC(72)   ResolvedMethodTable Weak       Min:  0.0, Avg:  0.0, Max:  0.0, Diff:  0.0, Sum:  0.0, Workers: 6
[19.764s][debug  ][gc,phases      ] GC(72)     Dead                           Min: 0, Avg:  0.0, Max: 0, Diff: 0, Sum: 0, Workers: 6
[19.764s][debug  ][gc,phases      ] GC(72)     Total                          Min: 0, Avg: 21.7, Max: 64, Diff: 64, Sum: 130, Workers: 6
[19.764s][debug  ][gc,phases      ] GC(72)   JNI Weak                       Min:  0.0, Avg:  0.0, Max:  0.0, Diff:  0.0, Sum:  0.0, Workers: 6
[19.764s][debug  ][gc,phases      ] GC(72)     Dead                           Min: 0, Avg:  0.0, Max: 0, Diff: 0, Sum: 0, Workers: 6
[19.764s][debug  ][gc,phases      ] GC(72)     Total                          Min: 0, Avg:  0.0, Max: 0, Diff: 0, Sum: 0, Workers: 6
[19.764s][debug  ][gc,phases      ] GC(72)   StringDedup Table Weak         Min:  0.0, Avg:  0.0, Max:  0.0, Diff:  0.0, Sum:  0.0, Workers: 6
[19.764s][debug  ][gc,phases      ] GC(72)     Dead                           Min: 0, Avg:  0.0, Max: 0, Diff: 0, Sum: 0, Workers: 6
[19.764s][debug  ][gc,phases      ] GC(72)     Total                          Min: 0, Avg:  0.0, Max: 0, Diff: 0, Sum: 0, Workers: 6
[19.764s][debug  ][gc,phases      ] GC(72)   StringDedup Requests0 Weak     Min:  0.0, Avg:  0.0, Max:  0.0, Diff:  0.0, Sum:  0.0, Workers: 6
[19.764s][debug  ][gc,phases      ] GC(72)     Dead                           Min: 0, Avg:  0.0, Max: 0, Diff: 0, Sum: 0, Workers: 6
[19.764s][debug  ][gc,phases      ] GC(72)     Total                          Min: 0, Avg:  0.0, Max: 0, Diff: 0, Sum: 0, Workers: 6
[19.764s][debug  ][gc,phases      ] GC(72)   StringDedup Requests1 Weak     Min:  0.0, Avg:  0.0, Max:  0.0, Diff:  0.0, Sum:  0.0, Workers: 6
[19.764s][debug  ][gc,phases      ] GC(72)     Dead                           Min: 0, Avg:  0.0, Max: 0, Diff: 0, Sum: 0, Workers: 6
[19.764s][debug  ][gc,phases      ] GC(72)     Total                          Min: 0, Avg:  0.0, Max: 0, Diff: 0, Sum: 0, Workers: 6
[19.764s][debug  ][gc,phases      ] GC(72)   Weak JFR Old Object Samples    Min:  0.0, Avg:  0.0, Max:  0.0, Diff:  0.0, Sum:  0.0, Workers: 6
[19.764s][debug  ][gc,phases      ] GC(72)     Dead                           Min: 0, Avg:  0.0, Max: 0, Diff: 0, Sum: 0, Workers: 6
[19.764s][debug  ][gc,phases      ] GC(72)     Total                          Min: 0, Avg:  0.0, Max: 0, Diff: 0, Sum: 0, Workers: 6
[19.764s][debug  ][gc,phases      ] GC(72) Weak Processing 0.694ms
[19.764s][debug  ][gc,ergo        ] GC(72) AdaptiveSizeStart:  collection: 73 
[19.764s][debug  ][gc,ergo        ] GC(72) avg_survived_padded_avg: 31539682.000000
[19.764s][debug  ][gc,ergo        ] GC(72) avg_promoted_padded_avg: 274592192.000000  avg_pretenured_padded_avg: 0.000000  tenuring_thresh: 2  target_size: 31981568
[19.764s][debug  ][gc,age         ] GC(72) Desired survivor size 31981568 bytes, new threshold 2 (max threshold 15)
[19.764s][debug  ][gc,ergo        ] GC(72) PSAdaptiveSizePolicy::compute_eden_space_size limits: desired_eden_size: 224196889 old_eden_size: 204472320 eden_limit: 204472320 cur_eden: 204472320 max_eden_size: 204472320 avg_young_live: 26592078
[19.765s][debug  ][gc,ergo        ] GC(72) PSAdaptiveSizePolicy::compute_eden_space_size: costs minor_time: 0.043930 major_cost: 0.047149 mutator_cost: 0.908921 throughput_goal: 0.990000
[19.765s][debug  ][gc,ergo        ] GC(72) Live_space: 954162944 free_space: 1431306240
[19.765s][debug  ][gc,ergo        ] GC(72) Old eden_size: 204472320 desired_eden_size: 204472320
[19.765s][debug  ][gc,ergo        ] GC(72) AdaptiveSizeStop: collection: 73 
[19.765s][info   ][gc,heap        ] GC(72) PSYoungGen: 229143K(230912K)->30720K(230912K) Eden: 198423K(199680K)->0K(199680K) From: 30720K(31232K)->30720K(31232K)
[19.765s][info   ][gc,heap        ] GC(72) ParOldGen: 912996K(1835008K)->1107556K(1835008K)
[19.765s][info   ][gc,metaspace   ] GC(72) Metaspace: 1021K(1216K)->1021K(1216K) NonClass: 937K(1024K)->937K(1024K) Class: 83K(192K)->83K(192K)
[19.765s][info   ][gc             ] GC(72) Pause Young (Allocation Failure) 1115M->1111M(2017M) 17.827ms
[19.765s][info   ][gc,cpu         ] GC(72) User=0.19s Sys=0.00s Real=0.02s
[19.765s][debug  ][gc,heap        ] GC(72) Heap after GC invocations=73 (full 12):
[19.765s][debug  ][gc,heap        ] GC(72)  PSYoungGen      total 230912K, used 30720K [0x00000000f0000000, 0x0000000100000000, 0x0000000100000000)
[19.765s][debug  ][gc,heap        ] GC(72)   eden space 199680K, 0% used [0x00000000f0000000,0x00000000f0000000,0x00000000fc300000)
[19.765s][debug  ][gc,heap        ] GC(72)   from space 31232K, 98% used [0x00000000fc300000,0x00000000fe100030,0x00000000fe180000)
[19.765s][debug  ][gc,heap        ] GC(72)   to   space 31232K, 0% used [0x00000000fe180000,0x00000000fe180000,0x0000000100000000)
[19.765s][debug  ][gc,heap        ] GC(72)  ParOldGen       total 1835008K, used 1107556K [0x0000000080000000, 0x00000000f0000000, 0x00000000f0000000)
[19.765s][debug  ][gc,heap        ] GC(72)   object space 1835008K, 60% used [0x0000000080000000,0x00000000c3999298,0x00000000f0000000)
[19.765s][debug  ][gc,heap        ] GC(72)  Metaspace       used 1021K, committed 1216K, reserved 1056768K
[19.765s][debug  ][gc,heap        ] GC(72)   class space    used 83K, committed 192K, reserved 1048576K
[19.765s][debug  ][gc,task,time   ] GC(72) VM-Thread 197464336 197629902 197649418
[20.063s][debug  ][gc,heap        ] GC(73) Heap before GC invocations=74 (full 12):
[20.063s][debug  ][gc,heap        ] GC(73)  PSYoungGen      total 230912K, used 229161K [0x00000000f0000000, 0x0000000100000000, 0x0000000100000000)
[20.063s][debug  ][gc,heap        ] GC(73)   eden space 199680K, 99% used [0x00000000f0000000,0x00000000fc1ca678,0x00000000fc300000)
[20.063s][debug  ][gc,heap        ] GC(73)   from space 31232K, 98% used [0x00000000fc300000,0x00000000fe100030,0x00000000fe180000)
[20.063s][debug  ][gc,heap        ] GC(73)   to   space 31232K, 0% used [0x00000000fe180000,0x00000000fe180000,0x0000000100000000)
[20.063s][debug  ][gc,heap        ] GC(73)  ParOldGen       total 1835008K, used 1107556K [0x0000000080000000, 0x00000000f0000000, 0x00000000f0000000)
[20.063s][debug  ][gc,heap        ] GC(73)   object space 1835008K, 60% used [0x0000000080000000,0x00000000c3999298,0x00000000f0000000)
[20.063s][debug  ][gc,heap        ] GC(73)  Metaspace       used 1021K, committed 1216K, reserved 1056768K
[20.063s][debug  ][gc,heap        ] GC(73)   class space    used 83K, committed 192K, reserved 1048576K
[20.063s][debug  ][gc,tlab        ] GC(73) TLAB totals: thrds: 1  refills: 1 max: 1 slow allocs: 18 max 18 waste: 27.5% gc: 3974472B max: 3974472B slow: 0B max: 0B
[20.063s][info   ][gc,start       ] GC(73) Pause Young (Allocation Failure)
[20.063s][debug  ][gc,phases,start] GC(73) Scavenge
[20.079s][debug  ][gc,phases      ] GC(73) Scavenge 15.717ms
[20.079s][debug  ][gc,phases,start] GC(73) Reference Processing
[20.079s][debug  ][gc,ref         ] GC(73) Skipped phase 1 of Reference Processing: no references
[20.079s][debug  ][gc,ref         ] GC(73) Skipped phase 2 of Reference Processing: no references
[20.079s][debug  ][gc,ref         ] GC(73) Skipped phase 3 of Reference Processing: no references
[20.079s][debug  ][gc,ref         ] GC(73) Skipped phase 4 of Reference Processing: no references
[20.079s][debug  ][gc,phases,ref  ] GC(73) Reference Processing: 0.1ms
[20.079s][debug  ][gc,phases,ref  ] GC(73)   Reconsider SoftReferences: 0.0ms
[20.079s][debug  ][gc,phases,ref  ] GC(73)     SoftRef (ms):                  skipped
[20.079s][debug  ][gc,phases,ref  ] GC(73)   Notify Soft/WeakReferences: 0.0ms
[20.079s][debug  ][gc,phases,ref  ] GC(73)     SoftRef (ms):                  skipped
[20.079s][debug  ][gc,phases,ref  ] GC(73)     WeakRef (ms):                  skipped
[20.079s][debug  ][gc,phases,ref  ] GC(73)     FinalRef (ms):                 skipped
[20.079s][debug  ][gc,phases,ref  ] GC(73)     Total (ms):                    skipped
[20.079s][debug  ][gc,phases,ref  ] GC(73)   Notify and keep alive finalizable: 0.0ms
[20.079s][debug  ][gc,phases,ref  ] GC(73)     FinalRef (ms):                 skipped
[20.079s][debug  ][gc,phases,ref  ] GC(73)   Notify PhantomReferences: 0.0ms
[20.079s][debug  ][gc,phases,ref  ] GC(73)     PhantomRef (ms):               skipped
[20.079s][debug  ][gc,phases,ref  ] GC(73)   SoftReference:
[20.079s][debug  ][gc,phases,ref  ] GC(73)     Discovered: 0
[20.079s][debug  ][gc,phases,ref  ] GC(73)     Cleared: 0
[20.079s][debug  ][gc,phases,ref  ] GC(73)   WeakReference:
[20.079s][debug  ][gc,phases,ref  ] GC(73)     Discovered: 0
[20.079s][debug  ][gc,phases,ref  ] GC(73)     Cleared: 0
[20.079s][debug  ][gc,phases,ref  ] GC(73)   FinalReference:
[20.079s][debug  ][gc,phases,ref  ] GC(73)     Discovered: 0
[20.079s][debug  ][gc,phases,ref  ] GC(73)     Cleared: 0
[20.079s][debug  ][gc,phases,ref  ] GC(73)   PhantomReference:
[20.079s][debug  ][gc,phases,ref  ] GC(73)     Discovered: 0
[20.079s][debug  ][gc,phases,ref  ] GC(73)     Cleared: 0
[20.080s][debug  ][gc,phases      ] GC(73) Reference Processing 0.618ms
[20.080s][debug  ][gc,phases,start] GC(73) Weak Processing
[20.080s][debug  ][gc,phases      ] GC(73)   VM Weak                        Min:  0.0, Avg:  0.0, Max:  0.0, Diff:  0.0, Sum:  0.0, Workers: 6
[20.080s][debug  ][gc,phases      ] GC(73)     Dead                           Min: 0, Avg:  0.0, Max: 0, Diff: 0, Sum: 0, Workers: 6
[20.080s][debug  ][gc,phases      ] GC(73)     Total                          Min: 0, Avg:  1.3, Max: 8, Diff: 8, Sum: 8, Workers: 6
[20.080s][debug  ][gc,phases      ] GC(73)   ObjectSynchronizer Weak        Min:  0.0, Avg:  0.0, Max:  0.0, Diff:  0.0, Sum:  0.0, Workers: 6
[20.080s][debug  ][gc,phases      ] GC(73)     Dead                           Min: 0, Avg:  0.0, Max: 0, Diff: 0, Sum: 0, Workers: 6
[20.080s][debug  ][gc,phases      ] GC(73)     Total                          Min: 0, Avg:  0.5, Max: 3, Diff: 3, Sum: 3, Workers: 6
[20.080s][debug  ][gc,phases      ] GC(73)   JVMTI Tag Weak OopStorage      Min:  0.0, Avg:  0.0, Max:  0.0, Diff:  0.0, Sum:  0.0, Workers: 6
[20.080s][debug  ][gc,phases      ] GC(73)     Dead                           Min: 0, Avg:  0.0, Max: 0, Diff: 0, Sum: 0, Workers: 6
[20.080s][debug  ][gc,phases      ] GC(73)     Total                          Min: 0, Avg:  0.0, Max: 0, Diff: 0, Sum: 0, Workers: 6
[20.080s][debug  ][gc,phases      ] GC(73)   StringTable Weak               Min:  0.0, Avg:  0.0, Max:  0.0, Diff:  0.0, Sum:  0.0, Workers: 6
[20.080s][debug  ][gc,phases      ] GC(73)     Dead                           Min: 0, Avg:  0.0, Max: 0, Diff: 0, Sum: 0, Workers: 6
[20.080s][debug  ][gc,phases      ] GC(73)     Total                          Min: 683, Avg: 892.3, Max: 1024, Diff: 341, Sum: 5354, Workers: 6
[20.080s][debug  ][gc,phases      ] GC(73)   ResolvedMethodTable Weak       Min:  0.0, Avg:  0.0, Max:  0.0, Diff:  0.0, Sum:  0.0, Workers: 6
[20.080s][debug  ][gc,phases      ] GC(73)     Dead                           Min: 0, Avg:  0.0, Max: 0, Diff: 0, Sum: 0, Workers: 6
[20.080s][debug  ][gc,phases      ] GC(73)     Total                          Min: 0, Avg: 21.7, Max: 64, Diff: 64, Sum: 130, Workers: 6
[20.080s][debug  ][gc,phases      ] GC(73)   JNI Weak                       Min:  0.0, Avg:  0.0, Max:  0.0, Diff:  0.0, Sum:  0.0, Workers: 6
[20.080s][debug  ][gc,phases      ] GC(73)     Dead                           Min: 0, Avg:  0.0, Max: 0, Diff: 0, Sum: 0, Workers: 6
[20.080s][debug  ][gc,phases      ] GC(73)     Total                          Min: 0, Avg:  0.0, Max: 0, Diff: 0, Sum: 0, Workers: 6
[20.080s][debug  ][gc,phases      ] GC(73)   StringDedup Table Weak         Min:  0.0, Avg:  0.0, Max:  0.0, Diff:  0.0, Sum:  0.0, Workers: 6
[20.080s][debug  ][gc,phases      ] GC(73)     Dead                           Min: 0, Avg:  0.0, Max: 0, Diff: 0, Sum: 0, Workers: 6
[20.080s][debug  ][gc,phases      ] GC(73)     Total                          Min: 0, Avg:  0.0, Max: 0, Diff: 0, Sum: 0, Workers: 6
[20.080s][debug  ][gc,phases      ] GC(73)   StringDedup Requests0 Weak     Min:  0.0, Avg:  0.0, Max:  0.0, Diff:  0.0, Sum:  0.0, Workers: 6
[20.080s][debug  ][gc,phases      ] GC(73)     Dead                           Min: 0, Avg:  0.0, Max: 0, Diff: 0, Sum: 0, Workers: 6
[20.080s][debug  ][gc,phases      ] GC(73)     Total                          Min: 0, Avg:  0.0, Max: 0, Diff: 0, Sum: 0, Workers: 6
[20.080s][debug  ][gc,phases      ] GC(73)   StringDedup Requests1 Weak     Min:  0.0, Avg:  0.0, Max:  0.0, Diff:  0.0, Sum:  0.0, Workers: 6
[20.080s][debug  ][gc,phases      ] GC(73)     Dead                           Min: 0, Avg:  0.0, Max: 0, Diff: 0, Sum: 0, Workers: 6
[20.080s][debug  ][gc,phases      ] GC(73)     Total                          Min: 0, Avg:  0.0, Max: 0, Diff: 0, Sum: 0, Workers: 6
[20.080s][debug  ][gc,phases      ] GC(73)   Weak JFR Old Object Samples    Min:  0.0, Avg:  0.0, Max:  0.0, Diff:  0.0, Sum:  0.0, Workers: 6
[20.080s][debug  ][gc,phases      ] GC(73)     Dead                           Min: 0, Avg:  0.0, Max: 0, Diff: 0, Sum: 0, Workers: 6
[20.080s][debug  ][gc,phases      ] GC(73)     Total                          Min: 0, Avg:  0.0, Max: 0, Diff: 0, Sum: 0, Workers: 6
[20.080s][debug  ][gc,phases      ] GC(73) Weak Processing 0.691ms
[20.080s][debug  ][gc,ergo        ] GC(73) AdaptiveSizeStart:  collection: 74 
[20.080s][debug  ][gc,ergo        ] GC(73) avg_survived_padded_avg: 31532704.000000
[20.080s][debug  ][gc,ergo        ] GC(73) avg_promoted_padded_avg: 276170752.000000  avg_pretenured_padded_avg: 0.000000  tenuring_thresh: 2  target_size: 31981568
[20.080s][debug  ][gc,age         ] GC(73) Desired survivor size 31981568 bytes, new threshold 2 (max threshold 15)
[20.080s][debug  ][gc,ergo        ] GC(73) PSAdaptiveSizePolicy::compute_eden_space_size limits: desired_eden_size: 224783633 old_eden_size: 204472320 eden_limit: 204472320 cur_eden: 204472320 max_eden_size: 204472320 avg_young_live: 27078602
[20.080s][debug  ][gc,ergo        ] GC(73) PSAdaptiveSizePolicy::compute_eden_space_size: costs minor_time: 0.046526 major_cost: 0.047149 mutator_cost: 0.906325 throughput_goal: 0.990000
[20.080s][debug  ][gc,ergo        ] GC(73) Live_space: 954649472 free_space: 1431306240
[20.080s][debug  ][gc,ergo        ] GC(73) Old eden_size: 204472320 desired_eden_size: 204472320
[20.080s][debug  ][gc,ergo        ] GC(73) AdaptiveSizeStop: collection: 74 
[20.080s][info   ][gc,heap        ] GC(73) PSYoungGen: 229161K(230912K)->30720K(230912K) Eden: 198441K(199680K)->0K(199680K) From: 30720K(31232K)->30720K(31232K)
[20.080s][info   ][gc,heap        ] GC(73) ParOldGen: 1107556K(1835008K)->1302116K(1835008K)
[20.080s][info   ][gc,metaspace   ] GC(73) Metaspace: 1021K(1216K)->1021K(1216K) NonClass: 937K(1024K)->937K(1024K) Class: 83K(192K)->83K(192K)
[20.081s][info   ][gc             ] GC(73) Pause Young (Allocation Failure) 1305M->1301M(2017M) 17.469ms
[20.081s][info   ][gc,cpu         ] GC(73) User=0.19s Sys=0.02s Real=0.02s
[20.081s][debug  ][gc,heap        ] GC(73) Heap after GC invocations=74 (full 12):
[20.081s][debug  ][gc,heap        ] GC(73)  PSYoungGen      total 230912K, used 30720K [0x00000000f0000000, 0x0000000100000000, 0x0000000100000000)
[20.081s][debug  ][gc,heap        ] GC(73)   eden space 199680K, 0% used [0x00000000f0000000,0x00000000f0000000,0x00000000fc300000)
[20.081s][debug  ][gc,heap        ] GC(73)   from space 31232K, 98% used [0x00000000fe180000,0x00000000fff80030,0x0000000100000000)
[20.081s][debug  ][gc,heap        ] GC(73)   to   space 31232K, 0% used [0x00000000fc300000,0x00000000fc300000,0x00000000fe180000)
[20.081s][debug  ][gc,heap        ] GC(73)  ParOldGen       total 1835008K, used 1302116K [0x0000000080000000, 0x00000000f0000000, 0x00000000f0000000)
[20.081s][debug  ][gc,heap        ] GC(73)   object space 1835008K, 70% used [0x0000000080000000,0x00000000cf7993c8,0x00000000f0000000)
[20.081s][debug  ][gc,heap        ] GC(73)  Metaspace       used 1021K, committed 1216K, reserved 1056768K
[20.081s][debug  ][gc,heap        ] GC(73)   class space    used 83K, committed 192K, reserved 1048576K
[20.081s][debug  ][gc,task,time   ] GC(73) VM-Thread 200625670 200788918 200807605
[20.380s][debug  ][gc,heap        ] GC(74) Heap before GC invocations=75 (full 12):
[20.380s][debug  ][gc,heap        ] GC(74)  PSYoungGen      total 230912K, used 229173K [0x00000000f0000000, 0x0000000100000000, 0x0000000100000000)
[20.380s][debug  ][gc,heap        ] GC(74)   eden space 199680K, 99% used [0x00000000f0000000,0x00000000fc1cd650,0x00000000fc300000)
[20.380s][debug  ][gc,heap        ] GC(74)   from space 31232K, 98% used [0x00000000fe180000,0x00000000fff80030,0x0000000100000000)
[20.380s][debug  ][gc,heap        ] GC(74)   to   space 31232K, 0% used [0x00000000fc300000,0x00000000fc300000,0x00000000fe180000)
[20.380s][debug  ][gc,heap        ] GC(74)  ParOldGen       total 1835008K, used 1302116K [0x0000000080000000, 0x00000000f0000000, 0x00000000f0000000)
[20.380s][debug  ][gc,heap        ] GC(74)   object space 1835008K, 70% used [0x0000000080000000,0x00000000cf7993c8,0x00000000f0000000)
[20.380s][debug  ][gc,heap        ] GC(74)  Metaspace       used 1021K, committed 1216K, reserved 1056768K
[20.380s][debug  ][gc,heap        ] GC(74)   class space    used 83K, committed 192K, reserved 1048576K
[20.380s][debug  ][gc,tlab        ] GC(74) TLAB totals: thrds: 1  refills: 1 max: 1 slow allocs: 18 max 18 waste: 27.5% gc: 3986720B max: 3986720B slow: 0B max: 0B
[20.380s][info   ][gc,start       ] GC(74) Pause Young (Allocation Failure)
[20.380s][debug  ][gc,phases,start] GC(74) Scavenge
[20.396s][debug  ][gc,phases      ] GC(74) Scavenge 15.736ms
[20.396s][debug  ][gc,phases,start] GC(74) Reference Processing
[20.396s][debug  ][gc,ref         ] GC(74) Skipped phase 1 of Reference Processing: no references
[20.396s][debug  ][gc,ref         ] GC(74) Skipped phase 2 of Reference Processing: no references
[20.396s][debug  ][gc,ref         ] GC(74) Skipped phase 3 of Reference Processing: no references
[20.396s][debug  ][gc,ref         ] GC(74) Skipped phase 4 of Reference Processing: no references
[20.396s][debug  ][gc,phases,ref  ] GC(74) Reference Processing: 0.1ms
[20.396s][debug  ][gc,phases,ref  ] GC(74)   Reconsider SoftReferences: 0.0ms
[20.396s][debug  ][gc,phases,ref  ] GC(74)     SoftRef (ms):                  skipped
[20.396s][debug  ][gc,phases,ref  ] GC(74)   Notify Soft/WeakReferences: 0.0ms
[20.396s][debug  ][gc,phases,ref  ] GC(74)     SoftRef (ms):                  skipped
[20.396s][debug  ][gc,phases,ref  ] GC(74)     WeakRef (ms):                  skipped
[20.396s][debug  ][gc,phases,ref  ] GC(74)     FinalRef (ms):                 skipped
[20.396s][debug  ][gc,phases,ref  ] GC(74)     Total (ms):                    skipped
[20.396s][debug  ][gc,phases,ref  ] GC(74)   Notify and keep alive finalizable: 0.0ms
[20.396s][debug  ][gc,phases,ref  ] GC(74)     FinalRef (ms):                 skipped
[20.396s][debug  ][gc,phases,ref  ] GC(74)   Notify PhantomReferences: 0.0ms
[20.396s][debug  ][gc,phases,ref  ] GC(74)     PhantomRef (ms):               skipped
[20.396s][debug  ][gc,phases,ref  ] GC(74)   SoftReference:
[20.396s][debug  ][gc,phases,ref  ] GC(74)     Discovered: 0
[20.396s][debug  ][gc,phases,ref  ] GC(74)     Cleared: 0
[20.396s][debug  ][gc,phases,ref  ] GC(74)   WeakReference:
[20.396s][debug  ][gc,phases,ref  ] GC(74)     Discovered: 0
[20.396s][debug  ][gc,phases,ref  ] GC(74)     Cleared: 0
[20.396s][debug  ][gc,phases,ref  ] GC(74)   FinalReference:
[20.396s][debug  ][gc,phases,ref  ] GC(74)     Discovered: 0
[20.396s][debug  ][gc,phases,ref  ] GC(74)     Cleared: 0
[20.397s][debug  ][gc,phases,ref  ] GC(74)   PhantomReference:
[20.397s][debug  ][gc,phases,ref  ] GC(74)     Discovered: 0
[20.397s][debug  ][gc,phases,ref  ] GC(74)     Cleared: 0
[20.397s][debug  ][gc,phases      ] GC(74) Reference Processing 0.627ms
[20.397s][debug  ][gc,phases,start] GC(74) Weak Processing
[20.397s][debug  ][gc,phases      ] GC(74)   VM Weak                        Min:  0.0, Avg:  0.0, Max:  0.0, Diff:  0.0, Sum:  0.0, Workers: 6
[20.397s][debug  ][gc,phases      ] GC(74)     Dead                           Min: 0, Avg:  0.0, Max: 0, Diff: 0, Sum: 0, Workers: 6
[20.397s][debug  ][gc,phases      ] GC(74)     Total                          Min: 0, Avg:  1.3, Max: 8, Diff: 8, Sum: 8, Workers: 6
[20.397s][debug  ][gc,phases      ] GC(74)   ObjectSynchronizer Weak        Min:  0.0, Avg:  0.0, Max:  0.0, Diff:  0.0, Sum:  0.0, Workers: 6
[20.397s][debug  ][gc,phases      ] GC(74)     Dead                           Min: 0, Avg:  0.0, Max: 0, Diff: 0, Sum: 0, Workers: 6
[20.397s][debug  ][gc,phases      ] GC(74)     Total                          Min: 0, Avg:  0.5, Max: 3, Diff: 3, Sum: 3, Workers: 6
[20.397s][debug  ][gc,phases      ] GC(74)   JVMTI Tag Weak OopStorage      Min:  0.0, Avg:  0.0, Max:  0.0, Diff:  0.0, Sum:  0.0, Workers: 6
[20.397s][debug  ][gc,phases      ] GC(74)     Dead                           Min: 0, Avg:  0.0, Max: 0, Diff: 0, Sum: 0, Workers: 6
[20.397s][debug  ][gc,phases      ] GC(74)     Total                          Min: 0, Avg:  0.0, Max: 0, Diff: 0, Sum: 0, Workers: 6
[20.397s][debug  ][gc,phases      ] GC(74)   StringTable Weak               Min:  0.0, Avg:  0.0, Max:  0.0, Diff:  0.0, Sum:  0.0, Workers: 6
[20.397s][debug  ][gc,phases      ] GC(74)     Dead                           Min: 0, Avg:  0.0, Max: 0, Diff: 0, Sum: 0, Workers: 6
[20.397s][debug  ][gc,phases      ] GC(74)     Total                          Min: 384, Avg: 892.3, Max: 1151, Diff: 767, Sum: 5354, Workers: 6
[20.397s][debug  ][gc,phases      ] GC(74)   ResolvedMethodTable Weak       Min:  0.0, Avg:  0.0, Max:  0.0, Diff:  0.0, Sum:  0.0, Workers: 6
[20.397s][debug  ][gc,phases      ] GC(74)     Dead                           Min: 0, Avg:  0.0, Max: 0, Diff: 0, Sum: 0, Workers: 6
[20.397s][debug  ][gc,phases      ] GC(74)     Total                          Min: 0, Avg: 21.7, Max: 64, Diff: 64, Sum: 130, Workers: 6
[20.397s][debug  ][gc,phases      ] GC(74)   JNI Weak                       Min:  0.0, Avg:  0.0, Max:  0.0, Diff:  0.0, Sum:  0.0, Workers: 6
[20.397s][debug  ][gc,phases      ] GC(74)     Dead                           Min: 0, Avg:  0.0, Max: 0, Diff: 0, Sum: 0, Workers: 6
[20.397s][debug  ][gc,phases      ] GC(74)     Total                          Min: 0, Avg:  0.0, Max: 0, Diff: 0, Sum: 0, Workers: 6
[20.397s][debug  ][gc,phases      ] GC(74)   StringDedup Table Weak         Min:  0.0, Avg:  0.0, Max:  0.0, Diff:  0.0, Sum:  0.0, Workers: 6
[20.397s][debug  ][gc,phases      ] GC(74)     Dead                           Min: 0, Avg:  0.0, Max: 0, Diff: 0, Sum: 0, Workers: 6
[20.397s][debug  ][gc,phases      ] GC(74)     Total                          Min: 0, Avg:  0.0, Max: 0, Diff: 0, Sum: 0, Workers: 6
[20.397s][debug  ][gc,phases      ] GC(74)   StringDedup Requests0 Weak     Min:  0.0, Avg:  0.0, Max:  0.0, Diff:  0.0, Sum:  0.0, Workers: 6
[20.397s][debug  ][gc,phases      ] GC(74)     Dead                           Min: 0, Avg:  0.0, Max: 0, Diff: 0, Sum: 0, Workers: 6
[20.397s][debug  ][gc,phases      ] GC(74)     Total                          Min: 0, Avg:  0.0, Max: 0, Diff: 0, Sum: 0, Workers: 6
[20.397s][debug  ][gc,phases      ] GC(74)   StringDedup Requests1 Weak     Min:  0.0, Avg:  0.0, Max:  0.0, Diff:  0.0, Sum:  0.0, Workers: 6
[20.397s][debug  ][gc,phases      ] GC(74)     Dead                           Min: 0, Avg:  0.0, Max: 0, Diff: 0, Sum: 0, Workers: 6
[20.397s][debug  ][gc,phases      ] GC(74)     Total                          Min: 0, Avg:  0.0, Max: 0, Diff: 0, Sum: 0, Workers: 6
[20.397s][debug  ][gc,phases      ] GC(74)   Weak JFR Old Object Samples    Min:  0.0, Avg:  0.0, Max:  0.0, Diff:  0.0, Sum:  0.0, Workers: 6
[20.397s][debug  ][gc,phases      ] GC(74)     Dead                           Min: 0, Avg:  0.0, Max: 0, Diff: 0, Sum: 0, Workers: 6
[20.397s][debug  ][gc,phases      ] GC(74)     Total                          Min: 0, Avg:  0.0, Max: 0, Diff: 0, Sum: 0, Workers: 6
[20.397s][debug  ][gc,phases      ] GC(74) Weak Processing 0.826ms
[20.397s][debug  ][gc,ergo        ] GC(74) AdaptiveSizeStart:  collection: 75 
[20.397s][debug  ][gc,ergo        ] GC(74) avg_survived_padded_avg: 31526300.000000
[20.397s][debug  ][gc,ergo        ] GC(74) avg_promoted_padded_avg: 276679968.000000  avg_pretenured_padded_avg: 0.000000  tenuring_thresh: 2  target_size: 31981568
[20.398s][debug  ][gc,age         ] GC(74) Desired survivor size 31981568 bytes, new threshold 2 (max threshold 15)
[20.398s][debug  ][gc,ergo        ] GC(74) PSAdaptiveSizePolicy::compute_eden_space_size limits: desired_eden_size: 225217716 old_eden_size: 204472320 eden_limit: 204472320 cur_eden: 204472320 max_eden_size: 204472320 avg_young_live: 27516474
[20.398s][debug  ][gc,ergo        ] GC(74) PSAdaptiveSizePolicy::compute_eden_space_size: costs minor_time: 0.048544 major_cost: 0.047149 mutator_cost: 0.904307 throughput_goal: 0.990000
[20.398s][debug  ][gc,ergo        ] GC(74) Live_space: 955087360 free_space: 1431306240
[20.398s][debug  ][gc,ergo        ] GC(74) Old eden_size: 204472320 desired_eden_size: 204472320
[20.398s][debug  ][gc,ergo        ] GC(74) AdaptiveSizeStop: collection: 75 
[20.398s][info   ][gc,heap        ] GC(74) PSYoungGen: 229173K(230912K)->30720K(230912K) Eden: 198453K(199680K)->0K(199680K) From: 30720K(31232K)->30720K(31232K)
[20.398s][info   ][gc,heap        ] GC(74) ParOldGen: 1302116K(1835008K)->1496677K(1835008K)
[20.398s][info   ][gc,metaspace   ] GC(74) Metaspace: 1021K(1216K)->1021K(1216K) NonClass: 937K(1024K)->937K(1024K) Class: 83K(192K)->83K(192K)
[20.398s][info   ][gc             ] GC(74) Pause Young (Allocation Failure) 1495M->1491M(2017M) 17.642ms
[20.398s][info   ][gc,cpu         ] GC(74) User=0.17s Sys=0.00s Real=0.02s
[20.398s][debug  ][gc,heap        ] GC(74) Heap after GC invocations=75 (full 12):
[20.398s][debug  ][gc,heap        ] GC(74)  PSYoungGen      total 230912K, used 30720K [0x00000000f0000000, 0x0000000100000000, 0x0000000100000000)
[20.398s][debug  ][gc,heap        ] GC(74)   eden space 199680K, 0% used [0x00000000f0000000,0x00000000f0000000,0x00000000fc300000)
[20.398s][debug  ][gc,heap        ] GC(74)   from space 31232K, 98% used [0x00000000fc300000,0x00000000fe100030,0x00000000fe180000)
[20.398s][debug  ][gc,heap        ] GC(74)   to   space 31232K, 0% used [0x00000000fe180000,0x00000000fe180000,0x0000000100000000)
[20.398s][debug  ][gc,heap        ] GC(74)  ParOldGen       total 1835008K, used 1496677K [0x0000000080000000, 0x00000000f0000000, 0x00000000f0000000)
[20.398s][debug  ][gc,heap        ] GC(74)   object space 1835008K, 81% used [0x0000000080000000,0x00000000db5994f8,0x00000000f0000000)
[20.398s][debug  ][gc,heap        ] GC(74)  Metaspace       used 1021K, committed 1216K, reserved 1056768K
[20.398s][debug  ][gc,heap        ] GC(74)   class space    used 83K, committed 192K, reserved 1048576K
[20.398s][debug  ][gc,task,time   ] GC(74) VM-Thread 203796211 203959400 203979532
[20.696s][debug  ][gc,heap        ] GC(75) Heap before GC invocations=76 (full 12):
[20.696s][debug  ][gc,heap        ] GC(75)  PSYoungGen      total 230912K, used 229181K [0x00000000f0000000, 0x0000000100000000, 0x0000000100000000)
[20.696s][debug  ][gc,heap        ] GC(75)   eden space 199680K, 99% used [0x00000000f0000000,0x00000000fc1cf510,0x00000000fc300000)
[20.696s][debug  ][gc,heap        ] GC(75)   from space 31232K, 98% used [0x00000000fc300000,0x00000000fe100030,0x00000000fe180000)
[20.696s][debug  ][gc,heap        ] GC(75)   to   space 31232K, 0% used [0x00000000fe180000,0x00000000fe180000,0x0000000100000000)
[20.696s][debug  ][gc,heap        ] GC(75)  ParOldGen       total 1835008K, used 1496677K [0x0000000080000000, 0x00000000f0000000, 0x00000000f0000000)
[20.696s][debug  ][gc,heap        ] GC(75)   object space 1835008K, 81% used [0x0000000080000000,0x00000000db5994f8,0x00000000f0000000)
[20.696s][debug  ][gc,heap        ] GC(75)  Metaspace       used 1021K, committed 1216K, reserved 1056768K
[20.696s][debug  ][gc,heap        ] GC(75)   class space    used 83K, committed 192K, reserved 1048576K
[20.696s][debug  ][gc,tlab        ] GC(75) TLAB totals: thrds: 1  refills: 1 max: 1 slow allocs: 18 max 18 waste: 27.6% gc: 3994592B max: 3994592B slow: 0B max: 0B
[20.697s][info   ][gc,start       ] GC(75) Pause Young (Allocation Failure)
[20.697s][debug  ][gc,phases,start] GC(75) Scavenge
[20.712s][debug  ][gc,phases      ] GC(75) Scavenge 15.612ms
[20.712s][debug  ][gc,phases,start] GC(75) Reference Processing
[20.712s][debug  ][gc,ref         ] GC(75) Skipped phase 1 of Reference Processing: no references
[20.712s][debug  ][gc,ref         ] GC(75) Skipped phase 2 of Reference Processing: no references
[20.712s][debug  ][gc,ref         ] GC(75) Skipped phase 3 of Reference Processing: no references
[20.712s][debug  ][gc,ref         ] GC(75) Skipped phase 4 of Reference Processing: no references
[20.712s][debug  ][gc,phases,ref  ] GC(75) Reference Processing: 0.1ms
[20.712s][debug  ][gc,phases,ref  ] GC(75)   Reconsider SoftReferences: 0.0ms
[20.712s][debug  ][gc,phases,ref  ] GC(75)     SoftRef (ms):                  skipped
[20.712s][debug  ][gc,phases,ref  ] GC(75)   Notify Soft/WeakReferences: 0.0ms
[20.712s][debug  ][gc,phases,ref  ] GC(75)     SoftRef (ms):                  skipped
[20.712s][debug  ][gc,phases,ref  ] GC(75)     WeakRef (ms):                  skipped
[20.712s][debug  ][gc,phases,ref  ] GC(75)     FinalRef (ms):                 skipped
[20.713s][debug  ][gc,phases,ref  ] GC(75)     Total (ms):                    skipped
[20.713s][debug  ][gc,phases,ref  ] GC(75)   Notify and keep alive finalizable: 0.0ms
[20.713s][debug  ][gc,phases,ref  ] GC(75)     FinalRef (ms):                 skipped
[20.713s][debug  ][gc,phases,ref  ] GC(75)   Notify PhantomReferences: 0.0ms
[20.713s][debug  ][gc,phases,ref  ] GC(75)     PhantomRef (ms):               skipped
[20.713s][debug  ][gc,phases,ref  ] GC(75)   SoftReference:
[20.713s][debug  ][gc,phases,ref  ] GC(75)     Discovered: 0
[20.713s][debug  ][gc,phases,ref  ] GC(75)     Cleared: 0
[20.713s][debug  ][gc,phases,ref  ] GC(75)   WeakReference:
[20.713s][debug  ][gc,phases,ref  ] GC(75)     Discovered: 0
[20.713s][debug  ][gc,phases,ref  ] GC(75)     Cleared: 0
[20.713s][debug  ][gc,phases,ref  ] GC(75)   FinalReference:
[20.713s][debug  ][gc,phases,ref  ] GC(75)     Discovered: 0
[20.713s][debug  ][gc,phases,ref  ] GC(75)     Cleared: 0
[20.713s][debug  ][gc,phases,ref  ] GC(75)   PhantomReference:
[20.713s][debug  ][gc,phases,ref  ] GC(75)     Discovered: 0
[20.713s][debug  ][gc,phases,ref  ] GC(75)     Cleared: 0
[20.713s][debug  ][gc,phases      ] GC(75) Reference Processing 0.574ms
[20.713s][debug  ][gc,phases,start] GC(75) Weak Processing
[20.713s][debug  ][gc,phases      ] GC(75)   VM Weak                        Min:  0.0, Avg:  0.0, Max:  0.0, Diff:  0.0, Sum:  0.0, Workers: 6
[20.713s][debug  ][gc,phases      ] GC(75)     Dead                           Min: 0, Avg:  0.0, Max: 0, Diff: 0, Sum: 0, Workers: 6
[20.713s][debug  ][gc,phases      ] GC(75)     Total                          Min: 0, Avg:  1.3, Max: 8, Diff: 8, Sum: 8, Workers: 6
[20.713s][debug  ][gc,phases      ] GC(75)   ObjectSynchronizer Weak        Min:  0.0, Avg:  0.0, Max:  0.0, Diff:  0.0, Sum:  0.0, Workers: 6
[20.713s][debug  ][gc,phases      ] GC(75)     Dead                           Min: 0, Avg:  0.0, Max: 0, Diff: 0, Sum: 0, Workers: 6
[20.713s][debug  ][gc,phases      ] GC(75)     Total                          Min: 0, Avg:  0.5, Max: 3, Diff: 3, Sum: 3, Workers: 6
[20.713s][debug  ][gc,phases      ] GC(75)   JVMTI Tag Weak OopStorage      Min:  0.0, Avg:  0.0, Max:  0.0, Diff:  0.0, Sum:  0.0, Workers: 6
[20.713s][debug  ][gc,phases      ] GC(75)     Dead                           Min: 0, Avg:  0.0, Max: 0, Diff: 0, Sum: 0, Workers: 6
[20.713s][debug  ][gc,phases      ] GC(75)     Total                          Min: 0, Avg:  0.0, Max: 0, Diff: 0, Sum: 0, Workers: 6
[20.713s][debug  ][gc,phases      ] GC(75)   StringTable Weak               Min:  0.0, Avg:  0.0, Max:  0.0, Diff:  0.0, Sum:  0.0, Workers: 6
[20.713s][debug  ][gc,phases      ] GC(75)     Dead                           Min: 0, Avg:  0.0, Max: 0, Diff: 0, Sum: 0, Workers: 6
[20.713s][debug  ][gc,phases      ] GC(75)     Total                          Min: 640, Avg: 892.3, Max: 1088, Diff: 448, Sum: 5354, Workers: 6
[20.713s][debug  ][gc,phases      ] GC(75)   ResolvedMethodTable Weak       Min:  0.0, Avg:  0.0, Max:  0.0, Diff:  0.0, Sum:  0.0, Workers: 6
[20.713s][debug  ][gc,phases      ] GC(75)     Dead                           Min: 0, Avg:  0.0, Max: 0, Diff: 0, Sum: 0, Workers: 6
[20.713s][debug  ][gc,phases      ] GC(75)     Total                          Min: 0, Avg: 21.7, Max: 64, Diff: 64, Sum: 130, Workers: 6
[20.713s][debug  ][gc,phases      ] GC(75)   JNI Weak                       Min:  0.0, Avg:  0.0, Max:  0.0, Diff:  0.0, Sum:  0.0, Workers: 6
[20.713s][debug  ][gc,phases      ] GC(75)     Dead                           Min: 0, Avg:  0.0, Max: 0, Diff: 0, Sum: 0, Workers: 6
[20.713s][debug  ][gc,phases      ] GC(75)     Total                          Min: 0, Avg:  0.0, Max: 0, Diff: 0, Sum: 0, Workers: 6
[20.713s][debug  ][gc,phases      ] GC(75)   StringDedup Table Weak         Min:  0.0, Avg:  0.0, Max:  0.0, Diff:  0.0, Sum:  0.0, Workers: 6
[20.713s][debug  ][gc,phases      ] GC(75)     Dead                           Min: 0, Avg:  0.0, Max: 0, Diff: 0, Sum: 0, Workers: 6
[20.713s][debug  ][gc,phases      ] GC(75)     Total                          Min: 0, Avg:  0.0, Max: 0, Diff: 0, Sum: 0, Workers: 6
[20.713s][debug  ][gc,phases      ] GC(75)   StringDedup Requests0 Weak     Min:  0.0, Avg:  0.0, Max:  0.0, Diff:  0.0, Sum:  0.0, Workers: 6
[20.713s][debug  ][gc,phases      ] GC(75)     Dead                           Min: 0, Avg:  0.0, Max: 0, Diff: 0, Sum: 0, Workers: 6
[20.713s][debug  ][gc,phases      ] GC(75)     Total                          Min: 0, Avg:  0.0, Max: 0, Diff: 0, Sum: 0, Workers: 6
[20.713s][debug  ][gc,phases      ] GC(75)   StringDedup Requests1 Weak     Min:  0.0, Avg:  0.0, Max:  0.0, Diff:  0.0, Sum:  0.0, Workers: 6
[20.713s][debug  ][gc,phases      ] GC(75)     Dead                           Min: 0, Avg:  0.0, Max: 0, Diff: 0, Sum: 0, Workers: 6
[20.713s][debug  ][gc,phases      ] GC(75)     Total                          Min: 0, Avg:  0.0, Max: 0, Diff: 0, Sum: 0, Workers: 6
[20.713s][debug  ][gc,phases      ] GC(75)   Weak JFR Old Object Samples    Min:  0.0, Avg:  0.0, Max:  0.0, Diff:  0.0, Sum:  0.0, Workers: 6
[20.713s][debug  ][gc,phases      ] GC(75)     Dead                           Min: 0, Avg:  0.0, Max: 0, Diff: 0, Sum: 0, Workers: 6
[20.713s][debug  ][gc,phases      ] GC(75)     Total                          Min: 0, Avg:  0.0, Max: 0, Diff: 0, Sum: 0, Workers: 6
[20.714s][debug  ][gc,phases      ] GC(75) Weak Processing 0.664ms
[20.714s][debug  ][gc,ergo        ] GC(75) AdaptiveSizeStart:  collection: 76 
[20.714s][debug  ][gc,ergo        ] GC(75) avg_survived_padded_avg: 31520422.000000
[20.714s][debug  ][gc,ergo        ] GC(75) avg_promoted_padded_avg: 276317952.000000  avg_pretenured_padded_avg: 0.000000  tenuring_thresh: 2  target_size: 31981568
[20.714s][debug  ][gc,age         ] GC(75) Desired survivor size 31981568 bytes, new threshold 2 (max threshold 15)
[20.714s][debug  ][gc,ergo        ] GC(75) PSAdaptiveSizePolicy::compute_eden_space_size limits: desired_eden_size: 225483433 old_eden_size: 204472320 eden_limit: 204472320 cur_eden: 204472320 max_eden_size: 204472320 avg_young_live: 27910558
[20.714s][debug  ][gc,ergo        ] GC(75) PSAdaptiveSizePolicy::compute_eden_space_size: costs minor_time: 0.049823 major_cost: 0.047149 mutator_cost: 0.903028 throughput_goal: 0.990000
[20.714s][debug  ][gc,ergo        ] GC(75) Live_space: 955481472 free_space: 1431306240
[20.714s][debug  ][gc,ergo        ] GC(75) Old eden_size: 204472320 desired_eden_size: 204472320
[20.714s][debug  ][gc,ergo        ] GC(75) AdaptiveSizeStop: collection: 76 
[20.714s][info   ][gc,heap        ] GC(75) PSYoungGen: 229181K(230912K)->30720K(230912K) Eden: 198461K(199680K)->0K(199680K) From: 30720K(31232K)->30720K(31232K)
[20.714s][info   ][gc,heap        ] GC(75) ParOldGen: 1496677K(1835008K)->1691237K(1835008K)
[20.714s][info   ][gc,metaspace   ] GC(75) Metaspace: 1021K(1216K)->1021K(1216K) NonClass: 937K(1024K)->937K(1024K) Class: 83K(192K)->83K(192K)
[20.714s][info   ][gc             ] GC(75) Pause Young (Allocation Failure) 1685M->1681M(2017M) 17.272ms
[20.714s][info   ][gc,cpu         ] GC(75) User=0.19s Sys=0.00s Real=0.02s
[20.714s][debug  ][gc,heap        ] GC(75) Heap after GC invocations=76 (full 12):
[20.714s][debug  ][gc,heap        ] GC(75)  PSYoungGen      total 230912K, used 30720K [0x00000000f0000000, 0x0000000100000000, 0x0000000100000000)
[20.714s][debug  ][gc,heap        ] GC(75)   eden space 199680K, 0% used [0x00000000f0000000,0x00000000f0000000,0x00000000fc300000)
[20.714s][debug  ][gc,heap        ] GC(75)   from space 31232K, 98% used [0x00000000fe180000,0x00000000fff80030,0x0000000100000000)
[20.714s][debug  ][gc,heap        ] GC(75)   to   space 31232K, 0% used [0x00000000fc300000,0x00000000fc300000,0x00000000fe180000)
[20.714s][debug  ][gc,heap        ] GC(75)  ParOldGen       total 1835008K, used 1691237K [0x0000000080000000, 0x00000000f0000000, 0x00000000f0000000)
[20.714s][debug  ][gc,heap        ] GC(75)   object space 1835008K, 92% used [0x0000000080000000,0x00000000e7399628,0x00000000f0000000)
[20.714s][debug  ][gc,heap        ] GC(75)  Metaspace       used 1021K, committed 1216K, reserved 1056768K
[20.714s][debug  ][gc,heap        ] GC(75)   class space    used 83K, committed 192K, reserved 1048576K
[20.714s][debug  ][gc,task,time   ] GC(75) VM-Thread 206960794 207122565 207140397
[20.714s][debug  ][gc,phases,start] GC(76) Pre Compact
[20.714s][debug  ][gc,heap        ] GC(76) Heap before GC invocations=77 (full 13):
[20.714s][debug  ][gc,heap        ] GC(76)  PSYoungGen      total 230912K, used 30720K [0x00000000f0000000, 0x0000000100000000, 0x0000000100000000)
[20.714s][debug  ][gc,heap        ] GC(76)   eden space 199680K, 0% used [0x00000000f0000000,0x00000000f0000000,0x00000000fc300000)
[20.714s][debug  ][gc,heap        ] GC(76)   from space 31232K, 98% used [0x00000000fe180000,0x00000000fff80030,0x0000000100000000)
[20.714s][debug  ][gc,heap        ] GC(76)   to   space 31232K, 0% used [0x00000000fc300000,0x00000000fc300000,0x00000000fe180000)
[20.714s][debug  ][gc,heap        ] GC(76)  ParOldGen       total 1835008K, used 1691237K [0x0000000080000000, 0x00000000f0000000, 0x00000000f0000000)
[20.714s][debug  ][gc,heap        ] GC(76)   object space 1835008K, 92% used [0x0000000080000000,0x00000000e7399628,0x00000000f0000000)
[20.714s][debug  ][gc,heap        ] GC(76)  Metaspace       used 1021K, committed 1216K, reserved 1056768K
[20.714s][debug  ][gc,heap        ] GC(76)   class space    used 83K, committed 192K, reserved 1048576K
[20.714s][debug  ][gc,phases      ] GC(76) Pre Compact 0.200ms
[20.714s][info   ][gc,start       ] GC(76) Pause Full (Ergonomics)
[20.714s][info   ][gc,phases,start] GC(76) Marking Phase
[20.714s][debug  ][gc,phases,start] GC(76) Par Mark
[20.715s][debug  ][gc,phases      ] GC(76) Par Mark 0.497ms
[20.715s][debug  ][gc,phases,start] GC(76) Reference Processing
[20.715s][debug  ][gc,ref         ] GC(76) Skipped phase 1 of Reference Processing: no references
[20.715s][debug  ][gc,ref         ] GC(76) ReferenceProcessor::execute queues: 1, RefProcThreadModel::Single, marks_oops_alive: false
[20.715s][debug  ][gc,ref         ] GC(76) Skipped phase 3 of Reference Processing: no references
[20.715s][debug  ][gc,ref         ] GC(76) ReferenceProcessor::execute queues: 1, RefProcThreadModel::Single, marks_oops_alive: false
[20.715s][debug  ][gc,phases,ref  ] GC(76) Reference Processing: 0.1ms
[20.715s][debug  ][gc,phases,ref  ] GC(76)   Reconsider SoftReferences: 0.0ms
[20.715s][debug  ][gc,phases,ref  ] GC(76)     SoftRef (ms):                  skipped
[20.715s][debug  ][gc,phases,ref  ] GC(76)   Notify Soft/WeakReferences: 0.0ms
[20.715s][debug  ][gc,phases,ref  ] GC(76)     SoftRef (ms):                  Min:  0.0, Avg:  0.0, Max:  0.0, Diff:  0.0, Sum:  0.0, Workers: 12
[20.715s][debug  ][gc,phases,ref  ] GC(76)     WeakRef (ms):                  Min:  0.0, Avg:  0.0, Max:  0.0, Diff:  0.0, Sum:  0.0, Workers: 12
[20.715s][debug  ][gc,phases,ref  ] GC(76)     FinalRef (ms):                 Min:  0.0, Avg:  0.0, Max:  0.0, Diff:  0.0, Sum:  0.0, Workers: 12
[20.715s][debug  ][gc,phases,ref  ] GC(76)     Total (ms):                    Min:  0.0, Avg:  0.0, Max:  0.0, Diff:  0.0, Sum:  0.0, Workers: 12
[20.715s][debug  ][gc,phases,ref  ] GC(76)   Notify and keep alive finalizable: 0.0ms
[20.715s][debug  ][gc,phases,ref  ] GC(76)     FinalRef (ms):                 skipped
[20.715s][debug  ][gc,phases,ref  ] GC(76)   Notify PhantomReferences: 0.0ms
[20.715s][debug  ][gc,phases,ref  ] GC(76)     PhantomRef (ms):               Min:  0.0, Avg:  0.0, Max:  0.0, Diff:  0.0, Sum:  0.0, Workers: 12
[20.715s][debug  ][gc,phases,ref  ] GC(76)   SoftReference:
[20.715s][debug  ][gc,phases,ref  ] GC(76)     Discovered: 0
[20.715s][debug  ][gc,phases,ref  ] GC(76)     Cleared: 0
[20.715s][debug  ][gc,phases,ref  ] GC(76)   WeakReference:
[20.715s][debug  ][gc,phases,ref  ] GC(76)     Discovered: 42
[20.715s][debug  ][gc,phases,ref  ] GC(76)     Cleared: 42
[20.715s][debug  ][gc,phases,ref  ] GC(76)   FinalReference:
[20.715s][debug  ][gc,phases,ref  ] GC(76)     Discovered: 0
[20.715s][debug  ][gc,phases,ref  ] GC(76)     Cleared: 0
[20.715s][debug  ][gc,phases,ref  ] GC(76)   PhantomReference:
[20.715s][debug  ][gc,phases,ref  ] GC(76)     Discovered: 3
[20.715s][debug  ][gc,phases,ref  ] GC(76)     Cleared: 3
[20.715s][debug  ][gc,phases      ] GC(76) Reference Processing 0.586ms
[20.715s][debug  ][gc,phases,start] GC(76) Weak Processing
[20.716s][debug  ][gc,phases      ] GC(76)   VM Weak                        Min:  0.0, Avg:  0.0, Max:  0.0, Diff:  0.0, Sum:  0.0, Workers: 6
[20.716s][debug  ][gc,phases      ] GC(76)     Dead                           Min: 0, Avg:  0.0, Max: 0, Diff: 0, Sum: 0, Workers: 6
[20.716s][debug  ][gc,phases      ] GC(76)     Total                          Min: 0, Avg:  1.3, Max: 8, Diff: 8, Sum: 8, Workers: 6
[20.716s][debug  ][gc,phases      ] GC(76)   ObjectSynchronizer Weak        Min:  0.0, Avg:  0.0, Max:  0.0, Diff:  0.0, Sum:  0.0, Workers: 6
[20.716s][debug  ][gc,phases      ] GC(76)     Dead                           Min: 0, Avg:  0.0, Max: 0, Diff: 0, Sum: 0, Workers: 6
[20.716s][debug  ][gc,phases      ] GC(76)     Total                          Min: 0, Avg:  0.5, Max: 3, Diff: 3, Sum: 3, Workers: 6
[20.716s][debug  ][gc,phases      ] GC(76)   JVMTI Tag Weak OopStorage      Min:  0.0, Avg:  0.0, Max:  0.0, Diff:  0.0, Sum:  0.0, Workers: 6
[20.716s][debug  ][gc,phases      ] GC(76)     Dead                           Min: 0, Avg:  0.0, Max: 0, Diff: 0, Sum: 0, Workers: 6
[20.716s][debug  ][gc,phases      ] GC(76)     Total                          Min: 0, Avg:  0.0, Max: 0, Diff: 0, Sum: 0, Workers: 6
[20.716s][debug  ][gc,phases      ] GC(76)   StringTable Weak               Min:  0.0, Avg:  0.0, Max:  0.0, Diff:  0.0, Sum:  0.0, Workers: 6
[20.716s][debug  ][gc,phases      ] GC(76)     Dead                           Min: 0, Avg:  0.0, Max: 0, Diff: 0, Sum: 0, Workers: 6
[20.716s][debug  ][gc,phases      ] GC(76)     Total                          Min: 575, Avg: 892.3, Max: 1088, Diff: 513, Sum: 5354, Workers: 6
[20.716s][debug  ][gc,phases      ] GC(76)   ResolvedMethodTable Weak       Min:  0.0, Avg:  0.0, Max:  0.0, Diff:  0.0, Sum:  0.0, Workers: 6
[20.716s][debug  ][gc,phases      ] GC(76)     Dead                           Min: 0, Avg:  0.0, Max: 0, Diff: 0, Sum: 0, Workers: 6
[20.716s][debug  ][gc,phases      ] GC(76)     Total                          Min: 0, Avg: 21.7, Max: 64, Diff: 64, Sum: 130, Workers: 6
[20.716s][debug  ][gc,phases      ] GC(76)   JNI Weak                       Min:  0.0, Avg:  0.0, Max:  0.0, Diff:  0.0, Sum:  0.0, Workers: 6
[20.716s][debug  ][gc,phases      ] GC(76)     Dead                           Min: 0, Avg:  0.0, Max: 0, Diff: 0, Sum: 0, Workers: 6
[20.716s][debug  ][gc,phases      ] GC(76)     Total                          Min: 0, Avg:  0.0, Max: 0, Diff: 0, Sum: 0, Workers: 6
[20.716s][debug  ][gc,phases      ] GC(76)   StringDedup Table Weak         Min:  0.0, Avg:  0.0, Max:  0.0, Diff:  0.0, Sum:  0.0, Workers: 6
[20.716s][debug  ][gc,phases      ] GC(76)     Dead                           Min: 0, Avg:  0.0, Max: 0, Diff: 0, Sum: 0, Workers: 6
[20.716s][debug  ][gc,phases      ] GC(76)     Total                          Min: 0, Avg:  0.0, Max: 0, Diff: 0, Sum: 0, Workers: 6
[20.716s][debug  ][gc,phases      ] GC(76)   StringDedup Requests0 Weak     Min:  0.0, Avg:  0.0, Max:  0.0, Diff:  0.0, Sum:  0.0, Workers: 6
[20.716s][debug  ][gc,phases      ] GC(76)     Dead                           Min: 0, Avg:  0.0, Max: 0, Diff: 0, Sum: 0, Workers: 6
[20.716s][debug  ][gc,phases      ] GC(76)     Total                          Min: 0, Avg:  0.0, Max: 0, Diff: 0, Sum: 0, Workers: 6
[20.716s][debug  ][gc,phases      ] GC(76)   StringDedup Requests1 Weak     Min:  0.0, Avg:  0.0, Max:  0.0, Diff:  0.0, Sum:  0.0, Workers: 6
[20.716s][debug  ][gc,phases      ] GC(76)     Dead                           Min: 0, Avg:  0.0, Max: 0, Diff: 0, Sum: 0, Workers: 6
[20.716s][debug  ][gc,phases      ] GC(76)     Total                          Min: 0, Avg:  0.0, Max: 0, Diff: 0, Sum: 0, Workers: 6
[20.716s][debug  ][gc,phases      ] GC(76)   Weak JFR Old Object Samples    Min:  0.0, Avg:  0.0, Max:  0.0, Diff:  0.0, Sum:  0.0, Workers: 6
[20.716s][debug  ][gc,phases      ] GC(76)     Dead                           Min: 0, Avg:  0.0, Max: 0, Diff: 0, Sum: 0, Workers: 6
[20.716s][debug  ][gc,phases      ] GC(76)     Total                          Min: 0, Avg:  0.0, Max: 0, Diff: 0, Sum: 0, Workers: 6
[20.716s][debug  ][gc,phases      ] GC(76) Weak Processing 0.657ms
[20.716s][debug  ][gc,phases,start] GC(76) Class Unloading
[20.716s][debug  ][gc,phases,start] GC(76) ClassLoaderData
[20.716s][debug  ][gc,phases      ] GC(76) ClassLoaderData 0.019ms
[20.716s][debug  ][gc,phases,start] GC(76) Trigger cleanups
[20.716s][debug  ][gc,phases      ] GC(76) Trigger cleanups 0.019ms
[20.716s][debug  ][gc,phases      ] GC(76) Class Unloading 0.250ms
[20.716s][info   ][gc,phases      ] GC(76) Marking Phase 2.098ms
[20.716s][info   ][gc,phases,start] GC(76) Summary Phase
[20.716s][info   ][gc,phases      ] GC(76) Summary Phase 0.036ms
[20.716s][info   ][gc,phases,start] GC(76) Adjust Roots
[20.717s][info   ][gc,phases      ] GC(76) Adjust Roots 0.132ms
[20.717s][info   ][gc,phases,start] GC(76) Compaction Phase
[20.807s][info   ][gc,phases      ] GC(76) Compaction Phase 90.632ms
[20.807s][info   ][gc,phases,start] GC(76) Post Compact
[20.814s][info   ][gc,phases      ] GC(76) Post Compact 5.995ms
[20.814s][debug  ][gc,ergo        ] GC(76) AdaptiveSizeStart: collection: 77 
[20.814s][debug  ][gc,ergo        ] GC(76) PSAdaptiveSizePolicy::compute_eden_space_size limits: desired_eden_size: 225367373 old_eden_size: 204472320 eden_limit: 204472320 cur_eden: 204472320 max_eden_size: 204472320 avg_young_live: 25119504
[20.814s][debug  ][gc,ergo        ] GC(76) PSAdaptiveSizePolicy::compute_eden_space_size: costs minor_time: 0.049823 major_cost: 0.047687 mutator_cost: 0.902489 throughput_goal: 0.990000
[20.814s][debug  ][gc,ergo        ] GC(76) Live_space: 952690368 free_space: 1431306240
[20.814s][debug  ][gc,ergo        ] GC(76) Old eden_size: 204472320 desired_eden_size: 204472320
[20.814s][debug  ][gc,ergo        ] GC(76) PSAdaptiveSizePolicy::compute_old_gen_free_space limits: desired_promo_size: 1352984050 promo_limit: 1226833920 free_in_old_gen: 1198626944 max_old_gen_size: 1879048192 avg_old_live: 680421248
[20.814s][debug  ][gc,ergo        ] GC(76) PSAdaptiveSizePolicy::compute_old_gen_free_space: costs minor_time: 0.049823 major_cost: 0.047687  mutator_cost: 0.902489 throughput_goal: 0.990000
[20.814s][debug  ][gc,ergo        ] GC(76) Live_space: 973976192 free_space: 1431306240
[20.814s][debug  ][gc,ergo        ] GC(76) Old promo_size: 1226833920 desired_promo_size: 1226833920
[20.814s][debug  ][gc,ergo        ] GC(76) AdaptiveSizeStop: collection: 77 
[20.814s][info   ][gc,heap        ] GC(76) PSYoungGen: 30720K(230912K)->0K(230912K) Eden: 0K(199680K)->0K(199680K) From: 30720K(31232K)->0K(31232K)
[20.814s][info   ][gc,heap        ] GC(76) ParOldGen: 1691237K(1835008K)->851556K(1835008K)
[20.814s][info   ][gc,metaspace   ] GC(76) Metaspace: 1021K(1216K)->1021K(1216K) NonClass: 937K(1024K)->937K(1024K) Class: 83K(192K)->83K(192K)
[20.814s][info   ][gc             ] GC(76) Pause Full (Ergonomics) 1681M->831M(2017M) 99.567ms
[20.814s][info   ][gc,cpu         ] GC(76) User=1.05s Sys=0.00s Real=0.10s
[20.814s][debug  ][gc,heap        ] GC(76) Heap after GC invocations=77 (full 13):
[20.814s][debug  ][gc,heap        ] GC(76)  PSYoungGen      total 230912K, used 0K [0x00000000f0000000, 0x0000000100000000, 0x0000000100000000)
[20.814s][debug  ][gc,heap        ] GC(76)   eden space 199680K, 0% used [0x00000000f0000000,0x00000000f0000000,0x00000000fc300000)
[20.814s][debug  ][gc,heap        ] GC(76)   from space 31232K, 0% used [0x00000000fc300000,0x00000000fc300000,0x00000000fe180000)
[20.814s][debug  ][gc,heap        ] GC(76)   to   space 31232K, 0% used [0x00000000fe180000,0x00000000fe180000,0x0000000100000000)
[20.814s][debug  ][gc,heap        ] GC(76)  ParOldGen       total 1835008K, used 851556K [0x0000000080000000, 0x00000000f0000000, 0x00000000f0000000)
[20.814s][debug  ][gc,heap        ] GC(76)   object space 1835008K, 46% used [0x0000000080000000,0x00000000b3f99108,0x00000000f0000000)
[20.814s][debug  ][gc,heap        ] GC(76)  Metaspace       used 1021K, committed 1216K, reserved 1056768K
[20.814s][debug  ][gc,heap        ] GC(76)   class space    used 83K, committed 192K, reserved 1048576K
[20.814s][debug  ][gc,task,time   ] GC(76) VM-Thread 207143089 207166719 208139035
[21.126s][debug  ][gc,heap        ] GC(77) Heap before GC invocations=78 (full 13):
[21.126s][debug  ][gc,heap        ] GC(77)  PSYoungGen      total 230912K, used 198466K [0x00000000f0000000, 0x0000000100000000, 0x0000000100000000)
[21.126s][debug  ][gc,heap        ] GC(77)   eden space 199680K, 99% used [0x00000000f0000000,0x00000000fc1d08d8,0x00000000fc300000)
[21.126s][debug  ][gc,heap        ] GC(77)   from space 31232K, 0% used [0x00000000fc300000,0x00000000fc300000,0x00000000fe180000)
[21.126s][debug  ][gc,heap        ] GC(77)   to   space 31232K, 0% used [0x00000000fe180000,0x00000000fe180000,0x0000000100000000)
[21.126s][debug  ][gc,heap        ] GC(77)  ParOldGen       total 1835008K, used 851556K [0x0000000080000000, 0x00000000f0000000, 0x00000000f0000000)
[21.126s][debug  ][gc,heap        ] GC(77)   object space 1835008K, 46% used [0x0000000080000000,0x00000000b3f99108,0x00000000f0000000)
[21.126s][debug  ][gc,heap        ] GC(77)  Metaspace       used 1022K, committed 1216K, reserved 1056768K
[21.126s][debug  ][gc,heap        ] GC(77)   class space    used 83K, committed 192K, reserved 1048576K
[21.126s][debug  ][gc,tlab        ] GC(77) TLAB totals: thrds: 1  refills: 1 max: 1 slow allocs: 18 max 18 waste: 27.6% gc: 3998592B max: 3998592B slow: 0B max: 0B
[21.126s][info   ][gc,start       ] GC(77) Pause Young (Allocation Failure)
[21.126s][debug  ][gc,phases,start] GC(77) Scavenge
[21.128s][debug  ][gc,phases      ] GC(77) Scavenge 1.671ms
[21.128s][debug  ][gc,phases,start] GC(77) Reference Processing
[21.128s][debug  ][gc,ref         ] GC(77) Skipped phase 1 of Reference Processing: no references
[21.128s][debug  ][gc,ref         ] GC(77) Skipped phase 2 of Reference Processing: no references
[21.128s][debug  ][gc,ref         ] GC(77) Skipped phase 3 of Reference Processing: no references
[21.128s][debug  ][gc,ref         ] GC(77) Skipped phase 4 of Reference Processing: no references
[21.128s][debug  ][gc,phases,ref  ] GC(77) Reference Processing: 0.1ms
[21.128s][debug  ][gc,phases,ref  ] GC(77)   Reconsider SoftReferences: 0.0ms
[21.128s][debug  ][gc,phases,ref  ] GC(77)     SoftRef (ms):                  skipped
[21.128s][debug  ][gc,phases,ref  ] GC(77)   Notify Soft/WeakReferences: 0.0ms
[21.128s][debug  ][gc,phases,ref  ] GC(77)     SoftRef (ms):                  skipped
[21.128s][debug  ][gc,phases,ref  ] GC(77)     WeakRef (ms):                  skipped
[21.128s][debug  ][gc,phases,ref  ] GC(77)     FinalRef (ms):                 skipped
[21.128s][debug  ][gc,phases,ref  ] GC(77)     Total (ms):                    skipped
[21.128s][debug  ][gc,phases,ref  ] GC(77)   Notify and keep alive finalizable: 0.0ms
[21.128s][debug  ][gc,phases,ref  ] GC(77)     FinalRef (ms):                 skipped
[21.128s][debug  ][gc,phases,ref  ] GC(77)   Notify PhantomReferences: 0.0ms
[21.128s][debug  ][gc,phases,ref  ] GC(77)     PhantomRef (ms):               skipped
[21.128s][debug  ][gc,phases,ref  ] GC(77)   SoftReference:
[21.128s][debug  ][gc,phases,ref  ] GC(77)     Discovered: 0
[21.128s][debug  ][gc,phases,ref  ] GC(77)     Cleared: 0
[21.128s][debug  ][gc,phases,ref  ] GC(77)   WeakReference:
[21.128s][debug  ][gc,phases,ref  ] GC(77)     Discovered: 0
[21.128s][debug  ][gc,phases,ref  ] GC(77)     Cleared: 0
[21.128s][debug  ][gc,phases,ref  ] GC(77)   FinalReference:
[21.128s][debug  ][gc,phases,ref  ] GC(77)     Discovered: 0
[21.128s][debug  ][gc,phases,ref  ] GC(77)     Cleared: 0
[21.128s][debug  ][gc,phases,ref  ] GC(77)   PhantomReference:
[21.128s][debug  ][gc,phases,ref  ] GC(77)     Discovered: 0
[21.128s][debug  ][gc,phases,ref  ] GC(77)     Cleared: 0
[21.128s][debug  ][gc,phases      ] GC(77) Reference Processing 0.687ms
[21.128s][debug  ][gc,phases,start] GC(77) Weak Processing
[21.128s][debug  ][gc,phases      ] GC(77)   VM Weak                        Min:  0.0, Avg:  0.0, Max:  0.0, Diff:  0.0, Sum:  0.0, Workers: 6
[21.128s][debug  ][gc,phases      ] GC(77)     Dead                           Min: 0, Avg:  0.0, Max: 0, Diff: 0, Sum: 0, Workers: 6
[21.129s][debug  ][gc,phases      ] GC(77)     Total                          Min: 0, Avg:  1.3, Max: 8, Diff: 8, Sum: 8, Workers: 6
[21.129s][debug  ][gc,phases      ] GC(77)   ObjectSynchronizer Weak        Min:  0.0, Avg:  0.0, Max:  0.0, Diff:  0.0, Sum:  0.0, Workers: 6
[21.129s][debug  ][gc,phases      ] GC(77)     Dead                           Min: 0, Avg:  0.0, Max: 0, Diff: 0, Sum: 0, Workers: 6
[21.129s][debug  ][gc,phases      ] GC(77)     Total                          Min: 0, Avg:  0.5, Max: 3, Diff: 3, Sum: 3, Workers: 6
[21.129s][debug  ][gc,phases      ] GC(77)   JVMTI Tag Weak OopStorage      Min:  0.0, Avg:  0.0, Max:  0.0, Diff:  0.0, Sum:  0.0, Workers: 6
[21.129s][debug  ][gc,phases      ] GC(77)     Dead                           Min: 0, Avg:  0.0, Max: 0, Diff: 0, Sum: 0, Workers: 6
[21.129s][debug  ][gc,phases      ] GC(77)     Total                          Min: 0, Avg:  0.0, Max: 0, Diff: 0, Sum: 0, Workers: 6
[21.129s][debug  ][gc,phases      ] GC(77)   StringTable Weak               Min:  0.0, Avg:  0.0, Max:  0.0, Diff:  0.0, Sum:  0.0, Workers: 6
[21.129s][debug  ][gc,phases      ] GC(77)     Dead                           Min: 0, Avg:  0.0, Max: 0, Diff: 0, Sum: 0, Workers: 6
[21.129s][debug  ][gc,phases      ] GC(77)     Total                          Min: 0, Avg: 892.3, Max: 1407, Diff: 1407, Sum: 5354, Workers: 6
[21.129s][debug  ][gc,phases      ] GC(77)   ResolvedMethodTable Weak       Min:  0.0, Avg:  0.0, Max:  0.0, Diff:  0.0, Sum:  0.0, Workers: 6
[21.129s][debug  ][gc,phases      ] GC(77)     Dead                           Min: 0, Avg:  0.0, Max: 0, Diff: 0, Sum: 0, Workers: 6
[21.129s][debug  ][gc,phases      ] GC(77)     Total                          Min: 0, Avg: 21.7, Max: 64, Diff: 64, Sum: 130, Workers: 6
[21.129s][debug  ][gc,phases      ] GC(77)   JNI Weak                       Min:  0.0, Avg:  0.0, Max:  0.0, Diff:  0.0, Sum:  0.0, Workers: 6
[21.129s][debug  ][gc,phases      ] GC(77)     Dead                           Min: 0, Avg:  0.0, Max: 0, Diff: 0, Sum: 0, Workers: 6
[21.129s][debug  ][gc,phases      ] GC(77)     Total                          Min: 0, Avg:  0.0, Max: 0, Diff: 0, Sum: 0, Workers: 6
[21.129s][debug  ][gc,phases      ] GC(77)   StringDedup Table Weak         Min:  0.0, Avg:  0.0, Max:  0.0, Diff:  0.0, Sum:  0.0, Workers: 6
[21.129s][debug  ][gc,phases      ] GC(77)     Dead                           Min: 0, Avg:  0.0, Max: 0, Diff: 0, Sum: 0, Workers: 6
[21.129s][debug  ][gc,phases      ] GC(77)     Total                          Min: 0, Avg:  0.0, Max: 0, Diff: 0, Sum: 0, Workers: 6
[21.129s][debug  ][gc,phases      ] GC(77)   StringDedup Requests0 Weak     Min:  0.0, Avg:  0.0, Max:  0.0, Diff:  0.0, Sum:  0.0, Workers: 6
[21.129s][debug  ][gc,phases      ] GC(77)     Dead                           Min: 0, Avg:  0.0, Max: 0, Diff: 0, Sum: 0, Workers: 6
[21.129s][debug  ][gc,phases      ] GC(77)     Total                          Min: 0, Avg:  0.0, Max: 0, Diff: 0, Sum: 0, Workers: 6
[21.129s][debug  ][gc,phases      ] GC(77)   StringDedup Requests1 Weak     Min:  0.0, Avg:  0.0, Max:  0.0, Diff:  0.0, Sum:  0.0, Workers: 6
[21.129s][debug  ][gc,phases      ] GC(77)     Dead                           Min: 0, Avg:  0.0, Max: 0, Diff: 0, Sum: 0, Workers: 6
[21.129s][debug  ][gc,phases      ] GC(77)     Total                          Min: 0, Avg:  0.0, Max: 0, Diff: 0, Sum: 0, Workers: 6
[21.129s][debug  ][gc,phases      ] GC(77)   Weak JFR Old Object Samples    Min:  0.0, Avg:  0.0, Max:  0.0, Diff:  0.0, Sum:  0.0, Workers: 6
[21.129s][debug  ][gc,phases      ] GC(77)     Dead                           Min: 0, Avg:  0.0, Max: 0, Diff: 0, Sum: 0, Workers: 6
[21.129s][debug  ][gc,phases      ] GC(77)     Total                          Min: 0, Avg:  0.0, Max: 0, Diff: 0, Sum: 0, Workers: 6
[21.129s][debug  ][gc,phases      ] GC(77) Weak Processing 0.914ms
[21.129s][debug  ][gc,ergo        ] GC(77) AdaptiveSizeStart:  collection: 78 
[21.129s][debug  ][gc,ergo        ] GC(77) avg_survived_padded_avg: 33297612.000000
[21.129s][debug  ][gc,ergo        ] GC(77) avg_promoted_padded_avg: 258855952.000000  avg_pretenured_padded_avg: 0.000000  tenuring_thresh: 3  target_size: 33554432
[21.129s][debug  ][gc,age         ] GC(77) Desired survivor size 33554432 bytes, new threshold 3 (max threshold 15)
[21.129s][debug  ][gc,ergo        ] GC(77) PSAdaptiveSizePolicy::compute_eden_space_size limits: desired_eden_size: 222977175 old_eden_size: 204472320 eden_limit: 204472320 cur_eden: 204472320 max_eden_size: 204472320 avg_young_live: 24704710
[21.129s][debug  ][gc,ergo        ] GC(77) PSAdaptiveSizePolicy::compute_eden_space_size: costs minor_time: 0.039413 major_cost: 0.047687 mutator_cost: 0.912899 throughput_goal: 0.990000
[21.129s][debug  ][gc,ergo        ] GC(77) Live_space: 973561408 free_space: 1431306240
[21.129s][debug  ][gc,ergo        ] GC(77) Old eden_size: 204472320 desired_eden_size: 204472320
[21.129s][debug  ][gc,ergo        ] GC(77) AdaptiveSizeStop: collection: 78 
[21.130s][info   ][gc,heap        ] GC(77) PSYoungGen: 198466K(230912K)->20480K(227840K) Eden: 198466K(199680K)->0K(196608K) From: 0K(31232K)->20480K(31232K)
[21.130s][info   ][gc,heap        ] GC(77) ParOldGen: 851556K(1835008K)->851556K(1835008K)
[21.130s][info   ][gc,metaspace   ] GC(77) Metaspace: 1022K(1216K)->1022K(1216K) NonClass: 938K(1024K)->938K(1024K) Class: 83K(192K)->83K(192K)
[21.130s][info   ][gc             ] GC(77) Pause Young (Allocation Failure) 1025M->851M(2014M) 3.764ms
[21.130s][info   ][gc,cpu         ] GC(77) User=0.09s Sys=0.00s Real=0.00s
[21.130s][debug  ][gc,heap        ] GC(77) Heap after GC invocations=78 (full 13):
[21.130s][debug  ][gc,heap        ] GC(77)  PSYoungGen      total 227840K, used 20480K [0x00000000f0000000, 0x0000000100000000, 0x0000000100000000)
[21.130s][debug  ][gc,heap        ] GC(77)   eden space 196608K, 0% used [0x00000000f0000000,0x00000000f0000000,0x00000000fc000000)
[21.130s][debug  ][gc,heap        ] GC(77)   from space 31232K, 65% used [0x00000000fe180000,0x00000000ff580020,0x0000000100000000)
[21.130s][debug  ][gc,heap        ] GC(77)   to   space 32768K, 0% used [0x00000000fc000000,0x00000000fc000000,0x00000000fe000000)
[21.130s][debug  ][gc,heap        ] GC(77)  ParOldGen       total 1835008K, used 851556K [0x0000000080000000, 0x00000000f0000000, 0x00000000f0000000)
[21.130s][debug  ][gc,heap        ] GC(77)   object space 1835008K, 46% used [0x0000000080000000,0x00000000b3f99108,0x00000000f0000000)
[21.130s][debug  ][gc,heap        ] GC(77)  Metaspace       used 1022K, committed 1216K, reserved 1056768K
[21.130s][debug  ][gc,heap        ] GC(77)   class space    used 83K, committed 192K, reserved 1048576K
[21.130s][debug  ][gc,task,time   ] GC(77) VM-Thread 211255011 211276480 211299226
[21.410s][debug  ][gc,heap        ] GC(78) Heap before GC invocations=79 (full 13):
[21.410s][debug  ][gc,heap        ] GC(78)  PSYoungGen      total 227840K, used 208578K [0x00000000f0000000, 0x0000000100000000, 0x0000000100000000)
[21.410s][debug  ][gc,heap        ] GC(78)   eden space 196608K, 95% used [0x00000000f0000000,0x00000000fb7b08e8,0x00000000fc000000)
[21.410s][debug  ][gc,heap        ] GC(78)   from space 31232K, 65% used [0x00000000fe180000,0x00000000ff580020,0x0000000100000000)
[21.410s][debug  ][gc,heap        ] GC(78)   to   space 32768K, 0% used [0x00000000fc000000,0x00000000fc000000,0x00000000fe000000)
[21.410s][debug  ][gc,heap        ] GC(78)  ParOldGen       total 1835008K, used 851556K [0x0000000080000000, 0x00000000f0000000, 0x00000000f0000000)
[21.410s][debug  ][gc,heap        ] GC(78)   object space 1835008K, 46% used [0x0000000080000000,0x00000000b3f99108,0x00000000f0000000)
[21.410s][debug  ][gc,heap        ] GC(78)  Metaspace       used 1022K, committed 1216K, reserved 1056768K
[21.410s][debug  ][gc,heap        ] GC(78)   class space    used 83K, committed 192K, reserved 1048576K
[21.411s][debug  ][gc,tlab        ] GC(78) TLAB totals: thrds: 1  refills: 1 max: 1 slow allocs: 17 max 17 waste: 27.0% gc: 3868616B max: 3868616B slow: 0B max: 0B
[21.411s][info   ][gc,start       ] GC(78) Pause Young (Allocation Failure)
[21.411s][debug  ][gc,phases,start] GC(78) Scavenge
[21.425s][debug  ][gc,phases      ] GC(78) Scavenge 14.261ms
[21.425s][debug  ][gc,phases,start] GC(78) Reference Processing
[21.425s][debug  ][gc,ref         ] GC(78) Skipped phase 1 of Reference Processing: no references
[21.425s][debug  ][gc,ref         ] GC(78) Skipped phase 2 of Reference Processing: no references
[21.425s][debug  ][gc,ref         ] GC(78) Skipped phase 3 of Reference Processing: no references
[21.425s][debug  ][gc,ref         ] GC(78) Skipped phase 4 of Reference Processing: no references
[21.425s][debug  ][gc,phases,ref  ] GC(78) Reference Processing: 0.1ms
[21.425s][debug  ][gc,phases,ref  ] GC(78)   Reconsider SoftReferences: 0.0ms
[21.425s][debug  ][gc,phases,ref  ] GC(78)     SoftRef (ms):                  skipped
[21.425s][debug  ][gc,phases,ref  ] GC(78)   Notify Soft/WeakReferences: 0.0ms
[21.425s][debug  ][gc,phases,ref  ] GC(78)     SoftRef (ms):                  skipped
[21.425s][debug  ][gc,phases,ref  ] GC(78)     WeakRef (ms):                  skipped
[21.425s][debug  ][gc,phases,ref  ] GC(78)     FinalRef (ms):                 skipped
[21.425s][debug  ][gc,phases,ref  ] GC(78)     Total (ms):                    skipped
[21.425s][debug  ][gc,phases,ref  ] GC(78)   Notify and keep alive finalizable: 0.0ms
[21.425s][debug  ][gc,phases,ref  ] GC(78)     FinalRef (ms):                 skipped
[21.425s][debug  ][gc,phases,ref  ] GC(78)   Notify PhantomReferences: 0.0ms
[21.425s][debug  ][gc,phases,ref  ] GC(78)     PhantomRef (ms):               skipped
[21.425s][debug  ][gc,phases,ref  ] GC(78)   SoftReference:
[21.425s][debug  ][gc,phases,ref  ] GC(78)     Discovered: 0
[21.425s][debug  ][gc,phases,ref  ] GC(78)     Cleared: 0
[21.425s][debug  ][gc,phases,ref  ] GC(78)   WeakReference:
[21.425s][debug  ][gc,phases,ref  ] GC(78)     Discovered: 0
[21.425s][debug  ][gc,phases,ref  ] GC(78)     Cleared: 0
[21.425s][debug  ][gc,phases,ref  ] GC(78)   FinalReference:
[21.425s][debug  ][gc,phases,ref  ] GC(78)     Discovered: 0
[21.425s][debug  ][gc,phases,ref  ] GC(78)     Cleared: 0
[21.425s][debug  ][gc,phases,ref  ] GC(78)   PhantomReference:
[21.425s][debug  ][gc,phases,ref  ] GC(78)     Discovered: 0
[21.426s][debug  ][gc,phases,ref  ] GC(78)     Cleared: 0
[21.426s][debug  ][gc,phases      ] GC(78) Reference Processing 0.569ms
[21.426s][debug  ][gc,phases,start] GC(78) Weak Processing
[21.426s][debug  ][gc,phases      ] GC(78)   VM Weak                        Min:  0.0, Avg:  0.0, Max:  0.0, Diff:  0.0, Sum:  0.0, Workers: 6
[21.426s][debug  ][gc,phases      ] GC(78)     Dead                           Min: 0, Avg:  0.0, Max: 0, Diff: 0, Sum: 0, Workers: 6
[21.426s][debug  ][gc,phases      ] GC(78)     Total                          Min: 0, Avg:  1.3, Max: 8, Diff: 8, Sum: 8, Workers: 6
[21.426s][debug  ][gc,phases      ] GC(78)   ObjectSynchronizer Weak        Min:  0.0, Avg:  0.0, Max:  0.0, Diff:  0.0, Sum:  0.0, Workers: 6
[21.426s][debug  ][gc,phases      ] GC(78)     Dead                           Min: 0, Avg:  0.0, Max: 0, Diff: 0, Sum: 0, Workers: 6
[21.426s][debug  ][gc,phases      ] GC(78)     Total                          Min: 0, Avg:  0.5, Max: 3, Diff: 3, Sum: 3, Workers: 6
[21.426s][debug  ][gc,phases      ] GC(78)   JVMTI Tag Weak OopStorage      Min:  0.0, Avg:  0.0, Max:  0.0, Diff:  0.0, Sum:  0.0, Workers: 6
[21.426s][debug  ][gc,phases      ] GC(78)     Dead                           Min: 0, Avg:  0.0, Max: 0, Diff: 0, Sum: 0, Workers: 6
[21.426s][debug  ][gc,phases      ] GC(78)     Total                          Min: 0, Avg:  0.0, Max: 0, Diff: 0, Sum: 0, Workers: 6
[21.426s][debug  ][gc,phases      ] GC(78)   StringTable Weak               Min:  0.0, Avg:  0.0, Max:  0.0, Diff:  0.0, Sum:  0.0, Workers: 6
[21.426s][debug  ][gc,phases      ] GC(78)     Dead                           Min: 0, Avg:  0.0, Max: 0, Diff: 0, Sum: 0, Workers: 6
[21.426s][debug  ][gc,phases      ] GC(78)     Total                          Min: 767, Avg: 892.3, Max: 1131, Diff: 364, Sum: 5354, Workers: 6
[21.426s][debug  ][gc,phases      ] GC(78)   ResolvedMethodTable Weak       Min:  0.0, Avg:  0.0, Max:  0.0, Diff:  0.0, Sum:  0.0, Workers: 6
[21.426s][debug  ][gc,phases      ] GC(78)     Dead                           Min: 0, Avg:  0.0, Max: 0, Diff: 0, Sum: 0, Workers: 6
[21.426s][debug  ][gc,phases      ] GC(78)     Total                          Min: 0, Avg: 21.7, Max: 64, Diff: 64, Sum: 130, Workers: 6
[21.426s][debug  ][gc,phases      ] GC(78)   JNI Weak                       Min:  0.0, Avg:  0.0, Max:  0.0, Diff:  0.0, Sum:  0.0, Workers: 6
[21.426s][debug  ][gc,phases      ] GC(78)     Dead                           Min: 0, Avg:  0.0, Max: 0, Diff: 0, Sum: 0, Workers: 6
[21.426s][debug  ][gc,phases      ] GC(78)     Total                          Min: 0, Avg:  0.0, Max: 0, Diff: 0, Sum: 0, Workers: 6
[21.426s][debug  ][gc,phases      ] GC(78)   StringDedup Table Weak         Min:  0.0, Avg:  0.0, Max:  0.0, Diff:  0.0, Sum:  0.0, Workers: 6
[21.426s][debug  ][gc,phases      ] GC(78)     Dead                           Min: 0, Avg:  0.0, Max: 0, Diff: 0, Sum: 0, Workers: 6
[21.426s][debug  ][gc,phases      ] GC(78)     Total                          Min: 0, Avg:  0.0, Max: 0, Diff: 0, Sum: 0, Workers: 6
[21.426s][debug  ][gc,phases      ] GC(78)   StringDedup Requests0 Weak     Min:  0.0, Avg:  0.0, Max:  0.0, Diff:  0.0, Sum:  0.0, Workers: 6
[21.426s][debug  ][gc,phases      ] GC(78)     Dead                           Min: 0, Avg:  0.0, Max: 0, Diff: 0, Sum: 0, Workers: 6
[21.426s][debug  ][gc,phases      ] GC(78)     Total                          Min: 0, Avg:  0.0, Max: 0, Diff: 0, Sum: 0, Workers: 6
[21.426s][debug  ][gc,phases      ] GC(78)   StringDedup Requests1 Weak     Min:  0.0, Avg:  0.0, Max:  0.0, Diff:  0.0, Sum:  0.0, Workers: 6
[21.426s][debug  ][gc,phases      ] GC(78)     Dead                           Min: 0, Avg:  0.0, Max: 0, Diff: 0, Sum: 0, Workers: 6
[21.426s][debug  ][gc,phases      ] GC(78)     Total                          Min: 0, Avg:  0.0, Max: 0, Diff: 0, Sum: 0, Workers: 6
[21.426s][debug  ][gc,phases      ] GC(78)   Weak JFR Old Object Samples    Min:  0.0, Avg:  0.0, Max:  0.0, Diff:  0.0, Sum:  0.0, Workers: 6
[21.426s][debug  ][gc,phases      ] GC(78)     Dead                           Min: 0, Avg:  0.0, Max: 0, Diff: 0, Sum: 0, Workers: 6
[21.426s][debug  ][gc,phases      ] GC(78)     Total                          Min: 0, Avg:  0.0, Max: 0, Diff: 0, Sum: 0, Workers: 6
[21.426s][debug  ][gc,phases      ] GC(78) Weak Processing 0.669ms
[21.426s][debug  ][gc,ergo        ] GC(78) AdaptiveSizeStart:  collection: 79 
[21.426s][debug  ][gc,ergo        ] GC(78) avg_survived_padded_avg: 33395874.000000
[21.426s][debug  ][gc,ergo        ] GC(78) avg_promoted_padded_avg: 256493296.000000  avg_pretenured_padded_avg: 0.000000  tenuring_thresh: 4  target_size: 33554432
[21.426s][debug  ][gc,age         ] GC(78) Desired survivor size 33554432 bytes, new threshold 4 (max threshold 15)
[21.426s][debug  ][gc,ergo        ] GC(78) PSAdaptiveSizePolicy::compute_eden_space_size limits: desired_eden_size: 220399875 old_eden_size: 204472320 eden_limit: 202899456 cur_eden: 201326592 max_eden_size: 202899456 avg_young_live: 25379972
[21.426s][debug  ][gc,ergo        ] GC(78) PSAdaptiveSizePolicy::compute_eden_space_size: costs minor_time: 0.042708 major_cost: 0.047687 mutator_cost: 0.909604 throughput_goal: 0.990000
[21.426s][debug  ][gc,ergo        ] GC(78) Live_space: 974236672 free_space: 1431306240
[21.426s][debug  ][gc,ergo        ] GC(78) Old eden_size: 204472320 desired_eden_size: 202899456
[21.426s][debug  ][gc,ergo        ] GC(78) AdaptiveSizeStop: collection: 79 
[21.426s][info   ][gc,heap        ] GC(78) PSYoungGen: 208578K(227840K)->30720K(229376K) Eden: 188098K(196608K)->0K(196608K) From: 20480K(31232K)->30720K(32768K)
[21.426s][info   ][gc,heap        ] GC(78) ParOldGen: 851556K(1835008K)->1025636K(1835008K)
[21.426s][info   ][gc,metaspace   ] GC(78) Metaspace: 1022K(1216K)->1022K(1216K) NonClass: 938K(1024K)->938K(1024K) Class: 83K(192K)->83K(192K)
[21.427s][info   ][gc             ] GC(78) Pause Young (Allocation Failure) 1035M->1031M(2016M) 15.932ms
[21.427s][info   ][gc,cpu         ] GC(78) User=0.16s Sys=0.00s Real=0.02s
[21.427s][debug  ][gc,heap        ] GC(78) Heap after GC invocations=79 (full 13):
[21.427s][debug  ][gc,heap        ] GC(78)  PSYoungGen      total 229376K, used 30720K [0x00000000f0000000, 0x0000000100000000, 0x0000000100000000)
[21.427s][debug  ][gc,heap        ] GC(78)   eden space 196608K, 0% used [0x00000000f0000000,0x00000000f0000000,0x00000000fc000000)
[21.427s][debug  ][gc,heap        ] GC(78)   from space 32768K, 93% used [0x00000000fc000000,0x00000000fde00030,0x00000000fe000000)
[21.427s][debug  ][gc,heap        ] GC(78)   to   space 32768K, 0% used [0x00000000fe000000,0x00000000fe000000,0x0000000100000000)
[21.427s][debug  ][gc,heap        ] GC(78)  ParOldGen       total 1835008K, used 1025636K [0x0000000080000000, 0x00000000f0000000, 0x00000000f0000000)
[21.427s][debug  ][gc,heap        ] GC(78)   object space 1835008K, 55% used [0x0000000080000000,0x00000000be999218,0x00000000f0000000)
[21.427s][debug  ][gc,heap        ] GC(78)  Metaspace       used 1022K, committed 1216K, reserved 1056768K
[21.427s][debug  ][gc,heap        ] GC(78)   class space    used 83K, committed 192K, reserved 1048576K
[21.427s][debug  ][gc,task,time   ] GC(78) VM-Thread 214101501 214249583 214267381
[21.712s][debug  ][gc,heap        ] GC(79) Heap before GC invocations=80 (full 13):
[21.712s][debug  ][gc,heap        ] GC(79)  PSYoungGen      total 229376K, used 218844K [0x00000000f0000000, 0x0000000100000000, 0x0000000100000000)
[21.712s][debug  ][gc,heap        ] GC(79)   eden space 196608K, 95% used [0x00000000f0000000,0x00000000fb7b7240,0x00000000fc000000)
[21.712s][debug  ][gc,heap        ] GC(79)   from space 32768K, 93% used [0x00000000fc000000,0x00000000fde00030,0x00000000fe000000)
[21.712s][debug  ][gc,heap        ] GC(79)   to   space 32768K, 0% used [0x00000000fe000000,0x00000000fe000000,0x0000000100000000)
[21.712s][debug  ][gc,heap        ] GC(79)  ParOldGen       total 1835008K, used 1025636K [0x0000000080000000, 0x00000000f0000000, 0x00000000f0000000)
[21.712s][debug  ][gc,heap        ] GC(79)   object space 1835008K, 55% used [0x0000000080000000,0x00000000be999218,0x00000000f0000000)
[21.712s][debug  ][gc,heap        ] GC(79)  Metaspace       used 1022K, committed 1216K, reserved 1056768K
[21.712s][debug  ][gc,heap        ] GC(79)   class space    used 83K, committed 192K, reserved 1048576K
[21.712s][debug  ][gc,tlab        ] GC(79) TLAB totals: thrds: 1  refills: 1 max: 1 slow allocs: 17 max 17 waste: 27.1% gc: 3895584B max: 3895584B slow: 0B max: 0B
[21.712s][info   ][gc,start       ] GC(79) Pause Young (Allocation Failure)
[21.712s][debug  ][gc,phases,start] GC(79) Scavenge
[21.727s][debug  ][gc,phases      ] GC(79) Scavenge 15.075ms
[21.727s][debug  ][gc,phases,start] GC(79) Reference Processing
[21.727s][debug  ][gc,ref         ] GC(79) Skipped phase 1 of Reference Processing: no references
[21.727s][debug  ][gc,ref         ] GC(79) Skipped phase 2 of Reference Processing: no references
[21.727s][debug  ][gc,ref         ] GC(79) Skipped phase 3 of Reference Processing: no references
[21.727s][debug  ][gc,ref         ] GC(79) Skipped phase 4 of Reference Processing: no references
[21.727s][debug  ][gc,phases,ref  ] GC(79) Reference Processing: 0.1ms
[21.727s][debug  ][gc,phases,ref  ] GC(79)   Reconsider SoftReferences: 0.0ms
[21.727s][debug  ][gc,phases,ref  ] GC(79)     SoftRef (ms):                  skipped
[21.727s][debug  ][gc,phases,ref  ] GC(79)   Notify Soft/WeakReferences: 0.0ms
[21.728s][debug  ][gc,phases,ref  ] GC(79)     SoftRef (ms):                  skipped
[21.728s][debug  ][gc,phases,ref  ] GC(79)     WeakRef (ms):                  skipped
[21.728s][debug  ][gc,phases,ref  ] GC(79)     FinalRef (ms):                 skipped
[21.728s][debug  ][gc,phases,ref  ] GC(79)     Total (ms):                    skipped
[21.728s][debug  ][gc,phases,ref  ] GC(79)   Notify and keep alive finalizable: 0.0ms
[21.728s][debug  ][gc,phases,ref  ] GC(79)     FinalRef (ms):                 skipped
[21.728s][debug  ][gc,phases,ref  ] GC(79)   Notify PhantomReferences: 0.0ms
[21.728s][debug  ][gc,phases,ref  ] GC(79)     PhantomRef (ms):               skipped
[21.728s][debug  ][gc,phases,ref  ] GC(79)   SoftReference:
[21.728s][debug  ][gc,phases,ref  ] GC(79)     Discovered: 0
[21.728s][debug  ][gc,phases,ref  ] GC(79)     Cleared: 0
[21.728s][debug  ][gc,phases,ref  ] GC(79)   WeakReference:
[21.728s][debug  ][gc,phases,ref  ] GC(79)     Discovered: 0
[21.728s][debug  ][gc,phases,ref  ] GC(79)     Cleared: 0
[21.728s][debug  ][gc,phases,ref  ] GC(79)   FinalReference:
[21.728s][debug  ][gc,phases,ref  ] GC(79)     Discovered: 0
[21.728s][debug  ][gc,phases,ref  ] GC(79)     Cleared: 0
[21.728s][debug  ][gc,phases,ref  ] GC(79)   PhantomReference:
[21.728s][debug  ][gc,phases,ref  ] GC(79)     Discovered: 0
[21.728s][debug  ][gc,phases,ref  ] GC(79)     Cleared: 0
[21.728s][debug  ][gc,phases      ] GC(79) Reference Processing 0.681ms
[21.728s][debug  ][gc,phases,start] GC(79) Weak Processing
[21.728s][debug  ][gc,phases      ] GC(79)   VM Weak                        Min:  0.0, Avg:  0.0, Max:  0.0, Diff:  0.0, Sum:  0.0, Workers: 6
[21.728s][debug  ][gc,phases      ] GC(79)     Dead                           Min: 0, Avg:  0.0, Max: 0, Diff: 0, Sum: 0, Workers: 6
[21.728s][debug  ][gc,phases      ] GC(79)     Total                          Min: 0, Avg:  1.3, Max: 8, Diff: 8, Sum: 8, Workers: 6
[21.728s][debug  ][gc,phases      ] GC(79)   ObjectSynchronizer Weak        Min:  0.0, Avg:  0.0, Max:  0.0, Diff:  0.0, Sum:  0.0, Workers: 6
[21.728s][debug  ][gc,phases      ] GC(79)     Dead                           Min: 0, Avg:  0.0, Max: 0, Diff: 0, Sum: 0, Workers: 6
[21.728s][debug  ][gc,phases      ] GC(79)     Total                          Min: 0, Avg:  0.5, Max: 3, Diff: 3, Sum: 3, Workers: 6
[21.728s][debug  ][gc,phases      ] GC(79)   JVMTI Tag Weak OopStorage      Min:  0.0, Avg:  0.0, Max:  0.0, Diff:  0.0, Sum:  0.0, Workers: 6
[21.728s][debug  ][gc,phases      ] GC(79)     Dead                           Min: 0, Avg:  0.0, Max: 0, Diff: 0, Sum: 0, Workers: 6
[21.728s][debug  ][gc,phases      ] GC(79)     Total                          Min: 0, Avg:  0.0, Max: 0, Diff: 0, Sum: 0, Workers: 6
[21.728s][debug  ][gc,phases      ] GC(79)   StringTable Weak               Min:  0.0, Avg:  0.0, Max:  0.0, Diff:  0.0, Sum:  0.0, Workers: 6
[21.728s][debug  ][gc,phases      ] GC(79)     Dead                           Min: 0, Avg:  0.0, Max: 0, Diff: 0, Sum: 0, Workers: 6
[21.728s][debug  ][gc,phases      ] GC(79)     Total                          Min: 704, Avg: 892.3, Max: 1088, Diff: 384, Sum: 5354, Workers: 6
[21.728s][debug  ][gc,phases      ] GC(79)   ResolvedMethodTable Weak       Min:  0.0, Avg:  0.0, Max:  0.0, Diff:  0.0, Sum:  0.0, Workers: 6
[21.728s][debug  ][gc,phases      ] GC(79)     Dead                           Min: 0, Avg:  0.0, Max: 0, Diff: 0, Sum: 0, Workers: 6
[21.728s][debug  ][gc,phases      ] GC(79)     Total                          Min: 0, Avg: 21.7, Max: 64, Diff: 64, Sum: 130, Workers: 6
[21.728s][debug  ][gc,phases      ] GC(79)   JNI Weak                       Min:  0.0, Avg:  0.0, Max:  0.0, Diff:  0.0, Sum:  0.0, Workers: 6
[21.728s][debug  ][gc,phases      ] GC(79)     Dead                           Min: 0, Avg:  0.0, Max: 0, Diff: 0, Sum: 0, Workers: 6
[21.728s][debug  ][gc,phases      ] GC(79)     Total                          Min: 0, Avg:  0.0, Max: 0, Diff: 0, Sum: 0, Workers: 6
[21.728s][debug  ][gc,phases      ] GC(79)   StringDedup Table Weak         Min:  0.0, Avg:  0.0, Max:  0.0, Diff:  0.0, Sum:  0.0, Workers: 6
[21.728s][debug  ][gc,phases      ] GC(79)     Dead                           Min: 0, Avg:  0.0, Max: 0, Diff: 0, Sum: 0, Workers: 6
[21.728s][debug  ][gc,phases      ] GC(79)     Total                          Min: 0, Avg:  0.0, Max: 0, Diff: 0, Sum: 0, Workers: 6
[21.729s][debug  ][gc,phases      ] GC(79)   StringDedup Requests0 Weak     Min:  0.0, Avg:  0.0, Max:  0.0, Diff:  0.0, Sum:  0.0, Workers: 6
[21.729s][debug  ][gc,phases      ] GC(79)     Dead                           Min: 0, Avg:  0.0, Max: 0, Diff: 0, Sum: 0, Workers: 6
[21.729s][debug  ][gc,phases      ] GC(79)     Total                          Min: 0, Avg:  0.0, Max: 0, Diff: 0, Sum: 0, Workers: 6
[21.729s][debug  ][gc,phases      ] GC(79)   StringDedup Requests1 Weak     Min:  0.0, Avg:  0.0, Max:  0.0, Diff:  0.0, Sum:  0.0, Workers: 6
[21.729s][debug  ][gc,phases      ] GC(79)     Dead                           Min: 0, Avg:  0.0, Max: 0, Diff: 0, Sum: 0, Workers: 6
[21.729s][debug  ][gc,phases      ] GC(79)     Total                          Min: 0, Avg:  0.0, Max: 0, Diff: 0, Sum: 0, Workers: 6
[21.729s][debug  ][gc,phases      ] GC(79)   Weak JFR Old Object Samples    Min:  0.0, Avg:  0.0, Max:  0.0, Diff:  0.0, Sum:  0.0, Workers: 6
[21.729s][debug  ][gc,phases      ] GC(79)     Dead                           Min: 0, Avg:  0.0, Max: 0, Diff: 0, Sum: 0, Workers: 6
[21.729s][debug  ][gc,phases      ] GC(79)     Total                          Min: 0, Avg:  0.0, Max: 0, Diff: 0, Sum: 0, Workers: 6
[21.729s][debug  ][gc,phases      ] GC(79) Weak Processing 0.724ms
[21.729s][debug  ][gc,ergo        ] GC(79) AdaptiveSizeStart:  collection: 80 
[21.729s][debug  ][gc,ergo        ] GC(79) avg_survived_padded_avg: 33456080.000000
[21.729s][debug  ][gc,ergo        ] GC(79) avg_promoted_padded_avg: 257676928.000000  avg_pretenured_padded_avg: 0.000000  tenuring_thresh: 4  target_size: 33554432
[21.729s][debug  ][gc,age         ] GC(79) Desired survivor size 33554432 bytes, new threshold 4 (max threshold 15)
[21.729s][debug  ][gc,ergo        ] GC(79) PSAdaptiveSizePolicy::compute_eden_space_size limits: desired_eden_size: 221095593 old_eden_size: 202899456 eden_limit: 201326592 cur_eden: 201326592 max_eden_size: 201326592 avg_young_live: 25987706
[21.729s][debug  ][gc,ergo        ] GC(79) PSAdaptiveSizePolicy::compute_eden_space_size: costs minor_time: 0.045761 major_cost: 0.047687 mutator_cost: 0.906551 throughput_goal: 0.990000
[21.729s][debug  ][gc,ergo        ] GC(79) Live_space: 974844416 free_space: 1429733376
[21.729s][debug  ][gc,ergo        ] GC(79) Old eden_size: 202899456 desired_eden_size: 201326592
[21.729s][debug  ][gc,ergo        ] GC(79) AdaptiveSizeStop: collection: 80 
[21.729s][info   ][gc,heap        ] GC(79) PSYoungGen: 218844K(229376K)->30720K(229376K) Eden: 188124K(196608K)->0K(196608K) From: 30720K(32768K)->30720K(32768K)
[21.729s][info   ][gc,heap        ] GC(79) ParOldGen: 1025636K(1835008K)->1209956K(1835008K)
[21.729s][info   ][gc,metaspace   ] GC(79) Metaspace: 1022K(1216K)->1022K(1216K) NonClass: 938K(1024K)->938K(1024K) Class: 83K(192K)->83K(192K)
[21.729s][info   ][gc             ] GC(79) Pause Young (Allocation Failure) 1215M->1211M(2016M) 16.952ms
[21.729s][info   ][gc,cpu         ] GC(79) User=0.19s Sys=0.00s Real=0.02s
[21.729s][debug  ][gc,heap        ] GC(79) Heap after GC invocations=80 (full 13):
[21.729s][debug  ][gc,heap        ] GC(79)  PSYoungGen      total 229376K, used 30720K [0x00000000f0000000, 0x0000000100000000, 0x0000000100000000)
[21.729s][debug  ][gc,heap        ] GC(79)   eden space 196608K, 0% used [0x00000000f0000000,0x00000000f0000000,0x00000000fc000000)
[21.729s][debug  ][gc,heap        ] GC(79)   from space 32768K, 93% used [0x00000000fe000000,0x00000000ffe00030,0x0000000100000000)
[21.729s][debug  ][gc,heap        ] GC(79)   to   space 32768K, 0% used [0x00000000fc000000,0x00000000fc000000,0x00000000fe000000)
[21.729s][debug  ][gc,heap        ] GC(79)  ParOldGen       total 1835008K, used 1209956K [0x0000000080000000, 0x00000000f0000000, 0x00000000f0000000)
[21.729s][debug  ][gc,heap        ] GC(79)   object space 1835008K, 65% used [0x0000000080000000,0x00000000c9d99338,0x00000000f0000000)
[21.729s][debug  ][gc,heap        ] GC(79)  Metaspace       used 1022K, committed 1216K, reserved 1056768K
[21.729s][debug  ][gc,heap        ] GC(79)   class space    used 83K, committed 192K, reserved 1048576K
[21.729s][debug  ][gc,task,time   ] GC(79) VM-Thread 217116272 217272730 217292568
[22.010s][debug  ][gc,heap        ] GC(80) Heap before GC invocations=81 (full 13):
[22.010s][debug  ][gc,heap        ] GC(80)  PSYoungGen      total 229376K, used 218861K [0x00000000f0000000, 0x0000000100000000, 0x0000000100000000)
[22.010s][debug  ][gc,heap        ] GC(80)   eden space 196608K, 95% used [0x00000000f0000000,0x00000000fb7bb5f8,0x00000000fc000000)
[22.010s][debug  ][gc,heap        ] GC(80)   from space 32768K, 93% used [0x00000000fe000000,0x00000000ffe00030,0x0000000100000000)
[22.010s][debug  ][gc,heap        ] GC(80)   to   space 32768K, 0% used [0x00000000fc000000,0x00000000fc000000,0x00000000fe000000)
[22.010s][debug  ][gc,heap        ] GC(80)  ParOldGen       total 1835008K, used 1209956K [0x0000000080000000, 0x00000000f0000000, 0x00000000f0000000)
[22.010s][debug  ][gc,heap        ] GC(80)   object space 1835008K, 65% used [0x0000000080000000,0x00000000c9d99338,0x00000000f0000000)
[22.010s][debug  ][gc,heap        ] GC(80)  Metaspace       used 1022K, committed 1216K, reserved 1056768K
[22.010s][debug  ][gc,heap        ] GC(80)   class space    used 83K, committed 192K, reserved 1048576K
[22.011s][debug  ][gc,tlab        ] GC(80) TLAB totals: thrds: 1  refills: 1 max: 1 slow allocs: 17 max 17 waste: 27.2% gc: 3912920B max: 3912920B slow: 0B max: 0B
[22.011s][info   ][gc,start       ] GC(80) Pause Young (Allocation Failure)
[22.011s][debug  ][gc,phases,start] GC(80) Scavenge
[22.025s][debug  ][gc,phases      ] GC(80) Scavenge 14.684ms
[22.025s][debug  ][gc,phases,start] GC(80) Reference Processing
[22.025s][debug  ][gc,ref         ] GC(80) Skipped phase 1 of Reference Processing: no references
[22.025s][debug  ][gc,ref         ] GC(80) Skipped phase 2 of Reference Processing: no references
[22.025s][debug  ][gc,ref         ] GC(80) Skipped phase 3 of Reference Processing: no references
[22.025s][debug  ][gc,ref         ] GC(80) Skipped phase 4 of Reference Processing: no references
[22.025s][debug  ][gc,phases,ref  ] GC(80) Reference Processing: 0.1ms
[22.025s][debug  ][gc,phases,ref  ] GC(80)   Reconsider SoftReferences: 0.0ms
[22.025s][debug  ][gc,phases,ref  ] GC(80)     SoftRef (ms):                  skipped
[22.026s][debug  ][gc,phases,ref  ] GC(80)   Notify Soft/WeakReferences: 0.0ms
[22.026s][debug  ][gc,phases,ref  ] GC(80)     SoftRef (ms):                  skipped
[22.026s][debug  ][gc,phases,ref  ] GC(80)     WeakRef (ms):                  skipped
[22.026s][debug  ][gc,phases,ref  ] GC(80)     FinalRef (ms):                 skipped
[22.026s][debug  ][gc,phases,ref  ] GC(80)     Total (ms):                    skipped
[22.026s][debug  ][gc,phases,ref  ] GC(80)   Notify and keep alive finalizable: 0.0ms
[22.026s][debug  ][gc,phases,ref  ] GC(80)     FinalRef (ms):                 skipped
[22.026s][debug  ][gc,phases,ref  ] GC(80)   Notify PhantomReferences: 0.0ms
[22.026s][debug  ][gc,phases,ref  ] GC(80)     PhantomRef (ms):               skipped
[22.026s][debug  ][gc,phases,ref  ] GC(80)   SoftReference:
[22.026s][debug  ][gc,phases,ref  ] GC(80)     Discovered: 0
[22.026s][debug  ][gc,phases,ref  ] GC(80)     Cleared: 0
[22.026s][debug  ][gc,phases,ref  ] GC(80)   WeakReference:
[22.026s][debug  ][gc,phases,ref  ] GC(80)     Discovered: 0
[22.026s][debug  ][gc,phases,ref  ] GC(80)     Cleared: 0
[22.026s][debug  ][gc,phases,ref  ] GC(80)   FinalReference:
[22.026s][debug  ][gc,phases,ref  ] GC(80)     Discovered: 0
[22.026s][debug  ][gc,phases,ref  ] GC(80)     Cleared: 0
[22.026s][debug  ][gc,phases,ref  ] GC(80)   PhantomReference:
[22.026s][debug  ][gc,phases,ref  ] GC(80)     Discovered: 0
[22.026s][debug  ][gc,phases,ref  ] GC(80)     Cleared: 0
[22.026s][debug  ][gc,phases      ] GC(80) Reference Processing 0.574ms
[22.026s][debug  ][gc,phases,start] GC(80) Weak Processing
[22.026s][debug  ][gc,phases      ] GC(80)   VM Weak                        Min:  0.0, Avg:  0.0, Max:  0.0, Diff:  0.0, Sum:  0.0, Workers: 6
[22.026s][debug  ][gc,phases      ] GC(80)     Dead                           Min: 0, Avg:  0.0, Max: 0, Diff: 0, Sum: 0, Workers: 6
[22.026s][debug  ][gc,phases      ] GC(80)     Total                          Min: 0, Avg:  1.3, Max: 8, Diff: 8, Sum: 8, Workers: 6
[22.026s][debug  ][gc,phases      ] GC(80)   ObjectSynchronizer Weak        Min:  0.0, Avg:  0.0, Max:  0.0, Diff:  0.0, Sum:  0.0, Workers: 6
[22.026s][debug  ][gc,phases      ] GC(80)     Dead                           Min: 0, Avg:  0.0, Max: 0, Diff: 0, Sum: 0, Workers: 6
[22.026s][debug  ][gc,phases      ] GC(80)     Total                          Min: 0, Avg:  0.5, Max: 3, Diff: 3, Sum: 3, Workers: 6
[22.026s][debug  ][gc,phases      ] GC(80)   JVMTI Tag Weak OopStorage      Min:  0.0, Avg:  0.0, Max:  0.0, Diff:  0.0, Sum:  0.0, Workers: 6
[22.026s][debug  ][gc,phases      ] GC(80)     Dead                           Min: 0, Avg:  0.0, Max: 0, Diff: 0, Sum: 0, Workers: 6
[22.026s][debug  ][gc,phases      ] GC(80)     Total                          Min: 0, Avg:  0.0, Max: 0, Diff: 0, Sum: 0, Workers: 6
[22.026s][debug  ][gc,phases      ] GC(80)   StringTable Weak               Min:  0.0, Avg:  0.0, Max:  0.0, Diff:  0.0, Sum:  0.0, Workers: 6
[22.026s][debug  ][gc,phases      ] GC(80)     Dead                           Min: 0, Avg:  0.0, Max: 0, Diff: 0, Sum: 0, Workers: 6
[22.026s][debug  ][gc,phases      ] GC(80)     Total                          Min: 768, Avg: 892.3, Max: 1087, Diff: 319, Sum: 5354, Workers: 6
[22.026s][debug  ][gc,phases      ] GC(80)   ResolvedMethodTable Weak       Min:  0.0, Avg:  0.0, Max:  0.0, Diff:  0.0, Sum:  0.0, Workers: 6
[22.026s][debug  ][gc,phases      ] GC(80)     Dead                           Min: 0, Avg:  0.0, Max: 0, Diff: 0, Sum: 0, Workers: 6
[22.026s][debug  ][gc,phases      ] GC(80)     Total                          Min: 0, Avg: 21.7, Max: 64, Diff: 64, Sum: 130, Workers: 6
[22.026s][debug  ][gc,phases      ] GC(80)   JNI Weak                       Min:  0.0, Avg:  0.0, Max:  0.0, Diff:  0.0, Sum:  0.0, Workers: 6
[22.026s][debug  ][gc,phases      ] GC(80)     Dead                           Min: 0, Avg:  0.0, Max: 0, Diff: 0, Sum: 0, Workers: 6
[22.026s][debug  ][gc,phases      ] GC(80)     Total                          Min: 0, Avg:  0.0, Max: 0, Diff: 0, Sum: 0, Workers: 6
[22.026s][debug  ][gc,phases      ] GC(80)   StringDedup Table Weak         Min:  0.0, Avg:  0.0, Max:  0.0, Diff:  0.0, Sum:  0.0, Workers: 6
[22.026s][debug  ][gc,phases      ] GC(80)     Dead                           Min: 0, Avg:  0.0, Max: 0, Diff: 0, Sum: 0, Workers: 6
[22.026s][debug  ][gc,phases      ] GC(80)     Total                          Min: 0, Avg:  0.0, Max: 0, Diff: 0, Sum: 0, Workers: 6
[22.027s][debug  ][gc,phases      ] GC(80)   StringDedup Requests0 Weak     Min:  0.0, Avg:  0.0, Max:  0.0, Diff:  0.0, Sum:  0.0, Workers: 6
[22.027s][debug  ][gc,phases      ] GC(80)     Dead                           Min: 0, Avg:  0.0, Max: 0, Diff: 0, Sum: 0, Workers: 6
[22.027s][debug  ][gc,phases      ] GC(80)     Total                          Min: 0, Avg:  0.0, Max: 0, Diff: 0, Sum: 0, Workers: 6
[22.027s][debug  ][gc,phases      ] GC(80)   StringDedup Requests1 Weak     Min:  0.0, Avg:  0.0, Max:  0.0, Diff:  0.0, Sum:  0.0, Workers: 6
[22.027s][debug  ][gc,phases      ] GC(80)     Dead                           Min: 0, Avg:  0.0, Max: 0, Diff: 0, Sum: 0, Workers: 6
[22.027s][debug  ][gc,phases      ] GC(80)     Total                          Min: 0, Avg:  0.0, Max: 0, Diff: 0, Sum: 0, Workers: 6
[22.027s][debug  ][gc,phases      ] GC(80)   Weak JFR Old Object Samples    Min:  0.0, Avg:  0.0, Max:  0.0, Diff:  0.0, Sum:  0.0, Workers: 6
[22.027s][debug  ][gc,phases      ] GC(80)     Dead                           Min: 0, Avg:  0.0, Max: 0, Diff: 0, Sum: 0, Workers: 6
[22.027s][debug  ][gc,phases      ] GC(80)     Total                          Min: 0, Avg:  0.0, Max: 0, Diff: 0, Sum: 0, Workers: 6
[22.027s][debug  ][gc,phases      ] GC(80) Weak Processing 0.839ms
[22.027s][debug  ][gc,ergo        ] GC(80) AdaptiveSizeStart:  collection: 81 
[22.027s][debug  ][gc,ergo        ] GC(80) avg_survived_padded_avg: 33484860.000000
[22.027s][debug  ][gc,ergo        ] GC(80) avg_promoted_padded_avg: 257946336.000000  avg_pretenured_padded_avg: 0.000000  tenuring_thresh: 4  target_size: 33554432
[22.027s][debug  ][gc,age         ] GC(80) Desired survivor size 33554432 bytes, new threshold 4 (max threshold 15)
[22.027s][debug  ][gc,ergo        ] GC(80) PSAdaptiveSizePolicy::compute_eden_space_size limits: desired_eden_size: 221560493 old_eden_size: 201326592 eden_limit: 201326592 cur_eden: 201326592 max_eden_size: 201326592 avg_young_live: 26534668
[22.027s][debug  ][gc,ergo        ] GC(80) PSAdaptiveSizePolicy::compute_eden_space_size: costs minor_time: 0.047919 major_cost: 0.047687 mutator_cost: 0.904394 throughput_goal: 0.990000
[22.027s][debug  ][gc,ergo        ] GC(80) Live_space: 975391360 free_space: 1428160512
[22.027s][debug  ][gc,ergo        ] GC(80) Old eden_size: 201326592 desired_eden_size: 201326592
[22.027s][debug  ][gc,ergo        ] GC(80) AdaptiveSizeStop: collection: 81 
[22.027s][info   ][gc,heap        ] GC(80) PSYoungGen: 218861K(229376K)->30720K(229376K) Eden: 188141K(196608K)->0K(196608K) From: 30720K(32768K)->30720K(32768K)
[22.027s][info   ][gc,heap        ] GC(80) ParOldGen: 1209956K(1835008K)->1394277K(1835008K)
[22.027s][info   ][gc,metaspace   ] GC(80) Metaspace: 1022K(1216K)->1022K(1216K) NonClass: 938K(1024K)->938K(1024K) Class: 83K(192K)->83K(192K)
[22.027s][info   ][gc             ] GC(80) Pause Young (Allocation Failure) 1395M->1391M(2016M) 16.597ms
[22.027s][info   ][gc,cpu         ] GC(80) User=0.19s Sys=0.00s Real=0.02s
[22.027s][debug  ][gc,heap        ] GC(80) Heap after GC invocations=81 (full 13):
[22.027s][debug  ][gc,heap        ] GC(80)  PSYoungGen      total 229376K, used 30720K [0x00000000f0000000, 0x0000000100000000, 0x0000000100000000)
[22.027s][debug  ][gc,heap        ] GC(80)   eden space 196608K, 0% used [0x00000000f0000000,0x00000000f0000000,0x00000000fc000000)
[22.027s][debug  ][gc,heap        ] GC(80)   from space 32768K, 93% used [0x00000000fc000000,0x00000000fde00030,0x00000000fe000000)
[22.027s][debug  ][gc,heap        ] GC(80)   to   space 32768K, 0% used [0x00000000fe000000,0x00000000fe000000,0x0000000100000000)
[22.027s][debug  ][gc,heap        ] GC(80)  ParOldGen       total 1835008K, used 1394277K [0x0000000080000000, 0x00000000f0000000, 0x00000000f0000000)
[22.027s][debug  ][gc,heap        ] GC(80)   object space 1835008K, 75% used [0x0000000080000000,0x00000000d5199458,0x00000000f0000000)
[22.027s][debug  ][gc,heap        ] GC(80)  Metaspace       used 1022K, committed 1216K, reserved 1056768K
[22.027s][debug  ][gc,heap        ] GC(80)   class space    used 83K, committed 192K, reserved 1048576K
[22.027s][debug  ][gc,task,time   ] GC(80) VM-Thread 220102411 220253448 220273912
[22.308s][debug  ][gc,heap        ] GC(81) Heap before GC invocations=82 (full 13):
[22.308s][debug  ][gc,heap        ] GC(81)  PSYoungGen      total 229376K, used 218872K [0x00000000f0000000, 0x0000000100000000, 0x0000000100000000)
[22.308s][debug  ][gc,heap        ] GC(81)   eden space 196608K, 95% used [0x00000000f0000000,0x00000000fb7be178,0x00000000fc000000)
[22.308s][debug  ][gc,heap        ] GC(81)   from space 32768K, 93% used [0x00000000fc000000,0x00000000fde00030,0x00000000fe000000)
[22.308s][debug  ][gc,heap        ] GC(81)   to   space 32768K, 0% used [0x00000000fe000000,0x00000000fe000000,0x0000000100000000)
[22.308s][debug  ][gc,heap        ] GC(81)  ParOldGen       total 1835008K, used 1394277K [0x0000000080000000, 0x00000000f0000000, 0x00000000f0000000)
[22.308s][debug  ][gc,heap        ] GC(81)   object space 1835008K, 75% used [0x0000000080000000,0x00000000d5199458,0x00000000f0000000)
[22.308s][debug  ][gc,heap        ] GC(81)  Metaspace       used 1022K, committed 1216K, reserved 1056768K
[22.308s][debug  ][gc,heap        ] GC(81)   class space    used 83K, committed 192K, reserved 1048576K
[22.308s][debug  ][gc,tlab        ] GC(81) TLAB totals: thrds: 1  refills: 1 max: 1 slow allocs: 17 max 17 waste: 27.2% gc: 3924056B max: 3924056B slow: 0B max: 0B
[22.309s][info   ][gc,start       ] GC(81) Pause Young (Allocation Failure)
[22.309s][debug  ][gc,phases,start] GC(81) Scavenge
[22.323s][debug  ][gc,phases      ] GC(81) Scavenge 14.672ms
[22.323s][debug  ][gc,phases,start] GC(81) Reference Processing
[22.323s][debug  ][gc,ref         ] GC(81) Skipped phase 1 of Reference Processing: no references
[22.323s][debug  ][gc,ref         ] GC(81) Skipped phase 2 of Reference Processing: no references
[22.323s][debug  ][gc,ref         ] GC(81) Skipped phase 3 of Reference Processing: no references
[22.323s][debug  ][gc,ref         ] GC(81) Skipped phase 4 of Reference Processing: no references
[22.323s][debug  ][gc,phases,ref  ] GC(81) Reference Processing: 0.1ms
[22.323s][debug  ][gc,phases,ref  ] GC(81)   Reconsider SoftReferences: 0.0ms
[22.323s][debug  ][gc,phases,ref  ] GC(81)     SoftRef (ms):                  skipped
[22.323s][debug  ][gc,phases,ref  ] GC(81)   Notify Soft/WeakReferences: 0.0ms
[22.324s][debug  ][gc,phases,ref  ] GC(81)     SoftRef (ms):                  skipped
[22.324s][debug  ][gc,phases,ref  ] GC(81)     WeakRef (ms):                  skipped
[22.324s][debug  ][gc,phases,ref  ] GC(81)     FinalRef (ms):                 skipped
[22.324s][debug  ][gc,phases,ref  ] GC(81)     Total (ms):                    skipped
[22.324s][debug  ][gc,phases,ref  ] GC(81)   Notify and keep alive finalizable: 0.0ms
[22.324s][debug  ][gc,phases,ref  ] GC(81)     FinalRef (ms):                 skipped
[22.324s][debug  ][gc,phases,ref  ] GC(81)   Notify PhantomReferences: 0.0ms
[22.324s][debug  ][gc,phases,ref  ] GC(81)     PhantomRef (ms):               skipped
[22.324s][debug  ][gc,phases,ref  ] GC(81)   SoftReference:
[22.324s][debug  ][gc,phases,ref  ] GC(81)     Discovered: 0
[22.324s][debug  ][gc,phases,ref  ] GC(81)     Cleared: 0
[22.324s][debug  ][gc,phases,ref  ] GC(81)   WeakReference:
[22.324s][debug  ][gc,phases,ref  ] GC(81)     Discovered: 0
[22.324s][debug  ][gc,phases,ref  ] GC(81)     Cleared: 0
[22.324s][debug  ][gc,phases,ref  ] GC(81)   FinalReference:
[22.324s][debug  ][gc,phases,ref  ] GC(81)     Discovered: 0
[22.324s][debug  ][gc,phases,ref  ] GC(81)     Cleared: 0
[22.324s][debug  ][gc,phases,ref  ] GC(81)   PhantomReference:
[22.324s][debug  ][gc,phases,ref  ] GC(81)     Discovered: 0
[22.324s][debug  ][gc,phases,ref  ] GC(81)     Cleared: 0
[22.324s][debug  ][gc,phases      ] GC(81) Reference Processing 0.592ms
[22.324s][debug  ][gc,phases,start] GC(81) Weak Processing
[22.324s][debug  ][gc,phases      ] GC(81)   VM Weak                        Min:  0.0, Avg:  0.0, Max:  0.0, Diff:  0.0, Sum:  0.0, Workers: 6
[22.324s][debug  ][gc,phases      ] GC(81)     Dead                           Min: 0, Avg:  0.0, Max: 0, Diff: 0, Sum: 0, Workers: 6
[22.324s][debug  ][gc,phases      ] GC(81)     Total                          Min: 0, Avg:  1.3, Max: 8, Diff: 8, Sum: 8, Workers: 6
[22.324s][debug  ][gc,phases      ] GC(81)   ObjectSynchronizer Weak        Min:  0.0, Avg:  0.0, Max:  0.0, Diff:  0.0, Sum:  0.0, Workers: 6
[22.324s][debug  ][gc,phases      ] GC(81)     Dead                           Min: 0, Avg:  0.0, Max: 0, Diff: 0, Sum: 0, Workers: 6
[22.324s][debug  ][gc,phases      ] GC(81)     Total                          Min: 0, Avg:  0.5, Max: 3, Diff: 3, Sum: 3, Workers: 6
[22.324s][debug  ][gc,phases      ] GC(81)   JVMTI Tag Weak OopStorage      Min:  0.0, Avg:  0.0, Max:  0.0, Diff:  0.0, Sum:  0.0, Workers: 6
[22.324s][debug  ][gc,phases      ] GC(81)     Dead                           Min: 0, Avg:  0.0, Max: 0, Diff: 0, Sum: 0, Workers: 6
[22.324s][debug  ][gc,phases      ] GC(81)     Total                          Min: 0, Avg:  0.0, Max: 0, Diff: 0, Sum: 0, Workers: 6
[22.324s][debug  ][gc,phases      ] GC(81)   StringTable Weak               Min:  0.0, Avg:  0.0, Max:  0.0, Diff:  0.0, Sum:  0.0, Workers: 6
[22.324s][debug  ][gc,phases      ] GC(81)     Dead                           Min: 0, Avg:  0.0, Max: 0, Diff: 0, Sum: 0, Workers: 6
[22.324s][debug  ][gc,phases      ] GC(81)     Total                          Min: 639, Avg: 892.3, Max: 1152, Diff: 513, Sum: 5354, Workers: 6
[22.324s][debug  ][gc,phases      ] GC(81)   ResolvedMethodTable Weak       Min:  0.0, Avg:  0.0, Max:  0.0, Diff:  0.0, Sum:  0.0, Workers: 6
[22.324s][debug  ][gc,phases      ] GC(81)     Dead                           Min: 0, Avg:  0.0, Max: 0, Diff: 0, Sum: 0, Workers: 6
[22.324s][debug  ][gc,phases      ] GC(81)     Total                          Min: 0, Avg: 21.7, Max: 66, Diff: 66, Sum: 130, Workers: 6
[22.324s][debug  ][gc,phases      ] GC(81)   JNI Weak                       Min:  0.0, Avg:  0.0, Max:  0.0, Diff:  0.0, Sum:  0.0, Workers: 6
[22.324s][debug  ][gc,phases      ] GC(81)     Dead                           Min: 0, Avg:  0.0, Max: 0, Diff: 0, Sum: 0, Workers: 6
[22.324s][debug  ][gc,phases      ] GC(81)     Total                          Min: 0, Avg:  0.0, Max: 0, Diff: 0, Sum: 0, Workers: 6
[22.324s][debug  ][gc,phases      ] GC(81)   StringDedup Table Weak         Min:  0.0, Avg:  0.0, Max:  0.0, Diff:  0.0, Sum:  0.0, Workers: 6
[22.324s][debug  ][gc,phases      ] GC(81)     Dead                           Min: 0, Avg:  0.0, Max: 0, Diff: 0, Sum: 0, Workers: 6
[22.324s][debug  ][gc,phases      ] GC(81)     Total                          Min: 0, Avg:  0.0, Max: 0, Diff: 0, Sum: 0, Workers: 6
[22.324s][debug  ][gc,phases      ] GC(81)   StringDedup Requests0 Weak     Min:  0.0, Avg:  0.0, Max:  0.0, Diff:  0.0, Sum:  0.0, Workers: 6
[22.324s][debug  ][gc,phases      ] GC(81)     Dead                           Min: 0, Avg:  0.0, Max: 0, Diff: 0, Sum: 0, Workers: 6
[22.324s][debug  ][gc,phases      ] GC(81)     Total                          Min: 0, Avg:  0.0, Max: 0, Diff: 0, Sum: 0, Workers: 6
[22.324s][debug  ][gc,phases      ] GC(81)   StringDedup Requests1 Weak     Min:  0.0, Avg:  0.0, Max:  0.0, Diff:  0.0, Sum:  0.0, Workers: 6
[22.325s][debug  ][gc,phases      ] GC(81)     Dead                           Min: 0, Avg:  0.0, Max: 0, Diff: 0, Sum: 0, Workers: 6
[22.325s][debug  ][gc,phases      ] GC(81)     Total                          Min: 0, Avg:  0.0, Max: 0, Diff: 0, Sum: 0, Workers: 6
[22.325s][debug  ][gc,phases      ] GC(81)   Weak JFR Old Object Samples    Min:  0.0, Avg:  0.0, Max:  0.0, Diff:  0.0, Sum:  0.0, Workers: 6
[22.325s][debug  ][gc,phases      ] GC(81)     Dead                           Min: 0, Avg:  0.0, Max: 0, Diff: 0, Sum: 0, Workers: 6
[22.325s][debug  ][gc,phases      ] GC(81)     Total                          Min: 0, Avg:  0.0, Max: 0, Diff: 0, Sum: 0, Workers: 6
[22.325s][debug  ][gc,phases      ] GC(81) Weak Processing 0.677ms
[22.325s][debug  ][gc,ergo        ] GC(81) AdaptiveSizeStart:  collection: 82 
[22.325s][debug  ][gc,ergo        ] GC(81) avg_survived_padded_avg: 33487894.000000
[22.325s][debug  ][gc,ergo        ] GC(81) avg_promoted_padded_avg: 257472512.000000  avg_pretenured_padded_avg: 0.000000  tenuring_thresh: 4  target_size: 33554432
[22.325s][debug  ][gc,age         ] GC(81) Desired survivor size 33554432 bytes, new threshold 4 (max threshold 15)
[22.325s][debug  ][gc,ergo        ] GC(81) PSAdaptiveSizePolicy::compute_eden_space_size limits: desired_eden_size: 221873727 old_eden_size: 201326592 eden_limit: 201326592 cur_eden: 201326592 max_eden_size: 201326592 avg_young_live: 27026932
[22.325s][debug  ][gc,ergo        ] GC(81) PSAdaptiveSizePolicy::compute_eden_space_size: costs minor_time: 0.049429 major_cost: 0.047687 mutator_cost: 0.902883 throughput_goal: 0.990000
[22.325s][debug  ][gc,ergo        ] GC(81) Live_space: 975883648 free_space: 1428160512
[22.325s][debug  ][gc,ergo        ] GC(81) Old eden_size: 201326592 desired_eden_size: 201326592
[22.325s][debug  ][gc,ergo        ] GC(81) AdaptiveSizeStop: collection: 82 
[22.325s][info   ][gc,heap        ] GC(81) PSYoungGen: 218872K(229376K)->30720K(229376K) Eden: 188152K(196608K)->0K(196608K) From: 30720K(32768K)->30720K(32768K)
[22.325s][info   ][gc,heap        ] GC(81) ParOldGen: 1394277K(1835008K)->1578597K(1835008K)
[22.325s][info   ][gc,metaspace   ] GC(81) Metaspace: 1022K(1216K)->1022K(1216K) NonClass: 938K(1024K)->938K(1024K) Class: 83K(192K)->83K(192K)
[22.325s][info   ][gc             ] GC(81) Pause Young (Allocation Failure) 1575M->1571M(2016M) 16.375ms
[22.325s][info   ][gc,cpu         ] GC(81) User=0.19s Sys=0.00s Real=0.02s
[22.325s][debug  ][gc,heap        ] GC(81) Heap after GC invocations=82 (full 13):
[22.325s][debug  ][gc,heap        ] GC(81)  PSYoungGen      total 229376K, used 30720K [0x00000000f0000000, 0x0000000100000000, 0x0000000100000000)
[22.325s][debug  ][gc,heap        ] GC(81)   eden space 196608K, 0% used [0x00000000f0000000,0x00000000f0000000,0x00000000fc000000)
[22.325s][debug  ][gc,heap        ] GC(81)   from space 32768K, 93% used [0x00000000fe000000,0x00000000ffe00030,0x0000000100000000)
[22.325s][debug  ][gc,heap        ] GC(81)   to   space 32768K, 0% used [0x00000000fc000000,0x00000000fc000000,0x00000000fe000000)
[22.325s][debug  ][gc,heap        ] GC(81)  ParOldGen       total 1835008K, used 1578597K [0x0000000080000000, 0x00000000f0000000, 0x00000000f0000000)
[22.325s][debug  ][gc,heap        ] GC(81)   object space 1835008K, 86% used [0x0000000080000000,0x00000000e0599578,0x00000000f0000000)
[22.325s][debug  ][gc,heap        ] GC(81)  Metaspace       used 1022K, committed 1216K, reserved 1056768K
[22.325s][debug  ][gc,heap        ] GC(81)   class space    used 83K, committed 192K, reserved 1048576K
[22.325s][debug  ][gc,task,time   ] GC(81) VM-Thread 223081123 223233115 223251271
[22.609s][debug  ][gc,heap        ] GC(82) Heap before GC invocations=83 (full 13):
[22.610s][debug  ][gc,heap        ] GC(82)  PSYoungGen      total 229376K, used 218879K [0x00000000f0000000, 0x0000000100000000, 0x0000000100000000)
[22.610s][debug  ][gc,heap        ] GC(82)   eden space 196608K, 95% used [0x00000000f0000000,0x00000000fb7bfd70,0x00000000fc000000)
[22.610s][debug  ][gc,heap        ] GC(82)   from space 32768K, 93% used [0x00000000fe000000,0x00000000ffe00030,0x0000000100000000)
[22.610s][debug  ][gc,heap        ] GC(82)   to   space 32768K, 0% used [0x00000000fc000000,0x00000000fc000000,0x00000000fe000000)
[22.610s][debug  ][gc,heap        ] GC(82)  ParOldGen       total 1835008K, used 1578597K [0x0000000080000000, 0x00000000f0000000, 0x00000000f0000000)
[22.610s][debug  ][gc,heap        ] GC(82)   object space 1835008K, 86% used [0x0000000080000000,0x00000000e0599578,0x00000000f0000000)
[22.610s][debug  ][gc,heap        ] GC(82)  Metaspace       used 1022K, committed 1216K, reserved 1056768K
[22.610s][debug  ][gc,heap        ] GC(82)   class space    used 83K, committed 192K, reserved 1048576K
[22.610s][debug  ][gc,tlab        ] GC(82) TLAB totals: thrds: 1  refills: 1 max: 1 slow allocs: 17 max 17 waste: 27.3% gc: 3931216B max: 3931216B slow: 0B max: 0B
[22.610s][info   ][gc,start       ] GC(82) Pause Young (Allocation Failure)
[22.610s][debug  ][gc,phases,start] GC(82) Scavenge
[22.627s][debug  ][gc,phases      ] GC(82) Scavenge 16.858ms
[22.627s][debug  ][gc,phases,start] GC(82) Reference Processing
[22.627s][debug  ][gc,ref         ] GC(82) Skipped phase 1 of Reference Processing: no references
[22.627s][debug  ][gc,ref         ] GC(82) Skipped phase 2 of Reference Processing: no references
[22.627s][debug  ][gc,ref         ] GC(82) Skipped phase 3 of Reference Processing: no references
[22.627s][debug  ][gc,ref         ] GC(82) Skipped phase 4 of Reference Processing: no references
[22.627s][debug  ][gc,phases,ref  ] GC(82) Reference Processing: 0.2ms
[22.627s][debug  ][gc,phases,ref  ] GC(82)   Reconsider SoftReferences: 0.0ms
[22.627s][debug  ][gc,phases,ref  ] GC(82)     SoftRef (ms):                  skipped
[22.627s][debug  ][gc,phases,ref  ] GC(82)   Notify Soft/WeakReferences: 0.1ms
[22.627s][debug  ][gc,phases,ref  ] GC(82)     SoftRef (ms):                  skipped
[22.627s][debug  ][gc,phases,ref  ] GC(82)     WeakRef (ms):                  skipped
[22.627s][debug  ][gc,phases,ref  ] GC(82)     FinalRef (ms):                 skipped
[22.627s][debug  ][gc,phases,ref  ] GC(82)     Total (ms):                    skipped
[22.627s][debug  ][gc,phases,ref  ] GC(82)   Notify and keep alive finalizable: 0.0ms
[22.627s][debug  ][gc,phases,ref  ] GC(82)     FinalRef (ms):                 skipped
[22.627s][debug  ][gc,phases,ref  ] GC(82)   Notify PhantomReferences: 0.0ms
[22.627s][debug  ][gc,phases,ref  ] GC(82)     PhantomRef (ms):               skipped
[22.627s][debug  ][gc,phases,ref  ] GC(82)   SoftReference:
[22.627s][debug  ][gc,phases,ref  ] GC(82)     Discovered: 0
[22.627s][debug  ][gc,phases,ref  ] GC(82)     Cleared: 0
[22.627s][debug  ][gc,phases,ref  ] GC(82)   WeakReference:
[22.627s][debug  ][gc,phases,ref  ] GC(82)     Discovered: 0
[22.627s][debug  ][gc,phases,ref  ] GC(82)     Cleared: 0
[22.627s][debug  ][gc,phases,ref  ] GC(82)   FinalReference:
[22.627s][debug  ][gc,phases,ref  ] GC(82)     Discovered: 0
[22.627s][debug  ][gc,phases,ref  ] GC(82)     Cleared: 0
[22.627s][debug  ][gc,phases,ref  ] GC(82)   PhantomReference:
[22.628s][debug  ][gc,phases,ref  ] GC(82)     Discovered: 0
[22.628s][debug  ][gc,phases,ref  ] GC(82)     Cleared: 0
[22.628s][debug  ][gc,phases      ] GC(82) Reference Processing 0.673ms
[22.628s][debug  ][gc,phases,start] GC(82) Weak Processing
[22.628s][debug  ][gc,phases      ] GC(82)   VM Weak                        Min:  0.0, Avg:  0.0, Max:  0.0, Diff:  0.0, Sum:  0.0, Workers: 6
[22.628s][debug  ][gc,phases      ] GC(82)     Dead                           Min: 0, Avg:  0.0, Max: 0, Diff: 0, Sum: 0, Workers: 6
[22.628s][debug  ][gc,phases      ] GC(82)     Total                          Min: 0, Avg:  1.3, Max: 8, Diff: 8, Sum: 8, Workers: 6
[22.628s][debug  ][gc,phases      ] GC(82)   ObjectSynchronizer Weak        Min:  0.0, Avg:  0.0, Max:  0.0, Diff:  0.0, Sum:  0.0, Workers: 6
[22.628s][debug  ][gc,phases      ] GC(82)     Dead                           Min: 0, Avg:  0.0, Max: 0, Diff: 0, Sum: 0, Workers: 6
[22.628s][debug  ][gc,phases      ] GC(82)     Total                          Min: 0, Avg:  0.5, Max: 3, Diff: 3, Sum: 3, Workers: 6
[22.628s][debug  ][gc,phases      ] GC(82)   JVMTI Tag Weak OopStorage      Min:  0.0, Avg:  0.0, Max:  0.0, Diff:  0.0, Sum:  0.0, Workers: 6
[22.628s][debug  ][gc,phases      ] GC(82)     Dead                           Min: 0, Avg:  0.0, Max: 0, Diff: 0, Sum: 0, Workers: 6
[22.628s][debug  ][gc,phases      ] GC(82)     Total                          Min: 0, Avg:  0.0, Max: 0, Diff: 0, Sum: 0, Workers: 6
[22.628s][debug  ][gc,phases      ] GC(82)   StringTable Weak               Min:  0.0, Avg:  0.0, Max:  0.0, Diff:  0.0, Sum:  0.0, Workers: 6
[22.628s][debug  ][gc,phases      ] GC(82)     Dead                           Min: 0, Avg:  0.0, Max: 0, Diff: 0, Sum: 0, Workers: 6
[22.628s][debug  ][gc,phases      ] GC(82)     Total                          Min: 704, Avg: 892.3, Max: 1088, Diff: 384, Sum: 5354, Workers: 6
[22.628s][debug  ][gc,phases      ] GC(82)   ResolvedMethodTable Weak       Min:  0.0, Avg:  0.0, Max:  0.0, Diff:  0.0, Sum:  0.0, Workers: 6
[22.628s][debug  ][gc,phases      ] GC(82)     Dead                           Min: 0, Avg:  0.0, Max: 0, Diff: 0, Sum: 0, Workers: 6
[22.628s][debug  ][gc,phases      ] GC(82)     Total                          Min: 0, Avg: 21.7, Max: 64, Diff: 64, Sum: 130, Workers: 6
[22.628s][debug  ][gc,phases      ] GC(82)   JNI Weak                       Min:  0.0, Avg:  0.0, Max:  0.0, Diff:  0.0, Sum:  0.0, Workers: 6
[22.628s][debug  ][gc,phases      ] GC(82)     Dead                           Min: 0, Avg:  0.0, Max: 0, Diff: 0, Sum: 0, Workers: 6
[22.628s][debug  ][gc,phases      ] GC(82)     Total                          Min: 0, Avg:  0.0, Max: 0, Diff: 0, Sum: 0, Workers: 6
[22.628s][debug  ][gc,phases      ] GC(82)   StringDedup Table Weak         Min:  0.0, Avg:  0.0, Max:  0.0, Diff:  0.0, Sum:  0.0, Workers: 6
[22.628s][debug  ][gc,phases      ] GC(82)     Dead                           Min: 0, Avg:  0.0, Max: 0, Diff: 0, Sum: 0, Workers: 6
[22.628s][debug  ][gc,phases      ] GC(82)     Total                          Min: 0, Avg:  0.0, Max: 0, Diff: 0, Sum: 0, Workers: 6
[22.628s][debug  ][gc,phases      ] GC(82)   StringDedup Requests0 Weak     Min:  0.0, Avg:  0.0, Max:  0.0, Diff:  0.0, Sum:  0.0, Workers: 6
[22.628s][debug  ][gc,phases      ] GC(82)     Dead                           Min: 0, Avg:  0.0, Max: 0, Diff: 0, Sum: 0, Workers: 6
[22.628s][debug  ][gc,phases      ] GC(82)     Total                          Min: 0, Avg:  0.0, Max: 0, Diff: 0, Sum: 0, Workers: 6
[22.628s][debug  ][gc,phases      ] GC(82)   StringDedup Requests1 Weak     Min:  0.0, Avg:  0.0, Max:  0.0, Diff:  0.0, Sum:  0.0, Workers: 6
[22.628s][debug  ][gc,phases      ] GC(82)     Dead                           Min: 0, Avg:  0.0, Max: 0, Diff: 0, Sum: 0, Workers: 6
[22.628s][debug  ][gc,phases      ] GC(82)     Total                          Min: 0, Avg:  0.0, Max: 0, Diff: 0, Sum: 0, Workers: 6
[22.628s][debug  ][gc,phases      ] GC(82)   Weak JFR Old Object Samples    Min:  0.0, Avg:  0.0, Max:  0.0, Diff:  0.0, Sum:  0.0, Workers: 6
[22.628s][debug  ][gc,phases      ] GC(82)     Dead                           Min: 0, Avg:  0.0, Max: 0, Diff: 0, Sum: 0, Workers: 6
[22.628s][debug  ][gc,phases      ] GC(82)     Total                          Min: 0, Avg:  0.0, Max: 0, Diff: 0, Sum: 0, Workers: 6
[22.628s][debug  ][gc,phases      ] GC(82) Weak Processing 0.836ms
[22.628s][debug  ][gc,ergo        ] GC(82) AdaptiveSizeStart:  collection: 83 
[22.628s][debug  ][gc,ergo        ] GC(82) avg_survived_padded_avg: 33470048.000000
[22.628s][debug  ][gc,ergo        ] GC(82) avg_promoted_padded_avg: 256401440.000000  avg_pretenured_padded_avg: 0.000000  tenuring_thresh: 4  target_size: 33554432
[22.629s][debug  ][gc,age         ] GC(82) Desired survivor size 33554432 bytes, new threshold 4 (max threshold 15)
[22.629s][debug  ][gc,ergo        ] GC(82) PSAdaptiveSizePolicy::compute_eden_space_size limits: desired_eden_size: 222440367 old_eden_size: 201326592 eden_limit: 201326592 cur_eden: 201326592 max_eden_size: 201326592 avg_young_live: 27469972
[22.629s][debug  ][gc,ergo        ] GC(82) PSAdaptiveSizePolicy::compute_eden_space_size: costs minor_time: 0.052287 major_cost: 0.047687 mutator_cost: 0.900025 throughput_goal: 0.990000
[22.629s][debug  ][gc,ergo        ] GC(82) Live_space: 976326656 free_space: 1428160512
[22.629s][debug  ][gc,ergo        ] GC(82) Old eden_size: 201326592 desired_eden_size: 201326592
[22.629s][debug  ][gc,ergo        ] GC(82) AdaptiveSizeStop: collection: 83 
[22.629s][info   ][gc,heap        ] GC(82) PSYoungGen: 218879K(229376K)->30720K(229376K) Eden: 188159K(196608K)->0K(196608K) From: 30720K(32768K)->30720K(32768K)
[22.629s][info   ][gc,heap        ] GC(82) ParOldGen: 1578597K(1835008K)->1762917K(1835008K)
[22.629s][info   ][gc,metaspace   ] GC(82) Metaspace: 1022K(1216K)->1022K(1216K) NonClass: 938K(1024K)->938K(1024K) Class: 83K(192K)->83K(192K)
[22.629s][info   ][gc             ] GC(82) Pause Young (Allocation Failure) 1755M->1751M(2016M) 18.860ms
[22.629s][info   ][gc,cpu         ] GC(82) User=0.23s Sys=0.05s Real=0.02s
[22.629s][debug  ][gc,heap        ] GC(82) Heap after GC invocations=83 (full 13):
[22.629s][debug  ][gc,heap        ] GC(82)  PSYoungGen      total 229376K, used 30720K [0x00000000f0000000, 0x0000000100000000, 0x0000000100000000)
[22.629s][debug  ][gc,heap        ] GC(82)   eden space 196608K, 0% used [0x00000000f0000000,0x00000000f0000000,0x00000000fc000000)
[22.629s][debug  ][gc,heap        ] GC(82)   from space 32768K, 93% used [0x00000000fc000000,0x00000000fde00030,0x00000000fe000000)
[22.629s][debug  ][gc,heap        ] GC(82)   to   space 32768K, 0% used [0x00000000fe000000,0x00000000fe000000,0x0000000100000000)
[22.629s][debug  ][gc,heap        ] GC(82)  ParOldGen       total 1835008K, used 1762917K [0x0000000080000000, 0x00000000f0000000, 0x00000000f0000000)
[22.629s][debug  ][gc,heap        ] GC(82)   object space 1835008K, 96% used [0x0000000080000000,0x00000000eb999698,0x00000000f0000000)
[22.629s][debug  ][gc,heap        ] GC(82)  Metaspace       used 1022K, committed 1216K, reserved 1056768K
[22.629s][debug  ][gc,heap        ] GC(82)   class space    used 83K, committed 192K, reserved 1048576K
[22.629s][debug  ][gc,task,time   ] GC(82) VM-Thread 226094694 226268825 226290004
[22.629s][debug  ][gc,phases,start] GC(83) Pre Compact
[22.629s][debug  ][gc,heap        ] GC(83) Heap before GC invocations=84 (full 14):
[22.629s][debug  ][gc,heap        ] GC(83)  PSYoungGen      total 229376K, used 30720K [0x00000000f0000000, 0x0000000100000000, 0x0000000100000000)
[22.629s][debug  ][gc,heap        ] GC(83)   eden space 196608K, 0% used [0x00000000f0000000,0x00000000f0000000,0x00000000fc000000)
[22.629s][debug  ][gc,heap        ] GC(83)   from space 32768K, 93% used [0x00000000fc000000,0x00000000fde00030,0x00000000fe000000)
[22.629s][debug  ][gc,heap        ] GC(83)   to   space 32768K, 0% used [0x00000000fe000000,0x00000000fe000000,0x0000000100000000)
[22.629s][debug  ][gc,heap        ] GC(83)  ParOldGen       total 1835008K, used 1762917K [0x0000000080000000, 0x00000000f0000000, 0x00000000f0000000)
[22.629s][debug  ][gc,heap        ] GC(83)   object space 1835008K, 96% used [0x0000000080000000,0x00000000eb999698,0x00000000f0000000)
[22.629s][debug  ][gc,heap        ] GC(83)  Metaspace       used 1022K, committed 1216K, reserved 1056768K
[22.629s][debug  ][gc,heap        ] GC(83)   class space    used 83K, committed 192K, reserved 1048576K
[22.629s][debug  ][gc,phases      ] GC(83) Pre Compact 0.205ms
[22.629s][info   ][gc,start       ] GC(83) Pause Full (Ergonomics)
[22.629s][info   ][gc,phases,start] GC(83) Marking Phase
[22.629s][debug  ][gc,phases,start] GC(83) Par Mark
[22.630s][debug  ][gc,phases      ] GC(83) Par Mark 0.501ms
[22.630s][debug  ][gc,phases,start] GC(83) Reference Processing
[22.630s][debug  ][gc,ref         ] GC(83) Skipped phase 1 of Reference Processing: no references
[22.630s][debug  ][gc,ref         ] GC(83) ReferenceProcessor::execute queues: 1, RefProcThreadModel::Single, marks_oops_alive: false
[22.630s][debug  ][gc,ref         ] GC(83) Skipped phase 3 of Reference Processing: no references
[22.630s][debug  ][gc,ref         ] GC(83) ReferenceProcessor::execute queues: 1, RefProcThreadModel::Single, marks_oops_alive: false
[22.630s][debug  ][gc,phases,ref  ] GC(83) Reference Processing: 0.1ms
[22.630s][debug  ][gc,phases,ref  ] GC(83)   Reconsider SoftReferences: 0.0ms
[22.630s][debug  ][gc,phases,ref  ] GC(83)     SoftRef (ms):                  skipped
[22.630s][debug  ][gc,phases,ref  ] GC(83)   Notify Soft/WeakReferences: 0.0ms
[22.630s][debug  ][gc,phases,ref  ] GC(83)     SoftRef (ms):                  Min:  0.0, Avg:  0.0, Max:  0.0, Diff:  0.0, Sum:  0.0, Workers: 12
[22.630s][debug  ][gc,phases,ref  ] GC(83)     WeakRef (ms):                  Min:  0.0, Avg:  0.0, Max:  0.0, Diff:  0.0, Sum:  0.0, Workers: 12
[22.630s][debug  ][gc,phases,ref  ] GC(83)     FinalRef (ms):                 Min:  0.0, Avg:  0.0, Max:  0.0, Diff:  0.0, Sum:  0.0, Workers: 12
[22.630s][debug  ][gc,phases,ref  ] GC(83)     Total (ms):                    Min:  0.0, Avg:  0.0, Max:  0.0, Diff:  0.0, Sum:  0.0, Workers: 12
[22.630s][debug  ][gc,phases,ref  ] GC(83)   Notify and keep alive finalizable: 0.0ms
[22.630s][debug  ][gc,phases,ref  ] GC(83)     FinalRef (ms):                 skipped
[22.630s][debug  ][gc,phases,ref  ] GC(83)   Notify PhantomReferences: 0.0ms
[22.630s][debug  ][gc,phases,ref  ] GC(83)     PhantomRef (ms):               Min:  0.0, Avg:  0.0, Max:  0.0, Diff:  0.0, Sum:  0.0, Workers: 12
[22.630s][debug  ][gc,phases,ref  ] GC(83)   SoftReference:
[22.630s][debug  ][gc,phases,ref  ] GC(83)     Discovered: 0
[22.630s][debug  ][gc,phases,ref  ] GC(83)     Cleared: 0
[22.630s][debug  ][gc,phases,ref  ] GC(83)   WeakReference:
[22.630s][debug  ][gc,phases,ref  ] GC(83)     Discovered: 56
[22.630s][debug  ][gc,phases,ref  ] GC(83)     Cleared: 56
[22.630s][debug  ][gc,phases,ref  ] GC(83)   FinalReference:
[22.630s][debug  ][gc,phases,ref  ] GC(83)     Discovered: 0
[22.630s][debug  ][gc,phases,ref  ] GC(83)     Cleared: 0
[22.630s][debug  ][gc,phases,ref  ] GC(83)   PhantomReference:
[22.630s][debug  ][gc,phases,ref  ] GC(83)     Discovered: 3
[22.630s][debug  ][gc,phases,ref  ] GC(83)     Cleared: 3
[22.630s][debug  ][gc,phases      ] GC(83) Reference Processing 0.592ms
[22.630s][debug  ][gc,phases,start] GC(83) Weak Processing
[22.630s][debug  ][gc,phases      ] GC(83)   VM Weak                        Min:  0.0, Avg:  0.0, Max:  0.0, Diff:  0.0, Sum:  0.0, Workers: 6
[22.631s][debug  ][gc,phases      ] GC(83)     Dead                           Min: 0, Avg:  0.0, Max: 0, Diff: 0, Sum: 0, Workers: 6
[22.631s][debug  ][gc,phases      ] GC(83)     Total                          Min: 0, Avg:  1.3, Max: 8, Diff: 8, Sum: 8, Workers: 6
[22.631s][debug  ][gc,phases      ] GC(83)   ObjectSynchronizer Weak        Min:  0.0, Avg:  0.0, Max:  0.0, Diff:  0.0, Sum:  0.0, Workers: 6
[22.631s][debug  ][gc,phases      ] GC(83)     Dead                           Min: 0, Avg:  0.0, Max: 0, Diff: 0, Sum: 0, Workers: 6
[22.631s][debug  ][gc,phases      ] GC(83)     Total                          Min: 0, Avg:  0.5, Max: 3, Diff: 3, Sum: 3, Workers: 6
[22.631s][debug  ][gc,phases      ] GC(83)   JVMTI Tag Weak OopStorage      Min:  0.0, Avg:  0.0, Max:  0.0, Diff:  0.0, Sum:  0.0, Workers: 6
[22.631s][debug  ][gc,phases      ] GC(83)     Dead                           Min: 0, Avg:  0.0, Max: 0, Diff: 0, Sum: 0, Workers: 6
[22.631s][debug  ][gc,phases      ] GC(83)     Total                          Min: 0, Avg:  0.0, Max: 0, Diff: 0, Sum: 0, Workers: 6
[22.631s][debug  ][gc,phases      ] GC(83)   StringTable Weak               Min:  0.0, Avg:  0.0, Max:  0.0, Diff:  0.0, Sum:  0.0, Workers: 6
[22.631s][debug  ][gc,phases      ] GC(83)     Dead                           Min: 0, Avg:  0.0, Max: 0, Diff: 0, Sum: 0, Workers: 6
[22.631s][debug  ][gc,phases      ] GC(83)     Total                          Min: 575, Avg: 892.3, Max: 1387, Diff: 812, Sum: 5354, Workers: 6
[22.631s][debug  ][gc,phases      ] GC(83)   ResolvedMethodTable Weak       Min:  0.0, Avg:  0.0, Max:  0.0, Diff:  0.0, Sum:  0.0, Workers: 6
[22.631s][debug  ][gc,phases      ] GC(83)     Dead                           Min: 0, Avg:  0.0, Max: 0, Diff: 0, Sum: 0, Workers: 6
[22.631s][debug  ][gc,phases      ] GC(83)     Total                          Min: 0, Avg: 21.7, Max: 64, Diff: 64, Sum: 130, Workers: 6
[22.631s][debug  ][gc,phases      ] GC(83)   JNI Weak                       Min:  0.0, Avg:  0.0, Max:  0.0, Diff:  0.0, Sum:  0.0, Workers: 6
[22.631s][debug  ][gc,phases      ] GC(83)     Dead                           Min: 0, Avg:  0.0, Max: 0, Diff: 0, Sum: 0, Workers: 6
[22.631s][debug  ][gc,phases      ] GC(83)     Total                          Min: 0, Avg:  0.0, Max: 0, Diff: 0, Sum: 0, Workers: 6
[22.631s][debug  ][gc,phases      ] GC(83)   StringDedup Table Weak         Min:  0.0, Avg:  0.0, Max:  0.0, Diff:  0.0, Sum:  0.0, Workers: 6
[22.631s][debug  ][gc,phases      ] GC(83)     Dead                           Min: 0, Avg:  0.0, Max: 0, Diff: 0, Sum: 0, Workers: 6
[22.631s][debug  ][gc,phases      ] GC(83)     Total                          Min: 0, Avg:  0.0, Max: 0, Diff: 0, Sum: 0, Workers: 6
[22.631s][debug  ][gc,phases      ] GC(83)   StringDedup Requests0 Weak     Min:  0.0, Avg:  0.0, Max:  0.0, Diff:  0.0, Sum:  0.0, Workers: 6
[22.631s][debug  ][gc,phases      ] GC(83)     Dead                           Min: 0, Avg:  0.0, Max: 0, Diff: 0, Sum: 0, Workers: 6
[22.631s][debug  ][gc,phases      ] GC(83)     Total                          Min: 0, Avg:  0.0, Max: 0, Diff: 0, Sum: 0, Workers: 6
[22.631s][debug  ][gc,phases      ] GC(83)   StringDedup Requests1 Weak     Min:  0.0, Avg:  0.0, Max:  0.0, Diff:  0.0, Sum:  0.0, Workers: 6
[22.631s][debug  ][gc,phases      ] GC(83)     Dead                           Min: 0, Avg:  0.0, Max: 0, Diff: 0, Sum: 0, Workers: 6
[22.631s][debug  ][gc,phases      ] GC(83)     Total                          Min: 0, Avg:  0.0, Max: 0, Diff: 0, Sum: 0, Workers: 6
[22.631s][debug  ][gc,phases      ] GC(83)   Weak JFR Old Object Samples    Min:  0.0, Avg:  0.0, Max:  0.0, Diff:  0.0, Sum:  0.0, Workers: 6
[22.631s][debug  ][gc,phases      ] GC(83)     Dead                           Min: 0, Avg:  0.0, Max: 0, Diff: 0, Sum: 0, Workers: 6
[22.631s][debug  ][gc,phases      ] GC(83)     Total                          Min: 0, Avg:  0.0, Max: 0, Diff: 0, Sum: 0, Workers: 6
[22.631s][debug  ][gc,phases      ] GC(83) Weak Processing 0.659ms
[22.631s][debug  ][gc,phases,start] GC(83) Class Unloading
[22.631s][debug  ][gc,phases,start] GC(83) ClassLoaderData
[22.631s][debug  ][gc,phases      ] GC(83) ClassLoaderData 0.019ms
[22.631s][debug  ][gc,phases,start] GC(83) Trigger cleanups
[22.631s][debug  ][gc,phases      ] GC(83) Trigger cleanups 0.019ms
[22.631s][debug  ][gc,phases      ] GC(83) Class Unloading 0.252ms
[22.631s][info   ][gc,phases      ] GC(83) Marking Phase 2.114ms
[22.631s][info   ][gc,phases,start] GC(83) Summary Phase
[22.631s][info   ][gc,phases      ] GC(83) Summary Phase 0.038ms
[22.631s][info   ][gc,phases,start] GC(83) Adjust Roots
[22.632s][info   ][gc,phases      ] GC(83) Adjust Roots 0.135ms
[22.632s][info   ][gc,phases,start] GC(83) Compaction Phase
[22.731s][info   ][gc,phases      ] GC(83) Compaction Phase 99.413ms
[22.731s][info   ][gc,phases,start] GC(83) Post Compact
[22.737s][info   ][gc,phases      ] GC(83) Post Compact 5.866ms
[22.737s][debug  ][gc,ergo        ] GC(83) AdaptiveSizeStart: collection: 84 
[22.737s][debug  ][gc,ergo        ] GC(83) PSAdaptiveSizePolicy::compute_eden_space_size limits: desired_eden_size: 222002517 old_eden_size: 201326592 eden_limit: 201326592 cur_eden: 201326592 max_eden_size: 201326592 avg_young_live: 24722974
[22.737s][debug  ][gc,ergo        ] GC(83) PSAdaptiveSizePolicy::compute_eden_space_size: costs minor_time: 0.052287 major_cost: 0.049805 mutator_cost: 0.897908 throughput_goal: 0.990000
[22.737s][debug  ][gc,ergo        ] GC(83) Live_space: 973579648 free_space: 1428160512
[22.737s][debug  ][gc,ergo        ] GC(83) Old eden_size: 201326592 desired_eden_size: 201326592
[22.737s][debug  ][gc,ergo        ] GC(83) PSAdaptiveSizePolicy::compute_old_gen_free_space limits: desired_promo_size: 1352672508 promo_limit: 1226833920 free_in_old_gen: 1170032512 max_old_gen_size: 1879048192 avg_old_live: 709015680
[22.737s][debug  ][gc,ergo        ] GC(83) PSAdaptiveSizePolicy::compute_old_gen_free_space: costs minor_time: 0.052287 major_cost: 0.049805  mutator_cost: 0.897908 throughput_goal: 0.990000
[22.738s][debug  ][gc,ergo        ] GC(83) Live_space: 1002174080 free_space: 1428160512
[22.738s][debug  ][gc,ergo        ] GC(83) Old promo_size: 1226833920 desired_promo_size: 1226833920
[22.738s][debug  ][gc,ergo        ] GC(83) AdaptiveSizeStop: collection: 84 
[22.738s][info   ][gc,heap        ] GC(83) PSYoungGen: 30720K(229376K)->0K(229376K) Eden: 0K(196608K)->0K(196608K) From: 30720K(32768K)->0K(32768K)
[22.738s][info   ][gc,heap        ] GC(83) ParOldGen: 1762917K(1835008K)->943716K(1835008K)
[22.738s][info   ][gc,metaspace   ] GC(83) Metaspace: 1022K(1216K)->1022K(1216K) NonClass: 938K(1024K)->938K(1024K) Class: 83K(192K)->83K(192K)
[22.738s][info   ][gc             ] GC(83) Pause Full (Ergonomics) 1751M->921M(2016M) 108.454ms
[22.738s][info   ][gc,cpu         ] GC(83) User=1.12s Sys=0.00s Real=0.11s
[22.738s][debug  ][gc,heap        ] GC(83) Heap after GC invocations=84 (full 14):
[22.738s][debug  ][gc,heap        ] GC(83)  PSYoungGen      total 229376K, used 0K [0x00000000f0000000, 0x0000000100000000, 0x0000000100000000)
[22.738s][debug  ][gc,heap        ] GC(83)   eden space 196608K, 0% used [0x00000000f0000000,0x00000000f0000000,0x00000000fc000000)
[22.738s][debug  ][gc,heap        ] GC(83)   from space 32768K, 0% used [0x00000000fe000000,0x00000000fe000000,0x0000000100000000)
[22.738s][debug  ][gc,heap        ] GC(83)   to   space 32768K, 0% used [0x00000000fc000000,0x00000000fc000000,0x00000000fe000000)
[22.738s][debug  ][gc,heap        ] GC(83)  ParOldGen       total 1835008K, used 943716K [0x0000000080000000, 0x00000000f0000000, 0x00000000f0000000)
[22.738s][debug  ][gc,heap        ] GC(83)   object space 1835008K, 51% used [0x0000000080000000,0x00000000b9999198,0x00000000f0000000)
[22.738s][debug  ][gc,heap        ] GC(83)  Metaspace       used 1022K, committed 1216K, reserved 1056768K
[22.738s][debug  ][gc,heap        ] GC(83)   class space    used 83K, committed 192K, reserved 1048576K
[22.738s][debug  ][gc,task,time   ] GC(83) VM-Thread 226292729 226316352 227377735
[23.025s][debug  ][gc,heap        ] GC(84) Heap before GC invocations=85 (full 14):
[23.025s][debug  ][gc,heap        ] GC(84)  PSYoungGen      total 229376K, used 188163K [0x00000000f0000000, 0x0000000100000000, 0x0000000100000000)
[23.025s][debug  ][gc,heap        ] GC(84)   eden space 196608K, 95% used [0x00000000f0000000,0x00000000fb7c0f70,0x00000000fc000000)
[23.025s][debug  ][gc,heap        ] GC(84)   from space 32768K, 0% used [0x00000000fe000000,0x00000000fe000000,0x0000000100000000)
[23.025s][debug  ][gc,heap        ] GC(84)   to   space 32768K, 0% used [0x00000000fc000000,0x00000000fc000000,0x00000000fe000000)
[23.025s][debug  ][gc,heap        ] GC(84)  ParOldGen       total 1835008K, used 943716K [0x0000000080000000, 0x00000000f0000000, 0x00000000f0000000)
[23.025s][debug  ][gc,heap        ] GC(84)   object space 1835008K, 51% used [0x0000000080000000,0x00000000b9999198,0x00000000f0000000)
[23.025s][debug  ][gc,heap        ] GC(84)  Metaspace       used 1022K, committed 1216K, reserved 1056768K
[23.025s][debug  ][gc,heap        ] GC(84)   class space    used 83K, committed 192K, reserved 1048576K
[23.025s][debug  ][gc,tlab        ] GC(84) TLAB totals: thrds: 1  refills: 1 max: 1 slow allocs: 17 max 17 waste: 27.3% gc: 3934760B max: 3934760B slow: 0B max: 0B
[23.025s][info   ][gc,start       ] GC(84) Pause Young (Allocation Failure)
[23.025s][debug  ][gc,phases,start] GC(84) Scavenge
[23.032s][debug  ][gc,phases      ] GC(84) Scavenge 7.436ms
[23.032s][debug  ][gc,phases,start] GC(84) Reference Processing
[23.032s][debug  ][gc,ref         ] GC(84) Skipped phase 1 of Reference Processing: no references
[23.033s][debug  ][gc,ref         ] GC(84) Skipped phase 2 of Reference Processing: no references
[23.033s][debug  ][gc,ref         ] GC(84) Skipped phase 3 of Reference Processing: no references
[23.033s][debug  ][gc,ref         ] GC(84) Skipped phase 4 of Reference Processing: no references
[23.033s][debug  ][gc,phases,ref  ] GC(84) Reference Processing: 0.1ms
[23.033s][debug  ][gc,phases,ref  ] GC(84)   Reconsider SoftReferences: 0.0ms
[23.033s][debug  ][gc,phases,ref  ] GC(84)     SoftRef (ms):                  skipped
[23.033s][debug  ][gc,phases,ref  ] GC(84)   Notify Soft/WeakReferences: 0.0ms
[23.033s][debug  ][gc,phases,ref  ] GC(84)     SoftRef (ms):                  skipped
[23.033s][debug  ][gc,phases,ref  ] GC(84)     WeakRef (ms):                  skipped
[23.033s][debug  ][gc,phases,ref  ] GC(84)     FinalRef (ms):                 skipped
[23.033s][debug  ][gc,phases,ref  ] GC(84)     Total (ms):                    skipped
[23.033s][debug  ][gc,phases,ref  ] GC(84)   Notify and keep alive finalizable: 0.0ms
[23.033s][debug  ][gc,phases,ref  ] GC(84)     FinalRef (ms):                 skipped
[23.033s][debug  ][gc,phases,ref  ] GC(84)   Notify PhantomReferences: 0.0ms
[23.033s][debug  ][gc,phases,ref  ] GC(84)     PhantomRef (ms):               skipped
[23.033s][debug  ][gc,phases,ref  ] GC(84)   SoftReference:
[23.033s][debug  ][gc,phases,ref  ] GC(84)     Discovered: 0
[23.033s][debug  ][gc,phases,ref  ] GC(84)     Cleared: 0
[23.033s][debug  ][gc,phases,ref  ] GC(84)   WeakReference:
[23.033s][debug  ][gc,phases,ref  ] GC(84)     Discovered: 0
[23.033s][debug  ][gc,phases,ref  ] GC(84)     Cleared: 0
[23.033s][debug  ][gc,phases,ref  ] GC(84)   FinalReference:
[23.033s][debug  ][gc,phases,ref  ] GC(84)     Discovered: 0
[23.033s][debug  ][gc,phases,ref  ] GC(84)     Cleared: 0
[23.033s][debug  ][gc,phases,ref  ] GC(84)   PhantomReference:
[23.033s][debug  ][gc,phases,ref  ] GC(84)     Discovered: 0
[23.033s][debug  ][gc,phases,ref  ] GC(84)     Cleared: 0
[23.033s][debug  ][gc,phases      ] GC(84) Reference Processing 0.581ms
[23.033s][debug  ][gc,phases,start] GC(84) Weak Processing
[23.033s][debug  ][gc,phases      ] GC(84)   VM Weak                        Min:  0.0, Avg:  0.0, Max:  0.0, Diff:  0.0, Sum:  0.0, Workers: 6
[23.033s][debug  ][gc,phases      ] GC(84)     Dead                           Min: 0, Avg:  0.0, Max: 0, Diff: 0, Sum: 0, Workers: 6
[23.033s][debug  ][gc,phases      ] GC(84)     Total                          Min: 0, Avg:  1.3, Max: 8, Diff: 8, Sum: 8, Workers: 6
[23.033s][debug  ][gc,phases      ] GC(84)   ObjectSynchronizer Weak        Min:  0.0, Avg:  0.0, Max:  0.0, Diff:  0.0, Sum:  0.0, Workers: 6
[23.033s][debug  ][gc,phases      ] GC(84)     Dead                           Min: 0, Avg:  0.0, Max: 0, Diff: 0, Sum: 0, Workers: 6
[23.033s][debug  ][gc,phases      ] GC(84)     Total                          Min: 0, Avg:  0.5, Max: 3, Diff: 3, Sum: 3, Workers: 6
[23.033s][debug  ][gc,phases      ] GC(84)   JVMTI Tag Weak OopStorage      Min:  0.0, Avg:  0.0, Max:  0.0, Diff:  0.0, Sum:  0.0, Workers: 6
[23.033s][debug  ][gc,phases      ] GC(84)     Dead                           Min: 0, Avg:  0.0, Max: 0, Diff: 0, Sum: 0, Workers: 6
[23.033s][debug  ][gc,phases      ] GC(84)     Total                          Min: 0, Avg:  0.0, Max: 0, Diff: 0, Sum: 0, Workers: 6
[23.033s][debug  ][gc,phases      ] GC(84)   StringTable Weak               Min:  0.0, Avg:  0.0, Max:  0.0, Diff:  0.0, Sum:  0.0, Workers: 6
[23.033s][debug  ][gc,phases      ] GC(84)     Dead                           Min: 0, Avg:  0.0, Max: 0, Diff: 0, Sum: 0, Workers: 6
[23.033s][debug  ][gc,phases      ] GC(84)     Total                          Min: 639, Avg: 892.3, Max: 1088, Diff: 449, Sum: 5354, Workers: 6
[23.033s][debug  ][gc,phases      ] GC(84)   ResolvedMethodTable Weak       Min:  0.0, Avg:  0.0, Max:  0.0, Diff:  0.0, Sum:  0.0, Workers: 6
[23.033s][debug  ][gc,phases      ] GC(84)     Dead                           Min: 0, Avg:  0.0, Max: 0, Diff: 0, Sum: 0, Workers: 6
[23.033s][debug  ][gc,phases      ] GC(84)     Total                          Min: 0, Avg: 21.7, Max: 64, Diff: 64, Sum: 130, Workers: 6
[23.033s][debug  ][gc,phases      ] GC(84)   JNI Weak                       Min:  0.0, Avg:  0.0, Max:  0.0, Diff:  0.0, Sum:  0.0, Workers: 6
[23.033s][debug  ][gc,phases      ] GC(84)     Dead                           Min: 0, Avg:  0.0, Max: 0, Diff: 0, Sum: 0, Workers: 6
[23.033s][debug  ][gc,phases      ] GC(84)     Total                          Min: 0, Avg:  0.0, Max: 0, Diff: 0, Sum: 0, Workers: 6
[23.034s][debug  ][gc,phases      ] GC(84)   StringDedup Table Weak         Min:  0.0, Avg:  0.0, Max:  0.0, Diff:  0.0, Sum:  0.0, Workers: 6
[23.034s][debug  ][gc,phases      ] GC(84)     Dead                           Min: 0, Avg:  0.0, Max: 0, Diff: 0, Sum: 0, Workers: 6
[23.034s][debug  ][gc,phases      ] GC(84)     Total                          Min: 0, Avg:  0.0, Max: 0, Diff: 0, Sum: 0, Workers: 6
[23.034s][debug  ][gc,phases      ] GC(84)   StringDedup Requests0 Weak     Min:  0.0, Avg:  0.0, Max:  0.0, Diff:  0.0, Sum:  0.0, Workers: 6
[23.034s][debug  ][gc,phases      ] GC(84)     Dead                           Min: 0, Avg:  0.0, Max: 0, Diff: 0, Sum: 0, Workers: 6
[23.034s][debug  ][gc,phases      ] GC(84)     Total                          Min: 0, Avg:  0.0, Max: 0, Diff: 0, Sum: 0, Workers: 6
[23.034s][debug  ][gc,phases      ] GC(84)   StringDedup Requests1 Weak     Min:  0.0, Avg:  0.0, Max:  0.0, Diff:  0.0, Sum:  0.0, Workers: 6
[23.034s][debug  ][gc,phases      ] GC(84)     Dead                           Min: 0, Avg:  0.0, Max: 0, Diff: 0, Sum: 0, Workers: 6
[23.034s][debug  ][gc,phases      ] GC(84)     Total                          Min: 0, Avg:  0.0, Max: 0, Diff: 0, Sum: 0, Workers: 6
[23.034s][debug  ][gc,phases      ] GC(84)   Weak JFR Old Object Samples    Min:  0.0, Avg:  0.0, Max:  0.0, Diff:  0.0, Sum:  0.0, Workers: 6
[23.034s][debug  ][gc,phases      ] GC(84)     Dead                           Min: 0, Avg:  0.0, Max: 0, Diff: 0, Sum: 0, Workers: 6
[23.034s][debug  ][gc,phases      ] GC(84)     Total                          Min: 0, Avg:  0.0, Max: 0, Diff: 0, Sum: 0, Workers: 6
[23.034s][debug  ][gc,phases      ] GC(84) Weak Processing 0.699ms
[23.034s][debug  ][gc,ergo        ] GC(84) AdaptiveSizeStart:  collection: 85 
[23.034s][debug  ][gc,ergo        ] GC(84) avg_survived_padded_avg: 33435464.000000
[23.034s][debug  ][gc,ergo        ] GC(84) avg_promoted_padded_avg: 264022496.000000  avg_pretenured_padded_avg: 0.000000  tenuring_thresh: 5  target_size: 33554432
[23.034s][debug  ][gc,age         ] GC(84) Desired survivor size 33554432 bytes, new threshold 5 (max threshold 15)
[23.034s][debug  ][gc,ergo        ] GC(84) PSAdaptiveSizePolicy::compute_eden_space_size limits: desired_eden_size: 220414476 old_eden_size: 201326592 eden_limit: 201326592 cur_eden: 201326592 max_eden_size: 201326592 avg_young_live: 25396410
[23.034s][debug  ][gc,ergo        ] GC(84) PSAdaptiveSizePolicy::compute_eden_space_size: costs minor_time: 0.044669 major_cost: 0.049805 mutator_cost: 0.905526 throughput_goal: 0.990000
[23.034s][debug  ][gc,ergo        ] GC(84) Live_space: 1002847552 free_space: 1428160512
[23.034s][debug  ][gc,ergo        ] GC(84) Old eden_size: 201326592 desired_eden_size: 201326592
[23.034s][debug  ][gc,ergo        ] GC(84) AdaptiveSizeStop: collection: 85 
[23.034s][info   ][gc,heap        ] GC(84) PSYoungGen: 188163K(229376K)->30720K(229376K) Eden: 188163K(196608K)->0K(196608K) From: 0K(32768K)->30720K(32768K)
[23.034s][info   ][gc,heap        ] GC(84) ParOldGen: 943716K(1835008K)->1015396K(1835008K)
[23.034s][info   ][gc,metaspace   ] GC(84) Metaspace: 1022K(1216K)->1022K(1216K) NonClass: 938K(1024K)->938K(1024K) Class: 83K(192K)->83K(192K)
[23.034s][info   ][gc             ] GC(84) Pause Young (Allocation Failure) 1105M->1021M(2016M) 9.156ms
[23.034s][info   ][gc,cpu         ] GC(84) User=0.06s Sys=0.00s Real=0.01s
[23.034s][debug  ][gc,heap        ] GC(84) Heap after GC invocations=85 (full 14):
[23.034s][debug  ][gc,heap        ] GC(84)  PSYoungGen      total 229376K, used 30720K [0x00000000f0000000, 0x0000000100000000, 0x0000000100000000)
[23.034s][debug  ][gc,heap        ] GC(84)   eden space 196608K, 0% used [0x00000000f0000000,0x00000000f0000000,0x00000000fc000000)
[23.034s][debug  ][gc,heap        ] GC(84)   from space 32768K, 93% used [0x00000000fc000000,0x00000000fde00030,0x00000000fe000000)
[23.034s][debug  ][gc,heap        ] GC(84)   to   space 32768K, 0% used [0x00000000fe000000,0x00000000fe000000,0x0000000100000000)
[23.034s][debug  ][gc,heap        ] GC(84)  ParOldGen       total 1835008K, used 1015396K [0x0000000080000000, 0x00000000f0000000, 0x00000000f0000000)
[23.034s][debug  ][gc,heap        ] GC(84)   object space 1835008K, 55% used [0x0000000080000000,0x00000000bdf99208,0x00000000f0000000)
[23.034s][debug  ][gc,heap        ] GC(84)  Metaspace       used 1022K, committed 1216K, reserved 1056768K
[23.034s][debug  ][gc,heap        ] GC(84)   class space    used 83K, committed 192K, reserved 1048576K
[23.034s][debug  ][gc,task,time   ] GC(84) VM-Thread 230245350 230324629 230342988
[23.322s][debug  ][gc,heap        ] GC(85) Heap before GC invocations=86 (full 14):
[23.322s][debug  ][gc,heap        ] GC(85)  PSYoungGen      total 229376K, used 218811K [0x00000000f0000000, 0x0000000100000000, 0x0000000100000000)
[23.322s][debug  ][gc,heap        ] GC(85)   eden space 196608K, 95% used [0x00000000f0000000,0x00000000fb7aef68,0x00000000fc000000)
[23.322s][debug  ][gc,heap        ] GC(85)   from space 32768K, 93% used [0x00000000fc000000,0x00000000fde00030,0x00000000fe000000)
[23.322s][debug  ][gc,heap        ] GC(85)   to   space 32768K, 0% used [0x00000000fe000000,0x00000000fe000000,0x0000000100000000)
[23.322s][debug  ][gc,heap        ] GC(85)  ParOldGen       total 1835008K, used 1015396K [0x0000000080000000, 0x00000000f0000000, 0x00000000f0000000)
[23.322s][debug  ][gc,heap        ] GC(85)   object space 1835008K, 55% used [0x0000000080000000,0x00000000bdf99208,0x00000000f0000000)
[23.322s][debug  ][gc,heap        ] GC(85)  Metaspace       used 1022K, committed 1216K, reserved 1056768K
[23.322s][debug  ][gc,heap        ] GC(85)   class space    used 83K, committed 192K, reserved 1048576K
[23.322s][debug  ][gc,tlab        ] GC(85) TLAB totals: thrds: 1  refills: 1 max: 1 slow allocs: 17 max 17 waste: 26.9% gc: 3862088B max: 3862088B slow: 0B max: 0B
[23.322s][info   ][gc,start       ] GC(85) Pause Young (Allocation Failure)
[23.322s][debug  ][gc,phases,start] GC(85) Scavenge
[23.337s][debug  ][gc,phases      ] GC(85) Scavenge 14.523ms
[23.337s][debug  ][gc,phases,start] GC(85) Reference Processing
[23.337s][debug  ][gc,ref         ] GC(85) Skipped phase 1 of Reference Processing: no references
[23.337s][debug  ][gc,ref         ] GC(85) Skipped phase 2 of Reference Processing: no references
[23.337s][debug  ][gc,ref         ] GC(85) Skipped phase 3 of Reference Processing: no references
[23.337s][debug  ][gc,ref         ] GC(85) Skipped phase 4 of Reference Processing: no references
[23.337s][debug  ][gc,phases,ref  ] GC(85) Reference Processing: 0.1ms
[23.337s][debug  ][gc,phases,ref  ] GC(85)   Reconsider SoftReferences: 0.0ms
[23.337s][debug  ][gc,phases,ref  ] GC(85)     SoftRef (ms):                  skipped
[23.337s][debug  ][gc,phases,ref  ] GC(85)   Notify Soft/WeakReferences: 0.0ms
[23.337s][debug  ][gc,phases,ref  ] GC(85)     SoftRef (ms):                  skipped
[23.337s][debug  ][gc,phases,ref  ] GC(85)     WeakRef (ms):                  skipped
[23.337s][debug  ][gc,phases,ref  ] GC(85)     FinalRef (ms):                 skipped
[23.337s][debug  ][gc,phases,ref  ] GC(85)     Total (ms):                    skipped
[23.337s][debug  ][gc,phases,ref  ] GC(85)   Notify and keep alive finalizable: 0.0ms
[23.337s][debug  ][gc,phases,ref  ] GC(85)     FinalRef (ms):                 skipped
[23.337s][debug  ][gc,phases,ref  ] GC(85)   Notify PhantomReferences: 0.0ms
[23.337s][debug  ][gc,phases,ref  ] GC(85)     PhantomRef (ms):               skipped
[23.337s][debug  ][gc,phases,ref  ] GC(85)   SoftReference:
[23.337s][debug  ][gc,phases,ref  ] GC(85)     Discovered: 0
[23.337s][debug  ][gc,phases,ref  ] GC(85)     Cleared: 0
[23.337s][debug  ][gc,phases,ref  ] GC(85)   WeakReference:
[23.337s][debug  ][gc,phases,ref  ] GC(85)     Discovered: 0
[23.337s][debug  ][gc,phases,ref  ] GC(85)     Cleared: 0
[23.337s][debug  ][gc,phases,ref  ] GC(85)   FinalReference:
[23.337s][debug  ][gc,phases,ref  ] GC(85)     Discovered: 0
[23.337s][debug  ][gc,phases,ref  ] GC(85)     Cleared: 0
[23.337s][debug  ][gc,phases,ref  ] GC(85)   PhantomReference:
[23.337s][debug  ][gc,phases,ref  ] GC(85)     Discovered: 0
[23.337s][debug  ][gc,phases,ref  ] GC(85)     Cleared: 0
[23.337s][debug  ][gc,phases      ] GC(85) Reference Processing 0.569ms
[23.337s][debug  ][gc,phases,start] GC(85) Weak Processing
[23.337s][debug  ][gc,phases      ] GC(85)   VM Weak                        Min:  0.0, Avg:  0.0, Max:  0.0, Diff:  0.0, Sum:  0.0, Workers: 6
[23.337s][debug  ][gc,phases      ] GC(85)     Dead                           Min: 0, Avg:  0.0, Max: 0, Diff: 0, Sum: 0, Workers: 6
[23.337s][debug  ][gc,phases      ] GC(85)     Total                          Min: 0, Avg:  1.3, Max: 8, Diff: 8, Sum: 8, Workers: 6
[23.337s][debug  ][gc,phases      ] GC(85)   ObjectSynchronizer Weak        Min:  0.0, Avg:  0.0, Max:  0.0, Diff:  0.0, Sum:  0.0, Workers: 6
[23.337s][debug  ][gc,phases      ] GC(85)     Dead                           Min: 0, Avg:  0.0, Max: 0, Diff: 0, Sum: 0, Workers: 6
[23.337s][debug  ][gc,phases      ] GC(85)     Total                          Min: 0, Avg:  0.5, Max: 3, Diff: 3, Sum: 3, Workers: 6
[23.337s][debug  ][gc,phases      ] GC(85)   JVMTI Tag Weak OopStorage      Min:  0.0, Avg:  0.0, Max:  0.0, Diff:  0.0, Sum:  0.0, Workers: 6
[23.337s][debug  ][gc,phases      ] GC(85)     Dead                           Min: 0, Avg:  0.0, Max: 0, Diff: 0, Sum: 0, Workers: 6
[23.337s][debug  ][gc,phases      ] GC(85)     Total                          Min: 0, Avg:  0.0, Max: 0, Diff: 0, Sum: 0, Workers: 6
[23.337s][debug  ][gc,phases      ] GC(85)   StringTable Weak               Min:  0.0, Avg:  0.0, Max:  0.0, Diff:  0.0, Sum:  0.0, Workers: 6
[23.337s][debug  ][gc,phases      ] GC(85)     Dead                           Min: 0, Avg:  0.0, Max: 0, Diff: 0, Sum: 0, Workers: 6
[23.337s][debug  ][gc,phases      ] GC(85)     Total                          Min: 640, Avg: 892.3, Max: 1216, Diff: 576, Sum: 5354, Workers: 6
[23.338s][debug  ][gc,phases      ] GC(85)   ResolvedMethodTable Weak       Min:  0.0, Avg:  0.0, Max:  0.0, Diff:  0.0, Sum:  0.0, Workers: 6
[23.338s][debug  ][gc,phases      ] GC(85)     Dead                           Min: 0, Avg:  0.0, Max: 0, Diff: 0, Sum: 0, Workers: 6
[23.338s][debug  ][gc,phases      ] GC(85)     Total                          Min: 0, Avg: 21.7, Max: 64, Diff: 64, Sum: 130, Workers: 6
[23.338s][debug  ][gc,phases      ] GC(85)   JNI Weak                       Min:  0.0, Avg:  0.0, Max:  0.0, Diff:  0.0, Sum:  0.0, Workers: 6
[23.338s][debug  ][gc,phases      ] GC(85)     Dead                           Min: 0, Avg:  0.0, Max: 0, Diff: 0, Sum: 0, Workers: 6
[23.338s][debug  ][gc,phases      ] GC(85)     Total                          Min: 0, Avg:  0.0, Max: 0, Diff: 0, Sum: 0, Workers: 6
[23.338s][debug  ][gc,phases      ] GC(85)   StringDedup Table Weak         Min:  0.0, Avg:  0.0, Max:  0.0, Diff:  0.0, Sum:  0.0, Workers: 6
[23.338s][debug  ][gc,phases      ] GC(85)     Dead                           Min: 0, Avg:  0.0, Max: 0, Diff: 0, Sum: 0, Workers: 6
[23.338s][debug  ][gc,phases      ] GC(85)     Total                          Min: 0, Avg:  0.0, Max: 0, Diff: 0, Sum: 0, Workers: 6
[23.338s][debug  ][gc,phases      ] GC(85)   StringDedup Requests0 Weak     Min:  0.0, Avg:  0.0, Max:  0.0, Diff:  0.0, Sum:  0.0, Workers: 6
[23.338s][debug  ][gc,phases      ] GC(85)     Dead                           Min: 0, Avg:  0.0, Max: 0, Diff: 0, Sum: 0, Workers: 6
[23.338s][debug  ][gc,phases      ] GC(85)     Total                          Min: 0, Avg:  0.0, Max: 0, Diff: 0, Sum: 0, Workers: 6
[23.338s][debug  ][gc,phases      ] GC(85)   StringDedup Requests1 Weak     Min:  0.0, Avg:  0.0, Max:  0.0, Diff:  0.0, Sum:  0.0, Workers: 6
[23.338s][debug  ][gc,phases      ] GC(85)     Dead                           Min: 0, Avg:  0.0, Max: 0, Diff: 0, Sum: 0, Workers: 6
[23.338s][debug  ][gc,phases      ] GC(85)     Total                          Min: 0, Avg:  0.0, Max: 0, Diff: 0, Sum: 0, Workers: 6
[23.338s][debug  ][gc,phases      ] GC(85)   Weak JFR Old Object Samples    Min:  0.0, Avg:  0.0, Max:  0.0, Diff:  0.0, Sum:  0.0, Workers: 6
[23.338s][debug  ][gc,phases      ] GC(85)     Dead                           Min: 0, Avg:  0.0, Max: 0, Diff: 0, Sum: 0, Workers: 6
[23.338s][debug  ][gc,phases      ] GC(85)     Total                          Min: 0, Avg:  0.0, Max: 0, Diff: 0, Sum: 0, Workers: 6
[23.338s][debug  ][gc,phases      ] GC(85) Weak Processing 0.712ms
[23.338s][debug  ][gc,ergo        ] GC(85) AdaptiveSizeStart:  collection: 86 
[23.338s][debug  ][gc,ergo        ] GC(85) avg_survived_padded_avg: 33387672.000000
[23.338s][debug  ][gc,ergo        ] GC(85) avg_promoted_padded_avg: 264308352.000000  avg_pretenured_padded_avg: 0.000000  tenuring_thresh: 5  target_size: 33554432
[23.338s][debug  ][gc,age         ] GC(85) Desired survivor size 33554432 bytes, new threshold 5 (max threshold 15)
[23.338s][debug  ][gc,ergo        ] GC(85) PSAdaptiveSizePolicy::compute_eden_space_size limits: desired_eden_size: 220835550 old_eden_size: 201326592 eden_limit: 201326592 cur_eden: 201326592 max_eden_size: 201326592 avg_young_live: 26002500
[23.338s][debug  ][gc,ergo        ] GC(85) PSAdaptiveSizePolicy::compute_eden_space_size: costs minor_time: 0.046576 major_cost: 0.049805 mutator_cost: 0.903619 throughput_goal: 0.990000
[23.338s][debug  ][gc,ergo        ] GC(85) Live_space: 1003453632 free_space: 1428160512
[23.338s][debug  ][gc,ergo        ] GC(85) Old eden_size: 201326592 desired_eden_size: 201326592
[23.338s][debug  ][gc,ergo        ] GC(85) AdaptiveSizeStop: collection: 86 
[23.338s][info   ][gc,heap        ] GC(85) PSYoungGen: 218811K(229376K)->30720K(229376K) Eden: 188091K(196608K)->0K(196608K) From: 30720K(32768K)->30720K(32768K)
[23.338s][info   ][gc,heap        ] GC(85) ParOldGen: 1015396K(1835008K)->1199716K(1835008K)
[23.338s][info   ][gc,metaspace   ] GC(85) Metaspace: 1022K(1216K)->1022K(1216K) NonClass: 938K(1024K)->938K(1024K) Class: 83K(192K)->83K(192K)
[23.338s][info   ][gc             ] GC(85) Pause Young (Allocation Failure) 1205M->1201M(2016M) 16.208ms
[23.338s][info   ][gc,cpu         ] GC(85) User=0.19s Sys=0.00s Real=0.02s
[23.338s][debug  ][gc,heap        ] GC(85) Heap after GC invocations=86 (full 14):
[23.338s][debug  ][gc,heap        ] GC(85)  PSYoungGen      total 229376K, used 30720K [0x00000000f0000000, 0x0000000100000000, 0x0000000100000000)
[23.338s][debug  ][gc,heap        ] GC(85)   eden space 196608K, 0% used [0x00000000f0000000,0x00000000f0000000,0x00000000fc000000)
[23.338s][debug  ][gc,heap        ] GC(85)   from space 32768K, 93% used [0x00000000fe000000,0x00000000ffe00030,0x0000000100000000)
[23.338s][debug  ][gc,heap        ] GC(85)   to   space 32768K, 0% used [0x00000000fc000000,0x00000000fc000000,0x00000000fe000000)
[23.338s][debug  ][gc,heap        ] GC(85)  ParOldGen       total 1835008K, used 1199716K [0x0000000080000000, 0x00000000f0000000, 0x00000000f0000000)
[23.338s][debug  ][gc,heap        ] GC(85)   object space 1835008K, 65% used [0x0000000080000000,0x00000000c9399328,0x00000000f0000000)
[23.338s][debug  ][gc,heap        ] GC(85)  Metaspace       used 1022K, committed 1216K, reserved 1056768K
[23.338s][debug  ][gc,heap        ] GC(85)   class space    used 83K, committed 192K, reserved 1048576K
[23.338s][debug  ][gc,task,time   ] GC(85) VM-Thread 233216405 233365786 233384053
[23.624s][debug  ][gc,heap        ] GC(86) Heap before GC invocations=87 (full 14):
[23.624s][debug  ][gc,heap        ] GC(86)  PSYoungGen      total 229376K, used 218840K [0x00000000f0000000, 0x0000000100000000, 0x0000000100000000)
[23.624s][debug  ][gc,heap        ] GC(86)   eden space 196608K, 95% used [0x00000000f0000000,0x00000000fb7b61e0,0x00000000fc000000)
[23.624s][debug  ][gc,heap        ] GC(86)   from space 32768K, 93% used [0x00000000fe000000,0x00000000ffe00030,0x0000000100000000)
[23.624s][debug  ][gc,heap        ] GC(86)   to   space 32768K, 0% used [0x00000000fc000000,0x00000000fc000000,0x00000000fe000000)
[23.624s][debug  ][gc,heap        ] GC(86)  ParOldGen       total 1835008K, used 1199716K [0x0000000080000000, 0x00000000f0000000, 0x00000000f0000000)
[23.624s][debug  ][gc,heap        ] GC(86)   object space 1835008K, 65% used [0x0000000080000000,0x00000000c9399328,0x00000000f0000000)
[23.624s][debug  ][gc,heap        ] GC(86)  Metaspace       used 1022K, committed 1216K, reserved 1056768K
[23.624s][debug  ][gc,heap        ] GC(86)   class space    used 83K, committed 192K, reserved 1048576K
[23.624s][debug  ][gc,tlab        ] GC(86) TLAB totals: thrds: 1  refills: 1 max: 1 slow allocs: 17 max 17 waste: 27.1% gc: 3891392B max: 3891392B slow: 0B max: 0B
[23.624s][info   ][gc,start       ] GC(86) Pause Young (Allocation Failure)
[23.624s][debug  ][gc,phases,start] GC(86) Scavenge
[23.640s][debug  ][gc,phases      ] GC(86) Scavenge 15.274ms
[23.640s][debug  ][gc,phases,start] GC(86) Reference Processing
[23.640s][debug  ][gc,ref         ] GC(86) Skipped phase 1 of Reference Processing: no references
[23.640s][debug  ][gc,ref         ] GC(86) Skipped phase 2 of Reference Processing: no references
[23.640s][debug  ][gc,ref         ] GC(86) Skipped phase 3 of Reference Processing: no references
[23.640s][debug  ][gc,ref         ] GC(86) Skipped phase 4 of Reference Processing: no references
[23.640s][debug  ][gc,phases,ref  ] GC(86) Reference Processing: 0.1ms
[23.640s][debug  ][gc,phases,ref  ] GC(86)   Reconsider SoftReferences: 0.0ms
[23.640s][debug  ][gc,phases,ref  ] GC(86)     SoftRef (ms):                  skipped
[23.640s][debug  ][gc,phases,ref  ] GC(86)   Notify Soft/WeakReferences: 0.0ms
[23.640s][debug  ][gc,phases,ref  ] GC(86)     SoftRef (ms):                  skipped
[23.640s][debug  ][gc,phases,ref  ] GC(86)     WeakRef (ms):                  skipped
[23.640s][debug  ][gc,phases,ref  ] GC(86)     FinalRef (ms):                 skipped
[23.640s][debug  ][gc,phases,ref  ] GC(86)     Total (ms):                    skipped
[23.640s][debug  ][gc,phases,ref  ] GC(86)   Notify and keep alive finalizable: 0.0ms
[23.640s][debug  ][gc,phases,ref  ] GC(86)     FinalRef (ms):                 skipped
[23.640s][debug  ][gc,phases,ref  ] GC(86)   Notify PhantomReferences: 0.0ms
[23.640s][debug  ][gc,phases,ref  ] GC(86)     PhantomRef (ms):               skipped
[23.640s][debug  ][gc,phases,ref  ] GC(86)   SoftReference:
[23.640s][debug  ][gc,phases,ref  ] GC(86)     Discovered: 0
[23.640s][debug  ][gc,phases,ref  ] GC(86)     Cleared: 0
[23.640s][debug  ][gc,phases,ref  ] GC(86)   WeakReference:
[23.640s][debug  ][gc,phases,ref  ] GC(86)     Discovered: 0
[23.640s][debug  ][gc,phases,ref  ] GC(86)     Cleared: 0
[23.640s][debug  ][gc,phases,ref  ] GC(86)   FinalReference:
[23.640s][debug  ][gc,phases,ref  ] GC(86)     Discovered: 0
[23.640s][debug  ][gc,phases,ref  ] GC(86)     Cleared: 0
[23.640s][debug  ][gc,phases,ref  ] GC(86)   PhantomReference:
[23.640s][debug  ][gc,phases,ref  ] GC(86)     Discovered: 0
[23.640s][debug  ][gc,phases,ref  ] GC(86)     Cleared: 0
[23.640s][debug  ][gc,phases      ] GC(86) Reference Processing 0.720ms
[23.640s][debug  ][gc,phases,start] GC(86) Weak Processing
[23.640s][debug  ][gc,phases      ] GC(86)   VM Weak                        Min:  0.0, Avg:  0.0, Max:  0.0, Diff:  0.0, Sum:  0.0, Workers: 6
[23.640s][debug  ][gc,phases      ] GC(86)     Dead                           Min: 0, Avg:  0.0, Max: 0, Diff: 0, Sum: 0, Workers: 6
[23.641s][debug  ][gc,phases      ] GC(86)     Total                          Min: 0, Avg:  1.3, Max: 8, Diff: 8, Sum: 8, Workers: 6
[23.641s][debug  ][gc,phases      ] GC(86)   ObjectSynchronizer Weak        Min:  0.0, Avg:  0.0, Max:  0.0, Diff:  0.0, Sum:  0.0, Workers: 6
[23.641s][debug  ][gc,phases      ] GC(86)     Dead                           Min: 0, Avg:  0.0, Max: 0, Diff: 0, Sum: 0, Workers: 6
[23.641s][debug  ][gc,phases      ] GC(86)     Total                          Min: 0, Avg:  0.5, Max: 3, Diff: 3, Sum: 3, Workers: 6
[23.641s][debug  ][gc,phases      ] GC(86)   JVMTI Tag Weak OopStorage      Min:  0.0, Avg:  0.0, Max:  0.0, Diff:  0.0, Sum:  0.0, Workers: 6
[23.641s][debug  ][gc,phases      ] GC(86)     Dead                           Min: 0, Avg:  0.0, Max: 0, Diff: 0, Sum: 0, Workers: 6
[23.641s][debug  ][gc,phases      ] GC(86)     Total                          Min: 0, Avg:  0.0, Max: 0, Diff: 0, Sum: 0, Workers: 6
[23.641s][debug  ][gc,phases      ] GC(86)   StringTable Weak               Min:  0.0, Avg:  0.0, Max:  0.0, Diff:  0.0, Sum:  0.0, Workers: 6
[23.641s][debug  ][gc,phases      ] GC(86)     Dead                           Min: 0, Avg:  0.0, Max: 0, Diff: 0, Sum: 0, Workers: 6
[23.641s][debug  ][gc,phases      ] GC(86)     Total                          Min: 704, Avg: 892.3, Max: 1152, Diff: 448, Sum: 5354, Workers: 6
[23.641s][debug  ][gc,phases      ] GC(86)   ResolvedMethodTable Weak       Min:  0.0, Avg:  0.0, Max:  0.0, Diff:  0.0, Sum:  0.0, Workers: 6
[23.641s][debug  ][gc,phases      ] GC(86)     Dead                           Min: 0, Avg:  0.0, Max: 0, Diff: 0, Sum: 0, Workers: 6
[23.641s][debug  ][gc,phases      ] GC(86)     Total                          Min: 0, Avg: 21.7, Max: 64, Diff: 64, Sum: 130, Workers: 6
[23.641s][debug  ][gc,phases      ] GC(86)   JNI Weak                       Min:  0.0, Avg:  0.0, Max:  0.0, Diff:  0.0, Sum:  0.0, Workers: 6
[23.641s][debug  ][gc,phases      ] GC(86)     Dead                           Min: 0, Avg:  0.0, Max: 0, Diff: 0, Sum: 0, Workers: 6
[23.641s][debug  ][gc,phases      ] GC(86)     Total                          Min: 0, Avg:  0.0, Max: 0, Diff: 0, Sum: 0, Workers: 6
[23.641s][debug  ][gc,phases      ] GC(86)   StringDedup Table Weak         Min:  0.0, Avg:  0.0, Max:  0.0, Diff:  0.0, Sum:  0.0, Workers: 6
[23.641s][debug  ][gc,phases      ] GC(86)     Dead                           Min: 0, Avg:  0.0, Max: 0, Diff: 0, Sum: 0, Workers: 6
[23.641s][debug  ][gc,phases      ] GC(86)     Total                          Min: 0, Avg:  0.0, Max: 0, Diff: 0, Sum: 0, Workers: 6
[23.641s][debug  ][gc,phases      ] GC(86)   StringDedup Requests0 Weak     Min:  0.0, Avg:  0.0, Max:  0.0, Diff:  0.0, Sum:  0.0, Workers: 6
[23.641s][debug  ][gc,phases      ] GC(86)     Dead                           Min: 0, Avg:  0.0, Max: 0, Diff: 0, Sum: 0, Workers: 6
[23.641s][debug  ][gc,phases      ] GC(86)     Total                          Min: 0, Avg:  0.0, Max: 0, Diff: 0, Sum: 0, Workers: 6
[23.641s][debug  ][gc,phases      ] GC(86)   StringDedup Requests1 Weak     Min:  0.0, Avg:  0.0, Max:  0.0, Diff:  0.0, Sum:  0.0, Workers: 6
[23.641s][debug  ][gc,phases      ] GC(86)     Dead                           Min: 0, Avg:  0.0, Max: 0, Diff: 0, Sum: 0, Workers: 6
[23.641s][debug  ][gc,phases      ] GC(86)     Total                          Min: 0, Avg:  0.0, Max: 0, Diff: 0, Sum: 0, Workers: 6
[23.641s][debug  ][gc,phases      ] GC(86)   Weak JFR Old Object Samples    Min:  0.0, Avg:  0.0, Max:  0.0, Diff:  0.0, Sum:  0.0, Workers: 6
[23.641s][debug  ][gc,phases      ] GC(86)     Dead                           Min: 0, Avg:  0.0, Max: 0, Diff: 0, Sum: 0, Workers: 6
[23.641s][debug  ][gc,phases      ] GC(86)     Total                          Min: 0, Avg:  0.0, Max: 0, Diff: 0, Sum: 0, Workers: 6
[23.641s][debug  ][gc,phases      ] GC(86) Weak Processing 0.737ms
[23.641s][debug  ][gc,ergo        ] GC(86) AdaptiveSizeStart:  collection: 87 
[23.641s][debug  ][gc,ergo        ] GC(86) avg_survived_padded_avg: 33329656.000000
[23.641s][debug  ][gc,ergo        ] GC(86) avg_promoted_padded_avg: 263784272.000000  avg_pretenured_padded_avg: 0.000000  tenuring_thresh: 5  target_size: 33554432
[23.641s][debug  ][gc,age         ] GC(86) Desired survivor size 33554432 bytes, new threshold 5 (max threshold 15)
[23.641s][debug  ][gc,ergo        ] GC(86) PSAdaptiveSizePolicy::compute_eden_space_size limits: desired_eden_size: 221316117 old_eden_size: 201326592 eden_limit: 201326592 cur_eden: 201326592 max_eden_size: 201326592 avg_young_live: 26547982
[23.641s][debug  ][gc,ergo        ] GC(86) PSAdaptiveSizePolicy::compute_eden_space_size: costs minor_time: 0.048849 major_cost: 0.049805 mutator_cost: 0.901347 throughput_goal: 0.990000
[23.641s][debug  ][gc,ergo        ] GC(86) Live_space: 1003999104 free_space: 1428160512
[23.641s][debug  ][gc,ergo        ] GC(86) Old eden_size: 201326592 desired_eden_size: 201326592
[23.641s][debug  ][gc,ergo        ] GC(86) AdaptiveSizeStop: collection: 87 
[23.641s][info   ][gc,heap        ] GC(86) PSYoungGen: 218840K(229376K)->30720K(229376K) Eden: 188120K(196608K)->0K(196608K) From: 30720K(32768K)->30720K(32768K)
[23.641s][info   ][gc,heap        ] GC(86) ParOldGen: 1199716K(1835008K)->1384037K(1835008K)
[23.641s][info   ][gc,metaspace   ] GC(86) Metaspace: 1022K(1216K)->1022K(1216K) NonClass: 938K(1024K)->938K(1024K) Class: 83K(192K)->83K(192K)
[23.641s][info   ][gc             ] GC(86) Pause Young (Allocation Failure) 1385M->1381M(2016M) 17.224ms
[23.641s][info   ][gc,cpu         ] GC(86) User=0.17s Sys=0.00s Real=0.02s
[23.642s][debug  ][gc,heap        ] GC(86) Heap after GC invocations=87 (full 14):
[23.642s][debug  ][gc,heap        ] GC(86)  PSYoungGen      total 229376K, used 30720K [0x00000000f0000000, 0x0000000100000000, 0x0000000100000000)
[23.642s][debug  ][gc,heap        ] GC(86)   eden space 196608K, 0% used [0x00000000f0000000,0x00000000f0000000,0x00000000fc000000)
[23.642s][debug  ][gc,heap        ] GC(86)   from space 32768K, 93% used [0x00000000fc000000,0x00000000fde00030,0x00000000fe000000)
[23.642s][debug  ][gc,heap        ] GC(86)   to   space 32768K, 0% used [0x00000000fe000000,0x00000000fe000000,0x0000000100000000)
[23.642s][debug  ][gc,heap        ] GC(86)  ParOldGen       total 1835008K, used 1384037K [0x0000000080000000, 0x00000000f0000000, 0x00000000f0000000)
[23.642s][debug  ][gc,heap        ] GC(86)   object space 1835008K, 75% used [0x0000000080000000,0x00000000d4799448,0x00000000f0000000)
[23.642s][debug  ][gc,heap        ] GC(86)  Metaspace       used 1022K, committed 1216K, reserved 1056768K
[23.642s][debug  ][gc,heap        ] GC(86)   class space    used 83K, committed 192K, reserved 1048576K
[23.642s][debug  ][gc,task,time   ] GC(86) VM-Thread 236237601 236396682 236417082
[23.925s][debug  ][gc,heap        ] GC(87) Heap before GC invocations=88 (full 14):
[23.925s][debug  ][gc,heap        ] GC(87)  PSYoungGen      total 229376K, used 218858K [0x00000000f0000000, 0x0000000100000000, 0x0000000100000000)
[23.925s][debug  ][gc,heap        ] GC(87)   eden space 196608K, 95% used [0x00000000f0000000,0x00000000fb7bab70,0x00000000fc000000)
[23.925s][debug  ][gc,heap        ] GC(87)   from space 32768K, 93% used [0x00000000fc000000,0x00000000fde00030,0x00000000fe000000)
[23.925s][debug  ][gc,heap        ] GC(87)   to   space 32768K, 0% used [0x00000000fe000000,0x00000000fe000000,0x0000000100000000)
[23.925s][debug  ][gc,heap        ] GC(87)  ParOldGen       total 1835008K, used 1384037K [0x0000000080000000, 0x00000000f0000000, 0x00000000f0000000)
[23.925s][debug  ][gc,heap        ] GC(87)   object space 1835008K, 75% used [0x0000000080000000,0x00000000d4799448,0x00000000f0000000)
[23.925s][debug  ][gc,heap        ] GC(87)  Metaspace       used 1022K, committed 1216K, reserved 1056768K
[23.925s][debug  ][gc,heap        ] GC(87)   class space    used 83K, committed 192K, reserved 1048576K
[23.925s][debug  ][gc,tlab        ] GC(87) TLAB totals: thrds: 1  refills: 1 max: 1 slow allocs: 17 max 17 waste: 27.2% gc: 3910224B max: 3910224B slow: 0B max: 0B
[23.925s][info   ][gc,start       ] GC(87) Pause Young (Allocation Failure)
[23.925s][debug  ][gc,phases,start] GC(87) Scavenge
[23.940s][debug  ][gc,phases      ] GC(87) Scavenge 15.279ms
[23.940s][debug  ][gc,phases,start] GC(87) Reference Processing
[23.941s][debug  ][gc,ref         ] GC(87) Skipped phase 1 of Reference Processing: no references
[23.941s][debug  ][gc,ref         ] GC(87) Skipped phase 2 of Reference Processing: no references
[23.941s][debug  ][gc,ref         ] GC(87) Skipped phase 3 of Reference Processing: no references
[23.941s][debug  ][gc,ref         ] GC(87) Skipped phase 4 of Reference Processing: no references
[23.941s][debug  ][gc,phases,ref  ] GC(87) Reference Processing: 0.1ms
[23.941s][debug  ][gc,phases,ref  ] GC(87)   Reconsider SoftReferences: 0.0ms
[23.941s][debug  ][gc,phases,ref  ] GC(87)     SoftRef (ms):                  skipped
[23.941s][debug  ][gc,phases,ref  ] GC(87)   Notify Soft/WeakReferences: 0.0ms
[23.941s][debug  ][gc,phases,ref  ] GC(87)     SoftRef (ms):                  skipped
[23.941s][debug  ][gc,phases,ref  ] GC(87)     WeakRef (ms):                  skipped
[23.941s][debug  ][gc,phases,ref  ] GC(87)     FinalRef (ms):                 skipped
[23.941s][debug  ][gc,phases,ref  ] GC(87)     Total (ms):                    skipped
[23.941s][debug  ][gc,phases,ref  ] GC(87)   Notify and keep alive finalizable: 0.0ms
[23.941s][debug  ][gc,phases,ref  ] GC(87)     FinalRef (ms):                 skipped
[23.941s][debug  ][gc,phases,ref  ] GC(87)   Notify PhantomReferences: 0.0ms
[23.941s][debug  ][gc,phases,ref  ] GC(87)     PhantomRef (ms):               skipped
[23.941s][debug  ][gc,phases,ref  ] GC(87)   SoftReference:
[23.941s][debug  ][gc,phases,ref  ] GC(87)     Discovered: 0
[23.941s][debug  ][gc,phases,ref  ] GC(87)     Cleared: 0
[23.941s][debug  ][gc,phases,ref  ] GC(87)   WeakReference:
[23.941s][debug  ][gc,phases,ref  ] GC(87)     Discovered: 0
[23.941s][debug  ][gc,phases,ref  ] GC(87)     Cleared: 0
[23.941s][debug  ][gc,phases,ref  ] GC(87)   FinalReference:
[23.941s][debug  ][gc,phases,ref  ] GC(87)     Discovered: 0
[23.941s][debug  ][gc,phases,ref  ] GC(87)     Cleared: 0
[23.941s][debug  ][gc,phases,ref  ] GC(87)   PhantomReference:
[23.941s][debug  ][gc,phases,ref  ] GC(87)     Discovered: 0
[23.941s][debug  ][gc,phases,ref  ] GC(87)     Cleared: 0
[23.941s][debug  ][gc,phases      ] GC(87) Reference Processing 0.703ms
[23.941s][debug  ][gc,phases,start] GC(87) Weak Processing
[23.941s][debug  ][gc,phases      ] GC(87)   VM Weak                        Min:  0.0, Avg:  0.0, Max:  0.0, Diff:  0.0, Sum:  0.0, Workers: 6
[23.941s][debug  ][gc,phases      ] GC(87)     Dead                           Min: 0, Avg:  0.0, Max: 0, Diff: 0, Sum: 0, Workers: 6
[23.941s][debug  ][gc,phases      ] GC(87)     Total                          Min: 0, Avg:  1.3, Max: 8, Diff: 8, Sum: 8, Workers: 6
[23.941s][debug  ][gc,phases      ] GC(87)   ObjectSynchronizer Weak        Min:  0.0, Avg:  0.0, Max:  0.0, Diff:  0.0, Sum:  0.0, Workers: 6
[23.941s][debug  ][gc,phases      ] GC(87)     Dead                           Min: 0, Avg:  0.0, Max: 0, Diff: 0, Sum: 0, Workers: 6
[23.941s][debug  ][gc,phases      ] GC(87)     Total                          Min: 0, Avg:  0.5, Max: 3, Diff: 3, Sum: 3, Workers: 6
[23.941s][debug  ][gc,phases      ] GC(87)   JVMTI Tag Weak OopStorage      Min:  0.0, Avg:  0.0, Max:  0.0, Diff:  0.0, Sum:  0.0, Workers: 6
[23.941s][debug  ][gc,phases      ] GC(87)     Dead                           Min: 0, Avg:  0.0, Max: 0, Diff: 0, Sum: 0, Workers: 6
[23.941s][debug  ][gc,phases      ] GC(87)     Total                          Min: 0, Avg:  0.0, Max: 0, Diff: 0, Sum: 0, Workers: 6
[23.941s][debug  ][gc,phases      ] GC(87)   StringTable Weak               Min:  0.0, Avg:  0.0, Max:  0.0, Diff:  0.0, Sum:  0.0, Workers: 6
[23.942s][debug  ][gc,phases      ] GC(87)     Dead                           Min: 0, Avg:  0.0, Max: 0, Diff: 0, Sum: 0, Workers: 6
[23.942s][debug  ][gc,phases      ] GC(87)     Total                          Min: 811, Avg: 892.3, Max: 1024, Diff: 213, Sum: 5354, Workers: 6
[23.942s][debug  ][gc,phases      ] GC(87)   ResolvedMethodTable Weak       Min:  0.0, Avg:  0.0, Max:  0.0, Diff:  0.0, Sum:  0.0, Workers: 6
[23.942s][debug  ][gc,phases      ] GC(87)     Dead                           Min: 0, Avg:  0.0, Max: 0, Diff: 0, Sum: 0, Workers: 6
[23.942s][debug  ][gc,phases      ] GC(87)     Total                          Min: 0, Avg: 21.7, Max: 64, Diff: 64, Sum: 130, Workers: 6
[23.942s][debug  ][gc,phases      ] GC(87)   JNI Weak                       Min:  0.0, Avg:  0.0, Max:  0.0, Diff:  0.0, Sum:  0.0, Workers: 6
[23.942s][debug  ][gc,phases      ] GC(87)     Dead                           Min: 0, Avg:  0.0, Max: 0, Diff: 0, Sum: 0, Workers: 6
[23.942s][debug  ][gc,phases      ] GC(87)     Total                          Min: 0, Avg:  0.0, Max: 0, Diff: 0, Sum: 0, Workers: 6
[23.942s][debug  ][gc,phases      ] GC(87)   StringDedup Table Weak         Min:  0.0, Avg:  0.0, Max:  0.0, Diff:  0.0, Sum:  0.0, Workers: 6
[23.942s][debug  ][gc,phases      ] GC(87)     Dead                           Min: 0, Avg:  0.0, Max: 0, Diff: 0, Sum: 0, Workers: 6
[23.942s][debug  ][gc,phases      ] GC(87)     Total                          Min: 0, Avg:  0.0, Max: 0, Diff: 0, Sum: 0, Workers: 6
[23.942s][debug  ][gc,phases      ] GC(87)   StringDedup Requests0 Weak     Min:  0.0, Avg:  0.0, Max:  0.0, Diff:  0.0, Sum:  0.0, Workers: 6
[23.942s][debug  ][gc,phases      ] GC(87)     Dead                           Min: 0, Avg:  0.0, Max: 0, Diff: 0, Sum: 0, Workers: 6
[23.942s][debug  ][gc,phases      ] GC(87)     Total                          Min: 0, Avg:  0.0, Max: 0, Diff: 0, Sum: 0, Workers: 6
[23.942s][debug  ][gc,phases      ] GC(87)   StringDedup Requests1 Weak     Min:  0.0, Avg:  0.0, Max:  0.0, Diff:  0.0, Sum:  0.0, Workers: 6
[23.942s][debug  ][gc,phases      ] GC(87)     Dead                           Min: 0, Avg:  0.0, Max: 0, Diff: 0, Sum: 0, Workers: 6
[23.942s][debug  ][gc,phases      ] GC(87)     Total                          Min: 0, Avg:  0.0, Max: 0, Diff: 0, Sum: 0, Workers: 6
[23.942s][debug  ][gc,phases      ] GC(87)   Weak JFR Old Object Samples    Min:  0.0, Avg:  0.0, Max:  0.0, Diff:  0.0, Sum:  0.0, Workers: 6
[23.942s][debug  ][gc,phases      ] GC(87)     Dead                           Min: 0, Avg:  0.0, Max: 0, Diff: 0, Sum: 0, Workers: 6
[23.942s][debug  ][gc,phases      ] GC(87)     Total                          Min: 0, Avg:  0.0, Max: 0, Diff: 0, Sum: 0, Workers: 6
[23.942s][debug  ][gc,phases      ] GC(87) Weak Processing 0.743ms
[23.942s][debug  ][gc,ergo        ] GC(87) AdaptiveSizeStart:  collection: 88 
[23.942s][debug  ][gc,ergo        ] GC(87) avg_survived_padded_avg: 33263940.000000
[23.942s][debug  ][gc,ergo        ] GC(87) avg_promoted_padded_avg: 262609360.000000  avg_pretenured_padded_avg: 0.000000  tenuring_thresh: 5  target_size: 33554432
[23.942s][debug  ][gc,age         ] GC(87) Desired survivor size 33554432 bytes, new threshold 5 (max threshold 15)
[23.942s][debug  ][gc,ergo        ] GC(87) PSAdaptiveSizePolicy::compute_eden_space_size limits: desired_eden_size: 221680544 old_eden_size: 201326592 eden_limit: 201326592 cur_eden: 201326592 max_eden_size: 201326592 avg_young_live: 27038916
[23.942s][debug  ][gc,ergo        ] GC(87) PSAdaptiveSizePolicy::compute_eden_space_size: costs minor_time: 0.050645 major_cost: 0.049805 mutator_cost: 0.899550 throughput_goal: 0.990000
[23.942s][debug  ][gc,ergo        ] GC(87) Live_space: 1004490048 free_space: 1428160512
[23.942s][debug  ][gc,ergo        ] GC(87) Old eden_size: 201326592 desired_eden_size: 201326592
[23.942s][debug  ][gc,ergo        ] GC(87) AdaptiveSizeStop: collection: 88 
[23.942s][info   ][gc,heap        ] GC(87) PSYoungGen: 218858K(229376K)->30720K(229376K) Eden: 188138K(196608K)->0K(196608K) From: 30720K(32768K)->30720K(32768K)
[23.942s][info   ][gc,heap        ] GC(87) ParOldGen: 1384037K(1835008K)->1568357K(1835008K)
[23.942s][info   ][gc,metaspace   ] GC(87) Metaspace: 1022K(1216K)->1022K(1216K) NonClass: 938K(1024K)->938K(1024K) Class: 83K(192K)->83K(192K)
[23.942s][info   ][gc             ] GC(87) Pause Young (Allocation Failure) 1565M->1561M(2016M) 17.224ms
[23.942s][info   ][gc,cpu         ] GC(87) User=0.16s Sys=0.00s Real=0.02s
[23.942s][debug  ][gc,heap        ] GC(87) Heap after GC invocations=88 (full 14):
[23.942s][debug  ][gc,heap        ] GC(87)  PSYoungGen      total 229376K, used 30720K [0x00000000f0000000, 0x0000000100000000, 0x0000000100000000)
[23.942s][debug  ][gc,heap        ] GC(87)   eden space 196608K, 0% used [0x00000000f0000000,0x00000000f0000000,0x00000000fc000000)
[23.942s][debug  ][gc,heap        ] GC(87)   from space 32768K, 93% used [0x00000000fe000000,0x00000000ffe00030,0x0000000100000000)
[23.942s][debug  ][gc,heap        ] GC(87)   to   space 32768K, 0% used [0x00000000fc000000,0x00000000fc000000,0x00000000fe000000)
[23.942s][debug  ][gc,heap        ] GC(87)  ParOldGen       total 1835008K, used 1568357K [0x0000000080000000, 0x00000000f0000000, 0x00000000f0000000)
[23.942s][debug  ][gc,heap        ] GC(87)   object space 1835008K, 85% used [0x0000000080000000,0x00000000dfb99568,0x00000000f0000000)
[23.942s][debug  ][gc,heap        ] GC(87)  Metaspace       used 1022K, committed 1216K, reserved 1056768K
[23.943s][debug  ][gc,heap        ] GC(87)   class space    used 83K, committed 192K, reserved 1048576K
[23.943s][debug  ][gc,task,time   ] GC(87) VM-Thread 239246380 239404944 239426015
[24.226s][debug  ][gc,heap        ] GC(88) Heap before GC invocations=89 (full 14):
[24.226s][debug  ][gc,heap        ] GC(88)  PSYoungGen      total 229376K, used 218870K [0x00000000f0000000, 0x0000000100000000, 0x0000000100000000)
[24.226s][debug  ][gc,heap        ] GC(88)   eden space 196608K, 95% used [0x00000000f0000000,0x00000000fb7bdab8,0x00000000fc000000)
[24.226s][debug  ][gc,heap        ] GC(88)   from space 32768K, 93% used [0x00000000fe000000,0x00000000ffe00030,0x0000000100000000)
[24.226s][debug  ][gc,heap        ] GC(88)   to   space 32768K, 0% used [0x00000000fc000000,0x00000000fc000000,0x00000000fe000000)
[24.226s][debug  ][gc,heap        ] GC(88)  ParOldGen       total 1835008K, used 1568357K [0x0000000080000000, 0x00000000f0000000, 0x00000000f0000000)
[24.226s][debug  ][gc,heap        ] GC(88)   object space 1835008K, 85% used [0x0000000080000000,0x00000000dfb99568,0x00000000f0000000)
[24.226s][debug  ][gc,heap        ] GC(88)  Metaspace       used 1022K, committed 1216K, reserved 1056768K
[24.226s][debug  ][gc,heap        ] GC(88)   class space    used 83K, committed 192K, reserved 1048576K
[24.226s][debug  ][gc,tlab        ] GC(88) TLAB totals: thrds: 1  refills: 1 max: 1 slow allocs: 17 max 17 waste: 27.2% gc: 3922328B max: 3922328B slow: 0B max: 0B
[24.226s][info   ][gc,start       ] GC(88) Pause Young (Allocation Failure)
[24.226s][debug  ][gc,phases,start] GC(88) Scavenge
[24.241s][debug  ][gc,phases      ] GC(88) Scavenge 15.127ms
[24.241s][debug  ][gc,phases,start] GC(88) Reference Processing
[24.241s][debug  ][gc,ref         ] GC(88) Skipped phase 1 of Reference Processing: no references
[24.241s][debug  ][gc,ref         ] GC(88) Skipped phase 2 of Reference Processing: no references
[24.241s][debug  ][gc,ref         ] GC(88) Skipped phase 3 of Reference Processing: no references
[24.241s][debug  ][gc,ref         ] GC(88) Skipped phase 4 of Reference Processing: no references
[24.241s][debug  ][gc,phases,ref  ] GC(88) Reference Processing: 0.1ms
[24.241s][debug  ][gc,phases,ref  ] GC(88)   Reconsider SoftReferences: 0.0ms
[24.241s][debug  ][gc,phases,ref  ] GC(88)     SoftRef (ms):                  skipped
[24.242s][debug  ][gc,phases,ref  ] GC(88)   Notify Soft/WeakReferences: 0.0ms
[24.242s][debug  ][gc,phases,ref  ] GC(88)     SoftRef (ms):                  skipped
[24.242s][debug  ][gc,phases,ref  ] GC(88)     WeakRef (ms):                  skipped
[24.242s][debug  ][gc,phases,ref  ] GC(88)     FinalRef (ms):                 skipped
[24.242s][debug  ][gc,phases,ref  ] GC(88)     Total (ms):                    skipped
[24.242s][debug  ][gc,phases,ref  ] GC(88)   Notify and keep alive finalizable: 0.0ms
[24.242s][debug  ][gc,phases,ref  ] GC(88)     FinalRef (ms):                 skipped
[24.242s][debug  ][gc,phases,ref  ] GC(88)   Notify PhantomReferences: 0.0ms
[24.242s][debug  ][gc,phases,ref  ] GC(88)     PhantomRef (ms):               skipped
[24.242s][debug  ][gc,phases,ref  ] GC(88)   SoftReference:
[24.242s][debug  ][gc,phases,ref  ] GC(88)     Discovered: 0
[24.242s][debug  ][gc,phases,ref  ] GC(88)     Cleared: 0
[24.242s][debug  ][gc,phases,ref  ] GC(88)   WeakReference:
[24.242s][debug  ][gc,phases,ref  ] GC(88)     Discovered: 0
[24.242s][debug  ][gc,phases,ref  ] GC(88)     Cleared: 0
[24.242s][debug  ][gc,phases,ref  ] GC(88)   FinalReference:
[24.242s][debug  ][gc,phases,ref  ] GC(88)     Discovered: 0
[24.242s][debug  ][gc,phases,ref  ] GC(88)     Cleared: 0
[24.242s][debug  ][gc,phases,ref  ] GC(88)   PhantomReference:
[24.242s][debug  ][gc,phases,ref  ] GC(88)     Discovered: 0
[24.242s][debug  ][gc,phases,ref  ] GC(88)     Cleared: 0
[24.242s][debug  ][gc,phases      ] GC(88) Reference Processing 0.682ms
[24.242s][debug  ][gc,phases,start] GC(88) Weak Processing
[24.242s][debug  ][gc,phases      ] GC(88)   VM Weak                        Min:  0.0, Avg:  0.0, Max:  0.0, Diff:  0.0, Sum:  0.0, Workers: 6
[24.242s][debug  ][gc,phases      ] GC(88)     Dead                           Min: 0, Avg:  0.0, Max: 0, Diff: 0, Sum: 0, Workers: 6
[24.242s][debug  ][gc,phases      ] GC(88)     Total                          Min: 0, Avg:  1.3, Max: 8, Diff: 8, Sum: 8, Workers: 6
[24.242s][debug  ][gc,phases      ] GC(88)   ObjectSynchronizer Weak        Min:  0.0, Avg:  0.0, Max:  0.0, Diff:  0.0, Sum:  0.0, Workers: 6
[24.242s][debug  ][gc,phases      ] GC(88)     Dead                           Min: 0, Avg:  0.0, Max: 0, Diff: 0, Sum: 0, Workers: 6
[24.242s][debug  ][gc,phases      ] GC(88)     Total                          Min: 0, Avg:  0.5, Max: 3, Diff: 3, Sum: 3, Workers: 6
[24.242s][debug  ][gc,phases      ] GC(88)   JVMTI Tag Weak OopStorage      Min:  0.0, Avg:  0.0, Max:  0.0, Diff:  0.0, Sum:  0.0, Workers: 6
[24.242s][debug  ][gc,phases      ] GC(88)     Dead                           Min: 0, Avg:  0.0, Max: 0, Diff: 0, Sum: 0, Workers: 6
[24.242s][debug  ][gc,phases      ] GC(88)     Total                          Min: 0, Avg:  0.0, Max: 0, Diff: 0, Sum: 0, Workers: 6
[24.242s][debug  ][gc,phases      ] GC(88)   StringTable Weak               Min:  0.0, Avg:  0.0, Max:  0.0, Diff:  0.0, Sum:  0.0, Workers: 6
[24.242s][debug  ][gc,phases      ] GC(88)     Dead                           Min: 0, Avg:  0.0, Max: 0, Diff: 0, Sum: 0, Workers: 6
[24.242s][debug  ][gc,phases      ] GC(88)     Total                          Min: 639, Avg: 892.3, Max: 1088, Diff: 449, Sum: 5354, Workers: 6
[24.242s][debug  ][gc,phases      ] GC(88)   ResolvedMethodTable Weak       Min:  0.0, Avg:  0.0, Max:  0.0, Diff:  0.0, Sum:  0.0, Workers: 6
[24.242s][debug  ][gc,phases      ] GC(88)     Dead                           Min: 0, Avg:  0.0, Max: 0, Diff: 0, Sum: 0, Workers: 6
[24.242s][debug  ][gc,phases      ] GC(88)     Total                          Min: 0, Avg: 21.7, Max: 64, Diff: 64, Sum: 130, Workers: 6
[24.242s][debug  ][gc,phases      ] GC(88)   JNI Weak                       Min:  0.0, Avg:  0.0, Max:  0.0, Diff:  0.0, Sum:  0.0, Workers: 6
[24.242s][debug  ][gc,phases      ] GC(88)     Dead                           Min: 0, Avg:  0.0, Max: 0, Diff: 0, Sum: 0, Workers: 6
[24.243s][debug  ][gc,phases      ] GC(88)     Total                          Min: 0, Avg:  0.0, Max: 0, Diff: 0, Sum: 0, Workers: 6
[24.243s][debug  ][gc,phases      ] GC(88)   StringDedup Table Weak         Min:  0.0, Avg:  0.0, Max:  0.0, Diff:  0.0, Sum:  0.0, Workers: 6
[24.243s][debug  ][gc,phases      ] GC(88)     Dead                           Min: 0, Avg:  0.0, Max: 0, Diff: 0, Sum: 0, Workers: 6
[24.243s][debug  ][gc,phases      ] GC(88)     Total                          Min: 0, Avg:  0.0, Max: 0, Diff: 0, Sum: 0, Workers: 6
[24.243s][debug  ][gc,phases      ] GC(88)   StringDedup Requests0 Weak     Min:  0.0, Avg:  0.0, Max:  0.0, Diff:  0.0, Sum:  0.0, Workers: 6
[24.243s][debug  ][gc,phases      ] GC(88)     Dead                           Min: 0, Avg:  0.0, Max: 0, Diff: 0, Sum: 0, Workers: 6
[24.243s][debug  ][gc,phases      ] GC(88)     Total                          Min: 0, Avg:  0.0, Max: 0, Diff: 0, Sum: 0, Workers: 6
[24.243s][debug  ][gc,phases      ] GC(88)   StringDedup Requests1 Weak     Min:  0.0, Avg:  0.0, Max:  0.0, Diff:  0.0, Sum:  0.0, Workers: 6
[24.243s][debug  ][gc,phases      ] GC(88)     Dead                           Min: 0, Avg:  0.0, Max: 0, Diff: 0, Sum: 0, Workers: 6
[24.243s][debug  ][gc,phases      ] GC(88)     Total                          Min: 0, Avg:  0.0, Max: 0, Diff: 0, Sum: 0, Workers: 6
[24.243s][debug  ][gc,phases      ] GC(88)   Weak JFR Old Object Samples    Min:  0.0, Avg:  0.0, Max:  0.0, Diff:  0.0, Sum:  0.0, Workers: 6
[24.243s][debug  ][gc,phases      ] GC(88)     Dead                           Min: 0, Avg:  0.0, Max: 0, Diff: 0, Sum: 0, Workers: 6
[24.243s][debug  ][gc,phases      ] GC(88)     Total                          Min: 0, Avg:  0.0, Max: 0, Diff: 0, Sum: 0, Workers: 6
[24.243s][debug  ][gc,phases      ] GC(88) Weak Processing 0.801ms
[24.243s][debug  ][gc,ergo        ] GC(88) AdaptiveSizeStart:  collection: 89 
[24.243s][debug  ][gc,ergo        ] GC(88) avg_survived_padded_avg: 33192644.000000
[24.243s][debug  ][gc,ergo        ] GC(88) avg_promoted_padded_avg: 260919040.000000  avg_pretenured_padded_avg: 0.000000  tenuring_thresh: 5  target_size: 33554432
[24.243s][debug  ][gc,age         ] GC(88) Desired survivor size 33554432 bytes, new threshold 5 (max threshold 15)
[24.243s][debug  ][gc,ergo        ] GC(88) PSAdaptiveSizePolicy::compute_eden_space_size limits: desired_eden_size: 221927466 old_eden_size: 201326592 eden_limit: 201326592 cur_eden: 201326592 max_eden_size: 201326592 avg_young_live: 27480756
[24.243s][debug  ][gc,ergo        ] GC(88) PSAdaptiveSizePolicy::compute_eden_space_size: costs minor_time: 0.051900 major_cost: 0.049805 mutator_cost: 0.898296 throughput_goal: 0.990000
[24.243s][debug  ][gc,ergo        ] GC(88) Live_space: 1004931904 free_space: 1428160512
[24.243s][debug  ][gc,ergo        ] GC(88) Old eden_size: 201326592 desired_eden_size: 201326592
[24.243s][debug  ][gc,ergo        ] GC(88) AdaptiveSizeStop: collection: 89 
[24.243s][info   ][gc,heap        ] GC(88) PSYoungGen: 218870K(229376K)->30720K(229376K) Eden: 188150K(196608K)->0K(196608K) From: 30720K(32768K)->30720K(32768K)
[24.243s][info   ][gc,heap        ] GC(88) ParOldGen: 1568357K(1835008K)->1752677K(1835008K)
[24.243s][info   ][gc,metaspace   ] GC(88) Metaspace: 1022K(1216K)->1022K(1216K) NonClass: 938K(1024K)->938K(1024K) Class: 83K(192K)->83K(192K)
[24.243s][info   ][gc             ] GC(88) Pause Young (Allocation Failure) 1745M->1741M(2016M) 17.095ms
[24.243s][info   ][gc,cpu         ] GC(88) User=0.19s Sys=0.00s Real=0.02s
[24.243s][debug  ][gc,heap        ] GC(88) Heap after GC invocations=89 (full 14):
[24.243s][debug  ][gc,heap        ] GC(88)  PSYoungGen      total 229376K, used 30720K [0x00000000f0000000, 0x0000000100000000, 0x0000000100000000)
[24.243s][debug  ][gc,heap        ] GC(88)   eden space 196608K, 0% used [0x00000000f0000000,0x00000000f0000000,0x00000000fc000000)
[24.243s][debug  ][gc,heap        ] GC(88)   from space 32768K, 93% used [0x00000000fc000000,0x00000000fde00030,0x00000000fe000000)
[24.243s][debug  ][gc,heap        ] GC(88)   to   space 32768K, 0% used [0x00000000fe000000,0x00000000fe000000,0x0000000100000000)
[24.243s][debug  ][gc,heap        ] GC(88)  ParOldGen       total 1835008K, used 1752677K [0x0000000080000000, 0x00000000f0000000, 0x00000000f0000000)
[24.243s][debug  ][gc,heap        ] GC(88)   object space 1835008K, 95% used [0x0000000080000000,0x00000000eaf99688,0x00000000f0000000)
[24.243s][debug  ][gc,heap        ] GC(88)  Metaspace       used 1022K, committed 1216K, reserved 1056768K
[24.243s][debug  ][gc,heap        ] GC(88)   class space    used 83K, committed 192K, reserved 1048576K
[24.243s][debug  ][gc,task,time   ] GC(88) VM-Thread 242255765 242412875 242433573
[24.243s][debug  ][gc,phases,start] GC(89) Pre Compact
[24.243s][debug  ][gc,heap        ] GC(89) Heap before GC invocations=90 (full 15):
[24.243s][debug  ][gc,heap        ] GC(89)  PSYoungGen      total 229376K, used 30720K [0x00000000f0000000, 0x0000000100000000, 0x0000000100000000)
[24.243s][debug  ][gc,heap        ] GC(89)   eden space 196608K, 0% used [0x00000000f0000000,0x00000000f0000000,0x00000000fc000000)
[24.243s][debug  ][gc,heap        ] GC(89)   from space 32768K, 93% used [0x00000000fc000000,0x00000000fde00030,0x00000000fe000000)
[24.243s][debug  ][gc,heap        ] GC(89)   to   space 32768K, 0% used [0x00000000fe000000,0x00000000fe000000,0x0000000100000000)
[24.243s][debug  ][gc,heap        ] GC(89)  ParOldGen       total 1835008K, used 1752677K [0x0000000080000000, 0x00000000f0000000, 0x00000000f0000000)
[24.244s][debug  ][gc,heap        ] GC(89)   object space 1835008K, 95% used [0x0000000080000000,0x00000000eaf99688,0x00000000f0000000)
[24.244s][debug  ][gc,heap        ] GC(89)  Metaspace       used 1022K, committed 1216K, reserved 1056768K
[24.244s][debug  ][gc,heap        ] GC(89)   class space    used 83K, committed 192K, reserved 1048576K
[24.244s][debug  ][gc,phases      ] GC(89) Pre Compact 0.200ms
[24.244s][info   ][gc,start       ] GC(89) Pause Full (Ergonomics)
[24.244s][info   ][gc,phases,start] GC(89) Marking Phase
[24.244s][debug  ][gc,phases,start] GC(89) Par Mark
[24.244s][debug  ][gc,phases      ] GC(89) Par Mark 0.528ms
[24.244s][debug  ][gc,phases,start] GC(89) Reference Processing
[24.244s][debug  ][gc,ref         ] GC(89) Skipped phase 1 of Reference Processing: no references
[24.244s][debug  ][gc,ref         ] GC(89) ReferenceProcessor::execute queues: 1, RefProcThreadModel::Single, marks_oops_alive: false
[24.244s][debug  ][gc,ref         ] GC(89) Skipped phase 3 of Reference Processing: no references
[24.244s][debug  ][gc,ref         ] GC(89) ReferenceProcessor::execute queues: 1, RefProcThreadModel::Single, marks_oops_alive: false
[24.244s][debug  ][gc,phases,ref  ] GC(89) Reference Processing: 0.1ms
[24.244s][debug  ][gc,phases,ref  ] GC(89)   Reconsider SoftReferences: 0.0ms
[24.244s][debug  ][gc,phases,ref  ] GC(89)     SoftRef (ms):                  skipped
[24.244s][debug  ][gc,phases,ref  ] GC(89)   Notify Soft/WeakReferences: 0.0ms
[24.244s][debug  ][gc,phases,ref  ] GC(89)     SoftRef (ms):                  Min:  0.0, Avg:  0.0, Max:  0.0, Diff:  0.0, Sum:  0.0, Workers: 12
[24.244s][debug  ][gc,phases,ref  ] GC(89)     WeakRef (ms):                  Min:  0.0, Avg:  0.0, Max:  0.0, Diff:  0.0, Sum:  0.0, Workers: 12
[24.244s][debug  ][gc,phases,ref  ] GC(89)     FinalRef (ms):                 Min:  0.0, Avg:  0.0, Max:  0.0, Diff:  0.0, Sum:  0.0, Workers: 12
[24.244s][debug  ][gc,phases,ref  ] GC(89)     Total (ms):                    Min:  0.0, Avg:  0.0, Max:  0.0, Diff:  0.0, Sum:  0.0, Workers: 12
[24.245s][debug  ][gc,phases,ref  ] GC(89)   Notify and keep alive finalizable: 0.0ms
[24.245s][debug  ][gc,phases,ref  ] GC(89)     FinalRef (ms):                 skipped
[24.245s][debug  ][gc,phases,ref  ] GC(89)   Notify PhantomReferences: 0.0ms
[24.245s][debug  ][gc,phases,ref  ] GC(89)     PhantomRef (ms):               Min:  0.0, Avg:  0.0, Max:  0.0, Diff:  0.0, Sum:  0.0, Workers: 12
[24.245s][debug  ][gc,phases,ref  ] GC(89)   SoftReference:
[24.245s][debug  ][gc,phases,ref  ] GC(89)     Discovered: 0
[24.245s][debug  ][gc,phases,ref  ] GC(89)     Cleared: 0
[24.245s][debug  ][gc,phases,ref  ] GC(89)   WeakReference:
[24.245s][debug  ][gc,phases,ref  ] GC(89)     Discovered: 76
[24.245s][debug  ][gc,phases,ref  ] GC(89)     Cleared: 76
[24.245s][debug  ][gc,phases,ref  ] GC(89)   FinalReference:
[24.245s][debug  ][gc,phases,ref  ] GC(89)     Discovered: 0
[24.245s][debug  ][gc,phases,ref  ] GC(89)     Cleared: 0
[24.245s][debug  ][gc,phases,ref  ] GC(89)   PhantomReference:
[24.245s][debug  ][gc,phases,ref  ] GC(89)     Discovered: 3
[24.245s][debug  ][gc,phases,ref  ] GC(89)     Cleared: 3
[24.245s][debug  ][gc,phases      ] GC(89) Reference Processing 0.577ms
[24.245s][debug  ][gc,phases,start] GC(89) Weak Processing
[24.245s][debug  ][gc,phases      ] GC(89)   VM Weak                        Min:  0.0, Avg:  0.0, Max:  0.0, Diff:  0.0, Sum:  0.0, Workers: 6
[24.245s][debug  ][gc,phases      ] GC(89)     Dead                           Min: 0, Avg:  0.0, Max: 0, Diff: 0, Sum: 0, Workers: 6
[24.245s][debug  ][gc,phases      ] GC(89)     Total                          Min: 0, Avg:  1.3, Max: 8, Diff: 8, Sum: 8, Workers: 6
[24.245s][debug  ][gc,phases      ] GC(89)   ObjectSynchronizer Weak        Min:  0.0, Avg:  0.0, Max:  0.0, Diff:  0.0, Sum:  0.0, Workers: 6
[24.245s][debug  ][gc,phases      ] GC(89)     Dead                           Min: 0, Avg:  0.0, Max: 0, Diff: 0, Sum: 0, Workers: 6
[24.245s][debug  ][gc,phases      ] GC(89)     Total                          Min: 0, Avg:  0.5, Max: 3, Diff: 3, Sum: 3, Workers: 6
[24.245s][debug  ][gc,phases      ] GC(89)   JVMTI Tag Weak OopStorage      Min:  0.0, Avg:  0.0, Max:  0.0, Diff:  0.0, Sum:  0.0, Workers: 6
[24.245s][debug  ][gc,phases      ] GC(89)     Dead                           Min: 0, Avg:  0.0, Max: 0, Diff: 0, Sum: 0, Workers: 6
[24.245s][debug  ][gc,phases      ] GC(89)     Total                          Min: 0, Avg:  0.0, Max: 0, Diff: 0, Sum: 0, Workers: 6
[24.245s][debug  ][gc,phases      ] GC(89)   StringTable Weak               Min:  0.0, Avg:  0.0, Max:  0.0, Diff:  0.0, Sum:  0.0, Workers: 6
[24.245s][debug  ][gc,phases      ] GC(89)     Dead                           Min: 0, Avg:  0.0, Max: 0, Diff: 0, Sum: 0, Workers: 6
[24.245s][debug  ][gc,phases      ] GC(89)     Total                          Min: 640, Avg: 892.3, Max: 1131, Diff: 491, Sum: 5354, Workers: 6
[24.245s][debug  ][gc,phases      ] GC(89)   ResolvedMethodTable Weak       Min:  0.0, Avg:  0.0, Max:  0.0, Diff:  0.0, Sum:  0.0, Workers: 6
[24.245s][debug  ][gc,phases      ] GC(89)     Dead                           Min: 0, Avg:  0.0, Max: 0, Diff: 0, Sum: 0, Workers: 6
[24.245s][debug  ][gc,phases      ] GC(89)     Total                          Min: 0, Avg: 21.7, Max: 64, Diff: 64, Sum: 130, Workers: 6
[24.245s][debug  ][gc,phases      ] GC(89)   JNI Weak                       Min:  0.0, Avg:  0.0, Max:  0.0, Diff:  0.0, Sum:  0.0, Workers: 6
[24.245s][debug  ][gc,phases      ] GC(89)     Dead                           Min: 0, Avg:  0.0, Max: 0, Diff: 0, Sum: 0, Workers: 6
[24.245s][debug  ][gc,phases      ] GC(89)     Total                          Min: 0, Avg:  0.0, Max: 0, Diff: 0, Sum: 0, Workers: 6
[24.245s][debug  ][gc,phases      ] GC(89)   StringDedup Table Weak         Min:  0.0, Avg:  0.0, Max:  0.0, Diff:  0.0, Sum:  0.0, Workers: 6
[24.245s][debug  ][gc,phases      ] GC(89)     Dead                           Min: 0, Avg:  0.0, Max: 0, Diff: 0, Sum: 0, Workers: 6
[24.245s][debug  ][gc,phases      ] GC(89)     Total                          Min: 0, Avg:  0.0, Max: 0, Diff: 0, Sum: 0, Workers: 6
[24.245s][debug  ][gc,phases      ] GC(89)   StringDedup Requests0 Weak     Min:  0.0, Avg:  0.0, Max:  0.0, Diff:  0.0, Sum:  0.0, Workers: 6
[24.245s][debug  ][gc,phases      ] GC(89)     Dead                           Min: 0, Avg:  0.0, Max: 0, Diff: 0, Sum: 0, Workers: 6
[24.245s][debug  ][gc,phases      ] GC(89)     Total                          Min: 0, Avg:  0.0, Max: 0, Diff: 0, Sum: 0, Workers: 6
[24.245s][debug  ][gc,phases      ] GC(89)   StringDedup Requests1 Weak     Min:  0.0, Avg:  0.0, Max:  0.0, Diff:  0.0, Sum:  0.0, Workers: 6
[24.245s][debug  ][gc,phases      ] GC(89)     Dead                           Min: 0, Avg:  0.0, Max: 0, Diff: 0, Sum: 0, Workers: 6
[24.245s][debug  ][gc,phases      ] GC(89)     Total                          Min: 0, Avg:  0.0, Max: 0, Diff: 0, Sum: 0, Workers: 6
[24.245s][debug  ][gc,phases      ] GC(89)   Weak JFR Old Object Samples    Min:  0.0, Avg:  0.0, Max:  0.0, Diff:  0.0, Sum:  0.0, Workers: 6
[24.246s][debug  ][gc,phases      ] GC(89)     Dead                           Min: 0, Avg:  0.0, Max: 0, Diff: 0, Sum: 0, Workers: 6
[24.246s][debug  ][gc,phases      ] GC(89)     Total                          Min: 0, Avg:  0.0, Max: 0, Diff: 0, Sum: 0, Workers: 6
[24.246s][debug  ][gc,phases      ] GC(89) Weak Processing 0.723ms
[24.246s][debug  ][gc,phases,start] GC(89) Class Unloading
[24.246s][debug  ][gc,phases,start] GC(89) ClassLoaderData
[24.246s][debug  ][gc,phases      ] GC(89) ClassLoaderData 0.019ms
[24.246s][debug  ][gc,phases,start] GC(89) Trigger cleanups
[24.246s][debug  ][gc,phases      ] GC(89) Trigger cleanups 0.019ms
[24.246s][debug  ][gc,phases      ] GC(89) Class Unloading 0.256ms
[24.246s][info   ][gc,phases      ] GC(89) Marking Phase 2.193ms
[24.246s][info   ][gc,phases,start] GC(89) Summary Phase
[24.246s][info   ][gc,phases      ] GC(89) Summary Phase 0.038ms
[24.246s][info   ][gc,phases,start] GC(89) Adjust Roots
[24.246s][info   ][gc,phases      ] GC(89) Adjust Roots 0.137ms
[24.246s][info   ][gc,phases,start] GC(89) Compaction Phase
[24.337s][info   ][gc,phases      ] GC(89) Compaction Phase 90.388ms
[24.337s][info   ][gc,phases,start] GC(89) Post Compact
[24.342s][info   ][gc,phases      ] GC(89) Post Compact 5.433ms
[24.342s][debug  ][gc,ergo        ] GC(89) AdaptiveSizeStart: collection: 90 
[24.342s][debug  ][gc,ergo        ] GC(89) PSAdaptiveSizePolicy::compute_eden_space_size limits: desired_eden_size: 221357184 old_eden_size: 201326592 eden_limit: 201326592 cur_eden: 201326592 max_eden_size: 201326592 avg_young_live: 24732680
[24.342s][debug  ][gc,ergo        ] GC(89) PSAdaptiveSizePolicy::compute_eden_space_size: costs minor_time: 0.051900 major_cost: 0.052700 mutator_cost: 0.895400 throughput_goal: 0.990000
[24.342s][debug  ][gc,ergo        ] GC(89) Live_space: 1002183808 free_space: 1428160512
[24.342s][debug  ][gc,ergo        ] GC(89) Old eden_size: 201326592 desired_eden_size: 201326592
[24.342s][debug  ][gc,ergo        ] GC(89) PSAdaptiveSizePolicy::compute_old_gen_free_space limits: desired_promo_size: 1350456320 promo_limit: 1226833920 free_in_old_gen: 1154783232 max_old_gen_size: 1879048192 avg_old_live: 724264896
[24.342s][debug  ][gc,ergo        ] GC(89) PSAdaptiveSizePolicy::compute_old_gen_free_space: costs minor_time: 0.051900 major_cost: 0.052700  mutator_cost: 0.895400 throughput_goal: 0.990000
[24.342s][debug  ][gc,ergo        ] GC(89) Live_space: 1017433024 free_space: 1428160512
[24.342s][debug  ][gc,ergo        ] GC(89) Old promo_size: 1226833920 desired_promo_size: 1226833920
[24.342s][debug  ][gc,ergo        ] GC(89) AdaptiveSizeStop: collection: 90 
[24.342s][info   ][gc,heap        ] GC(89) PSYoungGen: 30720K(229376K)->0K(229376K) Eden: 0K(196608K)->0K(196608K) From: 30720K(32768K)->0K(32768K)
[24.342s][info   ][gc,heap        ] GC(89) ParOldGen: 1752677K(1835008K)->841316K(1835008K)
[24.343s][info   ][gc,metaspace   ] GC(89) Metaspace: 1022K(1216K)->1022K(1216K) NonClass: 938K(1024K)->938K(1024K) Class: 83K(192K)->83K(192K)
[24.343s][info   ][gc             ] GC(89) Pause Full (Ergonomics) 1741M->821M(2016M) 98.912ms
[24.343s][info   ][gc,cpu         ] GC(89) User=1.06s Sys=0.00s Real=0.10s
[24.343s][debug  ][gc,heap        ] GC(89) Heap after GC invocations=90 (full 15):
[24.343s][debug  ][gc,heap        ] GC(89)  PSYoungGen      total 229376K, used 0K [0x00000000f0000000, 0x0000000100000000, 0x0000000100000000)
[24.343s][debug  ][gc,heap        ] GC(89)   eden space 196608K, 0% used [0x00000000f0000000,0x00000000f0000000,0x00000000fc000000)
[24.343s][debug  ][gc,heap        ] GC(89)   from space 32768K, 0% used [0x00000000fe000000,0x00000000fe000000,0x0000000100000000)
[24.343s][debug  ][gc,heap        ] GC(89)   to   space 32768K, 0% used [0x00000000fc000000,0x00000000fc000000,0x00000000fe000000)
[24.343s][debug  ][gc,heap        ] GC(89)  ParOldGen       total 1835008K, used 841316K [0x0000000080000000, 0x00000000f0000000, 0x00000000f0000000)
[24.343s][debug  ][gc,heap        ] GC(89)   object space 1835008K, 45% used [0x0000000080000000,0x00000000b35990f8,0x00000000f0000000)
[24.343s][debug  ][gc,heap        ] GC(89)  Metaspace       used 1022K, committed 1216K, reserved 1056768K
[24.343s][debug  ][gc,heap        ] GC(89)   class space    used 83K, committed 192K, reserved 1048576K
[24.343s][debug  ][gc,task,time   ] GC(89) VM-Thread 242436616 242461118 243425993
[24.637s][debug  ][gc,heap        ] GC(90) Heap before GC invocations=91 (full 15):
[24.637s][debug  ][gc,heap        ] GC(90)  PSYoungGen      total 229376K, used 188158K [0x00000000f0000000, 0x0000000100000000, 0x0000000100000000)
[24.637s][debug  ][gc,heap        ] GC(90)   eden space 196608K, 95% used [0x00000000f0000000,0x00000000fb7bf918,0x00000000fc000000)
[24.637s][debug  ][gc,heap        ] GC(90)   from space 32768K, 0% used [0x00000000fe000000,0x00000000fe000000,0x0000000100000000)
[24.637s][debug  ][gc,heap        ] GC(90)   to   space 32768K, 0% used [0x00000000fc000000,0x00000000fc000000,0x00000000fe000000)
[24.637s][debug  ][gc,heap        ] GC(90)  ParOldGen       total 1835008K, used 841316K [0x0000000080000000, 0x00000000f0000000, 0x00000000f0000000)
[24.637s][debug  ][gc,heap        ] GC(90)   object space 1835008K, 45% used [0x0000000080000000,0x00000000b35990f8,0x00000000f0000000)
[24.637s][debug  ][gc,heap        ] GC(90)  Metaspace       used 1022K, committed 1216K, reserved 1056768K
[24.637s][debug  ][gc,heap        ] GC(90)   class space    used 83K, committed 192K, reserved 1048576K
[24.637s][debug  ][gc,tlab        ] GC(90) TLAB totals: thrds: 1  refills: 1 max: 1 slow allocs: 17 max 17 waste: 27.3% gc: 3929040B max: 3929040B slow: 0B max: 0B
[24.637s][info   ][gc,start       ] GC(90) Pause Young (Allocation Failure)
[24.637s][debug  ][gc,phases,start] GC(90) Scavenge
[24.639s][debug  ][gc,phases      ] GC(90) Scavenge 1.223ms
[24.639s][debug  ][gc,phases,start] GC(90) Reference Processing
[24.639s][debug  ][gc,ref         ] GC(90) Skipped phase 1 of Reference Processing: no references
[24.639s][debug  ][gc,ref         ] GC(90) Skipped phase 2 of Reference Processing: no references
[24.639s][debug  ][gc,ref         ] GC(90) Skipped phase 3 of Reference Processing: no references
[24.639s][debug  ][gc,ref         ] GC(90) Skipped phase 4 of Reference Processing: no references
[24.639s][debug  ][gc,phases,ref  ] GC(90) Reference Processing: 0.1ms
[24.639s][debug  ][gc,phases,ref  ] GC(90)   Reconsider SoftReferences: 0.0ms
[24.639s][debug  ][gc,phases,ref  ] GC(90)     SoftRef (ms):                  skipped
[24.639s][debug  ][gc,phases,ref  ] GC(90)   Notify Soft/WeakReferences: 0.0ms
[24.639s][debug  ][gc,phases,ref  ] GC(90)     SoftRef (ms):                  skipped
[24.639s][debug  ][gc,phases,ref  ] GC(90)     WeakRef (ms):                  skipped
[24.639s][debug  ][gc,phases,ref  ] GC(90)     FinalRef (ms):                 skipped
[24.639s][debug  ][gc,phases,ref  ] GC(90)     Total (ms):                    skipped
[24.639s][debug  ][gc,phases,ref  ] GC(90)   Notify and keep alive finalizable: 0.0ms
[24.639s][debug  ][gc,phases,ref  ] GC(90)     FinalRef (ms):                 skipped
[24.639s][debug  ][gc,phases,ref  ] GC(90)   Notify PhantomReferences: 0.0ms
[24.639s][debug  ][gc,phases,ref  ] GC(90)     PhantomRef (ms):               skipped
[24.639s][debug  ][gc,phases,ref  ] GC(90)   SoftReference:
[24.639s][debug  ][gc,phases,ref  ] GC(90)     Discovered: 0
[24.639s][debug  ][gc,phases,ref  ] GC(90)     Cleared: 0
[24.639s][debug  ][gc,phases,ref  ] GC(90)   WeakReference:
[24.639s][debug  ][gc,phases,ref  ] GC(90)     Discovered: 0
[24.639s][debug  ][gc,phases,ref  ] GC(90)     Cleared: 0
[24.639s][debug  ][gc,phases,ref  ] GC(90)   FinalReference:
[24.639s][debug  ][gc,phases,ref  ] GC(90)     Discovered: 0
[24.639s][debug  ][gc,phases,ref  ] GC(90)     Cleared: 0
[24.639s][debug  ][gc,phases,ref  ] GC(90)   PhantomReference:
[24.639s][debug  ][gc,phases,ref  ] GC(90)     Discovered: 0
[24.639s][debug  ][gc,phases,ref  ] GC(90)     Cleared: 0
[24.639s][debug  ][gc,phases      ] GC(90) Reference Processing 0.820ms
[24.639s][debug  ][gc,phases,start] GC(90) Weak Processing
[24.640s][debug  ][gc,phases      ] GC(90)   VM Weak                        Min:  0.0, Avg:  0.0, Max:  0.0, Diff:  0.0, Sum:  0.0, Workers: 6
[24.640s][debug  ][gc,phases      ] GC(90)     Dead                           Min: 0, Avg:  0.0, Max: 0, Diff: 0, Sum: 0, Workers: 6
[24.640s][debug  ][gc,phases      ] GC(90)     Total                          Min: 0, Avg:  1.3, Max: 8, Diff: 8, Sum: 8, Workers: 6
[24.640s][debug  ][gc,phases      ] GC(90)   ObjectSynchronizer Weak        Min:  0.0, Avg:  0.0, Max:  0.0, Diff:  0.0, Sum:  0.0, Workers: 6
[24.640s][debug  ][gc,phases      ] GC(90)     Dead                           Min: 0, Avg:  0.0, Max: 0, Diff: 0, Sum: 0, Workers: 6
[24.640s][debug  ][gc,phases      ] GC(90)     Total                          Min: 0, Avg:  0.5, Max: 3, Diff: 3, Sum: 3, Workers: 6
[24.640s][debug  ][gc,phases      ] GC(90)   JVMTI Tag Weak OopStorage      Min:  0.0, Avg:  0.0, Max:  0.0, Diff:  0.0, Sum:  0.0, Workers: 6
[24.640s][debug  ][gc,phases      ] GC(90)     Dead                           Min: 0, Avg:  0.0, Max: 0, Diff: 0, Sum: 0, Workers: 6
[24.640s][debug  ][gc,phases      ] GC(90)     Total                          Min: 0, Avg:  0.0, Max: 0, Diff: 0, Sum: 0, Workers: 6
[24.640s][debug  ][gc,phases      ] GC(90)   StringTable Weak               Min:  0.0, Avg:  0.0, Max:  0.0, Diff:  0.0, Sum:  0.1, Workers: 6
[24.640s][debug  ][gc,phases      ] GC(90)     Dead                           Min: 0, Avg:  0.0, Max: 0, Diff: 0, Sum: 0, Workers: 6
[24.640s][debug  ][gc,phases      ] GC(90)     Total                          Min: 704, Avg: 892.3, Max: 1067, Diff: 363, Sum: 5354, Workers: 6
[24.640s][debug  ][gc,phases      ] GC(90)   ResolvedMethodTable Weak       Min:  0.0, Avg:  0.0, Max:  0.0, Diff:  0.0, Sum:  0.0, Workers: 6
[24.640s][debug  ][gc,phases      ] GC(90)     Dead                           Min: 0, Avg:  0.0, Max: 0, Diff: 0, Sum: 0, Workers: 6
[24.640s][debug  ][gc,phases      ] GC(90)     Total                          Min: 0, Avg: 21.7, Max: 64, Diff: 64, Sum: 130, Workers: 6
[24.640s][debug  ][gc,phases      ] GC(90)   JNI Weak                       Min:  0.0, Avg:  0.0, Max:  0.0, Diff:  0.0, Sum:  0.0, Workers: 6
[24.640s][debug  ][gc,phases      ] GC(90)     Dead                           Min: 0, Avg:  0.0, Max: 0, Diff: 0, Sum: 0, Workers: 6
[24.640s][debug  ][gc,phases      ] GC(90)     Total                          Min: 0, Avg:  0.0, Max: 0, Diff: 0, Sum: 0, Workers: 6
[24.640s][debug  ][gc,phases      ] GC(90)   StringDedup Table Weak         Min:  0.0, Avg:  0.0, Max:  0.0, Diff:  0.0, Sum:  0.0, Workers: 6
[24.640s][debug  ][gc,phases      ] GC(90)     Dead                           Min: 0, Avg:  0.0, Max: 0, Diff: 0, Sum: 0, Workers: 6
[24.640s][debug  ][gc,phases      ] GC(90)     Total                          Min: 0, Avg:  0.0, Max: 0, Diff: 0, Sum: 0, Workers: 6
[24.640s][debug  ][gc,phases      ] GC(90)   StringDedup Requests0 Weak     Min:  0.0, Avg:  0.0, Max:  0.0, Diff:  0.0, Sum:  0.0, Workers: 6
[24.640s][debug  ][gc,phases      ] GC(90)     Dead                           Min: 0, Avg:  0.0, Max: 0, Diff: 0, Sum: 0, Workers: 6
[24.640s][debug  ][gc,phases      ] GC(90)     Total                          Min: 0, Avg:  0.0, Max: 0, Diff: 0, Sum: 0, Workers: 6
[24.640s][debug  ][gc,phases      ] GC(90)   StringDedup Requests1 Weak     Min:  0.0, Avg:  0.0, Max:  0.0, Diff:  0.0, Sum:  0.0, Workers: 6
[24.640s][debug  ][gc,phases      ] GC(90)     Dead                           Min: 0, Avg:  0.0, Max: 0, Diff: 0, Sum: 0, Workers: 6
[24.640s][debug  ][gc,phases      ] GC(90)     Total                          Min: 0, Avg:  0.0, Max: 0, Diff: 0, Sum: 0, Workers: 6
[24.640s][debug  ][gc,phases      ] GC(90)   Weak JFR Old Object Samples    Min:  0.0, Avg:  0.0, Max:  0.0, Diff:  0.0, Sum:  0.0, Workers: 6
[24.640s][debug  ][gc,phases      ] GC(90)     Dead                           Min: 0, Avg:  0.0, Max: 0, Diff: 0, Sum: 0, Workers: 6
[24.640s][debug  ][gc,phases      ] GC(90)     Total                          Min: 0, Avg:  0.0, Max: 0, Diff: 0, Sum: 0, Workers: 6
[24.640s][debug  ][gc,phases      ] GC(90) Weak Processing 0.879ms
[24.640s][debug  ][gc,ergo        ] GC(90) AdaptiveSizeStart:  collection: 91 
[24.640s][debug  ][gc,ergo        ] GC(90) avg_survived_padded_avg: 38268428.000000
[24.640s][debug  ][gc,ergo        ] GC(90) avg_promoted_padded_avg: 243943376.000000  avg_pretenured_padded_avg: 0.000000  tenuring_thresh: 6  target_size: 38273024
[24.640s][debug  ][gc,age         ] GC(90) Desired survivor size 38273024 bytes, new threshold 6 (max threshold 15)
[24.640s][debug  ][gc,ergo        ] GC(90) PSAdaptiveSizePolicy::compute_eden_space_size limits: desired_eden_size: 218949258 old_eden_size: 201326592 eden_limit: 201326592 cur_eden: 201326592 max_eden_size: 201326592 avg_young_live: 22259412
[24.640s][debug  ][gc,ergo        ] GC(90) PSAdaptiveSizePolicy::compute_eden_space_size: costs minor_time: 0.040827 major_cost: 0.052700 mutator_cost: 0.906473 throughput_goal: 0.990000
[24.640s][debug  ][gc,ergo        ] GC(90) Live_space: 1014959744 free_space: 1428160512
[24.641s][debug  ][gc,ergo        ] GC(90) Old eden_size: 201326592 desired_eden_size: 201326592
[24.641s][debug  ][gc,ergo        ] GC(90) AdaptiveSizeStop: collection: 91 
[24.641s][info   ][gc,heap        ] GC(90) PSYoungGen: 188158K(229376K)->0K(197120K) Eden: 188158K(196608K)->0K(196608K) From: 0K(32768K)->0K(512K)
[24.641s][info   ][gc,heap        ] GC(90) ParOldGen: 841316K(1835008K)->841316K(1835008K)
[24.641s][info   ][gc,metaspace   ] GC(90) Metaspace: 1022K(1216K)->1022K(1216K) NonClass: 938K(1024K)->938K(1024K) Class: 83K(192K)->83K(192K)
[24.641s][info   ][gc             ] GC(90) Pause Young (Allocation Failure) 1005M->821M(1984M) 3.427ms
[24.641s][info   ][gc,cpu         ] GC(90) User=0.00s Sys=0.00s Real=0.00s
[24.641s][debug  ][gc,heap        ] GC(90) Heap after GC invocations=91 (full 15):
[24.641s][debug  ][gc,heap        ] GC(90)  PSYoungGen      total 197120K, used 0K [0x00000000f0000000, 0x0000000100000000, 0x0000000100000000)
[24.641s][debug  ][gc,heap        ] GC(90)   eden space 196608K, 0% used [0x00000000f0000000,0x00000000f0000000,0x00000000fc000000)
[24.641s][debug  ][gc,heap        ] GC(90)   from space 512K, 0% used [0x00000000fc000000,0x00000000fc000000,0x00000000fc080000)
[24.641s][debug  ][gc,heap        ] GC(90)   to   space 37376K, 0% used [0x00000000fdb80000,0x00000000fdb80000,0x0000000100000000)
[24.641s][debug  ][gc,heap        ] GC(90)  ParOldGen       total 1835008K, used 841316K [0x0000000080000000, 0x00000000f0000000, 0x00000000f0000000)
[24.641s][debug  ][gc,heap        ] GC(90)   object space 1835008K, 45% used [0x0000000080000000,0x00000000b35990f8,0x00000000f0000000)
[24.641s][debug  ][gc,heap        ] GC(90)  Metaspace       used 1022K, committed 1216K, reserved 1056768K
[24.641s][debug  ][gc,heap        ] GC(90)   class space    used 83K, committed 192K, reserved 1048576K
[24.641s][debug  ][gc,task,time   ] GC(90) VM-Thread 246367300 246385822 246409723
[24.922s][debug  ][gc,heap        ] GC(91) Heap before GC invocations=92 (full 15):
[24.922s][debug  ][gc,heap        ] GC(91)  PSYoungGen      total 197120K, used 188088K [0x00000000f0000000, 0x0000000100000000, 0x0000000100000000)
[24.922s][debug  ][gc,heap        ] GC(91)   eden space 196608K, 95% used [0x00000000f0000000,0x00000000fb7ae108,0x00000000fc000000)
[24.922s][debug  ][gc,heap        ] GC(91)   from space 512K, 0% used [0x00000000fc000000,0x00000000fc000000,0x00000000fc080000)
[24.922s][debug  ][gc,heap        ] GC(91)   to   space 37376K, 0% used [0x00000000fdb80000,0x00000000fdb80000,0x0000000100000000)
[24.922s][debug  ][gc,heap        ] GC(91)  ParOldGen       total 1835008K, used 841316K [0x0000000080000000, 0x00000000f0000000, 0x00000000f0000000)
[24.922s][debug  ][gc,heap        ] GC(91)   object space 1835008K, 45% used [0x0000000080000000,0x00000000b35990f8,0x00000000f0000000)
[24.922s][debug  ][gc,heap        ] GC(91)  Metaspace       used 1022K, committed 1216K, reserved 1056768K
[24.922s][debug  ][gc,heap        ] GC(91)   class space    used 83K, committed 192K, reserved 1048576K
[24.922s][debug  ][gc,tlab        ] GC(91) TLAB totals: thrds: 1  refills: 1 max: 1 slow allocs: 17 max 17 waste: 26.9% gc: 3858408B max: 3858408B slow: 0B max: 0B
[24.922s][info   ][gc,start       ] GC(91) Pause Young (Allocation Failure)
[24.923s][debug  ][gc,phases,start] GC(91) Scavenge
[24.935s][debug  ][gc,phases      ] GC(91) Scavenge 12.539ms
[24.935s][debug  ][gc,phases,start] GC(91) Reference Processing
[24.935s][debug  ][gc,ref         ] GC(91) Skipped phase 1 of Reference Processing: no references
[24.935s][debug  ][gc,ref         ] GC(91) Skipped phase 2 of Reference Processing: no references
[24.935s][debug  ][gc,ref         ] GC(91) Skipped phase 3 of Reference Processing: no references
[24.935s][debug  ][gc,ref         ] GC(91) Skipped phase 4 of Reference Processing: no references
[24.935s][debug  ][gc,phases,ref  ] GC(91) Reference Processing: 0.1ms
[24.935s][debug  ][gc,phases,ref  ] GC(91)   Reconsider SoftReferences: 0.0ms
[24.935s][debug  ][gc,phases,ref  ] GC(91)     SoftRef (ms):                  skipped
[24.935s][debug  ][gc,phases,ref  ] GC(91)   Notify Soft/WeakReferences: 0.0ms
[24.935s][debug  ][gc,phases,ref  ] GC(91)     SoftRef (ms):                  skipped
[24.935s][debug  ][gc,phases,ref  ] GC(91)     WeakRef (ms):                  skipped
[24.935s][debug  ][gc,phases,ref  ] GC(91)     FinalRef (ms):                 skipped
[24.935s][debug  ][gc,phases,ref  ] GC(91)     Total (ms):                    skipped
[24.935s][debug  ][gc,phases,ref  ] GC(91)   Notify and keep alive finalizable: 0.0ms
[24.935s][debug  ][gc,phases,ref  ] GC(91)     FinalRef (ms):                 skipped
[24.935s][debug  ][gc,phases,ref  ] GC(91)   Notify PhantomReferences: 0.0ms
[24.935s][debug  ][gc,phases,ref  ] GC(91)     PhantomRef (ms):               skipped
[24.936s][debug  ][gc,phases,ref  ] GC(91)   SoftReference:
[24.936s][debug  ][gc,phases,ref  ] GC(91)     Discovered: 0
[24.936s][debug  ][gc,phases,ref  ] GC(91)     Cleared: 0
[24.936s][debug  ][gc,phases,ref  ] GC(91)   WeakReference:
[24.936s][debug  ][gc,phases,ref  ] GC(91)     Discovered: 0
[24.936s][debug  ][gc,phases,ref  ] GC(91)     Cleared: 0
[24.936s][debug  ][gc,phases,ref  ] GC(91)   FinalReference:
[24.936s][debug  ][gc,phases,ref  ] GC(91)     Discovered: 0
[24.936s][debug  ][gc,phases,ref  ] GC(91)     Cleared: 0
[24.936s][debug  ][gc,phases,ref  ] GC(91)   PhantomReference:
[24.936s][debug  ][gc,phases,ref  ] GC(91)     Discovered: 0
[24.936s][debug  ][gc,phases,ref  ] GC(91)     Cleared: 0
[24.936s][debug  ][gc,phases      ] GC(91) Reference Processing 0.643ms
[24.936s][debug  ][gc,phases,start] GC(91) Weak Processing
[24.936s][debug  ][gc,phases      ] GC(91)   VM Weak                        Min:  0.0, Avg:  0.0, Max:  0.0, Diff:  0.0, Sum:  0.0, Workers: 6
[24.936s][debug  ][gc,phases      ] GC(91)     Dead                           Min: 0, Avg:  0.0, Max: 0, Diff: 0, Sum: 0, Workers: 6
[24.936s][debug  ][gc,phases      ] GC(91)     Total                          Min: 0, Avg:  1.3, Max: 8, Diff: 8, Sum: 8, Workers: 6
[24.936s][debug  ][gc,phases      ] GC(91)   ObjectSynchronizer Weak        Min:  0.0, Avg:  0.0, Max:  0.0, Diff:  0.0, Sum:  0.0, Workers: 6
[24.936s][debug  ][gc,phases      ] GC(91)     Dead                           Min: 0, Avg:  0.0, Max: 0, Diff: 0, Sum: 0, Workers: 6
[24.936s][debug  ][gc,phases      ] GC(91)     Total                          Min: 0, Avg:  0.5, Max: 3, Diff: 3, Sum: 3, Workers: 6
[24.936s][debug  ][gc,phases      ] GC(91)   JVMTI Tag Weak OopStorage      Min:  0.0, Avg:  0.0, Max:  0.0, Diff:  0.0, Sum:  0.0, Workers: 6
[24.936s][debug  ][gc,phases      ] GC(91)     Dead                           Min: 0, Avg:  0.0, Max: 0, Diff: 0, Sum: 0, Workers: 6
[24.936s][debug  ][gc,phases      ] GC(91)     Total                          Min: 0, Avg:  0.0, Max: 0, Diff: 0, Sum: 0, Workers: 6
[24.936s][debug  ][gc,phases      ] GC(91)   StringTable Weak               Min:  0.0, Avg:  0.0, Max:  0.0, Diff:  0.0, Sum:  0.0, Workers: 6
[24.936s][debug  ][gc,phases      ] GC(91)     Dead                           Min: 0, Avg:  0.0, Max: 0, Diff: 0, Sum: 0, Workers: 6
[24.936s][debug  ][gc,phases      ] GC(91)     Total                          Min: 703, Avg: 892.3, Max: 1195, Diff: 492, Sum: 5354, Workers: 6
[24.936s][debug  ][gc,phases      ] GC(91)   ResolvedMethodTable Weak       Min:  0.0, Avg:  0.0, Max:  0.0, Diff:  0.0, Sum:  0.0, Workers: 6
[24.936s][debug  ][gc,phases      ] GC(91)     Dead                           Min: 0, Avg:  0.0, Max: 0, Diff: 0, Sum: 0, Workers: 6
[24.936s][debug  ][gc,phases      ] GC(91)     Total                          Min: 0, Avg: 21.7, Max: 64, Diff: 64, Sum: 130, Workers: 6
[24.936s][debug  ][gc,phases      ] GC(91)   JNI Weak                       Min:  0.0, Avg:  0.0, Max:  0.0, Diff:  0.0, Sum:  0.0, Workers: 6
[24.936s][debug  ][gc,phases      ] GC(91)     Dead                           Min: 0, Avg:  0.0, Max: 0, Diff: 0, Sum: 0, Workers: 6
[24.936s][debug  ][gc,phases      ] GC(91)     Total                          Min: 0, Avg:  0.0, Max: 0, Diff: 0, Sum: 0, Workers: 6
[24.936s][debug  ][gc,phases      ] GC(91)   StringDedup Table Weak         Min:  0.0, Avg:  0.0, Max:  0.0, Diff:  0.0, Sum:  0.0, Workers: 6
[24.936s][debug  ][gc,phases      ] GC(91)     Dead                           Min: 0, Avg:  0.0, Max: 0, Diff: 0, Sum: 0, Workers: 6
[24.936s][debug  ][gc,phases      ] GC(91)     Total                          Min: 0, Avg:  0.0, Max: 0, Diff: 0, Sum: 0, Workers: 6
[24.936s][debug  ][gc,phases      ] GC(91)   StringDedup Requests0 Weak     Min:  0.0, Avg:  0.0, Max:  0.0, Diff:  0.0, Sum:  0.0, Workers: 6
[24.936s][debug  ][gc,phases      ] GC(91)     Dead                           Min: 0, Avg:  0.0, Max: 0, Diff: 0, Sum: 0, Workers: 6
[24.936s][debug  ][gc,phases      ] GC(91)     Total                          Min: 0, Avg:  0.0, Max: 0, Diff: 0, Sum: 0, Workers: 6
[24.936s][debug  ][gc,phases      ] GC(91)   StringDedup Requests1 Weak     Min:  0.0, Avg:  0.0, Max:  0.0, Diff:  0.0, Sum:  0.0, Workers: 6
[24.936s][debug  ][gc,phases      ] GC(91)     Dead                           Min: 0, Avg:  0.0, Max: 0, Diff: 0, Sum: 0, Workers: 6
[24.936s][debug  ][gc,phases      ] GC(91)     Total                          Min: 0, Avg:  0.0, Max: 0, Diff: 0, Sum: 0, Workers: 6
[24.936s][debug  ][gc,phases      ] GC(91)   Weak JFR Old Object Samples    Min:  0.0, Avg:  0.0, Max:  0.0, Diff:  0.0, Sum:  0.0, Workers: 6
[24.936s][debug  ][gc,phases      ] GC(91)     Dead                           Min: 0, Avg:  0.0, Max: 0, Diff: 0, Sum: 0, Workers: 6
[24.936s][debug  ][gc,phases      ] GC(91)     Total                          Min: 0, Avg:  0.0, Max: 0, Diff: 0, Sum: 0, Workers: 6
[24.936s][debug  ][gc,phases      ] GC(91) Weak Processing 0.665ms
[24.936s][debug  ][gc,ergo        ] GC(91) AdaptiveSizeStart:  collection: 92 
[24.936s][debug  ][gc,ergo        ] GC(91) avg_survived_padded_avg: 38525252.000000
[24.936s][debug  ][gc,ergo        ] GC(91) avg_promoted_padded_avg: 236494208.000000  avg_pretenured_padded_avg: 0.000000  tenuring_thresh: 7  target_size: 38797312
[24.937s][debug  ][gc,age         ] GC(91) Desired survivor size 38797312 bytes, new threshold 7 (max threshold 15)
[24.937s][debug  ][gc,ergo        ] GC(91) PSAdaptiveSizePolicy::compute_eden_space_size: costs minor_time: 0.042394 major_cost: 0.052700 mutator_cost: 0.904905 throughput_goal: 0.990000
[24.937s][debug  ][gc,ergo        ] GC(91) Live_space: 1015879552 free_space: 1428160512
[24.937s][debug  ][gc,ergo        ] GC(91) Old eden_size: 201326592 desired_eden_size: 219676672
[24.937s][debug  ][gc,ergo        ] GC(91) AdaptiveSizeStop: collection: 92 
[24.937s][info   ][gc,heap        ] GC(91) PSYoungGen: 188088K(197120K)->30720K(223744K) Eden: 188088K(196608K)->0K(186368K) From: 0K(512K)->30720K(37376K)
[24.937s][info   ][gc,heap        ] GC(91) ParOldGen: 841316K(1835008K)->994916K(1835008K)
[24.937s][info   ][gc,metaspace   ] GC(91) Metaspace: 1022K(1216K)->1022K(1216K) NonClass: 938K(1024K)->938K(1024K) Class: 83K(192K)->83K(192K)
[24.937s][info   ][gc             ] GC(91) Pause Young (Allocation Failure) 1005M->1001M(2010M) 14.228ms
[24.937s][info   ][gc,cpu         ] GC(91) User=0.19s Sys=0.00s Real=0.01s
[24.937s][debug  ][gc,heap        ] GC(91) Heap after GC invocations=92 (full 15):
[24.937s][debug  ][gc,heap        ] GC(91)  PSYoungGen      total 223744K, used 30720K [0x00000000f0000000, 0x0000000100000000, 0x0000000100000000)
[24.937s][debug  ][gc,heap        ] GC(91)   eden space 186368K, 0% used [0x00000000f0000000,0x00000000f0000000,0x00000000fb600000)
[24.937s][debug  ][gc,heap        ] GC(91)   from space 37376K, 82% used [0x00000000fdb80000,0x00000000ff980030,0x0000000100000000)
[24.937s][debug  ][gc,heap        ] GC(91)   to   space 37888K, 0% used [0x00000000fb600000,0x00000000fb600000,0x00000000fdb00000)
[24.937s][debug  ][gc,heap        ] GC(91)  ParOldGen       total 1835008K, used 994916K [0x0000000080000000, 0x00000000f0000000, 0x00000000f0000000)
[24.937s][debug  ][gc,heap        ] GC(91)   object space 1835008K, 54% used [0x0000000080000000,0x00000000bcb991e8,0x00000000f0000000)
[24.937s][debug  ][gc,heap        ] GC(91)  Metaspace       used 1022K, committed 1216K, reserved 1056768K
[24.937s][debug  ][gc,heap        ] GC(91)   class space    used 83K, committed 192K, reserved 1048576K
[24.937s][debug  ][gc,task,time   ] GC(91) VM-Thread 249221195 249350978 249369287
[25.207s][debug  ][gc,heap        ] GC(92) Heap before GC invocations=93 (full 15):
[25.208s][debug  ][gc,heap        ] GC(92)  PSYoungGen      total 223744K, used 208400K [0x00000000f0000000, 0x0000000100000000, 0x0000000100000000)
[25.208s][debug  ][gc,heap        ] GC(92)   eden space 186368K, 95% used [0x00000000f0000000,0x00000000fad84158,0x00000000fb600000)
[25.208s][debug  ][gc,heap        ] GC(92)   from space 37376K, 82% used [0x00000000fdb80000,0x00000000ff980030,0x0000000100000000)
[25.208s][debug  ][gc,heap        ] GC(92)   to   space 37888K, 0% used [0x00000000fb600000,0x00000000fb600000,0x00000000fdb00000)
[25.208s][debug  ][gc,heap        ] GC(92)  ParOldGen       total 1835008K, used 994916K [0x0000000080000000, 0x00000000f0000000, 0x00000000f0000000)
[25.208s][debug  ][gc,heap        ] GC(92)   object space 1835008K, 54% used [0x0000000080000000,0x00000000bcb991e8,0x00000000f0000000)
[25.208s][debug  ][gc,heap        ] GC(92)  Metaspace       used 1022K, committed 1216K, reserved 1056768K
[25.208s][debug  ][gc,heap        ] GC(92)   class space    used 83K, committed 192K, reserved 1048576K
[25.208s][debug  ][gc,tlab        ] GC(92) TLAB totals: thrds: 1  refills: 1 max: 1 slow allocs: 16 max 16 waste: 26.0% gc: 3686472B max: 3686472B slow: 0B max: 0B
[25.208s][info   ][gc,start       ] GC(92) Pause Young (Allocation Failure)
[25.208s][debug  ][gc,phases,start] GC(92) Scavenge
[25.222s][debug  ][gc,phases      ] GC(92) Scavenge 13.817ms
[25.222s][debug  ][gc,phases,start] GC(92) Reference Processing
[25.222s][debug  ][gc,ref         ] GC(92) Skipped phase 1 of Reference Processing: no references
[25.222s][debug  ][gc,ref         ] GC(92) Skipped phase 2 of Reference Processing: no references
[25.222s][debug  ][gc,ref         ] GC(92) Skipped phase 3 of Reference Processing: no references
[25.222s][debug  ][gc,ref         ] GC(92) Skipped phase 4 of Reference Processing: no references
[25.222s][debug  ][gc,phases,ref  ] GC(92) Reference Processing: 0.1ms
[25.222s][debug  ][gc,phases,ref  ] GC(92)   Reconsider SoftReferences: 0.0ms
[25.222s][debug  ][gc,phases,ref  ] GC(92)     SoftRef (ms):                  skipped
[25.222s][debug  ][gc,phases,ref  ] GC(92)   Notify Soft/WeakReferences: 0.0ms
[25.222s][debug  ][gc,phases,ref  ] GC(92)     SoftRef (ms):                  skipped
[25.222s][debug  ][gc,phases,ref  ] GC(92)     WeakRef (ms):                  skipped
[25.222s][debug  ][gc,phases,ref  ] GC(92)     FinalRef (ms):                 skipped
[25.222s][debug  ][gc,phases,ref  ] GC(92)     Total (ms):                    skipped
[25.222s][debug  ][gc,phases,ref  ] GC(92)   Notify and keep alive finalizable: 0.0ms
[25.222s][debug  ][gc,phases,ref  ] GC(92)     FinalRef (ms):                 skipped
[25.222s][debug  ][gc,phases,ref  ] GC(92)   Notify PhantomReferences: 0.0ms
[25.222s][debug  ][gc,phases,ref  ] GC(92)     PhantomRef (ms):               skipped
[25.222s][debug  ][gc,phases,ref  ] GC(92)   SoftReference:
[25.222s][debug  ][gc,phases,ref  ] GC(92)     Discovered: 0
[25.222s][debug  ][gc,phases,ref  ] GC(92)     Cleared: 0
[25.222s][debug  ][gc,phases,ref  ] GC(92)   WeakReference:
[25.222s][debug  ][gc,phases,ref  ] GC(92)     Discovered: 0
[25.222s][debug  ][gc,phases,ref  ] GC(92)     Cleared: 0
[25.222s][debug  ][gc,phases,ref  ] GC(92)   FinalReference:
[25.222s][debug  ][gc,phases,ref  ] GC(92)     Discovered: 0
[25.222s][debug  ][gc,phases,ref  ] GC(92)     Cleared: 0
[25.222s][debug  ][gc,phases,ref  ] GC(92)   PhantomReference:
[25.222s][debug  ][gc,phases,ref  ] GC(92)     Discovered: 0
[25.222s][debug  ][gc,phases,ref  ] GC(92)     Cleared: 0
[25.222s][debug  ][gc,phases      ] GC(92) Reference Processing 0.568ms
[25.222s][debug  ][gc,phases,start] GC(92) Weak Processing
[25.222s][debug  ][gc,phases      ] GC(92)   VM Weak                        Min:  0.0, Avg:  0.0, Max:  0.0, Diff:  0.0, Sum:  0.0, Workers: 6
[25.222s][debug  ][gc,phases      ] GC(92)     Dead                           Min: 0, Avg:  0.0, Max: 0, Diff: 0, Sum: 0, Workers: 6
[25.222s][debug  ][gc,phases      ] GC(92)     Total                          Min: 0, Avg:  1.3, Max: 8, Diff: 8, Sum: 8, Workers: 6
[25.222s][debug  ][gc,phases      ] GC(92)   ObjectSynchronizer Weak        Min:  0.0, Avg:  0.0, Max:  0.0, Diff:  0.0, Sum:  0.0, Workers: 6
[25.222s][debug  ][gc,phases      ] GC(92)     Dead                           Min: 0, Avg:  0.0, Max: 0, Diff: 0, Sum: 0, Workers: 6
[25.222s][debug  ][gc,phases      ] GC(92)     Total                          Min: 0, Avg:  0.5, Max: 3, Diff: 3, Sum: 3, Workers: 6
[25.222s][debug  ][gc,phases      ] GC(92)   JVMTI Tag Weak OopStorage      Min:  0.0, Avg:  0.0, Max:  0.0, Diff:  0.0, Sum:  0.0, Workers: 6
[25.223s][debug  ][gc,phases      ] GC(92)     Dead                           Min: 0, Avg:  0.0, Max: 0, Diff: 0, Sum: 0, Workers: 6
[25.223s][debug  ][gc,phases      ] GC(92)     Total                          Min: 0, Avg:  0.0, Max: 0, Diff: 0, Sum: 0, Workers: 6
[25.223s][debug  ][gc,phases      ] GC(92)   StringTable Weak               Min:  0.0, Avg:  0.0, Max:  0.0, Diff:  0.0, Sum:  0.0, Workers: 6
[25.223s][debug  ][gc,phases      ] GC(92)     Dead                           Min: 0, Avg:  0.0, Max: 0, Diff: 0, Sum: 0, Workers: 6
[25.223s][debug  ][gc,phases      ] GC(92)     Total                          Min: 43, Avg: 892.3, Max: 1408, Diff: 1365, Sum: 5354, Workers: 6
[25.223s][debug  ][gc,phases      ] GC(92)   ResolvedMethodTable Weak       Min:  0.0, Avg:  0.0, Max:  0.0, Diff:  0.0, Sum:  0.0, Workers: 6
[25.223s][debug  ][gc,phases      ] GC(92)     Dead                           Min: 0, Avg:  0.0, Max: 0, Diff: 0, Sum: 0, Workers: 6
[25.223s][debug  ][gc,phases      ] GC(92)     Total                          Min: 0, Avg: 21.7, Max: 64, Diff: 64, Sum: 130, Workers: 6
[25.223s][debug  ][gc,phases      ] GC(92)   JNI Weak                       Min:  0.0, Avg:  0.0, Max:  0.0, Diff:  0.0, Sum:  0.0, Workers: 6
[25.223s][debug  ][gc,phases      ] GC(92)     Dead                           Min: 0, Avg:  0.0, Max: 0, Diff: 0, Sum: 0, Workers: 6
[25.223s][debug  ][gc,phases      ] GC(92)     Total                          Min: 0, Avg:  0.0, Max: 0, Diff: 0, Sum: 0, Workers: 6
[25.223s][debug  ][gc,phases      ] GC(92)   StringDedup Table Weak         Min:  0.0, Avg:  0.0, Max:  0.0, Diff:  0.0, Sum:  0.0, Workers: 6
[25.223s][debug  ][gc,phases      ] GC(92)     Dead                           Min: 0, Avg:  0.0, Max: 0, Diff: 0, Sum: 0, Workers: 6
[25.223s][debug  ][gc,phases      ] GC(92)     Total                          Min: 0, Avg:  0.0, Max: 0, Diff: 0, Sum: 0, Workers: 6
[25.223s][debug  ][gc,phases      ] GC(92)   StringDedup Requests0 Weak     Min:  0.0, Avg:  0.0, Max:  0.0, Diff:  0.0, Sum:  0.0, Workers: 6
[25.223s][debug  ][gc,phases      ] GC(92)     Dead                           Min: 0, Avg:  0.0, Max: 0, Diff: 0, Sum: 0, Workers: 6
[25.223s][debug  ][gc,phases      ] GC(92)     Total                          Min: 0, Avg:  0.0, Max: 0, Diff: 0, Sum: 0, Workers: 6
[25.223s][debug  ][gc,phases      ] GC(92)   StringDedup Requests1 Weak     Min:  0.0, Avg:  0.0, Max:  0.0, Diff:  0.0, Sum:  0.0, Workers: 6
[25.223s][debug  ][gc,phases      ] GC(92)     Dead                           Min: 0, Avg:  0.0, Max: 0, Diff: 0, Sum: 0, Workers: 6
[25.223s][debug  ][gc,phases      ] GC(92)     Total                          Min: 0, Avg:  0.0, Max: 0, Diff: 0, Sum: 0, Workers: 6
[25.223s][debug  ][gc,phases      ] GC(92)   Weak JFR Old Object Samples    Min:  0.0, Avg:  0.0, Max:  0.0, Diff:  0.0, Sum:  0.0, Workers: 6
[25.223s][debug  ][gc,phases      ] GC(92)     Dead                           Min: 0, Avg:  0.0, Max: 0, Diff: 0, Sum: 0, Workers: 6
[25.223s][debug  ][gc,phases      ] GC(92)     Total                          Min: 0, Avg:  0.0, Max: 0, Diff: 0, Sum: 0, Workers: 6
[25.223s][debug  ][gc,phases      ] GC(92) Weak Processing 0.696ms
[25.223s][debug  ][gc,ergo        ] GC(92) AdaptiveSizeStart:  collection: 93 
[25.223s][debug  ][gc,ergo        ] GC(92) avg_survived_padded_avg: 38662600.000000
[25.223s][debug  ][gc,ergo        ] GC(92) avg_promoted_padded_avg: 237427808.000000  avg_pretenured_padded_avg: 0.000000  tenuring_thresh: 8  target_size: 38797312
[25.223s][debug  ][gc,age         ] GC(92) Desired survivor size 38797312 bytes, new threshold 8 (max threshold 15)
[25.223s][debug  ][gc,ergo        ] GC(92) PSAdaptiveSizePolicy::compute_eden_space_size limits: desired_eden_size: 208476587 old_eden_size: 219676672 eden_limit: 191365120 cur_eden: 190840832 max_eden_size: 191365120 avg_young_live: 24007014
[25.223s][debug  ][gc,ergo        ] GC(92) PSAdaptiveSizePolicy::compute_eden_space_size: costs minor_time: 0.045035 major_cost: 0.052700 mutator_cost: 0.902264 throughput_goal: 0.990000
[25.223s][debug  ][gc,ergo        ] GC(92) Live_space: 1016707328 free_space: 1446510592
[25.223s][debug  ][gc,ergo        ] GC(92) Old eden_size: 219676672 desired_eden_size: 191365120
[25.223s][debug  ][gc,ergo        ] GC(92) AdaptiveSizeStop: collection: 93 
[25.223s][info   ][gc,heap        ] GC(92) PSYoungGen: 208400K(223744K)->30720K(224256K) Eden: 177680K(186368K)->0K(186368K) From: 30720K(37376K)->30720K(37888K)
[25.223s][info   ][gc,heap        ] GC(92) ParOldGen: 994916K(1835008K)->1168996K(1835008K)
[25.223s][info   ][gc,metaspace   ] GC(92) Metaspace: 1022K(1216K)->1022K(1216K) NonClass: 938K(1024K)->938K(1024K) Class: 83K(192K)->83K(192K)
[25.223s][info   ][gc             ] GC(92) Pause Young (Allocation Failure) 1175M->1171M(2011M) 15.482ms
[25.223s][info   ][gc,cpu         ] GC(92) User=0.14s Sys=0.00s Real=0.01s
[25.223s][debug  ][gc,heap        ] GC(92) Heap after GC invocations=93 (full 15):
[25.223s][debug  ][gc,heap        ] GC(92)  PSYoungGen      total 224256K, used 30720K [0x00000000f0000000, 0x0000000100000000, 0x0000000100000000)
[25.223s][debug  ][gc,heap        ] GC(92)   eden space 186368K, 0% used [0x00000000f0000000,0x00000000f0000000,0x00000000fb600000)
[25.223s][debug  ][gc,heap        ] GC(92)   from space 37888K, 81% used [0x00000000fb600000,0x00000000fd400030,0x00000000fdb00000)
[25.223s][debug  ][gc,heap        ] GC(92)   to   space 37888K, 0% used [0x00000000fdb00000,0x00000000fdb00000,0x0000000100000000)
[25.223s][debug  ][gc,heap        ] GC(92)  ParOldGen       total 1835008K, used 1168996K [0x0000000080000000, 0x00000000f0000000, 0x00000000f0000000)
[25.223s][debug  ][gc,heap        ] GC(92)   object space 1835008K, 63% used [0x0000000080000000,0x00000000c75992f8,0x00000000f0000000)
[25.223s][debug  ][gc,heap        ] GC(92)  Metaspace       used 1022K, committed 1216K, reserved 1056768K
[25.224s][debug  ][gc,heap        ] GC(92)   class space    used 83K, committed 192K, reserved 1048576K
[25.224s][debug  ][gc,task,time   ] GC(92) VM-Thread 252074524 252216952 252235263
[25.490s][debug  ][gc,heap        ] GC(93) Heap before GC invocations=94 (full 15):
[25.490s][debug  ][gc,heap        ] GC(93)  PSYoungGen      total 224256K, used 208418K [0x00000000f0000000, 0x0000000100000000, 0x0000000100000000)
[25.490s][debug  ][gc,heap        ] GC(93)   eden space 186368K, 95% used [0x00000000f0000000,0x00000000fad889d0,0x00000000fb600000)
[25.490s][debug  ][gc,heap        ] GC(93)   from space 37888K, 81% used [0x00000000fb600000,0x00000000fd400030,0x00000000fdb00000)
[25.490s][debug  ][gc,heap        ] GC(93)   to   space 37888K, 0% used [0x00000000fdb00000,0x00000000fdb00000,0x0000000100000000)
[25.490s][debug  ][gc,heap        ] GC(93)  ParOldGen       total 1835008K, used 1168996K [0x0000000080000000, 0x00000000f0000000, 0x00000000f0000000)
[25.490s][debug  ][gc,heap        ] GC(93)   object space 1835008K, 63% used [0x0000000080000000,0x00000000c75992f8,0x00000000f0000000)
[25.490s][debug  ][gc,heap        ] GC(93)  Metaspace       used 1022K, committed 1216K, reserved 1056768K
[25.490s][debug  ][gc,heap        ] GC(93)   class space    used 83K, committed 192K, reserved 1048576K
[25.490s][debug  ][gc,tlab        ] GC(93) TLAB totals: thrds: 1  refills: 1 max: 1 slow allocs: 16 max 16 waste: 26.1% gc: 3705024B max: 3705024B slow: 0B max: 0B
[25.490s][info   ][gc,start       ] GC(93) Pause Young (Allocation Failure)
[25.490s][debug  ][gc,phases,start] GC(93) Scavenge
[25.504s][debug  ][gc,phases      ] GC(93) Scavenge 13.842ms
[25.504s][debug  ][gc,phases,start] GC(93) Reference Processing
[25.504s][debug  ][gc,ref         ] GC(93) Skipped phase 1 of Reference Processing: no references
[25.504s][debug  ][gc,ref         ] GC(93) Skipped phase 2 of Reference Processing: no references
[25.504s][debug  ][gc,ref         ] GC(93) Skipped phase 3 of Reference Processing: no references
[25.504s][debug  ][gc,ref         ] GC(93) Skipped phase 4 of Reference Processing: no references
[25.504s][debug  ][gc,phases,ref  ] GC(93) Reference Processing: 0.1ms
[25.504s][debug  ][gc,phases,ref  ] GC(93)   Reconsider SoftReferences: 0.0ms
[25.504s][debug  ][gc,phases,ref  ] GC(93)     SoftRef (ms):                  skipped
[25.504s][debug  ][gc,phases,ref  ] GC(93)   Notify Soft/WeakReferences: 0.0ms
[25.504s][debug  ][gc,phases,ref  ] GC(93)     SoftRef (ms):                  skipped
[25.504s][debug  ][gc,phases,ref  ] GC(93)     WeakRef (ms):                  skipped
[25.504s][debug  ][gc,phases,ref  ] GC(93)     FinalRef (ms):                 skipped
[25.504s][debug  ][gc,phases,ref  ] GC(93)     Total (ms):                    skipped
[25.504s][debug  ][gc,phases,ref  ] GC(93)   Notify and keep alive finalizable: 0.0ms
[25.504s][debug  ][gc,phases,ref  ] GC(93)     FinalRef (ms):                 skipped
[25.504s][debug  ][gc,phases,ref  ] GC(93)   Notify PhantomReferences: 0.0ms
[25.504s][debug  ][gc,phases,ref  ] GC(93)     PhantomRef (ms):               skipped
[25.504s][debug  ][gc,phases,ref  ] GC(93)   SoftReference:
[25.504s][debug  ][gc,phases,ref  ] GC(93)     Discovered: 0
[25.504s][debug  ][gc,phases,ref  ] GC(93)     Cleared: 0
[25.504s][debug  ][gc,phases,ref  ] GC(93)   WeakReference:
[25.504s][debug  ][gc,phases,ref  ] GC(93)     Discovered: 0
[25.504s][debug  ][gc,phases,ref  ] GC(93)     Cleared: 0
[25.504s][debug  ][gc,phases,ref  ] GC(93)   FinalReference:
[25.504s][debug  ][gc,phases,ref  ] GC(93)     Discovered: 0
[25.504s][debug  ][gc,phases,ref  ] GC(93)     Cleared: 0
[25.504s][debug  ][gc,phases,ref  ] GC(93)   PhantomReference:
[25.504s][debug  ][gc,phases,ref  ] GC(93)     Discovered: 0
[25.504s][debug  ][gc,phases,ref  ] GC(93)     Cleared: 0
[25.504s][debug  ][gc,phases      ] GC(93) Reference Processing 0.569ms
[25.504s][debug  ][gc,phases,start] GC(93) Weak Processing
[25.505s][debug  ][gc,phases      ] GC(93)   VM Weak                        Min:  0.0, Avg:  0.0, Max:  0.0, Diff:  0.0, Sum:  0.0, Workers: 6
[25.505s][debug  ][gc,phases      ] GC(93)     Dead                           Min: 0, Avg:  0.0, Max: 0, Diff: 0, Sum: 0, Workers: 6
[25.505s][debug  ][gc,phases      ] GC(93)     Total                          Min: 0, Avg:  1.3, Max: 8, Diff: 8, Sum: 8, Workers: 6
[25.505s][debug  ][gc,phases      ] GC(93)   ObjectSynchronizer Weak        Min:  0.0, Avg:  0.0, Max:  0.0, Diff:  0.0, Sum:  0.0, Workers: 6
[25.505s][debug  ][gc,phases      ] GC(93)     Dead                           Min: 0, Avg:  0.0, Max: 0, Diff: 0, Sum: 0, Workers: 6
[25.505s][debug  ][gc,phases      ] GC(93)     Total                          Min: 0, Avg:  0.5, Max: 3, Diff: 3, Sum: 3, Workers: 6
[25.505s][debug  ][gc,phases      ] GC(93)   JVMTI Tag Weak OopStorage      Min:  0.0, Avg:  0.0, Max:  0.0, Diff:  0.0, Sum:  0.0, Workers: 6
[25.505s][debug  ][gc,phases      ] GC(93)     Dead                           Min: 0, Avg:  0.0, Max: 0, Diff: 0, Sum: 0, Workers: 6
[25.505s][debug  ][gc,phases      ] GC(93)     Total                          Min: 0, Avg:  0.0, Max: 0, Diff: 0, Sum: 0, Workers: 6
[25.505s][debug  ][gc,phases      ] GC(93)   StringTable Weak               Min:  0.0, Avg:  0.0, Max:  0.0, Diff:  0.0, Sum:  0.0, Workers: 6
[25.505s][debug  ][gc,phases      ] GC(93)     Dead                           Min: 0, Avg:  0.0, Max: 0, Diff: 0, Sum: 0, Workers: 6
[25.505s][debug  ][gc,phases      ] GC(93)     Total                          Min: 703, Avg: 892.3, Max: 1088, Diff: 385, Sum: 5354, Workers: 6
[25.505s][debug  ][gc,phases      ] GC(93)   ResolvedMethodTable Weak       Min:  0.0, Avg:  0.0, Max:  0.0, Diff:  0.0, Sum:  0.0, Workers: 6
[25.505s][debug  ][gc,phases      ] GC(93)     Dead                           Min: 0, Avg:  0.0, Max: 0, Diff: 0, Sum: 0, Workers: 6
[25.505s][debug  ][gc,phases      ] GC(93)     Total                          Min: 0, Avg: 21.7, Max: 64, Diff: 64, Sum: 130, Workers: 6
[25.505s][debug  ][gc,phases      ] GC(93)   JNI Weak                       Min:  0.0, Avg:  0.0, Max:  0.0, Diff:  0.0, Sum:  0.0, Workers: 6
[25.505s][debug  ][gc,phases      ] GC(93)     Dead                           Min: 0, Avg:  0.0, Max: 0, Diff: 0, Sum: 0, Workers: 6
[25.505s][debug  ][gc,phases      ] GC(93)     Total                          Min: 0, Avg:  0.0, Max: 0, Diff: 0, Sum: 0, Workers: 6
[25.505s][debug  ][gc,phases      ] GC(93)   StringDedup Table Weak         Min:  0.0, Avg:  0.0, Max:  0.0, Diff:  0.0, Sum:  0.0, Workers: 6
[25.505s][debug  ][gc,phases      ] GC(93)     Dead                           Min: 0, Avg:  0.0, Max: 0, Diff: 0, Sum: 0, Workers: 6
[25.505s][debug  ][gc,phases      ] GC(93)     Total                          Min: 0, Avg:  0.0, Max: 0, Diff: 0, Sum: 0, Workers: 6
[25.505s][debug  ][gc,phases      ] GC(93)   StringDedup Requests0 Weak     Min:  0.0, Avg:  0.0, Max:  0.0, Diff:  0.0, Sum:  0.0, Workers: 6
[25.505s][debug  ][gc,phases      ] GC(93)     Dead                           Min: 0, Avg:  0.0, Max: 0, Diff: 0, Sum: 0, Workers: 6
[25.505s][debug  ][gc,phases      ] GC(93)     Total                          Min: 0, Avg:  0.0, Max: 0, Diff: 0, Sum: 0, Workers: 6
[25.505s][debug  ][gc,phases      ] GC(93)   StringDedup Requests1 Weak     Min:  0.0, Avg:  0.0, Max:  0.0, Diff:  0.0, Sum:  0.0, Workers: 6
[25.505s][debug  ][gc,phases      ] GC(93)     Dead                           Min: 0, Avg:  0.0, Max: 0, Diff: 0, Sum: 0, Workers: 6
[25.505s][debug  ][gc,phases      ] GC(93)     Total                          Min: 0, Avg:  0.0, Max: 0, Diff: 0, Sum: 0, Workers: 6
[25.505s][debug  ][gc,phases      ] GC(93)   Weak JFR Old Object Samples    Min:  0.0, Avg:  0.0, Max:  0.0, Diff:  0.0, Sum:  0.0, Workers: 6
[25.505s][debug  ][gc,phases      ] GC(93)     Dead                           Min: 0, Avg:  0.0, Max: 0, Diff: 0, Sum: 0, Workers: 6
[25.505s][debug  ][gc,phases      ] GC(93)     Total                          Min: 0, Avg:  0.0, Max: 0, Diff: 0, Sum: 0, Workers: 6
[25.505s][debug  ][gc,phases      ] GC(93) Weak Processing 0.666ms
[25.505s][debug  ][gc,ergo        ] GC(93) AdaptiveSizeStart:  collection: 94 
[25.505s][debug  ][gc,ergo        ] GC(93) avg_survived_padded_avg: 38701800.000000
[25.505s][debug  ][gc,ergo        ] GC(93) avg_promoted_padded_avg: 237592320.000000  avg_pretenured_padded_avg: 0.000000  tenuring_thresh: 9  target_size: 38797312
[25.505s][debug  ][gc,age         ] GC(93) Desired survivor size 38797312 bytes, new threshold 9 (max threshold 15)
[25.505s][debug  ][gc,ergo        ] GC(93) PSAdaptiveSizePolicy::compute_eden_space_size limits: desired_eden_size: 208930194 old_eden_size: 191365120 eden_limit: 190840832 cur_eden: 190840832 max_eden_size: 190840832 avg_young_live: 24752044
[25.505s][debug  ][gc,ergo        ] GC(93) PSAdaptiveSizePolicy::compute_eden_space_size: costs minor_time: 0.047232 major_cost: 0.052700 mutator_cost: 0.900068 throughput_goal: 0.990000
[25.505s][debug  ][gc,ergo        ] GC(93) Live_space: 1017452416 free_space: 1418199040
[25.505s][debug  ][gc,ergo        ] GC(93) Old eden_size: 191365120 desired_eden_size: 190840832
[25.505s][debug  ][gc,ergo        ] GC(93) AdaptiveSizeStop: collection: 94 
[25.505s][info   ][gc,heap        ] GC(93) PSYoungGen: 208418K(224256K)->30720K(224256K) Eden: 177698K(186368K)->0K(186368K) From: 30720K(37888K)->30720K(37888K)
[25.505s][info   ][gc,heap        ] GC(93) ParOldGen: 1168996K(1835008K)->1343077K(1835008K)
[25.505s][info   ][gc,metaspace   ] GC(93) Metaspace: 1022K(1216K)->1022K(1216K) NonClass: 938K(1024K)->938K(1024K) Class: 83K(192K)->83K(192K)
[25.506s][info   ][gc             ] GC(93) Pause Young (Allocation Failure) 1345M->1341M(2011M) 15.564ms
[25.506s][info   ][gc,cpu         ] GC(93) User=0.16s Sys=0.00s Real=0.02s
[25.506s][debug  ][gc,heap        ] GC(93) Heap after GC invocations=94 (full 15):
[25.506s][debug  ][gc,heap        ] GC(93)  PSYoungGen      total 224256K, used 30720K [0x00000000f0000000, 0x0000000100000000, 0x0000000100000000)
[25.506s][debug  ][gc,heap        ] GC(93)   eden space 186368K, 0% used [0x00000000f0000000,0x00000000f0000000,0x00000000fb600000)
[25.506s][debug  ][gc,heap        ] GC(93)   from space 37888K, 81% used [0x00000000fdb00000,0x00000000ff900030,0x0000000100000000)
[25.506s][debug  ][gc,heap        ] GC(93)   to   space 37888K, 0% used [0x00000000fb600000,0x00000000fb600000,0x00000000fdb00000)
[25.506s][debug  ][gc,heap        ] GC(93)  ParOldGen       total 1835008K, used 1343077K [0x0000000080000000, 0x00000000f0000000, 0x00000000f0000000)
[25.506s][debug  ][gc,heap        ] GC(93)   object space 1835008K, 73% used [0x0000000080000000,0x00000000d1f99408,0x00000000f0000000)
[25.506s][debug  ][gc,heap        ] GC(93)  Metaspace       used 1022K, committed 1216K, reserved 1056768K
[25.506s][debug  ][gc,heap        ] GC(93)   class space    used 83K, committed 192K, reserved 1048576K
[25.506s][debug  ][gc,task,time   ] GC(93) VM-Thread 254895806 255039062 255057637
[25.775s][debug  ][gc,heap        ] GC(94) Heap before GC invocations=95 (full 15):
[25.775s][debug  ][gc,heap        ] GC(94)  PSYoungGen      total 224256K, used 208430K [0x00000000f0000000, 0x0000000100000000, 0x0000000100000000)
[25.775s][debug  ][gc,heap        ] GC(94)   eden space 186368K, 95% used [0x00000000f0000000,0x00000000fad8b868,0x00000000fb600000)
[25.775s][debug  ][gc,heap        ] GC(94)   from space 37888K, 81% used [0x00000000fdb00000,0x00000000ff900030,0x0000000100000000)
[25.775s][debug  ][gc,heap        ] GC(94)   to   space 37888K, 0% used [0x00000000fb600000,0x00000000fb600000,0x00000000fdb00000)
[25.775s][debug  ][gc,heap        ] GC(94)  ParOldGen       total 1835008K, used 1343077K [0x0000000080000000, 0x00000000f0000000, 0x00000000f0000000)
[25.775s][debug  ][gc,heap        ] GC(94)   object space 1835008K, 73% used [0x0000000080000000,0x00000000d1f99408,0x00000000f0000000)
[25.775s][debug  ][gc,heap        ] GC(94)  Metaspace       used 1022K, committed 1216K, reserved 1056768K
[25.775s][debug  ][gc,heap        ] GC(94)   class space    used 83K, committed 192K, reserved 1048576K
[25.775s][debug  ][gc,tlab        ] GC(94) TLAB totals: thrds: 1  refills: 1 max: 1 slow allocs: 16 max 16 waste: 26.2% gc: 3716952B max: 3716952B slow: 0B max: 0B
[25.775s][info   ][gc,start       ] GC(94) Pause Young (Allocation Failure)
[25.775s][debug  ][gc,phases,start] GC(94) Scavenge
[25.790s][debug  ][gc,phases      ] GC(94) Scavenge 14.133ms
[25.790s][debug  ][gc,phases,start] GC(94) Reference Processing
[25.790s][debug  ][gc,ref         ] GC(94) Skipped phase 1 of Reference Processing: no references
[25.790s][debug  ][gc,ref         ] GC(94) Skipped phase 2 of Reference Processing: no references
[25.790s][debug  ][gc,ref         ] GC(94) Skipped phase 3 of Reference Processing: no references
[25.790s][debug  ][gc,ref         ] GC(94) Skipped phase 4 of Reference Processing: no references
[25.790s][debug  ][gc,phases,ref  ] GC(94) Reference Processing: 0.1ms
[25.790s][debug  ][gc,phases,ref  ] GC(94)   Reconsider SoftReferences: 0.0ms
[25.790s][debug  ][gc,phases,ref  ] GC(94)     SoftRef (ms):                  skipped
[25.790s][debug  ][gc,phases,ref  ] GC(94)   Notify Soft/WeakReferences: 0.0ms
[25.790s][debug  ][gc,phases,ref  ] GC(94)     SoftRef (ms):                  skipped
[25.790s][debug  ][gc,phases,ref  ] GC(94)     WeakRef (ms):                  skipped
[25.790s][debug  ][gc,phases,ref  ] GC(94)     FinalRef (ms):                 skipped
[25.790s][debug  ][gc,phases,ref  ] GC(94)     Total (ms):                    skipped
[25.790s][debug  ][gc,phases,ref  ] GC(94)   Notify and keep alive finalizable: 0.0ms
[25.790s][debug  ][gc,phases,ref  ] GC(94)     FinalRef (ms):                 skipped
[25.790s][debug  ][gc,phases,ref  ] GC(94)   Notify PhantomReferences: 0.0ms
[25.790s][debug  ][gc,phases,ref  ] GC(94)     PhantomRef (ms):               skipped
[25.790s][debug  ][gc,phases,ref  ] GC(94)   SoftReference:
[25.790s][debug  ][gc,phases,ref  ] GC(94)     Discovered: 0
[25.790s][debug  ][gc,phases,ref  ] GC(94)     Cleared: 0
[25.790s][debug  ][gc,phases,ref  ] GC(94)   WeakReference:
[25.790s][debug  ][gc,phases,ref  ] GC(94)     Discovered: 0
[25.790s][debug  ][gc,phases,ref  ] GC(94)     Cleared: 0
[25.790s][debug  ][gc,phases,ref  ] GC(94)   FinalReference:
[25.790s][debug  ][gc,phases,ref  ] GC(94)     Discovered: 0
[25.790s][debug  ][gc,phases,ref  ] GC(94)     Cleared: 0
[25.790s][debug  ][gc,phases,ref  ] GC(94)   PhantomReference:
[25.790s][debug  ][gc,phases,ref  ] GC(94)     Discovered: 0
[25.790s][debug  ][gc,phases,ref  ] GC(94)     Cleared: 0
[25.790s][debug  ][gc,phases      ] GC(94) Reference Processing 0.578ms
[25.790s][debug  ][gc,phases,start] GC(94) Weak Processing
[25.790s][debug  ][gc,phases      ] GC(94)   VM Weak                        Min:  0.0, Avg:  0.0, Max:  0.0, Diff:  0.0, Sum:  0.0, Workers: 6
[25.790s][debug  ][gc,phases      ] GC(94)     Dead                           Min: 0, Avg:  0.0, Max: 0, Diff: 0, Sum: 0, Workers: 6
[25.790s][debug  ][gc,phases      ] GC(94)     Total                          Min: 0, Avg:  1.3, Max: 8, Diff: 8, Sum: 8, Workers: 6
[25.790s][debug  ][gc,phases      ] GC(94)   ObjectSynchronizer Weak        Min:  0.0, Avg:  0.0, Max:  0.0, Diff:  0.0, Sum:  0.0, Workers: 6
[25.790s][debug  ][gc,phases      ] GC(94)     Dead                           Min: 0, Avg:  0.0, Max: 0, Diff: 0, Sum: 0, Workers: 6
[25.790s][debug  ][gc,phases      ] GC(94)     Total                          Min: 0, Avg:  0.5, Max: 3, Diff: 3, Sum: 3, Workers: 6
[25.790s][debug  ][gc,phases      ] GC(94)   JVMTI Tag Weak OopStorage      Min:  0.0, Avg:  0.0, Max:  0.0, Diff:  0.0, Sum:  0.0, Workers: 6
[25.790s][debug  ][gc,phases      ] GC(94)     Dead                           Min: 0, Avg:  0.0, Max: 0, Diff: 0, Sum: 0, Workers: 6
[25.790s][debug  ][gc,phases      ] GC(94)     Total                          Min: 0, Avg:  0.0, Max: 0, Diff: 0, Sum: 0, Workers: 6
[25.791s][debug  ][gc,phases      ] GC(94)   StringTable Weak               Min:  0.0, Avg:  0.0, Max:  0.0, Diff:  0.0, Sum:  0.0, Workers: 6
[25.791s][debug  ][gc,phases      ] GC(94)     Dead                           Min: 0, Avg:  0.0, Max: 0, Diff: 0, Sum: 0, Workers: 6
[25.791s][debug  ][gc,phases      ] GC(94)     Total                          Min: 639, Avg: 892.3, Max: 1152, Diff: 513, Sum: 5354, Workers: 6
[25.791s][debug  ][gc,phases      ] GC(94)   ResolvedMethodTable Weak       Min:  0.0, Avg:  0.0, Max:  0.0, Diff:  0.0, Sum:  0.0, Workers: 6
[25.791s][debug  ][gc,phases      ] GC(94)     Dead                           Min: 0, Avg:  0.0, Max: 0, Diff: 0, Sum: 0, Workers: 6
[25.791s][debug  ][gc,phases      ] GC(94)     Total                          Min: 0, Avg: 21.7, Max: 64, Diff: 64, Sum: 130, Workers: 6
[25.791s][debug  ][gc,phases      ] GC(94)   JNI Weak                       Min:  0.0, Avg:  0.0, Max:  0.0, Diff:  0.0, Sum:  0.0, Workers: 6
[25.791s][debug  ][gc,phases      ] GC(94)     Dead                           Min: 0, Avg:  0.0, Max: 0, Diff: 0, Sum: 0, Workers: 6
[25.791s][debug  ][gc,phases      ] GC(94)     Total                          Min: 0, Avg:  0.0, Max: 0, Diff: 0, Sum: 0, Workers: 6
[25.791s][debug  ][gc,phases      ] GC(94)   StringDedup Table Weak         Min:  0.0, Avg:  0.0, Max:  0.0, Diff:  0.0, Sum:  0.0, Workers: 6
[25.791s][debug  ][gc,phases      ] GC(94)     Dead                           Min: 0, Avg:  0.0, Max: 0, Diff: 0, Sum: 0, Workers: 6
[25.791s][debug  ][gc,phases      ] GC(94)     Total                          Min: 0, Avg:  0.0, Max: 0, Diff: 0, Sum: 0, Workers: 6
[25.791s][debug  ][gc,phases      ] GC(94)   StringDedup Requests0 Weak     Min:  0.0, Avg:  0.0, Max:  0.0, Diff:  0.0, Sum:  0.0, Workers: 6
[25.791s][debug  ][gc,phases      ] GC(94)     Dead                           Min: 0, Avg:  0.0, Max: 0, Diff: 0, Sum: 0, Workers: 6
[25.791s][debug  ][gc,phases      ] GC(94)     Total                          Min: 0, Avg:  0.0, Max: 0, Diff: 0, Sum: 0, Workers: 6
[25.791s][debug  ][gc,phases      ] GC(94)   StringDedup Requests1 Weak     Min:  0.0, Avg:  0.0, Max:  0.0, Diff:  0.0, Sum:  0.0, Workers: 6
[25.791s][debug  ][gc,phases      ] GC(94)     Dead                           Min: 0, Avg:  0.0, Max: 0, Diff: 0, Sum: 0, Workers: 6
[25.791s][debug  ][gc,phases      ] GC(94)     Total                          Min: 0, Avg:  0.0, Max: 0, Diff: 0, Sum: 0, Workers: 6
[25.791s][debug  ][gc,phases      ] GC(94)   Weak JFR Old Object Samples    Min:  0.0, Avg:  0.0, Max:  0.0, Diff:  0.0, Sum:  0.0, Workers: 6
[25.791s][debug  ][gc,phases      ] GC(94)     Dead                           Min: 0, Avg:  0.0, Max: 0, Diff: 0, Sum: 0, Workers: 6
[25.791s][debug  ][gc,phases      ] GC(94)     Total                          Min: 0, Avg:  0.0, Max: 0, Diff: 0, Sum: 0, Workers: 6
[25.791s][debug  ][gc,phases      ] GC(94) Weak Processing 0.660ms
[25.791s][debug  ][gc,ergo        ] GC(94) AdaptiveSizeStart:  collection: 95 
[25.791s][debug  ][gc,ergo        ] GC(94) avg_survived_padded_avg: 38661104.000000
[25.791s][debug  ][gc,ergo        ] GC(94) avg_promoted_padded_avg: 237132240.000000  avg_pretenured_padded_avg: 0.000000  tenuring_thresh: 9  target_size: 38797312
[25.791s][debug  ][gc,age         ] GC(94) Desired survivor size 38797312 bytes, new threshold 9 (max threshold 15)
[25.791s][debug  ][gc,ergo        ] GC(94) PSAdaptiveSizePolicy::compute_eden_space_size limits: desired_eden_size: 209275629 old_eden_size: 190840832 eden_limit: 190840832 cur_eden: 190840832 max_eden_size: 190840832 avg_young_live: 25422570
[25.791s][debug  ][gc,ergo        ] GC(94) PSAdaptiveSizePolicy::compute_eden_space_size: costs minor_time: 0.048972 major_cost: 0.052700 mutator_cost: 0.898328 throughput_goal: 0.990000
[25.791s][debug  ][gc,ergo        ] GC(94) Live_space: 1018122880 free_space: 1417674752
[25.791s][debug  ][gc,ergo        ] GC(94) Old eden_size: 190840832 desired_eden_size: 190840832
[25.791s][debug  ][gc,ergo        ] GC(94) AdaptiveSizeStop: collection: 95 
[25.791s][info   ][gc,heap        ] GC(94) PSYoungGen: 208430K(224256K)->30720K(224256K) Eden: 177710K(186368K)->0K(186368K) From: 30720K(37888K)->30720K(37888K)
[25.791s][info   ][gc,heap        ] GC(94) ParOldGen: 1343077K(1835008K)->1517157K(1835008K)
[25.791s][info   ][gc,metaspace   ] GC(94) Metaspace: 1022K(1216K)->1022K(1216K) NonClass: 938K(1024K)->938K(1024K) Class: 83K(192K)->83K(192K)
[25.791s][info   ][gc             ] GC(94) Pause Young (Allocation Failure) 1515M->1511M(2011M) 15.812ms
[25.791s][info   ][gc,cpu         ] GC(94) User=0.19s Sys=0.00s Real=0.02s
[25.791s][debug  ][gc,heap        ] GC(94) Heap after GC invocations=95 (full 15):
[25.791s][debug  ][gc,heap        ] GC(94)  PSYoungGen      total 224256K, used 30720K [0x00000000f0000000, 0x0000000100000000, 0x0000000100000000)
[25.791s][debug  ][gc,heap        ] GC(94)   eden space 186368K, 0% used [0x00000000f0000000,0x00000000f0000000,0x00000000fb600000)
[25.791s][debug  ][gc,heap        ] GC(94)   from space 37888K, 81% used [0x00000000fb600000,0x00000000fd400030,0x00000000fdb00000)
[25.791s][debug  ][gc,heap        ] GC(94)   to   space 37888K, 0% used [0x00000000fdb00000,0x00000000fdb00000,0x0000000100000000)
[25.791s][debug  ][gc,heap        ] GC(94)  ParOldGen       total 1835008K, used 1517157K [0x0000000080000000, 0x00000000f0000000, 0x00000000f0000000)
[25.791s][debug  ][gc,heap        ] GC(94)   object space 1835008K, 82% used [0x0000000080000000,0x00000000dc999518,0x00000000f0000000)
[25.791s][debug  ][gc,heap        ] GC(94)  Metaspace       used 1022K, committed 1216K, reserved 1056768K
[25.791s][debug  ][gc,heap        ] GC(94)   class space    used 83K, committed 192K, reserved 1048576K
[25.791s][debug  ][gc,task,time   ] GC(94) VM-Thread 257750637 257896717 257914755
[26.058s][debug  ][gc,heap        ] GC(95) Heap before GC invocations=96 (full 15):
[26.058s][debug  ][gc,heap        ] GC(95)  PSYoungGen      total 224256K, used 208437K [0x00000000f0000000, 0x0000000100000000, 0x0000000100000000)
[26.058s][debug  ][gc,heap        ] GC(95)   eden space 186368K, 95% used [0x00000000f0000000,0x00000000fad8d658,0x00000000fb600000)
[26.058s][debug  ][gc,heap        ] GC(95)   from space 37888K, 81% used [0x00000000fb600000,0x00000000fd400030,0x00000000fdb00000)
[26.058s][debug  ][gc,heap        ] GC(95)   to   space 37888K, 0% used [0x00000000fdb00000,0x00000000fdb00000,0x0000000100000000)
[26.058s][debug  ][gc,heap        ] GC(95)  ParOldGen       total 1835008K, used 1517157K [0x0000000080000000, 0x00000000f0000000, 0x00000000f0000000)
[26.058s][debug  ][gc,heap        ] GC(95)   object space 1835008K, 82% used [0x0000000080000000,0x00000000dc999518,0x00000000f0000000)
[26.058s][debug  ][gc,heap        ] GC(95)  Metaspace       used 1022K, committed 1216K, reserved 1056768K
[26.058s][debug  ][gc,heap        ] GC(95)   class space    used 83K, committed 192K, reserved 1048576K
[26.058s][debug  ][gc,tlab        ] GC(95) TLAB totals: thrds: 1  refills: 1 max: 1 slow allocs: 16 max 16 waste: 26.2% gc: 3724616B max: 3724616B slow: 0B max: 0B
[26.058s][info   ][gc,start       ] GC(95) Pause Young (Allocation Failure)
[26.059s][debug  ][gc,phases,start] GC(95) Scavenge
[26.073s][debug  ][gc,phases      ] GC(95) Scavenge 14.420ms
[26.073s][debug  ][gc,phases,start] GC(95) Reference Processing
[26.073s][debug  ][gc,ref         ] GC(95) Skipped phase 1 of Reference Processing: no references
[26.073s][debug  ][gc,ref         ] GC(95) Skipped phase 2 of Reference Processing: no references
[26.073s][debug  ][gc,ref         ] GC(95) Skipped phase 3 of Reference Processing: no references
[26.073s][debug  ][gc,ref         ] GC(95) Skipped phase 4 of Reference Processing: no references
[26.073s][debug  ][gc,phases,ref  ] GC(95) Reference Processing: 0.1ms
[26.073s][debug  ][gc,phases,ref  ] GC(95)   Reconsider SoftReferences: 0.0ms
[26.073s][debug  ][gc,phases,ref  ] GC(95)     SoftRef (ms):                  skipped
[26.073s][debug  ][gc,phases,ref  ] GC(95)   Notify Soft/WeakReferences: 0.0ms
[26.073s][debug  ][gc,phases,ref  ] GC(95)     SoftRef (ms):                  skipped
[26.073s][debug  ][gc,phases,ref  ] GC(95)     WeakRef (ms):                  skipped
[26.073s][debug  ][gc,phases,ref  ] GC(95)     FinalRef (ms):                 skipped
[26.073s][debug  ][gc,phases,ref  ] GC(95)     Total (ms):                    skipped
[26.073s][debug  ][gc,phases,ref  ] GC(95)   Notify and keep alive finalizable: 0.0ms
[26.073s][debug  ][gc,phases,ref  ] GC(95)     FinalRef (ms):                 skipped
[26.073s][debug  ][gc,phases,ref  ] GC(95)   Notify PhantomReferences: 0.0ms
[26.073s][debug  ][gc,phases,ref  ] GC(95)     PhantomRef (ms):               skipped
[26.073s][debug  ][gc,phases,ref  ] GC(95)   SoftReference:
[26.073s][debug  ][gc,phases,ref  ] GC(95)     Discovered: 0
[26.073s][debug  ][gc,phases,ref  ] GC(95)     Cleared: 0
[26.073s][debug  ][gc,phases,ref  ] GC(95)   WeakReference:
[26.073s][debug  ][gc,phases,ref  ] GC(95)     Discovered: 0
[26.073s][debug  ][gc,phases,ref  ] GC(95)     Cleared: 0
[26.073s][debug  ][gc,phases,ref  ] GC(95)   FinalReference:
[26.074s][debug  ][gc,phases,ref  ] GC(95)     Discovered: 0
[26.074s][debug  ][gc,phases,ref  ] GC(95)     Cleared: 0
[26.074s][debug  ][gc,phases,ref  ] GC(95)   PhantomReference:
[26.074s][debug  ][gc,phases,ref  ] GC(95)     Discovered: 0
[26.074s][debug  ][gc,phases,ref  ] GC(95)     Cleared: 0
[26.074s][debug  ][gc,phases      ] GC(95) Reference Processing 0.569ms
[26.074s][debug  ][gc,phases,start] GC(95) Weak Processing
[26.074s][debug  ][gc,phases      ] GC(95)   VM Weak                        Min:  0.0, Avg:  0.0, Max:  0.0, Diff:  0.0, Sum:  0.0, Workers: 6
[26.074s][debug  ][gc,phases      ] GC(95)     Dead                           Min: 0, Avg:  0.0, Max: 0, Diff: 0, Sum: 0, Workers: 6
[26.074s][debug  ][gc,phases      ] GC(95)     Total                          Min: 0, Avg:  1.3, Max: 8, Diff: 8, Sum: 8, Workers: 6
[26.074s][debug  ][gc,phases      ] GC(95)   ObjectSynchronizer Weak        Min:  0.0, Avg:  0.0, Max:  0.0, Diff:  0.0, Sum:  0.0, Workers: 6
[26.074s][debug  ][gc,phases      ] GC(95)     Dead                           Min: 0, Avg:  0.0, Max: 0, Diff: 0, Sum: 0, Workers: 6
[26.074s][debug  ][gc,phases      ] GC(95)     Total                          Min: 0, Avg:  0.5, Max: 3, Diff: 3, Sum: 3, Workers: 6
[26.074s][debug  ][gc,phases      ] GC(95)   JVMTI Tag Weak OopStorage      Min:  0.0, Avg:  0.0, Max:  0.0, Diff:  0.0, Sum:  0.0, Workers: 6
[26.074s][debug  ][gc,phases      ] GC(95)     Dead                           Min: 0, Avg:  0.0, Max: 0, Diff: 0, Sum: 0, Workers: 6
[26.074s][debug  ][gc,phases      ] GC(95)     Total                          Min: 0, Avg:  0.0, Max: 0, Diff: 0, Sum: 0, Workers: 6
[26.074s][debug  ][gc,phases      ] GC(95)   StringTable Weak               Min:  0.0, Avg:  0.0, Max:  0.0, Diff:  0.0, Sum:  0.0, Workers: 6
[26.074s][debug  ][gc,phases      ] GC(95)     Dead                           Min: 0, Avg:  0.0, Max: 0, Diff: 0, Sum: 0, Workers: 6
[26.074s][debug  ][gc,phases      ] GC(95)     Total                          Min: 768, Avg: 892.3, Max: 1088, Diff: 320, Sum: 5354, Workers: 6
[26.074s][debug  ][gc,phases      ] GC(95)   ResolvedMethodTable Weak       Min:  0.0, Avg:  0.0, Max:  0.0, Diff:  0.0, Sum:  0.0, Workers: 6
[26.074s][debug  ][gc,phases      ] GC(95)     Dead                           Min: 0, Avg:  0.0, Max: 0, Diff: 0, Sum: 0, Workers: 6
[26.074s][debug  ][gc,phases      ] GC(95)     Total                          Min: 0, Avg: 21.7, Max: 64, Diff: 64, Sum: 130, Workers: 6
[26.074s][debug  ][gc,phases      ] GC(95)   JNI Weak                       Min:  0.0, Avg:  0.0, Max:  0.0, Diff:  0.0, Sum:  0.0, Workers: 6
[26.074s][debug  ][gc,phases      ] GC(95)     Dead                           Min: 0, Avg:  0.0, Max: 0, Diff: 0, Sum: 0, Workers: 6
[26.074s][debug  ][gc,phases      ] GC(95)     Total                          Min: 0, Avg:  0.0, Max: 0, Diff: 0, Sum: 0, Workers: 6
[26.074s][debug  ][gc,phases      ] GC(95)   StringDedup Table Weak         Min:  0.0, Avg:  0.0, Max:  0.0, Diff:  0.0, Sum:  0.0, Workers: 6
[26.074s][debug  ][gc,phases      ] GC(95)     Dead                           Min: 0, Avg:  0.0, Max: 0, Diff: 0, Sum: 0, Workers: 6
[26.074s][debug  ][gc,phases      ] GC(95)     Total                          Min: 0, Avg:  0.0, Max: 0, Diff: 0, Sum: 0, Workers: 6
[26.074s][debug  ][gc,phases      ] GC(95)   StringDedup Requests0 Weak     Min:  0.0, Avg:  0.0, Max:  0.0, Diff:  0.0, Sum:  0.0, Workers: 6
[26.074s][debug  ][gc,phases      ] GC(95)     Dead                           Min: 0, Avg:  0.0, Max: 0, Diff: 0, Sum: 0, Workers: 6
[26.074s][debug  ][gc,phases      ] GC(95)     Total                          Min: 0, Avg:  0.0, Max: 0, Diff: 0, Sum: 0, Workers: 6
[26.074s][debug  ][gc,phases      ] GC(95)   StringDedup Requests1 Weak     Min:  0.0, Avg:  0.0, Max:  0.0, Diff:  0.0, Sum:  0.0, Workers: 6
[26.074s][debug  ][gc,phases      ] GC(95)     Dead                           Min: 0, Avg:  0.0, Max: 0, Diff: 0, Sum: 0, Workers: 6
[26.074s][debug  ][gc,phases      ] GC(95)     Total                          Min: 0, Avg:  0.0, Max: 0, Diff: 0, Sum: 0, Workers: 6
[26.074s][debug  ][gc,phases      ] GC(95)   Weak JFR Old Object Samples    Min:  0.0, Avg:  0.0, Max:  0.0, Diff:  0.0, Sum:  0.0, Workers: 6
[26.074s][debug  ][gc,phases      ] GC(95)     Dead                           Min: 0, Avg:  0.0, Max: 0, Diff: 0, Sum: 0, Workers: 6
[26.074s][debug  ][gc,phases      ] GC(95)     Total                          Min: 0, Avg:  0.0, Max: 0, Diff: 0, Sum: 0, Workers: 6
[26.074s][debug  ][gc,phases      ] GC(95) Weak Processing 0.689ms
[26.074s][debug  ][gc,ergo        ] GC(95) AdaptiveSizeStart:  collection: 96 
[26.074s][debug  ][gc,ergo        ] GC(95) avg_survived_padded_avg: 38556104.000000
[26.074s][debug  ][gc,ergo        ] GC(95) avg_promoted_padded_avg: 236170832.000000  avg_pretenured_padded_avg: 0.000000  tenuring_thresh: 9  target_size: 38797312
[26.074s][debug  ][gc,age         ] GC(95) Desired survivor size 38797312 bytes, new threshold 9 (max threshold 15)
[26.074s][debug  ][gc,ergo        ] GC(95) PSAdaptiveSizePolicy::compute_eden_space_size limits: desired_eden_size: 209601763 old_eden_size: 190840832 eden_limit: 190840832 cur_eden: 190840832 max_eden_size: 190840832 avg_young_live: 26026044
[26.074s][debug  ][gc,ergo        ] GC(95) PSAdaptiveSizePolicy::compute_eden_space_size: costs minor_time: 0.050671 major_cost: 0.052700 mutator_cost: 0.896628 throughput_goal: 0.990000
[26.074s][debug  ][gc,ergo        ] GC(95) Live_space: 1018726400 free_space: 1417674752
[26.074s][debug  ][gc,ergo        ] GC(95) Old eden_size: 190840832 desired_eden_size: 190840832
[26.075s][debug  ][gc,ergo        ] GC(95) AdaptiveSizeStop: collection: 96 
[26.075s][info   ][gc,heap        ] GC(95) PSYoungGen: 208437K(224256K)->30720K(224256K) Eden: 177717K(186368K)->0K(186368K) From: 30720K(37888K)->30720K(37888K)
[26.075s][info   ][gc,heap        ] GC(95) ParOldGen: 1517157K(1835008K)->1691237K(1835008K)
[26.075s][info   ][gc,metaspace   ] GC(95) Metaspace: 1022K(1216K)->1022K(1216K) NonClass: 938K(1024K)->938K(1024K) Class: 83K(192K)->83K(192K)
[26.075s][info   ][gc             ] GC(95) Pause Young (Allocation Failure) 1685M->1681M(2011M) 16.117ms
[26.075s][info   ][gc,cpu         ] GC(95) User=0.19s Sys=0.00s Real=0.02s
[26.075s][debug  ][gc,heap        ] GC(95) Heap after GC invocations=96 (full 15):
[26.075s][debug  ][gc,heap        ] GC(95)  PSYoungGen      total 224256K, used 30720K [0x00000000f0000000, 0x0000000100000000, 0x0000000100000000)
[26.075s][debug  ][gc,heap        ] GC(95)   eden space 186368K, 0% used [0x00000000f0000000,0x00000000f0000000,0x00000000fb600000)
[26.075s][debug  ][gc,heap        ] GC(95)   from space 37888K, 81% used [0x00000000fdb00000,0x00000000ff900030,0x0000000100000000)
[26.075s][debug  ][gc,heap        ] GC(95)   to   space 37888K, 0% used [0x00000000fb600000,0x00000000fb600000,0x00000000fdb00000)
[26.075s][debug  ][gc,heap        ] GC(95)  ParOldGen       total 1835008K, used 1691237K [0x0000000080000000, 0x00000000f0000000, 0x00000000f0000000)
[26.075s][debug  ][gc,heap        ] GC(95)   object space 1835008K, 92% used [0x0000000080000000,0x00000000e7399628,0x00000000f0000000)
[26.075s][debug  ][gc,heap        ] GC(95)  Metaspace       used 1022K, committed 1216K, reserved 1056768K
[26.075s][debug  ][gc,heap        ] GC(95)   class space    used 83K, committed 192K, reserved 1048576K
[26.075s][debug  ][gc,task,time   ] GC(95) VM-Thread 260581293 260730381 260748517
[26.075s][debug  ][gc,phases,start] GC(96) Pre Compact
[26.075s][debug  ][gc,heap        ] GC(96) Heap before GC invocations=97 (full 16):
[26.075s][debug  ][gc,heap        ] GC(96)  PSYoungGen      total 224256K, used 30720K [0x00000000f0000000, 0x0000000100000000, 0x0000000100000000)
[26.075s][debug  ][gc,heap        ] GC(96)   eden space 186368K, 0% used [0x00000000f0000000,0x00000000f0000000,0x00000000fb600000)
[26.075s][debug  ][gc,heap        ] GC(96)   from space 37888K, 81% used [0x00000000fdb00000,0x00000000ff900030,0x0000000100000000)
[26.075s][debug  ][gc,heap        ] GC(96)   to   space 37888K, 0% used [0x00000000fb600000,0x00000000fb600000,0x00000000fdb00000)
[26.075s][debug  ][gc,heap        ] GC(96)  ParOldGen       total 1835008K, used 1691237K [0x0000000080000000, 0x00000000f0000000, 0x00000000f0000000)
[26.075s][debug  ][gc,heap        ] GC(96)   object space 1835008K, 92% used [0x0000000080000000,0x00000000e7399628,0x00000000f0000000)
[26.075s][debug  ][gc,heap        ] GC(96)  Metaspace       used 1022K, committed 1216K, reserved 1056768K
[26.075s][debug  ][gc,heap        ] GC(96)   class space    used 83K, committed 192K, reserved 1048576K
[26.075s][debug  ][gc,phases      ] GC(96) Pre Compact 0.225ms
[26.075s][info   ][gc,start       ] GC(96) Pause Full (Ergonomics)
[26.075s][info   ][gc,phases,start] GC(96) Marking Phase
[26.075s][debug  ][gc,phases,start] GC(96) Par Mark
[26.076s][debug  ][gc,phases      ] GC(96) Par Mark 0.483ms
[26.076s][debug  ][gc,phases,start] GC(96) Reference Processing
[26.076s][debug  ][gc,ref         ] GC(96) Skipped phase 1 of Reference Processing: no references
[26.076s][debug  ][gc,ref         ] GC(96) ReferenceProcessor::execute queues: 1, RefProcThreadModel::Single, marks_oops_alive: false
[26.076s][debug  ][gc,ref         ] GC(96) Skipped phase 3 of Reference Processing: no references
[26.076s][debug  ][gc,ref         ] GC(96) ReferenceProcessor::execute queues: 1, RefProcThreadModel::Single, marks_oops_alive: false
[26.076s][debug  ][gc,phases,ref  ] GC(96) Reference Processing: 0.1ms
[26.076s][debug  ][gc,phases,ref  ] GC(96)   Reconsider SoftReferences: 0.0ms
[26.076s][debug  ][gc,phases,ref  ] GC(96)     SoftRef (ms):                  skipped
[26.076s][debug  ][gc,phases,ref  ] GC(96)   Notify Soft/WeakReferences: 0.0ms
[26.076s][debug  ][gc,phases,ref  ] GC(96)     SoftRef (ms):                  Min:  0.0, Avg:  0.0, Max:  0.0, Diff:  0.0, Sum:  0.0, Workers: 12
[26.076s][debug  ][gc,phases,ref  ] GC(96)     WeakRef (ms):                  Min:  0.0, Avg:  0.0, Max:  0.0, Diff:  0.0, Sum:  0.0, Workers: 12
[26.076s][debug  ][gc,phases,ref  ] GC(96)     FinalRef (ms):                 Min:  0.0, Avg:  0.0, Max:  0.0, Diff:  0.0, Sum:  0.0, Workers: 12
[26.076s][debug  ][gc,phases,ref  ] GC(96)     Total (ms):                    Min:  0.0, Avg:  0.0, Max:  0.0, Diff:  0.0, Sum:  0.0, Workers: 12
[26.076s][debug  ][gc,phases,ref  ] GC(96)   Notify and keep alive finalizable: 0.0ms
[26.076s][debug  ][gc,phases,ref  ] GC(96)     FinalRef (ms):                 skipped
[26.076s][debug  ][gc,phases,ref  ] GC(96)   Notify PhantomReferences: 0.0ms
[26.076s][debug  ][gc,phases,ref  ] GC(96)     PhantomRef (ms):               Min:  0.0, Avg:  0.0, Max:  0.0, Diff:  0.0, Sum:  0.0, Workers: 12
[26.076s][debug  ][gc,phases,ref  ] GC(96)   SoftReference:
[26.076s][debug  ][gc,phases,ref  ] GC(96)     Discovered: 0
[26.076s][debug  ][gc,phases,ref  ] GC(96)     Cleared: 0
[26.076s][debug  ][gc,phases,ref  ] GC(96)   WeakReference:
[26.076s][debug  ][gc,phases,ref  ] GC(96)     Discovered: 44
[26.076s][debug  ][gc,phases,ref  ] GC(96)     Cleared: 44
[26.076s][debug  ][gc,phases,ref  ] GC(96)   FinalReference:
[26.076s][debug  ][gc,phases,ref  ] GC(96)     Discovered: 0
[26.076s][debug  ][gc,phases,ref  ] GC(96)     Cleared: 0
[26.076s][debug  ][gc,phases,ref  ] GC(96)   PhantomReference:
[26.076s][debug  ][gc,phases,ref  ] GC(96)     Discovered: 5
[26.076s][debug  ][gc,phases,ref  ] GC(96)     Cleared: 5
[26.076s][debug  ][gc,phases      ] GC(96) Reference Processing 0.580ms
[26.076s][debug  ][gc,phases,start] GC(96) Weak Processing
[26.076s][debug  ][gc,phases      ] GC(96)   VM Weak                        Min:  0.0, Avg:  0.0, Max:  0.0, Diff:  0.0, Sum:  0.0, Workers: 6
[26.076s][debug  ][gc,phases      ] GC(96)     Dead                           Min: 0, Avg:  0.0, Max: 0, Diff: 0, Sum: 0, Workers: 6
[26.076s][debug  ][gc,phases      ] GC(96)     Total                          Min: 0, Avg:  1.3, Max: 8, Diff: 8, Sum: 8, Workers: 6
[26.076s][debug  ][gc,phases      ] GC(96)   ObjectSynchronizer Weak        Min:  0.0, Avg:  0.0, Max:  0.0, Diff:  0.0, Sum:  0.0, Workers: 6
[26.076s][debug  ][gc,phases      ] GC(96)     Dead                           Min: 0, Avg:  0.0, Max: 0, Diff: 0, Sum: 0, Workers: 6
[26.077s][debug  ][gc,phases      ] GC(96)     Total                          Min: 0, Avg:  0.5, Max: 3, Diff: 3, Sum: 3, Workers: 6
[26.077s][debug  ][gc,phases      ] GC(96)   JVMTI Tag Weak OopStorage      Min:  0.0, Avg:  0.0, Max:  0.0, Diff:  0.0, Sum:  0.0, Workers: 6
[26.077s][debug  ][gc,phases      ] GC(96)     Dead                           Min: 0, Avg:  0.0, Max: 0, Diff: 0, Sum: 0, Workers: 6
[26.077s][debug  ][gc,phases      ] GC(96)     Total                          Min: 0, Avg:  0.0, Max: 0, Diff: 0, Sum: 0, Workers: 6
[26.077s][debug  ][gc,phases      ] GC(96)   StringTable Weak               Min:  0.0, Avg:  0.0, Max:  0.0, Diff:  0.0, Sum:  0.0, Workers: 6
[26.077s][debug  ][gc,phases      ] GC(96)     Dead                           Min: 0, Avg:  0.0, Max: 0, Diff: 0, Sum: 0, Workers: 6
[26.077s][debug  ][gc,phases      ] GC(96)     Total                          Min: 576, Avg: 892.3, Max: 1259, Diff: 683, Sum: 5354, Workers: 6
[26.077s][debug  ][gc,phases      ] GC(96)   ResolvedMethodTable Weak       Min:  0.0, Avg:  0.0, Max:  0.0, Diff:  0.0, Sum:  0.0, Workers: 6
[26.077s][debug  ][gc,phases      ] GC(96)     Dead                           Min: 0, Avg:  0.0, Max: 0, Diff: 0, Sum: 0, Workers: 6
[26.077s][debug  ][gc,phases      ] GC(96)     Total                          Min: 0, Avg: 21.7, Max: 64, Diff: 64, Sum: 130, Workers: 6
[26.077s][debug  ][gc,phases      ] GC(96)   JNI Weak                       Min:  0.0, Avg:  0.0, Max:  0.0, Diff:  0.0, Sum:  0.0, Workers: 6
[26.077s][debug  ][gc,phases      ] GC(96)     Dead                           Min: 0, Avg:  0.0, Max: 0, Diff: 0, Sum: 0, Workers: 6
[26.077s][debug  ][gc,phases      ] GC(96)     Total                          Min: 0, Avg:  0.0, Max: 0, Diff: 0, Sum: 0, Workers: 6
[26.077s][debug  ][gc,phases      ] GC(96)   StringDedup Table Weak         Min:  0.0, Avg:  0.0, Max:  0.0, Diff:  0.0, Sum:  0.0, Workers: 6
[26.077s][debug  ][gc,phases      ] GC(96)     Dead                           Min: 0, Avg:  0.0, Max: 0, Diff: 0, Sum: 0, Workers: 6
[26.077s][debug  ][gc,phases      ] GC(96)     Total                          Min: 0, Avg:  0.0, Max: 0, Diff: 0, Sum: 0, Workers: 6
[26.077s][debug  ][gc,phases      ] GC(96)   StringDedup Requests0 Weak     Min:  0.0, Avg:  0.0, Max:  0.0, Diff:  0.0, Sum:  0.0, Workers: 6
[26.077s][debug  ][gc,phases      ] GC(96)     Dead                           Min: 0, Avg:  0.0, Max: 0, Diff: 0, Sum: 0, Workers: 6
[26.077s][debug  ][gc,phases      ] GC(96)     Total                          Min: 0, Avg:  0.0, Max: 0, Diff: 0, Sum: 0, Workers: 6
[26.077s][debug  ][gc,phases      ] GC(96)   StringDedup Requests1 Weak     Min:  0.0, Avg:  0.0, Max:  0.0, Diff:  0.0, Sum:  0.0, Workers: 6
[26.077s][debug  ][gc,phases      ] GC(96)     Dead                           Min: 0, Avg:  0.0, Max: 0, Diff: 0, Sum: 0, Workers: 6
[26.077s][debug  ][gc,phases      ] GC(96)     Total                          Min: 0, Avg:  0.0, Max: 0, Diff: 0, Sum: 0, Workers: 6
[26.077s][debug  ][gc,phases      ] GC(96)   Weak JFR Old Object Samples    Min:  0.0, Avg:  0.0, Max:  0.0, Diff:  0.0, Sum:  0.0, Workers: 6
[26.077s][debug  ][gc,phases      ] GC(96)     Dead                           Min: 0, Avg:  0.0, Max: 0, Diff: 0, Sum: 0, Workers: 6
[26.077s][debug  ][gc,phases      ] GC(96)     Total                          Min: 0, Avg:  0.0, Max: 0, Diff: 0, Sum: 0, Workers: 6
[26.077s][debug  ][gc,phases      ] GC(96) Weak Processing 0.781ms
[26.077s][debug  ][gc,phases,start] GC(96) Class Unloading
[26.077s][debug  ][gc,phases,start] GC(96) ClassLoaderData
[26.077s][debug  ][gc,phases      ] GC(96) ClassLoaderData 0.019ms
[26.077s][debug  ][gc,phases,start] GC(96) Trigger cleanups
[26.077s][debug  ][gc,phases      ] GC(96) Trigger cleanups 0.019ms
[26.077s][debug  ][gc,phases      ] GC(96) Class Unloading 0.253ms
[26.077s][info   ][gc,phases      ] GC(96) Marking Phase 2.208ms
[26.077s][info   ][gc,phases,start] GC(96) Summary Phase
[26.077s][info   ][gc,phases      ] GC(96) Summary Phase 0.038ms
[26.077s][info   ][gc,phases,start] GC(96) Adjust Roots
[26.078s][info   ][gc,phases      ] GC(96) Adjust Roots 0.159ms
[26.078s][info   ][gc,phases,start] GC(96) Compaction Phase
[26.173s][info   ][gc,phases      ] GC(96) Compaction Phase 94.897ms
[26.173s][info   ][gc,phases,start] GC(96) Post Compact
[26.179s][info   ][gc,phases      ] GC(96) Post Compact 5.974ms
[26.179s][debug  ][gc,ergo        ] GC(96) AdaptiveSizeStart: collection: 97 
[26.179s][debug  ][gc,ergo        ] GC(96) PSAdaptiveSizePolicy::compute_eden_space_size limits: desired_eden_size: 209433185 old_eden_size: 190840832 eden_limit: 190840832 cur_eden: 190840832 max_eden_size: 190840832 avg_young_live: 23423440
[26.179s][debug  ][gc,ergo        ] GC(96) PSAdaptiveSizePolicy::compute_eden_space_size: costs minor_time: 0.050671 major_cost: 0.053637 mutator_cost: 0.895691 throughput_goal: 0.990000
[26.179s][debug  ][gc,ergo        ] GC(96) Live_space: 1016123776 free_space: 1417674752
[26.179s][debug  ][gc,ergo        ] GC(96) Old eden_size: 190840832 desired_eden_size: 190840832
[26.179s][debug  ][gc,ergo        ] GC(96) PSAdaptiveSizePolicy::compute_old_gen_free_space limits: desired_promo_size: 1353005886 promo_limit: 1226833920 free_in_old_gen: 1136864768 max_old_gen_size: 1879048192 avg_old_live: 742183488
[26.179s][debug  ][gc,ergo        ] GC(96) PSAdaptiveSizePolicy::compute_old_gen_free_space: costs minor_time: 0.050671 major_cost: 0.053637  mutator_cost: 0.895691 throughput_goal: 0.990000
[26.179s][debug  ][gc,ergo        ] GC(96) Live_space: 1034042368 free_space: 1417674752
[26.179s][debug  ][gc,ergo        ] GC(96) Old promo_size: 1226833920 desired_promo_size: 1226833920
[26.179s][debug  ][gc,ergo        ] GC(96) AdaptiveSizeStop: collection: 97 
[26.179s][info   ][gc,heap        ] GC(96) PSYoungGen: 30720K(224256K)->0K(224256K) Eden: 0K(186368K)->0K(186368K) From: 30720K(37888K)->0K(37888K)
[26.179s][info   ][gc,heap        ] GC(96) ParOldGen: 1691237K(1835008K)->882276K(1835008K)
[26.179s][info   ][gc,metaspace   ] GC(96) Metaspace: 1022K(1216K)->1022K(1216K) NonClass: 938K(1024K)->938K(1024K) Class: 83K(192K)->83K(192K)
[26.179s][info   ][gc             ] GC(96) Pause Full (Ergonomics) 1681M->861M(2011M) 104.021ms
[26.179s][info   ][gc,cpu         ] GC(96) User=1.05s Sys=0.00s Real=0.10s
[26.179s][debug  ][gc,heap        ] GC(96) Heap after GC invocations=97 (full 16):
[26.179s][debug  ][gc,heap        ] GC(96)  PSYoungGen      total 224256K, used 0K [0x00000000f0000000, 0x0000000100000000, 0x0000000100000000)
[26.179s][debug  ][gc,heap        ] GC(96)   eden space 186368K, 0% used [0x00000000f0000000,0x00000000f0000000,0x00000000fb600000)
[26.179s][debug  ][gc,heap        ] GC(96)   from space 37888K, 0% used [0x00000000fb600000,0x00000000fb600000,0x00000000fdb00000)
[26.179s][debug  ][gc,heap        ] GC(96)   to   space 37888K, 0% used [0x00000000fdb00000,0x00000000fdb00000,0x0000000100000000)
[26.179s][debug  ][gc,heap        ] GC(96)  ParOldGen       total 1835008K, used 882276K [0x0000000080000000, 0x00000000f0000000, 0x00000000f0000000)
[26.179s][debug  ][gc,heap        ] GC(96)   object space 1835008K, 48% used [0x0000000080000000,0x00000000b5d99138,0x00000000f0000000)
[26.179s][debug  ][gc,heap        ] GC(96)  Metaspace       used 1022K, committed 1216K, reserved 1056768K
[26.179s][debug  ][gc,heap        ] GC(96)   class space    used 83K, committed 192K, reserved 1048576K
[26.179s][debug  ][gc,task,time   ] GC(96) VM-Thread 260751474 260776493 261792128
[26.455s][debug  ][gc,heap        ] GC(97) Heap before GC invocations=98 (full 16):
[26.455s][debug  ][gc,heap        ] GC(97)  PSYoungGen      total 224256K, used 177722K [0x00000000f0000000, 0x0000000100000000, 0x0000000100000000)
[26.455s][debug  ][gc,heap        ] GC(97)   eden space 186368K, 95% used [0x00000000f0000000,0x00000000fad8e998,0x00000000fb600000)
[26.455s][debug  ][gc,heap        ] GC(97)   from space 37888K, 0% used [0x00000000fb600000,0x00000000fb600000,0x00000000fdb00000)
[26.455s][debug  ][gc,heap        ] GC(97)   to   space 37888K, 0% used [0x00000000fdb00000,0x00000000fdb00000,0x0000000100000000)
[26.455s][debug  ][gc,heap        ] GC(97)  ParOldGen       total 1835008K, used 882276K [0x0000000080000000, 0x00000000f0000000, 0x00000000f0000000)
[26.455s][debug  ][gc,heap        ] GC(97)   object space 1835008K, 48% used [0x0000000080000000,0x00000000b5d99138,0x00000000f0000000)
[26.455s][debug  ][gc,heap        ] GC(97)  Metaspace       used 1022K, committed 1216K, reserved 1056768K
[26.455s][debug  ][gc,heap        ] GC(97)   class space    used 83K, committed 192K, reserved 1048576K
[26.456s][debug  ][gc,tlab        ] GC(97) TLAB totals: thrds: 1  refills: 1 max: 1 slow allocs: 16 max 16 waste: 26.2% gc: 3728480B max: 3728480B slow: 0B max: 0B
[26.456s][info   ][gc,start       ] GC(97) Pause Young (Allocation Failure)
[26.456s][debug  ][gc,phases,start] GC(97) Scavenge
[26.458s][debug  ][gc,phases      ] GC(97) Scavenge 2.129ms
[26.458s][debug  ][gc,phases,start] GC(97) Reference Processing
[26.458s][debug  ][gc,ref         ] GC(97) Skipped phase 1 of Reference Processing: no references
[26.458s][debug  ][gc,ref         ] GC(97) Skipped phase 2 of Reference Processing: no references
[26.458s][debug  ][gc,ref         ] GC(97) Skipped phase 3 of Reference Processing: no references
[26.458s][debug  ][gc,ref         ] GC(97) Skipped phase 4 of Reference Processing: no references
[26.458s][debug  ][gc,phases,ref  ] GC(97) Reference Processing: 0.1ms
[26.458s][debug  ][gc,phases,ref  ] GC(97)   Reconsider SoftReferences: 0.0ms
[26.458s][debug  ][gc,phases,ref  ] GC(97)     SoftRef (ms):                  skipped
[26.458s][debug  ][gc,phases,ref  ] GC(97)   Notify Soft/WeakReferences: 0.0ms
[26.458s][debug  ][gc,phases,ref  ] GC(97)     SoftRef (ms):                  skipped
[26.458s][debug  ][gc,phases,ref  ] GC(97)     WeakRef (ms):                  skipped
[26.458s][debug  ][gc,phases,ref  ] GC(97)     FinalRef (ms):                 skipped
[26.458s][debug  ][gc,phases,ref  ] GC(97)     Total (ms):                    skipped
[26.458s][debug  ][gc,phases,ref  ] GC(97)   Notify and keep alive finalizable: 0.0ms
[26.458s][debug  ][gc,phases,ref  ] GC(97)     FinalRef (ms):                 skipped
[26.458s][debug  ][gc,phases,ref  ] GC(97)   Notify PhantomReferences: 0.0ms
[26.458s][debug  ][gc,phases,ref  ] GC(97)     PhantomRef (ms):               skipped
[26.458s][debug  ][gc,phases,ref  ] GC(97)   SoftReference:
[26.458s][debug  ][gc,phases,ref  ] GC(97)     Discovered: 0
[26.458s][debug  ][gc,phases,ref  ] GC(97)     Cleared: 0
[26.458s][debug  ][gc,phases,ref  ] GC(97)   WeakReference:
[26.458s][debug  ][gc,phases,ref  ] GC(97)     Discovered: 0
[26.458s][debug  ][gc,phases,ref  ] GC(97)     Cleared: 0
[26.458s][debug  ][gc,phases,ref  ] GC(97)   FinalReference:
[26.458s][debug  ][gc,phases,ref  ] GC(97)     Discovered: 0
[26.458s][debug  ][gc,phases,ref  ] GC(97)     Cleared: 0
[26.458s][debug  ][gc,phases,ref  ] GC(97)   PhantomReference:
[26.458s][debug  ][gc,phases,ref  ] GC(97)     Discovered: 0
[26.458s][debug  ][gc,phases,ref  ] GC(97)     Cleared: 0
[26.458s][debug  ][gc,phases      ] GC(97) Reference Processing 0.566ms
[26.458s][debug  ][gc,phases,start] GC(97) Weak Processing
[26.458s][debug  ][gc,phases      ] GC(97)   VM Weak                        Min:  0.0, Avg:  0.0, Max:  0.0, Diff:  0.0, Sum:  0.0, Workers: 6
[26.458s][debug  ][gc,phases      ] GC(97)     Dead                           Min: 0, Avg:  0.0, Max: 0, Diff: 0, Sum: 0, Workers: 6
[26.458s][debug  ][gc,phases      ] GC(97)     Total                          Min: 0, Avg:  1.3, Max: 8, Diff: 8, Sum: 8, Workers: 6
[26.458s][debug  ][gc,phases      ] GC(97)   ObjectSynchronizer Weak        Min:  0.0, Avg:  0.0, Max:  0.0, Diff:  0.0, Sum:  0.0, Workers: 6
[26.458s][debug  ][gc,phases      ] GC(97)     Dead                           Min: 0, Avg:  0.0, Max: 0, Diff: 0, Sum: 0, Workers: 6
[26.459s][debug  ][gc,phases      ] GC(97)     Total                          Min: 0, Avg:  0.5, Max: 3, Diff: 3, Sum: 3, Workers: 6
[26.459s][debug  ][gc,phases      ] GC(97)   JVMTI Tag Weak OopStorage      Min:  0.0, Avg:  0.0, Max:  0.0, Diff:  0.0, Sum:  0.0, Workers: 6
[26.459s][debug  ][gc,phases      ] GC(97)     Dead                           Min: 0, Avg:  0.0, Max: 0, Diff: 0, Sum: 0, Workers: 6
[26.459s][debug  ][gc,phases      ] GC(97)     Total                          Min: 0, Avg:  0.0, Max: 0, Diff: 0, Sum: 0, Workers: 6
[26.459s][debug  ][gc,phases      ] GC(97)   StringTable Weak               Min:  0.0, Avg:  0.0, Max:  0.0, Diff:  0.0, Sum:  0.0, Workers: 6
[26.459s][debug  ][gc,phases      ] GC(97)     Dead                           Min: 0, Avg:  0.0, Max: 0, Diff: 0, Sum: 0, Workers: 6
[26.459s][debug  ][gc,phases      ] GC(97)     Total                          Min: 575, Avg: 892.3, Max: 1131, Diff: 556, Sum: 5354, Workers: 6
[26.459s][debug  ][gc,phases      ] GC(97)   ResolvedMethodTable Weak       Min:  0.0, Avg:  0.0, Max:  0.0, Diff:  0.0, Sum:  0.0, Workers: 6
[26.459s][debug  ][gc,phases      ] GC(97)     Dead                           Min: 0, Avg:  0.0, Max: 0, Diff: 0, Sum: 0, Workers: 6
[26.459s][debug  ][gc,phases      ] GC(97)     Total                          Min: 0, Avg: 21.7, Max: 64, Diff: 64, Sum: 130, Workers: 6
[26.459s][debug  ][gc,phases      ] GC(97)   JNI Weak                       Min:  0.0, Avg:  0.0, Max:  0.0, Diff:  0.0, Sum:  0.0, Workers: 6
[26.459s][debug  ][gc,phases      ] GC(97)     Dead                           Min: 0, Avg:  0.0, Max: 0, Diff: 0, Sum: 0, Workers: 6
[26.459s][debug  ][gc,phases      ] GC(97)     Total                          Min: 0, Avg:  0.0, Max: 0, Diff: 0, Sum: 0, Workers: 6
[26.459s][debug  ][gc,phases      ] GC(97)   StringDedup Table Weak         Min:  0.0, Avg:  0.0, Max:  0.0, Diff:  0.0, Sum:  0.0, Workers: 6
[26.459s][debug  ][gc,phases      ] GC(97)     Dead                           Min: 0, Avg:  0.0, Max: 0, Diff: 0, Sum: 0, Workers: 6
[26.459s][debug  ][gc,phases      ] GC(97)     Total                          Min: 0, Avg:  0.0, Max: 0, Diff: 0, Sum: 0, Workers: 6
[26.459s][debug  ][gc,phases      ] GC(97)   StringDedup Requests0 Weak     Min:  0.0, Avg:  0.0, Max:  0.0, Diff:  0.0, Sum:  0.0, Workers: 6
[26.459s][debug  ][gc,phases      ] GC(97)     Dead                           Min: 0, Avg:  0.0, Max: 0, Diff: 0, Sum: 0, Workers: 6
[26.459s][debug  ][gc,phases      ] GC(97)     Total                          Min: 0, Avg:  0.0, Max: 0, Diff: 0, Sum: 0, Workers: 6
[26.459s][debug  ][gc,phases      ] GC(97)   StringDedup Requests1 Weak     Min:  0.0, Avg:  0.0, Max:  0.0, Diff:  0.0, Sum:  0.0, Workers: 6
[26.459s][debug  ][gc,phases      ] GC(97)     Dead                           Min: 0, Avg:  0.0, Max: 0, Diff: 0, Sum: 0, Workers: 6
[26.459s][debug  ][gc,phases      ] GC(97)     Total                          Min: 0, Avg:  0.0, Max: 0, Diff: 0, Sum: 0, Workers: 6
[26.459s][debug  ][gc,phases      ] GC(97)   Weak JFR Old Object Samples    Min:  0.0, Avg:  0.0, Max:  0.0, Diff:  0.0, Sum:  0.0, Workers: 6
[26.459s][debug  ][gc,phases      ] GC(97)     Dead                           Min: 0, Avg:  0.0, Max: 0, Diff: 0, Sum: 0, Workers: 6
[26.459s][debug  ][gc,phases      ] GC(97)     Total                          Min: 0, Avg:  0.0, Max: 0, Diff: 0, Sum: 0, Workers: 6
[26.459s][debug  ][gc,phases      ] GC(97) Weak Processing 0.666ms
[26.459s][debug  ][gc,ergo        ] GC(97) AdaptiveSizeStart:  collection: 98 
[26.459s][debug  ][gc,ergo        ] GC(97) avg_survived_padded_avg: 38400072.000000
[26.459s][debug  ][gc,ergo        ] GC(97) avg_promoted_padded_avg: 219987008.000000  avg_pretenured_padded_avg: 0.000000  tenuring_thresh: 10  target_size: 38797312
[26.459s][debug  ][gc,age         ] GC(97) Desired survivor size 38797312 bytes, new threshold 10 (max threshold 15)
[26.459s][debug  ][gc,ergo        ] GC(97) PSAdaptiveSizePolicy::compute_eden_space_size limits: desired_eden_size: 207249385 old_eden_size: 190840832 eden_limit: 190840832 cur_eden: 190840832 max_eden_size: 190840832 avg_young_live: 24226828
[26.459s][debug  ][gc,ergo        ] GC(97) PSAdaptiveSizePolicy::compute_eden_space_size: costs minor_time: 0.040253 major_cost: 0.053637 mutator_cost: 0.906109 throughput_goal: 0.990000
[26.459s][debug  ][gc,ergo        ] GC(97) Live_space: 1034845760 free_space: 1417674752
[26.459s][debug  ][gc,ergo        ] GC(97) Old eden_size: 190840832 desired_eden_size: 190840832
[26.459s][debug  ][gc,ergo        ] GC(97) AdaptiveSizeStop: collection: 98 
[26.459s][info   ][gc,heap        ] GC(97) PSYoungGen: 177722K(224256K)->30720K(224256K) Eden: 177722K(186368K)->0K(186368K) From: 0K(37888K)->30720K(37888K)
[26.459s][info   ][gc,heap        ] GC(97) ParOldGen: 882276K(1835008K)->882276K(1835008K)
[26.459s][info   ][gc,metaspace   ] GC(97) Metaspace: 1022K(1216K)->1022K(1216K) NonClass: 938K(1024K)->938K(1024K) Class: 83K(192K)->83K(192K)
[26.459s][info   ][gc             ] GC(97) Pause Young (Allocation Failure) 1035M->891M(2011M) 3.771ms
[26.459s][info   ][gc,cpu         ] GC(97) User=0.00s Sys=0.00s Real=0.00s
[26.459s][debug  ][gc,heap        ] GC(97) Heap after GC invocations=98 (full 16):
[26.459s][debug  ][gc,heap        ] GC(97)  PSYoungGen      total 224256K, used 30720K [0x00000000f0000000, 0x0000000100000000, 0x0000000100000000)
[26.459s][debug  ][gc,heap        ] GC(97)   eden space 186368K, 0% used [0x00000000f0000000,0x00000000f0000000,0x00000000fb600000)
[26.459s][debug  ][gc,heap        ] GC(97)   from space 37888K, 81% used [0x00000000fdb00000,0x00000000ff900030,0x0000000100000000)
[26.459s][debug  ][gc,heap        ] GC(97)   to   space 37888K, 0% used [0x00000000fb600000,0x00000000fb600000,0x00000000fdb00000)
[26.459s][debug  ][gc,heap        ] GC(97)  ParOldGen       total 1835008K, used 882276K [0x0000000080000000, 0x00000000f0000000, 0x00000000f0000000)
[26.459s][debug  ][gc,heap        ] GC(97)   object space 1835008K, 48% used [0x0000000080000000,0x00000000b5d99138,0x00000000f0000000)
[26.460s][debug  ][gc,heap        ] GC(97)  Metaspace       used 1022K, committed 1216K, reserved 1056768K
[26.460s][debug  ][gc,heap        ] GC(97)   class space    used 83K, committed 192K, reserved 1048576K
[26.460s][debug  ][gc,task,time   ] GC(97) VM-Thread 264552279 264577744 264595530
[26.724s][debug  ][gc,heap        ] GC(98) Heap before GC invocations=99 (full 16):
[26.724s][debug  ][gc,heap        ] GC(98)  PSYoungGen      total 224256K, used 208370K [0x00000000f0000000, 0x0000000100000000, 0x0000000100000000)
[26.724s][debug  ][gc,heap        ] GC(98)   eden space 186368K, 95% used [0x00000000f0000000,0x00000000fad7c948,0x00000000fb600000)
[26.724s][debug  ][gc,heap        ] GC(98)   from space 37888K, 81% used [0x00000000fdb00000,0x00000000ff900030,0x0000000100000000)
[26.724s][debug  ][gc,heap        ] GC(98)   to   space 37888K, 0% used [0x00000000fb600000,0x00000000fb600000,0x00000000fdb00000)
[26.724s][debug  ][gc,heap        ] GC(98)  ParOldGen       total 1835008K, used 882276K [0x0000000080000000, 0x00000000f0000000, 0x00000000f0000000)
[26.724s][debug  ][gc,heap        ] GC(98)   object space 1835008K, 48% used [0x0000000080000000,0x00000000b5d99138,0x00000000f0000000)
[26.724s][debug  ][gc,heap        ] GC(98)  Metaspace       used 1022K, committed 1216K, reserved 1056768K
[26.724s][debug  ][gc,heap        ] GC(98)   class space    used 83K, committed 192K, reserved 1048576K
[26.724s][debug  ][gc,tlab        ] GC(98) TLAB totals: thrds: 1  refills: 1 max: 1 slow allocs: 16 max 16 waste: 25.9% gc: 3655736B max: 3655736B slow: 0B max: 0B
[26.724s][info   ][gc,start       ] GC(98) Pause Young (Allocation Failure)
[26.724s][debug  ][gc,phases,start] GC(98) Scavenge
[26.738s][debug  ][gc,phases      ] GC(98) Scavenge 14.091ms
[26.738s][debug  ][gc,phases,start] GC(98) Reference Processing
[26.738s][debug  ][gc,ref         ] GC(98) Skipped phase 1 of Reference Processing: no references
[26.738s][debug  ][gc,ref         ] GC(98) Skipped phase 2 of Reference Processing: no references
[26.738s][debug  ][gc,ref         ] GC(98) Skipped phase 3 of Reference Processing: no references
[26.738s][debug  ][gc,ref         ] GC(98) Skipped phase 4 of Reference Processing: no references
[26.738s][debug  ][gc,phases,ref  ] GC(98) Reference Processing: 0.1ms
[26.738s][debug  ][gc,phases,ref  ] GC(98)   Reconsider SoftReferences: 0.0ms
[26.738s][debug  ][gc,phases,ref  ] GC(98)     SoftRef (ms):                  skipped
[26.738s][debug  ][gc,phases,ref  ] GC(98)   Notify Soft/WeakReferences: 0.0ms
[26.738s][debug  ][gc,phases,ref  ] GC(98)     SoftRef (ms):                  skipped
[26.738s][debug  ][gc,phases,ref  ] GC(98)     WeakRef (ms):                  skipped
[26.738s][debug  ][gc,phases,ref  ] GC(98)     FinalRef (ms):                 skipped
[26.738s][debug  ][gc,phases,ref  ] GC(98)     Total (ms):                    skipped
[26.738s][debug  ][gc,phases,ref  ] GC(98)   Notify and keep alive finalizable: 0.0ms
[26.738s][debug  ][gc,phases,ref  ] GC(98)     FinalRef (ms):                 skipped
[26.738s][debug  ][gc,phases,ref  ] GC(98)   Notify PhantomReferences: 0.0ms
[26.738s][debug  ][gc,phases,ref  ] GC(98)     PhantomRef (ms):               skipped
[26.739s][debug  ][gc,phases,ref  ] GC(98)   SoftReference:
[26.739s][debug  ][gc,phases,ref  ] GC(98)     Discovered: 0
[26.739s][debug  ][gc,phases,ref  ] GC(98)     Cleared: 0
[26.739s][debug  ][gc,phases,ref  ] GC(98)   WeakReference:
[26.739s][debug  ][gc,phases,ref  ] GC(98)     Discovered: 0
[26.739s][debug  ][gc,phases,ref  ] GC(98)     Cleared: 0
[26.739s][debug  ][gc,phases,ref  ] GC(98)   FinalReference:
[26.739s][debug  ][gc,phases,ref  ] GC(98)     Discovered: 0
[26.739s][debug  ][gc,phases,ref  ] GC(98)     Cleared: 0
[26.739s][debug  ][gc,phases,ref  ] GC(98)   PhantomReference:
[26.739s][debug  ][gc,phases,ref  ] GC(98)     Discovered: 0
[26.739s][debug  ][gc,phases,ref  ] GC(98)     Cleared: 0
[26.739s][debug  ][gc,phases      ] GC(98) Reference Processing 0.693ms
[26.739s][debug  ][gc,phases,start] GC(98) Weak Processing
[26.739s][debug  ][gc,phases      ] GC(98)   VM Weak                        Min:  0.0, Avg:  0.0, Max:  0.0, Diff:  0.0, Sum:  0.0, Workers: 6
[26.739s][debug  ][gc,phases      ] GC(98)     Dead                           Min: 0, Avg:  0.0, Max: 0, Diff: 0, Sum: 0, Workers: 6
[26.739s][debug  ][gc,phases      ] GC(98)     Total                          Min: 0, Avg:  1.3, Max: 8, Diff: 8, Sum: 8, Workers: 6
[26.739s][debug  ][gc,phases      ] GC(98)   ObjectSynchronizer Weak        Min:  0.0, Avg:  0.0, Max:  0.0, Diff:  0.0, Sum:  0.0, Workers: 6
[26.739s][debug  ][gc,phases      ] GC(98)     Dead                           Min: 0, Avg:  0.0, Max: 0, Diff: 0, Sum: 0, Workers: 6
[26.739s][debug  ][gc,phases      ] GC(98)     Total                          Min: 0, Avg:  0.5, Max: 3, Diff: 3, Sum: 3, Workers: 6
[26.739s][debug  ][gc,phases      ] GC(98)   JVMTI Tag Weak OopStorage      Min:  0.0, Avg:  0.0, Max:  0.0, Diff:  0.0, Sum:  0.0, Workers: 6
[26.739s][debug  ][gc,phases      ] GC(98)     Dead                           Min: 0, Avg:  0.0, Max: 0, Diff: 0, Sum: 0, Workers: 6
[26.739s][debug  ][gc,phases      ] GC(98)     Total                          Min: 0, Avg:  0.0, Max: 0, Diff: 0, Sum: 0, Workers: 6
[26.739s][debug  ][gc,phases      ] GC(98)   StringTable Weak               Min:  0.0, Avg:  0.0, Max:  0.0, Diff:  0.0, Sum:  0.0, Workers: 6
[26.739s][debug  ][gc,phases      ] GC(98)     Dead                           Min: 0, Avg:  0.0, Max: 0, Diff: 0, Sum: 0, Workers: 6
[26.739s][debug  ][gc,phases      ] GC(98)     Total                          Min: 704, Avg: 892.3, Max: 1195, Diff: 491, Sum: 5354, Workers: 6
[26.739s][debug  ][gc,phases      ] GC(98)   ResolvedMethodTable Weak       Min:  0.0, Avg:  0.0, Max:  0.0, Diff:  0.0, Sum:  0.0, Workers: 6
[26.739s][debug  ][gc,phases      ] GC(98)     Dead                           Min: 0, Avg:  0.0, Max: 0, Diff: 0, Sum: 0, Workers: 6
[26.739s][debug  ][gc,phases      ] GC(98)     Total                          Min: 0, Avg: 21.7, Max: 64, Diff: 64, Sum: 130, Workers: 6
[26.739s][debug  ][gc,phases      ] GC(98)   JNI Weak                       Min:  0.0, Avg:  0.0, Max:  0.0, Diff:  0.0, Sum:  0.0, Workers: 6
[26.739s][debug  ][gc,phases      ] GC(98)     Dead                           Min: 0, Avg:  0.0, Max: 0, Diff: 0, Sum: 0, Workers: 6
[26.739s][debug  ][gc,phases      ] GC(98)     Total                          Min: 0, Avg:  0.0, Max: 0, Diff: 0, Sum: 0, Workers: 6
[26.739s][debug  ][gc,phases      ] GC(98)   StringDedup Table Weak         Min:  0.0, Avg:  0.0, Max:  0.0, Diff:  0.0, Sum:  0.0, Workers: 6
[26.739s][debug  ][gc,phases      ] GC(98)     Dead                           Min: 0, Avg:  0.0, Max: 0, Diff: 0, Sum: 0, Workers: 6
[26.739s][debug  ][gc,phases      ] GC(98)     Total                          Min: 0, Avg:  0.0, Max: 0, Diff: 0, Sum: 0, Workers: 6
[26.739s][debug  ][gc,phases      ] GC(98)   StringDedup Requests0 Weak     Min:  0.0, Avg:  0.0, Max:  0.0, Diff:  0.0, Sum:  0.0, Workers: 6
[26.739s][debug  ][gc,phases      ] GC(98)     Dead                           Min: 0, Avg:  0.0, Max: 0, Diff: 0, Sum: 0, Workers: 6
[26.739s][debug  ][gc,phases      ] GC(98)     Total                          Min: 0, Avg:  0.0, Max: 0, Diff: 0, Sum: 0, Workers: 6
[26.739s][debug  ][gc,phases      ] GC(98)   StringDedup Requests1 Weak     Min:  0.0, Avg:  0.0, Max:  0.0, Diff:  0.0, Sum:  0.0, Workers: 6
[26.739s][debug  ][gc,phases      ] GC(98)     Dead                           Min: 0, Avg:  0.0, Max: 0, Diff: 0, Sum: 0, Workers: 6
[26.739s][debug  ][gc,phases      ] GC(98)     Total                          Min: 0, Avg:  0.0, Max: 0, Diff: 0, Sum: 0, Workers: 6
[26.739s][debug  ][gc,phases      ] GC(98)   Weak JFR Old Object Samples    Min:  0.0, Avg:  0.0, Max:  0.0, Diff:  0.0, Sum:  0.0, Workers: 6
[26.739s][debug  ][gc,phases      ] GC(98)     Dead                           Min: 0, Avg:  0.0, Max: 0, Diff: 0, Sum: 0, Workers: 6
[26.739s][debug  ][gc,phases      ] GC(98)     Total                          Min: 0, Avg:  0.0, Max: 0, Diff: 0, Sum: 0, Workers: 6
[26.739s][debug  ][gc,phases      ] GC(98) Weak Processing 0.725ms
[26.740s][debug  ][gc,ergo        ] GC(98) AdaptiveSizeStart:  collection: 99 
[26.740s][debug  ][gc,ergo        ] GC(98) avg_survived_padded_avg: 38204256.000000
[26.740s][debug  ][gc,ergo        ] GC(98) avg_promoted_padded_avg: 224617152.000000  avg_pretenured_padded_avg: 0.000000  tenuring_thresh: 11  target_size: 38273024
[26.740s][debug  ][gc,age         ] GC(98) Desired survivor size 38273024 bytes, new threshold 11 (max threshold 15)
[26.740s][debug  ][gc,ergo        ] GC(98) PSAdaptiveSizePolicy::compute_eden_space_size limits: desired_eden_size: 208114999 old_eden_size: 190840832 eden_limit: 190840832 cur_eden: 190840832 max_eden_size: 190840832 avg_young_live: 24949876
[26.740s][debug  ][gc,ergo        ] GC(98) PSAdaptiveSizePolicy::compute_eden_space_size: costs minor_time: 0.044123 major_cost: 0.053637 mutator_cost: 0.902239 throughput_goal: 0.990000
[26.740s][debug  ][gc,ergo        ] GC(98) Live_space: 1035568832 free_space: 1417674752
[26.740s][debug  ][gc,ergo        ] GC(98) Old eden_size: 190840832 desired_eden_size: 190840832
[26.740s][debug  ][gc,ergo        ] GC(98) AdaptiveSizeStop: collection: 99 
[26.740s][info   ][gc,heap        ] GC(98) PSYoungGen: 208370K(224256K)->30720K(224256K) Eden: 177650K(186368K)->0K(186368K) From: 30720K(37888K)->30720K(37888K)
[26.740s][info   ][gc,heap        ] GC(98) ParOldGen: 882276K(1835008K)->1056356K(1835008K)
[26.740s][info   ][gc,metaspace   ] GC(98) Metaspace: 1022K(1216K)->1022K(1216K) NonClass: 938K(1024K)->938K(1024K) Class: 83K(192K)->83K(192K)
[26.740s][info   ][gc             ] GC(98) Pause Young (Allocation Failure) 1065M->1061M(2011M) 15.943ms
[26.740s][info   ][gc,cpu         ] GC(98) User=0.14s Sys=0.00s Real=0.02s
[26.740s][debug  ][gc,heap        ] GC(98) Heap after GC invocations=99 (full 16):
[26.740s][debug  ][gc,heap        ] GC(98)  PSYoungGen      total 224256K, used 30720K [0x00000000f0000000, 0x0000000100000000, 0x0000000100000000)
[26.740s][debug  ][gc,heap        ] GC(98)   eden space 186368K, 0% used [0x00000000f0000000,0x00000000f0000000,0x00000000fb600000)
[26.740s][debug  ][gc,heap        ] GC(98)   from space 37888K, 81% used [0x00000000fb600000,0x00000000fd400030,0x00000000fdb00000)
[26.740s][debug  ][gc,heap        ] GC(98)   to   space 37376K, 0% used [0x00000000fdb80000,0x00000000fdb80000,0x0000000100000000)
[26.740s][debug  ][gc,heap        ] GC(98)  ParOldGen       total 1835008K, used 1056356K [0x0000000080000000, 0x00000000f0000000, 0x00000000f0000000)
[26.740s][debug  ][gc,heap        ] GC(98)   object space 1835008K, 57% used [0x0000000080000000,0x00000000c0799248,0x00000000f0000000)
[26.740s][debug  ][gc,heap        ] GC(98)  Metaspace       used 1022K, committed 1216K, reserved 1056768K
[26.740s][debug  ][gc,heap        ] GC(98)   class space    used 83K, committed 192K, reserved 1048576K
[26.740s][debug  ][gc,task,time   ] GC(98) VM-Thread 267235099 267380589 267400225
[27.007s][debug  ][gc,heap        ] GC(99) Heap before GC invocations=100 (full 16):
[27.007s][debug  ][gc,heap        ] GC(99)  PSYoungGen      total 224256K, used 208399K [0x00000000f0000000, 0x0000000100000000, 0x0000000100000000)
[27.007s][debug  ][gc,heap        ] GC(99)   eden space 186368K, 95% used [0x00000000f0000000,0x00000000fad83cb0,0x00000000fb600000)
[27.007s][debug  ][gc,heap        ] GC(99)   from space 37888K, 81% used [0x00000000fb600000,0x00000000fd400030,0x00000000fdb00000)
[27.007s][debug  ][gc,heap        ] GC(99)   to   space 37376K, 0% used [0x00000000fdb80000,0x00000000fdb80000,0x0000000100000000)
[27.007s][debug  ][gc,heap        ] GC(99)  ParOldGen       total 1835008K, used 1056356K [0x0000000080000000, 0x00000000f0000000, 0x00000000f0000000)
[27.007s][debug  ][gc,heap        ] GC(99)   object space 1835008K, 57% used [0x0000000080000000,0x00000000c0799248,0x00000000f0000000)
[27.007s][debug  ][gc,heap        ] GC(99)  Metaspace       used 1022K, committed 1216K, reserved 1056768K
[27.007s][debug  ][gc,heap        ] GC(99)   class space    used 83K, committed 192K, reserved 1048576K
[27.008s][debug  ][gc,tlab        ] GC(99) TLAB totals: thrds: 1  refills: 1 max: 1 slow allocs: 16 max 16 waste: 26.0% gc: 3685280B max: 3685280B slow: 0B max: 0B
[27.008s][info   ][gc,start       ] GC(99) Pause Young (Allocation Failure)
[27.008s][debug  ][gc,phases,start] GC(99) Scavenge
[27.022s][debug  ][gc,phases      ] GC(99) Scavenge 14.236ms
[27.022s][debug  ][gc,phases,start] GC(99) Reference Processing
[27.022s][debug  ][gc,ref         ] GC(99) Skipped phase 1 of Reference Processing: no references
[27.022s][debug  ][gc,ref         ] GC(99) Skipped phase 2 of Reference Processing: no references
[27.022s][debug  ][gc,ref         ] GC(99) Skipped phase 3 of Reference Processing: no references
[27.022s][debug  ][gc,ref         ] GC(99) Skipped phase 4 of Reference Processing: no references
[27.022s][debug  ][gc,phases,ref  ] GC(99) Reference Processing: 0.1ms
[27.022s][debug  ][gc,phases,ref  ] GC(99)   Reconsider SoftReferences: 0.0ms
[27.022s][debug  ][gc,phases,ref  ] GC(99)     SoftRef (ms):                  skipped
[27.022s][debug  ][gc,phases,ref  ] GC(99)   Notify Soft/WeakReferences: 0.0ms
[27.022s][debug  ][gc,phases,ref  ] GC(99)     SoftRef (ms):                  skipped
[27.022s][debug  ][gc,phases,ref  ] GC(99)     WeakRef (ms):                  skipped
[27.022s][debug  ][gc,phases,ref  ] GC(99)     FinalRef (ms):                 skipped
[27.022s][debug  ][gc,phases,ref  ] GC(99)     Total (ms):                    skipped
[27.022s][debug  ][gc,phases,ref  ] GC(99)   Notify and keep alive finalizable: 0.0ms
[27.022s][debug  ][gc,phases,ref  ] GC(99)     FinalRef (ms):                 skipped
[27.022s][debug  ][gc,phases,ref  ] GC(99)   Notify PhantomReferences: 0.0ms
[27.022s][debug  ][gc,phases,ref  ] GC(99)     PhantomRef (ms):               skipped
[27.022s][debug  ][gc,phases,ref  ] GC(99)   SoftReference:
[27.022s][debug  ][gc,phases,ref  ] GC(99)     Discovered: 0
[27.022s][debug  ][gc,phases,ref  ] GC(99)     Cleared: 0
[27.022s][debug  ][gc,phases,ref  ] GC(99)   WeakReference:
[27.022s][debug  ][gc,phases,ref  ] GC(99)     Discovered: 0
[27.022s][debug  ][gc,phases,ref  ] GC(99)     Cleared: 0
[27.022s][debug  ][gc,phases,ref  ] GC(99)   FinalReference:
[27.022s][debug  ][gc,phases,ref  ] GC(99)     Discovered: 0
[27.022s][debug  ][gc,phases,ref  ] GC(99)     Cleared: 0
[27.022s][debug  ][gc,phases,ref  ] GC(99)   PhantomReference:
[27.022s][debug  ][gc,phases,ref  ] GC(99)     Discovered: 0
[27.022s][debug  ][gc,phases,ref  ] GC(99)     Cleared: 0
[27.022s][debug  ][gc,phases      ] GC(99) Reference Processing 0.579ms
[27.022s][debug  ][gc,phases,start] GC(99) Weak Processing
[27.023s][debug  ][gc,phases      ] GC(99)   VM Weak                        Min:  0.0, Avg:  0.0, Max:  0.0, Diff:  0.0, Sum:  0.0, Workers: 6
[27.023s][debug  ][gc,phases      ] GC(99)     Dead                           Min: 0, Avg:  0.0, Max: 0, Diff: 0, Sum: 0, Workers: 6
[27.023s][debug  ][gc,phases      ] GC(99)     Total                          Min: 0, Avg:  1.3, Max: 8, Diff: 8, Sum: 8, Workers: 6
[27.023s][debug  ][gc,phases      ] GC(99)   ObjectSynchronizer Weak        Min:  0.0, Avg:  0.0, Max:  0.0, Diff:  0.0, Sum:  0.0, Workers: 6
[27.023s][debug  ][gc,phases      ] GC(99)     Dead                           Min: 0, Avg:  0.0, Max: 0, Diff: 0, Sum: 0, Workers: 6
[27.023s][debug  ][gc,phases      ] GC(99)     Total                          Min: 0, Avg:  0.5, Max: 3, Diff: 3, Sum: 3, Workers: 6
[27.023s][debug  ][gc,phases      ] GC(99)   JVMTI Tag Weak OopStorage      Min:  0.0, Avg:  0.0, Max:  0.0, Diff:  0.0, Sum:  0.0, Workers: 6
[27.023s][debug  ][gc,phases      ] GC(99)     Dead                           Min: 0, Avg:  0.0, Max: 0, Diff: 0, Sum: 0, Workers: 6
[27.023s][debug  ][gc,phases      ] GC(99)     Total                          Min: 0, Avg:  0.0, Max: 0, Diff: 0, Sum: 0, Workers: 6
[27.023s][debug  ][gc,phases      ] GC(99)   StringTable Weak               Min:  0.0, Avg:  0.0, Max:  0.0, Diff:  0.0, Sum:  0.0, Workers: 6
[27.023s][debug  ][gc,phases      ] GC(99)     Dead                           Min: 0, Avg:  0.0, Max: 0, Diff: 0, Sum: 0, Workers: 6
[27.023s][debug  ][gc,phases      ] GC(99)     Total                          Min: 767, Avg: 892.3, Max: 1067, Diff: 300, Sum: 5354, Workers: 6
[27.023s][debug  ][gc,phases      ] GC(99)   ResolvedMethodTable Weak       Min:  0.0, Avg:  0.0, Max:  0.0, Diff:  0.0, Sum:  0.0, Workers: 6
[27.023s][debug  ][gc,phases      ] GC(99)     Dead                           Min: 0, Avg:  0.0, Max: 0, Diff: 0, Sum: 0, Workers: 6
[27.023s][debug  ][gc,phases      ] GC(99)     Total                          Min: 0, Avg: 21.7, Max: 64, Diff: 64, Sum: 130, Workers: 6
[27.023s][debug  ][gc,phases      ] GC(99)   JNI Weak                       Min:  0.0, Avg:  0.0, Max:  0.0, Diff:  0.0, Sum:  0.0, Workers: 6
[27.023s][debug  ][gc,phases      ] GC(99)     Dead                           Min: 0, Avg:  0.0, Max: 0, Diff: 0, Sum: 0, Workers: 6
[27.023s][debug  ][gc,phases      ] GC(99)     Total                          Min: 0, Avg:  0.0, Max: 0, Diff: 0, Sum: 0, Workers: 6
[27.023s][debug  ][gc,phases      ] GC(99)   StringDedup Table Weak         Min:  0.0, Avg:  0.0, Max:  0.0, Diff:  0.0, Sum:  0.0, Workers: 6
[27.023s][debug  ][gc,phases      ] GC(99)     Dead                           Min: 0, Avg:  0.0, Max: 0, Diff: 0, Sum: 0, Workers: 6
[27.023s][debug  ][gc,phases      ] GC(99)     Total                          Min: 0, Avg:  0.0, Max: 0, Diff: 0, Sum: 0, Workers: 6
[27.023s][debug  ][gc,phases      ] GC(99)   StringDedup Requests0 Weak     Min:  0.0, Avg:  0.0, Max:  0.0, Diff:  0.0, Sum:  0.0, Workers: 6
[27.023s][debug  ][gc,phases      ] GC(99)     Dead                           Min: 0, Avg:  0.0, Max: 0, Diff: 0, Sum: 0, Workers: 6
[27.023s][debug  ][gc,phases      ] GC(99)     Total                          Min: 0, Avg:  0.0, Max: 0, Diff: 0, Sum: 0, Workers: 6
[27.023s][debug  ][gc,phases      ] GC(99)   StringDedup Requests1 Weak     Min:  0.0, Avg:  0.0, Max:  0.0, Diff:  0.0, Sum:  0.0, Workers: 6
[27.023s][debug  ][gc,phases      ] GC(99)     Dead                           Min: 0, Avg:  0.0, Max: 0, Diff: 0, Sum: 0, Workers: 6
[27.023s][debug  ][gc,phases      ] GC(99)     Total                          Min: 0, Avg:  0.0, Max: 0, Diff: 0, Sum: 0, Workers: 6
[27.023s][debug  ][gc,phases      ] GC(99)   Weak JFR Old Object Samples    Min:  0.0, Avg:  0.0, Max:  0.0, Diff:  0.0, Sum:  0.0, Workers: 6
[27.023s][debug  ][gc,phases      ] GC(99)     Dead                           Min: 0, Avg:  0.0, Max: 0, Diff: 0, Sum: 0, Workers: 6
[27.023s][debug  ][gc,phases      ] GC(99)     Total                          Min: 0, Avg:  0.0, Max: 0, Diff: 0, Sum: 0, Workers: 6
[27.023s][debug  ][gc,phases      ] GC(99) Weak Processing 0.744ms
[27.023s][debug  ][gc,ergo        ] GC(99) AdaptiveSizeStart:  collection: 100 
[27.023s][debug  ][gc,ergo        ] GC(99) avg_survived_padded_avg: 37978176.000000
[27.023s][debug  ][gc,ergo        ] GC(99) avg_promoted_padded_avg: 227903968.000000  avg_pretenured_padded_avg: 0.000000  tenuring_thresh: 12  target_size: 38273024
[27.023s][debug  ][gc,age         ] GC(99) Desired survivor size 38273024 bytes, new threshold 12 (max threshold 15)
[27.023s][debug  ][gc,ergo        ] GC(99) PSAdaptiveSizePolicy::compute_eden_space_size limits: desired_eden_size: 208692055 old_eden_size: 190840832 eden_limit: 191365120 cur_eden: 190840832 max_eden_size: 191365120 avg_young_live: 25600620
[27.023s][debug  ][gc,ergo        ] GC(99) PSAdaptiveSizePolicy::compute_eden_space_size: costs minor_time: 0.046886 major_cost: 0.053637 mutator_cost: 0.899477 throughput_goal: 0.990000
[27.023s][debug  ][gc,ergo        ] GC(99) Live_space: 1036219520 free_space: 1417674752
[27.023s][debug  ][gc,ergo        ] GC(99) Old eden_size: 190840832 desired_eden_size: 191365120
[27.023s][debug  ][gc,ergo        ] GC(99) AdaptiveSizeStop: collection: 100 
[27.023s][info   ][gc,heap        ] GC(99) PSYoungGen: 208399K(224256K)->30720K(224768K) Eden: 177679K(186368K)->0K(187392K) From: 30720K(37888K)->30720K(37376K)
[27.023s][info   ][gc,heap        ] GC(99) ParOldGen: 1056356K(1835008K)->1230436K(1835008K)
[27.023s][info   ][gc,metaspace   ] GC(99) Metaspace: 1022K(1216K)->1022K(1216K) NonClass: 938K(1024K)->938K(1024K) Class: 83K(192K)->83K(192K)
[27.024s][info   ][gc             ] GC(99) Pause Young (Allocation Failure) 1235M->1231M(2011M) 15.956ms
[27.024s][info   ][gc,cpu         ] GC(99) User=0.17s Sys=0.00s Real=0.02s
[27.024s][debug  ][gc,heap        ] GC(99) Heap after GC invocations=100 (full 16):
[27.024s][debug  ][gc,heap        ] GC(99)  PSYoungGen      total 224768K, used 30720K [0x00000000f0000000, 0x0000000100000000, 0x0000000100000000)
[27.024s][debug  ][gc,heap        ] GC(99)   eden space 187392K, 0% used [0x00000000f0000000,0x00000000f0000000,0x00000000fb700000)
[27.024s][debug  ][gc,heap        ] GC(99)   from space 37376K, 82% used [0x00000000fdb80000,0x00000000ff980030,0x0000000100000000)
[27.024s][debug  ][gc,heap        ] GC(99)   to   space 37376K, 0% used [0x00000000fb700000,0x00000000fb700000,0x00000000fdb80000)
[27.024s][debug  ][gc,heap        ] GC(99)  ParOldGen       total 1835008K, used 1230436K [0x0000000080000000, 0x00000000f0000000, 0x00000000f0000000)
[27.024s][debug  ][gc,heap        ] GC(99)   object space 1835008K, 67% used [0x0000000080000000,0x00000000cb199358,0x00000000f0000000)
[27.024s][debug  ][gc,heap        ] GC(99)  Metaspace       used 1022K, committed 1216K, reserved 1056768K
[27.024s][debug  ][gc,heap        ] GC(99)   class space    used 83K, committed 192K, reserved 1048576K
[27.024s][debug  ][gc,task,time   ] GC(99) VM-Thread 270072070 270218835 270237431
[27.292s][debug  ][gc,heap        ] GC(100) Heap before GC invocations=101 (full 16):
[27.292s][debug  ][gc,heap        ] GC(100)  PSYoungGen      total 224768K, used 208437K [0x00000000f0000000, 0x0000000100000000, 0x0000000100000000)
[27.292s][debug  ][gc,heap        ] GC(100)   eden space 187392K, 94% used [0x00000000f0000000,0x00000000fad8d650,0x00000000fb700000)
[27.292s][debug  ][gc,heap        ] GC(100)   from space 37376K, 82% used [0x00000000fdb80000,0x00000000ff980030,0x0000000100000000)
[27.292s][debug  ][gc,heap        ] GC(100)   to   space 37376K, 0% used [0x00000000fb700000,0x00000000fb700000,0x00000000fdb80000)
[27.293s][debug  ][gc,heap        ] GC(100)  ParOldGen       total 1835008K, used 1230436K [0x0000000080000000, 0x00000000f0000000, 0x00000000f0000000)
[27.293s][debug  ][gc,heap        ] GC(100)   object space 1835008K, 67% used [0x0000000080000000,0x00000000cb199358,0x00000000f0000000)
[27.293s][debug  ][gc,heap        ] GC(100)  Metaspace       used 1022K, committed 1216K, reserved 1056768K
[27.293s][debug  ][gc,heap        ] GC(100)   class space    used 83K, committed 192K, reserved 1048576K
[27.293s][debug  ][gc,tlab        ] GC(100) TLAB totals: thrds: 1  refills: 1 max: 1 slow allocs: 16 max 16 waste: 26.2% gc: 3724608B max: 3724608B slow: 0B max: 0B
[27.293s][info   ][gc,start       ] GC(100) Pause Young (Allocation Failure)
[27.293s][debug  ][gc,phases,start] GC(100) Scavenge
[27.307s][debug  ][gc,phases      ] GC(100) Scavenge 13.850ms
[27.307s][debug  ][gc,phases,start] GC(100) Reference Processing
[27.307s][debug  ][gc,ref         ] GC(100) Skipped phase 1 of Reference Processing: no references
[27.307s][debug  ][gc,ref         ] GC(100) Skipped phase 2 of Reference Processing: no references
[27.307s][debug  ][gc,ref         ] GC(100) Skipped phase 3 of Reference Processing: no references
[27.307s][debug  ][gc,ref         ] GC(100) Skipped phase 4 of Reference Processing: no references
[27.307s][debug  ][gc,phases,ref  ] GC(100) Reference Processing: 0.1ms
[27.307s][debug  ][gc,phases,ref  ] GC(100)   Reconsider SoftReferences: 0.0ms
[27.307s][debug  ][gc,phases,ref  ] GC(100)     SoftRef (ms):                  skipped
[27.307s][debug  ][gc,phases,ref  ] GC(100)   Notify Soft/WeakReferences: 0.0ms
[27.307s][debug  ][gc,phases,ref  ] GC(100)     SoftRef (ms):                  skipped
[27.307s][debug  ][gc,phases,ref  ] GC(100)     WeakRef (ms):                  skipped
[27.307s][debug  ][gc,phases,ref  ] GC(100)     FinalRef (ms):                 skipped
[27.307s][debug  ][gc,phases,ref  ] GC(100)     Total (ms):                    skipped
[27.307s][debug  ][gc,phases,ref  ] GC(100)   Notify and keep alive finalizable: 0.0ms
[27.307s][debug  ][gc,phases,ref  ] GC(100)     FinalRef (ms):                 skipped
[27.307s][debug  ][gc,phases,ref  ] GC(100)   Notify PhantomReferences: 0.0ms
[27.307s][debug  ][gc,phases,ref  ] GC(100)     PhantomRef (ms):               skipped
[27.307s][debug  ][gc,phases,ref  ] GC(100)   SoftReference:
[27.307s][debug  ][gc,phases,ref  ] GC(100)     Discovered: 0
[27.307s][debug  ][gc,phases,ref  ] GC(100)     Cleared: 0
[27.307s][debug  ][gc,phases,ref  ] GC(100)   WeakReference:
[27.307s][debug  ][gc,phases,ref  ] GC(100)     Discovered: 0
[27.307s][debug  ][gc,phases,ref  ] GC(100)     Cleared: 0
[27.307s][debug  ][gc,phases,ref  ] GC(100)   FinalReference:
[27.307s][debug  ][gc,phases,ref  ] GC(100)     Discovered: 0
[27.307s][debug  ][gc,phases,ref  ] GC(100)     Cleared: 0
[27.307s][debug  ][gc,phases,ref  ] GC(100)   PhantomReference:
[27.307s][debug  ][gc,phases,ref  ] GC(100)     Discovered: 0
[27.307s][debug  ][gc,phases,ref  ] GC(100)     Cleared: 0
[27.307s][debug  ][gc,phases      ] GC(100) Reference Processing 0.572ms
[27.307s][debug  ][gc,phases,start] GC(100) Weak Processing
[27.307s][debug  ][gc,phases      ] GC(100)   VM Weak                        Min:  0.0, Avg:  0.0, Max:  0.0, Diff:  0.0, Sum:  0.0, Workers: 6
[27.307s][debug  ][gc,phases      ] GC(100)     Dead                           Min: 0, Avg:  0.0, Max: 0, Diff: 0, Sum: 0, Workers: 6
[27.307s][debug  ][gc,phases      ] GC(100)     Total                          Min: 0, Avg:  1.3, Max: 8, Diff: 8, Sum: 8, Workers: 6
[27.307s][debug  ][gc,phases      ] GC(100)   ObjectSynchronizer Weak        Min:  0.0, Avg:  0.0, Max:  0.0, Diff:  0.0, Sum:  0.0, Workers: 6
[27.307s][debug  ][gc,phases      ] GC(100)     Dead                           Min: 0, Avg:  0.0, Max: 0, Diff: 0, Sum: 0, Workers: 6
[27.307s][debug  ][gc,phases      ] GC(100)     Total                          Min: 0, Avg:  0.5, Max: 3, Diff: 3, Sum: 3, Workers: 6
[27.308s][debug  ][gc,phases      ] GC(100)   JVMTI Tag Weak OopStorage      Min:  0.0, Avg:  0.0, Max:  0.0, Diff:  0.0, Sum:  0.0, Workers: 6
[27.308s][debug  ][gc,phases      ] GC(100)     Dead                           Min: 0, Avg:  0.0, Max: 0, Diff: 0, Sum: 0, Workers: 6
[27.308s][debug  ][gc,phases      ] GC(100)     Total                          Min: 0, Avg:  0.0, Max: 0, Diff: 0, Sum: 0, Workers: 6
[27.308s][debug  ][gc,phases      ] GC(100)   StringTable Weak               Min:  0.0, Avg:  0.0, Max:  0.0, Diff:  0.0, Sum:  0.0, Workers: 6
[27.308s][debug  ][gc,phases      ] GC(100)     Dead                           Min: 0, Avg:  0.0, Max: 0, Diff: 0, Sum: 0, Workers: 6
[27.308s][debug  ][gc,phases      ] GC(100)     Total                          Min: 0, Avg: 892.3, Max: 1344, Diff: 1344, Sum: 5354, Workers: 6
[27.308s][debug  ][gc,phases      ] GC(100)   ResolvedMethodTable Weak       Min:  0.0, Avg:  0.0, Max:  0.0, Diff:  0.0, Sum:  0.0, Workers: 6
[27.308s][debug  ][gc,phases      ] GC(100)     Dead                           Min: 0, Avg:  0.0, Max: 0, Diff: 0, Sum: 0, Workers: 6
[27.308s][debug  ][gc,phases      ] GC(100)     Total                          Min: 0, Avg: 21.7, Max: 64, Diff: 64, Sum: 130, Workers: 6
[27.308s][debug  ][gc,phases      ] GC(100)   JNI Weak                       Min:  0.0, Avg:  0.0, Max:  0.0, Diff:  0.0, Sum:  0.0, Workers: 6
[27.308s][debug  ][gc,phases      ] GC(100)     Dead                           Min: 0, Avg:  0.0, Max: 0, Diff: 0, Sum: 0, Workers: 6
[27.308s][debug  ][gc,phases      ] GC(100)     Total                          Min: 0, Avg:  0.0, Max: 0, Diff: 0, Sum: 0, Workers: 6
[27.308s][debug  ][gc,phases      ] GC(100)   StringDedup Table Weak         Min:  0.0, Avg:  0.0, Max:  0.0, Diff:  0.0, Sum:  0.0, Workers: 6
[27.308s][debug  ][gc,phases      ] GC(100)     Dead                           Min: 0, Avg:  0.0, Max: 0, Diff: 0, Sum: 0, Workers: 6
[27.308s][debug  ][gc,phases      ] GC(100)     Total                          Min: 0, Avg:  0.0, Max: 0, Diff: 0, Sum: 0, Workers: 6
[27.308s][debug  ][gc,phases      ] GC(100)   StringDedup Requests0 Weak     Min:  0.0, Avg:  0.0, Max:  0.0, Diff:  0.0, Sum:  0.0, Workers: 6
[27.308s][debug  ][gc,phases      ] GC(100)     Dead                           Min: 0, Avg:  0.0, Max: 0, Diff: 0, Sum: 0, Workers: 6
[27.308s][debug  ][gc,phases      ] GC(100)     Total                          Min: 0, Avg:  0.0, Max: 0, Diff: 0, Sum: 0, Workers: 6
[27.308s][debug  ][gc,phases      ] GC(100)   StringDedup Requests1 Weak     Min:  0.0, Avg:  0.0, Max:  0.0, Diff:  0.0, Sum:  0.0, Workers: 6
[27.308s][debug  ][gc,phases      ] GC(100)     Dead                           Min: 0, Avg:  0.0, Max: 0, Diff: 0, Sum: 0, Workers: 6
[27.308s][debug  ][gc,phases      ] GC(100)     Total                          Min: 0, Avg:  0.0, Max: 0, Diff: 0, Sum: 0, Workers: 6
[27.308s][debug  ][gc,phases      ] GC(100)   Weak JFR Old Object Samples    Min:  0.0, Avg:  0.0, Max:  0.0, Diff:  0.0, Sum:  0.0, Workers: 6
[27.308s][debug  ][gc,phases      ] GC(100)     Dead                           Min: 0, Avg:  0.0, Max: 0, Diff: 0, Sum: 0, Workers: 6
[27.308s][debug  ][gc,phases      ] GC(100)     Total                          Min: 0, Avg:  0.0, Max: 0, Diff: 0, Sum: 0, Workers: 6
[27.308s][debug  ][gc,phases      ] GC(100) Weak Processing 0.731ms
[27.308s][debug  ][gc,ergo        ] GC(100) AdaptiveSizeStart:  collection: 101 
[27.308s][debug  ][gc,ergo        ] GC(100) avg_survived_padded_avg: 37729840.000000
[27.308s][debug  ][gc,ergo        ] GC(100) avg_promoted_padded_avg: 230069824.000000  avg_pretenured_padded_avg: 0.000000  tenuring_thresh: 13  target_size: 37748736
[27.308s][debug  ][gc,age         ] GC(100) Desired survivor size 37748736 bytes, new threshold 13 (max threshold 15)
[27.308s][debug  ][gc,ergo        ] GC(100) PSAdaptiveSizePolicy::compute_eden_space_size limits: desired_eden_size: 210326459 old_eden_size: 191365120 eden_limit: 191889408 cur_eden: 191889408 max_eden_size: 191889408 avg_young_live: 26186290
[27.308s][debug  ][gc,ergo        ] GC(100) PSAdaptiveSizePolicy::compute_eden_space_size: costs minor_time: 0.048571 major_cost: 0.053637 mutator_cost: 0.897792 throughput_goal: 0.990000
[27.308s][debug  ][gc,ergo        ] GC(100) Live_space: 1036805248 free_space: 1418199040
[27.308s][debug  ][gc,ergo        ] GC(100) Old eden_size: 191365120 desired_eden_size: 191889408
[27.308s][debug  ][gc,ergo        ] GC(100) AdaptiveSizeStop: collection: 101 
[27.308s][info   ][gc,heap        ] GC(100) PSYoungGen: 208437K(224768K)->30720K(224768K) Eden: 177717K(187392K)->0K(187392K) From: 30720K(37376K)->30720K(37376K)
[27.308s][info   ][gc,heap        ] GC(100) ParOldGen: 1230436K(1835008K)->1404517K(1835008K)
[27.308s][info   ][gc,metaspace   ] GC(100) Metaspace: 1022K(1216K)->1022K(1216K) NonClass: 938K(1024K)->938K(1024K) Class: 83K(192K)->83K(192K)
[27.308s][info   ][gc             ] GC(100) Pause Young (Allocation Failure) 1405M->1401M(2011M) 15.648ms
[27.308s][info   ][gc,cpu         ] GC(100) User=0.19s Sys=0.00s Real=0.02s
[27.308s][debug  ][gc,heap        ] GC(100) Heap after GC invocations=101 (full 16):
[27.308s][debug  ][gc,heap        ] GC(100)  PSYoungGen      total 224768K, used 30720K [0x00000000f0000000, 0x0000000100000000, 0x0000000100000000)
[27.308s][debug  ][gc,heap        ] GC(100)   eden space 187392K, 0% used [0x00000000f0000000,0x00000000f0000000,0x00000000fb700000)
[27.308s][debug  ][gc,heap        ] GC(100)   from space 37376K, 82% used [0x00000000fb700000,0x00000000fd500030,0x00000000fdb80000)
[27.309s][debug  ][gc,heap        ] GC(100)   to   space 36864K, 0% used [0x00000000fdc00000,0x00000000fdc00000,0x0000000100000000)
[27.309s][debug  ][gc,heap        ] GC(100)  ParOldGen       total 1835008K, used 1404517K [0x0000000080000000, 0x00000000f0000000, 0x00000000f0000000)
[27.309s][debug  ][gc,heap        ] GC(100)   object space 1835008K, 76% used [0x0000000080000000,0x00000000d5b99468,0x00000000f0000000)
[27.309s][debug  ][gc,heap        ] GC(100)  Metaspace       used 1022K, committed 1216K, reserved 1056768K
[27.309s][debug  ][gc,heap        ] GC(100)   class space    used 83K, committed 192K, reserved 1048576K
[27.309s][debug  ][gc,task,time   ] GC(100) VM-Thread 272923113 273066915 273086077
[27.580s][debug  ][gc,heap        ] GC(101) Heap before GC invocations=102 (full 16):
[27.580s][debug  ][gc,heap        ] GC(101)  PSYoungGen      total 224768K, used 208449K [0x00000000f0000000, 0x0000000100000000, 0x0000000100000000)
[27.580s][debug  ][gc,heap        ] GC(101)   eden space 187392K, 94% used [0x00000000f0000000,0x00000000fad905a8,0x00000000fb700000)
[27.580s][debug  ][gc,heap        ] GC(101)   from space 37376K, 82% used [0x00000000fb700000,0x00000000fd500030,0x00000000fdb80000)
[27.580s][debug  ][gc,heap        ] GC(101)   to   space 36864K, 0% used [0x00000000fdc00000,0x00000000fdc00000,0x0000000100000000)
[27.580s][debug  ][gc,heap        ] GC(101)  ParOldGen       total 1835008K, used 1404517K [0x0000000080000000, 0x00000000f0000000, 0x00000000f0000000)
[27.580s][debug  ][gc,heap        ] GC(101)   object space 1835008K, 76% used [0x0000000080000000,0x00000000d5b99468,0x00000000f0000000)
[27.580s][debug  ][gc,heap        ] GC(101)  Metaspace       used 1022K, committed 1216K, reserved 1056768K
[27.580s][debug  ][gc,heap        ] GC(101)   class space    used 83K, committed 192K, reserved 1048576K
[27.581s][debug  ][gc,tlab        ] GC(101) TLAB totals: thrds: 1  refills: 1 max: 1 slow allocs: 16 max 16 waste: 26.3% gc: 3736728B max: 3736728B slow: 0B max: 0B
[27.581s][info   ][gc,start       ] GC(101) Pause Young (Allocation Failure)
[27.581s][debug  ][gc,phases,start] GC(101) Scavenge
[27.594s][debug  ][gc,phases      ] GC(101) Scavenge 13.787ms
[27.594s][debug  ][gc,phases,start] GC(101) Reference Processing
[27.594s][debug  ][gc,ref         ] GC(101) Skipped phase 1 of Reference Processing: no references
[27.595s][debug  ][gc,ref         ] GC(101) Skipped phase 2 of Reference Processing: no references
[27.595s][debug  ][gc,ref         ] GC(101) Skipped phase 3 of Reference Processing: no references
[27.595s][debug  ][gc,ref         ] GC(101) Skipped phase 4 of Reference Processing: no references
[27.595s][debug  ][gc,phases,ref  ] GC(101) Reference Processing: 0.2ms
[27.595s][debug  ][gc,phases,ref  ] GC(101)   Reconsider SoftReferences: 0.0ms
[27.595s][debug  ][gc,phases,ref  ] GC(101)     SoftRef (ms):                  skipped
[27.595s][debug  ][gc,phases,ref  ] GC(101)   Notify Soft/WeakReferences: 0.0ms
[27.595s][debug  ][gc,phases,ref  ] GC(101)     SoftRef (ms):                  skipped
[27.595s][debug  ][gc,phases,ref  ] GC(101)     WeakRef (ms):                  skipped
[27.595s][debug  ][gc,phases,ref  ] GC(101)     FinalRef (ms):                 skipped
[27.595s][debug  ][gc,phases,ref  ] GC(101)     Total (ms):                    skipped
[27.595s][debug  ][gc,phases,ref  ] GC(101)   Notify and keep alive finalizable: 0.1ms
[27.595s][debug  ][gc,phases,ref  ] GC(101)     FinalRef (ms):                 skipped
[27.595s][debug  ][gc,phases,ref  ] GC(101)   Notify PhantomReferences: 0.0ms
[27.595s][debug  ][gc,phases,ref  ] GC(101)     PhantomRef (ms):               skipped
[27.595s][debug  ][gc,phases,ref  ] GC(101)   SoftReference:
[27.595s][debug  ][gc,phases,ref  ] GC(101)     Discovered: 0
[27.595s][debug  ][gc,phases,ref  ] GC(101)     Cleared: 0
[27.595s][debug  ][gc,phases,ref  ] GC(101)   WeakReference:
[27.595s][debug  ][gc,phases,ref  ] GC(101)     Discovered: 0
[27.595s][debug  ][gc,phases,ref  ] GC(101)     Cleared: 0
[27.595s][debug  ][gc,phases,ref  ] GC(101)   FinalReference:
[27.595s][debug  ][gc,phases,ref  ] GC(101)     Discovered: 0
[27.595s][debug  ][gc,phases,ref  ] GC(101)     Cleared: 0
[27.595s][debug  ][gc,phases,ref  ] GC(101)   PhantomReference:
[27.595s][debug  ][gc,phases,ref  ] GC(101)     Discovered: 0
[27.595s][debug  ][gc,phases,ref  ] GC(101)     Cleared: 0
[27.595s][debug  ][gc,phases      ] GC(101) Reference Processing 0.646ms
[27.595s][debug  ][gc,phases,start] GC(101) Weak Processing
[27.595s][debug  ][gc,phases      ] GC(101)   VM Weak                        Min:  0.0, Avg:  0.0, Max:  0.0, Diff:  0.0, Sum:  0.0, Workers: 6
[27.595s][debug  ][gc,phases      ] GC(101)     Dead                           Min: 0, Avg:  0.0, Max: 0, Diff: 0, Sum: 0, Workers: 6
[27.595s][debug  ][gc,phases      ] GC(101)     Total                          Min: 0, Avg:  1.3, Max: 8, Diff: 8, Sum: 8, Workers: 6
[27.595s][debug  ][gc,phases      ] GC(101)   ObjectSynchronizer Weak        Min:  0.0, Avg:  0.0, Max:  0.0, Diff:  0.0, Sum:  0.0, Workers: 6
[27.595s][debug  ][gc,phases      ] GC(101)     Dead                           Min: 0, Avg:  0.0, Max: 0, Diff: 0, Sum: 0, Workers: 6
[27.595s][debug  ][gc,phases      ] GC(101)     Total                          Min: 0, Avg:  0.5, Max: 3, Diff: 3, Sum: 3, Workers: 6
[27.595s][debug  ][gc,phases      ] GC(101)   JVMTI Tag Weak OopStorage      Min:  0.0, Avg:  0.0, Max:  0.0, Diff:  0.0, Sum:  0.0, Workers: 6
[27.595s][debug  ][gc,phases      ] GC(101)     Dead                           Min: 0, Avg:  0.0, Max: 0, Diff: 0, Sum: 0, Workers: 6
[27.595s][debug  ][gc,phases      ] GC(101)     Total                          Min: 0, Avg:  0.0, Max: 0, Diff: 0, Sum: 0, Workers: 6
[27.595s][debug  ][gc,phases      ] GC(101)   StringTable Weak               Min:  0.0, Avg:  0.0, Max:  0.0, Diff:  0.0, Sum:  0.0, Workers: 6
[27.595s][debug  ][gc,phases      ] GC(101)     Dead                           Min: 0, Avg:  0.0, Max: 0, Diff: 0, Sum: 0, Workers: 6
[27.595s][debug  ][gc,phases      ] GC(101)     Total                          Min: 704, Avg: 892.3, Max: 1088, Diff: 384, Sum: 5354, Workers: 6
[27.595s][debug  ][gc,phases      ] GC(101)   ResolvedMethodTable Weak       Min:  0.0, Avg:  0.0, Max:  0.0, Diff:  0.0, Sum:  0.0, Workers: 6
[27.595s][debug  ][gc,phases      ] GC(101)     Dead                           Min: 0, Avg:  0.0, Max: 0, Diff: 0, Sum: 0, Workers: 6
[27.595s][debug  ][gc,phases      ] GC(101)     Total                          Min: 0, Avg: 21.7, Max: 64, Diff: 64, Sum: 130, Workers: 6
[27.595s][debug  ][gc,phases      ] GC(101)   JNI Weak                       Min:  0.0, Avg:  0.0, Max:  0.0, Diff:  0.0, Sum:  0.0, Workers: 6
[27.596s][debug  ][gc,phases      ] GC(101)     Dead                           Min: 0, Avg:  0.0, Max: 0, Diff: 0, Sum: 0, Workers: 6
[27.596s][debug  ][gc,phases      ] GC(101)     Total                          Min: 0, Avg:  0.0, Max: 0, Diff: 0, Sum: 0, Workers: 6
[27.596s][debug  ][gc,phases      ] GC(101)   StringDedup Table Weak         Min:  0.0, Avg:  0.0, Max:  0.0, Diff:  0.0, Sum:  0.0, Workers: 6
[27.596s][debug  ][gc,phases      ] GC(101)     Dead                           Min: 0, Avg:  0.0, Max: 0, Diff: 0, Sum: 0, Workers: 6
[27.596s][debug  ][gc,phases      ] GC(101)     Total                          Min: 0, Avg:  0.0, Max: 0, Diff: 0, Sum: 0, Workers: 6
[27.596s][debug  ][gc,phases      ] GC(101)   StringDedup Requests0 Weak     Min:  0.0, Avg:  0.0, Max:  0.0, Diff:  0.0, Sum:  0.0, Workers: 6
[27.596s][debug  ][gc,phases      ] GC(101)     Dead                           Min: 0, Avg:  0.0, Max: 0, Diff: 0, Sum: 0, Workers: 6
[27.596s][debug  ][gc,phases      ] GC(101)     Total                          Min: 0, Avg:  0.0, Max: 0, Diff: 0, Sum: 0, Workers: 6
[27.596s][debug  ][gc,phases      ] GC(101)   StringDedup Requests1 Weak     Min:  0.0, Avg:  0.0, Max:  0.0, Diff:  0.0, Sum:  0.0, Workers: 6
[27.596s][debug  ][gc,phases      ] GC(101)     Dead                           Min: 0, Avg:  0.0, Max: 0, Diff: 0, Sum: 0, Workers: 6
[27.596s][debug  ][gc,phases      ] GC(101)     Total                          Min: 0, Avg:  0.0, Max: 0, Diff: 0, Sum: 0, Workers: 6
[27.596s][debug  ][gc,phases      ] GC(101)   Weak JFR Old Object Samples    Min:  0.0, Avg:  0.0, Max:  0.0, Diff:  0.0, Sum:  0.0, Workers: 6
[27.596s][debug  ][gc,phases      ] GC(101)     Dead                           Min: 0, Avg:  0.0, Max: 0, Diff: 0, Sum: 0, Workers: 6
[27.596s][debug  ][gc,phases      ] GC(101)     Total                          Min: 0, Avg:  0.0, Max: 0, Diff: 0, Sum: 0, Workers: 6
[27.596s][debug  ][gc,phases      ] GC(101) Weak Processing 0.671ms
[27.596s][debug  ][gc,ergo        ] GC(101) AdaptiveSizeStart:  collection: 102 
[27.596s][debug  ][gc,ergo        ] GC(101) avg_survived_padded_avg: 37465968.000000
[27.596s][debug  ][gc,ergo        ] GC(101) avg_promoted_padded_avg: 231306064.000000  avg_pretenured_padded_avg: 0.000000  tenuring_thresh: 13  target_size: 37748736
[27.596s][debug  ][gc,age         ] GC(101) Desired survivor size 37748736 bytes, new threshold 13 (max threshold 15)
[27.596s][debug  ][gc,ergo        ] GC(101) PSAdaptiveSizePolicy::compute_eden_space_size limits: desired_eden_size: 210539589 old_eden_size: 191889408 eden_limit: 192413696 cur_eden: 191889408 max_eden_size: 192413696 avg_young_live: 26713394
[27.596s][debug  ][gc,ergo        ] GC(101) PSAdaptiveSizePolicy::compute_eden_space_size: costs minor_time: 0.049652 major_cost: 0.053637 mutator_cost: 0.896710 throughput_goal: 0.990000
[27.596s][debug  ][gc,ergo        ] GC(101) Live_space: 1037332352 free_space: 1418723328
[27.596s][debug  ][gc,ergo        ] GC(101) Old eden_size: 191889408 desired_eden_size: 192413696
[27.596s][debug  ][gc,ergo        ] GC(101) AdaptiveSizeStop: collection: 102 
[27.596s][info   ][gc,heap        ] GC(101) PSYoungGen: 208449K(224768K)->30720K(225280K) Eden: 177729K(187392K)->0K(188416K) From: 30720K(37376K)->30720K(36864K)
[27.596s][info   ][gc,heap        ] GC(101) ParOldGen: 1404517K(1835008K)->1578597K(1835008K)
[27.596s][info   ][gc,metaspace   ] GC(101) Metaspace: 1022K(1216K)->1022K(1216K) NonClass: 938K(1024K)->938K(1024K) Class: 83K(192K)->83K(192K)
[27.596s][info   ][gc             ] GC(101) Pause Young (Allocation Failure) 1575M->1571M(2012M) 15.527ms
[27.596s][info   ][gc,cpu         ] GC(101) User=0.00s Sys=0.02s Real=0.02s
[27.596s][debug  ][gc,heap        ] GC(101) Heap after GC invocations=102 (full 16):
[27.596s][debug  ][gc,heap        ] GC(101)  PSYoungGen      total 225280K, used 30720K [0x00000000f0000000, 0x0000000100000000, 0x0000000100000000)
[27.596s][debug  ][gc,heap        ] GC(101)   eden space 188416K, 0% used [0x00000000f0000000,0x00000000f0000000,0x00000000fb800000)
[27.596s][debug  ][gc,heap        ] GC(101)   from space 36864K, 83% used [0x00000000fdc00000,0x00000000ffa00030,0x0000000100000000)
[27.596s][debug  ][gc,heap        ] GC(101)   to   space 36864K, 0% used [0x00000000fb800000,0x00000000fb800000,0x00000000fdc00000)
[27.596s][debug  ][gc,heap        ] GC(101)  ParOldGen       total 1835008K, used 1578597K [0x0000000080000000, 0x00000000f0000000, 0x00000000f0000000)
[27.596s][debug  ][gc,heap        ] GC(101)   object space 1835008K, 86% used [0x0000000080000000,0x00000000e0599578,0x00000000f0000000)
[27.596s][debug  ][gc,heap        ] GC(101)  Metaspace       used 1022K, committed 1216K, reserved 1056768K
[27.596s][debug  ][gc,heap        ] GC(101)   class space    used 83K, committed 192K, reserved 1048576K
[27.596s][debug  ][gc,task,time   ] GC(101) VM-Thread 275802166 275944455 275963212
[27.881s][debug  ][gc,heap        ] GC(102) Heap before GC invocations=103 (full 16):
[27.881s][debug  ][gc,heap        ] GC(102)  PSYoungGen      total 225280K, used 218717K [0x00000000f0000000, 0x0000000100000000, 0x0000000100000000)
[27.881s][debug  ][gc,heap        ] GC(102)   eden space 188416K, 99% used [0x00000000f0000000,0x00000000fb797418,0x00000000fb800000)
[27.881s][debug  ][gc,heap        ] GC(102)   from space 36864K, 83% used [0x00000000fdc00000,0x00000000ffa00030,0x0000000100000000)
[27.882s][debug  ][gc,heap        ] GC(102)   to   space 36864K, 0% used [0x00000000fb800000,0x00000000fb800000,0x00000000fdc00000)
[27.882s][debug  ][gc,heap        ] GC(102)  ParOldGen       total 1835008K, used 1578597K [0x0000000080000000, 0x00000000f0000000, 0x00000000f0000000)
[27.882s][debug  ][gc,heap        ] GC(102)   object space 1835008K, 86% used [0x0000000080000000,0x00000000e0599578,0x00000000f0000000)
[27.882s][debug  ][gc,heap        ] GC(102)  Metaspace       used 1022K, committed 1216K, reserved 1056768K
[27.882s][debug  ][gc,heap        ] GC(102)   class space    used 83K, committed 192K, reserved 1048576K
[27.882s][debug  ][gc,tlab        ] GC(102) TLAB totals: thrds: 1  refills: 1 max: 1 slow allocs: 17 max 17 waste: 26.4% gc: 3764984B max: 3764984B slow: 0B max: 0B
[27.882s][info   ][gc,start       ] GC(102) Pause Young (Allocation Failure)
[27.882s][debug  ][gc,phases,start] GC(102) Scavenge
[27.896s][debug  ][gc,phases      ] GC(102) Scavenge 14.647ms
[27.896s][debug  ][gc,phases,start] GC(102) Reference Processing
[27.896s][debug  ][gc,ref         ] GC(102) Skipped phase 1 of Reference Processing: no references
[27.896s][debug  ][gc,ref         ] GC(102) Skipped phase 2 of Reference Processing: no references
[27.897s][debug  ][gc,ref         ] GC(102) Skipped phase 3 of Reference Processing: no references
[27.897s][debug  ][gc,ref         ] GC(102) Skipped phase 4 of Reference Processing: no references
[27.897s][debug  ][gc,phases,ref  ] GC(102) Reference Processing: 0.1ms
[27.897s][debug  ][gc,phases,ref  ] GC(102)   Reconsider SoftReferences: 0.0ms
[27.897s][debug  ][gc,phases,ref  ] GC(102)     SoftRef (ms):                  skipped
[27.897s][debug  ][gc,phases,ref  ] GC(102)   Notify Soft/WeakReferences: 0.0ms
[27.897s][debug  ][gc,phases,ref  ] GC(102)     SoftRef (ms):                  skipped
[27.897s][debug  ][gc,phases,ref  ] GC(102)     WeakRef (ms):                  skipped
[27.897s][debug  ][gc,phases,ref  ] GC(102)     FinalRef (ms):                 skipped
[27.897s][debug  ][gc,phases,ref  ] GC(102)     Total (ms):                    skipped
[27.897s][debug  ][gc,phases,ref  ] GC(102)   Notify and keep alive finalizable: 0.0ms
[27.897s][debug  ][gc,phases,ref  ] GC(102)     FinalRef (ms):                 skipped
[27.897s][debug  ][gc,phases,ref  ] GC(102)   Notify PhantomReferences: 0.0ms
[27.897s][debug  ][gc,phases,ref  ] GC(102)     PhantomRef (ms):               skipped
[27.897s][debug  ][gc,phases,ref  ] GC(102)   SoftReference:
[27.897s][debug  ][gc,phases,ref  ] GC(102)     Discovered: 0
[27.897s][debug  ][gc,phases,ref  ] GC(102)     Cleared: 0
[27.897s][debug  ][gc,phases,ref  ] GC(102)   WeakReference:
[27.897s][debug  ][gc,phases,ref  ] GC(102)     Discovered: 0
[27.897s][debug  ][gc,phases,ref  ] GC(102)     Cleared: 0
[27.897s][debug  ][gc,phases,ref  ] GC(102)   FinalReference:
[27.897s][debug  ][gc,phases,ref  ] GC(102)     Discovered: 0
[27.897s][debug  ][gc,phases,ref  ] GC(102)     Cleared: 0
[27.897s][debug  ][gc,phases,ref  ] GC(102)   PhantomReference:
[27.897s][debug  ][gc,phases,ref  ] GC(102)     Discovered: 0
[27.897s][debug  ][gc,phases,ref  ] GC(102)     Cleared: 0
[27.897s][debug  ][gc,phases      ] GC(102) Reference Processing 0.659ms
[27.897s][debug  ][gc,phases,start] GC(102) Weak Processing
[27.897s][debug  ][gc,phases      ] GC(102)   VM Weak                        Min:  0.0, Avg:  0.0, Max:  0.0, Diff:  0.0, Sum:  0.0, Workers: 6
[27.897s][debug  ][gc,phases      ] GC(102)     Dead                           Min: 0, Avg:  0.0, Max: 0, Diff: 0, Sum: 0, Workers: 6
[27.897s][debug  ][gc,phases      ] GC(102)     Total                          Min: 0, Avg:  1.3, Max: 8, Diff: 8, Sum: 8, Workers: 6
[27.897s][debug  ][gc,phases      ] GC(102)   ObjectSynchronizer Weak        Min:  0.0, Avg:  0.0, Max:  0.0, Diff:  0.0, Sum:  0.0, Workers: 6
[27.897s][debug  ][gc,phases      ] GC(102)     Dead                           Min: 0, Avg:  0.0, Max: 0, Diff: 0, Sum: 0, Workers: 6
[27.897s][debug  ][gc,phases      ] GC(102)     Total                          Min: 0, Avg:  0.5, Max: 3, Diff: 3, Sum: 3, Workers: 6
[27.897s][debug  ][gc,phases      ] GC(102)   JVMTI Tag Weak OopStorage      Min:  0.0, Avg:  0.0, Max:  0.0, Diff:  0.0, Sum:  0.0, Workers: 6
[27.897s][debug  ][gc,phases      ] GC(102)     Dead                           Min: 0, Avg:  0.0, Max: 0, Diff: 0, Sum: 0, Workers: 6
[27.897s][debug  ][gc,phases      ] GC(102)     Total                          Min: 0, Avg:  0.0, Max: 0, Diff: 0, Sum: 0, Workers: 6
[27.897s][debug  ][gc,phases      ] GC(102)   StringTable Weak               Min:  0.0, Avg:  0.0, Max:  0.0, Diff:  0.0, Sum:  0.0, Workers: 6
[27.897s][debug  ][gc,phases      ] GC(102)     Dead                           Min: 0, Avg:  0.0, Max: 0, Diff: 0, Sum: 0, Workers: 6
[27.897s][debug  ][gc,phases      ] GC(102)     Total                          Min: 704, Avg: 892.3, Max: 1067, Diff: 363, Sum: 5354, Workers: 6
[27.897s][debug  ][gc,phases      ] GC(102)   ResolvedMethodTable Weak       Min:  0.0, Avg:  0.0, Max:  0.0, Diff:  0.0, Sum:  0.0, Workers: 6
[27.897s][debug  ][gc,phases      ] GC(102)     Dead                           Min: 0, Avg:  0.0, Max: 0, Diff: 0, Sum: 0, Workers: 6
[27.897s][debug  ][gc,phases      ] GC(102)     Total                          Min: 0, Avg: 21.7, Max: 64, Diff: 64, Sum: 130, Workers: 6
[27.897s][debug  ][gc,phases      ] GC(102)   JNI Weak                       Min:  0.0, Avg:  0.0, Max:  0.0, Diff:  0.0, Sum:  0.0, Workers: 6
[27.897s][debug  ][gc,phases      ] GC(102)     Dead                           Min: 0, Avg:  0.0, Max: 0, Diff: 0, Sum: 0, Workers: 6
[27.897s][debug  ][gc,phases      ] GC(102)     Total                          Min: 0, Avg:  0.0, Max: 0, Diff: 0, Sum: 0, Workers: 6
[27.898s][debug  ][gc,phases      ] GC(102)   StringDedup Table Weak         Min:  0.0, Avg:  0.0, Max:  0.0, Diff:  0.0, Sum:  0.0, Workers: 6
[27.898s][debug  ][gc,phases      ] GC(102)     Dead                           Min: 0, Avg:  0.0, Max: 0, Diff: 0, Sum: 0, Workers: 6
[27.898s][debug  ][gc,phases      ] GC(102)     Total                          Min: 0, Avg:  0.0, Max: 0, Diff: 0, Sum: 0, Workers: 6
[27.898s][debug  ][gc,phases      ] GC(102)   StringDedup Requests0 Weak     Min:  0.0, Avg:  0.0, Max:  0.0, Diff:  0.0, Sum:  0.0, Workers: 6
[27.898s][debug  ][gc,phases      ] GC(102)     Dead                           Min: 0, Avg:  0.0, Max: 0, Diff: 0, Sum: 0, Workers: 6
[27.898s][debug  ][gc,phases      ] GC(102)     Total                          Min: 0, Avg:  0.0, Max: 0, Diff: 0, Sum: 0, Workers: 6
[27.898s][debug  ][gc,phases      ] GC(102)   StringDedup Requests1 Weak     Min:  0.0, Avg:  0.0, Max:  0.0, Diff:  0.0, Sum:  0.0, Workers: 6
[27.898s][debug  ][gc,phases      ] GC(102)     Dead                           Min: 0, Avg:  0.0, Max: 0, Diff: 0, Sum: 0, Workers: 6
[27.898s][debug  ][gc,phases      ] GC(102)     Total                          Min: 0, Avg:  0.0, Max: 0, Diff: 0, Sum: 0, Workers: 6
[27.898s][debug  ][gc,phases      ] GC(102)   Weak JFR Old Object Samples    Min:  0.0, Avg:  0.0, Max:  0.0, Diff:  0.0, Sum:  0.0, Workers: 6
[27.898s][debug  ][gc,phases      ] GC(102)     Dead                           Min: 0, Avg:  0.0, Max: 0, Diff: 0, Sum: 0, Workers: 6
[27.898s][debug  ][gc,phases      ] GC(102)     Total                          Min: 0, Avg:  0.0, Max: 0, Diff: 0, Sum: 0, Workers: 6
[27.898s][debug  ][gc,phases      ] GC(102) Weak Processing 0.664ms
[27.898s][debug  ][gc,ergo        ] GC(102) AdaptiveSizeStart:  collection: 103 
[27.898s][debug  ][gc,ergo        ] GC(102) avg_survived_padded_avg: 37192140.000000
[27.898s][debug  ][gc,ergo        ] GC(102) avg_promoted_padded_avg: 235656672.000000  avg_pretenured_padded_avg: 0.000000  tenuring_thresh: 13  target_size: 37224448
[27.898s][debug  ][gc,age         ] GC(102) Desired survivor size 37224448 bytes, new threshold 13 (max threshold 15)
[27.898s][debug  ][gc,ergo        ] GC(102) PSAdaptiveSizePolicy::compute_eden_space_size limits: desired_eden_size: 211765305 old_eden_size: 192413696 eden_limit: 192937984 cur_eden: 192937984 max_eden_size: 192937984 avg_young_live: 27187788
[27.898s][debug  ][gc,ergo        ] GC(102) PSAdaptiveSizePolicy::compute_eden_space_size: costs minor_time: 0.050568 major_cost: 0.053637 mutator_cost: 0.895794 throughput_goal: 0.990000
[27.898s][debug  ][gc,ergo        ] GC(102) Live_space: 1037806720 free_space: 1419247616
[27.898s][debug  ][gc,ergo        ] GC(102) Old eden_size: 192413696 desired_eden_size: 192937984
[27.898s][debug  ][gc,ergo        ] GC(102) AdaptiveSizeStop: collection: 103 
[27.898s][info   ][gc,heap        ] GC(102) PSYoungGen: 218717K(225280K)->30720K(225280K) Eden: 187997K(188416K)->0K(188416K) From: 30720K(36864K)->30720K(36864K)
[27.898s][info   ][gc,heap        ] GC(102) ParOldGen: 1578597K(1835008K)->1762917K(1835008K)
[27.898s][info   ][gc,metaspace   ] GC(102) Metaspace: 1022K(1216K)->1022K(1216K) NonClass: 938K(1024K)->938K(1024K) Class: 83K(192K)->83K(192K)
[27.898s][info   ][gc             ] GC(102) Pause Young (Allocation Failure) 1755M->1751M(2012M) 16.397ms
[27.898s][info   ][gc,cpu         ] GC(102) User=0.19s Sys=0.00s Real=0.02s
[27.898s][debug  ][gc,heap        ] GC(102) Heap after GC invocations=103 (full 16):
[27.898s][debug  ][gc,heap        ] GC(102)  PSYoungGen      total 225280K, used 30720K [0x00000000f0000000, 0x0000000100000000, 0x0000000100000000)
[27.898s][debug  ][gc,heap        ] GC(102)   eden space 188416K, 0% used [0x00000000f0000000,0x00000000f0000000,0x00000000fb800000)
[27.898s][debug  ][gc,heap        ] GC(102)   from space 36864K, 83% used [0x00000000fb800000,0x00000000fd600030,0x00000000fdc00000)
[27.898s][debug  ][gc,heap        ] GC(102)   to   space 36352K, 0% used [0x00000000fdc80000,0x00000000fdc80000,0x0000000100000000)
[27.898s][debug  ][gc,heap        ] GC(102)  ParOldGen       total 1835008K, used 1762917K [0x0000000080000000, 0x00000000f0000000, 0x00000000f0000000)
[27.898s][debug  ][gc,heap        ] GC(102)   object space 1835008K, 96% used [0x0000000080000000,0x00000000eb999698,0x00000000f0000000)
[27.898s][debug  ][gc,heap        ] GC(102)  Metaspace       used 1022K, committed 1216K, reserved 1056768K
[27.898s][debug  ][gc,heap        ] GC(102)   class space    used 83K, committed 192K, reserved 1048576K
[27.898s][debug  ][gc,task,time   ] GC(102) VM-Thread 278813443 278964175 278982961
[27.898s][debug  ][gc,phases,start] GC(103) Pre Compact
[27.898s][debug  ][gc,heap        ] GC(103) Heap before GC invocations=104 (full 17):
[27.898s][debug  ][gc,heap        ] GC(103)  PSYoungGen      total 225280K, used 30720K [0x00000000f0000000, 0x0000000100000000, 0x0000000100000000)
[27.898s][debug  ][gc,heap        ] GC(103)   eden space 188416K, 0% used [0x00000000f0000000,0x00000000f0000000,0x00000000fb800000)
[27.898s][debug  ][gc,heap        ] GC(103)   from space 36864K, 83% used [0x00000000fb800000,0x00000000fd600030,0x00000000fdc00000)
[27.898s][debug  ][gc,heap        ] GC(103)   to   space 36352K, 0% used [0x00000000fdc80000,0x00000000fdc80000,0x0000000100000000)
[27.898s][debug  ][gc,heap        ] GC(103)  ParOldGen       total 1835008K, used 1762917K [0x0000000080000000, 0x00000000f0000000, 0x00000000f0000000)
[27.898s][debug  ][gc,heap        ] GC(103)   object space 1835008K, 96% used [0x0000000080000000,0x00000000eb999698,0x00000000f0000000)
[27.899s][debug  ][gc,heap        ] GC(103)  Metaspace       used 1022K, committed 1216K, reserved 1056768K
[27.899s][debug  ][gc,heap        ] GC(103)   class space    used 83K, committed 192K, reserved 1048576K
[27.899s][debug  ][gc,phases      ] GC(103) Pre Compact 0.227ms
[27.899s][info   ][gc,start       ] GC(103) Pause Full (Ergonomics)
[27.899s][info   ][gc,phases,start] GC(103) Marking Phase
[27.899s][debug  ][gc,phases,start] GC(103) Par Mark
[27.899s][debug  ][gc,phases      ] GC(103) Par Mark 0.735ms
[27.899s][debug  ][gc,phases,start] GC(103) Reference Processing
[27.899s][debug  ][gc,ref         ] GC(103) Skipped phase 1 of Reference Processing: no references
[27.899s][debug  ][gc,ref         ] GC(103) ReferenceProcessor::execute queues: 1, RefProcThreadModel::Single, marks_oops_alive: false
[27.899s][debug  ][gc,ref         ] GC(103) Skipped phase 3 of Reference Processing: no references
[27.900s][debug  ][gc,ref         ] GC(103) ReferenceProcessor::execute queues: 1, RefProcThreadModel::Single, marks_oops_alive: false
[27.900s][debug  ][gc,phases,ref  ] GC(103) Reference Processing: 0.1ms
[27.900s][debug  ][gc,phases,ref  ] GC(103)   Reconsider SoftReferences: 0.0ms
[27.900s][debug  ][gc,phases,ref  ] GC(103)     SoftRef (ms):                  skipped
[27.900s][debug  ][gc,phases,ref  ] GC(103)   Notify Soft/WeakReferences: 0.0ms
[27.900s][debug  ][gc,phases,ref  ] GC(103)     SoftRef (ms):                  Min:  0.0, Avg:  0.0, Max:  0.0, Diff:  0.0, Sum:  0.0, Workers: 12
[27.900s][debug  ][gc,phases,ref  ] GC(103)     WeakRef (ms):                  Min:  0.0, Avg:  0.0, Max:  0.0, Diff:  0.0, Sum:  0.0, Workers: 12
[27.900s][debug  ][gc,phases,ref  ] GC(103)     FinalRef (ms):                 Min:  0.0, Avg:  0.0, Max:  0.0, Diff:  0.0, Sum:  0.0, Workers: 12
[27.900s][debug  ][gc,phases,ref  ] GC(103)     Total (ms):                    Min:  0.0, Avg:  0.0, Max:  0.0, Diff:  0.0, Sum:  0.0, Workers: 12
[27.900s][debug  ][gc,phases,ref  ] GC(103)   Notify and keep alive finalizable: 0.0ms
[27.900s][debug  ][gc,phases,ref  ] GC(103)     FinalRef (ms):                 skipped
[27.900s][debug  ][gc,phases,ref  ] GC(103)   Notify PhantomReferences: 0.0ms
[27.900s][debug  ][gc,phases,ref  ] GC(103)     PhantomRef (ms):               Min:  0.0, Avg:  0.0, Max:  0.0, Diff:  0.0, Sum:  0.0, Workers: 12
[27.900s][debug  ][gc,phases,ref  ] GC(103)   SoftReference:
[27.900s][debug  ][gc,phases,ref  ] GC(103)     Discovered: 0
[27.900s][debug  ][gc,phases,ref  ] GC(103)     Cleared: 0
[27.900s][debug  ][gc,phases,ref  ] GC(103)   WeakReference:
[27.900s][debug  ][gc,phases,ref  ] GC(103)     Discovered: 77
[27.900s][debug  ][gc,phases,ref  ] GC(103)     Cleared: 77
[27.900s][debug  ][gc,phases,ref  ] GC(103)   FinalReference:
[27.900s][debug  ][gc,phases,ref  ] GC(103)     Discovered: 0
[27.900s][debug  ][gc,phases,ref  ] GC(103)     Cleared: 0
[27.900s][debug  ][gc,phases,ref  ] GC(103)   PhantomReference:
[27.900s][debug  ][gc,phases,ref  ] GC(103)     Discovered: 5
[27.900s][debug  ][gc,phases,ref  ] GC(103)     Cleared: 5
[27.900s][debug  ][gc,phases      ] GC(103) Reference Processing 0.670ms
[27.900s][debug  ][gc,phases,start] GC(103) Weak Processing
[27.900s][debug  ][gc,phases      ] GC(103)   VM Weak                        Min:  0.0, Avg:  0.0, Max:  0.0, Diff:  0.0, Sum:  0.0, Workers: 6
[27.900s][debug  ][gc,phases      ] GC(103)     Dead                           Min: 0, Avg:  0.0, Max: 0, Diff: 0, Sum: 0, Workers: 6
[27.900s][debug  ][gc,phases      ] GC(103)     Total                          Min: 0, Avg:  1.3, Max: 8, Diff: 8, Sum: 8, Workers: 6
[27.900s][debug  ][gc,phases      ] GC(103)   ObjectSynchronizer Weak        Min:  0.0, Avg:  0.0, Max:  0.0, Diff:  0.0, Sum:  0.0, Workers: 6
[27.900s][debug  ][gc,phases      ] GC(103)     Dead                           Min: 0, Avg:  0.0, Max: 0, Diff: 0, Sum: 0, Workers: 6
[27.900s][debug  ][gc,phases      ] GC(103)     Total                          Min: 0, Avg:  0.5, Max: 3, Diff: 3, Sum: 3, Workers: 6
[27.900s][debug  ][gc,phases      ] GC(103)   JVMTI Tag Weak OopStorage      Min:  0.0, Avg:  0.0, Max:  0.0, Diff:  0.0, Sum:  0.0, Workers: 6
[27.900s][debug  ][gc,phases      ] GC(103)     Dead                           Min: 0, Avg:  0.0, Max: 0, Diff: 0, Sum: 0, Workers: 6
[27.900s][debug  ][gc,phases      ] GC(103)     Total                          Min: 0, Avg:  0.0, Max: 0, Diff: 0, Sum: 0, Workers: 6
[27.900s][debug  ][gc,phases      ] GC(103)   StringTable Weak               Min:  0.0, Avg:  0.0, Max:  0.0, Diff:  0.0, Sum:  0.0, Workers: 6
[27.900s][debug  ][gc,phases      ] GC(103)     Dead                           Min: 0, Avg:  0.0, Max: 0, Diff: 0, Sum: 0, Workers: 6
[27.900s][debug  ][gc,phases      ] GC(103)     Total                          Min: 703, Avg: 892.3, Max: 1280, Diff: 577, Sum: 5354, Workers: 6
[27.900s][debug  ][gc,phases      ] GC(103)   ResolvedMethodTable Weak       Min:  0.0, Avg:  0.0, Max:  0.0, Diff:  0.0, Sum:  0.0, Workers: 6
[27.900s][debug  ][gc,phases      ] GC(103)     Dead                           Min: 0, Avg:  0.0, Max: 0, Diff: 0, Sum: 0, Workers: 6
[27.900s][debug  ][gc,phases      ] GC(103)     Total                          Min: 0, Avg: 21.7, Max: 64, Diff: 64, Sum: 130, Workers: 6
[27.900s][debug  ][gc,phases      ] GC(103)   JNI Weak                       Min:  0.0, Avg:  0.0, Max:  0.0, Diff:  0.0, Sum:  0.0, Workers: 6
[27.900s][debug  ][gc,phases      ] GC(103)     Dead                           Min: 0, Avg:  0.0, Max: 0, Diff: 0, Sum: 0, Workers: 6
[27.900s][debug  ][gc,phases      ] GC(103)     Total                          Min: 0, Avg:  0.0, Max: 0, Diff: 0, Sum: 0, Workers: 6
[27.901s][debug  ][gc,phases      ] GC(103)   StringDedup Table Weak         Min:  0.0, Avg:  0.0, Max:  0.0, Diff:  0.0, Sum:  0.0, Workers: 6
[27.901s][debug  ][gc,phases      ] GC(103)     Dead                           Min: 0, Avg:  0.0, Max: 0, Diff: 0, Sum: 0, Workers: 6
[27.901s][debug  ][gc,phases      ] GC(103)     Total                          Min: 0, Avg:  0.0, Max: 0, Diff: 0, Sum: 0, Workers: 6
[27.901s][debug  ][gc,phases      ] GC(103)   StringDedup Requests0 Weak     Min:  0.0, Avg:  0.0, Max:  0.0, Diff:  0.0, Sum:  0.0, Workers: 6
[27.901s][debug  ][gc,phases      ] GC(103)     Dead                           Min: 0, Avg:  0.0, Max: 0, Diff: 0, Sum: 0, Workers: 6
[27.901s][debug  ][gc,phases      ] GC(103)     Total                          Min: 0, Avg:  0.0, Max: 0, Diff: 0, Sum: 0, Workers: 6
[27.901s][debug  ][gc,phases      ] GC(103)   StringDedup Requests1 Weak     Min:  0.0, Avg:  0.0, Max:  0.0, Diff:  0.0, Sum:  0.0, Workers: 6
[27.901s][debug  ][gc,phases      ] GC(103)     Dead                           Min: 0, Avg:  0.0, Max: 0, Diff: 0, Sum: 0, Workers: 6
[27.901s][debug  ][gc,phases      ] GC(103)     Total                          Min: 0, Avg:  0.0, Max: 0, Diff: 0, Sum: 0, Workers: 6
[27.901s][debug  ][gc,phases      ] GC(103)   Weak JFR Old Object Samples    Min:  0.0, Avg:  0.0, Max:  0.0, Diff:  0.0, Sum:  0.0, Workers: 6
[27.901s][debug  ][gc,phases      ] GC(103)     Dead                           Min: 0, Avg:  0.0, Max: 0, Diff: 0, Sum: 0, Workers: 6
[27.901s][debug  ][gc,phases      ] GC(103)     Total                          Min: 0, Avg:  0.0, Max: 0, Diff: 0, Sum: 0, Workers: 6
[27.901s][debug  ][gc,phases      ] GC(103) Weak Processing 0.663ms
[27.901s][debug  ][gc,phases,start] GC(103) Class Unloading
[27.901s][debug  ][gc,phases,start] GC(103) ClassLoaderData
[27.901s][debug  ][gc,phases      ] GC(103) ClassLoaderData 0.019ms
[27.901s][debug  ][gc,phases,start] GC(103) Trigger cleanups
[27.901s][debug  ][gc,phases      ] GC(103) Trigger cleanups 0.019ms
[27.901s][debug  ][gc,phases      ] GC(103) Class Unloading 0.250ms
[27.901s][info   ][gc,phases      ] GC(103) Marking Phase 2.445ms
[27.901s][info   ][gc,phases,start] GC(103) Summary Phase
[27.901s][info   ][gc,phases      ] GC(103) Summary Phase 0.038ms
[27.901s][info   ][gc,phases,start] GC(103) Adjust Roots
[27.901s][info   ][gc,phases      ] GC(103) Adjust Roots 0.164ms
[27.901s][info   ][gc,phases,start] GC(103) Compaction Phase
[27.998s][info   ][gc,phases      ] GC(103) Compaction Phase 96.629ms
[27.998s][info   ][gc,phases,start] GC(103) Post Compact
[28.004s][info   ][gc,phases      ] GC(103) Post Compact 5.723ms
[28.004s][debug  ][gc,ergo        ] GC(103) AdaptiveSizeStart: collection: 104 
[28.004s][debug  ][gc,ergo        ] GC(103) PSAdaptiveSizePolicy::compute_eden_space_size limits: desired_eden_size: 211582190 old_eden_size: 192937984 eden_limit: 193462272 cur_eden: 192937984 max_eden_size: 193462272 avg_young_live: 24469010
[28.004s][debug  ][gc,ergo        ] GC(103) PSAdaptiveSizePolicy::compute_eden_space_size: costs minor_time: 0.050568 major_cost: 0.054661 mutator_cost: 0.894771 throughput_goal: 0.990000
[28.004s][debug  ][gc,ergo        ] GC(103) Live_space: 1035088000 free_space: 1419771904
[28.004s][debug  ][gc,ergo        ] GC(103) Old eden_size: 192937984 desired_eden_size: 193462272
[28.004s][debug  ][gc,ergo        ] GC(103) PSAdaptiveSizePolicy::compute_old_gen_free_space limits: desired_promo_size: 1354288697 promo_limit: 1226833920 free_in_old_gen: 1117592192 max_old_gen_size: 1879048192 avg_old_live: 761456000
[28.004s][debug  ][gc,ergo        ] GC(103) PSAdaptiveSizePolicy::compute_old_gen_free_space: costs minor_time: 0.050568 major_cost: 0.054661  mutator_cost: 0.894771 throughput_goal: 0.990000
[28.004s][debug  ][gc,ergo        ] GC(103) Live_space: 1054360448 free_space: 1420296192
[28.004s][debug  ][gc,ergo        ] GC(103) Old promo_size: 1226833920 desired_promo_size: 1226833920
[28.004s][debug  ][gc,ergo        ] GC(103) AdaptiveSizeStop: collection: 104 
[28.004s][info   ][gc,heap        ] GC(103) PSYoungGen: 30720K(225280K)->0K(225792K) Eden: 0K(188416K)->0K(189440K) From: 30720K(36864K)->0K(36352K)
[28.004s][info   ][gc,heap        ] GC(103) ParOldGen: 1762917K(1835008K)->912996K(1835008K)
[28.004s][info   ][gc,metaspace   ] GC(103) Metaspace: 1022K(1216K)->1022K(1216K) NonClass: 938K(1024K)->938K(1024K) Class: 83K(192K)->83K(192K)
[28.004s][info   ][gc             ] GC(103) Pause Full (Ergonomics) 1751M->891M(2012M) 105.762ms
[28.004s][info   ][gc,cpu         ] GC(103) User=1.09s Sys=0.00s Real=0.11s
[28.004s][debug  ][gc,heap        ] GC(103) Heap after GC invocations=104 (full 17):
[28.004s][debug  ][gc,heap        ] GC(103)  PSYoungGen      total 225792K, used 0K [0x00000000f0000000, 0x0000000100000000, 0x0000000100000000)
[28.004s][debug  ][gc,heap        ] GC(103)   eden space 189440K, 0% used [0x00000000f0000000,0x00000000f0000000,0x00000000fb900000)
[28.004s][debug  ][gc,heap        ] GC(103)   from space 36352K, 0% used [0x00000000fdc80000,0x00000000fdc80000,0x0000000100000000)
[28.005s][debug  ][gc,heap        ] GC(103)   to   space 36352K, 0% used [0x00000000fb900000,0x00000000fb900000,0x00000000fdc80000)
[28.005s][debug  ][gc,heap        ] GC(103)  ParOldGen       total 1835008K, used 912996K [0x0000000080000000, 0x00000000f0000000, 0x00000000f0000000)
[28.005s][debug  ][gc,heap        ] GC(103)   object space 1835008K, 49% used [0x0000000080000000,0x00000000b7b99168,0x00000000f0000000)
[28.005s][debug  ][gc,heap        ] GC(103)  Metaspace       used 1022K, committed 1216K, reserved 1056768K
[28.005s][debug  ][gc,heap        ] GC(103)   class space    used 83K, committed 192K, reserved 1048576K
[28.005s][debug  ][gc,task,time   ] GC(103) VM-Thread 278985971 279013397 280044020
[28.293s][debug  ][gc,heap        ] GC(104) Heap before GC invocations=105 (full 17):
[28.293s][debug  ][gc,heap        ] GC(104)  PSYoungGen      total 225792K, used 188023K [0x00000000f0000000, 0x0000000100000000, 0x0000000100000000)
[28.293s][debug  ][gc,heap        ] GC(104)   eden space 189440K, 99% used [0x00000000f0000000,0x00000000fb79dd30,0x00000000fb900000)
[28.293s][debug  ][gc,heap        ] GC(104)   from space 36352K, 0% used [0x00000000fdc80000,0x00000000fdc80000,0x0000000100000000)
[28.293s][debug  ][gc,heap        ] GC(104)   to   space 36352K, 0% used [0x00000000fb900000,0x00000000fb900000,0x00000000fdc80000)
[28.293s][debug  ][gc,heap        ] GC(104)  ParOldGen       total 1835008K, used 912996K [0x0000000080000000, 0x00000000f0000000, 0x00000000f0000000)
[28.293s][debug  ][gc,heap        ] GC(104)   object space 1835008K, 49% used [0x0000000080000000,0x00000000b7b99168,0x00000000f0000000)
[28.293s][debug  ][gc,heap        ] GC(104)  Metaspace       used 1022K, committed 1216K, reserved 1056768K
[28.293s][debug  ][gc,heap        ] GC(104)   class space    used 83K, committed 192K, reserved 1048576K
[28.293s][debug  ][gc,tlab        ] GC(104) TLAB totals: thrds: 1  refills: 1 max: 1 slow allocs: 17 max 17 waste: 26.6% gc: 3790824B max: 3790824B slow: 0B max: 0B
[28.293s][info   ][gc,start       ] GC(104) Pause Young (Allocation Failure)
[28.293s][debug  ][gc,phases,start] GC(104) Scavenge
[28.298s][debug  ][gc,phases      ] GC(104) Scavenge 5.001ms
[28.298s][debug  ][gc,phases,start] GC(104) Reference Processing
[28.298s][debug  ][gc,ref         ] GC(104) Skipped phase 1 of Reference Processing: no references
[28.298s][debug  ][gc,ref         ] GC(104) Skipped phase 2 of Reference Processing: no references
[28.298s][debug  ][gc,ref         ] GC(104) Skipped phase 3 of Reference Processing: no references
[28.298s][debug  ][gc,ref         ] GC(104) Skipped phase 4 of Reference Processing: no references
[28.298s][debug  ][gc,phases,ref  ] GC(104) Reference Processing: 0.1ms
[28.298s][debug  ][gc,phases,ref  ] GC(104)   Reconsider SoftReferences: 0.0ms
[28.298s][debug  ][gc,phases,ref  ] GC(104)     SoftRef (ms):                  skipped
[28.298s][debug  ][gc,phases,ref  ] GC(104)   Notify Soft/WeakReferences: 0.0ms
[28.298s][debug  ][gc,phases,ref  ] GC(104)     SoftRef (ms):                  skipped
[28.298s][debug  ][gc,phases,ref  ] GC(104)     WeakRef (ms):                  skipped
[28.298s][debug  ][gc,phases,ref  ] GC(104)     FinalRef (ms):                 skipped
[28.298s][debug  ][gc,phases,ref  ] GC(104)     Total (ms):                    skipped
[28.298s][debug  ][gc,phases,ref  ] GC(104)   Notify and keep alive finalizable: 0.0ms
[28.298s][debug  ][gc,phases,ref  ] GC(104)     FinalRef (ms):                 skipped
[28.298s][debug  ][gc,phases,ref  ] GC(104)   Notify PhantomReferences: 0.0ms
[28.298s][debug  ][gc,phases,ref  ] GC(104)     PhantomRef (ms):               skipped
[28.298s][debug  ][gc,phases,ref  ] GC(104)   SoftReference:
[28.298s][debug  ][gc,phases,ref  ] GC(104)     Discovered: 0
[28.298s][debug  ][gc,phases,ref  ] GC(104)     Cleared: 0
[28.298s][debug  ][gc,phases,ref  ] GC(104)   WeakReference:
[28.298s][debug  ][gc,phases,ref  ] GC(104)     Discovered: 0
[28.299s][debug  ][gc,phases,ref  ] GC(104)     Cleared: 0
[28.299s][debug  ][gc,phases,ref  ] GC(104)   FinalReference:
[28.299s][debug  ][gc,phases,ref  ] GC(104)     Discovered: 0
[28.299s][debug  ][gc,phases,ref  ] GC(104)     Cleared: 0
[28.299s][debug  ][gc,phases,ref  ] GC(104)   PhantomReference:
[28.299s][debug  ][gc,phases,ref  ] GC(104)     Discovered: 0
[28.299s][debug  ][gc,phases,ref  ] GC(104)     Cleared: 0
[28.299s][debug  ][gc,phases      ] GC(104) Reference Processing 0.567ms
[28.299s][debug  ][gc,phases,start] GC(104) Weak Processing
[28.299s][debug  ][gc,phases      ] GC(104)   VM Weak                        Min:  0.0, Avg:  0.0, Max:  0.0, Diff:  0.0, Sum:  0.0, Workers: 6
[28.299s][debug  ][gc,phases      ] GC(104)     Dead                           Min: 0, Avg:  0.0, Max: 0, Diff: 0, Sum: 0, Workers: 6
[28.299s][debug  ][gc,phases      ] GC(104)     Total                          Min: 0, Avg:  1.3, Max: 8, Diff: 8, Sum: 8, Workers: 6
[28.299s][debug  ][gc,phases      ] GC(104)   ObjectSynchronizer Weak        Min:  0.0, Avg:  0.0, Max:  0.0, Diff:  0.0, Sum:  0.0, Workers: 6
[28.299s][debug  ][gc,phases      ] GC(104)     Dead                           Min: 0, Avg:  0.0, Max: 0, Diff: 0, Sum: 0, Workers: 6
[28.299s][debug  ][gc,phases      ] GC(104)     Total                          Min: 0, Avg:  0.5, Max: 3, Diff: 3, Sum: 3, Workers: 6
[28.299s][debug  ][gc,phases      ] GC(104)   JVMTI Tag Weak OopStorage      Min:  0.0, Avg:  0.0, Max:  0.0, Diff:  0.0, Sum:  0.0, Workers: 6
[28.299s][debug  ][gc,phases      ] GC(104)     Dead                           Min: 0, Avg:  0.0, Max: 0, Diff: 0, Sum: 0, Workers: 6
[28.299s][debug  ][gc,phases      ] GC(104)     Total                          Min: 0, Avg:  0.0, Max: 0, Diff: 0, Sum: 0, Workers: 6
[28.299s][debug  ][gc,phases      ] GC(104)   StringTable Weak               Min:  0.0, Avg:  0.0, Max:  0.0, Diff:  0.0, Sum:  0.0, Workers: 6
[28.299s][debug  ][gc,phases      ] GC(104)     Dead                           Min: 0, Avg:  0.0, Max: 0, Diff: 0, Sum: 0, Workers: 6
[28.299s][debug  ][gc,phases      ] GC(104)     Total                          Min: 0, Avg: 892.3, Max: 1280, Diff: 1280, Sum: 5354, Workers: 6
[28.299s][debug  ][gc,phases      ] GC(104)   ResolvedMethodTable Weak       Min:  0.0, Avg:  0.0, Max:  0.0, Diff:  0.0, Sum:  0.0, Workers: 6
[28.299s][debug  ][gc,phases      ] GC(104)     Dead                           Min: 0, Avg:  0.0, Max: 0, Diff: 0, Sum: 0, Workers: 6
[28.299s][debug  ][gc,phases      ] GC(104)     Total                          Min: 0, Avg: 21.7, Max: 64, Diff: 64, Sum: 130, Workers: 6
[28.299s][debug  ][gc,phases      ] GC(104)   JNI Weak                       Min:  0.0, Avg:  0.0, Max:  0.0, Diff:  0.0, Sum:  0.0, Workers: 6
[28.299s][debug  ][gc,phases      ] GC(104)     Dead                           Min: 0, Avg:  0.0, Max: 0, Diff: 0, Sum: 0, Workers: 6
[28.299s][debug  ][gc,phases      ] GC(104)     Total                          Min: 0, Avg:  0.0, Max: 0, Diff: 0, Sum: 0, Workers: 6
[28.299s][debug  ][gc,phases      ] GC(104)   StringDedup Table Weak         Min:  0.0, Avg:  0.0, Max:  0.0, Diff:  0.0, Sum:  0.0, Workers: 6
[28.299s][debug  ][gc,phases      ] GC(104)     Dead                           Min: 0, Avg:  0.0, Max: 0, Diff: 0, Sum: 0, Workers: 6
[28.299s][debug  ][gc,phases      ] GC(104)     Total                          Min: 0, Avg:  0.0, Max: 0, Diff: 0, Sum: 0, Workers: 6
[28.299s][debug  ][gc,phases      ] GC(104)   StringDedup Requests0 Weak     Min:  0.0, Avg:  0.0, Max:  0.0, Diff:  0.0, Sum:  0.0, Workers: 6
[28.299s][debug  ][gc,phases      ] GC(104)     Dead                           Min: 0, Avg:  0.0, Max: 0, Diff: 0, Sum: 0, Workers: 6
[28.299s][debug  ][gc,phases      ] GC(104)     Total                          Min: 0, Avg:  0.0, Max: 0, Diff: 0, Sum: 0, Workers: 6
[28.299s][debug  ][gc,phases      ] GC(104)   StringDedup Requests1 Weak     Min:  0.0, Avg:  0.0, Max:  0.0, Diff:  0.0, Sum:  0.0, Workers: 6
[28.299s][debug  ][gc,phases      ] GC(104)     Dead                           Min: 0, Avg:  0.0, Max: 0, Diff: 0, Sum: 0, Workers: 6
[28.299s][debug  ][gc,phases      ] GC(104)     Total                          Min: 0, Avg:  0.0, Max: 0, Diff: 0, Sum: 0, Workers: 6
[28.299s][debug  ][gc,phases      ] GC(104)   Weak JFR Old Object Samples    Min:  0.0, Avg:  0.0, Max:  0.0, Diff:  0.0, Sum:  0.0, Workers: 6
[28.299s][debug  ][gc,phases      ] GC(104)     Dead                           Min: 0, Avg:  0.0, Max: 0, Diff: 0, Sum: 0, Workers: 6
[28.299s][debug  ][gc,phases      ] GC(104)     Total                          Min: 0, Avg:  0.0, Max: 0, Diff: 0, Sum: 0, Workers: 6
[28.299s][debug  ][gc,phases      ] GC(104) Weak Processing 0.673ms
[28.299s][debug  ][gc,ergo        ] GC(104) AdaptiveSizeStart:  collection: 105 
[28.299s][debug  ][gc,ergo        ] GC(104) avg_survived_padded_avg: 36912992.000000
[28.299s][debug  ][gc,ergo        ] GC(104) avg_promoted_padded_avg: 248175408.000000  avg_pretenured_padded_avg: 0.000000  tenuring_thresh: 14  target_size: 37224448
[28.299s][debug  ][gc,age         ] GC(104) Desired survivor size 37224448 bytes, new threshold 14 (max threshold 15)
[28.299s][debug  ][gc,ergo        ] GC(104) PSAdaptiveSizePolicy::compute_eden_space_size limits: desired_eden_size: 210817105 old_eden_size: 193462272 eden_limit: 193986560 cur_eden: 193986560 max_eden_size: 193986560 avg_young_live: 25167840
[28.299s][debug  ][gc,ergo        ] GC(104) PSAdaptiveSizePolicy::compute_eden_space_size: costs minor_time: 0.041880 major_cost: 0.054661 mutator_cost: 0.903459 throughput_goal: 0.990000
[28.299s][debug  ][gc,ergo        ] GC(104) Live_space: 1055059328 free_space: 1420296192
[28.299s][debug  ][gc,ergo        ] GC(104) Old eden_size: 193462272 desired_eden_size: 193986560
[28.300s][debug  ][gc,ergo        ] GC(104) AdaptiveSizeStop: collection: 105 
[28.300s][info   ][gc,heap        ] GC(104) PSYoungGen: 188023K(225792K)->30720K(225792K) Eden: 188023K(189440K)->0K(189440K) From: 0K(36352K)->30720K(36352K)
[28.300s][info   ][gc,heap        ] GC(104) ParOldGen: 912996K(1835008K)->953956K(1835008K)
[28.300s][info   ][gc,metaspace   ] GC(104) Metaspace: 1022K(1216K)->1022K(1216K) NonClass: 938K(1024K)->938K(1024K) Class: 83K(192K)->83K(192K)
[28.300s][info   ][gc             ] GC(104) Pause Young (Allocation Failure) 1075M->961M(2012M) 6.655ms
[28.300s][info   ][gc,cpu         ] GC(104) User=0.00s Sys=0.02s Real=0.01s
[28.300s][debug  ][gc,heap        ] GC(104) Heap after GC invocations=105 (full 17):
[28.300s][debug  ][gc,heap        ] GC(104)  PSYoungGen      total 225792K, used 30720K [0x00000000f0000000, 0x0000000100000000, 0x0000000100000000)
[28.300s][debug  ][gc,heap        ] GC(104)   eden space 189440K, 0% used [0x00000000f0000000,0x00000000f0000000,0x00000000fb900000)
[28.300s][debug  ][gc,heap        ] GC(104)   from space 36352K, 84% used [0x00000000fb900000,0x00000000fd700030,0x00000000fdc80000)
[28.300s][debug  ][gc,heap        ] GC(104)   to   space 36352K, 0% used [0x00000000fdc80000,0x00000000fdc80000,0x0000000100000000)
[28.300s][debug  ][gc,heap        ] GC(104)  ParOldGen       total 1835008K, used 953956K [0x0000000080000000, 0x00000000f0000000, 0x00000000f0000000)
[28.300s][debug  ][gc,heap        ] GC(104)   object space 1835008K, 51% used [0x0000000080000000,0x00000000ba3991a8,0x00000000f0000000)
[28.300s][debug  ][gc,heap        ] GC(104)  Metaspace       used 1022K, committed 1216K, reserved 1056768K
[28.300s][debug  ][gc,heap        ] GC(104)   class space    used 83K, committed 192K, reserved 1048576K
[28.300s][debug  ][gc,task,time   ] GC(104) VM-Thread 282926042 282980641 282998472
[28.596s][debug  ][gc,heap        ] GC(105) Heap before GC invocations=106 (full 17):
[28.596s][debug  ][gc,heap        ] GC(105)  PSYoungGen      total 225792K, used 218675K [0x00000000f0000000, 0x0000000100000000, 0x0000000100000000)
[28.596s][debug  ][gc,heap        ] GC(105)   eden space 189440K, 99% used [0x00000000f0000000,0x00000000fb78cbf0,0x00000000fb900000)
[28.596s][debug  ][gc,heap        ] GC(105)   from space 36352K, 84% used [0x00000000fb900000,0x00000000fd700030,0x00000000fdc80000)
[28.596s][debug  ][gc,heap        ] GC(105)   to   space 36352K, 0% used [0x00000000fdc80000,0x00000000fdc80000,0x0000000100000000)
[28.596s][debug  ][gc,heap        ] GC(105)  ParOldGen       total 1835008K, used 953956K [0x0000000080000000, 0x00000000f0000000, 0x00000000f0000000)
[28.596s][debug  ][gc,heap        ] GC(105)   object space 1835008K, 51% used [0x0000000080000000,0x00000000ba3991a8,0x00000000f0000000)
[28.596s][debug  ][gc,heap        ] GC(105)  Metaspace       used 1022K, committed 1216K, reserved 1056768K
[28.596s][debug  ][gc,heap        ] GC(105)   class space    used 83K, committed 192K, reserved 1048576K
[28.596s][debug  ][gc,tlab        ] GC(105) TLAB totals: thrds: 1  refills: 1 max: 1 slow allocs: 17 max 17 waste: 26.2% gc: 3721936B max: 3721936B slow: 0B max: 0B
[28.596s][info   ][gc,start       ] GC(105) Pause Young (Allocation Failure)
[28.596s][debug  ][gc,phases,start] GC(105) Scavenge
[28.611s][debug  ][gc,phases      ] GC(105) Scavenge 15.112ms
[28.611s][debug  ][gc,phases,start] GC(105) Reference Processing
[28.611s][debug  ][gc,ref         ] GC(105) Skipped phase 1 of Reference Processing: no references
[28.612s][debug  ][gc,ref         ] GC(105) Skipped phase 2 of Reference Processing: no references
[28.612s][debug  ][gc,ref         ] GC(105) Skipped phase 3 of Reference Processing: no references
[28.612s][debug  ][gc,ref         ] GC(105) Skipped phase 4 of Reference Processing: no references
[28.612s][debug  ][gc,phases,ref  ] GC(105) Reference Processing: 0.1ms
[28.612s][debug  ][gc,phases,ref  ] GC(105)   Reconsider SoftReferences: 0.0ms
[28.612s][debug  ][gc,phases,ref  ] GC(105)     SoftRef (ms):                  skipped
[28.612s][debug  ][gc,phases,ref  ] GC(105)   Notify Soft/WeakReferences: 0.0ms
[28.612s][debug  ][gc,phases,ref  ] GC(105)     SoftRef (ms):                  skipped
[28.612s][debug  ][gc,phases,ref  ] GC(105)     WeakRef (ms):                  skipped
[28.612s][debug  ][gc,phases,ref  ] GC(105)     FinalRef (ms):                 skipped
[28.612s][debug  ][gc,phases,ref  ] GC(105)     Total (ms):                    skipped
[28.612s][debug  ][gc,phases,ref  ] GC(105)   Notify and keep alive finalizable: 0.0ms
[28.612s][debug  ][gc,phases,ref  ] GC(105)     FinalRef (ms):                 skipped
[28.612s][debug  ][gc,phases,ref  ] GC(105)   Notify PhantomReferences: 0.0ms
[28.612s][debug  ][gc,phases,ref  ] GC(105)     PhantomRef (ms):               skipped
[28.612s][debug  ][gc,phases,ref  ] GC(105)   SoftReference:
[28.612s][debug  ][gc,phases,ref  ] GC(105)     Discovered: 0
[28.612s][debug  ][gc,phases,ref  ] GC(105)     Cleared: 0
[28.612s][debug  ][gc,phases,ref  ] GC(105)   WeakReference:
[28.612s][debug  ][gc,phases,ref  ] GC(105)     Discovered: 0
[28.612s][debug  ][gc,phases,ref  ] GC(105)     Cleared: 0
[28.612s][debug  ][gc,phases,ref  ] GC(105)   FinalReference:
[28.612s][debug  ][gc,phases,ref  ] GC(105)     Discovered: 0
[28.612s][debug  ][gc,phases,ref  ] GC(105)     Cleared: 0
[28.612s][debug  ][gc,phases,ref  ] GC(105)   PhantomReference:
[28.612s][debug  ][gc,phases,ref  ] GC(105)     Discovered: 0
[28.612s][debug  ][gc,phases,ref  ] GC(105)     Cleared: 0
[28.612s][debug  ][gc,phases      ] GC(105) Reference Processing 0.677ms
[28.612s][debug  ][gc,phases,start] GC(105) Weak Processing
[28.612s][debug  ][gc,phases      ] GC(105)   VM Weak                        Min:  0.0, Avg:  0.0, Max:  0.0, Diff:  0.0, Sum:  0.0, Workers: 6
[28.612s][debug  ][gc,phases      ] GC(105)     Dead                           Min: 0, Avg:  0.0, Max: 0, Diff: 0, Sum: 0, Workers: 6
[28.612s][debug  ][gc,phases      ] GC(105)     Total                          Min: 0, Avg:  1.3, Max: 8, Diff: 8, Sum: 8, Workers: 6
[28.612s][debug  ][gc,phases      ] GC(105)   ObjectSynchronizer Weak        Min:  0.0, Avg:  0.0, Max:  0.0, Diff:  0.0, Sum:  0.0, Workers: 6
[28.612s][debug  ][gc,phases      ] GC(105)     Dead                           Min: 0, Avg:  0.0, Max: 0, Diff: 0, Sum: 0, Workers: 6
[28.612s][debug  ][gc,phases      ] GC(105)     Total                          Min: 0, Avg:  0.5, Max: 3, Diff: 3, Sum: 3, Workers: 6
[28.612s][debug  ][gc,phases      ] GC(105)   JVMTI Tag Weak OopStorage      Min:  0.0, Avg:  0.0, Max:  0.0, Diff:  0.0, Sum:  0.0, Workers: 6
[28.612s][debug  ][gc,phases      ] GC(105)     Dead                           Min: 0, Avg:  0.0, Max: 0, Diff: 0, Sum: 0, Workers: 6
[28.612s][debug  ][gc,phases      ] GC(105)     Total                          Min: 0, Avg:  0.0, Max: 0, Diff: 0, Sum: 0, Workers: 6
[28.612s][debug  ][gc,phases      ] GC(105)   StringTable Weak               Min:  0.0, Avg:  0.0, Max:  0.0, Diff:  0.0, Sum:  0.0, Workers: 6
[28.612s][debug  ][gc,phases      ] GC(105)     Dead                           Min: 0, Avg:  0.0, Max: 0, Diff: 0, Sum: 0, Workers: 6
[28.613s][debug  ][gc,phases      ] GC(105)     Total                          Min: 639, Avg: 892.3, Max: 1088, Diff: 449, Sum: 5354, Workers: 6
[28.613s][debug  ][gc,phases      ] GC(105)   ResolvedMethodTable Weak       Min:  0.0, Avg:  0.0, Max:  0.0, Diff:  0.0, Sum:  0.0, Workers: 6
[28.613s][debug  ][gc,phases      ] GC(105)     Dead                           Min: 0, Avg:  0.0, Max: 0, Diff: 0, Sum: 0, Workers: 6
[28.613s][debug  ][gc,phases      ] GC(105)     Total                          Min: 0, Avg: 21.7, Max: 64, Diff: 64, Sum: 130, Workers: 6
[28.613s][debug  ][gc,phases      ] GC(105)   JNI Weak                       Min:  0.0, Avg:  0.0, Max:  0.0, Diff:  0.0, Sum:  0.0, Workers: 6
[28.613s][debug  ][gc,phases      ] GC(105)     Dead                           Min: 0, Avg:  0.0, Max: 0, Diff: 0, Sum: 0, Workers: 6
[28.613s][debug  ][gc,phases      ] GC(105)     Total                          Min: 0, Avg:  0.0, Max: 0, Diff: 0, Sum: 0, Workers: 6
[28.613s][debug  ][gc,phases      ] GC(105)   StringDedup Table Weak         Min:  0.0, Avg:  0.0, Max:  0.0, Diff:  0.0, Sum:  0.0, Workers: 6
[28.613s][debug  ][gc,phases      ] GC(105)     Dead                           Min: 0, Avg:  0.0, Max: 0, Diff: 0, Sum: 0, Workers: 6
[28.613s][debug  ][gc,phases      ] GC(105)     Total                          Min: 0, Avg:  0.0, Max: 0, Diff: 0, Sum: 0, Workers: 6
[28.613s][debug  ][gc,phases      ] GC(105)   StringDedup Requests0 Weak     Min:  0.0, Avg:  0.0, Max:  0.0, Diff:  0.0, Sum:  0.0, Workers: 6
[28.613s][debug  ][gc,phases      ] GC(105)     Dead                           Min: 0, Avg:  0.0, Max: 0, Diff: 0, Sum: 0, Workers: 6
[28.613s][debug  ][gc,phases      ] GC(105)     Total                          Min: 0, Avg:  0.0, Max: 0, Diff: 0, Sum: 0, Workers: 6
[28.613s][debug  ][gc,phases      ] GC(105)   StringDedup Requests1 Weak     Min:  0.0, Avg:  0.0, Max:  0.0, Diff:  0.0, Sum:  0.0, Workers: 6
[28.613s][debug  ][gc,phases      ] GC(105)     Dead                           Min: 0, Avg:  0.0, Max: 0, Diff: 0, Sum: 0, Workers: 6
[28.613s][debug  ][gc,phases      ] GC(105)     Total                          Min: 0, Avg:  0.0, Max: 0, Diff: 0, Sum: 0, Workers: 6
[28.613s][debug  ][gc,phases      ] GC(105)   Weak JFR Old Object Samples    Min:  0.0, Avg:  0.0, Max:  0.0, Diff:  0.0, Sum:  0.0, Workers: 6
[28.613s][debug  ][gc,phases      ] GC(105)     Dead                           Min: 0, Avg:  0.0, Max: 0, Diff: 0, Sum: 0, Workers: 6
[28.613s][debug  ][gc,phases      ] GC(105)     Total                          Min: 0, Avg:  0.0, Max: 0, Diff: 0, Sum: 0, Workers: 6
[28.613s][debug  ][gc,phases      ] GC(105) Weak Processing 0.761ms
[28.613s][debug  ][gc,ergo        ] GC(105) AdaptiveSizeStart:  collection: 106 
[28.613s][debug  ][gc,ergo        ] GC(105) avg_survived_padded_avg: 36632328.000000
[28.613s][debug  ][gc,ergo        ] GC(105) avg_promoted_padded_avg: 253167408.000000  avg_pretenured_padded_avg: 0.000000  tenuring_thresh: 15  target_size: 36700160
[28.613s][debug  ][gc,age         ] GC(105) Desired survivor size 36700160 bytes, new threshold 15 (max threshold 15)
[28.613s][debug  ][gc,ergo        ] GC(105) PSAdaptiveSizePolicy::compute_eden_space_size limits: desired_eden_size: 211443861 old_eden_size: 193986560 eden_limit: 193986560 cur_eden: 193986560 max_eden_size: 193986560 avg_young_live: 25796788
[28.613s][debug  ][gc,ergo        ] GC(105) PSAdaptiveSizePolicy::compute_eden_space_size: costs minor_time: 0.044716 major_cost: 0.054661 mutator_cost: 0.900623 throughput_goal: 0.990000
[28.613s][debug  ][gc,ergo        ] GC(105) Live_space: 1055688256 free_space: 1420820480
[28.613s][debug  ][gc,ergo        ] GC(105) Old eden_size: 193986560 desired_eden_size: 193986560
[28.613s][debug  ][gc,ergo        ] GC(105) AdaptiveSizeStop: collection: 106 
[28.613s][info   ][gc,heap        ] GC(105) PSYoungGen: 218675K(225792K)->30720K(226304K) Eden: 187954K(189440K)->0K(189952K) From: 30720K(36352K)->30720K(36352K)
[28.613s][info   ][gc,heap        ] GC(105) ParOldGen: 953956K(1835008K)->1138276K(1835008K)
[28.613s][info   ][gc,metaspace   ] GC(105) Metaspace: 1022K(1216K)->1022K(1216K) NonClass: 938K(1024K)->938K(1024K) Class: 83K(192K)->83K(192K)
[28.613s][info   ][gc             ] GC(105) Pause Young (Allocation Failure) 1145M->1141M(2013M) 17.028ms
[28.613s][info   ][gc,cpu         ] GC(105) User=0.11s Sys=0.00s Real=0.02s
[28.613s][debug  ][gc,heap        ] GC(105) Heap after GC invocations=106 (full 17):
[28.613s][debug  ][gc,heap        ] GC(105)  PSYoungGen      total 226304K, used 30720K [0x00000000f0000000, 0x0000000100000000, 0x0000000100000000)
[28.613s][debug  ][gc,heap        ] GC(105)   eden space 189952K, 0% used [0x00000000f0000000,0x00000000f0000000,0x00000000fb980000)
[28.613s][debug  ][gc,heap        ] GC(105)   from space 36352K, 84% used [0x00000000fdc80000,0x00000000ffa80030,0x0000000100000000)
[28.613s][debug  ][gc,heap        ] GC(105)   to   space 35840K, 0% used [0x00000000fb980000,0x00000000fb980000,0x00000000fdc80000)
[28.613s][debug  ][gc,heap        ] GC(105)  ParOldGen       total 1835008K, used 1138276K [0x0000000080000000, 0x00000000f0000000, 0x00000000f0000000)
[28.613s][debug  ][gc,heap        ] GC(105)   object space 1835008K, 62% used [0x0000000080000000,0x00000000c57992c8,0x00000000f0000000)
[28.613s][debug  ][gc,heap        ] GC(105)  Metaspace       used 1022K, committed 1216K, reserved 1056768K
[28.613s][debug  ][gc,heap        ] GC(105)   class space    used 83K, committed 192K, reserved 1048576K
[28.613s][debug  ][gc,task,time   ] GC(105) VM-Thread 285957472 286114533 286134630
[28.898s][debug  ][gc,heap        ] GC(106) Heap before GC invocations=107 (full 17):
[28.898s][debug  ][gc,heap        ] GC(106)  PSYoungGen      total 226304K, used 218713K [0x00000000f0000000, 0x0000000100000000, 0x0000000100000000)
[28.898s][debug  ][gc,heap        ] GC(106)   eden space 189952K, 98% used [0x00000000f0000000,0x00000000fb7964b8,0x00000000fb980000)
[28.898s][debug  ][gc,heap        ] GC(106)   from space 36352K, 84% used [0x00000000fdc80000,0x00000000ffa80030,0x0000000100000000)
[28.898s][debug  ][gc,heap        ] GC(106)   to   space 35840K, 0% used [0x00000000fb980000,0x00000000fb980000,0x00000000fdc80000)
[28.898s][debug  ][gc,heap        ] GC(106)  ParOldGen       total 1835008K, used 1138276K [0x0000000080000000, 0x00000000f0000000, 0x00000000f0000000)
[28.898s][debug  ][gc,heap        ] GC(106)   object space 1835008K, 62% used [0x0000000080000000,0x00000000c57992c8,0x00000000f0000000)
[28.898s][debug  ][gc,heap        ] GC(106)  Metaspace       used 1022K, committed 1216K, reserved 1056768K
[28.898s][debug  ][gc,heap        ] GC(106)   class space    used 83K, committed 192K, reserved 1048576K
[28.898s][debug  ][gc,tlab        ] GC(106) TLAB totals: thrds: 1  refills: 1 max: 1 slow allocs: 17 max 17 waste: 26.4% gc: 3761048B max: 3761048B slow: 0B max: 0B
[28.898s][info   ][gc,start       ] GC(106) Pause Young (Allocation Failure)
[28.898s][debug  ][gc,phases,start] GC(106) Scavenge
[28.914s][debug  ][gc,phases      ] GC(106) Scavenge 15.420ms
[28.914s][debug  ][gc,phases,start] GC(106) Reference Processing
[28.914s][debug  ][gc,ref         ] GC(106) Skipped phase 1 of Reference Processing: no references
[28.914s][debug  ][gc,ref         ] GC(106) Skipped phase 2 of Reference Processing: no references
[28.914s][debug  ][gc,ref         ] GC(106) Skipped phase 3 of Reference Processing: no references
[28.914s][debug  ][gc,ref         ] GC(106) Skipped phase 4 of Reference Processing: no references
[28.914s][debug  ][gc,phases,ref  ] GC(106) Reference Processing: 0.1ms
[28.914s][debug  ][gc,phases,ref  ] GC(106)   Reconsider SoftReferences: 0.0ms
[28.914s][debug  ][gc,phases,ref  ] GC(106)     SoftRef (ms):                  skipped
[28.914s][debug  ][gc,phases,ref  ] GC(106)   Notify Soft/WeakReferences: 0.0ms
[28.914s][debug  ][gc,phases,ref  ] GC(106)     SoftRef (ms):                  skipped
[28.914s][debug  ][gc,phases,ref  ] GC(106)     WeakRef (ms):                  skipped
[28.914s][debug  ][gc,phases,ref  ] GC(106)     FinalRef (ms):                 skipped
[28.914s][debug  ][gc,phases,ref  ] GC(106)     Total (ms):                    skipped
[28.914s][debug  ][gc,phases,ref  ] GC(106)   Notify and keep alive finalizable: 0.0ms
[28.914s][debug  ][gc,phases,ref  ] GC(106)     FinalRef (ms):                 skipped
[28.914s][debug  ][gc,phases,ref  ] GC(106)   Notify PhantomReferences: 0.0ms
[28.914s][debug  ][gc,phases,ref  ] GC(106)     PhantomRef (ms):               skipped
[28.914s][debug  ][gc,phases,ref  ] GC(106)   SoftReference:
[28.914s][debug  ][gc,phases,ref  ] GC(106)     Discovered: 0
[28.914s][debug  ][gc,phases,ref  ] GC(106)     Cleared: 0
[28.914s][debug  ][gc,phases,ref  ] GC(106)   WeakReference:
[28.914s][debug  ][gc,phases,ref  ] GC(106)     Discovered: 0
[28.914s][debug  ][gc,phases,ref  ] GC(106)     Cleared: 0
[28.914s][debug  ][gc,phases,ref  ] GC(106)   FinalReference:
[28.914s][debug  ][gc,phases,ref  ] GC(106)     Discovered: 0
[28.914s][debug  ][gc,phases,ref  ] GC(106)     Cleared: 0
[28.915s][debug  ][gc,phases,ref  ] GC(106)   PhantomReference:
[28.915s][debug  ][gc,phases,ref  ] GC(106)     Discovered: 0
[28.915s][debug  ][gc,phases,ref  ] GC(106)     Cleared: 0
[28.915s][debug  ][gc,phases      ] GC(106) Reference Processing 0.683ms
[28.915s][debug  ][gc,phases,start] GC(106) Weak Processing
[28.915s][debug  ][gc,phases      ] GC(106)   VM Weak                        Min:  0.0, Avg:  0.0, Max:  0.0, Diff:  0.0, Sum:  0.0, Workers: 6
[28.915s][debug  ][gc,phases      ] GC(106)     Dead                           Min: 0, Avg:  0.0, Max: 0, Diff: 0, Sum: 0, Workers: 6
[28.915s][debug  ][gc,phases      ] GC(106)     Total                          Min: 0, Avg:  1.3, Max: 8, Diff: 8, Sum: 8, Workers: 6
[28.915s][debug  ][gc,phases      ] GC(106)   ObjectSynchronizer Weak        Min:  0.0, Avg:  0.0, Max:  0.0, Diff:  0.0, Sum:  0.0, Workers: 6
[28.915s][debug  ][gc,phases      ] GC(106)     Dead                           Min: 0, Avg:  0.0, Max: 0, Diff: 0, Sum: 0, Workers: 6
[28.915s][debug  ][gc,phases      ] GC(106)     Total                          Min: 0, Avg:  0.5, Max: 3, Diff: 3, Sum: 3, Workers: 6
[28.915s][debug  ][gc,phases      ] GC(106)   JVMTI Tag Weak OopStorage      Min:  0.0, Avg:  0.0, Max:  0.0, Diff:  0.0, Sum:  0.0, Workers: 6
[28.915s][debug  ][gc,phases      ] GC(106)     Dead                           Min: 0, Avg:  0.0, Max: 0, Diff: 0, Sum: 0, Workers: 6
[28.915s][debug  ][gc,phases      ] GC(106)     Total                          Min: 0, Avg:  0.0, Max: 0, Diff: 0, Sum: 0, Workers: 6
[28.915s][debug  ][gc,phases      ] GC(106)   StringTable Weak               Min:  0.0, Avg:  0.0, Max:  0.0, Diff:  0.0, Sum:  0.0, Workers: 6
[28.915s][debug  ][gc,phases      ] GC(106)     Dead                           Min: 0, Avg:  0.0, Max: 0, Diff: 0, Sum: 0, Workers: 6
[28.915s][debug  ][gc,phases      ] GC(106)     Total                          Min: 767, Avg: 892.3, Max: 960, Diff: 193, Sum: 5354, Workers: 6
[28.915s][debug  ][gc,phases      ] GC(106)   ResolvedMethodTable Weak       Min:  0.0, Avg:  0.0, Max:  0.0, Diff:  0.0, Sum:  0.0, Workers: 6
[28.915s][debug  ][gc,phases      ] GC(106)     Dead                           Min: 0, Avg:  0.0, Max: 0, Diff: 0, Sum: 0, Workers: 6
[28.915s][debug  ][gc,phases      ] GC(106)     Total                          Min: 0, Avg: 21.7, Max: 64, Diff: 64, Sum: 130, Workers: 6
[28.915s][debug  ][gc,phases      ] GC(106)   JNI Weak                       Min:  0.0, Avg:  0.0, Max:  0.0, Diff:  0.0, Sum:  0.0, Workers: 6
[28.915s][debug  ][gc,phases      ] GC(106)     Dead                           Min: 0, Avg:  0.0, Max: 0, Diff: 0, Sum: 0, Workers: 6
[28.915s][debug  ][gc,phases      ] GC(106)     Total                          Min: 0, Avg:  0.0, Max: 0, Diff: 0, Sum: 0, Workers: 6
[28.915s][debug  ][gc,phases      ] GC(106)   StringDedup Table Weak         Min:  0.0, Avg:  0.0, Max:  0.0, Diff:  0.0, Sum:  0.0, Workers: 6
[28.915s][debug  ][gc,phases      ] GC(106)     Dead                           Min: 0, Avg:  0.0, Max: 0, Diff: 0, Sum: 0, Workers: 6
[28.915s][debug  ][gc,phases      ] GC(106)     Total                          Min: 0, Avg:  0.0, Max: 0, Diff: 0, Sum: 0, Workers: 6
[28.915s][debug  ][gc,phases      ] GC(106)   StringDedup Requests0 Weak     Min:  0.0, Avg:  0.0, Max:  0.0, Diff:  0.0, Sum:  0.0, Workers: 6
[28.915s][debug  ][gc,phases      ] GC(106)     Dead                           Min: 0, Avg:  0.0, Max: 0, Diff: 0, Sum: 0, Workers: 6
[28.915s][debug  ][gc,phases      ] GC(106)     Total                          Min: 0, Avg:  0.0, Max: 0, Diff: 0, Sum: 0, Workers: 6
[28.915s][debug  ][gc,phases      ] GC(106)   StringDedup Requests1 Weak     Min:  0.0, Avg:  0.0, Max:  0.0, Diff:  0.0, Sum:  0.0, Workers: 6
[28.915s][debug  ][gc,phases      ] GC(106)     Dead                           Min: 0, Avg:  0.0, Max: 0, Diff: 0, Sum: 0, Workers: 6
[28.915s][debug  ][gc,phases      ] GC(106)     Total                          Min: 0, Avg:  0.0, Max: 0, Diff: 0, Sum: 0, Workers: 6
[28.915s][debug  ][gc,phases      ] GC(106)   Weak JFR Old Object Samples    Min:  0.0, Avg:  0.0, Max:  0.0, Diff:  0.0, Sum:  0.0, Workers: 6
[28.915s][debug  ][gc,phases      ] GC(106)     Dead                           Min: 0, Avg:  0.0, Max: 0, Diff: 0, Sum: 0, Workers: 6
[28.915s][debug  ][gc,phases      ] GC(106)     Total                          Min: 0, Avg:  0.0, Max: 0, Diff: 0, Sum: 0, Workers: 6
[28.915s][debug  ][gc,phases      ] GC(106) Weak Processing 0.754ms
[28.915s][debug  ][gc,ergo        ] GC(106) AdaptiveSizeStart:  collection: 107 
[28.915s][debug  ][gc,ergo        ] GC(106) avg_survived_padded_avg: 36353240.000000
[28.915s][debug  ][gc,ergo        ] GC(106) avg_promoted_padded_avg: 256566704.000000  avg_pretenured_padded_avg: 0.000000  tenuring_thresh: 15  target_size: 36700160
[28.915s][debug  ][gc,age         ] GC(106) Desired survivor size 36700160 bytes, new threshold 15 (max threshold 15)
[28.915s][debug  ][gc,ergo        ] GC(106) PSAdaptiveSizePolicy::compute_eden_space_size limits: desired_eden_size: 212810450 old_eden_size: 193986560 eden_limit: 194510848 cur_eden: 194510848 max_eden_size: 194510848 avg_young_live: 26362840
[28.915s][debug  ][gc,ergo        ] GC(106) PSAdaptiveSizePolicy::compute_eden_space_size: costs minor_time: 0.047582 major_cost: 0.054661 mutator_cost: 0.897757 throughput_goal: 0.990000
[28.916s][debug  ][gc,ergo        ] GC(106) Live_space: 1056254336 free_space: 1420820480
[28.916s][debug  ][gc,ergo        ] GC(106) Old eden_size: 193986560 desired_eden_size: 194510848
[28.916s][debug  ][gc,ergo        ] GC(106) AdaptiveSizeStop: collection: 107 
[28.916s][info   ][gc,heap        ] GC(106) PSYoungGen: 218713K(226304K)->30720K(225792K) Eden: 187993K(189952K)->0K(189952K) From: 30720K(36352K)->30720K(35840K)
[28.916s][info   ][gc,heap        ] GC(106) ParOldGen: 1138276K(1835008K)->1322596K(1835008K)
[28.916s][info   ][gc,metaspace   ] GC(106) Metaspace: 1022K(1216K)->1022K(1216K) NonClass: 938K(1024K)->938K(1024K) Class: 83K(192K)->83K(192K)
[28.916s][info   ][gc             ] GC(106) Pause Young (Allocation Failure) 1325M->1321M(2012M) 17.338ms
[28.916s][info   ][gc,cpu         ] GC(106) User=0.19s Sys=0.00s Real=0.02s
[28.916s][debug  ][gc,heap        ] GC(106) Heap after GC invocations=107 (full 17):
[28.916s][debug  ][gc,heap        ] GC(106)  PSYoungGen      total 225792K, used 30720K [0x00000000f0000000, 0x0000000100000000, 0x0000000100000000)
[28.916s][debug  ][gc,heap        ] GC(106)   eden space 189952K, 0% used [0x00000000f0000000,0x00000000f0000000,0x00000000fb980000)
[28.916s][debug  ][gc,heap        ] GC(106)   from space 35840K, 85% used [0x00000000fb980000,0x00000000fd780030,0x00000000fdc80000)
[28.916s][debug  ][gc,heap        ] GC(106)   to   space 35840K, 0% used [0x00000000fdd00000,0x00000000fdd00000,0x0000000100000000)
[28.916s][debug  ][gc,heap        ] GC(106)  ParOldGen       total 1835008K, used 1322596K [0x0000000080000000, 0x00000000f0000000, 0x00000000f0000000)
[28.916s][debug  ][gc,heap        ] GC(106)   object space 1835008K, 72% used [0x0000000080000000,0x00000000d0b993e8,0x00000000f0000000)
[28.916s][debug  ][gc,heap        ] GC(106)  Metaspace       used 1022K, committed 1216K, reserved 1056768K
[28.916s][debug  ][gc,heap        ] GC(106)   class space    used 83K, committed 192K, reserved 1048576K
[28.916s][debug  ][gc,task,time   ] GC(106) VM-Thread 288978507 289138915 289159112
[29.199s][debug  ][gc,heap        ] GC(107) Heap before GC invocations=108 (full 17):
[29.199s][debug  ][gc,heap        ] GC(107)  PSYoungGen      total 225792K, used 218731K [0x00000000f0000000, 0x0000000100000000, 0x0000000100000000)
[29.199s][debug  ][gc,heap        ] GC(107)   eden space 189952K, 98% used [0x00000000f0000000,0x00000000fb79ad68,0x00000000fb980000)
[29.199s][debug  ][gc,heap        ] GC(107)   from space 35840K, 85% used [0x00000000fb980000,0x00000000fd780030,0x00000000fdc80000)
[29.199s][debug  ][gc,heap        ] GC(107)   to   space 35840K, 0% used [0x00000000fdd00000,0x00000000fdd00000,0x0000000100000000)
[29.199s][debug  ][gc,heap        ] GC(107)  ParOldGen       total 1835008K, used 1322596K [0x0000000080000000, 0x00000000f0000000, 0x00000000f0000000)
[29.199s][debug  ][gc,heap        ] GC(107)   object space 1835008K, 72% used [0x0000000080000000,0x00000000d0b993e8,0x00000000f0000000)
[29.199s][debug  ][gc,heap        ] GC(107)  Metaspace       used 1022K, committed 1216K, reserved 1056768K
[29.199s][debug  ][gc,heap        ] GC(107)   class space    used 83K, committed 192K, reserved 1048576K
[29.199s][debug  ][gc,tlab        ] GC(107) TLAB totals: thrds: 1  refills: 1 max: 1 slow allocs: 17 max 17 waste: 26.5% gc: 3779656B max: 3779656B slow: 0B max: 0B
[29.199s][info   ][gc,start       ] GC(107) Pause Young (Allocation Failure)
[29.199s][debug  ][gc,phases,start] GC(107) Scavenge
[29.215s][debug  ][gc,phases      ] GC(107) Scavenge 15.348ms
[29.215s][debug  ][gc,phases,start] GC(107) Reference Processing
[29.215s][debug  ][gc,ref         ] GC(107) Skipped phase 1 of Reference Processing: no references
[29.215s][debug  ][gc,ref         ] GC(107) Skipped phase 2 of Reference Processing: no references
[29.215s][debug  ][gc,ref         ] GC(107) Skipped phase 3 of Reference Processing: no references
[29.215s][debug  ][gc,ref         ] GC(107) Skipped phase 4 of Reference Processing: no references
[29.215s][debug  ][gc,phases,ref  ] GC(107) Reference Processing: 0.1ms
[29.215s][debug  ][gc,phases,ref  ] GC(107)   Reconsider SoftReferences: 0.0ms
[29.215s][debug  ][gc,phases,ref  ] GC(107)     SoftRef (ms):                  skipped
[29.215s][debug  ][gc,phases,ref  ] GC(107)   Notify Soft/WeakReferences: 0.0ms
[29.215s][debug  ][gc,phases,ref  ] GC(107)     SoftRef (ms):                  skipped
[29.215s][debug  ][gc,phases,ref  ] GC(107)     WeakRef (ms):                  skipped
[29.215s][debug  ][gc,phases,ref  ] GC(107)     FinalRef (ms):                 skipped
[29.215s][debug  ][gc,phases,ref  ] GC(107)     Total (ms):                    skipped
[29.215s][debug  ][gc,phases,ref  ] GC(107)   Notify and keep alive finalizable: 0.0ms
[29.215s][debug  ][gc,phases,ref  ] GC(107)     FinalRef (ms):                 skipped
[29.215s][debug  ][gc,phases,ref  ] GC(107)   Notify PhantomReferences: 0.0ms
[29.215s][debug  ][gc,phases,ref  ] GC(107)     PhantomRef (ms):               skipped
[29.215s][debug  ][gc,phases,ref  ] GC(107)   SoftReference:
[29.215s][debug  ][gc,phases,ref  ] GC(107)     Discovered: 0
[29.215s][debug  ][gc,phases,ref  ] GC(107)     Cleared: 0
[29.215s][debug  ][gc,phases,ref  ] GC(107)   WeakReference:
[29.215s][debug  ][gc,phases,ref  ] GC(107)     Discovered: 0
[29.215s][debug  ][gc,phases,ref  ] GC(107)     Cleared: 0
[29.215s][debug  ][gc,phases,ref  ] GC(107)   FinalReference:
[29.215s][debug  ][gc,phases,ref  ] GC(107)     Discovered: 0
[29.215s][debug  ][gc,phases,ref  ] GC(107)     Cleared: 0
[29.216s][debug  ][gc,phases,ref  ] GC(107)   PhantomReference:
[29.216s][debug  ][gc,phases,ref  ] GC(107)     Discovered: 0
[29.216s][debug  ][gc,phases,ref  ] GC(107)     Cleared: 0
[29.216s][debug  ][gc,phases      ] GC(107) Reference Processing 0.676ms
[29.216s][debug  ][gc,phases,start] GC(107) Weak Processing
[29.216s][debug  ][gc,phases      ] GC(107)   VM Weak                        Min:  0.0, Avg:  0.0, Max:  0.0, Diff:  0.0, Sum:  0.0, Workers: 6
[29.216s][debug  ][gc,phases      ] GC(107)     Dead                           Min: 0, Avg:  0.0, Max: 0, Diff: 0, Sum: 0, Workers: 6
[29.216s][debug  ][gc,phases      ] GC(107)     Total                          Min: 0, Avg:  1.3, Max: 8, Diff: 8, Sum: 8, Workers: 6
[29.216s][debug  ][gc,phases      ] GC(107)   ObjectSynchronizer Weak        Min:  0.0, Avg:  0.0, Max:  0.0, Diff:  0.0, Sum:  0.0, Workers: 6
[29.216s][debug  ][gc,phases      ] GC(107)     Dead                           Min: 0, Avg:  0.0, Max: 0, Diff: 0, Sum: 0, Workers: 6
[29.216s][debug  ][gc,phases      ] GC(107)     Total                          Min: 0, Avg:  0.5, Max: 3, Diff: 3, Sum: 3, Workers: 6
[29.216s][debug  ][gc,phases      ] GC(107)   JVMTI Tag Weak OopStorage      Min:  0.0, Avg:  0.0, Max:  0.0, Diff:  0.0, Sum:  0.0, Workers: 6
[29.216s][debug  ][gc,phases      ] GC(107)     Dead                           Min: 0, Avg:  0.0, Max: 0, Diff: 0, Sum: 0, Workers: 6
[29.216s][debug  ][gc,phases      ] GC(107)     Total                          Min: 0, Avg:  0.0, Max: 0, Diff: 0, Sum: 0, Workers: 6
[29.216s][debug  ][gc,phases      ] GC(107)   StringTable Weak               Min:  0.0, Avg:  0.0, Max:  0.0, Diff:  0.0, Sum:  0.0, Workers: 6
[29.216s][debug  ][gc,phases      ] GC(107)     Dead                           Min: 0, Avg:  0.0, Max: 0, Diff: 0, Sum: 0, Workers: 6
[29.216s][debug  ][gc,phases      ] GC(107)     Total                          Min: 704, Avg: 892.3, Max: 1088, Diff: 384, Sum: 5354, Workers: 6
[29.216s][debug  ][gc,phases      ] GC(107)   ResolvedMethodTable Weak       Min:  0.0, Avg:  0.0, Max:  0.0, Diff:  0.0, Sum:  0.0, Workers: 6
[29.216s][debug  ][gc,phases      ] GC(107)     Dead                           Min: 0, Avg:  0.0, Max: 0, Diff: 0, Sum: 0, Workers: 6
[29.216s][debug  ][gc,phases      ] GC(107)     Total                          Min: 0, Avg: 21.7, Max: 64, Diff: 64, Sum: 130, Workers: 6
[29.216s][debug  ][gc,phases      ] GC(107)   JNI Weak                       Min:  0.0, Avg:  0.0, Max:  0.0, Diff:  0.0, Sum:  0.0, Workers: 6
[29.216s][debug  ][gc,phases      ] GC(107)     Dead                           Min: 0, Avg:  0.0, Max: 0, Diff: 0, Sum: 0, Workers: 6
[29.216s][debug  ][gc,phases      ] GC(107)     Total                          Min: 0, Avg:  0.0, Max: 0, Diff: 0, Sum: 0, Workers: 6
[29.216s][debug  ][gc,phases      ] GC(107)   StringDedup Table Weak         Min:  0.0, Avg:  0.0, Max:  0.0, Diff:  0.0, Sum:  0.0, Workers: 6
[29.216s][debug  ][gc,phases      ] GC(107)     Dead                           Min: 0, Avg:  0.0, Max: 0, Diff: 0, Sum: 0, Workers: 6
[29.216s][debug  ][gc,phases      ] GC(107)     Total                          Min: 0, Avg:  0.0, Max: 0, Diff: 0, Sum: 0, Workers: 6
[29.216s][debug  ][gc,phases      ] GC(107)   StringDedup Requests0 Weak     Min:  0.0, Avg:  0.0, Max:  0.0, Diff:  0.0, Sum:  0.0, Workers: 6
[29.216s][debug  ][gc,phases      ] GC(107)     Dead                           Min: 0, Avg:  0.0, Max: 0, Diff: 0, Sum: 0, Workers: 6
[29.216s][debug  ][gc,phases      ] GC(107)     Total                          Min: 0, Avg:  0.0, Max: 0, Diff: 0, Sum: 0, Workers: 6
[29.216s][debug  ][gc,phases      ] GC(107)   StringDedup Requests1 Weak     Min:  0.0, Avg:  0.0, Max:  0.0, Diff:  0.0, Sum:  0.0, Workers: 6
[29.216s][debug  ][gc,phases      ] GC(107)     Dead                           Min: 0, Avg:  0.0, Max: 0, Diff: 0, Sum: 0, Workers: 6
[29.216s][debug  ][gc,phases      ] GC(107)     Total                          Min: 0, Avg:  0.0, Max: 0, Diff: 0, Sum: 0, Workers: 6
[29.216s][debug  ][gc,phases      ] GC(107)   Weak JFR Old Object Samples    Min:  0.0, Avg:  0.0, Max:  0.0, Diff:  0.0, Sum:  0.0, Workers: 6
[29.216s][debug  ][gc,phases      ] GC(107)     Dead                           Min: 0, Avg:  0.0, Max: 0, Diff: 0, Sum: 0, Workers: 6
[29.216s][debug  ][gc,phases      ] GC(107)     Total                          Min: 0, Avg:  0.0, Max: 0, Diff: 0, Sum: 0, Workers: 6
[29.216s][debug  ][gc,phases      ] GC(107) Weak Processing 0.739ms
[29.216s][debug  ][gc,ergo        ] GC(107) AdaptiveSizeStart:  collection: 108 
[29.216s][debug  ][gc,ergo        ] GC(107) avg_survived_padded_avg: 36078220.000000
[29.216s][debug  ][gc,ergo        ] GC(107) avg_promoted_padded_avg: 258641888.000000  avg_pretenured_padded_avg: 0.000000  tenuring_thresh: 15  target_size: 36175872
[29.216s][debug  ][gc,age         ] GC(107) Desired survivor size 36175872 bytes, new threshold 15 (max threshold 15)
[29.216s][debug  ][gc,ergo        ] GC(107) PSAdaptiveSizePolicy::compute_eden_space_size limits: desired_eden_size: 213238554 old_eden_size: 194510848 eden_limit: 195035136 cur_eden: 194510848 max_eden_size: 195035136 avg_young_live: 26872288
[29.216s][debug  ][gc,ergo        ] GC(107) PSAdaptiveSizePolicy::compute_eden_space_size: costs minor_time: 0.049708 major_cost: 0.054661 mutator_cost: 0.895631 throughput_goal: 0.990000
[29.216s][debug  ][gc,ergo        ] GC(107) Live_space: 1056763776 free_space: 1421344768
[29.217s][debug  ][gc,ergo        ] GC(107) Old eden_size: 194510848 desired_eden_size: 195035136
[29.217s][debug  ][gc,ergo        ] GC(107) AdaptiveSizeStop: collection: 108 
[29.217s][info   ][gc,heap        ] GC(107) PSYoungGen: 218731K(225792K)->30720K(226816K) Eden: 188011K(189952K)->0K(190976K) From: 30720K(35840K)->30720K(35840K)
[29.217s][info   ][gc,heap        ] GC(107) ParOldGen: 1322596K(1835008K)->1506917K(1835008K)
[29.217s][info   ][gc,metaspace   ] GC(107) Metaspace: 1022K(1216K)->1022K(1216K) NonClass: 938K(1024K)->938K(1024K) Class: 83K(192K)->83K(192K)
[29.217s][info   ][gc             ] GC(107) Pause Young (Allocation Failure) 1505M->1501M(2013M) 17.206ms
[29.217s][info   ][gc,cpu         ] GC(107) User=0.19s Sys=0.00s Real=0.02s
[29.217s][debug  ][gc,heap        ] GC(107) Heap after GC invocations=108 (full 17):
[29.217s][debug  ][gc,heap        ] GC(107)  PSYoungGen      total 226816K, used 30720K [0x00000000f0000000, 0x0000000100000000, 0x0000000100000000)
[29.217s][debug  ][gc,heap        ] GC(107)   eden space 190976K, 0% used [0x00000000f0000000,0x00000000f0000000,0x00000000fba80000)
[29.217s][debug  ][gc,heap        ] GC(107)   from space 35840K, 85% used [0x00000000fdd00000,0x00000000ffb00030,0x0000000100000000)
[29.217s][debug  ][gc,heap        ] GC(107)   to   space 35328K, 0% used [0x00000000fba80000,0x00000000fba80000,0x00000000fdd00000)
[29.217s][debug  ][gc,heap        ] GC(107)  ParOldGen       total 1835008K, used 1506917K [0x0000000080000000, 0x00000000f0000000, 0x00000000f0000000)
[29.217s][debug  ][gc,heap        ] GC(107)   object space 1835008K, 82% used [0x0000000080000000,0x00000000dbf99508,0x00000000f0000000)
[29.217s][debug  ][gc,heap        ] GC(107)  Metaspace       used 1022K, committed 1216K, reserved 1056768K
[29.217s][debug  ][gc,heap        ] GC(107)   class space    used 83K, committed 192K, reserved 1048576K
[29.217s][debug  ][gc,task,time   ] GC(107) VM-Thread 291989947 292149031 292168751
[29.501s][debug  ][gc,heap        ] GC(108) Heap before GC invocations=109 (full 17):
[29.501s][debug  ][gc,heap        ] GC(108)  PSYoungGen      total 226816K, used 218763K [0x00000000f0000000, 0x0000000100000000, 0x0000000100000000)
[29.501s][debug  ][gc,heap        ] GC(108)   eden space 190976K, 98% used [0x00000000f0000000,0x00000000fb7a2bf8,0x00000000fba80000)
[29.501s][debug  ][gc,heap        ] GC(108)   from space 35840K, 85% used [0x00000000fdd00000,0x00000000ffb00030,0x0000000100000000)
[29.501s][debug  ][gc,heap        ] GC(108)   to   space 35328K, 0% used [0x00000000fba80000,0x00000000fba80000,0x00000000fdd00000)
[29.501s][debug  ][gc,heap        ] GC(108)  ParOldGen       total 1835008K, used 1506917K [0x0000000080000000, 0x00000000f0000000, 0x00000000f0000000)
[29.501s][debug  ][gc,heap        ] GC(108)   object space 1835008K, 82% used [0x0000000080000000,0x00000000dbf99508,0x00000000f0000000)
[29.501s][debug  ][gc,heap        ] GC(108)  Metaspace       used 1022K, committed 1216K, reserved 1056768K
[29.501s][debug  ][gc,heap        ] GC(108)   class space    used 83K, committed 192K, reserved 1048576K
[29.501s][debug  ][gc,tlab        ] GC(108) TLAB totals: thrds: 1  refills: 1 max: 1 slow allocs: 17 max 17 waste: 26.7% gc: 3812056B max: 3812056B slow: 0B max: 0B
[29.501s][info   ][gc,start       ] GC(108) Pause Young (Allocation Failure)
[29.501s][debug  ][gc,phases,start] GC(108) Scavenge
[29.516s][debug  ][gc,phases      ] GC(108) Scavenge 15.472ms
[29.517s][debug  ][gc,phases,start] GC(108) Reference Processing
[29.517s][debug  ][gc,ref         ] GC(108) Skipped phase 1 of Reference Processing: no references
[29.517s][debug  ][gc,ref         ] GC(108) Skipped phase 2 of Reference Processing: no references
[29.517s][debug  ][gc,ref         ] GC(108) Skipped phase 3 of Reference Processing: no references
[29.517s][debug  ][gc,ref         ] GC(108) Skipped phase 4 of Reference Processing: no references
[29.517s][debug  ][gc,phases,ref  ] GC(108) Reference Processing: 0.1ms
[29.517s][debug  ][gc,phases,ref  ] GC(108)   Reconsider SoftReferences: 0.0ms
[29.517s][debug  ][gc,phases,ref  ] GC(108)     SoftRef (ms):                  skipped
[29.517s][debug  ][gc,phases,ref  ] GC(108)   Notify Soft/WeakReferences: 0.0ms
[29.517s][debug  ][gc,phases,ref  ] GC(108)     SoftRef (ms):                  skipped
[29.517s][debug  ][gc,phases,ref  ] GC(108)     WeakRef (ms):                  skipped
[29.517s][debug  ][gc,phases,ref  ] GC(108)     FinalRef (ms):                 skipped
[29.517s][debug  ][gc,phases,ref  ] GC(108)     Total (ms):                    skipped
[29.517s][debug  ][gc,phases,ref  ] GC(108)   Notify and keep alive finalizable: 0.0ms
[29.517s][debug  ][gc,phases,ref  ] GC(108)     FinalRef (ms):                 skipped
[29.517s][debug  ][gc,phases,ref  ] GC(108)   Notify PhantomReferences: 0.0ms
[29.517s][debug  ][gc,phases,ref  ] GC(108)     PhantomRef (ms):               skipped
[29.517s][debug  ][gc,phases,ref  ] GC(108)   SoftReference:
[29.517s][debug  ][gc,phases,ref  ] GC(108)     Discovered: 0
[29.517s][debug  ][gc,phases,ref  ] GC(108)     Cleared: 0
[29.517s][debug  ][gc,phases,ref  ] GC(108)   WeakReference:
[29.517s][debug  ][gc,phases,ref  ] GC(108)     Discovered: 0
[29.517s][debug  ][gc,phases,ref  ] GC(108)     Cleared: 0
[29.517s][debug  ][gc,phases,ref  ] GC(108)   FinalReference:
[29.517s][debug  ][gc,phases,ref  ] GC(108)     Discovered: 0
[29.517s][debug  ][gc,phases,ref  ] GC(108)     Cleared: 0
[29.517s][debug  ][gc,phases,ref  ] GC(108)   PhantomReference:
[29.517s][debug  ][gc,phases,ref  ] GC(108)     Discovered: 0
[29.517s][debug  ][gc,phases,ref  ] GC(108)     Cleared: 0
[29.517s][debug  ][gc,phases      ] GC(108) Reference Processing 0.674ms
[29.517s][debug  ][gc,phases,start] GC(108) Weak Processing
[29.517s][debug  ][gc,phases      ] GC(108)   VM Weak                        Min:  0.0, Avg:  0.0, Max:  0.0, Diff:  0.0, Sum:  0.0, Workers: 6
[29.517s][debug  ][gc,phases      ] GC(108)     Dead                           Min: 0, Avg:  0.0, Max: 0, Diff: 0, Sum: 0, Workers: 6
[29.517s][debug  ][gc,phases      ] GC(108)     Total                          Min: 0, Avg:  1.3, Max: 8, Diff: 8, Sum: 8, Workers: 6
[29.517s][debug  ][gc,phases      ] GC(108)   ObjectSynchronizer Weak        Min:  0.0, Avg:  0.0, Max:  0.0, Diff:  0.0, Sum:  0.0, Workers: 6
[29.517s][debug  ][gc,phases      ] GC(108)     Dead                           Min: 0, Avg:  0.0, Max: 0, Diff: 0, Sum: 0, Workers: 6
[29.517s][debug  ][gc,phases      ] GC(108)     Total                          Min: 0, Avg:  0.5, Max: 3, Diff: 3, Sum: 3, Workers: 6
[29.517s][debug  ][gc,phases      ] GC(108)   JVMTI Tag Weak OopStorage      Min:  0.0, Avg:  0.0, Max:  0.0, Diff:  0.0, Sum:  0.0, Workers: 6
[29.517s][debug  ][gc,phases      ] GC(108)     Dead                           Min: 0, Avg:  0.0, Max: 0, Diff: 0, Sum: 0, Workers: 6
[29.518s][debug  ][gc,phases      ] GC(108)     Total                          Min: 0, Avg:  0.0, Max: 0, Diff: 0, Sum: 0, Workers: 6
[29.518s][debug  ][gc,phases      ] GC(108)   StringTable Weak               Min:  0.0, Avg:  0.0, Max:  0.0, Diff:  0.0, Sum:  0.0, Workers: 6
[29.518s][debug  ][gc,phases      ] GC(108)     Dead                           Min: 0, Avg:  0.0, Max: 0, Diff: 0, Sum: 0, Workers: 6
[29.518s][debug  ][gc,phases      ] GC(108)     Total                          Min: 0, Avg: 892.3, Max: 1280, Diff: 1280, Sum: 5354, Workers: 6
[29.518s][debug  ][gc,phases      ] GC(108)   ResolvedMethodTable Weak       Min:  0.0, Avg:  0.0, Max:  0.0, Diff:  0.0, Sum:  0.0, Workers: 6
[29.518s][debug  ][gc,phases      ] GC(108)     Dead                           Min: 0, Avg:  0.0, Max: 0, Diff: 0, Sum: 0, Workers: 6
[29.518s][debug  ][gc,phases      ] GC(108)     Total                          Min: 0, Avg: 21.7, Max: 64, Diff: 64, Sum: 130, Workers: 6
[29.518s][debug  ][gc,phases      ] GC(108)   JNI Weak                       Min:  0.0, Avg:  0.0, Max:  0.0, Diff:  0.0, Sum:  0.0, Workers: 6
[29.518s][debug  ][gc,phases      ] GC(108)     Dead                           Min: 0, Avg:  0.0, Max: 0, Diff: 0, Sum: 0, Workers: 6
[29.518s][debug  ][gc,phases      ] GC(108)     Total                          Min: 0, Avg:  0.0, Max: 0, Diff: 0, Sum: 0, Workers: 6
[29.518s][debug  ][gc,phases      ] GC(108)   StringDedup Table Weak         Min:  0.0, Avg:  0.0, Max:  0.0, Diff:  0.0, Sum:  0.0, Workers: 6
[29.518s][debug  ][gc,phases      ] GC(108)     Dead                           Min: 0, Avg:  0.0, Max: 0, Diff: 0, Sum: 0, Workers: 6
[29.518s][debug  ][gc,phases      ] GC(108)     Total                          Min: 0, Avg:  0.0, Max: 0, Diff: 0, Sum: 0, Workers: 6
[29.518s][debug  ][gc,phases      ] GC(108)   StringDedup Requests0 Weak     Min:  0.0, Avg:  0.0, Max:  0.0, Diff:  0.0, Sum:  0.0, Workers: 6
[29.518s][debug  ][gc,phases      ] GC(108)     Dead                           Min: 0, Avg:  0.0, Max: 0, Diff: 0, Sum: 0, Workers: 6
[29.518s][debug  ][gc,phases      ] GC(108)     Total                          Min: 0, Avg:  0.0, Max: 0, Diff: 0, Sum: 0, Workers: 6
[29.518s][debug  ][gc,phases      ] GC(108)   StringDedup Requests1 Weak     Min:  0.0, Avg:  0.0, Max:  0.0, Diff:  0.0, Sum:  0.0, Workers: 6
[29.518s][debug  ][gc,phases      ] GC(108)     Dead                           Min: 0, Avg:  0.0, Max: 0, Diff: 0, Sum: 0, Workers: 6
[29.518s][debug  ][gc,phases      ] GC(108)     Total                          Min: 0, Avg:  0.0, Max: 0, Diff: 0, Sum: 0, Workers: 6
[29.518s][debug  ][gc,phases      ] GC(108)   Weak JFR Old Object Samples    Min:  0.0, Avg:  0.0, Max:  0.0, Diff:  0.0, Sum:  0.0, Workers: 6
[29.518s][debug  ][gc,phases      ] GC(108)     Dead                           Min: 0, Avg:  0.0, Max: 0, Diff: 0, Sum: 0, Workers: 6
[29.518s][debug  ][gc,phases      ] GC(108)     Total                          Min: 0, Avg:  0.0, Max: 0, Diff: 0, Sum: 0, Workers: 6
[29.518s][debug  ][gc,phases      ] GC(108) Weak Processing 0.758ms
[29.518s][debug  ][gc,ergo        ] GC(108) AdaptiveSizeStart:  collection: 109 
[29.518s][debug  ][gc,ergo        ] GC(108) avg_survived_padded_avg: 35809244.000000
[29.518s][debug  ][gc,ergo        ] GC(108) avg_promoted_padded_avg: 259623824.000000  avg_pretenured_padded_avg: 0.000000  tenuring_thresh: 15  target_size: 36175872
[29.518s][debug  ][gc,age         ] GC(108) Desired survivor size 36175872 bytes, new threshold 15 (max threshold 15)
[29.518s][debug  ][gc,ergo        ] GC(108) PSAdaptiveSizePolicy::compute_eden_space_size limits: desired_eden_size: 214614582 old_eden_size: 195035136 eden_limit: 195559424 cur_eden: 195559424 max_eden_size: 195559424 avg_young_live: 27330792
[29.518s][debug  ][gc,ergo        ] GC(108) PSAdaptiveSizePolicy::compute_eden_space_size: costs minor_time: 0.051394 major_cost: 0.054661 mutator_cost: 0.893945 throughput_goal: 0.990000
[29.518s][debug  ][gc,ergo        ] GC(108) Live_space: 1057222272 free_space: 1421869056
[29.518s][debug  ][gc,ergo        ] GC(108) Old eden_size: 195035136 desired_eden_size: 195559424
[29.518s][debug  ][gc,ergo        ] GC(108) AdaptiveSizeStop: collection: 109 
[29.518s][info   ][gc,heap        ] GC(108) PSYoungGen: 218763K(226816K)->30720K(226304K) Eden: 188042K(190976K)->0K(190976K) From: 30720K(35840K)->30720K(35328K)
[29.518s][info   ][gc,heap        ] GC(108) ParOldGen: 1506917K(1835008K)->1691237K(1835008K)
[29.518s][info   ][gc,metaspace   ] GC(108) Metaspace: 1022K(1216K)->1022K(1216K) NonClass: 938K(1024K)->938K(1024K) Class: 83K(192K)->83K(192K)
[29.518s][info   ][gc             ] GC(108) Pause Young (Allocation Failure) 1685M->1681M(2013M) 17.355ms
[29.518s][info   ][gc,cpu         ] GC(108) User=0.20s Sys=0.00s Real=0.02s
[29.518s][debug  ][gc,heap        ] GC(108) Heap after GC invocations=109 (full 17):
[29.518s][debug  ][gc,heap        ] GC(108)  PSYoungGen      total 226304K, used 30720K [0x00000000f0000000, 0x0000000100000000, 0x0000000100000000)
[29.518s][debug  ][gc,heap        ] GC(108)   eden space 190976K, 0% used [0x00000000f0000000,0x00000000f0000000,0x00000000fba80000)
[29.518s][debug  ][gc,heap        ] GC(108)   from space 35328K, 86% used [0x00000000fba80000,0x00000000fd880030,0x00000000fdd00000)
[29.518s][debug  ][gc,heap        ] GC(108)   to   space 35328K, 0% used [0x00000000fdd80000,0x00000000fdd80000,0x0000000100000000)
[29.518s][debug  ][gc,heap        ] GC(108)  ParOldGen       total 1835008K, used 1691237K [0x0000000080000000, 0x00000000f0000000, 0x00000000f0000000)
[29.518s][debug  ][gc,heap        ] GC(108)   object space 1835008K, 92% used [0x0000000080000000,0x00000000e7399628,0x00000000f0000000)
[29.519s][debug  ][gc,heap        ] GC(108)  Metaspace       used 1022K, committed 1216K, reserved 1056768K
[29.519s][debug  ][gc,heap        ] GC(108)   class space    used 83K, committed 192K, reserved 1048576K
[29.519s][debug  ][gc,task,time   ] GC(108) VM-Thread 295005056 295165591 295185516
[29.519s][debug  ][gc,phases,start] GC(109) Pre Compact
[29.519s][debug  ][gc,heap        ] GC(109) Heap before GC invocations=110 (full 18):
[29.519s][debug  ][gc,heap        ] GC(109)  PSYoungGen      total 226304K, used 30720K [0x00000000f0000000, 0x0000000100000000, 0x0000000100000000)
[29.519s][debug  ][gc,heap        ] GC(109)   eden space 190976K, 0% used [0x00000000f0000000,0x00000000f0000000,0x00000000fba80000)
[29.519s][debug  ][gc,heap        ] GC(109)   from space 35328K, 86% used [0x00000000fba80000,0x00000000fd880030,0x00000000fdd00000)
[29.519s][debug  ][gc,heap        ] GC(109)   to   space 35328K, 0% used [0x00000000fdd80000,0x00000000fdd80000,0x0000000100000000)
[29.519s][debug  ][gc,heap        ] GC(109)  ParOldGen       total 1835008K, used 1691237K [0x0000000080000000, 0x00000000f0000000, 0x00000000f0000000)
[29.519s][debug  ][gc,heap        ] GC(109)   object space 1835008K, 92% used [0x0000000080000000,0x00000000e7399628,0x00000000f0000000)
[29.519s][debug  ][gc,heap        ] GC(109)  Metaspace       used 1022K, committed 1216K, reserved 1056768K
[29.519s][debug  ][gc,heap        ] GC(109)   class space    used 83K, committed 192K, reserved 1048576K
[29.519s][debug  ][gc,phases      ] GC(109) Pre Compact 0.206ms
[29.519s][info   ][gc,start       ] GC(109) Pause Full (Ergonomics)
[29.519s][info   ][gc,phases,start] GC(109) Marking Phase
[29.519s][debug  ][gc,phases,start] GC(109) Par Mark
[29.519s][debug  ][gc,phases      ] GC(109) Par Mark 0.497ms
[29.519s][debug  ][gc,phases,start] GC(109) Reference Processing
[29.519s][debug  ][gc,ref         ] GC(109) Skipped phase 1 of Reference Processing: no references
[29.519s][debug  ][gc,ref         ] GC(109) ReferenceProcessor::execute queues: 1, RefProcThreadModel::Single, marks_oops_alive: false
[29.519s][debug  ][gc,ref         ] GC(109) Skipped phase 3 of Reference Processing: no references
[29.519s][debug  ][gc,ref         ] GC(109) ReferenceProcessor::execute queues: 1, RefProcThreadModel::Single, marks_oops_alive: false
[29.519s][debug  ][gc,phases,ref  ] GC(109) Reference Processing: 0.1ms
[29.520s][debug  ][gc,phases,ref  ] GC(109)   Reconsider SoftReferences: 0.0ms
[29.520s][debug  ][gc,phases,ref  ] GC(109)     SoftRef (ms):                  skipped
[29.520s][debug  ][gc,phases,ref  ] GC(109)   Notify Soft/WeakReferences: 0.0ms
[29.520s][debug  ][gc,phases,ref  ] GC(109)     SoftRef (ms):                  Min:  0.0, Avg:  0.0, Max:  0.0, Diff:  0.0, Sum:  0.0, Workers: 12
[29.520s][debug  ][gc,phases,ref  ] GC(109)     WeakRef (ms):                  Min:  0.0, Avg:  0.0, Max:  0.0, Diff:  0.0, Sum:  0.0, Workers: 12
[29.520s][debug  ][gc,phases,ref  ] GC(109)     FinalRef (ms):                 Min:  0.0, Avg:  0.0, Max:  0.0, Diff:  0.0, Sum:  0.0, Workers: 12
[29.520s][debug  ][gc,phases,ref  ] GC(109)     Total (ms):                    Min:  0.0, Avg:  0.0, Max:  0.0, Diff:  0.0, Sum:  0.0, Workers: 12
[29.520s][debug  ][gc,phases,ref  ] GC(109)   Notify and keep alive finalizable: 0.0ms
[29.520s][debug  ][gc,phases,ref  ] GC(109)     FinalRef (ms):                 skipped
[29.520s][debug  ][gc,phases,ref  ] GC(109)   Notify PhantomReferences: 0.0ms
[29.520s][debug  ][gc,phases,ref  ] GC(109)     PhantomRef (ms):               Min:  0.0, Avg:  0.0, Max:  0.0, Diff:  0.0, Sum:  0.0, Workers: 12
[29.520s][debug  ][gc,phases,ref  ] GC(109)   SoftReference:
[29.520s][debug  ][gc,phases,ref  ] GC(109)     Discovered: 0
[29.520s][debug  ][gc,phases,ref  ] GC(109)     Cleared: 0
[29.520s][debug  ][gc,phases,ref  ] GC(109)   WeakReference:
[29.520s][debug  ][gc,phases,ref  ] GC(109)     Discovered: 55
[29.520s][debug  ][gc,phases,ref  ] GC(109)     Cleared: 55
[29.520s][debug  ][gc,phases,ref  ] GC(109)   FinalReference:
[29.520s][debug  ][gc,phases,ref  ] GC(109)     Discovered: 0
[29.520s][debug  ][gc,phases,ref  ] GC(109)     Cleared: 0
[29.520s][debug  ][gc,phases,ref  ] GC(109)   PhantomReference:
[29.520s][debug  ][gc,phases,ref  ] GC(109)     Discovered: 3
[29.520s][debug  ][gc,phases,ref  ] GC(109)     Cleared: 3
[29.520s][debug  ][gc,phases      ] GC(109) Reference Processing 0.587ms
[29.520s][debug  ][gc,phases,start] GC(109) Weak Processing
[29.520s][debug  ][gc,phases      ] GC(109)   VM Weak                        Min:  0.0, Avg:  0.0, Max:  0.0, Diff:  0.0, Sum:  0.0, Workers: 6
[29.520s][debug  ][gc,phases      ] GC(109)     Dead                           Min: 0, Avg:  0.0, Max: 0, Diff: 0, Sum: 0, Workers: 6
[29.520s][debug  ][gc,phases      ] GC(109)     Total                          Min: 0, Avg:  1.3, Max: 8, Diff: 8, Sum: 8, Workers: 6
[29.520s][debug  ][gc,phases      ] GC(109)   ObjectSynchronizer Weak        Min:  0.0, Avg:  0.0, Max:  0.0, Diff:  0.0, Sum:  0.0, Workers: 6
[29.520s][debug  ][gc,phases      ] GC(109)     Dead                           Min: 0, Avg:  0.0, Max: 0, Diff: 0, Sum: 0, Workers: 6
[29.520s][debug  ][gc,phases      ] GC(109)     Total                          Min: 0, Avg:  0.5, Max: 3, Diff: 3, Sum: 3, Workers: 6
[29.520s][debug  ][gc,phases      ] GC(109)   JVMTI Tag Weak OopStorage      Min:  0.0, Avg:  0.0, Max:  0.0, Diff:  0.0, Sum:  0.0, Workers: 6
[29.520s][debug  ][gc,phases      ] GC(109)     Dead                           Min: 0, Avg:  0.0, Max: 0, Diff: 0, Sum: 0, Workers: 6
[29.520s][debug  ][gc,phases      ] GC(109)     Total                          Min: 0, Avg:  0.0, Max: 0, Diff: 0, Sum: 0, Workers: 6
[29.520s][debug  ][gc,phases      ] GC(109)   StringTable Weak               Min:  0.0, Avg:  0.0, Max:  0.0, Diff:  0.0, Sum:  0.0, Workers: 6
[29.520s][debug  ][gc,phases      ] GC(109)     Dead                           Min: 0, Avg:  0.0, Max: 0, Diff: 0, Sum: 0, Workers: 6
[29.520s][debug  ][gc,phases      ] GC(109)     Total                          Min: 640, Avg: 892.3, Max: 1024, Diff: 384, Sum: 5354, Workers: 6
[29.520s][debug  ][gc,phases      ] GC(109)   ResolvedMethodTable Weak       Min:  0.0, Avg:  0.0, Max:  0.0, Diff:  0.0, Sum:  0.0, Workers: 6
[29.520s][debug  ][gc,phases      ] GC(109)     Dead                           Min: 0, Avg:  0.0, Max: 0, Diff: 0, Sum: 0, Workers: 6
[29.520s][debug  ][gc,phases      ] GC(109)     Total                          Min: 0, Avg: 21.7, Max: 64, Diff: 64, Sum: 130, Workers: 6
[29.520s][debug  ][gc,phases      ] GC(109)   JNI Weak                       Min:  0.0, Avg:  0.0, Max:  0.0, Diff:  0.0, Sum:  0.0, Workers: 6
[29.520s][debug  ][gc,phases      ] GC(109)     Dead                           Min: 0, Avg:  0.0, Max: 0, Diff: 0, Sum: 0, Workers: 6
[29.520s][debug  ][gc,phases      ] GC(109)     Total                          Min: 0, Avg:  0.0, Max: 0, Diff: 0, Sum: 0, Workers: 6
[29.520s][debug  ][gc,phases      ] GC(109)   StringDedup Table Weak         Min:  0.0, Avg:  0.0, Max:  0.0, Diff:  0.0, Sum:  0.0, Workers: 6
[29.520s][debug  ][gc,phases      ] GC(109)     Dead                           Min: 0, Avg:  0.0, Max: 0, Diff: 0, Sum: 0, Workers: 6
[29.520s][debug  ][gc,phases      ] GC(109)     Total                          Min: 0, Avg:  0.0, Max: 0, Diff: 0, Sum: 0, Workers: 6
[29.520s][debug  ][gc,phases      ] GC(109)   StringDedup Requests0 Weak     Min:  0.0, Avg:  0.0, Max:  0.0, Diff:  0.0, Sum:  0.0, Workers: 6
[29.520s][debug  ][gc,phases      ] GC(109)     Dead                           Min: 0, Avg:  0.0, Max: 0, Diff: 0, Sum: 0, Workers: 6
[29.520s][debug  ][gc,phases      ] GC(109)     Total                          Min: 0, Avg:  0.0, Max: 0, Diff: 0, Sum: 0, Workers: 6
[29.521s][debug  ][gc,phases      ] GC(109)   StringDedup Requests1 Weak     Min:  0.0, Avg:  0.0, Max:  0.0, Diff:  0.0, Sum:  0.0, Workers: 6
[29.521s][debug  ][gc,phases      ] GC(109)     Dead                           Min: 0, Avg:  0.0, Max: 0, Diff: 0, Sum: 0, Workers: 6
[29.521s][debug  ][gc,phases      ] GC(109)     Total                          Min: 0, Avg:  0.0, Max: 0, Diff: 0, Sum: 0, Workers: 6
[29.521s][debug  ][gc,phases      ] GC(109)   Weak JFR Old Object Samples    Min:  0.0, Avg:  0.0, Max:  0.0, Diff:  0.0, Sum:  0.0, Workers: 6
[29.521s][debug  ][gc,phases      ] GC(109)     Dead                           Min: 0, Avg:  0.0, Max: 0, Diff: 0, Sum: 0, Workers: 6
[29.521s][debug  ][gc,phases      ] GC(109)     Total                          Min: 0, Avg:  0.0, Max: 0, Diff: 0, Sum: 0, Workers: 6
[29.521s][debug  ][gc,phases      ] GC(109) Weak Processing 0.657ms
[29.521s][debug  ][gc,phases,start] GC(109) Class Unloading
[29.521s][debug  ][gc,phases,start] GC(109) ClassLoaderData
[29.521s][debug  ][gc,phases      ] GC(109) ClassLoaderData 0.019ms
[29.521s][debug  ][gc,phases,start] GC(109) Trigger cleanups
[29.521s][debug  ][gc,phases      ] GC(109) Trigger cleanups 0.019ms
[29.521s][debug  ][gc,phases      ] GC(109) Class Unloading 0.255ms
[29.521s][info   ][gc,phases      ] GC(109) Marking Phase 2.105ms
[29.521s][info   ][gc,phases,start] GC(109) Summary Phase
[29.521s][info   ][gc,phases      ] GC(109) Summary Phase 0.037ms
[29.521s][info   ][gc,phases,start] GC(109) Adjust Roots
[29.521s][info   ][gc,phases      ] GC(109) Adjust Roots 0.149ms
[29.521s][info   ][gc,phases,start] GC(109) Compaction Phase
[29.607s][info   ][gc,phases      ] GC(109) Compaction Phase 85.480ms
[29.607s][info   ][gc,phases,start] GC(109) Post Compact
[29.613s][info   ][gc,phases      ] GC(109) Post Compact 6.260ms
[29.613s][debug  ][gc,ergo        ] GC(109) AdaptiveSizeStart: collection: 110 
[29.613s][debug  ][gc,ergo        ] GC(109) PSAdaptiveSizePolicy::compute_eden_space_size limits: desired_eden_size: 214436489 old_eden_size: 195559424 eden_limit: 196083712 cur_eden: 195559424 max_eden_size: 196083712 avg_young_live: 24597714
[29.613s][debug  ][gc,ergo        ] GC(109) PSAdaptiveSizePolicy::compute_eden_space_size: costs minor_time: 0.051394 major_cost: 0.055661 mutator_cost: 0.892945 throughput_goal: 0.990000
[29.613s][debug  ][gc,ergo        ] GC(109) Live_space: 1054489216 free_space: 1422393344
[29.613s][debug  ][gc,ergo        ] GC(109) Old eden_size: 195559424 desired_eden_size: 196083712
[29.613s][debug  ][gc,ergo        ] GC(109) PSAdaptiveSizePolicy::compute_old_gen_free_space limits: desired_promo_size: 1354407814 promo_limit: 1226833920 free_in_old_gen: 1110732800 max_old_gen_size: 1879048192 avg_old_live: 768315456
[29.613s][debug  ][gc,ergo        ] GC(109) PSAdaptiveSizePolicy::compute_old_gen_free_space: costs minor_time: 0.051394 major_cost: 0.055661  mutator_cost: 0.892945 throughput_goal: 0.990000
[29.613s][debug  ][gc,ergo        ] GC(109) Live_space: 1061348608 free_space: 1422917632
[29.613s][debug  ][gc,ergo        ] GC(109) Old promo_size: 1226833920 desired_promo_size: 1226833920
[29.614s][debug  ][gc,ergo        ] GC(109) AdaptiveSizeStop: collection: 110 
[29.614s][info   ][gc,heap        ] GC(109) PSYoungGen: 30720K(226304K)->0K(226816K) Eden: 0K(190976K)->0K(191488K) From: 30720K(35328K)->0K(35328K)
[29.614s][info   ][gc,heap        ] GC(109) ParOldGen: 1691237K(1835008K)->810596K(1835008K)
[29.614s][info   ][gc,metaspace   ] GC(109) Metaspace: 1022K(1216K)->1022K(1216K) NonClass: 938K(1024K)->938K(1024K) Class: 83K(192K)->83K(192K)
[29.614s][info   ][gc             ] GC(109) Pause Full (Ergonomics) 1681M->791M(2013M) 94.867ms
[29.614s][info   ][gc,cpu         ] GC(109) User=0.91s Sys=0.00s Real=0.10s
[29.614s][debug  ][gc,heap        ] GC(109) Heap after GC invocations=110 (full 18):
[29.614s][debug  ][gc,heap        ] GC(109)  PSYoungGen      total 226816K, used 0K [0x00000000f0000000, 0x0000000100000000, 0x0000000100000000)
[29.614s][debug  ][gc,heap        ] GC(109)   eden space 191488K, 0% used [0x00000000f0000000,0x00000000f0000000,0x00000000fbb00000)
[29.614s][debug  ][gc,heap        ] GC(109)   from space 35328K, 0% used [0x00000000fdd80000,0x00000000fdd80000,0x0000000100000000)
[29.614s][debug  ][gc,heap        ] GC(109)   to   space 35328K, 0% used [0x00000000fbb00000,0x00000000fbb00000,0x00000000fdd80000)
[29.614s][debug  ][gc,heap        ] GC(109)  ParOldGen       total 1835008K, used 810596K [0x0000000080000000, 0x00000000f0000000, 0x00000000f0000000)
[29.614s][debug  ][gc,heap        ] GC(109)   object space 1835008K, 44% used [0x0000000080000000,0x00000000b17990c8,0x00000000f0000000)
[29.614s][debug  ][gc,heap        ] GC(109)  Metaspace       used 1022K, committed 1216K, reserved 1056768K
[29.614s][debug  ][gc,heap        ] GC(109)   class space    used 83K, committed 192K, reserved 1048576K
[29.614s][debug  ][gc,task,time   ] GC(109) VM-Thread 295188277 295211936 296137503
[29.893s][debug  ][gc,heap        ] GC(110) Heap before GC invocations=111 (full 18):
[29.893s][debug  ][gc,heap        ] GC(110)  PSYoungGen      total 226816K, used 188060K [0x00000000f0000000, 0x0000000100000000, 0x0000000100000000)
[29.893s][debug  ][gc,heap        ] GC(110)   eden space 191488K, 98% used [0x00000000f0000000,0x00000000fb7a71a8,0x00000000fbb00000)
[29.893s][debug  ][gc,heap        ] GC(110)   from space 35328K, 0% used [0x00000000fdd80000,0x00000000fdd80000,0x0000000100000000)
[29.893s][debug  ][gc,heap        ] GC(110)   to   space 35328K, 0% used [0x00000000fbb00000,0x00000000fbb00000,0x00000000fdd80000)
[29.893s][debug  ][gc,heap        ] GC(110)  ParOldGen       total 1835008K, used 810596K [0x0000000080000000, 0x00000000f0000000, 0x00000000f0000000)
[29.894s][debug  ][gc,heap        ] GC(110)   object space 1835008K, 44% used [0x0000000080000000,0x00000000b17990c8,0x00000000f0000000)
[29.894s][debug  ][gc,heap        ] GC(110)  Metaspace       used 1022K, committed 1216K, reserved 1056768K
[29.894s][debug  ][gc,heap        ] GC(110)   class space    used 83K, committed 192K, reserved 1048576K
[29.894s][debug  ][gc,tlab        ] GC(110) TLAB totals: thrds: 1  refills: 1 max: 1 slow allocs: 17 max 17 waste: 26.8% gc: 3829896B max: 3829896B slow: 0B max: 0B
[29.894s][info   ][gc,start       ] GC(110) Pause Young (Allocation Failure)
[29.894s][debug  ][gc,phases,start] GC(110) Scavenge
[29.906s][debug  ][gc,phases      ] GC(110) Scavenge 12.732ms
[29.907s][debug  ][gc,phases,start] GC(110) Reference Processing
[29.907s][debug  ][gc,ref         ] GC(110) Skipped phase 1 of Reference Processing: no references
[29.907s][debug  ][gc,ref         ] GC(110) Skipped phase 2 of Reference Processing: no references
[29.907s][debug  ][gc,ref         ] GC(110) Skipped phase 3 of Reference Processing: no references
[29.907s][debug  ][gc,ref         ] GC(110) Skipped phase 4 of Reference Processing: no references
[29.907s][debug  ][gc,phases,ref  ] GC(110) Reference Processing: 0.1ms
[29.907s][debug  ][gc,phases,ref  ] GC(110)   Reconsider SoftReferences: 0.0ms
[29.907s][debug  ][gc,phases,ref  ] GC(110)     SoftRef (ms):                  skipped
[29.907s][debug  ][gc,phases,ref  ] GC(110)   Notify Soft/WeakReferences: 0.0ms
[29.907s][debug  ][gc,phases,ref  ] GC(110)     SoftRef (ms):                  skipped
[29.907s][debug  ][gc,phases,ref  ] GC(110)     WeakRef (ms):                  skipped
[29.907s][debug  ][gc,phases,ref  ] GC(110)     FinalRef (ms):                 skipped
[29.907s][debug  ][gc,phases,ref  ] GC(110)     Total (ms):                    skipped
[29.907s][debug  ][gc,phases,ref  ] GC(110)   Notify and keep alive finalizable: 0.0ms
[29.907s][debug  ][gc,phases,ref  ] GC(110)     FinalRef (ms):                 skipped
[29.907s][debug  ][gc,phases,ref  ] GC(110)   Notify PhantomReferences: 0.0ms
[29.907s][debug  ][gc,phases,ref  ] GC(110)     PhantomRef (ms):               skipped
[29.907s][debug  ][gc,phases,ref  ] GC(110)   SoftReference:
[29.907s][debug  ][gc,phases,ref  ] GC(110)     Discovered: 0
[29.907s][debug  ][gc,phases,ref  ] GC(110)     Cleared: 0
[29.907s][debug  ][gc,phases,ref  ] GC(110)   WeakReference:
[29.907s][debug  ][gc,phases,ref  ] GC(110)     Discovered: 0
[29.907s][debug  ][gc,phases,ref  ] GC(110)     Cleared: 0
[29.907s][debug  ][gc,phases,ref  ] GC(110)   FinalReference:
[29.907s][debug  ][gc,phases,ref  ] GC(110)     Discovered: 0
[29.907s][debug  ][gc,phases,ref  ] GC(110)     Cleared: 0
[29.907s][debug  ][gc,phases,ref  ] GC(110)   PhantomReference:
[29.907s][debug  ][gc,phases,ref  ] GC(110)     Discovered: 0
[29.907s][debug  ][gc,phases,ref  ] GC(110)     Cleared: 0
[29.907s][debug  ][gc,phases      ] GC(110) Reference Processing 0.679ms
[29.907s][debug  ][gc,phases,start] GC(110) Weak Processing
[29.907s][debug  ][gc,phases      ] GC(110)   VM Weak                        Min:  0.0, Avg:  0.0, Max:  0.0, Diff:  0.0, Sum:  0.0, Workers: 6
[29.907s][debug  ][gc,phases      ] GC(110)     Dead                           Min: 0, Avg:  0.0, Max: 0, Diff: 0, Sum: 0, Workers: 6
[29.907s][debug  ][gc,phases      ] GC(110)     Total                          Min: 0, Avg:  1.3, Max: 8, Diff: 8, Sum: 8, Workers: 6
[29.907s][debug  ][gc,phases      ] GC(110)   ObjectSynchronizer Weak        Min:  0.0, Avg:  0.0, Max:  0.0, Diff:  0.0, Sum:  0.0, Workers: 6
[29.907s][debug  ][gc,phases      ] GC(110)     Dead                           Min: 0, Avg:  0.0, Max: 0, Diff: 0, Sum: 0, Workers: 6
[29.907s][debug  ][gc,phases      ] GC(110)     Total                          Min: 0, Avg:  0.5, Max: 3, Diff: 3, Sum: 3, Workers: 6
[29.907s][debug  ][gc,phases      ] GC(110)   JVMTI Tag Weak OopStorage      Min:  0.0, Avg:  0.0, Max:  0.0, Diff:  0.0, Sum:  0.0, Workers: 6
[29.907s][debug  ][gc,phases      ] GC(110)     Dead                           Min: 0, Avg:  0.0, Max: 0, Diff: 0, Sum: 0, Workers: 6
[29.908s][debug  ][gc,phases      ] GC(110)     Total                          Min: 0, Avg:  0.0, Max: 0, Diff: 0, Sum: 0, Workers: 6
[29.908s][debug  ][gc,phases      ] GC(110)   StringTable Weak               Min:  0.0, Avg:  0.0, Max:  0.0, Diff:  0.0, Sum:  0.0, Workers: 6
[29.908s][debug  ][gc,phases      ] GC(110)     Dead                           Min: 0, Avg:  0.0, Max: 0, Diff: 0, Sum: 0, Workers: 6
[29.908s][debug  ][gc,phases      ] GC(110)     Total                          Min: 575, Avg: 892.3, Max: 1216, Diff: 641, Sum: 5354, Workers: 6
[29.908s][debug  ][gc,phases      ] GC(110)   ResolvedMethodTable Weak       Min:  0.0, Avg:  0.0, Max:  0.0, Diff:  0.0, Sum:  0.0, Workers: 6
[29.908s][debug  ][gc,phases      ] GC(110)     Dead                           Min: 0, Avg:  0.0, Max: 0, Diff: 0, Sum: 0, Workers: 6
[29.908s][debug  ][gc,phases      ] GC(110)     Total                          Min: 0, Avg: 21.7, Max: 64, Diff: 64, Sum: 130, Workers: 6
[29.908s][debug  ][gc,phases      ] GC(110)   JNI Weak                       Min:  0.0, Avg:  0.0, Max:  0.0, Diff:  0.0, Sum:  0.0, Workers: 6
[29.908s][debug  ][gc,phases      ] GC(110)     Dead                           Min: 0, Avg:  0.0, Max: 0, Diff: 0, Sum: 0, Workers: 6
[29.908s][debug  ][gc,phases      ] GC(110)     Total                          Min: 0, Avg:  0.0, Max: 0, Diff: 0, Sum: 0, Workers: 6
[29.908s][debug  ][gc,phases      ] GC(110)   StringDedup Table Weak         Min:  0.0, Avg:  0.0, Max:  0.0, Diff:  0.0, Sum:  0.0, Workers: 6
[29.908s][debug  ][gc,phases      ] GC(110)     Dead                           Min: 0, Avg:  0.0, Max: 0, Diff: 0, Sum: 0, Workers: 6
[29.908s][debug  ][gc,phases      ] GC(110)     Total                          Min: 0, Avg:  0.0, Max: 0, Diff: 0, Sum: 0, Workers: 6
[29.908s][debug  ][gc,phases      ] GC(110)   StringDedup Requests0 Weak     Min:  0.0, Avg:  0.0, Max:  0.0, Diff:  0.0, Sum:  0.0, Workers: 6
[29.908s][debug  ][gc,phases      ] GC(110)     Dead                           Min: 0, Avg:  0.0, Max: 0, Diff: 0, Sum: 0, Workers: 6
[29.908s][debug  ][gc,phases      ] GC(110)     Total                          Min: 0, Avg:  0.0, Max: 0, Diff: 0, Sum: 0, Workers: 6
[29.908s][debug  ][gc,phases      ] GC(110)   StringDedup Requests1 Weak     Min:  0.0, Avg:  0.0, Max:  0.0, Diff:  0.0, Sum:  0.0, Workers: 6
[29.908s][debug  ][gc,phases      ] GC(110)     Dead                           Min: 0, Avg:  0.0, Max: 0, Diff: 0, Sum: 0, Workers: 6
[29.908s][debug  ][gc,phases      ] GC(110)     Total                          Min: 0, Avg:  0.0, Max: 0, Diff: 0, Sum: 0, Workers: 6
[29.908s][debug  ][gc,phases      ] GC(110)   Weak JFR Old Object Samples    Min:  0.0, Avg:  0.0, Max:  0.0, Diff:  0.0, Sum:  0.0, Workers: 6
[29.908s][debug  ][gc,phases      ] GC(110)     Dead                           Min: 0, Avg:  0.0, Max: 0, Diff: 0, Sum: 0, Workers: 6
[29.908s][debug  ][gc,phases      ] GC(110)     Total                          Min: 0, Avg:  0.0, Max: 0, Diff: 0, Sum: 0, Workers: 6
[29.908s][debug  ][gc,phases      ] GC(110) Weak Processing 0.808ms
[29.908s][debug  ][gc,ergo        ] GC(110) AdaptiveSizeStart:  collection: 111 
[29.908s][debug  ][gc,ergo        ] GC(110) avg_survived_padded_avg: 35547856.000000
[29.908s][debug  ][gc,ergo        ] GC(110) avg_promoted_padded_avg: 250709024.000000  avg_pretenured_padded_avg: 0.000000  tenuring_thresh: 15  target_size: 35651584
[29.908s][debug  ][gc,age         ] GC(110) Desired survivor size 35651584 bytes, new threshold 15 (max threshold 15)
[29.908s][debug  ][gc,ergo        ] GC(110) PSAdaptiveSizePolicy::compute_eden_space_size limits: desired_eden_size: 214239049 old_eden_size: 196083712 eden_limit: 196083712 cur_eden: 196083712 max_eden_size: 196083712 avg_young_live: 25283676
[29.908s][debug  ][gc,ergo        ] GC(110) PSAdaptiveSizePolicy::compute_eden_space_size: costs minor_time: 0.047744 major_cost: 0.055661 mutator_cost: 0.896595 throughput_goal: 0.990000
[29.908s][debug  ][gc,ergo        ] GC(110) Live_space: 1062034560 free_space: 1422917632
[29.908s][debug  ][gc,ergo        ] GC(110) Old eden_size: 196083712 desired_eden_size: 196083712
[29.908s][debug  ][gc,ergo        ] GC(110) AdaptiveSizeStop: collection: 111 
[29.908s][info   ][gc,heap        ] GC(110) PSYoungGen: 188060K(226816K)->30720K(226816K) Eden: 188060K(191488K)->0K(191488K) From: 0K(35328K)->30720K(35328K)
[29.908s][info   ][gc,heap        ] GC(110) ParOldGen: 810596K(1835008K)->964196K(1835008K)
[29.908s][info   ][gc,metaspace   ] GC(110) Metaspace: 1022K(1216K)->1022K(1216K) NonClass: 938K(1024K)->938K(1024K) Class: 83K(192K)->83K(192K)
[29.908s][info   ][gc             ] GC(110) Pause Young (Allocation Failure) 975M->971M(2013M) 14.724ms
[29.908s][info   ][gc,cpu         ] GC(110) User=0.00s Sys=0.02s Real=0.02s
[29.908s][debug  ][gc,heap        ] GC(110) Heap after GC invocations=111 (full 18):
[29.908s][debug  ][gc,heap        ] GC(110)  PSYoungGen      total 226816K, used 30720K [0x00000000f0000000, 0x0000000100000000, 0x0000000100000000)
[29.908s][debug  ][gc,heap        ] GC(110)   eden space 191488K, 0% used [0x00000000f0000000,0x00000000f0000000,0x00000000fbb00000)
[29.909s][debug  ][gc,heap        ] GC(110)   from space 35328K, 86% used [0x00000000fbb00000,0x00000000fd900030,0x00000000fdd80000)
[29.909s][debug  ][gc,heap        ] GC(110)   to   space 34816K, 0% used [0x00000000fde00000,0x00000000fde00000,0x0000000100000000)
[29.909s][debug  ][gc,heap        ] GC(110)  ParOldGen       total 1835008K, used 964196K [0x0000000080000000, 0x00000000f0000000, 0x00000000f0000000)
[29.909s][debug  ][gc,heap        ] GC(110)   object space 1835008K, 52% used [0x0000000080000000,0x00000000bad991b8,0x00000000f0000000)
[29.909s][debug  ][gc,heap        ] GC(110)  Metaspace       used 1022K, committed 1216K, reserved 1056768K
[29.909s][debug  ][gc,heap        ] GC(110)   class space    used 83K, committed 192K, reserved 1048576K
[29.909s][debug  ][gc,task,time   ] GC(110) VM-Thread 298932270 299065300 299086708
[30.198s][debug  ][gc,heap        ] GC(111) Heap before GC invocations=112 (full 18):
[30.198s][debug  ][gc,heap        ] GC(111)  PSYoungGen      total 226816K, used 218712K [0x00000000f0000000, 0x0000000100000000, 0x0000000100000000)
[30.198s][debug  ][gc,heap        ] GC(111)   eden space 191488K, 98% used [0x00000000f0000000,0x00000000fb796088,0x00000000fbb00000)
[30.198s][debug  ][gc,heap        ] GC(111)   from space 35328K, 86% used [0x00000000fbb00000,0x00000000fd900030,0x00000000fdd80000)
[30.198s][debug  ][gc,heap        ] GC(111)   to   space 34816K, 0% used [0x00000000fde00000,0x00000000fde00000,0x0000000100000000)
[30.198s][debug  ][gc,heap        ] GC(111)  ParOldGen       total 1835008K, used 964196K [0x0000000080000000, 0x00000000f0000000, 0x00000000f0000000)
[30.198s][debug  ][gc,heap        ] GC(111)   object space 1835008K, 52% used [0x0000000080000000,0x00000000bad991b8,0x00000000f0000000)
[30.198s][debug  ][gc,heap        ] GC(111)  Metaspace       used 1022K, committed 1216K, reserved 1056768K
[30.198s][debug  ][gc,heap        ] GC(111)   class space    used 83K, committed 192K, reserved 1048576K
[30.198s][debug  ][gc,tlab        ] GC(111) TLAB totals: thrds: 1  refills: 1 max: 1 slow allocs: 17 max 17 waste: 26.4% gc: 3758912B max: 3758912B slow: 0B max: 0B
[30.198s][info   ][gc,start       ] GC(111) Pause Young (Allocation Failure)
[30.198s][debug  ][gc,phases,start] GC(111) Scavenge
[30.209s][debug  ][gc,phases      ] GC(111) Scavenge 11.084ms
[30.209s][debug  ][gc,phases,start] GC(111) Reference Processing
[30.209s][debug  ][gc,ref         ] GC(111) Skipped phase 1 of Reference Processing: no references
[30.209s][debug  ][gc,ref         ] GC(111) Skipped phase 2 of Reference Processing: no references
[30.209s][debug  ][gc,ref         ] GC(111) Skipped phase 3 of Reference Processing: no references
[30.209s][debug  ][gc,ref         ] GC(111) Skipped phase 4 of Reference Processing: no references
[30.209s][debug  ][gc,phases,ref  ] GC(111) Reference Processing: 0.1ms
[30.210s][debug  ][gc,phases,ref  ] GC(111)   Reconsider SoftReferences: 0.0ms
[30.210s][debug  ][gc,phases,ref  ] GC(111)     SoftRef (ms):                  skipped
[30.210s][debug  ][gc,phases,ref  ] GC(111)   Notify Soft/WeakReferences: 0.0ms
[30.210s][debug  ][gc,phases,ref  ] GC(111)     SoftRef (ms):                  skipped
[30.210s][debug  ][gc,phases,ref  ] GC(111)     WeakRef (ms):                  skipped
[30.210s][debug  ][gc,phases,ref  ] GC(111)     FinalRef (ms):                 skipped
[30.210s][debug  ][gc,phases,ref  ] GC(111)     Total (ms):                    skipped
[30.210s][debug  ][gc,phases,ref  ] GC(111)   Notify and keep alive finalizable: 0.0ms
[30.210s][debug  ][gc,phases,ref  ] GC(111)     FinalRef (ms):                 skipped
[30.210s][debug  ][gc,phases,ref  ] GC(111)   Notify PhantomReferences: 0.0ms
[30.210s][debug  ][gc,phases,ref  ] GC(111)     PhantomRef (ms):               skipped
[30.210s][debug  ][gc,phases,ref  ] GC(111)   SoftReference:
[30.210s][debug  ][gc,phases,ref  ] GC(111)     Discovered: 0
[30.210s][debug  ][gc,phases,ref  ] GC(111)     Cleared: 0
[30.210s][debug  ][gc,phases,ref  ] GC(111)   WeakReference:
[30.210s][debug  ][gc,phases,ref  ] GC(111)     Discovered: 0
[30.210s][debug  ][gc,phases,ref  ] GC(111)     Cleared: 0
[30.210s][debug  ][gc,phases,ref  ] GC(111)   FinalReference:
[30.210s][debug  ][gc,phases,ref  ] GC(111)     Discovered: 0
[30.210s][debug  ][gc,phases,ref  ] GC(111)     Cleared: 0
[30.210s][debug  ][gc,phases,ref  ] GC(111)   PhantomReference:
[30.210s][debug  ][gc,phases,ref  ] GC(111)     Discovered: 0
[30.210s][debug  ][gc,phases,ref  ] GC(111)     Cleared: 0
[30.210s][debug  ][gc,phases      ] GC(111) Reference Processing 0.760ms
[30.210s][debug  ][gc,phases,start] GC(111) Weak Processing
[30.210s][debug  ][gc,phases      ] GC(111)   VM Weak                        Min:  0.0, Avg:  0.0, Max:  0.0, Diff:  0.0, Sum:  0.0, Workers: 6
[30.210s][debug  ][gc,phases      ] GC(111)     Dead                           Min: 0, Avg:  0.0, Max: 0, Diff: 0, Sum: 0, Workers: 6
[30.210s][debug  ][gc,phases      ] GC(111)     Total                          Min: 0, Avg:  1.3, Max: 8, Diff: 8, Sum: 8, Workers: 6
[30.210s][debug  ][gc,phases      ] GC(111)   ObjectSynchronizer Weak        Min:  0.0, Avg:  0.0, Max:  0.0, Diff:  0.0, Sum:  0.0, Workers: 6
[30.210s][debug  ][gc,phases      ] GC(111)     Dead                           Min: 0, Avg:  0.0, Max: 0, Diff: 0, Sum: 0, Workers: 6
[30.210s][debug  ][gc,phases      ] GC(111)     Total                          Min: 0, Avg:  0.5, Max: 3, Diff: 3, Sum: 3, Workers: 6
[30.210s][debug  ][gc,phases      ] GC(111)   JVMTI Tag Weak OopStorage      Min:  0.0, Avg:  0.0, Max:  0.0, Diff:  0.0, Sum:  0.0, Workers: 6
[30.210s][debug  ][gc,phases      ] GC(111)     Dead                           Min: 0, Avg:  0.0, Max: 0, Diff: 0, Sum: 0, Workers: 6
[30.210s][debug  ][gc,phases      ] GC(111)     Total                          Min: 0, Avg:  0.0, Max: 0, Diff: 0, Sum: 0, Workers: 6
[30.210s][debug  ][gc,phases      ] GC(111)   StringTable Weak               Min:  0.0, Avg:  0.0, Max:  0.0, Diff:  0.0, Sum:  0.0, Workers: 6
[30.210s][debug  ][gc,phases      ] GC(111)     Dead                           Min: 0, Avg:  0.0, Max: 0, Diff: 0, Sum: 0, Workers: 6
[30.210s][debug  ][gc,phases      ] GC(111)     Total                          Min: 640, Avg: 892.3, Max: 1152, Diff: 512, Sum: 5354, Workers: 6
[30.211s][debug  ][gc,phases      ] GC(111)   ResolvedMethodTable Weak       Min:  0.0, Avg:  0.0, Max:  0.0, Diff:  0.0, Sum:  0.0, Workers: 6
[30.211s][debug  ][gc,phases      ] GC(111)     Dead                           Min: 0, Avg:  0.0, Max: 0, Diff: 0, Sum: 0, Workers: 6
[30.211s][debug  ][gc,phases      ] GC(111)     Total                          Min: 0, Avg: 21.7, Max: 64, Diff: 64, Sum: 130, Workers: 6
[30.211s][debug  ][gc,phases      ] GC(111)   JNI Weak                       Min:  0.0, Avg:  0.0, Max:  0.0, Diff:  0.0, Sum:  0.0, Workers: 6
[30.211s][debug  ][gc,phases      ] GC(111)     Dead                           Min: 0, Avg:  0.0, Max: 0, Diff: 0, Sum: 0, Workers: 6
[30.211s][debug  ][gc,phases      ] GC(111)     Total                          Min: 0, Avg:  0.0, Max: 0, Diff: 0, Sum: 0, Workers: 6
[30.211s][debug  ][gc,phases      ] GC(111)   StringDedup Table Weak         Min:  0.0, Avg:  0.0, Max:  0.0, Diff:  0.0, Sum:  0.0, Workers: 6
[30.211s][debug  ][gc,phases      ] GC(111)     Dead                           Min: 0, Avg:  0.0, Max: 0, Diff: 0, Sum: 0, Workers: 6
[30.211s][debug  ][gc,phases      ] GC(111)     Total                          Min: 0, Avg:  0.0, Max: 0, Diff: 0, Sum: 0, Workers: 6
[30.211s][debug  ][gc,phases      ] GC(111)   StringDedup Requests0 Weak     Min:  0.0, Avg:  0.0, Max:  0.0, Diff:  0.0, Sum:  0.0, Workers: 6
[30.211s][debug  ][gc,phases      ] GC(111)     Dead                           Min: 0, Avg:  0.0, Max: 0, Diff: 0, Sum: 0, Workers: 6
[30.211s][debug  ][gc,phases      ] GC(111)     Total                          Min: 0, Avg:  0.0, Max: 0, Diff: 0, Sum: 0, Workers: 6
[30.211s][debug  ][gc,phases      ] GC(111)   StringDedup Requests1 Weak     Min:  0.0, Avg:  0.0, Max:  0.0, Diff:  0.0, Sum:  0.0, Workers: 6
[30.211s][debug  ][gc,phases      ] GC(111)     Dead                           Min: 0, Avg:  0.0, Max: 0, Diff: 0, Sum: 0, Workers: 6
[30.211s][debug  ][gc,phases      ] GC(111)     Total                          Min: 0, Avg:  0.0, Max: 0, Diff: 0, Sum: 0, Workers: 6
[30.211s][debug  ][gc,phases      ] GC(111)   Weak JFR Old Object Samples    Min:  0.0, Avg:  0.0, Max:  0.0, Diff:  0.0, Sum:  0.0, Workers: 6
[30.211s][debug  ][gc,phases      ] GC(111)     Dead                           Min: 0, Avg:  0.0, Max: 0, Diff: 0, Sum: 0, Workers: 6
[30.211s][debug  ][gc,phases      ] GC(111)     Total                          Min: 0, Avg:  0.0, Max: 0, Diff: 0, Sum: 0, Workers: 6
[30.211s][debug  ][gc,phases      ] GC(111) Weak Processing 0.806ms
[30.211s][debug  ][gc,ergo        ] GC(111) AdaptiveSizeStart:  collection: 112 
[30.211s][debug  ][gc,ergo        ] GC(111) avg_survived_padded_avg: 35295224.000000
[30.211s][debug  ][gc,ergo        ] GC(111) avg_promoted_padded_avg: 247901568.000000  avg_pretenured_padded_avg: 0.000000  tenuring_thresh: 15  target_size: 35651584
[30.211s][debug  ][gc,age         ] GC(111) Desired survivor size 35651584 bytes, new threshold 15 (max threshold 15)
[30.211s][debug  ][gc,ergo        ] GC(111) PSAdaptiveSizePolicy::compute_eden_space_size limits: desired_eden_size: 213952076 old_eden_size: 196083712 eden_limit: 196608000 cur_eden: 196083712 max_eden_size: 196608000 avg_young_live: 25901040
[30.211s][debug  ][gc,ergo        ] GC(111) PSAdaptiveSizePolicy::compute_eden_space_size: costs minor_time: 0.046360 major_cost: 0.055661 mutator_cost: 0.897978 throughput_goal: 0.990000
[30.211s][debug  ][gc,ergo        ] GC(111) Live_space: 1062651968 free_space: 1422917632
[30.211s][debug  ][gc,ergo        ] GC(111) Old eden_size: 196083712 desired_eden_size: 196608000
[30.211s][debug  ][gc,ergo        ] GC(111) AdaptiveSizeStop: collection: 112 
[30.211s][info   ][gc,heap        ] GC(111) PSYoungGen: 218712K(226816K)->30720K(227328K) Eden: 187992K(191488K)->0K(192512K) From: 30720K(35328K)->30720K(34816K)
[30.211s][info   ][gc,heap        ] GC(111) ParOldGen: 964196K(1835008K)->1087076K(1835008K)
[30.211s][info   ][gc,metaspace   ] GC(111) Metaspace: 1022K(1216K)->1022K(1216K) NonClass: 939K(1024K)->939K(1024K) Class: 83K(192K)->83K(192K)
[30.211s][info   ][gc             ] GC(111) Pause Young (Allocation Failure) 1155M->1091M(2014M) 13.157ms
[30.211s][info   ][gc,cpu         ] GC(111) User=0.19s Sys=0.00s Real=0.01s
[30.211s][debug  ][gc,heap        ] GC(111) Heap after GC invocations=112 (full 18):
[30.211s][debug  ][gc,heap        ] GC(111)  PSYoungGen      total 227328K, used 30720K [0x00000000f0000000, 0x0000000100000000, 0x0000000100000000)
[30.211s][debug  ][gc,heap        ] GC(111)   eden space 192512K, 0% used [0x00000000f0000000,0x00000000f0000000,0x00000000fbc00000)
[30.211s][debug  ][gc,heap        ] GC(111)   from space 34816K, 88% used [0x00000000fde00000,0x00000000ffc00030,0x0000000100000000)
[30.211s][debug  ][gc,heap        ] GC(111)   to   space 34816K, 0% used [0x00000000fbc00000,0x00000000fbc00000,0x00000000fde00000)
[30.211s][debug  ][gc,heap        ] GC(111)  ParOldGen       total 1835008K, used 1087076K [0x0000000080000000, 0x00000000f0000000, 0x00000000f0000000)
[30.211s][debug  ][gc,heap        ] GC(111)   object space 1835008K, 59% used [0x0000000080000000,0x00000000c2599278,0x00000000f0000000)
[30.212s][debug  ][gc,heap        ] GC(111)  Metaspace       used 1022K, committed 1216K, reserved 1056768K
[30.212s][debug  ][gc,heap        ] GC(111)   class space    used 83K, committed 192K, reserved 1048576K
[30.212s][debug  ][gc,task,time   ] GC(111) VM-Thread 301976638 302093615 302115777
[30.498s][debug  ][gc,heap        ] GC(112) Heap before GC invocations=113 (full 18):
[30.498s][debug  ][gc,heap        ] GC(112)  PSYoungGen      total 227328K, used 218761K [0x00000000f0000000, 0x0000000100000000, 0x0000000100000000)
[30.498s][debug  ][gc,heap        ] GC(112)   eden space 192512K, 97% used [0x00000000f0000000,0x00000000fb7a2408,0x00000000fbc00000)
[30.498s][debug  ][gc,heap        ] GC(112)   from space 34816K, 88% used [0x00000000fde00000,0x00000000ffc00030,0x0000000100000000)
[30.498s][debug  ][gc,heap        ] GC(112)   to   space 34816K, 0% used [0x00000000fbc00000,0x00000000fbc00000,0x00000000fde00000)
[30.498s][debug  ][gc,heap        ] GC(112)  ParOldGen       total 1835008K, used 1087076K [0x0000000080000000, 0x00000000f0000000, 0x00000000f0000000)
[30.498s][debug  ][gc,heap        ] GC(112)   object space 1835008K, 59% used [0x0000000080000000,0x00000000c2599278,0x00000000f0000000)
[30.499s][debug  ][gc,heap        ] GC(112)  Metaspace       used 1022K, committed 1216K, reserved 1056768K
[30.499s][debug  ][gc,heap        ] GC(112)   class space    used 83K, committed 192K, reserved 1048576K
[30.499s][debug  ][gc,tlab        ] GC(112) TLAB totals: thrds: 1  refills: 1 max: 1 slow allocs: 17 max 17 waste: 26.7% gc: 3810024B max: 3810024B slow: 0B max: 0B
[30.499s][info   ][gc,start       ] GC(112) Pause Young (Allocation Failure)
[30.499s][debug  ][gc,phases,start] GC(112) Scavenge
[30.514s][debug  ][gc,phases      ] GC(112) Scavenge 15.039ms
[30.514s][debug  ][gc,phases,start] GC(112) Reference Processing
[30.514s][debug  ][gc,ref         ] GC(112) Skipped phase 1 of Reference Processing: no references
[30.514s][debug  ][gc,ref         ] GC(112) Skipped phase 2 of Reference Processing: no references
[30.514s][debug  ][gc,ref         ] GC(112) Skipped phase 3 of Reference Processing: no references
[30.514s][debug  ][gc,ref         ] GC(112) Skipped phase 4 of Reference Processing: no references
[30.514s][debug  ][gc,phases,ref  ] GC(112) Reference Processing: 0.1ms
[30.514s][debug  ][gc,phases,ref  ] GC(112)   Reconsider SoftReferences: 0.0ms
[30.514s][debug  ][gc,phases,ref  ] GC(112)     SoftRef (ms):                  skipped
[30.514s][debug  ][gc,phases,ref  ] GC(112)   Notify Soft/WeakReferences: 0.0ms
[30.514s][debug  ][gc,phases,ref  ] GC(112)     SoftRef (ms):                  skipped
[30.514s][debug  ][gc,phases,ref  ] GC(112)     WeakRef (ms):                  skipped
[30.514s][debug  ][gc,phases,ref  ] GC(112)     FinalRef (ms):                 skipped
[30.514s][debug  ][gc,phases,ref  ] GC(112)     Total (ms):                    skipped
[30.514s][debug  ][gc,phases,ref  ] GC(112)   Notify and keep alive finalizable: 0.0ms
[30.514s][debug  ][gc,phases,ref  ] GC(112)     FinalRef (ms):                 skipped
[30.514s][debug  ][gc,phases,ref  ] GC(112)   Notify PhantomReferences: 0.0ms
[30.514s][debug  ][gc,phases,ref  ] GC(112)     PhantomRef (ms):               skipped
[30.514s][debug  ][gc,phases,ref  ] GC(112)   SoftReference:
[30.514s][debug  ][gc,phases,ref  ] GC(112)     Discovered: 0
[30.514s][debug  ][gc,phases,ref  ] GC(112)     Cleared: 0
[30.514s][debug  ][gc,phases,ref  ] GC(112)   WeakReference:
[30.514s][debug  ][gc,phases,ref  ] GC(112)     Discovered: 0
[30.514s][debug  ][gc,phases,ref  ] GC(112)     Cleared: 0
[30.514s][debug  ][gc,phases,ref  ] GC(112)   FinalReference:
[30.515s][debug  ][gc,phases,ref  ] GC(112)     Discovered: 0
[30.515s][debug  ][gc,phases,ref  ] GC(112)     Cleared: 0
[30.515s][debug  ][gc,phases,ref  ] GC(112)   PhantomReference:
[30.515s][debug  ][gc,phases,ref  ] GC(112)     Discovered: 0
[30.515s][debug  ][gc,phases,ref  ] GC(112)     Cleared: 0
[30.515s][debug  ][gc,phases      ] GC(112) Reference Processing 0.832ms
[30.515s][debug  ][gc,phases,start] GC(112) Weak Processing
[30.515s][debug  ][gc,phases      ] GC(112)   VM Weak                        Min:  0.0, Avg:  0.0, Max:  0.0, Diff:  0.0, Sum:  0.0, Workers: 6
[30.515s][debug  ][gc,phases      ] GC(112)     Dead                           Min: 0, Avg:  0.0, Max: 0, Diff: 0, Sum: 0, Workers: 6
[30.515s][debug  ][gc,phases      ] GC(112)     Total                          Min: 0, Avg:  1.3, Max: 8, Diff: 8, Sum: 8, Workers: 6
[30.515s][debug  ][gc,phases      ] GC(112)   ObjectSynchronizer Weak        Min:  0.0, Avg:  0.0, Max:  0.0, Diff:  0.0, Sum:  0.0, Workers: 6
[30.515s][debug  ][gc,phases      ] GC(112)     Dead                           Min: 0, Avg:  0.0, Max: 0, Diff: 0, Sum: 0, Workers: 6
[30.515s][debug  ][gc,phases      ] GC(112)     Total                          Min: 0, Avg:  0.5, Max: 3, Diff: 3, Sum: 3, Workers: 6
[30.515s][debug  ][gc,phases      ] GC(112)   JVMTI Tag Weak OopStorage      Min:  0.0, Avg:  0.0, Max:  0.0, Diff:  0.0, Sum:  0.0, Workers: 6
[30.515s][debug  ][gc,phases      ] GC(112)     Dead                           Min: 0, Avg:  0.0, Max: 0, Diff: 0, Sum: 0, Workers: 6
[30.515s][debug  ][gc,phases      ] GC(112)     Total                          Min: 0, Avg:  0.0, Max: 0, Diff: 0, Sum: 0, Workers: 6
[30.515s][debug  ][gc,phases      ] GC(112)   StringTable Weak               Min:  0.0, Avg:  0.0, Max:  0.0, Diff:  0.0, Sum:  0.0, Workers: 6
[30.515s][debug  ][gc,phases      ] GC(112)     Dead                           Min: 0, Avg:  0.0, Max: 0, Diff: 0, Sum: 0, Workers: 6
[30.515s][debug  ][gc,phases      ] GC(112)     Total                          Min: 639, Avg: 892.3, Max: 1152, Diff: 513, Sum: 5354, Workers: 6
[30.515s][debug  ][gc,phases      ] GC(112)   ResolvedMethodTable Weak       Min:  0.0, Avg:  0.0, Max:  0.0, Diff:  0.0, Sum:  0.0, Workers: 6
[30.515s][debug  ][gc,phases      ] GC(112)     Dead                           Min: 0, Avg:  0.0, Max: 0, Diff: 0, Sum: 0, Workers: 6
[30.515s][debug  ][gc,phases      ] GC(112)     Total                          Min: 0, Avg: 21.7, Max: 64, Diff: 64, Sum: 130, Workers: 6
[30.515s][debug  ][gc,phases      ] GC(112)   JNI Weak                       Min:  0.0, Avg:  0.0, Max:  0.0, Diff:  0.0, Sum:  0.0, Workers: 6
[30.515s][debug  ][gc,phases      ] GC(112)     Dead                           Min: 0, Avg:  0.0, Max: 0, Diff: 0, Sum: 0, Workers: 6
[30.515s][debug  ][gc,phases      ] GC(112)     Total                          Min: 0, Avg:  0.0, Max: 0, Diff: 0, Sum: 0, Workers: 6
[30.515s][debug  ][gc,phases      ] GC(112)   StringDedup Table Weak         Min:  0.0, Avg:  0.0, Max:  0.0, Diff:  0.0, Sum:  0.0, Workers: 6
[30.515s][debug  ][gc,phases      ] GC(112)     Dead                           Min: 0, Avg:  0.0, Max: 0, Diff: 0, Sum: 0, Workers: 6
[30.515s][debug  ][gc,phases      ] GC(112)     Total                          Min: 0, Avg:  0.0, Max: 0, Diff: 0, Sum: 0, Workers: 6
[30.515s][debug  ][gc,phases      ] GC(112)   StringDedup Requests0 Weak     Min:  0.0, Avg:  0.0, Max:  0.0, Diff:  0.0, Sum:  0.0, Workers: 6
[30.515s][debug  ][gc,phases      ] GC(112)     Dead                           Min: 0, Avg:  0.0, Max: 0, Diff: 0, Sum: 0, Workers: 6
[30.515s][debug  ][gc,phases      ] GC(112)     Total                          Min: 0, Avg:  0.0, Max: 0, Diff: 0, Sum: 0, Workers: 6
[30.515s][debug  ][gc,phases      ] GC(112)   StringDedup Requests1 Weak     Min:  0.0, Avg:  0.0, Max:  0.0, Diff:  0.0, Sum:  0.0, Workers: 6
[30.515s][debug  ][gc,phases      ] GC(112)     Dead                           Min: 0, Avg:  0.0, Max: 0, Diff: 0, Sum: 0, Workers: 6
[30.515s][debug  ][gc,phases      ] GC(112)     Total                          Min: 0, Avg:  0.0, Max: 0, Diff: 0, Sum: 0, Workers: 6
[30.515s][debug  ][gc,phases      ] GC(112)   Weak JFR Old Object Samples    Min:  0.0, Avg:  0.0, Max:  0.0, Diff:  0.0, Sum:  0.0, Workers: 6
[30.515s][debug  ][gc,phases      ] GC(112)     Dead                           Min: 0, Avg:  0.0, Max: 0, Diff: 0, Sum: 0, Workers: 6
[30.515s][debug  ][gc,phases      ] GC(112)     Total                          Min: 0, Avg:  0.0, Max: 0, Diff: 0, Sum: 0, Workers: 6
[30.516s][debug  ][gc,phases      ] GC(112) Weak Processing 0.835ms
[30.516s][debug  ][gc,ergo        ] GC(112) AdaptiveSizeStart:  collection: 113 
[30.516s][debug  ][gc,ergo        ] GC(112) avg_survived_padded_avg: 35052212.000000
[30.516s][debug  ][gc,ergo        ] GC(112) avg_promoted_padded_avg: 250260304.000000  avg_pretenured_padded_avg: 0.000000  tenuring_thresh: 15  target_size: 35127296
[30.516s][debug  ][gc,age         ] GC(112) Desired survivor size 35127296 bytes, new threshold 15 (max threshold 15)
[30.516s][debug  ][gc,ergo        ] GC(112) PSAdaptiveSizePolicy::compute_eden_space_size limits: desired_eden_size: 215707823 old_eden_size: 196608000 eden_limit: 197132288 cur_eden: 197132288 max_eden_size: 197132288 avg_young_live: 26456668
[30.516s][debug  ][gc,ergo        ] GC(112) PSAdaptiveSizePolicy::compute_eden_space_size: costs minor_time: 0.048610 major_cost: 0.055661 mutator_cost: 0.895729 throughput_goal: 0.990000
[30.516s][debug  ][gc,ergo        ] GC(112) Live_space: 1063207552 free_space: 1423441920
[30.516s][debug  ][gc,ergo        ] GC(112) Old eden_size: 196608000 desired_eden_size: 197132288
[30.516s][debug  ][gc,ergo        ] GC(112) AdaptiveSizeStop: collection: 113 
[30.516s][info   ][gc,heap        ] GC(112) PSYoungGen: 218761K(227328K)->30720K(227328K) Eden: 188041K(192512K)->0K(192512K) From: 30720K(34816K)->30720K(34816K)
[30.516s][info   ][gc,heap        ] GC(112) ParOldGen: 1087076K(1835008K)->1271396K(1835008K)
[30.516s][info   ][gc,metaspace   ] GC(112) Metaspace: 1022K(1216K)->1022K(1216K) NonClass: 939K(1024K)->939K(1024K) Class: 83K(192K)->83K(192K)
[30.516s][info   ][gc             ] GC(112) Pause Young (Allocation Failure) 1275M->1271M(2014M) 17.207ms
[30.516s][info   ][gc,cpu         ] GC(112) User=0.19s Sys=0.00s Real=0.02s
[30.516s][debug  ][gc,heap        ] GC(112) Heap after GC invocations=113 (full 18):
[30.516s][debug  ][gc,heap        ] GC(112)  PSYoungGen      total 227328K, used 30720K [0x00000000f0000000, 0x0000000100000000, 0x0000000100000000)
[30.516s][debug  ][gc,heap        ] GC(112)   eden space 192512K, 0% used [0x00000000f0000000,0x00000000f0000000,0x00000000fbc00000)
[30.516s][debug  ][gc,heap        ] GC(112)   from space 34816K, 88% used [0x00000000fbc00000,0x00000000fda00030,0x00000000fde00000)
[30.516s][debug  ][gc,heap        ] GC(112)   to   space 34304K, 0% used [0x00000000fde80000,0x00000000fde80000,0x0000000100000000)
[30.516s][debug  ][gc,heap        ] GC(112)  ParOldGen       total 1835008K, used 1271396K [0x0000000080000000, 0x00000000f0000000, 0x00000000f0000000)
[30.516s][debug  ][gc,heap        ] GC(112)   object space 1835008K, 69% used [0x0000000080000000,0x00000000cd999398,0x00000000f0000000)
[30.516s][debug  ][gc,heap        ] GC(112)  Metaspace       used 1022K, committed 1216K, reserved 1056768K
[30.516s][debug  ][gc,heap        ] GC(112)   class space    used 83K, committed 192K, reserved 1048576K
[30.516s][debug  ][gc,task,time   ] GC(112) VM-Thread 304982134 305138220 305160841
[30.801s][debug  ][gc,heap        ] GC(113) Heap before GC invocations=114 (full 18):
[30.801s][debug  ][gc,heap        ] GC(113)  PSYoungGen      total 227328K, used 218779K [0x00000000f0000000, 0x0000000100000000, 0x0000000100000000)
[30.801s][debug  ][gc,heap        ] GC(113)   eden space 192512K, 97% used [0x00000000f0000000,0x00000000fb7a6eb8,0x00000000fbc00000)
[30.801s][debug  ][gc,heap        ] GC(113)   from space 34816K, 88% used [0x00000000fbc00000,0x00000000fda00030,0x00000000fde00000)
[30.801s][debug  ][gc,heap        ] GC(113)   to   space 34304K, 0% used [0x00000000fde80000,0x00000000fde80000,0x0000000100000000)
[30.801s][debug  ][gc,heap        ] GC(113)  ParOldGen       total 1835008K, used 1271396K [0x0000000080000000, 0x00000000f0000000, 0x00000000f0000000)
[30.801s][debug  ][gc,heap        ] GC(113)   object space 1835008K, 69% used [0x0000000080000000,0x00000000cd999398,0x00000000f0000000)
[30.801s][debug  ][gc,heap        ] GC(113)  Metaspace       used 1022K, committed 1216K, reserved 1056768K
[30.801s][debug  ][gc,heap        ] GC(113)   class space    used 83K, committed 192K, reserved 1048576K
[30.801s][debug  ][gc,tlab        ] GC(113) TLAB totals: thrds: 1  refills: 1 max: 1 slow allocs: 17 max 17 waste: 26.7% gc: 3829144B max: 3829144B slow: 0B max: 0B
[30.801s][info   ][gc,start       ] GC(113) Pause Young (Allocation Failure)
[30.801s][debug  ][gc,phases,start] GC(113) Scavenge
[30.816s][debug  ][gc,phases      ] GC(113) Scavenge 15.380ms
[30.816s][debug  ][gc,phases,start] GC(113) Reference Processing
[30.816s][debug  ][gc,ref         ] GC(113) Skipped phase 1 of Reference Processing: no references
[30.817s][debug  ][gc,ref         ] GC(113) Skipped phase 2 of Reference Processing: no references
[30.817s][debug  ][gc,ref         ] GC(113) Skipped phase 3 of Reference Processing: no references
[30.817s][debug  ][gc,ref         ] GC(113) Skipped phase 4 of Reference Processing: no references
[30.817s][debug  ][gc,phases,ref  ] GC(113) Reference Processing: 0.1ms
[30.817s][debug  ][gc,phases,ref  ] GC(113)   Reconsider SoftReferences: 0.0ms
[30.817s][debug  ][gc,phases,ref  ] GC(113)     SoftRef (ms):                  skipped
[30.817s][debug  ][gc,phases,ref  ] GC(113)   Notify Soft/WeakReferences: 0.0ms
[30.817s][debug  ][gc,phases,ref  ] GC(113)     SoftRef (ms):                  skipped
[30.817s][debug  ][gc,phases,ref  ] GC(113)     WeakRef (ms):                  skipped
[30.817s][debug  ][gc,phases,ref  ] GC(113)     FinalRef (ms):                 skipped
[30.817s][debug  ][gc,phases,ref  ] GC(113)     Total (ms):                    skipped
[30.817s][debug  ][gc,phases,ref  ] GC(113)   Notify and keep alive finalizable: 0.0ms
[30.817s][debug  ][gc,phases,ref  ] GC(113)     FinalRef (ms):                 skipped
[30.817s][debug  ][gc,phases,ref  ] GC(113)   Notify PhantomReferences: 0.0ms
[30.817s][debug  ][gc,phases,ref  ] GC(113)     PhantomRef (ms):               skipped
[30.817s][debug  ][gc,phases,ref  ] GC(113)   SoftReference:
[30.817s][debug  ][gc,phases,ref  ] GC(113)     Discovered: 0
[30.817s][debug  ][gc,phases,ref  ] GC(113)     Cleared: 0
[30.817s][debug  ][gc,phases,ref  ] GC(113)   WeakReference:
[30.817s][debug  ][gc,phases,ref  ] GC(113)     Discovered: 0
[30.817s][debug  ][gc,phases,ref  ] GC(113)     Cleared: 0
[30.817s][debug  ][gc,phases,ref  ] GC(113)   FinalReference:
[30.817s][debug  ][gc,phases,ref  ] GC(113)     Discovered: 0
[30.817s][debug  ][gc,phases,ref  ] GC(113)     Cleared: 0
[30.817s][debug  ][gc,phases,ref  ] GC(113)   PhantomReference:
[30.817s][debug  ][gc,phases,ref  ] GC(113)     Discovered: 0
[30.817s][debug  ][gc,phases,ref  ] GC(113)     Cleared: 0
[30.817s][debug  ][gc,phases      ] GC(113) Reference Processing 0.673ms
[30.817s][debug  ][gc,phases,start] GC(113) Weak Processing
[30.817s][debug  ][gc,phases      ] GC(113)   VM Weak                        Min:  0.0, Avg:  0.0, Max:  0.0, Diff:  0.0, Sum:  0.0, Workers: 6
[30.817s][debug  ][gc,phases      ] GC(113)     Dead                           Min: 0, Avg:  0.0, Max: 0, Diff: 0, Sum: 0, Workers: 6
[30.817s][debug  ][gc,phases      ] GC(113)     Total                          Min: 0, Avg:  1.3, Max: 8, Diff: 8, Sum: 8, Workers: 6
[30.817s][debug  ][gc,phases      ] GC(113)   ObjectSynchronizer Weak        Min:  0.0, Avg:  0.0, Max:  0.0, Diff:  0.0, Sum:  0.0, Workers: 6
[30.817s][debug  ][gc,phases      ] GC(113)     Dead                           Min: 0, Avg:  0.0, Max: 0, Diff: 0, Sum: 0, Workers: 6
[30.817s][debug  ][gc,phases      ] GC(113)     Total                          Min: 0, Avg:  0.5, Max: 3, Diff: 3, Sum: 3, Workers: 6
[30.817s][debug  ][gc,phases      ] GC(113)   JVMTI Tag Weak OopStorage      Min:  0.0, Avg:  0.0, Max:  0.0, Diff:  0.0, Sum:  0.0, Workers: 6
[30.817s][debug  ][gc,phases      ] GC(113)     Dead                           Min: 0, Avg:  0.0, Max: 0, Diff: 0, Sum: 0, Workers: 6
[30.817s][debug  ][gc,phases      ] GC(113)     Total                          Min: 0, Avg:  0.0, Max: 0, Diff: 0, Sum: 0, Workers: 6
[30.817s][debug  ][gc,phases      ] GC(113)   StringTable Weak               Min:  0.0, Avg:  0.0, Max:  0.0, Diff:  0.0, Sum:  0.0, Workers: 6
[30.817s][debug  ][gc,phases      ] GC(113)     Dead                           Min: 0, Avg:  0.0, Max: 0, Diff: 0, Sum: 0, Workers: 6
[30.817s][debug  ][gc,phases      ] GC(113)     Total                          Min: 639, Avg: 892.3, Max: 1088, Diff: 449, Sum: 5354, Workers: 6
[30.818s][debug  ][gc,phases      ] GC(113)   ResolvedMethodTable Weak       Min:  0.0, Avg:  0.0, Max:  0.0, Diff:  0.0, Sum:  0.0, Workers: 6
[30.818s][debug  ][gc,phases      ] GC(113)     Dead                           Min: 0, Avg:  0.0, Max: 0, Diff: 0, Sum: 0, Workers: 6
[30.818s][debug  ][gc,phases      ] GC(113)     Total                          Min: 0, Avg: 21.7, Max: 64, Diff: 64, Sum: 130, Workers: 6
[30.818s][debug  ][gc,phases      ] GC(113)   JNI Weak                       Min:  0.0, Avg:  0.0, Max:  0.0, Diff:  0.0, Sum:  0.0, Workers: 6
[30.818s][debug  ][gc,phases      ] GC(113)     Dead                           Min: 0, Avg:  0.0, Max: 0, Diff: 0, Sum: 0, Workers: 6
[30.818s][debug  ][gc,phases      ] GC(113)     Total                          Min: 0, Avg:  0.0, Max: 0, Diff: 0, Sum: 0, Workers: 6
[30.818s][debug  ][gc,phases      ] GC(113)   StringDedup Table Weak         Min:  0.0, Avg:  0.0, Max:  0.0, Diff:  0.0, Sum:  0.0, Workers: 6
[30.818s][debug  ][gc,phases      ] GC(113)     Dead                           Min: 0, Avg:  0.0, Max: 0, Diff: 0, Sum: 0, Workers: 6
[30.818s][debug  ][gc,phases      ] GC(113)     Total                          Min: 0, Avg:  0.0, Max: 0, Diff: 0, Sum: 0, Workers: 6
[30.818s][debug  ][gc,phases      ] GC(113)   StringDedup Requests0 Weak     Min:  0.0, Avg:  0.0, Max:  0.0, Diff:  0.0, Sum:  0.0, Workers: 6
[30.818s][debug  ][gc,phases      ] GC(113)     Dead                           Min: 0, Avg:  0.0, Max: 0, Diff: 0, Sum: 0, Workers: 6
[30.818s][debug  ][gc,phases      ] GC(113)     Total                          Min: 0, Avg:  0.0, Max: 0, Diff: 0, Sum: 0, Workers: 6
[30.818s][debug  ][gc,phases      ] GC(113)   StringDedup Requests1 Weak     Min:  0.0, Avg:  0.0, Max:  0.0, Diff:  0.0, Sum:  0.0, Workers: 6
[30.818s][debug  ][gc,phases      ] GC(113)     Dead                           Min: 0, Avg:  0.0, Max: 0, Diff: 0, Sum: 0, Workers: 6
[30.818s][debug  ][gc,phases      ] GC(113)     Total                          Min: 0, Avg:  0.0, Max: 0, Diff: 0, Sum: 0, Workers: 6
[30.818s][debug  ][gc,phases      ] GC(113)   Weak JFR Old Object Samples    Min:  0.0, Avg:  0.0, Max:  0.0, Diff:  0.0, Sum:  0.0, Workers: 6
[30.818s][debug  ][gc,phases      ] GC(113)     Dead                           Min: 0, Avg:  0.0, Max: 0, Diff: 0, Sum: 0, Workers: 6
[30.818s][debug  ][gc,phases      ] GC(113)     Total                          Min: 0, Avg:  0.0, Max: 0, Diff: 0, Sum: 0, Workers: 6
[30.818s][debug  ][gc,phases      ] GC(113) Weak Processing 0.749ms
[30.818s][debug  ][gc,ergo        ] GC(113) AdaptiveSizeStart:  collection: 114 
[30.818s][debug  ][gc,ergo        ] GC(113) avg_survived_padded_avg: 34819428.000000
[30.818s][debug  ][gc,ergo        ] GC(113) avg_promoted_padded_avg: 251555712.000000  avg_pretenured_padded_avg: 0.000000  tenuring_thresh: 15  target_size: 35127296
[30.818s][debug  ][gc,age         ] GC(113) Desired survivor size 35127296 bytes, new threshold 15 (max threshold 15)
[30.818s][debug  ][gc,ergo        ] GC(113) PSAdaptiveSizePolicy::compute_eden_space_size limits: desired_eden_size: 216078037 old_eden_size: 197132288 eden_limit: 197656576 cur_eden: 197132288 max_eden_size: 197656576 avg_young_live: 26956732
[30.818s][debug  ][gc,ergo        ] GC(113) PSAdaptiveSizePolicy::compute_eden_space_size: costs minor_time: 0.050457 major_cost: 0.055661 mutator_cost: 0.893882 throughput_goal: 0.990000
[30.818s][debug  ][gc,ergo        ] GC(113) Live_space: 1063707648 free_space: 1423966208
[30.818s][debug  ][gc,ergo        ] GC(113) Old eden_size: 197132288 desired_eden_size: 197656576
[30.818s][debug  ][gc,ergo        ] GC(113) AdaptiveSizeStop: collection: 114 
[30.818s][info   ][gc,heap        ] GC(113) PSYoungGen: 218779K(227328K)->30720K(227840K) Eden: 188059K(192512K)->0K(193536K) From: 30720K(34816K)->30720K(34304K)
[30.818s][info   ][gc,heap        ] GC(113) ParOldGen: 1271396K(1835008K)->1455717K(1835008K)
[30.818s][info   ][gc,metaspace   ] GC(113) Metaspace: 1022K(1216K)->1022K(1216K) NonClass: 939K(1024K)->939K(1024K) Class: 83K(192K)->83K(192K)
[30.818s][info   ][gc             ] GC(113) Pause Young (Allocation Failure) 1455M->1451M(2014M) 17.268ms
[30.818s][info   ][gc,cpu         ] GC(113) User=0.14s Sys=0.00s Real=0.02s
[30.818s][debug  ][gc,heap        ] GC(113) Heap after GC invocations=114 (full 18):
[30.818s][debug  ][gc,heap        ] GC(113)  PSYoungGen      total 227840K, used 30720K [0x00000000f0000000, 0x0000000100000000, 0x0000000100000000)
[30.818s][debug  ][gc,heap        ] GC(113)   eden space 193536K, 0% used [0x00000000f0000000,0x00000000f0000000,0x00000000fbd00000)
[30.818s][debug  ][gc,heap        ] GC(113)   from space 34304K, 89% used [0x00000000fde80000,0x00000000ffc80030,0x0000000100000000)
[30.818s][debug  ][gc,heap        ] GC(113)   to   space 34304K, 0% used [0x00000000fbd00000,0x00000000fbd00000,0x00000000fde80000)
[30.818s][debug  ][gc,heap        ] GC(113)  ParOldGen       total 1835008K, used 1455717K [0x0000000080000000, 0x00000000f0000000, 0x00000000f0000000)
[30.818s][debug  ][gc,heap        ] GC(113)   object space 1835008K, 79% used [0x0000000080000000,0x00000000d8d994b8,0x00000000f0000000)
[30.818s][debug  ][gc,heap        ] GC(113)  Metaspace       used 1022K, committed 1216K, reserved 1056768K
[30.818s][debug  ][gc,heap        ] GC(113)   class space    used 83K, committed 192K, reserved 1048576K
[30.818s][debug  ][gc,task,time   ] GC(113) VM-Thread 308004970 308164530 308184593
[31.099s][debug  ][gc,heap        ] GC(114) Heap before GC invocations=115 (full 18):
[31.099s][debug  ][gc,heap        ] GC(114)  PSYoungGen      total 227840K, used 218811K [0x00000000f0000000, 0x0000000100000000, 0x0000000100000000)
[31.099s][debug  ][gc,heap        ] GC(114)   eden space 193536K, 97% used [0x00000000f0000000,0x00000000fb7aee88,0x00000000fbd00000)
[31.100s][debug  ][gc,heap        ] GC(114)   from space 34304K, 89% used [0x00000000fde80000,0x00000000ffc80030,0x0000000100000000)
[31.100s][debug  ][gc,heap        ] GC(114)   to   space 34304K, 0% used [0x00000000fbd00000,0x00000000fbd00000,0x00000000fde80000)
[31.100s][debug  ][gc,heap        ] GC(114)  ParOldGen       total 1835008K, used 1455717K [0x0000000080000000, 0x00000000f0000000, 0x00000000f0000000)
[31.100s][debug  ][gc,heap        ] GC(114)   object space 1835008K, 79% used [0x0000000080000000,0x00000000d8d994b8,0x00000000f0000000)
[31.100s][debug  ][gc,heap        ] GC(114)  Metaspace       used 1022K, committed 1216K, reserved 1056768K
[31.100s][debug  ][gc,heap        ] GC(114)   class space    used 83K, committed 192K, reserved 1048576K
[31.100s][debug  ][gc,tlab        ] GC(114) TLAB totals: thrds: 1  refills: 1 max: 1 slow allocs: 17 max 17 waste: 26.9% gc: 3861864B max: 3861864B slow: 0B max: 0B
[31.100s][info   ][gc,start       ] GC(114) Pause Young (Allocation Failure)
[31.100s][debug  ][gc,phases,start] GC(114) Scavenge
[31.115s][debug  ][gc,phases      ] GC(114) Scavenge 14.958ms
[31.115s][debug  ][gc,phases,start] GC(114) Reference Processing
[31.115s][debug  ][gc,ref         ] GC(114) Skipped phase 1 of Reference Processing: no references
[31.115s][debug  ][gc,ref         ] GC(114) Skipped phase 2 of Reference Processing: no references
[31.115s][debug  ][gc,ref         ] GC(114) Skipped phase 3 of Reference Processing: no references
[31.115s][debug  ][gc,ref         ] GC(114) Skipped phase 4 of Reference Processing: no references
[31.115s][debug  ][gc,phases,ref  ] GC(114) Reference Processing: 0.1ms
[31.115s][debug  ][gc,phases,ref  ] GC(114)   Reconsider SoftReferences: 0.0ms
[31.115s][debug  ][gc,phases,ref  ] GC(114)     SoftRef (ms):                  skipped
[31.115s][debug  ][gc,phases,ref  ] GC(114)   Notify Soft/WeakReferences: 0.0ms
[31.115s][debug  ][gc,phases,ref  ] GC(114)     SoftRef (ms):                  skipped
[31.115s][debug  ][gc,phases,ref  ] GC(114)     WeakRef (ms):                  skipped
[31.115s][debug  ][gc,phases,ref  ] GC(114)     FinalRef (ms):                 skipped
[31.115s][debug  ][gc,phases,ref  ] GC(114)     Total (ms):                    skipped
[31.115s][debug  ][gc,phases,ref  ] GC(114)   Notify and keep alive finalizable: 0.0ms
[31.115s][debug  ][gc,phases,ref  ] GC(114)     FinalRef (ms):                 skipped
[31.115s][debug  ][gc,phases,ref  ] GC(114)   Notify PhantomReferences: 0.0ms
[31.115s][debug  ][gc,phases,ref  ] GC(114)     PhantomRef (ms):               skipped
[31.115s][debug  ][gc,phases,ref  ] GC(114)   SoftReference:
[31.115s][debug  ][gc,phases,ref  ] GC(114)     Discovered: 0
[31.115s][debug  ][gc,phases,ref  ] GC(114)     Cleared: 0
[31.115s][debug  ][gc,phases,ref  ] GC(114)   WeakReference:
[31.115s][debug  ][gc,phases,ref  ] GC(114)     Discovered: 0
[31.115s][debug  ][gc,phases,ref  ] GC(114)     Cleared: 0
[31.115s][debug  ][gc,phases,ref  ] GC(114)   FinalReference:
[31.115s][debug  ][gc,phases,ref  ] GC(114)     Discovered: 0
[31.115s][debug  ][gc,phases,ref  ] GC(114)     Cleared: 0
[31.115s][debug  ][gc,phases,ref  ] GC(114)   PhantomReference:
[31.115s][debug  ][gc,phases,ref  ] GC(114)     Discovered: 0
[31.115s][debug  ][gc,phases,ref  ] GC(114)     Cleared: 0
[31.115s][debug  ][gc,phases      ] GC(114) Reference Processing 0.591ms
[31.115s][debug  ][gc,phases,start] GC(114) Weak Processing
[31.115s][debug  ][gc,phases      ] GC(114)   VM Weak                        Min:  0.0, Avg:  0.0, Max:  0.0, Diff:  0.0, Sum:  0.0, Workers: 6
[31.115s][debug  ][gc,phases      ] GC(114)     Dead                           Min: 0, Avg:  0.0, Max: 0, Diff: 0, Sum: 0, Workers: 6
[31.116s][debug  ][gc,phases      ] GC(114)     Total                          Min: 0, Avg:  1.3, Max: 8, Diff: 8, Sum: 8, Workers: 6
[31.116s][debug  ][gc,phases      ] GC(114)   ObjectSynchronizer Weak        Min:  0.0, Avg:  0.0, Max:  0.0, Diff:  0.0, Sum:  0.0, Workers: 6
[31.116s][debug  ][gc,phases      ] GC(114)     Dead                           Min: 0, Avg:  0.0, Max: 0, Diff: 0, Sum: 0, Workers: 6
[31.116s][debug  ][gc,phases      ] GC(114)     Total                          Min: 0, Avg:  0.5, Max: 3, Diff: 3, Sum: 3, Workers: 6
[31.116s][debug  ][gc,phases      ] GC(114)   JVMTI Tag Weak OopStorage      Min:  0.0, Avg:  0.0, Max:  0.0, Diff:  0.0, Sum:  0.0, Workers: 6
[31.116s][debug  ][gc,phases      ] GC(114)     Dead                           Min: 0, Avg:  0.0, Max: 0, Diff: 0, Sum: 0, Workers: 6
[31.116s][debug  ][gc,phases      ] GC(114)     Total                          Min: 0, Avg:  0.0, Max: 0, Diff: 0, Sum: 0, Workers: 6
[31.116s][debug  ][gc,phases      ] GC(114)   StringTable Weak               Min:  0.0, Avg:  0.0, Max:  0.0, Diff:  0.0, Sum:  0.0, Workers: 6
[31.116s][debug  ][gc,phases      ] GC(114)     Dead                           Min: 0, Avg:  0.0, Max: 0, Diff: 0, Sum: 0, Workers: 6
[31.116s][debug  ][gc,phases      ] GC(114)     Total                          Min: 704, Avg: 892.3, Max: 1088, Diff: 384, Sum: 5354, Workers: 6
[31.116s][debug  ][gc,phases      ] GC(114)   ResolvedMethodTable Weak       Min:  0.0, Avg:  0.0, Max:  0.0, Diff:  0.0, Sum:  0.0, Workers: 6
[31.116s][debug  ][gc,phases      ] GC(114)     Dead                           Min: 0, Avg:  0.0, Max: 0, Diff: 0, Sum: 0, Workers: 6
[31.116s][debug  ][gc,phases      ] GC(114)     Total                          Min: 0, Avg: 21.7, Max: 64, Diff: 64, Sum: 130, Workers: 6
[31.116s][debug  ][gc,phases      ] GC(114)   JNI Weak                       Min:  0.0, Avg:  0.0, Max:  0.0, Diff:  0.0, Sum:  0.0, Workers: 6
[31.116s][debug  ][gc,phases      ] GC(114)     Dead                           Min: 0, Avg:  0.0, Max: 0, Diff: 0, Sum: 0, Workers: 6
[31.116s][debug  ][gc,phases      ] GC(114)     Total                          Min: 0, Avg:  0.0, Max: 0, Diff: 0, Sum: 0, Workers: 6
[31.116s][debug  ][gc,phases      ] GC(114)   StringDedup Table Weak         Min:  0.0, Avg:  0.0, Max:  0.0, Diff:  0.0, Sum:  0.0, Workers: 6
[31.116s][debug  ][gc,phases      ] GC(114)     Dead                           Min: 0, Avg:  0.0, Max: 0, Diff: 0, Sum: 0, Workers: 6
[31.116s][debug  ][gc,phases      ] GC(114)     Total                          Min: 0, Avg:  0.0, Max: 0, Diff: 0, Sum: 0, Workers: 6
[31.116s][debug  ][gc,phases      ] GC(114)   StringDedup Requests0 Weak     Min:  0.0, Avg:  0.0, Max:  0.0, Diff:  0.0, Sum:  0.0, Workers: 6
[31.116s][debug  ][gc,phases      ] GC(114)     Dead                           Min: 0, Avg:  0.0, Max: 0, Diff: 0, Sum: 0, Workers: 6
[31.116s][debug  ][gc,phases      ] GC(114)     Total                          Min: 0, Avg:  0.0, Max: 0, Diff: 0, Sum: 0, Workers: 6
[31.116s][debug  ][gc,phases      ] GC(114)   StringDedup Requests1 Weak     Min:  0.0, Avg:  0.0, Max:  0.0, Diff:  0.0, Sum:  0.0, Workers: 6
[31.116s][debug  ][gc,phases      ] GC(114)     Dead                           Min: 0, Avg:  0.0, Max: 0, Diff: 0, Sum: 0, Workers: 6
[31.116s][debug  ][gc,phases      ] GC(114)     Total                          Min: 0, Avg:  0.0, Max: 0, Diff: 0, Sum: 0, Workers: 6
[31.116s][debug  ][gc,phases      ] GC(114)   Weak JFR Old Object Samples    Min:  0.0, Avg:  0.0, Max:  0.0, Diff:  0.0, Sum:  0.0, Workers: 6
[31.116s][debug  ][gc,phases      ] GC(114)     Dead                           Min: 0, Avg:  0.0, Max: 0, Diff: 0, Sum: 0, Workers: 6
[31.116s][debug  ][gc,phases      ] GC(114)     Total                          Min: 0, Avg:  0.0, Max: 0, Diff: 0, Sum: 0, Workers: 6
[31.116s][debug  ][gc,phases      ] GC(114) Weak Processing 0.692ms
[31.116s][debug  ][gc,ergo        ] GC(114) AdaptiveSizeStart:  collection: 115 
[31.116s][debug  ][gc,ergo        ] GC(114) avg_survived_padded_avg: 34597248.000000
[31.116s][debug  ][gc,ergo        ] GC(114) avg_promoted_padded_avg: 251976880.000000  avg_pretenured_padded_avg: 0.000000  tenuring_thresh: 15  target_size: 34603008
[31.116s][debug  ][gc,age         ] GC(114) Desired survivor size 34603008 bytes, new threshold 15 (max threshold 15)
[31.116s][debug  ][gc,ergo        ] GC(114) PSAdaptiveSizePolicy::compute_eden_space_size limits: desired_eden_size: 217339649 old_eden_size: 197656576 eden_limit: 198180864 cur_eden: 198180864 max_eden_size: 198180864 avg_young_live: 27406790
[31.116s][debug  ][gc,ergo        ] GC(114) PSAdaptiveSizePolicy::compute_eden_space_size: costs minor_time: 0.051549 major_cost: 0.055661 mutator_cost: 0.892789 throughput_goal: 0.990000
[31.116s][debug  ][gc,ergo        ] GC(114) Live_space: 1064157696 free_space: 1424490496
[31.116s][debug  ][gc,ergo        ] GC(114) Old eden_size: 197656576 desired_eden_size: 198180864
[31.116s][debug  ][gc,ergo        ] GC(114) AdaptiveSizeStop: collection: 115 
[31.116s][info   ][gc,heap        ] GC(114) PSYoungGen: 218811K(227840K)->30720K(227840K) Eden: 188091K(193536K)->0K(193536K) From: 30720K(34304K)->30720K(34304K)
[31.116s][info   ][gc,heap        ] GC(114) ParOldGen: 1455717K(1835008K)->1640037K(1835008K)
[31.116s][info   ][gc,metaspace   ] GC(114) Metaspace: 1022K(1216K)->1022K(1216K) NonClass: 939K(1024K)->939K(1024K) Class: 83K(192K)->83K(192K)
[31.116s][info   ][gc             ] GC(114) Pause Young (Allocation Failure) 1635M->1631M(2014M) 16.672ms
[31.116s][info   ][gc,cpu         ] GC(114) User=0.14s Sys=0.03s Real=0.02s
[31.116s][debug  ][gc,heap        ] GC(114) Heap after GC invocations=115 (full 18):
[31.116s][debug  ][gc,heap        ] GC(114)  PSYoungGen      total 227840K, used 30720K [0x00000000f0000000, 0x0000000100000000, 0x0000000100000000)
[31.116s][debug  ][gc,heap        ] GC(114)   eden space 193536K, 0% used [0x00000000f0000000,0x00000000f0000000,0x00000000fbd00000)
[31.116s][debug  ][gc,heap        ] GC(114)   from space 34304K, 89% used [0x00000000fbd00000,0x00000000fdb00030,0x00000000fde80000)
[31.117s][debug  ][gc,heap        ] GC(114)   to   space 33792K, 0% used [0x00000000fdf00000,0x00000000fdf00000,0x0000000100000000)
[31.117s][debug  ][gc,heap        ] GC(114)  ParOldGen       total 1835008K, used 1640037K [0x0000000080000000, 0x00000000f0000000, 0x00000000f0000000)
[31.117s][debug  ][gc,heap        ] GC(114)   object space 1835008K, 89% used [0x0000000080000000,0x00000000e41995d8,0x00000000f0000000)
[31.117s][debug  ][gc,heap        ] GC(114)  Metaspace       used 1022K, committed 1216K, reserved 1056768K
[31.117s][debug  ][gc,heap        ] GC(114)   class space    used 83K, committed 192K, reserved 1048576K
[31.117s][debug  ][gc,task,time   ] GC(114) VM-Thread 310993569 311147918 311166221
[31.117s][debug  ][gc,phases,start] GC(115) Pre Compact
[31.117s][debug  ][gc,heap        ] GC(115) Heap before GC invocations=116 (full 19):
[31.117s][debug  ][gc,heap        ] GC(115)  PSYoungGen      total 227840K, used 30720K [0x00000000f0000000, 0x0000000100000000, 0x0000000100000000)
[31.117s][debug  ][gc,heap        ] GC(115)   eden space 193536K, 0% used [0x00000000f0000000,0x00000000f0000000,0x00000000fbd00000)
[31.117s][debug  ][gc,heap        ] GC(115)   from space 34304K, 89% used [0x00000000fbd00000,0x00000000fdb00030,0x00000000fde80000)
[31.117s][debug  ][gc,heap        ] GC(115)   to   space 33792K, 0% used [0x00000000fdf00000,0x00000000fdf00000,0x0000000100000000)
[31.117s][debug  ][gc,heap        ] GC(115)  ParOldGen       total 1835008K, used 1640037K [0x0000000080000000, 0x00000000f0000000, 0x00000000f0000000)
[31.117s][debug  ][gc,heap        ] GC(115)   object space 1835008K, 89% used [0x0000000080000000,0x00000000e41995d8,0x00000000f0000000)
[31.117s][debug  ][gc,heap        ] GC(115)  Metaspace       used 1022K, committed 1216K, reserved 1056768K
[31.117s][debug  ][gc,heap        ] GC(115)   class space    used 83K, committed 192K, reserved 1048576K
[31.117s][debug  ][gc,phases      ] GC(115) Pre Compact 0.201ms
[31.117s][info   ][gc,start       ] GC(115) Pause Full (Ergonomics)
[31.117s][info   ][gc,phases,start] GC(115) Marking Phase
[31.117s][debug  ][gc,phases,start] GC(115) Par Mark
[31.117s][debug  ][gc,phases      ] GC(115) Par Mark 0.460ms
[31.117s][debug  ][gc,phases,start] GC(115) Reference Processing
[31.117s][debug  ][gc,ref         ] GC(115) Skipped phase 1 of Reference Processing: no references
[31.117s][debug  ][gc,ref         ] GC(115) ReferenceProcessor::execute queues: 1, RefProcThreadModel::Single, marks_oops_alive: false
[31.118s][debug  ][gc,ref         ] GC(115) Skipped phase 3 of Reference Processing: no references
[31.118s][debug  ][gc,ref         ] GC(115) ReferenceProcessor::execute queues: 1, RefProcThreadModel::Single, marks_oops_alive: false
[31.118s][debug  ][gc,phases,ref  ] GC(115) Reference Processing: 0.1ms
[31.118s][debug  ][gc,phases,ref  ] GC(115)   Reconsider SoftReferences: 0.0ms
[31.118s][debug  ][gc,phases,ref  ] GC(115)     SoftRef (ms):                  skipped
[31.118s][debug  ][gc,phases,ref  ] GC(115)   Notify Soft/WeakReferences: 0.0ms
[31.118s][debug  ][gc,phases,ref  ] GC(115)     SoftRef (ms):                  Min:  0.0, Avg:  0.0, Max:  0.0, Diff:  0.0, Sum:  0.0, Workers: 12
[31.118s][debug  ][gc,phases,ref  ] GC(115)     WeakRef (ms):                  Min:  0.0, Avg:  0.0, Max:  0.0, Diff:  0.0, Sum:  0.0, Workers: 12
[31.118s][debug  ][gc,phases,ref  ] GC(115)     FinalRef (ms):                 Min:  0.0, Avg:  0.0, Max:  0.0, Diff:  0.0, Sum:  0.0, Workers: 12
[31.118s][debug  ][gc,phases,ref  ] GC(115)     Total (ms):                    Min:  0.0, Avg:  0.0, Max:  0.0, Diff:  0.0, Sum:  0.0, Workers: 12
[31.118s][debug  ][gc,phases,ref  ] GC(115)   Notify and keep alive finalizable: 0.0ms
[31.118s][debug  ][gc,phases,ref  ] GC(115)     FinalRef (ms):                 skipped
[31.118s][debug  ][gc,phases,ref  ] GC(115)   Notify PhantomReferences: 0.0ms
[31.118s][debug  ][gc,phases,ref  ] GC(115)     PhantomRef (ms):               Min:  0.0, Avg:  0.0, Max:  0.0, Diff:  0.0, Sum:  0.0, Workers: 12
[31.118s][debug  ][gc,phases,ref  ] GC(115)   SoftReference:
[31.118s][debug  ][gc,phases,ref  ] GC(115)     Discovered: 0
[31.118s][debug  ][gc,phases,ref  ] GC(115)     Cleared: 0
[31.118s][debug  ][gc,phases,ref  ] GC(115)   WeakReference:
[31.118s][debug  ][gc,phases,ref  ] GC(115)     Discovered: 65
[31.118s][debug  ][gc,phases,ref  ] GC(115)     Cleared: 65
[31.118s][debug  ][gc,phases,ref  ] GC(115)   FinalReference:
[31.118s][debug  ][gc,phases,ref  ] GC(115)     Discovered: 0
[31.118s][debug  ][gc,phases,ref  ] GC(115)     Cleared: 0
[31.118s][debug  ][gc,phases,ref  ] GC(115)   PhantomReference:
[31.118s][debug  ][gc,phases,ref  ] GC(115)     Discovered: 5
[31.118s][debug  ][gc,phases,ref  ] GC(115)     Cleared: 5
[31.118s][debug  ][gc,phases      ] GC(115) Reference Processing 0.704ms
[31.118s][debug  ][gc,phases,start] GC(115) Weak Processing
[31.118s][debug  ][gc,phases      ] GC(115)   VM Weak                        Min:  0.0, Avg:  0.0, Max:  0.0, Diff:  0.0, Sum:  0.0, Workers: 6
[31.118s][debug  ][gc,phases      ] GC(115)     Dead                           Min: 0, Avg:  0.0, Max: 0, Diff: 0, Sum: 0, Workers: 6
[31.118s][debug  ][gc,phases      ] GC(115)     Total                          Min: 0, Avg:  1.3, Max: 8, Diff: 8, Sum: 8, Workers: 6
[31.118s][debug  ][gc,phases      ] GC(115)   ObjectSynchronizer Weak        Min:  0.0, Avg:  0.0, Max:  0.0, Diff:  0.0, Sum:  0.0, Workers: 6
[31.118s][debug  ][gc,phases      ] GC(115)     Dead                           Min: 0, Avg:  0.0, Max: 0, Diff: 0, Sum: 0, Workers: 6
[31.118s][debug  ][gc,phases      ] GC(115)     Total                          Min: 0, Avg:  0.5, Max: 3, Diff: 3, Sum: 3, Workers: 6
[31.118s][debug  ][gc,phases      ] GC(115)   JVMTI Tag Weak OopStorage      Min:  0.0, Avg:  0.0, Max:  0.0, Diff:  0.0, Sum:  0.0, Workers: 6
[31.118s][debug  ][gc,phases      ] GC(115)     Dead                           Min: 0, Avg:  0.0, Max: 0, Diff: 0, Sum: 0, Workers: 6
[31.118s][debug  ][gc,phases      ] GC(115)     Total                          Min: 0, Avg:  0.0, Max: 0, Diff: 0, Sum: 0, Workers: 6
[31.118s][debug  ][gc,phases      ] GC(115)   StringTable Weak               Min:  0.0, Avg:  0.0, Max:  0.0, Diff:  0.0, Sum:  0.0, Workers: 6
[31.118s][debug  ][gc,phases      ] GC(115)     Dead                           Min: 0, Avg:  0.0, Max: 0, Diff: 0, Sum: 0, Workers: 6
[31.118s][debug  ][gc,phases      ] GC(115)     Total                          Min: 618, Avg: 892.3, Max: 1216, Diff: 598, Sum: 5354, Workers: 6
[31.118s][debug  ][gc,phases      ] GC(115)   ResolvedMethodTable Weak       Min:  0.0, Avg:  0.0, Max:  0.0, Diff:  0.0, Sum:  0.0, Workers: 6
[31.118s][debug  ][gc,phases      ] GC(115)     Dead                           Min: 0, Avg:  0.0, Max: 0, Diff: 0, Sum: 0, Workers: 6
[31.118s][debug  ][gc,phases      ] GC(115)     Total                          Min: 0, Avg: 21.7, Max: 64, Diff: 64, Sum: 130, Workers: 6
[31.119s][debug  ][gc,phases      ] GC(115)   JNI Weak                       Min:  0.0, Avg:  0.0, Max:  0.0, Diff:  0.0, Sum:  0.0, Workers: 6
[31.119s][debug  ][gc,phases      ] GC(115)     Dead                           Min: 0, Avg:  0.0, Max: 0, Diff: 0, Sum: 0, Workers: 6
[31.119s][debug  ][gc,phases      ] GC(115)     Total                          Min: 0, Avg:  0.0, Max: 0, Diff: 0, Sum: 0, Workers: 6
[31.119s][debug  ][gc,phases      ] GC(115)   StringDedup Table Weak         Min:  0.0, Avg:  0.0, Max:  0.0, Diff:  0.0, Sum:  0.0, Workers: 6
[31.119s][debug  ][gc,phases      ] GC(115)     Dead                           Min: 0, Avg:  0.0, Max: 0, Diff: 0, Sum: 0, Workers: 6
[31.119s][debug  ][gc,phases      ] GC(115)     Total                          Min: 0, Avg:  0.0, Max: 0, Diff: 0, Sum: 0, Workers: 6
[31.119s][debug  ][gc,phases      ] GC(115)   StringDedup Requests0 Weak     Min:  0.0, Avg:  0.0, Max:  0.0, Diff:  0.0, Sum:  0.0, Workers: 6
[31.119s][debug  ][gc,phases      ] GC(115)     Dead                           Min: 0, Avg:  0.0, Max: 0, Diff: 0, Sum: 0, Workers: 6
[31.119s][debug  ][gc,phases      ] GC(115)     Total                          Min: 0, Avg:  0.0, Max: 0, Diff: 0, Sum: 0, Workers: 6
[31.119s][debug  ][gc,phases      ] GC(115)   StringDedup Requests1 Weak     Min:  0.0, Avg:  0.0, Max:  0.0, Diff:  0.0, Sum:  0.0, Workers: 6
[31.119s][debug  ][gc,phases      ] GC(115)     Dead                           Min: 0, Avg:  0.0, Max: 0, Diff: 0, Sum: 0, Workers: 6
[31.119s][debug  ][gc,phases      ] GC(115)     Total                          Min: 0, Avg:  0.0, Max: 0, Diff: 0, Sum: 0, Workers: 6
[31.119s][debug  ][gc,phases      ] GC(115)   Weak JFR Old Object Samples    Min:  0.0, Avg:  0.0, Max:  0.0, Diff:  0.0, Sum:  0.0, Workers: 6
[31.119s][debug  ][gc,phases      ] GC(115)     Dead                           Min: 0, Avg:  0.0, Max: 0, Diff: 0, Sum: 0, Workers: 6
[31.119s][debug  ][gc,phases      ] GC(115)     Total                          Min: 0, Avg:  0.0, Max: 0, Diff: 0, Sum: 0, Workers: 6
[31.119s][debug  ][gc,phases      ] GC(115) Weak Processing 0.672ms
[31.119s][debug  ][gc,phases,start] GC(115) Class Unloading
[31.119s][debug  ][gc,phases,start] GC(115) ClassLoaderData
[31.119s][debug  ][gc,phases      ] GC(115) ClassLoaderData 0.019ms
[31.119s][debug  ][gc,phases,start] GC(115) Trigger cleanups
[31.119s][debug  ][gc,phases      ] GC(115) Trigger cleanups 0.019ms
[31.119s][debug  ][gc,phases      ] GC(115) Class Unloading 0.249ms
[31.119s][info   ][gc,phases      ] GC(115) Marking Phase 2.212ms
[31.119s][info   ][gc,phases,start] GC(115) Summary Phase
[31.119s][info   ][gc,phases      ] GC(115) Summary Phase 0.038ms
[31.119s][info   ][gc,phases,start] GC(115) Adjust Roots
[31.119s][info   ][gc,phases      ] GC(115) Adjust Roots 0.157ms
[31.119s][info   ][gc,phases,start] GC(115) Compaction Phase
[31.195s][info   ][gc,phases      ] GC(115) Compaction Phase 75.558ms
[31.195s][info   ][gc,phases,start] GC(115) Post Compact
[31.200s][info   ][gc,phases      ] GC(115) Post Compact 5.372ms
[31.201s][debug  ][gc,ergo        ] GC(115) AdaptiveSizeStart: collection: 116 
[31.201s][debug  ][gc,ergo        ] GC(115) PSAdaptiveSizePolicy::compute_eden_space_size limits: desired_eden_size: 217472743 old_eden_size: 198180864 eden_limit: 198705152 cur_eden: 198180864 max_eden_size: 198705152 avg_young_live: 24666112
[31.201s][debug  ][gc,ergo        ] GC(115) PSAdaptiveSizePolicy::compute_eden_space_size: costs minor_time: 0.051549 major_cost: 0.054922 mutator_cost: 0.893529 throughput_goal: 0.990000
[31.201s][debug  ][gc,ergo        ] GC(115) Live_space: 1061417024 free_space: 1425014784
[31.201s][debug  ][gc,ergo        ] GC(115) Old eden_size: 198180864 desired_eden_size: 198705152
[31.201s][debug  ][gc,ergo        ] GC(115) PSAdaptiveSizePolicy::compute_old_gen_free_space limits: desired_promo_size: 1353403339 promo_limit: 1226833920 free_in_old_gen: 1115044992 max_old_gen_size: 1879048192 avg_old_live: 764003200
[31.201s][debug  ][gc,ergo        ] GC(115) PSAdaptiveSizePolicy::compute_old_gen_free_space: costs minor_time: 0.051549 major_cost: 0.054922  mutator_cost: 0.893529 throughput_goal: 0.990000
[31.201s][debug  ][gc,ergo        ] GC(115) Live_space: 1057104768 free_space: 1425539072
[31.201s][debug  ][gc,ergo        ] GC(115) Old promo_size: 1226833920 desired_promo_size: 1226833920
[31.201s][debug  ][gc,ergo        ] GC(115) AdaptiveSizeStop: collection: 116 
[31.201s][info   ][gc,heap        ] GC(115) PSYoungGen: 30720K(227840K)->0K(228352K) Eden: 0K(193536K)->0K(194560K) From: 30720K(34304K)->0K(33792K)
[31.201s][info   ][gc,heap        ] GC(115) ParOldGen: 1640037K(1835008K)->708196K(1835008K)
[31.201s][info   ][gc,metaspace   ] GC(115) Metaspace: 1022K(1216K)->1022K(1216K) NonClass: 939K(1024K)->939K(1024K) Class: 83K(192K)->83K(192K)
[31.201s][info   ][gc             ] GC(115) Pause Full (Ergonomics) 1631M->691M(2015M) 83.968ms
[31.201s][info   ][gc,cpu         ] GC(115) User=0.89s Sys=0.00s Real=0.08s
[31.201s][debug  ][gc,heap        ] GC(115) Heap after GC invocations=116 (full 19):
[31.201s][debug  ][gc,heap        ] GC(115)  PSYoungGen      total 228352K, used 0K [0x00000000f0000000, 0x0000000100000000, 0x0000000100000000)
[31.201s][debug  ][gc,heap        ] GC(115)   eden space 194560K, 0% used [0x00000000f0000000,0x00000000f0000000,0x00000000fbe00000)
[31.201s][debug  ][gc,heap        ] GC(115)   from space 33792K, 0% used [0x00000000fdf00000,0x00000000fdf00000,0x0000000100000000)
[31.201s][debug  ][gc,heap        ] GC(115)   to   space 33792K, 0% used [0x00000000fbe00000,0x00000000fbe00000,0x00000000fdf00000)
[31.201s][debug  ][gc,heap        ] GC(115)  ParOldGen       total 1835008K, used 708196K [0x0000000080000000, 0x00000000f0000000, 0x00000000f0000000)
[31.201s][debug  ][gc,heap        ] GC(115)   object space 1835008K, 38% used [0x0000000080000000,0x00000000ab399028,0x00000000f0000000)
[31.201s][debug  ][gc,heap        ] GC(115)  Metaspace       used 1022K, committed 1216K, reserved 1056768K
[31.201s][debug  ][gc,heap        ] GC(115)   class space    used 83K, committed 192K, reserved 1048576K
[31.201s][debug  ][gc,task,time   ] GC(115) VM-Thread 311168918 311193934 312008891
[31.494s][debug  ][gc,heap        ] GC(116) Heap before GC invocations=117 (full 19):
[31.495s][debug  ][gc,heap        ] GC(116)  PSYoungGen      total 228352K, used 188119K [0x00000000f0000000, 0x0000000100000000, 0x0000000100000000)
[31.495s][debug  ][gc,heap        ] GC(116)   eden space 194560K, 96% used [0x00000000f0000000,0x00000000fb7b5cf8,0x00000000fbe00000)
[31.495s][debug  ][gc,heap        ] GC(116)   from space 33792K, 0% used [0x00000000fdf00000,0x00000000fdf00000,0x0000000100000000)
[31.495s][debug  ][gc,heap        ] GC(116)   to   space 33792K, 0% used [0x00000000fbe00000,0x00000000fbe00000,0x00000000fdf00000)
[31.495s][debug  ][gc,heap        ] GC(116)  ParOldGen       total 1835008K, used 708196K [0x0000000080000000, 0x00000000f0000000, 0x00000000f0000000)
[31.495s][debug  ][gc,heap        ] GC(116)   object space 1835008K, 38% used [0x0000000080000000,0x00000000ab399028,0x00000000f0000000)
[31.495s][debug  ][gc,heap        ] GC(116)  Metaspace       used 1022K, committed 1216K, reserved 1056768K
[31.495s][debug  ][gc,heap        ] GC(116)   class space    used 83K, committed 192K, reserved 1048576K
[31.495s][debug  ][gc,tlab        ] GC(116) TLAB totals: thrds: 1  refills: 1 max: 1 slow allocs: 17 max 17 waste: 27.1% gc: 3890136B max: 3890136B slow: 0B max: 0B
[31.495s][info   ][gc,start       ] GC(116) Pause Young (Allocation Failure)
[31.495s][debug  ][gc,phases,start] GC(116) Scavenge
[31.507s][debug  ][gc,phases      ] GC(116) Scavenge 12.523ms
[31.507s][debug  ][gc,phases,start] GC(116) Reference Processing
[31.507s][debug  ][gc,ref         ] GC(116) Skipped phase 1 of Reference Processing: no references
[31.507s][debug  ][gc,ref         ] GC(116) Skipped phase 2 of Reference Processing: no references
[31.507s][debug  ][gc,ref         ] GC(116) Skipped phase 3 of Reference Processing: no references
[31.508s][debug  ][gc,ref         ] GC(116) Skipped phase 4 of Reference Processing: no references
[31.508s][debug  ][gc,phases,ref  ] GC(116) Reference Processing: 0.1ms
[31.508s][debug  ][gc,phases,ref  ] GC(116)   Reconsider SoftReferences: 0.0ms
[31.508s][debug  ][gc,phases,ref  ] GC(116)     SoftRef (ms):                  skipped
[31.508s][debug  ][gc,phases,ref  ] GC(116)   Notify Soft/WeakReferences: 0.0ms
[31.508s][debug  ][gc,phases,ref  ] GC(116)     SoftRef (ms):                  skipped
[31.508s][debug  ][gc,phases,ref  ] GC(116)     WeakRef (ms):                  skipped
[31.508s][debug  ][gc,phases,ref  ] GC(116)     FinalRef (ms):                 skipped
[31.508s][debug  ][gc,phases,ref  ] GC(116)     Total (ms):                    skipped
[31.508s][debug  ][gc,phases,ref  ] GC(116)   Notify and keep alive finalizable: 0.0ms
[31.508s][debug  ][gc,phases,ref  ] GC(116)     FinalRef (ms):                 skipped
[31.508s][debug  ][gc,phases,ref  ] GC(116)   Notify PhantomReferences: 0.0ms
[31.508s][debug  ][gc,phases,ref  ] GC(116)     PhantomRef (ms):               skipped
[31.508s][debug  ][gc,phases,ref  ] GC(116)   SoftReference:
[31.508s][debug  ][gc,phases,ref  ] GC(116)     Discovered: 0
[31.508s][debug  ][gc,phases,ref  ] GC(116)     Cleared: 0
[31.508s][debug  ][gc,phases,ref  ] GC(116)   WeakReference:
[31.508s][debug  ][gc,phases,ref  ] GC(116)     Discovered: 0
[31.508s][debug  ][gc,phases,ref  ] GC(116)     Cleared: 0
[31.508s][debug  ][gc,phases,ref  ] GC(116)   FinalReference:
[31.508s][debug  ][gc,phases,ref  ] GC(116)     Discovered: 0
[31.508s][debug  ][gc,phases,ref  ] GC(116)     Cleared: 0
[31.508s][debug  ][gc,phases,ref  ] GC(116)   PhantomReference:
[31.508s][debug  ][gc,phases,ref  ] GC(116)     Discovered: 0
[31.508s][debug  ][gc,phases,ref  ] GC(116)     Cleared: 0
[31.508s][debug  ][gc,phases      ] GC(116) Reference Processing 0.575ms
[31.508s][debug  ][gc,phases,start] GC(116) Weak Processing
[31.508s][debug  ][gc,phases      ] GC(116)   VM Weak                        Min:  0.0, Avg:  0.0, Max:  0.0, Diff:  0.0, Sum:  0.0, Workers: 6
[31.508s][debug  ][gc,phases      ] GC(116)     Dead                           Min: 0, Avg:  0.0, Max: 0, Diff: 0, Sum: 0, Workers: 6
[31.508s][debug  ][gc,phases      ] GC(116)     Total                          Min: 0, Avg:  1.3, Max: 8, Diff: 8, Sum: 8, Workers: 6
[31.508s][debug  ][gc,phases      ] GC(116)   ObjectSynchronizer Weak        Min:  0.0, Avg:  0.0, Max:  0.0, Diff:  0.0, Sum:  0.0, Workers: 6
[31.508s][debug  ][gc,phases      ] GC(116)     Dead                           Min: 0, Avg:  0.0, Max: 0, Diff: 0, Sum: 0, Workers: 6
[31.508s][debug  ][gc,phases      ] GC(116)     Total                          Min: 0, Avg:  0.5, Max: 3, Diff: 3, Sum: 3, Workers: 6
[31.508s][debug  ][gc,phases      ] GC(116)   JVMTI Tag Weak OopStorage      Min:  0.0, Avg:  0.0, Max:  0.0, Diff:  0.0, Sum:  0.0, Workers: 6
[31.508s][debug  ][gc,phases      ] GC(116)     Dead                           Min: 0, Avg:  0.0, Max: 0, Diff: 0, Sum: 0, Workers: 6
[31.508s][debug  ][gc,phases      ] GC(116)     Total                          Min: 0, Avg:  0.0, Max: 0, Diff: 0, Sum: 0, Workers: 6
[31.508s][debug  ][gc,phases      ] GC(116)   StringTable Weak               Min:  0.0, Avg:  0.0, Max:  0.0, Diff:  0.0, Sum:  0.0, Workers: 6
[31.508s][debug  ][gc,phases      ] GC(116)     Dead                           Min: 0, Avg:  0.0, Max: 0, Diff: 0, Sum: 0, Workers: 6
[31.508s][debug  ][gc,phases      ] GC(116)     Total                          Min: 704, Avg: 892.3, Max: 1152, Diff: 448, Sum: 5354, Workers: 6
[31.508s][debug  ][gc,phases      ] GC(116)   ResolvedMethodTable Weak       Min:  0.0, Avg:  0.0, Max:  0.0, Diff:  0.0, Sum:  0.0, Workers: 6
[31.508s][debug  ][gc,phases      ] GC(116)     Dead                           Min: 0, Avg:  0.0, Max: 0, Diff: 0, Sum: 0, Workers: 6
[31.508s][debug  ][gc,phases      ] GC(116)     Total                          Min: 0, Avg: 21.7, Max: 64, Diff: 64, Sum: 130, Workers: 6
[31.508s][debug  ][gc,phases      ] GC(116)   JNI Weak                       Min:  0.0, Avg:  0.0, Max:  0.0, Diff:  0.0, Sum:  0.0, Workers: 6
[31.508s][debug  ][gc,phases      ] GC(116)     Dead                           Min: 0, Avg:  0.0, Max: 0, Diff: 0, Sum: 0, Workers: 6
[31.508s][debug  ][gc,phases      ] GC(116)     Total                          Min: 0, Avg:  0.0, Max: 0, Diff: 0, Sum: 0, Workers: 6
[31.508s][debug  ][gc,phases      ] GC(116)   StringDedup Table Weak         Min:  0.0, Avg:  0.0, Max:  0.0, Diff:  0.0, Sum:  0.0, Workers: 6
[31.508s][debug  ][gc,phases      ] GC(116)     Dead                           Min: 0, Avg:  0.0, Max: 0, Diff: 0, Sum: 0, Workers: 6
[31.508s][debug  ][gc,phases      ] GC(116)     Total                          Min: 0, Avg:  0.0, Max: 0, Diff: 0, Sum: 0, Workers: 6
[31.509s][debug  ][gc,phases      ] GC(116)   StringDedup Requests0 Weak     Min:  0.0, Avg:  0.0, Max:  0.0, Diff:  0.0, Sum:  0.0, Workers: 6
[31.509s][debug  ][gc,phases      ] GC(116)     Dead                           Min: 0, Avg:  0.0, Max: 0, Diff: 0, Sum: 0, Workers: 6
[31.509s][debug  ][gc,phases      ] GC(116)     Total                          Min: 0, Avg:  0.0, Max: 0, Diff: 0, Sum: 0, Workers: 6
[31.509s][debug  ][gc,phases      ] GC(116)   StringDedup Requests1 Weak     Min:  0.0, Avg:  0.0, Max:  0.0, Diff:  0.0, Sum:  0.0, Workers: 6
[31.509s][debug  ][gc,phases      ] GC(116)     Dead                           Min: 0, Avg:  0.0, Max: 0, Diff: 0, Sum: 0, Workers: 6
[31.509s][debug  ][gc,phases      ] GC(116)     Total                          Min: 0, Avg:  0.0, Max: 0, Diff: 0, Sum: 0, Workers: 6
[31.509s][debug  ][gc,phases      ] GC(116)   Weak JFR Old Object Samples    Min:  0.0, Avg:  0.0, Max:  0.0, Diff:  0.0, Sum:  0.0, Workers: 6
[31.509s][debug  ][gc,phases      ] GC(116)     Dead                           Min: 0, Avg:  0.0, Max: 0, Diff: 0, Sum: 0, Workers: 6
[31.509s][debug  ][gc,phases      ] GC(116)     Total                          Min: 0, Avg:  0.0, Max: 0, Diff: 0, Sum: 0, Workers: 6
[31.509s][debug  ][gc,phases      ] GC(116) Weak Processing 0.683ms
[31.509s][debug  ][gc,ergo        ] GC(116) AdaptiveSizeStart:  collection: 117 
[31.509s][debug  ][gc,ergo        ] GC(116) avg_survived_padded_avg: 34385884.000000
[31.509s][debug  ][gc,ergo        ] GC(116) avg_promoted_padded_avg: 244969216.000000  avg_pretenured_padded_avg: 0.000000  tenuring_thresh: 15  target_size: 34603008
[31.509s][debug  ][gc,age         ] GC(116) Desired survivor size 34603008 bytes, new threshold 15 (max threshold 15)
[31.509s][debug  ][gc,ergo        ] GC(116) PSAdaptiveSizePolicy::compute_eden_space_size limits: desired_eden_size: 217710981 old_eden_size: 198705152 eden_limit: 199229440 cur_eden: 199229440 max_eden_size: 199229440 avg_young_live: 25345232
[31.509s][debug  ][gc,ergo        ] GC(116) PSAdaptiveSizePolicy::compute_eden_space_size: costs minor_time: 0.047511 major_cost: 0.054922 mutator_cost: 0.897567 throughput_goal: 0.990000
[31.509s][debug  ][gc,ergo        ] GC(116) Live_space: 1057783872 free_space: 1425539072
[31.509s][debug  ][gc,ergo        ] GC(116) Old eden_size: 198705152 desired_eden_size: 199229440
[31.509s][debug  ][gc,ergo        ] GC(116) AdaptiveSizeStop: collection: 117 
[31.509s][info   ][gc,heap        ] GC(116) PSYoungGen: 188119K(228352K)->30720K(228352K) Eden: 188119K(194560K)->0K(194560K) From: 0K(33792K)->30720K(33792K)
[31.509s][info   ][gc,heap        ] GC(116) ParOldGen: 708196K(1835008K)->861796K(1835008K)
[31.509s][info   ][gc,metaspace   ] GC(116) Metaspace: 1022K(1216K)->1022K(1216K) NonClass: 939K(1024K)->939K(1024K) Class: 83K(192K)->83K(192K)
[31.509s][info   ][gc             ] GC(116) Pause Young (Allocation Failure) 875M->871M(2015M) 14.193ms
[31.509s][info   ][gc,cpu         ] GC(116) User=0.14s Sys=0.00s Real=0.01s
[31.509s][debug  ][gc,heap        ] GC(116) Heap after GC invocations=117 (full 19):
[31.509s][debug  ][gc,heap        ] GC(116)  PSYoungGen      total 228352K, used 30720K [0x00000000f0000000, 0x0000000100000000, 0x0000000100000000)
[31.509s][debug  ][gc,heap        ] GC(116)   eden space 194560K, 0% used [0x00000000f0000000,0x00000000f0000000,0x00000000fbe00000)
[31.509s][debug  ][gc,heap        ] GC(116)   from space 33792K, 90% used [0x00000000fbe00000,0x00000000fdc00030,0x00000000fdf00000)
[31.509s][debug  ][gc,heap        ] GC(116)   to   space 33792K, 0% used [0x00000000fdf00000,0x00000000fdf00000,0x0000000100000000)
[31.509s][debug  ][gc,heap        ] GC(116)  ParOldGen       total 1835008K, used 861796K [0x0000000080000000, 0x00000000f0000000, 0x00000000f0000000)
[31.509s][debug  ][gc,heap        ] GC(116)   object space 1835008K, 46% used [0x0000000080000000,0x00000000b4999118,0x00000000f0000000)
[31.509s][debug  ][gc,heap        ] GC(116)  Metaspace       used 1022K, committed 1216K, reserved 1056768K
[31.509s][debug  ][gc,heap        ] GC(116)   class space    used 83K, committed 192K, reserved 1048576K
[31.509s][debug  ][gc,task,time   ] GC(116) VM-Thread 314944597 315074218 315092223
[31.794s][debug  ][gc,heap        ] GC(117) Heap before GC invocations=118 (full 19):
[31.794s][debug  ][gc,heap        ] GC(117)  PSYoungGen      total 228352K, used 218769K [0x00000000f0000000, 0x0000000100000000, 0x0000000100000000)
[31.794s][debug  ][gc,heap        ] GC(117)   eden space 194560K, 96% used [0x00000000f0000000,0x00000000fb7a4788,0x00000000fbe00000)
[31.795s][debug  ][gc,heap        ] GC(117)   from space 33792K, 90% used [0x00000000fbe00000,0x00000000fdc00030,0x00000000fdf00000)
[31.795s][debug  ][gc,heap        ] GC(117)   to   space 33792K, 0% used [0x00000000fdf00000,0x00000000fdf00000,0x0000000100000000)
[31.795s][debug  ][gc,heap        ] GC(117)  ParOldGen       total 1835008K, used 861796K [0x0000000080000000, 0x00000000f0000000, 0x00000000f0000000)
[31.795s][debug  ][gc,heap        ] GC(117)   object space 1835008K, 46% used [0x0000000080000000,0x00000000b4999118,0x00000000f0000000)
[31.795s][debug  ][gc,heap        ] GC(117)  Metaspace       used 1022K, committed 1216K, reserved 1056768K
[31.795s][debug  ][gc,heap        ] GC(117)   class space    used 83K, committed 192K, reserved 1048576K
[31.795s][debug  ][gc,tlab        ] GC(117) TLAB totals: thrds: 1  refills: 1 max: 1 slow allocs: 17 max 17 waste: 26.7% gc: 3818048B max: 3818048B slow: 0B max: 0B
[31.795s][info   ][gc,start       ] GC(117) Pause Young (Allocation Failure)
[31.795s][debug  ][gc,phases,start] GC(117) Scavenge
[31.798s][debug  ][gc,phases      ] GC(117) Scavenge 3.610ms
[31.798s][debug  ][gc,phases,start] GC(117) Reference Processing
[31.798s][debug  ][gc,ref         ] GC(117) Skipped phase 1 of Reference Processing: no references
[31.798s][debug  ][gc,ref         ] GC(117) Skipped phase 2 of Reference Processing: no references
[31.798s][debug  ][gc,ref         ] GC(117) Skipped phase 3 of Reference Processing: no references
[31.798s][debug  ][gc,ref         ] GC(117) Skipped phase 4 of Reference Processing: no references
[31.798s][debug  ][gc,phases,ref  ] GC(117) Reference Processing: 0.1ms
[31.799s][debug  ][gc,phases,ref  ] GC(117)   Reconsider SoftReferences: 0.0ms
[31.799s][debug  ][gc,phases,ref  ] GC(117)     SoftRef (ms):                  skipped
[31.799s][debug  ][gc,phases,ref  ] GC(117)   Notify Soft/WeakReferences: 0.0ms
[31.799s][debug  ][gc,phases,ref  ] GC(117)     SoftRef (ms):                  skipped
[31.799s][debug  ][gc,phases,ref  ] GC(117)     WeakRef (ms):                  skipped
[31.799s][debug  ][gc,phases,ref  ] GC(117)     FinalRef (ms):                 skipped
[31.799s][debug  ][gc,phases,ref  ] GC(117)     Total (ms):                    skipped
[31.799s][debug  ][gc,phases,ref  ] GC(117)   Notify and keep alive finalizable: 0.0ms
[31.799s][debug  ][gc,phases,ref  ] GC(117)     FinalRef (ms):                 skipped
[31.799s][debug  ][gc,phases,ref  ] GC(117)   Notify PhantomReferences: 0.0ms
[31.799s][debug  ][gc,phases,ref  ] GC(117)     PhantomRef (ms):               skipped
[31.799s][debug  ][gc,phases,ref  ] GC(117)   SoftReference:
[31.799s][debug  ][gc,phases,ref  ] GC(117)     Discovered: 0
[31.799s][debug  ][gc,phases,ref  ] GC(117)     Cleared: 0
[31.799s][debug  ][gc,phases,ref  ] GC(117)   WeakReference:
[31.799s][debug  ][gc,phases,ref  ] GC(117)     Discovered: 0
[31.799s][debug  ][gc,phases,ref  ] GC(117)     Cleared: 0
[31.799s][debug  ][gc,phases,ref  ] GC(117)   FinalReference:
[31.799s][debug  ][gc,phases,ref  ] GC(117)     Discovered: 0
[31.799s][debug  ][gc,phases,ref  ] GC(117)     Cleared: 0
[31.799s][debug  ][gc,phases,ref  ] GC(117)   PhantomReference:
[31.799s][debug  ][gc,phases,ref  ] GC(117)     Discovered: 0
[31.799s][debug  ][gc,phases,ref  ] GC(117)     Cleared: 0
[31.799s][debug  ][gc,phases      ] GC(117) Reference Processing 0.565ms
[31.799s][debug  ][gc,phases,start] GC(117) Weak Processing
[31.799s][debug  ][gc,phases      ] GC(117)   VM Weak                        Min:  0.0, Avg:  0.0, Max:  0.0, Diff:  0.0, Sum:  0.0, Workers: 6
[31.799s][debug  ][gc,phases      ] GC(117)     Dead                           Min: 0, Avg:  0.0, Max: 0, Diff: 0, Sum: 0, Workers: 6
[31.799s][debug  ][gc,phases      ] GC(117)     Total                          Min: 0, Avg:  1.3, Max: 8, Diff: 8, Sum: 8, Workers: 6
[31.799s][debug  ][gc,phases      ] GC(117)   ObjectSynchronizer Weak        Min:  0.0, Avg:  0.0, Max:  0.0, Diff:  0.0, Sum:  0.0, Workers: 6
[31.799s][debug  ][gc,phases      ] GC(117)     Dead                           Min: 0, Avg:  0.0, Max: 0, Diff: 0, Sum: 0, Workers: 6
[31.799s][debug  ][gc,phases      ] GC(117)     Total                          Min: 0, Avg:  0.5, Max: 3, Diff: 3, Sum: 3, Workers: 6
[31.799s][debug  ][gc,phases      ] GC(117)   JVMTI Tag Weak OopStorage      Min:  0.0, Avg:  0.0, Max:  0.0, Diff:  0.0, Sum:  0.0, Workers: 6
[31.799s][debug  ][gc,phases      ] GC(117)     Dead                           Min: 0, Avg:  0.0, Max: 0, Diff: 0, Sum: 0, Workers: 6
[31.799s][debug  ][gc,phases      ] GC(117)     Total                          Min: 0, Avg:  0.0, Max: 0, Diff: 0, Sum: 0, Workers: 6
[31.799s][debug  ][gc,phases      ] GC(117)   StringTable Weak               Min:  0.0, Avg:  0.0, Max:  0.0, Diff:  0.0, Sum:  0.0, Workers: 6
[31.799s][debug  ][gc,phases      ] GC(117)     Dead                           Min: 0, Avg:  0.0, Max: 0, Diff: 0, Sum: 0, Workers: 6
[31.799s][debug  ][gc,phases      ] GC(117)     Total                          Min: 704, Avg: 892.3, Max: 1152, Diff: 448, Sum: 5354, Workers: 6
[31.799s][debug  ][gc,phases      ] GC(117)   ResolvedMethodTable Weak       Min:  0.0, Avg:  0.0, Max:  0.0, Diff:  0.0, Sum:  0.0, Workers: 6
[31.799s][debug  ][gc,phases      ] GC(117)     Dead                           Min: 0, Avg:  0.0, Max: 0, Diff: 0, Sum: 0, Workers: 6
[31.799s][debug  ][gc,phases      ] GC(117)     Total                          Min: 0, Avg: 21.7, Max: 64, Diff: 64, Sum: 130, Workers: 6
[31.799s][debug  ][gc,phases      ] GC(117)   JNI Weak                       Min:  0.0, Avg:  0.0, Max:  0.0, Diff:  0.0, Sum:  0.0, Workers: 6
[31.799s][debug  ][gc,phases      ] GC(117)     Dead                           Min: 0, Avg:  0.0, Max: 0, Diff: 0, Sum: 0, Workers: 6
[31.799s][debug  ][gc,phases      ] GC(117)     Total                          Min: 0, Avg:  0.0, Max: 0, Diff: 0, Sum: 0, Workers: 6
[31.799s][debug  ][gc,phases      ] GC(117)   StringDedup Table Weak         Min:  0.0, Avg:  0.0, Max:  0.0, Diff:  0.0, Sum:  0.0, Workers: 6
[31.799s][debug  ][gc,phases      ] GC(117)     Dead                           Min: 0, Avg:  0.0, Max: 0, Diff: 0, Sum: 0, Workers: 6
[31.799s][debug  ][gc,phases      ] GC(117)     Total                          Min: 0, Avg:  0.0, Max: 0, Diff: 0, Sum: 0, Workers: 6
[31.799s][debug  ][gc,phases      ] GC(117)   StringDedup Requests0 Weak     Min:  0.0, Avg:  0.0, Max:  0.0, Diff:  0.0, Sum:  0.0, Workers: 6
[31.799s][debug  ][gc,phases      ] GC(117)     Dead                           Min: 0, Avg:  0.0, Max: 0, Diff: 0, Sum: 0, Workers: 6
[31.799s][debug  ][gc,phases      ] GC(117)     Total                          Min: 0, Avg:  0.0, Max: 0, Diff: 0, Sum: 0, Workers: 6
[31.800s][debug  ][gc,phases      ] GC(117)   StringDedup Requests1 Weak     Min:  0.0, Avg:  0.0, Max:  0.0, Diff:  0.0, Sum:  0.0, Workers: 6
[31.800s][debug  ][gc,phases      ] GC(117)     Dead                           Min: 0, Avg:  0.0, Max: 0, Diff: 0, Sum: 0, Workers: 6
[31.800s][debug  ][gc,phases      ] GC(117)     Total                          Min: 0, Avg:  0.0, Max: 0, Diff: 0, Sum: 0, Workers: 6
[31.800s][debug  ][gc,phases      ] GC(117)   Weak JFR Old Object Samples    Min:  0.0, Avg:  0.0, Max:  0.0, Diff:  0.0, Sum:  0.0, Workers: 6
[31.800s][debug  ][gc,phases      ] GC(117)     Dead                           Min: 0, Avg:  0.0, Max: 0, Diff: 0, Sum: 0, Workers: 6
[31.800s][debug  ][gc,phases      ] GC(117)     Total                          Min: 0, Avg:  0.0, Max: 0, Diff: 0, Sum: 0, Workers: 6
[31.800s][debug  ][gc,phases      ] GC(117) Weak Processing 0.668ms
[31.800s][debug  ][gc,ergo        ] GC(117) AdaptiveSizeStart:  collection: 118 
[31.800s][debug  ][gc,ergo        ] GC(117) avg_survived_padded_avg: 34185396.000000
[31.800s][debug  ][gc,ergo        ] GC(117) avg_promoted_padded_avg: 261589744.000000  avg_pretenured_padded_avg: 0.000000  tenuring_thresh: 15  target_size: 34603008
[31.800s][debug  ][gc,age         ] GC(117) Desired survivor size 34603008 bytes, new threshold 15 (max threshold 15)
[31.800s][debug  ][gc,ergo        ] GC(117) PSAdaptiveSizePolicy::compute_eden_space_size limits: desired_eden_size: 215994475 old_eden_size: 199229440 eden_limit: 199229440 cur_eden: 199229440 max_eden_size: 199229440 avg_young_live: 25956440
[31.800s][debug  ][gc,ergo        ] GC(117) PSAdaptiveSizePolicy::compute_eden_space_size: costs minor_time: 0.039893 major_cost: 0.054922 mutator_cost: 0.905185 throughput_goal: 0.990000
[31.800s][debug  ][gc,ergo        ] GC(117) Live_space: 1058395136 free_space: 1426063360
[31.800s][debug  ][gc,ergo        ] GC(117) Old eden_size: 199229440 desired_eden_size: 199229440
[31.800s][debug  ][gc,ergo        ] GC(117) AdaptiveSizeStop: collection: 118 
[31.800s][info   ][gc,heap        ] GC(117) PSYoungGen: 218769K(228352K)->30720K(228352K) Eden: 188049K(194560K)->0K(194560K) From: 30720K(33792K)->30720K(33792K)
[31.800s][info   ][gc,heap        ] GC(117) ParOldGen: 861796K(1835008K)->882276K(1835008K)
[31.800s][info   ][gc,metaspace   ] GC(117) Metaspace: 1022K(1216K)->1022K(1216K) NonClass: 939K(1024K)->939K(1024K) Class: 83K(192K)->83K(192K)
[31.800s][info   ][gc             ] GC(117) Pause Young (Allocation Failure) 1055M->891M(2015M) 5.262ms
[31.800s][info   ][gc,cpu         ] GC(117) User=0.03s Sys=0.00s Real=0.01s
[31.800s][debug  ][gc,heap        ] GC(117) Heap after GC invocations=118 (full 19):
[31.800s][debug  ][gc,heap        ] GC(117)  PSYoungGen      total 228352K, used 30720K [0x00000000f0000000, 0x0000000100000000, 0x0000000100000000)
[31.800s][debug  ][gc,heap        ] GC(117)   eden space 194560K, 0% used [0x00000000f0000000,0x00000000f0000000,0x00000000fbe00000)
[31.800s][debug  ][gc,heap        ] GC(117)   from space 33792K, 90% used [0x00000000fdf00000,0x00000000ffd00030,0x0000000100000000)
[31.800s][debug  ][gc,heap        ] GC(117)   to   space 33792K, 0% used [0x00000000fbe00000,0x00000000fbe00000,0x00000000fdf00000)
[31.800s][debug  ][gc,heap        ] GC(117)  ParOldGen       total 1835008K, used 882276K [0x0000000080000000, 0x00000000f0000000, 0x00000000f0000000)
[31.800s][debug  ][gc,heap        ] GC(117)   object space 1835008K, 48% used [0x0000000080000000,0x00000000b5d99138,0x00000000f0000000)
[31.800s][debug  ][gc,heap        ] GC(117)  Metaspace       used 1022K, committed 1216K, reserved 1056768K
[31.800s][debug  ][gc,heap        ] GC(117)   class space    used 83K, committed 192K, reserved 1048576K
[31.800s][debug  ][gc,task,time   ] GC(117) VM-Thread 317943081 317983811 318001636
[32.096s][debug  ][gc,heap        ] GC(118) Heap before GC invocations=119 (full 19):
[32.097s][debug  ][gc,heap        ] GC(118)  PSYoungGen      total 228352K, used 218799K [0x00000000f0000000, 0x0000000100000000, 0x0000000100000000)
[32.097s][debug  ][gc,heap        ] GC(118)   eden space 194560K, 96% used [0x00000000f0000000,0x00000000fb7abdb8,0x00000000fbe00000)
[32.097s][debug  ][gc,heap        ] GC(118)   from space 33792K, 90% used [0x00000000fdf00000,0x00000000ffd00030,0x0000000100000000)
[32.097s][debug  ][gc,heap        ] GC(118)   to   space 33792K, 0% used [0x00000000fbe00000,0x00000000fbe00000,0x00000000fdf00000)
[32.097s][debug  ][gc,heap        ] GC(118)  ParOldGen       total 1835008K, used 882276K [0x0000000080000000, 0x00000000f0000000, 0x00000000f0000000)
[32.097s][debug  ][gc,heap        ] GC(118)   object space 1835008K, 48% used [0x0000000080000000,0x00000000b5d99138,0x00000000f0000000)
[32.097s][debug  ][gc,heap        ] GC(118)  Metaspace       used 1022K, committed 1216K, reserved 1056768K
[32.097s][debug  ][gc,heap        ] GC(118)   class space    used 83K, committed 192K, reserved 1048576K
[32.097s][debug  ][gc,tlab        ] GC(118) TLAB totals: thrds: 1  refills: 1 max: 1 slow allocs: 17 max 17 waste: 26.9% gc: 3849368B max: 3849368B slow: 0B max: 0B
[32.097s][info   ][gc,start       ] GC(118) Pause Young (Allocation Failure)
[32.097s][debug  ][gc,phases,start] GC(118) Scavenge
[32.112s][debug  ][gc,phases      ] GC(118) Scavenge 15.216ms
[32.112s][debug  ][gc,phases,start] GC(118) Reference Processing
[32.112s][debug  ][gc,ref         ] GC(118) Skipped phase 1 of Reference Processing: no references
[32.112s][debug  ][gc,ref         ] GC(118) Skipped phase 2 of Reference Processing: no references
[32.112s][debug  ][gc,ref         ] GC(118) Skipped phase 3 of Reference Processing: no references
[32.112s][debug  ][gc,ref         ] GC(118) Skipped phase 4 of Reference Processing: no references
[32.112s][debug  ][gc,phases,ref  ] GC(118) Reference Processing: 0.1ms
[32.112s][debug  ][gc,phases,ref  ] GC(118)   Reconsider SoftReferences: 0.0ms
[32.112s][debug  ][gc,phases,ref  ] GC(118)     SoftRef (ms):                  skipped
[32.112s][debug  ][gc,phases,ref  ] GC(118)   Notify Soft/WeakReferences: 0.0ms
[32.112s][debug  ][gc,phases,ref  ] GC(118)     SoftRef (ms):                  skipped
[32.112s][debug  ][gc,phases,ref  ] GC(118)     WeakRef (ms):                  skipped
[32.113s][debug  ][gc,phases,ref  ] GC(118)     FinalRef (ms):                 skipped
[32.113s][debug  ][gc,phases,ref  ] GC(118)     Total (ms):                    skipped
[32.113s][debug  ][gc,phases,ref  ] GC(118)   Notify and keep alive finalizable: 0.0ms
[32.113s][debug  ][gc,phases,ref  ] GC(118)     FinalRef (ms):                 skipped
[32.113s][debug  ][gc,phases,ref  ] GC(118)   Notify PhantomReferences: 0.0ms
[32.113s][debug  ][gc,phases,ref  ] GC(118)     PhantomRef (ms):               skipped
[32.113s][debug  ][gc,phases,ref  ] GC(118)   SoftReference:
[32.113s][debug  ][gc,phases,ref  ] GC(118)     Discovered: 0
[32.113s][debug  ][gc,phases,ref  ] GC(118)     Cleared: 0
[32.113s][debug  ][gc,phases,ref  ] GC(118)   WeakReference:
[32.113s][debug  ][gc,phases,ref  ] GC(118)     Discovered: 0
[32.113s][debug  ][gc,phases,ref  ] GC(118)     Cleared: 0
[32.113s][debug  ][gc,phases,ref  ] GC(118)   FinalReference:
[32.113s][debug  ][gc,phases,ref  ] GC(118)     Discovered: 0
[32.113s][debug  ][gc,phases,ref  ] GC(118)     Cleared: 0
[32.113s][debug  ][gc,phases,ref  ] GC(118)   PhantomReference:
[32.113s][debug  ][gc,phases,ref  ] GC(118)     Discovered: 0
[32.113s][debug  ][gc,phases,ref  ] GC(118)     Cleared: 0
[32.113s][debug  ][gc,phases      ] GC(118) Reference Processing 0.809ms
[32.113s][debug  ][gc,phases,start] GC(118) Weak Processing
[32.113s][debug  ][gc,phases      ] GC(118)   VM Weak                        Min:  0.0, Avg:  0.0, Max:  0.0, Diff:  0.0, Sum:  0.0, Workers: 6
[32.113s][debug  ][gc,phases      ] GC(118)     Dead                           Min: 0, Avg:  0.0, Max: 0, Diff: 0, Sum: 0, Workers: 6
[32.113s][debug  ][gc,phases      ] GC(118)     Total                          Min: 0, Avg:  1.3, Max: 8, Diff: 8, Sum: 8, Workers: 6
[32.113s][debug  ][gc,phases      ] GC(118)   ObjectSynchronizer Weak        Min:  0.0, Avg:  0.0, Max:  0.0, Diff:  0.0, Sum:  0.0, Workers: 6
[32.113s][debug  ][gc,phases      ] GC(118)     Dead                           Min: 0, Avg:  0.0, Max: 0, Diff: 0, Sum: 0, Workers: 6
[32.113s][debug  ][gc,phases      ] GC(118)     Total                          Min: 0, Avg:  0.5, Max: 3, Diff: 3, Sum: 3, Workers: 6
[32.113s][debug  ][gc,phases      ] GC(118)   JVMTI Tag Weak OopStorage      Min:  0.0, Avg:  0.0, Max:  0.0, Diff:  0.0, Sum:  0.0, Workers: 6
[32.113s][debug  ][gc,phases      ] GC(118)     Dead                           Min: 0, Avg:  0.0, Max: 0, Diff: 0, Sum: 0, Workers: 6
[32.113s][debug  ][gc,phases      ] GC(118)     Total                          Min: 0, Avg:  0.0, Max: 0, Diff: 0, Sum: 0, Workers: 6
[32.113s][debug  ][gc,phases      ] GC(118)   StringTable Weak               Min:  0.0, Avg:  0.0, Max:  0.0, Diff:  0.0, Sum:  0.0, Workers: 6
[32.113s][debug  ][gc,phases      ] GC(118)     Dead                           Min: 0, Avg:  0.0, Max: 0, Diff: 0, Sum: 0, Workers: 6
[32.113s][debug  ][gc,phases      ] GC(118)     Total                          Min: 704, Avg: 892.3, Max: 1088, Diff: 384, Sum: 5354, Workers: 6
[32.113s][debug  ][gc,phases      ] GC(118)   ResolvedMethodTable Weak       Min:  0.0, Avg:  0.0, Max:  0.0, Diff:  0.0, Sum:  0.0, Workers: 6
[32.113s][debug  ][gc,phases      ] GC(118)     Dead                           Min: 0, Avg:  0.0, Max: 0, Diff: 0, Sum: 0, Workers: 6
[32.113s][debug  ][gc,phases      ] GC(118)     Total                          Min: 0, Avg: 21.7, Max: 64, Diff: 64, Sum: 130, Workers: 6
[32.113s][debug  ][gc,phases      ] GC(118)   JNI Weak                       Min:  0.0, Avg:  0.0, Max:  0.0, Diff:  0.0, Sum:  0.0, Workers: 6
[32.113s][debug  ][gc,phases      ] GC(118)     Dead                           Min: 0, Avg:  0.0, Max: 0, Diff: 0, Sum: 0, Workers: 6
[32.113s][debug  ][gc,phases      ] GC(118)     Total                          Min: 0, Avg:  0.0, Max: 0, Diff: 0, Sum: 0, Workers: 6
[32.114s][debug  ][gc,phases      ] GC(118)   StringDedup Table Weak         Min:  0.0, Avg:  0.0, Max:  0.0, Diff:  0.0, Sum:  0.0, Workers: 6
[32.114s][debug  ][gc,phases      ] GC(118)     Dead                           Min: 0, Avg:  0.0, Max: 0, Diff: 0, Sum: 0, Workers: 6
[32.114s][debug  ][gc,phases      ] GC(118)     Total                          Min: 0, Avg:  0.0, Max: 0, Diff: 0, Sum: 0, Workers: 6
[32.114s][debug  ][gc,phases      ] GC(118)   StringDedup Requests0 Weak     Min:  0.0, Avg:  0.0, Max:  0.0, Diff:  0.0, Sum:  0.0, Workers: 6
[32.114s][debug  ][gc,phases      ] GC(118)     Dead                           Min: 0, Avg:  0.0, Max: 0, Diff: 0, Sum: 0, Workers: 6
[32.114s][debug  ][gc,phases      ] GC(118)     Total                          Min: 0, Avg:  0.0, Max: 0, Diff: 0, Sum: 0, Workers: 6
[32.114s][debug  ][gc,phases      ] GC(118)   StringDedup Requests1 Weak     Min:  0.0, Avg:  0.0, Max:  0.0, Diff:  0.0, Sum:  0.0, Workers: 6
[32.114s][debug  ][gc,phases      ] GC(118)     Dead                           Min: 0, Avg:  0.0, Max: 0, Diff: 0, Sum: 0, Workers: 6
[32.114s][debug  ][gc,phases      ] GC(118)     Total                          Min: 0, Avg:  0.0, Max: 0, Diff: 0, Sum: 0, Workers: 6
[32.114s][debug  ][gc,phases      ] GC(118)   Weak JFR Old Object Samples    Min:  0.0, Avg:  0.0, Max:  0.0, Diff:  0.0, Sum:  0.0, Workers: 6
[32.114s][debug  ][gc,phases      ] GC(118)     Dead                           Min: 0, Avg:  0.0, Max: 0, Diff: 0, Sum: 0, Workers: 6
[32.114s][debug  ][gc,phases      ] GC(118)     Total                          Min: 0, Avg:  0.0, Max: 0, Diff: 0, Sum: 0, Workers: 6
[32.114s][debug  ][gc,phases      ] GC(118) Weak Processing 0.744ms
[32.114s][debug  ][gc,ergo        ] GC(118) AdaptiveSizeStart:  collection: 119 
[32.114s][debug  ][gc,ergo        ] GC(118) avg_survived_padded_avg: 33995720.000000
[32.114s][debug  ][gc,ergo        ] GC(118) avg_promoted_padded_avg: 264485440.000000  avg_pretenured_padded_avg: 0.000000  tenuring_thresh: 15  target_size: 34078720
[32.114s][debug  ][gc,age         ] GC(118) Desired survivor size 34078720 bytes, new threshold 15 (max threshold 15)
[32.114s][debug  ][gc,ergo        ] GC(118) PSAdaptiveSizePolicy::compute_eden_space_size limits: desired_eden_size: 216811396 old_eden_size: 199229440 eden_limit: 199229440 cur_eden: 199229440 max_eden_size: 199229440 avg_young_live: 26506528
[32.114s][debug  ][gc,ergo        ] GC(118) PSAdaptiveSizePolicy::compute_eden_space_size: costs minor_time: 0.043372 major_cost: 0.054922 mutator_cost: 0.901706 throughput_goal: 0.990000
[32.114s][debug  ][gc,ergo        ] GC(118) Live_space: 1058945152 free_space: 1426063360
[32.114s][debug  ][gc,ergo        ] GC(118) Old eden_size: 199229440 desired_eden_size: 199229440
[32.114s][debug  ][gc,ergo        ] GC(118) AdaptiveSizeStop: collection: 119 
[32.114s][info   ][gc,heap        ] GC(118) PSYoungGen: 218799K(228352K)->30720K(228352K) Eden: 188079K(194560K)->0K(194560K) From: 30720K(33792K)->30720K(33792K)
[32.114s][info   ][gc,heap        ] GC(118) ParOldGen: 882276K(1835008K)->1066596K(1835008K)
[32.114s][info   ][gc,metaspace   ] GC(118) Metaspace: 1022K(1216K)->1022K(1216K) NonClass: 939K(1024K)->939K(1024K) Class: 83K(192K)->83K(192K)
[32.114s][info   ][gc             ] GC(118) Pause Young (Allocation Failure) 1075M->1071M(2015M) 17.231ms
[32.114s][info   ][gc,cpu         ] GC(118) User=0.12s Sys=0.00s Real=0.02s
[32.114s][debug  ][gc,heap        ] GC(118) Heap after GC invocations=119 (full 19):
[32.114s][debug  ][gc,heap        ] GC(118)  PSYoungGen      total 228352K, used 30720K [0x00000000f0000000, 0x0000000100000000, 0x0000000100000000)
[32.114s][debug  ][gc,heap        ] GC(118)   eden space 194560K, 0% used [0x00000000f0000000,0x00000000f0000000,0x00000000fbe00000)
[32.114s][debug  ][gc,heap        ] GC(118)   from space 33792K, 90% used [0x00000000fbe00000,0x00000000fdc00030,0x00000000fdf00000)
[32.114s][debug  ][gc,heap        ] GC(118)   to   space 33280K, 0% used [0x00000000fdf80000,0x00000000fdf80000,0x0000000100000000)
[32.114s][debug  ][gc,heap        ] GC(118)  ParOldGen       total 1835008K, used 1066596K [0x0000000080000000, 0x00000000f0000000, 0x00000000f0000000)
[32.114s][debug  ][gc,heap        ] GC(118)   object space 1835008K, 58% used [0x0000000080000000,0x00000000c1199258,0x00000000f0000000)
[32.114s][debug  ][gc,heap        ] GC(118)  Metaspace       used 1022K, committed 1216K, reserved 1056768K
[32.114s][debug  ][gc,heap        ] GC(118)   class space    used 83K, committed 192K, reserved 1048576K
[32.114s][debug  ][gc,task,time   ] GC(118) VM-Thread 320964128 321121918 321143052
[32.397s][debug  ][gc,heap        ] GC(119) Heap before GC invocations=120 (full 19):
[32.397s][debug  ][gc,heap        ] GC(119)  PSYoungGen      total 228352K, used 218818K [0x00000000f0000000, 0x0000000100000000, 0x0000000100000000)
[32.397s][debug  ][gc,heap        ] GC(119)   eden space 194560K, 96% used [0x00000000f0000000,0x00000000fb7b09c0,0x00000000fbe00000)
[32.397s][debug  ][gc,heap        ] GC(119)   from space 33792K, 90% used [0x00000000fbe00000,0x00000000fdc00030,0x00000000fdf00000)
[32.397s][debug  ][gc,heap        ] GC(119)   to   space 33280K, 0% used [0x00000000fdf80000,0x00000000fdf80000,0x0000000100000000)
[32.397s][debug  ][gc,heap        ] GC(119)  ParOldGen       total 1835008K, used 1066596K [0x0000000080000000, 0x00000000f0000000, 0x00000000f0000000)
[32.397s][debug  ][gc,heap        ] GC(119)   object space 1835008K, 58% used [0x0000000080000000,0x00000000c1199258,0x00000000f0000000)
[32.397s][debug  ][gc,heap        ] GC(119)  Metaspace       used 1022K, committed 1216K, reserved 1056768K
[32.397s][debug  ][gc,heap        ] GC(119)   class space    used 83K, committed 192K, reserved 1048576K
[32.397s][debug  ][gc,tlab        ] GC(119) TLAB totals: thrds: 1  refills: 1 max: 1 slow allocs: 17 max 17 waste: 27.0% gc: 3868832B max: 3868832B slow: 0B max: 0B
[32.397s][info   ][gc,start       ] GC(119) Pause Young (Allocation Failure)
[32.397s][debug  ][gc,phases,start] GC(119) Scavenge
[32.414s][debug  ][gc,phases      ] GC(119) Scavenge 16.232ms
[32.414s][debug  ][gc,phases,start] GC(119) Reference Processing
[32.414s][debug  ][gc,ref         ] GC(119) Skipped phase 1 of Reference Processing: no references
[32.414s][debug  ][gc,ref         ] GC(119) Skipped phase 2 of Reference Processing: no references
[32.414s][debug  ][gc,ref         ] GC(119) Skipped phase 3 of Reference Processing: no references
[32.414s][debug  ][gc,ref         ] GC(119) Skipped phase 4 of Reference Processing: no references
[32.414s][debug  ][gc,phases,ref  ] GC(119) Reference Processing: 0.1ms
[32.414s][debug  ][gc,phases,ref  ] GC(119)   Reconsider SoftReferences: 0.0ms
[32.414s][debug  ][gc,phases,ref  ] GC(119)     SoftRef (ms):                  skipped
[32.414s][debug  ][gc,phases,ref  ] GC(119)   Notify Soft/WeakReferences: 0.0ms
[32.414s][debug  ][gc,phases,ref  ] GC(119)     SoftRef (ms):                  skipped
[32.414s][debug  ][gc,phases,ref  ] GC(119)     WeakRef (ms):                  skipped
[32.414s][debug  ][gc,phases,ref  ] GC(119)     FinalRef (ms):                 skipped
[32.414s][debug  ][gc,phases,ref  ] GC(119)     Total (ms):                    skipped
[32.414s][debug  ][gc,phases,ref  ] GC(119)   Notify and keep alive finalizable: 0.0ms
[32.414s][debug  ][gc,phases,ref  ] GC(119)     FinalRef (ms):                 skipped
[32.414s][debug  ][gc,phases,ref  ] GC(119)   Notify PhantomReferences: 0.0ms
[32.414s][debug  ][gc,phases,ref  ] GC(119)     PhantomRef (ms):               skipped
[32.414s][debug  ][gc,phases,ref  ] GC(119)   SoftReference:
[32.414s][debug  ][gc,phases,ref  ] GC(119)     Discovered: 0
[32.414s][debug  ][gc,phases,ref  ] GC(119)     Cleared: 0
[32.414s][debug  ][gc,phases,ref  ] GC(119)   WeakReference:
[32.414s][debug  ][gc,phases,ref  ] GC(119)     Discovered: 0
[32.414s][debug  ][gc,phases,ref  ] GC(119)     Cleared: 0
[32.414s][debug  ][gc,phases,ref  ] GC(119)   FinalReference:
[32.414s][debug  ][gc,phases,ref  ] GC(119)     Discovered: 0
[32.414s][debug  ][gc,phases,ref  ] GC(119)     Cleared: 0
[32.414s][debug  ][gc,phases,ref  ] GC(119)   PhantomReference:
[32.414s][debug  ][gc,phases,ref  ] GC(119)     Discovered: 0
[32.414s][debug  ][gc,phases,ref  ] GC(119)     Cleared: 0
[32.414s][debug  ][gc,phases      ] GC(119) Reference Processing 0.810ms
[32.414s][debug  ][gc,phases,start] GC(119) Weak Processing
[32.415s][debug  ][gc,phases      ] GC(119)   VM Weak                        Min:  0.0, Avg:  0.0, Max:  0.0, Diff:  0.0, Sum:  0.0, Workers: 6
[32.415s][debug  ][gc,phases      ] GC(119)     Dead                           Min: 0, Avg:  0.0, Max: 0, Diff: 0, Sum: 0, Workers: 6
[32.415s][debug  ][gc,phases      ] GC(119)     Total                          Min: 0, Avg:  1.3, Max: 8, Diff: 8, Sum: 8, Workers: 6
[32.415s][debug  ][gc,phases      ] GC(119)   ObjectSynchronizer Weak        Min:  0.0, Avg:  0.0, Max:  0.0, Diff:  0.0, Sum:  0.0, Workers: 6
[32.415s][debug  ][gc,phases      ] GC(119)     Dead                           Min: 0, Avg:  0.0, Max: 0, Diff: 0, Sum: 0, Workers: 6
[32.415s][debug  ][gc,phases      ] GC(119)     Total                          Min: 0, Avg:  0.5, Max: 3, Diff: 3, Sum: 3, Workers: 6
[32.415s][debug  ][gc,phases      ] GC(119)   JVMTI Tag Weak OopStorage      Min:  0.0, Avg:  0.0, Max:  0.0, Diff:  0.0, Sum:  0.0, Workers: 6
[32.415s][debug  ][gc,phases      ] GC(119)     Dead                           Min: 0, Avg:  0.0, Max: 0, Diff: 0, Sum: 0, Workers: 6
[32.415s][debug  ][gc,phases      ] GC(119)     Total                          Min: 0, Avg:  0.0, Max: 0, Diff: 0, Sum: 0, Workers: 6
[32.415s][debug  ][gc,phases      ] GC(119)   StringTable Weak               Min:  0.0, Avg:  0.0, Max:  0.0, Diff:  0.0, Sum:  0.0, Workers: 6
[32.415s][debug  ][gc,phases      ] GC(119)     Dead                           Min: 0, Avg:  0.0, Max: 0, Diff: 0, Sum: 0, Workers: 6
[32.415s][debug  ][gc,phases      ] GC(119)     Total                          Min: 448, Avg: 892.3, Max: 1066, Diff: 618, Sum: 5354, Workers: 6
[32.415s][debug  ][gc,phases      ] GC(119)   ResolvedMethodTable Weak       Min:  0.0, Avg:  0.0, Max:  0.0, Diff:  0.0, Sum:  0.0, Workers: 6
[32.415s][debug  ][gc,phases      ] GC(119)     Dead                           Min: 0, Avg:  0.0, Max: 0, Diff: 0, Sum: 0, Workers: 6
[32.415s][debug  ][gc,phases      ] GC(119)     Total                          Min: 0, Avg: 21.7, Max: 64, Diff: 64, Sum: 130, Workers: 6
[32.415s][debug  ][gc,phases      ] GC(119)   JNI Weak                       Min:  0.0, Avg:  0.0, Max:  0.0, Diff:  0.0, Sum:  0.0, Workers: 6
[32.415s][debug  ][gc,phases      ] GC(119)     Dead                           Min: 0, Avg:  0.0, Max: 0, Diff: 0, Sum: 0, Workers: 6
[32.415s][debug  ][gc,phases      ] GC(119)     Total                          Min: 0, Avg:  0.0, Max: 0, Diff: 0, Sum: 0, Workers: 6
[32.415s][debug  ][gc,phases      ] GC(119)   StringDedup Table Weak         Min:  0.0, Avg:  0.0, Max:  0.0, Diff:  0.0, Sum:  0.0, Workers: 6
[32.415s][debug  ][gc,phases      ] GC(119)     Dead                           Min: 0, Avg:  0.0, Max: 0, Diff: 0, Sum: 0, Workers: 6
[32.415s][debug  ][gc,phases      ] GC(119)     Total                          Min: 0, Avg:  0.0, Max: 0, Diff: 0, Sum: 0, Workers: 6
[32.415s][debug  ][gc,phases      ] GC(119)   StringDedup Requests0 Weak     Min:  0.0, Avg:  0.0, Max:  0.0, Diff:  0.0, Sum:  0.0, Workers: 6
[32.415s][debug  ][gc,phases      ] GC(119)     Dead                           Min: 0, Avg:  0.0, Max: 0, Diff: 0, Sum: 0, Workers: 6
[32.415s][debug  ][gc,phases      ] GC(119)     Total                          Min: 0, Avg:  0.0, Max: 0, Diff: 0, Sum: 0, Workers: 6
[32.415s][debug  ][gc,phases      ] GC(119)   StringDedup Requests1 Weak     Min:  0.0, Avg:  0.0, Max:  0.0, Diff:  0.0, Sum:  0.0, Workers: 6
[32.415s][debug  ][gc,phases      ] GC(119)     Dead                           Min: 0, Avg:  0.0, Max: 0, Diff: 0, Sum: 0, Workers: 6
[32.415s][debug  ][gc,phases      ] GC(119)     Total                          Min: 0, Avg:  0.0, Max: 0, Diff: 0, Sum: 0, Workers: 6
[32.415s][debug  ][gc,phases      ] GC(119)   Weak JFR Old Object Samples    Min:  0.0, Avg:  0.0, Max:  0.0, Diff:  0.0, Sum:  0.0, Workers: 6
[32.415s][debug  ][gc,phases      ] GC(119)     Dead                           Min: 0, Avg:  0.0, Max: 0, Diff: 0, Sum: 0, Workers: 6
[32.415s][debug  ][gc,phases      ] GC(119)     Total                          Min: 0, Avg:  0.0, Max: 0, Diff: 0, Sum: 0, Workers: 6
[32.415s][debug  ][gc,phases      ] GC(119) Weak Processing 0.802ms
[32.415s][debug  ][gc,ergo        ] GC(119) AdaptiveSizeStart:  collection: 120 
[32.415s][debug  ][gc,ergo        ] GC(119) avg_survived_padded_avg: 33816696.000000
[32.415s][debug  ][gc,ergo        ] GC(119) avg_promoted_padded_avg: 266073552.000000  avg_pretenured_padded_avg: 0.000000  tenuring_thresh: 15  target_size: 34078720
[32.415s][debug  ][gc,age         ] GC(119) Desired survivor size 34078720 bytes, new threshold 15 (max threshold 15)
[32.415s][debug  ][gc,ergo        ] GC(119) PSAdaptiveSizePolicy::compute_eden_space_size limits: desired_eden_size: 217694623 old_eden_size: 199229440 eden_limit: 199753728 cur_eden: 199229440 max_eden_size: 199753728 avg_young_live: 27001606
[32.415s][debug  ][gc,ergo        ] GC(119) PSAdaptiveSizePolicy::compute_eden_space_size: costs minor_time: 0.047433 major_cost: 0.054922 mutator_cost: 0.897646 throughput_goal: 0.990000
[32.415s][debug  ][gc,ergo        ] GC(119) Live_space: 1059440256 free_space: 1426063360
[32.415s][debug  ][gc,ergo        ] GC(119) Old eden_size: 199229440 desired_eden_size: 199753728
[32.415s][debug  ][gc,ergo        ] GC(119) AdaptiveSizeStop: collection: 120 
[32.415s][info   ][gc,heap        ] GC(119) PSYoungGen: 218818K(228352K)->30720K(228864K) Eden: 188098K(194560K)->0K(195584K) From: 30720K(33792K)->30720K(33280K)
[32.416s][info   ][gc,heap        ] GC(119) ParOldGen: 1066596K(1835008K)->1250916K(1835008K)
[32.416s][info   ][gc,metaspace   ] GC(119) Metaspace: 1022K(1216K)->1022K(1216K) NonClass: 939K(1024K)->939K(1024K) Class: 83K(192K)->83K(192K)
[32.416s][info   ][gc             ] GC(119) Pause Young (Allocation Failure) 1255M->1251M(2015M) 18.302ms
[32.416s][info   ][gc,cpu         ] GC(119) User=0.12s Sys=0.00s Real=0.02s
[32.416s][debug  ][gc,heap        ] GC(119) Heap after GC invocations=120 (full 19):
[32.416s][debug  ][gc,heap        ] GC(119)  PSYoungGen      total 228864K, used 30720K [0x00000000f0000000, 0x0000000100000000, 0x0000000100000000)
[32.416s][debug  ][gc,heap        ] GC(119)   eden space 195584K, 0% used [0x00000000f0000000,0x00000000f0000000,0x00000000fbf00000)
[32.416s][debug  ][gc,heap        ] GC(119)   from space 33280K, 92% used [0x00000000fdf80000,0x00000000ffd80030,0x0000000100000000)
[32.416s][debug  ][gc,heap        ] GC(119)   to   space 33280K, 0% used [0x00000000fbf00000,0x00000000fbf00000,0x00000000fdf80000)
[32.416s][debug  ][gc,heap        ] GC(119)  ParOldGen       total 1835008K, used 1250916K [0x0000000080000000, 0x00000000f0000000, 0x00000000f0000000)
[32.416s][debug  ][gc,heap        ] GC(119)   object space 1835008K, 68% used [0x0000000080000000,0x00000000cc599378,0x00000000f0000000)
[32.416s][debug  ][gc,heap        ] GC(119)  Metaspace       used 1022K, committed 1216K, reserved 1056768K
[32.416s][debug  ][gc,heap        ] GC(119)   class space    used 83K, committed 192K, reserved 1048576K
[32.416s][debug  ][gc,task,time   ] GC(119) VM-Thread 323967412 324136230 324158000
[32.716s][debug  ][gc,heap        ] GC(120) Heap before GC invocations=121 (full 19):
[32.716s][debug  ][gc,heap        ] GC(120)  PSYoungGen      total 228864K, used 218850K [0x00000000f0000000, 0x0000000100000000, 0x0000000100000000)
[32.716s][debug  ][gc,heap        ] GC(120)   eden space 195584K, 96% used [0x00000000f0000000,0x00000000fb7b8a60,0x00000000fbf00000)
[32.716s][debug  ][gc,heap        ] GC(120)   from space 33280K, 92% used [0x00000000fdf80000,0x00000000ffd80030,0x0000000100000000)
[32.716s][debug  ][gc,heap        ] GC(120)   to   space 33280K, 0% used [0x00000000fbf00000,0x00000000fbf00000,0x00000000fdf80000)
[32.716s][debug  ][gc,heap        ] GC(120)  ParOldGen       total 1835008K, used 1250916K [0x0000000080000000, 0x00000000f0000000, 0x00000000f0000000)
[32.716s][debug  ][gc,heap        ] GC(120)   object space 1835008K, 68% used [0x0000000080000000,0x00000000cc599378,0x00000000f0000000)
[32.716s][debug  ][gc,heap        ] GC(120)  Metaspace       used 1022K, committed 1216K, reserved 1056768K
[32.716s][debug  ][gc,heap        ] GC(120)   class space    used 83K, committed 192K, reserved 1048576K
[32.716s][debug  ][gc,tlab        ] GC(120) TLAB totals: thrds: 1  refills: 1 max: 1 slow allocs: 17 max 17 waste: 27.1% gc: 3901760B max: 3901760B slow: 0B max: 0B
[32.716s][info   ][gc,start       ] GC(120) Pause Young (Allocation Failure)
[32.716s][debug  ][gc,phases,start] GC(120) Scavenge
[32.731s][debug  ][gc,phases      ] GC(120) Scavenge 15.081ms
[32.731s][debug  ][gc,phases,start] GC(120) Reference Processing
[32.731s][debug  ][gc,ref         ] GC(120) Skipped phase 1 of Reference Processing: no references
[32.732s][debug  ][gc,ref         ] GC(120) Skipped phase 2 of Reference Processing: no references
[32.732s][debug  ][gc,ref         ] GC(120) Skipped phase 3 of Reference Processing: no references
[32.732s][debug  ][gc,ref         ] GC(120) Skipped phase 4 of Reference Processing: no references
[32.732s][debug  ][gc,phases,ref  ] GC(120) Reference Processing: 0.1ms
[32.732s][debug  ][gc,phases,ref  ] GC(120)   Reconsider SoftReferences: 0.0ms
[32.732s][debug  ][gc,phases,ref  ] GC(120)     SoftRef (ms):                  skipped
[32.732s][debug  ][gc,phases,ref  ] GC(120)   Notify Soft/WeakReferences: 0.0ms
[32.732s][debug  ][gc,phases,ref  ] GC(120)     SoftRef (ms):                  skipped
[32.732s][debug  ][gc,phases,ref  ] GC(120)     WeakRef (ms):                  skipped
[32.732s][debug  ][gc,phases,ref  ] GC(120)     FinalRef (ms):                 skipped
[32.732s][debug  ][gc,phases,ref  ] GC(120)     Total (ms):                    skipped
[32.732s][debug  ][gc,phases,ref  ] GC(120)   Notify and keep alive finalizable: 0.0ms
[32.732s][debug  ][gc,phases,ref  ] GC(120)     FinalRef (ms):                 skipped
[32.732s][debug  ][gc,phases,ref  ] GC(120)   Notify PhantomReferences: 0.0ms
[32.732s][debug  ][gc,phases,ref  ] GC(120)     PhantomRef (ms):               skipped
[32.732s][debug  ][gc,phases,ref  ] GC(120)   SoftReference:
[32.732s][debug  ][gc,phases,ref  ] GC(120)     Discovered: 0
[32.732s][debug  ][gc,phases,ref  ] GC(120)     Cleared: 0
[32.732s][debug  ][gc,phases,ref  ] GC(120)   WeakReference:
[32.732s][debug  ][gc,phases,ref  ] GC(120)     Discovered: 0
[32.732s][debug  ][gc,phases,ref  ] GC(120)     Cleared: 0
[32.732s][debug  ][gc,phases,ref  ] GC(120)   FinalReference:
[32.732s][debug  ][gc,phases,ref  ] GC(120)     Discovered: 0
[32.732s][debug  ][gc,phases,ref  ] GC(120)     Cleared: 0
[32.732s][debug  ][gc,phases,ref  ] GC(120)   PhantomReference:
[32.732s][debug  ][gc,phases,ref  ] GC(120)     Discovered: 0
[32.732s][debug  ][gc,phases,ref  ] GC(120)     Cleared: 0
[32.732s][debug  ][gc,phases      ] GC(120) Reference Processing 0.792ms
[32.732s][debug  ][gc,phases,start] GC(120) Weak Processing
[32.739s][debug  ][gc,phases      ] GC(120)   VM Weak                        Min:  0.0, Avg:  0.0, Max:  0.0, Diff:  0.0, Sum:  0.0, Workers: 6
[32.739s][debug  ][gc,phases      ] GC(120)     Dead                           Min: 0, Avg:  0.0, Max: 0, Diff: 0, Sum: 0, Workers: 6
[32.739s][debug  ][gc,phases      ] GC(120)     Total                          Min: 0, Avg:  1.3, Max: 8, Diff: 8, Sum: 8, Workers: 6
[32.739s][debug  ][gc,phases      ] GC(120)   ObjectSynchronizer Weak        Min:  0.0, Avg:  0.0, Max:  0.0, Diff:  0.0, Sum:  0.0, Workers: 6
[32.739s][debug  ][gc,phases      ] GC(120)     Dead                           Min: 0, Avg:  0.0, Max: 0, Diff: 0, Sum: 0, Workers: 6
[32.739s][debug  ][gc,phases      ] GC(120)     Total                          Min: 0, Avg:  0.5, Max: 3, Diff: 3, Sum: 3, Workers: 6
[32.739s][debug  ][gc,phases      ] GC(120)   JVMTI Tag Weak OopStorage      Min:  0.0, Avg:  0.0, Max:  0.0, Diff:  0.0, Sum:  0.0, Workers: 6
[32.739s][debug  ][gc,phases      ] GC(120)     Dead                           Min: 0, Avg:  0.0, Max: 0, Diff: 0, Sum: 0, Workers: 6
[32.739s][debug  ][gc,phases      ] GC(120)     Total                          Min: 0, Avg:  0.0, Max: 0, Diff: 0, Sum: 0, Workers: 6
[32.739s][debug  ][gc,phases      ] GC(120)   StringTable Weak               Min:  0.0, Avg:  0.0, Max:  0.0, Diff:  0.0, Sum:  0.0, Workers: 6
[32.739s][debug  ][gc,phases      ] GC(120)     Dead                           Min: 0, Avg:  0.0, Max: 0, Diff: 0, Sum: 0, Workers: 6
[32.739s][debug  ][gc,phases      ] GC(120)     Total                          Min: 0, Avg: 892.3, Max: 5354, Diff: 5354, Sum: 5354, Workers: 6
[32.739s][debug  ][gc,phases      ] GC(120)   ResolvedMethodTable Weak       Min:  0.0, Avg:  0.0, Max:  0.0, Diff:  0.0, Sum:  0.0, Workers: 6
[32.739s][debug  ][gc,phases      ] GC(120)     Dead                           Min: 0, Avg:  0.0, Max: 0, Diff: 0, Sum: 0, Workers: 6
[32.739s][debug  ][gc,phases      ] GC(120)     Total                          Min: 0, Avg: 21.7, Max: 130, Diff: 130, Sum: 130, Workers: 6
[32.739s][debug  ][gc,phases      ] GC(120)   JNI Weak                       Min:  0.0, Avg:  0.0, Max:  0.0, Diff:  0.0, Sum:  0.0, Workers: 6
[32.739s][debug  ][gc,phases      ] GC(120)     Dead                           Min: 0, Avg:  0.0, Max: 0, Diff: 0, Sum: 0, Workers: 6
[32.739s][debug  ][gc,phases      ] GC(120)     Total                          Min: 0, Avg:  0.0, Max: 0, Diff: 0, Sum: 0, Workers: 6
[32.740s][debug  ][gc,phases      ] GC(120)   StringDedup Table Weak         Min:  0.0, Avg:  0.0, Max:  0.0, Diff:  0.0, Sum:  0.0, Workers: 6
[32.740s][debug  ][gc,phases      ] GC(120)     Dead                           Min: 0, Avg:  0.0, Max: 0, Diff: 0, Sum: 0, Workers: 6
[32.740s][debug  ][gc,phases      ] GC(120)     Total                          Min: 0, Avg:  0.0, Max: 0, Diff: 0, Sum: 0, Workers: 6
[32.740s][debug  ][gc,phases      ] GC(120)   StringDedup Requests0 Weak     Min:  0.0, Avg:  0.0, Max:  0.0, Diff:  0.0, Sum:  0.0, Workers: 6
[32.740s][debug  ][gc,phases      ] GC(120)     Dead                           Min: 0, Avg:  0.0, Max: 0, Diff: 0, Sum: 0, Workers: 6
[32.740s][debug  ][gc,phases      ] GC(120)     Total                          Min: 0, Avg:  0.0, Max: 0, Diff: 0, Sum: 0, Workers: 6
[32.740s][debug  ][gc,phases      ] GC(120)   StringDedup Requests1 Weak     Min:  0.0, Avg:  0.0, Max:  0.0, Diff:  0.0, Sum:  0.0, Workers: 6
[32.740s][debug  ][gc,phases      ] GC(120)     Dead                           Min: 0, Avg:  0.0, Max: 0, Diff: 0, Sum: 0, Workers: 6
[32.740s][debug  ][gc,phases      ] GC(120)     Total                          Min: 0, Avg:  0.0, Max: 0, Diff: 0, Sum: 0, Workers: 6
[32.740s][debug  ][gc,phases      ] GC(120)   Weak JFR Old Object Samples    Min:  0.0, Avg:  0.0, Max:  0.0, Diff:  0.0, Sum:  0.0, Workers: 6
[32.740s][debug  ][gc,phases      ] GC(120)     Dead                           Min: 0, Avg:  0.0, Max: 0, Diff: 0, Sum: 0, Workers: 6
[32.740s][debug  ][gc,phases      ] GC(120)     Total                          Min: 0, Avg:  0.0, Max: 0, Diff: 0, Sum: 0, Workers: 6
[32.740s][debug  ][gc,phases      ] GC(120) Weak Processing 7.622ms
[32.740s][debug  ][gc,ergo        ] GC(120) AdaptiveSizeStart:  collection: 121 
[32.740s][debug  ][gc,ergo        ] GC(120) avg_survived_padded_avg: 33648096.000000
[32.740s][debug  ][gc,ergo        ] GC(120) avg_promoted_padded_avg: 266586624.000000  avg_pretenured_padded_avg: 0.000000  tenuring_thresh: 15  target_size: 34078720
[32.740s][debug  ][gc,age         ] GC(120) Desired survivor size 34078720 bytes, new threshold 15 (max threshold 15)
[32.740s][debug  ][gc,ergo        ] GC(120) PSAdaptiveSizePolicy::compute_eden_space_size limits: desired_eden_size: 220250672 old_eden_size: 199753728 eden_limit: 200278016 cur_eden: 200278016 max_eden_size: 200278016 avg_young_live: 27447178
[32.740s][debug  ][gc,ergo        ] GC(120) PSAdaptiveSizePolicy::compute_eden_space_size: costs minor_time: 0.053778 major_cost: 0.054922 mutator_cost: 0.891300 throughput_goal: 0.990000
[32.740s][debug  ][gc,ergo        ] GC(120) Live_space: 1059885824 free_space: 1426587648
[32.740s][debug  ][gc,ergo        ] GC(120) Old eden_size: 199753728 desired_eden_size: 200278016
[32.740s][debug  ][gc,ergo        ] GC(120) AdaptiveSizeStop: collection: 121 
[32.740s][info   ][gc,heap        ] GC(120) PSYoungGen: 218850K(228864K)->30720K(228864K) Eden: 188130K(195584K)->0K(195584K) From: 30720K(33280K)->30720K(33280K)
[32.740s][info   ][gc,heap        ] GC(120) ParOldGen: 1250916K(1835008K)->1435237K(1835008K)
[32.740s][info   ][gc,metaspace   ] GC(120) Metaspace: 1022K(1216K)->1022K(1216K) NonClass: 939K(1024K)->939K(1024K) Class: 83K(192K)->83K(192K)
[32.740s][info   ][gc             ] GC(120) Pause Young (Allocation Failure) 1435M->1431M(2015M) 24.078ms
[32.740s][info   ][gc,cpu         ] GC(120) User=0.14s Sys=0.00s Real=0.02s
[32.740s][debug  ][gc,heap        ] GC(120) Heap after GC invocations=121 (full 19):
[32.740s][debug  ][gc,heap        ] GC(120)  PSYoungGen      total 228864K, used 30720K [0x00000000f0000000, 0x0000000100000000, 0x0000000100000000)
[32.740s][debug  ][gc,heap        ] GC(120)   eden space 195584K, 0% used [0x00000000f0000000,0x00000000f0000000,0x00000000fbf00000)
[32.740s][debug  ][gc,heap        ] GC(120)   from space 33280K, 92% used [0x00000000fbf00000,0x00000000fdd00030,0x00000000fdf80000)
[32.741s][debug  ][gc,heap        ] GC(120)   to   space 33280K, 0% used [0x00000000fdf80000,0x00000000fdf80000,0x0000000100000000)
[32.741s][debug  ][gc,heap        ] GC(120)  ParOldGen       total 1835008K, used 1435237K [0x0000000080000000, 0x00000000f0000000, 0x00000000f0000000)
[32.741s][debug  ][gc,heap        ] GC(120)   object space 1835008K, 78% used [0x0000000080000000,0x00000000d7999498,0x00000000f0000000)
[32.741s][debug  ][gc,heap        ] GC(120)  Metaspace       used 1022K, committed 1216K, reserved 1056768K
[32.741s][debug  ][gc,heap        ] GC(120)   class space    used 83K, committed 192K, reserved 1048576K
[32.741s][debug  ][gc,task,time   ] GC(120) VM-Thread 327158878 327314450 327406548
[33.029s][debug  ][gc,heap        ] GC(121) Heap before GC invocations=122 (full 19):
[33.029s][debug  ][gc,heap        ] GC(121)  PSYoungGen      total 228864K, used 218858K [0x00000000f0000000, 0x0000000100000000, 0x0000000100000000)
[33.029s][debug  ][gc,heap        ] GC(121)   eden space 195584K, 96% used [0x00000000f0000000,0x00000000fb7ba960,0x00000000fbf00000)
[33.029s][debug  ][gc,heap        ] GC(121)   from space 33280K, 92% used [0x00000000fbf00000,0x00000000fdd00030,0x00000000fdf80000)
[33.029s][debug  ][gc,heap        ] GC(121)   to   space 33280K, 0% used [0x00000000fdf80000,0x00000000fdf80000,0x0000000100000000)
[33.029s][debug  ][gc,heap        ] GC(121)  ParOldGen       total 1835008K, used 1435237K [0x0000000080000000, 0x00000000f0000000, 0x00000000f0000000)
[33.029s][debug  ][gc,heap        ] GC(121)   object space 1835008K, 78% used [0x0000000080000000,0x00000000d7999498,0x00000000f0000000)
[33.029s][debug  ][gc,heap        ] GC(121)  Metaspace       used 1022K, committed 1216K, reserved 1056768K
[33.029s][debug  ][gc,heap        ] GC(121)   class space    used 83K, committed 192K, reserved 1048576K
[33.029s][debug  ][gc,tlab        ] GC(121) TLAB totals: thrds: 1  refills: 1 max: 1 slow allocs: 17 max 17 waste: 27.2% gc: 3909696B max: 3909696B slow: 0B max: 0B
[33.030s][info   ][gc,start       ] GC(121) Pause Young (Allocation Failure)
[33.030s][debug  ][gc,phases,start] GC(121) Scavenge
[33.045s][debug  ][gc,phases      ] GC(121) Scavenge 15.260ms
[33.045s][debug  ][gc,phases,start] GC(121) Reference Processing
[33.045s][debug  ][gc,ref         ] GC(121) Skipped phase 1 of Reference Processing: no references
[33.045s][debug  ][gc,ref         ] GC(121) Skipped phase 2 of Reference Processing: no references
[33.045s][debug  ][gc,ref         ] GC(121) Skipped phase 3 of Reference Processing: no references
[33.045s][debug  ][gc,ref         ] GC(121) Skipped phase 4 of Reference Processing: no references
[33.045s][debug  ][gc,phases,ref  ] GC(121) Reference Processing: 0.1ms
[33.045s][debug  ][gc,phases,ref  ] GC(121)   Reconsider SoftReferences: 0.0ms
[33.045s][debug  ][gc,phases,ref  ] GC(121)     SoftRef (ms):                  skipped
[33.045s][debug  ][gc,phases,ref  ] GC(121)   Notify Soft/WeakReferences: 0.0ms
[33.045s][debug  ][gc,phases,ref  ] GC(121)     SoftRef (ms):                  skipped
[33.045s][debug  ][gc,phases,ref  ] GC(121)     WeakRef (ms):                  skipped
[33.045s][debug  ][gc,phases,ref  ] GC(121)     FinalRef (ms):                 skipped
[33.045s][debug  ][gc,phases,ref  ] GC(121)     Total (ms):                    skipped
[33.045s][debug  ][gc,phases,ref  ] GC(121)   Notify and keep alive finalizable: 0.0ms
[33.045s][debug  ][gc,phases,ref  ] GC(121)     FinalRef (ms):                 skipped
[33.045s][debug  ][gc,phases,ref  ] GC(121)   Notify PhantomReferences: 0.0ms
[33.045s][debug  ][gc,phases,ref  ] GC(121)     PhantomRef (ms):               skipped
[33.045s][debug  ][gc,phases,ref  ] GC(121)   SoftReference:
[33.045s][debug  ][gc,phases,ref  ] GC(121)     Discovered: 0
[33.045s][debug  ][gc,phases,ref  ] GC(121)     Cleared: 0
[33.045s][debug  ][gc,phases,ref  ] GC(121)   WeakReference:
[33.045s][debug  ][gc,phases,ref  ] GC(121)     Discovered: 0
[33.045s][debug  ][gc,phases,ref  ] GC(121)     Cleared: 0
[33.046s][debug  ][gc,phases,ref  ] GC(121)   FinalReference:
[33.046s][debug  ][gc,phases,ref  ] GC(121)     Discovered: 0
[33.046s][debug  ][gc,phases,ref  ] GC(121)     Cleared: 0
[33.046s][debug  ][gc,phases,ref  ] GC(121)   PhantomReference:
[33.046s][debug  ][gc,phases,ref  ] GC(121)     Discovered: 0
[33.046s][debug  ][gc,phases,ref  ] GC(121)     Cleared: 0
[33.046s][debug  ][gc,phases      ] GC(121) Reference Processing 0.741ms
[33.046s][debug  ][gc,phases,start] GC(121) Weak Processing
[33.046s][debug  ][gc,phases      ] GC(121)   VM Weak                        Min:  0.0, Avg:  0.0, Max:  0.0, Diff:  0.0, Sum:  0.0, Workers: 6
[33.046s][debug  ][gc,phases      ] GC(121)     Dead                           Min: 0, Avg:  0.0, Max: 0, Diff: 0, Sum: 0, Workers: 6
[33.046s][debug  ][gc,phases      ] GC(121)     Total                          Min: 0, Avg:  1.3, Max: 8, Diff: 8, Sum: 8, Workers: 6
[33.046s][debug  ][gc,phases      ] GC(121)   ObjectSynchronizer Weak        Min:  0.0, Avg:  0.0, Max:  0.0, Diff:  0.0, Sum:  0.0, Workers: 6
[33.046s][debug  ][gc,phases      ] GC(121)     Dead                           Min: 0, Avg:  0.0, Max: 0, Diff: 0, Sum: 0, Workers: 6
[33.046s][debug  ][gc,phases      ] GC(121)     Total                          Min: 0, Avg:  0.5, Max: 3, Diff: 3, Sum: 3, Workers: 6
[33.046s][debug  ][gc,phases      ] GC(121)   JVMTI Tag Weak OopStorage      Min:  0.0, Avg:  0.0, Max:  0.0, Diff:  0.0, Sum:  0.0, Workers: 6
[33.046s][debug  ][gc,phases      ] GC(121)     Dead                           Min: 0, Avg:  0.0, Max: 0, Diff: 0, Sum: 0, Workers: 6
[33.046s][debug  ][gc,phases      ] GC(121)     Total                          Min: 0, Avg:  0.0, Max: 0, Diff: 0, Sum: 0, Workers: 6
[33.046s][debug  ][gc,phases      ] GC(121)   StringTable Weak               Min:  0.0, Avg:  0.0, Max:  0.0, Diff:  0.0, Sum:  0.0, Workers: 6
[33.046s][debug  ][gc,phases      ] GC(121)     Dead                           Min: 0, Avg:  0.0, Max: 0, Diff: 0, Sum: 0, Workers: 6
[33.046s][debug  ][gc,phases      ] GC(121)     Total                          Min: 832, Avg: 892.3, Max: 960, Diff: 128, Sum: 5354, Workers: 6
[33.046s][debug  ][gc,phases      ] GC(121)   ResolvedMethodTable Weak       Min:  0.0, Avg:  0.0, Max:  0.0, Diff:  0.0, Sum:  0.0, Workers: 6
[33.046s][debug  ][gc,phases      ] GC(121)     Dead                           Min: 0, Avg:  0.0, Max: 0, Diff: 0, Sum: 0, Workers: 6
[33.046s][debug  ][gc,phases      ] GC(121)     Total                          Min: 0, Avg: 21.7, Max: 64, Diff: 64, Sum: 130, Workers: 6
[33.046s][debug  ][gc,phases      ] GC(121)   JNI Weak                       Min:  0.0, Avg:  0.0, Max:  0.0, Diff:  0.0, Sum:  0.0, Workers: 6
[33.046s][debug  ][gc,phases      ] GC(121)     Dead                           Min: 0, Avg:  0.0, Max: 0, Diff: 0, Sum: 0, Workers: 6
[33.046s][debug  ][gc,phases      ] GC(121)     Total                          Min: 0, Avg:  0.0, Max: 0, Diff: 0, Sum: 0, Workers: 6
[33.046s][debug  ][gc,phases      ] GC(121)   StringDedup Table Weak         Min:  0.0, Avg:  0.0, Max:  0.0, Diff:  0.0, Sum:  0.0, Workers: 6
[33.046s][debug  ][gc,phases      ] GC(121)     Dead                           Min: 0, Avg:  0.0, Max: 0, Diff: 0, Sum: 0, Workers: 6
[33.046s][debug  ][gc,phases      ] GC(121)     Total                          Min: 0, Avg:  0.0, Max: 0, Diff: 0, Sum: 0, Workers: 6
[33.046s][debug  ][gc,phases      ] GC(121)   StringDedup Requests0 Weak     Min:  0.0, Avg:  0.0, Max:  0.0, Diff:  0.0, Sum:  0.0, Workers: 6
[33.046s][debug  ][gc,phases      ] GC(121)     Dead                           Min: 0, Avg:  0.0, Max: 0, Diff: 0, Sum: 0, Workers: 6
[33.046s][debug  ][gc,phases      ] GC(121)     Total                          Min: 0, Avg:  0.0, Max: 0, Diff: 0, Sum: 0, Workers: 6
[33.046s][debug  ][gc,phases      ] GC(121)   StringDedup Requests1 Weak     Min:  0.0, Avg:  0.0, Max:  0.0, Diff:  0.0, Sum:  0.0, Workers: 6
[33.046s][debug  ][gc,phases      ] GC(121)     Dead                           Min: 0, Avg:  0.0, Max: 0, Diff: 0, Sum: 0, Workers: 6
[33.046s][debug  ][gc,phases      ] GC(121)     Total                          Min: 0, Avg:  0.0, Max: 0, Diff: 0, Sum: 0, Workers: 6
[33.046s][debug  ][gc,phases      ] GC(121)   Weak JFR Old Object Samples    Min:  0.0, Avg:  0.0, Max:  0.0, Diff:  0.0, Sum:  0.0, Workers: 6
[33.046s][debug  ][gc,phases      ] GC(121)     Dead                           Min: 0, Avg:  0.0, Max: 0, Diff: 0, Sum: 0, Workers: 6
[33.047s][debug  ][gc,phases      ] GC(121)     Total                          Min: 0, Avg:  0.0, Max: 0, Diff: 0, Sum: 0, Workers: 6
[33.047s][debug  ][gc,phases      ] GC(121) Weak Processing 0.867ms
[33.047s][debug  ][gc,ergo        ] GC(121) AdaptiveSizeStart:  collection: 122 
[33.047s][debug  ][gc,ergo        ] GC(121) avg_survived_padded_avg: 33489622.000000
[33.047s][debug  ][gc,ergo        ] GC(121) avg_promoted_padded_avg: 266223776.000000  avg_pretenured_padded_avg: 0.000000  tenuring_thresh: 15  target_size: 33554432
[33.047s][debug  ][gc,age         ] GC(121) Desired survivor size 33554432 bytes, new threshold 15 (max threshold 15)
[33.047s][debug  ][gc,ergo        ] GC(121) PSAdaptiveSizePolicy::compute_eden_space_size limits: desired_eden_size: 220327882 old_eden_size: 200278016 eden_limit: 200278016 cur_eden: 200278016 max_eden_size: 200278016 avg_young_live: 27848194
[33.047s][debug  ][gc,ergo        ] GC(121) PSAdaptiveSizePolicy::compute_eden_space_size: costs minor_time: 0.054191 major_cost: 0.054922 mutator_cost: 0.890887 throughput_goal: 0.990000
[33.047s][debug  ][gc,ergo        ] GC(121) Live_space: 1060286848 free_space: 1427111936
[33.047s][debug  ][gc,ergo        ] GC(121) Old eden_size: 200278016 desired_eden_size: 200278016
[33.047s][debug  ][gc,ergo        ] GC(121) AdaptiveSizeStop: collection: 122 
[33.047s][info   ][gc,heap        ] GC(121) PSYoungGen: 218858K(228864K)->30720K(229376K) Eden: 188138K(195584K)->0K(196096K) From: 30720K(33280K)->30720K(33280K)
[33.047s][info   ][gc,heap        ] GC(121) ParOldGen: 1435237K(1835008K)->1619557K(1835008K)
[33.047s][info   ][gc,metaspace   ] GC(121) Metaspace: 1022K(1216K)->1022K(1216K) NonClass: 939K(1024K)->939K(1024K) Class: 83K(192K)->83K(192K)
[33.047s][info   ][gc             ] GC(121) Pause Young (Allocation Failure) 1615M->1611M(2016M) 17.403ms
[33.047s][info   ][gc,cpu         ] GC(121) User=0.12s Sys=0.00s Real=0.02s
[33.047s][debug  ][gc,heap        ] GC(121) Heap after GC invocations=122 (full 19):
[33.047s][debug  ][gc,heap        ] GC(121)  PSYoungGen      total 229376K, used 30720K [0x00000000f0000000, 0x0000000100000000, 0x0000000100000000)
[33.047s][debug  ][gc,heap        ] GC(121)   eden space 196096K, 0% used [0x00000000f0000000,0x00000000f0000000,0x00000000fbf80000)
[33.047s][debug  ][gc,heap        ] GC(121)   from space 33280K, 92% used [0x00000000fdf80000,0x00000000ffd80030,0x0000000100000000)
[33.047s][debug  ][gc,heap        ] GC(121)   to   space 32768K, 0% used [0x00000000fbf80000,0x00000000fbf80000,0x00000000fdf80000)
[33.047s][debug  ][gc,heap        ] GC(121)  ParOldGen       total 1835008K, used 1619557K [0x0000000080000000, 0x00000000f0000000, 0x00000000f0000000)
[33.047s][debug  ][gc,heap        ] GC(121)   object space 1835008K, 88% used [0x0000000080000000,0x00000000e2d995b8,0x00000000f0000000)
[33.047s][debug  ][gc,heap        ] GC(121)  Metaspace       used 1022K, committed 1216K, reserved 1056768K
[33.047s][debug  ][gc,heap        ] GC(121)   class space    used 83K, committed 192K, reserved 1048576K
[33.047s][debug  ][gc,task,time   ] GC(121) VM-Thread 330291622 330449142 330472450
[33.047s][debug  ][gc,phases,start] GC(122) Pre Compact
[33.047s][debug  ][gc,heap        ] GC(122) Heap before GC invocations=123 (full 20):
[33.047s][debug  ][gc,heap        ] GC(122)  PSYoungGen      total 229376K, used 30720K [0x00000000f0000000, 0x0000000100000000, 0x0000000100000000)
[33.047s][debug  ][gc,heap        ] GC(122)   eden space 196096K, 0% used [0x00000000f0000000,0x00000000f0000000,0x00000000fbf80000)
[33.047s][debug  ][gc,heap        ] GC(122)   from space 33280K, 92% used [0x00000000fdf80000,0x00000000ffd80030,0x0000000100000000)
[33.047s][debug  ][gc,heap        ] GC(122)   to   space 32768K, 0% used [0x00000000fbf80000,0x00000000fbf80000,0x00000000fdf80000)
[33.047s][debug  ][gc,heap        ] GC(122)  ParOldGen       total 1835008K, used 1619557K [0x0000000080000000, 0x00000000f0000000, 0x00000000f0000000)
[33.047s][debug  ][gc,heap        ] GC(122)   object space 1835008K, 88% used [0x0000000080000000,0x00000000e2d995b8,0x00000000f0000000)
[33.047s][debug  ][gc,heap        ] GC(122)  Metaspace       used 1022K, committed 1216K, reserved 1056768K
[33.048s][debug  ][gc,heap        ] GC(122)   class space    used 83K, committed 192K, reserved 1048576K
[33.048s][debug  ][gc,phases      ] GC(122) Pre Compact 0.286ms
[33.048s][info   ][gc,start       ] GC(122) Pause Full (Ergonomics)
[33.048s][info   ][gc,phases,start] GC(122) Marking Phase
[33.048s][debug  ][gc,phases,start] GC(122) Par Mark
[33.048s][debug  ][gc,phases      ] GC(122) Par Mark 0.526ms
[33.048s][debug  ][gc,phases,start] GC(122) Reference Processing
[33.048s][debug  ][gc,ref         ] GC(122) Skipped phase 1 of Reference Processing: no references
[33.048s][debug  ][gc,ref         ] GC(122) ReferenceProcessor::execute queues: 1, RefProcThreadModel::Single, marks_oops_alive: false
[33.048s][debug  ][gc,ref         ] GC(122) Skipped phase 3 of Reference Processing: no references
[33.048s][debug  ][gc,ref         ] GC(122) ReferenceProcessor::execute queues: 1, RefProcThreadModel::Single, marks_oops_alive: false
[33.048s][debug  ][gc,phases,ref  ] GC(122) Reference Processing: 0.1ms
[33.048s][debug  ][gc,phases,ref  ] GC(122)   Reconsider SoftReferences: 0.0ms
[33.048s][debug  ][gc,phases,ref  ] GC(122)     SoftRef (ms):                  skipped
[33.048s][debug  ][gc,phases,ref  ] GC(122)   Notify Soft/WeakReferences: 0.0ms
[33.049s][debug  ][gc,phases,ref  ] GC(122)     SoftRef (ms):                  Min:  0.0, Avg:  0.0, Max:  0.0, Diff:  0.0, Sum:  0.0, Workers: 12
[33.049s][debug  ][gc,phases,ref  ] GC(122)     WeakRef (ms):                  Min:  0.0, Avg:  0.0, Max:  0.0, Diff:  0.0, Sum:  0.0, Workers: 12
[33.049s][debug  ][gc,phases,ref  ] GC(122)     FinalRef (ms):                 Min:  0.0, Avg:  0.0, Max:  0.0, Diff:  0.0, Sum:  0.0, Workers: 12
[33.049s][debug  ][gc,phases,ref  ] GC(122)     Total (ms):                    Min:  0.0, Avg:  0.0, Max:  0.0, Diff:  0.0, Sum:  0.0, Workers: 12
[33.049s][debug  ][gc,phases,ref  ] GC(122)   Notify and keep alive finalizable: 0.0ms
[33.049s][debug  ][gc,phases,ref  ] GC(122)     FinalRef (ms):                 skipped
[33.049s][debug  ][gc,phases,ref  ] GC(122)   Notify PhantomReferences: 0.0ms
[33.049s][debug  ][gc,phases,ref  ] GC(122)     PhantomRef (ms):               Min:  0.0, Avg:  0.0, Max:  0.0, Diff:  0.0, Sum:  0.0, Workers: 12
[33.049s][debug  ][gc,phases,ref  ] GC(122)   SoftReference:
[33.049s][debug  ][gc,phases,ref  ] GC(122)     Discovered: 0
[33.049s][debug  ][gc,phases,ref  ] GC(122)     Cleared: 0
[33.049s][debug  ][gc,phases,ref  ] GC(122)   WeakReference:
[33.049s][debug  ][gc,phases,ref  ] GC(122)     Discovered: 84
[33.049s][debug  ][gc,phases,ref  ] GC(122)     Cleared: 84
[33.049s][debug  ][gc,phases,ref  ] GC(122)   FinalReference:
[33.049s][debug  ][gc,phases,ref  ] GC(122)     Discovered: 0
[33.049s][debug  ][gc,phases,ref  ] GC(122)     Cleared: 0
[33.049s][debug  ][gc,phases,ref  ] GC(122)   PhantomReference:
[33.049s][debug  ][gc,phases,ref  ] GC(122)     Discovered: 5
[33.049s][debug  ][gc,phases,ref  ] GC(122)     Cleared: 5
[33.049s][debug  ][gc,phases      ] GC(122) Reference Processing 0.899ms
[33.049s][debug  ][gc,phases,start] GC(122) Weak Processing
[33.049s][debug  ][gc,phases      ] GC(122)   VM Weak                        Min:  0.0, Avg:  0.0, Max:  0.0, Diff:  0.0, Sum:  0.0, Workers: 6
[33.049s][debug  ][gc,phases      ] GC(122)     Dead                           Min: 0, Avg:  0.0, Max: 0, Diff: 0, Sum: 0, Workers: 6
[33.049s][debug  ][gc,phases      ] GC(122)     Total                          Min: 0, Avg:  1.3, Max: 8, Diff: 8, Sum: 8, Workers: 6
[33.049s][debug  ][gc,phases      ] GC(122)   ObjectSynchronizer Weak        Min:  0.0, Avg:  0.0, Max:  0.0, Diff:  0.0, Sum:  0.0, Workers: 6
[33.049s][debug  ][gc,phases      ] GC(122)     Dead                           Min: 0, Avg:  0.0, Max: 0, Diff: 0, Sum: 0, Workers: 6
[33.049s][debug  ][gc,phases      ] GC(122)     Total                          Min: 0, Avg:  0.5, Max: 3, Diff: 3, Sum: 3, Workers: 6
[33.049s][debug  ][gc,phases      ] GC(122)   JVMTI Tag Weak OopStorage      Min:  0.0, Avg:  0.0, Max:  0.0, Diff:  0.0, Sum:  0.0, Workers: 6
[33.049s][debug  ][gc,phases      ] GC(122)     Dead                           Min: 0, Avg:  0.0, Max: 0, Diff: 0, Sum: 0, Workers: 6
[33.050s][debug  ][gc,phases      ] GC(122)     Total                          Min: 0, Avg:  0.0, Max: 0, Diff: 0, Sum: 0, Workers: 6
[33.050s][debug  ][gc,phases      ] GC(122)   StringTable Weak               Min:  0.0, Avg:  0.0, Max:  0.0, Diff:  0.0, Sum:  0.1, Workers: 6
[33.050s][debug  ][gc,phases      ] GC(122)     Dead                           Min: 0, Avg:  0.0, Max: 0, Diff: 0, Sum: 0, Workers: 6
[33.050s][debug  ][gc,phases      ] GC(122)     Total                          Min: 767, Avg: 892.3, Max: 960, Diff: 193, Sum: 5354, Workers: 6
[33.050s][debug  ][gc,phases      ] GC(122)   ResolvedMethodTable Weak       Min:  0.0, Avg:  0.0, Max:  0.0, Diff:  0.0, Sum:  0.0, Workers: 6
[33.050s][debug  ][gc,phases      ] GC(122)     Dead                           Min: 0, Avg:  0.0, Max: 0, Diff: 0, Sum: 0, Workers: 6
[33.050s][debug  ][gc,phases      ] GC(122)     Total                          Min: 0, Avg: 21.7, Max: 64, Diff: 64, Sum: 130, Workers: 6
[33.050s][debug  ][gc,phases      ] GC(122)   JNI Weak                       Min:  0.0, Avg:  0.0, Max:  0.0, Diff:  0.0, Sum:  0.0, Workers: 6
[33.050s][debug  ][gc,phases      ] GC(122)     Dead                           Min: 0, Avg:  0.0, Max: 0, Diff: 0, Sum: 0, Workers: 6
[33.050s][debug  ][gc,phases      ] GC(122)     Total                          Min: 0, Avg:  0.0, Max: 0, Diff: 0, Sum: 0, Workers: 6
[33.050s][debug  ][gc,phases      ] GC(122)   StringDedup Table Weak         Min:  0.0, Avg:  0.0, Max:  0.0, Diff:  0.0, Sum:  0.0, Workers: 6
[33.050s][debug  ][gc,phases      ] GC(122)     Dead                           Min: 0, Avg:  0.0, Max: 0, Diff: 0, Sum: 0, Workers: 6
[33.050s][debug  ][gc,phases      ] GC(122)     Total                          Min: 0, Avg:  0.0, Max: 0, Diff: 0, Sum: 0, Workers: 6
[33.050s][debug  ][gc,phases      ] GC(122)   StringDedup Requests0 Weak     Min:  0.0, Avg:  0.0, Max:  0.0, Diff:  0.0, Sum:  0.0, Workers: 6
[33.050s][debug  ][gc,phases      ] GC(122)     Dead                           Min: 0, Avg:  0.0, Max: 0, Diff: 0, Sum: 0, Workers: 6
[33.050s][debug  ][gc,phases      ] GC(122)     Total                          Min: 0, Avg:  0.0, Max: 0, Diff: 0, Sum: 0, Workers: 6
[33.050s][debug  ][gc,phases      ] GC(122)   StringDedup Requests1 Weak     Min:  0.0, Avg:  0.0, Max:  0.0, Diff:  0.0, Sum:  0.0, Workers: 6
[33.050s][debug  ][gc,phases      ] GC(122)     Dead                           Min: 0, Avg:  0.0, Max: 0, Diff: 0, Sum: 0, Workers: 6
[33.050s][debug  ][gc,phases      ] GC(122)     Total                          Min: 0, Avg:  0.0, Max: 0, Diff: 0, Sum: 0, Workers: 6
[33.050s][debug  ][gc,phases      ] GC(122)   Weak JFR Old Object Samples    Min:  0.0, Avg:  0.0, Max:  0.0, Diff:  0.0, Sum:  0.0, Workers: 6
[33.050s][debug  ][gc,phases      ] GC(122)     Dead                           Min: 0, Avg:  0.0, Max: 0, Diff: 0, Sum: 0, Workers: 6
[33.050s][debug  ][gc,phases      ] GC(122)     Total                          Min: 0, Avg:  0.0, Max: 0, Diff: 0, Sum: 0, Workers: 6
[33.050s][debug  ][gc,phases      ] GC(122) Weak Processing 1.062ms
[33.050s][debug  ][gc,phases,start] GC(122) Class Unloading
[33.050s][debug  ][gc,phases,start] GC(122) ClassLoaderData
[33.050s][debug  ][gc,phases      ] GC(122) ClassLoaderData 0.031ms
[33.050s][debug  ][gc,phases,start] GC(122) Trigger cleanups
[33.050s][debug  ][gc,phases      ] GC(122) Trigger cleanups 0.032ms
[33.051s][debug  ][gc,phases      ] GC(122) Class Unloading 0.412ms
[33.051s][info   ][gc,phases      ] GC(122) Marking Phase 3.064ms
[33.051s][info   ][gc,phases,start] GC(122) Summary Phase
[33.051s][info   ][gc,phases      ] GC(122) Summary Phase 0.058ms
[33.051s][info   ][gc,phases,start] GC(122) Adjust Roots
[33.051s][info   ][gc,phases      ] GC(122) Adjust Roots 0.277ms
[33.051s][info   ][gc,phases,start] GC(122) Compaction Phase
[33.140s][info   ][gc,phases      ] GC(122) Compaction Phase 88.859ms
[33.140s][info   ][gc,phases,start] GC(122) Post Compact
[33.149s][info   ][gc,phases      ] GC(122) Post Compact 9.089ms
[33.149s][debug  ][gc,ergo        ] GC(122) AdaptiveSizeStart: collection: 123 
[33.149s][debug  ][gc,ergo        ] GC(122) PSAdaptiveSizePolicy::compute_eden_space_size limits: desired_eden_size: 220977783 old_eden_size: 200278016 eden_limit: 200802304 cur_eden: 200802304 max_eden_size: 200802304 avg_young_live: 25063376
[33.149s][debug  ][gc,ergo        ] GC(122) PSAdaptiveSizePolicy::compute_eden_space_size: costs minor_time: 0.054191 major_cost: 0.054243 mutator_cost: 0.891567 throughput_goal: 0.990000
[33.149s][debug  ][gc,ergo        ] GC(122) Live_space: 1057502016 free_space: 1427111936
[33.149s][debug  ][gc,ergo        ] GC(122) Old eden_size: 200278016 desired_eden_size: 200802304
[33.150s][debug  ][gc,ergo        ] GC(122) PSAdaptiveSizePolicy::compute_old_gen_free_space limits: desired_promo_size: 1349575713 promo_limit: 1226833920 free_in_old_gen: 1110537472 max_old_gen_size: 1879048192 avg_old_live: 768510784
[33.150s][debug  ][gc,ergo        ] GC(122) PSAdaptiveSizePolicy::compute_old_gen_free_space: costs minor_time: 0.054191 major_cost: 0.054243  mutator_cost: 0.891567 throughput_goal: 0.990000
[33.150s][debug  ][gc,ergo        ] GC(122) Live_space: 1062009600 free_space: 1427636224
[33.150s][debug  ][gc,ergo        ] GC(122) Old promo_size: 1226833920 desired_promo_size: 1226833920
[33.150s][debug  ][gc,ergo        ] GC(122) AdaptiveSizeStop: collection: 123 
[33.150s][info   ][gc,heap        ] GC(122) PSYoungGen: 30720K(229376K)->0K(228864K) Eden: 0K(196096K)->0K(196096K) From: 30720K(33280K)->0K(32768K)
[33.150s][info   ][gc,heap        ] GC(122) ParOldGen: 1619557K(1835008K)->790116K(1835008K)
[33.150s][info   ][gc,metaspace   ] GC(122) Metaspace: 1022K(1216K)->1022K(1216K) NonClass: 939K(1024K)->939K(1024K) Class: 83K(192K)->83K(192K)
[33.150s][info   ][gc             ] GC(122) Pause Full (Ergonomics) 1611M->771M(2015M) 102.331ms
[33.150s][info   ][gc,cpu         ] GC(122) User=0.70s Sys=0.02s Real=0.10s
[33.150s][debug  ][gc,heap        ] GC(122) Heap after GC invocations=123 (full 20):
[33.150s][debug  ][gc,heap        ] GC(122)  PSYoungGen      total 228864K, used 0K [0x00000000f0000000, 0x0000000100000000, 0x0000000100000000)
[33.150s][debug  ][gc,heap        ] GC(122)   eden space 196096K, 0% used [0x00000000f0000000,0x00000000f0000000,0x00000000fbf80000)
[33.150s][debug  ][gc,heap        ] GC(122)   from space 32768K, 0% used [0x00000000fbf80000,0x00000000fbf80000,0x00000000fdf80000)
[33.150s][debug  ][gc,heap        ] GC(122)   to   space 32768K, 0% used [0x00000000fe000000,0x00000000fe000000,0x0000000100000000)
[33.150s][debug  ][gc,heap        ] GC(122)  ParOldGen       total 1835008K, used 790116K [0x0000000080000000, 0x00000000f0000000, 0x00000000f0000000)
[33.150s][debug  ][gc,heap        ] GC(122)   object space 1835008K, 43% used [0x0000000080000000,0x00000000b03990a8,0x00000000f0000000)
[33.150s][debug  ][gc,heap        ] GC(122)  Metaspace       used 1022K, committed 1216K, reserved 1056768K
[33.150s][debug  ][gc,heap        ] GC(122)   class space    used 83K, committed 192K, reserved 1048576K
[33.150s][debug  ][gc,task,time   ] GC(122) VM-Thread 330476345 330511511 331500034
[33.433s][debug  ][gc,heap        ] GC(123) Heap before GC invocations=124 (full 20):
[33.433s][debug  ][gc,heap        ] GC(123)  PSYoungGen      total 228864K, used 188153K [0x00000000f0000000, 0x0000000100000000, 0x0000000100000000)
[33.433s][debug  ][gc,heap        ] GC(123)   eden space 196096K, 95% used [0x00000000f0000000,0x00000000fb7be550,0x00000000fbf80000)
[33.433s][debug  ][gc,heap        ] GC(123)   from space 32768K, 0% used [0x00000000fbf80000,0x00000000fbf80000,0x00000000fdf80000)
[33.433s][debug  ][gc,heap        ] GC(123)   to   space 32768K, 0% used [0x00000000fe000000,0x00000000fe000000,0x0000000100000000)
[33.433s][debug  ][gc,heap        ] GC(123)  ParOldGen       total 1835008K, used 790116K [0x0000000080000000, 0x00000000f0000000, 0x00000000f0000000)
[33.433s][debug  ][gc,heap        ] GC(123)   object space 1835008K, 43% used [0x0000000080000000,0x00000000b03990a8,0x00000000f0000000)
[33.433s][debug  ][gc,heap        ] GC(123)  Metaspace       used 1022K, committed 1216K, reserved 1056768K
[33.433s][debug  ][gc,heap        ] GC(123)   class space    used 83K, committed 192K, reserved 1048576K
[33.433s][debug  ][gc,tlab        ] GC(123) TLAB totals: thrds: 1  refills: 1 max: 1 slow allocs: 17 max 17 waste: 27.2% gc: 3925040B max: 3925040B slow: 0B max: 0B
[33.433s][info   ][gc,start       ] GC(123) Pause Young (Allocation Failure)
[33.433s][debug  ][gc,phases,start] GC(123) Scavenge
[33.446s][debug  ][gc,phases      ] GC(123) Scavenge 12.996ms
[33.447s][debug  ][gc,phases,start] GC(123) Reference Processing
[33.447s][debug  ][gc,ref         ] GC(123) Skipped phase 1 of Reference Processing: no references
[33.447s][debug  ][gc,ref         ] GC(123) Skipped phase 2 of Reference Processing: no references
[33.447s][debug  ][gc,ref         ] GC(123) Skipped phase 3 of Reference Processing: no references
[33.447s][debug  ][gc,ref         ] GC(123) Skipped phase 4 of Reference Processing: no references
[33.447s][debug  ][gc,phases,ref  ] GC(123) Reference Processing: 0.2ms
[33.447s][debug  ][gc,phases,ref  ] GC(123)   Reconsider SoftReferences: 0.0ms
[33.447s][debug  ][gc,phases,ref  ] GC(123)     SoftRef (ms):                  skipped
[33.447s][debug  ][gc,phases,ref  ] GC(123)   Notify Soft/WeakReferences: 0.1ms
[33.447s][debug  ][gc,phases,ref  ] GC(123)     SoftRef (ms):                  skipped
[33.447s][debug  ][gc,phases,ref  ] GC(123)     WeakRef (ms):                  skipped
[33.447s][debug  ][gc,phases,ref  ] GC(123)     FinalRef (ms):                 skipped
[33.447s][debug  ][gc,phases,ref  ] GC(123)     Total (ms):                    skipped
[33.447s][debug  ][gc,phases,ref  ] GC(123)   Notify and keep alive finalizable: 0.0ms
[33.447s][debug  ][gc,phases,ref  ] GC(123)     FinalRef (ms):                 skipped
[33.447s][debug  ][gc,phases,ref  ] GC(123)   Notify PhantomReferences: 0.0ms
[33.447s][debug  ][gc,phases,ref  ] GC(123)     PhantomRef (ms):               skipped
[33.447s][debug  ][gc,phases,ref  ] GC(123)   SoftReference:
[33.447s][debug  ][gc,phases,ref  ] GC(123)     Discovered: 0
[33.447s][debug  ][gc,phases,ref  ] GC(123)     Cleared: 0
[33.447s][debug  ][gc,phases,ref  ] GC(123)   WeakReference:
[33.447s][debug  ][gc,phases,ref  ] GC(123)     Discovered: 0
[33.447s][debug  ][gc,phases,ref  ] GC(123)     Cleared: 0
[33.447s][debug  ][gc,phases,ref  ] GC(123)   FinalReference:
[33.447s][debug  ][gc,phases,ref  ] GC(123)     Discovered: 0
[33.447s][debug  ][gc,phases,ref  ] GC(123)     Cleared: 0
[33.447s][debug  ][gc,phases,ref  ] GC(123)   PhantomReference:
[33.447s][debug  ][gc,phases,ref  ] GC(123)     Discovered: 0
[33.447s][debug  ][gc,phases,ref  ] GC(123)     Cleared: 0
[33.447s][debug  ][gc,phases      ] GC(123) Reference Processing 0.850ms
[33.447s][debug  ][gc,phases,start] GC(123) Weak Processing
[33.447s][debug  ][gc,phases      ] GC(123)   VM Weak                        Min:  0.0, Avg:  0.0, Max:  0.0, Diff:  0.0, Sum:  0.0, Workers: 6
[33.448s][debug  ][gc,phases      ] GC(123)     Dead                           Min: 0, Avg:  0.0, Max: 0, Diff: 0, Sum: 0, Workers: 6
[33.448s][debug  ][gc,phases      ] GC(123)     Total                          Min: 0, Avg:  1.3, Max: 8, Diff: 8, Sum: 8, Workers: 6
[33.448s][debug  ][gc,phases      ] GC(123)   ObjectSynchronizer Weak        Min:  0.0, Avg:  0.0, Max:  0.0, Diff:  0.0, Sum:  0.0, Workers: 6
[33.448s][debug  ][gc,phases      ] GC(123)     Dead                           Min: 0, Avg:  0.0, Max: 0, Diff: 0, Sum: 0, Workers: 6
[33.448s][debug  ][gc,phases      ] GC(123)     Total                          Min: 0, Avg:  0.5, Max: 3, Diff: 3, Sum: 3, Workers: 6
[33.448s][debug  ][gc,phases      ] GC(123)   JVMTI Tag Weak OopStorage      Min:  0.0, Avg:  0.0, Max:  0.0, Diff:  0.0, Sum:  0.0, Workers: 6
[33.448s][debug  ][gc,phases      ] GC(123)     Dead                           Min: 0, Avg:  0.0, Max: 0, Diff: 0, Sum: 0, Workers: 6
[33.448s][debug  ][gc,phases      ] GC(123)     Total                          Min: 0, Avg:  0.0, Max: 0, Diff: 0, Sum: 0, Workers: 6
[33.448s][debug  ][gc,phases      ] GC(123)   StringTable Weak               Min:  0.0, Avg:  0.0, Max:  0.0, Diff:  0.0, Sum:  0.0, Workers: 6
[33.448s][debug  ][gc,phases      ] GC(123)     Dead                           Min: 0, Avg:  0.0, Max: 0, Diff: 0, Sum: 0, Workers: 6
[33.448s][debug  ][gc,phases      ] GC(123)     Total                          Min: 767, Avg: 892.3, Max: 960, Diff: 193, Sum: 5354, Workers: 6
[33.448s][debug  ][gc,phases      ] GC(123)   ResolvedMethodTable Weak       Min:  0.0, Avg:  0.0, Max:  0.0, Diff:  0.0, Sum:  0.0, Workers: 6
[33.448s][debug  ][gc,phases      ] GC(123)     Dead                           Min: 0, Avg:  0.0, Max: 0, Diff: 0, Sum: 0, Workers: 6
[33.448s][debug  ][gc,phases      ] GC(123)     Total                          Min: 0, Avg: 21.7, Max: 64, Diff: 64, Sum: 130, Workers: 6
[33.448s][debug  ][gc,phases      ] GC(123)   JNI Weak                       Min:  0.0, Avg:  0.0, Max:  0.0, Diff:  0.0, Sum:  0.0, Workers: 6
[33.448s][debug  ][gc,phases      ] GC(123)     Dead                           Min: 0, Avg:  0.0, Max: 0, Diff: 0, Sum: 0, Workers: 6
[33.448s][debug  ][gc,phases      ] GC(123)     Total                          Min: 0, Avg:  0.0, Max: 0, Diff: 0, Sum: 0, Workers: 6
[33.448s][debug  ][gc,phases      ] GC(123)   StringDedup Table Weak         Min:  0.0, Avg:  0.0, Max:  0.0, Diff:  0.0, Sum:  0.0, Workers: 6
[33.448s][debug  ][gc,phases      ] GC(123)     Dead                           Min: 0, Avg:  0.0, Max: 0, Diff: 0, Sum: 0, Workers: 6
[33.448s][debug  ][gc,phases      ] GC(123)     Total                          Min: 0, Avg:  0.0, Max: 0, Diff: 0, Sum: 0, Workers: 6
[33.448s][debug  ][gc,phases      ] GC(123)   StringDedup Requests0 Weak     Min:  0.0, Avg:  0.0, Max:  0.0, Diff:  0.0, Sum:  0.0, Workers: 6
[33.448s][debug  ][gc,phases      ] GC(123)     Dead                           Min: 0, Avg:  0.0, Max: 0, Diff: 0, Sum: 0, Workers: 6
[33.448s][debug  ][gc,phases      ] GC(123)     Total                          Min: 0, Avg:  0.0, Max: 0, Diff: 0, Sum: 0, Workers: 6
[33.448s][debug  ][gc,phases      ] GC(123)   StringDedup Requests1 Weak     Min:  0.0, Avg:  0.0, Max:  0.0, Diff:  0.0, Sum:  0.0, Workers: 6
[33.448s][debug  ][gc,phases      ] GC(123)     Dead                           Min: 0, Avg:  0.0, Max: 0, Diff: 0, Sum: 0, Workers: 6
[33.448s][debug  ][gc,phases      ] GC(123)     Total                          Min: 0, Avg:  0.0, Max: 0, Diff: 0, Sum: 0, Workers: 6
[33.448s][debug  ][gc,phases      ] GC(123)   Weak JFR Old Object Samples    Min:  0.0, Avg:  0.0, Max:  0.0, Diff:  0.0, Sum:  0.0, Workers: 6
[33.448s][debug  ][gc,phases      ] GC(123)     Dead                           Min: 0, Avg:  0.0, Max: 0, Diff: 0, Sum: 0, Workers: 6
[33.449s][debug  ][gc,phases      ] GC(123)     Total                          Min: 0, Avg:  0.0, Max: 0, Diff: 0, Sum: 0, Workers: 6
[33.449s][debug  ][gc,phases      ] GC(123) Weak Processing 1.129ms
[33.449s][debug  ][gc,ergo        ] GC(123) AdaptiveSizeStart:  collection: 124 
[33.449s][debug  ][gc,ergo        ] GC(123) avg_survived_padded_avg: 33340934.000000
[33.449s][debug  ][gc,ergo        ] GC(123) avg_promoted_padded_avg: 257144256.000000  avg_pretenured_padded_avg: 0.000000  tenuring_thresh: 15  target_size: 33554432
[33.449s][debug  ][gc,age         ] GC(123) Desired survivor size 33554432 bytes, new threshold 15 (max threshold 15)
[33.449s][debug  ][gc,ergo        ] GC(123) PSAdaptiveSizePolicy::compute_eden_space_size limits: desired_eden_size: 220175223 old_eden_size: 200802304 eden_limit: 201326592 cur_eden: 200802304 max_eden_size: 201326592 avg_young_live: 25702770
[33.449s][debug  ][gc,ergo        ] GC(123) PSAdaptiveSizePolicy::compute_eden_space_size: costs minor_time: 0.050046 major_cost: 0.054243 mutator_cost: 0.895711 throughput_goal: 0.990000
[33.449s][debug  ][gc,ergo        ] GC(123) Live_space: 1062649024 free_space: 1427636224
[33.449s][debug  ][gc,ergo        ] GC(123) Old eden_size: 200802304 desired_eden_size: 201326592
[33.449s][debug  ][gc,ergo        ] GC(123) AdaptiveSizeStop: collection: 124 
[33.449s][info   ][gc,heap        ] GC(123) PSYoungGen: 188153K(228864K)->30720K(229376K) Eden: 188153K(196096K)->0K(196608K) From: 0K(32768K)->30720K(32768K)
[33.449s][info   ][gc,heap        ] GC(123) ParOldGen: 790116K(1835008K)->943716K(1835008K)
[33.449s][info   ][gc,metaspace   ] GC(123) Metaspace: 1022K(1216K)->1022K(1216K) NonClass: 939K(1024K)->939K(1024K) Class: 83K(192K)->83K(192K)
[33.449s][info   ][gc             ] GC(123) Pause Young (Allocation Failure) 955M->951M(2016M) 15.576ms
[33.449s][info   ][gc,cpu         ] GC(123) User=0.11s Sys=0.00s Real=0.02s
[33.449s][debug  ][gc,heap        ] GC(123) Heap after GC invocations=124 (full 20):
[33.449s][debug  ][gc,heap        ] GC(123)  PSYoungGen      total 229376K, used 30720K [0x00000000f0000000, 0x0000000100000000, 0x0000000100000000)
[33.449s][debug  ][gc,heap        ] GC(123)   eden space 196608K, 0% used [0x00000000f0000000,0x00000000f0000000,0x00000000fc000000)
[33.449s][debug  ][gc,heap        ] GC(123)   from space 32768K, 93% used [0x00000000fe000000,0x00000000ffe00030,0x0000000100000000)
[33.449s][debug  ][gc,heap        ] GC(123)   to   space 32768K, 0% used [0x00000000fc000000,0x00000000fc000000,0x00000000fe000000)
[33.449s][debug  ][gc,heap        ] GC(123)  ParOldGen       total 1835008K, used 943716K [0x0000000080000000, 0x00000000f0000000, 0x00000000f0000000)
[33.449s][debug  ][gc,heap        ] GC(123)   object space 1835008K, 51% used [0x0000000080000000,0x00000000b9999198,0x00000000f0000000)
[33.449s][debug  ][gc,heap        ] GC(123)  Metaspace       used 1022K, committed 1216K, reserved 1056768K
[33.449s][debug  ][gc,heap        ] GC(123)   class space    used 83K, committed 192K, reserved 1048576K
[33.449s][debug  ][gc,task,time   ] GC(123) VM-Thread 334330189 334465371 334494158
[33.729s][debug  ][gc,heap        ] GC(124) Heap before GC invocations=125 (full 20):
[33.729s][debug  ][gc,heap        ] GC(124)  PSYoungGen      total 229376K, used 218811K [0x00000000f0000000, 0x0000000100000000, 0x0000000100000000)
[33.729s][debug  ][gc,heap        ] GC(124)   eden space 196608K, 95% used [0x00000000f0000000,0x00000000fb7aee58,0x00000000fc000000)
[33.729s][debug  ][gc,heap        ] GC(124)   from space 32768K, 93% used [0x00000000fe000000,0x00000000ffe00030,0x0000000100000000)
[33.729s][debug  ][gc,heap        ] GC(124)   to   space 32768K, 0% used [0x00000000fc000000,0x00000000fc000000,0x00000000fe000000)
[33.729s][debug  ][gc,heap        ] GC(124)  ParOldGen       total 1835008K, used 943716K [0x0000000080000000, 0x00000000f0000000, 0x00000000f0000000)
[33.729s][debug  ][gc,heap        ] GC(124)   object space 1835008K, 51% used [0x0000000080000000,0x00000000b9999198,0x00000000f0000000)
[33.729s][debug  ][gc,heap        ] GC(124)  Metaspace       used 1022K, committed 1216K, reserved 1056768K
[33.729s][debug  ][gc,heap        ] GC(124)   class space    used 83K, committed 192K, reserved 1048576K
[33.729s][debug  ][gc,tlab        ] GC(124) TLAB totals: thrds: 1  refills: 1 max: 1 slow allocs: 17 max 17 waste: 26.9% gc: 3860752B max: 3860752B slow: 0B max: 0B
[33.729s][info   ][gc,start       ] GC(124) Pause Young (Allocation Failure)
[33.729s][debug  ][gc,phases,start] GC(124) Scavenge
[33.740s][debug  ][gc,phases      ] GC(124) Scavenge 11.030ms
[33.740s][debug  ][gc,phases,start] GC(124) Reference Processing
[33.741s][debug  ][gc,ref         ] GC(124) Skipped phase 1 of Reference Processing: no references
[33.741s][debug  ][gc,ref         ] GC(124) Skipped phase 2 of Reference Processing: no references
[33.741s][debug  ][gc,ref         ] GC(124) Skipped phase 3 of Reference Processing: no references
[33.741s][debug  ][gc,ref         ] GC(124) Skipped phase 4 of Reference Processing: no references
[33.741s][debug  ][gc,phases,ref  ] GC(124) Reference Processing: 0.1ms
[33.741s][debug  ][gc,phases,ref  ] GC(124)   Reconsider SoftReferences: 0.0ms
[33.741s][debug  ][gc,phases,ref  ] GC(124)     SoftRef (ms):                  skipped
[33.741s][debug  ][gc,phases,ref  ] GC(124)   Notify Soft/WeakReferences: 0.0ms
[33.741s][debug  ][gc,phases,ref  ] GC(124)     SoftRef (ms):                  skipped
[33.741s][debug  ][gc,phases,ref  ] GC(124)     WeakRef (ms):                  skipped
[33.741s][debug  ][gc,phases,ref  ] GC(124)     FinalRef (ms):                 skipped
[33.741s][debug  ][gc,phases,ref  ] GC(124)     Total (ms):                    skipped
[33.741s][debug  ][gc,phases,ref  ] GC(124)   Notify and keep alive finalizable: 0.0ms
[33.741s][debug  ][gc,phases,ref  ] GC(124)     FinalRef (ms):                 skipped
[33.741s][debug  ][gc,phases,ref  ] GC(124)   Notify PhantomReferences: 0.0ms
[33.741s][debug  ][gc,phases,ref  ] GC(124)     PhantomRef (ms):               skipped
[33.741s][debug  ][gc,phases,ref  ] GC(124)   SoftReference:
[33.741s][debug  ][gc,phases,ref  ] GC(124)     Discovered: 0
[33.741s][debug  ][gc,phases,ref  ] GC(124)     Cleared: 0
[33.741s][debug  ][gc,phases,ref  ] GC(124)   WeakReference:
[33.741s][debug  ][gc,phases,ref  ] GC(124)     Discovered: 0
[33.741s][debug  ][gc,phases,ref  ] GC(124)     Cleared: 0
[33.741s][debug  ][gc,phases,ref  ] GC(124)   FinalReference:
[33.741s][debug  ][gc,phases,ref  ] GC(124)     Discovered: 0
[33.741s][debug  ][gc,phases,ref  ] GC(124)     Cleared: 0
[33.741s][debug  ][gc,phases,ref  ] GC(124)   PhantomReference:
[33.741s][debug  ][gc,phases,ref  ] GC(124)     Discovered: 0
[33.741s][debug  ][gc,phases,ref  ] GC(124)     Cleared: 0
[33.741s][debug  ][gc,phases      ] GC(124) Reference Processing 0.945ms
[33.741s][debug  ][gc,phases,start] GC(124) Weak Processing
[33.742s][debug  ][gc,phases      ] GC(124)   VM Weak                        Min:  0.0, Avg:  0.0, Max:  0.0, Diff:  0.0, Sum:  0.0, Workers: 6
[33.742s][debug  ][gc,phases      ] GC(124)     Dead                           Min: 0, Avg:  0.0, Max: 0, Diff: 0, Sum: 0, Workers: 6
[33.742s][debug  ][gc,phases      ] GC(124)     Total                          Min: 0, Avg:  1.3, Max: 8, Diff: 8, Sum: 8, Workers: 6
[33.742s][debug  ][gc,phases      ] GC(124)   ObjectSynchronizer Weak        Min:  0.0, Avg:  0.0, Max:  0.0, Diff:  0.0, Sum:  0.0, Workers: 6
[33.742s][debug  ][gc,phases      ] GC(124)     Dead                           Min: 0, Avg:  0.0, Max: 0, Diff: 0, Sum: 0, Workers: 6
[33.742s][debug  ][gc,phases      ] GC(124)     Total                          Min: 0, Avg:  0.5, Max: 3, Diff: 3, Sum: 3, Workers: 6
[33.742s][debug  ][gc,phases      ] GC(124)   JVMTI Tag Weak OopStorage      Min:  0.0, Avg:  0.0, Max:  0.0, Diff:  0.0, Sum:  0.0, Workers: 6
[33.742s][debug  ][gc,phases      ] GC(124)     Dead                           Min: 0, Avg:  0.0, Max: 0, Diff: 0, Sum: 0, Workers: 6
[33.742s][debug  ][gc,phases      ] GC(124)     Total                          Min: 0, Avg:  0.0, Max: 0, Diff: 0, Sum: 0, Workers: 6
[33.742s][debug  ][gc,phases      ] GC(124)   StringTable Weak               Min:  0.0, Avg:  0.0, Max:  0.0, Diff:  0.0, Sum:  0.1, Workers: 6
[33.742s][debug  ][gc,phases      ] GC(124)     Dead                           Min: 0, Avg:  0.0, Max: 0, Diff: 0, Sum: 0, Workers: 6
[33.742s][debug  ][gc,phases      ] GC(124)     Total                          Min: 0, Avg: 892.3, Max: 1984, Diff: 1984, Sum: 5354, Workers: 6
[33.742s][debug  ][gc,phases      ] GC(124)   ResolvedMethodTable Weak       Min:  0.0, Avg:  0.0, Max:  0.0, Diff:  0.0, Sum:  0.0, Workers: 6
[33.742s][debug  ][gc,phases      ] GC(124)     Dead                           Min: 0, Avg:  0.0, Max: 0, Diff: 0, Sum: 0, Workers: 6
[33.742s][debug  ][gc,phases      ] GC(124)     Total                          Min: 0, Avg: 21.7, Max: 64, Diff: 64, Sum: 130, Workers: 6
[33.742s][debug  ][gc,phases      ] GC(124)   JNI Weak                       Min:  0.0, Avg:  0.0, Max:  0.0, Diff:  0.0, Sum:  0.0, Workers: 6
[33.742s][debug  ][gc,phases      ] GC(124)     Dead                           Min: 0, Avg:  0.0, Max: 0, Diff: 0, Sum: 0, Workers: 6
[33.742s][debug  ][gc,phases      ] GC(124)     Total                          Min: 0, Avg:  0.0, Max: 0, Diff: 0, Sum: 0, Workers: 6
[33.742s][debug  ][gc,phases      ] GC(124)   StringDedup Table Weak         Min:  0.0, Avg:  0.0, Max:  0.0, Diff:  0.0, Sum:  0.0, Workers: 6
[33.742s][debug  ][gc,phases      ] GC(124)     Dead                           Min: 0, Avg:  0.0, Max: 0, Diff: 0, Sum: 0, Workers: 6
[33.742s][debug  ][gc,phases      ] GC(124)     Total                          Min: 0, Avg:  0.0, Max: 0, Diff: 0, Sum: 0, Workers: 6
[33.742s][debug  ][gc,phases      ] GC(124)   StringDedup Requests0 Weak     Min:  0.0, Avg:  0.0, Max:  0.0, Diff:  0.0, Sum:  0.0, Workers: 6
[33.742s][debug  ][gc,phases      ] GC(124)     Dead                           Min: 0, Avg:  0.0, Max: 0, Diff: 0, Sum: 0, Workers: 6
[33.742s][debug  ][gc,phases      ] GC(124)     Total                          Min: 0, Avg:  0.0, Max: 0, Diff: 0, Sum: 0, Workers: 6
[33.742s][debug  ][gc,phases      ] GC(124)   StringDedup Requests1 Weak     Min:  0.0, Avg:  0.0, Max:  0.0, Diff:  0.0, Sum:  0.0, Workers: 6
[33.742s][debug  ][gc,phases      ] GC(124)     Dead                           Min: 0, Avg:  0.0, Max: 0, Diff: 0, Sum: 0, Workers: 6
[33.742s][debug  ][gc,phases      ] GC(124)     Total                          Min: 0, Avg:  0.0, Max: 0, Diff: 0, Sum: 0, Workers: 6
[33.742s][debug  ][gc,phases      ] GC(124)   Weak JFR Old Object Samples    Min:  0.0, Avg:  0.0, Max:  0.0, Diff:  0.0, Sum:  0.0, Workers: 6
[33.742s][debug  ][gc,phases      ] GC(124)     Dead                           Min: 0, Avg:  0.0, Max: 0, Diff: 0, Sum: 0, Workers: 6
[33.742s][debug  ][gc,phases      ] GC(124)     Total                          Min: 0, Avg:  0.0, Max: 0, Diff: 0, Sum: 0, Workers: 6
[33.742s][debug  ][gc,phases      ] GC(124) Weak Processing 1.007ms
[33.742s][debug  ][gc,ergo        ] GC(124) AdaptiveSizeStart:  collection: 125 
[33.743s][debug  ][gc,ergo        ] GC(124) avg_survived_padded_avg: 33201662.000000
[33.743s][debug  ][gc,ergo        ] GC(124) avg_promoted_padded_avg: 257704192.000000  avg_pretenured_padded_avg: 0.000000  tenuring_thresh: 15  target_size: 33554432
[33.743s][debug  ][gc,age         ] GC(124) Desired survivor size 33554432 bytes, new threshold 15 (max threshold 15)
[33.743s][debug  ][gc,ergo        ] GC(124) PSAdaptiveSizePolicy::compute_eden_space_size limits: desired_eden_size: 220422225 old_eden_size: 201326592 eden_limit: 201326592 cur_eden: 201326592 max_eden_size: 201326592 avg_young_live: 26278224
[33.743s][debug  ][gc,ergo        ] GC(124) PSAdaptiveSizePolicy::compute_eden_space_size: costs minor_time: 0.048687 major_cost: 0.054243 mutator_cost: 0.897070 throughput_goal: 0.990000
[33.743s][debug  ][gc,ergo        ] GC(124) Live_space: 1063224448 free_space: 1428160512
[33.743s][debug  ][gc,ergo        ] GC(124) Old eden_size: 201326592 desired_eden_size: 201326592
[33.743s][debug  ][gc,ergo        ] GC(124) AdaptiveSizeStop: collection: 125 
[33.743s][info   ][gc,heap        ] GC(124) PSYoungGen: 218811K(229376K)->30720K(229376K) Eden: 188091K(196608K)->0K(196608K) From: 30720K(32768K)->30720K(32768K)
[33.743s][info   ][gc,heap        ] GC(124) ParOldGen: 943716K(1835008K)->1046116K(1835008K)
[33.743s][info   ][gc,metaspace   ] GC(124) Metaspace: 1022K(1216K)->1022K(1216K) NonClass: 939K(1024K)->939K(1024K) Class: 83K(192K)->83K(192K)
[33.743s][info   ][gc             ] GC(124) Pause Young (Allocation Failure) 1135M->1051M(2016M) 13.529ms
[33.743s][info   ][gc,cpu         ] GC(124) User=0.11s Sys=0.00s Real=0.01s
[33.743s][debug  ][gc,heap        ] GC(124) Heap after GC invocations=125 (full 20):
[33.743s][debug  ][gc,heap        ] GC(124)  PSYoungGen      total 229376K, used 30720K [0x00000000f0000000, 0x0000000100000000, 0x0000000100000000)
[33.743s][debug  ][gc,heap        ] GC(124)   eden space 196608K, 0% used [0x00000000f0000000,0x00000000f0000000,0x00000000fc000000)
[33.743s][debug  ][gc,heap        ] GC(124)   from space 32768K, 93% used [0x00000000fc000000,0x00000000fde00030,0x00000000fe000000)
[33.743s][debug  ][gc,heap        ] GC(124)   to   space 32768K, 0% used [0x00000000fe000000,0x00000000fe000000,0x0000000100000000)
[33.743s][debug  ][gc,heap        ] GC(124)  ParOldGen       total 1835008K, used 1046116K [0x0000000080000000, 0x00000000f0000000, 0x00000000f0000000)
[33.743s][debug  ][gc,heap        ] GC(124)   object space 1835008K, 57% used [0x0000000080000000,0x00000000bfd99238,0x00000000f0000000)
[33.743s][debug  ][gc,heap        ] GC(124)  Metaspace       used 1022K, committed 1216K, reserved 1056768K
[33.743s][debug  ][gc,heap        ] GC(124)   class space    used 83K, committed 192K, reserved 1048576K
[33.743s][debug  ][gc,task,time   ] GC(124) VM-Thread 337289778 337404799 337431986
[34.028s][debug  ][gc,heap        ] GC(125) Heap before GC invocations=126 (full 20):
[34.028s][debug  ][gc,heap        ] GC(125)  PSYoungGen      total 229376K, used 218840K [0x00000000f0000000, 0x0000000100000000, 0x0000000100000000)
[34.028s][debug  ][gc,heap        ] GC(125)   eden space 196608K, 95% used [0x00000000f0000000,0x00000000fb7b6128,0x00000000fc000000)
[34.028s][debug  ][gc,heap        ] GC(125)   from space 32768K, 93% used [0x00000000fc000000,0x00000000fde00030,0x00000000fe000000)
[34.028s][debug  ][gc,heap        ] GC(125)   to   space 32768K, 0% used [0x00000000fe000000,0x00000000fe000000,0x0000000100000000)
[34.028s][debug  ][gc,heap        ] GC(125)  ParOldGen       total 1835008K, used 1046116K [0x0000000080000000, 0x00000000f0000000, 0x00000000f0000000)
[34.028s][debug  ][gc,heap        ] GC(125)   object space 1835008K, 57% used [0x0000000080000000,0x00000000bfd99238,0x00000000f0000000)
[34.028s][debug  ][gc,heap        ] GC(125)  Metaspace       used 1022K, committed 1216K, reserved 1056768K
[34.028s][debug  ][gc,heap        ] GC(125)   class space    used 83K, committed 192K, reserved 1048576K
[34.028s][debug  ][gc,tlab        ] GC(125) TLAB totals: thrds: 1  refills: 1 max: 1 slow allocs: 17 max 17 waste: 27.1% gc: 3891208B max: 3891208B slow: 0B max: 0B
[34.029s][info   ][gc,start       ] GC(125) Pause Young (Allocation Failure)
[34.029s][debug  ][gc,phases,start] GC(125) Scavenge
[34.043s][debug  ][gc,phases      ] GC(125) Scavenge 14.658ms
[34.043s][debug  ][gc,phases,start] GC(125) Reference Processing
[34.043s][debug  ][gc,ref         ] GC(125) Skipped phase 1 of Reference Processing: no references
[34.043s][debug  ][gc,ref         ] GC(125) Skipped phase 2 of Reference Processing: no references
[34.043s][debug  ][gc,ref         ] GC(125) Skipped phase 3 of Reference Processing: no references
[34.043s][debug  ][gc,ref         ] GC(125) Skipped phase 4 of Reference Processing: no references
[34.043s][debug  ][gc,phases,ref  ] GC(125) Reference Processing: 0.1ms
[34.043s][debug  ][gc,phases,ref  ] GC(125)   Reconsider SoftReferences: 0.0ms
[34.043s][debug  ][gc,phases,ref  ] GC(125)     SoftRef (ms):                  skipped
[34.043s][debug  ][gc,phases,ref  ] GC(125)   Notify Soft/WeakReferences: 0.0ms
[34.044s][debug  ][gc,phases,ref  ] GC(125)     SoftRef (ms):                  skipped
[34.044s][debug  ][gc,phases,ref  ] GC(125)     WeakRef (ms):                  skipped
[34.044s][debug  ][gc,phases,ref  ] GC(125)     FinalRef (ms):                 skipped
[34.044s][debug  ][gc,phases,ref  ] GC(125)     Total (ms):                    skipped
[34.044s][debug  ][gc,phases,ref  ] GC(125)   Notify and keep alive finalizable: 0.0ms
[34.044s][debug  ][gc,phases,ref  ] GC(125)     FinalRef (ms):                 skipped
[34.044s][debug  ][gc,phases,ref  ] GC(125)   Notify PhantomReferences: 0.0ms
[34.044s][debug  ][gc,phases,ref  ] GC(125)     PhantomRef (ms):               skipped
[34.044s][debug  ][gc,phases,ref  ] GC(125)   SoftReference:
[34.044s][debug  ][gc,phases,ref  ] GC(125)     Discovered: 0
[34.044s][debug  ][gc,phases,ref  ] GC(125)     Cleared: 0
[34.044s][debug  ][gc,phases,ref  ] GC(125)   WeakReference:
[34.044s][debug  ][gc,phases,ref  ] GC(125)     Discovered: 0
[34.044s][debug  ][gc,phases,ref  ] GC(125)     Cleared: 0
[34.044s][debug  ][gc,phases,ref  ] GC(125)   FinalReference:
[34.044s][debug  ][gc,phases,ref  ] GC(125)     Discovered: 0
[34.044s][debug  ][gc,phases,ref  ] GC(125)     Cleared: 0
[34.044s][debug  ][gc,phases,ref  ] GC(125)   PhantomReference:
[34.044s][debug  ][gc,phases,ref  ] GC(125)     Discovered: 0
[34.044s][debug  ][gc,phases,ref  ] GC(125)     Cleared: 0
[34.044s][debug  ][gc,phases      ] GC(125) Reference Processing 0.646ms
[34.044s][debug  ][gc,phases,start] GC(125) Weak Processing
[34.044s][debug  ][gc,phases      ] GC(125)   VM Weak                        Min:  0.0, Avg:  0.0, Max:  0.0, Diff:  0.0, Sum:  0.0, Workers: 6
[34.044s][debug  ][gc,phases      ] GC(125)     Dead                           Min: 0, Avg:  0.0, Max: 0, Diff: 0, Sum: 0, Workers: 6
[34.044s][debug  ][gc,phases      ] GC(125)     Total                          Min: 0, Avg:  1.3, Max: 8, Diff: 8, Sum: 8, Workers: 6
[34.044s][debug  ][gc,phases      ] GC(125)   ObjectSynchronizer Weak        Min:  0.0, Avg:  0.0, Max:  0.0, Diff:  0.0, Sum:  0.0, Workers: 6
[34.044s][debug  ][gc,phases      ] GC(125)     Dead                           Min: 0, Avg:  0.0, Max: 0, Diff: 0, Sum: 0, Workers: 6
[34.044s][debug  ][gc,phases      ] GC(125)     Total                          Min: 0, Avg:  0.5, Max: 3, Diff: 3, Sum: 3, Workers: 6
[34.044s][debug  ][gc,phases      ] GC(125)   JVMTI Tag Weak OopStorage      Min:  0.0, Avg:  0.0, Max:  0.0, Diff:  0.0, Sum:  0.0, Workers: 6
[34.044s][debug  ][gc,phases      ] GC(125)     Dead                           Min: 0, Avg:  0.0, Max: 0, Diff: 0, Sum: 0, Workers: 6
[34.044s][debug  ][gc,phases      ] GC(125)     Total                          Min: 0, Avg:  0.0, Max: 0, Diff: 0, Sum: 0, Workers: 6
[34.044s][debug  ][gc,phases      ] GC(125)   StringTable Weak               Min:  0.0, Avg:  0.0, Max:  0.0, Diff:  0.0, Sum:  0.0, Workers: 6
[34.044s][debug  ][gc,phases      ] GC(125)     Dead                           Min: 0, Avg:  0.0, Max: 0, Diff: 0, Sum: 0, Workers: 6
[34.044s][debug  ][gc,phases      ] GC(125)     Total                          Min: 767, Avg: 892.3, Max: 1152, Diff: 385, Sum: 5354, Workers: 6
[34.044s][debug  ][gc,phases      ] GC(125)   ResolvedMethodTable Weak       Min:  0.0, Avg:  0.0, Max:  0.0, Diff:  0.0, Sum:  0.0, Workers: 6
[34.044s][debug  ][gc,phases      ] GC(125)     Dead                           Min: 0, Avg:  0.0, Max: 0, Diff: 0, Sum: 0, Workers: 6
[34.044s][debug  ][gc,phases      ] GC(125)     Total                          Min: 0, Avg: 21.7, Max: 64, Diff: 64, Sum: 130, Workers: 6
[34.044s][debug  ][gc,phases      ] GC(125)   JNI Weak                       Min:  0.0, Avg:  0.0, Max:  0.0, Diff:  0.0, Sum:  0.0, Workers: 6
[34.044s][debug  ][gc,phases      ] GC(125)     Dead                           Min: 0, Avg:  0.0, Max: 0, Diff: 0, Sum: 0, Workers: 6
[34.044s][debug  ][gc,phases      ] GC(125)     Total                          Min: 0, Avg:  0.0, Max: 0, Diff: 0, Sum: 0, Workers: 6
[34.044s][debug  ][gc,phases      ] GC(125)   StringDedup Table Weak         Min:  0.0, Avg:  0.0, Max:  0.0, Diff:  0.0, Sum:  0.0, Workers: 6
[34.044s][debug  ][gc,phases      ] GC(125)     Dead                           Min: 0, Avg:  0.0, Max: 0, Diff: 0, Sum: 0, Workers: 6
[34.044s][debug  ][gc,phases      ] GC(125)     Total                          Min: 0, Avg:  0.0, Max: 0, Diff: 0, Sum: 0, Workers: 6
[34.044s][debug  ][gc,phases      ] GC(125)   StringDedup Requests0 Weak     Min:  0.0, Avg:  0.0, Max:  0.0, Diff:  0.0, Sum:  0.0, Workers: 6
[34.045s][debug  ][gc,phases      ] GC(125)     Dead                           Min: 0, Avg:  0.0, Max: 0, Diff: 0, Sum: 0, Workers: 6
[34.045s][debug  ][gc,phases      ] GC(125)     Total                          Min: 0, Avg:  0.0, Max: 0, Diff: 0, Sum: 0, Workers: 6
[34.045s][debug  ][gc,phases      ] GC(125)   StringDedup Requests1 Weak     Min:  0.0, Avg:  0.0, Max:  0.0, Diff:  0.0, Sum:  0.0, Workers: 6
[34.045s][debug  ][gc,phases      ] GC(125)     Dead                           Min: 0, Avg:  0.0, Max: 0, Diff: 0, Sum: 0, Workers: 6
[34.045s][debug  ][gc,phases      ] GC(125)     Total                          Min: 0, Avg:  0.0, Max: 0, Diff: 0, Sum: 0, Workers: 6
[34.045s][debug  ][gc,phases      ] GC(125)   Weak JFR Old Object Samples    Min:  0.0, Avg:  0.0, Max:  0.0, Diff:  0.0, Sum:  0.0, Workers: 6
[34.045s][debug  ][gc,phases      ] GC(125)     Dead                           Min: 0, Avg:  0.0, Max: 0, Diff: 0, Sum: 0, Workers: 6
[34.045s][debug  ][gc,phases      ] GC(125)     Total                          Min: 0, Avg:  0.0, Max: 0, Diff: 0, Sum: 0, Workers: 6
[34.045s][debug  ][gc,phases      ] GC(125) Weak Processing 0.779ms
[34.045s][debug  ][gc,ergo        ] GC(125) AdaptiveSizeStart:  collection: 126 
[34.045s][debug  ][gc,ergo        ] GC(125) avg_survived_padded_avg: 33071408.000000
[34.045s][debug  ][gc,ergo        ] GC(125) avg_promoted_padded_avg: 259247728.000000  avg_pretenured_padded_avg: 0.000000  tenuring_thresh: 15  target_size: 33554432
[34.045s][debug  ][gc,age         ] GC(125) Desired survivor size 33554432 bytes, new threshold 15 (max threshold 15)
[34.045s][debug  ][gc,ergo        ] GC(125) PSAdaptiveSizePolicy::compute_eden_space_size limits: desired_eden_size: 220672099 old_eden_size: 201326592 eden_limit: 201326592 cur_eden: 201326592 max_eden_size: 201326592 avg_young_live: 26796134
[34.045s][debug  ][gc,ergo        ] GC(125) PSAdaptiveSizePolicy::compute_eden_space_size: costs minor_time: 0.049910 major_cost: 0.054243 mutator_cost: 0.895847 throughput_goal: 0.990000
[34.045s][debug  ][gc,ergo        ] GC(125) Live_space: 1063742336 free_space: 1428160512
[34.045s][debug  ][gc,ergo        ] GC(125) Old eden_size: 201326592 desired_eden_size: 201326592
[34.045s][debug  ][gc,ergo        ] GC(125) AdaptiveSizeStop: collection: 126 
[34.045s][info   ][gc,heap        ] GC(125) PSYoungGen: 218840K(229376K)->30720K(229376K) Eden: 188120K(196608K)->0K(196608K) From: 30720K(32768K)->30720K(32768K)
[34.045s][info   ][gc,heap        ] GC(125) ParOldGen: 1046116K(1835008K)->1230436K(1835008K)
[34.045s][info   ][gc,metaspace   ] GC(125) Metaspace: 1022K(1216K)->1022K(1216K) NonClass: 939K(1024K)->939K(1024K) Class: 83K(192K)->83K(192K)
[34.045s][info   ][gc             ] GC(125) Pause Young (Allocation Failure) 1235M->1231M(2016M) 16.631ms
[34.045s][info   ][gc,cpu         ] GC(125) User=0.12s Sys=0.00s Real=0.02s
[34.045s][debug  ][gc,heap        ] GC(125) Heap after GC invocations=126 (full 20):
[34.045s][debug  ][gc,heap        ] GC(125)  PSYoungGen      total 229376K, used 30720K [0x00000000f0000000, 0x0000000100000000, 0x0000000100000000)
[34.045s][debug  ][gc,heap        ] GC(125)   eden space 196608K, 0% used [0x00000000f0000000,0x00000000f0000000,0x00000000fc000000)
[34.045s][debug  ][gc,heap        ] GC(125)   from space 32768K, 93% used [0x00000000fe000000,0x00000000ffe00030,0x0000000100000000)
[34.045s][debug  ][gc,heap        ] GC(125)   to   space 32768K, 0% used [0x00000000fc000000,0x00000000fc000000,0x00000000fe000000)
[34.045s][debug  ][gc,heap        ] GC(125)  ParOldGen       total 1835008K, used 1230436K [0x0000000080000000, 0x00000000f0000000, 0x00000000f0000000)
[34.045s][debug  ][gc,heap        ] GC(125)   object space 1835008K, 67% used [0x0000000080000000,0x00000000cb199358,0x00000000f0000000)
[34.045s][debug  ][gc,heap        ] GC(125)  Metaspace       used 1022K, committed 1216K, reserved 1056768K
[34.045s][debug  ][gc,heap        ] GC(125)   class space    used 83K, committed 192K, reserved 1048576K
[34.045s][debug  ][gc,task,time   ] GC(125) VM-Thread 340281648 340432725 340454198
[34.330s][debug  ][gc,heap        ] GC(126) Heap before GC invocations=127 (full 20):
[34.330s][debug  ][gc,heap        ] GC(126)  PSYoungGen      total 229376K, used 218858K [0x00000000f0000000, 0x0000000100000000, 0x0000000100000000)
[34.330s][debug  ][gc,heap        ] GC(126)   eden space 196608K, 95% used [0x00000000f0000000,0x00000000fb7bab00,0x00000000fc000000)
[34.330s][debug  ][gc,heap        ] GC(126)   from space 32768K, 93% used [0x00000000fe000000,0x00000000ffe00030,0x0000000100000000)
[34.330s][debug  ][gc,heap        ] GC(126)   to   space 32768K, 0% used [0x00000000fc000000,0x00000000fc000000,0x00000000fe000000)
[34.330s][debug  ][gc,heap        ] GC(126)  ParOldGen       total 1835008K, used 1230436K [0x0000000080000000, 0x00000000f0000000, 0x00000000f0000000)
[34.331s][debug  ][gc,heap        ] GC(126)   object space 1835008K, 67% used [0x0000000080000000,0x00000000cb199358,0x00000000f0000000)
[34.331s][debug  ][gc,heap        ] GC(126)  Metaspace       used 1022K, committed 1216K, reserved 1056768K
[34.331s][debug  ][gc,heap        ] GC(126)   class space    used 83K, committed 192K, reserved 1048576K
[34.331s][debug  ][gc,tlab        ] GC(126) TLAB totals: thrds: 1  refills: 1 max: 1 slow allocs: 17 max 17 waste: 27.2% gc: 3910112B max: 3910112B slow: 0B max: 0B
[34.331s][info   ][gc,start       ] GC(126) Pause Young (Allocation Failure)
[34.331s][debug  ][gc,phases,start] GC(126) Scavenge
[34.345s][debug  ][gc,phases      ] GC(126) Scavenge 14.351ms
[34.345s][debug  ][gc,phases,start] GC(126) Reference Processing
[34.345s][debug  ][gc,ref         ] GC(126) Skipped phase 1 of Reference Processing: no references
[34.345s][debug  ][gc,ref         ] GC(126) Skipped phase 2 of Reference Processing: no references
[34.345s][debug  ][gc,ref         ] GC(126) Skipped phase 3 of Reference Processing: no references
[34.345s][debug  ][gc,ref         ] GC(126) Skipped phase 4 of Reference Processing: no references
[34.345s][debug  ][gc,phases,ref  ] GC(126) Reference Processing: 0.1ms
[34.345s][debug  ][gc,phases,ref  ] GC(126)   Reconsider SoftReferences: 0.0ms
[34.345s][debug  ][gc,phases,ref  ] GC(126)     SoftRef (ms):                  skipped
[34.345s][debug  ][gc,phases,ref  ] GC(126)   Notify Soft/WeakReferences: 0.0ms
[34.345s][debug  ][gc,phases,ref  ] GC(126)     SoftRef (ms):                  skipped
[34.345s][debug  ][gc,phases,ref  ] GC(126)     WeakRef (ms):                  skipped
[34.345s][debug  ][gc,phases,ref  ] GC(126)     FinalRef (ms):                 skipped
[34.345s][debug  ][gc,phases,ref  ] GC(126)     Total (ms):                    skipped
[34.345s][debug  ][gc,phases,ref  ] GC(126)   Notify and keep alive finalizable: 0.0ms
[34.345s][debug  ][gc,phases,ref  ] GC(126)     FinalRef (ms):                 skipped
[34.345s][debug  ][gc,phases,ref  ] GC(126)   Notify PhantomReferences: 0.0ms
[34.345s][debug  ][gc,phases,ref  ] GC(126)     PhantomRef (ms):               skipped
[34.345s][debug  ][gc,phases,ref  ] GC(126)   SoftReference:
[34.345s][debug  ][gc,phases,ref  ] GC(126)     Discovered: 0
[34.345s][debug  ][gc,phases,ref  ] GC(126)     Cleared: 0
[34.346s][debug  ][gc,phases,ref  ] GC(126)   WeakReference:
[34.346s][debug  ][gc,phases,ref  ] GC(126)     Discovered: 0
[34.346s][debug  ][gc,phases,ref  ] GC(126)     Cleared: 0
[34.346s][debug  ][gc,phases,ref  ] GC(126)   FinalReference:
[34.346s][debug  ][gc,phases,ref  ] GC(126)     Discovered: 0
[34.346s][debug  ][gc,phases,ref  ] GC(126)     Cleared: 0
[34.346s][debug  ][gc,phases,ref  ] GC(126)   PhantomReference:
[34.346s][debug  ][gc,phases,ref  ] GC(126)     Discovered: 0
[34.346s][debug  ][gc,phases,ref  ] GC(126)     Cleared: 0
[34.346s][debug  ][gc,phases      ] GC(126) Reference Processing 0.592ms
[34.346s][debug  ][gc,phases,start] GC(126) Weak Processing
[34.346s][debug  ][gc,phases      ] GC(126)   VM Weak                        Min:  0.0, Avg:  0.0, Max:  0.0, Diff:  0.0, Sum:  0.0, Workers: 6
[34.346s][debug  ][gc,phases      ] GC(126)     Dead                           Min: 0, Avg:  0.0, Max: 0, Diff: 0, Sum: 0, Workers: 6
[34.346s][debug  ][gc,phases      ] GC(126)     Total                          Min: 0, Avg:  1.3, Max: 8, Diff: 8, Sum: 8, Workers: 6
[34.346s][debug  ][gc,phases      ] GC(126)   ObjectSynchronizer Weak        Min:  0.0, Avg:  0.0, Max:  0.0, Diff:  0.0, Sum:  0.0, Workers: 6
[34.346s][debug  ][gc,phases      ] GC(126)     Dead                           Min: 0, Avg:  0.0, Max: 0, Diff: 0, Sum: 0, Workers: 6
[34.346s][debug  ][gc,phases      ] GC(126)     Total                          Min: 0, Avg:  0.5, Max: 3, Diff: 3, Sum: 3, Workers: 6
[34.346s][debug  ][gc,phases      ] GC(126)   JVMTI Tag Weak OopStorage      Min:  0.0, Avg:  0.0, Max:  0.0, Diff:  0.0, Sum:  0.0, Workers: 6
[34.346s][debug  ][gc,phases      ] GC(126)     Dead                           Min: 0, Avg:  0.0, Max: 0, Diff: 0, Sum: 0, Workers: 6
[34.346s][debug  ][gc,phases      ] GC(126)     Total                          Min: 0, Avg:  0.0, Max: 0, Diff: 0, Sum: 0, Workers: 6
[34.346s][debug  ][gc,phases      ] GC(126)   StringTable Weak               Min:  0.0, Avg:  0.0, Max:  0.0, Diff:  0.0, Sum:  0.0, Workers: 6
[34.346s][debug  ][gc,phases      ] GC(126)     Dead                           Min: 0, Avg:  0.0, Max: 0, Diff: 0, Sum: 0, Workers: 6
[34.346s][debug  ][gc,phases      ] GC(126)     Total                          Min: 768, Avg: 892.3, Max: 1087, Diff: 319, Sum: 5354, Workers: 6
[34.346s][debug  ][gc,phases      ] GC(126)   ResolvedMethodTable Weak       Min:  0.0, Avg:  0.0, Max:  0.0, Diff:  0.0, Sum:  0.0, Workers: 6
[34.346s][debug  ][gc,phases      ] GC(126)     Dead                           Min: 0, Avg:  0.0, Max: 0, Diff: 0, Sum: 0, Workers: 6
[34.346s][debug  ][gc,phases      ] GC(126)     Total                          Min: 0, Avg: 21.7, Max: 64, Diff: 64, Sum: 130, Workers: 6
[34.346s][debug  ][gc,phases      ] GC(126)   JNI Weak                       Min:  0.0, Avg:  0.0, Max:  0.0, Diff:  0.0, Sum:  0.0, Workers: 6
[34.346s][debug  ][gc,phases      ] GC(126)     Dead                           Min: 0, Avg:  0.0, Max: 0, Diff: 0, Sum: 0, Workers: 6
[34.346s][debug  ][gc,phases      ] GC(126)     Total                          Min: 0, Avg:  0.0, Max: 0, Diff: 0, Sum: 0, Workers: 6
[34.346s][debug  ][gc,phases      ] GC(126)   StringDedup Table Weak         Min:  0.0, Avg:  0.0, Max:  0.0, Diff:  0.0, Sum:  0.0, Workers: 6
[34.346s][debug  ][gc,phases      ] GC(126)     Dead                           Min: 0, Avg:  0.0, Max: 0, Diff: 0, Sum: 0, Workers: 6
[34.346s][debug  ][gc,phases      ] GC(126)     Total                          Min: 0, Avg:  0.0, Max: 0, Diff: 0, Sum: 0, Workers: 6
[34.346s][debug  ][gc,phases      ] GC(126)   StringDedup Requests0 Weak     Min:  0.0, Avg:  0.0, Max:  0.0, Diff:  0.0, Sum:  0.0, Workers: 6
[34.346s][debug  ][gc,phases      ] GC(126)     Dead                           Min: 0, Avg:  0.0, Max: 0, Diff: 0, Sum: 0, Workers: 6
[34.346s][debug  ][gc,phases      ] GC(126)     Total                          Min: 0, Avg:  0.0, Max: 0, Diff: 0, Sum: 0, Workers: 6
[34.346s][debug  ][gc,phases      ] GC(126)   StringDedup Requests1 Weak     Min:  0.0, Avg:  0.0, Max:  0.0, Diff:  0.0, Sum:  0.0, Workers: 6
[34.346s][debug  ][gc,phases      ] GC(126)     Dead                           Min: 0, Avg:  0.0, Max: 0, Diff: 0, Sum: 0, Workers: 6
[34.346s][debug  ][gc,phases      ] GC(126)     Total                          Min: 0, Avg:  0.0, Max: 0, Diff: 0, Sum: 0, Workers: 6
[34.346s][debug  ][gc,phases      ] GC(126)   Weak JFR Old Object Samples    Min:  0.0, Avg:  0.0, Max:  0.0, Diff:  0.0, Sum:  0.0, Workers: 6
[34.346s][debug  ][gc,phases      ] GC(126)     Dead                           Min: 0, Avg:  0.0, Max: 0, Diff: 0, Sum: 0, Workers: 6
[34.346s][debug  ][gc,phases      ] GC(126)     Total                          Min: 0, Avg:  0.0, Max: 0, Diff: 0, Sum: 0, Workers: 6
[34.346s][debug  ][gc,phases      ] GC(126) Weak Processing 0.721ms
[34.346s][debug  ][gc,ergo        ] GC(126) AdaptiveSizeStart:  collection: 127 
[34.346s][debug  ][gc,ergo        ] GC(126) avg_survived_padded_avg: 32949762.000000
[34.346s][debug  ][gc,ergo        ] GC(126) avg_promoted_padded_avg: 259792960.000000  avg_pretenured_padded_avg: 0.000000  tenuring_thresh: 15  target_size: 33030144
[34.347s][debug  ][gc,age         ] GC(126) Desired survivor size 33030144 bytes, new threshold 15 (max threshold 15)
[34.347s][debug  ][gc,ergo        ] GC(126) PSAdaptiveSizePolicy::compute_eden_space_size limits: desired_eden_size: 220789478 old_eden_size: 201326592 eden_limit: 201326592 cur_eden: 201326592 max_eden_size: 201326592 avg_young_live: 27262252
[34.347s][debug  ][gc,ergo        ] GC(126) PSAdaptiveSizePolicy::compute_eden_space_size: costs minor_time: 0.050495 major_cost: 0.054243 mutator_cost: 0.895262 throughput_goal: 0.990000
[34.347s][debug  ][gc,ergo        ] GC(126) Live_space: 1064208512 free_space: 1428160512
[34.347s][debug  ][gc,ergo        ] GC(126) Old eden_size: 201326592 desired_eden_size: 201326592
[34.347s][debug  ][gc,ergo        ] GC(126) AdaptiveSizeStop: collection: 127 
[34.347s][info   ][gc,heap        ] GC(126) PSYoungGen: 218858K(229376K)->30720K(229376K) Eden: 188138K(196608K)->0K(196608K) From: 30720K(32768K)->30720K(32768K)
[34.347s][info   ][gc,heap        ] GC(126) ParOldGen: 1230436K(1835008K)->1414757K(1835008K)
[34.347s][info   ][gc,metaspace   ] GC(126) Metaspace: 1022K(1216K)->1022K(1216K) NonClass: 939K(1024K)->939K(1024K) Class: 83K(192K)->83K(192K)
[34.347s][info   ][gc             ] GC(126) Pause Young (Allocation Failure) 1415M->1411M(2016M) 16.077ms
[34.347s][info   ][gc,cpu         ] GC(126) User=0.02s Sys=0.00s Real=0.02s
[34.347s][debug  ][gc,heap        ] GC(126) Heap after GC invocations=127 (full 20):
[34.347s][debug  ][gc,heap        ] GC(126)  PSYoungGen      total 229376K, used 30720K [0x00000000f0000000, 0x0000000100000000, 0x0000000100000000)
[34.347s][debug  ][gc,heap        ] GC(126)   eden space 196608K, 0% used [0x00000000f0000000,0x00000000f0000000,0x00000000fc000000)
[34.347s][debug  ][gc,heap        ] GC(126)   from space 32768K, 93% used [0x00000000fc000000,0x00000000fde00030,0x00000000fe000000)
[34.347s][debug  ][gc,heap        ] GC(126)   to   space 32256K, 0% used [0x00000000fe080000,0x00000000fe080000,0x0000000100000000)
[34.347s][debug  ][gc,heap        ] GC(126)  ParOldGen       total 1835008K, used 1414757K [0x0000000080000000, 0x00000000f0000000, 0x00000000f0000000)
[34.347s][debug  ][gc,heap        ] GC(126)   object space 1835008K, 77% used [0x0000000080000000,0x00000000d6599478,0x00000000f0000000)
[34.347s][debug  ][gc,heap        ] GC(126)  Metaspace       used 1022K, committed 1216K, reserved 1056768K
[34.347s][debug  ][gc,heap        ] GC(126)   class space    used 83K, committed 192K, reserved 1048576K
[34.347s][debug  ][gc,task,time   ] GC(126) VM-Thread 343302717 343450920 343469624
[34.630s][debug  ][gc,heap        ] GC(127) Heap before GC invocations=128 (full 20):
[34.630s][debug  ][gc,heap        ] GC(127)  PSYoungGen      total 229376K, used 218870K [0x00000000f0000000, 0x0000000100000000, 0x0000000100000000)
[34.630s][debug  ][gc,heap        ] GC(127)   eden space 196608K, 95% used [0x00000000f0000000,0x00000000fb7bda70,0x00000000fc000000)
[34.630s][debug  ][gc,heap        ] GC(127)   from space 32768K, 93% used [0x00000000fc000000,0x00000000fde00030,0x00000000fe000000)
[34.630s][debug  ][gc,heap        ] GC(127)   to   space 32256K, 0% used [0x00000000fe080000,0x00000000fe080000,0x0000000100000000)
[34.630s][debug  ][gc,heap        ] GC(127)  ParOldGen       total 1835008K, used 1414757K [0x0000000080000000, 0x00000000f0000000, 0x00000000f0000000)
[34.630s][debug  ][gc,heap        ] GC(127)   object space 1835008K, 77% used [0x0000000080000000,0x00000000d6599478,0x00000000f0000000)
[34.630s][debug  ][gc,heap        ] GC(127)  Metaspace       used 1022K, committed 1216K, reserved 1056768K
[34.630s][debug  ][gc,heap        ] GC(127)   class space    used 83K, committed 192K, reserved 1048576K
[34.630s][debug  ][gc,tlab        ] GC(127) TLAB totals: thrds: 1  refills: 1 max: 1 slow allocs: 17 max 17 waste: 27.2% gc: 3922256B max: 3922256B slow: 0B max: 0B
[34.630s][info   ][gc,start       ] GC(127) Pause Young (Allocation Failure)
[34.630s][debug  ][gc,phases,start] GC(127) Scavenge
[34.645s][debug  ][gc,phases      ] GC(127) Scavenge 15.163ms
[34.645s][debug  ][gc,phases,start] GC(127) Reference Processing
[34.646s][debug  ][gc,ref         ] GC(127) Skipped phase 1 of Reference Processing: no references
[34.646s][debug  ][gc,ref         ] GC(127) Skipped phase 2 of Reference Processing: no references
[34.646s][debug  ][gc,ref         ] GC(127) Skipped phase 3 of Reference Processing: no references
[34.646s][debug  ][gc,ref         ] GC(127) Skipped phase 4 of Reference Processing: no references
[34.646s][debug  ][gc,phases,ref  ] GC(127) Reference Processing: 0.1ms
[34.646s][debug  ][gc,phases,ref  ] GC(127)   Reconsider SoftReferences: 0.0ms
[34.646s][debug  ][gc,phases,ref  ] GC(127)     SoftRef (ms):                  skipped
[34.646s][debug  ][gc,phases,ref  ] GC(127)   Notify Soft/WeakReferences: 0.0ms
[34.646s][debug  ][gc,phases,ref  ] GC(127)     SoftRef (ms):                  skipped
[34.646s][debug  ][gc,phases,ref  ] GC(127)     WeakRef (ms):                  skipped
[34.646s][debug  ][gc,phases,ref  ] GC(127)     FinalRef (ms):                 skipped
[34.646s][debug  ][gc,phases,ref  ] GC(127)     Total (ms):                    skipped
[34.646s][debug  ][gc,phases,ref  ] GC(127)   Notify and keep alive finalizable: 0.0ms
[34.646s][debug  ][gc,phases,ref  ] GC(127)     FinalRef (ms):                 skipped
[34.646s][debug  ][gc,phases,ref  ] GC(127)   Notify PhantomReferences: 0.0ms
[34.646s][debug  ][gc,phases,ref  ] GC(127)     PhantomRef (ms):               skipped
[34.646s][debug  ][gc,phases,ref  ] GC(127)   SoftReference:
[34.646s][debug  ][gc,phases,ref  ] GC(127)     Discovered: 0
[34.646s][debug  ][gc,phases,ref  ] GC(127)     Cleared: 0
[34.646s][debug  ][gc,phases,ref  ] GC(127)   WeakReference:
[34.646s][debug  ][gc,phases,ref  ] GC(127)     Discovered: 0
[34.646s][debug  ][gc,phases,ref  ] GC(127)     Cleared: 0
[34.646s][debug  ][gc,phases,ref  ] GC(127)   FinalReference:
[34.646s][debug  ][gc,phases,ref  ] GC(127)     Discovered: 0
[34.646s][debug  ][gc,phases,ref  ] GC(127)     Cleared: 0
[34.646s][debug  ][gc,phases,ref  ] GC(127)   PhantomReference:
[34.646s][debug  ][gc,phases,ref  ] GC(127)     Discovered: 0
[34.646s][debug  ][gc,phases,ref  ] GC(127)     Cleared: 0
[34.646s][debug  ][gc,phases      ] GC(127) Reference Processing 0.859ms
[34.646s][debug  ][gc,phases,start] GC(127) Weak Processing
[34.646s][debug  ][gc,phases      ] GC(127)   VM Weak                        Min:  0.0, Avg:  0.0, Max:  0.0, Diff:  0.0, Sum:  0.0, Workers: 6
[34.646s][debug  ][gc,phases      ] GC(127)     Dead                           Min: 0, Avg:  0.0, Max: 0, Diff: 0, Sum: 0, Workers: 6
[34.647s][debug  ][gc,phases      ] GC(127)     Total                          Min: 0, Avg:  1.3, Max: 8, Diff: 8, Sum: 8, Workers: 6
[34.647s][debug  ][gc,phases      ] GC(127)   ObjectSynchronizer Weak        Min:  0.0, Avg:  0.0, Max:  0.0, Diff:  0.0, Sum:  0.0, Workers: 6
[34.647s][debug  ][gc,phases      ] GC(127)     Dead                           Min: 0, Avg:  0.0, Max: 0, Diff: 0, Sum: 0, Workers: 6
[34.647s][debug  ][gc,phases      ] GC(127)     Total                          Min: 0, Avg:  0.5, Max: 3, Diff: 3, Sum: 3, Workers: 6
[34.647s][debug  ][gc,phases      ] GC(127)   JVMTI Tag Weak OopStorage      Min:  0.0, Avg:  0.0, Max:  0.0, Diff:  0.0, Sum:  0.0, Workers: 6
[34.647s][debug  ][gc,phases      ] GC(127)     Dead                           Min: 0, Avg:  0.0, Max: 0, Diff: 0, Sum: 0, Workers: 6
[34.647s][debug  ][gc,phases      ] GC(127)     Total                          Min: 0, Avg:  0.0, Max: 0, Diff: 0, Sum: 0, Workers: 6
[34.647s][debug  ][gc,phases      ] GC(127)   StringTable Weak               Min:  0.0, Avg:  0.0, Max:  0.0, Diff:  0.0, Sum:  0.1, Workers: 6
[34.647s][debug  ][gc,phases      ] GC(127)     Dead                           Min: 0, Avg:  0.0, Max: 0, Diff: 0, Sum: 0, Workers: 6
[34.647s][debug  ][gc,phases      ] GC(127)     Total                          Min: 831, Avg: 892.3, Max: 960, Diff: 129, Sum: 5354, Workers: 6
[34.647s][debug  ][gc,phases      ] GC(127)   ResolvedMethodTable Weak       Min:  0.0, Avg:  0.0, Max:  0.0, Diff:  0.0, Sum:  0.0, Workers: 6
[34.647s][debug  ][gc,phases      ] GC(127)     Dead                           Min: 0, Avg:  0.0, Max: 0, Diff: 0, Sum: 0, Workers: 6
[34.647s][debug  ][gc,phases      ] GC(127)     Total                          Min: 0, Avg: 21.7, Max: 64, Diff: 64, Sum: 130, Workers: 6
[34.647s][debug  ][gc,phases      ] GC(127)   JNI Weak                       Min:  0.0, Avg:  0.0, Max:  0.0, Diff:  0.0, Sum:  0.0, Workers: 6
[34.647s][debug  ][gc,phases      ] GC(127)     Dead                           Min: 0, Avg:  0.0, Max: 0, Diff: 0, Sum: 0, Workers: 6
[34.647s][debug  ][gc,phases      ] GC(127)     Total                          Min: 0, Avg:  0.0, Max: 0, Diff: 0, Sum: 0, Workers: 6
[34.647s][debug  ][gc,phases      ] GC(127)   StringDedup Table Weak         Min:  0.0, Avg:  0.0, Max:  0.0, Diff:  0.0, Sum:  0.0, Workers: 6
[34.647s][debug  ][gc,phases      ] GC(127)     Dead                           Min: 0, Avg:  0.0, Max: 0, Diff: 0, Sum: 0, Workers: 6
[34.647s][debug  ][gc,phases      ] GC(127)     Total                          Min: 0, Avg:  0.0, Max: 0, Diff: 0, Sum: 0, Workers: 6
[34.647s][debug  ][gc,phases      ] GC(127)   StringDedup Requests0 Weak     Min:  0.0, Avg:  0.0, Max:  0.0, Diff:  0.0, Sum:  0.0, Workers: 6
[34.647s][debug  ][gc,phases      ] GC(127)     Dead                           Min: 0, Avg:  0.0, Max: 0, Diff: 0, Sum: 0, Workers: 6
[34.647s][debug  ][gc,phases      ] GC(127)     Total                          Min: 0, Avg:  0.0, Max: 0, Diff: 0, Sum: 0, Workers: 6
[34.647s][debug  ][gc,phases      ] GC(127)   StringDedup Requests1 Weak     Min:  0.0, Avg:  0.0, Max:  0.0, Diff:  0.0, Sum:  0.0, Workers: 6
[34.647s][debug  ][gc,phases      ] GC(127)     Dead                           Min: 0, Avg:  0.0, Max: 0, Diff: 0, Sum: 0, Workers: 6
[34.647s][debug  ][gc,phases      ] GC(127)     Total                          Min: 0, Avg:  0.0, Max: 0, Diff: 0, Sum: 0, Workers: 6
[34.647s][debug  ][gc,phases      ] GC(127)   Weak JFR Old Object Samples    Min:  0.0, Avg:  0.0, Max:  0.0, Diff:  0.0, Sum:  0.0, Workers: 6
[34.647s][debug  ][gc,phases      ] GC(127)     Dead                           Min: 0, Avg:  0.0, Max: 0, Diff: 0, Sum: 0, Workers: 6
[34.647s][debug  ][gc,phases      ] GC(127)     Total                          Min: 0, Avg:  0.0, Max: 0, Diff: 0, Sum: 0, Workers: 6
[34.647s][debug  ][gc,phases      ] GC(127) Weak Processing 0.995ms
[34.647s][debug  ][gc,ergo        ] GC(127) AdaptiveSizeStart:  collection: 128 
[34.647s][debug  ][gc,ergo        ] GC(127) avg_survived_padded_avg: 32836304.000000
[34.647s][debug  ][gc,ergo        ] GC(127) avg_promoted_padded_avg: 259524112.000000  avg_pretenured_padded_avg: 0.000000  tenuring_thresh: 15  target_size: 33030144
[34.647s][debug  ][gc,age         ] GC(127) Desired survivor size 33030144 bytes, new threshold 15 (max threshold 15)
[34.648s][debug  ][gc,ergo        ] GC(127) PSAdaptiveSizePolicy::compute_eden_space_size limits: desired_eden_size: 221109603 old_eden_size: 201326592 eden_limit: 201850880 cur_eden: 201326592 max_eden_size: 201850880 avg_young_live: 27681758
[34.648s][debug  ][gc,ergo        ] GC(127) PSAdaptiveSizePolicy::compute_eden_space_size: costs minor_time: 0.052124 major_cost: 0.054243 mutator_cost: 0.893634 throughput_goal: 0.990000
[34.648s][debug  ][gc,ergo        ] GC(127) Live_space: 1064627968 free_space: 1428160512
[34.648s][debug  ][gc,ergo        ] GC(127) Old eden_size: 201326592 desired_eden_size: 201850880
[34.648s][debug  ][gc,ergo        ] GC(127) AdaptiveSizeStop: collection: 128 
[34.648s][info   ][gc,heap        ] GC(127) PSYoungGen: 218870K(229376K)->30720K(229888K) Eden: 188150K(196608K)->0K(197632K) From: 30720K(32768K)->30720K(32256K)
[34.648s][info   ][gc,heap        ] GC(127) ParOldGen: 1414757K(1835008K)->1599077K(1835008K)
[34.648s][info   ][gc,metaspace   ] GC(127) Metaspace: 1022K(1216K)->1022K(1216K) NonClass: 939K(1024K)->939K(1024K) Class: 83K(192K)->83K(192K)
[34.648s][info   ][gc             ] GC(127) Pause Young (Allocation Failure) 1595M->1591M(2016M) 17.586ms
[34.648s][info   ][gc,cpu         ] GC(127) User=0.14s Sys=0.00s Real=0.02s
[34.648s][debug  ][gc,heap        ] GC(127) Heap after GC invocations=128 (full 20):
[34.648s][debug  ][gc,heap        ] GC(127)  PSYoungGen      total 229888K, used 30720K [0x00000000f0000000, 0x0000000100000000, 0x0000000100000000)
[34.648s][debug  ][gc,heap        ] GC(127)   eden space 197632K, 0% used [0x00000000f0000000,0x00000000f0000000,0x00000000fc100000)
[34.648s][debug  ][gc,heap        ] GC(127)   from space 32256K, 95% used [0x00000000fe080000,0x00000000ffe80030,0x0000000100000000)
[34.648s][debug  ][gc,heap        ] GC(127)   to   space 32256K, 0% used [0x00000000fc100000,0x00000000fc100000,0x00000000fe080000)
[34.648s][debug  ][gc,heap        ] GC(127)  ParOldGen       total 1835008K, used 1599077K [0x0000000080000000, 0x00000000f0000000, 0x00000000f0000000)
[34.648s][debug  ][gc,heap        ] GC(127)   object space 1835008K, 87% used [0x0000000080000000,0x00000000e1999598,0x00000000f0000000)
[34.648s][debug  ][gc,heap        ] GC(127)  Metaspace       used 1022K, committed 1216K, reserved 1056768K
[34.648s][debug  ][gc,heap        ] GC(127)   class space    used 83K, committed 192K, reserved 1048576K
[34.648s][debug  ][gc,task,time   ] GC(127) VM-Thread 346298041 346454629 346481054
[34.648s][debug  ][gc,phases,start] GC(128) Pre Compact
[34.648s][debug  ][gc,heap        ] GC(128) Heap before GC invocations=129 (full 21):
[34.648s][debug  ][gc,heap        ] GC(128)  PSYoungGen      total 229888K, used 30720K [0x00000000f0000000, 0x0000000100000000, 0x0000000100000000)
[34.648s][debug  ][gc,heap        ] GC(128)   eden space 197632K, 0% used [0x00000000f0000000,0x00000000f0000000,0x00000000fc100000)
[34.648s][debug  ][gc,heap        ] GC(128)   from space 32256K, 95% used [0x00000000fe080000,0x00000000ffe80030,0x0000000100000000)
[34.648s][debug  ][gc,heap        ] GC(128)   to   space 32256K, 0% used [0x00000000fc100000,0x00000000fc100000,0x00000000fe080000)
[34.648s][debug  ][gc,heap        ] GC(128)  ParOldGen       total 1835008K, used 1599077K [0x0000000080000000, 0x00000000f0000000, 0x00000000f0000000)
[34.648s][debug  ][gc,heap        ] GC(128)   object space 1835008K, 87% used [0x0000000080000000,0x00000000e1999598,0x00000000f0000000)
[34.648s][debug  ][gc,heap        ] GC(128)  Metaspace       used 1022K, committed 1216K, reserved 1056768K
[34.648s][debug  ][gc,heap        ] GC(128)   class space    used 83K, committed 192K, reserved 1048576K
[34.648s][debug  ][gc,phases      ] GC(128) Pre Compact 0.315ms
[34.648s][info   ][gc,start       ] GC(128) Pause Full (Ergonomics)
[34.649s][info   ][gc,phases,start] GC(128) Marking Phase
[34.649s][debug  ][gc,phases,start] GC(128) Par Mark
[34.649s][debug  ][gc,phases      ] GC(128) Par Mark 0.518ms
[34.649s][debug  ][gc,phases,start] GC(128) Reference Processing
[34.649s][debug  ][gc,ref         ] GC(128) Skipped phase 1 of Reference Processing: no references
[34.649s][debug  ][gc,ref         ] GC(128) ReferenceProcessor::execute queues: 1, RefProcThreadModel::Single, marks_oops_alive: false
[34.649s][debug  ][gc,ref         ] GC(128) Skipped phase 3 of Reference Processing: no references
[34.649s][debug  ][gc,ref         ] GC(128) ReferenceProcessor::execute queues: 1, RefProcThreadModel::Single, marks_oops_alive: false
[34.649s][debug  ][gc,phases,ref  ] GC(128) Reference Processing: 0.1ms
[34.649s][debug  ][gc,phases,ref  ] GC(128)   Reconsider SoftReferences: 0.0ms
[34.649s][debug  ][gc,phases,ref  ] GC(128)     SoftRef (ms):                  skipped
[34.649s][debug  ][gc,phases,ref  ] GC(128)   Notify Soft/WeakReferences: 0.0ms
[34.649s][debug  ][gc,phases,ref  ] GC(128)     SoftRef (ms):                  Min:  0.0, Avg:  0.0, Max:  0.0, Diff:  0.0, Sum:  0.0, Workers: 12
[34.649s][debug  ][gc,phases,ref  ] GC(128)     WeakRef (ms):                  Min:  0.0, Avg:  0.0, Max:  0.0, Diff:  0.0, Sum:  0.0, Workers: 12
[34.649s][debug  ][gc,phases,ref  ] GC(128)     FinalRef (ms):                 Min:  0.0, Avg:  0.0, Max:  0.0, Diff:  0.0, Sum:  0.0, Workers: 12
[34.650s][debug  ][gc,phases,ref  ] GC(128)     Total (ms):                    Min:  0.0, Avg:  0.0, Max:  0.0, Diff:  0.0, Sum:  0.0, Workers: 12
[34.650s][debug  ][gc,phases,ref  ] GC(128)   Notify and keep alive finalizable: 0.0ms
[34.650s][debug  ][gc,phases,ref  ] GC(128)     FinalRef (ms):                 skipped
[34.650s][debug  ][gc,phases,ref  ] GC(128)   Notify PhantomReferences: 0.0ms
[34.650s][debug  ][gc,phases,ref  ] GC(128)     PhantomRef (ms):               Min:  0.0, Avg:  0.0, Max:  0.0, Diff:  0.0, Sum:  0.0, Workers: 12
[34.650s][debug  ][gc,phases,ref  ] GC(128)   SoftReference:
[34.650s][debug  ][gc,phases,ref  ] GC(128)     Discovered: 0
[34.650s][debug  ][gc,phases,ref  ] GC(128)     Cleared: 0
[34.650s][debug  ][gc,phases,ref  ] GC(128)   WeakReference:
[34.650s][debug  ][gc,phases,ref  ] GC(128)     Discovered: 68
[34.650s][debug  ][gc,phases,ref  ] GC(128)     Cleared: 68
[34.650s][debug  ][gc,phases,ref  ] GC(128)   FinalReference:
[34.650s][debug  ][gc,phases,ref  ] GC(128)     Discovered: 0
[34.650s][debug  ][gc,phases,ref  ] GC(128)     Cleared: 0
[34.650s][debug  ][gc,phases,ref  ] GC(128)   PhantomReference:
[34.650s][debug  ][gc,phases,ref  ] GC(128)     Discovered: 5
[34.650s][debug  ][gc,phases,ref  ] GC(128)     Cleared: 5
[34.650s][debug  ][gc,phases      ] GC(128) Reference Processing 0.905ms
[34.650s][debug  ][gc,phases,start] GC(128) Weak Processing
[34.650s][debug  ][gc,phases      ] GC(128)   VM Weak                        Min:  0.0, Avg:  0.0, Max:  0.0, Diff:  0.0, Sum:  0.0, Workers: 6
[34.650s][debug  ][gc,phases      ] GC(128)     Dead                           Min: 0, Avg:  0.0, Max: 0, Diff: 0, Sum: 0, Workers: 6
[34.650s][debug  ][gc,phases      ] GC(128)     Total                          Min: 0, Avg:  1.3, Max: 8, Diff: 8, Sum: 8, Workers: 6
[34.650s][debug  ][gc,phases      ] GC(128)   ObjectSynchronizer Weak        Min:  0.0, Avg:  0.0, Max:  0.0, Diff:  0.0, Sum:  0.0, Workers: 6
[34.650s][debug  ][gc,phases      ] GC(128)     Dead                           Min: 0, Avg:  0.0, Max: 0, Diff: 0, Sum: 0, Workers: 6
[34.650s][debug  ][gc,phases      ] GC(128)     Total                          Min: 0, Avg:  0.5, Max: 3, Diff: 3, Sum: 3, Workers: 6
[34.650s][debug  ][gc,phases      ] GC(128)   JVMTI Tag Weak OopStorage      Min:  0.0, Avg:  0.0, Max:  0.0, Diff:  0.0, Sum:  0.0, Workers: 6
[34.650s][debug  ][gc,phases      ] GC(128)     Dead                           Min: 0, Avg:  0.0, Max: 0, Diff: 0, Sum: 0, Workers: 6
[34.650s][debug  ][gc,phases      ] GC(128)     Total                          Min: 0, Avg:  0.0, Max: 0, Diff: 0, Sum: 0, Workers: 6
[34.650s][debug  ][gc,phases      ] GC(128)   StringTable Weak               Min:  0.0, Avg:  0.0, Max:  0.0, Diff:  0.0, Sum:  0.1, Workers: 6
[34.650s][debug  ][gc,phases      ] GC(128)     Dead                           Min: 0, Avg:  0.0, Max: 0, Diff: 0, Sum: 0, Workers: 6
[34.651s][debug  ][gc,phases      ] GC(128)     Total                          Min: 768, Avg: 892.3, Max: 1003, Diff: 235, Sum: 5354, Workers: 6
[34.651s][debug  ][gc,phases      ] GC(128)   ResolvedMethodTable Weak       Min:  0.0, Avg:  0.0, Max:  0.0, Diff:  0.0, Sum:  0.0, Workers: 6
[34.651s][debug  ][gc,phases      ] GC(128)     Dead                           Min: 0, Avg:  0.0, Max: 0, Diff: 0, Sum: 0, Workers: 6
[34.651s][debug  ][gc,phases      ] GC(128)     Total                          Min: 0, Avg: 21.7, Max: 64, Diff: 64, Sum: 130, Workers: 6
[34.651s][debug  ][gc,phases      ] GC(128)   JNI Weak                       Min:  0.0, Avg:  0.0, Max:  0.0, Diff:  0.0, Sum:  0.0, Workers: 6
[34.651s][debug  ][gc,phases      ] GC(128)     Dead                           Min: 0, Avg:  0.0, Max: 0, Diff: 0, Sum: 0, Workers: 6
[34.651s][debug  ][gc,phases      ] GC(128)     Total                          Min: 0, Avg:  0.0, Max: 0, Diff: 0, Sum: 0, Workers: 6
[34.651s][debug  ][gc,phases      ] GC(128)   StringDedup Table Weak         Min:  0.0, Avg:  0.0, Max:  0.0, Diff:  0.0, Sum:  0.0, Workers: 6
[34.651s][debug  ][gc,phases      ] GC(128)     Dead                           Min: 0, Avg:  0.0, Max: 0, Diff: 0, Sum: 0, Workers: 6
[34.651s][debug  ][gc,phases      ] GC(128)     Total                          Min: 0, Avg:  0.0, Max: 0, Diff: 0, Sum: 0, Workers: 6
[34.651s][debug  ][gc,phases      ] GC(128)   StringDedup Requests0 Weak     Min:  0.0, Avg:  0.0, Max:  0.0, Diff:  0.0, Sum:  0.0, Workers: 6
[34.651s][debug  ][gc,phases      ] GC(128)     Dead                           Min: 0, Avg:  0.0, Max: 0, Diff: 0, Sum: 0, Workers: 6
[34.651s][debug  ][gc,phases      ] GC(128)     Total                          Min: 0, Avg:  0.0, Max: 0, Diff: 0, Sum: 0, Workers: 6
[34.651s][debug  ][gc,phases      ] GC(128)   StringDedup Requests1 Weak     Min:  0.0, Avg:  0.0, Max:  0.0, Diff:  0.0, Sum:  0.0, Workers: 6
[34.651s][debug  ][gc,phases      ] GC(128)     Dead                           Min: 0, Avg:  0.0, Max: 0, Diff: 0, Sum: 0, Workers: 6
[34.651s][debug  ][gc,phases      ] GC(128)     Total                          Min: 0, Avg:  0.0, Max: 0, Diff: 0, Sum: 0, Workers: 6
[34.651s][debug  ][gc,phases      ] GC(128)   Weak JFR Old Object Samples    Min:  0.0, Avg:  0.0, Max:  0.0, Diff:  0.0, Sum:  0.0, Workers: 6
[34.651s][debug  ][gc,phases      ] GC(128)     Dead                           Min: 0, Avg:  0.0, Max: 0, Diff: 0, Sum: 0, Workers: 6
[34.651s][debug  ][gc,phases      ] GC(128)     Total                          Min: 0, Avg:  0.0, Max: 0, Diff: 0, Sum: 0, Workers: 6
[34.651s][debug  ][gc,phases      ] GC(128) Weak Processing 0.992ms
[34.651s][debug  ][gc,phases,start] GC(128) Class Unloading
[34.651s][debug  ][gc,phases,start] GC(128) ClassLoaderData
[34.651s][debug  ][gc,phases      ] GC(128) ClassLoaderData 0.026ms
[34.651s][debug  ][gc,phases,start] GC(128) Trigger cleanups
[34.651s][debug  ][gc,phases      ] GC(128) Trigger cleanups 0.024ms
[34.651s][debug  ][gc,phases      ] GC(128) Class Unloading 0.366ms
[34.651s][info   ][gc,phases      ] GC(128) Marking Phase 2.942ms
[34.652s][info   ][gc,phases,start] GC(128) Summary Phase
[34.652s][info   ][gc,phases      ] GC(128) Summary Phase 0.051ms
[34.652s][info   ][gc,phases,start] GC(128) Adjust Roots
[34.652s][info   ][gc,phases      ] GC(128) Adjust Roots 0.228ms
[34.652s][info   ][gc,phases,start] GC(128) Compaction Phase
[34.728s][info   ][gc,phases      ] GC(128) Compaction Phase 76.398ms
[34.728s][info   ][gc,phases,start] GC(128) Post Compact
[34.737s][info   ][gc,phases      ] GC(128) Post Compact 8.057ms
[34.737s][debug  ][gc,ergo        ] GC(128) AdaptiveSizeStart: collection: 129 
[34.737s][debug  ][gc,ergo        ] GC(128) PSAdaptiveSizePolicy::compute_eden_space_size limits: desired_eden_size: 222356442 old_eden_size: 201850880 eden_limit: 202375168 cur_eden: 202375168 max_eden_size: 202375168 avg_young_live: 24913582
[34.737s][debug  ][gc,ergo        ] GC(128) PSAdaptiveSizePolicy::compute_eden_space_size: costs minor_time: 0.052124 major_cost: 0.054555 mutator_cost: 0.893321 throughput_goal: 0.990000
[34.737s][debug  ][gc,ergo        ] GC(128) Live_space: 1061859840 free_space: 1428684800
[34.737s][debug  ][gc,ergo        ] GC(128) Old eden_size: 201850880 desired_eden_size: 202375168
[34.737s][debug  ][gc,ergo        ] GC(128) PSAdaptiveSizePolicy::compute_old_gen_free_space limits: desired_promo_size: 1352313056 promo_limit: 1226833920 free_in_old_gen: 1116966400 max_old_gen_size: 1879048192 avg_old_live: 762081856
[34.737s][debug  ][gc,ergo        ] GC(128) PSAdaptiveSizePolicy::compute_old_gen_free_space: costs minor_time: 0.052124 major_cost: 0.054555  mutator_cost: 0.893321 throughput_goal: 0.990000
[34.737s][debug  ][gc,ergo        ] GC(128) Live_space: 1055430912 free_space: 1429209088
[34.737s][debug  ][gc,ergo        ] GC(128) Old promo_size: 1226833920 desired_promo_size: 1226833920
[34.737s][debug  ][gc,ergo        ] GC(128) AdaptiveSizeStop: collection: 129 
[34.737s][info   ][gc,heap        ] GC(128) PSYoungGen: 30720K(229888K)->0K(229888K) Eden: 0K(197632K)->0K(197632K) From: 30720K(32256K)->0K(32256K)
[34.737s][info   ][gc,heap        ] GC(128) ParOldGen: 1599077K(1835008K)->687716K(1835008K)
[34.737s][info   ][gc,metaspace   ] GC(128) Metaspace: 1022K(1216K)->1022K(1216K) NonClass: 939K(1024K)->939K(1024K) Class: 83K(192K)->83K(192K)
[34.737s][info   ][gc             ] GC(128) Pause Full (Ergonomics) 1591M->671M(2016M) 88.491ms
[34.737s][info   ][gc,cpu         ] GC(128) User=0.72s Sys=0.00s Real=0.09s
[34.737s][debug  ][gc,heap        ] GC(128) Heap after GC invocations=129 (full 21):
[34.737s][debug  ][gc,heap        ] GC(128)  PSYoungGen      total 229888K, used 0K [0x00000000f0000000, 0x0000000100000000, 0x0000000100000000)
[34.737s][debug  ][gc,heap        ] GC(128)   eden space 197632K, 0% used [0x00000000f0000000,0x00000000f0000000,0x00000000fc100000)
[34.737s][debug  ][gc,heap        ] GC(128)   from space 32256K, 0% used [0x00000000fc100000,0x00000000fc100000,0x00000000fe080000)
[34.737s][debug  ][gc,heap        ] GC(128)   to   space 32256K, 0% used [0x00000000fe080000,0x00000000fe080000,0x0000000100000000)
[34.737s][debug  ][gc,heap        ] GC(128)  ParOldGen       total 1835008K, used 687716K [0x0000000080000000, 0x00000000f0000000, 0x00000000f0000000)
[34.737s][debug  ][gc,heap        ] GC(128)   object space 1835008K, 37% used [0x0000000080000000,0x00000000a9f99008,0x00000000f0000000)
[34.737s][debug  ][gc,heap        ] GC(128)  Metaspace       used 1022K, committed 1216K, reserved 1056768K
[34.737s][debug  ][gc,heap        ] GC(128)   class space    used 83K, committed 192K, reserved 1048576K
[34.737s][debug  ][gc,task,time   ] GC(128) VM-Thread 346485357 346518631 347370517
[35.024s][debug  ][gc,heap        ] GC(129) Heap before GC invocations=130 (full 21):
[35.024s][debug  ][gc,heap        ] GC(129)  PSYoungGen      total 229888K, used 188178K [0x00000000f0000000, 0x0000000100000000, 0x0000000100000000)
[35.024s][debug  ][gc,heap        ] GC(129)   eden space 197632K, 95% used [0x00000000f0000000,0x00000000fb7c48e0,0x00000000fc100000)
[35.024s][debug  ][gc,heap        ] GC(129)   from space 32256K, 0% used [0x00000000fc100000,0x00000000fc100000,0x00000000fe080000)
[35.024s][debug  ][gc,heap        ] GC(129)   to   space 32256K, 0% used [0x00000000fe080000,0x00000000fe080000,0x0000000100000000)
[35.024s][debug  ][gc,heap        ] GC(129)  ParOldGen       total 1835008K, used 687716K [0x0000000080000000, 0x00000000f0000000, 0x00000000f0000000)
[35.024s][debug  ][gc,heap        ] GC(129)   object space 1835008K, 37% used [0x0000000080000000,0x00000000a9f99008,0x00000000f0000000)
[35.024s][debug  ][gc,heap        ] GC(129)  Metaspace       used 1022K, committed 1216K, reserved 1056768K
[35.024s][debug  ][gc,heap        ] GC(129)   class space    used 83K, committed 192K, reserved 1048576K
[35.024s][debug  ][gc,tlab        ] GC(129) TLAB totals: thrds: 1  refills: 1 max: 1 slow allocs: 17 max 17 waste: 27.4% gc: 3950528B max: 3950528B slow: 0B max: 0B
[35.024s][info   ][gc,start       ] GC(129) Pause Young (Allocation Failure)
[35.024s][debug  ][gc,phases,start] GC(129) Scavenge
[35.037s][debug  ][gc,phases      ] GC(129) Scavenge 12.525ms
[35.037s][debug  ][gc,phases,start] GC(129) Reference Processing
[35.037s][debug  ][gc,ref         ] GC(129) Skipped phase 1 of Reference Processing: no references
[35.037s][debug  ][gc,ref         ] GC(129) Skipped phase 2 of Reference Processing: no references
[35.037s][debug  ][gc,ref         ] GC(129) Skipped phase 3 of Reference Processing: no references
[35.037s][debug  ][gc,ref         ] GC(129) Skipped phase 4 of Reference Processing: no references
[35.037s][debug  ][gc,phases,ref  ] GC(129) Reference Processing: 0.1ms
[35.037s][debug  ][gc,phases,ref  ] GC(129)   Reconsider SoftReferences: 0.0ms
[35.037s][debug  ][gc,phases,ref  ] GC(129)     SoftRef (ms):                  skipped
[35.037s][debug  ][gc,phases,ref  ] GC(129)   Notify Soft/WeakReferences: 0.0ms
[35.037s][debug  ][gc,phases,ref  ] GC(129)     SoftRef (ms):                  skipped
[35.037s][debug  ][gc,phases,ref  ] GC(129)     WeakRef (ms):                  skipped
[35.037s][debug  ][gc,phases,ref  ] GC(129)     FinalRef (ms):                 skipped
[35.037s][debug  ][gc,phases,ref  ] GC(129)     Total (ms):                    skipped
[35.037s][debug  ][gc,phases,ref  ] GC(129)   Notify and keep alive finalizable: 0.0ms
[35.037s][debug  ][gc,phases,ref  ] GC(129)     FinalRef (ms):                 skipped
[35.037s][debug  ][gc,phases,ref  ] GC(129)   Notify PhantomReferences: 0.0ms
[35.037s][debug  ][gc,phases,ref  ] GC(129)     PhantomRef (ms):               skipped
[35.037s][debug  ][gc,phases,ref  ] GC(129)   SoftReference:
[35.037s][debug  ][gc,phases,ref  ] GC(129)     Discovered: 0
[35.037s][debug  ][gc,phases,ref  ] GC(129)     Cleared: 0
[35.037s][debug  ][gc,phases,ref  ] GC(129)   WeakReference:
[35.038s][debug  ][gc,phases,ref  ] GC(129)     Discovered: 0
[35.038s][debug  ][gc,phases,ref  ] GC(129)     Cleared: 0
[35.038s][debug  ][gc,phases,ref  ] GC(129)   FinalReference:
[35.038s][debug  ][gc,phases,ref  ] GC(129)     Discovered: 0
[35.038s][debug  ][gc,phases,ref  ] GC(129)     Cleared: 0
[35.038s][debug  ][gc,phases,ref  ] GC(129)   PhantomReference:
[35.038s][debug  ][gc,phases,ref  ] GC(129)     Discovered: 0
[35.038s][debug  ][gc,phases,ref  ] GC(129)     Cleared: 0
[35.038s][debug  ][gc,phases      ] GC(129) Reference Processing 0.829ms
[35.038s][debug  ][gc,phases,start] GC(129) Weak Processing
[35.038s][debug  ][gc,phases      ] GC(129)   VM Weak                        Min:  0.0, Avg:  0.0, Max:  0.0, Diff:  0.0, Sum:  0.0, Workers: 6
[35.038s][debug  ][gc,phases      ] GC(129)     Dead                           Min: 0, Avg:  0.0, Max: 0, Diff: 0, Sum: 0, Workers: 6
[35.038s][debug  ][gc,phases      ] GC(129)     Total                          Min: 0, Avg:  1.3, Max: 8, Diff: 8, Sum: 8, Workers: 6
[35.038s][debug  ][gc,phases      ] GC(129)   ObjectSynchronizer Weak        Min:  0.0, Avg:  0.0, Max:  0.0, Diff:  0.0, Sum:  0.0, Workers: 6
[35.038s][debug  ][gc,phases      ] GC(129)     Dead                           Min: 0, Avg:  0.0, Max: 0, Diff: 0, Sum: 0, Workers: 6
[35.038s][debug  ][gc,phases      ] GC(129)     Total                          Min: 0, Avg:  0.5, Max: 3, Diff: 3, Sum: 3, Workers: 6
[35.038s][debug  ][gc,phases      ] GC(129)   JVMTI Tag Weak OopStorage      Min:  0.0, Avg:  0.0, Max:  0.0, Diff:  0.0, Sum:  0.0, Workers: 6
[35.038s][debug  ][gc,phases      ] GC(129)     Dead                           Min: 0, Avg:  0.0, Max: 0, Diff: 0, Sum: 0, Workers: 6
[35.038s][debug  ][gc,phases      ] GC(129)     Total                          Min: 0, Avg:  0.0, Max: 0, Diff: 0, Sum: 0, Workers: 6
[35.038s][debug  ][gc,phases      ] GC(129)   StringTable Weak               Min:  0.0, Avg:  0.0, Max:  0.0, Diff:  0.0, Sum:  0.0, Workers: 6
[35.038s][debug  ][gc,phases      ] GC(129)     Dead                           Min: 0, Avg:  0.0, Max: 0, Diff: 0, Sum: 0, Workers: 6
[35.038s][debug  ][gc,phases      ] GC(129)     Total                          Min: 703, Avg: 892.3, Max: 1216, Diff: 513, Sum: 5354, Workers: 6
[35.038s][debug  ][gc,phases      ] GC(129)   ResolvedMethodTable Weak       Min:  0.0, Avg:  0.0, Max:  0.0, Diff:  0.0, Sum:  0.0, Workers: 6
[35.038s][debug  ][gc,phases      ] GC(129)     Dead                           Min: 0, Avg:  0.0, Max: 0, Diff: 0, Sum: 0, Workers: 6
[35.038s][debug  ][gc,phases      ] GC(129)     Total                          Min: 0, Avg: 21.7, Max: 64, Diff: 64, Sum: 130, Workers: 6
[35.038s][debug  ][gc,phases      ] GC(129)   JNI Weak                       Min:  0.0, Avg:  0.0, Max:  0.0, Diff:  0.0, Sum:  0.0, Workers: 6
[35.038s][debug  ][gc,phases      ] GC(129)     Dead                           Min: 0, Avg:  0.0, Max: 0, Diff: 0, Sum: 0, Workers: 6
[35.038s][debug  ][gc,phases      ] GC(129)     Total                          Min: 0, Avg:  0.0, Max: 0, Diff: 0, Sum: 0, Workers: 6
[35.038s][debug  ][gc,phases      ] GC(129)   StringDedup Table Weak         Min:  0.0, Avg:  0.0, Max:  0.0, Diff:  0.0, Sum:  0.0, Workers: 6
[35.039s][debug  ][gc,phases      ] GC(129)     Dead                           Min: 0, Avg:  0.0, Max: 0, Diff: 0, Sum: 0, Workers: 6
[35.039s][debug  ][gc,phases      ] GC(129)     Total                          Min: 0, Avg:  0.0, Max: 0, Diff: 0, Sum: 0, Workers: 6
[35.039s][debug  ][gc,phases      ] GC(129)   StringDedup Requests0 Weak     Min:  0.0, Avg:  0.0, Max:  0.0, Diff:  0.0, Sum:  0.0, Workers: 6
[35.039s][debug  ][gc,phases      ] GC(129)     Dead                           Min: 0, Avg:  0.0, Max: 0, Diff: 0, Sum: 0, Workers: 6
[35.039s][debug  ][gc,phases      ] GC(129)     Total                          Min: 0, Avg:  0.0, Max: 0, Diff: 0, Sum: 0, Workers: 6
[35.039s][debug  ][gc,phases      ] GC(129)   StringDedup Requests1 Weak     Min:  0.0, Avg:  0.0, Max:  0.0, Diff:  0.0, Sum:  0.0, Workers: 6
[35.039s][debug  ][gc,phases      ] GC(129)     Dead                           Min: 0, Avg:  0.0, Max: 0, Diff: 0, Sum: 0, Workers: 6
[35.039s][debug  ][gc,phases      ] GC(129)     Total                          Min: 0, Avg:  0.0, Max: 0, Diff: 0, Sum: 0, Workers: 6
[35.039s][debug  ][gc,phases      ] GC(129)   Weak JFR Old Object Samples    Min:  0.0, Avg:  0.0, Max:  0.0, Diff:  0.0, Sum:  0.0, Workers: 6
[35.039s][debug  ][gc,phases      ] GC(129)     Dead                           Min: 0, Avg:  0.0, Max: 0, Diff: 0, Sum: 0, Workers: 6
[35.039s][debug  ][gc,phases      ] GC(129)     Total                          Min: 0, Avg:  0.0, Max: 0, Diff: 0, Sum: 0, Workers: 6
[35.039s][debug  ][gc,phases      ] GC(129) Weak Processing 1.073ms
[35.039s][debug  ][gc,ergo        ] GC(129) AdaptiveSizeStart:  collection: 130 
[35.039s][debug  ][gc,ergo        ] GC(129) avg_survived_padded_avg: 32730614.000000
[35.039s][debug  ][gc,ergo        ] GC(129) avg_promoted_padded_avg: 251641408.000000  avg_pretenured_padded_avg: 0.000000  tenuring_thresh: 15  target_size: 33030144
[35.039s][debug  ][gc,age         ] GC(129) Desired survivor size 33030144 bytes, new threshold 15 (max threshold 15)
[35.039s][debug  ][gc,ergo        ] GC(129) PSAdaptiveSizePolicy::compute_eden_space_size limits: desired_eden_size: 221598880 old_eden_size: 202375168 eden_limit: 202375168 cur_eden: 202375168 max_eden_size: 202375168 avg_young_live: 25567956
[35.039s][debug  ][gc,ergo        ] GC(129) PSAdaptiveSizePolicy::compute_eden_space_size: costs minor_time: 0.048394 major_cost: 0.054555 mutator_cost: 0.897051 throughput_goal: 0.990000
[35.039s][debug  ][gc,ergo        ] GC(129) Live_space: 1056085248 free_space: 1429209088
[35.039s][debug  ][gc,ergo        ] GC(129) Old eden_size: 202375168 desired_eden_size: 202375168
[35.039s][debug  ][gc,ergo        ] GC(129) AdaptiveSizeStop: collection: 130 
[35.039s][info   ][gc,heap        ] GC(129) PSYoungGen: 188178K(229888K)->30720K(229888K) Eden: 188178K(197632K)->0K(197632K) From: 0K(32256K)->30720K(32256K)
[35.039s][info   ][gc,heap        ] GC(129) ParOldGen: 687716K(1835008K)->841316K(1835008K)
[35.039s][info   ][gc,metaspace   ] GC(129) Metaspace: 1022K(1216K)->1022K(1216K) NonClass: 939K(1024K)->939K(1024K) Class: 83K(192K)->83K(192K)
[35.039s][info   ][gc             ] GC(129) Pause Young (Allocation Failure) 855M->851M(2016M) 15.010ms
[35.039s][info   ][gc,cpu         ] GC(129) User=0.12s Sys=0.00s Real=0.02s
[35.039s][debug  ][gc,heap        ] GC(129) Heap after GC invocations=130 (full 21):
[35.039s][debug  ][gc,heap        ] GC(129)  PSYoungGen      total 229888K, used 30720K [0x00000000f0000000, 0x0000000100000000, 0x0000000100000000)
[35.039s][debug  ][gc,heap        ] GC(129)   eden space 197632K, 0% used [0x00000000f0000000,0x00000000f0000000,0x00000000fc100000)
[35.039s][debug  ][gc,heap        ] GC(129)   from space 32256K, 95% used [0x00000000fe080000,0x00000000ffe80030,0x0000000100000000)
[35.040s][debug  ][gc,heap        ] GC(129)   to   space 32256K, 0% used [0x00000000fc100000,0x00000000fc100000,0x00000000fe080000)
[35.040s][debug  ][gc,heap        ] GC(129)  ParOldGen       total 1835008K, used 841316K [0x0000000080000000, 0x00000000f0000000, 0x00000000f0000000)
[35.040s][debug  ][gc,heap        ] GC(129)   object space 1835008K, 45% used [0x0000000080000000,0x00000000b35990f8,0x00000000f0000000)
[35.040s][debug  ][gc,heap        ] GC(129)  Metaspace       used 1022K, committed 1216K, reserved 1056768K
[35.040s][debug  ][gc,heap        ] GC(129)   class space    used 83K, committed 192K, reserved 1048576K
[35.040s][debug  ][gc,task,time   ] GC(129) VM-Thread 350239684 350369307 350396736
[35.342s][debug  ][gc,heap        ] GC(130) Heap before GC invocations=131 (full 21):
[35.342s][debug  ][gc,heap        ] GC(130)  PSYoungGen      total 229888K, used 218827K [0x00000000f0000000, 0x0000000100000000, 0x0000000100000000)
[35.342s][debug  ][gc,heap        ] GC(130)   eden space 197632K, 95% used [0x00000000f0000000,0x00000000fb7b2ee0,0x00000000fc100000)
[35.342s][debug  ][gc,heap        ] GC(130)   from space 32256K, 95% used [0x00000000fe080000,0x00000000ffe80030,0x0000000100000000)
[35.342s][debug  ][gc,heap        ] GC(130)   to   space 32256K, 0% used [0x00000000fc100000,0x00000000fc100000,0x00000000fe080000)
[35.342s][debug  ][gc,heap        ] GC(130)  ParOldGen       total 1835008K, used 841316K [0x0000000080000000, 0x00000000f0000000, 0x00000000f0000000)
[35.342s][debug  ][gc,heap        ] GC(130)   object space 1835008K, 45% used [0x0000000080000000,0x00000000b35990f8,0x00000000f0000000)
[35.342s][debug  ][gc,heap        ] GC(130)  Metaspace       used 1022K, committed 1216K, reserved 1056768K
[35.342s][debug  ][gc,heap        ] GC(130)   class space    used 83K, committed 192K, reserved 1048576K
[35.342s][debug  ][gc,tlab        ] GC(130) TLAB totals: thrds: 1  refills: 1 max: 1 slow allocs: 17 max 17 waste: 27.0% gc: 3877272B max: 3877272B slow: 0B max: 0B
[35.342s][info   ][gc,start       ] GC(130) Pause Young (Allocation Failure)
[35.342s][debug  ][gc,phases,start] GC(130) Scavenge
[35.345s][debug  ][gc,phases      ] GC(130) Scavenge 2.255ms
[35.345s][debug  ][gc,phases,start] GC(130) Reference Processing
[35.345s][debug  ][gc,ref         ] GC(130) Skipped phase 1 of Reference Processing: no references
[35.345s][debug  ][gc,ref         ] GC(130) Skipped phase 2 of Reference Processing: no references
[35.345s][debug  ][gc,ref         ] GC(130) Skipped phase 3 of Reference Processing: no references
[35.345s][debug  ][gc,ref         ] GC(130) Skipped phase 4 of Reference Processing: no references
[35.345s][debug  ][gc,phases,ref  ] GC(130) Reference Processing: 0.1ms
[35.345s][debug  ][gc,phases,ref  ] GC(130)   Reconsider SoftReferences: 0.0ms
[35.345s][debug  ][gc,phases,ref  ] GC(130)     SoftRef (ms):                  skipped
[35.345s][debug  ][gc,phases,ref  ] GC(130)   Notify Soft/WeakReferences: 0.0ms
[35.345s][debug  ][gc,phases,ref  ] GC(130)     SoftRef (ms):                  skipped
[35.345s][debug  ][gc,phases,ref  ] GC(130)     WeakRef (ms):                  skipped
[35.345s][debug  ][gc,phases,ref  ] GC(130)     FinalRef (ms):                 skipped
[35.345s][debug  ][gc,phases,ref  ] GC(130)     Total (ms):                    skipped
[35.345s][debug  ][gc,phases,ref  ] GC(130)   Notify and keep alive finalizable: 0.0ms
[35.345s][debug  ][gc,phases,ref  ] GC(130)     FinalRef (ms):                 skipped
[35.345s][debug  ][gc,phases,ref  ] GC(130)   Notify PhantomReferences: 0.0ms
[35.345s][debug  ][gc,phases,ref  ] GC(130)     PhantomRef (ms):               skipped
[35.345s][debug  ][gc,phases,ref  ] GC(130)   SoftReference:
[35.345s][debug  ][gc,phases,ref  ] GC(130)     Discovered: 0
[35.345s][debug  ][gc,phases,ref  ] GC(130)     Cleared: 0
[35.345s][debug  ][gc,phases,ref  ] GC(130)   WeakReference:
[35.345s][debug  ][gc,phases,ref  ] GC(130)     Discovered: 0
[35.345s][debug  ][gc,phases,ref  ] GC(130)     Cleared: 0
[35.345s][debug  ][gc,phases,ref  ] GC(130)   FinalReference:
[35.345s][debug  ][gc,phases,ref  ] GC(130)     Discovered: 0
[35.345s][debug  ][gc,phases,ref  ] GC(130)     Cleared: 0
[35.345s][debug  ][gc,phases,ref  ] GC(130)   PhantomReference:
[35.345s][debug  ][gc,phases,ref  ] GC(130)     Discovered: 0
[35.345s][debug  ][gc,phases,ref  ] GC(130)     Cleared: 0
[35.345s][debug  ][gc,phases      ] GC(130) Reference Processing 0.604ms
[35.345s][debug  ][gc,phases,start] GC(130) Weak Processing
[35.345s][debug  ][gc,phases      ] GC(130)   VM Weak                        Min:  0.0, Avg:  0.0, Max:  0.0, Diff:  0.0, Sum:  0.0, Workers: 6
[35.346s][debug  ][gc,phases      ] GC(130)     Dead                           Min: 0, Avg:  0.0, Max: 0, Diff: 0, Sum: 0, Workers: 6
[35.346s][debug  ][gc,phases      ] GC(130)     Total                          Min: 0, Avg:  1.3, Max: 8, Diff: 8, Sum: 8, Workers: 6
[35.346s][debug  ][gc,phases      ] GC(130)   ObjectSynchronizer Weak        Min:  0.0, Avg:  0.0, Max:  0.0, Diff:  0.0, Sum:  0.0, Workers: 6
[35.346s][debug  ][gc,phases      ] GC(130)     Dead                           Min: 0, Avg:  0.0, Max: 0, Diff: 0, Sum: 0, Workers: 6
[35.346s][debug  ][gc,phases      ] GC(130)     Total                          Min: 0, Avg:  0.5, Max: 3, Diff: 3, Sum: 3, Workers: 6
[35.346s][debug  ][gc,phases      ] GC(130)   JVMTI Tag Weak OopStorage      Min:  0.0, Avg:  0.0, Max:  0.0, Diff:  0.0, Sum:  0.0, Workers: 6
[35.346s][debug  ][gc,phases      ] GC(130)     Dead                           Min: 0, Avg:  0.0, Max: 0, Diff: 0, Sum: 0, Workers: 6
[35.346s][debug  ][gc,phases      ] GC(130)     Total                          Min: 0, Avg:  0.0, Max: 0, Diff: 0, Sum: 0, Workers: 6
[35.346s][debug  ][gc,phases      ] GC(130)   StringTable Weak               Min:  0.0, Avg:  0.0, Max:  0.0, Diff:  0.0, Sum:  0.0, Workers: 6
[35.346s][debug  ][gc,phases      ] GC(130)     Dead                           Min: 0, Avg:  0.0, Max: 0, Diff: 0, Sum: 0, Workers: 6
[35.346s][debug  ][gc,phases      ] GC(130)     Total                          Min: 575, Avg: 892.3, Max: 1067, Diff: 492, Sum: 5354, Workers: 6
[35.346s][debug  ][gc,phases      ] GC(130)   ResolvedMethodTable Weak       Min:  0.0, Avg:  0.0, Max:  0.0, Diff:  0.0, Sum:  0.0, Workers: 6
[35.346s][debug  ][gc,phases      ] GC(130)     Dead                           Min: 0, Avg:  0.0, Max: 0, Diff: 0, Sum: 0, Workers: 6
[35.346s][debug  ][gc,phases      ] GC(130)     Total                          Min: 0, Avg: 21.7, Max: 64, Diff: 64, Sum: 130, Workers: 6
[35.346s][debug  ][gc,phases      ] GC(130)   JNI Weak                       Min:  0.0, Avg:  0.0, Max:  0.0, Diff:  0.0, Sum:  0.0, Workers: 6
[35.346s][debug  ][gc,phases      ] GC(130)     Dead                           Min: 0, Avg:  0.0, Max: 0, Diff: 0, Sum: 0, Workers: 6
[35.346s][debug  ][gc,phases      ] GC(130)     Total                          Min: 0, Avg:  0.0, Max: 0, Diff: 0, Sum: 0, Workers: 6
[35.346s][debug  ][gc,phases      ] GC(130)   StringDedup Table Weak         Min:  0.0, Avg:  0.0, Max:  0.0, Diff:  0.0, Sum:  0.0, Workers: 6
[35.346s][debug  ][gc,phases      ] GC(130)     Dead                           Min: 0, Avg:  0.0, Max: 0, Diff: 0, Sum: 0, Workers: 6
[35.346s][debug  ][gc,phases      ] GC(130)     Total                          Min: 0, Avg:  0.0, Max: 0, Diff: 0, Sum: 0, Workers: 6
[35.346s][debug  ][gc,phases      ] GC(130)   StringDedup Requests0 Weak     Min:  0.0, Avg:  0.0, Max:  0.0, Diff:  0.0, Sum:  0.0, Workers: 6
[35.346s][debug  ][gc,phases      ] GC(130)     Dead                           Min: 0, Avg:  0.0, Max: 0, Diff: 0, Sum: 0, Workers: 6
[35.346s][debug  ][gc,phases      ] GC(130)     Total                          Min: 0, Avg:  0.0, Max: 0, Diff: 0, Sum: 0, Workers: 6
[35.346s][debug  ][gc,phases      ] GC(130)   StringDedup Requests1 Weak     Min:  0.0, Avg:  0.0, Max:  0.0, Diff:  0.0, Sum:  0.0, Workers: 6
[35.346s][debug  ][gc,phases      ] GC(130)     Dead                           Min: 0, Avg:  0.0, Max: 0, Diff: 0, Sum: 0, Workers: 6
[35.346s][debug  ][gc,phases      ] GC(130)     Total                          Min: 0, Avg:  0.0, Max: 0, Diff: 0, Sum: 0, Workers: 6
[35.346s][debug  ][gc,phases      ] GC(130)   Weak JFR Old Object Samples    Min:  0.0, Avg:  0.0, Max:  0.0, Diff:  0.0, Sum:  0.0, Workers: 6
[35.346s][debug  ][gc,phases      ] GC(130)     Dead                           Min: 0, Avg:  0.0, Max: 0, Diff: 0, Sum: 0, Workers: 6
[35.346s][debug  ][gc,phases      ] GC(130)     Total                          Min: 0, Avg:  0.0, Max: 0, Diff: 0, Sum: 0, Workers: 6
[35.346s][debug  ][gc,phases      ] GC(130) Weak Processing 0.725ms
[35.346s][debug  ][gc,ergo        ] GC(130) AdaptiveSizeStart:  collection: 131 
[35.346s][debug  ][gc,ergo        ] GC(130) avg_survived_padded_avg: 32632272.000000
[35.346s][debug  ][gc,ergo        ] GC(130) avg_promoted_padded_avg: 235132384.000000  avg_pretenured_padded_avg: 0.000000  tenuring_thresh: 15  target_size: 33030144
[35.346s][debug  ][gc,age         ] GC(130) Desired survivor size 33030144 bytes, new threshold 15 (max threshold 15)
[35.346s][debug  ][gc,ergo        ] GC(130) PSAdaptiveSizePolicy::compute_eden_space_size limits: desired_eden_size: 219500631 old_eden_size: 202375168 eden_limit: 202375168 cur_eden: 202375168 max_eden_size: 202375168 avg_young_live: 26156894
[35.346s][debug  ][gc,ergo        ] GC(130) PSAdaptiveSizePolicy::compute_eden_space_size: costs minor_time: 0.039306 major_cost: 0.054555 mutator_cost: 0.906139 throughput_goal: 0.990000
[35.346s][debug  ][gc,ergo        ] GC(130) Live_space: 1056674176 free_space: 1429209088
[35.346s][debug  ][gc,ergo        ] GC(130) Old eden_size: 202375168 desired_eden_size: 202375168
[35.346s][debug  ][gc,ergo        ] GC(130) AdaptiveSizeStop: collection: 131 
[35.346s][info   ][gc,heap        ] GC(130) PSYoungGen: 218827K(229888K)->30720K(229888K) Eden: 188107K(197632K)->0K(197632K) From: 30720K(32256K)->30720K(32256K)
[35.346s][info   ][gc,heap        ] GC(130) ParOldGen: 841316K(1835008K)->841316K(1835008K)
[35.346s][info   ][gc,metaspace   ] GC(130) Metaspace: 1022K(1216K)->1022K(1216K) NonClass: 939K(1024K)->939K(1024K) Class: 83K(192K)->83K(192K)
[35.346s][info   ][gc             ] GC(130) Pause Young (Allocation Failure) 1035M->851M(2016M) 4.042ms
[35.347s][info   ][gc,cpu         ] GC(130) User=0.00s Sys=0.02s Real=0.00s
[35.347s][debug  ][gc,heap        ] GC(130) Heap after GC invocations=131 (full 21):
[35.347s][debug  ][gc,heap        ] GC(130)  PSYoungGen      total 229888K, used 30720K [0x00000000f0000000, 0x0000000100000000, 0x0000000100000000)
[35.347s][debug  ][gc,heap        ] GC(130)   eden space 197632K, 0% used [0x00000000f0000000,0x00000000f0000000,0x00000000fc100000)
[35.347s][debug  ][gc,heap        ] GC(130)   from space 32256K, 95% used [0x00000000fc100000,0x00000000fdf00030,0x00000000fe080000)
[35.347s][debug  ][gc,heap        ] GC(130)   to   space 32256K, 0% used [0x00000000fe080000,0x00000000fe080000,0x0000000100000000)
[35.347s][debug  ][gc,heap        ] GC(130)  ParOldGen       total 1835008K, used 841316K [0x0000000080000000, 0x00000000f0000000, 0x00000000f0000000)
[35.347s][debug  ][gc,heap        ] GC(130)   object space 1835008K, 45% used [0x0000000080000000,0x00000000b35990f8,0x00000000f0000000)
[35.347s][debug  ][gc,heap        ] GC(130)  Metaspace       used 1022K, committed 1216K, reserved 1056768K
[35.347s][debug  ][gc,heap        ] GC(130)   class space    used 83K, committed 192K, reserved 1048576K
[35.347s][debug  ][gc,task,time   ] GC(130) VM-Thread 353420961 353447960 353467445
[35.625s][debug  ][gc,heap        ] GC(131) Heap before GC invocations=132 (full 21):
[35.626s][debug  ][gc,heap        ] GC(131)  PSYoungGen      total 229888K, used 218857K [0x00000000f0000000, 0x0000000100000000, 0x0000000100000000)
[35.626s][debug  ][gc,heap        ] GC(131)   eden space 197632K, 95% used [0x00000000f0000000,0x00000000fb7ba6c0,0x00000000fc100000)
[35.626s][debug  ][gc,heap        ] GC(131)   from space 32256K, 95% used [0x00000000fc100000,0x00000000fdf00030,0x00000000fe080000)
[35.626s][debug  ][gc,heap        ] GC(131)   to   space 32256K, 0% used [0x00000000fe080000,0x00000000fe080000,0x0000000100000000)
[35.626s][debug  ][gc,heap        ] GC(131)  ParOldGen       total 1835008K, used 841316K [0x0000000080000000, 0x00000000f0000000, 0x00000000f0000000)
[35.626s][debug  ][gc,heap        ] GC(131)   object space 1835008K, 45% used [0x0000000080000000,0x00000000b35990f8,0x00000000f0000000)
[35.626s][debug  ][gc,heap        ] GC(131)  Metaspace       used 1022K, committed 1216K, reserved 1056768K
[35.626s][debug  ][gc,heap        ] GC(131)   class space    used 83K, committed 192K, reserved 1048576K
[35.626s][debug  ][gc,tlab        ] GC(131) TLAB totals: thrds: 1  refills: 1 max: 1 slow allocs: 17 max 17 waste: 27.2% gc: 3909024B max: 3909024B slow: 0B max: 0B
[35.626s][info   ][gc,start       ] GC(131) Pause Young (Allocation Failure)
[35.626s][debug  ][gc,phases,start] GC(131) Scavenge
[35.640s][debug  ][gc,phases      ] GC(131) Scavenge 14.514ms
[35.640s][debug  ][gc,phases,start] GC(131) Reference Processing
[35.641s][debug  ][gc,ref         ] GC(131) Skipped phase 1 of Reference Processing: no references
[35.641s][debug  ][gc,ref         ] GC(131) Skipped phase 2 of Reference Processing: no references
[35.641s][debug  ][gc,ref         ] GC(131) Skipped phase 3 of Reference Processing: no references
[35.641s][debug  ][gc,ref         ] GC(131) Skipped phase 4 of Reference Processing: no references
[35.641s][debug  ][gc,phases,ref  ] GC(131) Reference Processing: 0.1ms
[35.641s][debug  ][gc,phases,ref  ] GC(131)   Reconsider SoftReferences: 0.0ms
[35.641s][debug  ][gc,phases,ref  ] GC(131)     SoftRef (ms):                  skipped
[35.641s][debug  ][gc,phases,ref  ] GC(131)   Notify Soft/WeakReferences: 0.0ms
[35.641s][debug  ][gc,phases,ref  ] GC(131)     SoftRef (ms):                  skipped
[35.641s][debug  ][gc,phases,ref  ] GC(131)     WeakRef (ms):                  skipped
[35.641s][debug  ][gc,phases,ref  ] GC(131)     FinalRef (ms):                 skipped
[35.641s][debug  ][gc,phases,ref  ] GC(131)     Total (ms):                    skipped
[35.641s][debug  ][gc,phases,ref  ] GC(131)   Notify and keep alive finalizable: 0.0ms
[35.641s][debug  ][gc,phases,ref  ] GC(131)     FinalRef (ms):                 skipped
[35.641s][debug  ][gc,phases,ref  ] GC(131)   Notify PhantomReferences: 0.0ms
[35.641s][debug  ][gc,phases,ref  ] GC(131)     PhantomRef (ms):               skipped
[35.641s][debug  ][gc,phases,ref  ] GC(131)   SoftReference:
[35.641s][debug  ][gc,phases,ref  ] GC(131)     Discovered: 0
[35.641s][debug  ][gc,phases,ref  ] GC(131)     Cleared: 0
[35.641s][debug  ][gc,phases,ref  ] GC(131)   WeakReference:
[35.641s][debug  ][gc,phases,ref  ] GC(131)     Discovered: 0
[35.641s][debug  ][gc,phases,ref  ] GC(131)     Cleared: 0
[35.641s][debug  ][gc,phases,ref  ] GC(131)   FinalReference:
[35.641s][debug  ][gc,phases,ref  ] GC(131)     Discovered: 0
[35.641s][debug  ][gc,phases,ref  ] GC(131)     Cleared: 0
[35.641s][debug  ][gc,phases,ref  ] GC(131)   PhantomReference:
[35.641s][debug  ][gc,phases,ref  ] GC(131)     Discovered: 0
[35.641s][debug  ][gc,phases,ref  ] GC(131)     Cleared: 0
[35.641s][debug  ][gc,phases      ] GC(131) Reference Processing 0.859ms
[35.641s][debug  ][gc,phases,start] GC(131) Weak Processing
[35.641s][debug  ][gc,phases      ] GC(131)   VM Weak                        Min:  0.0, Avg:  0.0, Max:  0.0, Diff:  0.0, Sum:  0.0, Workers: 6
[35.642s][debug  ][gc,phases      ] GC(131)     Dead                           Min: 0, Avg:  0.0, Max: 0, Diff: 0, Sum: 0, Workers: 6
[35.642s][debug  ][gc,phases      ] GC(131)     Total                          Min: 0, Avg:  1.3, Max: 8, Diff: 8, Sum: 8, Workers: 6
[35.642s][debug  ][gc,phases      ] GC(131)   ObjectSynchronizer Weak        Min:  0.0, Avg:  0.0, Max:  0.0, Diff:  0.0, Sum:  0.0, Workers: 6
[35.642s][debug  ][gc,phases      ] GC(131)     Dead                           Min: 0, Avg:  0.0, Max: 0, Diff: 0, Sum: 0, Workers: 6
[35.642s][debug  ][gc,phases      ] GC(131)     Total                          Min: 0, Avg:  0.5, Max: 3, Diff: 3, Sum: 3, Workers: 6
[35.642s][debug  ][gc,phases      ] GC(131)   JVMTI Tag Weak OopStorage      Min:  0.0, Avg:  0.0, Max:  0.0, Diff:  0.0, Sum:  0.0, Workers: 6
[35.642s][debug  ][gc,phases      ] GC(131)     Dead                           Min: 0, Avg:  0.0, Max: 0, Diff: 0, Sum: 0, Workers: 6
[35.642s][debug  ][gc,phases      ] GC(131)     Total                          Min: 0, Avg:  0.0, Max: 0, Diff: 0, Sum: 0, Workers: 6
[35.642s][debug  ][gc,phases      ] GC(131)   StringTable Weak               Min:  0.0, Avg:  0.0, Max:  0.0, Diff:  0.0, Sum:  0.0, Workers: 6
[35.642s][debug  ][gc,phases      ] GC(131)     Dead                           Min: 0, Avg:  0.0, Max: 0, Diff: 0, Sum: 0, Workers: 6
[35.642s][debug  ][gc,phases      ] GC(131)     Total                          Min: 0, Avg: 892.3, Max: 1152, Diff: 1152, Sum: 5354, Workers: 6
[35.642s][debug  ][gc,phases      ] GC(131)   ResolvedMethodTable Weak       Min:  0.0, Avg:  0.0, Max:  0.0, Diff:  0.0, Sum:  0.0, Workers: 6
[35.642s][debug  ][gc,phases      ] GC(131)     Dead                           Min: 0, Avg:  0.0, Max: 0, Diff: 0, Sum: 0, Workers: 6
[35.642s][debug  ][gc,phases      ] GC(131)     Total                          Min: 0, Avg: 21.7, Max: 64, Diff: 64, Sum: 130, Workers: 6
[35.642s][debug  ][gc,phases      ] GC(131)   JNI Weak                       Min:  0.0, Avg:  0.0, Max:  0.0, Diff:  0.0, Sum:  0.0, Workers: 6
[35.642s][debug  ][gc,phases      ] GC(131)     Dead                           Min: 0, Avg:  0.0, Max: 0, Diff: 0, Sum: 0, Workers: 6
[35.642s][debug  ][gc,phases      ] GC(131)     Total                          Min: 0, Avg:  0.0, Max: 0, Diff: 0, Sum: 0, Workers: 6
[35.642s][debug  ][gc,phases      ] GC(131)   StringDedup Table Weak         Min:  0.0, Avg:  0.0, Max:  0.0, Diff:  0.0, Sum:  0.0, Workers: 6
[35.642s][debug  ][gc,phases      ] GC(131)     Dead                           Min: 0, Avg:  0.0, Max: 0, Diff: 0, Sum: 0, Workers: 6
[35.642s][debug  ][gc,phases      ] GC(131)     Total                          Min: 0, Avg:  0.0, Max: 0, Diff: 0, Sum: 0, Workers: 6
[35.642s][debug  ][gc,phases      ] GC(131)   StringDedup Requests0 Weak     Min:  0.0, Avg:  0.0, Max:  0.0, Diff:  0.0, Sum:  0.0, Workers: 6
[35.642s][debug  ][gc,phases      ] GC(131)     Dead                           Min: 0, Avg:  0.0, Max: 0, Diff: 0, Sum: 0, Workers: 6
[35.642s][debug  ][gc,phases      ] GC(131)     Total                          Min: 0, Avg:  0.0, Max: 0, Diff: 0, Sum: 0, Workers: 6
[35.642s][debug  ][gc,phases      ] GC(131)   StringDedup Requests1 Weak     Min:  0.0, Avg:  0.0, Max:  0.0, Diff:  0.0, Sum:  0.0, Workers: 6
[35.642s][debug  ][gc,phases      ] GC(131)     Dead                           Min: 0, Avg:  0.0, Max: 0, Diff: 0, Sum: 0, Workers: 6
[35.642s][debug  ][gc,phases      ] GC(131)     Total                          Min: 0, Avg:  0.0, Max: 0, Diff: 0, Sum: 0, Workers: 6
[35.642s][debug  ][gc,phases      ] GC(131)   Weak JFR Old Object Samples    Min:  0.0, Avg:  0.0, Max:  0.0, Diff:  0.0, Sum:  0.0, Workers: 6
[35.642s][debug  ][gc,phases      ] GC(131)     Dead                           Min: 0, Avg:  0.0, Max: 0, Diff: 0, Sum: 0, Workers: 6
[35.642s][debug  ][gc,phases      ] GC(131)     Total                          Min: 0, Avg:  0.0, Max: 0, Diff: 0, Sum: 0, Workers: 6
[35.642s][debug  ][gc,phases      ] GC(131) Weak Processing 0.980ms
[35.642s][debug  ][gc,ergo        ] GC(131) AdaptiveSizeStart:  collection: 132 
[35.642s][debug  ][gc,ergo        ] GC(131) avg_survived_padded_avg: 32540866.000000
[35.642s][debug  ][gc,ergo        ] GC(131) avg_promoted_padded_avg: 241337520.000000  avg_pretenured_padded_avg: 0.000000  tenuring_thresh: 15  target_size: 33030144
[35.642s][debug  ][gc,age         ] GC(131) Desired survivor size 33030144 bytes, new threshold 15 (max threshold 15)
[35.643s][debug  ][gc,ergo        ] GC(131) PSAdaptiveSizePolicy::compute_eden_space_size limits: desired_eden_size: 220493765 old_eden_size: 202375168 eden_limit: 202375168 cur_eden: 202375168 max_eden_size: 202375168 avg_young_live: 26686936
[35.643s][debug  ][gc,ergo        ] GC(131) PSAdaptiveSizePolicy::compute_eden_space_size: costs minor_time: 0.043399 major_cost: 0.054555 mutator_cost: 0.902046 throughput_goal: 0.990000
[35.643s][debug  ][gc,ergo        ] GC(131) Live_space: 1057204224 free_space: 1429209088
[35.643s][debug  ][gc,ergo        ] GC(131) Old eden_size: 202375168 desired_eden_size: 202375168
[35.643s][debug  ][gc,ergo        ] GC(131) AdaptiveSizeStop: collection: 132 
[35.643s][info   ][gc,heap        ] GC(131) PSYoungGen: 218857K(229888K)->30720K(229888K) Eden: 188137K(197632K)->0K(197632K) From: 30720K(32256K)->30720K(32256K)
[35.643s][info   ][gc,heap        ] GC(131) ParOldGen: 841316K(1835008K)->1025636K(1835008K)
[35.643s][info   ][gc,metaspace   ] GC(131) Metaspace: 1022K(1216K)->1022K(1216K) NonClass: 939K(1024K)->939K(1024K) Class: 83K(192K)->83K(192K)
[35.643s][info   ][gc             ] GC(131) Pause Young (Allocation Failure) 1035M->1031M(2016M) 16.910ms
[35.643s][info   ][gc,cpu         ] GC(131) User=0.14s Sys=0.02s Real=0.02s
[35.643s][debug  ][gc,heap        ] GC(131) Heap after GC invocations=132 (full 21):
[35.643s][debug  ][gc,heap        ] GC(131)  PSYoungGen      total 229888K, used 30720K [0x00000000f0000000, 0x0000000100000000, 0x0000000100000000)
[35.643s][debug  ][gc,heap        ] GC(131)   eden space 197632K, 0% used [0x00000000f0000000,0x00000000f0000000,0x00000000fc100000)
[35.643s][debug  ][gc,heap        ] GC(131)   from space 32256K, 95% used [0x00000000fe080000,0x00000000ffe80030,0x0000000100000000)
[35.643s][debug  ][gc,heap        ] GC(131)   to   space 32256K, 0% used [0x00000000fc100000,0x00000000fc100000,0x00000000fe080000)
[35.643s][debug  ][gc,heap        ] GC(131)  ParOldGen       total 1835008K, used 1025636K [0x0000000080000000, 0x00000000f0000000, 0x00000000f0000000)
[35.643s][debug  ][gc,heap        ] GC(131)   object space 1835008K, 55% used [0x0000000080000000,0x00000000be999218,0x00000000f0000000)
[35.643s][debug  ][gc,heap        ] GC(131)  Metaspace       used 1022K, committed 1216K, reserved 1056768K
[35.643s][debug  ][gc,heap        ] GC(131)   class space    used 83K, committed 192K, reserved 1048576K
[35.643s][debug  ][gc,task,time   ] GC(131) VM-Thread 356254462 356404862 356430409
[35.924s][debug  ][gc,heap        ] GC(132) Heap before GC invocations=133 (full 21):
[35.924s][debug  ][gc,heap        ] GC(132)  PSYoungGen      total 229888K, used 218877K [0x00000000f0000000, 0x0000000100000000, 0x0000000100000000)
[35.924s][debug  ][gc,heap        ] GC(132)   eden space 197632K, 95% used [0x00000000f0000000,0x00000000fb7bf3d0,0x00000000fc100000)
[35.924s][debug  ][gc,heap        ] GC(132)   from space 32256K, 95% used [0x00000000fe080000,0x00000000ffe80030,0x0000000100000000)
[35.924s][debug  ][gc,heap        ] GC(132)   to   space 32256K, 0% used [0x00000000fc100000,0x00000000fc100000,0x00000000fe080000)
[35.924s][debug  ][gc,heap        ] GC(132)  ParOldGen       total 1835008K, used 1025636K [0x0000000080000000, 0x00000000f0000000, 0x00000000f0000000)
[35.924s][debug  ][gc,heap        ] GC(132)   object space 1835008K, 55% used [0x0000000080000000,0x00000000be999218,0x00000000f0000000)
[35.924s][debug  ][gc,heap        ] GC(132)  Metaspace       used 1022K, committed 1216K, reserved 1056768K
[35.924s][debug  ][gc,heap        ] GC(132)   class space    used 83K, committed 192K, reserved 1048576K
[35.924s][debug  ][gc,tlab        ] GC(132) TLAB totals: thrds: 1  refills: 1 max: 1 slow allocs: 17 max 17 waste: 27.3% gc: 3928752B max: 3928752B slow: 0B max: 0B
[35.924s][info   ][gc,start       ] GC(132) Pause Young (Allocation Failure)
[35.924s][debug  ][gc,phases,start] GC(132) Scavenge
[35.939s][debug  ][gc,phases      ] GC(132) Scavenge 15.240ms
[35.939s][debug  ][gc,phases,start] GC(132) Reference Processing
[35.939s][debug  ][gc,ref         ] GC(132) Skipped phase 1 of Reference Processing: no references
[35.939s][debug  ][gc,ref         ] GC(132) Skipped phase 2 of Reference Processing: no references
[35.939s][debug  ][gc,ref         ] GC(132) Skipped phase 3 of Reference Processing: no references
[35.939s][debug  ][gc,ref         ] GC(132) Skipped phase 4 of Reference Processing: no references
[35.939s][debug  ][gc,phases,ref  ] GC(132) Reference Processing: 0.1ms
[35.940s][debug  ][gc,phases,ref  ] GC(132)   Reconsider SoftReferences: 0.0ms
[35.940s][debug  ][gc,phases,ref  ] GC(132)     SoftRef (ms):                  skipped
[35.940s][debug  ][gc,phases,ref  ] GC(132)   Notify Soft/WeakReferences: 0.0ms
[35.940s][debug  ][gc,phases,ref  ] GC(132)     SoftRef (ms):                  skipped
[35.940s][debug  ][gc,phases,ref  ] GC(132)     WeakRef (ms):                  skipped
[35.940s][debug  ][gc,phases,ref  ] GC(132)     FinalRef (ms):                 skipped
[35.940s][debug  ][gc,phases,ref  ] GC(132)     Total (ms):                    skipped
[35.940s][debug  ][gc,phases,ref  ] GC(132)   Notify and keep alive finalizable: 0.0ms
[35.940s][debug  ][gc,phases,ref  ] GC(132)     FinalRef (ms):                 skipped
[35.940s][debug  ][gc,phases,ref  ] GC(132)   Notify PhantomReferences: 0.0ms
[35.940s][debug  ][gc,phases,ref  ] GC(132)     PhantomRef (ms):               skipped
[35.940s][debug  ][gc,phases,ref  ] GC(132)   SoftReference:
[35.940s][debug  ][gc,phases,ref  ] GC(132)     Discovered: 0
[35.940s][debug  ][gc,phases,ref  ] GC(132)     Cleared: 0
[35.940s][debug  ][gc,phases,ref  ] GC(132)   WeakReference:
[35.940s][debug  ][gc,phases,ref  ] GC(132)     Discovered: 0
[35.940s][debug  ][gc,phases,ref  ] GC(132)     Cleared: 0
[35.940s][debug  ][gc,phases,ref  ] GC(132)   FinalReference:
[35.940s][debug  ][gc,phases,ref  ] GC(132)     Discovered: 0
[35.940s][debug  ][gc,phases,ref  ] GC(132)     Cleared: 0
[35.940s][debug  ][gc,phases,ref  ] GC(132)   PhantomReference:
[35.940s][debug  ][gc,phases,ref  ] GC(132)     Discovered: 0
[35.940s][debug  ][gc,phases,ref  ] GC(132)     Cleared: 0
[35.940s][debug  ][gc,phases      ] GC(132) Reference Processing 0.840ms
[35.940s][debug  ][gc,phases,start] GC(132) Weak Processing
[35.940s][debug  ][gc,phases      ] GC(132)   VM Weak                        Min:  0.0, Avg:  0.0, Max:  0.0, Diff:  0.0, Sum:  0.0, Workers: 6
[35.940s][debug  ][gc,phases      ] GC(132)     Dead                           Min: 0, Avg:  0.0, Max: 0, Diff: 0, Sum: 0, Workers: 6
[35.940s][debug  ][gc,phases      ] GC(132)     Total                          Min: 0, Avg:  1.3, Max: 8, Diff: 8, Sum: 8, Workers: 6
[35.940s][debug  ][gc,phases      ] GC(132)   ObjectSynchronizer Weak        Min:  0.0, Avg:  0.0, Max:  0.0, Diff:  0.0, Sum:  0.0, Workers: 6
[35.940s][debug  ][gc,phases      ] GC(132)     Dead                           Min: 0, Avg:  0.0, Max: 0, Diff: 0, Sum: 0, Workers: 6
[35.940s][debug  ][gc,phases      ] GC(132)     Total                          Min: 0, Avg:  0.5, Max: 3, Diff: 3, Sum: 3, Workers: 6
[35.940s][debug  ][gc,phases      ] GC(132)   JVMTI Tag Weak OopStorage      Min:  0.0, Avg:  0.0, Max:  0.0, Diff:  0.0, Sum:  0.0, Workers: 6
[35.940s][debug  ][gc,phases      ] GC(132)     Dead                           Min: 0, Avg:  0.0, Max: 0, Diff: 0, Sum: 0, Workers: 6
[35.940s][debug  ][gc,phases      ] GC(132)     Total                          Min: 0, Avg:  0.0, Max: 0, Diff: 0, Sum: 0, Workers: 6
[35.941s][debug  ][gc,phases      ] GC(132)   StringTable Weak               Min:  0.0, Avg:  0.0, Max:  0.0, Diff:  0.0, Sum:  0.0, Workers: 6
[35.941s][debug  ][gc,phases      ] GC(132)     Dead                           Min: 0, Avg:  0.0, Max: 0, Diff: 0, Sum: 0, Workers: 6
[35.941s][debug  ][gc,phases      ] GC(132)     Total                          Min: 811, Avg: 892.3, Max: 1024, Diff: 213, Sum: 5354, Workers: 6
[35.941s][debug  ][gc,phases      ] GC(132)   ResolvedMethodTable Weak       Min:  0.0, Avg:  0.0, Max:  0.0, Diff:  0.0, Sum:  0.0, Workers: 6
[35.941s][debug  ][gc,phases      ] GC(132)     Dead                           Min: 0, Avg:  0.0, Max: 0, Diff: 0, Sum: 0, Workers: 6
[35.941s][debug  ][gc,phases      ] GC(132)     Total                          Min: 0, Avg: 21.7, Max: 64, Diff: 64, Sum: 130, Workers: 6
[35.941s][debug  ][gc,phases      ] GC(132)   JNI Weak                       Min:  0.0, Avg:  0.0, Max:  0.0, Diff:  0.0, Sum:  0.0, Workers: 6
[35.941s][debug  ][gc,phases      ] GC(132)     Dead                           Min: 0, Avg:  0.0, Max: 0, Diff: 0, Sum: 0, Workers: 6
[35.941s][debug  ][gc,phases      ] GC(132)     Total                          Min: 0, Avg:  0.0, Max: 0, Diff: 0, Sum: 0, Workers: 6
[35.941s][debug  ][gc,phases      ] GC(132)   StringDedup Table Weak         Min:  0.0, Avg:  0.0, Max:  0.0, Diff:  0.0, Sum:  0.0, Workers: 6
[35.941s][debug  ][gc,phases      ] GC(132)     Dead                           Min: 0, Avg:  0.0, Max: 0, Diff: 0, Sum: 0, Workers: 6
[35.941s][debug  ][gc,phases      ] GC(132)     Total                          Min: 0, Avg:  0.0, Max: 0, Diff: 0, Sum: 0, Workers: 6
[35.941s][debug  ][gc,phases      ] GC(132)   StringDedup Requests0 Weak     Min:  0.0, Avg:  0.0, Max:  0.0, Diff:  0.0, Sum:  0.0, Workers: 6
[35.941s][debug  ][gc,phases      ] GC(132)     Dead                           Min: 0, Avg:  0.0, Max: 0, Diff: 0, Sum: 0, Workers: 6
[35.941s][debug  ][gc,phases      ] GC(132)     Total                          Min: 0, Avg:  0.0, Max: 0, Diff: 0, Sum: 0, Workers: 6
[35.941s][debug  ][gc,phases      ] GC(132)   StringDedup Requests1 Weak     Min:  0.0, Avg:  0.0, Max:  0.0, Diff:  0.0, Sum:  0.0, Workers: 6
[35.941s][debug  ][gc,phases      ] GC(132)     Dead                           Min: 0, Avg:  0.0, Max: 0, Diff: 0, Sum: 0, Workers: 6
[35.941s][debug  ][gc,phases      ] GC(132)     Total                          Min: 0, Avg:  0.0, Max: 0, Diff: 0, Sum: 0, Workers: 6
[35.941s][debug  ][gc,phases      ] GC(132)   Weak JFR Old Object Samples    Min:  0.0, Avg:  0.0, Max:  0.0, Diff:  0.0, Sum:  0.0, Workers: 6
[35.941s][debug  ][gc,phases      ] GC(132)     Dead                           Min: 0, Avg:  0.0, Max: 0, Diff: 0, Sum: 0, Workers: 6
[35.941s][debug  ][gc,phases      ] GC(132)     Total                          Min: 0, Avg:  0.0, Max: 0, Diff: 0, Sum: 0, Workers: 6
[35.941s][debug  ][gc,phases      ] GC(132) Weak Processing 1.185ms
[35.941s][debug  ][gc,ergo        ] GC(132) AdaptiveSizeStart:  collection: 133 
[35.941s][debug  ][gc,ergo        ] GC(132) avg_survived_padded_avg: 32455992.000000
[35.941s][debug  ][gc,ergo        ] GC(132) avg_promoted_padded_avg: 245837744.000000  avg_pretenured_padded_avg: 0.000000  tenuring_thresh: 15  target_size: 32505856
[35.942s][debug  ][gc,age         ] GC(132) Desired survivor size 32505856 bytes, new threshold 15 (max threshold 15)
[35.942s][debug  ][gc,ergo        ] GC(132) PSAdaptiveSizePolicy::compute_eden_space_size limits: desired_eden_size: 221323153 old_eden_size: 202375168 eden_limit: 202375168 cur_eden: 202375168 max_eden_size: 202375168 avg_young_live: 27163974
[35.942s][debug  ][gc,ergo        ] GC(132) PSAdaptiveSizePolicy::compute_eden_space_size: costs minor_time: 0.047101 major_cost: 0.054555 mutator_cost: 0.898344 throughput_goal: 0.990000
[35.942s][debug  ][gc,ergo        ] GC(132) Live_space: 1057681280 free_space: 1429209088
[35.942s][debug  ][gc,ergo        ] GC(132) Old eden_size: 202375168 desired_eden_size: 202375168
[35.942s][debug  ][gc,ergo        ] GC(132) AdaptiveSizeStop: collection: 133 
[35.942s][info   ][gc,heap        ] GC(132) PSYoungGen: 218877K(229888K)->30720K(229888K) Eden: 188156K(197632K)->0K(197632K) From: 30720K(32256K)->30720K(32256K)
[35.942s][info   ][gc,heap        ] GC(132) ParOldGen: 1025636K(1835008K)->1209956K(1835008K)
[35.942s][info   ][gc,metaspace   ] GC(132) Metaspace: 1022K(1216K)->1022K(1216K) NonClass: 939K(1024K)->939K(1024K) Class: 83K(192K)->83K(192K)
[35.942s][info   ][gc             ] GC(132) Pause Young (Allocation Failure) 1215M->1211M(2016M) 17.797ms
[35.942s][info   ][gc,cpu         ] GC(132) User=0.02s Sys=0.00s Real=0.02s
[35.942s][debug  ][gc,heap        ] GC(132) Heap after GC invocations=133 (full 21):
[35.942s][debug  ][gc,heap        ] GC(132)  PSYoungGen      total 229888K, used 30720K [0x00000000f0000000, 0x0000000100000000, 0x0000000100000000)
[35.942s][debug  ][gc,heap        ] GC(132)   eden space 197632K, 0% used [0x00000000f0000000,0x00000000f0000000,0x00000000fc100000)
[35.942s][debug  ][gc,heap        ] GC(132)   from space 32256K, 95% used [0x00000000fc100000,0x00000000fdf00030,0x00000000fe080000)
[35.942s][debug  ][gc,heap        ] GC(132)   to   space 31744K, 0% used [0x00000000fe100000,0x00000000fe100000,0x0000000100000000)
[35.942s][debug  ][gc,heap        ] GC(132)  ParOldGen       total 1835008K, used 1209956K [0x0000000080000000, 0x00000000f0000000, 0x00000000f0000000)
[35.942s][debug  ][gc,heap        ] GC(132)   object space 1835008K, 65% used [0x0000000080000000,0x00000000c9d99338,0x00000000f0000000)
[35.942s][debug  ][gc,heap        ] GC(132)  Metaspace       used 1022K, committed 1216K, reserved 1056768K
[35.942s][debug  ][gc,heap        ] GC(132)   class space    used 83K, committed 192K, reserved 1048576K
[35.942s][debug  ][gc,task,time   ] GC(132) VM-Thread 359236090 359393205 359420617
[36.219s][debug  ][gc,heap        ] GC(133) Heap before GC invocations=134 (full 21):
[36.219s][debug  ][gc,heap        ] GC(133)  PSYoungGen      total 229888K, used 218889K [0x00000000f0000000, 0x0000000100000000, 0x0000000100000000)
[36.219s][debug  ][gc,heap        ] GC(133)   eden space 197632K, 95% used [0x00000000f0000000,0x00000000fb7c2550,0x00000000fc100000)
[36.219s][debug  ][gc,heap        ] GC(133)   from space 32256K, 95% used [0x00000000fc100000,0x00000000fdf00030,0x00000000fe080000)
[36.219s][debug  ][gc,heap        ] GC(133)   to   space 31744K, 0% used [0x00000000fe100000,0x00000000fe100000,0x0000000100000000)
[36.219s][debug  ][gc,heap        ] GC(133)  ParOldGen       total 1835008K, used 1209956K [0x0000000080000000, 0x00000000f0000000, 0x00000000f0000000)
[36.219s][debug  ][gc,heap        ] GC(133)   object space 1835008K, 65% used [0x0000000080000000,0x00000000c9d99338,0x00000000f0000000)
[36.219s][debug  ][gc,heap        ] GC(133)  Metaspace       used 1022K, committed 1216K, reserved 1056768K
[36.219s][debug  ][gc,heap        ] GC(133)   class space    used 83K, committed 192K, reserved 1048576K
[36.219s][debug  ][gc,tlab        ] GC(133) TLAB totals: thrds: 1  refills: 1 max: 1 slow allocs: 17 max 17 waste: 27.3% gc: 3941424B max: 3941424B slow: 0B max: 0B
[36.219s][info   ][gc,start       ] GC(133) Pause Young (Allocation Failure)
[36.219s][debug  ][gc,phases,start] GC(133) Scavenge
[36.234s][debug  ][gc,phases      ] GC(133) Scavenge 14.980ms
[36.234s][debug  ][gc,phases,start] GC(133) Reference Processing
[36.235s][debug  ][gc,ref         ] GC(133) Skipped phase 1 of Reference Processing: no references
[36.235s][debug  ][gc,ref         ] GC(133) Skipped phase 2 of Reference Processing: no references
[36.235s][debug  ][gc,ref         ] GC(133) Skipped phase 3 of Reference Processing: no references
[36.235s][debug  ][gc,ref         ] GC(133) Skipped phase 4 of Reference Processing: no references
[36.235s][debug  ][gc,phases,ref  ] GC(133) Reference Processing: 0.1ms
[36.235s][debug  ][gc,phases,ref  ] GC(133)   Reconsider SoftReferences: 0.0ms
[36.235s][debug  ][gc,phases,ref  ] GC(133)     SoftRef (ms):                  skipped
[36.235s][debug  ][gc,phases,ref  ] GC(133)   Notify Soft/WeakReferences: 0.0ms
[36.235s][debug  ][gc,phases,ref  ] GC(133)     SoftRef (ms):                  skipped
[36.235s][debug  ][gc,phases,ref  ] GC(133)     WeakRef (ms):                  skipped
[36.235s][debug  ][gc,phases,ref  ] GC(133)     FinalRef (ms):                 skipped
[36.235s][debug  ][gc,phases,ref  ] GC(133)     Total (ms):                    skipped
[36.235s][debug  ][gc,phases,ref  ] GC(133)   Notify and keep alive finalizable: 0.0ms
[36.235s][debug  ][gc,phases,ref  ] GC(133)     FinalRef (ms):                 skipped
[36.235s][debug  ][gc,phases,ref  ] GC(133)   Notify PhantomReferences: 0.0ms
[36.235s][debug  ][gc,phases,ref  ] GC(133)     PhantomRef (ms):               skipped
[36.235s][debug  ][gc,phases,ref  ] GC(133)   SoftReference:
[36.235s][debug  ][gc,phases,ref  ] GC(133)     Discovered: 0
[36.235s][debug  ][gc,phases,ref  ] GC(133)     Cleared: 0
[36.235s][debug  ][gc,phases,ref  ] GC(133)   WeakReference:
[36.235s][debug  ][gc,phases,ref  ] GC(133)     Discovered: 0
[36.235s][debug  ][gc,phases,ref  ] GC(133)     Cleared: 0
[36.235s][debug  ][gc,phases,ref  ] GC(133)   FinalReference:
[36.235s][debug  ][gc,phases,ref  ] GC(133)     Discovered: 0
[36.235s][debug  ][gc,phases,ref  ] GC(133)     Cleared: 0
[36.235s][debug  ][gc,phases,ref  ] GC(133)   PhantomReference:
[36.235s][debug  ][gc,phases,ref  ] GC(133)     Discovered: 0
[36.235s][debug  ][gc,phases,ref  ] GC(133)     Cleared: 0
[36.235s][debug  ][gc,phases      ] GC(133) Reference Processing 0.815ms
[36.235s][debug  ][gc,phases,start] GC(133) Weak Processing
[36.235s][debug  ][gc,phases      ] GC(133)   VM Weak                        Min:  0.0, Avg:  0.0, Max:  0.0, Diff:  0.0, Sum:  0.0, Workers: 6
[36.235s][debug  ][gc,phases      ] GC(133)     Dead                           Min: 0, Avg:  0.0, Max: 0, Diff: 0, Sum: 0, Workers: 6
[36.235s][debug  ][gc,phases      ] GC(133)     Total                          Min: 0, Avg:  1.3, Max: 8, Diff: 8, Sum: 8, Workers: 6
[36.236s][debug  ][gc,phases      ] GC(133)   ObjectSynchronizer Weak        Min:  0.0, Avg:  0.0, Max:  0.0, Diff:  0.0, Sum:  0.0, Workers: 6
[36.236s][debug  ][gc,phases      ] GC(133)     Dead                           Min: 0, Avg:  0.0, Max: 0, Diff: 0, Sum: 0, Workers: 6
[36.236s][debug  ][gc,phases      ] GC(133)     Total                          Min: 0, Avg:  0.5, Max: 3, Diff: 3, Sum: 3, Workers: 6
[36.236s][debug  ][gc,phases      ] GC(133)   JVMTI Tag Weak OopStorage      Min:  0.0, Avg:  0.0, Max:  0.0, Diff:  0.0, Sum:  0.0, Workers: 6
[36.236s][debug  ][gc,phases      ] GC(133)     Dead                           Min: 0, Avg:  0.0, Max: 0, Diff: 0, Sum: 0, Workers: 6
[36.236s][debug  ][gc,phases      ] GC(133)     Total                          Min: 0, Avg:  0.0, Max: 0, Diff: 0, Sum: 0, Workers: 6
[36.236s][debug  ][gc,phases      ] GC(133)   StringTable Weak               Min:  0.0, Avg:  0.0, Max:  0.0, Diff:  0.0, Sum:  0.0, Workers: 6
[36.236s][debug  ][gc,phases      ] GC(133)     Dead                           Min: 0, Avg:  0.0, Max: 0, Diff: 0, Sum: 0, Workers: 6
[36.236s][debug  ][gc,phases      ] GC(133)     Total                          Min: 0, Avg: 892.3, Max: 1344, Diff: 1344, Sum: 5354, Workers: 6
[36.236s][debug  ][gc,phases      ] GC(133)   ResolvedMethodTable Weak       Min:  0.0, Avg:  0.0, Max:  0.0, Diff:  0.0, Sum:  0.0, Workers: 6
[36.236s][debug  ][gc,phases      ] GC(133)     Dead                           Min: 0, Avg:  0.0, Max: 0, Diff: 0, Sum: 0, Workers: 6
[36.236s][debug  ][gc,phases      ] GC(133)     Total                          Min: 0, Avg: 21.7, Max: 64, Diff: 64, Sum: 130, Workers: 6
[36.236s][debug  ][gc,phases      ] GC(133)   JNI Weak                       Min:  0.0, Avg:  0.0, Max:  0.0, Diff:  0.0, Sum:  0.0, Workers: 6
[36.236s][debug  ][gc,phases      ] GC(133)     Dead                           Min: 0, Avg:  0.0, Max: 0, Diff: 0, Sum: 0, Workers: 6
[36.236s][debug  ][gc,phases      ] GC(133)     Total                          Min: 0, Avg:  0.0, Max: 0, Diff: 0, Sum: 0, Workers: 6
[36.236s][debug  ][gc,phases      ] GC(133)   StringDedup Table Weak         Min:  0.0, Avg:  0.0, Max:  0.0, Diff:  0.0, Sum:  0.0, Workers: 6
[36.236s][debug  ][gc,phases      ] GC(133)     Dead                           Min: 0, Avg:  0.0, Max: 0, Diff: 0, Sum: 0, Workers: 6
[36.236s][debug  ][gc,phases      ] GC(133)     Total                          Min: 0, Avg:  0.0, Max: 0, Diff: 0, Sum: 0, Workers: 6
[36.236s][debug  ][gc,phases      ] GC(133)   StringDedup Requests0 Weak     Min:  0.0, Avg:  0.0, Max:  0.0, Diff:  0.0, Sum:  0.0, Workers: 6
[36.236s][debug  ][gc,phases      ] GC(133)     Dead                           Min: 0, Avg:  0.0, Max: 0, Diff: 0, Sum: 0, Workers: 6
[36.236s][debug  ][gc,phases      ] GC(133)     Total                          Min: 0, Avg:  0.0, Max: 0, Diff: 0, Sum: 0, Workers: 6
[36.236s][debug  ][gc,phases      ] GC(133)   StringDedup Requests1 Weak     Min:  0.0, Avg:  0.0, Max:  0.0, Diff:  0.0, Sum:  0.0, Workers: 6
[36.236s][debug  ][gc,phases      ] GC(133)     Dead                           Min: 0, Avg:  0.0, Max: 0, Diff: 0, Sum: 0, Workers: 6
[36.236s][debug  ][gc,phases      ] GC(133)     Total                          Min: 0, Avg:  0.0, Max: 0, Diff: 0, Sum: 0, Workers: 6
[36.236s][debug  ][gc,phases      ] GC(133)   Weak JFR Old Object Samples    Min:  0.0, Avg:  0.0, Max:  0.0, Diff:  0.0, Sum:  0.0, Workers: 6
[36.236s][debug  ][gc,phases      ] GC(133)     Dead                           Min: 0, Avg:  0.0, Max: 0, Diff: 0, Sum: 0, Workers: 6
[36.236s][debug  ][gc,phases      ] GC(133)     Total                          Min: 0, Avg:  0.0, Max: 0, Diff: 0, Sum: 0, Workers: 6
[36.236s][debug  ][gc,phases      ] GC(133) Weak Processing 0.971ms
[36.236s][debug  ][gc,ergo        ] GC(133) AdaptiveSizeStart:  collection: 134 
[36.236s][debug  ][gc,ergo        ] GC(133) avg_survived_padded_avg: 32377258.000000
[36.236s][debug  ][gc,ergo        ] GC(133) avg_promoted_padded_avg: 248911984.000000  avg_pretenured_padded_avg: 0.000000  tenuring_thresh: 15  target_size: 32505856
[36.236s][debug  ][gc,age         ] GC(133) Desired survivor size 32505856 bytes, new threshold 15 (max threshold 15)
[36.236s][debug  ][gc,ergo        ] GC(133) PSAdaptiveSizePolicy::compute_eden_space_size limits: desired_eden_size: 221859197 old_eden_size: 202375168 eden_limit: 202899456 cur_eden: 202375168 max_eden_size: 202899456 avg_young_live: 27593310
[36.236s][debug  ][gc,ergo        ] GC(133) PSAdaptiveSizePolicy::compute_eden_space_size: costs minor_time: 0.049646 major_cost: 0.054555 mutator_cost: 0.895799 throughput_goal: 0.990000
[36.237s][debug  ][gc,ergo        ] GC(133) Live_space: 1058110592 free_space: 1429209088
[36.237s][debug  ][gc,ergo        ] GC(133) Old eden_size: 202375168 desired_eden_size: 202899456
[36.237s][debug  ][gc,ergo        ] GC(133) AdaptiveSizeStop: collection: 134 
[36.237s][info   ][gc,heap        ] GC(133) PSYoungGen: 218889K(229888K)->30720K(230400K) Eden: 188169K(197632K)->0K(198656K) From: 30720K(32256K)->30720K(31744K)
[36.237s][info   ][gc,heap        ] GC(133) ParOldGen: 1209956K(1835008K)->1394277K(1835008K)
[36.237s][info   ][gc,metaspace   ] GC(133) Metaspace: 1022K(1216K)->1022K(1216K) NonClass: 939K(1024K)->939K(1024K) Class: 83K(192K)->83K(192K)
[36.237s][info   ][gc             ] GC(133) Pause Young (Allocation Failure) 1395M->1391M(2017M) 17.324ms
[36.237s][info   ][gc,cpu         ] GC(133) User=0.11s Sys=0.00s Real=0.02s
[36.237s][debug  ][gc,heap        ] GC(133) Heap after GC invocations=134 (full 21):
[36.237s][debug  ][gc,heap        ] GC(133)  PSYoungGen      total 230400K, used 30720K [0x00000000f0000000, 0x0000000100000000, 0x0000000100000000)
[36.237s][debug  ][gc,heap        ] GC(133)   eden space 198656K, 0% used [0x00000000f0000000,0x00000000f0000000,0x00000000fc200000)
[36.237s][debug  ][gc,heap        ] GC(133)   from space 31744K, 96% used [0x00000000fe100000,0x00000000fff00030,0x0000000100000000)
[36.237s][debug  ][gc,heap        ] GC(133)   to   space 31744K, 0% used [0x00000000fc200000,0x00000000fc200000,0x00000000fe100000)
[36.237s][debug  ][gc,heap        ] GC(133)  ParOldGen       total 1835008K, used 1394277K [0x0000000080000000, 0x00000000f0000000, 0x00000000f0000000)
[36.237s][debug  ][gc,heap        ] GC(133)   object space 1835008K, 75% used [0x0000000080000000,0x00000000d5199458,0x00000000f0000000)
[36.237s][debug  ][gc,heap        ] GC(133)  Metaspace       used 1022K, committed 1216K, reserved 1056768K
[36.237s][debug  ][gc,heap        ] GC(133)   class space    used 83K, committed 192K, reserved 1048576K
[36.237s][debug  ][gc,task,time   ] GC(133) VM-Thread 362190155 362344773 362370439
[36.550s][debug  ][gc,heap        ] GC(134) Heap before GC invocations=135 (full 21):
[36.550s][debug  ][gc,heap        ] GC(134)  PSYoungGen      total 230400K, used 229157K [0x00000000f0000000, 0x0000000100000000, 0x0000000100000000)
[36.550s][debug  ][gc,heap        ] GC(134)   eden space 198656K, 99% used [0x00000000f0000000,0x00000000fc1c9528,0x00000000fc200000)
[36.550s][debug  ][gc,heap        ] GC(134)   from space 31744K, 96% used [0x00000000fe100000,0x00000000fff00030,0x0000000100000000)
[36.550s][debug  ][gc,heap        ] GC(134)   to   space 31744K, 0% used [0x00000000fc200000,0x00000000fc200000,0x00000000fe100000)
[36.550s][debug  ][gc,heap        ] GC(134)  ParOldGen       total 1835008K, used 1394277K [0x0000000080000000, 0x00000000f0000000, 0x00000000f0000000)
[36.550s][debug  ][gc,heap        ] GC(134)   object space 1835008K, 75% used [0x0000000080000000,0x00000000d5199458,0x00000000f0000000)
[36.550s][debug  ][gc,heap        ] GC(134)  Metaspace       used 1022K, committed 1216K, reserved 1056768K
[36.550s][debug  ][gc,heap        ] GC(134)   class space    used 83K, committed 192K, reserved 1048576K
[36.550s][debug  ][gc,tlab        ] GC(134) TLAB totals: thrds: 1  refills: 1 max: 1 slow allocs: 18 max 18 waste: 27.5% gc: 3970040B max: 3970040B slow: 0B max: 0B
[36.550s][info   ][gc,start       ] GC(134) Pause Young (Allocation Failure)
[36.550s][debug  ][gc,phases,start] GC(134) Scavenge
[36.567s][debug  ][gc,phases      ] GC(134) Scavenge 17.137ms
[36.567s][debug  ][gc,phases,start] GC(134) Reference Processing
[36.567s][debug  ][gc,ref         ] GC(134) Skipped phase 1 of Reference Processing: no references
[36.568s][debug  ][gc,ref         ] GC(134) Skipped phase 2 of Reference Processing: no references
[36.568s][debug  ][gc,ref         ] GC(134) Skipped phase 3 of Reference Processing: no references
[36.568s][debug  ][gc,ref         ] GC(134) Skipped phase 4 of Reference Processing: no references
[36.568s][debug  ][gc,phases,ref  ] GC(134) Reference Processing: 0.2ms
[36.568s][debug  ][gc,phases,ref  ] GC(134)   Reconsider SoftReferences: 0.1ms
[36.568s][debug  ][gc,phases,ref  ] GC(134)     SoftRef (ms):                  skipped
[36.568s][debug  ][gc,phases,ref  ] GC(134)   Notify Soft/WeakReferences: 0.0ms
[36.568s][debug  ][gc,phases,ref  ] GC(134)     SoftRef (ms):                  skipped
[36.568s][debug  ][gc,phases,ref  ] GC(134)     WeakRef (ms):                  skipped
[36.568s][debug  ][gc,phases,ref  ] GC(134)     FinalRef (ms):                 skipped
[36.568s][debug  ][gc,phases,ref  ] GC(134)     Total (ms):                    skipped
[36.568s][debug  ][gc,phases,ref  ] GC(134)   Notify and keep alive finalizable: 0.0ms
[36.568s][debug  ][gc,phases,ref  ] GC(134)     FinalRef (ms):                 skipped
[36.568s][debug  ][gc,phases,ref  ] GC(134)   Notify PhantomReferences: 0.0ms
[36.568s][debug  ][gc,phases,ref  ] GC(134)     PhantomRef (ms):               skipped
[36.568s][debug  ][gc,phases,ref  ] GC(134)   SoftReference:
[36.568s][debug  ][gc,phases,ref  ] GC(134)     Discovered: 0
[36.568s][debug  ][gc,phases,ref  ] GC(134)     Cleared: 0
[36.568s][debug  ][gc,phases,ref  ] GC(134)   WeakReference:
[36.568s][debug  ][gc,phases,ref  ] GC(134)     Discovered: 0
[36.568s][debug  ][gc,phases,ref  ] GC(134)     Cleared: 0
[36.568s][debug  ][gc,phases,ref  ] GC(134)   FinalReference:
[36.568s][debug  ][gc,phases,ref  ] GC(134)     Discovered: 0
[36.568s][debug  ][gc,phases,ref  ] GC(134)     Cleared: 0
[36.568s][debug  ][gc,phases,ref  ] GC(134)   PhantomReference:
[36.568s][debug  ][gc,phases,ref  ] GC(134)     Discovered: 0
[36.568s][debug  ][gc,phases,ref  ] GC(134)     Cleared: 0
[36.568s][debug  ][gc,phases      ] GC(134) Reference Processing 0.948ms
[36.568s][debug  ][gc,phases,start] GC(134) Weak Processing
[36.568s][debug  ][gc,phases      ] GC(134)   VM Weak                        Min:  0.0, Avg:  0.0, Max:  0.0, Diff:  0.0, Sum:  0.0, Workers: 6
[36.568s][debug  ][gc,phases      ] GC(134)     Dead                           Min: 0, Avg:  0.0, Max: 0, Diff: 0, Sum: 0, Workers: 6
[36.568s][debug  ][gc,phases      ] GC(134)     Total                          Min: 0, Avg:  1.3, Max: 8, Diff: 8, Sum: 8, Workers: 6
[36.568s][debug  ][gc,phases      ] GC(134)   ObjectSynchronizer Weak        Min:  0.0, Avg:  0.0, Max:  0.0, Diff:  0.0, Sum:  0.0, Workers: 6
[36.569s][debug  ][gc,phases      ] GC(134)     Dead                           Min: 0, Avg:  0.0, Max: 0, Diff: 0, Sum: 0, Workers: 6
[36.569s][debug  ][gc,phases      ] GC(134)     Total                          Min: 0, Avg:  0.5, Max: 3, Diff: 3, Sum: 3, Workers: 6
[36.569s][debug  ][gc,phases      ] GC(134)   JVMTI Tag Weak OopStorage      Min:  0.0, Avg:  0.0, Max:  0.0, Diff:  0.0, Sum:  0.0, Workers: 6
[36.569s][debug  ][gc,phases      ] GC(134)     Dead                           Min: 0, Avg:  0.0, Max: 0, Diff: 0, Sum: 0, Workers: 6
[36.569s][debug  ][gc,phases      ] GC(134)     Total                          Min: 0, Avg:  0.0, Max: 0, Diff: 0, Sum: 0, Workers: 6
[36.569s][debug  ][gc,phases      ] GC(134)   StringTable Weak               Min:  0.0, Avg:  0.0, Max:  0.0, Diff:  0.0, Sum:  0.1, Workers: 6
[36.569s][debug  ][gc,phases      ] GC(134)     Dead                           Min: 0, Avg:  0.0, Max: 0, Diff: 0, Sum: 0, Workers: 6
[36.569s][debug  ][gc,phases      ] GC(134)     Total                          Min: 0, Avg: 892.3, Max: 1088, Diff: 1088, Sum: 5354, Workers: 6
[36.569s][debug  ][gc,phases      ] GC(134)   ResolvedMethodTable Weak       Min:  0.0, Avg:  0.0, Max:  0.0, Diff:  0.0, Sum:  0.0, Workers: 6
[36.569s][debug  ][gc,phases      ] GC(134)     Dead                           Min: 0, Avg:  0.0, Max: 0, Diff: 0, Sum: 0, Workers: 6
[36.569s][debug  ][gc,phases      ] GC(134)     Total                          Min: 0, Avg: 21.7, Max: 64, Diff: 64, Sum: 130, Workers: 6
[36.569s][debug  ][gc,phases      ] GC(134)   JNI Weak                       Min:  0.0, Avg:  0.0, Max:  0.0, Diff:  0.0, Sum:  0.0, Workers: 6
[36.569s][debug  ][gc,phases      ] GC(134)     Dead                           Min: 0, Avg:  0.0, Max: 0, Diff: 0, Sum: 0, Workers: 6
[36.569s][debug  ][gc,phases      ] GC(134)     Total                          Min: 0, Avg:  0.0, Max: 0, Diff: 0, Sum: 0, Workers: 6
[36.569s][debug  ][gc,phases      ] GC(134)   StringDedup Table Weak         Min:  0.0, Avg:  0.0, Max:  0.0, Diff:  0.0, Sum:  0.0, Workers: 6
[36.569s][debug  ][gc,phases      ] GC(134)     Dead                           Min: 0, Avg:  0.0, Max: 0, Diff: 0, Sum: 0, Workers: 6
[36.569s][debug  ][gc,phases      ] GC(134)     Total                          Min: 0, Avg:  0.0, Max: 0, Diff: 0, Sum: 0, Workers: 6
[36.569s][debug  ][gc,phases      ] GC(134)   StringDedup Requests0 Weak     Min:  0.0, Avg:  0.0, Max:  0.0, Diff:  0.0, Sum:  0.0, Workers: 6
[36.569s][debug  ][gc,phases      ] GC(134)     Dead                           Min: 0, Avg:  0.0, Max: 0, Diff: 0, Sum: 0, Workers: 6
[36.569s][debug  ][gc,phases      ] GC(134)     Total                          Min: 0, Avg:  0.0, Max: 0, Diff: 0, Sum: 0, Workers: 6
[36.569s][debug  ][gc,phases      ] GC(134)   StringDedup Requests1 Weak     Min:  0.0, Avg:  0.0, Max:  0.0, Diff:  0.0, Sum:  0.0, Workers: 6
[36.569s][debug  ][gc,phases      ] GC(134)     Dead                           Min: 0, Avg:  0.0, Max: 0, Diff: 0, Sum: 0, Workers: 6
[36.569s][debug  ][gc,phases      ] GC(134)     Total                          Min: 0, Avg:  0.0, Max: 0, Diff: 0, Sum: 0, Workers: 6
[36.569s][debug  ][gc,phases      ] GC(134)   Weak JFR Old Object Samples    Min:  0.0, Avg:  0.0, Max:  0.0, Diff:  0.0, Sum:  0.0, Workers: 6
[36.569s][debug  ][gc,phases      ] GC(134)     Dead                           Min: 0, Avg:  0.0, Max: 0, Diff: 0, Sum: 0, Workers: 6
[36.569s][debug  ][gc,phases      ] GC(134)     Total                          Min: 0, Avg:  0.0, Max: 0, Diff: 0, Sum: 0, Workers: 6
[36.569s][debug  ][gc,phases      ] GC(134) Weak Processing 1.142ms
[36.569s][debug  ][gc,ergo        ] GC(134) AdaptiveSizeStart:  collection: 135 
[36.569s][debug  ][gc,ergo        ] GC(134) avg_survived_padded_avg: 32304284.000000
[36.570s][debug  ][gc,ergo        ] GC(134) avg_promoted_padded_avg: 254680176.000000  avg_pretenured_padded_avg: 0.000000  tenuring_thresh: 15  target_size: 32505856
[36.570s][debug  ][gc,age         ] GC(134) Desired survivor size 32505856 bytes, new threshold 15 (max threshold 15)
[36.570s][debug  ][gc,ergo        ] GC(134) PSAdaptiveSizePolicy::compute_eden_space_size limits: desired_eden_size: 223356966 old_eden_size: 202899456 eden_limit: 203423744 cur_eden: 203423744 max_eden_size: 203423744 avg_young_live: 27979710
[36.570s][debug  ][gc,ergo        ] GC(134) PSAdaptiveSizePolicy::compute_eden_space_size: costs minor_time: 0.051879 major_cost: 0.054555 mutator_cost: 0.893566 throughput_goal: 0.990000
[36.570s][debug  ][gc,ergo        ] GC(134) Live_space: 1058497024 free_space: 1429733376
[36.570s][debug  ][gc,ergo        ] GC(134) Old eden_size: 202899456 desired_eden_size: 203423744
[36.570s][debug  ][gc,ergo        ] GC(134) AdaptiveSizeStop: collection: 135 
[36.570s][info   ][gc,heap        ] GC(134) PSYoungGen: 229157K(230400K)->30720K(230400K) Eden: 198437K(198656K)->0K(198656K) From: 30720K(31744K)->30720K(31744K)
[36.570s][info   ][gc,heap        ] GC(134) ParOldGen: 1394277K(1835008K)->1588837K(1835008K)
[36.570s][info   ][gc,metaspace   ] GC(134) Metaspace: 1022K(1216K)->1022K(1216K) NonClass: 939K(1024K)->939K(1024K) Class: 83K(192K)->83K(192K)
[36.570s][info   ][gc             ] GC(134) Pause Young (Allocation Failure) 1585M->1581M(2017M) 20.053ms
[36.570s][info   ][gc,cpu         ] GC(134) User=0.03s Sys=0.00s Real=0.02s
[36.570s][debug  ][gc,heap        ] GC(134) Heap after GC invocations=135 (full 21):
[36.570s][debug  ][gc,heap        ] GC(134)  PSYoungGen      total 230400K, used 30720K [0x00000000f0000000, 0x0000000100000000, 0x0000000100000000)
[36.570s][debug  ][gc,heap        ] GC(134)   eden space 198656K, 0% used [0x00000000f0000000,0x00000000f0000000,0x00000000fc200000)
[36.570s][debug  ][gc,heap        ] GC(134)   from space 31744K, 96% used [0x00000000fc200000,0x00000000fe000030,0x00000000fe100000)
[36.570s][debug  ][gc,heap        ] GC(134)   to   space 31744K, 0% used [0x00000000fe100000,0x00000000fe100000,0x0000000100000000)
[36.570s][debug  ][gc,heap        ] GC(134)  ParOldGen       total 1835008K, used 1588837K [0x0000000080000000, 0x00000000f0000000, 0x00000000f0000000)
[36.570s][debug  ][gc,heap        ] GC(134)   object space 1835008K, 86% used [0x0000000080000000,0x00000000e0f99588,0x00000000f0000000)
[36.570s][debug  ][gc,heap        ] GC(134)  Metaspace       used 1022K, committed 1216K, reserved 1056768K
[36.570s][debug  ][gc,heap        ] GC(134)   class space    used 83K, committed 192K, reserved 1048576K
[36.570s][debug  ][gc,task,time   ] GC(134) VM-Thread 365495553 365672959 365703144
[36.570s][debug  ][gc,phases,start] GC(135) Pre Compact
[36.570s][debug  ][gc,heap        ] GC(135) Heap before GC invocations=136 (full 22):
[36.570s][debug  ][gc,heap        ] GC(135)  PSYoungGen      total 230400K, used 30720K [0x00000000f0000000, 0x0000000100000000, 0x0000000100000000)
[36.570s][debug  ][gc,heap        ] GC(135)   eden space 198656K, 0% used [0x00000000f0000000,0x00000000f0000000,0x00000000fc200000)
[36.570s][debug  ][gc,heap        ] GC(135)   from space 31744K, 96% used [0x00000000fc200000,0x00000000fe000030,0x00000000fe100000)
[36.570s][debug  ][gc,heap        ] GC(135)   to   space 31744K, 0% used [0x00000000fe100000,0x00000000fe100000,0x0000000100000000)
[36.571s][debug  ][gc,heap        ] GC(135)  ParOldGen       total 1835008K, used 1588837K [0x0000000080000000, 0x00000000f0000000, 0x00000000f0000000)
[36.571s][debug  ][gc,heap        ] GC(135)   object space 1835008K, 86% used [0x0000000080000000,0x00000000e0f99588,0x00000000f0000000)
[36.571s][debug  ][gc,heap        ] GC(135)  Metaspace       used 1022K, committed 1216K, reserved 1056768K
[36.571s][debug  ][gc,heap        ] GC(135)   class space    used 83K, committed 192K, reserved 1048576K
[36.571s][debug  ][gc,phases      ] GC(135) Pre Compact 0.295ms
[36.571s][info   ][gc,start       ] GC(135) Pause Full (Ergonomics)
[36.571s][info   ][gc,phases,start] GC(135) Marking Phase
[36.571s][debug  ][gc,phases,start] GC(135) Par Mark
[36.571s][debug  ][gc,phases      ] GC(135) Par Mark 0.549ms
[36.571s][debug  ][gc,phases,start] GC(135) Reference Processing
[36.571s][debug  ][gc,ref         ] GC(135) Skipped phase 1 of Reference Processing: no references
[36.571s][debug  ][gc,ref         ] GC(135) ReferenceProcessor::execute queues: 1, RefProcThreadModel::Single, marks_oops_alive: false
[36.571s][debug  ][gc,ref         ] GC(135) Skipped phase 3 of Reference Processing: no references
[36.571s][debug  ][gc,ref         ] GC(135) ReferenceProcessor::execute queues: 1, RefProcThreadModel::Single, marks_oops_alive: false
[36.572s][debug  ][gc,phases,ref  ] GC(135) Reference Processing: 0.1ms
[36.572s][debug  ][gc,phases,ref  ] GC(135)   Reconsider SoftReferences: 0.0ms
[36.572s][debug  ][gc,phases,ref  ] GC(135)     SoftRef (ms):                  skipped
[36.572s][debug  ][gc,phases,ref  ] GC(135)   Notify Soft/WeakReferences: 0.0ms
[36.572s][debug  ][gc,phases,ref  ] GC(135)     SoftRef (ms):                  Min:  0.0, Avg:  0.0, Max:  0.0, Diff:  0.0, Sum:  0.0, Workers: 12
[36.572s][debug  ][gc,phases,ref  ] GC(135)     WeakRef (ms):                  Min:  0.0, Avg:  0.0, Max:  0.0, Diff:  0.0, Sum:  0.0, Workers: 12
[36.572s][debug  ][gc,phases,ref  ] GC(135)     FinalRef (ms):                 Min:  0.0, Avg:  0.0, Max:  0.0, Diff:  0.0, Sum:  0.0, Workers: 12
[36.572s][debug  ][gc,phases,ref  ] GC(135)     Total (ms):                    Min:  0.0, Avg:  0.0, Max:  0.0, Diff:  0.0, Sum:  0.0, Workers: 12
[36.572s][debug  ][gc,phases,ref  ] GC(135)   Notify and keep alive finalizable: 0.0ms
[36.572s][debug  ][gc,phases,ref  ] GC(135)     FinalRef (ms):                 skipped
[36.572s][debug  ][gc,phases,ref  ] GC(135)   Notify PhantomReferences: 0.0ms
[36.572s][debug  ][gc,phases,ref  ] GC(135)     PhantomRef (ms):               Min:  0.0, Avg:  0.0, Max:  0.0, Diff:  0.0, Sum:  0.0, Workers: 12
[36.572s][debug  ][gc,phases,ref  ] GC(135)   SoftReference:
[36.572s][debug  ][gc,phases,ref  ] GC(135)     Discovered: 0
[36.572s][debug  ][gc,phases,ref  ] GC(135)     Cleared: 0
[36.572s][debug  ][gc,phases,ref  ] GC(135)   WeakReference:
[36.572s][debug  ][gc,phases,ref  ] GC(135)     Discovered: 92
[36.572s][debug  ][gc,phases,ref  ] GC(135)     Cleared: 92
[36.572s][debug  ][gc,phases,ref  ] GC(135)   FinalReference:
[36.572s][debug  ][gc,phases,ref  ] GC(135)     Discovered: 0
[36.572s][debug  ][gc,phases,ref  ] GC(135)     Cleared: 0
[36.572s][debug  ][gc,phases,ref  ] GC(135)   PhantomReference:
[36.572s][debug  ][gc,phases,ref  ] GC(135)     Discovered: 5
[36.572s][debug  ][gc,phases,ref  ] GC(135)     Cleared: 5
[36.572s][debug  ][gc,phases      ] GC(135) Reference Processing 0.893ms
[36.572s][debug  ][gc,phases,start] GC(135) Weak Processing
[36.572s][debug  ][gc,phases      ] GC(135)   VM Weak                        Min:  0.0, Avg:  0.0, Max:  0.0, Diff:  0.0, Sum:  0.0, Workers: 6
[36.572s][debug  ][gc,phases      ] GC(135)     Dead                           Min: 0, Avg:  0.0, Max: 0, Diff: 0, Sum: 0, Workers: 6
[36.572s][debug  ][gc,phases      ] GC(135)     Total                          Min: 0, Avg:  1.3, Max: 8, Diff: 8, Sum: 8, Workers: 6
[36.572s][debug  ][gc,phases      ] GC(135)   ObjectSynchronizer Weak        Min:  0.0, Avg:  0.0, Max:  0.0, Diff:  0.0, Sum:  0.0, Workers: 6
[36.572s][debug  ][gc,phases      ] GC(135)     Dead                           Min: 0, Avg:  0.0, Max: 0, Diff: 0, Sum: 0, Workers: 6
[36.572s][debug  ][gc,phases      ] GC(135)     Total                          Min: 0, Avg:  0.5, Max: 3, Diff: 3, Sum: 3, Workers: 6
[36.573s][debug  ][gc,phases      ] GC(135)   JVMTI Tag Weak OopStorage      Min:  0.0, Avg:  0.0, Max:  0.0, Diff:  0.0, Sum:  0.0, Workers: 6
[36.573s][debug  ][gc,phases      ] GC(135)     Dead                           Min: 0, Avg:  0.0, Max: 0, Diff: 0, Sum: 0, Workers: 6
[36.573s][debug  ][gc,phases      ] GC(135)     Total                          Min: 0, Avg:  0.0, Max: 0, Diff: 0, Sum: 0, Workers: 6
[36.573s][debug  ][gc,phases      ] GC(135)   StringTable Weak               Min:  0.0, Avg:  0.0, Max:  0.0, Diff:  0.0, Sum:  0.1, Workers: 6
[36.573s][debug  ][gc,phases      ] GC(135)     Dead                           Min: 0, Avg:  0.0, Max: 0, Diff: 0, Sum: 0, Workers: 6
[36.573s][debug  ][gc,phases      ] GC(135)     Total                          Min: 448, Avg: 892.3, Max: 1088, Diff: 640, Sum: 5354, Workers: 6
[36.573s][debug  ][gc,phases      ] GC(135)   ResolvedMethodTable Weak       Min:  0.0, Avg:  0.0, Max:  0.0, Diff:  0.0, Sum:  0.0, Workers: 6
[36.573s][debug  ][gc,phases      ] GC(135)     Dead                           Min: 0, Avg:  0.0, Max: 0, Diff: 0, Sum: 0, Workers: 6
[36.573s][debug  ][gc,phases      ] GC(135)     Total                          Min: 0, Avg: 21.7, Max: 64, Diff: 64, Sum: 130, Workers: 6
[36.573s][debug  ][gc,phases      ] GC(135)   JNI Weak                       Min:  0.0, Avg:  0.0, Max:  0.0, Diff:  0.0, Sum:  0.0, Workers: 6
[36.573s][debug  ][gc,phases      ] GC(135)     Dead                           Min: 0, Avg:  0.0, Max: 0, Diff: 0, Sum: 0, Workers: 6
[36.573s][debug  ][gc,phases      ] GC(135)     Total                          Min: 0, Avg:  0.0, Max: 0, Diff: 0, Sum: 0, Workers: 6
[36.573s][debug  ][gc,phases      ] GC(135)   StringDedup Table Weak         Min:  0.0, Avg:  0.0, Max:  0.0, Diff:  0.0, Sum:  0.0, Workers: 6
[36.573s][debug  ][gc,phases      ] GC(135)     Dead                           Min: 0, Avg:  0.0, Max: 0, Diff: 0, Sum: 0, Workers: 6
[36.573s][debug  ][gc,phases      ] GC(135)     Total                          Min: 0, Avg:  0.0, Max: 0, Diff: 0, Sum: 0, Workers: 6
[36.573s][debug  ][gc,phases      ] GC(135)   StringDedup Requests0 Weak     Min:  0.0, Avg:  0.0, Max:  0.0, Diff:  0.0, Sum:  0.0, Workers: 6
[36.573s][debug  ][gc,phases      ] GC(135)     Dead                           Min: 0, Avg:  0.0, Max: 0, Diff: 0, Sum: 0, Workers: 6
[36.573s][debug  ][gc,phases      ] GC(135)     Total                          Min: 0, Avg:  0.0, Max: 0, Diff: 0, Sum: 0, Workers: 6
[36.573s][debug  ][gc,phases      ] GC(135)   StringDedup Requests1 Weak     Min:  0.0, Avg:  0.0, Max:  0.0, Diff:  0.0, Sum:  0.0, Workers: 6
[36.573s][debug  ][gc,phases      ] GC(135)     Dead                           Min: 0, Avg:  0.0, Max: 0, Diff: 0, Sum: 0, Workers: 6
[36.573s][debug  ][gc,phases      ] GC(135)     Total                          Min: 0, Avg:  0.0, Max: 0, Diff: 0, Sum: 0, Workers: 6
[36.573s][debug  ][gc,phases      ] GC(135)   Weak JFR Old Object Samples    Min:  0.0, Avg:  0.0, Max:  0.0, Diff:  0.0, Sum:  0.0, Workers: 6
[36.573s][debug  ][gc,phases      ] GC(135)     Dead                           Min: 0, Avg:  0.0, Max: 0, Diff: 0, Sum: 0, Workers: 6
[36.573s][debug  ][gc,phases      ] GC(135)     Total                          Min: 0, Avg:  0.0, Max: 0, Diff: 0, Sum: 0, Workers: 6
[36.573s][debug  ][gc,phases      ] GC(135) Weak Processing 0.923ms
[36.573s][debug  ][gc,phases,start] GC(135) Class Unloading
[36.573s][debug  ][gc,phases,start] GC(135) ClassLoaderData
[36.573s][debug  ][gc,phases      ] GC(135) ClassLoaderData 0.021ms
[36.573s][debug  ][gc,phases,start] GC(135) Trigger cleanups
[36.573s][debug  ][gc,phases      ] GC(135) Trigger cleanups 0.020ms
[36.573s][debug  ][gc,phases      ] GC(135) Class Unloading 0.274ms
[36.573s][info   ][gc,phases      ] GC(135) Marking Phase 2.778ms
[36.574s][info   ][gc,phases,start] GC(135) Summary Phase
[36.574s][info   ][gc,phases      ] GC(135) Summary Phase 0.050ms
[36.574s][info   ][gc,phases,start] GC(135) Adjust Roots
[36.574s][info   ][gc,phases      ] GC(135) Adjust Roots 0.178ms
[36.574s][info   ][gc,phases,start] GC(135) Compaction Phase
[36.662s][info   ][gc,phases      ] GC(135) Compaction Phase 88.597ms
[36.663s][info   ][gc,phases,start] GC(135) Post Compact
[36.671s][info   ][gc,phases      ] GC(135) Post Compact 8.432ms
[36.671s][debug  ][gc,ergo        ] GC(135) AdaptiveSizeStart: collection: 136 
[36.671s][debug  ][gc,ergo        ] GC(135) PSAdaptiveSizePolicy::compute_eden_space_size limits: desired_eden_size: 223481475 old_eden_size: 203423744 eden_limit: 203423744 cur_eden: 203423744 max_eden_size: 203423744 avg_young_live: 25181740
[36.671s][debug  ][gc,ergo        ] GC(135) PSAdaptiveSizePolicy::compute_eden_space_size: costs minor_time: 0.051879 major_cost: 0.053894 mutator_cost: 0.894227 throughput_goal: 0.990000
[36.671s][debug  ][gc,ergo        ] GC(135) Live_space: 1055699072 free_space: 1430257664
[36.671s][debug  ][gc,ergo        ] GC(135) Old eden_size: 203423744 desired_eden_size: 203423744
[36.671s][debug  ][gc,ergo        ] GC(135) PSAdaptiveSizePolicy::compute_old_gen_free_space limits: desired_promo_size: 1351854317 promo_limit: 1226833920 free_in_old_gen: 1113315200 max_old_gen_size: 1879048192 avg_old_live: 765732992
[36.671s][debug  ][gc,ergo        ] GC(135) PSAdaptiveSizePolicy::compute_old_gen_free_space: costs minor_time: 0.051879 major_cost: 0.053894  mutator_cost: 0.894227 throughput_goal: 0.990000
[36.671s][debug  ][gc,ergo        ] GC(135) Live_space: 1059350144 free_space: 1430257664
[36.671s][debug  ][gc,ergo        ] GC(135) Old promo_size: 1226833920 desired_promo_size: 1226833920
[36.671s][debug  ][gc,ergo        ] GC(135) AdaptiveSizeStop: collection: 136 
[36.671s][info   ][gc,heap        ] GC(135) PSYoungGen: 30720K(230400K)->0K(230400K) Eden: 0K(198656K)->0K(198656K) From: 30720K(31744K)->0K(31744K)
[36.671s][info   ][gc,heap        ] GC(135) ParOldGen: 1588837K(1835008K)->779876K(1835008K)
[36.671s][info   ][gc,metaspace   ] GC(135) Metaspace: 1022K(1216K)->1022K(1216K) NonClass: 939K(1024K)->939K(1024K) Class: 83K(192K)->83K(192K)
[36.672s][info   ][gc             ] GC(135) Pause Full (Ergonomics) 1581M->761M(2017M) 100.863ms
[36.672s][info   ][gc,cpu         ] GC(135) User=0.70s Sys=0.00s Real=0.10s
[36.672s][debug  ][gc,heap        ] GC(135) Heap after GC invocations=136 (full 22):
[36.672s][debug  ][gc,heap        ] GC(135)  PSYoungGen      total 230400K, used 0K [0x00000000f0000000, 0x0000000100000000, 0x0000000100000000)
[36.672s][debug  ][gc,heap        ] GC(135)   eden space 198656K, 0% used [0x00000000f0000000,0x00000000f0000000,0x00000000fc200000)
[36.672s][debug  ][gc,heap        ] GC(135)   from space 31744K, 0% used [0x00000000fe100000,0x00000000fe100000,0x0000000100000000)
[36.672s][debug  ][gc,heap        ] GC(135)   to   space 31744K, 0% used [0x00000000fc200000,0x00000000fc200000,0x00000000fe100000)
[36.672s][debug  ][gc,heap        ] GC(135)  ParOldGen       total 1835008K, used 779876K [0x0000000080000000, 0x00000000f0000000, 0x00000000f0000000)
[36.672s][debug  ][gc,heap        ] GC(135)   object space 1835008K, 42% used [0x0000000080000000,0x00000000af999098,0x00000000f0000000)
[36.672s][debug  ][gc,heap        ] GC(135)  Metaspace       used 1022K, committed 1216K, reserved 1056768K
[36.672s][debug  ][gc,heap        ] GC(135)   class space    used 83K, committed 192K, reserved 1048576K
[36.672s][debug  ][gc,task,time   ] GC(135) VM-Thread 365707151 365738262 366716188
[36.974s][debug  ][gc,heap        ] GC(136) Heap before GC invocations=137 (full 22):
[36.974s][debug  ][gc,heap        ] GC(136)  PSYoungGen      total 230400K, used 198443K [0x00000000f0000000, 0x0000000100000000, 0x0000000100000000)
[36.974s][debug  ][gc,heap        ] GC(136)   eden space 198656K, 99% used [0x00000000f0000000,0x00000000fc1caf10,0x00000000fc200000)
[36.974s][debug  ][gc,heap        ] GC(136)   from space 31744K, 0% used [0x00000000fe100000,0x00000000fe100000,0x0000000100000000)
[36.974s][debug  ][gc,heap        ] GC(136)   to   space 31744K, 0% used [0x00000000fc200000,0x00000000fc200000,0x00000000fe100000)
[36.975s][debug  ][gc,heap        ] GC(136)  ParOldGen       total 1835008K, used 779876K [0x0000000080000000, 0x00000000f0000000, 0x00000000f0000000)
[36.975s][debug  ][gc,heap        ] GC(136)   object space 1835008K, 42% used [0x0000000080000000,0x00000000af999098,0x00000000f0000000)
[36.975s][debug  ][gc,heap        ] GC(136)  Metaspace       used 1022K, committed 1216K, reserved 1056768K
[36.975s][debug  ][gc,heap        ] GC(136)   class space    used 83K, committed 192K, reserved 1048576K
[36.975s][debug  ][gc,tlab        ] GC(136) TLAB totals: thrds: 1  refills: 1 max: 1 slow allocs: 18 max 18 waste: 27.5% gc: 3976672B max: 3976672B slow: 0B max: 0B
[36.975s][info   ][gc,start       ] GC(136) Pause Young (Allocation Failure)
[36.975s][debug  ][gc,phases,start] GC(136) Scavenge
[36.988s][debug  ][gc,phases      ] GC(136) Scavenge 13.286ms
[36.988s][debug  ][gc,phases,start] GC(136) Reference Processing
[36.988s][debug  ][gc,ref         ] GC(136) Skipped phase 1 of Reference Processing: no references
[36.988s][debug  ][gc,ref         ] GC(136) Skipped phase 2 of Reference Processing: no references
[36.988s][debug  ][gc,ref         ] GC(136) Skipped phase 3 of Reference Processing: no references
[36.988s][debug  ][gc,ref         ] GC(136) Skipped phase 4 of Reference Processing: no references
[36.988s][debug  ][gc,phases,ref  ] GC(136) Reference Processing: 0.1ms
[36.988s][debug  ][gc,phases,ref  ] GC(136)   Reconsider SoftReferences: 0.0ms
[36.988s][debug  ][gc,phases,ref  ] GC(136)     SoftRef (ms):                  skipped
[36.988s][debug  ][gc,phases,ref  ] GC(136)   Notify Soft/WeakReferences: 0.0ms
[36.988s][debug  ][gc,phases,ref  ] GC(136)     SoftRef (ms):                  skipped
[36.988s][debug  ][gc,phases,ref  ] GC(136)     WeakRef (ms):                  skipped
[36.988s][debug  ][gc,phases,ref  ] GC(136)     FinalRef (ms):                 skipped
[36.988s][debug  ][gc,phases,ref  ] GC(136)     Total (ms):                    skipped
[36.989s][debug  ][gc,phases,ref  ] GC(136)   Notify and keep alive finalizable: 0.0ms
[36.989s][debug  ][gc,phases,ref  ] GC(136)     FinalRef (ms):                 skipped
[36.989s][debug  ][gc,phases,ref  ] GC(136)   Notify PhantomReferences: 0.0ms
[36.989s][debug  ][gc,phases,ref  ] GC(136)     PhantomRef (ms):               skipped
[36.989s][debug  ][gc,phases,ref  ] GC(136)   SoftReference:
[36.989s][debug  ][gc,phases,ref  ] GC(136)     Discovered: 0
[36.989s][debug  ][gc,phases,ref  ] GC(136)     Cleared: 0
[36.989s][debug  ][gc,phases,ref  ] GC(136)   WeakReference:
[36.989s][debug  ][gc,phases,ref  ] GC(136)     Discovered: 0
[36.989s][debug  ][gc,phases,ref  ] GC(136)     Cleared: 0
[36.989s][debug  ][gc,phases,ref  ] GC(136)   FinalReference:
[36.989s][debug  ][gc,phases,ref  ] GC(136)     Discovered: 0
[36.989s][debug  ][gc,phases,ref  ] GC(136)     Cleared: 0
[36.989s][debug  ][gc,phases,ref  ] GC(136)   PhantomReference:
[36.989s][debug  ][gc,phases,ref  ] GC(136)     Discovered: 0
[36.989s][debug  ][gc,phases,ref  ] GC(136)     Cleared: 0
[36.989s][debug  ][gc,phases      ] GC(136) Reference Processing 0.944ms
[36.989s][debug  ][gc,phases,start] GC(136) Weak Processing
[36.989s][debug  ][gc,phases      ] GC(136)   VM Weak                        Min:  0.0, Avg:  0.0, Max:  0.0, Diff:  0.0, Sum:  0.0, Workers: 6
[36.989s][debug  ][gc,phases      ] GC(136)     Dead                           Min: 0, Avg:  0.0, Max: 0, Diff: 0, Sum: 0, Workers: 6
[36.989s][debug  ][gc,phases      ] GC(136)     Total                          Min: 0, Avg:  1.3, Max: 8, Diff: 8, Sum: 8, Workers: 6
[36.989s][debug  ][gc,phases      ] GC(136)   ObjectSynchronizer Weak        Min:  0.0, Avg:  0.0, Max:  0.0, Diff:  0.0, Sum:  0.0, Workers: 6
[36.989s][debug  ][gc,phases      ] GC(136)     Dead                           Min: 0, Avg:  0.0, Max: 0, Diff: 0, Sum: 0, Workers: 6
[36.989s][debug  ][gc,phases      ] GC(136)     Total                          Min: 0, Avg:  0.5, Max: 3, Diff: 3, Sum: 3, Workers: 6
[36.989s][debug  ][gc,phases      ] GC(136)   JVMTI Tag Weak OopStorage      Min:  0.0, Avg:  0.0, Max:  0.0, Diff:  0.0, Sum:  0.0, Workers: 6
[36.989s][debug  ][gc,phases      ] GC(136)     Dead                           Min: 0, Avg:  0.0, Max: 0, Diff: 0, Sum: 0, Workers: 6
[36.989s][debug  ][gc,phases      ] GC(136)     Total                          Min: 0, Avg:  0.0, Max: 0, Diff: 0, Sum: 0, Workers: 6
[36.989s][debug  ][gc,phases      ] GC(136)   StringTable Weak               Min:  0.0, Avg:  0.0, Max:  0.0, Diff:  0.0, Sum:  0.0, Workers: 6
[36.989s][debug  ][gc,phases      ] GC(136)     Dead                           Min: 0, Avg:  0.0, Max: 0, Diff: 0, Sum: 0, Workers: 6
[36.989s][debug  ][gc,phases      ] GC(136)     Total                          Min: 832, Avg: 892.3, Max: 960, Diff: 128, Sum: 5354, Workers: 6
[36.989s][debug  ][gc,phases      ] GC(136)   ResolvedMethodTable Weak       Min:  0.0, Avg:  0.0, Max:  0.0, Diff:  0.0, Sum:  0.0, Workers: 6
[36.989s][debug  ][gc,phases      ] GC(136)     Dead                           Min: 0, Avg:  0.0, Max: 0, Diff: 0, Sum: 0, Workers: 6
[36.989s][debug  ][gc,phases      ] GC(136)     Total                          Min: 0, Avg: 21.7, Max: 64, Diff: 64, Sum: 130, Workers: 6
[36.990s][debug  ][gc,phases      ] GC(136)   JNI Weak                       Min:  0.0, Avg:  0.0, Max:  0.0, Diff:  0.0, Sum:  0.0, Workers: 6
[36.990s][debug  ][gc,phases      ] GC(136)     Dead                           Min: 0, Avg:  0.0, Max: 0, Diff: 0, Sum: 0, Workers: 6
[36.990s][debug  ][gc,phases      ] GC(136)     Total                          Min: 0, Avg:  0.0, Max: 0, Diff: 0, Sum: 0, Workers: 6
[36.990s][debug  ][gc,phases      ] GC(136)   StringDedup Table Weak         Min:  0.0, Avg:  0.0, Max:  0.0, Diff:  0.0, Sum:  0.0, Workers: 6
[36.990s][debug  ][gc,phases      ] GC(136)     Dead                           Min: 0, Avg:  0.0, Max: 0, Diff: 0, Sum: 0, Workers: 6
[36.990s][debug  ][gc,phases      ] GC(136)     Total                          Min: 0, Avg:  0.0, Max: 0, Diff: 0, Sum: 0, Workers: 6
[36.990s][debug  ][gc,phases      ] GC(136)   StringDedup Requests0 Weak     Min:  0.0, Avg:  0.0, Max:  0.0, Diff:  0.0, Sum:  0.0, Workers: 6
[36.990s][debug  ][gc,phases      ] GC(136)     Dead                           Min: 0, Avg:  0.0, Max: 0, Diff: 0, Sum: 0, Workers: 6
[36.990s][debug  ][gc,phases      ] GC(136)     Total                          Min: 0, Avg:  0.0, Max: 0, Diff: 0, Sum: 0, Workers: 6
[36.990s][debug  ][gc,phases      ] GC(136)   StringDedup Requests1 Weak     Min:  0.0, Avg:  0.0, Max:  0.0, Diff:  0.0, Sum:  0.0, Workers: 6
[36.990s][debug  ][gc,phases      ] GC(136)     Dead                           Min: 0, Avg:  0.0, Max: 0, Diff: 0, Sum: 0, Workers: 6
[36.990s][debug  ][gc,phases      ] GC(136)     Total                          Min: 0, Avg:  0.0, Max: 0, Diff: 0, Sum: 0, Workers: 6
[36.990s][debug  ][gc,phases      ] GC(136)   Weak JFR Old Object Samples    Min:  0.0, Avg:  0.0, Max:  0.0, Diff:  0.0, Sum:  0.0, Workers: 6
[36.990s][debug  ][gc,phases      ] GC(136)     Dead                           Min: 0, Avg:  0.0, Max: 0, Diff: 0, Sum: 0, Workers: 6
[36.990s][debug  ][gc,phases      ] GC(136)     Total                          Min: 0, Avg:  0.0, Max: 0, Diff: 0, Sum: 0, Workers: 6
[36.990s][debug  ][gc,phases      ] GC(136) Weak Processing 0.843ms
[36.990s][debug  ][gc,ergo        ] GC(136) AdaptiveSizeStart:  collection: 137 
[36.990s][debug  ][gc,ergo        ] GC(136) avg_survived_padded_avg: 32236706.000000
[36.990s][debug  ][gc,ergo        ] GC(136) avg_promoted_padded_avg: 247158704.000000  avg_pretenured_padded_avg: 0.000000  tenuring_thresh: 15  target_size: 32505856
[36.990s][debug  ][gc,age         ] GC(136) Desired survivor size 32505856 bytes, new threshold 15 (max threshold 15)
[36.990s][debug  ][gc,ergo        ] GC(136) PSAdaptiveSizePolicy::compute_eden_space_size limits: desired_eden_size: 222680084 old_eden_size: 203423744 eden_limit: 203423744 cur_eden: 203423744 max_eden_size: 203423744 avg_young_live: 25809296
[36.990s][debug  ][gc,ergo        ] GC(136) PSAdaptiveSizePolicy::compute_eden_space_size: costs minor_time: 0.047962 major_cost: 0.053894 mutator_cost: 0.898144 throughput_goal: 0.990000
[36.990s][debug  ][gc,ergo        ] GC(136) Live_space: 1059977728 free_space: 1430257664
[36.990s][debug  ][gc,ergo        ] GC(136) Old eden_size: 203423744 desired_eden_size: 203423744
[36.990s][debug  ][gc,ergo        ] GC(136) AdaptiveSizeStop: collection: 137 
[36.990s][info   ][gc,heap        ] GC(136) PSYoungGen: 198443K(230400K)->30720K(230400K) Eden: 198443K(198656K)->0K(198656K) From: 0K(31744K)->30720K(31744K)
[36.990s][info   ][gc,heap        ] GC(136) ParOldGen: 779876K(1835008K)->943716K(1835008K)
[36.990s][info   ][gc,metaspace   ] GC(136) Metaspace: 1022K(1216K)->1022K(1216K) NonClass: 939K(1024K)->939K(1024K) Class: 83K(192K)->83K(192K)
[36.990s][info   ][gc             ] GC(136) Pause Young (Allocation Failure) 955M->951M(2017M) 15.627ms
[36.990s][info   ][gc,cpu         ] GC(136) User=0.14s Sys=0.00s Real=0.02s
[36.990s][debug  ][gc,heap        ] GC(136) Heap after GC invocations=137 (full 22):
[36.990s][debug  ][gc,heap        ] GC(136)  PSYoungGen      total 230400K, used 30720K [0x00000000f0000000, 0x0000000100000000, 0x0000000100000000)
[36.990s][debug  ][gc,heap        ] GC(136)   eden space 198656K, 0% used [0x00000000f0000000,0x00000000f0000000,0x00000000fc200000)
[36.990s][debug  ][gc,heap        ] GC(136)   from space 31744K, 96% used [0x00000000fc200000,0x00000000fe000030,0x00000000fe100000)
[36.991s][debug  ][gc,heap        ] GC(136)   to   space 31744K, 0% used [0x00000000fe100000,0x00000000fe100000,0x0000000100000000)
[36.991s][debug  ][gc,heap        ] GC(136)  ParOldGen       total 1835008K, used 943716K [0x0000000080000000, 0x00000000f0000000, 0x00000000f0000000)
[36.991s][debug  ][gc,heap        ] GC(136)   object space 1835008K, 51% used [0x0000000080000000,0x00000000b9999198,0x00000000f0000000)
[36.991s][debug  ][gc,heap        ] GC(136)  Metaspace       used 1022K, committed 1216K, reserved 1056768K
[36.991s][debug  ][gc,heap        ] GC(136)   class space    used 83K, committed 192K, reserved 1048576K
[36.991s][debug  ][gc,task,time   ] GC(136) VM-Thread 369743242 369880977 369906545
[37.284s][debug  ][gc,heap        ] GC(137) Heap before GC invocations=138 (full 22):
[37.284s][debug  ][gc,heap        ] GC(137)  PSYoungGen      total 230400K, used 229096K [0x00000000f0000000, 0x0000000100000000, 0x0000000100000000)
[37.284s][debug  ][gc,heap        ] GC(137)   eden space 198656K, 99% used [0x00000000f0000000,0x00000000fc1ba0b0,0x00000000fc200000)
[37.284s][debug  ][gc,heap        ] GC(137)   from space 31744K, 96% used [0x00000000fc200000,0x00000000fe000030,0x00000000fe100000)
[37.284s][debug  ][gc,heap        ] GC(137)   to   space 31744K, 0% used [0x00000000fe100000,0x00000000fe100000,0x0000000100000000)
[37.284s][debug  ][gc,heap        ] GC(137)  ParOldGen       total 1835008K, used 943716K [0x0000000080000000, 0x00000000f0000000, 0x00000000f0000000)
[37.284s][debug  ][gc,heap        ] GC(137)   object space 1835008K, 51% used [0x0000000080000000,0x00000000b9999198,0x00000000f0000000)
[37.284s][debug  ][gc,heap        ] GC(137)  Metaspace       used 1022K, committed 1216K, reserved 1056768K
[37.284s][debug  ][gc,heap        ] GC(137)   class space    used 83K, committed 192K, reserved 1048576K
[37.284s][debug  ][gc,tlab        ] GC(137) TLAB totals: thrds: 1  refills: 1 max: 1 slow allocs: 18 max 18 waste: 27.1% gc: 3906392B max: 3906392B slow: 0B max: 0B
[37.284s][info   ][gc,start       ] GC(137) Pause Young (Allocation Failure)
[37.284s][debug  ][gc,phases,start] GC(137) Scavenge
[37.294s][debug  ][gc,phases      ] GC(137) Scavenge 10.166ms
[37.294s][debug  ][gc,phases,start] GC(137) Reference Processing
[37.294s][debug  ][gc,ref         ] GC(137) Skipped phase 1 of Reference Processing: no references
[37.294s][debug  ][gc,ref         ] GC(137) Skipped phase 2 of Reference Processing: no references
[37.294s][debug  ][gc,ref         ] GC(137) Skipped phase 3 of Reference Processing: no references
[37.295s][debug  ][gc,ref         ] GC(137) Skipped phase 4 of Reference Processing: no references
[37.295s][debug  ][gc,phases,ref  ] GC(137) Reference Processing: 0.1ms
[37.295s][debug  ][gc,phases,ref  ] GC(137)   Reconsider SoftReferences: 0.0ms
[37.295s][debug  ][gc,phases,ref  ] GC(137)     SoftRef (ms):                  skipped
[37.295s][debug  ][gc,phases,ref  ] GC(137)   Notify Soft/WeakReferences: 0.0ms
[37.295s][debug  ][gc,phases,ref  ] GC(137)     SoftRef (ms):                  skipped
[37.295s][debug  ][gc,phases,ref  ] GC(137)     WeakRef (ms):                  skipped
[37.295s][debug  ][gc,phases,ref  ] GC(137)     FinalRef (ms):                 skipped
[37.295s][debug  ][gc,phases,ref  ] GC(137)     Total (ms):                    skipped
[37.295s][debug  ][gc,phases,ref  ] GC(137)   Notify and keep alive finalizable: 0.0ms
[37.295s][debug  ][gc,phases,ref  ] GC(137)     FinalRef (ms):                 skipped
[37.295s][debug  ][gc,phases,ref  ] GC(137)   Notify PhantomReferences: 0.0ms
[37.295s][debug  ][gc,phases,ref  ] GC(137)     PhantomRef (ms):               skipped
[37.295s][debug  ][gc,phases,ref  ] GC(137)   SoftReference:
[37.295s][debug  ][gc,phases,ref  ] GC(137)     Discovered: 0
[37.295s][debug  ][gc,phases,ref  ] GC(137)     Cleared: 0
[37.295s][debug  ][gc,phases,ref  ] GC(137)   WeakReference:
[37.295s][debug  ][gc,phases,ref  ] GC(137)     Discovered: 0
[37.295s][debug  ][gc,phases,ref  ] GC(137)     Cleared: 0
[37.295s][debug  ][gc,phases,ref  ] GC(137)   FinalReference:
[37.295s][debug  ][gc,phases,ref  ] GC(137)     Discovered: 0
[37.295s][debug  ][gc,phases,ref  ] GC(137)     Cleared: 0
[37.295s][debug  ][gc,phases,ref  ] GC(137)   PhantomReference:
[37.295s][debug  ][gc,phases,ref  ] GC(137)     Discovered: 0
[37.295s][debug  ][gc,phases,ref  ] GC(137)     Cleared: 0
[37.295s][debug  ][gc,phases      ] GC(137) Reference Processing 0.796ms
[37.295s][debug  ][gc,phases,start] GC(137) Weak Processing
[37.295s][debug  ][gc,phases      ] GC(137)   VM Weak                        Min:  0.0, Avg:  0.0, Max:  0.0, Diff:  0.0, Sum:  0.0, Workers: 6
[37.295s][debug  ][gc,phases      ] GC(137)     Dead                           Min: 0, Avg:  0.0, Max: 0, Diff: 0, Sum: 0, Workers: 6
[37.295s][debug  ][gc,phases      ] GC(137)     Total                          Min: 0, Avg:  1.3, Max: 8, Diff: 8, Sum: 8, Workers: 6
[37.295s][debug  ][gc,phases      ] GC(137)   ObjectSynchronizer Weak        Min:  0.0, Avg:  0.0, Max:  0.0, Diff:  0.0, Sum:  0.0, Workers: 6
[37.295s][debug  ][gc,phases      ] GC(137)     Dead                           Min: 0, Avg:  0.0, Max: 0, Diff: 0, Sum: 0, Workers: 6
[37.295s][debug  ][gc,phases      ] GC(137)     Total                          Min: 0, Avg:  0.5, Max: 3, Diff: 3, Sum: 3, Workers: 6
[37.296s][debug  ][gc,phases      ] GC(137)   JVMTI Tag Weak OopStorage      Min:  0.0, Avg:  0.0, Max:  0.0, Diff:  0.0, Sum:  0.0, Workers: 6
[37.296s][debug  ][gc,phases      ] GC(137)     Dead                           Min: 0, Avg:  0.0, Max: 0, Diff: 0, Sum: 0, Workers: 6
[37.296s][debug  ][gc,phases      ] GC(137)     Total                          Min: 0, Avg:  0.0, Max: 0, Diff: 0, Sum: 0, Workers: 6
[37.296s][debug  ][gc,phases      ] GC(137)   StringTable Weak               Min:  0.0, Avg:  0.0, Max:  0.0, Diff:  0.0, Sum:  0.0, Workers: 6
[37.296s][debug  ][gc,phases      ] GC(137)     Dead                           Min: 0, Avg:  0.0, Max: 0, Diff: 0, Sum: 0, Workers: 6
[37.296s][debug  ][gc,phases      ] GC(137)     Total                          Min: 704, Avg: 892.3, Max: 1152, Diff: 448, Sum: 5354, Workers: 6
[37.296s][debug  ][gc,phases      ] GC(137)   ResolvedMethodTable Weak       Min:  0.0, Avg:  0.0, Max:  0.0, Diff:  0.0, Sum:  0.0, Workers: 6
[37.296s][debug  ][gc,phases      ] GC(137)     Dead                           Min: 0, Avg:  0.0, Max: 0, Diff: 0, Sum: 0, Workers: 6
[37.296s][debug  ][gc,phases      ] GC(137)     Total                          Min: 0, Avg: 21.7, Max: 64, Diff: 64, Sum: 130, Workers: 6
[37.296s][debug  ][gc,phases      ] GC(137)   JNI Weak                       Min:  0.0, Avg:  0.0, Max:  0.0, Diff:  0.0, Sum:  0.0, Workers: 6
[37.296s][debug  ][gc,phases      ] GC(137)     Dead                           Min: 0, Avg:  0.0, Max: 0, Diff: 0, Sum: 0, Workers: 6
[37.296s][debug  ][gc,phases      ] GC(137)     Total                          Min: 0, Avg:  0.0, Max: 0, Diff: 0, Sum: 0, Workers: 6
[37.296s][debug  ][gc,phases      ] GC(137)   StringDedup Table Weak         Min:  0.0, Avg:  0.0, Max:  0.0, Diff:  0.0, Sum:  0.0, Workers: 6
[37.296s][debug  ][gc,phases      ] GC(137)     Dead                           Min: 0, Avg:  0.0, Max: 0, Diff: 0, Sum: 0, Workers: 6
[37.296s][debug  ][gc,phases      ] GC(137)     Total                          Min: 0, Avg:  0.0, Max: 0, Diff: 0, Sum: 0, Workers: 6
[37.296s][debug  ][gc,phases      ] GC(137)   StringDedup Requests0 Weak     Min:  0.0, Avg:  0.0, Max:  0.0, Diff:  0.0, Sum:  0.0, Workers: 6
[37.296s][debug  ][gc,phases      ] GC(137)     Dead                           Min: 0, Avg:  0.0, Max: 0, Diff: 0, Sum: 0, Workers: 6
[37.296s][debug  ][gc,phases      ] GC(137)     Total                          Min: 0, Avg:  0.0, Max: 0, Diff: 0, Sum: 0, Workers: 6
[37.296s][debug  ][gc,phases      ] GC(137)   StringDedup Requests1 Weak     Min:  0.0, Avg:  0.0, Max:  0.0, Diff:  0.0, Sum:  0.0, Workers: 6
[37.296s][debug  ][gc,phases      ] GC(137)     Dead                           Min: 0, Avg:  0.0, Max: 0, Diff: 0, Sum: 0, Workers: 6
[37.296s][debug  ][gc,phases      ] GC(137)     Total                          Min: 0, Avg:  0.0, Max: 0, Diff: 0, Sum: 0, Workers: 6
[37.296s][debug  ][gc,phases      ] GC(137)   Weak JFR Old Object Samples    Min:  0.0, Avg:  0.0, Max:  0.0, Diff:  0.0, Sum:  0.0, Workers: 6
[37.296s][debug  ][gc,phases      ] GC(137)     Dead                           Min: 0, Avg:  0.0, Max: 0, Diff: 0, Sum: 0, Workers: 6
[37.296s][debug  ][gc,phases      ] GC(137)     Total                          Min: 0, Avg:  0.0, Max: 0, Diff: 0, Sum: 0, Workers: 6
[37.296s][debug  ][gc,phases      ] GC(137) Weak Processing 1.078ms
[37.296s][debug  ][gc,ergo        ] GC(137) AdaptiveSizeStart:  collection: 138 
[37.296s][debug  ][gc,ergo        ] GC(137) avg_survived_padded_avg: 32174172.000000
[37.296s][debug  ][gc,ergo        ] GC(137) avg_promoted_padded_avg: 247080608.000000  avg_pretenured_padded_avg: 0.000000  tenuring_thresh: 15  target_size: 32505856
[37.296s][debug  ][gc,age         ] GC(137) Desired survivor size 32505856 bytes, new threshold 15 (max threshold 15)
[37.296s][debug  ][gc,ergo        ] GC(137) PSAdaptiveSizePolicy::compute_eden_space_size limits: desired_eden_size: 222232896 old_eden_size: 203423744 eden_limit: 203423744 cur_eden: 203423744 max_eden_size: 203423744 avg_young_live: 26374100
[37.296s][debug  ][gc,ergo        ] GC(137) PSAdaptiveSizePolicy::compute_eden_space_size: costs minor_time: 0.045899 major_cost: 0.053894 mutator_cost: 0.900207 throughput_goal: 0.990000
[37.297s][debug  ][gc,ergo        ] GC(137) Live_space: 1060542592 free_space: 1430257664
[37.297s][debug  ][gc,ergo        ] GC(137) Old eden_size: 203423744 desired_eden_size: 203423744
[37.297s][debug  ][gc,ergo        ] GC(137) AdaptiveSizeStop: collection: 138 
[37.297s][info   ][gc,heap        ] GC(137) PSYoungGen: 229096K(230400K)->30720K(230400K) Eden: 198376K(198656K)->0K(198656K) From: 30720K(31744K)->30720K(31744K)
[37.297s][info   ][gc,heap        ] GC(137) ParOldGen: 943716K(1835008K)->1056356K(1835008K)
[37.297s][info   ][gc,metaspace   ] GC(137) Metaspace: 1022K(1216K)->1022K(1216K) NonClass: 939K(1024K)->939K(1024K) Class: 83K(192K)->83K(192K)
[37.297s][info   ][gc             ] GC(137) Pause Young (Allocation Failure) 1145M->1061M(2017M) 12.608ms
[37.297s][info   ][gc,cpu         ] GC(137) User=0.00s Sys=0.00s Real=0.01s
[37.297s][debug  ][gc,heap        ] GC(137) Heap after GC invocations=138 (full 22):
[37.297s][debug  ][gc,heap        ] GC(137)  PSYoungGen      total 230400K, used 30720K [0x00000000f0000000, 0x0000000100000000, 0x0000000100000000)
[37.297s][debug  ][gc,heap        ] GC(137)   eden space 198656K, 0% used [0x00000000f0000000,0x00000000f0000000,0x00000000fc200000)
[37.297s][debug  ][gc,heap        ] GC(137)   from space 31744K, 96% used [0x00000000fe100000,0x00000000fff00030,0x0000000100000000)
[37.297s][debug  ][gc,heap        ] GC(137)   to   space 31744K, 0% used [0x00000000fc200000,0x00000000fc200000,0x00000000fe100000)
[37.297s][debug  ][gc,heap        ] GC(137)  ParOldGen       total 1835008K, used 1056356K [0x0000000080000000, 0x00000000f0000000, 0x00000000f0000000)
[37.297s][debug  ][gc,heap        ] GC(137)   object space 1835008K, 57% used [0x0000000080000000,0x00000000c0799248,0x00000000f0000000)
[37.297s][debug  ][gc,heap        ] GC(137)  Metaspace       used 1022K, committed 1216K, reserved 1056768K
[37.297s][debug  ][gc,heap        ] GC(137)   class space    used 83K, committed 192K, reserved 1048576K
[37.297s][debug  ][gc,task,time   ] GC(137) VM-Thread 372837709 372943927 372970752
[37.594s][debug  ][gc,heap        ] GC(138) Heap before GC invocations=139 (full 22):
[37.594s][debug  ][gc,heap        ] GC(138)  PSYoungGen      total 230400K, used 229124K [0x00000000f0000000, 0x0000000100000000, 0x0000000100000000)
[37.594s][debug  ][gc,heap        ] GC(138)   eden space 198656K, 99% used [0x00000000f0000000,0x00000000fc1c11d0,0x00000000fc200000)
[37.594s][debug  ][gc,heap        ] GC(138)   from space 31744K, 96% used [0x00000000fe100000,0x00000000fff00030,0x0000000100000000)
[37.594s][debug  ][gc,heap        ] GC(138)   to   space 31744K, 0% used [0x00000000fc200000,0x00000000fc200000,0x00000000fe100000)
[37.594s][debug  ][gc,heap        ] GC(138)  ParOldGen       total 1835008K, used 1056356K [0x0000000080000000, 0x00000000f0000000, 0x00000000f0000000)
[37.594s][debug  ][gc,heap        ] GC(138)   object space 1835008K, 57% used [0x0000000080000000,0x00000000c0799248,0x00000000f0000000)
[37.594s][debug  ][gc,heap        ] GC(138)  Metaspace       used 1022K, committed 1216K, reserved 1056768K
[37.594s][debug  ][gc,heap        ] GC(138)   class space    used 83K, committed 192K, reserved 1048576K
[37.594s][debug  ][gc,tlab        ] GC(138) TLAB totals: thrds: 1  refills: 1 max: 1 slow allocs: 18 max 18 waste: 27.3% gc: 3936416B max: 3936416B slow: 0B max: 0B
[37.594s][info   ][gc,start       ] GC(138) Pause Young (Allocation Failure)
[37.594s][debug  ][gc,phases,start] GC(138) Scavenge
[37.610s][debug  ][gc,phases      ] GC(138) Scavenge 15.503ms
[37.610s][debug  ][gc,phases,start] GC(138) Reference Processing
[37.610s][debug  ][gc,ref         ] GC(138) Skipped phase 1 of Reference Processing: no references
[37.610s][debug  ][gc,ref         ] GC(138) Skipped phase 2 of Reference Processing: no references
[37.610s][debug  ][gc,ref         ] GC(138) Skipped phase 3 of Reference Processing: no references
[37.610s][debug  ][gc,ref         ] GC(138) Skipped phase 4 of Reference Processing: no references
[37.610s][debug  ][gc,phases,ref  ] GC(138) Reference Processing: 0.1ms
[37.610s][debug  ][gc,phases,ref  ] GC(138)   Reconsider SoftReferences: 0.0ms
[37.610s][debug  ][gc,phases,ref  ] GC(138)     SoftRef (ms):                  skipped
[37.610s][debug  ][gc,phases,ref  ] GC(138)   Notify Soft/WeakReferences: 0.0ms
[37.610s][debug  ][gc,phases,ref  ] GC(138)     SoftRef (ms):                  skipped
[37.610s][debug  ][gc,phases,ref  ] GC(138)     WeakRef (ms):                  skipped
[37.610s][debug  ][gc,phases,ref  ] GC(138)     FinalRef (ms):                 skipped
[37.610s][debug  ][gc,phases,ref  ] GC(138)     Total (ms):                    skipped
[37.610s][debug  ][gc,phases,ref  ] GC(138)   Notify and keep alive finalizable: 0.0ms
[37.610s][debug  ][gc,phases,ref  ] GC(138)     FinalRef (ms):                 skipped
[37.610s][debug  ][gc,phases,ref  ] GC(138)   Notify PhantomReferences: 0.0ms
[37.610s][debug  ][gc,phases,ref  ] GC(138)     PhantomRef (ms):               skipped
[37.610s][debug  ][gc,phases,ref  ] GC(138)   SoftReference:
[37.610s][debug  ][gc,phases,ref  ] GC(138)     Discovered: 0
[37.610s][debug  ][gc,phases,ref  ] GC(138)     Cleared: 0
[37.610s][debug  ][gc,phases,ref  ] GC(138)   WeakReference:
[37.610s][debug  ][gc,phases,ref  ] GC(138)     Discovered: 0
[37.611s][debug  ][gc,phases,ref  ] GC(138)     Cleared: 0
[37.611s][debug  ][gc,phases,ref  ] GC(138)   FinalReference:
[37.611s][debug  ][gc,phases,ref  ] GC(138)     Discovered: 0
[37.611s][debug  ][gc,phases,ref  ] GC(138)     Cleared: 0
[37.611s][debug  ][gc,phases,ref  ] GC(138)   PhantomReference:
[37.611s][debug  ][gc,phases,ref  ] GC(138)     Discovered: 0
[37.611s][debug  ][gc,phases,ref  ] GC(138)     Cleared: 0
[37.611s][debug  ][gc,phases      ] GC(138) Reference Processing 0.759ms
[37.611s][debug  ][gc,phases,start] GC(138) Weak Processing
[37.611s][debug  ][gc,phases      ] GC(138)   VM Weak                        Min:  0.0, Avg:  0.0, Max:  0.0, Diff:  0.0, Sum:  0.0, Workers: 6
[37.611s][debug  ][gc,phases      ] GC(138)     Dead                           Min: 0, Avg:  0.0, Max: 0, Diff: 0, Sum: 0, Workers: 6
[37.611s][debug  ][gc,phases      ] GC(138)     Total                          Min: 0, Avg:  1.3, Max: 8, Diff: 8, Sum: 8, Workers: 6
[37.611s][debug  ][gc,phases      ] GC(138)   ObjectSynchronizer Weak        Min:  0.0, Avg:  0.0, Max:  0.0, Diff:  0.0, Sum:  0.0, Workers: 6
[37.611s][debug  ][gc,phases      ] GC(138)     Dead                           Min: 0, Avg:  0.0, Max: 0, Diff: 0, Sum: 0, Workers: 6
[37.611s][debug  ][gc,phases      ] GC(138)     Total                          Min: 0, Avg:  0.5, Max: 3, Diff: 3, Sum: 3, Workers: 6
[37.611s][debug  ][gc,phases      ] GC(138)   JVMTI Tag Weak OopStorage      Min:  0.0, Avg:  0.0, Max:  0.0, Diff:  0.0, Sum:  0.0, Workers: 6
[37.611s][debug  ][gc,phases      ] GC(138)     Dead                           Min: 0, Avg:  0.0, Max: 0, Diff: 0, Sum: 0, Workers: 6
[37.611s][debug  ][gc,phases      ] GC(138)     Total                          Min: 0, Avg:  0.0, Max: 0, Diff: 0, Sum: 0, Workers: 6
[37.611s][debug  ][gc,phases      ] GC(138)   StringTable Weak               Min:  0.0, Avg:  0.0, Max:  0.0, Diff:  0.0, Sum:  0.0, Workers: 6
[37.611s][debug  ][gc,phases      ] GC(138)     Dead                           Min: 0, Avg:  0.0, Max: 0, Diff: 0, Sum: 0, Workers: 6
[37.611s][debug  ][gc,phases      ] GC(138)     Total                          Min: 832, Avg: 892.3, Max: 959, Diff: 127, Sum: 5354, Workers: 6
[37.611s][debug  ][gc,phases      ] GC(138)   ResolvedMethodTable Weak       Min:  0.0, Avg:  0.0, Max:  0.0, Diff:  0.0, Sum:  0.0, Workers: 6
[37.611s][debug  ][gc,phases      ] GC(138)     Dead                           Min: 0, Avg:  0.0, Max: 0, Diff: 0, Sum: 0, Workers: 6
[37.611s][debug  ][gc,phases      ] GC(138)     Total                          Min: 0, Avg: 21.7, Max: 64, Diff: 64, Sum: 130, Workers: 6
[37.611s][debug  ][gc,phases      ] GC(138)   JNI Weak                       Min:  0.0, Avg:  0.0, Max:  0.0, Diff:  0.0, Sum:  0.0, Workers: 6
[37.611s][debug  ][gc,phases      ] GC(138)     Dead                           Min: 0, Avg:  0.0, Max: 0, Diff: 0, Sum: 0, Workers: 6
[37.611s][debug  ][gc,phases      ] GC(138)     Total                          Min: 0, Avg:  0.0, Max: 0, Diff: 0, Sum: 0, Workers: 6
[37.611s][debug  ][gc,phases      ] GC(138)   StringDedup Table Weak         Min:  0.0, Avg:  0.0, Max:  0.0, Diff:  0.0, Sum:  0.0, Workers: 6
[37.611s][debug  ][gc,phases      ] GC(138)     Dead                           Min: 0, Avg:  0.0, Max: 0, Diff: 0, Sum: 0, Workers: 6
[37.611s][debug  ][gc,phases      ] GC(138)     Total                          Min: 0, Avg:  0.0, Max: 0, Diff: 0, Sum: 0, Workers: 6
[37.611s][debug  ][gc,phases      ] GC(138)   StringDedup Requests0 Weak     Min:  0.0, Avg:  0.0, Max:  0.0, Diff:  0.0, Sum:  0.0, Workers: 6
[37.611s][debug  ][gc,phases      ] GC(138)     Dead                           Min: 0, Avg:  0.0, Max: 0, Diff: 0, Sum: 0, Workers: 6
[37.611s][debug  ][gc,phases      ] GC(138)     Total                          Min: 0, Avg:  0.0, Max: 0, Diff: 0, Sum: 0, Workers: 6
[37.611s][debug  ][gc,phases      ] GC(138)   StringDedup Requests1 Weak     Min:  0.0, Avg:  0.0, Max:  0.0, Diff:  0.0, Sum:  0.0, Workers: 6
[37.611s][debug  ][gc,phases      ] GC(138)     Dead                           Min: 0, Avg:  0.0, Max: 0, Diff: 0, Sum: 0, Workers: 6
[37.611s][debug  ][gc,phases      ] GC(138)     Total                          Min: 0, Avg:  0.0, Max: 0, Diff: 0, Sum: 0, Workers: 6
[37.611s][debug  ][gc,phases      ] GC(138)   Weak JFR Old Object Samples    Min:  0.0, Avg:  0.0, Max:  0.0, Diff:  0.0, Sum:  0.0, Workers: 6
[37.611s][debug  ][gc,phases      ] GC(138)     Dead                           Min: 0, Avg:  0.0, Max: 0, Diff: 0, Sum: 0, Workers: 6
[37.611s][debug  ][gc,phases      ] GC(138)     Total                          Min: 0, Avg:  0.0, Max: 0, Diff: 0, Sum: 0, Workers: 6
[37.612s][debug  ][gc,phases      ] GC(138) Weak Processing 0.803ms
[37.612s][debug  ][gc,ergo        ] GC(138) AdaptiveSizeStart:  collection: 139 
[37.612s][debug  ][gc,ergo        ] GC(138) avg_survived_padded_avg: 32116354.000000
[37.612s][debug  ][gc,ergo        ] GC(138) avg_promoted_padded_avg: 253151712.000000  avg_pretenured_padded_avg: 0.000000  tenuring_thresh: 15  target_size: 32505856
[37.612s][debug  ][gc,age         ] GC(138) Desired survivor size 32505856 bytes, new threshold 15 (max threshold 15)
[37.612s][debug  ][gc,ergo        ] GC(138) PSAdaptiveSizePolicy::compute_eden_space_size limits: desired_eden_size: 222702625 old_eden_size: 203423744 eden_limit: 203423744 cur_eden: 203423744 max_eden_size: 203423744 avg_young_live: 26882424
[37.612s][debug  ][gc,ergo        ] GC(138) PSAdaptiveSizePolicy::compute_eden_space_size: costs minor_time: 0.048068 major_cost: 0.053894 mutator_cost: 0.898038 throughput_goal: 0.990000
[37.612s][debug  ][gc,ergo        ] GC(138) Live_space: 1061050880 free_space: 1430257664
[37.612s][debug  ][gc,ergo        ] GC(138) Old eden_size: 203423744 desired_eden_size: 203423744
[37.612s][debug  ][gc,ergo        ] GC(138) AdaptiveSizeStop: collection: 139 
[37.612s][info   ][gc,heap        ] GC(138) PSYoungGen: 229124K(230400K)->30720K(230400K) Eden: 198404K(198656K)->0K(198656K) From: 30720K(31744K)->30720K(31744K)
[37.612s][info   ][gc,heap        ] GC(138) ParOldGen: 1056356K(1835008K)->1250916K(1835008K)
[37.612s][info   ][gc,metaspace   ] GC(138) Metaspace: 1022K(1216K)->1022K(1216K) NonClass: 939K(1024K)->939K(1024K) Class: 83K(192K)->83K(192K)
[37.612s][info   ][gc             ] GC(138) Pause Young (Allocation Failure) 1255M->1251M(2017M) 17.560ms
[37.612s][info   ][gc,cpu         ] GC(138) User=0.17s Sys=0.02s Real=0.02s
[37.612s][debug  ][gc,heap        ] GC(138) Heap after GC invocations=139 (full 22):
[37.612s][debug  ][gc,heap        ] GC(138)  PSYoungGen      total 230400K, used 30720K [0x00000000f0000000, 0x0000000100000000, 0x0000000100000000)
[37.612s][debug  ][gc,heap        ] GC(138)   eden space 198656K, 0% used [0x00000000f0000000,0x00000000f0000000,0x00000000fc200000)
[37.612s][debug  ][gc,heap        ] GC(138)   from space 31744K, 96% used [0x00000000fc200000,0x00000000fe000030,0x00000000fe100000)
[37.612s][debug  ][gc,heap        ] GC(138)   to   space 31744K, 0% used [0x00000000fe100000,0x00000000fe100000,0x0000000100000000)
[37.612s][debug  ][gc,heap        ] GC(138)  ParOldGen       total 1835008K, used 1250916K [0x0000000080000000, 0x00000000f0000000, 0x00000000f0000000)
[37.612s][debug  ][gc,heap        ] GC(138)   object space 1835008K, 68% used [0x0000000080000000,0x00000000cc599378,0x00000000f0000000)
[37.612s][debug  ][gc,heap        ] GC(138)  Metaspace       used 1022K, committed 1216K, reserved 1056768K
[37.612s][debug  ][gc,heap        ] GC(138)   class space    used 83K, committed 192K, reserved 1048576K
[37.612s][debug  ][gc,task,time   ] GC(138) VM-Thread 375940079 376099220 376121579
[37.903s][debug  ][gc,heap        ] GC(139) Heap before GC invocations=140 (full 22):
[37.904s][debug  ][gc,heap        ] GC(139)  PSYoungGen      total 230400K, used 229142K [0x00000000f0000000, 0x0000000100000000, 0x0000000100000000)
[37.904s][debug  ][gc,heap        ] GC(139)   eden space 198656K, 99% used [0x00000000f0000000,0x00000000fc1c5aa0,0x00000000fc200000)
[37.904s][debug  ][gc,heap        ] GC(139)   from space 31744K, 96% used [0x00000000fc200000,0x00000000fe000030,0x00000000fe100000)
[37.904s][debug  ][gc,heap        ] GC(139)   to   space 31744K, 0% used [0x00000000fe100000,0x00000000fe100000,0x0000000100000000)
[37.904s][debug  ][gc,heap        ] GC(139)  ParOldGen       total 1835008K, used 1250916K [0x0000000080000000, 0x00000000f0000000, 0x00000000f0000000)
[37.904s][debug  ][gc,heap        ] GC(139)   object space 1835008K, 68% used [0x0000000080000000,0x00000000cc599378,0x00000000f0000000)
[37.904s][debug  ][gc,heap        ] GC(139)  Metaspace       used 1022K, committed 1216K, reserved 1056768K
[37.904s][debug  ][gc,heap        ] GC(139)   class space    used 83K, committed 192K, reserved 1048576K
[37.904s][debug  ][gc,tlab        ] GC(139) TLAB totals: thrds: 1  refills: 1 max: 1 slow allocs: 18 max 18 waste: 27.4% gc: 3955056B max: 3955056B slow: 0B max: 0B
[37.904s][info   ][gc,start       ] GC(139) Pause Young (Allocation Failure)
[37.904s][debug  ][gc,phases,start] GC(139) Scavenge
[37.919s][debug  ][gc,phases      ] GC(139) Scavenge 15.573ms
[37.919s][debug  ][gc,phases,start] GC(139) Reference Processing
[37.920s][debug  ][gc,ref         ] GC(139) Skipped phase 1 of Reference Processing: no references
[37.920s][debug  ][gc,ref         ] GC(139) Skipped phase 2 of Reference Processing: no references
[37.920s][debug  ][gc,ref         ] GC(139) Skipped phase 3 of Reference Processing: no references
[37.920s][debug  ][gc,ref         ] GC(139) Skipped phase 4 of Reference Processing: no references
[37.920s][debug  ][gc,phases,ref  ] GC(139) Reference Processing: 0.1ms
[37.920s][debug  ][gc,phases,ref  ] GC(139)   Reconsider SoftReferences: 0.0ms
[37.920s][debug  ][gc,phases,ref  ] GC(139)     SoftRef (ms):                  skipped
[37.920s][debug  ][gc,phases,ref  ] GC(139)   Notify Soft/WeakReferences: 0.0ms
[37.920s][debug  ][gc,phases,ref  ] GC(139)     SoftRef (ms):                  skipped
[37.920s][debug  ][gc,phases,ref  ] GC(139)     WeakRef (ms):                  skipped
[37.920s][debug  ][gc,phases,ref  ] GC(139)     FinalRef (ms):                 skipped
[37.920s][debug  ][gc,phases,ref  ] GC(139)     Total (ms):                    skipped
[37.920s][debug  ][gc,phases,ref  ] GC(139)   Notify and keep alive finalizable: 0.0ms
[37.920s][debug  ][gc,phases,ref  ] GC(139)     FinalRef (ms):                 skipped
[37.920s][debug  ][gc,phases,ref  ] GC(139)   Notify PhantomReferences: 0.0ms
[37.920s][debug  ][gc,phases,ref  ] GC(139)     PhantomRef (ms):               skipped
[37.920s][debug  ][gc,phases,ref  ] GC(139)   SoftReference:
[37.920s][debug  ][gc,phases,ref  ] GC(139)     Discovered: 0
[37.920s][debug  ][gc,phases,ref  ] GC(139)     Cleared: 0
[37.920s][debug  ][gc,phases,ref  ] GC(139)   WeakReference:
[37.920s][debug  ][gc,phases,ref  ] GC(139)     Discovered: 0
[37.920s][debug  ][gc,phases,ref  ] GC(139)     Cleared: 0
[37.920s][debug  ][gc,phases,ref  ] GC(139)   FinalReference:
[37.920s][debug  ][gc,phases,ref  ] GC(139)     Discovered: 0
[37.920s][debug  ][gc,phases,ref  ] GC(139)     Cleared: 0
[37.920s][debug  ][gc,phases,ref  ] GC(139)   PhantomReference:
[37.920s][debug  ][gc,phases,ref  ] GC(139)     Discovered: 0
[37.920s][debug  ][gc,phases,ref  ] GC(139)     Cleared: 0
[37.920s][debug  ][gc,phases      ] GC(139) Reference Processing 0.668ms
[37.920s][debug  ][gc,phases,start] GC(139) Weak Processing
[37.920s][debug  ][gc,phases      ] GC(139)   VM Weak                        Min:  0.0, Avg:  0.0, Max:  0.0, Diff:  0.0, Sum:  0.0, Workers: 6
[37.920s][debug  ][gc,phases      ] GC(139)     Dead                           Min: 0, Avg:  0.0, Max: 0, Diff: 0, Sum: 0, Workers: 6
[37.920s][debug  ][gc,phases      ] GC(139)     Total                          Min: 0, Avg:  1.3, Max: 8, Diff: 8, Sum: 8, Workers: 6
[37.920s][debug  ][gc,phases      ] GC(139)   ObjectSynchronizer Weak        Min:  0.0, Avg:  0.0, Max:  0.0, Diff:  0.0, Sum:  0.0, Workers: 6
[37.920s][debug  ][gc,phases      ] GC(139)     Dead                           Min: 0, Avg:  0.0, Max: 0, Diff: 0, Sum: 0, Workers: 6
[37.920s][debug  ][gc,phases      ] GC(139)     Total                          Min: 0, Avg:  0.5, Max: 3, Diff: 3, Sum: 3, Workers: 6
[37.920s][debug  ][gc,phases      ] GC(139)   JVMTI Tag Weak OopStorage      Min:  0.0, Avg:  0.0, Max:  0.0, Diff:  0.0, Sum:  0.0, Workers: 6
[37.920s][debug  ][gc,phases      ] GC(139)     Dead                           Min: 0, Avg:  0.0, Max: 0, Diff: 0, Sum: 0, Workers: 6
[37.920s][debug  ][gc,phases      ] GC(139)     Total                          Min: 0, Avg:  0.0, Max: 0, Diff: 0, Sum: 0, Workers: 6
[37.920s][debug  ][gc,phases      ] GC(139)   StringTable Weak               Min:  0.0, Avg:  0.0, Max:  0.0, Diff:  0.0, Sum:  0.1, Workers: 6
[37.920s][debug  ][gc,phases      ] GC(139)     Dead                           Min: 0, Avg:  0.0, Max: 0, Diff: 0, Sum: 0, Workers: 6
[37.920s][debug  ][gc,phases      ] GC(139)     Total                          Min: 704, Avg: 892.3, Max: 1023, Diff: 319, Sum: 5354, Workers: 6
[37.921s][debug  ][gc,phases      ] GC(139)   ResolvedMethodTable Weak       Min:  0.0, Avg:  0.0, Max:  0.0, Diff:  0.0, Sum:  0.0, Workers: 6
[37.921s][debug  ][gc,phases      ] GC(139)     Dead                           Min: 0, Avg:  0.0, Max: 0, Diff: 0, Sum: 0, Workers: 6
[37.921s][debug  ][gc,phases      ] GC(139)     Total                          Min: 0, Avg: 21.7, Max: 64, Diff: 64, Sum: 130, Workers: 6
[37.921s][debug  ][gc,phases      ] GC(139)   JNI Weak                       Min:  0.0, Avg:  0.0, Max:  0.0, Diff:  0.0, Sum:  0.0, Workers: 6
[37.921s][debug  ][gc,phases      ] GC(139)     Dead                           Min: 0, Avg:  0.0, Max: 0, Diff: 0, Sum: 0, Workers: 6
[37.921s][debug  ][gc,phases      ] GC(139)     Total                          Min: 0, Avg:  0.0, Max: 0, Diff: 0, Sum: 0, Workers: 6
[37.921s][debug  ][gc,phases      ] GC(139)   StringDedup Table Weak         Min:  0.0, Avg:  0.0, Max:  0.0, Diff:  0.0, Sum:  0.0, Workers: 6
[37.921s][debug  ][gc,phases      ] GC(139)     Dead                           Min: 0, Avg:  0.0, Max: 0, Diff: 0, Sum: 0, Workers: 6
[37.921s][debug  ][gc,phases      ] GC(139)     Total                          Min: 0, Avg:  0.0, Max: 0, Diff: 0, Sum: 0, Workers: 6
[37.921s][debug  ][gc,phases      ] GC(139)   StringDedup Requests0 Weak     Min:  0.0, Avg:  0.0, Max:  0.0, Diff:  0.0, Sum:  0.0, Workers: 6
[37.921s][debug  ][gc,phases      ] GC(139)     Dead                           Min: 0, Avg:  0.0, Max: 0, Diff: 0, Sum: 0, Workers: 6
[37.921s][debug  ][gc,phases      ] GC(139)     Total                          Min: 0, Avg:  0.0, Max: 0, Diff: 0, Sum: 0, Workers: 6
[37.921s][debug  ][gc,phases      ] GC(139)   StringDedup Requests1 Weak     Min:  0.0, Avg:  0.0, Max:  0.0, Diff:  0.0, Sum:  0.0, Workers: 6
[37.921s][debug  ][gc,phases      ] GC(139)     Dead                           Min: 0, Avg:  0.0, Max: 0, Diff: 0, Sum: 0, Workers: 6
[37.921s][debug  ][gc,phases      ] GC(139)     Total                          Min: 0, Avg:  0.0, Max: 0, Diff: 0, Sum: 0, Workers: 6
[37.921s][debug  ][gc,phases      ] GC(139)   Weak JFR Old Object Samples    Min:  0.0, Avg:  0.0, Max:  0.0, Diff:  0.0, Sum:  0.0, Workers: 6
[37.921s][debug  ][gc,phases      ] GC(139)     Dead                           Min: 0, Avg:  0.0, Max: 0, Diff: 0, Sum: 0, Workers: 6
[37.921s][debug  ][gc,phases      ] GC(139)     Total                          Min: 0, Avg:  0.0, Max: 0, Diff: 0, Sum: 0, Workers: 6
[37.921s][debug  ][gc,phases      ] GC(139) Weak Processing 0.711ms
[37.921s][debug  ][gc,ergo        ] GC(139) AdaptiveSizeStart:  collection: 140 
[37.921s][debug  ][gc,ergo        ] GC(139) avg_survived_padded_avg: 32062928.000000
[37.921s][debug  ][gc,ergo        ] GC(139) avg_promoted_padded_avg: 257530080.000000  avg_pretenured_padded_avg: 0.000000  tenuring_thresh: 15  target_size: 32505856
[37.921s][debug  ][gc,age         ] GC(139) Desired survivor size 32505856 bytes, new threshold 15 (max threshold 15)
[37.921s][debug  ][gc,ergo        ] GC(139) PSAdaptiveSizePolicy::compute_eden_space_size limits: desired_eden_size: 223073639 old_eden_size: 203423744 eden_limit: 203423744 cur_eden: 203423744 max_eden_size: 203423744 avg_young_live: 27339914
[37.921s][debug  ][gc,ergo        ] GC(139) PSAdaptiveSizePolicy::compute_eden_space_size: costs minor_time: 0.049849 major_cost: 0.053894 mutator_cost: 0.896257 throughput_goal: 0.990000
[37.921s][debug  ][gc,ergo        ] GC(139) Live_space: 1061508352 free_space: 1430257664
[37.921s][debug  ][gc,ergo        ] GC(139) Old eden_size: 203423744 desired_eden_size: 203423744
[37.921s][debug  ][gc,ergo        ] GC(139) AdaptiveSizeStop: collection: 140 
[37.921s][info   ][gc,heap        ] GC(139) PSYoungGen: 229142K(230400K)->30720K(230400K) Eden: 198422K(198656K)->0K(198656K) From: 30720K(31744K)->30720K(31744K)
[37.921s][info   ][gc,heap        ] GC(139) ParOldGen: 1250916K(1835008K)->1445477K(1835008K)
[37.921s][info   ][gc,metaspace   ] GC(139) Metaspace: 1022K(1216K)->1022K(1216K) NonClass: 939K(1024K)->939K(1024K) Class: 83K(192K)->83K(192K)
[37.921s][info   ][gc             ] GC(139) Pause Young (Allocation Failure) 1445M->1441M(2017M) 17.386ms
[37.921s][info   ][gc,cpu         ] GC(139) User=0.17s Sys=0.00s Real=0.02s
[37.921s][debug  ][gc,heap        ] GC(139) Heap after GC invocations=140 (full 22):
[37.921s][debug  ][gc,heap        ] GC(139)  PSYoungGen      total 230400K, used 30720K [0x00000000f0000000, 0x0000000100000000, 0x0000000100000000)
[37.921s][debug  ][gc,heap        ] GC(139)   eden space 198656K, 0% used [0x00000000f0000000,0x00000000f0000000,0x00000000fc200000)
[37.921s][debug  ][gc,heap        ] GC(139)   from space 31744K, 96% used [0x00000000fe100000,0x00000000fff00030,0x0000000100000000)
[37.921s][debug  ][gc,heap        ] GC(139)   to   space 31744K, 0% used [0x00000000fc200000,0x00000000fc200000,0x00000000fe100000)
[37.921s][debug  ][gc,heap        ] GC(139)  ParOldGen       total 1835008K, used 1445477K [0x0000000080000000, 0x00000000f0000000, 0x00000000f0000000)
[37.921s][debug  ][gc,heap        ] GC(139)   object space 1835008K, 78% used [0x0000000080000000,0x00000000d83994a8,0x00000000f0000000)
[37.921s][debug  ][gc,heap        ] GC(139)  Metaspace       used 1022K, committed 1216K, reserved 1056768K
[37.921s][debug  ][gc,heap        ] GC(139)   class space    used 83K, committed 192K, reserved 1048576K
[37.921s][debug  ][gc,task,time   ] GC(139) VM-Thread 379034292 379194709 379214045
[38.214s][debug  ][gc,heap        ] GC(140) Heap before GC invocations=141 (full 22):
[38.214s][debug  ][gc,heap        ] GC(140)  PSYoungGen      total 230400K, used 229154K [0x00000000f0000000, 0x0000000100000000, 0x0000000100000000)
[38.214s][debug  ][gc,heap        ] GC(140)   eden space 198656K, 99% used [0x00000000f0000000,0x00000000fc1c8968,0x00000000fc200000)
[38.214s][debug  ][gc,heap        ] GC(140)   from space 31744K, 96% used [0x00000000fe100000,0x00000000fff00030,0x0000000100000000)
[38.214s][debug  ][gc,heap        ] GC(140)   to   space 31744K, 0% used [0x00000000fc200000,0x00000000fc200000,0x00000000fe100000)
[38.214s][debug  ][gc,heap        ] GC(140)  ParOldGen       total 1835008K, used 1445477K [0x0000000080000000, 0x00000000f0000000, 0x00000000f0000000)
[38.214s][debug  ][gc,heap        ] GC(140)   object space 1835008K, 78% used [0x0000000080000000,0x00000000d83994a8,0x00000000f0000000)
[38.214s][debug  ][gc,heap        ] GC(140)  Metaspace       used 1022K, committed 1216K, reserved 1056768K
[38.214s][debug  ][gc,heap        ] GC(140)   class space    used 83K, committed 192K, reserved 1048576K
[38.214s][debug  ][gc,tlab        ] GC(140) TLAB totals: thrds: 1  refills: 1 max: 1 slow allocs: 18 max 18 waste: 27.4% gc: 3967032B max: 3967032B slow: 0B max: 0B
[38.214s][info   ][gc,start       ] GC(140) Pause Young (Allocation Failure)
[38.214s][debug  ][gc,phases,start] GC(140) Scavenge
[38.230s][debug  ][gc,phases      ] GC(140) Scavenge 15.817ms
[38.230s][debug  ][gc,phases,start] GC(140) Reference Processing
[38.230s][debug  ][gc,ref         ] GC(140) Skipped phase 1 of Reference Processing: no references
[38.230s][debug  ][gc,ref         ] GC(140) Skipped phase 2 of Reference Processing: no references
[38.230s][debug  ][gc,ref         ] GC(140) Skipped phase 3 of Reference Processing: no references
[38.230s][debug  ][gc,ref         ] GC(140) Skipped phase 4 of Reference Processing: no references
[38.230s][debug  ][gc,phases,ref  ] GC(140) Reference Processing: 0.1ms
[38.230s][debug  ][gc,phases,ref  ] GC(140)   Reconsider SoftReferences: 0.0ms
[38.230s][debug  ][gc,phases,ref  ] GC(140)     SoftRef (ms):                  skipped
[38.230s][debug  ][gc,phases,ref  ] GC(140)   Notify Soft/WeakReferences: 0.0ms
[38.230s][debug  ][gc,phases,ref  ] GC(140)     SoftRef (ms):                  skipped
[38.230s][debug  ][gc,phases,ref  ] GC(140)     WeakRef (ms):                  skipped
[38.230s][debug  ][gc,phases,ref  ] GC(140)     FinalRef (ms):                 skipped
[38.230s][debug  ][gc,phases,ref  ] GC(140)     Total (ms):                    skipped
[38.230s][debug  ][gc,phases,ref  ] GC(140)   Notify and keep alive finalizable: 0.0ms
[38.230s][debug  ][gc,phases,ref  ] GC(140)     FinalRef (ms):                 skipped
[38.230s][debug  ][gc,phases,ref  ] GC(140)   Notify PhantomReferences: 0.0ms
[38.230s][debug  ][gc,phases,ref  ] GC(140)     PhantomRef (ms):               skipped
[38.230s][debug  ][gc,phases,ref  ] GC(140)   SoftReference:
[38.230s][debug  ][gc,phases,ref  ] GC(140)     Discovered: 0
[38.230s][debug  ][gc,phases,ref  ] GC(140)     Cleared: 0
[38.230s][debug  ][gc,phases,ref  ] GC(140)   WeakReference:
[38.230s][debug  ][gc,phases,ref  ] GC(140)     Discovered: 0
[38.231s][debug  ][gc,phases,ref  ] GC(140)     Cleared: 0
[38.231s][debug  ][gc,phases,ref  ] GC(140)   FinalReference:
[38.231s][debug  ][gc,phases,ref  ] GC(140)     Discovered: 0
[38.231s][debug  ][gc,phases,ref  ] GC(140)     Cleared: 0
[38.231s][debug  ][gc,phases,ref  ] GC(140)   PhantomReference:
[38.231s][debug  ][gc,phases,ref  ] GC(140)     Discovered: 0
[38.231s][debug  ][gc,phases,ref  ] GC(140)     Cleared: 0
[38.231s][debug  ][gc,phases      ] GC(140) Reference Processing 0.818ms
[38.231s][debug  ][gc,phases,start] GC(140) Weak Processing
[38.231s][debug  ][gc,phases      ] GC(140)   VM Weak                        Min:  0.0, Avg:  0.0, Max:  0.0, Diff:  0.0, Sum:  0.0, Workers: 6
[38.231s][debug  ][gc,phases      ] GC(140)     Dead                           Min: 0, Avg:  0.0, Max: 0, Diff: 0, Sum: 0, Workers: 6
[38.231s][debug  ][gc,phases      ] GC(140)     Total                          Min: 0, Avg:  1.3, Max: 8, Diff: 8, Sum: 8, Workers: 6
[38.231s][debug  ][gc,phases      ] GC(140)   ObjectSynchronizer Weak        Min:  0.0, Avg:  0.0, Max:  0.0, Diff:  0.0, Sum:  0.0, Workers: 6
[38.231s][debug  ][gc,phases      ] GC(140)     Dead                           Min: 0, Avg:  0.0, Max: 0, Diff: 0, Sum: 0, Workers: 6
[38.231s][debug  ][gc,phases      ] GC(140)     Total                          Min: 0, Avg:  0.5, Max: 3, Diff: 3, Sum: 3, Workers: 6
[38.231s][debug  ][gc,phases      ] GC(140)   JVMTI Tag Weak OopStorage      Min:  0.0, Avg:  0.0, Max:  0.0, Diff:  0.0, Sum:  0.0, Workers: 6
[38.231s][debug  ][gc,phases      ] GC(140)     Dead                           Min: 0, Avg:  0.0, Max: 0, Diff: 0, Sum: 0, Workers: 6
[38.231s][debug  ][gc,phases      ] GC(140)     Total                          Min: 0, Avg:  0.0, Max: 0, Diff: 0, Sum: 0, Workers: 6
[38.231s][debug  ][gc,phases      ] GC(140)   StringTable Weak               Min:  0.0, Avg:  0.0, Max:  0.0, Diff:  0.0, Sum:  0.0, Workers: 6
[38.231s][debug  ][gc,phases      ] GC(140)     Dead                           Min: 0, Avg:  0.0, Max: 0, Diff: 0, Sum: 0, Workers: 6
[38.231s][debug  ][gc,phases      ] GC(140)     Total                          Min: 768, Avg: 892.3, Max: 1024, Diff: 256, Sum: 5354, Workers: 6
[38.231s][debug  ][gc,phases      ] GC(140)   ResolvedMethodTable Weak       Min:  0.0, Avg:  0.0, Max:  0.0, Diff:  0.0, Sum:  0.0, Workers: 6
[38.231s][debug  ][gc,phases      ] GC(140)     Dead                           Min: 0, Avg:  0.0, Max: 0, Diff: 0, Sum: 0, Workers: 6
[38.231s][debug  ][gc,phases      ] GC(140)     Total                          Min: 0, Avg: 21.7, Max: 64, Diff: 64, Sum: 130, Workers: 6
[38.231s][debug  ][gc,phases      ] GC(140)   JNI Weak                       Min:  0.0, Avg:  0.0, Max:  0.0, Diff:  0.0, Sum:  0.0, Workers: 6
[38.231s][debug  ][gc,phases      ] GC(140)     Dead                           Min: 0, Avg:  0.0, Max: 0, Diff: 0, Sum: 0, Workers: 6
[38.231s][debug  ][gc,phases      ] GC(140)     Total                          Min: 0, Avg:  0.0, Max: 0, Diff: 0, Sum: 0, Workers: 6
[38.231s][debug  ][gc,phases      ] GC(140)   StringDedup Table Weak         Min:  0.0, Avg:  0.0, Max:  0.0, Diff:  0.0, Sum:  0.0, Workers: 6
[38.231s][debug  ][gc,phases      ] GC(140)     Dead                           Min: 0, Avg:  0.0, Max: 0, Diff: 0, Sum: 0, Workers: 6
[38.231s][debug  ][gc,phases      ] GC(140)     Total                          Min: 0, Avg:  0.0, Max: 0, Diff: 0, Sum: 0, Workers: 6
[38.231s][debug  ][gc,phases      ] GC(140)   StringDedup Requests0 Weak     Min:  0.0, Avg:  0.0, Max:  0.0, Diff:  0.0, Sum:  0.0, Workers: 6
[38.231s][debug  ][gc,phases      ] GC(140)     Dead                           Min: 0, Avg:  0.0, Max: 0, Diff: 0, Sum: 0, Workers: 6
[38.231s][debug  ][gc,phases      ] GC(140)     Total                          Min: 0, Avg:  0.0, Max: 0, Diff: 0, Sum: 0, Workers: 6
[38.231s][debug  ][gc,phases      ] GC(140)   StringDedup Requests1 Weak     Min:  0.0, Avg:  0.0, Max:  0.0, Diff:  0.0, Sum:  0.0, Workers: 6
[38.231s][debug  ][gc,phases      ] GC(140)     Dead                           Min: 0, Avg:  0.0, Max: 0, Diff: 0, Sum: 0, Workers: 6
[38.231s][debug  ][gc,phases      ] GC(140)     Total                          Min: 0, Avg:  0.0, Max: 0, Diff: 0, Sum: 0, Workers: 6
[38.231s][debug  ][gc,phases      ] GC(140)   Weak JFR Old Object Samples    Min:  0.0, Avg:  0.0, Max:  0.0, Diff:  0.0, Sum:  0.0, Workers: 6
[38.231s][debug  ][gc,phases      ] GC(140)     Dead                           Min: 0, Avg:  0.0, Max: 0, Diff: 0, Sum: 0, Workers: 6
[38.231s][debug  ][gc,phases      ] GC(140)     Total                          Min: 0, Avg:  0.0, Max: 0, Diff: 0, Sum: 0, Workers: 6
[38.231s][debug  ][gc,phases      ] GC(140) Weak Processing 0.734ms
[38.231s][debug  ][gc,ergo        ] GC(140) AdaptiveSizeStart:  collection: 141 
[38.232s][debug  ][gc,ergo        ] GC(140) avg_survived_padded_avg: 32013600.000000
[38.232s][debug  ][gc,ergo        ] GC(140) avg_promoted_padded_avg: 260493552.000000  avg_pretenured_padded_avg: 0.000000  tenuring_thresh: 15  target_size: 32505856
[38.232s][debug  ][gc,age         ] GC(140) Desired survivor size 32505856 bytes, new threshold 15 (max threshold 15)
[38.232s][debug  ][gc,ergo        ] GC(140) PSAdaptiveSizePolicy::compute_eden_space_size limits: desired_eden_size: 223401000 old_eden_size: 203423744 eden_limit: 203423744 cur_eden: 203423744 max_eden_size: 203423744 avg_young_live: 27751656
[38.232s][debug  ][gc,ergo        ] GC(140) PSAdaptiveSizePolicy::compute_eden_space_size: costs minor_time: 0.051472 major_cost: 0.053894 mutator_cost: 0.894634 throughput_goal: 0.990000
[38.232s][debug  ][gc,ergo        ] GC(140) Live_space: 1061920128 free_space: 1430257664
[38.232s][debug  ][gc,ergo        ] GC(140) Old eden_size: 203423744 desired_eden_size: 203423744
[38.232s][debug  ][gc,ergo        ] GC(140) AdaptiveSizeStop: collection: 141 
[38.232s][info   ][gc,heap        ] GC(140) PSYoungGen: 229154K(230400K)->30720K(230400K) Eden: 198434K(198656K)->0K(198656K) From: 30720K(31744K)->30720K(31744K)
[38.232s][info   ][gc,heap        ] GC(140) ParOldGen: 1445477K(1835008K)->1640037K(1835008K)
[38.232s][info   ][gc,metaspace   ] GC(140) Metaspace: 1022K(1216K)->1022K(1216K) NonClass: 939K(1024K)->939K(1024K) Class: 83K(192K)->83K(192K)
[38.232s][info   ][gc             ] GC(140) Pause Young (Allocation Failure) 1635M->1631M(2017M) 17.819ms
[38.232s][info   ][gc,cpu         ] GC(140) User=0.14s Sys=0.00s Real=0.02s
[38.232s][debug  ][gc,heap        ] GC(140) Heap after GC invocations=141 (full 22):
[38.232s][debug  ][gc,heap        ] GC(140)  PSYoungGen      total 230400K, used 30720K [0x00000000f0000000, 0x0000000100000000, 0x0000000100000000)
[38.232s][debug  ][gc,heap        ] GC(140)   eden space 198656K, 0% used [0x00000000f0000000,0x00000000f0000000,0x00000000fc200000)
[38.232s][debug  ][gc,heap        ] GC(140)   from space 31744K, 96% used [0x00000000fc200000,0x00000000fe000030,0x00000000fe100000)
[38.232s][debug  ][gc,heap        ] GC(140)   to   space 31744K, 0% used [0x00000000fe100000,0x00000000fe100000,0x0000000100000000)
[38.232s][debug  ][gc,heap        ] GC(140)  ParOldGen       total 1835008K, used 1640037K [0x0000000080000000, 0x00000000f0000000, 0x00000000f0000000)
[38.232s][debug  ][gc,heap        ] GC(140)   object space 1835008K, 89% used [0x0000000080000000,0x00000000e41995d8,0x00000000f0000000)
[38.232s][debug  ][gc,heap        ] GC(140)  Metaspace       used 1022K, committed 1216K, reserved 1056768K
[38.232s][debug  ][gc,heap        ] GC(140)   class space    used 83K, committed 192K, reserved 1048576K
[38.232s][debug  ][gc,task,time   ] GC(140) VM-Thread 382136150 382298813 382320124
[38.232s][debug  ][gc,phases,start] GC(141) Pre Compact
[38.232s][debug  ][gc,heap        ] GC(141) Heap before GC invocations=142 (full 23):
[38.232s][debug  ][gc,heap        ] GC(141)  PSYoungGen      total 230400K, used 30720K [0x00000000f0000000, 0x0000000100000000, 0x0000000100000000)
[38.232s][debug  ][gc,heap        ] GC(141)   eden space 198656K, 0% used [0x00000000f0000000,0x00000000f0000000,0x00000000fc200000)
[38.232s][debug  ][gc,heap        ] GC(141)   from space 31744K, 96% used [0x00000000fc200000,0x00000000fe000030,0x00000000fe100000)
[38.232s][debug  ][gc,heap        ] GC(141)   to   space 31744K, 0% used [0x00000000fe100000,0x00000000fe100000,0x0000000100000000)
[38.232s][debug  ][gc,heap        ] GC(141)  ParOldGen       total 1835008K, used 1640037K [0x0000000080000000, 0x00000000f0000000, 0x00000000f0000000)
[38.232s][debug  ][gc,heap        ] GC(141)   object space 1835008K, 89% used [0x0000000080000000,0x00000000e41995d8,0x00000000f0000000)
[38.232s][debug  ][gc,heap        ] GC(141)  Metaspace       used 1022K, committed 1216K, reserved 1056768K
[38.232s][debug  ][gc,heap        ] GC(141)   class space    used 83K, committed 192K, reserved 1048576K
[38.232s][debug  ][gc,phases      ] GC(141) Pre Compact 0.215ms
[38.232s][info   ][gc,start       ] GC(141) Pause Full (Ergonomics)
[38.232s][info   ][gc,phases,start] GC(141) Marking Phase
[38.232s][debug  ][gc,phases,start] GC(141) Par Mark
[38.233s][debug  ][gc,phases      ] GC(141) Par Mark 0.496ms
[38.233s][debug  ][gc,phases,start] GC(141) Reference Processing
[38.233s][debug  ][gc,ref         ] GC(141) Skipped phase 1 of Reference Processing: no references
[38.233s][debug  ][gc,ref         ] GC(141) ReferenceProcessor::execute queues: 1, RefProcThreadModel::Single, marks_oops_alive: false
[38.233s][debug  ][gc,ref         ] GC(141) Skipped phase 3 of Reference Processing: no references
[38.233s][debug  ][gc,ref         ] GC(141) ReferenceProcessor::execute queues: 1, RefProcThreadModel::Single, marks_oops_alive: false
[38.233s][debug  ][gc,phases,ref  ] GC(141) Reference Processing: 0.1ms
[38.233s][debug  ][gc,phases,ref  ] GC(141)   Reconsider SoftReferences: 0.0ms
[38.233s][debug  ][gc,phases,ref  ] GC(141)     SoftRef (ms):                  skipped
[38.233s][debug  ][gc,phases,ref  ] GC(141)   Notify Soft/WeakReferences: 0.0ms
[38.233s][debug  ][gc,phases,ref  ] GC(141)     SoftRef (ms):                  Min:  0.0, Avg:  0.0, Max:  0.0, Diff:  0.0, Sum:  0.0, Workers: 12
[38.233s][debug  ][gc,phases,ref  ] GC(141)     WeakRef (ms):                  Min:  0.0, Avg:  0.0, Max:  0.0, Diff:  0.0, Sum:  0.0, Workers: 12
[38.233s][debug  ][gc,phases,ref  ] GC(141)     FinalRef (ms):                 Min:  0.0, Avg:  0.0, Max:  0.0, Diff:  0.0, Sum:  0.0, Workers: 12
[38.233s][debug  ][gc,phases,ref  ] GC(141)     Total (ms):                    Min:  0.0, Avg:  0.0, Max:  0.0, Diff:  0.0, Sum:  0.0, Workers: 12
[38.233s][debug  ][gc,phases,ref  ] GC(141)   Notify and keep alive finalizable: 0.0ms
[38.233s][debug  ][gc,phases,ref  ] GC(141)     FinalRef (ms):                 skipped
[38.233s][debug  ][gc,phases,ref  ] GC(141)   Notify PhantomReferences: 0.0ms
[38.233s][debug  ][gc,phases,ref  ] GC(141)     PhantomRef (ms):               Min:  0.0, Avg:  0.0, Max:  0.0, Diff:  0.0, Sum:  0.0, Workers: 12
[38.233s][debug  ][gc,phases,ref  ] GC(141)   SoftReference:
[38.233s][debug  ][gc,phases,ref  ] GC(141)     Discovered: 0
[38.233s][debug  ][gc,phases,ref  ] GC(141)     Cleared: 0
[38.233s][debug  ][gc,phases,ref  ] GC(141)   WeakReference:
[38.233s][debug  ][gc,phases,ref  ] GC(141)     Discovered: 70
[38.233s][debug  ][gc,phases,ref  ] GC(141)     Cleared: 70
[38.234s][debug  ][gc,phases,ref  ] GC(141)   FinalReference:
[38.234s][debug  ][gc,phases,ref  ] GC(141)     Discovered: 0
[38.234s][debug  ][gc,phases,ref  ] GC(141)     Cleared: 0
[38.234s][debug  ][gc,phases,ref  ] GC(141)   PhantomReference:
[38.234s][debug  ][gc,phases,ref  ] GC(141)     Discovered: 3
[38.234s][debug  ][gc,phases,ref  ] GC(141)     Cleared: 3
[38.234s][debug  ][gc,phases      ] GC(141) Reference Processing 0.830ms
[38.234s][debug  ][gc,phases,start] GC(141) Weak Processing
[38.234s][debug  ][gc,phases      ] GC(141)   VM Weak                        Min:  0.0, Avg:  0.0, Max:  0.0, Diff:  0.0, Sum:  0.0, Workers: 6
[38.234s][debug  ][gc,phases      ] GC(141)     Dead                           Min: 0, Avg:  0.0, Max: 0, Diff: 0, Sum: 0, Workers: 6
[38.234s][debug  ][gc,phases      ] GC(141)     Total                          Min: 0, Avg:  1.3, Max: 8, Diff: 8, Sum: 8, Workers: 6
[38.234s][debug  ][gc,phases      ] GC(141)   ObjectSynchronizer Weak        Min:  0.0, Avg:  0.0, Max:  0.0, Diff:  0.0, Sum:  0.0, Workers: 6
[38.234s][debug  ][gc,phases      ] GC(141)     Dead                           Min: 0, Avg:  0.0, Max: 0, Diff: 0, Sum: 0, Workers: 6
[38.234s][debug  ][gc,phases      ] GC(141)     Total                          Min: 0, Avg:  0.5, Max: 3, Diff: 3, Sum: 3, Workers: 6
[38.234s][debug  ][gc,phases      ] GC(141)   JVMTI Tag Weak OopStorage      Min:  0.0, Avg:  0.0, Max:  0.0, Diff:  0.0, Sum:  0.0, Workers: 6
[38.234s][debug  ][gc,phases      ] GC(141)     Dead                           Min: 0, Avg:  0.0, Max: 0, Diff: 0, Sum: 0, Workers: 6
[38.234s][debug  ][gc,phases      ] GC(141)     Total                          Min: 0, Avg:  0.0, Max: 0, Diff: 0, Sum: 0, Workers: 6
[38.234s][debug  ][gc,phases      ] GC(141)   StringTable Weak               Min:  0.0, Avg:  0.0, Max:  0.0, Diff:  0.0, Sum:  0.1, Workers: 6
[38.234s][debug  ][gc,phases      ] GC(141)     Dead                           Min: 0, Avg:  0.0, Max: 0, Diff: 0, Sum: 0, Workers: 6
[38.234s][debug  ][gc,phases      ] GC(141)     Total                          Min: 703, Avg: 892.3, Max: 1216, Diff: 513, Sum: 5354, Workers: 6
[38.234s][debug  ][gc,phases      ] GC(141)   ResolvedMethodTable Weak       Min:  0.0, Avg:  0.0, Max:  0.0, Diff:  0.0, Sum:  0.0, Workers: 6
[38.234s][debug  ][gc,phases      ] GC(141)     Dead                           Min: 0, Avg:  0.0, Max: 0, Diff: 0, Sum: 0, Workers: 6
[38.234s][debug  ][gc,phases      ] GC(141)     Total                          Min: 0, Avg: 21.7, Max: 64, Diff: 64, Sum: 130, Workers: 6
[38.234s][debug  ][gc,phases      ] GC(141)   JNI Weak                       Min:  0.0, Avg:  0.0, Max:  0.0, Diff:  0.0, Sum:  0.0, Workers: 6
[38.234s][debug  ][gc,phases      ] GC(141)     Dead                           Min: 0, Avg:  0.0, Max: 0, Diff: 0, Sum: 0, Workers: 6
[38.234s][debug  ][gc,phases      ] GC(141)     Total                          Min: 0, Avg:  0.0, Max: 0, Diff: 0, Sum: 0, Workers: 6
[38.234s][debug  ][gc,phases      ] GC(141)   StringDedup Table Weak         Min:  0.0, Avg:  0.0, Max:  0.0, Diff:  0.0, Sum:  0.0, Workers: 6
[38.234s][debug  ][gc,phases      ] GC(141)     Dead                           Min: 0, Avg:  0.0, Max: 0, Diff: 0, Sum: 0, Workers: 6
[38.234s][debug  ][gc,phases      ] GC(141)     Total                          Min: 0, Avg:  0.0, Max: 0, Diff: 0, Sum: 0, Workers: 6
[38.234s][debug  ][gc,phases      ] GC(141)   StringDedup Requests0 Weak     Min:  0.0, Avg:  0.0, Max:  0.0, Diff:  0.0, Sum:  0.0, Workers: 6
[38.234s][debug  ][gc,phases      ] GC(141)     Dead                           Min: 0, Avg:  0.0, Max: 0, Diff: 0, Sum: 0, Workers: 6
[38.234s][debug  ][gc,phases      ] GC(141)     Total                          Min: 0, Avg:  0.0, Max: 0, Diff: 0, Sum: 0, Workers: 6
[38.234s][debug  ][gc,phases      ] GC(141)   StringDedup Requests1 Weak     Min:  0.0, Avg:  0.0, Max:  0.0, Diff:  0.0, Sum:  0.0, Workers: 6
[38.234s][debug  ][gc,phases      ] GC(141)     Dead                           Min: 0, Avg:  0.0, Max: 0, Diff: 0, Sum: 0, Workers: 6
[38.234s][debug  ][gc,phases      ] GC(141)     Total                          Min: 0, Avg:  0.0, Max: 0, Diff: 0, Sum: 0, Workers: 6
[38.234s][debug  ][gc,phases      ] GC(141)   Weak JFR Old Object Samples    Min:  0.0, Avg:  0.0, Max:  0.0, Diff:  0.0, Sum:  0.0, Workers: 6
[38.234s][debug  ][gc,phases      ] GC(141)     Dead                           Min: 0, Avg:  0.0, Max: 0, Diff: 0, Sum: 0, Workers: 6
[38.234s][debug  ][gc,phases      ] GC(141)     Total                          Min: 0, Avg:  0.0, Max: 0, Diff: 0, Sum: 0, Workers: 6
[38.234s][debug  ][gc,phases      ] GC(141) Weak Processing 0.725ms
[38.234s][debug  ][gc,phases,start] GC(141) Class Unloading
[38.234s][debug  ][gc,phases,start] GC(141) ClassLoaderData
[38.235s][debug  ][gc,phases      ] GC(141) ClassLoaderData 0.021ms
[38.235s][debug  ][gc,phases,start] GC(141) Trigger cleanups
[38.235s][debug  ][gc,phases      ] GC(141) Trigger cleanups 0.019ms
[38.235s][debug  ][gc,phases      ] GC(141) Class Unloading 0.262ms
[38.235s][info   ][gc,phases      ] GC(141) Marking Phase 2.454ms
[38.235s][info   ][gc,phases,start] GC(141) Summary Phase
[38.235s][info   ][gc,phases      ] GC(141) Summary Phase 0.044ms
[38.235s][info   ][gc,phases,start] GC(141) Adjust Roots
[38.235s][info   ][gc,phases      ] GC(141) Adjust Roots 0.162ms
[38.235s][info   ][gc,phases,start] GC(141) Compaction Phase
[38.316s][info   ][gc,phases      ] GC(141) Compaction Phase 80.673ms
[38.316s][info   ][gc,phases,start] GC(141) Post Compact
[38.323s][info   ][gc,phases      ] GC(141) Post Compact 6.761ms
[38.323s][debug  ][gc,ergo        ] GC(141) AdaptiveSizeStart: collection: 142 
[38.323s][debug  ][gc,ergo        ] GC(141) PSAdaptiveSizePolicy::compute_eden_space_size limits: desired_eden_size: 223359076 old_eden_size: 203423744 eden_limit: 203423744 cur_eden: 203423744 max_eden_size: 203423744 avg_young_live: 24976492
[38.323s][debug  ][gc,ergo        ] GC(141) PSAdaptiveSizePolicy::compute_eden_space_size: costs minor_time: 0.051472 major_cost: 0.054116 mutator_cost: 0.894412 throughput_goal: 0.990000
[38.323s][debug  ][gc,ergo        ] GC(141) Live_space: 1059144960 free_space: 1430257664
[38.323s][debug  ][gc,ergo        ] GC(141) Old eden_size: 203423744 desired_eden_size: 203423744
[38.323s][debug  ][gc,ergo        ] GC(141) PSAdaptiveSizePolicy::compute_old_gen_free_space limits: desired_promo_size: 1352588710 promo_limit: 1226833920 free_in_old_gen: 1115272064 max_old_gen_size: 1879048192 avg_old_live: 763776128
[38.323s][debug  ][gc,ergo        ] GC(141) PSAdaptiveSizePolicy::compute_old_gen_free_space: costs minor_time: 0.051472 major_cost: 0.054116  mutator_cost: 0.894412 throughput_goal: 0.990000
[38.323s][debug  ][gc,ergo        ] GC(141) Live_space: 1057188096 free_space: 1430257664
[38.323s][debug  ][gc,ergo        ] GC(141) Old promo_size: 1226833920 desired_promo_size: 1226833920
[38.323s][debug  ][gc,ergo        ] GC(141) AdaptiveSizeStop: collection: 142 
[38.323s][info   ][gc,heap        ] GC(141) PSYoungGen: 30720K(230400K)->0K(230400K) Eden: 0K(198656K)->0K(198656K) From: 30720K(31744K)->0K(31744K)
[38.323s][info   ][gc,heap        ] GC(141) ParOldGen: 1640037K(1835008K)->728676K(1835008K)
[38.323s][info   ][gc,metaspace   ] GC(141) Metaspace: 1022K(1216K)->1022K(1216K) NonClass: 939K(1024K)->939K(1024K) Class: 83K(192K)->83K(192K)
[38.323s][info   ][gc             ] GC(141) Pause Full (Ergonomics) 1631M->711M(2017M) 90.801ms
[38.323s][info   ][gc,cpu         ] GC(141) User=0.86s Sys=0.00s Real=0.09s
[38.323s][debug  ][gc,heap        ] GC(141) Heap after GC invocations=142 (full 23):
[38.323s][debug  ][gc,heap        ] GC(141)  PSYoungGen      total 230400K, used 0K [0x00000000f0000000, 0x0000000100000000, 0x0000000100000000)
[38.323s][debug  ][gc,heap        ] GC(141)   eden space 198656K, 0% used [0x00000000f0000000,0x00000000f0000000,0x00000000fc200000)
[38.323s][debug  ][gc,heap        ] GC(141)   from space 31744K, 0% used [0x00000000fe100000,0x00000000fe100000,0x0000000100000000)
[38.323s][debug  ][gc,heap        ] GC(141)   to   space 31744K, 0% used [0x00000000fc200000,0x00000000fc200000,0x00000000fe100000)
[38.323s][debug  ][gc,heap        ] GC(141)  ParOldGen       total 1835008K, used 728676K [0x0000000080000000, 0x00000000f0000000, 0x00000000f0000000)
[38.323s][debug  ][gc,heap        ] GC(141)   object space 1835008K, 39% used [0x0000000080000000,0x00000000ac799048,0x00000000f0000000)
[38.323s][debug  ][gc,heap        ] GC(141)  Metaspace       used 1022K, committed 1216K, reserved 1056768K
[38.323s][debug  ][gc,heap        ] GC(141)   class space    used 83K, committed 192K, reserved 1048576K
[38.323s][debug  ][gc,task,time   ] GC(141) VM-Thread 382323021 382350550 383231319
[38.617s][debug  ][gc,heap        ] GC(142) Heap before GC invocations=143 (full 23):
[38.617s][debug  ][gc,heap        ] GC(142)  PSYoungGen      total 230400K, used 198441K [0x00000000f0000000, 0x0000000100000000, 0x0000000100000000)
[38.617s][debug  ][gc,heap        ] GC(142)   eden space 198656K, 99% used [0x00000000f0000000,0x00000000fc1ca780,0x00000000fc200000)
[38.617s][debug  ][gc,heap        ] GC(142)   from space 31744K, 0% used [0x00000000fe100000,0x00000000fe100000,0x0000000100000000)
[38.617s][debug  ][gc,heap        ] GC(142)   to   space 31744K, 0% used [0x00000000fc200000,0x00000000fc200000,0x00000000fe100000)
[38.617s][debug  ][gc,heap        ] GC(142)  ParOldGen       total 1835008K, used 728676K [0x0000000080000000, 0x00000000f0000000, 0x00000000f0000000)
[38.617s][debug  ][gc,heap        ] GC(142)   object space 1835008K, 39% used [0x0000000080000000,0x00000000ac799048,0x00000000f0000000)
[38.617s][debug  ][gc,heap        ] GC(142)  Metaspace       used 1022K, committed 1216K, reserved 1056768K
[38.617s][debug  ][gc,heap        ] GC(142)   class space    used 83K, committed 192K, reserved 1048576K
[38.617s][debug  ][gc,tlab        ] GC(142) TLAB totals: thrds: 1  refills: 1 max: 1 slow allocs: 18 max 18 waste: 27.5% gc: 3974736B max: 3974736B slow: 0B max: 0B
[38.617s][info   ][gc,start       ] GC(142) Pause Young (Allocation Failure)
[38.617s][debug  ][gc,phases,start] GC(142) Scavenge
[38.630s][debug  ][gc,phases      ] GC(142) Scavenge 13.092ms
[38.630s][debug  ][gc,phases,start] GC(142) Reference Processing
[38.630s][debug  ][gc,ref         ] GC(142) Skipped phase 1 of Reference Processing: no references
[38.630s][debug  ][gc,ref         ] GC(142) Skipped phase 2 of Reference Processing: no references
[38.630s][debug  ][gc,ref         ] GC(142) Skipped phase 3 of Reference Processing: no references
[38.631s][debug  ][gc,ref         ] GC(142) Skipped phase 4 of Reference Processing: no references
[38.631s][debug  ][gc,phases,ref  ] GC(142) Reference Processing: 0.1ms
[38.631s][debug  ][gc,phases,ref  ] GC(142)   Reconsider SoftReferences: 0.0ms
[38.631s][debug  ][gc,phases,ref  ] GC(142)     SoftRef (ms):                  skipped
[38.631s][debug  ][gc,phases,ref  ] GC(142)   Notify Soft/WeakReferences: 0.0ms
[38.631s][debug  ][gc,phases,ref  ] GC(142)     SoftRef (ms):                  skipped
[38.631s][debug  ][gc,phases,ref  ] GC(142)     WeakRef (ms):                  skipped
[38.631s][debug  ][gc,phases,ref  ] GC(142)     FinalRef (ms):                 skipped
[38.631s][debug  ][gc,phases,ref  ] GC(142)     Total (ms):                    skipped
[38.631s][debug  ][gc,phases,ref  ] GC(142)   Notify and keep alive finalizable: 0.0ms
[38.631s][debug  ][gc,phases,ref  ] GC(142)     FinalRef (ms):                 skipped
[38.631s][debug  ][gc,phases,ref  ] GC(142)   Notify PhantomReferences: 0.0ms
[38.631s][debug  ][gc,phases,ref  ] GC(142)     PhantomRef (ms):               skipped
[38.631s][debug  ][gc,phases,ref  ] GC(142)   SoftReference:
[38.631s][debug  ][gc,phases,ref  ] GC(142)     Discovered: 0
[38.631s][debug  ][gc,phases,ref  ] GC(142)     Cleared: 0
[38.631s][debug  ][gc,phases,ref  ] GC(142)   WeakReference:
[38.631s][debug  ][gc,phases,ref  ] GC(142)     Discovered: 0
[38.631s][debug  ][gc,phases,ref  ] GC(142)     Cleared: 0
[38.631s][debug  ][gc,phases,ref  ] GC(142)   FinalReference:
[38.631s][debug  ][gc,phases,ref  ] GC(142)     Discovered: 0
[38.631s][debug  ][gc,phases,ref  ] GC(142)     Cleared: 0
[38.631s][debug  ][gc,phases,ref  ] GC(142)   PhantomReference:
[38.631s][debug  ][gc,phases,ref  ] GC(142)     Discovered: 0
[38.631s][debug  ][gc,phases,ref  ] GC(142)     Cleared: 0
[38.631s][debug  ][gc,phases      ] GC(142) Reference Processing 0.625ms
[38.631s][debug  ][gc,phases,start] GC(142) Weak Processing
[38.631s][debug  ][gc,phases      ] GC(142)   VM Weak                        Min:  0.0, Avg:  0.0, Max:  0.0, Diff:  0.0, Sum:  0.0, Workers: 6
[38.631s][debug  ][gc,phases      ] GC(142)     Dead                           Min: 0, Avg:  0.0, Max: 0, Diff: 0, Sum: 0, Workers: 6
[38.631s][debug  ][gc,phases      ] GC(142)     Total                          Min: 0, Avg:  1.3, Max: 8, Diff: 8, Sum: 8, Workers: 6
[38.631s][debug  ][gc,phases      ] GC(142)   ObjectSynchronizer Weak        Min:  0.0, Avg:  0.0, Max:  0.0, Diff:  0.0, Sum:  0.0, Workers: 6
[38.631s][debug  ][gc,phases      ] GC(142)     Dead                           Min: 0, Avg:  0.0, Max: 0, Diff: 0, Sum: 0, Workers: 6
[38.631s][debug  ][gc,phases      ] GC(142)     Total                          Min: 0, Avg:  0.5, Max: 3, Diff: 3, Sum: 3, Workers: 6
[38.631s][debug  ][gc,phases      ] GC(142)   JVMTI Tag Weak OopStorage      Min:  0.0, Avg:  0.0, Max:  0.0, Diff:  0.0, Sum:  0.0, Workers: 6
[38.631s][debug  ][gc,phases      ] GC(142)     Dead                           Min: 0, Avg:  0.0, Max: 0, Diff: 0, Sum: 0, Workers: 6
[38.631s][debug  ][gc,phases      ] GC(142)     Total                          Min: 0, Avg:  0.0, Max: 0, Diff: 0, Sum: 0, Workers: 6
[38.631s][debug  ][gc,phases      ] GC(142)   StringTable Weak               Min:  0.0, Avg:  0.0, Max:  0.0, Diff:  0.0, Sum:  0.0, Workers: 6
[38.631s][debug  ][gc,phases      ] GC(142)     Dead                           Min: 0, Avg:  0.0, Max: 0, Diff: 0, Sum: 0, Workers: 6
[38.631s][debug  ][gc,phases      ] GC(142)     Total                          Min: 639, Avg: 892.3, Max: 1195, Diff: 556, Sum: 5354, Workers: 6
[38.631s][debug  ][gc,phases      ] GC(142)   ResolvedMethodTable Weak       Min:  0.0, Avg:  0.0, Max:  0.0, Diff:  0.0, Sum:  0.0, Workers: 6
[38.631s][debug  ][gc,phases      ] GC(142)     Dead                           Min: 0, Avg:  0.0, Max: 0, Diff: 0, Sum: 0, Workers: 6
[38.631s][debug  ][gc,phases      ] GC(142)     Total                          Min: 0, Avg: 21.7, Max: 64, Diff: 64, Sum: 130, Workers: 6
[38.631s][debug  ][gc,phases      ] GC(142)   JNI Weak                       Min:  0.0, Avg:  0.0, Max:  0.0, Diff:  0.0, Sum:  0.0, Workers: 6
[38.631s][debug  ][gc,phases      ] GC(142)     Dead                           Min: 0, Avg:  0.0, Max: 0, Diff: 0, Sum: 0, Workers: 6
[38.631s][debug  ][gc,phases      ] GC(142)     Total                          Min: 0, Avg:  0.0, Max: 0, Diff: 0, Sum: 0, Workers: 6
[38.632s][debug  ][gc,phases      ] GC(142)   StringDedup Table Weak         Min:  0.0, Avg:  0.0, Max:  0.0, Diff:  0.0, Sum:  0.0, Workers: 6
[38.632s][debug  ][gc,phases      ] GC(142)     Dead                           Min: 0, Avg:  0.0, Max: 0, Diff: 0, Sum: 0, Workers: 6
[38.632s][debug  ][gc,phases      ] GC(142)     Total                          Min: 0, Avg:  0.0, Max: 0, Diff: 0, Sum: 0, Workers: 6
[38.632s][debug  ][gc,phases      ] GC(142)   StringDedup Requests0 Weak     Min:  0.0, Avg:  0.0, Max:  0.0, Diff:  0.0, Sum:  0.0, Workers: 6
[38.632s][debug  ][gc,phases      ] GC(142)     Dead                           Min: 0, Avg:  0.0, Max: 0, Diff: 0, Sum: 0, Workers: 6
[38.632s][debug  ][gc,phases      ] GC(142)     Total                          Min: 0, Avg:  0.0, Max: 0, Diff: 0, Sum: 0, Workers: 6
[38.632s][debug  ][gc,phases      ] GC(142)   StringDedup Requests1 Weak     Min:  0.0, Avg:  0.0, Max:  0.0, Diff:  0.0, Sum:  0.0, Workers: 6
[38.632s][debug  ][gc,phases      ] GC(142)     Dead                           Min: 0, Avg:  0.0, Max: 0, Diff: 0, Sum: 0, Workers: 6
[38.632s][debug  ][gc,phases      ] GC(142)     Total                          Min: 0, Avg:  0.0, Max: 0, Diff: 0, Sum: 0, Workers: 6
[38.632s][debug  ][gc,phases      ] GC(142)   Weak JFR Old Object Samples    Min:  0.0, Avg:  0.0, Max:  0.0, Diff:  0.0, Sum:  0.0, Workers: 6
[38.632s][debug  ][gc,phases      ] GC(142)     Dead                           Min: 0, Avg:  0.0, Max: 0, Diff: 0, Sum: 0, Workers: 6
[38.632s][debug  ][gc,phases      ] GC(142)     Total                          Min: 0, Avg:  0.0, Max: 0, Diff: 0, Sum: 0, Workers: 6
[38.632s][debug  ][gc,phases      ] GC(142) Weak Processing 0.694ms
[38.632s][debug  ][gc,ergo        ] GC(142) AdaptiveSizeStart:  collection: 143 
[38.632s][debug  ][gc,ergo        ] GC(142) avg_survived_padded_avg: 31968080.000000
[38.632s][debug  ][gc,ergo        ] GC(142) avg_promoted_padded_avg: 251800768.000000  avg_pretenured_padded_avg: 0.000000  tenuring_thresh: 15  target_size: 31981568
[38.632s][debug  ][gc,age         ] GC(142) Desired survivor size 31981568 bytes, new threshold 15 (max threshold 15)
[38.632s][debug  ][gc,ergo        ] GC(142) PSAdaptiveSizePolicy::compute_eden_space_size limits: desired_eden_size: 222576279 old_eden_size: 203423744 eden_limit: 203423744 cur_eden: 203423744 max_eden_size: 203423744 avg_young_live: 25624574
[38.632s][debug  ][gc,ergo        ] GC(142) PSAdaptiveSizePolicy::compute_eden_space_size: costs minor_time: 0.047671 major_cost: 0.054116 mutator_cost: 0.898214 throughput_goal: 0.990000
[38.632s][debug  ][gc,ergo        ] GC(142) Live_space: 1057836160 free_space: 1430257664
[38.632s][debug  ][gc,ergo        ] GC(142) Old eden_size: 203423744 desired_eden_size: 203423744
[38.632s][debug  ][gc,ergo        ] GC(142) AdaptiveSizeStop: collection: 143 
[38.632s][info   ][gc,heap        ] GC(142) PSYoungGen: 198441K(230400K)->30720K(230400K) Eden: 198441K(198656K)->0K(198656K) From: 0K(31744K)->30720K(31744K)
[38.632s][info   ][gc,heap        ] GC(142) ParOldGen: 728676K(1835008K)->892516K(1835008K)
[38.632s][info   ][gc,metaspace   ] GC(142) Metaspace: 1022K(1216K)->1022K(1216K) NonClass: 939K(1024K)->939K(1024K) Class: 83K(192K)->83K(192K)
[38.632s][info   ][gc             ] GC(142) Pause Young (Allocation Failure) 905M->901M(2017M) 14.823ms
[38.632s][info   ][gc,cpu         ] GC(142) User=0.12s Sys=0.00s Real=0.02s
[38.632s][debug  ][gc,heap        ] GC(142) Heap after GC invocations=143 (full 23):
[38.632s][debug  ][gc,heap        ] GC(142)  PSYoungGen      total 230400K, used 30720K [0x00000000f0000000, 0x0000000100000000, 0x0000000100000000)
[38.632s][debug  ][gc,heap        ] GC(142)   eden space 198656K, 0% used [0x00000000f0000000,0x00000000f0000000,0x00000000fc200000)
[38.632s][debug  ][gc,heap        ] GC(142)   from space 31744K, 96% used [0x00000000fc200000,0x00000000fe000030,0x00000000fe100000)
[38.632s][debug  ][gc,heap        ] GC(142)   to   space 31232K, 0% used [0x00000000fe180000,0x00000000fe180000,0x0000000100000000)
[38.632s][debug  ][gc,heap        ] GC(142)  ParOldGen       total 1835008K, used 892516K [0x0000000080000000, 0x00000000f0000000, 0x00000000f0000000)
[38.632s][debug  ][gc,heap        ] GC(142)   object space 1835008K, 48% used [0x0000000080000000,0x00000000b6799148,0x00000000f0000000)
[38.632s][debug  ][gc,heap        ] GC(142)  Metaspace       used 1022K, committed 1216K, reserved 1056768K
[38.632s][debug  ][gc,heap        ] GC(142)   class space    used 83K, committed 192K, reserved 1048576K
[38.632s][debug  ][gc,task,time   ] GC(142) VM-Thread 386168913 386304215 386322895
[38.928s][debug  ][gc,heap        ] GC(143) Heap before GC invocations=144 (full 23):
[38.928s][debug  ][gc,heap        ] GC(143)  PSYoungGen      total 230400K, used 229095K [0x00000000f0000000, 0x0000000100000000, 0x0000000100000000)
[38.928s][debug  ][gc,heap        ] GC(143)   eden space 198656K, 99% used [0x00000000f0000000,0x00000000fc1b9bd0,0x00000000fc200000)
[38.928s][debug  ][gc,heap        ] GC(143)   from space 31744K, 96% used [0x00000000fc200000,0x00000000fe000030,0x00000000fe100000)
[38.928s][debug  ][gc,heap        ] GC(143)   to   space 31232K, 0% used [0x00000000fe180000,0x00000000fe180000,0x0000000100000000)
[38.928s][debug  ][gc,heap        ] GC(143)  ParOldGen       total 1835008K, used 892516K [0x0000000080000000, 0x00000000f0000000, 0x00000000f0000000)
[38.928s][debug  ][gc,heap        ] GC(143)   object space 1835008K, 48% used [0x0000000080000000,0x00000000b6799148,0x00000000f0000000)
[38.928s][debug  ][gc,heap        ] GC(143)  Metaspace       used 1022K, committed 1216K, reserved 1056768K
[38.928s][debug  ][gc,heap        ] GC(143)   class space    used 83K, committed 192K, reserved 1048576K
[38.928s][debug  ][gc,tlab        ] GC(143) TLAB totals: thrds: 1  refills: 1 max: 1 slow allocs: 18 max 18 waste: 27.1% gc: 3905144B max: 3905144B slow: 0B max: 0B
[38.928s][info   ][gc,start       ] GC(143) Pause Young (Allocation Failure)
[38.928s][debug  ][gc,phases,start] GC(143) Scavenge
[38.935s][debug  ][gc,phases      ] GC(143) Scavenge 6.617ms
[38.935s][debug  ][gc,phases,start] GC(143) Reference Processing
[38.935s][debug  ][gc,ref         ] GC(143) Skipped phase 1 of Reference Processing: no references
[38.935s][debug  ][gc,ref         ] GC(143) Skipped phase 2 of Reference Processing: no references
[38.935s][debug  ][gc,ref         ] GC(143) Skipped phase 3 of Reference Processing: no references
[38.935s][debug  ][gc,ref         ] GC(143) Skipped phase 4 of Reference Processing: no references
[38.935s][debug  ][gc,phases,ref  ] GC(143) Reference Processing: 0.1ms
[38.935s][debug  ][gc,phases,ref  ] GC(143)   Reconsider SoftReferences: 0.0ms
[38.935s][debug  ][gc,phases,ref  ] GC(143)     SoftRef (ms):                  skipped
[38.935s][debug  ][gc,phases,ref  ] GC(143)   Notify Soft/WeakReferences: 0.0ms
[38.935s][debug  ][gc,phases,ref  ] GC(143)     SoftRef (ms):                  skipped
[38.935s][debug  ][gc,phases,ref  ] GC(143)     WeakRef (ms):                  skipped
[38.935s][debug  ][gc,phases,ref  ] GC(143)     FinalRef (ms):                 skipped
[38.935s][debug  ][gc,phases,ref  ] GC(143)     Total (ms):                    skipped
[38.935s][debug  ][gc,phases,ref  ] GC(143)   Notify and keep alive finalizable: 0.0ms
[38.935s][debug  ][gc,phases,ref  ] GC(143)     FinalRef (ms):                 skipped
[38.935s][debug  ][gc,phases,ref  ] GC(143)   Notify PhantomReferences: 0.0ms
[38.935s][debug  ][gc,phases,ref  ] GC(143)     PhantomRef (ms):               skipped
[38.935s][debug  ][gc,phases,ref  ] GC(143)   SoftReference:
[38.935s][debug  ][gc,phases,ref  ] GC(143)     Discovered: 0
[38.935s][debug  ][gc,phases,ref  ] GC(143)     Cleared: 0
[38.935s][debug  ][gc,phases,ref  ] GC(143)   WeakReference:
[38.935s][debug  ][gc,phases,ref  ] GC(143)     Discovered: 0
[38.935s][debug  ][gc,phases,ref  ] GC(143)     Cleared: 0
[38.935s][debug  ][gc,phases,ref  ] GC(143)   FinalReference:
[38.935s][debug  ][gc,phases,ref  ] GC(143)     Discovered: 0
[38.935s][debug  ][gc,phases,ref  ] GC(143)     Cleared: 0
[38.935s][debug  ][gc,phases,ref  ] GC(143)   PhantomReference:
[38.935s][debug  ][gc,phases,ref  ] GC(143)     Discovered: 0
[38.935s][debug  ][gc,phases,ref  ] GC(143)     Cleared: 0
[38.935s][debug  ][gc,phases      ] GC(143) Reference Processing 0.589ms
[38.935s][debug  ][gc,phases,start] GC(143) Weak Processing
[38.935s][debug  ][gc,phases      ] GC(143)   VM Weak                        Min:  0.0, Avg:  0.0, Max:  0.0, Diff:  0.0, Sum:  0.0, Workers: 6
[38.935s][debug  ][gc,phases      ] GC(143)     Dead                           Min: 0, Avg:  0.0, Max: 0, Diff: 0, Sum: 0, Workers: 6
[38.935s][debug  ][gc,phases      ] GC(143)     Total                          Min: 0, Avg:  1.3, Max: 8, Diff: 8, Sum: 8, Workers: 6
[38.935s][debug  ][gc,phases      ] GC(143)   ObjectSynchronizer Weak        Min:  0.0, Avg:  0.0, Max:  0.0, Diff:  0.0, Sum:  0.0, Workers: 6
[38.935s][debug  ][gc,phases      ] GC(143)     Dead                           Min: 0, Avg:  0.0, Max: 0, Diff: 0, Sum: 0, Workers: 6
[38.936s][debug  ][gc,phases      ] GC(143)     Total                          Min: 0, Avg:  0.5, Max: 3, Diff: 3, Sum: 3, Workers: 6
[38.936s][debug  ][gc,phases      ] GC(143)   JVMTI Tag Weak OopStorage      Min:  0.0, Avg:  0.0, Max:  0.0, Diff:  0.0, Sum:  0.0, Workers: 6
[38.936s][debug  ][gc,phases      ] GC(143)     Dead                           Min: 0, Avg:  0.0, Max: 0, Diff: 0, Sum: 0, Workers: 6
[38.936s][debug  ][gc,phases      ] GC(143)     Total                          Min: 0, Avg:  0.0, Max: 0, Diff: 0, Sum: 0, Workers: 6
[38.936s][debug  ][gc,phases      ] GC(143)   StringTable Weak               Min:  0.0, Avg:  0.0, Max:  0.0, Diff:  0.0, Sum:  0.0, Workers: 6
[38.936s][debug  ][gc,phases      ] GC(143)     Dead                           Min: 0, Avg:  0.0, Max: 0, Diff: 0, Sum: 0, Workers: 6
[38.936s][debug  ][gc,phases      ] GC(143)     Total                          Min: 767, Avg: 892.3, Max: 1024, Diff: 257, Sum: 5354, Workers: 6
[38.936s][debug  ][gc,phases      ] GC(143)   ResolvedMethodTable Weak       Min:  0.0, Avg:  0.0, Max:  0.0, Diff:  0.0, Sum:  0.0, Workers: 6
[38.936s][debug  ][gc,phases      ] GC(143)     Dead                           Min: 0, Avg:  0.0, Max: 0, Diff: 0, Sum: 0, Workers: 6
[38.936s][debug  ][gc,phases      ] GC(143)     Total                          Min: 0, Avg: 21.7, Max: 64, Diff: 64, Sum: 130, Workers: 6
[38.936s][debug  ][gc,phases      ] GC(143)   JNI Weak                       Min:  0.0, Avg:  0.0, Max:  0.0, Diff:  0.0, Sum:  0.0, Workers: 6
[38.936s][debug  ][gc,phases      ] GC(143)     Dead                           Min: 0, Avg:  0.0, Max: 0, Diff: 0, Sum: 0, Workers: 6
[38.936s][debug  ][gc,phases      ] GC(143)     Total                          Min: 0, Avg:  0.0, Max: 0, Diff: 0, Sum: 0, Workers: 6
[38.936s][debug  ][gc,phases      ] GC(143)   StringDedup Table Weak         Min:  0.0, Avg:  0.0, Max:  0.0, Diff:  0.0, Sum:  0.0, Workers: 6
[38.936s][debug  ][gc,phases      ] GC(143)     Dead                           Min: 0, Avg:  0.0, Max: 0, Diff: 0, Sum: 0, Workers: 6
[38.936s][debug  ][gc,phases      ] GC(143)     Total                          Min: 0, Avg:  0.0, Max: 0, Diff: 0, Sum: 0, Workers: 6
[38.936s][debug  ][gc,phases      ] GC(143)   StringDedup Requests0 Weak     Min:  0.0, Avg:  0.0, Max:  0.0, Diff:  0.0, Sum:  0.0, Workers: 6
[38.936s][debug  ][gc,phases      ] GC(143)     Dead                           Min: 0, Avg:  0.0, Max: 0, Diff: 0, Sum: 0, Workers: 6
[38.936s][debug  ][gc,phases      ] GC(143)     Total                          Min: 0, Avg:  0.0, Max: 0, Diff: 0, Sum: 0, Workers: 6
[38.936s][debug  ][gc,phases      ] GC(143)   StringDedup Requests1 Weak     Min:  0.0, Avg:  0.0, Max:  0.0, Diff:  0.0, Sum:  0.0, Workers: 6
[38.936s][debug  ][gc,phases      ] GC(143)     Dead                           Min: 0, Avg:  0.0, Max: 0, Diff: 0, Sum: 0, Workers: 6
[38.936s][debug  ][gc,phases      ] GC(143)     Total                          Min: 0, Avg:  0.0, Max: 0, Diff: 0, Sum: 0, Workers: 6
[38.936s][debug  ][gc,phases      ] GC(143)   Weak JFR Old Object Samples    Min:  0.0, Avg:  0.0, Max:  0.0, Diff:  0.0, Sum:  0.0, Workers: 6
[38.936s][debug  ][gc,phases      ] GC(143)     Dead                           Min: 0, Avg:  0.0, Max: 0, Diff: 0, Sum: 0, Workers: 6
[38.936s][debug  ][gc,phases      ] GC(143)     Total                          Min: 0, Avg:  0.0, Max: 0, Diff: 0, Sum: 0, Workers: 6
[38.936s][debug  ][gc,phases      ] GC(143) Weak Processing 0.919ms
[38.936s][debug  ][gc,ergo        ] GC(143) AdaptiveSizeStart:  collection: 144 
[38.936s][debug  ][gc,ergo        ] GC(143) avg_survived_padded_avg: 31926104.000000
[38.936s][debug  ][gc,ergo        ] GC(143) avg_promoted_padded_avg: 261745152.000000  avg_pretenured_padded_avg: 0.000000  tenuring_thresh: 15  target_size: 31981568
[38.936s][debug  ][gc,age         ] GC(143) Desired survivor size 31981568 bytes, new threshold 15 (max threshold 15)
[38.936s][debug  ][gc,ergo        ] GC(143) PSAdaptiveSizePolicy::compute_eden_space_size limits: desired_eden_size: 221422221 old_eden_size: 203423744 eden_limit: 203948032 cur_eden: 203423744 max_eden_size: 203948032 avg_young_live: 26207848
[38.936s][debug  ][gc,ergo        ] GC(143) PSAdaptiveSizePolicy::compute_eden_space_size: costs minor_time: 0.042540 major_cost: 0.054116 mutator_cost: 0.903344 throughput_goal: 0.990000
[38.936s][debug  ][gc,ergo        ] GC(143) Live_space: 1058419456 free_space: 1430257664
[38.936s][debug  ][gc,ergo        ] GC(143) Old eden_size: 203423744 desired_eden_size: 203948032
[38.936s][debug  ][gc,ergo        ] GC(143) AdaptiveSizeStop: collection: 144 
[38.937s][info   ][gc,heap        ] GC(143) PSYoungGen: 229095K(230400K)->30720K(230912K) Eden: 198374K(198656K)->0K(199680K) From: 30720K(31744K)->30720K(31232K)
[38.937s][info   ][gc,heap        ] GC(143) ParOldGen: 892516K(1835008K)->953956K(1835008K)
[38.937s][info   ][gc,metaspace   ] GC(143) Metaspace: 1022K(1216K)->1022K(1216K) NonClass: 939K(1024K)->939K(1024K) Class: 83K(192K)->83K(192K)
[38.937s][info   ][gc             ] GC(143) Pause Young (Allocation Failure) 1095M->961M(2017M) 8.685ms
[38.937s][info   ][gc,cpu         ] GC(143) User=0.00s Sys=0.00s Real=0.01s
[38.937s][debug  ][gc,heap        ] GC(143) Heap after GC invocations=144 (full 23):
[38.937s][debug  ][gc,heap        ] GC(143)  PSYoungGen      total 230912K, used 30720K [0x00000000f0000000, 0x0000000100000000, 0x0000000100000000)
[38.937s][debug  ][gc,heap        ] GC(143)   eden space 199680K, 0% used [0x00000000f0000000,0x00000000f0000000,0x00000000fc300000)
[38.937s][debug  ][gc,heap        ] GC(143)   from space 31232K, 98% used [0x00000000fe180000,0x00000000fff80030,0x0000000100000000)
[38.937s][debug  ][gc,heap        ] GC(143)   to   space 31232K, 0% used [0x00000000fc300000,0x00000000fc300000,0x00000000fe180000)
[38.937s][debug  ][gc,heap        ] GC(143)  ParOldGen       total 1835008K, used 953956K [0x0000000080000000, 0x00000000f0000000, 0x00000000f0000000)
[38.937s][debug  ][gc,heap        ] GC(143)   object space 1835008K, 51% used [0x0000000080000000,0x00000000ba3991a8,0x00000000f0000000)
[38.937s][debug  ][gc,heap        ] GC(143)  Metaspace       used 1022K, committed 1216K, reserved 1056768K
[38.937s][debug  ][gc,heap        ] GC(143)   class space    used 83K, committed 192K, reserved 1048576K
[38.937s][debug  ][gc,task,time   ] GC(143) VM-Thread 389275123 389347038 389369638
[39.241s][debug  ][gc,heap        ] GC(144) Heap before GC invocations=145 (full 23):
[39.241s][debug  ][gc,heap        ] GC(144)  PSYoungGen      total 230912K, used 229143K [0x00000000f0000000, 0x0000000100000000, 0x0000000100000000)
[39.241s][debug  ][gc,heap        ] GC(144)   eden space 199680K, 99% used [0x00000000f0000000,0x00000000fc1c5df0,0x00000000fc300000)
[39.241s][debug  ][gc,heap        ] GC(144)   from space 31232K, 98% used [0x00000000fe180000,0x00000000fff80030,0x0000000100000000)
[39.241s][debug  ][gc,heap        ] GC(144)   to   space 31232K, 0% used [0x00000000fc300000,0x00000000fc300000,0x00000000fe180000)
[39.241s][debug  ][gc,heap        ] GC(144)  ParOldGen       total 1835008K, used 953956K [0x0000000080000000, 0x00000000f0000000, 0x00000000f0000000)
[39.241s][debug  ][gc,heap        ] GC(144)   object space 1835008K, 51% used [0x0000000080000000,0x00000000ba3991a8,0x00000000f0000000)
[39.241s][debug  ][gc,heap        ] GC(144)  Metaspace       used 1022K, committed 1216K, reserved 1056768K
[39.241s][debug  ][gc,heap        ] GC(144)   class space    used 83K, committed 192K, reserved 1048576K
[39.241s][debug  ][gc,tlab        ] GC(144) TLAB totals: thrds: 1  refills: 1 max: 1 slow allocs: 18 max 18 waste: 27.4% gc: 3955904B max: 3955904B slow: 0B max: 0B
[39.241s][info   ][gc,start       ] GC(144) Pause Young (Allocation Failure)
[39.241s][debug  ][gc,phases,start] GC(144) Scavenge
[39.257s][debug  ][gc,phases      ] GC(144) Scavenge 15.362ms
[39.257s][debug  ][gc,phases,start] GC(144) Reference Processing
[39.257s][debug  ][gc,ref         ] GC(144) Skipped phase 1 of Reference Processing: no references
[39.257s][debug  ][gc,ref         ] GC(144) Skipped phase 2 of Reference Processing: no references
[39.257s][debug  ][gc,ref         ] GC(144) Skipped phase 3 of Reference Processing: no references
[39.257s][debug  ][gc,ref         ] GC(144) Skipped phase 4 of Reference Processing: no references
[39.257s][debug  ][gc,phases,ref  ] GC(144) Reference Processing: 0.1ms
[39.257s][debug  ][gc,phases,ref  ] GC(144)   Reconsider SoftReferences: 0.0ms
[39.257s][debug  ][gc,phases,ref  ] GC(144)     SoftRef (ms):                  skipped
[39.257s][debug  ][gc,phases,ref  ] GC(144)   Notify Soft/WeakReferences: 0.0ms
[39.257s][debug  ][gc,phases,ref  ] GC(144)     SoftRef (ms):                  skipped
[39.257s][debug  ][gc,phases,ref  ] GC(144)     WeakRef (ms):                  skipped
[39.257s][debug  ][gc,phases,ref  ] GC(144)     FinalRef (ms):                 skipped
[39.257s][debug  ][gc,phases,ref  ] GC(144)     Total (ms):                    skipped
[39.257s][debug  ][gc,phases,ref  ] GC(144)   Notify and keep alive finalizable: 0.0ms
[39.257s][debug  ][gc,phases,ref  ] GC(144)     FinalRef (ms):                 skipped
[39.257s][debug  ][gc,phases,ref  ] GC(144)   Notify PhantomReferences: 0.0ms
[39.257s][debug  ][gc,phases,ref  ] GC(144)     PhantomRef (ms):               skipped
[39.257s][debug  ][gc,phases,ref  ] GC(144)   SoftReference:
[39.257s][debug  ][gc,phases,ref  ] GC(144)     Discovered: 0
[39.257s][debug  ][gc,phases,ref  ] GC(144)     Cleared: 0
[39.257s][debug  ][gc,phases,ref  ] GC(144)   WeakReference:
[39.257s][debug  ][gc,phases,ref  ] GC(144)     Discovered: 0
[39.257s][debug  ][gc,phases,ref  ] GC(144)     Cleared: 0
[39.257s][debug  ][gc,phases,ref  ] GC(144)   FinalReference:
[39.257s][debug  ][gc,phases,ref  ] GC(144)     Discovered: 0
[39.257s][debug  ][gc,phases,ref  ] GC(144)     Cleared: 0
[39.257s][debug  ][gc,phases,ref  ] GC(144)   PhantomReference:
[39.257s][debug  ][gc,phases,ref  ] GC(144)     Discovered: 0
[39.257s][debug  ][gc,phases,ref  ] GC(144)     Cleared: 0
[39.257s][debug  ][gc,phases      ] GC(144) Reference Processing 0.587ms
[39.257s][debug  ][gc,phases,start] GC(144) Weak Processing
[39.257s][debug  ][gc,phases      ] GC(144)   VM Weak                        Min:  0.0, Avg:  0.0, Max:  0.0, Diff:  0.0, Sum:  0.0, Workers: 6
[39.257s][debug  ][gc,phases      ] GC(144)     Dead                           Min: 0, Avg:  0.0, Max: 0, Diff: 0, Sum: 0, Workers: 6
[39.257s][debug  ][gc,phases      ] GC(144)     Total                          Min: 0, Avg:  1.3, Max: 8, Diff: 8, Sum: 8, Workers: 6
[39.257s][debug  ][gc,phases      ] GC(144)   ObjectSynchronizer Weak        Min:  0.0, Avg:  0.0, Max:  0.0, Diff:  0.0, Sum:  0.0, Workers: 6
[39.257s][debug  ][gc,phases      ] GC(144)     Dead                           Min: 0, Avg:  0.0, Max: 0, Diff: 0, Sum: 0, Workers: 6
[39.257s][debug  ][gc,phases      ] GC(144)     Total                          Min: 0, Avg:  0.5, Max: 3, Diff: 3, Sum: 3, Workers: 6
[39.257s][debug  ][gc,phases      ] GC(144)   JVMTI Tag Weak OopStorage      Min:  0.0, Avg:  0.0, Max:  0.0, Diff:  0.0, Sum:  0.0, Workers: 6
[39.257s][debug  ][gc,phases      ] GC(144)     Dead                           Min: 0, Avg:  0.0, Max: 0, Diff: 0, Sum: 0, Workers: 6
[39.257s][debug  ][gc,phases      ] GC(144)     Total                          Min: 0, Avg:  0.0, Max: 0, Diff: 0, Sum: 0, Workers: 6
[39.257s][debug  ][gc,phases      ] GC(144)   StringTable Weak               Min:  0.0, Avg:  0.0, Max:  0.0, Diff:  0.0, Sum:  0.0, Workers: 6
[39.257s][debug  ][gc,phases      ] GC(144)     Dead                           Min: 0, Avg:  0.0, Max: 0, Diff: 0, Sum: 0, Workers: 6
[39.257s][debug  ][gc,phases      ] GC(144)     Total                          Min: 639, Avg: 892.3, Max: 1152, Diff: 513, Sum: 5354, Workers: 6
[39.258s][debug  ][gc,phases      ] GC(144)   ResolvedMethodTable Weak       Min:  0.0, Avg:  0.0, Max:  0.0, Diff:  0.0, Sum:  0.0, Workers: 6
[39.258s][debug  ][gc,phases      ] GC(144)     Dead                           Min: 0, Avg:  0.0, Max: 0, Diff: 0, Sum: 0, Workers: 6
[39.258s][debug  ][gc,phases      ] GC(144)     Total                          Min: 0, Avg: 21.7, Max: 64, Diff: 64, Sum: 130, Workers: 6
[39.258s][debug  ][gc,phases      ] GC(144)   JNI Weak                       Min:  0.0, Avg:  0.0, Max:  0.0, Diff:  0.0, Sum:  0.0, Workers: 6
[39.258s][debug  ][gc,phases      ] GC(144)     Dead                           Min: 0, Avg:  0.0, Max: 0, Diff: 0, Sum: 0, Workers: 6
[39.258s][debug  ][gc,phases      ] GC(144)     Total                          Min: 0, Avg:  0.0, Max: 0, Diff: 0, Sum: 0, Workers: 6
[39.258s][debug  ][gc,phases      ] GC(144)   StringDedup Table Weak         Min:  0.0, Avg:  0.0, Max:  0.0, Diff:  0.0, Sum:  0.0, Workers: 6
[39.258s][debug  ][gc,phases      ] GC(144)     Dead                           Min: 0, Avg:  0.0, Max: 0, Diff: 0, Sum: 0, Workers: 6
[39.258s][debug  ][gc,phases      ] GC(144)     Total                          Min: 0, Avg:  0.0, Max: 0, Diff: 0, Sum: 0, Workers: 6
[39.258s][debug  ][gc,phases      ] GC(144)   StringDedup Requests0 Weak     Min:  0.0, Avg:  0.0, Max:  0.0, Diff:  0.0, Sum:  0.0, Workers: 6
[39.258s][debug  ][gc,phases      ] GC(144)     Dead                           Min: 0, Avg:  0.0, Max: 0, Diff: 0, Sum: 0, Workers: 6
[39.258s][debug  ][gc,phases      ] GC(144)     Total                          Min: 0, Avg:  0.0, Max: 0, Diff: 0, Sum: 0, Workers: 6
[39.258s][debug  ][gc,phases      ] GC(144)   StringDedup Requests1 Weak     Min:  0.0, Avg:  0.0, Max:  0.0, Diff:  0.0, Sum:  0.0, Workers: 6
[39.258s][debug  ][gc,phases      ] GC(144)     Dead                           Min: 0, Avg:  0.0, Max: 0, Diff: 0, Sum: 0, Workers: 6
[39.258s][debug  ][gc,phases      ] GC(144)     Total                          Min: 0, Avg:  0.0, Max: 0, Diff: 0, Sum: 0, Workers: 6
[39.258s][debug  ][gc,phases      ] GC(144)   Weak JFR Old Object Samples    Min:  0.0, Avg:  0.0, Max:  0.0, Diff:  0.0, Sum:  0.0, Workers: 6
[39.258s][debug  ][gc,phases      ] GC(144)     Dead                           Min: 0, Avg:  0.0, Max: 0, Diff: 0, Sum: 0, Workers: 6
[39.258s][debug  ][gc,phases      ] GC(144)     Total                          Min: 0, Avg:  0.0, Max: 0, Diff: 0, Sum: 0, Workers: 6
[39.258s][debug  ][gc,phases      ] GC(144) Weak Processing 0.695ms
[39.258s][debug  ][gc,ergo        ] GC(144) AdaptiveSizeStart:  collection: 145 
[39.258s][debug  ][gc,ergo        ] GC(144) avg_survived_padded_avg: 31887412.000000
[39.258s][debug  ][gc,ergo        ] GC(144) avg_promoted_padded_avg: 266348992.000000  avg_pretenured_padded_avg: 0.000000  tenuring_thresh: 15  target_size: 31981568
[39.258s][debug  ][gc,age         ] GC(144) Desired survivor size 31981568 bytes, new threshold 15 (max threshold 15)
[39.258s][debug  ][gc,ergo        ] GC(144) PSAdaptiveSizePolicy::compute_eden_space_size limits: desired_eden_size: 223024349 old_eden_size: 203948032 eden_limit: 204472320 cur_eden: 204472320 max_eden_size: 204472320 avg_young_live: 26732796
[39.258s][debug  ][gc,ergo        ] GC(144) PSAdaptiveSizePolicy::compute_eden_space_size: costs minor_time: 0.044935 major_cost: 0.054116 mutator_cost: 0.900949 throughput_goal: 0.990000
[39.258s][debug  ][gc,ergo        ] GC(144) Live_space: 1058944384 free_space: 1430781952
[39.258s][debug  ][gc,ergo        ] GC(144) Old eden_size: 203948032 desired_eden_size: 204472320
[39.258s][debug  ][gc,ergo        ] GC(144) AdaptiveSizeStop: collection: 145 
[39.258s][info   ][gc,heap        ] GC(144) PSYoungGen: 229143K(230912K)->30720K(230912K) Eden: 198423K(199680K)->0K(199680K) From: 30720K(31232K)->30720K(31232K)
[39.258s][info   ][gc,heap        ] GC(144) ParOldGen: 953956K(1835008K)->1148516K(1835008K)
[39.258s][info   ][gc,metaspace   ] GC(144) Metaspace: 1022K(1216K)->1022K(1216K) NonClass: 939K(1024K)->939K(1024K) Class: 83K(192K)->83K(192K)
[39.258s][info   ][gc             ] GC(144) Pause Young (Allocation Failure) 1155M->1151M(2017M) 17.063ms
[39.258s][info   ][gc,cpu         ] GC(144) User=0.17s Sys=0.00s Real=0.02s
[39.258s][debug  ][gc,heap        ] GC(144) Heap after GC invocations=145 (full 23):
[39.258s][debug  ][gc,heap        ] GC(144)  PSYoungGen      total 230912K, used 30720K [0x00000000f0000000, 0x0000000100000000, 0x0000000100000000)
[39.258s][debug  ][gc,heap        ] GC(144)   eden space 199680K, 0% used [0x00000000f0000000,0x00000000f0000000,0x00000000fc300000)
[39.258s][debug  ][gc,heap        ] GC(144)   from space 31232K, 98% used [0x00000000fc300000,0x00000000fe100030,0x00000000fe180000)
[39.258s][debug  ][gc,heap        ] GC(144)   to   space 31232K, 0% used [0x00000000fe180000,0x00000000fe180000,0x0000000100000000)
[39.258s][debug  ][gc,heap        ] GC(144)  ParOldGen       total 1835008K, used 1148516K [0x0000000080000000, 0x00000000f0000000, 0x00000000f0000000)
[39.258s][debug  ][gc,heap        ] GC(144)   object space 1835008K, 62% used [0x0000000080000000,0x00000000c61992d8,0x00000000f0000000)
[39.258s][debug  ][gc,heap        ] GC(144)  Metaspace       used 1022K, committed 1216K, reserved 1056768K
[39.258s][debug  ][gc,heap        ] GC(144)   class space    used 83K, committed 192K, reserved 1048576K
[39.258s][debug  ][gc,task,time   ] GC(144) VM-Thread 392408515 392565792 392584111
[39.553s][debug  ][gc,heap        ] GC(145) Heap before GC invocations=146 (full 23):
[39.553s][debug  ][gc,heap        ] GC(145)  PSYoungGen      total 230912K, used 229161K [0x00000000f0000000, 0x0000000100000000, 0x0000000100000000)
[39.553s][debug  ][gc,heap        ] GC(145)   eden space 199680K, 99% used [0x00000000f0000000,0x00000000fc1ca7b0,0x00000000fc300000)
[39.553s][debug  ][gc,heap        ] GC(145)   from space 31232K, 98% used [0x00000000fc300000,0x00000000fe100030,0x00000000fe180000)
[39.553s][debug  ][gc,heap        ] GC(145)   to   space 31232K, 0% used [0x00000000fe180000,0x00000000fe180000,0x0000000100000000)
[39.553s][debug  ][gc,heap        ] GC(145)  ParOldGen       total 1835008K, used 1148516K [0x0000000080000000, 0x00000000f0000000, 0x00000000f0000000)
[39.553s][debug  ][gc,heap        ] GC(145)   object space 1835008K, 62% used [0x0000000080000000,0x00000000c61992d8,0x00000000f0000000)
[39.553s][debug  ][gc,heap        ] GC(145)  Metaspace       used 1022K, committed 1216K, reserved 1056768K
[39.553s][debug  ][gc,heap        ] GC(145)   class space    used 83K, committed 192K, reserved 1048576K
[39.553s][debug  ][gc,tlab        ] GC(145) TLAB totals: thrds: 1  refills: 1 max: 1 slow allocs: 18 max 18 waste: 27.5% gc: 3974784B max: 3974784B slow: 0B max: 0B
[39.553s][info   ][gc,start       ] GC(145) Pause Young (Allocation Failure)
[39.553s][debug  ][gc,phases,start] GC(145) Scavenge
[39.569s][debug  ][gc,phases      ] GC(145) Scavenge 15.628ms
[39.569s][debug  ][gc,phases,start] GC(145) Reference Processing
[39.569s][debug  ][gc,ref         ] GC(145) Skipped phase 1 of Reference Processing: no references
[39.569s][debug  ][gc,ref         ] GC(145) Skipped phase 2 of Reference Processing: no references
[39.569s][debug  ][gc,ref         ] GC(145) Skipped phase 3 of Reference Processing: no references
[39.569s][debug  ][gc,ref         ] GC(145) Skipped phase 4 of Reference Processing: no references
[39.569s][debug  ][gc,phases,ref  ] GC(145) Reference Processing: 0.1ms
[39.569s][debug  ][gc,phases,ref  ] GC(145)   Reconsider SoftReferences: 0.0ms
[39.569s][debug  ][gc,phases,ref  ] GC(145)     SoftRef (ms):                  skipped
[39.569s][debug  ][gc,phases,ref  ] GC(145)   Notify Soft/WeakReferences: 0.0ms
[39.569s][debug  ][gc,phases,ref  ] GC(145)     SoftRef (ms):                  skipped
[39.569s][debug  ][gc,phases,ref  ] GC(145)     WeakRef (ms):                  skipped
[39.569s][debug  ][gc,phases,ref  ] GC(145)     FinalRef (ms):                 skipped
[39.569s][debug  ][gc,phases,ref  ] GC(145)     Total (ms):                    skipped
[39.569s][debug  ][gc,phases,ref  ] GC(145)   Notify and keep alive finalizable: 0.0ms
[39.569s][debug  ][gc,phases,ref  ] GC(145)     FinalRef (ms):                 skipped
[39.569s][debug  ][gc,phases,ref  ] GC(145)   Notify PhantomReferences: 0.0ms
[39.569s][debug  ][gc,phases,ref  ] GC(145)     PhantomRef (ms):               skipped
[39.569s][debug  ][gc,phases,ref  ] GC(145)   SoftReference:
[39.569s][debug  ][gc,phases,ref  ] GC(145)     Discovered: 0
[39.569s][debug  ][gc,phases,ref  ] GC(145)     Cleared: 0
[39.569s][debug  ][gc,phases,ref  ] GC(145)   WeakReference:
[39.569s][debug  ][gc,phases,ref  ] GC(145)     Discovered: 0
[39.569s][debug  ][gc,phases,ref  ] GC(145)     Cleared: 0
[39.569s][debug  ][gc,phases,ref  ] GC(145)   FinalReference:
[39.569s][debug  ][gc,phases,ref  ] GC(145)     Discovered: 0
[39.569s][debug  ][gc,phases,ref  ] GC(145)     Cleared: 0
[39.569s][debug  ][gc,phases,ref  ] GC(145)   PhantomReference:
[39.569s][debug  ][gc,phases,ref  ] GC(145)     Discovered: 0
[39.569s][debug  ][gc,phases,ref  ] GC(145)     Cleared: 0
[39.569s][debug  ][gc,phases      ] GC(145) Reference Processing 0.575ms
[39.569s][debug  ][gc,phases,start] GC(145) Weak Processing
[39.569s][debug  ][gc,phases      ] GC(145)   VM Weak                        Min:  0.0, Avg:  0.0, Max:  0.0, Diff:  0.0, Sum:  0.0, Workers: 6
[39.569s][debug  ][gc,phases      ] GC(145)     Dead                           Min: 0, Avg:  0.0, Max: 0, Diff: 0, Sum: 0, Workers: 6
[39.570s][debug  ][gc,phases      ] GC(145)     Total                          Min: 0, Avg:  1.3, Max: 8, Diff: 8, Sum: 8, Workers: 6
[39.570s][debug  ][gc,phases      ] GC(145)   ObjectSynchronizer Weak        Min:  0.0, Avg:  0.0, Max:  0.0, Diff:  0.0, Sum:  0.0, Workers: 6
[39.570s][debug  ][gc,phases      ] GC(145)     Dead                           Min: 0, Avg:  0.0, Max: 0, Diff: 0, Sum: 0, Workers: 6
[39.570s][debug  ][gc,phases      ] GC(145)     Total                          Min: 0, Avg:  0.5, Max: 3, Diff: 3, Sum: 3, Workers: 6
[39.570s][debug  ][gc,phases      ] GC(145)   JVMTI Tag Weak OopStorage      Min:  0.0, Avg:  0.0, Max:  0.0, Diff:  0.0, Sum:  0.0, Workers: 6
[39.570s][debug  ][gc,phases      ] GC(145)     Dead                           Min: 0, Avg:  0.0, Max: 0, Diff: 0, Sum: 0, Workers: 6
[39.570s][debug  ][gc,phases      ] GC(145)     Total                          Min: 0, Avg:  0.0, Max: 0, Diff: 0, Sum: 0, Workers: 6
[39.570s][debug  ][gc,phases      ] GC(145)   StringTable Weak               Min:  0.0, Avg:  0.0, Max:  0.0, Diff:  0.0, Sum:  0.0, Workers: 6
[39.570s][debug  ][gc,phases      ] GC(145)     Dead                           Min: 0, Avg:  0.0, Max: 0, Diff: 0, Sum: 0, Workers: 6
[39.570s][debug  ][gc,phases      ] GC(145)     Total                          Min: 640, Avg: 892.3, Max: 1152, Diff: 512, Sum: 5354, Workers: 6
[39.570s][debug  ][gc,phases      ] GC(145)   ResolvedMethodTable Weak       Min:  0.0, Avg:  0.0, Max:  0.0, Diff:  0.0, Sum:  0.0, Workers: 6
[39.570s][debug  ][gc,phases      ] GC(145)     Dead                           Min: 0, Avg:  0.0, Max: 0, Diff: 0, Sum: 0, Workers: 6
[39.570s][debug  ][gc,phases      ] GC(145)     Total                          Min: 0, Avg: 21.7, Max: 64, Diff: 64, Sum: 130, Workers: 6
[39.570s][debug  ][gc,phases      ] GC(145)   JNI Weak                       Min:  0.0, Avg:  0.0, Max:  0.0, Diff:  0.0, Sum:  0.0, Workers: 6
[39.570s][debug  ][gc,phases      ] GC(145)     Dead                           Min: 0, Avg:  0.0, Max: 0, Diff: 0, Sum: 0, Workers: 6
[39.570s][debug  ][gc,phases      ] GC(145)     Total                          Min: 0, Avg:  0.0, Max: 0, Diff: 0, Sum: 0, Workers: 6
[39.570s][debug  ][gc,phases      ] GC(145)   StringDedup Table Weak         Min:  0.0, Avg:  0.0, Max:  0.0, Diff:  0.0, Sum:  0.0, Workers: 6
[39.570s][debug  ][gc,phases      ] GC(145)     Dead                           Min: 0, Avg:  0.0, Max: 0, Diff: 0, Sum: 0, Workers: 6
[39.570s][debug  ][gc,phases      ] GC(145)     Total                          Min: 0, Avg:  0.0, Max: 0, Diff: 0, Sum: 0, Workers: 6
[39.570s][debug  ][gc,phases      ] GC(145)   StringDedup Requests0 Weak     Min:  0.0, Avg:  0.0, Max:  0.0, Diff:  0.0, Sum:  0.0, Workers: 6
[39.570s][debug  ][gc,phases      ] GC(145)     Dead                           Min: 0, Avg:  0.0, Max: 0, Diff: 0, Sum: 0, Workers: 6
[39.570s][debug  ][gc,phases      ] GC(145)     Total                          Min: 0, Avg:  0.0, Max: 0, Diff: 0, Sum: 0, Workers: 6
[39.570s][debug  ][gc,phases      ] GC(145)   StringDedup Requests1 Weak     Min:  0.0, Avg:  0.0, Max:  0.0, Diff:  0.0, Sum:  0.0, Workers: 6
[39.570s][debug  ][gc,phases      ] GC(145)     Dead                           Min: 0, Avg:  0.0, Max: 0, Diff: 0, Sum: 0, Workers: 6
[39.570s][debug  ][gc,phases      ] GC(145)     Total                          Min: 0, Avg:  0.0, Max: 0, Diff: 0, Sum: 0, Workers: 6
[39.570s][debug  ][gc,phases      ] GC(145)   Weak JFR Old Object Samples    Min:  0.0, Avg:  0.0, Max:  0.0, Diff:  0.0, Sum:  0.0, Workers: 6
[39.570s][debug  ][gc,phases      ] GC(145)     Dead                           Min: 0, Avg:  0.0, Max: 0, Diff: 0, Sum: 0, Workers: 6
[39.570s][debug  ][gc,phases      ] GC(145)     Total                          Min: 0, Avg:  0.0, Max: 0, Diff: 0, Sum: 0, Workers: 6
[39.570s][debug  ][gc,phases      ] GC(145) Weak Processing 0.683ms
[39.570s][debug  ][gc,ergo        ] GC(145) AdaptiveSizeStart:  collection: 146 
[39.570s][debug  ][gc,ergo        ] GC(145) avg_survived_padded_avg: 31851774.000000
[39.570s][debug  ][gc,ergo        ] GC(145) avg_promoted_padded_avg: 269406912.000000  avg_pretenured_padded_avg: 0.000000  tenuring_thresh: 15  target_size: 31981568
[39.570s][debug  ][gc,age         ] GC(145) Desired survivor size 31981568 bytes, new threshold 15 (max threshold 15)
[39.570s][debug  ][gc,ergo        ] GC(145) PSAdaptiveSizePolicy::compute_eden_space_size limits: desired_eden_size: 223547472 old_eden_size: 204472320 eden_limit: 204472320 cur_eden: 204472320 max_eden_size: 204472320 avg_young_live: 27205250
[39.570s][debug  ][gc,ergo        ] GC(145) PSAdaptiveSizePolicy::compute_eden_space_size: costs minor_time: 0.047310 major_cost: 0.054116 mutator_cost: 0.898575 throughput_goal: 0.990000
[39.570s][debug  ][gc,ergo        ] GC(145) Live_space: 1059416832 free_space: 1431306240
[39.570s][debug  ][gc,ergo        ] GC(145) Old eden_size: 204472320 desired_eden_size: 204472320
[39.570s][debug  ][gc,ergo        ] GC(145) AdaptiveSizeStop: collection: 146 
[39.570s][info   ][gc,heap        ] GC(145) PSYoungGen: 229161K(230912K)->30720K(230912K) Eden: 198441K(199680K)->0K(199680K) From: 30720K(31232K)->30720K(31232K)
[39.570s][info   ][gc,heap        ] GC(145) ParOldGen: 1148516K(1835008K)->1343077K(1835008K)
[39.570s][info   ][gc,metaspace   ] GC(145) Metaspace: 1022K(1216K)->1022K(1216K) NonClass: 939K(1024K)->939K(1024K) Class: 83K(192K)->83K(192K)
[39.570s][info   ][gc             ] GC(145) Pause Young (Allocation Failure) 1345M->1341M(2017M) 17.298ms
[39.570s][info   ][gc,cpu         ] GC(145) User=0.12s Sys=0.00s Real=0.02s
[39.570s][debug  ][gc,heap        ] GC(145) Heap after GC invocations=146 (full 23):
[39.570s][debug  ][gc,heap        ] GC(145)  PSYoungGen      total 230912K, used 30720K [0x00000000f0000000, 0x0000000100000000, 0x0000000100000000)
[39.570s][debug  ][gc,heap        ] GC(145)   eden space 199680K, 0% used [0x00000000f0000000,0x00000000f0000000,0x00000000fc300000)
[39.570s][debug  ][gc,heap        ] GC(145)   from space 31232K, 98% used [0x00000000fe180000,0x00000000fff80030,0x0000000100000000)
[39.571s][debug  ][gc,heap        ] GC(145)   to   space 31232K, 0% used [0x00000000fc300000,0x00000000fc300000,0x00000000fe180000)
[39.571s][debug  ][gc,heap        ] GC(145)  ParOldGen       total 1835008K, used 1343077K [0x0000000080000000, 0x00000000f0000000, 0x00000000f0000000)
[39.571s][debug  ][gc,heap        ] GC(145)   object space 1835008K, 73% used [0x0000000080000000,0x00000000d1f99408,0x00000000f0000000)
[39.571s][debug  ][gc,heap        ] GC(145)  Metaspace       used 1022K, committed 1216K, reserved 1056768K
[39.571s][debug  ][gc,heap        ] GC(145)   class space    used 83K, committed 192K, reserved 1048576K
[39.571s][debug  ][gc,task,time   ] GC(145) VM-Thread 395527733 395688155 395706172
[39.864s][debug  ][gc,heap        ] GC(146) Heap before GC invocations=147 (full 23):
[39.864s][debug  ][gc,heap        ] GC(146)  PSYoungGen      total 230912K, used 229173K [0x00000000f0000000, 0x0000000100000000, 0x0000000100000000)
[39.864s][debug  ][gc,heap        ] GC(146)   eden space 199680K, 99% used [0x00000000f0000000,0x00000000fc1cd718,0x00000000fc300000)
[39.864s][debug  ][gc,heap        ] GC(146)   from space 31232K, 98% used [0x00000000fe180000,0x00000000fff80030,0x0000000100000000)
[39.864s][debug  ][gc,heap        ] GC(146)   to   space 31232K, 0% used [0x00000000fc300000,0x00000000fc300000,0x00000000fe180000)
[39.864s][debug  ][gc,heap        ] GC(146)  ParOldGen       total 1835008K, used 1343077K [0x0000000080000000, 0x00000000f0000000, 0x00000000f0000000)
[39.864s][debug  ][gc,heap        ] GC(146)   object space 1835008K, 73% used [0x0000000080000000,0x00000000d1f99408,0x00000000f0000000)
[39.864s][debug  ][gc,heap        ] GC(146)  Metaspace       used 1022K, committed 1216K, reserved 1056768K
[39.864s][debug  ][gc,heap        ] GC(146)   class space    used 83K, committed 192K, reserved 1048576K
[39.864s][debug  ][gc,tlab        ] GC(146) TLAB totals: thrds: 1  refills: 1 max: 1 slow allocs: 18 max 18 waste: 27.5% gc: 3986920B max: 3986920B slow: 0B max: 0B
[39.864s][info   ][gc,start       ] GC(146) Pause Young (Allocation Failure)
[39.864s][debug  ][gc,phases,start] GC(146) Scavenge
[39.880s][debug  ][gc,phases      ] GC(146) Scavenge 15.741ms
[39.880s][debug  ][gc,phases,start] GC(146) Reference Processing
[39.880s][debug  ][gc,ref         ] GC(146) Skipped phase 1 of Reference Processing: no references
[39.880s][debug  ][gc,ref         ] GC(146) Skipped phase 2 of Reference Processing: no references
[39.880s][debug  ][gc,ref         ] GC(146) Skipped phase 3 of Reference Processing: no references
[39.880s][debug  ][gc,ref         ] GC(146) Skipped phase 4 of Reference Processing: no references
[39.880s][debug  ][gc,phases,ref  ] GC(146) Reference Processing: 0.1ms
[39.880s][debug  ][gc,phases,ref  ] GC(146)   Reconsider SoftReferences: 0.0ms
[39.880s][debug  ][gc,phases,ref  ] GC(146)     SoftRef (ms):                  skipped
[39.880s][debug  ][gc,phases,ref  ] GC(146)   Notify Soft/WeakReferences: 0.0ms
[39.880s][debug  ][gc,phases,ref  ] GC(146)     SoftRef (ms):                  skipped
[39.880s][debug  ][gc,phases,ref  ] GC(146)     WeakRef (ms):                  skipped
[39.880s][debug  ][gc,phases,ref  ] GC(146)     FinalRef (ms):                 skipped
[39.880s][debug  ][gc,phases,ref  ] GC(146)     Total (ms):                    skipped
[39.880s][debug  ][gc,phases,ref  ] GC(146)   Notify and keep alive finalizable: 0.0ms
[39.880s][debug  ][gc,phases,ref  ] GC(146)     FinalRef (ms):                 skipped
[39.880s][debug  ][gc,phases,ref  ] GC(146)   Notify PhantomReferences: 0.0ms
[39.880s][debug  ][gc,phases,ref  ] GC(146)     PhantomRef (ms):               skipped
[39.880s][debug  ][gc,phases,ref  ] GC(146)   SoftReference:
[39.880s][debug  ][gc,phases,ref  ] GC(146)     Discovered: 0
[39.880s][debug  ][gc,phases,ref  ] GC(146)     Cleared: 0
[39.880s][debug  ][gc,phases,ref  ] GC(146)   WeakReference:
[39.880s][debug  ][gc,phases,ref  ] GC(146)     Discovered: 0
[39.880s][debug  ][gc,phases,ref  ] GC(146)     Cleared: 0
[39.880s][debug  ][gc,phases,ref  ] GC(146)   FinalReference:
[39.880s][debug  ][gc,phases,ref  ] GC(146)     Discovered: 0
[39.880s][debug  ][gc,phases,ref  ] GC(146)     Cleared: 0
[39.881s][debug  ][gc,phases,ref  ] GC(146)   PhantomReference:
[39.881s][debug  ][gc,phases,ref  ] GC(146)     Discovered: 0
[39.881s][debug  ][gc,phases,ref  ] GC(146)     Cleared: 0
[39.881s][debug  ][gc,phases      ] GC(146) Reference Processing 0.570ms
[39.881s][debug  ][gc,phases,start] GC(146) Weak Processing
[39.881s][debug  ][gc,phases      ] GC(146)   VM Weak                        Min:  0.0, Avg:  0.0, Max:  0.0, Diff:  0.0, Sum:  0.0, Workers: 6
[39.881s][debug  ][gc,phases      ] GC(146)     Dead                           Min: 0, Avg:  0.0, Max: 0, Diff: 0, Sum: 0, Workers: 6
[39.881s][debug  ][gc,phases      ] GC(146)     Total                          Min: 0, Avg:  1.3, Max: 8, Diff: 8, Sum: 8, Workers: 6
[39.881s][debug  ][gc,phases      ] GC(146)   ObjectSynchronizer Weak        Min:  0.0, Avg:  0.0, Max:  0.0, Diff:  0.0, Sum:  0.0, Workers: 6
[39.881s][debug  ][gc,phases      ] GC(146)     Dead                           Min: 0, Avg:  0.0, Max: 0, Diff: 0, Sum: 0, Workers: 6
[39.881s][debug  ][gc,phases      ] GC(146)     Total                          Min: 0, Avg:  0.5, Max: 3, Diff: 3, Sum: 3, Workers: 6
[39.881s][debug  ][gc,phases      ] GC(146)   JVMTI Tag Weak OopStorage      Min:  0.0, Avg:  0.0, Max:  0.0, Diff:  0.0, Sum:  0.0, Workers: 6
[39.881s][debug  ][gc,phases      ] GC(146)     Dead                           Min: 0, Avg:  0.0, Max: 0, Diff: 0, Sum: 0, Workers: 6
[39.881s][debug  ][gc,phases      ] GC(146)     Total                          Min: 0, Avg:  0.0, Max: 0, Diff: 0, Sum: 0, Workers: 6
[39.881s][debug  ][gc,phases      ] GC(146)   StringTable Weak               Min:  0.0, Avg:  0.0, Max:  0.0, Diff:  0.0, Sum:  0.0, Workers: 6
[39.881s][debug  ][gc,phases      ] GC(146)     Dead                           Min: 0, Avg:  0.0, Max: 0, Diff: 0, Sum: 0, Workers: 6
[39.881s][debug  ][gc,phases      ] GC(146)     Total                          Min: 703, Avg: 892.3, Max: 1216, Diff: 513, Sum: 5354, Workers: 6
[39.881s][debug  ][gc,phases      ] GC(146)   ResolvedMethodTable Weak       Min:  0.0, Avg:  0.0, Max:  0.0, Diff:  0.0, Sum:  0.0, Workers: 6
[39.881s][debug  ][gc,phases      ] GC(146)     Dead                           Min: 0, Avg:  0.0, Max: 0, Diff: 0, Sum: 0, Workers: 6
[39.881s][debug  ][gc,phases      ] GC(146)     Total                          Min: 0, Avg: 21.7, Max: 64, Diff: 64, Sum: 130, Workers: 6
[39.881s][debug  ][gc,phases      ] GC(146)   JNI Weak                       Min:  0.0, Avg:  0.0, Max:  0.0, Diff:  0.0, Sum:  0.0, Workers: 6
[39.881s][debug  ][gc,phases      ] GC(146)     Dead                           Min: 0, Avg:  0.0, Max: 0, Diff: 0, Sum: 0, Workers: 6
[39.881s][debug  ][gc,phases      ] GC(146)     Total                          Min: 0, Avg:  0.0, Max: 0, Diff: 0, Sum: 0, Workers: 6
[39.881s][debug  ][gc,phases      ] GC(146)   StringDedup Table Weak         Min:  0.0, Avg:  0.0, Max:  0.0, Diff:  0.0, Sum:  0.0, Workers: 6
[39.881s][debug  ][gc,phases      ] GC(146)     Dead                           Min: 0, Avg:  0.0, Max: 0, Diff: 0, Sum: 0, Workers: 6
[39.881s][debug  ][gc,phases      ] GC(146)     Total                          Min: 0, Avg:  0.0, Max: 0, Diff: 0, Sum: 0, Workers: 6
[39.881s][debug  ][gc,phases      ] GC(146)   StringDedup Requests0 Weak     Min:  0.0, Avg:  0.0, Max:  0.0, Diff:  0.0, Sum:  0.0, Workers: 6
[39.881s][debug  ][gc,phases      ] GC(146)     Dead                           Min: 0, Avg:  0.0, Max: 0, Diff: 0, Sum: 0, Workers: 6
[39.881s][debug  ][gc,phases      ] GC(146)     Total                          Min: 0, Avg:  0.0, Max: 0, Diff: 0, Sum: 0, Workers: 6
[39.881s][debug  ][gc,phases      ] GC(146)   StringDedup Requests1 Weak     Min:  0.0, Avg:  0.0, Max:  0.0, Diff:  0.0, Sum:  0.0, Workers: 6
[39.881s][debug  ][gc,phases      ] GC(146)     Dead                           Min: 0, Avg:  0.0, Max: 0, Diff: 0, Sum: 0, Workers: 6
[39.881s][debug  ][gc,phases      ] GC(146)     Total                          Min: 0, Avg:  0.0, Max: 0, Diff: 0, Sum: 0, Workers: 6
[39.881s][debug  ][gc,phases      ] GC(146)   Weak JFR Old Object Samples    Min:  0.0, Avg:  0.0, Max:  0.0, Diff:  0.0, Sum:  0.0, Workers: 6
[39.881s][debug  ][gc,phases      ] GC(146)     Dead                           Min: 0, Avg:  0.0, Max: 0, Diff: 0, Sum: 0, Workers: 6
[39.881s][debug  ][gc,phases      ] GC(146)     Total                          Min: 0, Avg:  0.0, Max: 0, Diff: 0, Sum: 0, Workers: 6
[39.881s][debug  ][gc,phases      ] GC(146) Weak Processing 0.695ms
[39.881s][debug  ][gc,ergo        ] GC(146) AdaptiveSizeStart:  collection: 147 
[39.881s][debug  ][gc,ergo        ] GC(146) avg_survived_padded_avg: 31818960.000000
[39.881s][debug  ][gc,ergo        ] GC(146) avg_promoted_padded_avg: 271182080.000000  avg_pretenured_padded_avg: 0.000000  tenuring_thresh: 15  target_size: 31981568
[39.881s][debug  ][gc,age         ] GC(146) Desired survivor size 31981568 bytes, new threshold 15 (max threshold 15)
[39.881s][debug  ][gc,ergo        ] GC(146) PSAdaptiveSizePolicy::compute_eden_space_size limits: desired_eden_size: 223954038 old_eden_size: 204472320 eden_limit: 204472320 cur_eden: 204472320 max_eden_size: 204472320 avg_young_live: 27630458
[39.881s][debug  ][gc,ergo        ] GC(146) PSAdaptiveSizePolicy::compute_eden_space_size: costs minor_time: 0.049235 major_cost: 0.054116 mutator_cost: 0.896649 throughput_goal: 0.990000
[39.881s][debug  ][gc,ergo        ] GC(146) Live_space: 1059842048 free_space: 1431306240
[39.881s][debug  ][gc,ergo        ] GC(146) Old eden_size: 204472320 desired_eden_size: 204472320
[39.881s][debug  ][gc,ergo        ] GC(146) AdaptiveSizeStop: collection: 147 
[39.881s][info   ][gc,heap        ] GC(146) PSYoungGen: 229173K(230912K)->30720K(230912K) Eden: 198453K(199680K)->0K(199680K) From: 30720K(31232K)->30720K(31232K)
[39.882s][info   ][gc,heap        ] GC(146) ParOldGen: 1343077K(1835008K)->1537637K(1835008K)
[39.882s][info   ][gc,metaspace   ] GC(146) Metaspace: 1022K(1216K)->1022K(1216K) NonClass: 939K(1024K)->939K(1024K) Class: 83K(192K)->83K(192K)
[39.882s][info   ][gc             ] GC(146) Pause Young (Allocation Failure) 1535M->1531M(2017M) 17.428ms
[39.882s][info   ][gc,cpu         ] GC(146) User=0.17s Sys=0.00s Real=0.02s
[39.882s][debug  ][gc,heap        ] GC(146) Heap after GC invocations=147 (full 23):
[39.882s][debug  ][gc,heap        ] GC(146)  PSYoungGen      total 230912K, used 30720K [0x00000000f0000000, 0x0000000100000000, 0x0000000100000000)
[39.882s][debug  ][gc,heap        ] GC(146)   eden space 199680K, 0% used [0x00000000f0000000,0x00000000f0000000,0x00000000fc300000)
[39.882s][debug  ][gc,heap        ] GC(146)   from space 31232K, 98% used [0x00000000fc300000,0x00000000fe100030,0x00000000fe180000)
[39.882s][debug  ][gc,heap        ] GC(146)   to   space 31232K, 0% used [0x00000000fe180000,0x00000000fe180000,0x0000000100000000)
[39.882s][debug  ][gc,heap        ] GC(146)  ParOldGen       total 1835008K, used 1537637K [0x0000000080000000, 0x00000000f0000000, 0x00000000f0000000)
[39.882s][debug  ][gc,heap        ] GC(146)   object space 1835008K, 83% used [0x0000000080000000,0x00000000ddd99538,0x00000000f0000000)
[39.882s][debug  ][gc,heap        ] GC(146)  Metaspace       used 1022K, committed 1216K, reserved 1056768K
[39.882s][debug  ][gc,heap        ] GC(146)   class space    used 83K, committed 192K, reserved 1048576K
[39.882s][debug  ][gc,task,time   ] GC(146) VM-Thread 398637337 398799901 398818207
[40.174s][debug  ][gc,heap        ] GC(147) Heap before GC invocations=148 (full 23):
[40.174s][debug  ][gc,heap        ] GC(147)  PSYoungGen      total 230912K, used 229181K [0x00000000f0000000, 0x0000000100000000, 0x0000000100000000)
[40.174s][debug  ][gc,heap        ] GC(147)   eden space 199680K, 99% used [0x00000000f0000000,0x00000000fc1cf590,0x00000000fc300000)
[40.174s][debug  ][gc,heap        ] GC(147)   from space 31232K, 98% used [0x00000000fc300000,0x00000000fe100030,0x00000000fe180000)
[40.174s][debug  ][gc,heap        ] GC(147)   to   space 31232K, 0% used [0x00000000fe180000,0x00000000fe180000,0x0000000100000000)
[40.174s][debug  ][gc,heap        ] GC(147)  ParOldGen       total 1835008K, used 1537637K [0x0000000080000000, 0x00000000f0000000, 0x00000000f0000000)
[40.174s][debug  ][gc,heap        ] GC(147)   object space 1835008K, 83% used [0x0000000080000000,0x00000000ddd99538,0x00000000f0000000)
[40.174s][debug  ][gc,heap        ] GC(147)  Metaspace       used 1022K, committed 1216K, reserved 1056768K
[40.174s][debug  ][gc,heap        ] GC(147)   class space    used 83K, committed 192K, reserved 1048576K
[40.174s][debug  ][gc,tlab        ] GC(147) TLAB totals: thrds: 1  refills: 1 max: 1 slow allocs: 18 max 18 waste: 27.6% gc: 3994720B max: 3994720B slow: 0B max: 0B
[40.174s][info   ][gc,start       ] GC(147) Pause Young (Allocation Failure)
[40.174s][debug  ][gc,phases,start] GC(147) Scavenge
[40.190s][debug  ][gc,phases      ] GC(147) Scavenge 15.381ms
[40.190s][debug  ][gc,phases,start] GC(147) Reference Processing
[40.190s][debug  ][gc,ref         ] GC(147) Skipped phase 1 of Reference Processing: no references
[40.190s][debug  ][gc,ref         ] GC(147) Skipped phase 2 of Reference Processing: no references
[40.190s][debug  ][gc,ref         ] GC(147) Skipped phase 3 of Reference Processing: no references
[40.190s][debug  ][gc,ref         ] GC(147) Skipped phase 4 of Reference Processing: no references
[40.190s][debug  ][gc,phases,ref  ] GC(147) Reference Processing: 0.1ms
[40.190s][debug  ][gc,phases,ref  ] GC(147)   Reconsider SoftReferences: 0.0ms
[40.190s][debug  ][gc,phases,ref  ] GC(147)     SoftRef (ms):                  skipped
[40.190s][debug  ][gc,phases,ref  ] GC(147)   Notify Soft/WeakReferences: 0.0ms
[40.190s][debug  ][gc,phases,ref  ] GC(147)     SoftRef (ms):                  skipped
[40.190s][debug  ][gc,phases,ref  ] GC(147)     WeakRef (ms):                  skipped
[40.190s][debug  ][gc,phases,ref  ] GC(147)     FinalRef (ms):                 skipped
[40.190s][debug  ][gc,phases,ref  ] GC(147)     Total (ms):                    skipped
[40.190s][debug  ][gc,phases,ref  ] GC(147)   Notify and keep alive finalizable: 0.0ms
[40.190s][debug  ][gc,phases,ref  ] GC(147)     FinalRef (ms):                 skipped
[40.190s][debug  ][gc,phases,ref  ] GC(147)   Notify PhantomReferences: 0.0ms
[40.190s][debug  ][gc,phases,ref  ] GC(147)     PhantomRef (ms):               skipped
[40.190s][debug  ][gc,phases,ref  ] GC(147)   SoftReference:
[40.190s][debug  ][gc,phases,ref  ] GC(147)     Discovered: 0
[40.190s][debug  ][gc,phases,ref  ] GC(147)     Cleared: 0
[40.190s][debug  ][gc,phases,ref  ] GC(147)   WeakReference:
[40.190s][debug  ][gc,phases,ref  ] GC(147)     Discovered: 0
[40.190s][debug  ][gc,phases,ref  ] GC(147)     Cleared: 0
[40.190s][debug  ][gc,phases,ref  ] GC(147)   FinalReference:
[40.190s][debug  ][gc,phases,ref  ] GC(147)     Discovered: 0
[40.190s][debug  ][gc,phases,ref  ] GC(147)     Cleared: 0
[40.190s][debug  ][gc,phases,ref  ] GC(147)   PhantomReference:
[40.190s][debug  ][gc,phases,ref  ] GC(147)     Discovered: 0
[40.190s][debug  ][gc,phases,ref  ] GC(147)     Cleared: 0
[40.191s][debug  ][gc,phases      ] GC(147) Reference Processing 0.584ms
[40.191s][debug  ][gc,phases,start] GC(147) Weak Processing
[40.191s][debug  ][gc,phases      ] GC(147)   VM Weak                        Min:  0.0, Avg:  0.0, Max:  0.0, Diff:  0.0, Sum:  0.0, Workers: 6
[40.191s][debug  ][gc,phases      ] GC(147)     Dead                           Min: 0, Avg:  0.0, Max: 0, Diff: 0, Sum: 0, Workers: 6
[40.191s][debug  ][gc,phases      ] GC(147)     Total                          Min: 0, Avg:  1.3, Max: 8, Diff: 8, Sum: 8, Workers: 6
[40.191s][debug  ][gc,phases      ] GC(147)   ObjectSynchronizer Weak        Min:  0.0, Avg:  0.0, Max:  0.0, Diff:  0.0, Sum:  0.0, Workers: 6
[40.191s][debug  ][gc,phases      ] GC(147)     Dead                           Min: 0, Avg:  0.0, Max: 0, Diff: 0, Sum: 0, Workers: 6
[40.191s][debug  ][gc,phases      ] GC(147)     Total                          Min: 0, Avg:  0.5, Max: 3, Diff: 3, Sum: 3, Workers: 6
[40.191s][debug  ][gc,phases      ] GC(147)   JVMTI Tag Weak OopStorage      Min:  0.0, Avg:  0.0, Max:  0.0, Diff:  0.0, Sum:  0.0, Workers: 6
[40.191s][debug  ][gc,phases      ] GC(147)     Dead                           Min: 0, Avg:  0.0, Max: 0, Diff: 0, Sum: 0, Workers: 6
[40.191s][debug  ][gc,phases      ] GC(147)     Total                          Min: 0, Avg:  0.0, Max: 0, Diff: 0, Sum: 0, Workers: 6
[40.191s][debug  ][gc,phases      ] GC(147)   StringTable Weak               Min:  0.0, Avg:  0.0, Max:  0.0, Diff:  0.0, Sum:  0.0, Workers: 6
[40.191s][debug  ][gc,phases      ] GC(147)     Dead                           Min: 0, Avg:  0.0, Max: 0, Diff: 0, Sum: 0, Workers: 6
[40.191s][debug  ][gc,phases      ] GC(147)     Total                          Min: 704, Avg: 892.3, Max: 1024, Diff: 320, Sum: 5354, Workers: 6
[40.191s][debug  ][gc,phases      ] GC(147)   ResolvedMethodTable Weak       Min:  0.0, Avg:  0.0, Max:  0.0, Diff:  0.0, Sum:  0.0, Workers: 6
[40.191s][debug  ][gc,phases      ] GC(147)     Dead                           Min: 0, Avg:  0.0, Max: 0, Diff: 0, Sum: 0, Workers: 6
[40.191s][debug  ][gc,phases      ] GC(147)     Total                          Min: 0, Avg: 21.7, Max: 64, Diff: 64, Sum: 130, Workers: 6
[40.191s][debug  ][gc,phases      ] GC(147)   JNI Weak                       Min:  0.0, Avg:  0.0, Max:  0.0, Diff:  0.0, Sum:  0.0, Workers: 6
[40.191s][debug  ][gc,phases      ] GC(147)     Dead                           Min: 0, Avg:  0.0, Max: 0, Diff: 0, Sum: 0, Workers: 6
[40.191s][debug  ][gc,phases      ] GC(147)     Total                          Min: 0, Avg:  0.0, Max: 0, Diff: 0, Sum: 0, Workers: 6
[40.191s][debug  ][gc,phases      ] GC(147)   StringDedup Table Weak         Min:  0.0, Avg:  0.0, Max:  0.0, Diff:  0.0, Sum:  0.0, Workers: 6
[40.191s][debug  ][gc,phases      ] GC(147)     Dead                           Min: 0, Avg:  0.0, Max: 0, Diff: 0, Sum: 0, Workers: 6
[40.191s][debug  ][gc,phases      ] GC(147)     Total                          Min: 0, Avg:  0.0, Max: 0, Diff: 0, Sum: 0, Workers: 6
[40.191s][debug  ][gc,phases      ] GC(147)   StringDedup Requests0 Weak     Min:  0.0, Avg:  0.0, Max:  0.0, Diff:  0.0, Sum:  0.0, Workers: 6
[40.191s][debug  ][gc,phases      ] GC(147)     Dead                           Min: 0, Avg:  0.0, Max: 0, Diff: 0, Sum: 0, Workers: 6
[40.191s][debug  ][gc,phases      ] GC(147)     Total                          Min: 0, Avg:  0.0, Max: 0, Diff: 0, Sum: 0, Workers: 6
[40.191s][debug  ][gc,phases      ] GC(147)   StringDedup Requests1 Weak     Min:  0.0, Avg:  0.0, Max:  0.0, Diff:  0.0, Sum:  0.0, Workers: 6
[40.191s][debug  ][gc,phases      ] GC(147)     Dead                           Min: 0, Avg:  0.0, Max: 0, Diff: 0, Sum: 0, Workers: 6
[40.191s][debug  ][gc,phases      ] GC(147)     Total                          Min: 0, Avg:  0.0, Max: 0, Diff: 0, Sum: 0, Workers: 6
[40.191s][debug  ][gc,phases      ] GC(147)   Weak JFR Old Object Samples    Min:  0.0, Avg:  0.0, Max:  0.0, Diff:  0.0, Sum:  0.0, Workers: 6
[40.191s][debug  ][gc,phases      ] GC(147)     Dead                           Min: 0, Avg:  0.0, Max: 0, Diff: 0, Sum: 0, Workers: 6
[40.191s][debug  ][gc,phases      ] GC(147)     Total                          Min: 0, Avg:  0.0, Max: 0, Diff: 0, Sum: 0, Workers: 6
[40.191s][debug  ][gc,phases      ] GC(147) Weak Processing 0.685ms
[40.191s][debug  ][gc,ergo        ] GC(147) AdaptiveSizeStart:  collection: 148 
[40.191s][debug  ][gc,ergo        ] GC(147) avg_survived_padded_avg: 31788766.000000
[40.191s][debug  ][gc,ergo        ] GC(147) avg_promoted_padded_avg: 271900416.000000  avg_pretenured_padded_avg: 0.000000  tenuring_thresh: 15  target_size: 31981568
[40.191s][debug  ][gc,age         ] GC(147) Desired survivor size 31981568 bytes, new threshold 15 (max threshold 15)
[40.191s][debug  ][gc,ergo        ] GC(147) PSAdaptiveSizePolicy::compute_eden_space_size limits: desired_eden_size: 224201224 old_eden_size: 204472320 eden_limit: 204472320 cur_eden: 204472320 max_eden_size: 204472320 avg_young_live: 28013144
[40.191s][debug  ][gc,ergo        ] GC(147) PSAdaptiveSizePolicy::compute_eden_space_size: costs minor_time: 0.050442 major_cost: 0.054116 mutator_cost: 0.895442 throughput_goal: 0.990000
[40.191s][debug  ][gc,ergo        ] GC(147) Live_space: 1060224768 free_space: 1431306240
[40.191s][debug  ][gc,ergo        ] GC(147) Old eden_size: 204472320 desired_eden_size: 204472320
[40.191s][debug  ][gc,ergo        ] GC(147) AdaptiveSizeStop: collection: 148 
[40.191s][info   ][gc,heap        ] GC(147) PSYoungGen: 229181K(230912K)->30720K(230912K) Eden: 198461K(199680K)->0K(199680K) From: 30720K(31232K)->30720K(31232K)
[40.191s][info   ][gc,heap        ] GC(147) ParOldGen: 1537637K(1835008K)->1732197K(1835008K)
[40.191s][info   ][gc,metaspace   ] GC(147) Metaspace: 1022K(1216K)->1022K(1216K) NonClass: 939K(1024K)->939K(1024K) Class: 83K(192K)->83K(192K)
[40.191s][info   ][gc             ] GC(147) Pause Young (Allocation Failure) 1725M->1721M(2017M) 17.060ms
[40.192s][info   ][gc,cpu         ] GC(147) User=0.16s Sys=0.00s Real=0.02s
[40.192s][debug  ][gc,heap        ] GC(147) Heap after GC invocations=148 (full 23):
[40.192s][debug  ][gc,heap        ] GC(147)  PSYoungGen      total 230912K, used 30720K [0x00000000f0000000, 0x0000000100000000, 0x0000000100000000)
[40.192s][debug  ][gc,heap        ] GC(147)   eden space 199680K, 0% used [0x00000000f0000000,0x00000000f0000000,0x00000000fc300000)
[40.192s][debug  ][gc,heap        ] GC(147)   from space 31232K, 98% used [0x00000000fe180000,0x00000000fff80030,0x0000000100000000)
[40.192s][debug  ][gc,heap        ] GC(147)   to   space 31232K, 0% used [0x00000000fc300000,0x00000000fc300000,0x00000000fe180000)
[40.192s][debug  ][gc,heap        ] GC(147)  ParOldGen       total 1835008K, used 1732197K [0x0000000080000000, 0x00000000f0000000, 0x00000000f0000000)
[40.192s][debug  ][gc,heap        ] GC(147)   object space 1835008K, 94% used [0x0000000080000000,0x00000000e9b99668,0x00000000f0000000)
[40.192s][debug  ][gc,heap        ] GC(147)  Metaspace       used 1022K, committed 1216K, reserved 1056768K
[40.192s][debug  ][gc,heap        ] GC(147)   class space    used 83K, committed 192K, reserved 1048576K
[40.192s][debug  ][gc,task,time   ] GC(147) VM-Thread 401740833 401899168 401917305
[40.192s][debug  ][gc,phases,start] GC(148) Pre Compact
[40.192s][debug  ][gc,heap        ] GC(148) Heap before GC invocations=149 (full 24):
[40.192s][debug  ][gc,heap        ] GC(148)  PSYoungGen      total 230912K, used 30720K [0x00000000f0000000, 0x0000000100000000, 0x0000000100000000)
[40.192s][debug  ][gc,heap        ] GC(148)   eden space 199680K, 0% used [0x00000000f0000000,0x00000000f0000000,0x00000000fc300000)
[40.192s][debug  ][gc,heap        ] GC(148)   from space 31232K, 98% used [0x00000000fe180000,0x00000000fff80030,0x0000000100000000)
[40.192s][debug  ][gc,heap        ] GC(148)   to   space 31232K, 0% used [0x00000000fc300000,0x00000000fc300000,0x00000000fe180000)
[40.192s][debug  ][gc,heap        ] GC(148)  ParOldGen       total 1835008K, used 1732197K [0x0000000080000000, 0x00000000f0000000, 0x00000000f0000000)
[40.192s][debug  ][gc,heap        ] GC(148)   object space 1835008K, 94% used [0x0000000080000000,0x00000000e9b99668,0x00000000f0000000)
[40.192s][debug  ][gc,heap        ] GC(148)  Metaspace       used 1022K, committed 1216K, reserved 1056768K
[40.192s][debug  ][gc,heap        ] GC(148)   class space    used 83K, committed 192K, reserved 1048576K
[40.192s][debug  ][gc,phases      ] GC(148) Pre Compact 0.202ms
[40.192s][info   ][gc,start       ] GC(148) Pause Full (Ergonomics)
[40.192s][info   ][gc,phases,start] GC(148) Marking Phase
[40.192s][debug  ][gc,phases,start] GC(148) Par Mark
[40.193s][debug  ][gc,phases      ] GC(148) Par Mark 0.501ms
[40.193s][debug  ][gc,phases,start] GC(148) Reference Processing
[40.193s][debug  ][gc,ref         ] GC(148) Skipped phase 1 of Reference Processing: no references
[40.193s][debug  ][gc,ref         ] GC(148) ReferenceProcessor::execute queues: 1, RefProcThreadModel::Single, marks_oops_alive: false
[40.193s][debug  ][gc,ref         ] GC(148) Skipped phase 3 of Reference Processing: no references
[40.193s][debug  ][gc,ref         ] GC(148) ReferenceProcessor::execute queues: 1, RefProcThreadModel::Single, marks_oops_alive: false
[40.193s][debug  ][gc,phases,ref  ] GC(148) Reference Processing: 0.1ms
[40.193s][debug  ][gc,phases,ref  ] GC(148)   Reconsider SoftReferences: 0.0ms
[40.193s][debug  ][gc,phases,ref  ] GC(148)     SoftRef (ms):                  skipped
[40.193s][debug  ][gc,phases,ref  ] GC(148)   Notify Soft/WeakReferences: 0.0ms
[40.193s][debug  ][gc,phases,ref  ] GC(148)     SoftRef (ms):                  Min:  0.0, Avg:  0.0, Max:  0.0, Diff:  0.0, Sum:  0.0, Workers: 12
[40.193s][debug  ][gc,phases,ref  ] GC(148)     WeakRef (ms):                  Min:  0.0, Avg:  0.0, Max:  0.0, Diff:  0.0, Sum:  0.0, Workers: 12
[40.193s][debug  ][gc,phases,ref  ] GC(148)     FinalRef (ms):                 Min:  0.0, Avg:  0.0, Max:  0.0, Diff:  0.0, Sum:  0.0, Workers: 12
[40.193s][debug  ][gc,phases,ref  ] GC(148)     Total (ms):                    Min:  0.0, Avg:  0.0, Max:  0.0, Diff:  0.0, Sum:  0.0, Workers: 12
[40.193s][debug  ][gc,phases,ref  ] GC(148)   Notify and keep alive finalizable: 0.0ms
[40.193s][debug  ][gc,phases,ref  ] GC(148)     FinalRef (ms):                 skipped
[40.193s][debug  ][gc,phases,ref  ] GC(148)   Notify PhantomReferences: 0.0ms
[40.193s][debug  ][gc,phases,ref  ] GC(148)     PhantomRef (ms):               Min:  0.0, Avg:  0.0, Max:  0.0, Diff:  0.0, Sum:  0.0, Workers: 12
[40.193s][debug  ][gc,phases,ref  ] GC(148)   SoftReference:
[40.193s][debug  ][gc,phases,ref  ] GC(148)     Discovered: 0
[40.193s][debug  ][gc,phases,ref  ] GC(148)     Cleared: 0
[40.193s][debug  ][gc,phases,ref  ] GC(148)   WeakReference:
[40.193s][debug  ][gc,phases,ref  ] GC(148)     Discovered: 76
[40.193s][debug  ][gc,phases,ref  ] GC(148)     Cleared: 76
[40.193s][debug  ][gc,phases,ref  ] GC(148)   FinalReference:
[40.193s][debug  ][gc,phases,ref  ] GC(148)     Discovered: 0
[40.193s][debug  ][gc,phases,ref  ] GC(148)     Cleared: 0
[40.193s][debug  ][gc,phases,ref  ] GC(148)   PhantomReference:
[40.193s][debug  ][gc,phases,ref  ] GC(148)     Discovered: 3
[40.193s][debug  ][gc,phases,ref  ] GC(148)     Cleared: 3
[40.193s][debug  ][gc,phases      ] GC(148) Reference Processing 0.584ms
[40.193s][debug  ][gc,phases,start] GC(148) Weak Processing
[40.193s][debug  ][gc,phases      ] GC(148)   VM Weak                        Min:  0.0, Avg:  0.0, Max:  0.0, Diff:  0.0, Sum:  0.0, Workers: 6
[40.193s][debug  ][gc,phases      ] GC(148)     Dead                           Min: 0, Avg:  0.0, Max: 0, Diff: 0, Sum: 0, Workers: 6
[40.193s][debug  ][gc,phases      ] GC(148)     Total                          Min: 0, Avg:  1.3, Max: 8, Diff: 8, Sum: 8, Workers: 6
[40.193s][debug  ][gc,phases      ] GC(148)   ObjectSynchronizer Weak        Min:  0.0, Avg:  0.0, Max:  0.0, Diff:  0.0, Sum:  0.0, Workers: 6
[40.193s][debug  ][gc,phases      ] GC(148)     Dead                           Min: 0, Avg:  0.0, Max: 0, Diff: 0, Sum: 0, Workers: 6
[40.193s][debug  ][gc,phases      ] GC(148)     Total                          Min: 0, Avg:  0.5, Max: 3, Diff: 3, Sum: 3, Workers: 6
[40.193s][debug  ][gc,phases      ] GC(148)   JVMTI Tag Weak OopStorage      Min:  0.0, Avg:  0.0, Max:  0.0, Diff:  0.0, Sum:  0.0, Workers: 6
[40.193s][debug  ][gc,phases      ] GC(148)     Dead                           Min: 0, Avg:  0.0, Max: 0, Diff: 0, Sum: 0, Workers: 6
[40.193s][debug  ][gc,phases      ] GC(148)     Total                          Min: 0, Avg:  0.0, Max: 0, Diff: 0, Sum: 0, Workers: 6
[40.193s][debug  ][gc,phases      ] GC(148)   StringTable Weak               Min:  0.0, Avg:  0.0, Max:  0.0, Diff:  0.0, Sum:  0.0, Workers: 6
[40.193s][debug  ][gc,phases      ] GC(148)     Dead                           Min: 0, Avg:  0.0, Max: 0, Diff: 0, Sum: 0, Workers: 6
[40.193s][debug  ][gc,phases      ] GC(148)     Total                          Min: 512, Avg: 892.3, Max: 1280, Diff: 768, Sum: 5354, Workers: 6
[40.193s][debug  ][gc,phases      ] GC(148)   ResolvedMethodTable Weak       Min:  0.0, Avg:  0.0, Max:  0.0, Diff:  0.0, Sum:  0.0, Workers: 6
[40.193s][debug  ][gc,phases      ] GC(148)     Dead                           Min: 0, Avg:  0.0, Max: 0, Diff: 0, Sum: 0, Workers: 6
[40.194s][debug  ][gc,phases      ] GC(148)     Total                          Min: 0, Avg: 21.7, Max: 64, Diff: 64, Sum: 130, Workers: 6
[40.194s][debug  ][gc,phases      ] GC(148)   JNI Weak                       Min:  0.0, Avg:  0.0, Max:  0.0, Diff:  0.0, Sum:  0.0, Workers: 6
[40.194s][debug  ][gc,phases      ] GC(148)     Dead                           Min: 0, Avg:  0.0, Max: 0, Diff: 0, Sum: 0, Workers: 6
[40.194s][debug  ][gc,phases      ] GC(148)     Total                          Min: 0, Avg:  0.0, Max: 0, Diff: 0, Sum: 0, Workers: 6
[40.194s][debug  ][gc,phases      ] GC(148)   StringDedup Table Weak         Min:  0.0, Avg:  0.0, Max:  0.0, Diff:  0.0, Sum:  0.0, Workers: 6
[40.194s][debug  ][gc,phases      ] GC(148)     Dead                           Min: 0, Avg:  0.0, Max: 0, Diff: 0, Sum: 0, Workers: 6
[40.194s][debug  ][gc,phases      ] GC(148)     Total                          Min: 0, Avg:  0.0, Max: 0, Diff: 0, Sum: 0, Workers: 6
[40.194s][debug  ][gc,phases      ] GC(148)   StringDedup Requests0 Weak     Min:  0.0, Avg:  0.0, Max:  0.0, Diff:  0.0, Sum:  0.0, Workers: 6
[40.194s][debug  ][gc,phases      ] GC(148)     Dead                           Min: 0, Avg:  0.0, Max: 0, Diff: 0, Sum: 0, Workers: 6
[40.194s][debug  ][gc,phases      ] GC(148)     Total                          Min: 0, Avg:  0.0, Max: 0, Diff: 0, Sum: 0, Workers: 6
[40.194s][debug  ][gc,phases      ] GC(148)   StringDedup Requests1 Weak     Min:  0.0, Avg:  0.0, Max:  0.0, Diff:  0.0, Sum:  0.0, Workers: 6
[40.194s][debug  ][gc,phases      ] GC(148)     Dead                           Min: 0, Avg:  0.0, Max: 0, Diff: 0, Sum: 0, Workers: 6
[40.194s][debug  ][gc,phases      ] GC(148)     Total                          Min: 0, Avg:  0.0, Max: 0, Diff: 0, Sum: 0, Workers: 6
[40.194s][debug  ][gc,phases      ] GC(148)   Weak JFR Old Object Samples    Min:  0.0, Avg:  0.0, Max:  0.0, Diff:  0.0, Sum:  0.0, Workers: 6
[40.194s][debug  ][gc,phases      ] GC(148)     Dead                           Min: 0, Avg:  0.0, Max: 0, Diff: 0, Sum: 0, Workers: 6
[40.194s][debug  ][gc,phases      ] GC(148)     Total                          Min: 0, Avg:  0.0, Max: 0, Diff: 0, Sum: 0, Workers: 6
[40.194s][debug  ][gc,phases      ] GC(148) Weak Processing 0.670ms
[40.194s][debug  ][gc,phases,start] GC(148) Class Unloading
[40.194s][debug  ][gc,phases,start] GC(148) ClassLoaderData
[40.194s][debug  ][gc,phases      ] GC(148) ClassLoaderData 0.019ms
[40.194s][debug  ][gc,phases,start] GC(148) Trigger cleanups
[40.194s][debug  ][gc,phases      ] GC(148) Trigger cleanups 0.019ms
[40.194s][debug  ][gc,phases      ] GC(148) Class Unloading 0.254ms
[40.194s][info   ][gc,phases      ] GC(148) Marking Phase 2.118ms
[40.194s][info   ][gc,phases,start] GC(148) Summary Phase
[40.194s][info   ][gc,phases      ] GC(148) Summary Phase 0.038ms
[40.194s][info   ][gc,phases,start] GC(148) Adjust Roots
[40.194s][info   ][gc,phases      ] GC(148) Adjust Roots 0.130ms
[40.194s][info   ][gc,phases,start] GC(148) Compaction Phase
[40.290s][info   ][gc,phases      ] GC(148) Compaction Phase 95.923ms
[40.290s][info   ][gc,phases,start] GC(148) Post Compact
[40.299s][info   ][gc,phases      ] GC(148) Post Compact 8.210ms
[40.299s][debug  ][gc,ergo        ] GC(148) AdaptiveSizeStart: collection: 149 
[40.299s][debug  ][gc,ergo        ] GC(148) PSAdaptiveSizePolicy::compute_eden_space_size limits: desired_eden_size: 224205921 old_eden_size: 204472320 eden_limit: 204472320 cur_eden: 204472320 max_eden_size: 204472320 avg_young_live: 25211830
[40.299s][debug  ][gc,ergo        ] GC(148) PSAdaptiveSizePolicy::compute_eden_space_size: costs minor_time: 0.050442 major_cost: 0.054091 mutator_cost: 0.895467 throughput_goal: 0.990000
[40.299s][debug  ][gc,ergo        ] GC(148) Live_space: 1057423424 free_space: 1431306240
[40.299s][debug  ][gc,ergo        ] GC(148) Old eden_size: 204472320 desired_eden_size: 204472320
[40.299s][debug  ][gc,ergo        ] GC(148) PSAdaptiveSizePolicy::compute_old_gen_free_space limits: desired_promo_size: 1353799094 promo_limit: 1226833920 free_in_old_gen: 1102353152 max_old_gen_size: 1879048192 avg_old_live: 776695040
[40.299s][debug  ][gc,ergo        ] GC(148) PSAdaptiveSizePolicy::compute_old_gen_free_space: costs minor_time: 0.050442 major_cost: 0.054091  mutator_cost: 0.895467 throughput_goal: 0.990000
[40.299s][debug  ][gc,ergo        ] GC(148) Live_space: 1070342336 free_space: 1431306240
[40.299s][debug  ][gc,ergo        ] GC(148) Old promo_size: 1226833920 desired_promo_size: 1226833920
[40.299s][debug  ][gc,ergo        ] GC(148) AdaptiveSizeStop: collection: 149 
[40.299s][info   ][gc,heap        ] GC(148) PSYoungGen: 30720K(230912K)->0K(230912K) Eden: 0K(199680K)->0K(199680K) From: 30720K(31232K)->0K(31232K)
[40.299s][info   ][gc,heap        ] GC(148) ParOldGen: 1732197K(1835008K)->872036K(1835008K)
[40.299s][info   ][gc,metaspace   ] GC(148) Metaspace: 1022K(1216K)->1022K(1216K) NonClass: 939K(1024K)->939K(1024K) Class: 83K(192K)->83K(192K)
[40.299s][info   ][gc             ] GC(148) Pause Full (Ergonomics) 1721M->851M(2017M) 107.376ms
[40.299s][info   ][gc,cpu         ] GC(148) User=0.97s Sys=0.00s Real=0.11s
[40.299s][debug  ][gc,heap        ] GC(148) Heap after GC invocations=149 (full 24):
[40.299s][debug  ][gc,heap        ] GC(148)  PSYoungGen      total 230912K, used 0K [0x00000000f0000000, 0x0000000100000000, 0x0000000100000000)
[40.300s][debug  ][gc,heap        ] GC(148)   eden space 199680K, 0% used [0x00000000f0000000,0x00000000f0000000,0x00000000fc300000)
[40.300s][debug  ][gc,heap        ] GC(148)   from space 31232K, 0% used [0x00000000fc300000,0x00000000fc300000,0x00000000fe180000)
[40.300s][debug  ][gc,heap        ] GC(148)   to   space 31232K, 0% used [0x00000000fe180000,0x00000000fe180000,0x0000000100000000)
[40.300s][debug  ][gc,heap        ] GC(148)  ParOldGen       total 1835008K, used 872036K [0x0000000080000000, 0x00000000f0000000, 0x00000000f0000000)
[40.300s][debug  ][gc,heap        ] GC(148)   object space 1835008K, 47% used [0x0000000080000000,0x00000000b5399128,0x00000000f0000000)
[40.300s][debug  ][gc,heap        ] GC(148)  Metaspace       used 1022K, committed 1216K, reserved 1056768K
[40.300s][debug  ][gc,heap        ] GC(148)   class space    used 83K, committed 192K, reserved 1048576K
[40.300s][debug  ][gc,task,time   ] GC(148) VM-Thread 401920009 401943658 402994421
[40.600s][debug  ][gc,heap        ] GC(149) Heap before GC invocations=150 (full 24):
[40.600s][debug  ][gc,heap        ] GC(149)  PSYoungGen      total 230912K, used 198466K [0x00000000f0000000, 0x0000000100000000, 0x0000000100000000)
[40.600s][debug  ][gc,heap        ] GC(149)   eden space 199680K, 99% used [0x00000000f0000000,0x00000000fc1d0928,0x00000000fc300000)
[40.600s][debug  ][gc,heap        ] GC(149)   from space 31232K, 0% used [0x00000000fc300000,0x00000000fc300000,0x00000000fe180000)
[40.600s][debug  ][gc,heap        ] GC(149)   to   space 31232K, 0% used [0x00000000fe180000,0x00000000fe180000,0x0000000100000000)
[40.600s][debug  ][gc,heap        ] GC(149)  ParOldGen       total 1835008K, used 872036K [0x0000000080000000, 0x00000000f0000000, 0x00000000f0000000)
[40.600s][debug  ][gc,heap        ] GC(149)   object space 1835008K, 47% used [0x0000000080000000,0x00000000b5399128,0x00000000f0000000)
[40.600s][debug  ][gc,heap        ] GC(149)  Metaspace       used 1022K, committed 1216K, reserved 1056768K
[40.600s][debug  ][gc,heap        ] GC(149)   class space    used 83K, committed 192K, reserved 1048576K
[40.600s][debug  ][gc,tlab        ] GC(149) TLAB totals: thrds: 1  refills: 1 max: 1 slow allocs: 18 max 18 waste: 27.6% gc: 3998672B max: 3998672B slow: 0B max: 0B
[40.600s][info   ][gc,start       ] GC(149) Pause Young (Allocation Failure)
[40.601s][debug  ][gc,phases,start] GC(149) Scavenge
[40.603s][debug  ][gc,phases      ] GC(149) Scavenge 2.836ms
[40.603s][debug  ][gc,phases,start] GC(149) Reference Processing
[40.603s][debug  ][gc,ref         ] GC(149) Skipped phase 1 of Reference Processing: no references
[40.603s][debug  ][gc,ref         ] GC(149) Skipped phase 2 of Reference Processing: no references
[40.603s][debug  ][gc,ref         ] GC(149) Skipped phase 3 of Reference Processing: no references
[40.604s][debug  ][gc,ref         ] GC(149) Skipped phase 4 of Reference Processing: no references
[40.604s][debug  ][gc,phases,ref  ] GC(149) Reference Processing: 0.1ms
[40.604s][debug  ][gc,phases,ref  ] GC(149)   Reconsider SoftReferences: 0.0ms
[40.604s][debug  ][gc,phases,ref  ] GC(149)     SoftRef (ms):                  skipped
[40.604s][debug  ][gc,phases,ref  ] GC(149)   Notify Soft/WeakReferences: 0.0ms
[40.604s][debug  ][gc,phases,ref  ] GC(149)     SoftRef (ms):                  skipped
[40.604s][debug  ][gc,phases,ref  ] GC(149)     WeakRef (ms):                  skipped
[40.604s][debug  ][gc,phases,ref  ] GC(149)     FinalRef (ms):                 skipped
[40.604s][debug  ][gc,phases,ref  ] GC(149)     Total (ms):                    skipped
[40.604s][debug  ][gc,phases,ref  ] GC(149)   Notify and keep alive finalizable: 0.0ms
[40.604s][debug  ][gc,phases,ref  ] GC(149)     FinalRef (ms):                 skipped
[40.604s][debug  ][gc,phases,ref  ] GC(149)   Notify PhantomReferences: 0.0ms
[40.604s][debug  ][gc,phases,ref  ] GC(149)     PhantomRef (ms):               skipped
[40.604s][debug  ][gc,phases,ref  ] GC(149)   SoftReference:
[40.604s][debug  ][gc,phases,ref  ] GC(149)     Discovered: 0
[40.604s][debug  ][gc,phases,ref  ] GC(149)     Cleared: 0
[40.604s][debug  ][gc,phases,ref  ] GC(149)   WeakReference:
[40.604s][debug  ][gc,phases,ref  ] GC(149)     Discovered: 0
[40.604s][debug  ][gc,phases,ref  ] GC(149)     Cleared: 0
[40.604s][debug  ][gc,phases,ref  ] GC(149)   FinalReference:
[40.604s][debug  ][gc,phases,ref  ] GC(149)     Discovered: 0
[40.604s][debug  ][gc,phases,ref  ] GC(149)     Cleared: 0
[40.604s][debug  ][gc,phases,ref  ] GC(149)   PhantomReference:
[40.604s][debug  ][gc,phases,ref  ] GC(149)     Discovered: 0
[40.604s][debug  ][gc,phases,ref  ] GC(149)     Cleared: 0
[40.604s][debug  ][gc,phases      ] GC(149) Reference Processing 0.585ms
[40.604s][debug  ][gc,phases,start] GC(149) Weak Processing
[40.604s][debug  ][gc,phases      ] GC(149)   VM Weak                        Min:  0.0, Avg:  0.0, Max:  0.0, Diff:  0.0, Sum:  0.0, Workers: 6
[40.604s][debug  ][gc,phases      ] GC(149)     Dead                           Min: 0, Avg:  0.0, Max: 0, Diff: 0, Sum: 0, Workers: 6
[40.604s][debug  ][gc,phases      ] GC(149)     Total                          Min: 0, Avg:  1.3, Max: 8, Diff: 8, Sum: 8, Workers: 6
[40.604s][debug  ][gc,phases      ] GC(149)   ObjectSynchronizer Weak        Min:  0.0, Avg:  0.0, Max:  0.0, Diff:  0.0, Sum:  0.0, Workers: 6
[40.604s][debug  ][gc,phases      ] GC(149)     Dead                           Min: 0, Avg:  0.0, Max: 0, Diff: 0, Sum: 0, Workers: 6
[40.604s][debug  ][gc,phases      ] GC(149)     Total                          Min: 0, Avg:  0.5, Max: 3, Diff: 3, Sum: 3, Workers: 6
[40.604s][debug  ][gc,phases      ] GC(149)   JVMTI Tag Weak OopStorage      Min:  0.0, Avg:  0.0, Max:  0.0, Diff:  0.0, Sum:  0.0, Workers: 6
[40.604s][debug  ][gc,phases      ] GC(149)     Dead                           Min: 0, Avg:  0.0, Max: 0, Diff: 0, Sum: 0, Workers: 6
[40.604s][debug  ][gc,phases      ] GC(149)     Total                          Min: 0, Avg:  0.0, Max: 0, Diff: 0, Sum: 0, Workers: 6
[40.604s][debug  ][gc,phases      ] GC(149)   StringTable Weak               Min:  0.0, Avg:  0.0, Max:  0.0, Diff:  0.0, Sum:  0.0, Workers: 6
[40.604s][debug  ][gc,phases      ] GC(149)     Dead                           Min: 0, Avg:  0.0, Max: 0, Diff: 0, Sum: 0, Workers: 6
[40.604s][debug  ][gc,phases      ] GC(149)     Total                          Min: 682, Avg: 892.3, Max: 1280, Diff: 598, Sum: 5354, Workers: 6
[40.604s][debug  ][gc,phases      ] GC(149)   ResolvedMethodTable Weak       Min:  0.0, Avg:  0.0, Max:  0.0, Diff:  0.0, Sum:  0.0, Workers: 6
[40.604s][debug  ][gc,phases      ] GC(149)     Dead                           Min: 0, Avg:  0.0, Max: 0, Diff: 0, Sum: 0, Workers: 6
[40.604s][debug  ][gc,phases      ] GC(149)     Total                          Min: 0, Avg: 21.7, Max: 64, Diff: 64, Sum: 130, Workers: 6
[40.604s][debug  ][gc,phases      ] GC(149)   JNI Weak                       Min:  0.0, Avg:  0.0, Max:  0.0, Diff:  0.0, Sum:  0.0, Workers: 6
[40.604s][debug  ][gc,phases      ] GC(149)     Dead                           Min: 0, Avg:  0.0, Max: 0, Diff: 0, Sum: 0, Workers: 6
[40.604s][debug  ][gc,phases      ] GC(149)     Total                          Min: 0, Avg:  0.0, Max: 0, Diff: 0, Sum: 0, Workers: 6
[40.604s][debug  ][gc,phases      ] GC(149)   StringDedup Table Weak         Min:  0.0, Avg:  0.0, Max:  0.0, Diff:  0.0, Sum:  0.0, Workers: 6
[40.604s][debug  ][gc,phases      ] GC(149)     Dead                           Min: 0, Avg:  0.0, Max: 0, Diff: 0, Sum: 0, Workers: 6
[40.604s][debug  ][gc,phases      ] GC(149)     Total                          Min: 0, Avg:  0.0, Max: 0, Diff: 0, Sum: 0, Workers: 6
[40.605s][debug  ][gc,phases      ] GC(149)   StringDedup Requests0 Weak     Min:  0.0, Avg:  0.0, Max:  0.0, Diff:  0.0, Sum:  0.0, Workers: 6
[40.605s][debug  ][gc,phases      ] GC(149)     Dead                           Min: 0, Avg:  0.0, Max: 0, Diff: 0, Sum: 0, Workers: 6
[40.605s][debug  ][gc,phases      ] GC(149)     Total                          Min: 0, Avg:  0.0, Max: 0, Diff: 0, Sum: 0, Workers: 6
[40.605s][debug  ][gc,phases      ] GC(149)   StringDedup Requests1 Weak     Min:  0.0, Avg:  0.0, Max:  0.0, Diff:  0.0, Sum:  0.0, Workers: 6
[40.605s][debug  ][gc,phases      ] GC(149)     Dead                           Min: 0, Avg:  0.0, Max: 0, Diff: 0, Sum: 0, Workers: 6
[40.605s][debug  ][gc,phases      ] GC(149)     Total                          Min: 0, Avg:  0.0, Max: 0, Diff: 0, Sum: 0, Workers: 6
[40.605s][debug  ][gc,phases      ] GC(149)   Weak JFR Old Object Samples    Min:  0.0, Avg:  0.0, Max:  0.0, Diff:  0.0, Sum:  0.0, Workers: 6
[40.605s][debug  ][gc,phases      ] GC(149)     Dead                           Min: 0, Avg:  0.0, Max: 0, Diff: 0, Sum: 0, Workers: 6
[40.605s][debug  ][gc,phases      ] GC(149)     Total                          Min: 0, Avg:  0.0, Max: 0, Diff: 0, Sum: 0, Workers: 6
[40.605s][debug  ][gc,phases      ] GC(149) Weak Processing 0.671ms
[40.605s][debug  ][gc,ergo        ] GC(149) AdaptiveSizeStart:  collection: 150 
[40.605s][debug  ][gc,ergo        ] GC(149) avg_survived_padded_avg: 31760996.000000
[40.605s][debug  ][gc,ergo        ] GC(149) avg_promoted_padded_avg: 289597600.000000  avg_pretenured_padded_avg: 0.000000  tenuring_thresh: 15  target_size: 31981568
[40.605s][debug  ][gc,age         ] GC(149) Desired survivor size 31981568 bytes, new threshold 15 (max threshold 15)
[40.605s][debug  ][gc,ergo        ] GC(149) PSAdaptiveSizePolicy::compute_eden_space_size limits: desired_eden_size: 221949209 old_eden_size: 204472320 eden_limit: 204472320 cur_eden: 204472320 max_eden_size: 204472320 avg_young_live: 25836380
[40.605s][debug  ][gc,ergo        ] GC(149) PSAdaptiveSizePolicy::compute_eden_space_size: costs minor_time: 0.040369 major_cost: 0.054091 mutator_cost: 0.905540 throughput_goal: 0.990000
[40.605s][debug  ][gc,ergo        ] GC(149) Live_space: 1070966912 free_space: 1431306240
[40.605s][debug  ][gc,ergo        ] GC(149) Old eden_size: 204472320 desired_eden_size: 204472320
[40.605s][debug  ][gc,ergo        ] GC(149) AdaptiveSizeStop: collection: 150 
[40.605s][info   ][gc,heap        ] GC(149) PSYoungGen: 198466K(230912K)->30720K(230912K) Eden: 198466K(199680K)->0K(199680K) From: 0K(31232K)->30720K(31232K)
[40.605s][info   ][gc,heap        ] GC(149) ParOldGen: 872036K(1835008K)->882276K(1835008K)
[40.605s][info   ][gc,metaspace   ] GC(149) Metaspace: 1022K(1216K)->1022K(1216K) NonClass: 939K(1024K)->939K(1024K) Class: 83K(192K)->83K(192K)
[40.605s][info   ][gc             ] GC(149) Pause Young (Allocation Failure) 1045M->891M(2017M) 4.495ms
[40.605s][info   ][gc,cpu         ] GC(149) User=0.00s Sys=0.00s Real=0.00s
[40.605s][debug  ][gc,heap        ] GC(149) Heap after GC invocations=150 (full 24):
[40.605s][debug  ][gc,heap        ] GC(149)  PSYoungGen      total 230912K, used 30720K [0x00000000f0000000, 0x0000000100000000, 0x0000000100000000)
[40.605s][debug  ][gc,heap        ] GC(149)   eden space 199680K, 0% used [0x00000000f0000000,0x00000000f0000000,0x00000000fc300000)
[40.605s][debug  ][gc,heap        ] GC(149)   from space 31232K, 98% used [0x00000000fe180000,0x00000000fff80030,0x0000000100000000)
[40.605s][debug  ][gc,heap        ] GC(149)   to   space 31232K, 0% used [0x00000000fc300000,0x00000000fc300000,0x00000000fe180000)
[40.605s][debug  ][gc,heap        ] GC(149)  ParOldGen       total 1835008K, used 882276K [0x0000000080000000, 0x00000000f0000000, 0x00000000f0000000)
[40.605s][debug  ][gc,heap        ] GC(149)   object space 1835008K, 48% used [0x0000000080000000,0x00000000b5d99138,0x00000000f0000000)
[40.605s][debug  ][gc,heap        ] GC(149)  Metaspace       used 1022K, committed 1216K, reserved 1056768K
[40.605s][debug  ][gc,heap        ] GC(149)   class space    used 83K, committed 192K, reserved 1048576K
[40.605s][debug  ][gc,task,time   ] GC(149) VM-Thread 406002268 406034138 406052177
[40.904s][debug  ][gc,heap        ] GC(150) Heap before GC invocations=151 (full 24):
[40.904s][debug  ][gc,heap        ] GC(150)  PSYoungGen      total 230912K, used 229117K [0x00000000f0000000, 0x0000000100000000, 0x0000000100000000)
[40.904s][debug  ][gc,heap        ] GC(150)   eden space 199680K, 99% used [0x00000000f0000000,0x00000000fc1bf550,0x00000000fc300000)
[40.904s][debug  ][gc,heap        ] GC(150)   from space 31232K, 98% used [0x00000000fe180000,0x00000000fff80030,0x0000000100000000)
[40.904s][debug  ][gc,heap        ] GC(150)   to   space 31232K, 0% used [0x00000000fc300000,0x00000000fc300000,0x00000000fe180000)
[40.904s][debug  ][gc,heap        ] GC(150)  ParOldGen       total 1835008K, used 882276K [0x0000000080000000, 0x00000000f0000000, 0x00000000f0000000)
[40.904s][debug  ][gc,heap        ] GC(150)   object space 1835008K, 48% used [0x0000000080000000,0x00000000b5d99138,0x00000000f0000000)
[40.904s][debug  ][gc,heap        ] GC(150)  Metaspace       used 1022K, committed 1216K, reserved 1056768K
[40.905s][debug  ][gc,heap        ] GC(150)   class space    used 83K, committed 192K, reserved 1048576K
[40.905s][debug  ][gc,tlab        ] GC(150) TLAB totals: thrds: 1  refills: 1 max: 1 slow allocs: 18 max 18 waste: 27.3% gc: 3929120B max: 3929120B slow: 0B max: 0B
[40.905s][info   ][gc,start       ] GC(150) Pause Young (Allocation Failure)
[40.905s][debug  ][gc,phases,start] GC(150) Scavenge
[40.920s][debug  ][gc,phases      ] GC(150) Scavenge 15.529ms
[40.920s][debug  ][gc,phases,start] GC(150) Reference Processing
[40.920s][debug  ][gc,ref         ] GC(150) Skipped phase 1 of Reference Processing: no references
[40.920s][debug  ][gc,ref         ] GC(150) Skipped phase 2 of Reference Processing: no references
[40.920s][debug  ][gc,ref         ] GC(150) Skipped phase 3 of Reference Processing: no references
[40.920s][debug  ][gc,ref         ] GC(150) Skipped phase 4 of Reference Processing: no references
[40.920s][debug  ][gc,phases,ref  ] GC(150) Reference Processing: 0.1ms
[40.920s][debug  ][gc,phases,ref  ] GC(150)   Reconsider SoftReferences: 0.0ms
[40.920s][debug  ][gc,phases,ref  ] GC(150)     SoftRef (ms):                  skipped
[40.920s][debug  ][gc,phases,ref  ] GC(150)   Notify Soft/WeakReferences: 0.0ms
[40.921s][debug  ][gc,phases,ref  ] GC(150)     SoftRef (ms):                  skipped
[40.921s][debug  ][gc,phases,ref  ] GC(150)     WeakRef (ms):                  skipped
[40.921s][debug  ][gc,phases,ref  ] GC(150)     FinalRef (ms):                 skipped
[40.921s][debug  ][gc,phases,ref  ] GC(150)     Total (ms):                    skipped
[40.921s][debug  ][gc,phases,ref  ] GC(150)   Notify and keep alive finalizable: 0.0ms
[40.921s][debug  ][gc,phases,ref  ] GC(150)     FinalRef (ms):                 skipped
[40.921s][debug  ][gc,phases,ref  ] GC(150)   Notify PhantomReferences: 0.0ms
[40.921s][debug  ][gc,phases,ref  ] GC(150)     PhantomRef (ms):               skipped
[40.921s][debug  ][gc,phases,ref  ] GC(150)   SoftReference:
[40.921s][debug  ][gc,phases,ref  ] GC(150)     Discovered: 0
[40.921s][debug  ][gc,phases,ref  ] GC(150)     Cleared: 0
[40.921s][debug  ][gc,phases,ref  ] GC(150)   WeakReference:
[40.921s][debug  ][gc,phases,ref  ] GC(150)     Discovered: 0
[40.921s][debug  ][gc,phases,ref  ] GC(150)     Cleared: 0
[40.921s][debug  ][gc,phases,ref  ] GC(150)   FinalReference:
[40.921s][debug  ][gc,phases,ref  ] GC(150)     Discovered: 0
[40.921s][debug  ][gc,phases,ref  ] GC(150)     Cleared: 0
[40.921s][debug  ][gc,phases,ref  ] GC(150)   PhantomReference:
[40.921s][debug  ][gc,phases,ref  ] GC(150)     Discovered: 0
[40.921s][debug  ][gc,phases,ref  ] GC(150)     Cleared: 0
[40.921s][debug  ][gc,phases      ] GC(150) Reference Processing 0.834ms
[40.921s][debug  ][gc,phases,start] GC(150) Weak Processing
[40.921s][debug  ][gc,phases      ] GC(150)   VM Weak                        Min:  0.0, Avg:  0.0, Max:  0.0, Diff:  0.0, Sum:  0.0, Workers: 6
[40.921s][debug  ][gc,phases      ] GC(150)     Dead                           Min: 0, Avg:  0.0, Max: 0, Diff: 0, Sum: 0, Workers: 6
[40.921s][debug  ][gc,phases      ] GC(150)     Total                          Min: 0, Avg:  1.3, Max: 8, Diff: 8, Sum: 8, Workers: 6
[40.921s][debug  ][gc,phases      ] GC(150)   ObjectSynchronizer Weak        Min:  0.0, Avg:  0.0, Max:  0.0, Diff:  0.0, Sum:  0.0, Workers: 6
[40.921s][debug  ][gc,phases      ] GC(150)     Dead                           Min: 0, Avg:  0.0, Max: 0, Diff: 0, Sum: 0, Workers: 6
[40.921s][debug  ][gc,phases      ] GC(150)     Total                          Min: 0, Avg:  0.5, Max: 3, Diff: 3, Sum: 3, Workers: 6
[40.921s][debug  ][gc,phases      ] GC(150)   JVMTI Tag Weak OopStorage      Min:  0.0, Avg:  0.0, Max:  0.0, Diff:  0.0, Sum:  0.0, Workers: 6
[40.921s][debug  ][gc,phases      ] GC(150)     Dead                           Min: 0, Avg:  0.0, Max: 0, Diff: 0, Sum: 0, Workers: 6
[40.921s][debug  ][gc,phases      ] GC(150)     Total                          Min: 0, Avg:  0.0, Max: 0, Diff: 0, Sum: 0, Workers: 6
[40.921s][debug  ][gc,phases      ] GC(150)   StringTable Weak               Min:  0.0, Avg:  0.0, Max:  0.0, Diff:  0.0, Sum:  0.0, Workers: 6
[40.921s][debug  ][gc,phases      ] GC(150)     Dead                           Min: 0, Avg:  0.0, Max: 0, Diff: 0, Sum: 0, Workers: 6
[40.921s][debug  ][gc,phases      ] GC(150)     Total                          Min: 512, Avg: 892.3, Max: 1088, Diff: 576, Sum: 5354, Workers: 6
[40.922s][debug  ][gc,phases      ] GC(150)   ResolvedMethodTable Weak       Min:  0.0, Avg:  0.0, Max:  0.0, Diff:  0.0, Sum:  0.0, Workers: 6
[40.922s][debug  ][gc,phases      ] GC(150)     Dead                           Min: 0, Avg:  0.0, Max: 0, Diff: 0, Sum: 0, Workers: 6
[40.922s][debug  ][gc,phases      ] GC(150)     Total                          Min: 0, Avg: 21.7, Max: 64, Diff: 64, Sum: 130, Workers: 6
[40.922s][debug  ][gc,phases      ] GC(150)   JNI Weak                       Min:  0.0, Avg:  0.0, Max:  0.0, Diff:  0.0, Sum:  0.0, Workers: 6
[40.922s][debug  ][gc,phases      ] GC(150)     Dead                           Min: 0, Avg:  0.0, Max: 0, Diff: 0, Sum: 0, Workers: 6
[40.922s][debug  ][gc,phases      ] GC(150)     Total                          Min: 0, Avg:  0.0, Max: 0, Diff: 0, Sum: 0, Workers: 6
[40.922s][debug  ][gc,phases      ] GC(150)   StringDedup Table Weak         Min:  0.0, Avg:  0.0, Max:  0.0, Diff:  0.0, Sum:  0.0, Workers: 6
[40.922s][debug  ][gc,phases      ] GC(150)     Dead                           Min: 0, Avg:  0.0, Max: 0, Diff: 0, Sum: 0, Workers: 6
[40.922s][debug  ][gc,phases      ] GC(150)     Total                          Min: 0, Avg:  0.0, Max: 0, Diff: 0, Sum: 0, Workers: 6
[40.922s][debug  ][gc,phases      ] GC(150)   StringDedup Requests0 Weak     Min:  0.0, Avg:  0.0, Max:  0.0, Diff:  0.0, Sum:  0.0, Workers: 6
[40.922s][debug  ][gc,phases      ] GC(150)     Dead                           Min: 0, Avg:  0.0, Max: 0, Diff: 0, Sum: 0, Workers: 6
[40.922s][debug  ][gc,phases      ] GC(150)     Total                          Min: 0, Avg:  0.0, Max: 0, Diff: 0, Sum: 0, Workers: 6
[40.922s][debug  ][gc,phases      ] GC(150)   StringDedup Requests1 Weak     Min:  0.0, Avg:  0.0, Max:  0.0, Diff:  0.0, Sum:  0.0, Workers: 6
[40.922s][debug  ][gc,phases      ] GC(150)     Dead                           Min: 0, Avg:  0.0, Max: 0, Diff: 0, Sum: 0, Workers: 6
[40.922s][debug  ][gc,phases      ] GC(150)     Total                          Min: 0, Avg:  0.0, Max: 0, Diff: 0, Sum: 0, Workers: 6
[40.922s][debug  ][gc,phases      ] GC(150)   Weak JFR Old Object Samples    Min:  0.0, Avg:  0.0, Max:  0.0, Diff:  0.0, Sum:  0.0, Workers: 6
[40.922s][debug  ][gc,phases      ] GC(150)     Dead                           Min: 0, Avg:  0.0, Max: 0, Diff: 0, Sum: 0, Workers: 6
[40.922s][debug  ][gc,phases      ] GC(150)     Total                          Min: 0, Avg:  0.0, Max: 0, Diff: 0, Sum: 0, Workers: 6
[40.922s][debug  ][gc,phases      ] GC(150) Weak Processing 0.940ms
[40.922s][debug  ][gc,ergo        ] GC(150) AdaptiveSizeStart:  collection: 151 
[40.922s][debug  ][gc,ergo        ] GC(150) avg_survived_padded_avg: 31735466.000000
[40.922s][debug  ][gc,ergo        ] GC(150) avg_promoted_padded_avg: 292066880.000000  avg_pretenured_padded_avg: 0.000000  tenuring_thresh: 15  target_size: 31981568
[40.922s][debug  ][gc,age         ] GC(150) Desired survivor size 31981568 bytes, new threshold 15 (max threshold 15)
[40.922s][debug  ][gc,ergo        ] GC(150) PSAdaptiveSizePolicy::compute_eden_space_size limits: desired_eden_size: 222820385 old_eden_size: 204472320 eden_limit: 204472320 cur_eden: 204472320 max_eden_size: 204472320 avg_young_live: 26398474
[40.922s][debug  ][gc,ergo        ] GC(150) PSAdaptiveSizePolicy::compute_eden_space_size: costs minor_time: 0.044019 major_cost: 0.054091 mutator_cost: 0.901891 throughput_goal: 0.990000
[40.922s][debug  ][gc,ergo        ] GC(150) Live_space: 1071528960 free_space: 1431306240
[40.922s][debug  ][gc,ergo        ] GC(150) Old eden_size: 204472320 desired_eden_size: 204472320
[40.922s][debug  ][gc,ergo        ] GC(150) AdaptiveSizeStop: collection: 151 
[40.922s][info   ][gc,heap        ] GC(150) PSYoungGen: 229117K(230912K)->30720K(230912K) Eden: 198397K(199680K)->0K(199680K) From: 30720K(31232K)->30720K(31232K)
[40.922s][info   ][gc,heap        ] GC(150) ParOldGen: 882276K(1835008K)->1076836K(1835008K)
[40.922s][info   ][gc,metaspace   ] GC(150) Metaspace: 1022K(1216K)->1022K(1216K) NonClass: 939K(1024K)->939K(1024K) Class: 83K(192K)->83K(192K)
[40.923s][info   ][gc             ] GC(150) Pause Young (Allocation Failure) 1085M->1081M(2017M) 17.910ms
[40.923s][info   ][gc,cpu         ] GC(150) User=0.06s Sys=0.00s Real=0.02s
[40.923s][debug  ][gc,heap        ] GC(150) Heap after GC invocations=151 (full 24):
[40.923s][debug  ][gc,heap        ] GC(150)  PSYoungGen      total 230912K, used 30720K [0x00000000f0000000, 0x0000000100000000, 0x0000000100000000)
[40.923s][debug  ][gc,heap        ] GC(150)   eden space 199680K, 0% used [0x00000000f0000000,0x00000000f0000000,0x00000000fc300000)
[40.923s][debug  ][gc,heap        ] GC(150)   from space 31232K, 98% used [0x00000000fc300000,0x00000000fe100030,0x00000000fe180000)
[40.923s][debug  ][gc,heap        ] GC(150)   to   space 31232K, 0% used [0x00000000fe180000,0x00000000fe180000,0x0000000100000000)
[40.923s][debug  ][gc,heap        ] GC(150)  ParOldGen       total 1835008K, used 1076836K [0x0000000080000000, 0x00000000f0000000, 0x00000000f0000000)
[40.923s][debug  ][gc,heap        ] GC(150)   object space 1835008K, 58% used [0x0000000080000000,0x00000000c1b99268,0x00000000f0000000)
[40.923s][debug  ][gc,heap        ] GC(150)  Metaspace       used 1022K, committed 1216K, reserved 1056768K
[40.923s][debug  ][gc,heap        ] GC(150)   class space    used 83K, committed 192K, reserved 1048576K
[40.923s][debug  ][gc,task,time   ] GC(150) VM-Thread 409042243 409202464 409228673
[41.235s][debug  ][gc,heap        ] GC(151) Heap before GC invocations=152 (full 24):
[41.235s][debug  ][gc,heap        ] GC(151)  PSYoungGen      total 230912K, used 229145K [0x00000000f0000000, 0x0000000100000000, 0x0000000100000000)
[41.235s][debug  ][gc,heap        ] GC(151)   eden space 199680K, 99% used [0x00000000f0000000,0x00000000fc1c6468,0x00000000fc300000)
[41.235s][debug  ][gc,heap        ] GC(151)   from space 31232K, 98% used [0x00000000fc300000,0x00000000fe100030,0x00000000fe180000)
[41.235s][debug  ][gc,heap        ] GC(151)   to   space 31232K, 0% used [0x00000000fe180000,0x00000000fe180000,0x0000000100000000)
[41.235s][debug  ][gc,heap        ] GC(151)  ParOldGen       total 1835008K, used 1076836K [0x0000000080000000, 0x00000000f0000000, 0x00000000f0000000)
[41.235s][debug  ][gc,heap        ] GC(151)   object space 1835008K, 58% used [0x0000000080000000,0x00000000c1b99268,0x00000000f0000000)
[41.235s][debug  ][gc,heap        ] GC(151)  Metaspace       used 1022K, committed 1216K, reserved 1056768K
[41.235s][debug  ][gc,heap        ] GC(151)   class space    used 83K, committed 192K, reserved 1048576K
[41.235s][debug  ][gc,tlab        ] GC(151) TLAB totals: thrds: 1  refills: 1 max: 1 slow allocs: 18 max 18 waste: 27.4% gc: 3957560B max: 3957560B slow: 0B max: 0B
[41.235s][info   ][gc,start       ] GC(151) Pause Young (Allocation Failure)
[41.235s][debug  ][gc,phases,start] GC(151) Scavenge
[41.250s][debug  ][gc,phases      ] GC(151) Scavenge 15.249ms
[41.250s][debug  ][gc,phases,start] GC(151) Reference Processing
[41.250s][debug  ][gc,ref         ] GC(151) Skipped phase 1 of Reference Processing: no references
[41.250s][debug  ][gc,ref         ] GC(151) Skipped phase 2 of Reference Processing: no references
[41.250s][debug  ][gc,ref         ] GC(151) Skipped phase 3 of Reference Processing: no references
[41.250s][debug  ][gc,ref         ] GC(151) Skipped phase 4 of Reference Processing: no references
[41.250s][debug  ][gc,phases,ref  ] GC(151) Reference Processing: 0.1ms
[41.250s][debug  ][gc,phases,ref  ] GC(151)   Reconsider SoftReferences: 0.0ms
[41.250s][debug  ][gc,phases,ref  ] GC(151)     SoftRef (ms):                  skipped
[41.250s][debug  ][gc,phases,ref  ] GC(151)   Notify Soft/WeakReferences: 0.0ms
[41.250s][debug  ][gc,phases,ref  ] GC(151)     SoftRef (ms):                  skipped
[41.250s][debug  ][gc,phases,ref  ] GC(151)     WeakRef (ms):                  skipped
[41.250s][debug  ][gc,phases,ref  ] GC(151)     FinalRef (ms):                 skipped
[41.251s][debug  ][gc,phases,ref  ] GC(151)     Total (ms):                    skipped
[41.251s][debug  ][gc,phases,ref  ] GC(151)   Notify and keep alive finalizable: 0.0ms
[41.251s][debug  ][gc,phases,ref  ] GC(151)     FinalRef (ms):                 skipped
[41.251s][debug  ][gc,phases,ref  ] GC(151)   Notify PhantomReferences: 0.0ms
[41.251s][debug  ][gc,phases,ref  ] GC(151)     PhantomRef (ms):               skipped
[41.251s][debug  ][gc,phases,ref  ] GC(151)   SoftReference:
[41.251s][debug  ][gc,phases,ref  ] GC(151)     Discovered: 0
[41.251s][debug  ][gc,phases,ref  ] GC(151)     Cleared: 0
[41.251s][debug  ][gc,phases,ref  ] GC(151)   WeakReference:
[41.251s][debug  ][gc,phases,ref  ] GC(151)     Discovered: 0
[41.251s][debug  ][gc,phases,ref  ] GC(151)     Cleared: 0
[41.251s][debug  ][gc,phases,ref  ] GC(151)   FinalReference:
[41.251s][debug  ][gc,phases,ref  ] GC(151)     Discovered: 0
[41.251s][debug  ][gc,phases,ref  ] GC(151)     Cleared: 0
[41.251s][debug  ][gc,phases,ref  ] GC(151)   PhantomReference:
[41.251s][debug  ][gc,phases,ref  ] GC(151)     Discovered: 0
[41.251s][debug  ][gc,phases,ref  ] GC(151)     Cleared: 0
[41.251s][debug  ][gc,phases      ] GC(151) Reference Processing 0.580ms
[41.251s][debug  ][gc,phases,start] GC(151) Weak Processing
[41.251s][debug  ][gc,phases      ] GC(151)   VM Weak                        Min:  0.0, Avg:  0.0, Max:  0.0, Diff:  0.0, Sum:  0.0, Workers: 6
[41.251s][debug  ][gc,phases      ] GC(151)     Dead                           Min: 0, Avg:  0.0, Max: 0, Diff: 0, Sum: 0, Workers: 6
[41.251s][debug  ][gc,phases      ] GC(151)     Total                          Min: 0, Avg:  1.3, Max: 8, Diff: 8, Sum: 8, Workers: 6
[41.251s][debug  ][gc,phases      ] GC(151)   ObjectSynchronizer Weak        Min:  0.0, Avg:  0.0, Max:  0.0, Diff:  0.0, Sum:  0.0, Workers: 6
[41.251s][debug  ][gc,phases      ] GC(151)     Dead                           Min: 0, Avg:  0.0, Max: 0, Diff: 0, Sum: 0, Workers: 6
[41.251s][debug  ][gc,phases      ] GC(151)     Total                          Min: 0, Avg:  0.5, Max: 3, Diff: 3, Sum: 3, Workers: 6
[41.251s][debug  ][gc,phases      ] GC(151)   JVMTI Tag Weak OopStorage      Min:  0.0, Avg:  0.0, Max:  0.0, Diff:  0.0, Sum:  0.0, Workers: 6
[41.251s][debug  ][gc,phases      ] GC(151)     Dead                           Min: 0, Avg:  0.0, Max: 0, Diff: 0, Sum: 0, Workers: 6
[41.251s][debug  ][gc,phases      ] GC(151)     Total                          Min: 0, Avg:  0.0, Max: 0, Diff: 0, Sum: 0, Workers: 6
[41.251s][debug  ][gc,phases      ] GC(151)   StringTable Weak               Min:  0.0, Avg:  0.0, Max:  0.0, Diff:  0.0, Sum:  0.0, Workers: 6
[41.251s][debug  ][gc,phases      ] GC(151)     Dead                           Min: 0, Avg:  0.0, Max: 0, Diff: 0, Sum: 0, Workers: 6
[41.251s][debug  ][gc,phases      ] GC(151)     Total                          Min: 704, Avg: 892.3, Max: 1088, Diff: 384, Sum: 5354, Workers: 6
[41.251s][debug  ][gc,phases      ] GC(151)   ResolvedMethodTable Weak       Min:  0.0, Avg:  0.0, Max:  0.0, Diff:  0.0, Sum:  0.0, Workers: 6
[41.251s][debug  ][gc,phases      ] GC(151)     Dead                           Min: 0, Avg:  0.0, Max: 0, Diff: 0, Sum: 0, Workers: 6
[41.251s][debug  ][gc,phases      ] GC(151)     Total                          Min: 0, Avg: 21.7, Max: 64, Diff: 64, Sum: 130, Workers: 6
[41.251s][debug  ][gc,phases      ] GC(151)   JNI Weak                       Min:  0.0, Avg:  0.0, Max:  0.0, Diff:  0.0, Sum:  0.0, Workers: 6
[41.251s][debug  ][gc,phases      ] GC(151)     Dead                           Min: 0, Avg:  0.0, Max: 0, Diff: 0, Sum: 0, Workers: 6
[41.251s][debug  ][gc,phases      ] GC(151)     Total                          Min: 0, Avg:  0.0, Max: 0, Diff: 0, Sum: 0, Workers: 6
[41.251s][debug  ][gc,phases      ] GC(151)   StringDedup Table Weak         Min:  0.0, Avg:  0.0, Max:  0.0, Diff:  0.0, Sum:  0.0, Workers: 6
[41.251s][debug  ][gc,phases      ] GC(151)     Dead                           Min: 0, Avg:  0.0, Max: 0, Diff: 0, Sum: 0, Workers: 6
[41.251s][debug  ][gc,phases      ] GC(151)     Total                          Min: 0, Avg:  0.0, Max: 0, Diff: 0, Sum: 0, Workers: 6
[41.251s][debug  ][gc,phases      ] GC(151)   StringDedup Requests0 Weak     Min:  0.0, Avg:  0.0, Max:  0.0, Diff:  0.0, Sum:  0.0, Workers: 6
[41.251s][debug  ][gc,phases      ] GC(151)     Dead                           Min: 0, Avg:  0.0, Max: 0, Diff: 0, Sum: 0, Workers: 6
[41.251s][debug  ][gc,phases      ] GC(151)     Total                          Min: 0, Avg:  0.0, Max: 0, Diff: 0, Sum: 0, Workers: 6
[41.251s][debug  ][gc,phases      ] GC(151)   StringDedup Requests1 Weak     Min:  0.0, Avg:  0.0, Max:  0.0, Diff:  0.0, Sum:  0.0, Workers: 6
[41.251s][debug  ][gc,phases      ] GC(151)     Dead                           Min: 0, Avg:  0.0, Max: 0, Diff: 0, Sum: 0, Workers: 6
[41.251s][debug  ][gc,phases      ] GC(151)     Total                          Min: 0, Avg:  0.0, Max: 0, Diff: 0, Sum: 0, Workers: 6
[41.251s][debug  ][gc,phases      ] GC(151)   Weak JFR Old Object Samples    Min:  0.0, Avg:  0.0, Max:  0.0, Diff:  0.0, Sum:  0.0, Workers: 6
[41.251s][debug  ][gc,phases      ] GC(151)     Dead                           Min: 0, Avg:  0.0, Max: 0, Diff: 0, Sum: 0, Workers: 6
[41.252s][debug  ][gc,phases      ] GC(151)     Total                          Min: 0, Avg:  0.0, Max: 0, Diff: 0, Sum: 0, Workers: 6
[41.252s][debug  ][gc,phases      ] GC(151) Weak Processing 0.695ms
[41.252s][debug  ][gc,ergo        ] GC(151) AdaptiveSizeStart:  collection: 152 
[41.252s][debug  ][gc,ergo        ] GC(151) avg_survived_padded_avg: 31712004.000000
[41.252s][debug  ][gc,ergo        ] GC(151) avg_promoted_padded_avg: 293138656.000000  avg_pretenured_padded_avg: 0.000000  tenuring_thresh: 15  target_size: 31981568
[41.252s][debug  ][gc,age         ] GC(151) Desired survivor size 31981568 bytes, new threshold 15 (max threshold 15)
[41.252s][debug  ][gc,ergo        ] GC(151) PSAdaptiveSizePolicy::compute_eden_space_size limits: desired_eden_size: 223186462 old_eden_size: 204472320 eden_limit: 204472320 cur_eden: 204472320 max_eden_size: 204472320 avg_young_live: 26904360
[41.252s][debug  ][gc,ergo        ] GC(151) PSAdaptiveSizePolicy::compute_eden_space_size: costs minor_time: 0.045638 major_cost: 0.054091 mutator_cost: 0.900271 throughput_goal: 0.990000
[41.252s][debug  ][gc,ergo        ] GC(151) Live_space: 1072034816 free_space: 1431306240
[41.252s][debug  ][gc,ergo        ] GC(151) Old eden_size: 204472320 desired_eden_size: 204472320
[41.252s][debug  ][gc,ergo        ] GC(151) AdaptiveSizeStop: collection: 152 
[41.252s][info   ][gc,heap        ] GC(151) PSYoungGen: 229145K(230912K)->30720K(230912K) Eden: 198425K(199680K)->0K(199680K) From: 30720K(31232K)->30720K(31232K)
[41.252s][info   ][gc,heap        ] GC(151) ParOldGen: 1076836K(1835008K)->1271396K(1835008K)
[41.252s][info   ][gc,metaspace   ] GC(151) Metaspace: 1022K(1216K)->1022K(1216K) NonClass: 939K(1024K)->939K(1024K) Class: 83K(192K)->83K(192K)
[41.252s][info   ][gc             ] GC(151) Pause Young (Allocation Failure) 1275M->1271M(2017M) 17.009ms
[41.252s][info   ][gc,cpu         ] GC(151) User=0.17s Sys=0.02s Real=0.02s
[41.252s][debug  ][gc,heap        ] GC(151) Heap after GC invocations=152 (full 24):
[41.252s][debug  ][gc,heap        ] GC(151)  PSYoungGen      total 230912K, used 30720K [0x00000000f0000000, 0x0000000100000000, 0x0000000100000000)
[41.252s][debug  ][gc,heap        ] GC(151)   eden space 199680K, 0% used [0x00000000f0000000,0x00000000f0000000,0x00000000fc300000)
[41.252s][debug  ][gc,heap        ] GC(151)   from space 31232K, 98% used [0x00000000fe180000,0x00000000fff80030,0x0000000100000000)
[41.252s][debug  ][gc,heap        ] GC(151)   to   space 31232K, 0% used [0x00000000fc300000,0x00000000fc300000,0x00000000fe180000)
[41.252s][debug  ][gc,heap        ] GC(151)  ParOldGen       total 1835008K, used 1271396K [0x0000000080000000, 0x00000000f0000000, 0x00000000f0000000)
[41.252s][debug  ][gc,heap        ] GC(151)   object space 1835008K, 69% used [0x0000000080000000,0x00000000cd999398,0x00000000f0000000)
[41.252s][debug  ][gc,heap        ] GC(151)  Metaspace       used 1022K, committed 1216K, reserved 1056768K
[41.252s][debug  ][gc,heap        ] GC(151)   class space    used 83K, committed 192K, reserved 1048576K
[41.252s][debug  ][gc,task,time   ] GC(151) VM-Thread 412345382 412502447 412521383
[41.550s][debug  ][gc,heap        ] GC(152) Heap before GC invocations=153 (full 24):
[41.550s][debug  ][gc,heap        ] GC(152)  PSYoungGen      total 230912K, used 229163K [0x00000000f0000000, 0x0000000100000000, 0x0000000100000000)
[41.550s][debug  ][gc,heap        ] GC(152)   eden space 199680K, 99% used [0x00000000f0000000,0x00000000fc1cabd0,0x00000000fc300000)
[41.550s][debug  ][gc,heap        ] GC(152)   from space 31232K, 98% used [0x00000000fe180000,0x00000000fff80030,0x0000000100000000)
[41.550s][debug  ][gc,heap        ] GC(152)   to   space 31232K, 0% used [0x00000000fc300000,0x00000000fc300000,0x00000000fe180000)
[41.550s][debug  ][gc,heap        ] GC(152)  ParOldGen       total 1835008K, used 1271396K [0x0000000080000000, 0x00000000f0000000, 0x00000000f0000000)
[41.550s][debug  ][gc,heap        ] GC(152)   object space 1835008K, 69% used [0x0000000080000000,0x00000000cd999398,0x00000000f0000000)
[41.550s][debug  ][gc,heap        ] GC(152)  Metaspace       used 1022K, committed 1216K, reserved 1056768K
[41.550s][debug  ][gc,heap        ] GC(152)   class space    used 83K, committed 192K, reserved 1048576K
[41.550s][debug  ][gc,tlab        ] GC(152) TLAB totals: thrds: 1  refills: 1 max: 1 slow allocs: 18 max 18 waste: 27.5% gc: 3975840B max: 3975840B slow: 0B max: 0B
[41.550s][info   ][gc,start       ] GC(152) Pause Young (Allocation Failure)
[41.550s][debug  ][gc,phases,start] GC(152) Scavenge
[41.565s][debug  ][gc,phases      ] GC(152) Scavenge 15.330ms
[41.565s][debug  ][gc,phases,start] GC(152) Reference Processing
[41.566s][debug  ][gc,ref         ] GC(152) Skipped phase 1 of Reference Processing: no references
[41.566s][debug  ][gc,ref         ] GC(152) Skipped phase 2 of Reference Processing: no references
[41.566s][debug  ][gc,ref         ] GC(152) Skipped phase 3 of Reference Processing: no references
[41.566s][debug  ][gc,ref         ] GC(152) Skipped phase 4 of Reference Processing: no references
[41.566s][debug  ][gc,phases,ref  ] GC(152) Reference Processing: 0.2ms
[41.566s][debug  ][gc,phases,ref  ] GC(152)   Reconsider SoftReferences: 0.0ms
[41.566s][debug  ][gc,phases,ref  ] GC(152)     SoftRef (ms):                  skipped
[41.566s][debug  ][gc,phases,ref  ] GC(152)   Notify Soft/WeakReferences: 0.0ms
[41.566s][debug  ][gc,phases,ref  ] GC(152)     SoftRef (ms):                  skipped
[41.566s][debug  ][gc,phases,ref  ] GC(152)     WeakRef (ms):                  skipped
[41.566s][debug  ][gc,phases,ref  ] GC(152)     FinalRef (ms):                 skipped
[41.566s][debug  ][gc,phases,ref  ] GC(152)     Total (ms):                    skipped
[41.566s][debug  ][gc,phases,ref  ] GC(152)   Notify and keep alive finalizable: 0.0ms
[41.566s][debug  ][gc,phases,ref  ] GC(152)     FinalRef (ms):                 skipped
[41.566s][debug  ][gc,phases,ref  ] GC(152)   Notify PhantomReferences: 0.1ms
[41.566s][debug  ][gc,phases,ref  ] GC(152)     PhantomRef (ms):               skipped
[41.566s][debug  ][gc,phases,ref  ] GC(152)   SoftReference:
[41.566s][debug  ][gc,phases,ref  ] GC(152)     Discovered: 0
[41.566s][debug  ][gc,phases,ref  ] GC(152)     Cleared: 0
[41.566s][debug  ][gc,phases,ref  ] GC(152)   WeakReference:
[41.566s][debug  ][gc,phases,ref  ] GC(152)     Discovered: 0
[41.566s][debug  ][gc,phases,ref  ] GC(152)     Cleared: 0
[41.566s][debug  ][gc,phases,ref  ] GC(152)   FinalReference:
[41.566s][debug  ][gc,phases,ref  ] GC(152)     Discovered: 0
[41.566s][debug  ][gc,phases,ref  ] GC(152)     Cleared: 0
[41.566s][debug  ][gc,phases,ref  ] GC(152)   PhantomReference:
[41.566s][debug  ][gc,phases,ref  ] GC(152)     Discovered: 0
[41.566s][debug  ][gc,phases,ref  ] GC(152)     Cleared: 0
[41.566s][debug  ][gc,phases      ] GC(152) Reference Processing 0.774ms
[41.566s][debug  ][gc,phases,start] GC(152) Weak Processing
[41.566s][debug  ][gc,phases      ] GC(152)   VM Weak                        Min:  0.0, Avg:  0.0, Max:  0.0, Diff:  0.0, Sum:  0.0, Workers: 6
[41.566s][debug  ][gc,phases      ] GC(152)     Dead                           Min: 0, Avg:  0.0, Max: 0, Diff: 0, Sum: 0, Workers: 6
[41.566s][debug  ][gc,phases      ] GC(152)     Total                          Min: 0, Avg:  1.3, Max: 8, Diff: 8, Sum: 8, Workers: 6
[41.566s][debug  ][gc,phases      ] GC(152)   ObjectSynchronizer Weak        Min:  0.0, Avg:  0.0, Max:  0.0, Diff:  0.0, Sum:  0.0, Workers: 6
[41.566s][debug  ][gc,phases      ] GC(152)     Dead                           Min: 0, Avg:  0.0, Max: 0, Diff: 0, Sum: 0, Workers: 6
[41.567s][debug  ][gc,phases      ] GC(152)     Total                          Min: 0, Avg:  0.5, Max: 3, Diff: 3, Sum: 3, Workers: 6
[41.567s][debug  ][gc,phases      ] GC(152)   JVMTI Tag Weak OopStorage      Min:  0.0, Avg:  0.0, Max:  0.0, Diff:  0.0, Sum:  0.0, Workers: 6
[41.567s][debug  ][gc,phases      ] GC(152)     Dead                           Min: 0, Avg:  0.0, Max: 0, Diff: 0, Sum: 0, Workers: 6
[41.567s][debug  ][gc,phases      ] GC(152)     Total                          Min: 0, Avg:  0.0, Max: 0, Diff: 0, Sum: 0, Workers: 6
[41.567s][debug  ][gc,phases      ] GC(152)   StringTable Weak               Min:  0.0, Avg:  0.0, Max:  0.0, Diff:  0.0, Sum:  0.0, Workers: 6
[41.567s][debug  ][gc,phases      ] GC(152)     Dead                           Min: 0, Avg:  0.0, Max: 0, Diff: 0, Sum: 0, Workers: 6
[41.567s][debug  ][gc,phases      ] GC(152)     Total                          Min: 703, Avg: 892.3, Max: 1088, Diff: 385, Sum: 5354, Workers: 6
[41.567s][debug  ][gc,phases      ] GC(152)   ResolvedMethodTable Weak       Min:  0.0, Avg:  0.0, Max:  0.0, Diff:  0.0, Sum:  0.0, Workers: 6
[41.567s][debug  ][gc,phases      ] GC(152)     Dead                           Min: 0, Avg:  0.0, Max: 0, Diff: 0, Sum: 0, Workers: 6
[41.567s][debug  ][gc,phases      ] GC(152)     Total                          Min: 0, Avg: 21.7, Max: 64, Diff: 64, Sum: 130, Workers: 6
[41.567s][debug  ][gc,phases      ] GC(152)   JNI Weak                       Min:  0.0, Avg:  0.0, Max:  0.0, Diff:  0.0, Sum:  0.0, Workers: 6
[41.567s][debug  ][gc,phases      ] GC(152)     Dead                           Min: 0, Avg:  0.0, Max: 0, Diff: 0, Sum: 0, Workers: 6
[41.567s][debug  ][gc,phases      ] GC(152)     Total                          Min: 0, Avg:  0.0, Max: 0, Diff: 0, Sum: 0, Workers: 6
[41.567s][debug  ][gc,phases      ] GC(152)   StringDedup Table Weak         Min:  0.0, Avg:  0.0, Max:  0.0, Diff:  0.0, Sum:  0.0, Workers: 6
[41.567s][debug  ][gc,phases      ] GC(152)     Dead                           Min: 0, Avg:  0.0, Max: 0, Diff: 0, Sum: 0, Workers: 6
[41.567s][debug  ][gc,phases      ] GC(152)     Total                          Min: 0, Avg:  0.0, Max: 0, Diff: 0, Sum: 0, Workers: 6
[41.567s][debug  ][gc,phases      ] GC(152)   StringDedup Requests0 Weak     Min:  0.0, Avg:  0.0, Max:  0.0, Diff:  0.0, Sum:  0.0, Workers: 6
[41.567s][debug  ][gc,phases      ] GC(152)     Dead                           Min: 0, Avg:  0.0, Max: 0, Diff: 0, Sum: 0, Workers: 6
[41.567s][debug  ][gc,phases      ] GC(152)     Total                          Min: 0, Avg:  0.0, Max: 0, Diff: 0, Sum: 0, Workers: 6
[41.567s][debug  ][gc,phases      ] GC(152)   StringDedup Requests1 Weak     Min:  0.0, Avg:  0.0, Max:  0.0, Diff:  0.0, Sum:  0.0, Workers: 6
[41.567s][debug  ][gc,phases      ] GC(152)     Dead                           Min: 0, Avg:  0.0, Max: 0, Diff: 0, Sum: 0, Workers: 6
[41.567s][debug  ][gc,phases      ] GC(152)     Total                          Min: 0, Avg:  0.0, Max: 0, Diff: 0, Sum: 0, Workers: 6
[41.567s][debug  ][gc,phases      ] GC(152)   Weak JFR Old Object Samples    Min:  0.0, Avg:  0.0, Max:  0.0, Diff:  0.0, Sum:  0.0, Workers: 6
[41.567s][debug  ][gc,phases      ] GC(152)     Dead                           Min: 0, Avg:  0.0, Max: 0, Diff: 0, Sum: 0, Workers: 6
[41.567s][debug  ][gc,phases      ] GC(152)     Total                          Min: 0, Avg:  0.0, Max: 0, Diff: 0, Sum: 0, Workers: 6
[41.567s][debug  ][gc,phases      ] GC(152) Weak Processing 1.034ms
[41.567s][debug  ][gc,ergo        ] GC(152) AdaptiveSizeStart:  collection: 153 
[41.567s][debug  ][gc,ergo        ] GC(152) avg_survived_padded_avg: 31690452.000000
[41.567s][debug  ][gc,ergo        ] GC(152) avg_promoted_padded_avg: 293067712.000000  avg_pretenured_padded_avg: 0.000000  tenuring_thresh: 15  target_size: 31981568
[41.567s][debug  ][gc,age         ] GC(152) Desired survivor size 31981568 bytes, new threshold 15 (max threshold 15)
[41.567s][debug  ][gc,ergo        ] GC(152) PSAdaptiveSizePolicy::compute_eden_space_size limits: desired_eden_size: 223678643 old_eden_size: 204472320 eden_limit: 204472320 cur_eden: 204472320 max_eden_size: 204472320 avg_young_live: 27359656
[41.567s][debug  ][gc,ergo        ] GC(152) PSAdaptiveSizePolicy::compute_eden_space_size: costs minor_time: 0.047901 major_cost: 0.054091 mutator_cost: 0.898008 throughput_goal: 0.990000
[41.568s][debug  ][gc,ergo        ] GC(152) Live_space: 1072490112 free_space: 1431306240
[41.568s][debug  ][gc,ergo        ] GC(152) Old eden_size: 204472320 desired_eden_size: 204472320
[41.568s][debug  ][gc,ergo        ] GC(152) AdaptiveSizeStop: collection: 153 
[41.568s][info   ][gc,heap        ] GC(152) PSYoungGen: 229163K(230912K)->30720K(230912K) Eden: 198442K(199680K)->0K(199680K) From: 30720K(31232K)->30720K(31232K)
[41.568s][info   ][gc,heap        ] GC(152) ParOldGen: 1271396K(1835008K)->1465957K(1835008K)
[41.568s][info   ][gc,metaspace   ] GC(152) Metaspace: 1022K(1216K)->1022K(1216K) NonClass: 939K(1024K)->939K(1024K) Class: 83K(192K)->83K(192K)
[41.568s][info   ][gc             ] GC(152) Pause Young (Allocation Failure) 1465M->1461M(2017M) 17.669ms
[41.568s][info   ][gc,cpu         ] GC(152) User=0.12s Sys=0.00s Real=0.02s
[41.568s][debug  ][gc,heap        ] GC(152) Heap after GC invocations=153 (full 24):
[41.568s][debug  ][gc,heap        ] GC(152)  PSYoungGen      total 230912K, used 30720K [0x00000000f0000000, 0x0000000100000000, 0x0000000100000000)
[41.568s][debug  ][gc,heap        ] GC(152)   eden space 199680K, 0% used [0x00000000f0000000,0x00000000f0000000,0x00000000fc300000)
[41.568s][debug  ][gc,heap        ] GC(152)   from space 31232K, 98% used [0x00000000fc300000,0x00000000fe100030,0x00000000fe180000)
[41.568s][debug  ][gc,heap        ] GC(152)   to   space 31232K, 0% used [0x00000000fe180000,0x00000000fe180000,0x0000000100000000)
[41.568s][debug  ][gc,heap        ] GC(152)  ParOldGen       total 1835008K, used 1465957K [0x0000000080000000, 0x00000000f0000000, 0x00000000f0000000)
[41.568s][debug  ][gc,heap        ] GC(152)   object space 1835008K, 79% used [0x0000000080000000,0x00000000d97994c8,0x00000000f0000000)
[41.568s][debug  ][gc,heap        ] GC(152)  Metaspace       used 1022K, committed 1216K, reserved 1056768K
[41.568s][debug  ][gc,heap        ] GC(152)   class space    used 83K, committed 192K, reserved 1048576K
[41.568s][debug  ][gc,task,time   ] GC(152) VM-Thread 415497377 415654960 415681230
[41.863s][debug  ][gc,heap        ] GC(153) Heap before GC invocations=154 (full 24):
[41.863s][debug  ][gc,heap        ] GC(153)  PSYoungGen      total 230912K, used 229174K [0x00000000f0000000, 0x0000000100000000, 0x0000000100000000)
[41.863s][debug  ][gc,heap        ] GC(153)   eden space 199680K, 99% used [0x00000000f0000000,0x00000000fc1cd9b8,0x00000000fc300000)
[41.863s][debug  ][gc,heap        ] GC(153)   from space 31232K, 98% used [0x00000000fc300000,0x00000000fe100030,0x00000000fe180000)
[41.863s][debug  ][gc,heap        ] GC(153)   to   space 31232K, 0% used [0x00000000fe180000,0x00000000fe180000,0x0000000100000000)
[41.863s][debug  ][gc,heap        ] GC(153)  ParOldGen       total 1835008K, used 1465957K [0x0000000080000000, 0x00000000f0000000, 0x00000000f0000000)
[41.863s][debug  ][gc,heap        ] GC(153)   object space 1835008K, 79% used [0x0000000080000000,0x00000000d97994c8,0x00000000f0000000)
[41.863s][debug  ][gc,heap        ] GC(153)  Metaspace       used 1022K, committed 1216K, reserved 1056768K
[41.863s][debug  ][gc,heap        ] GC(153)   class space    used 83K, committed 192K, reserved 1048576K
[41.863s][debug  ][gc,tlab        ] GC(153) TLAB totals: thrds: 1  refills: 1 max: 1 slow allocs: 18 max 18 waste: 27.6% gc: 3987592B max: 3987592B slow: 0B max: 0B
[41.863s][info   ][gc,start       ] GC(153) Pause Young (Allocation Failure)
[41.863s][debug  ][gc,phases,start] GC(153) Scavenge
[41.879s][debug  ][gc,phases      ] GC(153) Scavenge 15.646ms
[41.879s][debug  ][gc,phases,start] GC(153) Reference Processing
[41.879s][debug  ][gc,ref         ] GC(153) Skipped phase 1 of Reference Processing: no references
[41.879s][debug  ][gc,ref         ] GC(153) Skipped phase 2 of Reference Processing: no references
[41.879s][debug  ][gc,ref         ] GC(153) Skipped phase 3 of Reference Processing: no references
[41.879s][debug  ][gc,ref         ] GC(153) Skipped phase 4 of Reference Processing: no references
[41.879s][debug  ][gc,phases,ref  ] GC(153) Reference Processing: 0.1ms
[41.879s][debug  ][gc,phases,ref  ] GC(153)   Reconsider SoftReferences: 0.0ms
[41.879s][debug  ][gc,phases,ref  ] GC(153)     SoftRef (ms):                  skipped
[41.879s][debug  ][gc,phases,ref  ] GC(153)   Notify Soft/WeakReferences: 0.0ms
[41.879s][debug  ][gc,phases,ref  ] GC(153)     SoftRef (ms):                  skipped
[41.879s][debug  ][gc,phases,ref  ] GC(153)     WeakRef (ms):                  skipped
[41.879s][debug  ][gc,phases,ref  ] GC(153)     FinalRef (ms):                 skipped
[41.879s][debug  ][gc,phases,ref  ] GC(153)     Total (ms):                    skipped
[41.879s][debug  ][gc,phases,ref  ] GC(153)   Notify and keep alive finalizable: 0.0ms
[41.879s][debug  ][gc,phases,ref  ] GC(153)     FinalRef (ms):                 skipped
[41.879s][debug  ][gc,phases,ref  ] GC(153)   Notify PhantomReferences: 0.0ms
[41.879s][debug  ][gc,phases,ref  ] GC(153)     PhantomRef (ms):               skipped
[41.879s][debug  ][gc,phases,ref  ] GC(153)   SoftReference:
[41.879s][debug  ][gc,phases,ref  ] GC(153)     Discovered: 0
[41.879s][debug  ][gc,phases,ref  ] GC(153)     Cleared: 0
[41.880s][debug  ][gc,phases,ref  ] GC(153)   WeakReference:
[41.880s][debug  ][gc,phases,ref  ] GC(153)     Discovered: 0
[41.880s][debug  ][gc,phases,ref  ] GC(153)     Cleared: 0
[41.880s][debug  ][gc,phases,ref  ] GC(153)   FinalReference:
[41.880s][debug  ][gc,phases,ref  ] GC(153)     Discovered: 0
[41.880s][debug  ][gc,phases,ref  ] GC(153)     Cleared: 0
[41.880s][debug  ][gc,phases,ref  ] GC(153)   PhantomReference:
[41.880s][debug  ][gc,phases,ref  ] GC(153)     Discovered: 0
[41.880s][debug  ][gc,phases,ref  ] GC(153)     Cleared: 0
[41.880s][debug  ][gc,phases      ] GC(153) Reference Processing 0.844ms
[41.880s][debug  ][gc,phases,start] GC(153) Weak Processing
[41.880s][debug  ][gc,phases      ] GC(153)   VM Weak                        Min:  0.0, Avg:  0.0, Max:  0.0, Diff:  0.0, Sum:  0.0, Workers: 6
[41.880s][debug  ][gc,phases      ] GC(153)     Dead                           Min: 0, Avg:  0.0, Max: 0, Diff: 0, Sum: 0, Workers: 6
[41.880s][debug  ][gc,phases      ] GC(153)     Total                          Min: 0, Avg:  1.3, Max: 8, Diff: 8, Sum: 8, Workers: 6
[41.880s][debug  ][gc,phases      ] GC(153)   ObjectSynchronizer Weak        Min:  0.0, Avg:  0.0, Max:  0.0, Diff:  0.0, Sum:  0.0, Workers: 6
[41.880s][debug  ][gc,phases      ] GC(153)     Dead                           Min: 0, Avg:  0.0, Max: 0, Diff: 0, Sum: 0, Workers: 6
[41.880s][debug  ][gc,phases      ] GC(153)     Total                          Min: 0, Avg:  0.5, Max: 3, Diff: 3, Sum: 3, Workers: 6
[41.880s][debug  ][gc,phases      ] GC(153)   JVMTI Tag Weak OopStorage      Min:  0.0, Avg:  0.0, Max:  0.0, Diff:  0.0, Sum:  0.0, Workers: 6
[41.880s][debug  ][gc,phases      ] GC(153)     Dead                           Min: 0, Avg:  0.0, Max: 0, Diff: 0, Sum: 0, Workers: 6
[41.880s][debug  ][gc,phases      ] GC(153)     Total                          Min: 0, Avg:  0.0, Max: 0, Diff: 0, Sum: 0, Workers: 6
[41.880s][debug  ][gc,phases      ] GC(153)   StringTable Weak               Min:  0.0, Avg:  0.0, Max:  0.0, Diff:  0.0, Sum:  0.0, Workers: 6
[41.880s][debug  ][gc,phases      ] GC(153)     Dead                           Min: 0, Avg:  0.0, Max: 0, Diff: 0, Sum: 0, Workers: 6
[41.880s][debug  ][gc,phases      ] GC(153)     Total                          Min: 810, Avg: 892.3, Max: 960, Diff: 150, Sum: 5354, Workers: 6
[41.880s][debug  ][gc,phases      ] GC(153)   ResolvedMethodTable Weak       Min:  0.0, Avg:  0.0, Max:  0.0, Diff:  0.0, Sum:  0.0, Workers: 6
[41.880s][debug  ][gc,phases      ] GC(153)     Dead                           Min: 0, Avg:  0.0, Max: 0, Diff: 0, Sum: 0, Workers: 6
[41.880s][debug  ][gc,phases      ] GC(153)     Total                          Min: 0, Avg: 21.7, Max: 64, Diff: 64, Sum: 130, Workers: 6
[41.880s][debug  ][gc,phases      ] GC(153)   JNI Weak                       Min:  0.0, Avg:  0.0, Max:  0.0, Diff:  0.0, Sum:  0.0, Workers: 6
[41.880s][debug  ][gc,phases      ] GC(153)     Dead                           Min: 0, Avg:  0.0, Max: 0, Diff: 0, Sum: 0, Workers: 6
[41.880s][debug  ][gc,phases      ] GC(153)     Total                          Min: 0, Avg:  0.0, Max: 0, Diff: 0, Sum: 0, Workers: 6
[41.880s][debug  ][gc,phases      ] GC(153)   StringDedup Table Weak         Min:  0.0, Avg:  0.0, Max:  0.0, Diff:  0.0, Sum:  0.0, Workers: 6
[41.880s][debug  ][gc,phases      ] GC(153)     Dead                           Min: 0, Avg:  0.0, Max: 0, Diff: 0, Sum: 0, Workers: 6
[41.880s][debug  ][gc,phases      ] GC(153)     Total                          Min: 0, Avg:  0.0, Max: 0, Diff: 0, Sum: 0, Workers: 6
[41.880s][debug  ][gc,phases      ] GC(153)   StringDedup Requests0 Weak     Min:  0.0, Avg:  0.0, Max:  0.0, Diff:  0.0, Sum:  0.0, Workers: 6
[41.880s][debug  ][gc,phases      ] GC(153)     Dead                           Min: 0, Avg:  0.0, Max: 0, Diff: 0, Sum: 0, Workers: 6
[41.880s][debug  ][gc,phases      ] GC(153)     Total                          Min: 0, Avg:  0.0, Max: 0, Diff: 0, Sum: 0, Workers: 6
[41.881s][debug  ][gc,phases      ] GC(153)   StringDedup Requests1 Weak     Min:  0.0, Avg:  0.0, Max:  0.0, Diff:  0.0, Sum:  0.0, Workers: 6
[41.881s][debug  ][gc,phases      ] GC(153)     Dead                           Min: 0, Avg:  0.0, Max: 0, Diff: 0, Sum: 0, Workers: 6
[41.881s][debug  ][gc,phases      ] GC(153)     Total                          Min: 0, Avg:  0.0, Max: 0, Diff: 0, Sum: 0, Workers: 6
[41.881s][debug  ][gc,phases      ] GC(153)   Weak JFR Old Object Samples    Min:  0.0, Avg:  0.0, Max:  0.0, Diff:  0.0, Sum:  0.0, Workers: 6
[41.881s][debug  ][gc,phases      ] GC(153)     Dead                           Min: 0, Avg:  0.0, Max: 0, Diff: 0, Sum: 0, Workers: 6
[41.881s][debug  ][gc,phases      ] GC(153)     Total                          Min: 0, Avg:  0.0, Max: 0, Diff: 0, Sum: 0, Workers: 6
[41.881s][debug  ][gc,phases      ] GC(153) Weak Processing 0.810ms
[41.881s][debug  ][gc,ergo        ] GC(153) AdaptiveSizeStart:  collection: 154 
[41.881s][debug  ][gc,ergo        ] GC(153) avg_survived_padded_avg: 31670664.000000
[41.881s][debug  ][gc,ergo        ] GC(153) avg_promoted_padded_avg: 292071840.000000  avg_pretenured_padded_avg: 0.000000  tenuring_thresh: 15  target_size: 31981568
[41.881s][debug  ][gc,age         ] GC(153) Desired survivor size 31981568 bytes, new threshold 15 (max threshold 15)
[41.881s][debug  ][gc,ergo        ] GC(153) PSAdaptiveSizePolicy::compute_eden_space_size limits: desired_eden_size: 224083196 old_eden_size: 204472320 eden_limit: 204472320 cur_eden: 204472320 max_eden_size: 204472320 avg_young_live: 27769422
[41.881s][debug  ][gc,ergo        ] GC(153) PSAdaptiveSizePolicy::compute_eden_space_size: costs minor_time: 0.049840 major_cost: 0.054091 mutator_cost: 0.896070 throughput_goal: 0.990000
[41.881s][debug  ][gc,ergo        ] GC(153) Live_space: 1072899904 free_space: 1431306240
[41.881s][debug  ][gc,ergo        ] GC(153) Old eden_size: 204472320 desired_eden_size: 204472320
[41.881s][debug  ][gc,ergo        ] GC(153) AdaptiveSizeStop: collection: 154 
[41.881s][info   ][gc,heap        ] GC(153) PSYoungGen: 229174K(230912K)->30720K(230912K) Eden: 198454K(199680K)->0K(199680K) From: 30720K(31232K)->30720K(31232K)
[41.881s][info   ][gc,heap        ] GC(153) ParOldGen: 1465957K(1835008K)->1660517K(1835008K)
[41.881s][info   ][gc,metaspace   ] GC(153) Metaspace: 1022K(1216K)->1022K(1216K) NonClass: 939K(1024K)->939K(1024K) Class: 83K(192K)->83K(192K)
[41.881s][info   ][gc             ] GC(153) Pause Young (Allocation Failure) 1655M->1651M(2017M) 17.781ms
[41.881s][info   ][gc,cpu         ] GC(153) User=0.17s Sys=0.00s Real=0.02s
[41.881s][debug  ][gc,heap        ] GC(153) Heap after GC invocations=154 (full 24):
[41.881s][debug  ][gc,heap        ] GC(153)  PSYoungGen      total 230912K, used 30720K [0x00000000f0000000, 0x0000000100000000, 0x0000000100000000)
[41.881s][debug  ][gc,heap        ] GC(153)   eden space 199680K, 0% used [0x00000000f0000000,0x00000000f0000000,0x00000000fc300000)
[41.881s][debug  ][gc,heap        ] GC(153)   from space 31232K, 98% used [0x00000000fe180000,0x00000000fff80030,0x0000000100000000)
[41.881s][debug  ][gc,heap        ] GC(153)   to   space 31232K, 0% used [0x00000000fc300000,0x00000000fc300000,0x00000000fe180000)
[41.881s][debug  ][gc,heap        ] GC(153)  ParOldGen       total 1835008K, used 1660517K [0x0000000080000000, 0x00000000f0000000, 0x00000000f0000000)
[41.881s][debug  ][gc,heap        ] GC(153)   object space 1835008K, 90% used [0x0000000080000000,0x00000000e55995f8,0x00000000f0000000)
[41.881s][debug  ][gc,heap        ] GC(153)  Metaspace       used 1022K, committed 1216K, reserved 1056768K
[41.881s][debug  ][gc,heap        ] GC(153)   class space    used 83K, committed 192K, reserved 1048576K
[41.881s][debug  ][gc,task,time   ] GC(153) VM-Thread 418628683 418790055 418812834
[41.881s][debug  ][gc,phases,start] GC(154) Pre Compact
[41.881s][debug  ][gc,heap        ] GC(154) Heap before GC invocations=155 (full 25):
[41.881s][debug  ][gc,heap        ] GC(154)  PSYoungGen      total 230912K, used 30720K [0x00000000f0000000, 0x0000000100000000, 0x0000000100000000)
[41.881s][debug  ][gc,heap        ] GC(154)   eden space 199680K, 0% used [0x00000000f0000000,0x00000000f0000000,0x00000000fc300000)
[41.881s][debug  ][gc,heap        ] GC(154)   from space 31232K, 98% used [0x00000000fe180000,0x00000000fff80030,0x0000000100000000)
[41.881s][debug  ][gc,heap        ] GC(154)   to   space 31232K, 0% used [0x00000000fc300000,0x00000000fc300000,0x00000000fe180000)
[41.881s][debug  ][gc,heap        ] GC(154)  ParOldGen       total 1835008K, used 1660517K [0x0000000080000000, 0x00000000f0000000, 0x00000000f0000000)
[41.882s][debug  ][gc,heap        ] GC(154)   object space 1835008K, 90% used [0x0000000080000000,0x00000000e55995f8,0x00000000f0000000)
[41.882s][debug  ][gc,heap        ] GC(154)  Metaspace       used 1022K, committed 1216K, reserved 1056768K
[41.882s][debug  ][gc,heap        ] GC(154)   class space    used 83K, committed 192K, reserved 1048576K
[41.882s][debug  ][gc,phases      ] GC(154) Pre Compact 0.279ms
[41.882s][info   ][gc,start       ] GC(154) Pause Full (Ergonomics)
[41.882s][info   ][gc,phases,start] GC(154) Marking Phase
[41.882s][debug  ][gc,phases,start] GC(154) Par Mark
[41.882s][debug  ][gc,phases      ] GC(154) Par Mark 0.497ms
[41.882s][debug  ][gc,phases,start] GC(154) Reference Processing
[41.882s][debug  ][gc,ref         ] GC(154) Skipped phase 1 of Reference Processing: no references
[41.882s][debug  ][gc,ref         ] GC(154) ReferenceProcessor::execute queues: 1, RefProcThreadModel::Single, marks_oops_alive: false
[41.882s][debug  ][gc,ref         ] GC(154) Skipped phase 3 of Reference Processing: no references
[41.882s][debug  ][gc,ref         ] GC(154) ReferenceProcessor::execute queues: 1, RefProcThreadModel::Single, marks_oops_alive: false
[41.882s][debug  ][gc,phases,ref  ] GC(154) Reference Processing: 0.1ms
[41.882s][debug  ][gc,phases,ref  ] GC(154)   Reconsider SoftReferences: 0.0ms
[41.882s][debug  ][gc,phases,ref  ] GC(154)     SoftRef (ms):                  skipped
[41.882s][debug  ][gc,phases,ref  ] GC(154)   Notify Soft/WeakReferences: 0.0ms
[41.883s][debug  ][gc,phases,ref  ] GC(154)     SoftRef (ms):                  Min:  0.0, Avg:  0.0, Max:  0.0, Diff:  0.0, Sum:  0.0, Workers: 12
[41.883s][debug  ][gc,phases,ref  ] GC(154)     WeakRef (ms):                  Min:  0.0, Avg:  0.0, Max:  0.0, Diff:  0.0, Sum:  0.0, Workers: 12
[41.883s][debug  ][gc,phases,ref  ] GC(154)     FinalRef (ms):                 Min:  0.0, Avg:  0.0, Max:  0.0, Diff:  0.0, Sum:  0.0, Workers: 12
[41.883s][debug  ][gc,phases,ref  ] GC(154)     Total (ms):                    Min:  0.0, Avg:  0.0, Max:  0.0, Diff:  0.0, Sum:  0.0, Workers: 12
[41.883s][debug  ][gc,phases,ref  ] GC(154)   Notify and keep alive finalizable: 0.0ms
[41.883s][debug  ][gc,phases,ref  ] GC(154)     FinalRef (ms):                 skipped
[41.883s][debug  ][gc,phases,ref  ] GC(154)   Notify PhantomReferences: 0.0ms
[41.883s][debug  ][gc,phases,ref  ] GC(154)     PhantomRef (ms):               Min:  0.0, Avg:  0.0, Max:  0.0, Diff:  0.0, Sum:  0.0, Workers: 12
[41.883s][debug  ][gc,phases,ref  ] GC(154)   SoftReference:
[41.883s][debug  ][gc,phases,ref  ] GC(154)     Discovered: 0
[41.883s][debug  ][gc,phases,ref  ] GC(154)     Cleared: 0
[41.883s][debug  ][gc,phases,ref  ] GC(154)   WeakReference:
[41.883s][debug  ][gc,phases,ref  ] GC(154)     Discovered: 60
[41.883s][debug  ][gc,phases,ref  ] GC(154)     Cleared: 60
[41.883s][debug  ][gc,phases,ref  ] GC(154)   FinalReference:
[41.883s][debug  ][gc,phases,ref  ] GC(154)     Discovered: 0
[41.883s][debug  ][gc,phases,ref  ] GC(154)     Cleared: 0
[41.883s][debug  ][gc,phases,ref  ] GC(154)   PhantomReference:
[41.883s][debug  ][gc,phases,ref  ] GC(154)     Discovered: 5
[41.883s][debug  ][gc,phases,ref  ] GC(154)     Cleared: 5
[41.883s][debug  ][gc,phases      ] GC(154) Reference Processing 0.910ms
[41.883s][debug  ][gc,phases,start] GC(154) Weak Processing
[41.883s][debug  ][gc,phases      ] GC(154)   VM Weak                        Min:  0.0, Avg:  0.0, Max:  0.0, Diff:  0.0, Sum:  0.0, Workers: 6
[41.883s][debug  ][gc,phases      ] GC(154)     Dead                           Min: 0, Avg:  0.0, Max: 0, Diff: 0, Sum: 0, Workers: 6
[41.883s][debug  ][gc,phases      ] GC(154)     Total                          Min: 0, Avg:  1.3, Max: 8, Diff: 8, Sum: 8, Workers: 6
[41.883s][debug  ][gc,phases      ] GC(154)   ObjectSynchronizer Weak        Min:  0.0, Avg:  0.0, Max:  0.0, Diff:  0.0, Sum:  0.0, Workers: 6
[41.883s][debug  ][gc,phases      ] GC(154)     Dead                           Min: 0, Avg:  0.0, Max: 0, Diff: 0, Sum: 0, Workers: 6
[41.883s][debug  ][gc,phases      ] GC(154)     Total                          Min: 0, Avg:  0.5, Max: 3, Diff: 3, Sum: 3, Workers: 6
[41.883s][debug  ][gc,phases      ] GC(154)   JVMTI Tag Weak OopStorage      Min:  0.0, Avg:  0.0, Max:  0.0, Diff:  0.0, Sum:  0.0, Workers: 6
[41.883s][debug  ][gc,phases      ] GC(154)     Dead                           Min: 0, Avg:  0.0, Max: 0, Diff: 0, Sum: 0, Workers: 6
[41.883s][debug  ][gc,phases      ] GC(154)     Total                          Min: 0, Avg:  0.0, Max: 0, Diff: 0, Sum: 0, Workers: 6
[41.883s][debug  ][gc,phases      ] GC(154)   StringTable Weak               Min:  0.0, Avg:  0.0, Max:  0.0, Diff:  0.0, Sum:  0.0, Workers: 6
[41.883s][debug  ][gc,phases      ] GC(154)     Dead                           Min: 0, Avg:  0.0, Max: 0, Diff: 0, Sum: 0, Workers: 6
[41.884s][debug  ][gc,phases      ] GC(154)     Total                          Min: 831, Avg: 892.3, Max: 1024, Diff: 193, Sum: 5354, Workers: 6
[41.884s][debug  ][gc,phases      ] GC(154)   ResolvedMethodTable Weak       Min:  0.0, Avg:  0.0, Max:  0.0, Diff:  0.0, Sum:  0.0, Workers: 6
[41.884s][debug  ][gc,phases      ] GC(154)     Dead                           Min: 0, Avg:  0.0, Max: 0, Diff: 0, Sum: 0, Workers: 6
[41.884s][debug  ][gc,phases      ] GC(154)     Total                          Min: 0, Avg: 21.7, Max: 64, Diff: 64, Sum: 130, Workers: 6
[41.884s][debug  ][gc,phases      ] GC(154)   JNI Weak                       Min:  0.0, Avg:  0.0, Max:  0.0, Diff:  0.0, Sum:  0.0, Workers: 6
[41.884s][debug  ][gc,phases      ] GC(154)     Dead                           Min: 0, Avg:  0.0, Max: 0, Diff: 0, Sum: 0, Workers: 6
[41.884s][debug  ][gc,phases      ] GC(154)     Total                          Min: 0, Avg:  0.0, Max: 0, Diff: 0, Sum: 0, Workers: 6
[41.884s][debug  ][gc,phases      ] GC(154)   StringDedup Table Weak         Min:  0.0, Avg:  0.0, Max:  0.0, Diff:  0.0, Sum:  0.0, Workers: 6
[41.884s][debug  ][gc,phases      ] GC(154)     Dead                           Min: 0, Avg:  0.0, Max: 0, Diff: 0, Sum: 0, Workers: 6
[41.884s][debug  ][gc,phases      ] GC(154)     Total                          Min: 0, Avg:  0.0, Max: 0, Diff: 0, Sum: 0, Workers: 6
[41.884s][debug  ][gc,phases      ] GC(154)   StringDedup Requests0 Weak     Min:  0.0, Avg:  0.0, Max:  0.0, Diff:  0.0, Sum:  0.0, Workers: 6
[41.884s][debug  ][gc,phases      ] GC(154)     Dead                           Min: 0, Avg:  0.0, Max: 0, Diff: 0, Sum: 0, Workers: 6
[41.884s][debug  ][gc,phases      ] GC(154)     Total                          Min: 0, Avg:  0.0, Max: 0, Diff: 0, Sum: 0, Workers: 6
[41.884s][debug  ][gc,phases      ] GC(154)   StringDedup Requests1 Weak     Min:  0.0, Avg:  0.0, Max:  0.0, Diff:  0.0, Sum:  0.0, Workers: 6
[41.884s][debug  ][gc,phases      ] GC(154)     Dead                           Min: 0, Avg:  0.0, Max: 0, Diff: 0, Sum: 0, Workers: 6
[41.884s][debug  ][gc,phases      ] GC(154)     Total                          Min: 0, Avg:  0.0, Max: 0, Diff: 0, Sum: 0, Workers: 6
[41.884s][debug  ][gc,phases      ] GC(154)   Weak JFR Old Object Samples    Min:  0.0, Avg:  0.0, Max:  0.0, Diff:  0.0, Sum:  0.0, Workers: 6
[41.884s][debug  ][gc,phases      ] GC(154)     Dead                           Min: 0, Avg:  0.0, Max: 0, Diff: 0, Sum: 0, Workers: 6
[41.884s][debug  ][gc,phases      ] GC(154)     Total                          Min: 0, Avg:  0.0, Max: 0, Diff: 0, Sum: 0, Workers: 6
[41.884s][debug  ][gc,phases      ] GC(154) Weak Processing 0.805ms
[41.884s][debug  ][gc,phases,start] GC(154) Class Unloading
[41.884s][debug  ][gc,phases,start] GC(154) ClassLoaderData
[41.884s][debug  ][gc,phases      ] GC(154) ClassLoaderData 0.032ms
[41.884s][debug  ][gc,phases,start] GC(154) Trigger cleanups
[41.884s][debug  ][gc,phases      ] GC(154) Trigger cleanups 0.020ms
[41.884s][debug  ][gc,phases      ] GC(154) Class Unloading 0.302ms
[41.884s][info   ][gc,phases      ] GC(154) Marking Phase 2.696ms
[41.884s][info   ][gc,phases,start] GC(154) Summary Phase
[41.884s][info   ][gc,phases      ] GC(154) Summary Phase 0.044ms
[41.884s][info   ][gc,phases,start] GC(154) Adjust Roots
[41.885s][info   ][gc,phases      ] GC(154) Adjust Roots 0.182ms
[41.885s][info   ][gc,phases,start] GC(154) Compaction Phase
[41.972s][info   ][gc,phases      ] GC(154) Compaction Phase 87.010ms
[41.972s][info   ][gc,phases,start] GC(154) Post Compact
[41.979s][info   ][gc,phases      ] GC(154) Post Compact 6.751ms
[41.979s][debug  ][gc,ergo        ] GC(154) AdaptiveSizeStart: collection: 155 
[41.979s][debug  ][gc,ergo        ] GC(154) PSAdaptiveSizePolicy::compute_eden_space_size limits: desired_eden_size: 223911249 old_eden_size: 204472320 eden_limit: 204472320 cur_eden: 204472320 max_eden_size: 204472320 avg_young_live: 24992478
[41.979s][debug  ][gc,ergo        ] GC(154) PSAdaptiveSizePolicy::compute_eden_space_size: costs minor_time: 0.049840 major_cost: 0.055010 mutator_cost: 0.895150 throughput_goal: 0.990000
[41.979s][debug  ][gc,ergo        ] GC(154) Live_space: 1070123008 free_space: 1431306240
[41.979s][debug  ][gc,ergo        ] GC(154) Old eden_size: 204472320 desired_eden_size: 204472320
[41.979s][debug  ][gc,ergo        ] GC(154) PSAdaptiveSizePolicy::compute_old_gen_free_space limits: desired_promo_size: 1355567124 promo_limit: 1226833920 free_in_old_gen: 1095969024 max_old_gen_size: 1879048192 avg_old_live: 783079232
[41.979s][debug  ][gc,ergo        ] GC(154) PSAdaptiveSizePolicy::compute_old_gen_free_space: costs minor_time: 0.049840 major_cost: 0.055010  mutator_cost: 0.895150 throughput_goal: 0.990000
[41.979s][debug  ][gc,ergo        ] GC(154) Live_space: 1076507136 free_space: 1431306240
[41.979s][debug  ][gc,ergo        ] GC(154) Old promo_size: 1226833920 desired_promo_size: 1226833920
[41.979s][debug  ][gc,ergo        ] GC(154) AdaptiveSizeStop: collection: 155 
[41.979s][info   ][gc,heap        ] GC(154) PSYoungGen: 30720K(230912K)->0K(230912K) Eden: 0K(199680K)->0K(199680K) From: 30720K(31232K)->0K(31232K)
[41.979s][info   ][gc,heap        ] GC(154) ParOldGen: 1660517K(1835008K)->820836K(1835008K)
[41.979s][info   ][gc,metaspace   ] GC(154) Metaspace: 1022K(1216K)->1022K(1216K) NonClass: 939K(1024K)->939K(1024K) Class: 83K(192K)->83K(192K)
[41.979s][info   ][gc             ] GC(154) Pause Full (Ergonomics) 1651M->801M(2017M) 97.389ms
[41.979s][info   ][gc,cpu         ] GC(154) User=1.09s Sys=0.02s Real=0.10s
[41.979s][debug  ][gc,heap        ] GC(154) Heap after GC invocations=155 (full 25):
[41.979s][debug  ][gc,heap        ] GC(154)  PSYoungGen      total 230912K, used 0K [0x00000000f0000000, 0x0000000100000000, 0x0000000100000000)
[41.979s][debug  ][gc,heap        ] GC(154)   eden space 199680K, 0% used [0x00000000f0000000,0x00000000f0000000,0x00000000fc300000)
[41.979s][debug  ][gc,heap        ] GC(154)   from space 31232K, 0% used [0x00000000fc300000,0x00000000fc300000,0x00000000fe180000)
[41.979s][debug  ][gc,heap        ] GC(154)   to   space 31232K, 0% used [0x00000000fe180000,0x00000000fe180000,0x0000000100000000)
[41.979s][debug  ][gc,heap        ] GC(154)  ParOldGen       total 1835008K, used 820836K [0x0000000080000000, 0x00000000f0000000, 0x00000000f0000000)
[41.979s][debug  ][gc,heap        ] GC(154)   object space 1835008K, 44% used [0x0000000080000000,0x00000000b21990d8,0x00000000f0000000)
[41.979s][debug  ][gc,heap        ] GC(154)  Metaspace       used 1022K, committed 1216K, reserved 1056768K
[41.979s][debug  ][gc,heap        ] GC(154)   class space    used 83K, committed 192K, reserved 1048576K
[41.979s][debug  ][gc,task,time   ] GC(154) VM-Thread 418816625 418846787 419790798
[42.287s][debug  ][gc,heap        ] GC(155) Heap before GC invocations=156 (full 25):
[42.288s][debug  ][gc,heap        ] GC(155)  PSYoungGen      total 230912K, used 198461K [0x00000000f0000000, 0x0000000100000000, 0x0000000100000000)
[42.288s][debug  ][gc,heap        ] GC(155)   eden space 199680K, 99% used [0x00000000f0000000,0x00000000fc1cf748,0x00000000fc300000)
[42.288s][debug  ][gc,heap        ] GC(155)   from space 31232K, 0% used [0x00000000fc300000,0x00000000fc300000,0x00000000fe180000)
[42.288s][debug  ][gc,heap        ] GC(155)   to   space 31232K, 0% used [0x00000000fe180000,0x00000000fe180000,0x0000000100000000)
[42.288s][debug  ][gc,heap        ] GC(155)  ParOldGen       total 1835008K, used 820836K [0x0000000080000000, 0x00000000f0000000, 0x00000000f0000000)
[42.288s][debug  ][gc,heap        ] GC(155)   object space 1835008K, 44% used [0x0000000080000000,0x00000000b21990d8,0x00000000f0000000)
[42.288s][debug  ][gc,heap        ] GC(155)  Metaspace       used 1022K, committed 1216K, reserved 1056768K
[42.288s][debug  ][gc,heap        ] GC(155)   class space    used 83K, committed 192K, reserved 1048576K
[42.288s][debug  ][gc,tlab        ] GC(155) TLAB totals: thrds: 1  refills: 1 max: 1 slow allocs: 18 max 18 waste: 27.6% gc: 3995160B max: 3995160B slow: 0B max: 0B
[42.288s][info   ][gc,start       ] GC(155) Pause Young (Allocation Failure)
[42.288s][debug  ][gc,phases,start] GC(155) Scavenge
[42.301s][debug  ][gc,phases      ] GC(155) Scavenge 13.291ms
[42.301s][debug  ][gc,phases,start] GC(155) Reference Processing
[42.301s][debug  ][gc,ref         ] GC(155) Skipped phase 1 of Reference Processing: no references
[42.301s][debug  ][gc,ref         ] GC(155) Skipped phase 2 of Reference Processing: no references
[42.301s][debug  ][gc,ref         ] GC(155) Skipped phase 3 of Reference Processing: no references
[42.301s][debug  ][gc,ref         ] GC(155) Skipped phase 4 of Reference Processing: no references
[42.301s][debug  ][gc,phases,ref  ] GC(155) Reference Processing: 0.1ms
[42.301s][debug  ][gc,phases,ref  ] GC(155)   Reconsider SoftReferences: 0.0ms
[42.301s][debug  ][gc,phases,ref  ] GC(155)     SoftRef (ms):                  skipped
[42.302s][debug  ][gc,phases,ref  ] GC(155)   Notify Soft/WeakReferences: 0.0ms
[42.302s][debug  ][gc,phases,ref  ] GC(155)     SoftRef (ms):                  skipped
[42.302s][debug  ][gc,phases,ref  ] GC(155)     WeakRef (ms):                  skipped
[42.302s][debug  ][gc,phases,ref  ] GC(155)     FinalRef (ms):                 skipped
[42.302s][debug  ][gc,phases,ref  ] GC(155)     Total (ms):                    skipped
[42.302s][debug  ][gc,phases,ref  ] GC(155)   Notify and keep alive finalizable: 0.0ms
[42.302s][debug  ][gc,phases,ref  ] GC(155)     FinalRef (ms):                 skipped
[42.302s][debug  ][gc,phases,ref  ] GC(155)   Notify PhantomReferences: 0.0ms
[42.302s][debug  ][gc,phases,ref  ] GC(155)     PhantomRef (ms):               skipped
[42.302s][debug  ][gc,phases,ref  ] GC(155)   SoftReference:
[42.302s][debug  ][gc,phases,ref  ] GC(155)     Discovered: 0
[42.302s][debug  ][gc,phases,ref  ] GC(155)     Cleared: 0
[42.302s][debug  ][gc,phases,ref  ] GC(155)   WeakReference:
[42.302s][debug  ][gc,phases,ref  ] GC(155)     Discovered: 0
[42.302s][debug  ][gc,phases,ref  ] GC(155)     Cleared: 0
[42.302s][debug  ][gc,phases,ref  ] GC(155)   FinalReference:
[42.302s][debug  ][gc,phases,ref  ] GC(155)     Discovered: 0
[42.302s][debug  ][gc,phases,ref  ] GC(155)     Cleared: 0
[42.302s][debug  ][gc,phases,ref  ] GC(155)   PhantomReference:
[42.302s][debug  ][gc,phases,ref  ] GC(155)     Discovered: 0
[42.302s][debug  ][gc,phases,ref  ] GC(155)     Cleared: 0
[42.302s][debug  ][gc,phases      ] GC(155) Reference Processing 0.563ms
[42.302s][debug  ][gc,phases,start] GC(155) Weak Processing
[42.302s][debug  ][gc,phases      ] GC(155)   VM Weak                        Min:  0.0, Avg:  0.0, Max:  0.0, Diff:  0.0, Sum:  0.0, Workers: 6
[42.302s][debug  ][gc,phases      ] GC(155)     Dead                           Min: 0, Avg:  0.0, Max: 0, Diff: 0, Sum: 0, Workers: 6
[42.302s][debug  ][gc,phases      ] GC(155)     Total                          Min: 0, Avg:  1.3, Max: 8, Diff: 8, Sum: 8, Workers: 6
[42.302s][debug  ][gc,phases      ] GC(155)   ObjectSynchronizer Weak        Min:  0.0, Avg:  0.0, Max:  0.0, Diff:  0.0, Sum:  0.0, Workers: 6
[42.302s][debug  ][gc,phases      ] GC(155)     Dead                           Min: 0, Avg:  0.0, Max: 0, Diff: 0, Sum: 0, Workers: 6
[42.302s][debug  ][gc,phases      ] GC(155)     Total                          Min: 0, Avg:  0.5, Max: 3, Diff: 3, Sum: 3, Workers: 6
[42.302s][debug  ][gc,phases      ] GC(155)   JVMTI Tag Weak OopStorage      Min:  0.0, Avg:  0.0, Max:  0.0, Diff:  0.0, Sum:  0.0, Workers: 6
[42.302s][debug  ][gc,phases      ] GC(155)     Dead                           Min: 0, Avg:  0.0, Max: 0, Diff: 0, Sum: 0, Workers: 6
[42.302s][debug  ][gc,phases      ] GC(155)     Total                          Min: 0, Avg:  0.0, Max: 0, Diff: 0, Sum: 0, Workers: 6
[42.302s][debug  ][gc,phases      ] GC(155)   StringTable Weak               Min:  0.0, Avg:  0.0, Max:  0.0, Diff:  0.0, Sum:  0.0, Workers: 6
[42.302s][debug  ][gc,phases      ] GC(155)     Dead                           Min: 0, Avg:  0.0, Max: 0, Diff: 0, Sum: 0, Workers: 6
[42.302s][debug  ][gc,phases      ] GC(155)     Total                          Min: 575, Avg: 892.3, Max: 1152, Diff: 577, Sum: 5354, Workers: 6
[42.302s][debug  ][gc,phases      ] GC(155)   ResolvedMethodTable Weak       Min:  0.0, Avg:  0.0, Max:  0.0, Diff:  0.0, Sum:  0.0, Workers: 6
[42.302s][debug  ][gc,phases      ] GC(155)     Dead                           Min: 0, Avg:  0.0, Max: 0, Diff: 0, Sum: 0, Workers: 6
[42.302s][debug  ][gc,phases      ] GC(155)     Total                          Min: 0, Avg: 21.7, Max: 64, Diff: 64, Sum: 130, Workers: 6
[42.302s][debug  ][gc,phases      ] GC(155)   JNI Weak                       Min:  0.0, Avg:  0.0, Max:  0.0, Diff:  0.0, Sum:  0.0, Workers: 6
[42.302s][debug  ][gc,phases      ] GC(155)     Dead                           Min: 0, Avg:  0.0, Max: 0, Diff: 0, Sum: 0, Workers: 6
[42.302s][debug  ][gc,phases      ] GC(155)     Total                          Min: 0, Avg:  0.0, Max: 0, Diff: 0, Sum: 0, Workers: 6
[42.302s][debug  ][gc,phases      ] GC(155)   StringDedup Table Weak         Min:  0.0, Avg:  0.0, Max:  0.0, Diff:  0.0, Sum:  0.0, Workers: 6
[42.302s][debug  ][gc,phases      ] GC(155)     Dead                           Min: 0, Avg:  0.0, Max: 0, Diff: 0, Sum: 0, Workers: 6
[42.302s][debug  ][gc,phases      ] GC(155)     Total                          Min: 0, Avg:  0.0, Max: 0, Diff: 0, Sum: 0, Workers: 6
[42.302s][debug  ][gc,phases      ] GC(155)   StringDedup Requests0 Weak     Min:  0.0, Avg:  0.0, Max:  0.0, Diff:  0.0, Sum:  0.0, Workers: 6
[42.303s][debug  ][gc,phases      ] GC(155)     Dead                           Min: 0, Avg:  0.0, Max: 0, Diff: 0, Sum: 0, Workers: 6
[42.303s][debug  ][gc,phases      ] GC(155)     Total                          Min: 0, Avg:  0.0, Max: 0, Diff: 0, Sum: 0, Workers: 6
[42.303s][debug  ][gc,phases      ] GC(155)   StringDedup Requests1 Weak     Min:  0.0, Avg:  0.0, Max:  0.0, Diff:  0.0, Sum:  0.0, Workers: 6
[42.303s][debug  ][gc,phases      ] GC(155)     Dead                           Min: 0, Avg:  0.0, Max: 0, Diff: 0, Sum: 0, Workers: 6
[42.303s][debug  ][gc,phases      ] GC(155)     Total                          Min: 0, Avg:  0.0, Max: 0, Diff: 0, Sum: 0, Workers: 6
[42.303s][debug  ][gc,phases      ] GC(155)   Weak JFR Old Object Samples    Min:  0.0, Avg:  0.0, Max:  0.0, Diff:  0.0, Sum:  0.0, Workers: 6
[42.303s][debug  ][gc,phases      ] GC(155)     Dead                           Min: 0, Avg:  0.0, Max: 0, Diff: 0, Sum: 0, Workers: 6
[42.303s][debug  ][gc,phases      ] GC(155)     Total                          Min: 0, Avg:  0.0, Max: 0, Diff: 0, Sum: 0, Workers: 6
[42.303s][debug  ][gc,phases      ] GC(155) Weak Processing 0.745ms
[42.303s][debug  ][gc,ergo        ] GC(155) AdaptiveSizeStart:  collection: 156 
[42.303s][debug  ][gc,ergo        ] GC(155) avg_survived_padded_avg: 31652506.000000
[42.303s][debug  ][gc,ergo        ] GC(155) avg_promoted_padded_avg: 280586240.000000  avg_pretenured_padded_avg: 0.000000  tenuring_thresh: 15  target_size: 31981568
[42.303s][debug  ][gc,age         ] GC(155) Desired survivor size 31981568 bytes, new threshold 15 (max threshold 15)
[42.303s][debug  ][gc,ergo        ] GC(155) PSAdaptiveSizePolicy::compute_eden_space_size limits: desired_eden_size: 223121922 old_eden_size: 204472320 eden_limit: 204472320 cur_eden: 204472320 max_eden_size: 204472320 avg_young_live: 25638962
[42.303s][debug  ][gc,ergo        ] GC(155) PSAdaptiveSizePolicy::compute_eden_space_size: costs minor_time: 0.046119 major_cost: 0.055010 mutator_cost: 0.898871 throughput_goal: 0.990000
[42.303s][debug  ][gc,ergo        ] GC(155) Live_space: 1077153664 free_space: 1431306240
[42.303s][debug  ][gc,ergo        ] GC(155) Old eden_size: 204472320 desired_eden_size: 204472320
[42.303s][debug  ][gc,ergo        ] GC(155) AdaptiveSizeStop: collection: 156 
[42.303s][info   ][gc,heap        ] GC(155) PSYoungGen: 198461K(230912K)->30720K(230912K) Eden: 198461K(199680K)->0K(199680K) From: 0K(31232K)->30720K(31232K)
[42.303s][info   ][gc,heap        ] GC(155) ParOldGen: 820836K(1835008K)->984676K(1835008K)
[42.303s][info   ][gc,metaspace   ] GC(155) Metaspace: 1022K(1216K)->1022K(1216K) NonClass: 939K(1024K)->939K(1024K) Class: 83K(192K)->83K(192K)
[42.303s][info   ][gc             ] GC(155) Pause Young (Allocation Failure) 995M->991M(2017M) 15.072ms
[42.303s][info   ][gc,cpu         ] GC(155) User=0.14s Sys=0.00s Real=0.01s
[42.303s][debug  ][gc,heap        ] GC(155) Heap after GC invocations=156 (full 25):
[42.303s][debug  ][gc,heap        ] GC(155)  PSYoungGen      total 230912K, used 30720K [0x00000000f0000000, 0x0000000100000000, 0x0000000100000000)
[42.303s][debug  ][gc,heap        ] GC(155)   eden space 199680K, 0% used [0x00000000f0000000,0x00000000f0000000,0x00000000fc300000)
[42.303s][debug  ][gc,heap        ] GC(155)   from space 31232K, 98% used [0x00000000fe180000,0x00000000fff80030,0x0000000100000000)
[42.303s][debug  ][gc,heap        ] GC(155)   to   space 31232K, 0% used [0x00000000fc300000,0x00000000fc300000,0x00000000fe180000)
[42.303s][debug  ][gc,heap        ] GC(155)  ParOldGen       total 1835008K, used 984676K [0x0000000080000000, 0x00000000f0000000, 0x00000000f0000000)
[42.303s][debug  ][gc,heap        ] GC(155)   object space 1835008K, 53% used [0x0000000080000000,0x00000000bc1991d8,0x00000000f0000000)
[42.303s][debug  ][gc,heap        ] GC(155)  Metaspace       used 1022K, committed 1216K, reserved 1056768K
[42.303s][debug  ][gc,heap        ] GC(155)   class space    used 83K, committed 192K, reserved 1048576K
[42.303s][debug  ][gc,task,time   ] GC(155) VM-Thread 422874646 423013399 423032250
[42.606s][debug  ][gc,heap        ] GC(156) Heap before GC invocations=157 (full 25):
[42.606s][debug  ][gc,heap        ] GC(156)  PSYoungGen      total 230912K, used 229114K [0x00000000f0000000, 0x0000000100000000, 0x0000000100000000)
[42.606s][debug  ][gc,heap        ] GC(156)   eden space 199680K, 99% used [0x00000000f0000000,0x00000000fc1be9e0,0x00000000fc300000)
[42.606s][debug  ][gc,heap        ] GC(156)   from space 31232K, 98% used [0x00000000fe180000,0x00000000fff80030,0x0000000100000000)
[42.606s][debug  ][gc,heap        ] GC(156)   to   space 31232K, 0% used [0x00000000fc300000,0x00000000fc300000,0x00000000fe180000)
[42.606s][debug  ][gc,heap        ] GC(156)  ParOldGen       total 1835008K, used 984676K [0x0000000080000000, 0x00000000f0000000, 0x00000000f0000000)
[42.606s][debug  ][gc,heap        ] GC(156)   object space 1835008K, 53% used [0x0000000080000000,0x00000000bc1991d8,0x00000000f0000000)
[42.606s][debug  ][gc,heap        ] GC(156)  Metaspace       used 1022K, committed 1216K, reserved 1056768K
[42.606s][debug  ][gc,heap        ] GC(156)   class space    used 83K, committed 192K, reserved 1048576K
[42.606s][debug  ][gc,tlab        ] GC(156) TLAB totals: thrds: 1  refills: 1 max: 1 slow allocs: 19 max 19 waste: 100.0% gc: 3925128B max: 3925128B slow: 0B max: 0B
[42.606s][info   ][gc,start       ] GC(156) Pause Young (Allocation Failure)
[42.606s][debug  ][gc,phases,start] GC(156) Scavenge
[42.619s][debug  ][gc,phases      ] GC(156) Scavenge 12.574ms
[42.619s][debug  ][gc,phases,start] GC(156) Reference Processing
[42.619s][debug  ][gc,ref         ] GC(156) Skipped phase 1 of Reference Processing: no references
[42.619s][debug  ][gc,ref         ] GC(156) Skipped phase 2 of Reference Processing: no references
[42.619s][debug  ][gc,ref         ] GC(156) Skipped phase 3 of Reference Processing: no references
[42.619s][debug  ][gc,ref         ] GC(156) Skipped phase 4 of Reference Processing: no references
[42.619s][debug  ][gc,phases,ref  ] GC(156) Reference Processing: 0.1ms
[42.619s][debug  ][gc,phases,ref  ] GC(156)   Reconsider SoftReferences: 0.0ms
[42.619s][debug  ][gc,phases,ref  ] GC(156)     SoftRef (ms):                  skipped
[42.619s][debug  ][gc,phases,ref  ] GC(156)   Notify Soft/WeakReferences: 0.0ms
[42.619s][debug  ][gc,phases,ref  ] GC(156)     SoftRef (ms):                  skipped
[42.619s][debug  ][gc,phases,ref  ] GC(156)     WeakRef (ms):                  skipped
[42.619s][debug  ][gc,phases,ref  ] GC(156)     FinalRef (ms):                 skipped
[42.619s][debug  ][gc,phases,ref  ] GC(156)     Total (ms):                    skipped
[42.619s][debug  ][gc,phases,ref  ] GC(156)   Notify and keep alive finalizable: 0.0ms
[42.619s][debug  ][gc,phases,ref  ] GC(156)     FinalRef (ms):                 skipped
[42.619s][debug  ][gc,phases,ref  ] GC(156)   Notify PhantomReferences: 0.0ms
[42.619s][debug  ][gc,phases,ref  ] GC(156)     PhantomRef (ms):               skipped
[42.619s][debug  ][gc,phases,ref  ] GC(156)   SoftReference:
[42.619s][debug  ][gc,phases,ref  ] GC(156)     Discovered: 0
[42.619s][debug  ][gc,phases,ref  ] GC(156)     Cleared: 0
[42.619s][debug  ][gc,phases,ref  ] GC(156)   WeakReference:
[42.619s][debug  ][gc,phases,ref  ] GC(156)     Discovered: 0
[42.619s][debug  ][gc,phases,ref  ] GC(156)     Cleared: 0
[42.619s][debug  ][gc,phases,ref  ] GC(156)   FinalReference:
[42.619s][debug  ][gc,phases,ref  ] GC(156)     Discovered: 0
[42.619s][debug  ][gc,phases,ref  ] GC(156)     Cleared: 0
[42.619s][debug  ][gc,phases,ref  ] GC(156)   PhantomReference:
[42.619s][debug  ][gc,phases,ref  ] GC(156)     Discovered: 0
[42.619s][debug  ][gc,phases,ref  ] GC(156)     Cleared: 0
[42.619s][debug  ][gc,phases      ] GC(156) Reference Processing 0.562ms
[42.619s][debug  ][gc,phases,start] GC(156) Weak Processing
[42.620s][debug  ][gc,phases      ] GC(156)   VM Weak                        Min:  0.0, Avg:  0.0, Max:  0.0, Diff:  0.0, Sum:  0.0, Workers: 6
[42.620s][debug  ][gc,phases      ] GC(156)     Dead                           Min: 0, Avg:  0.0, Max: 0, Diff: 0, Sum: 0, Workers: 6
[42.620s][debug  ][gc,phases      ] GC(156)     Total                          Min: 0, Avg:  1.3, Max: 8, Diff: 8, Sum: 8, Workers: 6
[42.620s][debug  ][gc,phases      ] GC(156)   ObjectSynchronizer Weak        Min:  0.0, Avg:  0.0, Max:  0.0, Diff:  0.0, Sum:  0.0, Workers: 6
[42.620s][debug  ][gc,phases      ] GC(156)     Dead                           Min: 0, Avg:  0.0, Max: 0, Diff: 0, Sum: 0, Workers: 6
[42.620s][debug  ][gc,phases      ] GC(156)     Total                          Min: 0, Avg:  0.5, Max: 3, Diff: 3, Sum: 3, Workers: 6
[42.620s][debug  ][gc,phases      ] GC(156)   JVMTI Tag Weak OopStorage      Min:  0.0, Avg:  0.0, Max:  0.0, Diff:  0.0, Sum:  0.0, Workers: 6
[42.620s][debug  ][gc,phases      ] GC(156)     Dead                           Min: 0, Avg:  0.0, Max: 0, Diff: 0, Sum: 0, Workers: 6
[42.620s][debug  ][gc,phases      ] GC(156)     Total                          Min: 0, Avg:  0.0, Max: 0, Diff: 0, Sum: 0, Workers: 6
[42.620s][debug  ][gc,phases      ] GC(156)   StringTable Weak               Min:  0.0, Avg:  0.0, Max:  0.0, Diff:  0.0, Sum:  0.0, Workers: 6
[42.620s][debug  ][gc,phases      ] GC(156)     Dead                           Min: 0, Avg:  0.0, Max: 0, Diff: 0, Sum: 0, Workers: 6
[42.620s][debug  ][gc,phases      ] GC(156)     Total                          Min: 619, Avg: 892.3, Max: 1152, Diff: 533, Sum: 5354, Workers: 6
[42.620s][debug  ][gc,phases      ] GC(156)   ResolvedMethodTable Weak       Min:  0.0, Avg:  0.0, Max:  0.0, Diff:  0.0, Sum:  0.0, Workers: 6
[42.620s][debug  ][gc,phases      ] GC(156)     Dead                           Min: 0, Avg:  0.0, Max: 0, Diff: 0, Sum: 0, Workers: 6
[42.620s][debug  ][gc,phases      ] GC(156)     Total                          Min: 0, Avg: 21.7, Max: 64, Diff: 64, Sum: 130, Workers: 6
[42.620s][debug  ][gc,phases      ] GC(156)   JNI Weak                       Min:  0.0, Avg:  0.0, Max:  0.0, Diff:  0.0, Sum:  0.0, Workers: 6
[42.620s][debug  ][gc,phases      ] GC(156)     Dead                           Min: 0, Avg:  0.0, Max: 0, Diff: 0, Sum: 0, Workers: 6
[42.620s][debug  ][gc,phases      ] GC(156)     Total                          Min: 0, Avg:  0.0, Max: 0, Diff: 0, Sum: 0, Workers: 6
[42.620s][debug  ][gc,phases      ] GC(156)   StringDedup Table Weak         Min:  0.0, Avg:  0.0, Max:  0.0, Diff:  0.0, Sum:  0.0, Workers: 6
[42.620s][debug  ][gc,phases      ] GC(156)     Dead                           Min: 0, Avg:  0.0, Max: 0, Diff: 0, Sum: 0, Workers: 6
[42.620s][debug  ][gc,phases      ] GC(156)     Total                          Min: 0, Avg:  0.0, Max: 0, Diff: 0, Sum: 0, Workers: 6
[42.620s][debug  ][gc,phases      ] GC(156)   StringDedup Requests0 Weak     Min:  0.0, Avg:  0.0, Max:  0.0, Diff:  0.0, Sum:  0.0, Workers: 6
[42.620s][debug  ][gc,phases      ] GC(156)     Dead                           Min: 0, Avg:  0.0, Max: 0, Diff: 0, Sum: 0, Workers: 6
[42.620s][debug  ][gc,phases      ] GC(156)     Total                          Min: 0, Avg:  0.0, Max: 0, Diff: 0, Sum: 0, Workers: 6
[42.620s][debug  ][gc,phases      ] GC(156)   StringDedup Requests1 Weak     Min:  0.0, Avg:  0.0, Max:  0.0, Diff:  0.0, Sum:  0.0, Workers: 6
[42.620s][debug  ][gc,phases      ] GC(156)     Dead                           Min: 0, Avg:  0.0, Max: 0, Diff: 0, Sum: 0, Workers: 6
[42.620s][debug  ][gc,phases      ] GC(156)     Total                          Min: 0, Avg:  0.0, Max: 0, Diff: 0, Sum: 0, Workers: 6
[42.620s][debug  ][gc,phases      ] GC(156)   Weak JFR Old Object Samples    Min:  0.0, Avg:  0.0, Max:  0.0, Diff:  0.0, Sum:  0.0, Workers: 6
[42.620s][debug  ][gc,phases      ] GC(156)     Dead                           Min: 0, Avg:  0.0, Max: 0, Diff: 0, Sum: 0, Workers: 6
[42.620s][debug  ][gc,phases      ] GC(156)     Total                          Min: 0, Avg:  0.0, Max: 0, Diff: 0, Sum: 0, Workers: 6
[42.620s][debug  ][gc,phases      ] GC(156) Weak Processing 0.726ms
[42.620s][debug  ][gc,ergo        ] GC(156) AdaptiveSizeStart:  collection: 157 
[42.620s][debug  ][gc,ergo        ] GC(156) avg_survived_padded_avg: 31635842.000000
[42.620s][debug  ][gc,ergo        ] GC(156) avg_promoted_padded_avg: 271937344.000000  avg_pretenured_padded_avg: 0.000000  tenuring_thresh: 15  target_size: 31981568
[42.620s][debug  ][gc,age         ] GC(156) Desired survivor size 31981568 bytes, new threshold 15 (max threshold 15)
[42.620s][debug  ][gc,ergo        ] GC(156) PSAdaptiveSizePolicy::compute_eden_space_size limits: desired_eden_size: 223003766 old_eden_size: 204472320 eden_limit: 204472320 cur_eden: 204472320 max_eden_size: 204472320 avg_young_live: 26220798
[42.620s][debug  ][gc,ergo        ] GC(156) PSAdaptiveSizePolicy::compute_eden_space_size: costs minor_time: 0.045585 major_cost: 0.055010 mutator_cost: 0.899405 throughput_goal: 0.990000
[42.620s][debug  ][gc,ergo        ] GC(156) Live_space: 1077735424 free_space: 1431306240
[42.620s][debug  ][gc,ergo        ] GC(156) Old eden_size: 204472320 desired_eden_size: 204472320
[42.620s][debug  ][gc,ergo        ] GC(156) AdaptiveSizeStop: collection: 157 
[42.620s][info   ][gc,heap        ] GC(156) PSYoungGen: 229114K(230912K)->30720K(230912K) Eden: 198394K(199680K)->0K(199680K) From: 30720K(31232K)->30720K(31232K)
[42.620s][info   ][gc,heap        ] GC(156) ParOldGen: 984676K(1835008K)->1138276K(1835008K)
[42.621s][info   ][gc,metaspace   ] GC(156) Metaspace: 1022K(1216K)->1022K(1216K) NonClass: 939K(1024K)->939K(1024K) Class: 83K(192K)->83K(192K)
[42.621s][info   ][gc             ] GC(156) Pause Young (Allocation Failure) 1185M->1141M(2017M) 14.321ms
[42.621s][info   ][gc,cpu         ] GC(156) User=0.17s Sys=0.00s Real=0.01s
[42.621s][debug  ][gc,heap        ] GC(156) Heap after GC invocations=157 (full 25):
[42.621s][debug  ][gc,heap        ] GC(156)  PSYoungGen      total 230912K, used 30720K [0x00000000f0000000, 0x0000000100000000, 0x0000000100000000)
[42.621s][debug  ][gc,heap        ] GC(156)   eden space 199680K, 0% used [0x00000000f0000000,0x00000000f0000000,0x00000000fc300000)
[42.621s][debug  ][gc,heap        ] GC(156)   from space 31232K, 98% used [0x00000000fc300000,0x00000000fe100030,0x00000000fe180000)
[42.621s][debug  ][gc,heap        ] GC(156)   to   space 31232K, 0% used [0x00000000fe180000,0x00000000fe180000,0x0000000100000000)
[42.621s][debug  ][gc,heap        ] GC(156)  ParOldGen       total 1835008K, used 1138276K [0x0000000080000000, 0x00000000f0000000, 0x00000000f0000000)
[42.621s][debug  ][gc,heap        ] GC(156)   object space 1835008K, 62% used [0x0000000080000000,0x00000000c57992c8,0x00000000f0000000)
[42.621s][debug  ][gc,heap        ] GC(156)  Metaspace       used 1022K, committed 1216K, reserved 1056768K
[42.621s][debug  ][gc,heap        ] GC(156)   class space    used 83K, committed 192K, reserved 1048576K
[42.621s][debug  ][gc,task,time   ] GC(156) VM-Thread 426057730 426189061 426207907
[42.918s][debug  ][gc,heap        ] GC(157) Heap before GC invocations=158 (full 25):
[42.918s][debug  ][gc,heap        ] GC(157)  PSYoungGen      total 230912K, used 229170K [0x00000000f0000000, 0x0000000100000000, 0x0000000100000000)
[42.918s][debug  ][gc,heap        ] GC(157)   eden space 199680K, 99% used [0x00000000f0000000,0x00000000fc1cc900,0x00000000fc300000)
[42.918s][debug  ][gc,heap        ] GC(157)   from space 31232K, 98% used [0x00000000fc300000,0x00000000fe100030,0x00000000fe180000)
[42.918s][debug  ][gc,heap        ] GC(157)   to   space 31232K, 0% used [0x00000000fe180000,0x00000000fe180000,0x0000000100000000)
[42.918s][debug  ][gc,heap        ] GC(157)  ParOldGen       total 1835008K, used 1138276K [0x0000000080000000, 0x00000000f0000000, 0x00000000f0000000)
[42.918s][debug  ][gc,heap        ] GC(157)   object space 1835008K, 62% used [0x0000000080000000,0x00000000c57992c8,0x00000000f0000000)
[42.918s][debug  ][gc,heap        ] GC(157)  Metaspace       used 1022K, committed 1216K, reserved 1056768K
[42.918s][debug  ][gc,heap        ] GC(157)   class space    used 83K, committed 192K, reserved 1048576K
[42.918s][debug  ][gc,tlab        ] GC(157) TLAB totals: thrds: 1  refills: 1 max: 1 slow allocs: 18 max 18 waste: 27.5% gc: 3983312B max: 3983312B slow: 0B max: 0B
[42.918s][info   ][gc,start       ] GC(157) Pause Young (Allocation Failure)
[42.919s][debug  ][gc,phases,start] GC(157) Scavenge
[42.934s][debug  ][gc,phases      ] GC(157) Scavenge 15.324ms
[42.934s][debug  ][gc,phases,start] GC(157) Reference Processing
[42.934s][debug  ][gc,ref         ] GC(157) Skipped phase 1 of Reference Processing: no references
[42.934s][debug  ][gc,ref         ] GC(157) Skipped phase 2 of Reference Processing: no references
[42.934s][debug  ][gc,ref         ] GC(157) Skipped phase 3 of Reference Processing: no references
[42.934s][debug  ][gc,ref         ] GC(157) Skipped phase 4 of Reference Processing: no references
[42.934s][debug  ][gc,phases,ref  ] GC(157) Reference Processing: 0.1ms
[42.934s][debug  ][gc,phases,ref  ] GC(157)   Reconsider SoftReferences: 0.0ms
[42.934s][debug  ][gc,phases,ref  ] GC(157)     SoftRef (ms):                  skipped
[42.934s][debug  ][gc,phases,ref  ] GC(157)   Notify Soft/WeakReferences: 0.0ms
[42.934s][debug  ][gc,phases,ref  ] GC(157)     SoftRef (ms):                  skipped
[42.934s][debug  ][gc,phases,ref  ] GC(157)     WeakRef (ms):                  skipped
[42.934s][debug  ][gc,phases,ref  ] GC(157)     FinalRef (ms):                 skipped
[42.934s][debug  ][gc,phases,ref  ] GC(157)     Total (ms):                    skipped
[42.934s][debug  ][gc,phases,ref  ] GC(157)   Notify and keep alive finalizable: 0.0ms
[42.934s][debug  ][gc,phases,ref  ] GC(157)     FinalRef (ms):                 skipped
[42.934s][debug  ][gc,phases,ref  ] GC(157)   Notify PhantomReferences: 0.0ms
[42.934s][debug  ][gc,phases,ref  ] GC(157)     PhantomRef (ms):               skipped
[42.934s][debug  ][gc,phases,ref  ] GC(157)   SoftReference:
[42.934s][debug  ][gc,phases,ref  ] GC(157)     Discovered: 0
[42.934s][debug  ][gc,phases,ref  ] GC(157)     Cleared: 0
[42.934s][debug  ][gc,phases,ref  ] GC(157)   WeakReference:
[42.934s][debug  ][gc,phases,ref  ] GC(157)     Discovered: 0
[42.934s][debug  ][gc,phases,ref  ] GC(157)     Cleared: 0
[42.934s][debug  ][gc,phases,ref  ] GC(157)   FinalReference:
[42.934s][debug  ][gc,phases,ref  ] GC(157)     Discovered: 0
[42.934s][debug  ][gc,phases,ref  ] GC(157)     Cleared: 0
[42.934s][debug  ][gc,phases,ref  ] GC(157)   PhantomReference:
[42.934s][debug  ][gc,phases,ref  ] GC(157)     Discovered: 0
[42.935s][debug  ][gc,phases,ref  ] GC(157)     Cleared: 0
[42.935s][debug  ][gc,phases      ] GC(157) Reference Processing 0.589ms
[42.935s][debug  ][gc,phases,start] GC(157) Weak Processing
[42.935s][debug  ][gc,phases      ] GC(157)   VM Weak                        Min:  0.0, Avg:  0.0, Max:  0.0, Diff:  0.0, Sum:  0.0, Workers: 6
[42.935s][debug  ][gc,phases      ] GC(157)     Dead                           Min: 0, Avg:  0.0, Max: 0, Diff: 0, Sum: 0, Workers: 6
[42.935s][debug  ][gc,phases      ] GC(157)     Total                          Min: 0, Avg:  1.3, Max: 8, Diff: 8, Sum: 8, Workers: 6
[42.935s][debug  ][gc,phases      ] GC(157)   ObjectSynchronizer Weak        Min:  0.0, Avg:  0.0, Max:  0.0, Diff:  0.0, Sum:  0.0, Workers: 6
[42.935s][debug  ][gc,phases      ] GC(157)     Dead                           Min: 0, Avg:  0.0, Max: 0, Diff: 0, Sum: 0, Workers: 6
[42.935s][debug  ][gc,phases      ] GC(157)     Total                          Min: 0, Avg:  0.5, Max: 3, Diff: 3, Sum: 3, Workers: 6
[42.935s][debug  ][gc,phases      ] GC(157)   JVMTI Tag Weak OopStorage      Min:  0.0, Avg:  0.0, Max:  0.0, Diff:  0.0, Sum:  0.0, Workers: 6
[42.935s][debug  ][gc,phases      ] GC(157)     Dead                           Min: 0, Avg:  0.0, Max: 0, Diff: 0, Sum: 0, Workers: 6
[42.935s][debug  ][gc,phases      ] GC(157)     Total                          Min: 0, Avg:  0.0, Max: 0, Diff: 0, Sum: 0, Workers: 6
[42.935s][debug  ][gc,phases      ] GC(157)   StringTable Weak               Min:  0.0, Avg:  0.0, Max:  0.0, Diff:  0.0, Sum:  0.0, Workers: 6
[42.935s][debug  ][gc,phases      ] GC(157)     Dead                           Min: 0, Avg:  0.0, Max: 0, Diff: 0, Sum: 0, Workers: 6
[42.935s][debug  ][gc,phases      ] GC(157)     Total                          Min: 831, Avg: 892.3, Max: 960, Diff: 129, Sum: 5354, Workers: 6
[42.935s][debug  ][gc,phases      ] GC(157)   ResolvedMethodTable Weak       Min:  0.0, Avg:  0.0, Max:  0.0, Diff:  0.0, Sum:  0.0, Workers: 6
[42.935s][debug  ][gc,phases      ] GC(157)     Dead                           Min: 0, Avg:  0.0, Max: 0, Diff: 0, Sum: 0, Workers: 6
[42.935s][debug  ][gc,phases      ] GC(157)     Total                          Min: 0, Avg: 21.7, Max: 64, Diff: 64, Sum: 130, Workers: 6
[42.935s][debug  ][gc,phases      ] GC(157)   JNI Weak                       Min:  0.0, Avg:  0.0, Max:  0.0, Diff:  0.0, Sum:  0.0, Workers: 6
[42.935s][debug  ][gc,phases      ] GC(157)     Dead                           Min: 0, Avg:  0.0, Max: 0, Diff: 0, Sum: 0, Workers: 6
[42.935s][debug  ][gc,phases      ] GC(157)     Total                          Min: 0, Avg:  0.0, Max: 0, Diff: 0, Sum: 0, Workers: 6
[42.935s][debug  ][gc,phases      ] GC(157)   StringDedup Table Weak         Min:  0.0, Avg:  0.0, Max:  0.0, Diff:  0.0, Sum:  0.0, Workers: 6
[42.935s][debug  ][gc,phases      ] GC(157)     Dead                           Min: 0, Avg:  0.0, Max: 0, Diff: 0, Sum: 0, Workers: 6
[42.935s][debug  ][gc,phases      ] GC(157)     Total                          Min: 0, Avg:  0.0, Max: 0, Diff: 0, Sum: 0, Workers: 6
[42.935s][debug  ][gc,phases      ] GC(157)   StringDedup Requests0 Weak     Min:  0.0, Avg:  0.0, Max:  0.0, Diff:  0.0, Sum:  0.0, Workers: 6
[42.935s][debug  ][gc,phases      ] GC(157)     Dead                           Min: 0, Avg:  0.0, Max: 0, Diff: 0, Sum: 0, Workers: 6
[42.935s][debug  ][gc,phases      ] GC(157)     Total                          Min: 0, Avg:  0.0, Max: 0, Diff: 0, Sum: 0, Workers: 6
[42.935s][debug  ][gc,phases      ] GC(157)   StringDedup Requests1 Weak     Min:  0.0, Avg:  0.0, Max:  0.0, Diff:  0.0, Sum:  0.0, Workers: 6
[42.935s][debug  ][gc,phases      ] GC(157)     Dead                           Min: 0, Avg:  0.0, Max: 0, Diff: 0, Sum: 0, Workers: 6
[42.935s][debug  ][gc,phases      ] GC(157)     Total                          Min: 0, Avg:  0.0, Max: 0, Diff: 0, Sum: 0, Workers: 6
[42.935s][debug  ][gc,phases      ] GC(157)   Weak JFR Old Object Samples    Min:  0.0, Avg:  0.0, Max:  0.0, Diff:  0.0, Sum:  0.0, Workers: 6
[42.935s][debug  ][gc,phases      ] GC(157)     Dead                           Min: 0, Avg:  0.0, Max: 0, Diff: 0, Sum: 0, Workers: 6
[42.935s][debug  ][gc,phases      ] GC(157)     Total                          Min: 0, Avg:  0.0, Max: 0, Diff: 0, Sum: 0, Workers: 6
[42.935s][debug  ][gc,phases      ] GC(157) Weak Processing 0.698ms
[42.935s][debug  ][gc,ergo        ] GC(157) AdaptiveSizeStart:  collection: 158 
[42.935s][debug  ][gc,ergo        ] GC(157) avg_survived_padded_avg: 31620562.000000
[42.935s][debug  ][gc,ergo        ] GC(157) avg_promoted_padded_avg: 272678272.000000  avg_pretenured_padded_avg: 0.000000  tenuring_thresh: 15  target_size: 31981568
[42.935s][debug  ][gc,age         ] GC(157) Desired survivor size 31981568 bytes, new threshold 15 (max threshold 15)
[42.935s][debug  ][gc,ergo        ] GC(157) PSAdaptiveSizePolicy::compute_eden_space_size limits: desired_eden_size: 223415751 old_eden_size: 204472320 eden_limit: 204472320 cur_eden: 204472320 max_eden_size: 204472320 avg_young_live: 26744450
[42.935s][debug  ][gc,ergo        ] GC(157) PSAdaptiveSizePolicy::compute_eden_space_size: costs minor_time: 0.047473 major_cost: 0.055010 mutator_cost: 0.897517 throughput_goal: 0.990000
[42.935s][debug  ][gc,ergo        ] GC(157) Live_space: 1078259200 free_space: 1431306240
[42.935s][debug  ][gc,ergo        ] GC(157) Old eden_size: 204472320 desired_eden_size: 204472320
[42.935s][debug  ][gc,ergo        ] GC(157) AdaptiveSizeStop: collection: 158 
[42.935s][info   ][gc,heap        ] GC(157) PSYoungGen: 229170K(230912K)->30720K(230912K) Eden: 198450K(199680K)->0K(199680K) From: 30720K(31232K)->30720K(31232K)
[42.935s][info   ][gc,heap        ] GC(157) ParOldGen: 1138276K(1835008K)->1332836K(1835008K)
[42.936s][info   ][gc,metaspace   ] GC(157) Metaspace: 1022K(1216K)->1022K(1216K) NonClass: 939K(1024K)->939K(1024K) Class: 83K(192K)->83K(192K)
[42.936s][info   ][gc             ] GC(157) Pause Young (Allocation Failure) 1335M->1331M(2017M) 17.050ms
[42.936s][info   ][gc,cpu         ] GC(157) User=0.17s Sys=0.00s Real=0.02s
[42.936s][debug  ][gc,heap        ] GC(157) Heap after GC invocations=158 (full 25):
[42.936s][debug  ][gc,heap        ] GC(157)  PSYoungGen      total 230912K, used 30720K [0x00000000f0000000, 0x0000000100000000, 0x0000000100000000)
[42.936s][debug  ][gc,heap        ] GC(157)   eden space 199680K, 0% used [0x00000000f0000000,0x00000000f0000000,0x00000000fc300000)
[42.936s][debug  ][gc,heap        ] GC(157)   from space 31232K, 98% used [0x00000000fe180000,0x00000000fff80030,0x0000000100000000)
[42.936s][debug  ][gc,heap        ] GC(157)   to   space 31232K, 0% used [0x00000000fc300000,0x00000000fc300000,0x00000000fe180000)
[42.936s][debug  ][gc,heap        ] GC(157)  ParOldGen       total 1835008K, used 1332836K [0x0000000080000000, 0x00000000f0000000, 0x00000000f0000000)
[42.936s][debug  ][gc,heap        ] GC(157)   object space 1835008K, 72% used [0x0000000080000000,0x00000000d15993f8,0x00000000f0000000)
[42.936s][debug  ][gc,heap        ] GC(157)  Metaspace       used 1022K, committed 1216K, reserved 1056768K
[42.936s][debug  ][gc,heap        ] GC(157)   class space    used 83K, committed 192K, reserved 1048576K
[42.936s][debug  ][gc,task,time   ] GC(157) VM-Thread 429181643 429339330 429357888
[43.231s][debug  ][gc,heap        ] GC(158) Heap before GC invocations=159 (full 25):
[43.231s][debug  ][gc,heap        ] GC(158)  PSYoungGen      total 230912K, used 229107K [0x00000000f0000000, 0x0000000100000000, 0x0000000100000000)
[43.231s][debug  ][gc,heap        ] GC(158)   eden space 199680K, 99% used [0x00000000f0000000,0x00000000fc1bcc08,0x00000000fc300000)
[43.231s][debug  ][gc,heap        ] GC(158)   from space 31232K, 98% used [0x00000000fe180000,0x00000000fff80030,0x0000000100000000)
[43.231s][debug  ][gc,heap        ] GC(158)   to   space 31232K, 0% used [0x00000000fc300000,0x00000000fc300000,0x00000000fe180000)
[43.231s][debug  ][gc,heap        ] GC(158)  ParOldGen       total 1835008K, used 1332836K [0x0000000080000000, 0x00000000f0000000, 0x00000000f0000000)
[43.231s][debug  ][gc,heap        ] GC(158)   object space 1835008K, 72% used [0x0000000080000000,0x00000000d15993f8,0x00000000f0000000)
[43.231s][debug  ][gc,heap        ] GC(158)  Metaspace       used 1022K, committed 1216K, reserved 1056768K
[43.231s][debug  ][gc,heap        ] GC(158)   class space    used 83K, committed 192K, reserved 1048576K
[43.232s][debug  ][gc,tlab        ] GC(158) TLAB totals: thrds: 1  refills: 1 max: 1 slow allocs: 18 max 18 waste: 27.2% gc: 3918552B max: 3918552B slow: 0B max: 0B
[43.232s][info   ][gc,start       ] GC(158) Pause Young (Allocation Failure)
[43.232s][debug  ][gc,phases,start] GC(158) Scavenge
[43.247s][debug  ][gc,phases      ] GC(158) Scavenge 15.411ms
[43.247s][debug  ][gc,phases,start] GC(158) Reference Processing
[43.247s][debug  ][gc,ref         ] GC(158) Skipped phase 1 of Reference Processing: no references
[43.247s][debug  ][gc,ref         ] GC(158) Skipped phase 2 of Reference Processing: no references
[43.247s][debug  ][gc,ref         ] GC(158) Skipped phase 3 of Reference Processing: no references
[43.247s][debug  ][gc,ref         ] GC(158) Skipped phase 4 of Reference Processing: no references
[43.247s][debug  ][gc,phases,ref  ] GC(158) Reference Processing: 0.1ms
[43.247s][debug  ][gc,phases,ref  ] GC(158)   Reconsider SoftReferences: 0.0ms
[43.247s][debug  ][gc,phases,ref  ] GC(158)     SoftRef (ms):                  skipped
[43.247s][debug  ][gc,phases,ref  ] GC(158)   Notify Soft/WeakReferences: 0.0ms
[43.247s][debug  ][gc,phases,ref  ] GC(158)     SoftRef (ms):                  skipped
[43.247s][debug  ][gc,phases,ref  ] GC(158)     WeakRef (ms):                  skipped
[43.247s][debug  ][gc,phases,ref  ] GC(158)     FinalRef (ms):                 skipped
[43.247s][debug  ][gc,phases,ref  ] GC(158)     Total (ms):                    skipped
[43.247s][debug  ][gc,phases,ref  ] GC(158)   Notify and keep alive finalizable: 0.0ms
[43.247s][debug  ][gc,phases,ref  ] GC(158)     FinalRef (ms):                 skipped
[43.247s][debug  ][gc,phases,ref  ] GC(158)   Notify PhantomReferences: 0.0ms
[43.247s][debug  ][gc,phases,ref  ] GC(158)     PhantomRef (ms):               skipped
[43.247s][debug  ][gc,phases,ref  ] GC(158)   SoftReference:
[43.248s][debug  ][gc,phases,ref  ] GC(158)     Discovered: 0
[43.248s][debug  ][gc,phases,ref  ] GC(158)     Cleared: 0
[43.248s][debug  ][gc,phases,ref  ] GC(158)   WeakReference:
[43.248s][debug  ][gc,phases,ref  ] GC(158)     Discovered: 0
[43.248s][debug  ][gc,phases,ref  ] GC(158)     Cleared: 0
[43.248s][debug  ][gc,phases,ref  ] GC(158)   FinalReference:
[43.248s][debug  ][gc,phases,ref  ] GC(158)     Discovered: 0
[43.248s][debug  ][gc,phases,ref  ] GC(158)     Cleared: 0
[43.248s][debug  ][gc,phases,ref  ] GC(158)   PhantomReference:
[43.248s][debug  ][gc,phases,ref  ] GC(158)     Discovered: 0
[43.248s][debug  ][gc,phases,ref  ] GC(158)     Cleared: 0
[43.248s][debug  ][gc,phases      ] GC(158) Reference Processing 0.627ms
[43.248s][debug  ][gc,phases,start] GC(158) Weak Processing
[43.248s][debug  ][gc,phases      ] GC(158)   VM Weak                        Min:  0.0, Avg:  0.0, Max:  0.0, Diff:  0.0, Sum:  0.0, Workers: 6
[43.248s][debug  ][gc,phases      ] GC(158)     Dead                           Min: 0, Avg:  0.0, Max: 0, Diff: 0, Sum: 0, Workers: 6
[43.248s][debug  ][gc,phases      ] GC(158)     Total                          Min: 0, Avg:  1.3, Max: 8, Diff: 8, Sum: 8, Workers: 6
[43.248s][debug  ][gc,phases      ] GC(158)   ObjectSynchronizer Weak        Min:  0.0, Avg:  0.0, Max:  0.0, Diff:  0.0, Sum:  0.0, Workers: 6
[43.248s][debug  ][gc,phases      ] GC(158)     Dead                           Min: 0, Avg:  0.0, Max: 0, Diff: 0, Sum: 0, Workers: 6
[43.248s][debug  ][gc,phases      ] GC(158)     Total                          Min: 0, Avg:  0.5, Max: 3, Diff: 3, Sum: 3, Workers: 6
[43.248s][debug  ][gc,phases      ] GC(158)   JVMTI Tag Weak OopStorage      Min:  0.0, Avg:  0.0, Max:  0.0, Diff:  0.0, Sum:  0.0, Workers: 6
[43.248s][debug  ][gc,phases      ] GC(158)     Dead                           Min: 0, Avg:  0.0, Max: 0, Diff: 0, Sum: 0, Workers: 6
[43.248s][debug  ][gc,phases      ] GC(158)     Total                          Min: 0, Avg:  0.0, Max: 0, Diff: 0, Sum: 0, Workers: 6
[43.248s][debug  ][gc,phases      ] GC(158)   StringTable Weak               Min:  0.0, Avg:  0.0, Max:  0.0, Diff:  0.0, Sum:  0.0, Workers: 6
[43.248s][debug  ][gc,phases      ] GC(158)     Dead                           Min: 0, Avg:  0.0, Max: 0, Diff: 0, Sum: 0, Workers: 6
[43.248s][debug  ][gc,phases      ] GC(158)     Total                          Min: 639, Avg: 892.3, Max: 1152, Diff: 513, Sum: 5354, Workers: 6
[43.248s][debug  ][gc,phases      ] GC(158)   ResolvedMethodTable Weak       Min:  0.0, Avg:  0.0, Max:  0.0, Diff:  0.0, Sum:  0.0, Workers: 6
[43.248s][debug  ][gc,phases      ] GC(158)     Dead                           Min: 0, Avg:  0.0, Max: 0, Diff: 0, Sum: 0, Workers: 6
[43.248s][debug  ][gc,phases      ] GC(158)     Total                          Min: 0, Avg: 21.7, Max: 64, Diff: 64, Sum: 130, Workers: 6
[43.248s][debug  ][gc,phases      ] GC(158)   JNI Weak                       Min:  0.0, Avg:  0.0, Max:  0.0, Diff:  0.0, Sum:  0.0, Workers: 6
[43.248s][debug  ][gc,phases      ] GC(158)     Dead                           Min: 0, Avg:  0.0, Max: 0, Diff: 0, Sum: 0, Workers: 6
[43.248s][debug  ][gc,phases      ] GC(158)     Total                          Min: 0, Avg:  0.0, Max: 0, Diff: 0, Sum: 0, Workers: 6
[43.248s][debug  ][gc,phases      ] GC(158)   StringDedup Table Weak         Min:  0.0, Avg:  0.0, Max:  0.0, Diff:  0.0, Sum:  0.0, Workers: 6
[43.248s][debug  ][gc,phases      ] GC(158)     Dead                           Min: 0, Avg:  0.0, Max: 0, Diff: 0, Sum: 0, Workers: 6
[43.248s][debug  ][gc,phases      ] GC(158)     Total                          Min: 0, Avg:  0.0, Max: 0, Diff: 0, Sum: 0, Workers: 6
[43.248s][debug  ][gc,phases      ] GC(158)   StringDedup Requests0 Weak     Min:  0.0, Avg:  0.0, Max:  0.0, Diff:  0.0, Sum:  0.0, Workers: 6
[43.248s][debug  ][gc,phases      ] GC(158)     Dead                           Min: 0, Avg:  0.0, Max: 0, Diff: 0, Sum: 0, Workers: 6
[43.248s][debug  ][gc,phases      ] GC(158)     Total                          Min: 0, Avg:  0.0, Max: 0, Diff: 0, Sum: 0, Workers: 6
[43.248s][debug  ][gc,phases      ] GC(158)   StringDedup Requests1 Weak     Min:  0.0, Avg:  0.0, Max:  0.0, Diff:  0.0, Sum:  0.0, Workers: 6
[43.248s][debug  ][gc,phases      ] GC(158)     Dead                           Min: 0, Avg:  0.0, Max: 0, Diff: 0, Sum: 0, Workers: 6
[43.248s][debug  ][gc,phases      ] GC(158)     Total                          Min: 0, Avg:  0.0, Max: 0, Diff: 0, Sum: 0, Workers: 6
[43.248s][debug  ][gc,phases      ] GC(158)   Weak JFR Old Object Samples    Min:  0.0, Avg:  0.0, Max:  0.0, Diff:  0.0, Sum:  0.0, Workers: 6
[43.248s][debug  ][gc,phases      ] GC(158)     Dead                           Min: 0, Avg:  0.0, Max: 0, Diff: 0, Sum: 0, Workers: 6
[43.248s][debug  ][gc,phases      ] GC(158)     Total                          Min: 0, Avg:  0.0, Max: 0, Diff: 0, Sum: 0, Workers: 6
[43.248s][debug  ][gc,phases      ] GC(158) Weak Processing 0.672ms
[43.248s][debug  ][gc,ergo        ] GC(158) AdaptiveSizeStart:  collection: 159 
[43.248s][debug  ][gc,ergo        ] GC(158) avg_survived_padded_avg: 31606552.000000
[43.248s][debug  ][gc,ergo        ] GC(158) avg_promoted_padded_avg: 272543936.000000  avg_pretenured_padded_avg: 0.000000  tenuring_thresh: 15  target_size: 31981568
[43.249s][debug  ][gc,age         ] GC(158) Desired survivor size 31981568 bytes, new threshold 15 (max threshold 15)
[43.249s][debug  ][gc,ergo        ] GC(158) PSAdaptiveSizePolicy::compute_eden_space_size limits: desired_eden_size: 223746114 old_eden_size: 204472320 eden_limit: 204472320 cur_eden: 204472320 max_eden_size: 204472320 avg_young_live: 27215738
[43.249s][debug  ][gc,ergo        ] GC(158) PSAdaptiveSizePolicy::compute_eden_space_size: costs minor_time: 0.049039 major_cost: 0.055010 mutator_cost: 0.895951 throughput_goal: 0.990000
[43.249s][debug  ][gc,ergo        ] GC(158) Live_space: 1078730496 free_space: 1431306240
[43.249s][debug  ][gc,ergo        ] GC(158) Old eden_size: 204472320 desired_eden_size: 204472320
[43.249s][debug  ][gc,ergo        ] GC(158) AdaptiveSizeStop: collection: 159 
[43.249s][info   ][gc,heap        ] GC(158) PSYoungGen: 229107K(230912K)->30720K(230912K) Eden: 198387K(199680K)->0K(199680K) From: 30720K(31232K)->30720K(31232K)
[43.249s][info   ][gc,heap        ] GC(158) ParOldGen: 1332836K(1835008K)->1527397K(1835008K)
[43.249s][info   ][gc,metaspace   ] GC(158) Metaspace: 1022K(1216K)->1022K(1216K) NonClass: 939K(1024K)->939K(1024K) Class: 83K(192K)->83K(192K)
[43.249s][info   ][gc             ] GC(158) Pause Young (Allocation Failure) 1525M->1521M(2017M) 17.137ms
[43.249s][info   ][gc,cpu         ] GC(158) User=0.16s Sys=0.00s Real=0.02s
[43.249s][debug  ][gc,heap        ] GC(158) Heap after GC invocations=159 (full 25):
[43.249s][debug  ][gc,heap        ] GC(158)  PSYoungGen      total 230912K, used 30720K [0x00000000f0000000, 0x0000000100000000, 0x0000000100000000)
[43.249s][debug  ][gc,heap        ] GC(158)   eden space 199680K, 0% used [0x00000000f0000000,0x00000000f0000000,0x00000000fc300000)
[43.249s][debug  ][gc,heap        ] GC(158)   from space 31232K, 98% used [0x00000000fc300000,0x00000000fe100030,0x00000000fe180000)
[43.249s][debug  ][gc,heap        ] GC(158)   to   space 31232K, 0% used [0x00000000fe180000,0x00000000fe180000,0x0000000100000000)
[43.249s][debug  ][gc,heap        ] GC(158)  ParOldGen       total 1835008K, used 1527397K [0x0000000080000000, 0x00000000f0000000, 0x00000000f0000000)
[43.249s][debug  ][gc,heap        ] GC(158)   object space 1835008K, 83% used [0x0000000080000000,0x00000000dd399528,0x00000000f0000000)
[43.249s][debug  ][gc,heap        ] GC(158)  Metaspace       used 1022K, committed 1216K, reserved 1056768K
[43.249s][debug  ][gc,heap        ] GC(158)   class space    used 83K, committed 192K, reserved 1048576K
[43.249s][debug  ][gc,task,time   ] GC(158) VM-Thread 432312073 432470974 432489412
[43.549s][debug  ][gc,heap        ] GC(159) Heap before GC invocations=160 (full 25):
[43.549s][debug  ][gc,heap        ] GC(159)  PSYoungGen      total 230912K, used 229138K [0x00000000f0000000, 0x0000000100000000, 0x0000000100000000)
[43.549s][debug  ][gc,heap        ] GC(159)   eden space 199680K, 99% used [0x00000000f0000000,0x00000000fc1c49d8,0x00000000fc300000)
[43.549s][debug  ][gc,heap        ] GC(159)   from space 31232K, 98% used [0x00000000fc300000,0x00000000fe100030,0x00000000fe180000)
[43.549s][debug  ][gc,heap        ] GC(159)   to   space 31232K, 0% used [0x00000000fe180000,0x00000000fe180000,0x0000000100000000)
[43.549s][debug  ][gc,heap        ] GC(159)  ParOldGen       total 1835008K, used 1527397K [0x0000000080000000, 0x00000000f0000000, 0x00000000f0000000)
[43.549s][debug  ][gc,heap        ] GC(159)   object space 1835008K, 83% used [0x0000000080000000,0x00000000dd399528,0x00000000f0000000)
[43.549s][debug  ][gc,heap        ] GC(159)  Metaspace       used 1022K, committed 1216K, reserved 1056768K
[43.549s][debug  ][gc,heap        ] GC(159)   class space    used 83K, committed 192K, reserved 1048576K
[43.549s][debug  ][gc,tlab        ] GC(159) TLAB totals: thrds: 1  refills: 1 max: 1 slow allocs: 18 max 18 waste: 27.4% gc: 3950760B max: 3950760B slow: 0B max: 0B
[43.549s][info   ][gc,start       ] GC(159) Pause Young (Allocation Failure)
[43.549s][debug  ][gc,phases,start] GC(159) Scavenge
[43.565s][debug  ][gc,phases      ] GC(159) Scavenge 15.939ms
[43.565s][debug  ][gc,phases,start] GC(159) Reference Processing
[43.565s][debug  ][gc,ref         ] GC(159) Skipped phase 1 of Reference Processing: no references
[43.565s][debug  ][gc,ref         ] GC(159) Skipped phase 2 of Reference Processing: no references
[43.565s][debug  ][gc,ref         ] GC(159) Skipped phase 3 of Reference Processing: no references
[43.565s][debug  ][gc,ref         ] GC(159) Skipped phase 4 of Reference Processing: no references
[43.565s][debug  ][gc,phases,ref  ] GC(159) Reference Processing: 0.1ms
[43.565s][debug  ][gc,phases,ref  ] GC(159)   Reconsider SoftReferences: 0.0ms
[43.565s][debug  ][gc,phases,ref  ] GC(159)     SoftRef (ms):                  skipped
[43.565s][debug  ][gc,phases,ref  ] GC(159)   Notify Soft/WeakReferences: 0.0ms
[43.565s][debug  ][gc,phases,ref  ] GC(159)     SoftRef (ms):                  skipped
[43.565s][debug  ][gc,phases,ref  ] GC(159)     WeakRef (ms):                  skipped
[43.565s][debug  ][gc,phases,ref  ] GC(159)     FinalRef (ms):                 skipped
[43.565s][debug  ][gc,phases,ref  ] GC(159)     Total (ms):                    skipped
[43.565s][debug  ][gc,phases,ref  ] GC(159)   Notify and keep alive finalizable: 0.0ms
[43.565s][debug  ][gc,phases,ref  ] GC(159)     FinalRef (ms):                 skipped
[43.565s][debug  ][gc,phases,ref  ] GC(159)   Notify PhantomReferences: 0.0ms
[43.565s][debug  ][gc,phases,ref  ] GC(159)     PhantomRef (ms):               skipped
[43.565s][debug  ][gc,phases,ref  ] GC(159)   SoftReference:
[43.565s][debug  ][gc,phases,ref  ] GC(159)     Discovered: 0
[43.565s][debug  ][gc,phases,ref  ] GC(159)     Cleared: 0
[43.565s][debug  ][gc,phases,ref  ] GC(159)   WeakReference:
[43.565s][debug  ][gc,phases,ref  ] GC(159)     Discovered: 0
[43.565s][debug  ][gc,phases,ref  ] GC(159)     Cleared: 0
[43.565s][debug  ][gc,phases,ref  ] GC(159)   FinalReference:
[43.566s][debug  ][gc,phases,ref  ] GC(159)     Discovered: 0
[43.566s][debug  ][gc,phases,ref  ] GC(159)     Cleared: 0
[43.566s][debug  ][gc,phases,ref  ] GC(159)   PhantomReference:
[43.566s][debug  ][gc,phases,ref  ] GC(159)     Discovered: 0
[43.566s][debug  ][gc,phases,ref  ] GC(159)     Cleared: 0
[43.566s][debug  ][gc,phases      ] GC(159) Reference Processing 0.605ms
[43.566s][debug  ][gc,phases,start] GC(159) Weak Processing
[43.566s][debug  ][gc,phases      ] GC(159)   VM Weak                        Min:  0.0, Avg:  0.0, Max:  0.0, Diff:  0.0, Sum:  0.0, Workers: 6
[43.566s][debug  ][gc,phases      ] GC(159)     Dead                           Min: 0, Avg:  0.0, Max: 0, Diff: 0, Sum: 0, Workers: 6
[43.566s][debug  ][gc,phases      ] GC(159)     Total                          Min: 0, Avg:  1.3, Max: 8, Diff: 8, Sum: 8, Workers: 6
[43.566s][debug  ][gc,phases      ] GC(159)   ObjectSynchronizer Weak        Min:  0.0, Avg:  0.0, Max:  0.0, Diff:  0.0, Sum:  0.0, Workers: 6
[43.566s][debug  ][gc,phases      ] GC(159)     Dead                           Min: 0, Avg:  0.0, Max: 0, Diff: 0, Sum: 0, Workers: 6
[43.566s][debug  ][gc,phases      ] GC(159)     Total                          Min: 0, Avg:  0.5, Max: 3, Diff: 3, Sum: 3, Workers: 6
[43.566s][debug  ][gc,phases      ] GC(159)   JVMTI Tag Weak OopStorage      Min:  0.0, Avg:  0.0, Max:  0.0, Diff:  0.0, Sum:  0.0, Workers: 6
[43.566s][debug  ][gc,phases      ] GC(159)     Dead                           Min: 0, Avg:  0.0, Max: 0, Diff: 0, Sum: 0, Workers: 6
[43.566s][debug  ][gc,phases      ] GC(159)     Total                          Min: 0, Avg:  0.0, Max: 0, Diff: 0, Sum: 0, Workers: 6
[43.566s][debug  ][gc,phases      ] GC(159)   StringTable Weak               Min:  0.0, Avg:  0.0, Max:  0.0, Diff:  0.0, Sum:  0.0, Workers: 6
[43.566s][debug  ][gc,phases      ] GC(159)     Dead                           Min: 0, Avg:  0.0, Max: 0, Diff: 0, Sum: 0, Workers: 6
[43.566s][debug  ][gc,phases      ] GC(159)     Total                          Min: 767, Avg: 892.3, Max: 1088, Diff: 321, Sum: 5354, Workers: 6
[43.566s][debug  ][gc,phases      ] GC(159)   ResolvedMethodTable Weak       Min:  0.0, Avg:  0.0, Max:  0.0, Diff:  0.0, Sum:  0.0, Workers: 6
[43.566s][debug  ][gc,phases      ] GC(159)     Dead                           Min: 0, Avg:  0.0, Max: 0, Diff: 0, Sum: 0, Workers: 6
[43.566s][debug  ][gc,phases      ] GC(159)     Total                          Min: 0, Avg: 21.7, Max: 64, Diff: 64, Sum: 130, Workers: 6
[43.566s][debug  ][gc,phases      ] GC(159)   JNI Weak                       Min:  0.0, Avg:  0.0, Max:  0.0, Diff:  0.0, Sum:  0.0, Workers: 6
[43.566s][debug  ][gc,phases      ] GC(159)     Dead                           Min: 0, Avg:  0.0, Max: 0, Diff: 0, Sum: 0, Workers: 6
[43.566s][debug  ][gc,phases      ] GC(159)     Total                          Min: 0, Avg:  0.0, Max: 0, Diff: 0, Sum: 0, Workers: 6
[43.566s][debug  ][gc,phases      ] GC(159)   StringDedup Table Weak         Min:  0.0, Avg:  0.0, Max:  0.0, Diff:  0.0, Sum:  0.0, Workers: 6
[43.566s][debug  ][gc,phases      ] GC(159)     Dead                           Min: 0, Avg:  0.0, Max: 0, Diff: 0, Sum: 0, Workers: 6
[43.566s][debug  ][gc,phases      ] GC(159)     Total                          Min: 0, Avg:  0.0, Max: 0, Diff: 0, Sum: 0, Workers: 6
[43.566s][debug  ][gc,phases      ] GC(159)   StringDedup Requests0 Weak     Min:  0.0, Avg:  0.0, Max:  0.0, Diff:  0.0, Sum:  0.0, Workers: 6
[43.566s][debug  ][gc,phases      ] GC(159)     Dead                           Min: 0, Avg:  0.0, Max: 0, Diff: 0, Sum: 0, Workers: 6
[43.566s][debug  ][gc,phases      ] GC(159)     Total                          Min: 0, Avg:  0.0, Max: 0, Diff: 0, Sum: 0, Workers: 6
[43.566s][debug  ][gc,phases      ] GC(159)   StringDedup Requests1 Weak     Min:  0.0, Avg:  0.0, Max:  0.0, Diff:  0.0, Sum:  0.0, Workers: 6
[43.566s][debug  ][gc,phases      ] GC(159)     Dead                           Min: 0, Avg:  0.0, Max: 0, Diff: 0, Sum: 0, Workers: 6
[43.566s][debug  ][gc,phases      ] GC(159)     Total                          Min: 0, Avg:  0.0, Max: 0, Diff: 0, Sum: 0, Workers: 6
[43.566s][debug  ][gc,phases      ] GC(159)   Weak JFR Old Object Samples    Min:  0.0, Avg:  0.0, Max:  0.0, Diff:  0.0, Sum:  0.0, Workers: 6
[43.566s][debug  ][gc,phases      ] GC(159)     Dead                           Min: 0, Avg:  0.0, Max: 0, Diff: 0, Sum: 0, Workers: 6
[43.566s][debug  ][gc,phases      ] GC(159)     Total                          Min: 0, Avg:  0.0, Max: 0, Diff: 0, Sum: 0, Workers: 6
[43.566s][debug  ][gc,phases      ] GC(159) Weak Processing 0.680ms
[43.566s][debug  ][gc,ergo        ] GC(159) AdaptiveSizeStart:  collection: 160 
[43.566s][debug  ][gc,ergo        ] GC(159) avg_survived_padded_avg: 31593712.000000
[43.566s][debug  ][gc,ergo        ] GC(159) avg_promoted_padded_avg: 271701952.000000  avg_pretenured_padded_avg: 0.000000  tenuring_thresh: 15  target_size: 31981568
[43.566s][debug  ][gc,age         ] GC(159) Desired survivor size 31981568 bytes, new threshold 15 (max threshold 15)
[43.566s][debug  ][gc,ergo        ] GC(159) PSAdaptiveSizePolicy::compute_eden_space_size limits: desired_eden_size: 224029766 old_eden_size: 204472320 eden_limit: 204472320 cur_eden: 204472320 max_eden_size: 204472320 avg_young_live: 27639896
[43.566s][debug  ][gc,ergo        ] GC(159) PSAdaptiveSizePolicy::compute_eden_space_size: costs minor_time: 0.050422 major_cost: 0.055010 mutator_cost: 0.894568 throughput_goal: 0.990000
[43.566s][debug  ][gc,ergo        ] GC(159) Live_space: 1079154560 free_space: 1431306240
[43.566s][debug  ][gc,ergo        ] GC(159) Old eden_size: 204472320 desired_eden_size: 204472320
[43.566s][debug  ][gc,ergo        ] GC(159) AdaptiveSizeStop: collection: 160 
[43.567s][info   ][gc,heap        ] GC(159) PSYoungGen: 229138K(230912K)->30720K(230912K) Eden: 198418K(199680K)->0K(199680K) From: 30720K(31232K)->30720K(31232K)
[43.567s][info   ][gc,heap        ] GC(159) ParOldGen: 1527397K(1835008K)->1721957K(1835008K)
[43.567s][info   ][gc,metaspace   ] GC(159) Metaspace: 1022K(1216K)->1022K(1216K) NonClass: 939K(1024K)->939K(1024K) Class: 83K(192K)->83K(192K)
[43.567s][info   ][gc             ] GC(159) Pause Young (Allocation Failure) 1715M->1711M(2017M) 17.666ms
[43.567s][info   ][gc,cpu         ] GC(159) User=0.09s Sys=0.00s Real=0.02s
[43.567s][debug  ][gc,heap        ] GC(159) Heap after GC invocations=160 (full 25):
[43.567s][debug  ][gc,heap        ] GC(159)  PSYoungGen      total 230912K, used 30720K [0x00000000f0000000, 0x0000000100000000, 0x0000000100000000)
[43.567s][debug  ][gc,heap        ] GC(159)   eden space 199680K, 0% used [0x00000000f0000000,0x00000000f0000000,0x00000000fc300000)
[43.567s][debug  ][gc,heap        ] GC(159)   from space 31232K, 98% used [0x00000000fe180000,0x00000000fff80030,0x0000000100000000)
[43.567s][debug  ][gc,heap        ] GC(159)   to   space 31232K, 0% used [0x00000000fc300000,0x00000000fc300000,0x00000000fe180000)
[43.567s][debug  ][gc,heap        ] GC(159)  ParOldGen       total 1835008K, used 1721957K [0x0000000080000000, 0x00000000f0000000, 0x00000000f0000000)
[43.567s][debug  ][gc,heap        ] GC(159)   object space 1835008K, 93% used [0x0000000080000000,0x00000000e9199658,0x00000000f0000000)
[43.567s][debug  ][gc,heap        ] GC(159)  Metaspace       used 1022K, committed 1216K, reserved 1056768K
[43.567s][debug  ][gc,heap        ] GC(159)   class space    used 83K, committed 192K, reserved 1048576K
[43.567s][debug  ][gc,task,time   ] GC(159) VM-Thread 435485836 435650074 435668349
[43.567s][debug  ][gc,phases,start] GC(160) Pre Compact
[43.567s][debug  ][gc,heap        ] GC(160) Heap before GC invocations=161 (full 26):
[43.567s][debug  ][gc,heap        ] GC(160)  PSYoungGen      total 230912K, used 30720K [0x00000000f0000000, 0x0000000100000000, 0x0000000100000000)
[43.567s][debug  ][gc,heap        ] GC(160)   eden space 199680K, 0% used [0x00000000f0000000,0x00000000f0000000,0x00000000fc300000)
[43.567s][debug  ][gc,heap        ] GC(160)   from space 31232K, 98% used [0x00000000fe180000,0x00000000fff80030,0x0000000100000000)
[43.567s][debug  ][gc,heap        ] GC(160)   to   space 31232K, 0% used [0x00000000fc300000,0x00000000fc300000,0x00000000fe180000)
[43.567s][debug  ][gc,heap        ] GC(160)  ParOldGen       total 1835008K, used 1721957K [0x0000000080000000, 0x00000000f0000000, 0x00000000f0000000)
[43.567s][debug  ][gc,heap        ] GC(160)   object space 1835008K, 93% used [0x0000000080000000,0x00000000e9199658,0x00000000f0000000)
[43.567s][debug  ][gc,heap        ] GC(160)  Metaspace       used 1022K, committed 1216K, reserved 1056768K
[43.567s][debug  ][gc,heap        ] GC(160)   class space    used 83K, committed 192K, reserved 1048576K
[43.567s][debug  ][gc,phases      ] GC(160) Pre Compact 0.200ms
[43.567s][info   ][gc,start       ] GC(160) Pause Full (Ergonomics)
[43.567s][info   ][gc,phases,start] GC(160) Marking Phase
[43.567s][debug  ][gc,phases,start] GC(160) Par Mark
[43.568s][debug  ][gc,phases      ] GC(160) Par Mark 0.485ms
[43.568s][debug  ][gc,phases,start] GC(160) Reference Processing
[43.568s][debug  ][gc,ref         ] GC(160) Skipped phase 1 of Reference Processing: no references
[43.568s][debug  ][gc,ref         ] GC(160) ReferenceProcessor::execute queues: 1, RefProcThreadModel::Single, marks_oops_alive: false
[43.568s][debug  ][gc,ref         ] GC(160) Skipped phase 3 of Reference Processing: no references
[43.568s][debug  ][gc,ref         ] GC(160) ReferenceProcessor::execute queues: 1, RefProcThreadModel::Single, marks_oops_alive: false
[43.568s][debug  ][gc,phases,ref  ] GC(160) Reference Processing: 0.1ms
[43.568s][debug  ][gc,phases,ref  ] GC(160)   Reconsider SoftReferences: 0.0ms
[43.568s][debug  ][gc,phases,ref  ] GC(160)     SoftRef (ms):                  skipped
[43.568s][debug  ][gc,phases,ref  ] GC(160)   Notify Soft/WeakReferences: 0.0ms
[43.568s][debug  ][gc,phases,ref  ] GC(160)     SoftRef (ms):                  Min:  0.0, Avg:  0.0, Max:  0.0, Diff:  0.0, Sum:  0.0, Workers: 12
[43.568s][debug  ][gc,phases,ref  ] GC(160)     WeakRef (ms):                  Min:  0.0, Avg:  0.0, Max:  0.0, Diff:  0.0, Sum:  0.0, Workers: 12
[43.568s][debug  ][gc,phases,ref  ] GC(160)     FinalRef (ms):                 Min:  0.0, Avg:  0.0, Max:  0.0, Diff:  0.0, Sum:  0.0, Workers: 12
[43.568s][debug  ][gc,phases,ref  ] GC(160)     Total (ms):                    Min:  0.0, Avg:  0.0, Max:  0.0, Diff:  0.0, Sum:  0.0, Workers: 12
[43.568s][debug  ][gc,phases,ref  ] GC(160)   Notify and keep alive finalizable: 0.0ms
[43.568s][debug  ][gc,phases,ref  ] GC(160)     FinalRef (ms):                 skipped
[43.568s][debug  ][gc,phases,ref  ] GC(160)   Notify PhantomReferences: 0.0ms
[43.568s][debug  ][gc,phases,ref  ] GC(160)     PhantomRef (ms):               Min:  0.0, Avg:  0.0, Max:  0.0, Diff:  0.0, Sum:  0.0, Workers: 12
[43.568s][debug  ][gc,phases,ref  ] GC(160)   SoftReference:
[43.568s][debug  ][gc,phases,ref  ] GC(160)     Discovered: 0
[43.568s][debug  ][gc,phases,ref  ] GC(160)     Cleared: 0
[43.568s][debug  ][gc,phases,ref  ] GC(160)   WeakReference:
[43.568s][debug  ][gc,phases,ref  ] GC(160)     Discovered: 43
[43.568s][debug  ][gc,phases,ref  ] GC(160)     Cleared: 43
[43.568s][debug  ][gc,phases,ref  ] GC(160)   FinalReference:
[43.568s][debug  ][gc,phases,ref  ] GC(160)     Discovered: 0
[43.568s][debug  ][gc,phases,ref  ] GC(160)     Cleared: 0
[43.568s][debug  ][gc,phases,ref  ] GC(160)   PhantomReference:
[43.568s][debug  ][gc,phases,ref  ] GC(160)     Discovered: 3
[43.568s][debug  ][gc,phases,ref  ] GC(160)     Cleared: 3
[43.568s][debug  ][gc,phases      ] GC(160) Reference Processing 0.632ms
[43.568s][debug  ][gc,phases,start] GC(160) Weak Processing
[43.568s][debug  ][gc,phases      ] GC(160)   VM Weak                        Min:  0.0, Avg:  0.0, Max:  0.0, Diff:  0.0, Sum:  0.0, Workers: 6
[43.568s][debug  ][gc,phases      ] GC(160)     Dead                           Min: 0, Avg:  0.0, Max: 0, Diff: 0, Sum: 0, Workers: 6
[43.568s][debug  ][gc,phases      ] GC(160)     Total                          Min: 0, Avg:  1.3, Max: 8, Diff: 8, Sum: 8, Workers: 6
[43.568s][debug  ][gc,phases      ] GC(160)   ObjectSynchronizer Weak        Min:  0.0, Avg:  0.0, Max:  0.0, Diff:  0.0, Sum:  0.0, Workers: 6
[43.568s][debug  ][gc,phases      ] GC(160)     Dead                           Min: 0, Avg:  0.0, Max: 0, Diff: 0, Sum: 0, Workers: 6
[43.568s][debug  ][gc,phases      ] GC(160)     Total                          Min: 0, Avg:  0.5, Max: 3, Diff: 3, Sum: 3, Workers: 6
[43.568s][debug  ][gc,phases      ] GC(160)   JVMTI Tag Weak OopStorage      Min:  0.0, Avg:  0.0, Max:  0.0, Diff:  0.0, Sum:  0.0, Workers: 6
[43.569s][debug  ][gc,phases      ] GC(160)     Dead                           Min: 0, Avg:  0.0, Max: 0, Diff: 0, Sum: 0, Workers: 6
[43.569s][debug  ][gc,phases      ] GC(160)     Total                          Min: 0, Avg:  0.0, Max: 0, Diff: 0, Sum: 0, Workers: 6
[43.569s][debug  ][gc,phases      ] GC(160)   StringTable Weak               Min:  0.0, Avg:  0.0, Max:  0.0, Diff:  0.0, Sum:  0.0, Workers: 6
[43.569s][debug  ][gc,phases      ] GC(160)     Dead                           Min: 0, Avg:  0.0, Max: 0, Diff: 0, Sum: 0, Workers: 6
[43.569s][debug  ][gc,phases      ] GC(160)     Total                          Min: 639, Avg: 892.3, Max: 1152, Diff: 513, Sum: 5354, Workers: 6
[43.569s][debug  ][gc,phases      ] GC(160)   ResolvedMethodTable Weak       Min:  0.0, Avg:  0.0, Max:  0.0, Diff:  0.0, Sum:  0.0, Workers: 6
[43.569s][debug  ][gc,phases      ] GC(160)     Dead                           Min: 0, Avg:  0.0, Max: 0, Diff: 0, Sum: 0, Workers: 6
[43.569s][debug  ][gc,phases      ] GC(160)     Total                          Min: 0, Avg: 21.7, Max: 64, Diff: 64, Sum: 130, Workers: 6
[43.569s][debug  ][gc,phases      ] GC(160)   JNI Weak                       Min:  0.0, Avg:  0.0, Max:  0.0, Diff:  0.0, Sum:  0.0, Workers: 6
[43.569s][debug  ][gc,phases      ] GC(160)     Dead                           Min: 0, Avg:  0.0, Max: 0, Diff: 0, Sum: 0, Workers: 6
[43.569s][debug  ][gc,phases      ] GC(160)     Total                          Min: 0, Avg:  0.0, Max: 0, Diff: 0, Sum: 0, Workers: 6
[43.569s][debug  ][gc,phases      ] GC(160)   StringDedup Table Weak         Min:  0.0, Avg:  0.0, Max:  0.0, Diff:  0.0, Sum:  0.0, Workers: 6
[43.569s][debug  ][gc,phases      ] GC(160)     Dead                           Min: 0, Avg:  0.0, Max: 0, Diff: 0, Sum: 0, Workers: 6
[43.569s][debug  ][gc,phases      ] GC(160)     Total                          Min: 0, Avg:  0.0, Max: 0, Diff: 0, Sum: 0, Workers: 6
[43.569s][debug  ][gc,phases      ] GC(160)   StringDedup Requests0 Weak     Min:  0.0, Avg:  0.0, Max:  0.0, Diff:  0.0, Sum:  0.0, Workers: 6
[43.569s][debug  ][gc,phases      ] GC(160)     Dead                           Min: 0, Avg:  0.0, Max: 0, Diff: 0, Sum: 0, Workers: 6
[43.569s][debug  ][gc,phases      ] GC(160)     Total                          Min: 0, Avg:  0.0, Max: 0, Diff: 0, Sum: 0, Workers: 6
[43.569s][debug  ][gc,phases      ] GC(160)   StringDedup Requests1 Weak     Min:  0.0, Avg:  0.0, Max:  0.0, Diff:  0.0, Sum:  0.0, Workers: 6
[43.569s][debug  ][gc,phases      ] GC(160)     Dead                           Min: 0, Avg:  0.0, Max: 0, Diff: 0, Sum: 0, Workers: 6
[43.569s][debug  ][gc,phases      ] GC(160)     Total                          Min: 0, Avg:  0.0, Max: 0, Diff: 0, Sum: 0, Workers: 6
[43.569s][debug  ][gc,phases      ] GC(160)   Weak JFR Old Object Samples    Min:  0.0, Avg:  0.0, Max:  0.0, Diff:  0.0, Sum:  0.0, Workers: 6
[43.569s][debug  ][gc,phases      ] GC(160)     Dead                           Min: 0, Avg:  0.0, Max: 0, Diff: 0, Sum: 0, Workers: 6
[43.569s][debug  ][gc,phases      ] GC(160)     Total                          Min: 0, Avg:  0.0, Max: 0, Diff: 0, Sum: 0, Workers: 6
[43.569s][debug  ][gc,phases      ] GC(160) Weak Processing 0.658ms
[43.569s][debug  ][gc,phases,start] GC(160) Class Unloading
[43.569s][debug  ][gc,phases,start] GC(160) ClassLoaderData
[43.569s][debug  ][gc,phases      ] GC(160) ClassLoaderData 0.019ms
[43.569s][debug  ][gc,phases,start] GC(160) Trigger cleanups
[43.569s][debug  ][gc,phases      ] GC(160) Trigger cleanups 0.019ms
[43.569s][debug  ][gc,phases      ] GC(160) Class Unloading 0.253ms
[43.569s][info   ][gc,phases      ] GC(160) Marking Phase 2.152ms
[43.569s][info   ][gc,phases,start] GC(160) Summary Phase
[43.569s][info   ][gc,phases      ] GC(160) Summary Phase 0.037ms
[43.569s][info   ][gc,phases,start] GC(160) Adjust Roots
[43.569s][info   ][gc,phases      ] GC(160) Adjust Roots 0.140ms
[43.570s][info   ][gc,phases,start] GC(160) Compaction Phase
[43.653s][info   ][gc,phases      ] GC(160) Compaction Phase 83.192ms
[43.653s][info   ][gc,phases,start] GC(160) Post Compact
[43.659s][info   ][gc,phases      ] GC(160) Post Compact 6.197ms
[43.659s][debug  ][gc,ergo        ] GC(160) AdaptiveSizeStart: collection: 161 
[43.659s][debug  ][gc,ergo        ] GC(160) PSAdaptiveSizePolicy::compute_eden_space_size limits: desired_eden_size: 224038063 old_eden_size: 204472320 eden_limit: 204472320 cur_eden: 204472320 max_eden_size: 204472320 avg_young_live: 24875906
[43.659s][debug  ][gc,ergo        ] GC(160) PSAdaptiveSizePolicy::compute_eden_space_size: costs minor_time: 0.050422 major_cost: 0.054965 mutator_cost: 0.894613 throughput_goal: 0.990000
[43.659s][debug  ][gc,ergo        ] GC(160) Live_space: 1076390656 free_space: 1431306240
[43.659s][debug  ][gc,ergo        ] GC(160) Old eden_size: 204472320 desired_eden_size: 204472320
[43.659s][debug  ][gc,ergo        ] GC(160) PSAdaptiveSizePolicy::compute_old_gen_free_space limits: desired_promo_size: 1354806243 promo_limit: 1226833920 free_in_old_gen: 1095466240 max_old_gen_size: 1879048192 avg_old_live: 783582016
[43.659s][debug  ][gc,ergo        ] GC(160) PSAdaptiveSizePolicy::compute_old_gen_free_space: costs minor_time: 0.050422 major_cost: 0.054965  mutator_cost: 0.894613 throughput_goal: 0.990000
[43.659s][debug  ][gc,ergo        ] GC(160) Live_space: 1076893440 free_space: 1431306240
[43.659s][debug  ][gc,ergo        ] GC(160) Old promo_size: 1226833920 desired_promo_size: 1226833920
[43.659s][debug  ][gc,ergo        ] GC(160) AdaptiveSizeStop: collection: 161 
[43.660s][info   ][gc,heap        ] GC(160) PSYoungGen: 30720K(230912K)->0K(230912K) Eden: 0K(199680K)->0K(199680K) From: 30720K(31232K)->0K(31232K)
[43.660s][info   ][gc,heap        ] GC(160) ParOldGen: 1721957K(1835008K)->769636K(1835008K)
[43.660s][info   ][gc,metaspace   ] GC(160) Metaspace: 1022K(1216K)->1022K(1216K) NonClass: 939K(1024K)->939K(1024K) Class: 83K(192K)->83K(192K)
[43.660s][info   ][gc             ] GC(160) Pause Full (Ergonomics) 1711M->751M(2017M) 92.524ms
[43.660s][info   ][gc,cpu         ] GC(160) User=0.88s Sys=0.00s Real=0.09s
[43.660s][debug  ][gc,heap        ] GC(160) Heap after GC invocations=161 (full 26):
[43.660s][debug  ][gc,heap        ] GC(160)  PSYoungGen      total 230912K, used 0K [0x00000000f0000000, 0x0000000100000000, 0x0000000100000000)
[43.660s][debug  ][gc,heap        ] GC(160)   eden space 199680K, 0% used [0x00000000f0000000,0x00000000f0000000,0x00000000fc300000)
[43.660s][debug  ][gc,heap        ] GC(160)   from space 31232K, 0% used [0x00000000fc300000,0x00000000fc300000,0x00000000fe180000)
[43.660s][debug  ][gc,heap        ] GC(160)   to   space 31232K, 0% used [0x00000000fe180000,0x00000000fe180000,0x0000000100000000)
[43.660s][debug  ][gc,heap        ] GC(160)  ParOldGen       total 1835008K, used 769636K [0x0000000080000000, 0x00000000f0000000, 0x00000000f0000000)
[43.660s][debug  ][gc,heap        ] GC(160)   object space 1835008K, 41% used [0x0000000080000000,0x00000000aef99088,0x00000000f0000000)
[43.660s][debug  ][gc,heap        ] GC(160)  Metaspace       used 1022K, committed 1216K, reserved 1056768K
[43.660s][debug  ][gc,heap        ] GC(160)   class space    used 83K, committed 192K, reserved 1048576K
[43.660s][debug  ][gc,task,time   ] GC(160) VM-Thread 435671038 435695168 436596595
[43.958s][debug  ][gc,heap        ] GC(161) Heap before GC invocations=162 (full 26):
[43.958s][debug  ][gc,heap        ] GC(161)  PSYoungGen      total 230912K, used 198438K [0x00000000f0000000, 0x0000000100000000, 0x0000000100000000)
[43.958s][debug  ][gc,heap        ] GC(161)   eden space 199680K, 99% used [0x00000000f0000000,0x00000000fc1c9ab8,0x00000000fc300000)
[43.958s][debug  ][gc,heap        ] GC(161)   from space 31232K, 0% used [0x00000000fc300000,0x00000000fc300000,0x00000000fe180000)
[43.958s][debug  ][gc,heap        ] GC(161)   to   space 31232K, 0% used [0x00000000fe180000,0x00000000fe180000,0x0000000100000000)
[43.958s][debug  ][gc,heap        ] GC(161)  ParOldGen       total 1835008K, used 769636K [0x0000000080000000, 0x00000000f0000000, 0x00000000f0000000)
[43.958s][debug  ][gc,heap        ] GC(161)   object space 1835008K, 41% used [0x0000000080000000,0x00000000aef99088,0x00000000f0000000)
[43.958s][debug  ][gc,heap        ] GC(161)  Metaspace       used 1022K, committed 1216K, reserved 1056768K
[43.958s][debug  ][gc,heap        ] GC(161)   class space    used 83K, committed 192K, reserved 1048576K
[43.958s][debug  ][gc,tlab        ] GC(161) TLAB totals: thrds: 1  refills: 1 max: 1 slow allocs: 18 max 18 waste: 27.5% gc: 3971464B max: 3971464B slow: 0B max: 0B
[43.958s][info   ][gc,start       ] GC(161) Pause Young (Allocation Failure)
[43.958s][debug  ][gc,phases,start] GC(161) Scavenge
[43.971s][debug  ][gc,phases      ] GC(161) Scavenge 13.142ms
[43.971s][debug  ][gc,phases,start] GC(161) Reference Processing
[43.971s][debug  ][gc,ref         ] GC(161) Skipped phase 1 of Reference Processing: no references
[43.971s][debug  ][gc,ref         ] GC(161) Skipped phase 2 of Reference Processing: no references
[43.971s][debug  ][gc,ref         ] GC(161) Skipped phase 3 of Reference Processing: no references
[43.971s][debug  ][gc,ref         ] GC(161) Skipped phase 4 of Reference Processing: no references
[43.971s][debug  ][gc,phases,ref  ] GC(161) Reference Processing: 0.1ms
[43.971s][debug  ][gc,phases,ref  ] GC(161)   Reconsider SoftReferences: 0.0ms
[43.971s][debug  ][gc,phases,ref  ] GC(161)     SoftRef (ms):                  skipped
[43.971s][debug  ][gc,phases,ref  ] GC(161)   Notify Soft/WeakReferences: 0.0ms
[43.971s][debug  ][gc,phases,ref  ] GC(161)     SoftRef (ms):                  skipped
[43.971s][debug  ][gc,phases,ref  ] GC(161)     WeakRef (ms):                  skipped
[43.971s][debug  ][gc,phases,ref  ] GC(161)     FinalRef (ms):                 skipped
[43.971s][debug  ][gc,phases,ref  ] GC(161)     Total (ms):                    skipped
[43.972s][debug  ][gc,phases,ref  ] GC(161)   Notify and keep alive finalizable: 0.0ms
[43.972s][debug  ][gc,phases,ref  ] GC(161)     FinalRef (ms):                 skipped
[43.972s][debug  ][gc,phases,ref  ] GC(161)   Notify PhantomReferences: 0.0ms
[43.972s][debug  ][gc,phases,ref  ] GC(161)     PhantomRef (ms):               skipped
[43.972s][debug  ][gc,phases,ref  ] GC(161)   SoftReference:
[43.972s][debug  ][gc,phases,ref  ] GC(161)     Discovered: 0
[43.972s][debug  ][gc,phases,ref  ] GC(161)     Cleared: 0
[43.972s][debug  ][gc,phases,ref  ] GC(161)   WeakReference:
[43.972s][debug  ][gc,phases,ref  ] GC(161)     Discovered: 0
[43.972s][debug  ][gc,phases,ref  ] GC(161)     Cleared: 0
[43.972s][debug  ][gc,phases,ref  ] GC(161)   FinalReference:
[43.972s][debug  ][gc,phases,ref  ] GC(161)     Discovered: 0
[43.972s][debug  ][gc,phases,ref  ] GC(161)     Cleared: 0
[43.972s][debug  ][gc,phases,ref  ] GC(161)   PhantomReference:
[43.972s][debug  ][gc,phases,ref  ] GC(161)     Discovered: 0
[43.972s][debug  ][gc,phases,ref  ] GC(161)     Cleared: 0
[43.972s][debug  ][gc,phases      ] GC(161) Reference Processing 0.583ms
[43.972s][debug  ][gc,phases,start] GC(161) Weak Processing
[43.972s][debug  ][gc,phases      ] GC(161)   VM Weak                        Min:  0.0, Avg:  0.0, Max:  0.0, Diff:  0.0, Sum:  0.0, Workers: 6
[43.972s][debug  ][gc,phases      ] GC(161)     Dead                           Min: 0, Avg:  0.0, Max: 0, Diff: 0, Sum: 0, Workers: 6
[43.972s][debug  ][gc,phases      ] GC(161)     Total                          Min: 0, Avg:  1.3, Max: 8, Diff: 8, Sum: 8, Workers: 6
[43.972s][debug  ][gc,phases      ] GC(161)   ObjectSynchronizer Weak        Min:  0.0, Avg:  0.0, Max:  0.0, Diff:  0.0, Sum:  0.0, Workers: 6
[43.972s][debug  ][gc,phases      ] GC(161)     Dead                           Min: 0, Avg:  0.0, Max: 0, Diff: 0, Sum: 0, Workers: 6
[43.972s][debug  ][gc,phases      ] GC(161)     Total                          Min: 0, Avg:  0.5, Max: 3, Diff: 3, Sum: 3, Workers: 6
[43.972s][debug  ][gc,phases      ] GC(161)   JVMTI Tag Weak OopStorage      Min:  0.0, Avg:  0.0, Max:  0.0, Diff:  0.0, Sum:  0.0, Workers: 6
[43.972s][debug  ][gc,phases      ] GC(161)     Dead                           Min: 0, Avg:  0.0, Max: 0, Diff: 0, Sum: 0, Workers: 6
[43.972s][debug  ][gc,phases      ] GC(161)     Total                          Min: 0, Avg:  0.0, Max: 0, Diff: 0, Sum: 0, Workers: 6
[43.972s][debug  ][gc,phases      ] GC(161)   StringTable Weak               Min:  0.0, Avg:  0.0, Max:  0.0, Diff:  0.0, Sum:  0.0, Workers: 6
[43.972s][debug  ][gc,phases      ] GC(161)     Dead                           Min: 0, Avg:  0.0, Max: 0, Diff: 0, Sum: 0, Workers: 6
[43.972s][debug  ][gc,phases      ] GC(161)     Total                          Min: 746, Avg: 892.3, Max: 1152, Diff: 406, Sum: 5354, Workers: 6
[43.972s][debug  ][gc,phases      ] GC(161)   ResolvedMethodTable Weak       Min:  0.0, Avg:  0.0, Max:  0.0, Diff:  0.0, Sum:  0.0, Workers: 6
[43.972s][debug  ][gc,phases      ] GC(161)     Dead                           Min: 0, Avg:  0.0, Max: 0, Diff: 0, Sum: 0, Workers: 6
[43.972s][debug  ][gc,phases      ] GC(161)     Total                          Min: 0, Avg: 21.7, Max: 64, Diff: 64, Sum: 130, Workers: 6
[43.972s][debug  ][gc,phases      ] GC(161)   JNI Weak                       Min:  0.0, Avg:  0.0, Max:  0.0, Diff:  0.0, Sum:  0.0, Workers: 6
[43.972s][debug  ][gc,phases      ] GC(161)     Dead                           Min: 0, Avg:  0.0, Max: 0, Diff: 0, Sum: 0, Workers: 6
[43.972s][debug  ][gc,phases      ] GC(161)     Total                          Min: 0, Avg:  0.0, Max: 0, Diff: 0, Sum: 0, Workers: 6
[43.972s][debug  ][gc,phases      ] GC(161)   StringDedup Table Weak         Min:  0.0, Avg:  0.0, Max:  0.0, Diff:  0.0, Sum:  0.0, Workers: 6
[43.972s][debug  ][gc,phases      ] GC(161)     Dead                           Min: 0, Avg:  0.0, Max: 0, Diff: 0, Sum: 0, Workers: 6
[43.972s][debug  ][gc,phases      ] GC(161)     Total                          Min: 0, Avg:  0.0, Max: 0, Diff: 0, Sum: 0, Workers: 6
[43.972s][debug  ][gc,phases      ] GC(161)   StringDedup Requests0 Weak     Min:  0.0, Avg:  0.0, Max:  0.0, Diff:  0.0, Sum:  0.0, Workers: 6
[43.972s][debug  ][gc,phases      ] GC(161)     Dead                           Min: 0, Avg:  0.0, Max: 0, Diff: 0, Sum: 0, Workers: 6
[43.972s][debug  ][gc,phases      ] GC(161)     Total                          Min: 0, Avg:  0.0, Max: 0, Diff: 0, Sum: 0, Workers: 6
[43.972s][debug  ][gc,phases      ] GC(161)   StringDedup Requests1 Weak     Min:  0.0, Avg:  0.0, Max:  0.0, Diff:  0.0, Sum:  0.0, Workers: 6
[43.972s][debug  ][gc,phases      ] GC(161)     Dead                           Min: 0, Avg:  0.0, Max: 0, Diff: 0, Sum: 0, Workers: 6
[43.972s][debug  ][gc,phases      ] GC(161)     Total                          Min: 0, Avg:  0.0, Max: 0, Diff: 0, Sum: 0, Workers: 6
[43.972s][debug  ][gc,phases      ] GC(161)   Weak JFR Old Object Samples    Min:  0.0, Avg:  0.0, Max:  0.0, Diff:  0.0, Sum:  0.0, Workers: 6
[43.972s][debug  ][gc,phases      ] GC(161)     Dead                           Min: 0, Avg:  0.0, Max: 0, Diff: 0, Sum: 0, Workers: 6
[43.973s][debug  ][gc,phases      ] GC(161)     Total                          Min: 0, Avg:  0.0, Max: 0, Diff: 0, Sum: 0, Workers: 6
[43.973s][debug  ][gc,phases      ] GC(161) Weak Processing 0.680ms
[43.973s][debug  ][gc,ergo        ] GC(161) AdaptiveSizeStart:  collection: 162 
[43.973s][debug  ][gc,ergo        ] GC(161) avg_survived_padded_avg: 31581948.000000
[43.973s][debug  ][gc,ergo        ] GC(161) avg_promoted_padded_avg: 263961984.000000  avg_pretenured_padded_avg: 0.000000  tenuring_thresh: 15  target_size: 31981568
[43.973s][debug  ][gc,age         ] GC(161) Desired survivor size 31981568 bytes, new threshold 15 (max threshold 15)
[43.973s][debug  ][gc,ergo        ] GC(161) PSAdaptiveSizePolicy::compute_eden_space_size limits: desired_eden_size: 223267634 old_eden_size: 204472320 eden_limit: 204472320 cur_eden: 204472320 max_eden_size: 204472320 avg_young_live: 25534048
[43.973s][debug  ][gc,ergo        ] GC(161) PSAdaptiveSizePolicy::compute_eden_space_size: costs minor_time: 0.046748 major_cost: 0.054965 mutator_cost: 0.898287 throughput_goal: 0.990000
[43.973s][debug  ][gc,ergo        ] GC(161) Live_space: 1077551488 free_space: 1431306240
[43.973s][debug  ][gc,ergo        ] GC(161) Old eden_size: 204472320 desired_eden_size: 204472320
[43.973s][debug  ][gc,ergo        ] GC(161) AdaptiveSizeStop: collection: 162 
[43.973s][info   ][gc,heap        ] GC(161) PSYoungGen: 198438K(230912K)->30720K(230912K) Eden: 198438K(199680K)->0K(199680K) From: 0K(31232K)->30720K(31232K)
[43.973s][info   ][gc,heap        ] GC(161) ParOldGen: 769636K(1835008K)->933476K(1835008K)
[43.973s][info   ][gc,metaspace   ] GC(161) Metaspace: 1022K(1216K)->1022K(1216K) NonClass: 939K(1024K)->939K(1024K) Class: 83K(192K)->83K(192K)
[43.973s][info   ][gc             ] GC(161) Pause Young (Allocation Failure) 945M->941M(2017M) 14.826ms
[43.973s][info   ][gc,cpu         ] GC(161) User=0.11s Sys=0.00s Real=0.01s
[43.973s][debug  ][gc,heap        ] GC(161) Heap after GC invocations=162 (full 26):
[43.973s][debug  ][gc,heap        ] GC(161)  PSYoungGen      total 230912K, used 30720K [0x00000000f0000000, 0x0000000100000000, 0x0000000100000000)
[43.973s][debug  ][gc,heap        ] GC(161)   eden space 199680K, 0% used [0x00000000f0000000,0x00000000f0000000,0x00000000fc300000)
[43.973s][debug  ][gc,heap        ] GC(161)   from space 31232K, 98% used [0x00000000fe180000,0x00000000fff80030,0x0000000100000000)
[43.973s][debug  ][gc,heap        ] GC(161)   to   space 31232K, 0% used [0x00000000fc300000,0x00000000fc300000,0x00000000fe180000)
[43.973s][debug  ][gc,heap        ] GC(161)  ParOldGen       total 1835008K, used 933476K [0x0000000080000000, 0x00000000f0000000, 0x00000000f0000000)
[43.973s][debug  ][gc,heap        ] GC(161)   object space 1835008K, 50% used [0x0000000080000000,0x00000000b8f99188,0x00000000f0000000)
[43.973s][debug  ][gc,heap        ] GC(161)  Metaspace       used 1022K, committed 1216K, reserved 1056768K
[43.973s][debug  ][gc,heap        ] GC(161)   class space    used 83K, committed 192K, reserved 1048576K
[43.973s][debug  ][gc,task,time   ] GC(161) VM-Thread 439576933 439712469 439730699
[44.272s][debug  ][gc,heap        ] GC(162) Heap before GC invocations=163 (full 26):
[44.273s][debug  ][gc,heap        ] GC(162)  PSYoungGen      total 230912K, used 229099K [0x00000000f0000000, 0x0000000100000000, 0x0000000100000000)
[44.273s][debug  ][gc,heap        ] GC(162)   eden space 199680K, 99% used [0x00000000f0000000,0x00000000fc1bae38,0x00000000fc300000)
[44.273s][debug  ][gc,heap        ] GC(162)   from space 31232K, 98% used [0x00000000fe180000,0x00000000fff80030,0x0000000100000000)
[44.273s][debug  ][gc,heap        ] GC(162)   to   space 31232K, 0% used [0x00000000fc300000,0x00000000fc300000,0x00000000fe180000)
[44.273s][debug  ][gc,heap        ] GC(162)  ParOldGen       total 1835008K, used 933476K [0x0000000080000000, 0x00000000f0000000, 0x00000000f0000000)
[44.273s][debug  ][gc,heap        ] GC(162)   object space 1835008K, 50% used [0x0000000080000000,0x00000000b8f99188,0x00000000f0000000)
[44.273s][debug  ][gc,heap        ] GC(162)  Metaspace       used 1023K, committed 1216K, reserved 1056768K
[44.273s][debug  ][gc,heap        ] GC(162)   class space    used 83K, committed 192K, reserved 1048576K
[44.273s][debug  ][gc,tlab        ] GC(162) TLAB totals: thrds: 1  refills: 1 max: 1 slow allocs: 18 max 18 waste: 27.2% gc: 3909856B max: 3909856B slow: 0B max: 0B
[44.273s][info   ][gc,start       ] GC(162) Pause Young (Allocation Failure)
[44.273s][debug  ][gc,phases,start] GC(162) Scavenge
[44.282s][debug  ][gc,phases      ] GC(162) Scavenge 9.180ms
[44.282s][debug  ][gc,phases,start] GC(162) Reference Processing
[44.282s][debug  ][gc,ref         ] GC(162) Skipped phase 1 of Reference Processing: no references
[44.282s][debug  ][gc,ref         ] GC(162) Skipped phase 2 of Reference Processing: no references
[44.282s][debug  ][gc,ref         ] GC(162) Skipped phase 3 of Reference Processing: no references
[44.282s][debug  ][gc,ref         ] GC(162) Skipped phase 4 of Reference Processing: no references
[44.282s][debug  ][gc,phases,ref  ] GC(162) Reference Processing: 0.1ms
[44.282s][debug  ][gc,phases,ref  ] GC(162)   Reconsider SoftReferences: 0.0ms
[44.282s][debug  ][gc,phases,ref  ] GC(162)     SoftRef (ms):                  skipped
[44.282s][debug  ][gc,phases,ref  ] GC(162)   Notify Soft/WeakReferences: 0.0ms
[44.282s][debug  ][gc,phases,ref  ] GC(162)     SoftRef (ms):                  skipped
[44.282s][debug  ][gc,phases,ref  ] GC(162)     WeakRef (ms):                  skipped
[44.282s][debug  ][gc,phases,ref  ] GC(162)     FinalRef (ms):                 skipped
[44.282s][debug  ][gc,phases,ref  ] GC(162)     Total (ms):                    skipped
[44.282s][debug  ][gc,phases,ref  ] GC(162)   Notify and keep alive finalizable: 0.0ms
[44.282s][debug  ][gc,phases,ref  ] GC(162)     FinalRef (ms):                 skipped
[44.282s][debug  ][gc,phases,ref  ] GC(162)   Notify PhantomReferences: 0.0ms
[44.282s][debug  ][gc,phases,ref  ] GC(162)     PhantomRef (ms):               skipped
[44.282s][debug  ][gc,phases,ref  ] GC(162)   SoftReference:
[44.282s][debug  ][gc,phases,ref  ] GC(162)     Discovered: 0
[44.282s][debug  ][gc,phases,ref  ] GC(162)     Cleared: 0
[44.283s][debug  ][gc,phases,ref  ] GC(162)   WeakReference:
[44.283s][debug  ][gc,phases,ref  ] GC(162)     Discovered: 0
[44.283s][debug  ][gc,phases,ref  ] GC(162)     Cleared: 0
[44.283s][debug  ][gc,phases,ref  ] GC(162)   FinalReference:
[44.283s][debug  ][gc,phases,ref  ] GC(162)     Discovered: 0
[44.283s][debug  ][gc,phases,ref  ] GC(162)     Cleared: 0
[44.283s][debug  ][gc,phases,ref  ] GC(162)   PhantomReference:
[44.283s][debug  ][gc,phases,ref  ] GC(162)     Discovered: 0
[44.283s][debug  ][gc,phases,ref  ] GC(162)     Cleared: 0
[44.283s][debug  ][gc,phases      ] GC(162) Reference Processing 0.586ms
[44.283s][debug  ][gc,phases,start] GC(162) Weak Processing
[44.283s][debug  ][gc,phases      ] GC(162)   VM Weak                        Min:  0.0, Avg:  0.0, Max:  0.0, Diff:  0.0, Sum:  0.0, Workers: 6
[44.283s][debug  ][gc,phases      ] GC(162)     Dead                           Min: 0, Avg:  0.0, Max: 0, Diff: 0, Sum: 0, Workers: 6
[44.283s][debug  ][gc,phases      ] GC(162)     Total                          Min: 0, Avg:  1.3, Max: 8, Diff: 8, Sum: 8, Workers: 6
[44.283s][debug  ][gc,phases      ] GC(162)   ObjectSynchronizer Weak        Min:  0.0, Avg:  0.0, Max:  0.0, Diff:  0.0, Sum:  0.0, Workers: 6
[44.283s][debug  ][gc,phases      ] GC(162)     Dead                           Min: 0, Avg:  0.0, Max: 0, Diff: 0, Sum: 0, Workers: 6
[44.283s][debug  ][gc,phases      ] GC(162)     Total                          Min: 0, Avg:  0.5, Max: 3, Diff: 3, Sum: 3, Workers: 6
[44.283s][debug  ][gc,phases      ] GC(162)   JVMTI Tag Weak OopStorage      Min:  0.0, Avg:  0.0, Max:  0.0, Diff:  0.0, Sum:  0.0, Workers: 6
[44.283s][debug  ][gc,phases      ] GC(162)     Dead                           Min: 0, Avg:  0.0, Max: 0, Diff: 0, Sum: 0, Workers: 6
[44.283s][debug  ][gc,phases      ] GC(162)     Total                          Min: 0, Avg:  0.0, Max: 0, Diff: 0, Sum: 0, Workers: 6
[44.283s][debug  ][gc,phases      ] GC(162)   StringTable Weak               Min:  0.0, Avg:  0.0, Max:  0.0, Diff:  0.0, Sum:  0.0, Workers: 6
[44.283s][debug  ][gc,phases      ] GC(162)     Dead                           Min: 0, Avg:  0.0, Max: 0, Diff: 0, Sum: 0, Workers: 6
[44.283s][debug  ][gc,phases      ] GC(162)     Total                          Min: 810, Avg: 892.3, Max: 960, Diff: 150, Sum: 5354, Workers: 6
[44.283s][debug  ][gc,phases      ] GC(162)   ResolvedMethodTable Weak       Min:  0.0, Avg:  0.0, Max:  0.0, Diff:  0.0, Sum:  0.0, Workers: 6
[44.283s][debug  ][gc,phases      ] GC(162)     Dead                           Min: 0, Avg:  0.0, Max: 0, Diff: 0, Sum: 0, Workers: 6
[44.283s][debug  ][gc,phases      ] GC(162)     Total                          Min: 0, Avg: 21.7, Max: 64, Diff: 64, Sum: 130, Workers: 6
[44.283s][debug  ][gc,phases      ] GC(162)   JNI Weak                       Min:  0.0, Avg:  0.0, Max:  0.0, Diff:  0.0, Sum:  0.0, Workers: 6
[44.283s][debug  ][gc,phases      ] GC(162)     Dead                           Min: 0, Avg:  0.0, Max: 0, Diff: 0, Sum: 0, Workers: 6
[44.283s][debug  ][gc,phases      ] GC(162)     Total                          Min: 0, Avg:  0.0, Max: 0, Diff: 0, Sum: 0, Workers: 6
[44.283s][debug  ][gc,phases      ] GC(162)   StringDedup Table Weak         Min:  0.0, Avg:  0.0, Max:  0.0, Diff:  0.0, Sum:  0.0, Workers: 6
[44.283s][debug  ][gc,phases      ] GC(162)     Dead                           Min: 0, Avg:  0.0, Max: 0, Diff: 0, Sum: 0, Workers: 6
[44.283s][debug  ][gc,phases      ] GC(162)     Total                          Min: 0, Avg:  0.0, Max: 0, Diff: 0, Sum: 0, Workers: 6
[44.283s][debug  ][gc,phases      ] GC(162)   StringDedup Requests0 Weak     Min:  0.0, Avg:  0.0, Max:  0.0, Diff:  0.0, Sum:  0.0, Workers: 6
[44.283s][debug  ][gc,phases      ] GC(162)     Dead                           Min: 0, Avg:  0.0, Max: 0, Diff: 0, Sum: 0, Workers: 6
[44.283s][debug  ][gc,phases      ] GC(162)     Total                          Min: 0, Avg:  0.0, Max: 0, Diff: 0, Sum: 0, Workers: 6
[44.283s][debug  ][gc,phases      ] GC(162)   StringDedup Requests1 Weak     Min:  0.0, Avg:  0.0, Max:  0.0, Diff:  0.0, Sum:  0.0, Workers: 6
[44.283s][debug  ][gc,phases      ] GC(162)     Dead                           Min: 0, Avg:  0.0, Max: 0, Diff: 0, Sum: 0, Workers: 6
[44.283s][debug  ][gc,phases      ] GC(162)     Total                          Min: 0, Avg:  0.0, Max: 0, Diff: 0, Sum: 0, Workers: 6
[44.283s][debug  ][gc,phases      ] GC(162)   Weak JFR Old Object Samples    Min:  0.0, Avg:  0.0, Max:  0.0, Diff:  0.0, Sum:  0.0, Workers: 6
[44.283s][debug  ][gc,phases      ] GC(162)     Dead                           Min: 0, Avg:  0.0, Max: 0, Diff: 0, Sum: 0, Workers: 6
[44.283s][debug  ][gc,phases      ] GC(162)     Total                          Min: 0, Avg:  0.0, Max: 0, Diff: 0, Sum: 0, Workers: 6
[44.283s][debug  ][gc,phases      ] GC(162) Weak Processing 0.691ms
[44.283s][debug  ][gc,ergo        ] GC(162) AdaptiveSizeStart:  collection: 163 
[44.283s][debug  ][gc,ergo        ] GC(162) avg_survived_padded_avg: 31571174.000000
[44.283s][debug  ][gc,ergo        ] GC(162) avg_promoted_padded_avg: 267426208.000000  avg_pretenured_padded_avg: 0.000000  tenuring_thresh: 15  target_size: 31981568
[44.283s][debug  ][gc,age         ] GC(162) Desired survivor size 31981568 bytes, new threshold 15 (max threshold 15)
[44.284s][debug  ][gc,ergo        ] GC(162) PSAdaptiveSizePolicy::compute_eden_space_size limits: desired_eden_size: 222551687 old_eden_size: 204472320 eden_limit: 204472320 cur_eden: 204472320 max_eden_size: 204472320 avg_young_live: 26126376
[44.284s][debug  ][gc,ergo        ] GC(162) PSAdaptiveSizePolicy::compute_eden_space_size: costs minor_time: 0.043556 major_cost: 0.054965 mutator_cost: 0.901478 throughput_goal: 0.990000
[44.284s][debug  ][gc,ergo        ] GC(162) Live_space: 1078143872 free_space: 1431306240
[44.284s][debug  ][gc,ergo        ] GC(162) Old eden_size: 204472320 desired_eden_size: 204472320
[44.284s][debug  ][gc,ergo        ] GC(162) AdaptiveSizeStop: collection: 163 
[44.284s][info   ][gc,heap        ] GC(162) PSYoungGen: 229099K(230912K)->30720K(230912K) Eden: 198379K(199680K)->0K(199680K) From: 30720K(31232K)->30720K(31232K)
[44.284s][info   ][gc,heap        ] GC(162) ParOldGen: 933476K(1835008K)->1035876K(1835008K)
[44.284s][info   ][gc,metaspace   ] GC(162) Metaspace: 1023K(1216K)->1023K(1216K) NonClass: 939K(1024K)->939K(1024K) Class: 83K(192K)->83K(192K)
[44.284s][info   ][gc             ] GC(162) Pause Young (Allocation Failure) 1135M->1041M(2017M) 10.875ms
[44.284s][info   ][gc,cpu         ] GC(162) User=0.02s Sys=0.00s Real=0.01s
[44.284s][debug  ][gc,heap        ] GC(162) Heap after GC invocations=163 (full 26):
[44.284s][debug  ][gc,heap        ] GC(162)  PSYoungGen      total 230912K, used 30720K [0x00000000f0000000, 0x0000000100000000, 0x0000000100000000)
[44.284s][debug  ][gc,heap        ] GC(162)   eden space 199680K, 0% used [0x00000000f0000000,0x00000000f0000000,0x00000000fc300000)
[44.284s][debug  ][gc,heap        ] GC(162)   from space 31232K, 98% used [0x00000000fc300000,0x00000000fe100030,0x00000000fe180000)
[44.284s][debug  ][gc,heap        ] GC(162)   to   space 31232K, 0% used [0x00000000fe180000,0x00000000fe180000,0x0000000100000000)
[44.284s][debug  ][gc,heap        ] GC(162)  ParOldGen       total 1835008K, used 1035876K [0x0000000080000000, 0x00000000f0000000, 0x00000000f0000000)
[44.284s][debug  ][gc,heap        ] GC(162)   object space 1835008K, 56% used [0x0000000080000000,0x00000000bf399228,0x00000000f0000000)
[44.284s][debug  ][gc,heap        ] GC(162)  Metaspace       used 1023K, committed 1216K, reserved 1056768K
[44.284s][debug  ][gc,heap        ] GC(162)   class space    used 83K, committed 192K, reserved 1048576K
[44.284s][debug  ][gc,task,time   ] GC(162) VM-Thread 442724828 442820992 442839326
[44.587s][debug  ][gc,heap        ] GC(163) Heap before GC invocations=164 (full 26):
[44.587s][debug  ][gc,heap        ] GC(163)  PSYoungGen      total 230912K, used 229133K [0x00000000f0000000, 0x0000000100000000, 0x0000000100000000)
[44.588s][debug  ][gc,heap        ] GC(163)   eden space 199680K, 99% used [0x00000000f0000000,0x00000000fc1c36a8,0x00000000fc300000)
[44.588s][debug  ][gc,heap        ] GC(163)   from space 31232K, 98% used [0x00000000fc300000,0x00000000fe100030,0x00000000fe180000)
[44.588s][debug  ][gc,heap        ] GC(163)   to   space 31232K, 0% used [0x00000000fe180000,0x00000000fe180000,0x0000000100000000)
[44.588s][debug  ][gc,heap        ] GC(163)  ParOldGen       total 1835008K, used 1035876K [0x0000000080000000, 0x00000000f0000000, 0x00000000f0000000)
[44.588s][debug  ][gc,heap        ] GC(163)   object space 1835008K, 56% used [0x0000000080000000,0x00000000bf399228,0x00000000f0000000)
[44.588s][debug  ][gc,heap        ] GC(163)  Metaspace       used 1023K, committed 1216K, reserved 1056768K
[44.588s][debug  ][gc,heap        ] GC(163)   class space    used 83K, committed 192K, reserved 1048576K
[44.588s][debug  ][gc,tlab        ] GC(163) TLAB totals: thrds: 1  refills: 1 max: 1 slow allocs: 18 max 18 waste: 27.3% gc: 3945848B max: 3945848B slow: 0B max: 0B
[44.588s][info   ][gc,start       ] GC(163) Pause Young (Allocation Failure)
[44.588s][debug  ][gc,phases,start] GC(163) Scavenge
[44.603s][debug  ][gc,phases      ] GC(163) Scavenge 15.403ms
[44.603s][debug  ][gc,phases,start] GC(163) Reference Processing
[44.603s][debug  ][gc,ref         ] GC(163) Skipped phase 1 of Reference Processing: no references
[44.603s][debug  ][gc,ref         ] GC(163) Skipped phase 2 of Reference Processing: no references
[44.603s][debug  ][gc,ref         ] GC(163) Skipped phase 3 of Reference Processing: no references
[44.603s][debug  ][gc,ref         ] GC(163) Skipped phase 4 of Reference Processing: no references
[44.603s][debug  ][gc,phases,ref  ] GC(163) Reference Processing: 0.1ms
[44.603s][debug  ][gc,phases,ref  ] GC(163)   Reconsider SoftReferences: 0.0ms
[44.603s][debug  ][gc,phases,ref  ] GC(163)     SoftRef (ms):                  skipped
[44.603s][debug  ][gc,phases,ref  ] GC(163)   Notify Soft/WeakReferences: 0.0ms
[44.603s][debug  ][gc,phases,ref  ] GC(163)     SoftRef (ms):                  skipped
[44.603s][debug  ][gc,phases,ref  ] GC(163)     WeakRef (ms):                  skipped
[44.603s][debug  ][gc,phases,ref  ] GC(163)     FinalRef (ms):                 skipped
[44.604s][debug  ][gc,phases,ref  ] GC(163)     Total (ms):                    skipped
[44.604s][debug  ][gc,phases,ref  ] GC(163)   Notify and keep alive finalizable: 0.0ms
[44.604s][debug  ][gc,phases,ref  ] GC(163)     FinalRef (ms):                 skipped
[44.604s][debug  ][gc,phases,ref  ] GC(163)   Notify PhantomReferences: 0.0ms
[44.604s][debug  ][gc,phases,ref  ] GC(163)     PhantomRef (ms):               skipped
[44.604s][debug  ][gc,phases,ref  ] GC(163)   SoftReference:
[44.604s][debug  ][gc,phases,ref  ] GC(163)     Discovered: 0
[44.604s][debug  ][gc,phases,ref  ] GC(163)     Cleared: 0
[44.604s][debug  ][gc,phases,ref  ] GC(163)   WeakReference:
[44.604s][debug  ][gc,phases,ref  ] GC(163)     Discovered: 0
[44.604s][debug  ][gc,phases,ref  ] GC(163)     Cleared: 0
[44.604s][debug  ][gc,phases,ref  ] GC(163)   FinalReference:
[44.604s][debug  ][gc,phases,ref  ] GC(163)     Discovered: 0
[44.604s][debug  ][gc,phases,ref  ] GC(163)     Cleared: 0
[44.604s][debug  ][gc,phases,ref  ] GC(163)   PhantomReference:
[44.604s][debug  ][gc,phases,ref  ] GC(163)     Discovered: 0
[44.604s][debug  ][gc,phases,ref  ] GC(163)     Cleared: 0
[44.604s][debug  ][gc,phases      ] GC(163) Reference Processing 0.589ms
[44.604s][debug  ][gc,phases,start] GC(163) Weak Processing
[44.604s][debug  ][gc,phases      ] GC(163)   VM Weak                        Min:  0.0, Avg:  0.0, Max:  0.0, Diff:  0.0, Sum:  0.0, Workers: 6
[44.604s][debug  ][gc,phases      ] GC(163)     Dead                           Min: 0, Avg:  0.0, Max: 0, Diff: 0, Sum: 0, Workers: 6
[44.604s][debug  ][gc,phases      ] GC(163)     Total                          Min: 0, Avg:  1.3, Max: 8, Diff: 8, Sum: 8, Workers: 6
[44.604s][debug  ][gc,phases      ] GC(163)   ObjectSynchronizer Weak        Min:  0.0, Avg:  0.0, Max:  0.0, Diff:  0.0, Sum:  0.0, Workers: 6
[44.604s][debug  ][gc,phases      ] GC(163)     Dead                           Min: 0, Avg:  0.0, Max: 0, Diff: 0, Sum: 0, Workers: 6
[44.604s][debug  ][gc,phases      ] GC(163)     Total                          Min: 0, Avg:  0.5, Max: 3, Diff: 3, Sum: 3, Workers: 6
[44.604s][debug  ][gc,phases      ] GC(163)   JVMTI Tag Weak OopStorage      Min:  0.0, Avg:  0.0, Max:  0.0, Diff:  0.0, Sum:  0.0, Workers: 6
[44.604s][debug  ][gc,phases      ] GC(163)     Dead                           Min: 0, Avg:  0.0, Max: 0, Diff: 0, Sum: 0, Workers: 6
[44.604s][debug  ][gc,phases      ] GC(163)     Total                          Min: 0, Avg:  0.0, Max: 0, Diff: 0, Sum: 0, Workers: 6
[44.604s][debug  ][gc,phases      ] GC(163)   StringTable Weak               Min:  0.0, Avg:  0.0, Max:  0.0, Diff:  0.0, Sum:  0.0, Workers: 6
[44.604s][debug  ][gc,phases      ] GC(163)     Dead                           Min: 0, Avg:  0.0, Max: 0, Diff: 0, Sum: 0, Workers: 6
[44.604s][debug  ][gc,phases      ] GC(163)     Total                          Min: 768, Avg: 892.3, Max: 1087, Diff: 319, Sum: 5354, Workers: 6
[44.604s][debug  ][gc,phases      ] GC(163)   ResolvedMethodTable Weak       Min:  0.0, Avg:  0.0, Max:  0.0, Diff:  0.0, Sum:  0.0, Workers: 6
[44.604s][debug  ][gc,phases      ] GC(163)     Dead                           Min: 0, Avg:  0.0, Max: 0, Diff: 0, Sum: 0, Workers: 6
[44.604s][debug  ][gc,phases      ] GC(163)     Total                          Min: 0, Avg: 21.7, Max: 64, Diff: 64, Sum: 130, Workers: 6
[44.604s][debug  ][gc,phases      ] GC(163)   JNI Weak                       Min:  0.0, Avg:  0.0, Max:  0.0, Diff:  0.0, Sum:  0.0, Workers: 6
[44.604s][debug  ][gc,phases      ] GC(163)     Dead                           Min: 0, Avg:  0.0, Max: 0, Diff: 0, Sum: 0, Workers: 6
[44.604s][debug  ][gc,phases      ] GC(163)     Total                          Min: 0, Avg:  0.0, Max: 0, Diff: 0, Sum: 0, Workers: 6
[44.604s][debug  ][gc,phases      ] GC(163)   StringDedup Table Weak         Min:  0.0, Avg:  0.0, Max:  0.0, Diff:  0.0, Sum:  0.0, Workers: 6
[44.604s][debug  ][gc,phases      ] GC(163)     Dead                           Min: 0, Avg:  0.0, Max: 0, Diff: 0, Sum: 0, Workers: 6
[44.604s][debug  ][gc,phases      ] GC(163)     Total                          Min: 0, Avg:  0.0, Max: 0, Diff: 0, Sum: 0, Workers: 6
[44.604s][debug  ][gc,phases      ] GC(163)   StringDedup Requests0 Weak     Min:  0.0, Avg:  0.0, Max:  0.0, Diff:  0.0, Sum:  0.0, Workers: 6
[44.604s][debug  ][gc,phases      ] GC(163)     Dead                           Min: 0, Avg:  0.0, Max: 0, Diff: 0, Sum: 0, Workers: 6
[44.604s][debug  ][gc,phases      ] GC(163)     Total                          Min: 0, Avg:  0.0, Max: 0, Diff: 0, Sum: 0, Workers: 6
[44.604s][debug  ][gc,phases      ] GC(163)   StringDedup Requests1 Weak     Min:  0.0, Avg:  0.0, Max:  0.0, Diff:  0.0, Sum:  0.0, Workers: 6
[44.605s][debug  ][gc,phases      ] GC(163)     Dead                           Min: 0, Avg:  0.0, Max: 0, Diff: 0, Sum: 0, Workers: 6
[44.605s][debug  ][gc,phases      ] GC(163)     Total                          Min: 0, Avg:  0.0, Max: 0, Diff: 0, Sum: 0, Workers: 6
[44.605s][debug  ][gc,phases      ] GC(163)   Weak JFR Old Object Samples    Min:  0.0, Avg:  0.0, Max:  0.0, Diff:  0.0, Sum:  0.0, Workers: 6
[44.605s][debug  ][gc,phases      ] GC(163)     Dead                           Min: 0, Avg:  0.0, Max: 0, Diff: 0, Sum: 0, Workers: 6
[44.605s][debug  ][gc,phases      ] GC(163)     Total                          Min: 0, Avg:  0.0, Max: 0, Diff: 0, Sum: 0, Workers: 6
[44.605s][debug  ][gc,phases      ] GC(163) Weak Processing 0.782ms
[44.605s][debug  ][gc,ergo        ] GC(163) AdaptiveSizeStart:  collection: 164 
[44.605s][debug  ][gc,ergo        ] GC(163) avg_survived_padded_avg: 31561308.000000
[44.605s][debug  ][gc,ergo        ] GC(163) avg_promoted_padded_avg: 268649824.000000  avg_pretenured_padded_avg: 0.000000  tenuring_thresh: 15  target_size: 31981568
[44.605s][debug  ][gc,age         ] GC(163) Desired survivor size 31981568 bytes, new threshold 15 (max threshold 15)
[44.605s][debug  ][gc,ergo        ] GC(163) PSAdaptiveSizePolicy::compute_eden_space_size limits: desired_eden_size: 223062548 old_eden_size: 204472320 eden_limit: 204472320 cur_eden: 204472320 max_eden_size: 204472320 avg_young_live: 26659470
[44.605s][debug  ][gc,ergo        ] GC(163) PSAdaptiveSizePolicy::compute_eden_space_size: costs minor_time: 0.045813 major_cost: 0.054965 mutator_cost: 0.899222 throughput_goal: 0.990000
[44.605s][debug  ][gc,ergo        ] GC(163) Live_space: 1078676992 free_space: 1431306240
[44.605s][debug  ][gc,ergo        ] GC(163) Old eden_size: 204472320 desired_eden_size: 204472320
[44.605s][debug  ][gc,ergo        ] GC(163) AdaptiveSizeStop: collection: 164 
[44.605s][info   ][gc,heap        ] GC(163) PSYoungGen: 229133K(230912K)->30720K(230912K) Eden: 198413K(199680K)->0K(199680K) From: 30720K(31232K)->30720K(31232K)
[44.605s][info   ][gc,heap        ] GC(163) ParOldGen: 1035876K(1835008K)->1230436K(1835008K)
[44.605s][info   ][gc,metaspace   ] GC(163) Metaspace: 1023K(1216K)->1023K(1216K) NonClass: 939K(1024K)->939K(1024K) Class: 83K(192K)->83K(192K)
[44.605s][info   ][gc             ] GC(163) Pause Young (Allocation Failure) 1235M->1231M(2017M) 17.200ms
[44.605s][info   ][gc,cpu         ] GC(163) User=0.16s Sys=0.00s Real=0.02s
[44.605s][debug  ][gc,heap        ] GC(163) Heap after GC invocations=164 (full 26):
[44.605s][debug  ][gc,heap        ] GC(163)  PSYoungGen      total 230912K, used 30720K [0x00000000f0000000, 0x0000000100000000, 0x0000000100000000)
[44.605s][debug  ][gc,heap        ] GC(163)   eden space 199680K, 0% used [0x00000000f0000000,0x00000000f0000000,0x00000000fc300000)
[44.605s][debug  ][gc,heap        ] GC(163)   from space 31232K, 98% used [0x00000000fe180000,0x00000000fff80030,0x0000000100000000)
[44.605s][debug  ][gc,heap        ] GC(163)   to   space 31232K, 0% used [0x00000000fc300000,0x00000000fc300000,0x00000000fe180000)
[44.605s][debug  ][gc,heap        ] GC(163)  ParOldGen       total 1835008K, used 1230436K [0x0000000080000000, 0x00000000f0000000, 0x00000000f0000000)
[44.605s][debug  ][gc,heap        ] GC(163)   object space 1835008K, 67% used [0x0000000080000000,0x00000000cb199358,0x00000000f0000000)
[44.605s][debug  ][gc,heap        ] GC(163)  Metaspace       used 1023K, committed 1216K, reserved 1056768K
[44.605s][debug  ][gc,heap        ] GC(163)   class space    used 83K, committed 192K, reserved 1048576K
[44.605s][debug  ][gc,task,time   ] GC(163) VM-Thread 445874132 446032488 446051697
[44.901s][debug  ][gc,heap        ] GC(164) Heap before GC invocations=165 (full 26):
[44.901s][debug  ][gc,heap        ] GC(164)  PSYoungGen      total 230912K, used 229155K [0x00000000f0000000, 0x0000000100000000, 0x0000000100000000)
[44.901s][debug  ][gc,heap        ] GC(164)   eden space 199680K, 99% used [0x00000000f0000000,0x00000000fc1c8e70,0x00000000fc300000)
[44.902s][debug  ][gc,heap        ] GC(164)   from space 31232K, 98% used [0x00000000fe180000,0x00000000fff80030,0x0000000100000000)
[44.902s][debug  ][gc,heap        ] GC(164)   to   space 31232K, 0% used [0x00000000fc300000,0x00000000fc300000,0x00000000fe180000)
[44.902s][debug  ][gc,heap        ] GC(164)  ParOldGen       total 1835008K, used 1230436K [0x0000000080000000, 0x00000000f0000000, 0x00000000f0000000)
[44.902s][debug  ][gc,heap        ] GC(164)   object space 1835008K, 67% used [0x0000000080000000,0x00000000cb199358,0x00000000f0000000)
[44.902s][debug  ][gc,heap        ] GC(164)  Metaspace       used 1023K, committed 1216K, reserved 1056768K
[44.902s][debug  ][gc,heap        ] GC(164)   class space    used 83K, committed 192K, reserved 1048576K
[44.902s][debug  ][gc,tlab        ] GC(164) TLAB totals: thrds: 1  refills: 1 max: 1 slow allocs: 18 max 18 waste: 27.5% gc: 3968320B max: 3968320B slow: 0B max: 0B
[44.902s][info   ][gc,start       ] GC(164) Pause Young (Allocation Failure)
[44.902s][debug  ][gc,phases,start] GC(164) Scavenge
[44.917s][debug  ][gc,phases      ] GC(164) Scavenge 15.256ms
[44.917s][debug  ][gc,phases,start] GC(164) Reference Processing
[44.917s][debug  ][gc,ref         ] GC(164) Skipped phase 1 of Reference Processing: no references
[44.917s][debug  ][gc,ref         ] GC(164) Skipped phase 2 of Reference Processing: no references
[44.917s][debug  ][gc,ref         ] GC(164) Skipped phase 3 of Reference Processing: no references
[44.917s][debug  ][gc,ref         ] GC(164) Skipped phase 4 of Reference Processing: no references
[44.917s][debug  ][gc,phases,ref  ] GC(164) Reference Processing: 0.1ms
[44.917s][debug  ][gc,phases,ref  ] GC(164)   Reconsider SoftReferences: 0.0ms
[44.917s][debug  ][gc,phases,ref  ] GC(164)     SoftRef (ms):                  skipped
[44.917s][debug  ][gc,phases,ref  ] GC(164)   Notify Soft/WeakReferences: 0.0ms
[44.917s][debug  ][gc,phases,ref  ] GC(164)     SoftRef (ms):                  skipped
[44.917s][debug  ][gc,phases,ref  ] GC(164)     WeakRef (ms):                  skipped
[44.917s][debug  ][gc,phases,ref  ] GC(164)     FinalRef (ms):                 skipped
[44.917s][debug  ][gc,phases,ref  ] GC(164)     Total (ms):                    skipped
[44.917s][debug  ][gc,phases,ref  ] GC(164)   Notify and keep alive finalizable: 0.0ms
[44.917s][debug  ][gc,phases,ref  ] GC(164)     FinalRef (ms):                 skipped
[44.917s][debug  ][gc,phases,ref  ] GC(164)   Notify PhantomReferences: 0.0ms
[44.917s][debug  ][gc,phases,ref  ] GC(164)     PhantomRef (ms):               skipped
[44.917s][debug  ][gc,phases,ref  ] GC(164)   SoftReference:
[44.917s][debug  ][gc,phases,ref  ] GC(164)     Discovered: 0
[44.918s][debug  ][gc,phases,ref  ] GC(164)     Cleared: 0
[44.918s][debug  ][gc,phases,ref  ] GC(164)   WeakReference:
[44.918s][debug  ][gc,phases,ref  ] GC(164)     Discovered: 0
[44.918s][debug  ][gc,phases,ref  ] GC(164)     Cleared: 0
[44.918s][debug  ][gc,phases,ref  ] GC(164)   FinalReference:
[44.918s][debug  ][gc,phases,ref  ] GC(164)     Discovered: 0
[44.918s][debug  ][gc,phases,ref  ] GC(164)     Cleared: 0
[44.918s][debug  ][gc,phases,ref  ] GC(164)   PhantomReference:
[44.918s][debug  ][gc,phases,ref  ] GC(164)     Discovered: 0
[44.918s][debug  ][gc,phases,ref  ] GC(164)     Cleared: 0
[44.918s][debug  ][gc,phases      ] GC(164) Reference Processing 0.668ms
[44.918s][debug  ][gc,phases,start] GC(164) Weak Processing
[44.918s][debug  ][gc,phases      ] GC(164)   VM Weak                        Min:  0.0, Avg:  0.0, Max:  0.0, Diff:  0.0, Sum:  0.0, Workers: 6
[44.918s][debug  ][gc,phases      ] GC(164)     Dead                           Min: 0, Avg:  0.0, Max: 0, Diff: 0, Sum: 0, Workers: 6
[44.918s][debug  ][gc,phases      ] GC(164)     Total                          Min: 0, Avg:  1.3, Max: 8, Diff: 8, Sum: 8, Workers: 6
[44.918s][debug  ][gc,phases      ] GC(164)   ObjectSynchronizer Weak        Min:  0.0, Avg:  0.0, Max:  0.0, Diff:  0.0, Sum:  0.0, Workers: 6
[44.918s][debug  ][gc,phases      ] GC(164)     Dead                           Min: 0, Avg:  0.0, Max: 0, Diff: 0, Sum: 0, Workers: 6
[44.918s][debug  ][gc,phases      ] GC(164)     Total                          Min: 0, Avg:  0.5, Max: 3, Diff: 3, Sum: 3, Workers: 6
[44.918s][debug  ][gc,phases      ] GC(164)   JVMTI Tag Weak OopStorage      Min:  0.0, Avg:  0.0, Max:  0.0, Diff:  0.0, Sum:  0.0, Workers: 6
[44.918s][debug  ][gc,phases      ] GC(164)     Dead                           Min: 0, Avg:  0.0, Max: 0, Diff: 0, Sum: 0, Workers: 6
[44.918s][debug  ][gc,phases      ] GC(164)     Total                          Min: 0, Avg:  0.0, Max: 0, Diff: 0, Sum: 0, Workers: 6
[44.918s][debug  ][gc,phases      ] GC(164)   StringTable Weak               Min:  0.0, Avg:  0.0, Max:  0.0, Diff:  0.0, Sum:  0.0, Workers: 6
[44.918s][debug  ][gc,phases      ] GC(164)     Dead                           Min: 0, Avg:  0.0, Max: 0, Diff: 0, Sum: 0, Workers: 6
[44.918s][debug  ][gc,phases      ] GC(164)     Total                          Min: 704, Avg: 892.3, Max: 1216, Diff: 512, Sum: 5354, Workers: 6
[44.918s][debug  ][gc,phases      ] GC(164)   ResolvedMethodTable Weak       Min:  0.0, Avg:  0.0, Max:  0.0, Diff:  0.0, Sum:  0.0, Workers: 6
[44.918s][debug  ][gc,phases      ] GC(164)     Dead                           Min: 0, Avg:  0.0, Max: 0, Diff: 0, Sum: 0, Workers: 6
[44.918s][debug  ][gc,phases      ] GC(164)     Total                          Min: 0, Avg: 21.7, Max: 64, Diff: 64, Sum: 130, Workers: 6
[44.918s][debug  ][gc,phases      ] GC(164)   JNI Weak                       Min:  0.0, Avg:  0.0, Max:  0.0, Diff:  0.0, Sum:  0.0, Workers: 6
[44.918s][debug  ][gc,phases      ] GC(164)     Dead                           Min: 0, Avg:  0.0, Max: 0, Diff: 0, Sum: 0, Workers: 6
[44.918s][debug  ][gc,phases      ] GC(164)     Total                          Min: 0, Avg:  0.0, Max: 0, Diff: 0, Sum: 0, Workers: 6
[44.918s][debug  ][gc,phases      ] GC(164)   StringDedup Table Weak         Min:  0.0, Avg:  0.0, Max:  0.0, Diff:  0.0, Sum:  0.0, Workers: 6
[44.918s][debug  ][gc,phases      ] GC(164)     Dead                           Min: 0, Avg:  0.0, Max: 0, Diff: 0, Sum: 0, Workers: 6
[44.918s][debug  ][gc,phases      ] GC(164)     Total                          Min: 0, Avg:  0.0, Max: 0, Diff: 0, Sum: 0, Workers: 6
[44.918s][debug  ][gc,phases      ] GC(164)   StringDedup Requests0 Weak     Min:  0.0, Avg:  0.0, Max:  0.0, Diff:  0.0, Sum:  0.0, Workers: 6
[44.918s][debug  ][gc,phases      ] GC(164)     Dead                           Min: 0, Avg:  0.0, Max: 0, Diff: 0, Sum: 0, Workers: 6
[44.918s][debug  ][gc,phases      ] GC(164)     Total                          Min: 0, Avg:  0.0, Max: 0, Diff: 0, Sum: 0, Workers: 6
[44.918s][debug  ][gc,phases      ] GC(164)   StringDedup Requests1 Weak     Min:  0.0, Avg:  0.0, Max:  0.0, Diff:  0.0, Sum:  0.0, Workers: 6
[44.918s][debug  ][gc,phases      ] GC(164)     Dead                           Min: 0, Avg:  0.0, Max: 0, Diff: 0, Sum: 0, Workers: 6
[44.918s][debug  ][gc,phases      ] GC(164)     Total                          Min: 0, Avg:  0.0, Max: 0, Diff: 0, Sum: 0, Workers: 6
[44.918s][debug  ][gc,phases      ] GC(164)   Weak JFR Old Object Samples    Min:  0.0, Avg:  0.0, Max:  0.0, Diff:  0.0, Sum:  0.0, Workers: 6
[44.919s][debug  ][gc,phases      ] GC(164)     Dead                           Min: 0, Avg:  0.0, Max: 0, Diff: 0, Sum: 0, Workers: 6
[44.919s][debug  ][gc,phases      ] GC(164)     Total                          Min: 0, Avg:  0.0, Max: 0, Diff: 0, Sum: 0, Workers: 6
[44.919s][debug  ][gc,phases      ] GC(164) Weak Processing 0.752ms
[44.919s][debug  ][gc,ergo        ] GC(164) AdaptiveSizeStart:  collection: 165 
[44.919s][debug  ][gc,ergo        ] GC(164) avg_survived_padded_avg: 31552278.000000
[44.919s][debug  ][gc,ergo        ] GC(164) avg_promoted_padded_avg: 268946752.000000  avg_pretenured_padded_avg: 0.000000  tenuring_thresh: 15  target_size: 31981568
[44.919s][debug  ][gc,age         ] GC(164) Desired survivor size 31981568 bytes, new threshold 15 (max threshold 15)
[44.919s][debug  ][gc,ergo        ] GC(164) PSAdaptiveSizePolicy::compute_eden_space_size limits: desired_eden_size: 223481280 old_eden_size: 204472320 eden_limit: 204472320 cur_eden: 204472320 max_eden_size: 204472320 avg_young_live: 27139256
[44.919s][debug  ][gc,ergo        ] GC(164) PSAdaptiveSizePolicy::compute_eden_space_size: costs minor_time: 0.047741 major_cost: 0.054965 mutator_cost: 0.897294 throughput_goal: 0.990000
[44.919s][debug  ][gc,ergo        ] GC(164) Live_space: 1079156736 free_space: 1431306240
[44.919s][debug  ][gc,ergo        ] GC(164) Old eden_size: 204472320 desired_eden_size: 204472320
[44.919s][debug  ][gc,ergo        ] GC(164) AdaptiveSizeStop: collection: 165 
[44.919s][info   ][gc,heap        ] GC(164) PSYoungGen: 229155K(230912K)->30720K(230912K) Eden: 198435K(199680K)->0K(199680K) From: 30720K(31232K)->30720K(31232K)
[44.919s][info   ][gc,heap        ] GC(164) ParOldGen: 1230436K(1835008K)->1424997K(1835008K)
[44.919s][info   ][gc,metaspace   ] GC(164) Metaspace: 1023K(1216K)->1023K(1216K) NonClass: 939K(1024K)->939K(1024K) Class: 83K(192K)->83K(192K)
[44.919s][info   ][gc             ] GC(164) Pause Young (Allocation Failure) 1425M->1421M(2017M) 17.147ms
[44.919s][info   ][gc,cpu         ] GC(164) User=0.17s Sys=0.00s Real=0.02s
[44.919s][debug  ][gc,heap        ] GC(164) Heap after GC invocations=165 (full 26):
[44.919s][debug  ][gc,heap        ] GC(164)  PSYoungGen      total 230912K, used 30720K [0x00000000f0000000, 0x0000000100000000, 0x0000000100000000)
[44.919s][debug  ][gc,heap        ] GC(164)   eden space 199680K, 0% used [0x00000000f0000000,0x00000000f0000000,0x00000000fc300000)
[44.919s][debug  ][gc,heap        ] GC(164)   from space 31232K, 98% used [0x00000000fc300000,0x00000000fe100030,0x00000000fe180000)
[44.919s][debug  ][gc,heap        ] GC(164)   to   space 31232K, 0% used [0x00000000fe180000,0x00000000fe180000,0x0000000100000000)
[44.919s][debug  ][gc,heap        ] GC(164)  ParOldGen       total 1835008K, used 1424997K [0x0000000080000000, 0x00000000f0000000, 0x00000000f0000000)
[44.919s][debug  ][gc,heap        ] GC(164)   object space 1835008K, 77% used [0x0000000080000000,0x00000000d6f99488,0x00000000f0000000)
[44.919s][debug  ][gc,heap        ] GC(164)  Metaspace       used 1023K, committed 1216K, reserved 1056768K
[44.919s][debug  ][gc,heap        ] GC(164)   class space    used 83K, committed 192K, reserved 1048576K
[44.919s][debug  ][gc,task,time   ] GC(164) VM-Thread 449013997 449171026 449191217
[45.213s][debug  ][gc,heap        ] GC(165) Heap before GC invocations=166 (full 26):
[45.213s][debug  ][gc,heap        ] GC(165)  PSYoungGen      total 230912K, used 229169K [0x00000000f0000000, 0x0000000100000000, 0x0000000100000000)
[45.213s][debug  ][gc,heap        ] GC(165)   eden space 199680K, 99% used [0x00000000f0000000,0x00000000fc1cc6d8,0x00000000fc300000)
[45.213s][debug  ][gc,heap        ] GC(165)   from space 31232K, 98% used [0x00000000fc300000,0x00000000fe100030,0x00000000fe180000)
[45.214s][debug  ][gc,heap        ] GC(165)   to   space 31232K, 0% used [0x00000000fe180000,0x00000000fe180000,0x0000000100000000)
[45.214s][debug  ][gc,heap        ] GC(165)  ParOldGen       total 1835008K, used 1424997K [0x0000000080000000, 0x00000000f0000000, 0x00000000f0000000)
[45.214s][debug  ][gc,heap        ] GC(165)   object space 1835008K, 77% used [0x0000000080000000,0x00000000d6f99488,0x00000000f0000000)
[45.214s][debug  ][gc,heap        ] GC(165)  Metaspace       used 1023K, committed 1216K, reserved 1056768K
[45.214s][debug  ][gc,heap        ] GC(165)   class space    used 83K, committed 192K, reserved 1048576K
[45.214s][debug  ][gc,tlab        ] GC(165) TLAB totals: thrds: 1  refills: 1 max: 1 slow allocs: 18 max 18 waste: 27.5% gc: 3982760B max: 3982760B slow: 0B max: 0B
[45.214s][info   ][gc,start       ] GC(165) Pause Young (Allocation Failure)
[45.214s][debug  ][gc,phases,start] GC(165) Scavenge
[45.230s][debug  ][gc,phases      ] GC(165) Scavenge 15.931ms
[45.230s][debug  ][gc,phases,start] GC(165) Reference Processing
[45.230s][debug  ][gc,ref         ] GC(165) Skipped phase 1 of Reference Processing: no references
[45.230s][debug  ][gc,ref         ] GC(165) Skipped phase 2 of Reference Processing: no references
[45.230s][debug  ][gc,ref         ] GC(165) Skipped phase 3 of Reference Processing: no references
[45.230s][debug  ][gc,ref         ] GC(165) Skipped phase 4 of Reference Processing: no references
[45.230s][debug  ][gc,phases,ref  ] GC(165) Reference Processing: 0.1ms
[45.230s][debug  ][gc,phases,ref  ] GC(165)   Reconsider SoftReferences: 0.0ms
[45.230s][debug  ][gc,phases,ref  ] GC(165)     SoftRef (ms):                  skipped
[45.230s][debug  ][gc,phases,ref  ] GC(165)   Notify Soft/WeakReferences: 0.0ms
[45.230s][debug  ][gc,phases,ref  ] GC(165)     SoftRef (ms):                  skipped
[45.230s][debug  ][gc,phases,ref  ] GC(165)     WeakRef (ms):                  skipped
[45.230s][debug  ][gc,phases,ref  ] GC(165)     FinalRef (ms):                 skipped
[45.230s][debug  ][gc,phases,ref  ] GC(165)     Total (ms):                    skipped
[45.230s][debug  ][gc,phases,ref  ] GC(165)   Notify and keep alive finalizable: 0.0ms
[45.230s][debug  ][gc,phases,ref  ] GC(165)     FinalRef (ms):                 skipped
[45.230s][debug  ][gc,phases,ref  ] GC(165)   Notify PhantomReferences: 0.0ms
[45.230s][debug  ][gc,phases,ref  ] GC(165)     PhantomRef (ms):               skipped
[45.230s][debug  ][gc,phases,ref  ] GC(165)   SoftReference:
[45.230s][debug  ][gc,phases,ref  ] GC(165)     Discovered: 0
[45.230s][debug  ][gc,phases,ref  ] GC(165)     Cleared: 0
[45.230s][debug  ][gc,phases,ref  ] GC(165)   WeakReference:
[45.230s][debug  ][gc,phases,ref  ] GC(165)     Discovered: 0
[45.230s][debug  ][gc,phases,ref  ] GC(165)     Cleared: 0
[45.230s][debug  ][gc,phases,ref  ] GC(165)   FinalReference:
[45.230s][debug  ][gc,phases,ref  ] GC(165)     Discovered: 0
[45.230s][debug  ][gc,phases,ref  ] GC(165)     Cleared: 0
[45.230s][debug  ][gc,phases,ref  ] GC(165)   PhantomReference:
[45.230s][debug  ][gc,phases,ref  ] GC(165)     Discovered: 0
[45.230s][debug  ][gc,phases,ref  ] GC(165)     Cleared: 0
[45.230s][debug  ][gc,phases      ] GC(165) Reference Processing 0.628ms
[45.230s][debug  ][gc,phases,start] GC(165) Weak Processing
[45.231s][debug  ][gc,phases      ] GC(165)   VM Weak                        Min:  0.0, Avg:  0.0, Max:  0.0, Diff:  0.0, Sum:  0.0, Workers: 6
[45.231s][debug  ][gc,phases      ] GC(165)     Dead                           Min: 0, Avg:  0.0, Max: 0, Diff: 0, Sum: 0, Workers: 6
[45.231s][debug  ][gc,phases      ] GC(165)     Total                          Min: 0, Avg:  1.3, Max: 8, Diff: 8, Sum: 8, Workers: 6
[45.231s][debug  ][gc,phases      ] GC(165)   ObjectSynchronizer Weak        Min:  0.0, Avg:  0.0, Max:  0.0, Diff:  0.0, Sum:  0.0, Workers: 6
[45.231s][debug  ][gc,phases      ] GC(165)     Dead                           Min: 0, Avg:  0.0, Max: 0, Diff: 0, Sum: 0, Workers: 6
[45.231s][debug  ][gc,phases      ] GC(165)     Total                          Min: 0, Avg:  0.5, Max: 3, Diff: 3, Sum: 3, Workers: 6
[45.231s][debug  ][gc,phases      ] GC(165)   JVMTI Tag Weak OopStorage      Min:  0.0, Avg:  0.0, Max:  0.0, Diff:  0.0, Sum:  0.0, Workers: 6
[45.231s][debug  ][gc,phases      ] GC(165)     Dead                           Min: 0, Avg:  0.0, Max: 0, Diff: 0, Sum: 0, Workers: 6
[45.231s][debug  ][gc,phases      ] GC(165)     Total                          Min: 0, Avg:  0.0, Max: 0, Diff: 0, Sum: 0, Workers: 6
[45.231s][debug  ][gc,phases      ] GC(165)   StringTable Weak               Min:  0.0, Avg:  0.0, Max:  0.0, Diff:  0.0, Sum:  0.0, Workers: 6
[45.231s][debug  ][gc,phases      ] GC(165)     Dead                           Min: 0, Avg:  0.0, Max: 0, Diff: 0, Sum: 0, Workers: 6
[45.231s][debug  ][gc,phases      ] GC(165)     Total                          Min: 704, Avg: 892.3, Max: 1023, Diff: 319, Sum: 5354, Workers: 6
[45.231s][debug  ][gc,phases      ] GC(165)   ResolvedMethodTable Weak       Min:  0.0, Avg:  0.0, Max:  0.0, Diff:  0.0, Sum:  0.0, Workers: 6
[45.231s][debug  ][gc,phases      ] GC(165)     Dead                           Min: 0, Avg:  0.0, Max: 0, Diff: 0, Sum: 0, Workers: 6
[45.231s][debug  ][gc,phases      ] GC(165)     Total                          Min: 0, Avg: 21.7, Max: 64, Diff: 64, Sum: 130, Workers: 6
[45.231s][debug  ][gc,phases      ] GC(165)   JNI Weak                       Min:  0.0, Avg:  0.0, Max:  0.0, Diff:  0.0, Sum:  0.0, Workers: 6
[45.231s][debug  ][gc,phases      ] GC(165)     Dead                           Min: 0, Avg:  0.0, Max: 0, Diff: 0, Sum: 0, Workers: 6
[45.231s][debug  ][gc,phases      ] GC(165)     Total                          Min: 0, Avg:  0.0, Max: 0, Diff: 0, Sum: 0, Workers: 6
[45.231s][debug  ][gc,phases      ] GC(165)   StringDedup Table Weak         Min:  0.0, Avg:  0.0, Max:  0.0, Diff:  0.0, Sum:  0.0, Workers: 6
[45.231s][debug  ][gc,phases      ] GC(165)     Dead                           Min: 0, Avg:  0.0, Max: 0, Diff: 0, Sum: 0, Workers: 6
[45.231s][debug  ][gc,phases      ] GC(165)     Total                          Min: 0, Avg:  0.0, Max: 0, Diff: 0, Sum: 0, Workers: 6
[45.231s][debug  ][gc,phases      ] GC(165)   StringDedup Requests0 Weak     Min:  0.0, Avg:  0.0, Max:  0.0, Diff:  0.0, Sum:  0.0, Workers: 6
[45.231s][debug  ][gc,phases      ] GC(165)     Dead                           Min: 0, Avg:  0.0, Max: 0, Diff: 0, Sum: 0, Workers: 6
[45.231s][debug  ][gc,phases      ] GC(165)     Total                          Min: 0, Avg:  0.0, Max: 0, Diff: 0, Sum: 0, Workers: 6
[45.231s][debug  ][gc,phases      ] GC(165)   StringDedup Requests1 Weak     Min:  0.0, Avg:  0.0, Max:  0.0, Diff:  0.0, Sum:  0.0, Workers: 6
[45.231s][debug  ][gc,phases      ] GC(165)     Dead                           Min: 0, Avg:  0.0, Max: 0, Diff: 0, Sum: 0, Workers: 6
[45.231s][debug  ][gc,phases      ] GC(165)     Total                          Min: 0, Avg:  0.0, Max: 0, Diff: 0, Sum: 0, Workers: 6
[45.231s][debug  ][gc,phases      ] GC(165)   Weak JFR Old Object Samples    Min:  0.0, Avg:  0.0, Max:  0.0, Diff:  0.0, Sum:  0.0, Workers: 6
[45.231s][debug  ][gc,phases      ] GC(165)     Dead                           Min: 0, Avg:  0.0, Max: 0, Diff: 0, Sum: 0, Workers: 6
[45.231s][debug  ][gc,phases      ] GC(165)     Total                          Min: 0, Avg:  0.0, Max: 0, Diff: 0, Sum: 0, Workers: 6
[45.231s][debug  ][gc,phases      ] GC(165) Weak Processing 0.708ms
[45.231s][debug  ][gc,ergo        ] GC(165) AdaptiveSizeStart:  collection: 166 
[45.231s][debug  ][gc,ergo        ] GC(165) avg_survived_padded_avg: 31544014.000000
[45.231s][debug  ][gc,ergo        ] GC(165) avg_promoted_padded_avg: 268490112.000000  avg_pretenured_padded_avg: 0.000000  tenuring_thresh: 15  target_size: 31981568
[45.231s][debug  ][gc,age         ] GC(165) Desired survivor size 31981568 bytes, new threshold 15 (max threshold 15)
[45.231s][debug  ][gc,ergo        ] GC(165) PSAdaptiveSizePolicy::compute_eden_space_size limits: desired_eden_size: 223892817 old_eden_size: 204472320 eden_limit: 204472320 cur_eden: 204472320 max_eden_size: 204472320 avg_young_live: 27571064
[45.231s][debug  ][gc,ergo        ] GC(165) PSAdaptiveSizePolicy::compute_eden_space_size: costs minor_time: 0.049709 major_cost: 0.054965 mutator_cost: 0.895325 throughput_goal: 0.990000
[45.231s][debug  ][gc,ergo        ] GC(165) Live_space: 1079588608 free_space: 1431306240
[45.231s][debug  ][gc,ergo        ] GC(165) Old eden_size: 204472320 desired_eden_size: 204472320
[45.231s][debug  ][gc,ergo        ] GC(165) AdaptiveSizeStop: collection: 166 
[45.231s][info   ][gc,heap        ] GC(165) PSYoungGen: 229169K(230912K)->30720K(230912K) Eden: 198449K(199680K)->0K(199680K) From: 30720K(31232K)->30720K(31232K)
[45.231s][info   ][gc,heap        ] GC(165) ParOldGen: 1424997K(1835008K)->1619557K(1835008K)
[45.231s][info   ][gc,metaspace   ] GC(165) Metaspace: 1023K(1216K)->1023K(1216K) NonClass: 939K(1024K)->939K(1024K) Class: 83K(192K)->83K(192K)
[45.231s][info   ][gc             ] GC(165) Pause Young (Allocation Failure) 1615M->1611M(2017M) 17.700ms
[45.231s][info   ][gc,cpu         ] GC(165) User=0.17s Sys=0.00s Real=0.02s
[45.231s][debug  ][gc,heap        ] GC(165) Heap after GC invocations=166 (full 26):
[45.232s][debug  ][gc,heap        ] GC(165)  PSYoungGen      total 230912K, used 30720K [0x00000000f0000000, 0x0000000100000000, 0x0000000100000000)
[45.232s][debug  ][gc,heap        ] GC(165)   eden space 199680K, 0% used [0x00000000f0000000,0x00000000f0000000,0x00000000fc300000)
[45.232s][debug  ][gc,heap        ] GC(165)   from space 31232K, 98% used [0x00000000fe180000,0x00000000fff80030,0x0000000100000000)
[45.232s][debug  ][gc,heap        ] GC(165)   to   space 31232K, 0% used [0x00000000fc300000,0x00000000fc300000,0x00000000fe180000)
[45.232s][debug  ][gc,heap        ] GC(165)  ParOldGen       total 1835008K, used 1619557K [0x0000000080000000, 0x00000000f0000000, 0x00000000f0000000)
[45.232s][debug  ][gc,heap        ] GC(165)   object space 1835008K, 88% used [0x0000000080000000,0x00000000e2d995b8,0x00000000f0000000)
[45.232s][debug  ][gc,heap        ] GC(165)  Metaspace       used 1023K, committed 1216K, reserved 1056768K
[45.232s][debug  ][gc,heap        ] GC(165)   class space    used 83K, committed 192K, reserved 1048576K
[45.232s][debug  ][gc,task,time   ] GC(165) VM-Thread 452133049 452297999 452316804
[45.232s][debug  ][gc,phases,start] GC(166) Pre Compact
[45.232s][debug  ][gc,heap        ] GC(166) Heap before GC invocations=167 (full 27):
[45.232s][debug  ][gc,heap        ] GC(166)  PSYoungGen      total 230912K, used 30720K [0x00000000f0000000, 0x0000000100000000, 0x0000000100000000)
[45.232s][debug  ][gc,heap        ] GC(166)   eden space 199680K, 0% used [0x00000000f0000000,0x00000000f0000000,0x00000000fc300000)
[45.232s][debug  ][gc,heap        ] GC(166)   from space 31232K, 98% used [0x00000000fe180000,0x00000000fff80030,0x0000000100000000)
[45.232s][debug  ][gc,heap        ] GC(166)   to   space 31232K, 0% used [0x00000000fc300000,0x00000000fc300000,0x00000000fe180000)
[45.232s][debug  ][gc,heap        ] GC(166)  ParOldGen       total 1835008K, used 1619557K [0x0000000080000000, 0x00000000f0000000, 0x00000000f0000000)
[45.232s][debug  ][gc,heap        ] GC(166)   object space 1835008K, 88% used [0x0000000080000000,0x00000000e2d995b8,0x00000000f0000000)
[45.232s][debug  ][gc,heap        ] GC(166)  Metaspace       used 1023K, committed 1216K, reserved 1056768K
[45.232s][debug  ][gc,heap        ] GC(166)   class space    used 83K, committed 192K, reserved 1048576K
[45.232s][debug  ][gc,phases      ] GC(166) Pre Compact 0.201ms
[45.232s][info   ][gc,start       ] GC(166) Pause Full (Ergonomics)
[45.232s][info   ][gc,phases,start] GC(166) Marking Phase
[45.232s][debug  ][gc,phases,start] GC(166) Par Mark
[45.232s][debug  ][gc,phases      ] GC(166) Par Mark 0.483ms
[45.232s][debug  ][gc,phases,start] GC(166) Reference Processing
[45.233s][debug  ][gc,ref         ] GC(166) Skipped phase 1 of Reference Processing: no references
[45.233s][debug  ][gc,ref         ] GC(166) ReferenceProcessor::execute queues: 1, RefProcThreadModel::Single, marks_oops_alive: false
[45.233s][debug  ][gc,ref         ] GC(166) Skipped phase 3 of Reference Processing: no references
[45.233s][debug  ][gc,ref         ] GC(166) ReferenceProcessor::execute queues: 1, RefProcThreadModel::Single, marks_oops_alive: false
[45.233s][debug  ][gc,phases,ref  ] GC(166) Reference Processing: 0.1ms
[45.233s][debug  ][gc,phases,ref  ] GC(166)   Reconsider SoftReferences: 0.0ms
[45.233s][debug  ][gc,phases,ref  ] GC(166)     SoftRef (ms):                  skipped
[45.233s][debug  ][gc,phases,ref  ] GC(166)   Notify Soft/WeakReferences: 0.0ms
[45.233s][debug  ][gc,phases,ref  ] GC(166)     SoftRef (ms):                  Min:  0.0, Avg:  0.0, Max:  0.0, Diff:  0.0, Sum:  0.0, Workers: 12
[45.233s][debug  ][gc,phases,ref  ] GC(166)     WeakRef (ms):                  Min:  0.0, Avg:  0.0, Max:  0.0, Diff:  0.0, Sum:  0.0, Workers: 12
[45.233s][debug  ][gc,phases,ref  ] GC(166)     FinalRef (ms):                 Min:  0.0, Avg:  0.0, Max:  0.0, Diff:  0.0, Sum:  0.0, Workers: 12
[45.233s][debug  ][gc,phases,ref  ] GC(166)     Total (ms):                    Min:  0.0, Avg:  0.0, Max:  0.0, Diff:  0.0, Sum:  0.0, Workers: 12
[45.233s][debug  ][gc,phases,ref  ] GC(166)   Notify and keep alive finalizable: 0.0ms
[45.233s][debug  ][gc,phases,ref  ] GC(166)     FinalRef (ms):                 skipped
[45.233s][debug  ][gc,phases,ref  ] GC(166)   Notify PhantomReferences: 0.0ms
[45.233s][debug  ][gc,phases,ref  ] GC(166)     PhantomRef (ms):               Min:  0.0, Avg:  0.0, Max:  0.0, Diff:  0.0, Sum:  0.0, Workers: 12
[45.233s][debug  ][gc,phases,ref  ] GC(166)   SoftReference:
[45.233s][debug  ][gc,phases,ref  ] GC(166)     Discovered: 0
[45.233s][debug  ][gc,phases,ref  ] GC(166)     Cleared: 0
[45.233s][debug  ][gc,phases,ref  ] GC(166)   WeakReference:
[45.233s][debug  ][gc,phases,ref  ] GC(166)     Discovered: 65
[45.233s][debug  ][gc,phases,ref  ] GC(166)     Cleared: 65
[45.233s][debug  ][gc,phases,ref  ] GC(166)   FinalReference:
[45.233s][debug  ][gc,phases,ref  ] GC(166)     Discovered: 0
[45.233s][debug  ][gc,phases,ref  ] GC(166)     Cleared: 0
[45.233s][debug  ][gc,phases,ref  ] GC(166)   PhantomReference:
[45.233s][debug  ][gc,phases,ref  ] GC(166)     Discovered: 3
[45.233s][debug  ][gc,phases,ref  ] GC(166)     Cleared: 3
[45.233s][debug  ][gc,phases      ] GC(166) Reference Processing 0.583ms
[45.233s][debug  ][gc,phases,start] GC(166) Weak Processing
[45.233s][debug  ][gc,phases      ] GC(166)   VM Weak                        Min:  0.0, Avg:  0.0, Max:  0.0, Diff:  0.0, Sum:  0.0, Workers: 6
[45.233s][debug  ][gc,phases      ] GC(166)     Dead                           Min: 0, Avg:  0.0, Max: 0, Diff: 0, Sum: 0, Workers: 6
[45.233s][debug  ][gc,phases      ] GC(166)     Total                          Min: 0, Avg:  1.3, Max: 8, Diff: 8, Sum: 8, Workers: 6
[45.233s][debug  ][gc,phases      ] GC(166)   ObjectSynchronizer Weak        Min:  0.0, Avg:  0.0, Max:  0.0, Diff:  0.0, Sum:  0.0, Workers: 6
[45.233s][debug  ][gc,phases      ] GC(166)     Dead                           Min: 0, Avg:  0.0, Max: 0, Diff: 0, Sum: 0, Workers: 6
[45.233s][debug  ][gc,phases      ] GC(166)     Total                          Min: 0, Avg:  0.5, Max: 3, Diff: 3, Sum: 3, Workers: 6
[45.233s][debug  ][gc,phases      ] GC(166)   JVMTI Tag Weak OopStorage      Min:  0.0, Avg:  0.0, Max:  0.0, Diff:  0.0, Sum:  0.0, Workers: 6
[45.233s][debug  ][gc,phases      ] GC(166)     Dead                           Min: 0, Avg:  0.0, Max: 0, Diff: 0, Sum: 0, Workers: 6
[45.233s][debug  ][gc,phases      ] GC(166)     Total                          Min: 0, Avg:  0.0, Max: 0, Diff: 0, Sum: 0, Workers: 6
[45.233s][debug  ][gc,phases      ] GC(166)   StringTable Weak               Min:  0.0, Avg:  0.0, Max:  0.0, Diff:  0.0, Sum:  0.1, Workers: 6
[45.233s][debug  ][gc,phases      ] GC(166)     Dead                           Min: 0, Avg:  0.0, Max: 0, Diff: 0, Sum: 0, Workers: 6
[45.233s][debug  ][gc,phases      ] GC(166)     Total                          Min: 511, Avg: 892.3, Max: 1408, Diff: 897, Sum: 5354, Workers: 6
[45.233s][debug  ][gc,phases      ] GC(166)   ResolvedMethodTable Weak       Min:  0.0, Avg:  0.0, Max:  0.0, Diff:  0.0, Sum:  0.0, Workers: 6
[45.233s][debug  ][gc,phases      ] GC(166)     Dead                           Min: 0, Avg:  0.0, Max: 0, Diff: 0, Sum: 0, Workers: 6
[45.233s][debug  ][gc,phases      ] GC(166)     Total                          Min: 0, Avg: 21.7, Max: 64, Diff: 64, Sum: 130, Workers: 6
[45.233s][debug  ][gc,phases      ] GC(166)   JNI Weak                       Min:  0.0, Avg:  0.0, Max:  0.0, Diff:  0.0, Sum:  0.0, Workers: 6
[45.233s][debug  ][gc,phases      ] GC(166)     Dead                           Min: 0, Avg:  0.0, Max: 0, Diff: 0, Sum: 0, Workers: 6
[45.233s][debug  ][gc,phases      ] GC(166)     Total                          Min: 0, Avg:  0.0, Max: 0, Diff: 0, Sum: 0, Workers: 6
[45.234s][debug  ][gc,phases      ] GC(166)   StringDedup Table Weak         Min:  0.0, Avg:  0.0, Max:  0.0, Diff:  0.0, Sum:  0.0, Workers: 6
[45.234s][debug  ][gc,phases      ] GC(166)     Dead                           Min: 0, Avg:  0.0, Max: 0, Diff: 0, Sum: 0, Workers: 6
[45.234s][debug  ][gc,phases      ] GC(166)     Total                          Min: 0, Avg:  0.0, Max: 0, Diff: 0, Sum: 0, Workers: 6
[45.234s][debug  ][gc,phases      ] GC(166)   StringDedup Requests0 Weak     Min:  0.0, Avg:  0.0, Max:  0.0, Diff:  0.0, Sum:  0.0, Workers: 6
[45.234s][debug  ][gc,phases      ] GC(166)     Dead                           Min: 0, Avg:  0.0, Max: 0, Diff: 0, Sum: 0, Workers: 6
[45.234s][debug  ][gc,phases      ] GC(166)     Total                          Min: 0, Avg:  0.0, Max: 0, Diff: 0, Sum: 0, Workers: 6
[45.234s][debug  ][gc,phases      ] GC(166)   StringDedup Requests1 Weak     Min:  0.0, Avg:  0.0, Max:  0.0, Diff:  0.0, Sum:  0.0, Workers: 6
[45.234s][debug  ][gc,phases      ] GC(166)     Dead                           Min: 0, Avg:  0.0, Max: 0, Diff: 0, Sum: 0, Workers: 6
[45.234s][debug  ][gc,phases      ] GC(166)     Total                          Min: 0, Avg:  0.0, Max: 0, Diff: 0, Sum: 0, Workers: 6
[45.234s][debug  ][gc,phases      ] GC(166)   Weak JFR Old Object Samples    Min:  0.0, Avg:  0.0, Max:  0.0, Diff:  0.0, Sum:  0.0, Workers: 6
[45.234s][debug  ][gc,phases      ] GC(166)     Dead                           Min: 0, Avg:  0.0, Max: 0, Diff: 0, Sum: 0, Workers: 6
[45.234s][debug  ][gc,phases      ] GC(166)     Total                          Min: 0, Avg:  0.0, Max: 0, Diff: 0, Sum: 0, Workers: 6
[45.234s][debug  ][gc,phases      ] GC(166) Weak Processing 0.655ms
[45.234s][debug  ][gc,phases,start] GC(166) Class Unloading
[45.234s][debug  ][gc,phases,start] GC(166) ClassLoaderData
[45.234s][debug  ][gc,phases      ] GC(166) ClassLoaderData 0.019ms
[45.234s][debug  ][gc,phases,start] GC(166) Trigger cleanups
[45.234s][debug  ][gc,phases      ] GC(166) Trigger cleanups 0.019ms
[45.234s][debug  ][gc,phases      ] GC(166) Class Unloading 0.251ms
[45.234s][info   ][gc,phases      ] GC(166) Marking Phase 2.089ms
[45.234s][info   ][gc,phases,start] GC(166) Summary Phase
[45.234s][info   ][gc,phases      ] GC(166) Summary Phase 0.041ms
[45.234s][info   ][gc,phases,start] GC(166) Adjust Roots
[45.234s][info   ][gc,phases      ] GC(166) Adjust Roots 0.164ms
[45.234s][info   ][gc,phases,start] GC(166) Compaction Phase
[45.312s][info   ][gc,phases      ] GC(166) Compaction Phase 77.253ms
[45.312s][info   ][gc,phases,start] GC(166) Post Compact
[45.317s][info   ][gc,phases      ] GC(166) Post Compact 5.670ms
[45.318s][debug  ][gc,ergo        ] GC(166) AdaptiveSizeStart: collection: 167 
[45.318s][debug  ][gc,ergo        ] GC(166) PSAdaptiveSizePolicy::compute_eden_space_size limits: desired_eden_size: 224049587 old_eden_size: 204472320 eden_limit: 204472320 cur_eden: 204472320 max_eden_size: 204472320 avg_young_live: 24813958
[45.318s][debug  ][gc,ergo        ] GC(166) PSAdaptiveSizePolicy::compute_eden_space_size: costs minor_time: 0.049709 major_cost: 0.054127 mutator_cost: 0.896164 throughput_goal: 0.990000
[45.318s][debug  ][gc,ergo        ] GC(166) Live_space: 1076831488 free_space: 1431306240
[45.318s][debug  ][gc,ergo        ] GC(166) Old eden_size: 204472320 desired_eden_size: 204472320
[45.318s][debug  ][gc,ergo        ] GC(166) PSAdaptiveSizePolicy::compute_old_gen_free_space limits: desired_promo_size: 1354737101 promo_limit: 1226833920 free_in_old_gen: 1100256512 max_old_gen_size: 1879048192 avg_old_live: 778791680
[45.318s][debug  ][gc,ergo        ] GC(166) PSAdaptiveSizePolicy::compute_old_gen_free_space: costs minor_time: 0.049709 major_cost: 0.054127  mutator_cost: 0.896164 throughput_goal: 0.990000
[45.318s][debug  ][gc,ergo        ] GC(166) Live_space: 1072041088 free_space: 1431306240
[45.318s][debug  ][gc,ergo        ] GC(166) Old promo_size: 1226833920 desired_promo_size: 1226833920
[45.318s][debug  ][gc,ergo        ] GC(166) AdaptiveSizeStop: collection: 167 
[45.318s][info   ][gc,heap        ] GC(166) PSYoungGen: 30720K(230912K)->0K(230912K) Eden: 0K(199680K)->0K(199680K) From: 30720K(31232K)->0K(31232K)
[45.318s][info   ][gc,heap        ] GC(166) ParOldGen: 1619557K(1835008K)->718436K(1835008K)
[45.318s][info   ][gc,metaspace   ] GC(166) Metaspace: 1023K(1216K)->1023K(1216K) NonClass: 939K(1024K)->939K(1024K) Class: 83K(192K)->83K(192K)
[45.318s][info   ][gc             ] GC(166) Pause Full (Ergonomics) 1611M->701M(2017M) 85.990ms
[45.318s][info   ][gc,cpu         ] GC(166) User=0.92s Sys=0.00s Real=0.09s
[45.318s][debug  ][gc,heap        ] GC(166) Heap after GC invocations=167 (full 27):
[45.318s][debug  ][gc,heap        ] GC(166)  PSYoungGen      total 230912K, used 0K [0x00000000f0000000, 0x0000000100000000, 0x0000000100000000)
[45.318s][debug  ][gc,heap        ] GC(166)   eden space 199680K, 0% used [0x00000000f0000000,0x00000000f0000000,0x00000000fc300000)
[45.318s][debug  ][gc,heap        ] GC(166)   from space 31232K, 0% used [0x00000000fc300000,0x00000000fc300000,0x00000000fe180000)
[45.318s][debug  ][gc,heap        ] GC(166)   to   space 31232K, 0% used [0x00000000fe180000,0x00000000fe180000,0x0000000100000000)
[45.318s][debug  ][gc,heap        ] GC(166)  ParOldGen       total 1835008K, used 718436K [0x0000000080000000, 0x00000000f0000000, 0x00000000f0000000)
[45.318s][debug  ][gc,heap        ] GC(166)   object space 1835008K, 39% used [0x0000000080000000,0x00000000abd99038,0x00000000f0000000)
[45.318s][debug  ][gc,heap        ] GC(166)  Metaspace       used 1023K, committed 1216K, reserved 1056768K
[45.318s][debug  ][gc,heap        ] GC(166)   class space    used 83K, committed 192K, reserved 1048576K
[45.318s][debug  ][gc,task,time   ] GC(166) VM-Thread 452319507 452343385 453179834
[45.618s][debug  ][gc,heap        ] GC(167) Heap before GC invocations=168 (full 27):
[45.618s][debug  ][gc,heap        ] GC(167)  PSYoungGen      total 230912K, used 198458K [0x00000000f0000000, 0x0000000100000000, 0x0000000100000000)
[45.618s][debug  ][gc,heap        ] GC(167)   eden space 199680K, 99% used [0x00000000f0000000,0x00000000fc1ceb20,0x00000000fc300000)
[45.618s][debug  ][gc,heap        ] GC(167)   from space 31232K, 0% used [0x00000000fc300000,0x00000000fc300000,0x00000000fe180000)
[45.618s][debug  ][gc,heap        ] GC(167)   to   space 31232K, 0% used [0x00000000fe180000,0x00000000fe180000,0x0000000100000000)
[45.618s][debug  ][gc,heap        ] GC(167)  ParOldGen       total 1835008K, used 718436K [0x0000000080000000, 0x00000000f0000000, 0x00000000f0000000)
[45.618s][debug  ][gc,heap        ] GC(167)   object space 1835008K, 39% used [0x0000000080000000,0x00000000abd99038,0x00000000f0000000)
[45.618s][debug  ][gc,heap        ] GC(167)  Metaspace       used 1023K, committed 1216K, reserved 1056768K
[45.618s][debug  ][gc,heap        ] GC(167)   class space    used 83K, committed 192K, reserved 1048576K
[45.618s][debug  ][gc,tlab        ] GC(167) TLAB totals: thrds: 1  refills: 1 max: 1 slow allocs: 18 max 18 waste: 27.6% gc: 3992048B max: 3992048B slow: 0B max: 0B
[45.618s][info   ][gc,start       ] GC(167) Pause Young (Allocation Failure)
[45.618s][debug  ][gc,phases,start] GC(167) Scavenge
[45.631s][debug  ][gc,phases      ] GC(167) Scavenge 13.117ms
[45.631s][debug  ][gc,phases,start] GC(167) Reference Processing
[45.631s][debug  ][gc,ref         ] GC(167) Skipped phase 1 of Reference Processing: no references
[45.632s][debug  ][gc,ref         ] GC(167) Skipped phase 2 of Reference Processing: no references
[45.632s][debug  ][gc,ref         ] GC(167) Skipped phase 3 of Reference Processing: no references
[45.632s][debug  ][gc,ref         ] GC(167) Skipped phase 4 of Reference Processing: no references
[45.632s][debug  ][gc,phases,ref  ] GC(167) Reference Processing: 0.1ms
[45.632s][debug  ][gc,phases,ref  ] GC(167)   Reconsider SoftReferences: 0.0ms
[45.632s][debug  ][gc,phases,ref  ] GC(167)     SoftRef (ms):                  skipped
[45.632s][debug  ][gc,phases,ref  ] GC(167)   Notify Soft/WeakReferences: 0.0ms
[45.632s][debug  ][gc,phases,ref  ] GC(167)     SoftRef (ms):                  skipped
[45.632s][debug  ][gc,phases,ref  ] GC(167)     WeakRef (ms):                  skipped
[45.632s][debug  ][gc,phases,ref  ] GC(167)     FinalRef (ms):                 skipped
[45.632s][debug  ][gc,phases,ref  ] GC(167)     Total (ms):                    skipped
[45.632s][debug  ][gc,phases,ref  ] GC(167)   Notify and keep alive finalizable: 0.0ms
[45.632s][debug  ][gc,phases,ref  ] GC(167)     FinalRef (ms):                 skipped
[45.632s][debug  ][gc,phases,ref  ] GC(167)   Notify PhantomReferences: 0.0ms
[45.632s][debug  ][gc,phases,ref  ] GC(167)     PhantomRef (ms):               skipped
[45.632s][debug  ][gc,phases,ref  ] GC(167)   SoftReference:
[45.632s][debug  ][gc,phases,ref  ] GC(167)     Discovered: 0
[45.632s][debug  ][gc,phases,ref  ] GC(167)     Cleared: 0
[45.632s][debug  ][gc,phases,ref  ] GC(167)   WeakReference:
[45.632s][debug  ][gc,phases,ref  ] GC(167)     Discovered: 0
[45.632s][debug  ][gc,phases,ref  ] GC(167)     Cleared: 0
[45.632s][debug  ][gc,phases,ref  ] GC(167)   FinalReference:
[45.632s][debug  ][gc,phases,ref  ] GC(167)     Discovered: 0
[45.632s][debug  ][gc,phases,ref  ] GC(167)     Cleared: 0
[45.632s][debug  ][gc,phases,ref  ] GC(167)   PhantomReference:
[45.632s][debug  ][gc,phases,ref  ] GC(167)     Discovered: 0
[45.632s][debug  ][gc,phases,ref  ] GC(167)     Cleared: 0
[45.632s][debug  ][gc,phases      ] GC(167) Reference Processing 0.692ms
[45.632s][debug  ][gc,phases,start] GC(167) Weak Processing
[45.632s][debug  ][gc,phases      ] GC(167)   VM Weak                        Min:  0.0, Avg:  0.0, Max:  0.0, Diff:  0.0, Sum:  0.0, Workers: 6
[45.632s][debug  ][gc,phases      ] GC(167)     Dead                           Min: 0, Avg:  0.0, Max: 0, Diff: 0, Sum: 0, Workers: 6
[45.632s][debug  ][gc,phases      ] GC(167)     Total                          Min: 0, Avg:  1.3, Max: 8, Diff: 8, Sum: 8, Workers: 6
[45.632s][debug  ][gc,phases      ] GC(167)   ObjectSynchronizer Weak        Min:  0.0, Avg:  0.0, Max:  0.0, Diff:  0.0, Sum:  0.0, Workers: 6
[45.632s][debug  ][gc,phases      ] GC(167)     Dead                           Min: 0, Avg:  0.0, Max: 0, Diff: 0, Sum: 0, Workers: 6
[45.632s][debug  ][gc,phases      ] GC(167)     Total                          Min: 0, Avg:  0.5, Max: 3, Diff: 3, Sum: 3, Workers: 6
[45.632s][debug  ][gc,phases      ] GC(167)   JVMTI Tag Weak OopStorage      Min:  0.0, Avg:  0.0, Max:  0.0, Diff:  0.0, Sum:  0.0, Workers: 6
[45.632s][debug  ][gc,phases      ] GC(167)     Dead                           Min: 0, Avg:  0.0, Max: 0, Diff: 0, Sum: 0, Workers: 6
[45.632s][debug  ][gc,phases      ] GC(167)     Total                          Min: 0, Avg:  0.0, Max: 0, Diff: 0, Sum: 0, Workers: 6
[45.632s][debug  ][gc,phases      ] GC(167)   StringTable Weak               Min:  0.0, Avg:  0.0, Max:  0.0, Diff:  0.0, Sum:  0.0, Workers: 6
[45.632s][debug  ][gc,phases      ] GC(167)     Dead                           Min: 0, Avg:  0.0, Max: 0, Diff: 0, Sum: 0, Workers: 6
[45.632s][debug  ][gc,phases      ] GC(167)     Total                          Min: 768, Avg: 892.3, Max: 1088, Diff: 320, Sum: 5354, Workers: 6
[45.633s][debug  ][gc,phases      ] GC(167)   ResolvedMethodTable Weak       Min:  0.0, Avg:  0.0, Max:  0.0, Diff:  0.0, Sum:  0.0, Workers: 6
[45.633s][debug  ][gc,phases      ] GC(167)     Dead                           Min: 0, Avg:  0.0, Max: 0, Diff: 0, Sum: 0, Workers: 6
[45.633s][debug  ][gc,phases      ] GC(167)     Total                          Min: 0, Avg: 21.7, Max: 64, Diff: 64, Sum: 130, Workers: 6
[45.633s][debug  ][gc,phases      ] GC(167)   JNI Weak                       Min:  0.0, Avg:  0.0, Max:  0.0, Diff:  0.0, Sum:  0.0, Workers: 6
[45.633s][debug  ][gc,phases      ] GC(167)     Dead                           Min: 0, Avg:  0.0, Max: 0, Diff: 0, Sum: 0, Workers: 6
[45.633s][debug  ][gc,phases      ] GC(167)     Total                          Min: 0, Avg:  0.0, Max: 0, Diff: 0, Sum: 0, Workers: 6
[45.633s][debug  ][gc,phases      ] GC(167)   StringDedup Table Weak         Min:  0.0, Avg:  0.0, Max:  0.0, Diff:  0.0, Sum:  0.0, Workers: 6
[45.633s][debug  ][gc,phases      ] GC(167)     Dead                           Min: 0, Avg:  0.0, Max: 0, Diff: 0, Sum: 0, Workers: 6
[45.633s][debug  ][gc,phases      ] GC(167)     Total                          Min: 0, Avg:  0.0, Max: 0, Diff: 0, Sum: 0, Workers: 6
[45.633s][debug  ][gc,phases      ] GC(167)   StringDedup Requests0 Weak     Min:  0.0, Avg:  0.0, Max:  0.0, Diff:  0.0, Sum:  0.0, Workers: 6
[45.633s][debug  ][gc,phases      ] GC(167)     Dead                           Min: 0, Avg:  0.0, Max: 0, Diff: 0, Sum: 0, Workers: 6
[45.633s][debug  ][gc,phases      ] GC(167)     Total                          Min: 0, Avg:  0.0, Max: 0, Diff: 0, Sum: 0, Workers: 6
[45.633s][debug  ][gc,phases      ] GC(167)   StringDedup Requests1 Weak     Min:  0.0, Avg:  0.0, Max:  0.0, Diff:  0.0, Sum:  0.0, Workers: 6
[45.633s][debug  ][gc,phases      ] GC(167)     Dead                           Min: 0, Avg:  0.0, Max: 0, Diff: 0, Sum: 0, Workers: 6
[45.633s][debug  ][gc,phases      ] GC(167)     Total                          Min: 0, Avg:  0.0, Max: 0, Diff: 0, Sum: 0, Workers: 6
[45.633s][debug  ][gc,phases      ] GC(167)   Weak JFR Old Object Samples    Min:  0.0, Avg:  0.0, Max:  0.0, Diff:  0.0, Sum:  0.0, Workers: 6
[45.633s][debug  ][gc,phases      ] GC(167)     Dead                           Min: 0, Avg:  0.0, Max: 0, Diff: 0, Sum: 0, Workers: 6
[45.633s][debug  ][gc,phases      ] GC(167)     Total                          Min: 0, Avg:  0.0, Max: 0, Diff: 0, Sum: 0, Workers: 6
[45.633s][debug  ][gc,phases      ] GC(167) Weak Processing 0.788ms
[45.633s][debug  ][gc,ergo        ] GC(167) AdaptiveSizeStart:  collection: 168 
[45.633s][debug  ][gc,ergo        ] GC(167) avg_survived_padded_avg: 31536454.000000
[45.633s][debug  ][gc,ergo        ] GC(167) avg_promoted_padded_avg: 261048288.000000  avg_pretenured_padded_avg: 0.000000  tenuring_thresh: 15  target_size: 31981568
[45.633s][debug  ][gc,age         ] GC(167) Desired survivor size 31981568 bytes, new threshold 15 (max threshold 15)
[45.633s][debug  ][gc,ergo        ] GC(167) PSAdaptiveSizePolicy::compute_eden_space_size limits: desired_eden_size: 223358236 old_eden_size: 204472320 eden_limit: 204472320 cur_eden: 204472320 max_eden_size: 204472320 avg_young_live: 25478294
[45.633s][debug  ][gc,ergo        ] GC(167) PSAdaptiveSizePolicy::compute_eden_space_size: costs minor_time: 0.046447 major_cost: 0.054127 mutator_cost: 0.899425 throughput_goal: 0.990000
[45.633s][debug  ][gc,ergo        ] GC(167) Live_space: 1072705408 free_space: 1431306240
[45.633s][debug  ][gc,ergo        ] GC(167) Old eden_size: 204472320 desired_eden_size: 204472320
[45.633s][debug  ][gc,ergo        ] GC(167) AdaptiveSizeStop: collection: 168 
[45.633s][info   ][gc,heap        ] GC(167) PSYoungGen: 198458K(230912K)->30720K(230912K) Eden: 198458K(199680K)->0K(199680K) From: 0K(31232K)->30720K(31232K)
[45.633s][info   ][gc,heap        ] GC(167) ParOldGen: 718436K(1835008K)->882276K(1835008K)
[45.633s][info   ][gc,metaspace   ] GC(167) Metaspace: 1023K(1216K)->1023K(1216K) NonClass: 939K(1024K)->939K(1024K) Class: 83K(192K)->83K(192K)
[45.633s][info   ][gc             ] GC(167) Pause Young (Allocation Failure) 895M->891M(2017M) 15.081ms
[45.633s][info   ][gc,cpu         ] GC(167) User=0.17s Sys=0.00s Real=0.01s
[45.633s][debug  ][gc,heap        ] GC(167) Heap after GC invocations=168 (full 27):
[45.633s][debug  ][gc,heap        ] GC(167)  PSYoungGen      total 230912K, used 30720K [0x00000000f0000000, 0x0000000100000000, 0x0000000100000000)
[45.633s][debug  ][gc,heap        ] GC(167)   eden space 199680K, 0% used [0x00000000f0000000,0x00000000f0000000,0x00000000fc300000)
[45.633s][debug  ][gc,heap        ] GC(167)   from space 31232K, 98% used [0x00000000fe180000,0x00000000fff80030,0x0000000100000000)
[45.633s][debug  ][gc,heap        ] GC(167)   to   space 31232K, 0% used [0x00000000fc300000,0x00000000fc300000,0x00000000fe180000)
[45.633s][debug  ][gc,heap        ] GC(167)  ParOldGen       total 1835008K, used 882276K [0x0000000080000000, 0x00000000f0000000, 0x00000000f0000000)
[45.634s][debug  ][gc,heap        ] GC(167)   object space 1835008K, 48% used [0x0000000080000000,0x00000000b5d99138,0x00000000f0000000)
[45.634s][debug  ][gc,heap        ] GC(167)  Metaspace       used 1023K, committed 1216K, reserved 1056768K
[45.634s][debug  ][gc,heap        ] GC(167)   class space    used 83K, committed 192K, reserved 1048576K
[45.634s][debug  ][gc,task,time   ] GC(167) VM-Thread 456177735 456314486 456336190
[45.927s][debug  ][gc,heap        ] GC(168) Heap before GC invocations=169 (full 27):
[45.927s][debug  ][gc,heap        ] GC(168)  PSYoungGen      total 230912K, used 229112K [0x00000000f0000000, 0x0000000100000000, 0x0000000100000000)
[45.927s][debug  ][gc,heap        ] GC(168)   eden space 199680K, 99% used [0x00000000f0000000,0x00000000fc1be1f8,0x00000000fc300000)
[45.927s][debug  ][gc,heap        ] GC(168)   from space 31232K, 98% used [0x00000000fe180000,0x00000000fff80030,0x0000000100000000)
[45.927s][debug  ][gc,heap        ] GC(168)   to   space 31232K, 0% used [0x00000000fc300000,0x00000000fc300000,0x00000000fe180000)
[45.927s][debug  ][gc,heap        ] GC(168)  ParOldGen       total 1835008K, used 882276K [0x0000000080000000, 0x00000000f0000000, 0x00000000f0000000)
[45.927s][debug  ][gc,heap        ] GC(168)   object space 1835008K, 48% used [0x0000000080000000,0x00000000b5d99138,0x00000000f0000000)
[45.927s][debug  ][gc,heap        ] GC(168)  Metaspace       used 1024K, committed 1216K, reserved 1056768K
[45.927s][debug  ][gc,heap        ] GC(168)   class space    used 83K, committed 192K, reserved 1048576K
[45.928s][debug  ][gc,tlab        ] GC(168) TLAB totals: thrds: 1  refills: 1 max: 1 slow allocs: 18 max 18 waste: 27.2% gc: 3923104B max: 3923104B slow: 0B max: 0B
[45.928s][info   ][gc,start       ] GC(168) Pause Young (Allocation Failure)
[45.928s][debug  ][gc,phases,start] GC(168) Scavenge
[45.934s][debug  ][gc,phases      ] GC(168) Scavenge 6.297ms
[45.934s][debug  ][gc,phases,start] GC(168) Reference Processing
[45.934s][debug  ][gc,ref         ] GC(168) Skipped phase 1 of Reference Processing: no references
[45.934s][debug  ][gc,ref         ] GC(168) Skipped phase 2 of Reference Processing: no references
[45.934s][debug  ][gc,ref         ] GC(168) Skipped phase 3 of Reference Processing: no references
[45.934s][debug  ][gc,ref         ] GC(168) Skipped phase 4 of Reference Processing: no references
[45.934s][debug  ][gc,phases,ref  ] GC(168) Reference Processing: 0.1ms
[45.934s][debug  ][gc,phases,ref  ] GC(168)   Reconsider SoftReferences: 0.0ms
[45.934s][debug  ][gc,phases,ref  ] GC(168)     SoftRef (ms):                  skipped
[45.934s][debug  ][gc,phases,ref  ] GC(168)   Notify Soft/WeakReferences: 0.0ms
[45.934s][debug  ][gc,phases,ref  ] GC(168)     SoftRef (ms):                  skipped
[45.934s][debug  ][gc,phases,ref  ] GC(168)     WeakRef (ms):                  skipped
[45.934s][debug  ][gc,phases,ref  ] GC(168)     FinalRef (ms):                 skipped
[45.934s][debug  ][gc,phases,ref  ] GC(168)     Total (ms):                    skipped
[45.934s][debug  ][gc,phases,ref  ] GC(168)   Notify and keep alive finalizable: 0.0ms
[45.934s][debug  ][gc,phases,ref  ] GC(168)     FinalRef (ms):                 skipped
[45.934s][debug  ][gc,phases,ref  ] GC(168)   Notify PhantomReferences: 0.0ms
[45.934s][debug  ][gc,phases,ref  ] GC(168)     PhantomRef (ms):               skipped
[45.934s][debug  ][gc,phases,ref  ] GC(168)   SoftReference:
[45.935s][debug  ][gc,phases,ref  ] GC(168)     Discovered: 0
[45.935s][debug  ][gc,phases,ref  ] GC(168)     Cleared: 0
[45.935s][debug  ][gc,phases,ref  ] GC(168)   WeakReference:
[45.935s][debug  ][gc,phases,ref  ] GC(168)     Discovered: 0
[45.935s][debug  ][gc,phases,ref  ] GC(168)     Cleared: 0
[45.935s][debug  ][gc,phases,ref  ] GC(168)   FinalReference:
[45.935s][debug  ][gc,phases,ref  ] GC(168)     Discovered: 0
[45.935s][debug  ][gc,phases,ref  ] GC(168)     Cleared: 0
[45.935s][debug  ][gc,phases,ref  ] GC(168)   PhantomReference:
[45.935s][debug  ][gc,phases,ref  ] GC(168)     Discovered: 0
[45.935s][debug  ][gc,phases,ref  ] GC(168)     Cleared: 0
[45.935s][debug  ][gc,phases      ] GC(168) Reference Processing 0.750ms
[45.935s][debug  ][gc,phases,start] GC(168) Weak Processing
[45.935s][debug  ][gc,phases      ] GC(168)   VM Weak                        Min:  0.0, Avg:  0.0, Max:  0.0, Diff:  0.0, Sum:  0.0, Workers: 6
[45.935s][debug  ][gc,phases      ] GC(168)     Dead                           Min: 0, Avg:  0.0, Max: 0, Diff: 0, Sum: 0, Workers: 6
[45.935s][debug  ][gc,phases      ] GC(168)     Total                          Min: 0, Avg:  1.3, Max: 8, Diff: 8, Sum: 8, Workers: 6
[45.935s][debug  ][gc,phases      ] GC(168)   ObjectSynchronizer Weak        Min:  0.0, Avg:  0.0, Max:  0.0, Diff:  0.0, Sum:  0.0, Workers: 6
[45.935s][debug  ][gc,phases      ] GC(168)     Dead                           Min: 0, Avg:  0.0, Max: 0, Diff: 0, Sum: 0, Workers: 6
[45.935s][debug  ][gc,phases      ] GC(168)     Total                          Min: 0, Avg:  0.5, Max: 3, Diff: 3, Sum: 3, Workers: 6
[45.935s][debug  ][gc,phases      ] GC(168)   JVMTI Tag Weak OopStorage      Min:  0.0, Avg:  0.0, Max:  0.0, Diff:  0.0, Sum:  0.0, Workers: 6
[45.935s][debug  ][gc,phases      ] GC(168)     Dead                           Min: 0, Avg:  0.0, Max: 0, Diff: 0, Sum: 0, Workers: 6
[45.935s][debug  ][gc,phases      ] GC(168)     Total                          Min: 0, Avg:  0.0, Max: 0, Diff: 0, Sum: 0, Workers: 6
[45.935s][debug  ][gc,phases      ] GC(168)   StringTable Weak               Min:  0.0, Avg:  0.0, Max:  0.0, Diff:  0.0, Sum:  0.0, Workers: 6
[45.935s][debug  ][gc,phases      ] GC(168)     Dead                           Min: 0, Avg:  0.0, Max: 0, Diff: 0, Sum: 0, Workers: 6
[45.935s][debug  ][gc,phases      ] GC(168)     Total                          Min: 575, Avg: 892.3, Max: 1152, Diff: 577, Sum: 5354, Workers: 6
[45.935s][debug  ][gc,phases      ] GC(168)   ResolvedMethodTable Weak       Min:  0.0, Avg:  0.0, Max:  0.0, Diff:  0.0, Sum:  0.0, Workers: 6
[45.935s][debug  ][gc,phases      ] GC(168)     Dead                           Min: 0, Avg:  0.0, Max: 0, Diff: 0, Sum: 0, Workers: 6
[45.935s][debug  ][gc,phases      ] GC(168)     Total                          Min: 0, Avg: 21.7, Max: 64, Diff: 64, Sum: 130, Workers: 6
[45.935s][debug  ][gc,phases      ] GC(168)   JNI Weak                       Min:  0.0, Avg:  0.0, Max:  0.0, Diff:  0.0, Sum:  0.0, Workers: 6
[45.935s][debug  ][gc,phases      ] GC(168)     Dead                           Min: 0, Avg:  0.0, Max: 0, Diff: 0, Sum: 0, Workers: 6
[45.935s][debug  ][gc,phases      ] GC(168)     Total                          Min: 0, Avg:  0.0, Max: 0, Diff: 0, Sum: 0, Workers: 6
[45.935s][debug  ][gc,phases      ] GC(168)   StringDedup Table Weak         Min:  0.0, Avg:  0.0, Max:  0.0, Diff:  0.0, Sum:  0.0, Workers: 6
[45.935s][debug  ][gc,phases      ] GC(168)     Dead                           Min: 0, Avg:  0.0, Max: 0, Diff: 0, Sum: 0, Workers: 6
[45.935s][debug  ][gc,phases      ] GC(168)     Total                          Min: 0, Avg:  0.0, Max: 0, Diff: 0, Sum: 0, Workers: 6
[45.935s][debug  ][gc,phases      ] GC(168)   StringDedup Requests0 Weak     Min:  0.0, Avg:  0.0, Max:  0.0, Diff:  0.0, Sum:  0.0, Workers: 6
[45.936s][debug  ][gc,phases      ] GC(168)     Dead                           Min: 0, Avg:  0.0, Max: 0, Diff: 0, Sum: 0, Workers: 6
[45.936s][debug  ][gc,phases      ] GC(168)     Total                          Min: 0, Avg:  0.0, Max: 0, Diff: 0, Sum: 0, Workers: 6
[45.936s][debug  ][gc,phases      ] GC(168)   StringDedup Requests1 Weak     Min:  0.0, Avg:  0.0, Max:  0.0, Diff:  0.0, Sum:  0.0, Workers: 6
[45.936s][debug  ][gc,phases      ] GC(168)     Dead                           Min: 0, Avg:  0.0, Max: 0, Diff: 0, Sum: 0, Workers: 6
[45.936s][debug  ][gc,phases      ] GC(168)     Total                          Min: 0, Avg:  0.0, Max: 0, Diff: 0, Sum: 0, Workers: 6
[45.936s][debug  ][gc,phases      ] GC(168)   Weak JFR Old Object Samples    Min:  0.0, Avg:  0.0, Max:  0.0, Diff:  0.0, Sum:  0.0, Workers: 6
[45.936s][debug  ][gc,phases      ] GC(168)     Dead                           Min: 0, Avg:  0.0, Max: 0, Diff: 0, Sum: 0, Workers: 6
[45.936s][debug  ][gc,phases      ] GC(168)     Total                          Min: 0, Avg:  0.0, Max: 0, Diff: 0, Sum: 0, Workers: 6
[45.936s][debug  ][gc,phases      ] GC(168) Weak Processing 0.923ms
[45.936s][debug  ][gc,ergo        ] GC(168) AdaptiveSizeStart:  collection: 169 
[45.936s][debug  ][gc,ergo        ] GC(168) avg_survived_padded_avg: 31529538.000000
[45.936s][debug  ][gc,ergo        ] GC(168) avg_promoted_padded_avg: 273696032.000000  avg_pretenured_padded_avg: 0.000000  tenuring_thresh: 15  target_size: 31981568
[45.936s][debug  ][gc,age         ] GC(168) Desired survivor size 31981568 bytes, new threshold 15 (max threshold 15)
[45.936s][debug  ][gc,ergo        ] GC(168) PSAdaptiveSizePolicy::compute_eden_space_size limits: desired_eden_size: 222228761 old_eden_size: 204472320 eden_limit: 204472320 cur_eden: 204472320 max_eden_size: 204472320 avg_young_live: 26076198
[45.936s][debug  ][gc,ergo        ] GC(168) PSAdaptiveSizePolicy::compute_eden_space_size: costs minor_time: 0.041538 major_cost: 0.054127 mutator_cost: 0.904335 throughput_goal: 0.990000
[45.936s][debug  ][gc,ergo        ] GC(168) Live_space: 1073303296 free_space: 1431306240
[45.936s][debug  ][gc,ergo        ] GC(168) Old eden_size: 204472320 desired_eden_size: 204472320
[45.936s][debug  ][gc,ergo        ] GC(168) AdaptiveSizeStop: collection: 169 
[45.936s][info   ][gc,heap        ] GC(168) PSYoungGen: 229112K(230912K)->30720K(230912K) Eden: 198392K(199680K)->0K(199680K) From: 30720K(31232K)->30720K(31232K)
[45.936s][info   ][gc,heap        ] GC(168) ParOldGen: 882276K(1835008K)->933476K(1835008K)
[45.936s][info   ][gc,metaspace   ] GC(168) Metaspace: 1024K(1216K)->1024K(1216K) NonClass: 940K(1024K)->940K(1024K) Class: 83K(192K)->83K(192K)
[45.936s][info   ][gc             ] GC(168) Pause Young (Allocation Failure) 1085M->941M(2017M) 8.485ms
[45.936s][info   ][gc,cpu         ] GC(168) User=0.00s Sys=0.00s Real=0.01s
[45.936s][debug  ][gc,heap        ] GC(168) Heap after GC invocations=169 (full 27):
[45.936s][debug  ][gc,heap        ] GC(168)  PSYoungGen      total 230912K, used 30720K [0x00000000f0000000, 0x0000000100000000, 0x0000000100000000)
[45.936s][debug  ][gc,heap        ] GC(168)   eden space 199680K, 0% used [0x00000000f0000000,0x00000000f0000000,0x00000000fc300000)
[45.936s][debug  ][gc,heap        ] GC(168)   from space 31232K, 98% used [0x00000000fc300000,0x00000000fe100030,0x00000000fe180000)
[45.936s][debug  ][gc,heap        ] GC(168)   to   space 31232K, 0% used [0x00000000fe180000,0x00000000fe180000,0x0000000100000000)
[45.936s][debug  ][gc,heap        ] GC(168)  ParOldGen       total 1835008K, used 933476K [0x0000000080000000, 0x00000000f0000000, 0x00000000f0000000)
[45.936s][debug  ][gc,heap        ] GC(168)   object space 1835008K, 50% used [0x0000000080000000,0x00000000b8f99188,0x00000000f0000000)
[45.936s][debug  ][gc,heap        ] GC(168)  Metaspace       used 1024K, committed 1216K, reserved 1056768K
[45.936s][debug  ][gc,heap        ] GC(168)   class space    used 83K, committed 192K, reserved 1048576K
[45.936s][debug  ][gc,task,time   ] GC(168) VM-Thread 459271129 459340005 459363223
[46.239s][debug  ][gc,heap        ] GC(169) Heap before GC invocations=170 (full 27):
[46.239s][debug  ][gc,heap        ] GC(169)  PSYoungGen      total 230912K, used 229142K [0x00000000f0000000, 0x0000000100000000, 0x0000000100000000)
[46.239s][debug  ][gc,heap        ] GC(169)   eden space 199680K, 99% used [0x00000000f0000000,0x00000000fc1c57f0,0x00000000fc300000)
[46.239s][debug  ][gc,heap        ] GC(169)   from space 31232K, 98% used [0x00000000fc300000,0x00000000fe100030,0x00000000fe180000)
[46.239s][debug  ][gc,heap        ] GC(169)   to   space 31232K, 0% used [0x00000000fe180000,0x00000000fe180000,0x0000000100000000)
[46.239s][debug  ][gc,heap        ] GC(169)  ParOldGen       total 1835008K, used 933476K [0x0000000080000000, 0x00000000f0000000, 0x00000000f0000000)
[46.239s][debug  ][gc,heap        ] GC(169)   object space 1835008K, 50% used [0x0000000080000000,0x00000000b8f99188,0x00000000f0000000)
[46.239s][debug  ][gc,heap        ] GC(169)  Metaspace       used 1024K, committed 1216K, reserved 1056768K
[46.239s][debug  ][gc,heap        ] GC(169)   class space    used 83K, committed 192K, reserved 1048576K
[46.239s][debug  ][gc,tlab        ] GC(169) TLAB totals: thrds: 1  refills: 1 max: 1 slow allocs: 18 max 18 waste: 27.4% gc: 3954368B max: 3954368B slow: 0B max: 0B
[46.239s][info   ][gc,start       ] GC(169) Pause Young (Allocation Failure)
[46.239s][debug  ][gc,phases,start] GC(169) Scavenge
[46.254s][debug  ][gc,phases      ] GC(169) Scavenge 15.346ms
[46.254s][debug  ][gc,phases,start] GC(169) Reference Processing
[46.254s][debug  ][gc,ref         ] GC(169) Skipped phase 1 of Reference Processing: no references
[46.254s][debug  ][gc,ref         ] GC(169) Skipped phase 2 of Reference Processing: no references
[46.254s][debug  ][gc,ref         ] GC(169) Skipped phase 3 of Reference Processing: no references
[46.254s][debug  ][gc,ref         ] GC(169) Skipped phase 4 of Reference Processing: no references
[46.254s][debug  ][gc,phases,ref  ] GC(169) Reference Processing: 0.1ms
[46.254s][debug  ][gc,phases,ref  ] GC(169)   Reconsider SoftReferences: 0.0ms
[46.254s][debug  ][gc,phases,ref  ] GC(169)     SoftRef (ms):                  skipped
[46.255s][debug  ][gc,phases,ref  ] GC(169)   Notify Soft/WeakReferences: 0.0ms
[46.255s][debug  ][gc,phases,ref  ] GC(169)     SoftRef (ms):                  skipped
[46.255s][debug  ][gc,phases,ref  ] GC(169)     WeakRef (ms):                  skipped
[46.255s][debug  ][gc,phases,ref  ] GC(169)     FinalRef (ms):                 skipped
[46.255s][debug  ][gc,phases,ref  ] GC(169)     Total (ms):                    skipped
[46.255s][debug  ][gc,phases,ref  ] GC(169)   Notify and keep alive finalizable: 0.0ms
[46.255s][debug  ][gc,phases,ref  ] GC(169)     FinalRef (ms):                 skipped
[46.255s][debug  ][gc,phases,ref  ] GC(169)   Notify PhantomReferences: 0.0ms
[46.255s][debug  ][gc,phases,ref  ] GC(169)     PhantomRef (ms):               skipped
[46.255s][debug  ][gc,phases,ref  ] GC(169)   SoftReference:
[46.255s][debug  ][gc,phases,ref  ] GC(169)     Discovered: 0
[46.255s][debug  ][gc,phases,ref  ] GC(169)     Cleared: 0
[46.255s][debug  ][gc,phases,ref  ] GC(169)   WeakReference:
[46.255s][debug  ][gc,phases,ref  ] GC(169)     Discovered: 0
[46.255s][debug  ][gc,phases,ref  ] GC(169)     Cleared: 0
[46.255s][debug  ][gc,phases,ref  ] GC(169)   FinalReference:
[46.255s][debug  ][gc,phases,ref  ] GC(169)     Discovered: 0
[46.255s][debug  ][gc,phases,ref  ] GC(169)     Cleared: 0
[46.255s][debug  ][gc,phases,ref  ] GC(169)   PhantomReference:
[46.255s][debug  ][gc,phases,ref  ] GC(169)     Discovered: 0
[46.255s][debug  ][gc,phases,ref  ] GC(169)     Cleared: 0
[46.255s][debug  ][gc,phases      ] GC(169) Reference Processing 0.567ms
[46.255s][debug  ][gc,phases,start] GC(169) Weak Processing
[46.255s][debug  ][gc,phases      ] GC(169)   VM Weak                        Min:  0.0, Avg:  0.0, Max:  0.0, Diff:  0.0, Sum:  0.0, Workers: 6
[46.255s][debug  ][gc,phases      ] GC(169)     Dead                           Min: 0, Avg:  0.0, Max: 0, Diff: 0, Sum: 0, Workers: 6
[46.255s][debug  ][gc,phases      ] GC(169)     Total                          Min: 0, Avg:  1.3, Max: 8, Diff: 8, Sum: 8, Workers: 6
[46.255s][debug  ][gc,phases      ] GC(169)   ObjectSynchronizer Weak        Min:  0.0, Avg:  0.0, Max:  0.0, Diff:  0.0, Sum:  0.0, Workers: 6
[46.255s][debug  ][gc,phases      ] GC(169)     Dead                           Min: 0, Avg:  0.0, Max: 0, Diff: 0, Sum: 0, Workers: 6
[46.255s][debug  ][gc,phases      ] GC(169)     Total                          Min: 0, Avg:  0.5, Max: 3, Diff: 3, Sum: 3, Workers: 6
[46.255s][debug  ][gc,phases      ] GC(169)   JVMTI Tag Weak OopStorage      Min:  0.0, Avg:  0.0, Max:  0.0, Diff:  0.0, Sum:  0.0, Workers: 6
[46.255s][debug  ][gc,phases      ] GC(169)     Dead                           Min: 0, Avg:  0.0, Max: 0, Diff: 0, Sum: 0, Workers: 6
[46.255s][debug  ][gc,phases      ] GC(169)     Total                          Min: 0, Avg:  0.0, Max: 0, Diff: 0, Sum: 0, Workers: 6
[46.255s][debug  ][gc,phases      ] GC(169)   StringTable Weak               Min:  0.0, Avg:  0.0, Max:  0.0, Diff:  0.0, Sum:  0.0, Workers: 6
[46.255s][debug  ][gc,phases      ] GC(169)     Dead                           Min: 0, Avg:  0.0, Max: 0, Diff: 0, Sum: 0, Workers: 6
[46.255s][debug  ][gc,phases      ] GC(169)     Total                          Min: 640, Avg: 892.3, Max: 1152, Diff: 512, Sum: 5354, Workers: 6
[46.255s][debug  ][gc,phases      ] GC(169)   ResolvedMethodTable Weak       Min:  0.0, Avg:  0.0, Max:  0.0, Diff:  0.0, Sum:  0.0, Workers: 6
[46.255s][debug  ][gc,phases      ] GC(169)     Dead                           Min: 0, Avg:  0.0, Max: 0, Diff: 0, Sum: 0, Workers: 6
[46.255s][debug  ][gc,phases      ] GC(169)     Total                          Min: 0, Avg: 21.7, Max: 64, Diff: 64, Sum: 130, Workers: 6
[46.255s][debug  ][gc,phases      ] GC(169)   JNI Weak                       Min:  0.0, Avg:  0.0, Max:  0.0, Diff:  0.0, Sum:  0.0, Workers: 6
[46.255s][debug  ][gc,phases      ] GC(169)     Dead                           Min: 0, Avg:  0.0, Max: 0, Diff: 0, Sum: 0, Workers: 6
[46.255s][debug  ][gc,phases      ] GC(169)     Total                          Min: 0, Avg:  0.0, Max: 0, Diff: 0, Sum: 0, Workers: 6
[46.255s][debug  ][gc,phases      ] GC(169)   StringDedup Table Weak         Min:  0.0, Avg:  0.0, Max:  0.0, Diff:  0.0, Sum:  0.0, Workers: 6
[46.255s][debug  ][gc,phases      ] GC(169)     Dead                           Min: 0, Avg:  0.0, Max: 0, Diff: 0, Sum: 0, Workers: 6
[46.255s][debug  ][gc,phases      ] GC(169)     Total                          Min: 0, Avg:  0.0, Max: 0, Diff: 0, Sum: 0, Workers: 6
[46.255s][debug  ][gc,phases      ] GC(169)   StringDedup Requests0 Weak     Min:  0.0, Avg:  0.0, Max:  0.0, Diff:  0.0, Sum:  0.0, Workers: 6
[46.255s][debug  ][gc,phases      ] GC(169)     Dead                           Min: 0, Avg:  0.0, Max: 0, Diff: 0, Sum: 0, Workers: 6
[46.255s][debug  ][gc,phases      ] GC(169)     Total                          Min: 0, Avg:  0.0, Max: 0, Diff: 0, Sum: 0, Workers: 6
[46.255s][debug  ][gc,phases      ] GC(169)   StringDedup Requests1 Weak     Min:  0.0, Avg:  0.0, Max:  0.0, Diff:  0.0, Sum:  0.0, Workers: 6
[46.255s][debug  ][gc,phases      ] GC(169)     Dead                           Min: 0, Avg:  0.0, Max: 0, Diff: 0, Sum: 0, Workers: 6
[46.256s][debug  ][gc,phases      ] GC(169)     Total                          Min: 0, Avg:  0.0, Max: 0, Diff: 0, Sum: 0, Workers: 6
[46.256s][debug  ][gc,phases      ] GC(169)   Weak JFR Old Object Samples    Min:  0.0, Avg:  0.0, Max:  0.0, Diff:  0.0, Sum:  0.0, Workers: 6
[46.256s][debug  ][gc,phases      ] GC(169)     Dead                           Min: 0, Avg:  0.0, Max: 0, Diff: 0, Sum: 0, Workers: 6
[46.256s][debug  ][gc,phases      ] GC(169)     Total                          Min: 0, Avg:  0.0, Max: 0, Diff: 0, Sum: 0, Workers: 6
[46.256s][debug  ][gc,phases      ] GC(169) Weak Processing 0.666ms
[46.256s][debug  ][gc,ergo        ] GC(169) AdaptiveSizeStart:  collection: 170 
[46.256s][debug  ][gc,ergo        ] GC(169) avg_survived_padded_avg: 31523214.000000
[46.256s][debug  ][gc,ergo        ] GC(169) avg_promoted_padded_avg: 275726912.000000  avg_pretenured_padded_avg: 0.000000  tenuring_thresh: 15  target_size: 31981568
[46.256s][debug  ][gc,age         ] GC(169) Desired survivor size 31981568 bytes, new threshold 15 (max threshold 15)
[46.256s][debug  ][gc,ergo        ] GC(169) PSAdaptiveSizePolicy::compute_eden_space_size limits: desired_eden_size: 222857170 old_eden_size: 204472320 eden_limit: 204472320 cur_eden: 204472320 max_eden_size: 204472320 avg_young_live: 26614310
[46.256s][debug  ][gc,ergo        ] GC(169) PSAdaptiveSizePolicy::compute_eden_space_size: costs minor_time: 0.044209 major_cost: 0.054127 mutator_cost: 0.901664 throughput_goal: 0.990000
[46.256s][debug  ][gc,ergo        ] GC(169) Live_space: 1073841408 free_space: 1431306240
[46.256s][debug  ][gc,ergo        ] GC(169) Old eden_size: 204472320 desired_eden_size: 204472320
[46.256s][debug  ][gc,ergo        ] GC(169) AdaptiveSizeStop: collection: 170 
[46.256s][info   ][gc,heap        ] GC(169) PSYoungGen: 229142K(230912K)->30720K(230912K) Eden: 198421K(199680K)->0K(199680K) From: 30720K(31232K)->30720K(31232K)
[46.256s][info   ][gc,heap        ] GC(169) ParOldGen: 933476K(1835008K)->1128036K(1835008K)
[46.256s][info   ][gc,metaspace   ] GC(169) Metaspace: 1024K(1216K)->1024K(1216K) NonClass: 940K(1024K)->940K(1024K) Class: 83K(192K)->83K(192K)
[46.256s][info   ][gc             ] GC(169) Pause Young (Allocation Failure) 1135M->1131M(2017M) 17.004ms
[46.256s][info   ][gc,cpu         ] GC(169) User=0.17s Sys=0.00s Real=0.02s
[46.256s][debug  ][gc,heap        ] GC(169) Heap after GC invocations=170 (full 27):
[46.256s][debug  ][gc,heap        ] GC(169)  PSYoungGen      total 230912K, used 30720K [0x00000000f0000000, 0x0000000100000000, 0x0000000100000000)
[46.256s][debug  ][gc,heap        ] GC(169)   eden space 199680K, 0% used [0x00000000f0000000,0x00000000f0000000,0x00000000fc300000)
[46.256s][debug  ][gc,heap        ] GC(169)   from space 31232K, 98% used [0x00000000fe180000,0x00000000fff80030,0x0000000100000000)
[46.256s][debug  ][gc,heap        ] GC(169)   to   space 31232K, 0% used [0x00000000fc300000,0x00000000fc300000,0x00000000fe180000)
[46.256s][debug  ][gc,heap        ] GC(169)  ParOldGen       total 1835008K, used 1128036K [0x0000000080000000, 0x00000000f0000000, 0x00000000f0000000)
[46.256s][debug  ][gc,heap        ] GC(169)   object space 1835008K, 61% used [0x0000000080000000,0x00000000c4d992b8,0x00000000f0000000)
[46.256s][debug  ][gc,heap        ] GC(169)  Metaspace       used 1024K, committed 1216K, reserved 1056768K
[46.256s][debug  ][gc,heap        ] GC(169)   class space    used 83K, committed 192K, reserved 1048576K
[46.256s][debug  ][gc,task,time   ] GC(169) VM-Thread 462385814 462543308 462561134
[46.552s][debug  ][gc,heap        ] GC(170) Heap before GC invocations=171 (full 27):
[46.552s][debug  ][gc,heap        ] GC(170)  PSYoungGen      total 230912K, used 229161K [0x00000000f0000000, 0x0000000100000000, 0x0000000100000000)
[46.552s][debug  ][gc,heap        ] GC(170)   eden space 199680K, 99% used [0x00000000f0000000,0x00000000fc1ca3d0,0x00000000fc300000)
[46.552s][debug  ][gc,heap        ] GC(170)   from space 31232K, 98% used [0x00000000fe180000,0x00000000fff80030,0x0000000100000000)
[46.552s][debug  ][gc,heap        ] GC(170)   to   space 31232K, 0% used [0x00000000fc300000,0x00000000fc300000,0x00000000fe180000)
[46.552s][debug  ][gc,heap        ] GC(170)  ParOldGen       total 1835008K, used 1128036K [0x0000000080000000, 0x00000000f0000000, 0x00000000f0000000)
[46.552s][debug  ][gc,heap        ] GC(170)   object space 1835008K, 61% used [0x0000000080000000,0x00000000c4d992b8,0x00000000f0000000)
[46.552s][debug  ][gc,heap        ] GC(170)  Metaspace       used 1024K, committed 1216K, reserved 1056768K
[46.552s][debug  ][gc,heap        ] GC(170)   class space    used 83K, committed 192K, reserved 1048576K
[46.552s][debug  ][gc,tlab        ] GC(170) TLAB totals: thrds: 1  refills: 1 max: 1 slow allocs: 18 max 18 waste: 27.5% gc: 3973792B max: 3973792B slow: 0B max: 0B
[46.552s][info   ][gc,start       ] GC(170) Pause Young (Allocation Failure)
[46.552s][debug  ][gc,phases,start] GC(170) Scavenge
[46.568s][debug  ][gc,phases      ] GC(170) Scavenge 15.335ms
[46.568s][debug  ][gc,phases,start] GC(170) Reference Processing
[46.568s][debug  ][gc,ref         ] GC(170) Skipped phase 1 of Reference Processing: no references
[46.568s][debug  ][gc,ref         ] GC(170) Skipped phase 2 of Reference Processing: no references
[46.568s][debug  ][gc,ref         ] GC(170) Skipped phase 3 of Reference Processing: no references
[46.568s][debug  ][gc,ref         ] GC(170) Skipped phase 4 of Reference Processing: no references
[46.568s][debug  ][gc,phases,ref  ] GC(170) Reference Processing: 0.1ms
[46.568s][debug  ][gc,phases,ref  ] GC(170)   Reconsider SoftReferences: 0.0ms
[46.568s][debug  ][gc,phases,ref  ] GC(170)     SoftRef (ms):                  skipped
[46.568s][debug  ][gc,phases,ref  ] GC(170)   Notify Soft/WeakReferences: 0.0ms
[46.568s][debug  ][gc,phases,ref  ] GC(170)     SoftRef (ms):                  skipped
[46.568s][debug  ][gc,phases,ref  ] GC(170)     WeakRef (ms):                  skipped
[46.568s][debug  ][gc,phases,ref  ] GC(170)     FinalRef (ms):                 skipped
[46.568s][debug  ][gc,phases,ref  ] GC(170)     Total (ms):                    skipped
[46.568s][debug  ][gc,phases,ref  ] GC(170)   Notify and keep alive finalizable: 0.0ms
[46.568s][debug  ][gc,phases,ref  ] GC(170)     FinalRef (ms):                 skipped
[46.568s][debug  ][gc,phases,ref  ] GC(170)   Notify PhantomReferences: 0.0ms
[46.568s][debug  ][gc,phases,ref  ] GC(170)     PhantomRef (ms):               skipped
[46.568s][debug  ][gc,phases,ref  ] GC(170)   SoftReference:
[46.568s][debug  ][gc,phases,ref  ] GC(170)     Discovered: 0
[46.568s][debug  ][gc,phases,ref  ] GC(170)     Cleared: 0
[46.568s][debug  ][gc,phases,ref  ] GC(170)   WeakReference:
[46.568s][debug  ][gc,phases,ref  ] GC(170)     Discovered: 0
[46.568s][debug  ][gc,phases,ref  ] GC(170)     Cleared: 0
[46.568s][debug  ][gc,phases,ref  ] GC(170)   FinalReference:
[46.568s][debug  ][gc,phases,ref  ] GC(170)     Discovered: 0
[46.568s][debug  ][gc,phases,ref  ] GC(170)     Cleared: 0
[46.568s][debug  ][gc,phases,ref  ] GC(170)   PhantomReference:
[46.568s][debug  ][gc,phases,ref  ] GC(170)     Discovered: 0
[46.568s][debug  ][gc,phases,ref  ] GC(170)     Cleared: 0
[46.568s][debug  ][gc,phases      ] GC(170) Reference Processing 0.576ms
[46.568s][debug  ][gc,phases,start] GC(170) Weak Processing
[46.568s][debug  ][gc,phases      ] GC(170)   VM Weak                        Min:  0.0, Avg:  0.0, Max:  0.0, Diff:  0.0, Sum:  0.0, Workers: 6
[46.569s][debug  ][gc,phases      ] GC(170)     Dead                           Min: 0, Avg:  0.0, Max: 0, Diff: 0, Sum: 0, Workers: 6
[46.569s][debug  ][gc,phases      ] GC(170)     Total                          Min: 0, Avg:  1.3, Max: 8, Diff: 8, Sum: 8, Workers: 6
[46.569s][debug  ][gc,phases      ] GC(170)   ObjectSynchronizer Weak        Min:  0.0, Avg:  0.0, Max:  0.0, Diff:  0.0, Sum:  0.0, Workers: 6
[46.569s][debug  ][gc,phases      ] GC(170)     Dead                           Min: 0, Avg:  0.0, Max: 0, Diff: 0, Sum: 0, Workers: 6
[46.569s][debug  ][gc,phases      ] GC(170)     Total                          Min: 0, Avg:  0.5, Max: 3, Diff: 3, Sum: 3, Workers: 6
[46.569s][debug  ][gc,phases      ] GC(170)   JVMTI Tag Weak OopStorage      Min:  0.0, Avg:  0.0, Max:  0.0, Diff:  0.0, Sum:  0.0, Workers: 6
[46.569s][debug  ][gc,phases      ] GC(170)     Dead                           Min: 0, Avg:  0.0, Max: 0, Diff: 0, Sum: 0, Workers: 6
[46.569s][debug  ][gc,phases      ] GC(170)     Total                          Min: 0, Avg:  0.0, Max: 0, Diff: 0, Sum: 0, Workers: 6
[46.569s][debug  ][gc,phases      ] GC(170)   StringTable Weak               Min:  0.0, Avg:  0.0, Max:  0.0, Diff:  0.0, Sum:  0.0, Workers: 6
[46.569s][debug  ][gc,phases      ] GC(170)     Dead                           Min: 0, Avg:  0.0, Max: 0, Diff: 0, Sum: 0, Workers: 6
[46.569s][debug  ][gc,phases      ] GC(170)     Total                          Min: 511, Avg: 892.3, Max: 1152, Diff: 641, Sum: 5354, Workers: 6
[46.569s][debug  ][gc,phases      ] GC(170)   ResolvedMethodTable Weak       Min:  0.0, Avg:  0.0, Max:  0.0, Diff:  0.0, Sum:  0.0, Workers: 6
[46.569s][debug  ][gc,phases      ] GC(170)     Dead                           Min: 0, Avg:  0.0, Max: 0, Diff: 0, Sum: 0, Workers: 6
[46.569s][debug  ][gc,phases      ] GC(170)     Total                          Min: 0, Avg: 21.7, Max: 64, Diff: 64, Sum: 130, Workers: 6
[46.569s][debug  ][gc,phases      ] GC(170)   JNI Weak                       Min:  0.0, Avg:  0.0, Max:  0.0, Diff:  0.0, Sum:  0.0, Workers: 6
[46.569s][debug  ][gc,phases      ] GC(170)     Dead                           Min: 0, Avg:  0.0, Max: 0, Diff: 0, Sum: 0, Workers: 6
[46.569s][debug  ][gc,phases      ] GC(170)     Total                          Min: 0, Avg:  0.0, Max: 0, Diff: 0, Sum: 0, Workers: 6
[46.569s][debug  ][gc,phases      ] GC(170)   StringDedup Table Weak         Min:  0.0, Avg:  0.0, Max:  0.0, Diff:  0.0, Sum:  0.0, Workers: 6
[46.569s][debug  ][gc,phases      ] GC(170)     Dead                           Min: 0, Avg:  0.0, Max: 0, Diff: 0, Sum: 0, Workers: 6
[46.569s][debug  ][gc,phases      ] GC(170)     Total                          Min: 0, Avg:  0.0, Max: 0, Diff: 0, Sum: 0, Workers: 6
[46.569s][debug  ][gc,phases      ] GC(170)   StringDedup Requests0 Weak     Min:  0.0, Avg:  0.0, Max:  0.0, Diff:  0.0, Sum:  0.0, Workers: 6
[46.569s][debug  ][gc,phases      ] GC(170)     Dead                           Min: 0, Avg:  0.0, Max: 0, Diff: 0, Sum: 0, Workers: 6
[46.569s][debug  ][gc,phases      ] GC(170)     Total                          Min: 0, Avg:  0.0, Max: 0, Diff: 0, Sum: 0, Workers: 6
[46.569s][debug  ][gc,phases      ] GC(170)   StringDedup Requests1 Weak     Min:  0.0, Avg:  0.0, Max:  0.0, Diff:  0.0, Sum:  0.0, Workers: 6
[46.569s][debug  ][gc,phases      ] GC(170)     Dead                           Min: 0, Avg:  0.0, Max: 0, Diff: 0, Sum: 0, Workers: 6
[46.569s][debug  ][gc,phases      ] GC(170)     Total                          Min: 0, Avg:  0.0, Max: 0, Diff: 0, Sum: 0, Workers: 6
[46.569s][debug  ][gc,phases      ] GC(170)   Weak JFR Old Object Samples    Min:  0.0, Avg:  0.0, Max:  0.0, Diff:  0.0, Sum:  0.0, Workers: 6
[46.569s][debug  ][gc,phases      ] GC(170)     Dead                           Min: 0, Avg:  0.0, Max: 0, Diff: 0, Sum: 0, Workers: 6
[46.569s][debug  ][gc,phases      ] GC(170)     Total                          Min: 0, Avg:  0.0, Max: 0, Diff: 0, Sum: 0, Workers: 6
[46.569s][debug  ][gc,phases      ] GC(170) Weak Processing 0.672ms
[46.569s][debug  ][gc,ergo        ] GC(170) AdaptiveSizeStart:  collection: 171 
[46.569s][debug  ][gc,ergo        ] GC(170) avg_survived_padded_avg: 31517432.000000
[46.569s][debug  ][gc,ergo        ] GC(170) avg_promoted_padded_avg: 276606944.000000  avg_pretenured_padded_avg: 0.000000  tenuring_thresh: 15  target_size: 31981568
[46.569s][debug  ][gc,age         ] GC(170) Desired survivor size 31981568 bytes, new threshold 15 (max threshold 15)
[46.569s][debug  ][gc,ergo        ] GC(170) PSAdaptiveSizePolicy::compute_eden_space_size limits: desired_eden_size: 223362421 old_eden_size: 204472320 eden_limit: 204472320 cur_eden: 204472320 max_eden_size: 204472320 avg_young_live: 27098610
[46.569s][debug  ][gc,ergo        ] GC(170) PSAdaptiveSizePolicy::compute_eden_space_size: costs minor_time: 0.046467 major_cost: 0.054127 mutator_cost: 0.899406 throughput_goal: 0.990000
[46.569s][debug  ][gc,ergo        ] GC(170) Live_space: 1074325760 free_space: 1431306240
[46.569s][debug  ][gc,ergo        ] GC(170) Old eden_size: 204472320 desired_eden_size: 204472320
[46.569s][debug  ][gc,ergo        ] GC(170) AdaptiveSizeStop: collection: 171 
[46.569s][info   ][gc,heap        ] GC(170) PSYoungGen: 229161K(230912K)->30720K(230912K) Eden: 198440K(199680K)->0K(199680K) From: 30720K(31232K)->30720K(31232K)
[46.569s][info   ][gc,heap        ] GC(170) ParOldGen: 1128036K(1835008K)->1322596K(1835008K)
[46.569s][info   ][gc,metaspace   ] GC(170) Metaspace: 1024K(1216K)->1024K(1216K) NonClass: 940K(1024K)->940K(1024K) Class: 83K(192K)->83K(192K)
[46.569s][info   ][gc             ] GC(170) Pause Young (Allocation Failure) 1325M->1321M(2017M) 16.994ms
[46.569s][info   ][gc,cpu         ] GC(170) User=0.17s Sys=0.00s Real=0.02s
[46.569s][debug  ][gc,heap        ] GC(170) Heap after GC invocations=171 (full 27):
[46.569s][debug  ][gc,heap        ] GC(170)  PSYoungGen      total 230912K, used 30720K [0x00000000f0000000, 0x0000000100000000, 0x0000000100000000)
[46.569s][debug  ][gc,heap        ] GC(170)   eden space 199680K, 0% used [0x00000000f0000000,0x00000000f0000000,0x00000000fc300000)
[46.570s][debug  ][gc,heap        ] GC(170)   from space 31232K, 98% used [0x00000000fc300000,0x00000000fe100030,0x00000000fe180000)
[46.570s][debug  ][gc,heap        ] GC(170)   to   space 31232K, 0% used [0x00000000fe180000,0x00000000fe180000,0x0000000100000000)
[46.570s][debug  ][gc,heap        ] GC(170)  ParOldGen       total 1835008K, used 1322596K [0x0000000080000000, 0x00000000f0000000, 0x00000000f0000000)
[46.570s][debug  ][gc,heap        ] GC(170)   object space 1835008K, 72% used [0x0000000080000000,0x00000000d0b993e8,0x00000000f0000000)
[46.570s][debug  ][gc,heap        ] GC(170)  Metaspace       used 1024K, committed 1216K, reserved 1056768K
[46.570s][debug  ][gc,heap        ] GC(170)   class space    used 83K, committed 192K, reserved 1048576K
[46.570s][debug  ][gc,task,time   ] GC(170) VM-Thread 465520464 465678372 465696279
[46.865s][debug  ][gc,heap        ] GC(171) Heap before GC invocations=172 (full 27):
[46.865s][debug  ][gc,heap        ] GC(171)  PSYoungGen      total 230912K, used 229173K [0x00000000f0000000, 0x0000000100000000, 0x0000000100000000)
[46.865s][debug  ][gc,heap        ] GC(171)   eden space 199680K, 99% used [0x00000000f0000000,0x00000000fc1cd498,0x00000000fc300000)
[46.865s][debug  ][gc,heap        ] GC(171)   from space 31232K, 98% used [0x00000000fc300000,0x00000000fe100030,0x00000000fe180000)
[46.865s][debug  ][gc,heap        ] GC(171)   to   space 31232K, 0% used [0x00000000fe180000,0x00000000fe180000,0x0000000100000000)
[46.865s][debug  ][gc,heap        ] GC(171)  ParOldGen       total 1835008K, used 1322596K [0x0000000080000000, 0x00000000f0000000, 0x00000000f0000000)
[46.865s][debug  ][gc,heap        ] GC(171)   object space 1835008K, 72% used [0x0000000080000000,0x00000000d0b993e8,0x00000000f0000000)
[46.865s][debug  ][gc,heap        ] GC(171)  Metaspace       used 1024K, committed 1216K, reserved 1056768K
[46.865s][debug  ][gc,heap        ] GC(171)   class space    used 83K, committed 192K, reserved 1048576K
[46.865s][debug  ][gc,tlab        ] GC(171) TLAB totals: thrds: 1  refills: 1 max: 1 slow allocs: 18 max 18 waste: 27.5% gc: 3986280B max: 3986280B slow: 0B max: 0B
[46.865s][info   ][gc,start       ] GC(171) Pause Young (Allocation Failure)
[46.865s][debug  ][gc,phases,start] GC(171) Scavenge
[46.881s][debug  ][gc,phases      ] GC(171) Scavenge 15.739ms
[46.881s][debug  ][gc,phases,start] GC(171) Reference Processing
[46.881s][debug  ][gc,ref         ] GC(171) Skipped phase 1 of Reference Processing: no references
[46.881s][debug  ][gc,ref         ] GC(171) Skipped phase 2 of Reference Processing: no references
[46.881s][debug  ][gc,ref         ] GC(171) Skipped phase 3 of Reference Processing: no references
[46.881s][debug  ][gc,ref         ] GC(171) Skipped phase 4 of Reference Processing: no references
[46.881s][debug  ][gc,phases,ref  ] GC(171) Reference Processing: 0.1ms
[46.881s][debug  ][gc,phases,ref  ] GC(171)   Reconsider SoftReferences: 0.0ms
[46.881s][debug  ][gc,phases,ref  ] GC(171)     SoftRef (ms):                  skipped
[46.881s][debug  ][gc,phases,ref  ] GC(171)   Notify Soft/WeakReferences: 0.0ms
[46.881s][debug  ][gc,phases,ref  ] GC(171)     SoftRef (ms):                  skipped
[46.881s][debug  ][gc,phases,ref  ] GC(171)     WeakRef (ms):                  skipped
[46.881s][debug  ][gc,phases,ref  ] GC(171)     FinalRef (ms):                 skipped
[46.882s][debug  ][gc,phases,ref  ] GC(171)     Total (ms):                    skipped
[46.882s][debug  ][gc,phases,ref  ] GC(171)   Notify and keep alive finalizable: 0.0ms
[46.882s][debug  ][gc,phases,ref  ] GC(171)     FinalRef (ms):                 skipped
[46.882s][debug  ][gc,phases,ref  ] GC(171)   Notify PhantomReferences: 0.0ms
[46.882s][debug  ][gc,phases,ref  ] GC(171)     PhantomRef (ms):               skipped
[46.882s][debug  ][gc,phases,ref  ] GC(171)   SoftReference:
[46.882s][debug  ][gc,phases,ref  ] GC(171)     Discovered: 0
[46.882s][debug  ][gc,phases,ref  ] GC(171)     Cleared: 0
[46.882s][debug  ][gc,phases,ref  ] GC(171)   WeakReference:
[46.882s][debug  ][gc,phases,ref  ] GC(171)     Discovered: 0
[46.882s][debug  ][gc,phases,ref  ] GC(171)     Cleared: 0
[46.882s][debug  ][gc,phases,ref  ] GC(171)   FinalReference:
[46.882s][debug  ][gc,phases,ref  ] GC(171)     Discovered: 0
[46.882s][debug  ][gc,phases,ref  ] GC(171)     Cleared: 0
[46.882s][debug  ][gc,phases,ref  ] GC(171)   PhantomReference:
[46.882s][debug  ][gc,phases,ref  ] GC(171)     Discovered: 0
[46.882s][debug  ][gc,phases,ref  ] GC(171)     Cleared: 0
[46.882s][debug  ][gc,phases      ] GC(171) Reference Processing 0.611ms
[46.882s][debug  ][gc,phases,start] GC(171) Weak Processing
[46.882s][debug  ][gc,phases      ] GC(171)   VM Weak                        Min:  0.0, Avg:  0.0, Max:  0.0, Diff:  0.0, Sum:  0.0, Workers: 6
[46.882s][debug  ][gc,phases      ] GC(171)     Dead                           Min: 0, Avg:  0.0, Max: 0, Diff: 0, Sum: 0, Workers: 6
[46.882s][debug  ][gc,phases      ] GC(171)     Total                          Min: 0, Avg:  1.3, Max: 8, Diff: 8, Sum: 8, Workers: 6
[46.882s][debug  ][gc,phases      ] GC(171)   ObjectSynchronizer Weak        Min:  0.0, Avg:  0.0, Max:  0.0, Diff:  0.0, Sum:  0.0, Workers: 6
[46.882s][debug  ][gc,phases      ] GC(171)     Dead                           Min: 0, Avg:  0.0, Max: 0, Diff: 0, Sum: 0, Workers: 6
[46.882s][debug  ][gc,phases      ] GC(171)     Total                          Min: 0, Avg:  0.5, Max: 3, Diff: 3, Sum: 3, Workers: 6
[46.882s][debug  ][gc,phases      ] GC(171)   JVMTI Tag Weak OopStorage      Min:  0.0, Avg:  0.0, Max:  0.0, Diff:  0.0, Sum:  0.0, Workers: 6
[46.882s][debug  ][gc,phases      ] GC(171)     Dead                           Min: 0, Avg:  0.0, Max: 0, Diff: 0, Sum: 0, Workers: 6
[46.882s][debug  ][gc,phases      ] GC(171)     Total                          Min: 0, Avg:  0.0, Max: 0, Diff: 0, Sum: 0, Workers: 6
[46.882s][debug  ][gc,phases      ] GC(171)   StringTable Weak               Min:  0.0, Avg:  0.0, Max:  0.0, Diff:  0.0, Sum:  0.0, Workers: 6
[46.882s][debug  ][gc,phases      ] GC(171)     Dead                           Min: 0, Avg:  0.0, Max: 0, Diff: 0, Sum: 0, Workers: 6
[46.882s][debug  ][gc,phases      ] GC(171)     Total                          Min: 704, Avg: 892.3, Max: 1024, Diff: 320, Sum: 5354, Workers: 6
[46.882s][debug  ][gc,phases      ] GC(171)   ResolvedMethodTable Weak       Min:  0.0, Avg:  0.0, Max:  0.0, Diff:  0.0, Sum:  0.0, Workers: 6
[46.882s][debug  ][gc,phases      ] GC(171)     Dead                           Min: 0, Avg:  0.0, Max: 0, Diff: 0, Sum: 0, Workers: 6
[46.882s][debug  ][gc,phases      ] GC(171)     Total                          Min: 0, Avg: 21.7, Max: 64, Diff: 64, Sum: 130, Workers: 6
[46.882s][debug  ][gc,phases      ] GC(171)   JNI Weak                       Min:  0.0, Avg:  0.0, Max:  0.0, Diff:  0.0, Sum:  0.0, Workers: 6
[46.882s][debug  ][gc,phases      ] GC(171)     Dead                           Min: 0, Avg:  0.0, Max: 0, Diff: 0, Sum: 0, Workers: 6
[46.882s][debug  ][gc,phases      ] GC(171)     Total                          Min: 0, Avg:  0.0, Max: 0, Diff: 0, Sum: 0, Workers: 6
[46.882s][debug  ][gc,phases      ] GC(171)   StringDedup Table Weak         Min:  0.0, Avg:  0.0, Max:  0.0, Diff:  0.0, Sum:  0.0, Workers: 6
[46.882s][debug  ][gc,phases      ] GC(171)     Dead                           Min: 0, Avg:  0.0, Max: 0, Diff: 0, Sum: 0, Workers: 6
[46.882s][debug  ][gc,phases      ] GC(171)     Total                          Min: 0, Avg:  0.0, Max: 0, Diff: 0, Sum: 0, Workers: 6
[46.882s][debug  ][gc,phases      ] GC(171)   StringDedup Requests0 Weak     Min:  0.0, Avg:  0.0, Max:  0.0, Diff:  0.0, Sum:  0.0, Workers: 6
[46.882s][debug  ][gc,phases      ] GC(171)     Dead                           Min: 0, Avg:  0.0, Max: 0, Diff: 0, Sum: 0, Workers: 6
[46.882s][debug  ][gc,phases      ] GC(171)     Total                          Min: 0, Avg:  0.0, Max: 0, Diff: 0, Sum: 0, Workers: 6
[46.882s][debug  ][gc,phases      ] GC(171)   StringDedup Requests1 Weak     Min:  0.0, Avg:  0.0, Max:  0.0, Diff:  0.0, Sum:  0.0, Workers: 6
[46.882s][debug  ][gc,phases      ] GC(171)     Dead                           Min: 0, Avg:  0.0, Max: 0, Diff: 0, Sum: 0, Workers: 6
[46.882s][debug  ][gc,phases      ] GC(171)     Total                          Min: 0, Avg:  0.0, Max: 0, Diff: 0, Sum: 0, Workers: 6
[46.883s][debug  ][gc,phases      ] GC(171)   Weak JFR Old Object Samples    Min:  0.0, Avg:  0.0, Max:  0.0, Diff:  0.0, Sum:  0.0, Workers: 6
[46.883s][debug  ][gc,phases      ] GC(171)     Dead                           Min: 0, Avg:  0.0, Max: 0, Diff: 0, Sum: 0, Workers: 6
[46.883s][debug  ][gc,phases      ] GC(171)     Total                          Min: 0, Avg:  0.0, Max: 0, Diff: 0, Sum: 0, Workers: 6
[46.883s][debug  ][gc,phases      ] GC(171) Weak Processing 0.712ms
[46.883s][debug  ][gc,ergo        ] GC(171) AdaptiveSizeStart:  collection: 172 
[46.883s][debug  ][gc,ergo        ] GC(171) avg_survived_padded_avg: 31512148.000000
[46.883s][debug  ][gc,ergo        ] GC(171) avg_promoted_padded_avg: 276545984.000000  avg_pretenured_padded_avg: 0.000000  tenuring_thresh: 15  target_size: 31981568
[46.883s][debug  ][gc,age         ] GC(171) Desired survivor size 31981568 bytes, new threshold 15 (max threshold 15)
[46.883s][debug  ][gc,ergo        ] GC(171) PSAdaptiveSizePolicy::compute_eden_space_size limits: desired_eden_size: 223808563 old_eden_size: 204472320 eden_limit: 204472320 cur_eden: 204472320 max_eden_size: 204472320 avg_young_live: 27534480
[46.883s][debug  ][gc,ergo        ] GC(171) PSAdaptiveSizePolicy::compute_eden_space_size: costs minor_time: 0.048548 major_cost: 0.054127 mutator_cost: 0.897324 throughput_goal: 0.990000
[46.883s][debug  ][gc,ergo        ] GC(171) Live_space: 1074761600 free_space: 1431306240
[46.883s][debug  ][gc,ergo        ] GC(171) Old eden_size: 204472320 desired_eden_size: 204472320
[46.883s][debug  ][gc,ergo        ] GC(171) AdaptiveSizeStop: collection: 172 
[46.883s][info   ][gc,heap        ] GC(171) PSYoungGen: 229173K(230912K)->30720K(230912K) Eden: 198453K(199680K)->0K(199680K) From: 30720K(31232K)->30720K(31232K)
[46.883s][info   ][gc,heap        ] GC(171) ParOldGen: 1322596K(1835008K)->1517157K(1835008K)
[46.883s][info   ][gc,metaspace   ] GC(171) Metaspace: 1024K(1216K)->1024K(1216K) NonClass: 940K(1024K)->940K(1024K) Class: 83K(192K)->83K(192K)
[46.883s][info   ][gc             ] GC(171) Pause Young (Allocation Failure) 1515M->1511M(2017M) 17.487ms
[46.883s][info   ][gc,cpu         ] GC(171) User=0.19s Sys=0.00s Real=0.02s
[46.883s][debug  ][gc,heap        ] GC(171) Heap after GC invocations=172 (full 27):
[46.883s][debug  ][gc,heap        ] GC(171)  PSYoungGen      total 230912K, used 30720K [0x00000000f0000000, 0x0000000100000000, 0x0000000100000000)
[46.883s][debug  ][gc,heap        ] GC(171)   eden space 199680K, 0% used [0x00000000f0000000,0x00000000f0000000,0x00000000fc300000)
[46.883s][debug  ][gc,heap        ] GC(171)   from space 31232K, 98% used [0x00000000fe180000,0x00000000fff80030,0x0000000100000000)
[46.883s][debug  ][gc,heap        ] GC(171)   to   space 31232K, 0% used [0x00000000fc300000,0x00000000fc300000,0x00000000fe180000)
[46.883s][debug  ][gc,heap        ] GC(171)  ParOldGen       total 1835008K, used 1517157K [0x0000000080000000, 0x00000000f0000000, 0x00000000f0000000)
[46.883s][debug  ][gc,heap        ] GC(171)   object space 1835008K, 82% used [0x0000000080000000,0x00000000dc999518,0x00000000f0000000)
[46.883s][debug  ][gc,heap        ] GC(171)  Metaspace       used 1024K, committed 1216K, reserved 1056768K
[46.883s][debug  ][gc,heap        ] GC(171)   class space    used 83K, committed 192K, reserved 1048576K
[46.883s][debug  ][gc,task,time   ] GC(171) VM-Thread 468649659 468812325 468830968
[47.176s][debug  ][gc,heap        ] GC(172) Heap before GC invocations=173 (full 27):
[47.176s][debug  ][gc,heap        ] GC(172)  PSYoungGen      total 230912K, used 229181K [0x00000000f0000000, 0x0000000100000000, 0x0000000100000000)
[47.176s][debug  ][gc,heap        ] GC(172)   eden space 199680K, 99% used [0x00000000f0000000,0x00000000fc1cf3f8,0x00000000fc300000)
[47.176s][debug  ][gc,heap        ] GC(172)   from space 31232K, 98% used [0x00000000fe180000,0x00000000fff80030,0x0000000100000000)
[47.176s][debug  ][gc,heap        ] GC(172)   to   space 31232K, 0% used [0x00000000fc300000,0x00000000fc300000,0x00000000fe180000)
[47.176s][debug  ][gc,heap        ] GC(172)  ParOldGen       total 1835008K, used 1517157K [0x0000000080000000, 0x00000000f0000000, 0x00000000f0000000)
[47.176s][debug  ][gc,heap        ] GC(172)   object space 1835008K, 82% used [0x0000000080000000,0x00000000dc999518,0x00000000f0000000)
[47.176s][debug  ][gc,heap        ] GC(172)  Metaspace       used 1024K, committed 1216K, reserved 1056768K
[47.176s][debug  ][gc,heap        ] GC(172)   class space    used 83K, committed 192K, reserved 1048576K
[47.176s][debug  ][gc,tlab        ] GC(172) TLAB totals: thrds: 1  refills: 1 max: 1 slow allocs: 18 max 18 waste: 27.6% gc: 3994312B max: 3994312B slow: 0B max: 0B
[47.176s][info   ][gc,start       ] GC(172) Pause Young (Allocation Failure)
[47.176s][debug  ][gc,phases,start] GC(172) Scavenge
[47.192s][debug  ][gc,phases      ] GC(172) Scavenge 16.274ms
[47.192s][debug  ][gc,phases,start] GC(172) Reference Processing
[47.192s][debug  ][gc,ref         ] GC(172) Skipped phase 1 of Reference Processing: no references
[47.193s][debug  ][gc,ref         ] GC(172) Skipped phase 2 of Reference Processing: no references
[47.193s][debug  ][gc,ref         ] GC(172) Skipped phase 3 of Reference Processing: no references
[47.193s][debug  ][gc,ref         ] GC(172) Skipped phase 4 of Reference Processing: no references
[47.193s][debug  ][gc,phases,ref  ] GC(172) Reference Processing: 0.1ms
[47.193s][debug  ][gc,phases,ref  ] GC(172)   Reconsider SoftReferences: 0.0ms
[47.193s][debug  ][gc,phases,ref  ] GC(172)     SoftRef (ms):                  skipped
[47.193s][debug  ][gc,phases,ref  ] GC(172)   Notify Soft/WeakReferences: 0.0ms
[47.193s][debug  ][gc,phases,ref  ] GC(172)     SoftRef (ms):                  skipped
[47.193s][debug  ][gc,phases,ref  ] GC(172)     WeakRef (ms):                  skipped
[47.193s][debug  ][gc,phases,ref  ] GC(172)     FinalRef (ms):                 skipped
[47.193s][debug  ][gc,phases,ref  ] GC(172)     Total (ms):                    skipped
[47.193s][debug  ][gc,phases,ref  ] GC(172)   Notify and keep alive finalizable: 0.0ms
[47.193s][debug  ][gc,phases,ref  ] GC(172)     FinalRef (ms):                 skipped
[47.193s][debug  ][gc,phases,ref  ] GC(172)   Notify PhantomReferences: 0.0ms
[47.193s][debug  ][gc,phases,ref  ] GC(172)     PhantomRef (ms):               skipped
[47.193s][debug  ][gc,phases,ref  ] GC(172)   SoftReference:
[47.193s][debug  ][gc,phases,ref  ] GC(172)     Discovered: 0
[47.193s][debug  ][gc,phases,ref  ] GC(172)     Cleared: 0
[47.193s][debug  ][gc,phases,ref  ] GC(172)   WeakReference:
[47.193s][debug  ][gc,phases,ref  ] GC(172)     Discovered: 0
[47.193s][debug  ][gc,phases,ref  ] GC(172)     Cleared: 0
[47.193s][debug  ][gc,phases,ref  ] GC(172)   FinalReference:
[47.193s][debug  ][gc,phases,ref  ] GC(172)     Discovered: 0
[47.193s][debug  ][gc,phases,ref  ] GC(172)     Cleared: 0
[47.193s][debug  ][gc,phases,ref  ] GC(172)   PhantomReference:
[47.193s][debug  ][gc,phases,ref  ] GC(172)     Discovered: 0
[47.193s][debug  ][gc,phases,ref  ] GC(172)     Cleared: 0
[47.193s][debug  ][gc,phases      ] GC(172) Reference Processing 0.593ms
[47.193s][debug  ][gc,phases,start] GC(172) Weak Processing
[47.193s][debug  ][gc,phases      ] GC(172)   VM Weak                        Min:  0.0, Avg:  0.0, Max:  0.0, Diff:  0.0, Sum:  0.0, Workers: 6
[47.193s][debug  ][gc,phases      ] GC(172)     Dead                           Min: 0, Avg:  0.0, Max: 0, Diff: 0, Sum: 0, Workers: 6
[47.193s][debug  ][gc,phases      ] GC(172)     Total                          Min: 0, Avg:  1.3, Max: 8, Diff: 8, Sum: 8, Workers: 6
[47.193s][debug  ][gc,phases      ] GC(172)   ObjectSynchronizer Weak        Min:  0.0, Avg:  0.0, Max:  0.0, Diff:  0.0, Sum:  0.0, Workers: 6
[47.193s][debug  ][gc,phases      ] GC(172)     Dead                           Min: 0, Avg:  0.0, Max: 0, Diff: 0, Sum: 0, Workers: 6
[47.193s][debug  ][gc,phases      ] GC(172)     Total                          Min: 0, Avg:  0.5, Max: 3, Diff: 3, Sum: 3, Workers: 6
[47.193s][debug  ][gc,phases      ] GC(172)   JVMTI Tag Weak OopStorage      Min:  0.0, Avg:  0.0, Max:  0.0, Diff:  0.0, Sum:  0.0, Workers: 6
[47.193s][debug  ][gc,phases      ] GC(172)     Dead                           Min: 0, Avg:  0.0, Max: 0, Diff: 0, Sum: 0, Workers: 6
[47.193s][debug  ][gc,phases      ] GC(172)     Total                          Min: 0, Avg:  0.0, Max: 0, Diff: 0, Sum: 0, Workers: 6
[47.193s][debug  ][gc,phases      ] GC(172)   StringTable Weak               Min:  0.0, Avg:  0.0, Max:  0.0, Diff:  0.0, Sum:  0.0, Workers: 6
[47.193s][debug  ][gc,phases      ] GC(172)     Dead                           Min: 0, Avg:  0.0, Max: 0, Diff: 0, Sum: 0, Workers: 6
[47.193s][debug  ][gc,phases      ] GC(172)     Total                          Min: 703, Avg: 892.3, Max: 960, Diff: 257, Sum: 5354, Workers: 6
[47.193s][debug  ][gc,phases      ] GC(172)   ResolvedMethodTable Weak       Min:  0.0, Avg:  0.0, Max:  0.0, Diff:  0.0, Sum:  0.0, Workers: 6
[47.193s][debug  ][gc,phases      ] GC(172)     Dead                           Min: 0, Avg:  0.0, Max: 0, Diff: 0, Sum: 0, Workers: 6
[47.193s][debug  ][gc,phases      ] GC(172)     Total                          Min: 0, Avg: 21.7, Max: 128, Diff: 128, Sum: 130, Workers: 6
[47.194s][debug  ][gc,phases      ] GC(172)   JNI Weak                       Min:  0.0, Avg:  0.0, Max:  0.0, Diff:  0.0, Sum:  0.0, Workers: 6
[47.194s][debug  ][gc,phases      ] GC(172)     Dead                           Min: 0, Avg:  0.0, Max: 0, Diff: 0, Sum: 0, Workers: 6
[47.194s][debug  ][gc,phases      ] GC(172)     Total                          Min: 0, Avg:  0.0, Max: 0, Diff: 0, Sum: 0, Workers: 6
[47.194s][debug  ][gc,phases      ] GC(172)   StringDedup Table Weak         Min:  0.0, Avg:  0.0, Max:  0.0, Diff:  0.0, Sum:  0.0, Workers: 6
[47.194s][debug  ][gc,phases      ] GC(172)     Dead                           Min: 0, Avg:  0.0, Max: 0, Diff: 0, Sum: 0, Workers: 6
[47.194s][debug  ][gc,phases      ] GC(172)     Total                          Min: 0, Avg:  0.0, Max: 0, Diff: 0, Sum: 0, Workers: 6
[47.194s][debug  ][gc,phases      ] GC(172)   StringDedup Requests0 Weak     Min:  0.0, Avg:  0.0, Max:  0.0, Diff:  0.0, Sum:  0.0, Workers: 6
[47.194s][debug  ][gc,phases      ] GC(172)     Dead                           Min: 0, Avg:  0.0, Max: 0, Diff: 0, Sum: 0, Workers: 6
[47.194s][debug  ][gc,phases      ] GC(172)     Total                          Min: 0, Avg:  0.0, Max: 0, Diff: 0, Sum: 0, Workers: 6
[47.194s][debug  ][gc,phases      ] GC(172)   StringDedup Requests1 Weak     Min:  0.0, Avg:  0.0, Max:  0.0, Diff:  0.0, Sum:  0.0, Workers: 6
[47.194s][debug  ][gc,phases      ] GC(172)     Dead                           Min: 0, Avg:  0.0, Max: 0, Diff: 0, Sum: 0, Workers: 6
[47.194s][debug  ][gc,phases      ] GC(172)     Total                          Min: 0, Avg:  0.0, Max: 0, Diff: 0, Sum: 0, Workers: 6
[47.194s][debug  ][gc,phases      ] GC(172)   Weak JFR Old Object Samples    Min:  0.0, Avg:  0.0, Max:  0.0, Diff:  0.0, Sum:  0.0, Workers: 6
[47.194s][debug  ][gc,phases      ] GC(172)     Dead                           Min: 0, Avg:  0.0, Max: 0, Diff: 0, Sum: 0, Workers: 6
[47.194s][debug  ][gc,phases      ] GC(172)     Total                          Min: 0, Avg:  0.0, Max: 0, Diff: 0, Sum: 0, Workers: 6
[47.194s][debug  ][gc,phases      ] GC(172) Weak Processing 0.807ms
[47.194s][debug  ][gc,ergo        ] GC(172) AdaptiveSizeStart:  collection: 173 
[47.194s][debug  ][gc,ergo        ] GC(172) avg_survived_padded_avg: 31507322.000000
[47.194s][debug  ][gc,ergo        ] GC(172) avg_promoted_padded_avg: 275723488.000000  avg_pretenured_padded_avg: 0.000000  tenuring_thresh: 15  target_size: 31981568
[47.194s][debug  ][gc,age         ] GC(172) Desired survivor size 31981568 bytes, new threshold 15 (max threshold 15)
[47.194s][debug  ][gc,ergo        ] GC(172) PSAdaptiveSizePolicy::compute_eden_space_size limits: desired_eden_size: 224249860 old_eden_size: 204472320 eden_limit: 204472320 cur_eden: 204472320 max_eden_size: 204472320 avg_young_live: 27926764
[47.194s][debug  ][gc,ergo        ] GC(172) PSAdaptiveSizePolicy::compute_eden_space_size: costs minor_time: 0.050694 major_cost: 0.054127 mutator_cost: 0.895179 throughput_goal: 0.990000
[47.194s][debug  ][gc,ergo        ] GC(172) Live_space: 1075153920 free_space: 1431306240
[47.194s][debug  ][gc,ergo        ] GC(172) Old eden_size: 204472320 desired_eden_size: 204472320
[47.194s][debug  ][gc,ergo        ] GC(172) AdaptiveSizeStop: collection: 173 
[47.194s][info   ][gc,heap        ] GC(172) PSYoungGen: 229181K(230912K)->30720K(230912K) Eden: 198460K(199680K)->0K(199680K) From: 30720K(31232K)->30720K(31232K)
[47.194s][info   ][gc,heap        ] GC(172) ParOldGen: 1517157K(1835008K)->1711717K(1835008K)
[47.194s][info   ][gc,metaspace   ] GC(172) Metaspace: 1024K(1216K)->1024K(1216K) NonClass: 940K(1024K)->940K(1024K) Class: 83K(192K)->83K(192K)
[47.194s][info   ][gc             ] GC(172) Pause Young (Allocation Failure) 1705M->1701M(2017M) 18.101ms
[47.194s][info   ][gc,cpu         ] GC(172) User=0.17s Sys=0.00s Real=0.02s
[47.194s][debug  ][gc,heap        ] GC(172) Heap after GC invocations=173 (full 27):
[47.194s][debug  ][gc,heap        ] GC(172)  PSYoungGen      total 230912K, used 30720K [0x00000000f0000000, 0x0000000100000000, 0x0000000100000000)
[47.194s][debug  ][gc,heap        ] GC(172)   eden space 199680K, 0% used [0x00000000f0000000,0x00000000f0000000,0x00000000fc300000)
[47.194s][debug  ][gc,heap        ] GC(172)   from space 31232K, 98% used [0x00000000fc300000,0x00000000fe100030,0x00000000fe180000)
[47.194s][debug  ][gc,heap        ] GC(172)   to   space 31232K, 0% used [0x00000000fe180000,0x00000000fe180000,0x0000000100000000)
[47.194s][debug  ][gc,heap        ] GC(172)  ParOldGen       total 1835008K, used 1711717K [0x0000000080000000, 0x00000000f0000000, 0x00000000f0000000)
[47.194s][debug  ][gc,heap        ] GC(172)   object space 1835008K, 93% used [0x0000000080000000,0x00000000e8799648,0x00000000f0000000)
[47.194s][debug  ][gc,heap        ] GC(172)  Metaspace       used 1024K, committed 1216K, reserved 1056768K
[47.194s][debug  ][gc,heap        ] GC(172)   class space    used 83K, committed 192K, reserved 1048576K
[47.194s][debug  ][gc,task,time   ] GC(172) VM-Thread 471756019 471924453 471943906
[47.194s][debug  ][gc,phases,start] GC(173) Pre Compact
[47.194s][debug  ][gc,heap        ] GC(173) Heap before GC invocations=174 (full 28):
[47.194s][debug  ][gc,heap        ] GC(173)  PSYoungGen      total 230912K, used 30720K [0x00000000f0000000, 0x0000000100000000, 0x0000000100000000)
[47.194s][debug  ][gc,heap        ] GC(173)   eden space 199680K, 0% used [0x00000000f0000000,0x00000000f0000000,0x00000000fc300000)
[47.194s][debug  ][gc,heap        ] GC(173)   from space 31232K, 98% used [0x00000000fc300000,0x00000000fe100030,0x00000000fe180000)
[47.195s][debug  ][gc,heap        ] GC(173)   to   space 31232K, 0% used [0x00000000fe180000,0x00000000fe180000,0x0000000100000000)
[47.195s][debug  ][gc,heap        ] GC(173)  ParOldGen       total 1835008K, used 1711717K [0x0000000080000000, 0x00000000f0000000, 0x00000000f0000000)
[47.195s][debug  ][gc,heap        ] GC(173)   object space 1835008K, 93% used [0x0000000080000000,0x00000000e8799648,0x00000000f0000000)
[47.195s][debug  ][gc,heap        ] GC(173)  Metaspace       used 1024K, committed 1216K, reserved 1056768K
[47.195s][debug  ][gc,heap        ] GC(173)   class space    used 83K, committed 192K, reserved 1048576K
[47.195s][debug  ][gc,phases      ] GC(173) Pre Compact 0.200ms
[47.195s][info   ][gc,start       ] GC(173) Pause Full (Ergonomics)
[47.195s][info   ][gc,phases,start] GC(173) Marking Phase
[47.195s][debug  ][gc,phases,start] GC(173) Par Mark
[47.195s][debug  ][gc,phases      ] GC(173) Par Mark 0.529ms
[47.195s][debug  ][gc,phases,start] GC(173) Reference Processing
[47.195s][debug  ][gc,ref         ] GC(173) Skipped phase 1 of Reference Processing: no references
[47.195s][debug  ][gc,ref         ] GC(173) ReferenceProcessor::execute queues: 1, RefProcThreadModel::Single, marks_oops_alive: false
[47.195s][debug  ][gc,ref         ] GC(173) Skipped phase 3 of Reference Processing: no references
[47.195s][debug  ][gc,ref         ] GC(173) ReferenceProcessor::execute queues: 1, RefProcThreadModel::Single, marks_oops_alive: false
[47.195s][debug  ][gc,phases,ref  ] GC(173) Reference Processing: 0.1ms
[47.195s][debug  ][gc,phases,ref  ] GC(173)   Reconsider SoftReferences: 0.0ms
[47.195s][debug  ][gc,phases,ref  ] GC(173)     SoftRef (ms):                  skipped
[47.195s][debug  ][gc,phases,ref  ] GC(173)   Notify Soft/WeakReferences: 0.0ms
[47.195s][debug  ][gc,phases,ref  ] GC(173)     SoftRef (ms):                  Min:  0.0, Avg:  0.0, Max:  0.0, Diff:  0.0, Sum:  0.0, Workers: 12
[47.195s][debug  ][gc,phases,ref  ] GC(173)     WeakRef (ms):                  Min:  0.0, Avg:  0.0, Max:  0.0, Diff:  0.0, Sum:  0.0, Workers: 12
[47.195s][debug  ][gc,phases,ref  ] GC(173)     FinalRef (ms):                 Min:  0.0, Avg:  0.0, Max:  0.0, Diff:  0.0, Sum:  0.0, Workers: 12
[47.195s][debug  ][gc,phases,ref  ] GC(173)     Total (ms):                    Min:  0.0, Avg:  0.0, Max:  0.0, Diff:  0.0, Sum:  0.0, Workers: 12
[47.196s][debug  ][gc,phases,ref  ] GC(173)   Notify and keep alive finalizable: 0.0ms
[47.196s][debug  ][gc,phases,ref  ] GC(173)     FinalRef (ms):                 skipped
[47.196s][debug  ][gc,phases,ref  ] GC(173)   Notify PhantomReferences: 0.0ms
[47.196s][debug  ][gc,phases,ref  ] GC(173)     PhantomRef (ms):               Min:  0.0, Avg:  0.0, Max:  0.0, Diff:  0.0, Sum:  0.0, Workers: 12
[47.196s][debug  ][gc,phases,ref  ] GC(173)   SoftReference:
[47.196s][debug  ][gc,phases,ref  ] GC(173)     Discovered: 0
[47.196s][debug  ][gc,phases,ref  ] GC(173)     Cleared: 0
[47.196s][debug  ][gc,phases,ref  ] GC(173)   WeakReference:
[47.196s][debug  ][gc,phases,ref  ] GC(173)     Discovered: 92
[47.196s][debug  ][gc,phases,ref  ] GC(173)     Cleared: 92
[47.196s][debug  ][gc,phases,ref  ] GC(173)   FinalReference:
[47.196s][debug  ][gc,phases,ref  ] GC(173)     Discovered: 0
[47.196s][debug  ][gc,phases,ref  ] GC(173)     Cleared: 0
[47.196s][debug  ][gc,phases,ref  ] GC(173)   PhantomReference:
[47.196s][debug  ][gc,phases,ref  ] GC(173)     Discovered: 3
[47.196s][debug  ][gc,phases,ref  ] GC(173)     Cleared: 3
[47.196s][debug  ][gc,phases      ] GC(173) Reference Processing 0.583ms
[47.196s][debug  ][gc,phases,start] GC(173) Weak Processing
[47.196s][debug  ][gc,phases      ] GC(173)   VM Weak                        Min:  0.0, Avg:  0.0, Max:  0.0, Diff:  0.0, Sum:  0.0, Workers: 6
[47.196s][debug  ][gc,phases      ] GC(173)     Dead                           Min: 0, Avg:  0.0, Max: 0, Diff: 0, Sum: 0, Workers: 6
[47.196s][debug  ][gc,phases      ] GC(173)     Total                          Min: 0, Avg:  1.3, Max: 8, Diff: 8, Sum: 8, Workers: 6
[47.196s][debug  ][gc,phases      ] GC(173)   ObjectSynchronizer Weak        Min:  0.0, Avg:  0.0, Max:  0.0, Diff:  0.0, Sum:  0.0, Workers: 6
[47.196s][debug  ][gc,phases      ] GC(173)     Dead                           Min: 0, Avg:  0.0, Max: 0, Diff: 0, Sum: 0, Workers: 6
[47.196s][debug  ][gc,phases      ] GC(173)     Total                          Min: 0, Avg:  0.5, Max: 3, Diff: 3, Sum: 3, Workers: 6
[47.196s][debug  ][gc,phases      ] GC(173)   JVMTI Tag Weak OopStorage      Min:  0.0, Avg:  0.0, Max:  0.0, Diff:  0.0, Sum:  0.0, Workers: 6
[47.196s][debug  ][gc,phases      ] GC(173)     Dead                           Min: 0, Avg:  0.0, Max: 0, Diff: 0, Sum: 0, Workers: 6
[47.196s][debug  ][gc,phases      ] GC(173)     Total                          Min: 0, Avg:  0.0, Max: 0, Diff: 0, Sum: 0, Workers: 6
[47.196s][debug  ][gc,phases      ] GC(173)   StringTable Weak               Min:  0.0, Avg:  0.0, Max:  0.0, Diff:  0.0, Sum:  0.0, Workers: 6
[47.196s][debug  ][gc,phases      ] GC(173)     Dead                           Min: 0, Avg:  0.0, Max: 0, Diff: 0, Sum: 0, Workers: 6
[47.196s][debug  ][gc,phases      ] GC(173)     Total                          Min: 576, Avg: 892.3, Max: 1088, Diff: 512, Sum: 5354, Workers: 6
[47.196s][debug  ][gc,phases      ] GC(173)   ResolvedMethodTable Weak       Min:  0.0, Avg:  0.0, Max:  0.0, Diff:  0.0, Sum:  0.0, Workers: 6
[47.196s][debug  ][gc,phases      ] GC(173)     Dead                           Min: 0, Avg:  0.0, Max: 0, Diff: 0, Sum: 0, Workers: 6
[47.196s][debug  ][gc,phases      ] GC(173)     Total                          Min: 0, Avg: 21.7, Max: 64, Diff: 64, Sum: 130, Workers: 6
[47.196s][debug  ][gc,phases      ] GC(173)   JNI Weak                       Min:  0.0, Avg:  0.0, Max:  0.0, Diff:  0.0, Sum:  0.0, Workers: 6
[47.196s][debug  ][gc,phases      ] GC(173)     Dead                           Min: 0, Avg:  0.0, Max: 0, Diff: 0, Sum: 0, Workers: 6
[47.196s][debug  ][gc,phases      ] GC(173)     Total                          Min: 0, Avg:  0.0, Max: 0, Diff: 0, Sum: 0, Workers: 6
[47.196s][debug  ][gc,phases      ] GC(173)   StringDedup Table Weak         Min:  0.0, Avg:  0.0, Max:  0.0, Diff:  0.0, Sum:  0.0, Workers: 6
[47.196s][debug  ][gc,phases      ] GC(173)     Dead                           Min: 0, Avg:  0.0, Max: 0, Diff: 0, Sum: 0, Workers: 6
[47.196s][debug  ][gc,phases      ] GC(173)     Total                          Min: 0, Avg:  0.0, Max: 0, Diff: 0, Sum: 0, Workers: 6
[47.196s][debug  ][gc,phases      ] GC(173)   StringDedup Requests0 Weak     Min:  0.0, Avg:  0.0, Max:  0.0, Diff:  0.0, Sum:  0.0, Workers: 6
[47.196s][debug  ][gc,phases      ] GC(173)     Dead                           Min: 0, Avg:  0.0, Max: 0, Diff: 0, Sum: 0, Workers: 6
[47.196s][debug  ][gc,phases      ] GC(173)     Total                          Min: 0, Avg:  0.0, Max: 0, Diff: 0, Sum: 0, Workers: 6
[47.196s][debug  ][gc,phases      ] GC(173)   StringDedup Requests1 Weak     Min:  0.0, Avg:  0.0, Max:  0.0, Diff:  0.0, Sum:  0.0, Workers: 6
[47.196s][debug  ][gc,phases      ] GC(173)     Dead                           Min: 0, Avg:  0.0, Max: 0, Diff: 0, Sum: 0, Workers: 6
[47.196s][debug  ][gc,phases      ] GC(173)     Total                          Min: 0, Avg:  0.0, Max: 0, Diff: 0, Sum: 0, Workers: 6
[47.196s][debug  ][gc,phases      ] GC(173)   Weak JFR Old Object Samples    Min:  0.0, Avg:  0.0, Max:  0.0, Diff:  0.0, Sum:  0.0, Workers: 6
[47.196s][debug  ][gc,phases      ] GC(173)     Dead                           Min: 0, Avg:  0.0, Max: 0, Diff: 0, Sum: 0, Workers: 6
[47.196s][debug  ][gc,phases      ] GC(173)     Total                          Min: 0, Avg:  0.0, Max: 0, Diff: 0, Sum: 0, Workers: 6
[47.196s][debug  ][gc,phases      ] GC(173) Weak Processing 0.656ms
[47.197s][debug  ][gc,phases,start] GC(173) Class Unloading
[47.197s][debug  ][gc,phases,start] GC(173) ClassLoaderData
[47.197s][debug  ][gc,phases      ] GC(173) ClassLoaderData 0.019ms
[47.197s][debug  ][gc,phases,start] GC(173) Trigger cleanups
[47.197s][debug  ][gc,phases      ] GC(173) Trigger cleanups 0.019ms
[47.197s][debug  ][gc,phases      ] GC(173) Class Unloading 0.251ms
[47.197s][info   ][gc,phases      ] GC(173) Marking Phase 2.127ms
[47.197s][info   ][gc,phases,start] GC(173) Summary Phase
[47.197s][info   ][gc,phases      ] GC(173) Summary Phase 0.038ms
[47.197s][info   ][gc,phases,start] GC(173) Adjust Roots
[47.197s][info   ][gc,phases      ] GC(173) Adjust Roots 0.137ms
[47.197s][info   ][gc,phases,start] GC(173) Compaction Phase
[47.290s][info   ][gc,phases      ] GC(173) Compaction Phase 93.235ms
[47.290s][info   ][gc,phases,start] GC(173) Post Compact
[47.297s][info   ][gc,phases      ] GC(173) Post Compact 6.290ms
[47.297s][debug  ][gc,ergo        ] GC(173) AdaptiveSizeStart: collection: 174 
[47.297s][debug  ][gc,ergo        ] GC(173) PSAdaptiveSizePolicy::compute_eden_space_size limits: desired_eden_size: 224367546 old_eden_size: 204472320 eden_limit: 204472320 cur_eden: 204472320 max_eden_size: 204472320 avg_young_live: 25134088
[47.297s][debug  ][gc,ergo        ] GC(173) PSAdaptiveSizePolicy::compute_eden_space_size: costs minor_time: 0.050694 major_cost: 0.053507 mutator_cost: 0.895799 throughput_goal: 0.990000
[47.297s][debug  ][gc,ergo        ] GC(173) Live_space: 1072361216 free_space: 1431306240
[47.297s][debug  ][gc,ergo        ] GC(173) Old eden_size: 204472320 desired_eden_size: 204472320
[47.297s][debug  ][gc,ergo        ] GC(173) PSAdaptiveSizePolicy::compute_old_gen_free_space limits: desired_promo_size: 1352829347 promo_limit: 1226833920 free_in_old_gen: 1089887744 max_old_gen_size: 1879048192 avg_old_live: 789160448
[47.297s][debug  ][gc,ergo        ] GC(173) PSAdaptiveSizePolicy::compute_old_gen_free_space: costs minor_time: 0.050694 major_cost: 0.053507  mutator_cost: 0.895799 throughput_goal: 0.990000
[47.297s][debug  ][gc,ergo        ] GC(173) Live_space: 1082729984 free_space: 1431306240
[47.297s][debug  ][gc,ergo        ] GC(173) Old promo_size: 1226833920 desired_promo_size: 1226833920
[47.297s][debug  ][gc,ergo        ] GC(173) AdaptiveSizeStop: collection: 174 
[47.297s][info   ][gc,heap        ] GC(173) PSYoungGen: 30720K(230912K)->0K(230912K) Eden: 0K(199680K)->0K(199680K) From: 30720K(31232K)->0K(31232K)
[47.297s][info   ][gc,heap        ] GC(173) ParOldGen: 1711717K(1835008K)->861796K(1835008K)
[47.297s][info   ][gc,metaspace   ] GC(173) Metaspace: 1024K(1216K)->1024K(1216K) NonClass: 940K(1024K)->940K(1024K) Class: 83K(192K)->83K(192K)
[47.297s][info   ][gc             ] GC(173) Pause Full (Ergonomics) 1701M->841M(2017M) 102.553ms
[47.297s][info   ][gc,cpu         ] GC(173) User=1.02s Sys=0.00s Real=0.10s
[47.297s][debug  ][gc,heap        ] GC(173) Heap after GC invocations=174 (full 28):
[47.297s][debug  ][gc,heap        ] GC(173)  PSYoungGen      total 230912K, used 0K [0x00000000f0000000, 0x0000000100000000, 0x0000000100000000)
[47.297s][debug  ][gc,heap        ] GC(173)   eden space 199680K, 0% used [0x00000000f0000000,0x00000000f0000000,0x00000000fc300000)
[47.297s][debug  ][gc,heap        ] GC(173)   from space 31232K, 0% used [0x00000000fe180000,0x00000000fe180000,0x0000000100000000)
[47.297s][debug  ][gc,heap        ] GC(173)   to   space 31232K, 0% used [0x00000000fc300000,0x00000000fc300000,0x00000000fe180000)
[47.297s][debug  ][gc,heap        ] GC(173)  ParOldGen       total 1835008K, used 861796K [0x0000000080000000, 0x00000000f0000000, 0x00000000f0000000)
[47.297s][debug  ][gc,heap        ] GC(173)   object space 1835008K, 46% used [0x0000000080000000,0x00000000b4999118,0x00000000f0000000)
[47.297s][debug  ][gc,heap        ] GC(173)  Metaspace       used 1024K, committed 1216K, reserved 1056768K
[47.297s][debug  ][gc,heap        ] GC(173)   class space    used 83K, committed 192K, reserved 1048576K
[47.297s][debug  ][gc,task,time   ] GC(173) VM-Thread 471946589 471970573 472972400
[47.600s][debug  ][gc,heap        ] GC(174) Heap before GC invocations=175 (full 28):
[47.600s][debug  ][gc,heap        ] GC(174)  PSYoungGen      total 230912K, used 198466K [0x00000000f0000000, 0x0000000100000000, 0x0000000100000000)
[47.600s][debug  ][gc,heap        ] GC(174)   eden space 199680K, 99% used [0x00000000f0000000,0x00000000fc1d0820,0x00000000fc300000)
[47.600s][debug  ][gc,heap        ] GC(174)   from space 31232K, 0% used [0x00000000fe180000,0x00000000fe180000,0x0000000100000000)
[47.600s][debug  ][gc,heap        ] GC(174)   to   space 31232K, 0% used [0x00000000fc300000,0x00000000fc300000,0x00000000fe180000)
[47.600s][debug  ][gc,heap        ] GC(174)  ParOldGen       total 1835008K, used 861796K [0x0000000080000000, 0x00000000f0000000, 0x00000000f0000000)
[47.600s][debug  ][gc,heap        ] GC(174)   object space 1835008K, 46% used [0x0000000080000000,0x00000000b4999118,0x00000000f0000000)
[47.600s][debug  ][gc,heap        ] GC(174)  Metaspace       used 1025K, committed 1216K, reserved 1056768K
[47.600s][debug  ][gc,heap        ] GC(174)   class space    used 83K, committed 192K, reserved 1048576K
[47.600s][debug  ][gc,tlab        ] GC(174) TLAB totals: thrds: 1  refills: 1 max: 1 slow allocs: 18 max 18 waste: 27.6% gc: 3998408B max: 3998408B slow: 0B max: 0B
[47.600s][info   ][gc,start       ] GC(174) Pause Young (Allocation Failure)
[47.600s][debug  ][gc,phases,start] GC(174) Scavenge
[47.603s][debug  ][gc,phases      ] GC(174) Scavenge 2.528ms
[47.603s][debug  ][gc,phases,start] GC(174) Reference Processing
[47.603s][debug  ][gc,ref         ] GC(174) Skipped phase 1 of Reference Processing: no references
[47.603s][debug  ][gc,ref         ] GC(174) Skipped phase 2 of Reference Processing: no references
[47.603s][debug  ][gc,ref         ] GC(174) Skipped phase 3 of Reference Processing: no references
[47.603s][debug  ][gc,ref         ] GC(174) Skipped phase 4 of Reference Processing: no references
[47.603s][debug  ][gc,phases,ref  ] GC(174) Reference Processing: 0.1ms
[47.603s][debug  ][gc,phases,ref  ] GC(174)   Reconsider SoftReferences: 0.0ms
[47.603s][debug  ][gc,phases,ref  ] GC(174)     SoftRef (ms):                  skipped
[47.603s][debug  ][gc,phases,ref  ] GC(174)   Notify Soft/WeakReferences: 0.0ms
[47.603s][debug  ][gc,phases,ref  ] GC(174)     SoftRef (ms):                  skipped
[47.603s][debug  ][gc,phases,ref  ] GC(174)     WeakRef (ms):                  skipped
[47.603s][debug  ][gc,phases,ref  ] GC(174)     FinalRef (ms):                 skipped
[47.603s][debug  ][gc,phases,ref  ] GC(174)     Total (ms):                    skipped
[47.603s][debug  ][gc,phases,ref  ] GC(174)   Notify and keep alive finalizable: 0.0ms
[47.603s][debug  ][gc,phases,ref  ] GC(174)     FinalRef (ms):                 skipped
[47.603s][debug  ][gc,phases,ref  ] GC(174)   Notify PhantomReferences: 0.0ms
[47.603s][debug  ][gc,phases,ref  ] GC(174)     PhantomRef (ms):               skipped
[47.604s][debug  ][gc,phases,ref  ] GC(174)   SoftReference:
[47.604s][debug  ][gc,phases,ref  ] GC(174)     Discovered: 0
[47.604s][debug  ][gc,phases,ref  ] GC(174)     Cleared: 0
[47.604s][debug  ][gc,phases,ref  ] GC(174)   WeakReference:
[47.604s][debug  ][gc,phases,ref  ] GC(174)     Discovered: 0
[47.604s][debug  ][gc,phases,ref  ] GC(174)     Cleared: 0
[47.604s][debug  ][gc,phases,ref  ] GC(174)   FinalReference:
[47.604s][debug  ][gc,phases,ref  ] GC(174)     Discovered: 0
[47.604s][debug  ][gc,phases,ref  ] GC(174)     Cleared: 0
[47.604s][debug  ][gc,phases,ref  ] GC(174)   PhantomReference:
[47.604s][debug  ][gc,phases,ref  ] GC(174)     Discovered: 0
[47.604s][debug  ][gc,phases,ref  ] GC(174)     Cleared: 0
[47.604s][debug  ][gc,phases      ] GC(174) Reference Processing 0.687ms
[47.604s][debug  ][gc,phases,start] GC(174) Weak Processing
[47.604s][debug  ][gc,phases      ] GC(174)   VM Weak                        Min:  0.0, Avg:  0.0, Max:  0.0, Diff:  0.0, Sum:  0.0, Workers: 6
[47.604s][debug  ][gc,phases      ] GC(174)     Dead                           Min: 0, Avg:  0.0, Max: 0, Diff: 0, Sum: 0, Workers: 6
[47.604s][debug  ][gc,phases      ] GC(174)     Total                          Min: 0, Avg:  1.3, Max: 8, Diff: 8, Sum: 8, Workers: 6
[47.604s][debug  ][gc,phases      ] GC(174)   ObjectSynchronizer Weak        Min:  0.0, Avg:  0.0, Max:  0.0, Diff:  0.0, Sum:  0.0, Workers: 6
[47.604s][debug  ][gc,phases      ] GC(174)     Dead                           Min: 0, Avg:  0.0, Max: 0, Diff: 0, Sum: 0, Workers: 6
[47.604s][debug  ][gc,phases      ] GC(174)     Total                          Min: 0, Avg:  0.5, Max: 3, Diff: 3, Sum: 3, Workers: 6
[47.604s][debug  ][gc,phases      ] GC(174)   JVMTI Tag Weak OopStorage      Min:  0.0, Avg:  0.0, Max:  0.0, Diff:  0.0, Sum:  0.0, Workers: 6
[47.604s][debug  ][gc,phases      ] GC(174)     Dead                           Min: 0, Avg:  0.0, Max: 0, Diff: 0, Sum: 0, Workers: 6
[47.604s][debug  ][gc,phases      ] GC(174)     Total                          Min: 0, Avg:  0.0, Max: 0, Diff: 0, Sum: 0, Workers: 6
[47.604s][debug  ][gc,phases      ] GC(174)   StringTable Weak               Min:  0.0, Avg:  0.0, Max:  0.0, Diff:  0.0, Sum:  0.0, Workers: 6
[47.604s][debug  ][gc,phases      ] GC(174)     Dead                           Min: 0, Avg:  0.0, Max: 0, Diff: 0, Sum: 0, Workers: 6
[47.604s][debug  ][gc,phases      ] GC(174)     Total                          Min: 0, Avg: 892.3, Max: 1216, Diff: 1216, Sum: 5354, Workers: 6
[47.604s][debug  ][gc,phases      ] GC(174)   ResolvedMethodTable Weak       Min:  0.0, Avg:  0.0, Max:  0.0, Diff:  0.0, Sum:  0.0, Workers: 6
[47.604s][debug  ][gc,phases      ] GC(174)     Dead                           Min: 0, Avg:  0.0, Max: 0, Diff: 0, Sum: 0, Workers: 6
[47.604s][debug  ][gc,phases      ] GC(174)     Total                          Min: 0, Avg: 21.7, Max: 64, Diff: 64, Sum: 130, Workers: 6
[47.604s][debug  ][gc,phases      ] GC(174)   JNI Weak                       Min:  0.0, Avg:  0.0, Max:  0.0, Diff:  0.0, Sum:  0.0, Workers: 6
[47.604s][debug  ][gc,phases      ] GC(174)     Dead                           Min: 0, Avg:  0.0, Max: 0, Diff: 0, Sum: 0, Workers: 6
[47.604s][debug  ][gc,phases      ] GC(174)     Total                          Min: 0, Avg:  0.0, Max: 0, Diff: 0, Sum: 0, Workers: 6
[47.604s][debug  ][gc,phases      ] GC(174)   StringDedup Table Weak         Min:  0.0, Avg:  0.0, Max:  0.0, Diff:  0.0, Sum:  0.0, Workers: 6
[47.604s][debug  ][gc,phases      ] GC(174)     Dead                           Min: 0, Avg:  0.0, Max: 0, Diff: 0, Sum: 0, Workers: 6
[47.604s][debug  ][gc,phases      ] GC(174)     Total                          Min: 0, Avg:  0.0, Max: 0, Diff: 0, Sum: 0, Workers: 6
[47.604s][debug  ][gc,phases      ] GC(174)   StringDedup Requests0 Weak     Min:  0.0, Avg:  0.0, Max:  0.0, Diff:  0.0, Sum:  0.0, Workers: 6
[47.604s][debug  ][gc,phases      ] GC(174)     Dead                           Min: 0, Avg:  0.0, Max: 0, Diff: 0, Sum: 0, Workers: 6
[47.604s][debug  ][gc,phases      ] GC(174)     Total                          Min: 0, Avg:  0.0, Max: 0, Diff: 0, Sum: 0, Workers: 6
[47.604s][debug  ][gc,phases      ] GC(174)   StringDedup Requests1 Weak     Min:  0.0, Avg:  0.0, Max:  0.0, Diff:  0.0, Sum:  0.0, Workers: 6
[47.604s][debug  ][gc,phases      ] GC(174)     Dead                           Min: 0, Avg:  0.0, Max: 0, Diff: 0, Sum: 0, Workers: 6
[47.605s][debug  ][gc,phases      ] GC(174)     Total                          Min: 0, Avg:  0.0, Max: 0, Diff: 0, Sum: 0, Workers: 6
[47.605s][debug  ][gc,phases      ] GC(174)   Weak JFR Old Object Samples    Min:  0.0, Avg:  0.0, Max:  0.0, Diff:  0.0, Sum:  0.0, Workers: 6
[47.605s][debug  ][gc,phases      ] GC(174)     Dead                           Min: 0, Avg:  0.0, Max: 0, Diff: 0, Sum: 0, Workers: 6
[47.605s][debug  ][gc,phases      ] GC(174)     Total                          Min: 0, Avg:  0.0, Max: 0, Diff: 0, Sum: 0, Workers: 6
[47.605s][debug  ][gc,phases      ] GC(174) Weak Processing 0.821ms
[47.605s][debug  ][gc,ergo        ] GC(174) AdaptiveSizeStart:  collection: 175 
[47.605s][debug  ][gc,ergo        ] GC(174) avg_survived_padded_avg: 31502910.000000
[47.605s][debug  ][gc,ergo        ] GC(174) avg_promoted_padded_avg: 258103552.000000  avg_pretenured_padded_avg: 0.000000  tenuring_thresh: 15  target_size: 31981568
[47.605s][debug  ][gc,age         ] GC(174) Desired survivor size 31981568 bytes, new threshold 15 (max threshold 15)
[47.605s][debug  ][gc,ergo        ] GC(174) PSAdaptiveSizePolicy::compute_eden_space_size limits: desired_eden_size: 222105187 old_eden_size: 204472320 eden_limit: 204472320 cur_eden: 204472320 max_eden_size: 204472320 avg_young_live: 25766412
[47.605s][debug  ][gc,ergo        ] GC(174) PSAdaptiveSizePolicy::compute_eden_space_size: costs minor_time: 0.040560 major_cost: 0.053507 mutator_cost: 0.905933 throughput_goal: 0.990000
[47.605s][debug  ][gc,ergo        ] GC(174) Live_space: 1083362304 free_space: 1431306240
[47.605s][debug  ][gc,ergo        ] GC(174) Old eden_size: 204472320 desired_eden_size: 204472320
[47.605s][debug  ][gc,ergo        ] GC(174) AdaptiveSizeStop: collection: 175 
[47.605s][info   ][gc,heap        ] GC(174) PSYoungGen: 198466K(230912K)->30720K(230912K) Eden: 198466K(199680K)->0K(199680K) From: 0K(31232K)->30720K(31232K)
[47.605s][info   ][gc,heap        ] GC(174) ParOldGen: 861796K(1835008K)->861796K(1835008K)
[47.605s][info   ][gc,metaspace   ] GC(174) Metaspace: 1025K(1216K)->1025K(1216K) NonClass: 941K(1024K)->941K(1024K) Class: 83K(192K)->83K(192K)
[47.605s][info   ][gc             ] GC(174) Pause Young (Allocation Failure) 1035M->871M(2017M) 4.545ms
[47.605s][info   ][gc,cpu         ] GC(174) User=0.00s Sys=0.00s Real=0.00s
[47.605s][debug  ][gc,heap        ] GC(174) Heap after GC invocations=175 (full 28):
[47.605s][debug  ][gc,heap        ] GC(174)  PSYoungGen      total 230912K, used 30720K [0x00000000f0000000, 0x0000000100000000, 0x0000000100000000)
[47.605s][debug  ][gc,heap        ] GC(174)   eden space 199680K, 0% used [0x00000000f0000000,0x00000000f0000000,0x00000000fc300000)
[47.605s][debug  ][gc,heap        ] GC(174)   from space 31232K, 98% used [0x00000000fc300000,0x00000000fe100030,0x00000000fe180000)
[47.605s][debug  ][gc,heap        ] GC(174)   to   space 31232K, 0% used [0x00000000fe180000,0x00000000fe180000,0x0000000100000000)
[47.605s][debug  ][gc,heap        ] GC(174)  ParOldGen       total 1835008K, used 861796K [0x0000000080000000, 0x00000000f0000000, 0x00000000f0000000)
[47.605s][debug  ][gc,heap        ] GC(174)   object space 1835008K, 46% used [0x0000000080000000,0x00000000b4999118,0x00000000f0000000)
[47.605s][debug  ][gc,heap        ] GC(174)  Metaspace       used 1025K, committed 1216K, reserved 1056768K
[47.605s][debug  ][gc,heap        ] GC(174)   class space    used 83K, committed 192K, reserved 1048576K
[47.605s][debug  ][gc,task,time   ] GC(174) VM-Thread 475999568 476030859 476053211
[47.910s][debug  ][gc,heap        ] GC(175) Heap before GC invocations=176 (full 28):
[47.910s][debug  ][gc,heap        ] GC(175)  PSYoungGen      total 230912K, used 229117K [0x00000000f0000000, 0x0000000100000000, 0x0000000100000000)
[47.910s][debug  ][gc,heap        ] GC(175)   eden space 199680K, 99% used [0x00000000f0000000,0x00000000fc1bf4a0,0x00000000fc300000)
[47.910s][debug  ][gc,heap        ] GC(175)   from space 31232K, 98% used [0x00000000fc300000,0x00000000fe100030,0x00000000fe180000)
[47.910s][debug  ][gc,heap        ] GC(175)   to   space 31232K, 0% used [0x00000000fe180000,0x00000000fe180000,0x0000000100000000)
[47.910s][debug  ][gc,heap        ] GC(175)  ParOldGen       total 1835008K, used 861796K [0x0000000080000000, 0x00000000f0000000, 0x00000000f0000000)
[47.910s][debug  ][gc,heap        ] GC(175)   object space 1835008K, 46% used [0x0000000080000000,0x00000000b4999118,0x00000000f0000000)
[47.910s][debug  ][gc,heap        ] GC(175)  Metaspace       used 1025K, committed 1216K, reserved 1056768K
[47.910s][debug  ][gc,heap        ] GC(175)   class space    used 83K, committed 192K, reserved 1048576K
[47.910s][debug  ][gc,tlab        ] GC(175) TLAB totals: thrds: 1  refills: 1 max: 1 slow allocs: 18 max 18 waste: 27.3% gc: 3928944B max: 3928944B slow: 0B max: 0B
[47.910s][info   ][gc,start       ] GC(175) Pause Young (Allocation Failure)
[47.910s][debug  ][gc,phases,start] GC(175) Scavenge
[47.925s][debug  ][gc,phases      ] GC(175) Scavenge 15.105ms
[47.925s][debug  ][gc,phases,start] GC(175) Reference Processing
[47.925s][debug  ][gc,ref         ] GC(175) Skipped phase 1 of Reference Processing: no references
[47.925s][debug  ][gc,ref         ] GC(175) Skipped phase 2 of Reference Processing: no references
[47.925s][debug  ][gc,ref         ] GC(175) Skipped phase 3 of Reference Processing: no references
[47.925s][debug  ][gc,ref         ] GC(175) Skipped phase 4 of Reference Processing: no references
[47.925s][debug  ][gc,phases,ref  ] GC(175) Reference Processing: 0.1ms
[47.925s][debug  ][gc,phases,ref  ] GC(175)   Reconsider SoftReferences: 0.0ms
[47.925s][debug  ][gc,phases,ref  ] GC(175)     SoftRef (ms):                  skipped
[47.925s][debug  ][gc,phases,ref  ] GC(175)   Notify Soft/WeakReferences: 0.0ms
[47.926s][debug  ][gc,phases,ref  ] GC(175)     SoftRef (ms):                  skipped
[47.926s][debug  ][gc,phases,ref  ] GC(175)     WeakRef (ms):                  skipped
[47.926s][debug  ][gc,phases,ref  ] GC(175)     FinalRef (ms):                 skipped
[47.926s][debug  ][gc,phases,ref  ] GC(175)     Total (ms):                    skipped
[47.926s][debug  ][gc,phases,ref  ] GC(175)   Notify and keep alive finalizable: 0.0ms
[47.926s][debug  ][gc,phases,ref  ] GC(175)     FinalRef (ms):                 skipped
[47.926s][debug  ][gc,phases,ref  ] GC(175)   Notify PhantomReferences: 0.0ms
[47.926s][debug  ][gc,phases,ref  ] GC(175)     PhantomRef (ms):               skipped
[47.926s][debug  ][gc,phases,ref  ] GC(175)   SoftReference:
[47.926s][debug  ][gc,phases,ref  ] GC(175)     Discovered: 0
[47.926s][debug  ][gc,phases,ref  ] GC(175)     Cleared: 0
[47.926s][debug  ][gc,phases,ref  ] GC(175)   WeakReference:
[47.926s][debug  ][gc,phases,ref  ] GC(175)     Discovered: 0
[47.926s][debug  ][gc,phases,ref  ] GC(175)     Cleared: 0
[47.926s][debug  ][gc,phases,ref  ] GC(175)   FinalReference:
[47.926s][debug  ][gc,phases,ref  ] GC(175)     Discovered: 0
[47.926s][debug  ][gc,phases,ref  ] GC(175)     Cleared: 0
[47.926s][debug  ][gc,phases,ref  ] GC(175)   PhantomReference:
[47.926s][debug  ][gc,phases,ref  ] GC(175)     Discovered: 0
[47.926s][debug  ][gc,phases,ref  ] GC(175)     Cleared: 0
[47.926s][debug  ][gc,phases      ] GC(175) Reference Processing 0.581ms
[47.926s][debug  ][gc,phases,start] GC(175) Weak Processing
[47.926s][debug  ][gc,phases      ] GC(175)   VM Weak                        Min:  0.0, Avg:  0.0, Max:  0.0, Diff:  0.0, Sum:  0.0, Workers: 6
[47.926s][debug  ][gc,phases      ] GC(175)     Dead                           Min: 0, Avg:  0.0, Max: 0, Diff: 0, Sum: 0, Workers: 6
[47.926s][debug  ][gc,phases      ] GC(175)     Total                          Min: 0, Avg:  1.3, Max: 8, Diff: 8, Sum: 8, Workers: 6
[47.926s][debug  ][gc,phases      ] GC(175)   ObjectSynchronizer Weak        Min:  0.0, Avg:  0.0, Max:  0.0, Diff:  0.0, Sum:  0.0, Workers: 6
[47.926s][debug  ][gc,phases      ] GC(175)     Dead                           Min: 0, Avg:  0.0, Max: 0, Diff: 0, Sum: 0, Workers: 6
[47.926s][debug  ][gc,phases      ] GC(175)     Total                          Min: 0, Avg:  0.5, Max: 3, Diff: 3, Sum: 3, Workers: 6
[47.926s][debug  ][gc,phases      ] GC(175)   JVMTI Tag Weak OopStorage      Min:  0.0, Avg:  0.0, Max:  0.0, Diff:  0.0, Sum:  0.0, Workers: 6
[47.926s][debug  ][gc,phases      ] GC(175)     Dead                           Min: 0, Avg:  0.0, Max: 0, Diff: 0, Sum: 0, Workers: 6
[47.926s][debug  ][gc,phases      ] GC(175)     Total                          Min: 0, Avg:  0.0, Max: 0, Diff: 0, Sum: 0, Workers: 6
[47.926s][debug  ][gc,phases      ] GC(175)   StringTable Weak               Min:  0.0, Avg:  0.0, Max:  0.0, Diff:  0.0, Sum:  0.0, Workers: 6
[47.926s][debug  ][gc,phases      ] GC(175)     Dead                           Min: 0, Avg:  0.0, Max: 0, Diff: 0, Sum: 0, Workers: 6
[47.926s][debug  ][gc,phases      ] GC(175)     Total                          Min: 703, Avg: 892.3, Max: 1067, Diff: 364, Sum: 5354, Workers: 6
[47.926s][debug  ][gc,phases      ] GC(175)   ResolvedMethodTable Weak       Min:  0.0, Avg:  0.0, Max:  0.0, Diff:  0.0, Sum:  0.0, Workers: 6
[47.926s][debug  ][gc,phases      ] GC(175)     Dead                           Min: 0, Avg:  0.0, Max: 0, Diff: 0, Sum: 0, Workers: 6
[47.926s][debug  ][gc,phases      ] GC(175)     Total                          Min: 0, Avg: 21.7, Max: 64, Diff: 64, Sum: 130, Workers: 6
[47.926s][debug  ][gc,phases      ] GC(175)   JNI Weak                       Min:  0.0, Avg:  0.0, Max:  0.0, Diff:  0.0, Sum:  0.0, Workers: 6
[47.926s][debug  ][gc,phases      ] GC(175)     Dead                           Min: 0, Avg:  0.0, Max: 0, Diff: 0, Sum: 0, Workers: 6
[47.926s][debug  ][gc,phases      ] GC(175)     Total                          Min: 0, Avg:  0.0, Max: 0, Diff: 0, Sum: 0, Workers: 6
[47.926s][debug  ][gc,phases      ] GC(175)   StringDedup Table Weak         Min:  0.0, Avg:  0.0, Max:  0.0, Diff:  0.0, Sum:  0.0, Workers: 6
[47.926s][debug  ][gc,phases      ] GC(175)     Dead                           Min: 0, Avg:  0.0, Max: 0, Diff: 0, Sum: 0, Workers: 6
[47.926s][debug  ][gc,phases      ] GC(175)     Total                          Min: 0, Avg:  0.0, Max: 0, Diff: 0, Sum: 0, Workers: 6
[47.926s][debug  ][gc,phases      ] GC(175)   StringDedup Requests0 Weak     Min:  0.0, Avg:  0.0, Max:  0.0, Diff:  0.0, Sum:  0.0, Workers: 6
[47.926s][debug  ][gc,phases      ] GC(175)     Dead                           Min: 0, Avg:  0.0, Max: 0, Diff: 0, Sum: 0, Workers: 6
[47.926s][debug  ][gc,phases      ] GC(175)     Total                          Min: 0, Avg:  0.0, Max: 0, Diff: 0, Sum: 0, Workers: 6
[47.926s][debug  ][gc,phases      ] GC(175)   StringDedup Requests1 Weak     Min:  0.0, Avg:  0.0, Max:  0.0, Diff:  0.0, Sum:  0.0, Workers: 6
[47.926s][debug  ][gc,phases      ] GC(175)     Dead                           Min: 0, Avg:  0.0, Max: 0, Diff: 0, Sum: 0, Workers: 6
[47.927s][debug  ][gc,phases      ] GC(175)     Total                          Min: 0, Avg:  0.0, Max: 0, Diff: 0, Sum: 0, Workers: 6
[47.927s][debug  ][gc,phases      ] GC(175)   Weak JFR Old Object Samples    Min:  0.0, Avg:  0.0, Max:  0.0, Diff:  0.0, Sum:  0.0, Workers: 6
[47.927s][debug  ][gc,phases      ] GC(175)     Dead                           Min: 0, Avg:  0.0, Max: 0, Diff: 0, Sum: 0, Workers: 6
[47.927s][debug  ][gc,phases      ] GC(175)     Total                          Min: 0, Avg:  0.0, Max: 0, Diff: 0, Sum: 0, Workers: 6
[47.927s][debug  ][gc,phases      ] GC(175) Weak Processing 0.681ms
[47.927s][debug  ][gc,ergo        ] GC(175) AdaptiveSizeStart:  collection: 176 
[47.927s][debug  ][gc,ergo        ] GC(175) avg_survived_padded_avg: 31498884.000000
[47.927s][debug  ][gc,ergo        ] GC(175) avg_promoted_padded_avg: 263191744.000000  avg_pretenured_padded_avg: 0.000000  tenuring_thresh: 15  target_size: 31981568
[47.927s][debug  ][gc,age         ] GC(175) Desired survivor size 31981568 bytes, new threshold 15 (max threshold 15)
[47.927s][debug  ][gc,ergo        ] GC(175) PSAdaptiveSizePolicy::compute_eden_space_size limits: desired_eden_size: 222746999 old_eden_size: 204472320 eden_limit: 204472320 cur_eden: 204472320 max_eden_size: 204472320 avg_young_live: 26335502
[47.927s][debug  ][gc,ergo        ] GC(175) PSAdaptiveSizePolicy::compute_eden_space_size: costs minor_time: 0.043229 major_cost: 0.053507 mutator_cost: 0.903264 throughput_goal: 0.990000
[47.927s][debug  ][gc,ergo        ] GC(175) Live_space: 1083931392 free_space: 1431306240
[47.927s][debug  ][gc,ergo        ] GC(175) Old eden_size: 204472320 desired_eden_size: 204472320
[47.927s][debug  ][gc,ergo        ] GC(175) AdaptiveSizeStop: collection: 176 
[47.927s][info   ][gc,heap        ] GC(175) PSYoungGen: 229117K(230912K)->30720K(230912K) Eden: 198397K(199680K)->0K(199680K) From: 30720K(31232K)->30720K(31232K)
[47.927s][info   ][gc,heap        ] GC(175) ParOldGen: 861796K(1835008K)->1056356K(1835008K)
[47.927s][info   ][gc,metaspace   ] GC(175) Metaspace: 1025K(1216K)->1025K(1216K) NonClass: 941K(1024K)->941K(1024K) Class: 83K(192K)->83K(192K)
[47.927s][info   ][gc             ] GC(175) Pause Young (Allocation Failure) 1065M->1061M(2017M) 16.804ms
[47.927s][info   ][gc,cpu         ] GC(175) User=0.17s Sys=0.00s Real=0.02s
[47.927s][debug  ][gc,heap        ] GC(175) Heap after GC invocations=176 (full 28):
[47.927s][debug  ][gc,heap        ] GC(175)  PSYoungGen      total 230912K, used 30720K [0x00000000f0000000, 0x0000000100000000, 0x0000000100000000)
[47.927s][debug  ][gc,heap        ] GC(175)   eden space 199680K, 0% used [0x00000000f0000000,0x00000000f0000000,0x00000000fc300000)
[47.927s][debug  ][gc,heap        ] GC(175)   from space 31232K, 98% used [0x00000000fe180000,0x00000000fff80030,0x0000000100000000)
[47.927s][debug  ][gc,heap        ] GC(175)   to   space 31232K, 0% used [0x00000000fc300000,0x00000000fc300000,0x00000000fe180000)
[47.927s][debug  ][gc,heap        ] GC(175)  ParOldGen       total 1835008K, used 1056356K [0x0000000080000000, 0x00000000f0000000, 0x00000000f0000000)
[47.927s][debug  ][gc,heap        ] GC(175)   object space 1835008K, 57% used [0x0000000080000000,0x00000000c0799248,0x00000000f0000000)
[47.927s][debug  ][gc,heap        ] GC(175)  Metaspace       used 1025K, committed 1216K, reserved 1056768K
[47.927s][debug  ][gc,heap        ] GC(175)   class space    used 83K, committed 192K, reserved 1048576K
[47.927s][debug  ][gc,task,time   ] GC(175) VM-Thread 479097740 479253172 479271449
[48.221s][debug  ][gc,heap        ] GC(176) Heap before GC invocations=177 (full 28):
[48.221s][debug  ][gc,heap        ] GC(176)  PSYoungGen      total 230912K, used 229145K [0x00000000f0000000, 0x0000000100000000, 0x0000000100000000)
[48.221s][debug  ][gc,heap        ] GC(176)   eden space 199680K, 99% used [0x00000000f0000000,0x00000000fc1c63f8,0x00000000fc300000)
[48.221s][debug  ][gc,heap        ] GC(176)   from space 31232K, 98% used [0x00000000fe180000,0x00000000fff80030,0x0000000100000000)
[48.221s][debug  ][gc,heap        ] GC(176)   to   space 31232K, 0% used [0x00000000fc300000,0x00000000fc300000,0x00000000fe180000)
[48.221s][debug  ][gc,heap        ] GC(176)  ParOldGen       total 1835008K, used 1056356K [0x0000000080000000, 0x00000000f0000000, 0x00000000f0000000)
[48.221s][debug  ][gc,heap        ] GC(176)   object space 1835008K, 57% used [0x0000000080000000,0x00000000c0799248,0x00000000f0000000)
[48.221s][debug  ][gc,heap        ] GC(176)  Metaspace       used 1025K, committed 1216K, reserved 1056768K
[48.221s][debug  ][gc,heap        ] GC(176)   class space    used 83K, committed 192K, reserved 1048576K
[48.221s][debug  ][gc,tlab        ] GC(176) TLAB totals: thrds: 1  refills: 1 max: 1 slow allocs: 18 max 18 waste: 27.4% gc: 3957448B max: 3957448B slow: 0B max: 0B
[48.221s][info   ][gc,start       ] GC(176) Pause Young (Allocation Failure)
[48.221s][debug  ][gc,phases,start] GC(176) Scavenge
[48.237s][debug  ][gc,phases      ] GC(176) Scavenge 16.120ms
[48.238s][debug  ][gc,phases,start] GC(176) Reference Processing
[48.238s][debug  ][gc,ref         ] GC(176) Skipped phase 1 of Reference Processing: no references
[48.238s][debug  ][gc,ref         ] GC(176) Skipped phase 2 of Reference Processing: no references
[48.238s][debug  ][gc,ref         ] GC(176) Skipped phase 3 of Reference Processing: no references
[48.238s][debug  ][gc,ref         ] GC(176) Skipped phase 4 of Reference Processing: no references
[48.238s][debug  ][gc,phases,ref  ] GC(176) Reference Processing: 0.1ms
[48.238s][debug  ][gc,phases,ref  ] GC(176)   Reconsider SoftReferences: 0.0ms
[48.238s][debug  ][gc,phases,ref  ] GC(176)     SoftRef (ms):                  skipped
[48.238s][debug  ][gc,phases,ref  ] GC(176)   Notify Soft/WeakReferences: 0.0ms
[48.238s][debug  ][gc,phases,ref  ] GC(176)     SoftRef (ms):                  skipped
[48.238s][debug  ][gc,phases,ref  ] GC(176)     WeakRef (ms):                  skipped
[48.238s][debug  ][gc,phases,ref  ] GC(176)     FinalRef (ms):                 skipped
[48.238s][debug  ][gc,phases,ref  ] GC(176)     Total (ms):                    skipped
[48.238s][debug  ][gc,phases,ref  ] GC(176)   Notify and keep alive finalizable: 0.0ms
[48.238s][debug  ][gc,phases,ref  ] GC(176)     FinalRef (ms):                 skipped
[48.238s][debug  ][gc,phases,ref  ] GC(176)   Notify PhantomReferences: 0.0ms
[48.238s][debug  ][gc,phases,ref  ] GC(176)     PhantomRef (ms):               skipped
[48.238s][debug  ][gc,phases,ref  ] GC(176)   SoftReference:
[48.238s][debug  ][gc,phases,ref  ] GC(176)     Discovered: 0
[48.238s][debug  ][gc,phases,ref  ] GC(176)     Cleared: 0
[48.238s][debug  ][gc,phases,ref  ] GC(176)   WeakReference:
[48.238s][debug  ][gc,phases,ref  ] GC(176)     Discovered: 0
[48.238s][debug  ][gc,phases,ref  ] GC(176)     Cleared: 0
[48.238s][debug  ][gc,phases,ref  ] GC(176)   FinalReference:
[48.238s][debug  ][gc,phases,ref  ] GC(176)     Discovered: 0
[48.238s][debug  ][gc,phases,ref  ] GC(176)     Cleared: 0
[48.238s][debug  ][gc,phases,ref  ] GC(176)   PhantomReference:
[48.238s][debug  ][gc,phases,ref  ] GC(176)     Discovered: 0
[48.238s][debug  ][gc,phases,ref  ] GC(176)     Cleared: 0
[48.238s][debug  ][gc,phases      ] GC(176) Reference Processing 0.582ms
[48.238s][debug  ][gc,phases,start] GC(176) Weak Processing
[48.238s][debug  ][gc,phases      ] GC(176)   VM Weak                        Min:  0.0, Avg:  0.0, Max:  0.0, Diff:  0.0, Sum:  0.0, Workers: 6
[48.238s][debug  ][gc,phases      ] GC(176)     Dead                           Min: 0, Avg:  0.0, Max: 0, Diff: 0, Sum: 0, Workers: 6
[48.238s][debug  ][gc,phases      ] GC(176)     Total                          Min: 0, Avg:  1.3, Max: 8, Diff: 8, Sum: 8, Workers: 6
[48.238s][debug  ][gc,phases      ] GC(176)   ObjectSynchronizer Weak        Min:  0.0, Avg:  0.0, Max:  0.0, Diff:  0.0, Sum:  0.0, Workers: 6
[48.238s][debug  ][gc,phases      ] GC(176)     Dead                           Min: 0, Avg:  0.0, Max: 0, Diff: 0, Sum: 0, Workers: 6
[48.238s][debug  ][gc,phases      ] GC(176)     Total                          Min: 0, Avg:  0.5, Max: 3, Diff: 3, Sum: 3, Workers: 6
[48.238s][debug  ][gc,phases      ] GC(176)   JVMTI Tag Weak OopStorage      Min:  0.0, Avg:  0.0, Max:  0.0, Diff:  0.0, Sum:  0.0, Workers: 6
[48.238s][debug  ][gc,phases      ] GC(176)     Dead                           Min: 0, Avg:  0.0, Max: 0, Diff: 0, Sum: 0, Workers: 6
[48.238s][debug  ][gc,phases      ] GC(176)     Total                          Min: 0, Avg:  0.0, Max: 0, Diff: 0, Sum: 0, Workers: 6
[48.238s][debug  ][gc,phases      ] GC(176)   StringTable Weak               Min:  0.0, Avg:  0.0, Max:  0.0, Diff:  0.0, Sum:  0.0, Workers: 6
[48.238s][debug  ][gc,phases      ] GC(176)     Dead                           Min: 0, Avg:  0.0, Max: 0, Diff: 0, Sum: 0, Workers: 6
[48.238s][debug  ][gc,phases      ] GC(176)     Total                          Min: 640, Avg: 892.3, Max: 1088, Diff: 448, Sum: 5354, Workers: 6
[48.238s][debug  ][gc,phases      ] GC(176)   ResolvedMethodTable Weak       Min:  0.0, Avg:  0.0, Max:  0.0, Diff:  0.0, Sum:  0.0, Workers: 6
[48.238s][debug  ][gc,phases      ] GC(176)     Dead                           Min: 0, Avg:  0.0, Max: 0, Diff: 0, Sum: 0, Workers: 6
[48.238s][debug  ][gc,phases      ] GC(176)     Total                          Min: 0, Avg: 21.7, Max: 64, Diff: 64, Sum: 130, Workers: 6
[48.238s][debug  ][gc,phases      ] GC(176)   JNI Weak                       Min:  0.0, Avg:  0.0, Max:  0.0, Diff:  0.0, Sum:  0.0, Workers: 6
[48.239s][debug  ][gc,phases      ] GC(176)     Dead                           Min: 0, Avg:  0.0, Max: 0, Diff: 0, Sum: 0, Workers: 6
[48.239s][debug  ][gc,phases      ] GC(176)     Total                          Min: 0, Avg:  0.0, Max: 0, Diff: 0, Sum: 0, Workers: 6
[48.239s][debug  ][gc,phases      ] GC(176)   StringDedup Table Weak         Min:  0.0, Avg:  0.0, Max:  0.0, Diff:  0.0, Sum:  0.0, Workers: 6
[48.239s][debug  ][gc,phases      ] GC(176)     Dead                           Min: 0, Avg:  0.0, Max: 0, Diff: 0, Sum: 0, Workers: 6
[48.239s][debug  ][gc,phases      ] GC(176)     Total                          Min: 0, Avg:  0.0, Max: 0, Diff: 0, Sum: 0, Workers: 6
[48.239s][debug  ][gc,phases      ] GC(176)   StringDedup Requests0 Weak     Min:  0.0, Avg:  0.0, Max:  0.0, Diff:  0.0, Sum:  0.0, Workers: 6
[48.239s][debug  ][gc,phases      ] GC(176)     Dead                           Min: 0, Avg:  0.0, Max: 0, Diff: 0, Sum: 0, Workers: 6
[48.239s][debug  ][gc,phases      ] GC(176)     Total                          Min: 0, Avg:  0.0, Max: 0, Diff: 0, Sum: 0, Workers: 6
[48.239s][debug  ][gc,phases      ] GC(176)   StringDedup Requests1 Weak     Min:  0.0, Avg:  0.0, Max:  0.0, Diff:  0.0, Sum:  0.0, Workers: 6
[48.239s][debug  ][gc,phases      ] GC(176)     Dead                           Min: 0, Avg:  0.0, Max: 0, Diff: 0, Sum: 0, Workers: 6
[48.239s][debug  ][gc,phases      ] GC(176)     Total                          Min: 0, Avg:  0.0, Max: 0, Diff: 0, Sum: 0, Workers: 6
[48.239s][debug  ][gc,phases      ] GC(176)   Weak JFR Old Object Samples    Min:  0.0, Avg:  0.0, Max:  0.0, Diff:  0.0, Sum:  0.0, Workers: 6
[48.239s][debug  ][gc,phases      ] GC(176)     Dead                           Min: 0, Avg:  0.0, Max: 0, Diff: 0, Sum: 0, Workers: 6
[48.239s][debug  ][gc,phases      ] GC(176)     Total                          Min: 0, Avg:  0.0, Max: 0, Diff: 0, Sum: 0, Workers: 6
[48.239s][debug  ][gc,phases      ] GC(176) Weak Processing 0.682ms
[48.239s][debug  ][gc,ergo        ] GC(176) AdaptiveSizeStart:  collection: 177 
[48.239s][debug  ][gc,ergo        ] GC(176) avg_survived_padded_avg: 31495206.000000
[48.239s][debug  ][gc,ergo        ] GC(176) avg_promoted_padded_avg: 266673552.000000  avg_pretenured_padded_avg: 0.000000  tenuring_thresh: 15  target_size: 31981568
[48.239s][debug  ][gc,age         ] GC(176) Desired survivor size 31981568 bytes, new threshold 15 (max threshold 15)
[48.239s][debug  ][gc,ergo        ] GC(176) PSAdaptiveSizePolicy::compute_eden_space_size limits: desired_eden_size: 223472239 old_eden_size: 204472320 eden_limit: 204472320 cur_eden: 204472320 max_eden_size: 204472320 avg_young_live: 26847684
[48.239s][debug  ][gc,ergo        ] GC(176) PSAdaptiveSizePolicy::compute_eden_space_size: costs minor_time: 0.046433 major_cost: 0.053507 mutator_cost: 0.900060 throughput_goal: 0.990000
[48.239s][debug  ][gc,ergo        ] GC(176) Live_space: 1084443648 free_space: 1431306240
[48.239s][debug  ][gc,ergo        ] GC(176) Old eden_size: 204472320 desired_eden_size: 204472320
[48.239s][debug  ][gc,ergo        ] GC(176) AdaptiveSizeStop: collection: 177 
[48.239s][info   ][gc,heap        ] GC(176) PSYoungGen: 229145K(230912K)->30720K(230912K) Eden: 198424K(199680K)->0K(199680K) From: 30720K(31232K)->30720K(31232K)
[48.239s][info   ][gc,heap        ] GC(176) ParOldGen: 1056356K(1835008K)->1250916K(1835008K)
[48.239s][info   ][gc,metaspace   ] GC(176) Metaspace: 1025K(1216K)->1025K(1216K) NonClass: 941K(1024K)->941K(1024K) Class: 83K(192K)->83K(192K)
[48.239s][info   ][gc             ] GC(176) Pause Young (Allocation Failure) 1255M->1251M(2017M) 17.804ms
[48.239s][info   ][gc,cpu         ] GC(176) User=0.14s Sys=0.00s Real=0.02s
[48.239s][debug  ][gc,heap        ] GC(176) Heap after GC invocations=177 (full 28):
[48.239s][debug  ][gc,heap        ] GC(176)  PSYoungGen      total 230912K, used 30720K [0x00000000f0000000, 0x0000000100000000, 0x0000000100000000)
[48.239s][debug  ][gc,heap        ] GC(176)   eden space 199680K, 0% used [0x00000000f0000000,0x00000000f0000000,0x00000000fc300000)
[48.239s][debug  ][gc,heap        ] GC(176)   from space 31232K, 98% used [0x00000000fc300000,0x00000000fe100030,0x00000000fe180000)
[48.239s][debug  ][gc,heap        ] GC(176)   to   space 31232K, 0% used [0x00000000fe180000,0x00000000fe180000,0x0000000100000000)
[48.239s][debug  ][gc,heap        ] GC(176)  ParOldGen       total 1835008K, used 1250916K [0x0000000080000000, 0x00000000f0000000, 0x00000000f0000000)
[48.239s][debug  ][gc,heap        ] GC(176)   object space 1835008K, 68% used [0x0000000080000000,0x00000000cc599378,0x00000000f0000000)
[48.239s][debug  ][gc,heap        ] GC(176)  Metaspace       used 1025K, committed 1216K, reserved 1056768K
[48.239s][debug  ][gc,heap        ] GC(176)   class space    used 83K, committed 192K, reserved 1048576K
[48.239s][debug  ][gc,task,time   ] GC(176) VM-Thread 482209459 482375011 482393116
[48.534s][debug  ][gc,heap        ] GC(177) Heap before GC invocations=178 (full 28):
[48.534s][debug  ][gc,heap        ] GC(177)  PSYoungGen      total 230912K, used 229162K [0x00000000f0000000, 0x0000000100000000, 0x0000000100000000)
[48.534s][debug  ][gc,heap        ] GC(177)   eden space 199680K, 99% used [0x00000000f0000000,0x00000000fc1cab88,0x00000000fc300000)
[48.534s][debug  ][gc,heap        ] GC(177)   from space 31232K, 98% used [0x00000000fc300000,0x00000000fe100030,0x00000000fe180000)
[48.534s][debug  ][gc,heap        ] GC(177)   to   space 31232K, 0% used [0x00000000fe180000,0x00000000fe180000,0x0000000100000000)
[48.534s][debug  ][gc,heap        ] GC(177)  ParOldGen       total 1835008K, used 1250916K [0x0000000080000000, 0x00000000f0000000, 0x00000000f0000000)
[48.535s][debug  ][gc,heap        ] GC(177)   object space 1835008K, 68% used [0x0000000080000000,0x00000000cc599378,0x00000000f0000000)
[48.535s][debug  ][gc,heap        ] GC(177)  Metaspace       used 1025K, committed 1216K, reserved 1056768K
[48.535s][debug  ][gc,heap        ] GC(177)   class space    used 83K, committed 192K, reserved 1048576K
[48.535s][debug  ][gc,tlab        ] GC(177) TLAB totals: thrds: 1  refills: 1 max: 1 slow allocs: 18 max 18 waste: 27.5% gc: 3975768B max: 3975768B slow: 0B max: 0B
[48.535s][info   ][gc,start       ] GC(177) Pause Young (Allocation Failure)
[48.535s][debug  ][gc,phases,start] GC(177) Scavenge
[48.550s][debug  ][gc,phases      ] GC(177) Scavenge 15.723ms
[48.551s][debug  ][gc,phases,start] GC(177) Reference Processing
[48.551s][debug  ][gc,ref         ] GC(177) Skipped phase 1 of Reference Processing: no references
[48.551s][debug  ][gc,ref         ] GC(177) Skipped phase 2 of Reference Processing: no references
[48.551s][debug  ][gc,ref         ] GC(177) Skipped phase 3 of Reference Processing: no references
[48.551s][debug  ][gc,ref         ] GC(177) Skipped phase 4 of Reference Processing: no references
[48.551s][debug  ][gc,phases,ref  ] GC(177) Reference Processing: 0.1ms
[48.551s][debug  ][gc,phases,ref  ] GC(177)   Reconsider SoftReferences: 0.0ms
[48.551s][debug  ][gc,phases,ref  ] GC(177)     SoftRef (ms):                  skipped
[48.551s][debug  ][gc,phases,ref  ] GC(177)   Notify Soft/WeakReferences: 0.0ms
[48.551s][debug  ][gc,phases,ref  ] GC(177)     SoftRef (ms):                  skipped
[48.551s][debug  ][gc,phases,ref  ] GC(177)     WeakRef (ms):                  skipped
[48.551s][debug  ][gc,phases,ref  ] GC(177)     FinalRef (ms):                 skipped
[48.551s][debug  ][gc,phases,ref  ] GC(177)     Total (ms):                    skipped
[48.551s][debug  ][gc,phases,ref  ] GC(177)   Notify and keep alive finalizable: 0.0ms
[48.551s][debug  ][gc,phases,ref  ] GC(177)     FinalRef (ms):                 skipped
[48.551s][debug  ][gc,phases,ref  ] GC(177)   Notify PhantomReferences: 0.0ms
[48.551s][debug  ][gc,phases,ref  ] GC(177)     PhantomRef (ms):               skipped
[48.551s][debug  ][gc,phases,ref  ] GC(177)   SoftReference:
[48.551s][debug  ][gc,phases,ref  ] GC(177)     Discovered: 0
[48.551s][debug  ][gc,phases,ref  ] GC(177)     Cleared: 0
[48.551s][debug  ][gc,phases,ref  ] GC(177)   WeakReference:
[48.551s][debug  ][gc,phases,ref  ] GC(177)     Discovered: 0
[48.551s][debug  ][gc,phases,ref  ] GC(177)     Cleared: 0
[48.551s][debug  ][gc,phases,ref  ] GC(177)   FinalReference:
[48.551s][debug  ][gc,phases,ref  ] GC(177)     Discovered: 0
[48.551s][debug  ][gc,phases,ref  ] GC(177)     Cleared: 0
[48.551s][debug  ][gc,phases,ref  ] GC(177)   PhantomReference:
[48.551s][debug  ][gc,phases,ref  ] GC(177)     Discovered: 0
[48.551s][debug  ][gc,phases,ref  ] GC(177)     Cleared: 0
[48.551s][debug  ][gc,phases      ] GC(177) Reference Processing 0.593ms
[48.551s][debug  ][gc,phases,start] GC(177) Weak Processing
[48.551s][debug  ][gc,phases      ] GC(177)   VM Weak                        Min:  0.0, Avg:  0.0, Max:  0.0, Diff:  0.0, Sum:  0.0, Workers: 6
[48.551s][debug  ][gc,phases      ] GC(177)     Dead                           Min: 0, Avg:  0.0, Max: 0, Diff: 0, Sum: 0, Workers: 6
[48.551s][debug  ][gc,phases      ] GC(177)     Total                          Min: 0, Avg:  1.3, Max: 8, Diff: 8, Sum: 8, Workers: 6
[48.551s][debug  ][gc,phases      ] GC(177)   ObjectSynchronizer Weak        Min:  0.0, Avg:  0.0, Max:  0.0, Diff:  0.0, Sum:  0.0, Workers: 6
[48.551s][debug  ][gc,phases      ] GC(177)     Dead                           Min: 0, Avg:  0.0, Max: 0, Diff: 0, Sum: 0, Workers: 6
[48.551s][debug  ][gc,phases      ] GC(177)     Total                          Min: 0, Avg:  0.5, Max: 3, Diff: 3, Sum: 3, Workers: 6
[48.551s][debug  ][gc,phases      ] GC(177)   JVMTI Tag Weak OopStorage      Min:  0.0, Avg:  0.0, Max:  0.0, Diff:  0.0, Sum:  0.0, Workers: 6
[48.551s][debug  ][gc,phases      ] GC(177)     Dead                           Min: 0, Avg:  0.0, Max: 0, Diff: 0, Sum: 0, Workers: 6
[48.551s][debug  ][gc,phases      ] GC(177)     Total                          Min: 0, Avg:  0.0, Max: 0, Diff: 0, Sum: 0, Workers: 6
[48.551s][debug  ][gc,phases      ] GC(177)   StringTable Weak               Min:  0.0, Avg:  0.0, Max:  0.0, Diff:  0.0, Sum:  0.0, Workers: 6
[48.551s][debug  ][gc,phases      ] GC(177)     Dead                           Min: 0, Avg:  0.0, Max: 0, Diff: 0, Sum: 0, Workers: 6
[48.551s][debug  ][gc,phases      ] GC(177)     Total                          Min: 704, Avg: 892.3, Max: 1024, Diff: 320, Sum: 5354, Workers: 6
[48.551s][debug  ][gc,phases      ] GC(177)   ResolvedMethodTable Weak       Min:  0.0, Avg:  0.0, Max:  0.0, Diff:  0.0, Sum:  0.0, Workers: 6
[48.551s][debug  ][gc,phases      ] GC(177)     Dead                           Min: 0, Avg:  0.0, Max: 0, Diff: 0, Sum: 0, Workers: 6
[48.552s][debug  ][gc,phases      ] GC(177)     Total                          Min: 0, Avg: 21.7, Max: 64, Diff: 64, Sum: 130, Workers: 6
[48.552s][debug  ][gc,phases      ] GC(177)   JNI Weak                       Min:  0.0, Avg:  0.0, Max:  0.0, Diff:  0.0, Sum:  0.0, Workers: 6
[48.552s][debug  ][gc,phases      ] GC(177)     Dead                           Min: 0, Avg:  0.0, Max: 0, Diff: 0, Sum: 0, Workers: 6
[48.552s][debug  ][gc,phases      ] GC(177)     Total                          Min: 0, Avg:  0.0, Max: 0, Diff: 0, Sum: 0, Workers: 6
[48.552s][debug  ][gc,phases      ] GC(177)   StringDedup Table Weak         Min:  0.0, Avg:  0.0, Max:  0.0, Diff:  0.0, Sum:  0.0, Workers: 6
[48.552s][debug  ][gc,phases      ] GC(177)     Dead                           Min: 0, Avg:  0.0, Max: 0, Diff: 0, Sum: 0, Workers: 6
[48.552s][debug  ][gc,phases      ] GC(177)     Total                          Min: 0, Avg:  0.0, Max: 0, Diff: 0, Sum: 0, Workers: 6
[48.552s][debug  ][gc,phases      ] GC(177)   StringDedup Requests0 Weak     Min:  0.0, Avg:  0.0, Max:  0.0, Diff:  0.0, Sum:  0.0, Workers: 6
[48.552s][debug  ][gc,phases      ] GC(177)     Dead                           Min: 0, Avg:  0.0, Max: 0, Diff: 0, Sum: 0, Workers: 6
[48.552s][debug  ][gc,phases      ] GC(177)     Total                          Min: 0, Avg:  0.0, Max: 0, Diff: 0, Sum: 0, Workers: 6
[48.552s][debug  ][gc,phases      ] GC(177)   StringDedup Requests1 Weak     Min:  0.0, Avg:  0.0, Max:  0.0, Diff:  0.0, Sum:  0.0, Workers: 6
[48.552s][debug  ][gc,phases      ] GC(177)     Dead                           Min: 0, Avg:  0.0, Max: 0, Diff: 0, Sum: 0, Workers: 6
[48.552s][debug  ][gc,phases      ] GC(177)     Total                          Min: 0, Avg:  0.0, Max: 0, Diff: 0, Sum: 0, Workers: 6
[48.552s][debug  ][gc,phases      ] GC(177)   Weak JFR Old Object Samples    Min:  0.0, Avg:  0.0, Max:  0.0, Diff:  0.0, Sum:  0.0, Workers: 6
[48.552s][debug  ][gc,phases      ] GC(177)     Dead                           Min: 0, Avg:  0.0, Max: 0, Diff: 0, Sum: 0, Workers: 6
[48.552s][debug  ][gc,phases      ] GC(177)     Total                          Min: 0, Avg:  0.0, Max: 0, Diff: 0, Sum: 0, Workers: 6
[48.552s][debug  ][gc,phases      ] GC(177) Weak Processing 0.680ms
[48.552s][debug  ][gc,ergo        ] GC(177) AdaptiveSizeStart:  collection: 178 
[48.552s][debug  ][gc,ergo        ] GC(177) avg_survived_padded_avg: 31491848.000000
[48.552s][debug  ][gc,ergo        ] GC(177) avg_promoted_padded_avg: 268819392.000000  avg_pretenured_padded_avg: 0.000000  tenuring_thresh: 15  target_size: 31981568
[48.552s][debug  ][gc,age         ] GC(177) Desired survivor size 31981568 bytes, new threshold 15 (max threshold 15)
[48.552s][debug  ][gc,ergo        ] GC(177) PSAdaptiveSizePolicy::compute_eden_space_size limits: desired_eden_size: 223913806 old_eden_size: 204472320 eden_limit: 204472320 cur_eden: 204472320 max_eden_size: 204472320 avg_young_live: 27308648
[48.552s][debug  ][gc,ergo        ] GC(177) PSAdaptiveSizePolicy::compute_eden_space_size: costs minor_time: 0.048490 major_cost: 0.053507 mutator_cost: 0.898003 throughput_goal: 0.990000
[48.552s][debug  ][gc,ergo        ] GC(177) Live_space: 1084904576 free_space: 1431306240
[48.552s][debug  ][gc,ergo        ] GC(177) Old eden_size: 204472320 desired_eden_size: 204472320
[48.552s][debug  ][gc,ergo        ] GC(177) AdaptiveSizeStop: collection: 178 
[48.552s][info   ][gc,heap        ] GC(177) PSYoungGen: 229162K(230912K)->30720K(230912K) Eden: 198442K(199680K)->0K(199680K) From: 30720K(31232K)->30720K(31232K)
[48.552s][info   ][gc,heap        ] GC(177) ParOldGen: 1250916K(1835008K)->1445477K(1835008K)
[48.552s][info   ][gc,metaspace   ] GC(177) Metaspace: 1025K(1216K)->1025K(1216K) NonClass: 941K(1024K)->941K(1024K) Class: 83K(192K)->83K(192K)
[48.552s][info   ][gc             ] GC(177) Pause Young (Allocation Failure) 1445M->1441M(2017M) 17.434ms
[48.552s][info   ][gc,cpu         ] GC(177) User=0.16s Sys=0.02s Real=0.02s
[48.552s][debug  ][gc,heap        ] GC(177) Heap after GC invocations=178 (full 28):
[48.552s][debug  ][gc,heap        ] GC(177)  PSYoungGen      total 230912K, used 30720K [0x00000000f0000000, 0x0000000100000000, 0x0000000100000000)
[48.552s][debug  ][gc,heap        ] GC(177)   eden space 199680K, 0% used [0x00000000f0000000,0x00000000f0000000,0x00000000fc300000)
[48.552s][debug  ][gc,heap        ] GC(177)   from space 31232K, 98% used [0x00000000fe180000,0x00000000fff80030,0x0000000100000000)
[48.552s][debug  ][gc,heap        ] GC(177)   to   space 31232K, 0% used [0x00000000fc300000,0x00000000fc300000,0x00000000fe180000)
[48.552s][debug  ][gc,heap        ] GC(177)  ParOldGen       total 1835008K, used 1445477K [0x0000000080000000, 0x00000000f0000000, 0x00000000f0000000)
[48.552s][debug  ][gc,heap        ] GC(177)   object space 1835008K, 78% used [0x0000000080000000,0x00000000d83994a8,0x00000000f0000000)
[48.552s][debug  ][gc,heap        ] GC(177)  Metaspace       used 1025K, committed 1216K, reserved 1056768K
[48.552s][debug  ][gc,heap        ] GC(177)   class space    used 83K, committed 192K, reserved 1048576K
[48.552s][debug  ][gc,task,time   ] GC(177) VM-Thread 485342339 485505273 485523452
[48.848s][debug  ][gc,heap        ] GC(178) Heap before GC invocations=179 (full 28):
[48.848s][debug  ][gc,heap        ] GC(178)  PSYoungGen      total 230912K, used 229174K [0x00000000f0000000, 0x0000000100000000, 0x0000000100000000)
[48.848s][debug  ][gc,heap        ] GC(178)   eden space 199680K, 99% used [0x00000000f0000000,0x00000000fc1cd990,0x00000000fc300000)
[48.848s][debug  ][gc,heap        ] GC(178)   from space 31232K, 98% used [0x00000000fe180000,0x00000000fff80030,0x0000000100000000)
[48.848s][debug  ][gc,heap        ] GC(178)   to   space 31232K, 0% used [0x00000000fc300000,0x00000000fc300000,0x00000000fe180000)
[48.848s][debug  ][gc,heap        ] GC(178)  ParOldGen       total 1835008K, used 1445477K [0x0000000080000000, 0x00000000f0000000, 0x00000000f0000000)
[48.848s][debug  ][gc,heap        ] GC(178)   object space 1835008K, 78% used [0x0000000080000000,0x00000000d83994a8,0x00000000f0000000)
[48.848s][debug  ][gc,heap        ] GC(178)  Metaspace       used 1025K, committed 1216K, reserved 1056768K
[48.848s][debug  ][gc,heap        ] GC(178)   class space    used 83K, committed 192K, reserved 1048576K
[48.848s][debug  ][gc,tlab        ] GC(178) TLAB totals: thrds: 1  refills: 1 max: 1 slow allocs: 18 max 18 waste: 27.6% gc: 3987552B max: 3987552B slow: 0B max: 0B
[48.848s][info   ][gc,start       ] GC(178) Pause Young (Allocation Failure)
[48.848s][debug  ][gc,phases,start] GC(178) Scavenge
[48.863s][debug  ][gc,phases      ] GC(178) Scavenge 15.408ms
[48.863s][debug  ][gc,phases,start] GC(178) Reference Processing
[48.864s][debug  ][gc,ref         ] GC(178) Skipped phase 1 of Reference Processing: no references
[48.864s][debug  ][gc,ref         ] GC(178) Skipped phase 2 of Reference Processing: no references
[48.864s][debug  ][gc,ref         ] GC(178) Skipped phase 3 of Reference Processing: no references
[48.864s][debug  ][gc,ref         ] GC(178) Skipped phase 4 of Reference Processing: no references
[48.864s][debug  ][gc,phases,ref  ] GC(178) Reference Processing: 0.1ms
[48.864s][debug  ][gc,phases,ref  ] GC(178)   Reconsider SoftReferences: 0.0ms
[48.864s][debug  ][gc,phases,ref  ] GC(178)     SoftRef (ms):                  skipped
[48.864s][debug  ][gc,phases,ref  ] GC(178)   Notify Soft/WeakReferences: 0.0ms
[48.864s][debug  ][gc,phases,ref  ] GC(178)     SoftRef (ms):                  skipped
[48.864s][debug  ][gc,phases,ref  ] GC(178)     WeakRef (ms):                  skipped
[48.864s][debug  ][gc,phases,ref  ] GC(178)     FinalRef (ms):                 skipped
[48.864s][debug  ][gc,phases,ref  ] GC(178)     Total (ms):                    skipped
[48.864s][debug  ][gc,phases,ref  ] GC(178)   Notify and keep alive finalizable: 0.0ms
[48.864s][debug  ][gc,phases,ref  ] GC(178)     FinalRef (ms):                 skipped
[48.864s][debug  ][gc,phases,ref  ] GC(178)   Notify PhantomReferences: 0.0ms
[48.864s][debug  ][gc,phases,ref  ] GC(178)     PhantomRef (ms):               skipped
[48.864s][debug  ][gc,phases,ref  ] GC(178)   SoftReference:
[48.864s][debug  ][gc,phases,ref  ] GC(178)     Discovered: 0
[48.864s][debug  ][gc,phases,ref  ] GC(178)     Cleared: 0
[48.864s][debug  ][gc,phases,ref  ] GC(178)   WeakReference:
[48.864s][debug  ][gc,phases,ref  ] GC(178)     Discovered: 0
[48.864s][debug  ][gc,phases,ref  ] GC(178)     Cleared: 0
[48.864s][debug  ][gc,phases,ref  ] GC(178)   FinalReference:
[48.864s][debug  ][gc,phases,ref  ] GC(178)     Discovered: 0
[48.864s][debug  ][gc,phases,ref  ] GC(178)     Cleared: 0
[48.864s][debug  ][gc,phases,ref  ] GC(178)   PhantomReference:
[48.864s][debug  ][gc,phases,ref  ] GC(178)     Discovered: 0
[48.864s][debug  ][gc,phases,ref  ] GC(178)     Cleared: 0
[48.864s][debug  ][gc,phases      ] GC(178) Reference Processing 0.572ms
[48.864s][debug  ][gc,phases,start] GC(178) Weak Processing
[48.864s][debug  ][gc,phases      ] GC(178)   VM Weak                        Min:  0.0, Avg:  0.0, Max:  0.0, Diff:  0.0, Sum:  0.0, Workers: 6
[48.864s][debug  ][gc,phases      ] GC(178)     Dead                           Min: 0, Avg:  0.0, Max: 0, Diff: 0, Sum: 0, Workers: 6
[48.864s][debug  ][gc,phases      ] GC(178)     Total                          Min: 0, Avg:  1.3, Max: 8, Diff: 8, Sum: 8, Workers: 6
[48.864s][debug  ][gc,phases      ] GC(178)   ObjectSynchronizer Weak        Min:  0.0, Avg:  0.0, Max:  0.0, Diff:  0.0, Sum:  0.0, Workers: 6
[48.864s][debug  ][gc,phases      ] GC(178)     Dead                           Min: 0, Avg:  0.0, Max: 0, Diff: 0, Sum: 0, Workers: 6
[48.864s][debug  ][gc,phases      ] GC(178)     Total                          Min: 0, Avg:  0.5, Max: 3, Diff: 3, Sum: 3, Workers: 6
[48.864s][debug  ][gc,phases      ] GC(178)   JVMTI Tag Weak OopStorage      Min:  0.0, Avg:  0.0, Max:  0.0, Diff:  0.0, Sum:  0.0, Workers: 6
[48.864s][debug  ][gc,phases      ] GC(178)     Dead                           Min: 0, Avg:  0.0, Max: 0, Diff: 0, Sum: 0, Workers: 6
[48.864s][debug  ][gc,phases      ] GC(178)     Total                          Min: 0, Avg:  0.0, Max: 0, Diff: 0, Sum: 0, Workers: 6
[48.864s][debug  ][gc,phases      ] GC(178)   StringTable Weak               Min:  0.0, Avg:  0.0, Max:  0.0, Diff:  0.0, Sum:  0.0, Workers: 6
[48.864s][debug  ][gc,phases      ] GC(178)     Dead                           Min: 0, Avg:  0.0, Max: 0, Diff: 0, Sum: 0, Workers: 6
[48.864s][debug  ][gc,phases      ] GC(178)     Total                          Min: 640, Avg: 892.3, Max: 1067, Diff: 427, Sum: 5354, Workers: 6
[48.864s][debug  ][gc,phases      ] GC(178)   ResolvedMethodTable Weak       Min:  0.0, Avg:  0.0, Max:  0.0, Diff:  0.0, Sum:  0.0, Workers: 6
[48.864s][debug  ][gc,phases      ] GC(178)     Dead                           Min: 0, Avg:  0.0, Max: 0, Diff: 0, Sum: 0, Workers: 6
[48.865s][debug  ][gc,phases      ] GC(178)     Total                          Min: 0, Avg: 21.7, Max: 64, Diff: 64, Sum: 130, Workers: 6
[48.865s][debug  ][gc,phases      ] GC(178)   JNI Weak                       Min:  0.0, Avg:  0.0, Max:  0.0, Diff:  0.0, Sum:  0.0, Workers: 6
[48.865s][debug  ][gc,phases      ] GC(178)     Dead                           Min: 0, Avg:  0.0, Max: 0, Diff: 0, Sum: 0, Workers: 6
[48.865s][debug  ][gc,phases      ] GC(178)     Total                          Min: 0, Avg:  0.0, Max: 0, Diff: 0, Sum: 0, Workers: 6
[48.865s][debug  ][gc,phases      ] GC(178)   StringDedup Table Weak         Min:  0.0, Avg:  0.0, Max:  0.0, Diff:  0.0, Sum:  0.0, Workers: 6
[48.865s][debug  ][gc,phases      ] GC(178)     Dead                           Min: 0, Avg:  0.0, Max: 0, Diff: 0, Sum: 0, Workers: 6
[48.865s][debug  ][gc,phases      ] GC(178)     Total                          Min: 0, Avg:  0.0, Max: 0, Diff: 0, Sum: 0, Workers: 6
[48.865s][debug  ][gc,phases      ] GC(178)   StringDedup Requests0 Weak     Min:  0.0, Avg:  0.0, Max:  0.0, Diff:  0.0, Sum:  0.0, Workers: 6
[48.865s][debug  ][gc,phases      ] GC(178)     Dead                           Min: 0, Avg:  0.0, Max: 0, Diff: 0, Sum: 0, Workers: 6
[48.865s][debug  ][gc,phases      ] GC(178)     Total                          Min: 0, Avg:  0.0, Max: 0, Diff: 0, Sum: 0, Workers: 6
[48.865s][debug  ][gc,phases      ] GC(178)   StringDedup Requests1 Weak     Min:  0.0, Avg:  0.0, Max:  0.0, Diff:  0.0, Sum:  0.0, Workers: 6
[48.865s][debug  ][gc,phases      ] GC(178)     Dead                           Min: 0, Avg:  0.0, Max: 0, Diff: 0, Sum: 0, Workers: 6
[48.865s][debug  ][gc,phases      ] GC(178)     Total                          Min: 0, Avg:  0.0, Max: 0, Diff: 0, Sum: 0, Workers: 6
[48.865s][debug  ][gc,phases      ] GC(178)   Weak JFR Old Object Samples    Min:  0.0, Avg:  0.0, Max:  0.0, Diff:  0.0, Sum:  0.0, Workers: 6
[48.865s][debug  ][gc,phases      ] GC(178)     Dead                           Min: 0, Avg:  0.0, Max: 0, Diff: 0, Sum: 0, Workers: 6
[48.865s][debug  ][gc,phases      ] GC(178)     Total                          Min: 0, Avg:  0.0, Max: 0, Diff: 0, Sum: 0, Workers: 6
[48.865s][debug  ][gc,phases      ] GC(178) Weak Processing 0.855ms
[48.865s][debug  ][gc,ergo        ] GC(178) AdaptiveSizeStart:  collection: 179 
[48.865s][debug  ][gc,ergo        ] GC(178) avg_survived_padded_avg: 31488786.000000
[48.865s][debug  ][gc,ergo        ] GC(178) avg_promoted_padded_avg: 269861632.000000  avg_pretenured_padded_avg: 0.000000  tenuring_thresh: 15  target_size: 31981568
[48.865s][debug  ][gc,age         ] GC(178) Desired survivor size 31981568 bytes, new threshold 15 (max threshold 15)
[48.865s][debug  ][gc,ergo        ] GC(178) PSAdaptiveSizePolicy::compute_eden_space_size limits: desired_eden_size: 224205898 old_eden_size: 204472320 eden_limit: 204472320 cur_eden: 204472320 max_eden_size: 204472320 avg_young_live: 27723516
[48.865s][debug  ][gc,ergo        ] GC(178) PSAdaptiveSizePolicy::compute_eden_space_size: costs minor_time: 0.049898 major_cost: 0.053507 mutator_cost: 0.896595 throughput_goal: 0.990000
[48.865s][debug  ][gc,ergo        ] GC(178) Live_space: 1085319424 free_space: 1431306240
[48.865s][debug  ][gc,ergo        ] GC(178) Old eden_size: 204472320 desired_eden_size: 204472320
[48.865s][debug  ][gc,ergo        ] GC(178) AdaptiveSizeStop: collection: 179 
[48.865s][info   ][gc,heap        ] GC(178) PSYoungGen: 229174K(230912K)->30720K(230912K) Eden: 198454K(199680K)->0K(199680K) From: 30720K(31232K)->30720K(31232K)
[48.865s][info   ][gc,heap        ] GC(178) ParOldGen: 1445477K(1835008K)->1640037K(1835008K)
[48.865s][info   ][gc,metaspace   ] GC(178) Metaspace: 1025K(1216K)->1025K(1216K) NonClass: 941K(1024K)->941K(1024K) Class: 83K(192K)->83K(192K)
[48.865s][info   ][gc             ] GC(178) Pause Young (Allocation Failure) 1635M->1631M(2017M) 17.341ms
[48.865s][info   ][gc,cpu         ] GC(178) User=0.14s Sys=0.00s Real=0.02s
[48.865s][debug  ][gc,heap        ] GC(178) Heap after GC invocations=179 (full 28):
[48.865s][debug  ][gc,heap        ] GC(178)  PSYoungGen      total 230912K, used 30720K [0x00000000f0000000, 0x0000000100000000, 0x0000000100000000)
[48.865s][debug  ][gc,heap        ] GC(178)   eden space 199680K, 0% used [0x00000000f0000000,0x00000000f0000000,0x00000000fc300000)
[48.865s][debug  ][gc,heap        ] GC(178)   from space 31232K, 98% used [0x00000000fc300000,0x00000000fe100030,0x00000000fe180000)
[48.866s][debug  ][gc,heap        ] GC(178)   to   space 31232K, 0% used [0x00000000fe180000,0x00000000fe180000,0x0000000100000000)
[48.866s][debug  ][gc,heap        ] GC(178)  ParOldGen       total 1835008K, used 1640037K [0x0000000080000000, 0x00000000f0000000, 0x00000000f0000000)
[48.866s][debug  ][gc,heap        ] GC(178)   object space 1835008K, 89% used [0x0000000080000000,0x00000000e41995d8,0x00000000f0000000)
[48.866s][debug  ][gc,heap        ] GC(178)  Metaspace       used 1025K, committed 1216K, reserved 1056768K
[48.866s][debug  ][gc,heap        ] GC(178)   class space    used 83K, committed 192K, reserved 1048576K
[48.866s][debug  ][gc,task,time   ] GC(178) VM-Thread 488476853 488634989 488656599
[48.866s][debug  ][gc,phases,start] GC(179) Pre Compact
[48.866s][debug  ][gc,heap        ] GC(179) Heap before GC invocations=180 (full 29):
[48.866s][debug  ][gc,heap        ] GC(179)  PSYoungGen      total 230912K, used 30720K [0x00000000f0000000, 0x0000000100000000, 0x0000000100000000)
[48.866s][debug  ][gc,heap        ] GC(179)   eden space 199680K, 0% used [0x00000000f0000000,0x00000000f0000000,0x00000000fc300000)
[48.866s][debug  ][gc,heap        ] GC(179)   from space 31232K, 98% used [0x00000000fc300000,0x00000000fe100030,0x00000000fe180000)
[48.866s][debug  ][gc,heap        ] GC(179)   to   space 31232K, 0% used [0x00000000fe180000,0x00000000fe180000,0x0000000100000000)
[48.866s][debug  ][gc,heap        ] GC(179)  ParOldGen       total 1835008K, used 1640037K [0x0000000080000000, 0x00000000f0000000, 0x00000000f0000000)
[48.866s][debug  ][gc,heap        ] GC(179)   object space 1835008K, 89% used [0x0000000080000000,0x00000000e41995d8,0x00000000f0000000)
[48.866s][debug  ][gc,heap        ] GC(179)  Metaspace       used 1025K, committed 1216K, reserved 1056768K
[48.866s][debug  ][gc,heap        ] GC(179)   class space    used 83K, committed 192K, reserved 1048576K
[48.866s][debug  ][gc,phases      ] GC(179) Pre Compact 0.282ms
[48.866s][info   ][gc,start       ] GC(179) Pause Full (Ergonomics)
[48.866s][info   ][gc,phases,start] GC(179) Marking Phase
[48.866s][debug  ][gc,phases,start] GC(179) Par Mark
[48.867s][debug  ][gc,phases      ] GC(179) Par Mark 0.548ms
[48.867s][debug  ][gc,phases,start] GC(179) Reference Processing
[48.867s][debug  ][gc,ref         ] GC(179) Skipped phase 1 of Reference Processing: no references
[48.867s][debug  ][gc,ref         ] GC(179) ReferenceProcessor::execute queues: 1, RefProcThreadModel::Single, marks_oops_alive: false
[48.867s][debug  ][gc,ref         ] GC(179) Skipped phase 3 of Reference Processing: no references
[48.867s][debug  ][gc,ref         ] GC(179) ReferenceProcessor::execute queues: 1, RefProcThreadModel::Single, marks_oops_alive: false
[48.867s][debug  ][gc,phases,ref  ] GC(179) Reference Processing: 0.1ms
[48.867s][debug  ][gc,phases,ref  ] GC(179)   Reconsider SoftReferences: 0.0ms
[48.867s][debug  ][gc,phases,ref  ] GC(179)     SoftRef (ms):                  skipped
[48.867s][debug  ][gc,phases,ref  ] GC(179)   Notify Soft/WeakReferences: 0.0ms
[48.867s][debug  ][gc,phases,ref  ] GC(179)     SoftRef (ms):                  Min:  0.0, Avg:  0.0, Max:  0.0, Diff:  0.0, Sum:  0.0, Workers: 12
[48.867s][debug  ][gc,phases,ref  ] GC(179)     WeakRef (ms):                  Min:  0.0, Avg:  0.0, Max:  0.0, Diff:  0.0, Sum:  0.0, Workers: 12
[48.867s][debug  ][gc,phases,ref  ] GC(179)     FinalRef (ms):                 Min:  0.0, Avg:  0.0, Max:  0.0, Diff:  0.0, Sum:  0.0, Workers: 12
[48.867s][debug  ][gc,phases,ref  ] GC(179)     Total (ms):                    Min:  0.0, Avg:  0.0, Max:  0.0, Diff:  0.0, Sum:  0.0, Workers: 12
[48.867s][debug  ][gc,phases,ref  ] GC(179)   Notify and keep alive finalizable: 0.0ms
[48.867s][debug  ][gc,phases,ref  ] GC(179)     FinalRef (ms):                 skipped
[48.867s][debug  ][gc,phases,ref  ] GC(179)   Notify PhantomReferences: 0.0ms
[48.867s][debug  ][gc,phases,ref  ] GC(179)     PhantomRef (ms):               Min:  0.0, Avg:  0.0, Max:  0.0, Diff:  0.0, Sum:  0.0, Workers: 12
[48.867s][debug  ][gc,phases,ref  ] GC(179)   SoftReference:
[48.867s][debug  ][gc,phases,ref  ] GC(179)     Discovered: 0
[48.867s][debug  ][gc,phases,ref  ] GC(179)     Cleared: 0
[48.867s][debug  ][gc,phases,ref  ] GC(179)   WeakReference:
[48.867s][debug  ][gc,phases,ref  ] GC(179)     Discovered: 71
[48.867s][debug  ][gc,phases,ref  ] GC(179)     Cleared: 71
[48.867s][debug  ][gc,phases,ref  ] GC(179)   FinalReference:
[48.867s][debug  ][gc,phases,ref  ] GC(179)     Discovered: 0
[48.867s][debug  ][gc,phases,ref  ] GC(179)     Cleared: 0
[48.867s][debug  ][gc,phases,ref  ] GC(179)   PhantomReference:
[48.867s][debug  ][gc,phases,ref  ] GC(179)     Discovered: 3
[48.867s][debug  ][gc,phases,ref  ] GC(179)     Cleared: 3
[48.867s][debug  ][gc,phases      ] GC(179) Reference Processing 0.656ms
[48.867s][debug  ][gc,phases,start] GC(179) Weak Processing
[48.867s][debug  ][gc,phases      ] GC(179)   VM Weak                        Min:  0.0, Avg:  0.0, Max:  0.0, Diff:  0.0, Sum:  0.0, Workers: 6
[48.867s][debug  ][gc,phases      ] GC(179)     Dead                           Min: 0, Avg:  0.0, Max: 0, Diff: 0, Sum: 0, Workers: 6
[48.867s][debug  ][gc,phases      ] GC(179)     Total                          Min: 0, Avg:  1.3, Max: 8, Diff: 8, Sum: 8, Workers: 6
[48.867s][debug  ][gc,phases      ] GC(179)   ObjectSynchronizer Weak        Min:  0.0, Avg:  0.0, Max:  0.0, Diff:  0.0, Sum:  0.0, Workers: 6
[48.867s][debug  ][gc,phases      ] GC(179)     Dead                           Min: 0, Avg:  0.0, Max: 0, Diff: 0, Sum: 0, Workers: 6
[48.867s][debug  ][gc,phases      ] GC(179)     Total                          Min: 0, Avg:  0.5, Max: 3, Diff: 3, Sum: 3, Workers: 6
[48.868s][debug  ][gc,phases      ] GC(179)   JVMTI Tag Weak OopStorage      Min:  0.0, Avg:  0.0, Max:  0.0, Diff:  0.0, Sum:  0.0, Workers: 6
[48.868s][debug  ][gc,phases      ] GC(179)     Dead                           Min: 0, Avg:  0.0, Max: 0, Diff: 0, Sum: 0, Workers: 6
[48.868s][debug  ][gc,phases      ] GC(179)     Total                          Min: 0, Avg:  0.0, Max: 0, Diff: 0, Sum: 0, Workers: 6
[48.868s][debug  ][gc,phases      ] GC(179)   StringTable Weak               Min:  0.0, Avg:  0.0, Max:  0.0, Diff:  0.0, Sum:  0.0, Workers: 6
[48.868s][debug  ][gc,phases      ] GC(179)     Dead                           Min: 0, Avg:  0.0, Max: 0, Diff: 0, Sum: 0, Workers: 6
[48.868s][debug  ][gc,phases      ] GC(179)     Total                          Min: 490, Avg: 892.3, Max: 1216, Diff: 726, Sum: 5354, Workers: 6
[48.868s][debug  ][gc,phases      ] GC(179)   ResolvedMethodTable Weak       Min:  0.0, Avg:  0.0, Max:  0.0, Diff:  0.0, Sum:  0.0, Workers: 6
[48.868s][debug  ][gc,phases      ] GC(179)     Dead                           Min: 0, Avg:  0.0, Max: 0, Diff: 0, Sum: 0, Workers: 6
[48.868s][debug  ][gc,phases      ] GC(179)     Total                          Min: 0, Avg: 21.7, Max: 64, Diff: 64, Sum: 130, Workers: 6
[48.868s][debug  ][gc,phases      ] GC(179)   JNI Weak                       Min:  0.0, Avg:  0.0, Max:  0.0, Diff:  0.0, Sum:  0.0, Workers: 6
[48.868s][debug  ][gc,phases      ] GC(179)     Dead                           Min: 0, Avg:  0.0, Max: 0, Diff: 0, Sum: 0, Workers: 6
[48.868s][debug  ][gc,phases      ] GC(179)     Total                          Min: 0, Avg:  0.0, Max: 0, Diff: 0, Sum: 0, Workers: 6
