[0.005s][warning][gc] -XX:+PrintGCDetails is deprecated. Will use -Xlog:gc* instead.
[0.012s][debug  ][gc,heap] Minimum heap 2147483648  Initial heap 2147483648  Maximum heap 2147483648
[0.012s][info   ][gc     ] Using Parallel
[0.012s][debug  ][gc,heap,coops] Heap address: 0x0000000080000000, size: 2048 MB, Compressed Oops mode: 32-bit
[0.018s][info   ][gc,init      ] Version: 17.0.2+8-86 (release)
[0.018s][info   ][gc,init      ] CPUs: 12 total, 12 available
[0.018s][info   ][gc,init      ] Memory: 14188M
[0.018s][info   ][gc,init      ] Large Page Support: Disabled
[0.018s][info   ][gc,init      ] NUMA Support: Disabled
[0.018s][info   ][gc,init      ] Compressed Oops: Enabled (32-bit)
[0.018s][info   ][gc,init      ] Alignments: Space 512K, Generation 512K, Heap 2M
[0.018s][info   ][gc,init      ] Heap Min Capacity: 2G
[0.018s][info   ][gc,init      ] Heap Initial Capacity: 2G
[0.019s][info   ][gc,init      ] Heap Max Capacity: 2G
[0.019s][info   ][gc,init      ] Pre-touch: Disabled
[0.019s][info   ][gc,init      ] Parallel Workers: 6
[0.019s][info   ][gc,metaspace ] CDS archive(s) mapped at: [0x0000000800000000-0x0000000800bc0000-0x0000000800bc0000), size 12320768, SharedBaseAddress: 0x0000000800000000, ArchiveRelocationMode: 0.
[0.019s][info   ][gc,metaspace ] Compressed class space mapped at: 0x0000000800c00000-0x0000000840c00000, reserved size: 1073741824
[0.019s][info   ][gc,metaspace ] Narrow klass base: 0x0000000800000000, Narrow klass shift: 0, Narrow klass range: 0x100000000
[0.360s][debug  ][gc,heap      ] GC(0) Heap before GC invocations=1 (full 0):
[0.360s][debug  ][gc,heap      ] GC(0)  PSYoungGen      total 229376K, used 189809K [0x00000000f0000000, 0x0000000100000000, 0x0000000100000000)
[0.360s][debug  ][gc,heap      ] GC(0)   eden space 196608K, 96% used [0x00000000f0000000,0x00000000fb95c500,0x00000000fc000000)
[0.360s][debug  ][gc,heap      ] GC(0)   from space 32768K, 0% used [0x00000000fe000000,0x00000000fe000000,0x0000000100000000)
[0.360s][debug  ][gc,heap      ] GC(0)   to   space 32768K, 0% used [0x00000000fc000000,0x00000000fc000000,0x00000000fe000000)
[0.360s][debug  ][gc,heap      ] GC(0)  ParOldGen       total 1835008K, used 0K [0x0000000080000000, 0x00000000f0000000, 0x00000000f0000000)
[0.360s][debug  ][gc,heap      ] GC(0)   object space 1835008K, 0% used [0x0000000080000000,0x0000000080000000,0x00000000f0000000)
[0.360s][debug  ][gc,heap      ] GC(0)  Metaspace       used 714K, committed 896K, reserved 1056768K
[0.360s][debug  ][gc,heap      ] GC(0)   class space    used 59K, committed 128K, reserved 1048576K
[0.360s][debug  ][gc,tlab      ] GC(0) TLAB totals: thrds: 4  refills: 4 max: 1 slow allocs: 18 max 18 waste: 89.8% gc: 14463392B max: 4026448B slow: 0B max: 0B
[0.360s][info   ][gc,start     ] GC(0) Pause Young (Allocation Failure)
[0.360s][debug  ][gc,phases,start] GC(0) Scavenge
[0.377s][debug  ][gc,phases      ] GC(0) Scavenge 17.140ms
[0.377s][debug  ][gc,phases,start] GC(0) Reference Processing
[0.377s][debug  ][gc,ref         ] GC(0) Skipped phase 1 of Reference Processing: no references
[0.378s][debug  ][gc,ref         ] GC(0) ReferenceProcessor::execute queues: 1, RefProcThreadModel::Single, marks_oops_alive: false
[0.378s][debug  ][gc,ref         ] GC(0) Skipped phase 3 of Reference Processing: no references
[0.378s][debug  ][gc,ref         ] GC(0) ReferenceProcessor::execute queues: 1, RefProcThreadModel::Single, marks_oops_alive: false
[0.378s][debug  ][gc,phases,ref  ] GC(0) Reference Processing: 0.1ms
[0.378s][debug  ][gc,phases,ref  ] GC(0)   Reconsider SoftReferences: 0.0ms
[0.378s][debug  ][gc,phases,ref  ] GC(0)     SoftRef (ms):                  skipped
[0.378s][debug  ][gc,phases,ref  ] GC(0)   Notify Soft/WeakReferences: 0.0ms
[0.378s][debug  ][gc,phases,ref  ] GC(0)     SoftRef (ms):                  Min:  0.0, Avg:  0.0, Max:  0.0, Diff:  0.0, Sum:  0.0, Workers: 6
[0.378s][debug  ][gc,phases,ref  ] GC(0)     WeakRef (ms):                  Min:  0.0, Avg:  0.0, Max:  0.0, Diff:  0.0, Sum:  0.0, Workers: 6
[0.378s][debug  ][gc,phases,ref  ] GC(0)     FinalRef (ms):                 Min:  0.0, Avg:  0.0, Max:  0.0, Diff:  0.0, Sum:  0.0, Workers: 6
[0.378s][debug  ][gc,phases,ref  ] GC(0)     Total (ms):                    Min:  0.0, Avg:  0.0, Max:  0.0, Diff:  0.0, Sum:  0.0, Workers: 6
[0.378s][debug  ][gc,phases,ref  ] GC(0)   Notify and keep alive finalizable: 0.0ms
[0.378s][debug  ][gc,phases,ref  ] GC(0)     FinalRef (ms):                 skipped
[0.378s][debug  ][gc,phases,ref  ] GC(0)   Notify PhantomReferences: 0.0ms
[0.378s][debug  ][gc,phases,ref  ] GC(0)     PhantomRef (ms):               Min:  0.0, Avg:  0.0, Max:  0.0, Diff:  0.0, Sum:  0.0, Workers: 6
[0.378s][debug  ][gc,phases,ref  ] GC(0)   SoftReference:
[0.378s][debug  ][gc,phases,ref  ] GC(0)     Discovered: 0
[0.378s][debug  ][gc,phases,ref  ] GC(0)     Cleared: 0
[0.378s][debug  ][gc,phases,ref  ] GC(0)   WeakReference:
[0.378s][debug  ][gc,phases,ref  ] GC(0)     Discovered: 63
[0.378s][debug  ][gc,phases,ref  ] GC(0)     Cleared: 40
[0.378s][debug  ][gc,phases,ref  ] GC(0)   FinalReference:
[0.378s][debug  ][gc,phases,ref  ] GC(0)     Discovered: 0
[0.378s][debug  ][gc,phases,ref  ] GC(0)     Cleared: 0
[0.378s][debug  ][gc,phases,ref  ] GC(0)   PhantomReference:
[0.378s][debug  ][gc,phases,ref  ] GC(0)     Discovered: 19
[0.378s][debug  ][gc,phases,ref  ] GC(0)     Cleared: 4
[0.378s][debug  ][gc,phases      ] GC(0) Reference Processing 0.712ms
[0.378s][debug  ][gc,phases,start] GC(0) Weak Processing
[0.378s][debug  ][gc,phases      ] GC(0)   VM Weak                        Min:  0.0, Avg:  0.0, Max:  0.0, Diff:  0.0, Sum:  0.0, Workers: 3
[0.378s][debug  ][gc,phases      ] GC(0)     Dead                           Min: 0, Avg:  0.0, Max: 0, Diff: 0, Sum: 0, Workers: 3
[0.378s][debug  ][gc,phases      ] GC(0)     Total                          Min: 0, Avg:  2.3, Max: 7, Diff: 7, Sum: 7, Workers: 3
[0.378s][debug  ][gc,phases      ] GC(0)   ObjectSynchronizer Weak        Min:  0.0, Avg:  0.0, Max:  0.0, Diff:  0.0, Sum:  0.0, Workers: 3
[0.378s][debug  ][gc,phases      ] GC(0)     Dead                           Min: 0, Avg:  0.0, Max: 0, Diff: 0, Sum: 0, Workers: 3
[0.378s][debug  ][gc,phases      ] GC(0)     Total                          Min: 0, Avg:  1.0, Max: 3, Diff: 3, Sum: 3, Workers: 3
[0.378s][debug  ][gc,phases      ] GC(0)   JVMTI Tag Weak OopStorage      Min:  0.0, Avg:  0.0, Max:  0.0, Diff:  0.0, Sum:  0.0, Workers: 3
[0.378s][debug  ][gc,phases      ] GC(0)     Dead                           Min: 0, Avg:  0.0, Max: 0, Diff: 0, Sum: 0, Workers: 3
[0.378s][debug  ][gc,phases      ] GC(0)     Total                          Min: 0, Avg:  0.0, Max: 0, Diff: 0, Sum: 0, Workers: 3
[0.378s][debug  ][gc,phases      ] GC(0)   StringTable Weak               Min:  0.0, Avg:  0.0, Max:  0.0, Diff:  0.0, Sum:  0.1, Workers: 3
[0.378s][debug  ][gc,phases      ] GC(0)     Dead                           Min: 0, Avg:  1.3, Max: 3, Diff: 3, Sum: 4, Workers: 3
[0.378s][debug  ][gc,phases      ] GC(0)     Total                          Min: 829, Avg: 873.7, Max: 896, Diff: 67, Sum: 2621, Workers: 3
[0.379s][debug  ][gc,phases      ] GC(0)   ResolvedMethodTable Weak       Min:  0.0, Avg:  0.0, Max:  0.0, Diff:  0.0, Sum:  0.0, Workers: 3
[0.379s][debug  ][gc,phases      ] GC(0)     Dead                           Min: 0, Avg:  0.3, Max: 1, Diff: 1, Sum: 1, Workers: 3
[0.379s][debug  ][gc,phases      ] GC(0)     Total                          Min: 0, Avg: 27.7, Max: 64, Diff: 64, Sum: 83, Workers: 3
[0.379s][debug  ][gc,phases      ] GC(0)   JNI Weak                       Min:  0.0, Avg:  0.0, Max:  0.0, Diff:  0.0, Sum:  0.0, Workers: 3
[0.379s][debug  ][gc,phases      ] GC(0)     Dead                           Min: 0, Avg:  0.0, Max: 0, Diff: 0, Sum: 0, Workers: 3
[0.379s][debug  ][gc,phases      ] GC(0)     Total                          Min: 0, Avg:  0.0, Max: 0, Diff: 0, Sum: 0, Workers: 3
[0.379s][debug  ][gc,phases      ] GC(0)   StringDedup Table Weak         Min:  0.0, Avg:  0.0, Max:  0.0, Diff:  0.0, Sum:  0.0, Workers: 3
[0.379s][debug  ][gc,phases      ] GC(0)     Dead                           Min: 0, Avg:  0.0, Max: 0, Diff: 0, Sum: 0, Workers: 3
[0.379s][debug  ][gc,phases      ] GC(0)     Total                          Min: 0, Avg:  0.0, Max: 0, Diff: 0, Sum: 0, Workers: 3
[0.379s][debug  ][gc,phases      ] GC(0)   StringDedup Requests0 Weak     Min:  0.0, Avg:  0.0, Max:  0.0, Diff:  0.0, Sum:  0.0, Workers: 3
[0.379s][debug  ][gc,phases      ] GC(0)     Dead                           Min: 0, Avg:  0.0, Max: 0, Diff: 0, Sum: 0, Workers: 3
[0.379s][debug  ][gc,phases      ] GC(0)     Total                          Min: 0, Avg:  0.0, Max: 0, Diff: 0, Sum: 0, Workers: 3
[0.379s][debug  ][gc,phases      ] GC(0)   StringDedup Requests1 Weak     Min:  0.0, Avg:  0.0, Max:  0.0, Diff:  0.0, Sum:  0.0, Workers: 3
[0.379s][debug  ][gc,phases      ] GC(0)     Dead                           Min: 0, Avg:  0.0, Max: 0, Diff: 0, Sum: 0, Workers: 3
[0.379s][debug  ][gc,phases      ] GC(0)     Total                          Min: 0, Avg:  0.0, Max: 0, Diff: 0, Sum: 0, Workers: 3
[0.379s][debug  ][gc,phases      ] GC(0)   Weak JFR Old Object Samples    Min:  0.0, Avg:  0.0, Max:  0.0, Diff:  0.0, Sum:  0.0, Workers: 3
[0.379s][debug  ][gc,phases      ] GC(0)     Dead                           Min: 0, Avg:  0.0, Max: 0, Diff: 0, Sum: 0, Workers: 3
[0.379s][debug  ][gc,phases      ] GC(0)     Total                          Min: 0, Avg:  0.0, Max: 0, Diff: 0, Sum: 0, Workers: 3
[0.379s][debug  ][gc,phases      ] GC(0) Weak Processing 0.721ms
[0.379s][debug  ][gc,ergo        ] GC(0) AdaptiveSizeStart:  collection: 1 
[0.379s][debug  ][gc,age         ] GC(0) Desired survivor size 33554432 bytes, new threshold 7 (max threshold 15)
[0.379s][debug  ][gc,ergo        ] GC(0) PSAdaptiveSizePolicy::compute_eden_space_size limits: desired_eden_size: 402653184 old_eden_size: 201326592 eden_limit: 201326592 cur_eden: 201326592 max_eden_size: 201326592 avg_young_live: 32464994
[0.379s][debug  ][gc,ergo        ] GC(0) PSAdaptiveSizePolicy::compute_eden_space_size: costs minor_time: 0.052164 major_cost: 0.000000 mutator_cost: 0.947836 throughput_goal: 0.990000
[0.379s][debug  ][gc,ergo        ] GC(0) Live_space: 300900448 free_space: 402653184
[0.379s][debug  ][gc,ergo        ] GC(0) Old eden_size: 201326592 desired_eden_size: 201326592
[0.379s][debug  ][gc,ergo        ] GC(0) AdaptiveSizeStop: collection: 1 
[0.379s][info   ][gc,heap        ] GC(0) PSYoungGen: 189809K(229376K)->31704K(229376K) Eden: 189809K(196608K)->0K(196608K) From: 0K(32768K)->31704K(32768K)
[0.379s][info   ][gc,heap        ] GC(0) ParOldGen: 0K(1835008K)->143368K(1835008K)
[0.379s][info   ][gc,metaspace   ] GC(0) Metaspace: 714K(896K)->714K(896K) NonClass: 655K(768K)->655K(768K) Class: 59K(128K)->59K(128K)
[0.379s][info   ][gc             ] GC(0) Pause Young (Allocation Failure) 185M->170M(2016M) 19.096ms
[0.379s][info   ][gc,cpu         ] GC(0) User=0.02s Sys=0.09s Real=0.02s
[0.379s][debug  ][gc,heap        ] GC(0) Heap after GC invocations=1 (full 0):
[0.379s][debug  ][gc,heap        ] GC(0)  PSYoungGen      total 229376K, used 31704K [0x00000000f0000000, 0x0000000100000000, 0x0000000100000000)
[0.379s][debug  ][gc,heap        ] GC(0)   eden space 196608K, 0% used [0x00000000f0000000,0x00000000f0000000,0x00000000fc000000)
[0.379s][debug  ][gc,heap        ] GC(0)   from space 32768K, 96% used [0x00000000fc000000,0x00000000fdef6060,0x00000000fe000000)
[0.379s][debug  ][gc,heap        ] GC(0)   to   space 32768K, 0% used [0x00000000fe000000,0x00000000fe000000,0x0000000100000000)
[0.379s][debug  ][gc,heap        ] GC(0)  ParOldGen       total 1835008K, used 143368K [0x0000000080000000, 0x00000000f0000000, 0x00000000f0000000)
[0.379s][debug  ][gc,heap        ] GC(0)   object space 1835008K, 7% used [0x0000000080000000,0x0000000088c020e0,0x00000000f0000000)
[0.379s][debug  ][gc,heap        ] GC(0)  Metaspace       used 714K, committed 896K, reserved 1056768K
[0.379s][debug  ][gc,heap        ] GC(0)   class space    used 59K, committed 128K, reserved 1048576K
[0.379s][debug  ][gc,task,time   ] GC(0) VM-Thread 3596738 3774457 3793806
[0.661s][debug  ][gc,heap        ] GC(1) Heap before GC invocations=2 (full 0):
[0.661s][debug  ][gc,heap        ] GC(1)  PSYoungGen      total 229376K, used 219793K [0x00000000f0000000, 0x0000000100000000, 0x0000000100000000)
[0.661s][debug  ][gc,heap        ] GC(1)   eden space 196608K, 95% used [0x00000000f0000000,0x00000000fb7ae610,0x00000000fc000000)
[0.661s][debug  ][gc,heap        ] GC(1)   from space 32768K, 96% used [0x00000000fc000000,0x00000000fdef6060,0x00000000fe000000)
[0.661s][debug  ][gc,heap        ] GC(1)   to   space 32768K, 0% used [0x00000000fe000000,0x00000000fe000000,0x0000000100000000)
[0.661s][debug  ][gc,heap        ] GC(1)  ParOldGen       total 1835008K, used 143368K [0x0000000080000000, 0x00000000f0000000, 0x00000000f0000000)
[0.661s][debug  ][gc,heap        ] GC(1)   object space 1835008K, 7% used [0x0000000080000000,0x0000000088c020e0,0x00000000f0000000)
[0.661s][debug  ][gc,heap        ] GC(1)  Metaspace       used 715K, committed 896K, reserved 1056768K
[0.661s][debug  ][gc,heap        ] GC(1)   class space    used 59K, committed 128K, reserved 1048576K
[0.661s][debug  ][gc,tlab        ] GC(1) TLAB totals: thrds: 1  refills: 1 max: 1 slow allocs: 17 max 17 waste: 26.9% gc: 3859328B max: 3859328B slow: 0B max: 0B
[0.661s][info   ][gc,start       ] GC(1) Pause Young (Allocation Failure)
[0.661s][debug  ][gc,phases,start] GC(1) Scavenge
[0.682s][debug  ][gc,phases      ] GC(1) Scavenge 20.587ms
[0.682s][debug  ][gc,phases,start] GC(1) Reference Processing
[0.682s][debug  ][gc,ref         ] GC(1) Skipped phase 1 of Reference Processing: no references
[0.682s][debug  ][gc,ref         ] GC(1) ReferenceProcessor::execute queues: 1, RefProcThreadModel::Single, marks_oops_alive: false
[0.682s][debug  ][gc,ref         ] GC(1) Skipped phase 3 of Reference Processing: no references
[0.682s][debug  ][gc,ref         ] GC(1) ReferenceProcessor::execute queues: 1, RefProcThreadModel::Single, marks_oops_alive: false
[0.682s][debug  ][gc,phases,ref  ] GC(1) Reference Processing: 0.1ms
[0.682s][debug  ][gc,phases,ref  ] GC(1)   Reconsider SoftReferences: 0.0ms
[0.682s][debug  ][gc,phases,ref  ] GC(1)     SoftRef (ms):                  skipped
[0.682s][debug  ][gc,phases,ref  ] GC(1)   Notify Soft/WeakReferences: 0.0ms
[0.682s][debug  ][gc,phases,ref  ] GC(1)     SoftRef (ms):                  Min:  0.0, Avg:  0.0, Max:  0.0, Diff:  0.0, Sum:  0.0, Workers: 6
[0.682s][debug  ][gc,phases,ref  ] GC(1)     WeakRef (ms):                  Min:  0.0, Avg:  0.0, Max:  0.0, Diff:  0.0, Sum:  0.0, Workers: 6
[0.682s][debug  ][gc,phases,ref  ] GC(1)     FinalRef (ms):                 Min:  0.0, Avg:  0.0, Max:  0.0, Diff:  0.0, Sum:  0.0, Workers: 6
[0.682s][debug  ][gc,phases,ref  ] GC(1)     Total (ms):                    Min:  0.0, Avg:  0.0, Max:  0.0, Diff:  0.0, Sum:  0.0, Workers: 6
[0.682s][debug  ][gc,phases,ref  ] GC(1)   Notify and keep alive finalizable: 0.0ms
[0.682s][debug  ][gc,phases,ref  ] GC(1)     FinalRef (ms):                 skipped
[0.682s][debug  ][gc,phases,ref  ] GC(1)   Notify PhantomReferences: 0.0ms
[0.682s][debug  ][gc,phases,ref  ] GC(1)     PhantomRef (ms):               Min:  0.0, Avg:  0.0, Max:  0.0, Diff:  0.0, Sum:  0.0, Workers: 6
[0.682s][debug  ][gc,phases,ref  ] GC(1)   SoftReference:
[0.682s][debug  ][gc,phases,ref  ] GC(1)     Discovered: 0
[0.682s][debug  ][gc,phases,ref  ] GC(1)     Cleared: 0
[0.682s][debug  ][gc,phases,ref  ] GC(1)   WeakReference:
[0.682s][debug  ][gc,phases,ref  ] GC(1)     Discovered: 40
[0.682s][debug  ][gc,phases,ref  ] GC(1)     Cleared: 40
[0.683s][debug  ][gc,phases,ref  ] GC(1)   FinalReference:
[0.683s][debug  ][gc,phases,ref  ] GC(1)     Discovered: 0
[0.683s][debug  ][gc,phases,ref  ] GC(1)     Cleared: 0
[0.683s][debug  ][gc,phases,ref  ] GC(1)   PhantomReference:
[0.683s][debug  ][gc,phases,ref  ] GC(1)     Discovered: 5
[0.683s][debug  ][gc,phases,ref  ] GC(1)     Cleared: 5
[0.683s][debug  ][gc,phases      ] GC(1) Reference Processing 0.703ms
[0.683s][debug  ][gc,phases,start] GC(1) Weak Processing
[0.683s][debug  ][gc,phases      ] GC(1)   VM Weak                        Min:  0.0, Avg:  0.0, Max:  0.0, Diff:  0.0, Sum:  0.0, Workers: 3
[0.683s][debug  ][gc,phases      ] GC(1)     Dead                           Min: 0, Avg:  0.0, Max: 0, Diff: 0, Sum: 0, Workers: 3
[0.683s][debug  ][gc,phases      ] GC(1)     Total                          Min: 0, Avg:  2.3, Max: 7, Diff: 7, Sum: 7, Workers: 3
[0.683s][debug  ][gc,phases      ] GC(1)   ObjectSynchronizer Weak        Min:  0.0, Avg:  0.0, Max:  0.0, Diff:  0.0, Sum:  0.0, Workers: 3
[0.683s][debug  ][gc,phases      ] GC(1)     Dead                           Min: 0, Avg:  0.0, Max: 0, Diff: 0, Sum: 0, Workers: 3
[0.683s][debug  ][gc,phases      ] GC(1)     Total                          Min: 0, Avg:  1.0, Max: 3, Diff: 3, Sum: 3, Workers: 3
[0.683s][debug  ][gc,phases      ] GC(1)   JVMTI Tag Weak OopStorage      Min:  0.0, Avg:  0.0, Max:  0.0, Diff:  0.0, Sum:  0.0, Workers: 3
[0.683s][debug  ][gc,phases      ] GC(1)     Dead                           Min: 0, Avg:  0.0, Max: 0, Diff: 0, Sum: 0, Workers: 3
[0.683s][debug  ][gc,phases      ] GC(1)     Total                          Min: 0, Avg:  0.0, Max: 0, Diff: 0, Sum: 0, Workers: 3
[0.683s][debug  ][gc,phases      ] GC(1)   StringTable Weak               Min:  0.0, Avg:  0.0, Max:  0.0, Diff:  0.0, Sum:  0.1, Workers: 3
[0.683s][debug  ][gc,phases      ] GC(1)     Dead                           Min: 0, Avg:  0.0, Max: 0, Diff: 0, Sum: 0, Workers: 3
[0.683s][debug  ][gc,phases      ] GC(1)     Total                          Min: 704, Avg: 873.7, Max: 1021, Diff: 317, Sum: 2621, Workers: 3
[0.683s][debug  ][gc,phases      ] GC(1)   ResolvedMethodTable Weak       Min:  0.0, Avg:  0.0, Max:  0.0, Diff:  0.0, Sum:  0.0, Workers: 3
[0.683s][debug  ][gc,phases      ] GC(1)     Dead                           Min: 0, Avg:  0.0, Max: 0, Diff: 0, Sum: 0, Workers: 3
[0.683s][debug  ][gc,phases      ] GC(1)     Total                          Min: 0, Avg: 27.7, Max: 64, Diff: 64, Sum: 83, Workers: 3
[0.683s][debug  ][gc,phases      ] GC(1)   JNI Weak                       Min:  0.0, Avg:  0.0, Max:  0.0, Diff:  0.0, Sum:  0.0, Workers: 3
[0.683s][debug  ][gc,phases      ] GC(1)     Dead                           Min: 0, Avg:  0.0, Max: 0, Diff: 0, Sum: 0, Workers: 3
[0.683s][debug  ][gc,phases      ] GC(1)     Total                          Min: 0, Avg:  0.0, Max: 0, Diff: 0, Sum: 0, Workers: 3
[0.683s][debug  ][gc,phases      ] GC(1)   StringDedup Table Weak         Min:  0.0, Avg:  0.0, Max:  0.0, Diff:  0.0, Sum:  0.0, Workers: 3
[0.683s][debug  ][gc,phases      ] GC(1)     Dead                           Min: 0, Avg:  0.0, Max: 0, Diff: 0, Sum: 0, Workers: 3
[0.683s][debug  ][gc,phases      ] GC(1)     Total                          Min: 0, Avg:  0.0, Max: 0, Diff: 0, Sum: 0, Workers: 3
[0.683s][debug  ][gc,phases      ] GC(1)   StringDedup Requests0 Weak     Min:  0.0, Avg:  0.0, Max:  0.0, Diff:  0.0, Sum:  0.0, Workers: 3
[0.683s][debug  ][gc,phases      ] GC(1)     Dead                           Min: 0, Avg:  0.0, Max: 0, Diff: 0, Sum: 0, Workers: 3
[0.683s][debug  ][gc,phases      ] GC(1)     Total                          Min: 0, Avg:  0.0, Max: 0, Diff: 0, Sum: 0, Workers: 3
[0.683s][debug  ][gc,phases      ] GC(1)   StringDedup Requests1 Weak     Min:  0.0, Avg:  0.0, Max:  0.0, Diff:  0.0, Sum:  0.0, Workers: 3
[0.683s][debug  ][gc,phases      ] GC(1)     Dead                           Min: 0, Avg:  0.0, Max: 0, Diff: 0, Sum: 0, Workers: 3
[0.683s][debug  ][gc,phases      ] GC(1)     Total                          Min: 0, Avg:  0.0, Max: 0, Diff: 0, Sum: 0, Workers: 3
[0.683s][debug  ][gc,phases      ] GC(1)   Weak JFR Old Object Samples    Min:  0.0, Avg:  0.0, Max:  0.0, Diff:  0.0, Sum:  0.0, Workers: 3
[0.683s][debug  ][gc,phases      ] GC(1)     Dead                           Min: 0, Avg:  0.0, Max: 0, Diff: 0, Sum: 0, Workers: 3
[0.683s][debug  ][gc,phases      ] GC(1)     Total                          Min: 0, Avg:  0.0, Max: 0, Diff: 0, Sum: 0, Workers: 3
[0.683s][debug  ][gc,phases      ] GC(1) Weak Processing 0.736ms
[0.683s][debug  ][gc,ergo        ] GC(1) AdaptiveSizeStart:  collection: 2 
[0.684s][debug  ][gc,age         ] GC(1) Desired survivor size 33554432 bytes, new threshold 7 (max threshold 15)
[0.684s][debug  ][gc,ergo        ] GC(1) PSAdaptiveSizePolicy::compute_eden_space_size limits: desired_eden_size: 402653184 old_eden_size: 201326592 eden_limit: 201326592 cur_eden: 201326592 max_eden_size: 201326592 avg_young_live: 32464994
[0.684s][debug  ][gc,ergo        ] GC(1) PSAdaptiveSizePolicy::compute_eden_space_size: costs minor_time: 0.062507 major_cost: 0.000000 mutator_cost: 0.937493 throughput_goal: 0.990000
[0.684s][debug  ][gc,ergo        ] GC(1) Live_space: 300900448 free_space: 402653184
[0.684s][debug  ][gc,ergo        ] GC(1) Old eden_size: 201326592 desired_eden_size: 201326592
[0.684s][debug  ][gc,ergo        ] GC(1) AdaptiveSizeStop: collection: 2 
[0.684s][info   ][gc,heap        ] GC(1) PSYoungGen: 219793K(229376K)->31704K(229376K) Eden: 188089K(196608K)->0K(196608K) From: 31704K(32768K)->31704K(32768K)
[0.684s][info   ][gc,heap        ] GC(1) ParOldGen: 143368K(1835008K)->327688K(1835008K)
[0.684s][info   ][gc,metaspace   ] GC(1) Metaspace: 715K(896K)->715K(896K) NonClass: 655K(768K)->655K(768K) Class: 59K(128K)->59K(128K)
[0.684s][info   ][gc             ] GC(1) Pause Young (Allocation Failure) 354M->350M(2016M) 22.458ms
[0.684s][info   ][gc,cpu         ] GC(1) User=0.00s Sys=0.08s Real=0.02s
[0.684s][debug  ][gc,heap        ] GC(1) Heap after GC invocations=2 (full 0):
[0.684s][debug  ][gc,heap        ] GC(1)  PSYoungGen      total 229376K, used 31704K [0x00000000f0000000, 0x0000000100000000, 0x0000000100000000)
[0.684s][debug  ][gc,heap        ] GC(1)   eden space 196608K, 0% used [0x00000000f0000000,0x00000000f0000000,0x00000000fc000000)
[0.684s][debug  ][gc,heap        ] GC(1)   from space 32768K, 96% used [0x00000000fe000000,0x00000000ffef6060,0x0000000100000000)
[0.684s][debug  ][gc,heap        ] GC(1)   to   space 32768K, 0% used [0x00000000fc000000,0x00000000fc000000,0x00000000fe000000)
[0.684s][debug  ][gc,heap        ] GC(1)  ParOldGen       total 1835008K, used 327688K [0x0000000080000000, 0x00000000f0000000, 0x00000000f0000000)
[0.684s][debug  ][gc,heap        ] GC(1)   object space 1835008K, 17% used [0x0000000080000000,0x0000000094002200,0x00000000f0000000)
[0.684s][debug  ][gc,heap        ] GC(1)  Metaspace       used 715K, committed 896K, reserved 1056768K
[0.684s][debug  ][gc,heap        ] GC(1)   class space    used 59K, committed 128K, reserved 1048576K
[0.684s][debug  ][gc,task,time   ] GC(1) VM-Thread 6609265 6819523 6839632
[0.976s][debug  ][gc,heap        ] GC(2) Heap before GC invocations=3 (full 0):
[0.976s][debug  ][gc,heap        ] GC(2)  PSYoungGen      total 229376K, used 219758K [0x00000000f0000000, 0x0000000100000000, 0x0000000100000000)
[0.976s][debug  ][gc,heap        ] GC(2)   eden space 196608K, 95% used [0x00000000f0000000,0x00000000fb7a5b40,0x00000000fc000000)
[0.976s][debug  ][gc,heap        ] GC(2)   from space 32768K, 96% used [0x00000000fe000000,0x00000000ffef6060,0x0000000100000000)
[0.976s][debug  ][gc,heap        ] GC(2)   to   space 32768K, 0% used [0x00000000fc000000,0x00000000fc000000,0x00000000fe000000)
[0.976s][debug  ][gc,heap        ] GC(2)  ParOldGen       total 1835008K, used 327688K [0x0000000080000000, 0x00000000f0000000, 0x00000000f0000000)
[0.976s][debug  ][gc,heap        ] GC(2)   object space 1835008K, 17% used [0x0000000080000000,0x0000000094002200,0x00000000f0000000)
[0.976s][debug  ][gc,heap        ] GC(2)  Metaspace       used 715K, committed 896K, reserved 1056768K
[0.976s][debug  ][gc,heap        ] GC(2)   class space    used 59K, committed 128K, reserved 1048576K
[0.976s][debug  ][gc,tlab        ] GC(2) TLAB totals: thrds: 1  refills: 1 max: 1 slow allocs: 17 max 17 waste: 26.7% gc: 3823848B max: 3823848B slow: 0B max: 0B
[0.976s][info   ][gc,start       ] GC(2) Pause Young (Allocation Failure)
[0.976s][debug  ][gc,phases,start] GC(2) Scavenge
[0.995s][debug  ][gc,phases      ] GC(2) Scavenge 18.462ms
[0.995s][debug  ][gc,phases,start] GC(2) Reference Processing
[0.995s][debug  ][gc,ref         ] GC(2) Skipped phase 1 of Reference Processing: no references
[0.995s][debug  ][gc,ref         ] GC(2) ReferenceProcessor::execute queues: 1, RefProcThreadModel::Single, marks_oops_alive: false
[0.995s][debug  ][gc,ref         ] GC(2) Skipped phase 3 of Reference Processing: no references
[0.995s][debug  ][gc,ref         ] GC(2) ReferenceProcessor::execute queues: 1, RefProcThreadModel::Single, marks_oops_alive: false
[0.995s][debug  ][gc,phases,ref  ] GC(2) Reference Processing: 0.1ms
[0.995s][debug  ][gc,phases,ref  ] GC(2)   Reconsider SoftReferences: 0.0ms
[0.995s][debug  ][gc,phases,ref  ] GC(2)     SoftRef (ms):                  skipped
[0.995s][debug  ][gc,phases,ref  ] GC(2)   Notify Soft/WeakReferences: 0.0ms
[0.995s][debug  ][gc,phases,ref  ] GC(2)     SoftRef (ms):                  Min:  0.0, Avg:  0.0, Max:  0.0, Diff:  0.0, Sum:  0.0, Workers: 6
[0.995s][debug  ][gc,phases,ref  ] GC(2)     WeakRef (ms):                  Min:  0.0, Avg:  0.0, Max:  0.0, Diff:  0.0, Sum:  0.0, Workers: 6
[0.995s][debug  ][gc,phases,ref  ] GC(2)     FinalRef (ms):                 Min:  0.0, Avg:  0.0, Max:  0.0, Diff:  0.0, Sum:  0.0, Workers: 6
[0.995s][debug  ][gc,phases,ref  ] GC(2)     Total (ms):                    Min:  0.0, Avg:  0.0, Max:  0.0, Diff:  0.0, Sum:  0.0, Workers: 6
[0.995s][debug  ][gc,phases,ref  ] GC(2)   Notify and keep alive finalizable: 0.0ms
[0.995s][debug  ][gc,phases,ref  ] GC(2)     FinalRef (ms):                 skipped
[0.995s][debug  ][gc,phases,ref  ] GC(2)   Notify PhantomReferences: 0.0ms
[0.995s][debug  ][gc,phases,ref  ] GC(2)     PhantomRef (ms):               Min:  0.0, Avg:  0.0, Max:  0.0, Diff:  0.0, Sum:  0.0, Workers: 6
[0.995s][debug  ][gc,phases,ref  ] GC(2)   SoftReference:
[0.995s][debug  ][gc,phases,ref  ] GC(2)     Discovered: 0
[0.995s][debug  ][gc,phases,ref  ] GC(2)     Cleared: 0
[0.995s][debug  ][gc,phases,ref  ] GC(2)   WeakReference:
[0.995s][debug  ][gc,phases,ref  ] GC(2)     Discovered: 43
[0.995s][debug  ][gc,phases,ref  ] GC(2)     Cleared: 43
[0.995s][debug  ][gc,phases,ref  ] GC(2)   FinalReference:
[0.995s][debug  ][gc,phases,ref  ] GC(2)     Discovered: 0
[0.995s][debug  ][gc,phases,ref  ] GC(2)     Cleared: 0
[0.995s][debug  ][gc,phases,ref  ] GC(2)   PhantomReference:
[0.995s][debug  ][gc,phases,ref  ] GC(2)     Discovered: 4
[0.995s][debug  ][gc,phases,ref  ] GC(2)     Cleared: 4
[0.995s][debug  ][gc,phases      ] GC(2) Reference Processing 0.726ms
[0.995s][debug  ][gc,phases,start] GC(2) Weak Processing
[0.996s][debug  ][gc,phases      ] GC(2)   VM Weak                        Min:  0.0, Avg:  0.0, Max:  0.0, Diff:  0.0, Sum:  0.0, Workers: 3
[0.996s][debug  ][gc,phases      ] GC(2)     Dead                           Min: 0, Avg:  0.0, Max: 0, Diff: 0, Sum: 0, Workers: 3
[0.996s][debug  ][gc,phases      ] GC(2)     Total                          Min: 0, Avg:  2.3, Max: 7, Diff: 7, Sum: 7, Workers: 3
[0.996s][debug  ][gc,phases      ] GC(2)   ObjectSynchronizer Weak        Min:  0.0, Avg:  0.0, Max:  0.0, Diff:  0.0, Sum:  0.0, Workers: 3
[0.996s][debug  ][gc,phases      ] GC(2)     Dead                           Min: 0, Avg:  0.0, Max: 0, Diff: 0, Sum: 0, Workers: 3
[0.996s][debug  ][gc,phases      ] GC(2)     Total                          Min: 0, Avg:  1.0, Max: 3, Diff: 3, Sum: 3, Workers: 3
[0.996s][debug  ][gc,phases      ] GC(2)   JVMTI Tag Weak OopStorage      Min:  0.0, Avg:  0.0, Max:  0.0, Diff:  0.0, Sum:  0.0, Workers: 3
[0.996s][debug  ][gc,phases      ] GC(2)     Dead                           Min: 0, Avg:  0.0, Max: 0, Diff: 0, Sum: 0, Workers: 3
[0.996s][debug  ][gc,phases      ] GC(2)     Total                          Min: 0, Avg:  0.0, Max: 0, Diff: 0, Sum: 0, Workers: 3
[0.996s][debug  ][gc,phases      ] GC(2)   StringTable Weak               Min:  0.0, Avg:  0.0, Max:  0.0, Diff:  0.0, Sum:  0.1, Workers: 3
[0.996s][debug  ][gc,phases      ] GC(2)     Dead                           Min: 0, Avg:  0.0, Max: 0, Diff: 0, Sum: 0, Workers: 3
[0.996s][debug  ][gc,phases      ] GC(2)     Total                          Min: 768, Avg: 873.7, Max: 1021, Diff: 253, Sum: 2621, Workers: 3
[0.996s][debug  ][gc,phases      ] GC(2)   ResolvedMethodTable Weak       Min:  0.0, Avg:  0.0, Max:  0.0, Diff:  0.0, Sum:  0.0, Workers: 3
[0.996s][debug  ][gc,phases      ] GC(2)     Dead                           Min: 0, Avg:  0.0, Max: 0, Diff: 0, Sum: 0, Workers: 3
[0.996s][debug  ][gc,phases      ] GC(2)     Total                          Min: 0, Avg: 27.7, Max: 64, Diff: 64, Sum: 83, Workers: 3
[0.996s][debug  ][gc,phases      ] GC(2)   JNI Weak                       Min:  0.0, Avg:  0.0, Max:  0.0, Diff:  0.0, Sum:  0.0, Workers: 3
[0.996s][debug  ][gc,phases      ] GC(2)     Dead                           Min: 0, Avg:  0.0, Max: 0, Diff: 0, Sum: 0, Workers: 3
[0.996s][debug  ][gc,phases      ] GC(2)     Total                          Min: 0, Avg:  0.0, Max: 0, Diff: 0, Sum: 0, Workers: 3
[0.996s][debug  ][gc,phases      ] GC(2)   StringDedup Table Weak         Min:  0.0, Avg:  0.0, Max:  0.0, Diff:  0.0, Sum:  0.0, Workers: 3
[0.996s][debug  ][gc,phases      ] GC(2)     Dead                           Min: 0, Avg:  0.0, Max: 0, Diff: 0, Sum: 0, Workers: 3
[0.996s][debug  ][gc,phases      ] GC(2)     Total                          Min: 0, Avg:  0.0, Max: 0, Diff: 0, Sum: 0, Workers: 3
[0.996s][debug  ][gc,phases      ] GC(2)   StringDedup Requests0 Weak     Min:  0.0, Avg:  0.0, Max:  0.0, Diff:  0.0, Sum:  0.0, Workers: 3
[0.996s][debug  ][gc,phases      ] GC(2)     Dead                           Min: 0, Avg:  0.0, Max: 0, Diff: 0, Sum: 0, Workers: 3
[0.996s][debug  ][gc,phases      ] GC(2)     Total                          Min: 0, Avg:  0.0, Max: 0, Diff: 0, Sum: 0, Workers: 3
[0.996s][debug  ][gc,phases      ] GC(2)   StringDedup Requests1 Weak     Min:  0.0, Avg:  0.0, Max:  0.0, Diff:  0.0, Sum:  0.0, Workers: 3
[0.996s][debug  ][gc,phases      ] GC(2)     Dead                           Min: 0, Avg:  0.0, Max: 0, Diff: 0, Sum: 0, Workers: 3
[0.996s][debug  ][gc,phases      ] GC(2)     Total                          Min: 0, Avg:  0.0, Max: 0, Diff: 0, Sum: 0, Workers: 3
[0.996s][debug  ][gc,phases      ] GC(2)   Weak JFR Old Object Samples    Min:  0.0, Avg:  0.0, Max:  0.0, Diff:  0.0, Sum:  0.0, Workers: 3
[0.996s][debug  ][gc,phases      ] GC(2)     Dead                           Min: 0, Avg:  0.0, Max: 0, Diff: 0, Sum: 0, Workers: 3
[0.996s][debug  ][gc,phases      ] GC(2)     Total                          Min: 0, Avg:  0.0, Max: 0, Diff: 0, Sum: 0, Workers: 3
[0.996s][debug  ][gc,phases      ] GC(2) Weak Processing 0.779ms
[0.996s][debug  ][gc,ergo        ] GC(2) AdaptiveSizeStart:  collection: 3 
[0.996s][debug  ][gc,age         ] GC(2) Desired survivor size 33554432 bytes, new threshold 7 (max threshold 15)
[0.996s][debug  ][gc,ergo        ] GC(2) PSAdaptiveSizePolicy::compute_eden_space_size limits: desired_eden_size: 402653184 old_eden_size: 201326592 eden_limit: 201326592 cur_eden: 201326592 max_eden_size: 201326592 avg_young_live: 32470396
[0.996s][debug  ][gc,ergo        ] GC(2) PSAdaptiveSizePolicy::compute_eden_space_size: costs minor_time: 0.063083 major_cost: 0.000000 mutator_cost: 0.936917 throughput_goal: 0.990000
[0.996s][debug  ][gc,ergo        ] GC(2) Live_space: 300905856 free_space: 402653184
[0.996s][debug  ][gc,ergo        ] GC(2) Old eden_size: 201326592 desired_eden_size: 201326592
[0.996s][debug  ][gc,ergo        ] GC(2) AdaptiveSizeStop: collection: 3 
[0.996s][info   ][gc,heap        ] GC(2) PSYoungGen: 219758K(229376K)->31720K(229376K) Eden: 188054K(196608K)->0K(196608K) From: 31704K(32768K)->31720K(32768K)
[0.996s][info   ][gc,heap        ] GC(2) ParOldGen: 327688K(1835008K)->512008K(1835008K)
[0.996s][info   ][gc,metaspace   ] GC(2) Metaspace: 715K(896K)->715K(896K) NonClass: 655K(768K)->655K(768K) Class: 59K(128K)->59K(128K)
[0.996s][info   ][gc             ] GC(2) Pause Young (Allocation Failure) 534M->530M(2016M) 20.357ms
[0.997s][info   ][gc,cpu         ] GC(2) User=0.03s Sys=0.06s Real=0.02s
[0.997s][debug  ][gc,heap        ] GC(2) Heap after GC invocations=3 (full 0):
[0.997s][debug  ][gc,heap        ] GC(2)  PSYoungGen      total 229376K, used 31720K [0x00000000f0000000, 0x0000000100000000, 0x0000000100000000)
[0.997s][debug  ][gc,heap        ] GC(2)   eden space 196608K, 0% used [0x00000000f0000000,0x00000000f0000000,0x00000000fc000000)
[0.997s][debug  ][gc,heap        ] GC(2)   from space 32768K, 96% used [0x00000000fc000000,0x00000000fdefa050,0x00000000fe000000)
[0.997s][debug  ][gc,heap        ] GC(2)   to   space 32768K, 0% used [0x00000000fe000000,0x00000000fe000000,0x0000000100000000)
[0.997s][debug  ][gc,heap        ] GC(2)  ParOldGen       total 1835008K, used 512008K [0x0000000080000000, 0x00000000f0000000, 0x00000000f0000000)
[0.997s][debug  ][gc,heap        ] GC(2)   object space 1835008K, 27% used [0x0000000080000000,0x000000009f402320,0x00000000f0000000)
[0.997s][debug  ][gc,heap        ] GC(2)  Metaspace       used 715K, committed 896K, reserved 1056768K
[0.997s][debug  ][gc,heap        ] GC(2)   class space    used 59K, committed 128K, reserved 1048576K
[0.997s][debug  ][gc,task,time   ] GC(2) VM-Thread 9757435 9946721 9967461
[1.276s][debug  ][gc,heap        ] GC(3) Heap before GC invocations=4 (full 0):
[1.277s][debug  ][gc,heap        ] GC(3)  PSYoungGen      total 229376K, used 225715K [0x00000000f0000000, 0x0000000100000000, 0x0000000100000000)
[1.277s][debug  ][gc,heap        ] GC(3)   eden space 196608K, 98% used [0x00000000f0000000,0x00000000fbd72c20,0x00000000fc000000)
[1.277s][debug  ][gc,heap        ] GC(3)   from space 32768K, 96% used [0x00000000fc000000,0x00000000fdefa050,0x00000000fe000000)
[1.277s][debug  ][gc,heap        ] GC(3)   to   space 32768K, 0% used [0x00000000fe000000,0x00000000fe000000,0x0000000100000000)
[1.277s][debug  ][gc,heap        ] GC(3)  ParOldGen       total 1835008K, used 512008K [0x0000000080000000, 0x00000000f0000000, 0x00000000f0000000)
[1.277s][debug  ][gc,heap        ] GC(3)   object space 1835008K, 27% used [0x0000000080000000,0x000000009f402320,0x00000000f0000000)
[1.277s][debug  ][gc,heap        ] GC(3)  Metaspace       used 945K, committed 1152K, reserved 1056768K
[1.277s][debug  ][gc,heap        ] GC(3)   class space    used 74K, committed 192K, reserved 1048576K
[1.277s][debug  ][gc,tlab        ] GC(3) TLAB totals: thrds: 3  refills: 3 max: 1 slow allocs: 17 max 17 waste: 44.9% gc: 9165080B max: 3867008B slow: 0B max: 0B
[1.277s][info   ][gc,start       ] GC(3) Pause Young (Allocation Failure)
[1.277s][debug  ][gc,phases,start] GC(3) Scavenge
[1.297s][debug  ][gc,phases      ] GC(3) Scavenge 20.569ms
[1.298s][debug  ][gc,phases,start] GC(3) Reference Processing
[1.298s][debug  ][gc,ref         ] GC(3) Skipped phase 1 of Reference Processing: no references
[1.298s][debug  ][gc,ref         ] GC(3) ReferenceProcessor::execute queues: 1, RefProcThreadModel::Single, marks_oops_alive: false
[1.298s][debug  ][gc,ref         ] GC(3) Skipped phase 3 of Reference Processing: no references
[1.298s][debug  ][gc,ref         ] GC(3) ReferenceProcessor::execute queues: 1, RefProcThreadModel::Single, marks_oops_alive: false
[1.298s][debug  ][gc,phases,ref  ] GC(3) Reference Processing: 0.1ms
[1.298s][debug  ][gc,phases,ref  ] GC(3)   Reconsider SoftReferences: 0.0ms
[1.298s][debug  ][gc,phases,ref  ] GC(3)     SoftRef (ms):                  skipped
[1.298s][debug  ][gc,phases,ref  ] GC(3)   Notify Soft/WeakReferences: 0.0ms
[1.298s][debug  ][gc,phases,ref  ] GC(3)     SoftRef (ms):                  Min:  0.0, Avg:  0.0, Max:  0.0, Diff:  0.0, Sum:  0.0, Workers: 6
[1.298s][debug  ][gc,phases,ref  ] GC(3)     WeakRef (ms):                  Min:  0.0, Avg:  0.0, Max:  0.0, Diff:  0.0, Sum:  0.0, Workers: 6
[1.298s][debug  ][gc,phases,ref  ] GC(3)     FinalRef (ms):                 Min:  0.0, Avg:  0.0, Max:  0.0, Diff:  0.0, Sum:  0.0, Workers: 6
[1.298s][debug  ][gc,phases,ref  ] GC(3)     Total (ms):                    Min:  0.0, Avg:  0.0, Max:  0.0, Diff:  0.0, Sum:  0.0, Workers: 6
[1.298s][debug  ][gc,phases,ref  ] GC(3)   Notify and keep alive finalizable: 0.0ms
[1.298s][debug  ][gc,phases,ref  ] GC(3)     FinalRef (ms):                 skipped
[1.298s][debug  ][gc,phases,ref  ] GC(3)   Notify PhantomReferences: 0.0ms
[1.298s][debug  ][gc,phases,ref  ] GC(3)     PhantomRef (ms):               Min:  0.0, Avg:  0.0, Max:  0.0, Diff:  0.0, Sum:  0.0, Workers: 6
[1.298s][debug  ][gc,phases,ref  ] GC(3)   SoftReference:
[1.298s][debug  ][gc,phases,ref  ] GC(3)     Discovered: 0
[1.298s][debug  ][gc,phases,ref  ] GC(3)     Cleared: 0
[1.298s][debug  ][gc,phases,ref  ] GC(3)   WeakReference:
[1.298s][debug  ][gc,phases,ref  ] GC(3)     Discovered: 59
[1.298s][debug  ][gc,phases,ref  ] GC(3)     Cleared: 54
[1.298s][debug  ][gc,phases,ref  ] GC(3)   FinalReference:
[1.298s][debug  ][gc,phases,ref  ] GC(3)     Discovered: 0
[1.298s][debug  ][gc,phases,ref  ] GC(3)     Cleared: 0
[1.298s][debug  ][gc,phases,ref  ] GC(3)   PhantomReference:
[1.298s][debug  ][gc,phases,ref  ] GC(3)     Discovered: 10
[1.298s][debug  ][gc,phases,ref  ] GC(3)     Cleared: 5
[1.298s][debug  ][gc,phases      ] GC(3) Reference Processing 0.748ms
[1.298s][debug  ][gc,phases,start] GC(3) Weak Processing
[1.298s][debug  ][gc,phases      ] GC(3)   VM Weak                        Min:  0.0, Avg:  0.0, Max:  0.0, Diff:  0.0, Sum:  0.0, Workers: 5
[1.298s][debug  ][gc,phases      ] GC(3)     Dead                           Min: 0, Avg:  0.0, Max: 0, Diff: 0, Sum: 0, Workers: 5
[1.298s][debug  ][gc,phases      ] GC(3)     Total                          Min: 0, Avg:  1.6, Max: 8, Diff: 8, Sum: 8, Workers: 5
[1.298s][debug  ][gc,phases      ] GC(3)   ObjectSynchronizer Weak        Min:  0.0, Avg:  0.0, Max:  0.0, Diff:  0.0, Sum:  0.0, Workers: 5
[1.298s][debug  ][gc,phases      ] GC(3)     Dead                           Min: 0, Avg:  0.0, Max: 0, Diff: 0, Sum: 0, Workers: 5
[1.299s][debug  ][gc,phases      ] GC(3)     Total                          Min: 0, Avg:  0.6, Max: 3, Diff: 3, Sum: 3, Workers: 5
[1.299s][debug  ][gc,phases      ] GC(3)   JVMTI Tag Weak OopStorage      Min:  0.0, Avg:  0.0, Max:  0.0, Diff:  0.0, Sum:  0.0, Workers: 5
[1.299s][debug  ][gc,phases      ] GC(3)     Dead                           Min: 0, Avg:  0.0, Max: 0, Diff: 0, Sum: 0, Workers: 5
[1.299s][debug  ][gc,phases      ] GC(3)     Total                          Min: 0, Avg:  0.0, Max: 0, Diff: 0, Sum: 0, Workers: 5
[1.299s][debug  ][gc,phases      ] GC(3)   StringTable Weak               Min:  0.0, Avg:  0.0, Max:  0.0, Diff:  0.0, Sum:  0.2, Workers: 5
[1.299s][debug  ][gc,phases      ] GC(3)     Dead                           Min: 0, Avg:  0.2, Max: 1, Diff: 1, Sum: 1, Workers: 5
[1.299s][debug  ][gc,phases      ] GC(3)     Total                          Min: 640, Avg: 948.8, Max: 1536, Diff: 896, Sum: 4744, Workers: 5
[1.299s][debug  ][gc,phases      ] GC(3)   ResolvedMethodTable Weak       Min:  0.0, Avg:  0.0, Max:  0.0, Diff:  0.0, Sum:  0.0, Workers: 5
[1.299s][debug  ][gc,phases      ] GC(3)     Dead                           Min: 0, Avg:  0.0, Max: 0, Diff: 0, Sum: 0, Workers: 5
[1.299s][debug  ][gc,phases      ] GC(3)     Total                          Min: 0, Avg: 18.4, Max: 64, Diff: 64, Sum: 92, Workers: 5
[1.299s][debug  ][gc,phases      ] GC(3)   JNI Weak                       Min:  0.0, Avg:  0.0, Max:  0.0, Diff:  0.0, Sum:  0.0, Workers: 5
[1.299s][debug  ][gc,phases      ] GC(3)     Dead                           Min: 0, Avg:  0.0, Max: 0, Diff: 0, Sum: 0, Workers: 5
[1.299s][debug  ][gc,phases      ] GC(3)     Total                          Min: 0, Avg:  0.0, Max: 0, Diff: 0, Sum: 0, Workers: 5
[1.299s][debug  ][gc,phases      ] GC(3)   StringDedup Table Weak         Min:  0.0, Avg:  0.0, Max:  0.0, Diff:  0.0, Sum:  0.0, Workers: 5
[1.299s][debug  ][gc,phases      ] GC(3)     Dead                           Min: 0, Avg:  0.0, Max: 0, Diff: 0, Sum: 0, Workers: 5
[1.299s][debug  ][gc,phases      ] GC(3)     Total                          Min: 0, Avg:  0.0, Max: 0, Diff: 0, Sum: 0, Workers: 5
[1.299s][debug  ][gc,phases      ] GC(3)   StringDedup Requests0 Weak     Min:  0.0, Avg:  0.0, Max:  0.0, Diff:  0.0, Sum:  0.0, Workers: 5
[1.299s][debug  ][gc,phases      ] GC(3)     Dead                           Min: 0, Avg:  0.0, Max: 0, Diff: 0, Sum: 0, Workers: 5
[1.299s][debug  ][gc,phases      ] GC(3)     Total                          Min: 0, Avg:  0.0, Max: 0, Diff: 0, Sum: 0, Workers: 5
[1.299s][debug  ][gc,phases      ] GC(3)   StringDedup Requests1 Weak     Min:  0.0, Avg:  0.0, Max:  0.0, Diff:  0.0, Sum:  0.0, Workers: 5
[1.299s][debug  ][gc,phases      ] GC(3)     Dead                           Min: 0, Avg:  0.0, Max: 0, Diff: 0, Sum: 0, Workers: 5
[1.299s][debug  ][gc,phases      ] GC(3)     Total                          Min: 0, Avg:  0.0, Max: 0, Diff: 0, Sum: 0, Workers: 5
[1.299s][debug  ][gc,phases      ] GC(3)   Weak JFR Old Object Samples    Min:  0.0, Avg:  0.0, Max:  0.0, Diff:  0.0, Sum:  0.0, Workers: 5
[1.299s][debug  ][gc,phases      ] GC(3)     Dead                           Min: 0, Avg:  0.0, Max: 0, Diff: 0, Sum: 0, Workers: 5
[1.299s][debug  ][gc,phases      ] GC(3)     Total                          Min: 0, Avg:  0.0, Max: 0, Diff: 0, Sum: 0, Workers: 5
[1.299s][debug  ][gc,phases      ] GC(3) Weak Processing 0.700ms
[1.299s][debug  ][gc,ergo        ] GC(3) AdaptiveSizeStart:  collection: 4 
[1.299s][debug  ][gc,age         ] GC(3) Desired survivor size 33554432 bytes, new threshold 7 (max threshold 15)
[1.299s][debug  ][gc,ergo        ] GC(3) PSAdaptiveSizePolicy::compute_eden_space_size limits: desired_eden_size: 402653184 old_eden_size: 201326592 eden_limit: 201326592 cur_eden: 201326592 max_eden_size: 201326592 avg_young_live: 32600116
[1.299s][debug  ][gc,ergo        ] GC(3) PSAdaptiveSizePolicy::compute_eden_space_size: costs minor_time: 0.065593 major_cost: 0.000000 mutator_cost: 0.934407 throughput_goal: 0.990000
[1.299s][debug  ][gc,ergo        ] GC(3) Live_space: 301035584 free_space: 402653184
[1.299s][debug  ][gc,ergo        ] GC(3) Old eden_size: 201326592 desired_eden_size: 201326592
[1.299s][debug  ][gc,ergo        ] GC(3) AdaptiveSizeStop: collection: 4 
[1.299s][info   ][gc,heap        ] GC(3) PSYoungGen: 225715K(229376K)->32216K(229376K) Eden: 193995K(196608K)->0K(196608K) From: 31720K(32768K)->32216K(32768K)
[1.299s][info   ][gc,heap        ] GC(3) ParOldGen: 512008K(1835008K)->696337K(1835008K)
[1.299s][info   ][gc,metaspace   ] GC(3) Metaspace: 945K(1152K)->945K(1152K) NonClass: 871K(960K)->871K(960K) Class: 74K(192K)->74K(192K)
[1.299s][info   ][gc             ] GC(3) Pause Young (Allocation Failure) 720M->711M(2016M) 22.415ms
[1.299s][info   ][gc,cpu         ] GC(3) User=0.03s Sys=0.08s Real=0.02s
[1.299s][debug  ][gc,heap        ] GC(3) Heap after GC invocations=4 (full 0):
[1.299s][debug  ][gc,heap        ] GC(3)  PSYoungGen      total 229376K, used 32216K [0x00000000f0000000, 0x0000000100000000, 0x0000000100000000)
[1.299s][debug  ][gc,heap        ] GC(3)   eden space 196608K, 0% used [0x00000000f0000000,0x00000000f0000000,0x00000000fc000000)
[1.299s][debug  ][gc,heap        ] GC(3)   from space 32768K, 98% used [0x00000000fe000000,0x00000000fff76060,0x0000000100000000)
[1.299s][debug  ][gc,heap        ] GC(3)   to   space 32768K, 0% used [0x00000000fc000000,0x00000000fc000000,0x00000000fe000000)
[1.299s][debug  ][gc,heap        ] GC(3)  ParOldGen       total 1835008K, used 696337K [0x0000000080000000, 0x00000000f0000000, 0x00000000f0000000)
[1.299s][debug  ][gc,heap        ] GC(3)   object space 1835008K, 37% used [0x0000000080000000,0x00000000aa804440,0x00000000f0000000)
[1.299s][debug  ][gc,heap        ] GC(3)  Metaspace       used 945K, committed 1152K, reserved 1056768K
[1.299s][debug  ][gc,heap        ] GC(3)   class space    used 74K, committed 192K, reserved 1048576K
[1.299s][debug  ][gc,task,time   ] GC(3) VM-Thread 12764192 12975444 12994979
[1.594s][debug  ][gc,heap        ] GC(4) Heap before GC invocations=5 (full 0):
[1.595s][debug  ][gc,heap        ] GC(4)  PSYoungGen      total 229376K, used 220298K [0x00000000f0000000, 0x0000000100000000, 0x0000000100000000)
[1.595s][debug  ][gc,heap        ] GC(4)   eden space 196608K, 95% used [0x00000000f0000000,0x00000000fb7aca30,0x00000000fc000000)
[1.595s][debug  ][gc,heap        ] GC(4)   from space 32768K, 98% used [0x00000000fe000000,0x00000000fff76060,0x0000000100000000)
[1.595s][debug  ][gc,heap        ] GC(4)   to   space 32768K, 0% used [0x00000000fc000000,0x00000000fc000000,0x00000000fe000000)
[1.595s][debug  ][gc,heap        ] GC(4)  ParOldGen       total 1835008K, used 696337K [0x0000000080000000, 0x00000000f0000000, 0x00000000f0000000)
[1.595s][debug  ][gc,heap        ] GC(4)   object space 1835008K, 37% used [0x0000000080000000,0x00000000aa804440,0x00000000f0000000)
[1.595s][debug  ][gc,heap        ] GC(4)  Metaspace       used 945K, committed 1152K, reserved 1056768K
[1.595s][debug  ][gc,heap        ] GC(4)   class space    used 74K, committed 192K, reserved 1048576K
[1.595s][debug  ][gc,tlab        ] GC(4) TLAB totals: thrds: 1  refills: 1 max: 1 slow allocs: 17 max 17 waste: 26.9% gc: 3852104B max: 3852104B slow: 0B max: 0B
[1.595s][info   ][gc,start       ] GC(4) Pause Young (Allocation Failure)
[1.595s][debug  ][gc,phases,start] GC(4) Scavenge
[1.616s][debug  ][gc,phases      ] GC(4) Scavenge 21.227ms
[1.616s][debug  ][gc,phases,start] GC(4) Reference Processing
[1.616s][debug  ][gc,ref         ] GC(4) Skipped phase 1 of Reference Processing: no references
[1.616s][debug  ][gc,ref         ] GC(4) ReferenceProcessor::execute queues: 1, RefProcThreadModel::Single, marks_oops_alive: false
[1.616s][debug  ][gc,ref         ] GC(4) Skipped phase 3 of Reference Processing: no references
[1.616s][debug  ][gc,ref         ] GC(4) ReferenceProcessor::execute queues: 1, RefProcThreadModel::Single, marks_oops_alive: false
[1.616s][debug  ][gc,phases,ref  ] GC(4) Reference Processing: 0.1ms
[1.616s][debug  ][gc,phases,ref  ] GC(4)   Reconsider SoftReferences: 0.0ms
[1.616s][debug  ][gc,phases,ref  ] GC(4)     SoftRef (ms):                  skipped
[1.616s][debug  ][gc,phases,ref  ] GC(4)   Notify Soft/WeakReferences: 0.0ms
[1.616s][debug  ][gc,phases,ref  ] GC(4)     SoftRef (ms):                  Min:  0.0, Avg:  0.0, Max:  0.0, Diff:  0.0, Sum:  0.0, Workers: 6
[1.616s][debug  ][gc,phases,ref  ] GC(4)     WeakRef (ms):                  Min:  0.0, Avg:  0.0, Max:  0.0, Diff:  0.0, Sum:  0.0, Workers: 6
[1.617s][debug  ][gc,phases,ref  ] GC(4)     FinalRef (ms):                 Min:  0.0, Avg:  0.0, Max:  0.0, Diff:  0.0, Sum:  0.0, Workers: 6
[1.617s][debug  ][gc,phases,ref  ] GC(4)     Total (ms):                    Min:  0.0, Avg:  0.0, Max:  0.0, Diff:  0.0, Sum:  0.0, Workers: 6
[1.617s][debug  ][gc,phases,ref  ] GC(4)   Notify and keep alive finalizable: 0.0ms
[1.617s][debug  ][gc,phases,ref  ] GC(4)     FinalRef (ms):                 skipped
[1.617s][debug  ][gc,phases,ref  ] GC(4)   Notify PhantomReferences: 0.0ms
[1.617s][debug  ][gc,phases,ref  ] GC(4)     PhantomRef (ms):               Min:  0.0, Avg:  0.0, Max:  0.0, Diff:  0.0, Sum:  0.0, Workers: 6
[1.617s][debug  ][gc,phases,ref  ] GC(4)   SoftReference:
[1.617s][debug  ][gc,phases,ref  ] GC(4)     Discovered: 0
[1.617s][debug  ][gc,phases,ref  ] GC(4)     Cleared: 0
[1.617s][debug  ][gc,phases,ref  ] GC(4)   WeakReference:
[1.617s][debug  ][gc,phases,ref  ] GC(4)     Discovered: 44
[1.617s][debug  ][gc,phases,ref  ] GC(4)     Cleared: 44
[1.617s][debug  ][gc,phases,ref  ] GC(4)   FinalReference:
[1.617s][debug  ][gc,phases,ref  ] GC(4)     Discovered: 0
[1.617s][debug  ][gc,phases,ref  ] GC(4)     Cleared: 0
[1.617s][debug  ][gc,phases,ref  ] GC(4)   PhantomReference:
[1.617s][debug  ][gc,phases,ref  ] GC(4)     Discovered: 4
[1.617s][debug  ][gc,phases,ref  ] GC(4)     Cleared: 4
[1.617s][debug  ][gc,phases      ] GC(4) Reference Processing 0.731ms
[1.617s][debug  ][gc,phases,start] GC(4) Weak Processing
[1.617s][debug  ][gc,phases      ] GC(4)   VM Weak                        Min:  0.0, Avg:  0.0, Max:  0.0, Diff:  0.0, Sum:  0.0, Workers: 5
[1.617s][debug  ][gc,phases      ] GC(4)     Dead                           Min: 0, Avg:  0.0, Max: 0, Diff: 0, Sum: 0, Workers: 5
[1.617s][debug  ][gc,phases      ] GC(4)     Total                          Min: 0, Avg:  1.6, Max: 8, Diff: 8, Sum: 8, Workers: 5
[1.617s][debug  ][gc,phases      ] GC(4)   ObjectSynchronizer Weak        Min:  0.0, Avg:  0.0, Max:  0.0, Diff:  0.0, Sum:  0.0, Workers: 5
[1.617s][debug  ][gc,phases      ] GC(4)     Dead                           Min: 0, Avg:  0.0, Max: 0, Diff: 0, Sum: 0, Workers: 5
[1.617s][debug  ][gc,phases      ] GC(4)     Total                          Min: 0, Avg:  0.6, Max: 3, Diff: 3, Sum: 3, Workers: 5
[1.617s][debug  ][gc,phases      ] GC(4)   JVMTI Tag Weak OopStorage      Min:  0.0, Avg:  0.0, Max:  0.0, Diff:  0.0, Sum:  0.0, Workers: 5
[1.617s][debug  ][gc,phases      ] GC(4)     Dead                           Min: 0, Avg:  0.0, Max: 0, Diff: 0, Sum: 0, Workers: 5
[1.617s][debug  ][gc,phases      ] GC(4)     Total                          Min: 0, Avg:  0.0, Max: 0, Diff: 0, Sum: 0, Workers: 5
[1.617s][debug  ][gc,phases      ] GC(4)   StringTable Weak               Min:  0.0, Avg:  0.0, Max:  0.0, Diff:  0.0, Sum:  0.2, Workers: 5
[1.617s][debug  ][gc,phases      ] GC(4)     Dead                           Min: 0, Avg:  0.0, Max: 0, Diff: 0, Sum: 0, Workers: 5
[1.617s][debug  ][gc,phases      ] GC(4)     Total                          Min: 640, Avg: 948.8, Max: 1344, Diff: 704, Sum: 4744, Workers: 5
[1.617s][debug  ][gc,phases      ] GC(4)   ResolvedMethodTable Weak       Min:  0.0, Avg:  0.0, Max:  0.0, Diff:  0.0, Sum:  0.0, Workers: 5
[1.617s][debug  ][gc,phases      ] GC(4)     Dead                           Min: 0, Avg:  0.0, Max: 0, Diff: 0, Sum: 0, Workers: 5
[1.617s][debug  ][gc,phases      ] GC(4)     Total                          Min: 0, Avg: 18.4, Max: 64, Diff: 64, Sum: 92, Workers: 5
[1.617s][debug  ][gc,phases      ] GC(4)   JNI Weak                       Min:  0.0, Avg:  0.0, Max:  0.0, Diff:  0.0, Sum:  0.0, Workers: 5
[1.617s][debug  ][gc,phases      ] GC(4)     Dead                           Min: 0, Avg:  0.0, Max: 0, Diff: 0, Sum: 0, Workers: 5
[1.618s][debug  ][gc,phases      ] GC(4)     Total                          Min: 0, Avg:  0.0, Max: 0, Diff: 0, Sum: 0, Workers: 5
[1.618s][debug  ][gc,phases      ] GC(4)   StringDedup Table Weak         Min:  0.0, Avg:  0.0, Max:  0.0, Diff:  0.0, Sum:  0.0, Workers: 5
[1.618s][debug  ][gc,phases      ] GC(4)     Dead                           Min: 0, Avg:  0.0, Max: 0, Diff: 0, Sum: 0, Workers: 5
[1.618s][debug  ][gc,phases      ] GC(4)     Total                          Min: 0, Avg:  0.0, Max: 0, Diff: 0, Sum: 0, Workers: 5
[1.618s][debug  ][gc,phases      ] GC(4)   StringDedup Requests0 Weak     Min:  0.0, Avg:  0.0, Max:  0.0, Diff:  0.0, Sum:  0.0, Workers: 5
[1.618s][debug  ][gc,phases      ] GC(4)     Dead                           Min: 0, Avg:  0.0, Max: 0, Diff: 0, Sum: 0, Workers: 5
[1.618s][debug  ][gc,phases      ] GC(4)     Total                          Min: 0, Avg:  0.0, Max: 0, Diff: 0, Sum: 0, Workers: 5
[1.618s][debug  ][gc,phases      ] GC(4)   StringDedup Requests1 Weak     Min:  0.0, Avg:  0.0, Max:  0.0, Diff:  0.0, Sum:  0.0, Workers: 5
[1.618s][debug  ][gc,phases      ] GC(4)     Dead                           Min: 0, Avg:  0.0, Max: 0, Diff: 0, Sum: 0, Workers: 5
[1.618s][debug  ][gc,phases      ] GC(4)     Total                          Min: 0, Avg:  0.0, Max: 0, Diff: 0, Sum: 0, Workers: 5
[1.618s][debug  ][gc,phases      ] GC(4)   Weak JFR Old Object Samples    Min:  0.0, Avg:  0.0, Max:  0.0, Diff:  0.0, Sum:  0.0, Workers: 5
[1.618s][debug  ][gc,phases      ] GC(4)     Dead                           Min: 0, Avg:  0.0, Max: 0, Diff: 0, Sum: 0, Workers: 5
[1.618s][debug  ][gc,phases      ] GC(4)     Total                          Min: 0, Avg:  0.0, Max: 0, Diff: 0, Sum: 0, Workers: 5
[1.618s][debug  ][gc,phases      ] GC(4) Weak Processing 0.876ms
[1.618s][debug  ][gc,ergo        ] GC(4) AdaptiveSizeStart:  collection: 5 
[1.618s][debug  ][gc,ergo        ] GC(4) avg_survived_padded_avg: 33115892.000000
[1.618s][debug  ][gc,ergo        ] GC(4) avg_promoted_padded_avg: 212686432.000000  avg_pretenured_padded_avg: 0.000000  tenuring_thresh: 6  target_size: 33554432
[1.618s][debug  ][gc,age         ] GC(4) Desired survivor size 33554432 bytes, new threshold 6 (max threshold 15)
[1.618s][debug  ][gc,ergo        ] GC(4) PSAdaptiveSizePolicy::compute_eden_space_size limits: desired_eden_size: 402653184 old_eden_size: 201326592 eden_limit: 201326592 cur_eden: 201326592 max_eden_size: 201326592 avg_young_live: 32681222
[1.618s][debug  ][gc,ergo        ] GC(4) PSAdaptiveSizePolicy::compute_eden_space_size: costs minor_time: 0.067199 major_cost: 0.000000 mutator_cost: 0.932801 throughput_goal: 0.990000
[1.618s][debug  ][gc,ergo        ] GC(4) Live_space: 301116672 free_space: 402653184
[1.618s][debug  ][gc,ergo        ] GC(4) Old eden_size: 201326592 desired_eden_size: 201326592
[1.618s][debug  ][gc,ergo        ] GC(4) AdaptiveSizeStop: collection: 5 
[1.618s][info   ][gc,heap        ] GC(4) PSYoungGen: 220298K(229376K)->32232K(229376K) Eden: 188082K(196608K)->0K(196608K) From: 32216K(32768K)->32232K(32768K)
[1.618s][info   ][gc,heap        ] GC(4) ParOldGen: 696337K(1835008K)->880657K(1835008K)
[1.618s][info   ][gc,metaspace   ] GC(4) Metaspace: 945K(1152K)->945K(1152K) NonClass: 871K(960K)->871K(960K) Class: 74K(192K)->74K(192K)
[1.618s][info   ][gc             ] GC(4) Pause Young (Allocation Failure) 895M->891M(2016M) 23.287ms
[1.618s][info   ][gc,cpu         ] GC(4) User=0.09s Sys=0.09s Real=0.02s
[1.618s][debug  ][gc,heap        ] GC(4) Heap after GC invocations=5 (full 0):
[1.618s][debug  ][gc,heap        ] GC(4)  PSYoungGen      total 229376K, used 32232K [0x00000000f0000000, 0x0000000100000000, 0x0000000100000000)
[1.618s][debug  ][gc,heap        ] GC(4)   eden space 196608K, 0% used [0x00000000f0000000,0x00000000f0000000,0x00000000fc000000)
[1.618s][debug  ][gc,heap        ] GC(4)   from space 32768K, 98% used [0x00000000fc000000,0x00000000fdf7a050,0x00000000fe000000)
[1.618s][debug  ][gc,heap        ] GC(4)   to   space 32768K, 0% used [0x00000000fe000000,0x00000000fe000000,0x0000000100000000)
[1.618s][debug  ][gc,heap        ] GC(4)  ParOldGen       total 1835008K, used 880657K [0x0000000080000000, 0x00000000f0000000, 0x00000000f0000000)
[1.618s][debug  ][gc,heap        ] GC(4)   object space 1835008K, 47% used [0x0000000080000000,0x00000000b5c04560,0x00000000f0000000)
[1.618s][debug  ][gc,heap        ] GC(4)  Metaspace       used 945K, committed 1152K, reserved 1056768K
[1.618s][debug  ][gc,heap        ] GC(4)   class space    used 74K, committed 192K, reserved 1048576K
[1.618s][debug  ][gc,task,time   ] GC(4) VM-Thread 15944063 16161994 16183836
[1.928s][debug  ][gc,heap        ] GC(5) Heap before GC invocations=6 (full 0):
[1.928s][debug  ][gc,heap        ] GC(5)  PSYoungGen      total 229376K, used 221624K [0x00000000f0000000, 0x0000000100000000, 0x0000000100000000)
[1.928s][debug  ][gc,heap        ] GC(5)   eden space 196608K, 96% used [0x00000000f0000000,0x00000000fb8f41c8,0x00000000fc000000)
[1.928s][debug  ][gc,heap        ] GC(5)   from space 32768K, 98% used [0x00000000fc000000,0x00000000fdf7a050,0x00000000fe000000)
[1.928s][debug  ][gc,heap        ] GC(5)   to   space 32768K, 0% used [0x00000000fe000000,0x00000000fe000000,0x0000000100000000)
[1.928s][debug  ][gc,heap        ] GC(5)  ParOldGen       total 1835008K, used 880657K [0x0000000080000000, 0x00000000f0000000, 0x00000000f0000000)
[1.928s][debug  ][gc,heap        ] GC(5)   object space 1835008K, 47% used [0x0000000080000000,0x00000000b5c04560,0x00000000f0000000)
[1.928s][debug  ][gc,heap        ] GC(5)  Metaspace       used 1017K, committed 1152K, reserved 1056768K
[1.928s][debug  ][gc,heap        ] GC(5)   class space    used 83K, committed 192K, reserved 1048576K
[1.928s][debug  ][gc,tlab        ] GC(5) TLAB totals: thrds: 2  refills: 2 max: 1 slow allocs: 17 max 17 waste: 31.0% gc: 4856832B max: 3548408B slow: 0B max: 0B
[1.928s][info   ][gc,start       ] GC(5) Pause Young (Allocation Failure)
[1.928s][debug  ][gc,phases,start] GC(5) Scavenge
[1.936s][debug  ][gc,phases      ] GC(5) Scavenge 7.551ms
[1.936s][debug  ][gc,phases,start] GC(5) Reference Processing
[1.936s][debug  ][gc,ref         ] GC(5) Skipped phase 1 of Reference Processing: no references
[1.936s][debug  ][gc,ref         ] GC(5) ReferenceProcessor::execute queues: 1, RefProcThreadModel::Single, marks_oops_alive: false
[1.936s][debug  ][gc,ref         ] GC(5) Skipped phase 3 of Reference Processing: no references
[1.936s][debug  ][gc,ref         ] GC(5) ReferenceProcessor::execute queues: 1, RefProcThreadModel::Single, marks_oops_alive: false
[1.936s][debug  ][gc,phases,ref  ] GC(5) Reference Processing: 0.1ms
[1.936s][debug  ][gc,phases,ref  ] GC(5)   Reconsider SoftReferences: 0.0ms
[1.936s][debug  ][gc,phases,ref  ] GC(5)     SoftRef (ms):                  skipped
[1.936s][debug  ][gc,phases,ref  ] GC(5)   Notify Soft/WeakReferences: 0.0ms
[1.936s][debug  ][gc,phases,ref  ] GC(5)     SoftRef (ms):                  Min:  0.0, Avg:  0.0, Max:  0.0, Diff:  0.0, Sum:  0.0, Workers: 6
[1.936s][debug  ][gc,phases,ref  ] GC(5)     WeakRef (ms):                  Min:  0.0, Avg:  0.0, Max:  0.0, Diff:  0.0, Sum:  0.0, Workers: 6
[1.936s][debug  ][gc,phases,ref  ] GC(5)     FinalRef (ms):                 Min:  0.0, Avg:  0.0, Max:  0.0, Diff:  0.0, Sum:  0.0, Workers: 6
[1.936s][debug  ][gc,phases,ref  ] GC(5)     Total (ms):                    Min:  0.0, Avg:  0.0, Max:  0.0, Diff:  0.0, Sum:  0.0, Workers: 6
[1.936s][debug  ][gc,phases,ref  ] GC(5)   Notify and keep alive finalizable: 0.0ms
[1.936s][debug  ][gc,phases,ref  ] GC(5)     FinalRef (ms):                 skipped
[1.936s][debug  ][gc,phases,ref  ] GC(5)   Notify PhantomReferences: 0.0ms
[1.936s][debug  ][gc,phases,ref  ] GC(5)     PhantomRef (ms):               Min:  0.0, Avg:  0.0, Max:  0.0, Diff:  0.0, Sum:  0.0, Workers: 6
[1.936s][debug  ][gc,phases,ref  ] GC(5)   SoftReference:
[1.936s][debug  ][gc,phases,ref  ] GC(5)     Discovered: 0
[1.936s][debug  ][gc,phases,ref  ] GC(5)     Cleared: 0
[1.936s][debug  ][gc,phases,ref  ] GC(5)   WeakReference:
[1.936s][debug  ][gc,phases,ref  ] GC(5)     Discovered: 83
[1.936s][debug  ][gc,phases,ref  ] GC(5)     Cleared: 62
[1.936s][debug  ][gc,phases,ref  ] GC(5)   FinalReference:
[1.936s][debug  ][gc,phases,ref  ] GC(5)     Discovered: 0
[1.936s][debug  ][gc,phases,ref  ] GC(5)     Cleared: 0
[1.936s][debug  ][gc,phases,ref  ] GC(5)   PhantomReference:
[1.936s][debug  ][gc,phases,ref  ] GC(5)     Discovered: 15
[1.936s][debug  ][gc,phases,ref  ] GC(5)     Cleared: 5
[1.936s][debug  ][gc,phases      ] GC(5) Reference Processing 0.715ms
[1.936s][debug  ][gc,phases,start] GC(5) Weak Processing
[1.936s][debug  ][gc,phases      ] GC(5)   VM Weak                        Min:  0.0, Avg:  0.0, Max:  0.0, Diff:  0.0, Sum:  0.0, Workers: 6
[1.937s][debug  ][gc,phases      ] GC(5)     Dead                           Min: 0, Avg:  0.0, Max: 0, Diff: 0, Sum: 0, Workers: 6
[1.937s][debug  ][gc,phases      ] GC(5)     Total                          Min: 0, Avg:  1.3, Max: 8, Diff: 8, Sum: 8, Workers: 6
[1.937s][debug  ][gc,phases      ] GC(5)   ObjectSynchronizer Weak        Min:  0.0, Avg:  0.0, Max:  0.0, Diff:  0.0, Sum:  0.0, Workers: 6
[1.937s][debug  ][gc,phases      ] GC(5)     Dead                           Min: 0, Avg:  0.0, Max: 0, Diff: 0, Sum: 0, Workers: 6
[1.937s][debug  ][gc,phases      ] GC(5)     Total                          Min: 0, Avg:  0.5, Max: 3, Diff: 3, Sum: 3, Workers: 6
[1.937s][debug  ][gc,phases      ] GC(5)   JVMTI Tag Weak OopStorage      Min:  0.0, Avg:  0.0, Max:  0.0, Diff:  0.0, Sum:  0.0, Workers: 6
[1.937s][debug  ][gc,phases      ] GC(5)     Dead                           Min: 0, Avg:  0.0, Max: 0, Diff: 0, Sum: 0, Workers: 6
[1.937s][debug  ][gc,phases      ] GC(5)     Total                          Min: 0, Avg:  0.0, Max: 0, Diff: 0, Sum: 0, Workers: 6
[1.937s][debug  ][gc,phases      ] GC(5)   StringTable Weak               Min:  0.0, Avg:  0.0, Max:  0.0, Diff:  0.0, Sum:  0.2, Workers: 6
[1.937s][debug  ][gc,phases      ] GC(5)     Dead                           Min: 0, Avg:  0.5, Max: 3, Diff: 3, Sum: 3, Workers: 6
[1.937s][debug  ][gc,phases      ] GC(5)     Total                          Min: 639, Avg: 891.8, Max: 1768, Diff: 1129, Sum: 5351, Workers: 6
[1.937s][debug  ][gc,phases      ] GC(5)   ResolvedMethodTable Weak       Min:  0.0, Avg:  0.0, Max:  0.0, Diff:  0.0, Sum:  0.0, Workers: 6
[1.937s][debug  ][gc,phases      ] GC(5)     Dead                           Min: 0, Avg:  0.0, Max: 0, Diff: 0, Sum: 0, Workers: 6
[1.937s][debug  ][gc,phases      ] GC(5)     Total                          Min: 0, Avg: 21.7, Max: 64, Diff: 64, Sum: 130, Workers: 6
[1.937s][debug  ][gc,phases      ] GC(5)   JNI Weak                       Min:  0.0, Avg:  0.0, Max:  0.0, Diff:  0.0, Sum:  0.0, Workers: 6
[1.937s][debug  ][gc,phases      ] GC(5)     Dead                           Min: 0, Avg:  0.0, Max: 0, Diff: 0, Sum: 0, Workers: 6
[1.937s][debug  ][gc,phases      ] GC(5)     Total                          Min: 0, Avg:  0.0, Max: 0, Diff: 0, Sum: 0, Workers: 6
[1.937s][debug  ][gc,phases      ] GC(5)   StringDedup Table Weak         Min:  0.0, Avg:  0.0, Max:  0.0, Diff:  0.0, Sum:  0.0, Workers: 6
[1.937s][debug  ][gc,phases      ] GC(5)     Dead                           Min: 0, Avg:  0.0, Max: 0, Diff: 0, Sum: 0, Workers: 6
[1.937s][debug  ][gc,phases      ] GC(5)     Total                          Min: 0, Avg:  0.0, Max: 0, Diff: 0, Sum: 0, Workers: 6
[1.937s][debug  ][gc,phases      ] GC(5)   StringDedup Requests0 Weak     Min:  0.0, Avg:  0.0, Max:  0.0, Diff:  0.0, Sum:  0.0, Workers: 6
[1.937s][debug  ][gc,phases      ] GC(5)     Dead                           Min: 0, Avg:  0.0, Max: 0, Diff: 0, Sum: 0, Workers: 6
[1.937s][debug  ][gc,phases      ] GC(5)     Total                          Min: 0, Avg:  0.0, Max: 0, Diff: 0, Sum: 0, Workers: 6
[1.937s][debug  ][gc,phases      ] GC(5)   StringDedup Requests1 Weak     Min:  0.0, Avg:  0.0, Max:  0.0, Diff:  0.0, Sum:  0.0, Workers: 6
[1.937s][debug  ][gc,phases      ] GC(5)     Dead                           Min: 0, Avg:  0.0, Max: 0, Diff: 0, Sum: 0, Workers: 6
[1.937s][debug  ][gc,phases      ] GC(5)     Total                          Min: 0, Avg:  0.0, Max: 0, Diff: 0, Sum: 0, Workers: 6
[1.937s][debug  ][gc,phases      ] GC(5)   Weak JFR Old Object Samples    Min:  0.0, Avg:  0.0, Max:  0.0, Diff:  0.0, Sum:  0.0, Workers: 6
[1.937s][debug  ][gc,phases      ] GC(5)     Dead                           Min: 0, Avg:  0.0, Max: 0, Diff: 0, Sum: 0, Workers: 6
[1.937s][debug  ][gc,phases      ] GC(5)     Total                          Min: 0, Avg:  0.0, Max: 0, Diff: 0, Sum: 0, Workers: 6
[1.937s][debug  ][gc,phases      ] GC(5) Weak Processing 0.866ms
[1.937s][debug  ][gc,ergo        ] GC(5) AdaptiveSizeStart:  collection: 6 
[1.937s][debug  ][gc,ergo        ] GC(5) avg_survived_padded_avg: 33367482.000000
[1.937s][debug  ][gc,ergo        ] GC(5) avg_promoted_padded_avg: 241157728.000000  avg_pretenured_padded_avg: 0.000000  tenuring_thresh: 5  target_size: 33554432
[1.937s][debug  ][gc,age         ] GC(5) Desired survivor size 33554432 bytes, new threshold 5 (max threshold 15)
[1.937s][debug  ][gc,ergo        ] GC(5) PSAdaptiveSizePolicy::compute_eden_space_size limits: desired_eden_size: 402653184 old_eden_size: 201326592 eden_limit: 201326592 cur_eden: 201326592 max_eden_size: 201326592 avg_young_live: 32772454
[1.937s][debug  ][gc,ergo        ] GC(5) PSAdaptiveSizePolicy::compute_eden_space_size: costs minor_time: 0.057646 major_cost: 0.000000 mutator_cost: 0.942354 throughput_goal: 0.990000
[1.937s][debug  ][gc,ergo        ] GC(5) Live_space: 301207904 free_space: 402653184
[1.937s][debug  ][gc,ergo        ] GC(5) Old eden_size: 201326592 desired_eden_size: 201326592
[1.937s][debug  ][gc,ergo        ] GC(5) AdaptiveSizeStop: collection: 6 
[1.937s][info   ][gc,heap        ] GC(5) PSYoungGen: 221624K(229376K)->32472K(229376K) Eden: 189392K(196608K)->0K(196608K) From: 32232K(32768K)->32472K(32768K)
[1.938s][info   ][gc,heap        ] GC(5) ParOldGen: 880657K(1835008K)->921625K(1835008K)
[1.938s][info   ][gc,metaspace   ] GC(5) Metaspace: 1017K(1152K)->1017K(1152K) NonClass: 933K(960K)->933K(960K) Class: 83K(192K)->83K(192K)
[1.938s][info   ][gc             ] GC(5) Pause Young (Allocation Failure) 1076M->931M(2016M) 9.708ms
[1.938s][info   ][gc,cpu         ] GC(5) User=0.00s Sys=0.00s Real=0.01s
[1.938s][debug  ][gc,heap        ] GC(5) Heap after GC invocations=6 (full 0):
[1.938s][debug  ][gc,heap        ] GC(5)  PSYoungGen      total 229376K, used 32472K [0x00000000f0000000, 0x0000000100000000, 0x0000000100000000)
[1.938s][debug  ][gc,heap        ] GC(5)   eden space 196608K, 0% used [0x00000000f0000000,0x00000000f0000000,0x00000000fc000000)
[1.938s][debug  ][gc,heap        ] GC(5)   from space 32768K, 99% used [0x00000000fe000000,0x00000000fffb6060,0x0000000100000000)
[1.938s][debug  ][gc,heap        ] GC(5)   to   space 32768K, 0% used [0x00000000fc000000,0x00000000fc000000,0x00000000fe000000)
[1.938s][debug  ][gc,heap        ] GC(5)  ParOldGen       total 1835008K, used 921625K [0x0000000080000000, 0x00000000f0000000, 0x00000000f0000000)
[1.938s][debug  ][gc,heap        ] GC(5)   object space 1835008K, 50% used [0x0000000080000000,0x00000000b84065a0,0x00000000f0000000)
[1.938s][debug  ][gc,heap        ] GC(5)  Metaspace       used 1017K, committed 1152K, reserved 1056768K
[1.938s][debug  ][gc,heap        ] GC(5)   class space    used 83K, committed 192K, reserved 1048576K
[1.938s][debug  ][gc,task,time   ] GC(5) VM-Thread 19275088 19356493 19379574
[2.227s][debug  ][gc,heap        ] GC(6) Heap before GC invocations=7 (full 0):
[2.227s][debug  ][gc,heap        ] GC(6)  PSYoungGen      total 229376K, used 220598K [0x00000000f0000000, 0x0000000100000000, 0x0000000100000000)
[2.227s][debug  ][gc,heap        ] GC(6)   eden space 196608K, 95% used [0x00000000f0000000,0x00000000fb7b77a0,0x00000000fc000000)
[2.227s][debug  ][gc,heap        ] GC(6)   from space 32768K, 99% used [0x00000000fe000000,0x00000000fffb6060,0x0000000100000000)
[2.227s][debug  ][gc,heap        ] GC(6)   to   space 32768K, 0% used [0x00000000fc000000,0x00000000fc000000,0x00000000fe000000)
[2.227s][debug  ][gc,heap        ] GC(6)  ParOldGen       total 1835008K, used 921625K [0x0000000080000000, 0x00000000f0000000, 0x00000000f0000000)
[2.227s][debug  ][gc,heap        ] GC(6)   object space 1835008K, 50% used [0x0000000080000000,0x00000000b84065a0,0x00000000f0000000)
[2.227s][debug  ][gc,heap        ] GC(6)  Metaspace       used 1017K, committed 1152K, reserved 1056768K
[2.227s][debug  ][gc,heap        ] GC(6)   class space    used 83K, committed 192K, reserved 1048576K
[2.227s][debug  ][gc,tlab        ] GC(6) TLAB totals: thrds: 1  refills: 1 max: 1 slow allocs: 17 max 17 waste: 27.1% gc: 3896960B max: 3896960B slow: 0B max: 0B
[2.227s][info   ][gc,start       ] GC(6) Pause Young (Allocation Failure)
[2.227s][debug  ][gc,phases,start] GC(6) Scavenge
[2.248s][debug  ][gc,phases      ] GC(6) Scavenge 20.694ms
[2.248s][debug  ][gc,phases,start] GC(6) Reference Processing
[2.248s][debug  ][gc,ref         ] GC(6) Skipped phase 1 of Reference Processing: no references
[2.248s][debug  ][gc,ref         ] GC(6) ReferenceProcessor::execute queues: 1, RefProcThreadModel::Single, marks_oops_alive: false
[2.248s][debug  ][gc,ref         ] GC(6) Skipped phase 3 of Reference Processing: no references
[2.248s][debug  ][gc,ref         ] GC(6) Skipped phase 4 of Reference Processing: no references
[2.248s][debug  ][gc,phases,ref  ] GC(6) Reference Processing: 0.1ms
[2.248s][debug  ][gc,phases,ref  ] GC(6)   Reconsider SoftReferences: 0.0ms
[2.248s][debug  ][gc,phases,ref  ] GC(6)     SoftRef (ms):                  skipped
[2.248s][debug  ][gc,phases,ref  ] GC(6)   Notify Soft/WeakReferences: 0.0ms
[2.248s][debug  ][gc,phases,ref  ] GC(6)     SoftRef (ms):                  Min:  0.0, Avg:  0.0, Max:  0.0, Diff:  0.0, Sum:  0.0, Workers: 6
[2.248s][debug  ][gc,phases,ref  ] GC(6)     WeakRef (ms):                  Min:  0.0, Avg:  0.0, Max:  0.0, Diff:  0.0, Sum:  0.0, Workers: 6
[2.248s][debug  ][gc,phases,ref  ] GC(6)     FinalRef (ms):                 Min:  0.0, Avg:  0.0, Max:  0.0, Diff:  0.0, Sum:  0.0, Workers: 6
[2.248s][debug  ][gc,phases,ref  ] GC(6)     Total (ms):                    Min:  0.0, Avg:  0.0, Max:  0.0, Diff:  0.0, Sum:  0.0, Workers: 6
[2.248s][debug  ][gc,phases,ref  ] GC(6)   Notify and keep alive finalizable: 0.0ms
[2.248s][debug  ][gc,phases,ref  ] GC(6)     FinalRef (ms):                 skipped
[2.248s][debug  ][gc,phases,ref  ] GC(6)   Notify PhantomReferences: 0.0ms
[2.249s][debug  ][gc,phases,ref  ] GC(6)     PhantomRef (ms):               skipped
[2.249s][debug  ][gc,phases,ref  ] GC(6)   SoftReference:
[2.249s][debug  ][gc,phases,ref  ] GC(6)     Discovered: 0
[2.249s][debug  ][gc,phases,ref  ] GC(6)     Cleared: 0
[2.249s][debug  ][gc,phases,ref  ] GC(6)   WeakReference:
[2.249s][debug  ][gc,phases,ref  ] GC(6)     Discovered: 50
[2.249s][debug  ][gc,phases,ref  ] GC(6)     Cleared: 50
[2.249s][debug  ][gc,phases,ref  ] GC(6)   FinalReference:
[2.249s][debug  ][gc,phases,ref  ] GC(6)     Discovered: 0
[2.249s][debug  ][gc,phases,ref  ] GC(6)     Cleared: 0
[2.249s][debug  ][gc,phases,ref  ] GC(6)   PhantomReference:
[2.249s][debug  ][gc,phases,ref  ] GC(6)     Discovered: 0
[2.249s][debug  ][gc,phases,ref  ] GC(6)     Cleared: 0
[2.249s][debug  ][gc,phases      ] GC(6) Reference Processing 0.596ms
[2.249s][debug  ][gc,phases,start] GC(6) Weak Processing
[2.249s][debug  ][gc,phases      ] GC(6)   VM Weak                        Min:  0.0, Avg:  0.0, Max:  0.0, Diff:  0.0, Sum:  0.0, Workers: 6
[2.249s][debug  ][gc,phases      ] GC(6)     Dead                           Min: 0, Avg:  0.0, Max: 0, Diff: 0, Sum: 0, Workers: 6
[2.249s][debug  ][gc,phases      ] GC(6)     Total                          Min: 0, Avg:  1.3, Max: 8, Diff: 8, Sum: 8, Workers: 6
[2.249s][debug  ][gc,phases      ] GC(6)   ObjectSynchronizer Weak        Min:  0.0, Avg:  0.0, Max:  0.0, Diff:  0.0, Sum:  0.0, Workers: 6
[2.249s][debug  ][gc,phases      ] GC(6)     Dead                           Min: 0, Avg:  0.0, Max: 0, Diff: 0, Sum: 0, Workers: 6
[2.249s][debug  ][gc,phases      ] GC(6)     Total                          Min: 0, Avg:  0.5, Max: 3, Diff: 3, Sum: 3, Workers: 6
[2.249s][debug  ][gc,phases      ] GC(6)   JVMTI Tag Weak OopStorage      Min:  0.0, Avg:  0.0, Max:  0.0, Diff:  0.0, Sum:  0.0, Workers: 6
[2.249s][debug  ][gc,phases      ] GC(6)     Dead                           Min: 0, Avg:  0.0, Max: 0, Diff: 0, Sum: 0, Workers: 6
[2.249s][debug  ][gc,phases      ] GC(6)     Total                          Min: 0, Avg:  0.0, Max: 0, Diff: 0, Sum: 0, Workers: 6
[2.249s][debug  ][gc,phases      ] GC(6)   StringTable Weak               Min:  0.0, Avg:  0.0, Max:  0.0, Diff:  0.0, Sum:  0.2, Workers: 6
[2.249s][debug  ][gc,phases      ] GC(6)     Dead                           Min: 0, Avg:  0.0, Max: 0, Diff: 0, Sum: 0, Workers: 6
[2.249s][debug  ][gc,phases      ] GC(6)     Total                          Min: 639, Avg: 891.8, Max: 1856, Diff: 1217, Sum: 5351, Workers: 6
[2.249s][debug  ][gc,phases      ] GC(6)   ResolvedMethodTable Weak       Min:  0.0, Avg:  0.0, Max:  0.0, Diff:  0.0, Sum:  0.0, Workers: 6
[2.249s][debug  ][gc,phases      ] GC(6)     Dead                           Min: 0, Avg:  0.0, Max: 0, Diff: 0, Sum: 0, Workers: 6
[2.249s][debug  ][gc,phases      ] GC(6)     Total                          Min: 0, Avg: 21.7, Max: 64, Diff: 64, Sum: 130, Workers: 6
[2.249s][debug  ][gc,phases      ] GC(6)   JNI Weak                       Min:  0.0, Avg:  0.0, Max:  0.0, Diff:  0.0, Sum:  0.0, Workers: 6
[2.249s][debug  ][gc,phases      ] GC(6)     Dead                           Min: 0, Avg:  0.0, Max: 0, Diff: 0, Sum: 0, Workers: 6
[2.249s][debug  ][gc,phases      ] GC(6)     Total                          Min: 0, Avg:  0.0, Max: 0, Diff: 0, Sum: 0, Workers: 6
[2.249s][debug  ][gc,phases      ] GC(6)   StringDedup Table Weak         Min:  0.0, Avg:  0.0, Max:  0.0, Diff:  0.0, Sum:  0.0, Workers: 6
[2.249s][debug  ][gc,phases      ] GC(6)     Dead                           Min: 0, Avg:  0.0, Max: 0, Diff: 0, Sum: 0, Workers: 6
[2.249s][debug  ][gc,phases      ] GC(6)     Total                          Min: 0, Avg:  0.0, Max: 0, Diff: 0, Sum: 0, Workers: 6
[2.249s][debug  ][gc,phases      ] GC(6)   StringDedup Requests0 Weak     Min:  0.0, Avg:  0.0, Max:  0.0, Diff:  0.0, Sum:  0.0, Workers: 6
[2.249s][debug  ][gc,phases      ] GC(6)     Dead                           Min: 0, Avg:  0.0, Max: 0, Diff: 0, Sum: 0, Workers: 6
[2.249s][debug  ][gc,phases      ] GC(6)     Total                          Min: 0, Avg:  0.0, Max: 0, Diff: 0, Sum: 0, Workers: 6
[2.249s][debug  ][gc,phases      ] GC(6)   StringDedup Requests1 Weak     Min:  0.0, Avg:  0.0, Max:  0.0, Diff:  0.0, Sum:  0.0, Workers: 6
[2.249s][debug  ][gc,phases      ] GC(6)     Dead                           Min: 0, Avg:  0.0, Max: 0, Diff: 0, Sum: 0, Workers: 6
[2.249s][debug  ][gc,phases      ] GC(6)     Total                          Min: 0, Avg:  0.0, Max: 0, Diff: 0, Sum: 0, Workers: 6
[2.249s][debug  ][gc,phases      ] GC(6)   Weak JFR Old Object Samples    Min:  0.0, Avg:  0.0, Max:  0.0, Diff:  0.0, Sum:  0.0, Workers: 6
[2.249s][debug  ][gc,phases      ] GC(6)     Dead                           Min: 0, Avg:  0.0, Max: 0, Diff: 0, Sum: 0, Workers: 6
[2.249s][debug  ][gc,phases      ] GC(6)     Total                          Min: 0, Avg:  0.0, Max: 0, Diff: 0, Sum: 0, Workers: 6
[2.249s][debug  ][gc,phases      ] GC(6) Weak Processing 0.716ms
[2.250s][debug  ][gc,ergo        ] GC(6) AdaptiveSizeStart:  collection: 7 
[2.250s][debug  ][gc,ergo        ] GC(6) avg_survived_padded_avg: 33379380.000000
[2.250s][debug  ][gc,ergo        ] GC(6) avg_promoted_padded_avg: 245331072.000000  avg_pretenured_padded_avg: 0.000000  tenuring_thresh: 4  target_size: 33554432
[2.250s][debug  ][gc,age         ] GC(6) Desired survivor size 33554432 bytes, new threshold 4 (max threshold 15)
[2.250s][debug  ][gc,ergo        ] GC(6) PSAdaptiveSizePolicy::compute_eden_space_size limits: desired_eden_size: 402653184 old_eden_size: 201326592 eden_limit: 201326592 cur_eden: 201326592 max_eden_size: 201326592 avg_young_live: 32712200
[2.250s][debug  ][gc,ergo        ] GC(6) PSAdaptiveSizePolicy::compute_eden_space_size: costs minor_time: 0.060946 major_cost: 0.000000 mutator_cost: 0.939054 throughput_goal: 0.990000
[2.250s][debug  ][gc,ergo        ] GC(6) Live_space: 301147648 free_space: 402653184
[2.250s][debug  ][gc,ergo        ] GC(6) Old eden_size: 201326592 desired_eden_size: 201326592
[2.250s][debug  ][gc,ergo        ] GC(6) AdaptiveSizeStop: collection: 7 
[2.250s][info   ][gc,heap        ] GC(6) PSYoungGen: 220598K(229376K)->31584K(229376K) Eden: 188125K(196608K)->0K(196608K) From: 32472K(32768K)->31584K(32768K)
[2.250s][info   ][gc,heap        ] GC(6) ParOldGen: 921625K(1835008K)->1106863K(1835008K)
[2.250s][info   ][gc,metaspace   ] GC(6) Metaspace: 1017K(1152K)->1017K(1152K) NonClass: 933K(960K)->933K(960K) Class: 83K(192K)->83K(192K)
[2.250s][info   ][gc             ] GC(6) Pause Young (Allocation Failure) 1115M->1111M(2016M) 22.431ms
[2.250s][info   ][gc,cpu         ] GC(6) User=0.00s Sys=0.09s Real=0.02s
[2.250s][debug  ][gc,heap        ] GC(6) Heap after GC invocations=7 (full 0):
[2.250s][debug  ][gc,heap        ] GC(6)  PSYoungGen      total 229376K, used 31584K [0x00000000f0000000, 0x0000000100000000, 0x0000000100000000)
[2.250s][debug  ][gc,heap        ] GC(6)   eden space 196608K, 0% used [0x00000000f0000000,0x00000000f0000000,0x00000000fc000000)
[2.250s][debug  ][gc,heap        ] GC(6)   from space 32768K, 96% used [0x00000000fc000000,0x00000000fded8030,0x00000000fe000000)
[2.250s][debug  ][gc,heap        ] GC(6)   to   space 32768K, 0% used [0x00000000fe000000,0x00000000fe000000,0x0000000100000000)
[2.250s][debug  ][gc,heap        ] GC(6)  ParOldGen       total 1835008K, used 1106863K [0x0000000080000000, 0x00000000f0000000, 0x00000000f0000000)
[2.250s][debug  ][gc,heap        ] GC(6)   object space 1835008K, 60% used [0x0000000080000000,0x00000000c38ebd08,0x00000000f0000000)
[2.250s][debug  ][gc,heap        ] GC(6)  Metaspace       used 1017K, committed 1152K, reserved 1056768K
[2.250s][debug  ][gc,heap        ] GC(6)   class space    used 83K, committed 192K, reserved 1048576K
[2.250s][debug  ][gc,task,time   ] GC(6) VM-Thread 22269275 22481556 22500089
[2.544s][debug  ][gc,heap        ] GC(7) Heap before GC invocations=8 (full 0):
[2.544s][debug  ][gc,heap        ] GC(7)  PSYoungGen      total 229376K, used 219728K [0x00000000f0000000, 0x0000000100000000, 0x0000000100000000)
[2.544s][debug  ][gc,heap        ] GC(7)   eden space 196608K, 95% used [0x00000000f0000000,0x00000000fb7bc308,0x00000000fc000000)
[2.544s][debug  ][gc,heap        ] GC(7)   from space 32768K, 96% used [0x00000000fc000000,0x00000000fded8030,0x00000000fe000000)
[2.544s][debug  ][gc,heap        ] GC(7)   to   space 32768K, 0% used [0x00000000fe000000,0x00000000fe000000,0x0000000100000000)
[2.544s][debug  ][gc,heap        ] GC(7)  ParOldGen       total 1835008K, used 1106863K [0x0000000080000000, 0x00000000f0000000, 0x00000000f0000000)
[2.544s][debug  ][gc,heap        ] GC(7)   object space 1835008K, 60% used [0x0000000080000000,0x00000000c38ebd08,0x00000000f0000000)
[2.544s][debug  ][gc,heap        ] GC(7)  Metaspace       used 1017K, committed 1152K, reserved 1056768K
[2.544s][debug  ][gc,heap        ] GC(7)   class space    used 83K, committed 192K, reserved 1048576K
[2.544s][debug  ][gc,tlab        ] GC(7) TLAB totals: thrds: 1  refills: 1 max: 1 slow allocs: 17 max 17 waste: 27.2% gc: 3916264B max: 3916264B slow: 0B max: 0B
[2.544s][info   ][gc,start       ] GC(7) Pause Young (Allocation Failure)
[2.544s][debug  ][gc,phases,start] GC(7) Scavenge
[2.569s][debug  ][gc,phases      ] GC(7) Scavenge 25.101ms
[2.569s][debug  ][gc,phases,start] GC(7) Reference Processing
[2.569s][debug  ][gc,ref         ] GC(7) Skipped phase 1 of Reference Processing: no references
[2.569s][debug  ][gc,ref         ] GC(7) ReferenceProcessor::execute queues: 1, RefProcThreadModel::Single, marks_oops_alive: false
[2.569s][debug  ][gc,ref         ] GC(7) Skipped phase 3 of Reference Processing: no references
[2.569s][debug  ][gc,ref         ] GC(7) Skipped phase 4 of Reference Processing: no references
[2.569s][debug  ][gc,phases,ref  ] GC(7) Reference Processing: 0.1ms
[2.569s][debug  ][gc,phases,ref  ] GC(7)   Reconsider SoftReferences: 0.0ms
[2.569s][debug  ][gc,phases,ref  ] GC(7)     SoftRef (ms):                  skipped
[2.569s][debug  ][gc,phases,ref  ] GC(7)   Notify Soft/WeakReferences: 0.0ms
[2.569s][debug  ][gc,phases,ref  ] GC(7)     SoftRef (ms):                  Min:  0.0, Avg:  0.0, Max:  0.0, Diff:  0.0, Sum:  0.0, Workers: 6
[2.569s][debug  ][gc,phases,ref  ] GC(7)     WeakRef (ms):                  Min:  0.0, Avg:  0.0, Max:  0.0, Diff:  0.0, Sum:  0.0, Workers: 6
[2.570s][debug  ][gc,phases,ref  ] GC(7)     FinalRef (ms):                 Min:  0.0, Avg:  0.0, Max:  0.0, Diff:  0.0, Sum:  0.0, Workers: 6
[2.570s][debug  ][gc,phases,ref  ] GC(7)     Total (ms):                    Min:  0.0, Avg:  0.0, Max:  0.0, Diff:  0.0, Sum:  0.0, Workers: 6
[2.570s][debug  ][gc,phases,ref  ] GC(7)   Notify and keep alive finalizable: 0.0ms
[2.570s][debug  ][gc,phases,ref  ] GC(7)     FinalRef (ms):                 skipped
[2.570s][debug  ][gc,phases,ref  ] GC(7)   Notify PhantomReferences: 0.0ms
[2.570s][debug  ][gc,phases,ref  ] GC(7)     PhantomRef (ms):               skipped
[2.570s][debug  ][gc,phases,ref  ] GC(7)   SoftReference:
[2.570s][debug  ][gc,phases,ref  ] GC(7)     Discovered: 0
[2.570s][debug  ][gc,phases,ref  ] GC(7)     Cleared: 0
[2.570s][debug  ][gc,phases,ref  ] GC(7)   WeakReference:
[2.570s][debug  ][gc,phases,ref  ] GC(7)     Discovered: 44
[2.570s][debug  ][gc,phases,ref  ] GC(7)     Cleared: 44
[2.570s][debug  ][gc,phases,ref  ] GC(7)   FinalReference:
[2.570s][debug  ][gc,phases,ref  ] GC(7)     Discovered: 0
[2.570s][debug  ][gc,phases,ref  ] GC(7)     Cleared: 0
[2.570s][debug  ][gc,phases,ref  ] GC(7)   PhantomReference:
[2.570s][debug  ][gc,phases,ref  ] GC(7)     Discovered: 0
[2.570s][debug  ][gc,phases,ref  ] GC(7)     Cleared: 0
[2.570s][debug  ][gc,phases      ] GC(7) Reference Processing 0.606ms
[2.570s][debug  ][gc,phases,start] GC(7) Weak Processing
[2.570s][debug  ][gc,phases      ] GC(7)   VM Weak                        Min:  0.0, Avg:  0.0, Max:  0.0, Diff:  0.0, Sum:  0.0, Workers: 6
[2.570s][debug  ][gc,phases      ] GC(7)     Dead                           Min: 0, Avg:  0.0, Max: 0, Diff: 0, Sum: 0, Workers: 6
[2.570s][debug  ][gc,phases      ] GC(7)     Total                          Min: 0, Avg:  1.3, Max: 8, Diff: 8, Sum: 8, Workers: 6
[2.570s][debug  ][gc,phases      ] GC(7)   ObjectSynchronizer Weak        Min:  0.0, Avg:  0.0, Max:  0.0, Diff:  0.0, Sum:  0.0, Workers: 6
[2.570s][debug  ][gc,phases      ] GC(7)     Dead                           Min: 0, Avg:  0.0, Max: 0, Diff: 0, Sum: 0, Workers: 6
[2.570s][debug  ][gc,phases      ] GC(7)     Total                          Min: 0, Avg:  0.5, Max: 3, Diff: 3, Sum: 3, Workers: 6
[2.570s][debug  ][gc,phases      ] GC(7)   JVMTI Tag Weak OopStorage      Min:  0.0, Avg:  0.0, Max:  0.0, Diff:  0.0, Sum:  0.0, Workers: 6
[2.570s][debug  ][gc,phases      ] GC(7)     Dead                           Min: 0, Avg:  0.0, Max: 0, Diff: 0, Sum: 0, Workers: 6
[2.570s][debug  ][gc,phases      ] GC(7)     Total                          Min: 0, Avg:  0.0, Max: 0, Diff: 0, Sum: 0, Workers: 6
[2.570s][debug  ][gc,phases      ] GC(7)   StringTable Weak               Min:  0.0, Avg:  0.0, Max:  0.0, Diff:  0.0, Sum:  0.1, Workers: 6
[2.570s][debug  ][gc,phases      ] GC(7)     Dead                           Min: 0, Avg:  0.0, Max: 0, Diff: 0, Sum: 0, Workers: 6
[2.570s][debug  ][gc,phases      ] GC(7)     Total                          Min: 448, Avg: 891.8, Max: 1192, Diff: 744, Sum: 5351, Workers: 6
[2.570s][debug  ][gc,phases      ] GC(7)   ResolvedMethodTable Weak       Min:  0.0, Avg:  0.0, Max:  0.0, Diff:  0.0, Sum:  0.0, Workers: 6
[2.570s][debug  ][gc,phases      ] GC(7)     Dead                           Min: 0, Avg:  0.0, Max: 0, Diff: 0, Sum: 0, Workers: 6
[2.570s][debug  ][gc,phases      ] GC(7)     Total                          Min: 0, Avg: 21.7, Max: 66, Diff: 66, Sum: 130, Workers: 6
[2.570s][debug  ][gc,phases      ] GC(7)   JNI Weak                       Min:  0.0, Avg:  0.0, Max:  0.0, Diff:  0.0, Sum:  0.0, Workers: 6
[2.570s][debug  ][gc,phases      ] GC(7)     Dead                           Min: 0, Avg:  0.0, Max: 0, Diff: 0, Sum: 0, Workers: 6
[2.570s][debug  ][gc,phases      ] GC(7)     Total                          Min: 0, Avg:  0.0, Max: 0, Diff: 0, Sum: 0, Workers: 6
[2.570s][debug  ][gc,phases      ] GC(7)   StringDedup Table Weak         Min:  0.0, Avg:  0.0, Max:  0.0, Diff:  0.0, Sum:  0.0, Workers: 6
[2.570s][debug  ][gc,phases      ] GC(7)     Dead                           Min: 0, Avg:  0.0, Max: 0, Diff: 0, Sum: 0, Workers: 6
[2.570s][debug  ][gc,phases      ] GC(7)     Total                          Min: 0, Avg:  0.0, Max: 0, Diff: 0, Sum: 0, Workers: 6
[2.570s][debug  ][gc,phases      ] GC(7)   StringDedup Requests0 Weak     Min:  0.0, Avg:  0.0, Max:  0.0, Diff:  0.0, Sum:  0.0, Workers: 6
[2.571s][debug  ][gc,phases      ] GC(7)     Dead                           Min: 0, Avg:  0.0, Max: 0, Diff: 0, Sum: 0, Workers: 6
[2.571s][debug  ][gc,phases      ] GC(7)     Total                          Min: 0, Avg:  0.0, Max: 0, Diff: 0, Sum: 0, Workers: 6
[2.571s][debug  ][gc,phases      ] GC(7)   StringDedup Requests1 Weak     Min:  0.0, Avg:  0.0, Max:  0.0, Diff:  0.0, Sum:  0.0, Workers: 6
[2.571s][debug  ][gc,phases      ] GC(7)     Dead                           Min: 0, Avg:  0.0, Max: 0, Diff: 0, Sum: 0, Workers: 6
[2.571s][debug  ][gc,phases      ] GC(7)     Total                          Min: 0, Avg:  0.0, Max: 0, Diff: 0, Sum: 0, Workers: 6
[2.571s][debug  ][gc,phases      ] GC(7)   Weak JFR Old Object Samples    Min:  0.0, Avg:  0.0, Max:  0.0, Diff:  0.0, Sum:  0.0, Workers: 6
[2.571s][debug  ][gc,phases      ] GC(7)     Dead                           Min: 0, Avg:  0.0, Max: 0, Diff: 0, Sum: 0, Workers: 6
[2.571s][debug  ][gc,phases      ] GC(7)     Total                          Min: 0, Avg:  0.0, Max: 0, Diff: 0, Sum: 0, Workers: 6
[2.571s][debug  ][gc,phases      ] GC(7) Weak Processing 0.830ms
[2.571s][debug  ][gc,ergo        ] GC(7) AdaptiveSizeStart:  collection: 8 
[2.571s][debug  ][gc,ergo        ] GC(7) avg_survived_padded_avg: 33488238.000000
[2.571s][debug  ][gc,ergo        ] GC(7) avg_promoted_padded_avg: 247055488.000000  avg_pretenured_padded_avg: 0.000000  tenuring_thresh: 3  target_size: 33554432
[2.571s][debug  ][gc,age         ] GC(7) Desired survivor size 33554432 bytes, new threshold 3 (max threshold 15)
[2.571s][debug  ][gc,ergo        ] GC(7) PSAdaptiveSizePolicy::compute_eden_space_size limits: desired_eden_size: 402653184 old_eden_size: 201326592 eden_limit: 201326592 cur_eden: 201326592 max_eden_size: 201326592 avg_young_live: 32597004
[2.571s][debug  ][gc,ergo        ] GC(7) PSAdaptiveSizePolicy::compute_eden_space_size: costs minor_time: 0.066457 major_cost: 0.000000 mutator_cost: 0.933543 throughput_goal: 0.990000
[2.571s][debug  ][gc,ergo        ] GC(7) Live_space: 301032448 free_space: 402653184
[2.571s][debug  ][gc,ergo        ] GC(7) Old eden_size: 201326592 desired_eden_size: 201326592
[2.571s][debug  ][gc,ergo        ] GC(7) AdaptiveSizeStop: collection: 8 
[2.571s][info   ][gc,heap        ] GC(7) PSYoungGen: 219728K(229376K)->31008K(229376K) Eden: 188144K(196608K)->0K(196608K) From: 31584K(32768K)->31008K(32768K)
[2.571s][info   ][gc,heap        ] GC(7) ParOldGen: 1106863K(1835008K)->1291695K(1835008K)
[2.571s][info   ][gc,metaspace   ] GC(7) Metaspace: 1017K(1152K)->1017K(1152K) NonClass: 933K(960K)->933K(960K) Class: 83K(192K)->83K(192K)
[2.571s][info   ][gc             ] GC(7) Pause Young (Allocation Failure) 1295M->1291M(2016M) 26.976ms
[2.571s][info   ][gc,cpu         ] GC(7) User=0.00s Sys=0.14s Real=0.03s
[2.571s][debug  ][gc,heap        ] GC(7) Heap after GC invocations=8 (full 0):
[2.571s][debug  ][gc,heap        ] GC(7)  PSYoungGen      total 229376K, used 31008K [0x00000000f0000000, 0x0000000100000000, 0x0000000100000000)
[2.571s][debug  ][gc,heap        ] GC(7)   eden space 196608K, 0% used [0x00000000f0000000,0x00000000f0000000,0x00000000fc000000)
[2.571s][debug  ][gc,heap        ] GC(7)   from space 32768K, 94% used [0x00000000fe000000,0x00000000ffe48030,0x0000000100000000)
[2.571s][debug  ][gc,heap        ] GC(7)   to   space 32768K, 0% used [0x00000000fc000000,0x00000000fc000000,0x00000000fe000000)
[2.571s][debug  ][gc,heap        ] GC(7)  ParOldGen       total 1835008K, used 1291695K [0x0000000080000000, 0x00000000f0000000, 0x00000000f0000000)
[2.571s][debug  ][gc,heap        ] GC(7)   object space 1835008K, 70% used [0x0000000080000000,0x00000000ced6bda8,0x00000000f0000000)
[2.571s][debug  ][gc,heap        ] GC(7)  Metaspace       used 1017K, committed 1152K, reserved 1056768K
[2.571s][debug  ][gc,heap        ] GC(7)   class space    used 83K, committed 192K, reserved 1048576K
[2.571s][debug  ][gc,task,time   ] GC(7) VM-Thread 25435556 25692456 25712313
[2.861s][debug  ][gc,heap        ] GC(8) Heap before GC invocations=9 (full 0):
[2.861s][debug  ][gc,heap        ] GC(8)  PSYoungGen      total 229376K, used 219162K [0x00000000f0000000, 0x0000000100000000, 0x0000000100000000)
[2.861s][debug  ][gc,heap        ] GC(8)   eden space 196608K, 95% used [0x00000000f0000000,0x00000000fb7be9e0,0x00000000fc000000)
[2.861s][debug  ][gc,heap        ] GC(8)   from space 32768K, 94% used [0x00000000fe000000,0x00000000ffe48030,0x0000000100000000)
[2.861s][debug  ][gc,heap        ] GC(8)   to   space 32768K, 0% used [0x00000000fc000000,0x00000000fc000000,0x00000000fe000000)
[2.861s][debug  ][gc,heap        ] GC(8)  ParOldGen       total 1835008K, used 1291695K [0x0000000080000000, 0x00000000f0000000, 0x00000000f0000000)
[2.861s][debug  ][gc,heap        ] GC(8)   object space 1835008K, 70% used [0x0000000080000000,0x00000000ced6bda8,0x00000000f0000000)
[2.861s][debug  ][gc,heap        ] GC(8)  Metaspace       used 1017K, committed 1152K, reserved 1056768K
[2.861s][debug  ][gc,heap        ] GC(8)   class space    used 83K, committed 192K, reserved 1048576K
[2.861s][debug  ][gc,tlab        ] GC(8) TLAB totals: thrds: 1  refills: 1 max: 1 slow allocs: 17 max 17 waste: 27.2% gc: 3926208B max: 3926208B slow: 0B max: 0B
[2.861s][info   ][gc,start       ] GC(8) Pause Young (Allocation Failure)
[2.861s][debug  ][gc,phases,start] GC(8) Scavenge
[2.886s][debug  ][gc,phases      ] GC(8) Scavenge 25.240ms
[2.886s][debug  ][gc,phases,start] GC(8) Reference Processing
[2.886s][debug  ][gc,ref         ] GC(8) Skipped phase 1 of Reference Processing: no references
[2.887s][debug  ][gc,ref         ] GC(8) Skipped phase 2 of Reference Processing: no references
[2.887s][debug  ][gc,ref         ] GC(8) Skipped phase 3 of Reference Processing: no references
[2.887s][debug  ][gc,ref         ] GC(8) Skipped phase 4 of Reference Processing: no references
[2.887s][debug  ][gc,phases,ref  ] GC(8) Reference Processing: 0.1ms
[2.887s][debug  ][gc,phases,ref  ] GC(8)   Reconsider SoftReferences: 0.0ms
[2.887s][debug  ][gc,phases,ref  ] GC(8)     SoftRef (ms):                  skipped
[2.887s][debug  ][gc,phases,ref  ] GC(8)   Notify Soft/WeakReferences: 0.0ms
[2.887s][debug  ][gc,phases,ref  ] GC(8)     SoftRef (ms):                  skipped
[2.887s][debug  ][gc,phases,ref  ] GC(8)     WeakRef (ms):                  skipped
[2.887s][debug  ][gc,phases,ref  ] GC(8)     FinalRef (ms):                 skipped
[2.887s][debug  ][gc,phases,ref  ] GC(8)     Total (ms):                    skipped
[2.887s][debug  ][gc,phases,ref  ] GC(8)   Notify and keep alive finalizable: 0.0ms
[2.887s][debug  ][gc,phases,ref  ] GC(8)     FinalRef (ms):                 skipped
[2.887s][debug  ][gc,phases,ref  ] GC(8)   Notify PhantomReferences: 0.0ms
[2.887s][debug  ][gc,phases,ref  ] GC(8)     PhantomRef (ms):               skipped
[2.887s][debug  ][gc,phases,ref  ] GC(8)   SoftReference:
[2.887s][debug  ][gc,phases,ref  ] GC(8)     Discovered: 0
[2.887s][debug  ][gc,phases,ref  ] GC(8)     Cleared: 0
[2.887s][debug  ][gc,phases,ref  ] GC(8)   WeakReference:
[2.887s][debug  ][gc,phases,ref  ] GC(8)     Discovered: 0
[2.887s][debug  ][gc,phases,ref  ] GC(8)     Cleared: 0
[2.887s][debug  ][gc,phases,ref  ] GC(8)   FinalReference:
[2.887s][debug  ][gc,phases,ref  ] GC(8)     Discovered: 0
[2.887s][debug  ][gc,phases,ref  ] GC(8)     Cleared: 0
[2.887s][debug  ][gc,phases,ref  ] GC(8)   PhantomReference:
[2.887s][debug  ][gc,phases,ref  ] GC(8)     Discovered: 0
[2.887s][debug  ][gc,phases,ref  ] GC(8)     Cleared: 0
[2.887s][debug  ][gc,phases      ] GC(8) Reference Processing 0.571ms
[2.887s][debug  ][gc,phases,start] GC(8) Weak Processing
[2.887s][debug  ][gc,phases      ] GC(8)   VM Weak                        Min:  0.0, Avg:  0.0, Max:  0.0, Diff:  0.0, Sum:  0.0, Workers: 6
[2.887s][debug  ][gc,phases      ] GC(8)     Dead                           Min: 0, Avg:  0.0, Max: 0, Diff: 0, Sum: 0, Workers: 6
[2.887s][debug  ][gc,phases      ] GC(8)     Total                          Min: 0, Avg:  1.3, Max: 8, Diff: 8, Sum: 8, Workers: 6
[2.887s][debug  ][gc,phases      ] GC(8)   ObjectSynchronizer Weak        Min:  0.0, Avg:  0.0, Max:  0.0, Diff:  0.0, Sum:  0.0, Workers: 6
[2.887s][debug  ][gc,phases      ] GC(8)     Dead                           Min: 0, Avg:  0.0, Max: 0, Diff: 0, Sum: 0, Workers: 6
[2.887s][debug  ][gc,phases      ] GC(8)     Total                          Min: 0, Avg:  0.5, Max: 3, Diff: 3, Sum: 3, Workers: 6
[2.887s][debug  ][gc,phases      ] GC(8)   JVMTI Tag Weak OopStorage      Min:  0.0, Avg:  0.0, Max:  0.0, Diff:  0.0, Sum:  0.0, Workers: 6
[2.887s][debug  ][gc,phases      ] GC(8)     Dead                           Min: 0, Avg:  0.0, Max: 0, Diff: 0, Sum: 0, Workers: 6
[2.887s][debug  ][gc,phases      ] GC(8)     Total                          Min: 0, Avg:  0.0, Max: 0, Diff: 0, Sum: 0, Workers: 6
[2.887s][debug  ][gc,phases      ] GC(8)   StringTable Weak               Min:  0.0, Avg:  0.0, Max:  0.0, Diff:  0.0, Sum:  0.0, Workers: 6
[2.887s][debug  ][gc,phases      ] GC(8)     Dead                           Min: 0, Avg:  0.0, Max: 0, Diff: 0, Sum: 0, Workers: 6
[2.887s][debug  ][gc,phases      ] GC(8)     Total                          Min: 576, Avg: 891.8, Max: 1024, Diff: 448, Sum: 5351, Workers: 6
[2.887s][debug  ][gc,phases      ] GC(8)   ResolvedMethodTable Weak       Min:  0.0, Avg:  0.0, Max:  0.0, Diff:  0.0, Sum:  0.0, Workers: 6
[2.887s][debug  ][gc,phases      ] GC(8)     Dead                           Min: 0, Avg:  0.0, Max: 0, Diff: 0, Sum: 0, Workers: 6
[2.887s][debug  ][gc,phases      ] GC(8)     Total                          Min: 0, Avg: 21.7, Max: 64, Diff: 64, Sum: 130, Workers: 6
[2.888s][debug  ][gc,phases      ] GC(8)   JNI Weak                       Min:  0.0, Avg:  0.0, Max:  0.0, Diff:  0.0, Sum:  0.0, Workers: 6
[2.888s][debug  ][gc,phases      ] GC(8)     Dead                           Min: 0, Avg:  0.0, Max: 0, Diff: 0, Sum: 0, Workers: 6
[2.888s][debug  ][gc,phases      ] GC(8)     Total                          Min: 0, Avg:  0.0, Max: 0, Diff: 0, Sum: 0, Workers: 6
[2.888s][debug  ][gc,phases      ] GC(8)   StringDedup Table Weak         Min:  0.0, Avg:  0.0, Max:  0.0, Diff:  0.0, Sum:  0.0, Workers: 6
[2.888s][debug  ][gc,phases      ] GC(8)     Dead                           Min: 0, Avg:  0.0, Max: 0, Diff: 0, Sum: 0, Workers: 6
[2.888s][debug  ][gc,phases      ] GC(8)     Total                          Min: 0, Avg:  0.0, Max: 0, Diff: 0, Sum: 0, Workers: 6
[2.888s][debug  ][gc,phases      ] GC(8)   StringDedup Requests0 Weak     Min:  0.0, Avg:  0.0, Max:  0.0, Diff:  0.0, Sum:  0.0, Workers: 6
[2.888s][debug  ][gc,phases      ] GC(8)     Dead                           Min: 0, Avg:  0.0, Max: 0, Diff: 0, Sum: 0, Workers: 6
[2.888s][debug  ][gc,phases      ] GC(8)     Total                          Min: 0, Avg:  0.0, Max: 0, Diff: 0, Sum: 0, Workers: 6
[2.888s][debug  ][gc,phases      ] GC(8)   StringDedup Requests1 Weak     Min:  0.0, Avg:  0.0, Max:  0.0, Diff:  0.0, Sum:  0.0, Workers: 6
[2.888s][debug  ][gc,phases      ] GC(8)     Dead                           Min: 0, Avg:  0.0, Max: 0, Diff: 0, Sum: 0, Workers: 6
[2.888s][debug  ][gc,phases      ] GC(8)     Total                          Min: 0, Avg:  0.0, Max: 0, Diff: 0, Sum: 0, Workers: 6
[2.888s][debug  ][gc,phases      ] GC(8)   Weak JFR Old Object Samples    Min:  0.0, Avg:  0.0, Max:  0.0, Diff:  0.0, Sum:  0.0, Workers: 6
[2.888s][debug  ][gc,phases      ] GC(8)     Dead                           Min: 0, Avg:  0.0, Max: 0, Diff: 0, Sum: 0, Workers: 6
[2.888s][debug  ][gc,phases      ] GC(8)     Total                          Min: 0, Avg:  0.0, Max: 0, Diff: 0, Sum: 0, Workers: 6
[2.888s][debug  ][gc,phases      ] GC(8) Weak Processing 0.840ms
[2.888s][debug  ][gc,ergo        ] GC(8) AdaptiveSizeStart:  collection: 9 
[2.888s][debug  ][gc,ergo        ] GC(8) avg_survived_padded_avg: 33599560.000000
[2.888s][debug  ][gc,ergo        ] GC(8) avg_promoted_padded_avg: 247499648.000000  avg_pretenured_padded_avg: 0.000000  tenuring_thresh: 2  target_size: 34078720
[2.888s][debug  ][gc,age         ] GC(8) Desired survivor size 34078720 bytes, new threshold 2 (max threshold 15)
[2.888s][debug  ][gc,ergo        ] GC(8) PSAdaptiveSizePolicy::compute_eden_space_size limits: desired_eden_size: 322437120 old_eden_size: 201326592 eden_limit: 201326592 cur_eden: 201326592 max_eden_size: 201326592 avg_young_live: 32471640
[2.888s][debug  ][gc,ergo        ] GC(8) PSAdaptiveSizePolicy::compute_eden_space_size: costs minor_time: 0.070945 major_cost: 0.000000 mutator_cost: 0.929055 throughput_goal: 0.990000
[2.888s][debug  ][gc,ergo        ] GC(8) Live_space: 300907104 free_space: 402653184
[2.888s][debug  ][gc,ergo        ] GC(8) Old eden_size: 201326592 desired_eden_size: 201326592
[2.888s][debug  ][gc,ergo        ] GC(8) AdaptiveSizeStop: collection: 9 
[2.888s][info   ][gc,heap        ] GC(8) PSYoungGen: 219162K(229376K)->30720K(227840K) Eden: 188154K(196608K)->0K(196608K) From: 31008K(32768K)->30720K(31232K)
[2.888s][info   ][gc,heap        ] GC(8) ParOldGen: 1291695K(1835008K)->1476298K(1835008K)
[2.888s][info   ][gc,metaspace   ] GC(8) Metaspace: 1017K(1152K)->1017K(1152K) NonClass: 933K(960K)->933K(960K) Class: 83K(192K)->83K(192K)
[2.888s][info   ][gc             ] GC(8) Pause Young (Allocation Failure) 1475M->1471M(2014M) 27.151ms
[2.888s][info   ][gc,cpu         ] GC(8) User=0.12s Sys=0.05s Real=0.03s
[2.888s][debug  ][gc,heap        ] GC(8) Heap after GC invocations=9 (full 0):
[2.888s][debug  ][gc,heap        ] GC(8)  PSYoungGen      total 227840K, used 30720K [0x00000000f0000000, 0x0000000100000000, 0x0000000100000000)
[2.888s][debug  ][gc,heap        ] GC(8)   eden space 196608K, 0% used [0x00000000f0000000,0x00000000f0000000,0x00000000fc000000)
[2.888s][debug  ][gc,heap        ] GC(8)   from space 31232K, 98% used [0x00000000fc000000,0x00000000fde00030,0x00000000fde80000)
[2.888s][debug  ][gc,heap        ] GC(8)   to   space 33280K, 0% used [0x00000000fdf80000,0x00000000fdf80000,0x0000000100000000)
[2.888s][debug  ][gc,heap        ] GC(8)  ParOldGen       total 1835008K, used 1476298K [0x0000000080000000, 0x00000000f0000000, 0x00000000f0000000)
[2.888s][debug  ][gc,heap        ] GC(8)   object space 1835008K, 80% used [0x0000000080000000,0x00000000da1b2a88,0x00000000f0000000)
[2.888s][debug  ][gc,heap        ] GC(8)  Metaspace       used 1017K, committed 1152K, reserved 1056768K
[2.888s][debug  ][gc,heap        ] GC(8)   class space    used 83K, committed 192K, reserved 1048576K
[2.888s][debug  ][gc,task,time   ] GC(8) VM-Thread 28606488 28864503 28884891
[3.180s][debug  ][gc,heap        ] GC(9) Heap before GC invocations=10 (full 0):
[3.180s][debug  ][gc,heap        ] GC(9)  PSYoungGen      total 227840K, used 218880K [0x00000000f0000000, 0x0000000100000000, 0x0000000100000000)
[3.180s][debug  ][gc,heap        ] GC(9)   eden space 196608K, 95% used [0x00000000f0000000,0x00000000fb7c02d8,0x00000000fc000000)
[3.180s][debug  ][gc,heap        ] GC(9)   from space 31232K, 98% used [0x00000000fc000000,0x00000000fde00030,0x00000000fde80000)
[3.180s][debug  ][gc,heap        ] GC(9)   to   space 33280K, 0% used [0x00000000fdf80000,0x00000000fdf80000,0x0000000100000000)
[3.180s][debug  ][gc,heap        ] GC(9)  ParOldGen       total 1835008K, used 1476298K [0x0000000080000000, 0x00000000f0000000, 0x00000000f0000000)
[3.180s][debug  ][gc,heap        ] GC(9)   object space 1835008K, 80% used [0x0000000080000000,0x00000000da1b2a88,0x00000000f0000000)
[3.180s][debug  ][gc,heap        ] GC(9)  Metaspace       used 1017K, committed 1152K, reserved 1056768K
[3.180s][debug  ][gc,heap        ] GC(9)   class space    used 83K, committed 192K, reserved 1048576K
[3.180s][debug  ][gc,tlab        ] GC(9) TLAB totals: thrds: 1  refills: 1 max: 1 slow allocs: 17 max 17 waste: 27.3% gc: 3932600B max: 3932600B slow: 0B max: 0B
[3.180s][info   ][gc,start       ] GC(9) Pause Young (Allocation Failure)
[3.180s][debug  ][gc,phases,start] GC(9) Scavenge
[3.203s][debug  ][gc,phases      ] GC(9) Scavenge 22.486ms
[3.203s][debug  ][gc,phases,start] GC(9) Reference Processing
[3.203s][debug  ][gc,ref         ] GC(9) Skipped phase 1 of Reference Processing: no references
[3.203s][debug  ][gc,ref         ] GC(9) Skipped phase 2 of Reference Processing: no references
[3.203s][debug  ][gc,ref         ] GC(9) Skipped phase 3 of Reference Processing: no references
[3.203s][debug  ][gc,ref         ] GC(9) Skipped phase 4 of Reference Processing: no references
[3.203s][debug  ][gc,phases,ref  ] GC(9) Reference Processing: 0.1ms
[3.203s][debug  ][gc,phases,ref  ] GC(9)   Reconsider SoftReferences: 0.0ms
[3.203s][debug  ][gc,phases,ref  ] GC(9)     SoftRef (ms):                  skipped
[3.203s][debug  ][gc,phases,ref  ] GC(9)   Notify Soft/WeakReferences: 0.0ms
[3.203s][debug  ][gc,phases,ref  ] GC(9)     SoftRef (ms):                  skipped
[3.203s][debug  ][gc,phases,ref  ] GC(9)     WeakRef (ms):                  skipped
[3.203s][debug  ][gc,phases,ref  ] GC(9)     FinalRef (ms):                 skipped
[3.203s][debug  ][gc,phases,ref  ] GC(9)     Total (ms):                    skipped
[3.203s][debug  ][gc,phases,ref  ] GC(9)   Notify and keep alive finalizable: 0.0ms
[3.203s][debug  ][gc,phases,ref  ] GC(9)     FinalRef (ms):                 skipped
[3.203s][debug  ][gc,phases,ref  ] GC(9)   Notify PhantomReferences: 0.0ms
[3.203s][debug  ][gc,phases,ref  ] GC(9)     PhantomRef (ms):               skipped
[3.203s][debug  ][gc,phases,ref  ] GC(9)   SoftReference:
[3.203s][debug  ][gc,phases,ref  ] GC(9)     Discovered: 0
[3.203s][debug  ][gc,phases,ref  ] GC(9)     Cleared: 0
[3.203s][debug  ][gc,phases,ref  ] GC(9)   WeakReference:
[3.203s][debug  ][gc,phases,ref  ] GC(9)     Discovered: 0
[3.203s][debug  ][gc,phases,ref  ] GC(9)     Cleared: 0
[3.203s][debug  ][gc,phases,ref  ] GC(9)   FinalReference:
[3.203s][debug  ][gc,phases,ref  ] GC(9)     Discovered: 0
[3.203s][debug  ][gc,phases,ref  ] GC(9)     Cleared: 0
[3.203s][debug  ][gc,phases,ref  ] GC(9)   PhantomReference:
[3.203s][debug  ][gc,phases,ref  ] GC(9)     Discovered: 0
[3.203s][debug  ][gc,phases,ref  ] GC(9)     Cleared: 0
[3.203s][debug  ][gc,phases      ] GC(9) Reference Processing 0.576ms
[3.203s][debug  ][gc,phases,start] GC(9) Weak Processing
[3.203s][debug  ][gc,phases      ] GC(9)   VM Weak                        Min:  0.0, Avg:  0.0, Max:  0.0, Diff:  0.0, Sum:  0.0, Workers: 6
[3.203s][debug  ][gc,phases      ] GC(9)     Dead                           Min: 0, Avg:  0.0, Max: 0, Diff: 0, Sum: 0, Workers: 6
[3.204s][debug  ][gc,phases      ] GC(9)     Total                          Min: 0, Avg:  1.3, Max: 8, Diff: 8, Sum: 8, Workers: 6
[3.204s][debug  ][gc,phases      ] GC(9)   ObjectSynchronizer Weak        Min:  0.0, Avg:  0.0, Max:  0.0, Diff:  0.0, Sum:  0.0, Workers: 6
[3.204s][debug  ][gc,phases      ] GC(9)     Dead                           Min: 0, Avg:  0.0, Max: 0, Diff: 0, Sum: 0, Workers: 6
[3.204s][debug  ][gc,phases      ] GC(9)     Total                          Min: 0, Avg:  0.5, Max: 3, Diff: 3, Sum: 3, Workers: 6
[3.204s][debug  ][gc,phases      ] GC(9)   JVMTI Tag Weak OopStorage      Min:  0.0, Avg:  0.0, Max:  0.0, Diff:  0.0, Sum:  0.0, Workers: 6
[3.204s][debug  ][gc,phases      ] GC(9)     Dead                           Min: 0, Avg:  0.0, Max: 0, Diff: 0, Sum: 0, Workers: 6
[3.204s][debug  ][gc,phases      ] GC(9)     Total                          Min: 0, Avg:  0.0, Max: 0, Diff: 0, Sum: 0, Workers: 6
[3.204s][debug  ][gc,phases      ] GC(9)   StringTable Weak               Min:  0.0, Avg:  0.0, Max:  0.0, Diff:  0.0, Sum:  0.0, Workers: 6
[3.204s][debug  ][gc,phases      ] GC(9)     Dead                           Min: 0, Avg:  0.0, Max: 0, Diff: 0, Sum: 0, Workers: 6
[3.204s][debug  ][gc,phases      ] GC(9)     Total                          Min: 768, Avg: 891.8, Max: 1024, Diff: 256, Sum: 5351, Workers: 6
[3.204s][debug  ][gc,phases      ] GC(9)   ResolvedMethodTable Weak       Min:  0.0, Avg:  0.0, Max:  0.0, Diff:  0.0, Sum:  0.0, Workers: 6
[3.204s][debug  ][gc,phases      ] GC(9)     Dead                           Min: 0, Avg:  0.0, Max: 0, Diff: 0, Sum: 0, Workers: 6
[3.204s][debug  ][gc,phases      ] GC(9)     Total                          Min: 0, Avg: 21.7, Max: 64, Diff: 64, Sum: 130, Workers: 6
[3.204s][debug  ][gc,phases      ] GC(9)   JNI Weak                       Min:  0.0, Avg:  0.0, Max:  0.0, Diff:  0.0, Sum:  0.0, Workers: 6
[3.204s][debug  ][gc,phases      ] GC(9)     Dead                           Min: 0, Avg:  0.0, Max: 0, Diff: 0, Sum: 0, Workers: 6
[3.204s][debug  ][gc,phases      ] GC(9)     Total                          Min: 0, Avg:  0.0, Max: 0, Diff: 0, Sum: 0, Workers: 6
[3.204s][debug  ][gc,phases      ] GC(9)   StringDedup Table Weak         Min:  0.0, Avg:  0.0, Max:  0.0, Diff:  0.0, Sum:  0.0, Workers: 6
[3.204s][debug  ][gc,phases      ] GC(9)     Dead                           Min: 0, Avg:  0.0, Max: 0, Diff: 0, Sum: 0, Workers: 6
[3.204s][debug  ][gc,phases      ] GC(9)     Total                          Min: 0, Avg:  0.0, Max: 0, Diff: 0, Sum: 0, Workers: 6
[3.204s][debug  ][gc,phases      ] GC(9)   StringDedup Requests0 Weak     Min:  0.0, Avg:  0.0, Max:  0.0, Diff:  0.0, Sum:  0.0, Workers: 6
[3.204s][debug  ][gc,phases      ] GC(9)     Dead                           Min: 0, Avg:  0.0, Max: 0, Diff: 0, Sum: 0, Workers: 6
[3.204s][debug  ][gc,phases      ] GC(9)     Total                          Min: 0, Avg:  0.0, Max: 0, Diff: 0, Sum: 0, Workers: 6
[3.204s][debug  ][gc,phases      ] GC(9)   StringDedup Requests1 Weak     Min:  0.0, Avg:  0.0, Max:  0.0, Diff:  0.0, Sum:  0.0, Workers: 6
[3.204s][debug  ][gc,phases      ] GC(9)     Dead                           Min: 0, Avg:  0.0, Max: 0, Diff: 0, Sum: 0, Workers: 6
[3.204s][debug  ][gc,phases      ] GC(9)     Total                          Min: 0, Avg:  0.0, Max: 0, Diff: 0, Sum: 0, Workers: 6
[3.204s][debug  ][gc,phases      ] GC(9)   Weak JFR Old Object Samples    Min:  0.0, Avg:  0.0, Max:  0.0, Diff:  0.0, Sum:  0.0, Workers: 6
[3.204s][debug  ][gc,phases      ] GC(9)     Dead                           Min: 0, Avg:  0.0, Max: 0, Diff: 0, Sum: 0, Workers: 6
[3.204s][debug  ][gc,phases      ] GC(9)     Total                          Min: 0, Avg:  0.0, Max: 0, Diff: 0, Sum: 0, Workers: 6
[3.204s][debug  ][gc,phases      ] GC(9) Weak Processing 0.682ms
[3.204s][debug  ][gc,ergo        ] GC(9) AdaptiveSizeStart:  collection: 10 
[3.204s][debug  ][gc,ergo        ] GC(9) avg_survived_padded_avg: 33659200.000000
[3.204s][debug  ][gc,ergo        ] GC(9) avg_promoted_padded_avg: 247131200.000000  avg_pretenured_padded_avg: 0.000000  tenuring_thresh: 1  target_size: 34078720
[3.204s][debug  ][gc,age         ] GC(9) Desired survivor size 34078720 bytes, new threshold 1 (max threshold 15)
[3.204s][debug  ][gc,ergo        ] GC(9) PSAdaptiveSizePolicy::compute_eden_space_size limits: desired_eden_size: 322437120 old_eden_size: 201326592 eden_limit: 202375168 cur_eden: 201326592 max_eden_size: 202375168 avg_young_live: 32370208
[3.204s][debug  ][gc,ergo        ] GC(9) PSAdaptiveSizePolicy::compute_eden_space_size: costs minor_time: 0.072073 major_cost: 0.000000 mutator_cost: 0.927927 throughput_goal: 0.990000
[3.204s][debug  ][gc,ergo        ] GC(9) Live_space: 300805664 free_space: 402653184
[3.204s][debug  ][gc,ergo        ] GC(9) Old eden_size: 201326592 desired_eden_size: 202375168
[3.204s][debug  ][gc,ergo        ] GC(9) AdaptiveSizeStop: collection: 10 
[3.204s][info   ][gc,heap        ] GC(9) PSYoungGen: 218880K(227840K)->30720K(228864K) Eden: 188160K(196608K)->0K(195584K) From: 30720K(31232K)->30720K(33280K)
[3.204s][info   ][gc,heap        ] GC(9) ParOldGen: 1476298K(1835008K)->1660618K(1835008K)
[3.204s][info   ][gc,metaspace   ] GC(9) Metaspace: 1017K(1152K)->1017K(1152K) NonClass: 933K(960K)->933K(960K) Class: 83K(192K)->83K(192K)
[3.204s][info   ][gc             ] GC(9) Pause Young (Allocation Failure) 1655M->1651M(2015M) 24.172ms
[3.204s][info   ][gc,cpu         ] GC(9) User=0.05s Sys=0.05s Real=0.02s
[3.204s][debug  ][gc,heap        ] GC(9) Heap after GC invocations=10 (full 0):
[3.204s][debug  ][gc,heap        ] GC(9)  PSYoungGen      total 228864K, used 30720K [0x00000000f0000000, 0x0000000100000000, 0x0000000100000000)
[3.204s][debug  ][gc,heap        ] GC(9)   eden space 195584K, 0% used [0x00000000f0000000,0x00000000f0000000,0x00000000fbf00000)
[3.204s][debug  ][gc,heap        ] GC(9)   from space 33280K, 92% used [0x00000000fdf80000,0x00000000ffd80030,0x0000000100000000)
[3.204s][debug  ][gc,heap        ] GC(9)   to   space 33280K, 0% used [0x00000000fbf00000,0x00000000fbf00000,0x00000000fdf80000)
[3.205s][debug  ][gc,heap        ] GC(9)  ParOldGen       total 1835008K, used 1660618K [0x0000000080000000, 0x00000000f0000000, 0x00000000f0000000)
[3.205s][debug  ][gc,heap        ] GC(9)   object space 1835008K, 90% used [0x0000000080000000,0x00000000e55b2ba8,0x00000000f0000000)
[3.205s][debug  ][gc,heap        ] GC(9)  Metaspace       used 1017K, committed 1152K, reserved 1056768K
[3.205s][debug  ][gc,heap        ] GC(9)   class space    used 83K, committed 192K, reserved 1048576K
[3.205s][debug  ][gc,task,time   ] GC(9) VM-Thread 31797633 32028034 32046019
[3.205s][debug  ][gc,phases,start] GC(10) Pre Compact
[3.205s][debug  ][gc,heap        ] GC(10) Heap before GC invocations=11 (full 1):
[3.205s][debug  ][gc,heap        ] GC(10)  PSYoungGen      total 228864K, used 30720K [0x00000000f0000000, 0x0000000100000000, 0x0000000100000000)
[3.205s][debug  ][gc,heap        ] GC(10)   eden space 195584K, 0% used [0x00000000f0000000,0x00000000f0000000,0x00000000fbf00000)
[3.205s][debug  ][gc,heap        ] GC(10)   from space 33280K, 92% used [0x00000000fdf80000,0x00000000ffd80030,0x0000000100000000)
[3.205s][debug  ][gc,heap        ] GC(10)   to   space 33280K, 0% used [0x00000000fbf00000,0x00000000fbf00000,0x00000000fdf80000)
[3.205s][debug  ][gc,heap        ] GC(10)  ParOldGen       total 1835008K, used 1660618K [0x0000000080000000, 0x00000000f0000000, 0x00000000f0000000)
[3.205s][debug  ][gc,heap        ] GC(10)   object space 1835008K, 90% used [0x0000000080000000,0x00000000e55b2ba8,0x00000000f0000000)
[3.205s][debug  ][gc,heap        ] GC(10)  Metaspace       used 1017K, committed 1152K, reserved 1056768K
[3.205s][debug  ][gc,heap        ] GC(10)   class space    used 83K, committed 192K, reserved 1048576K
[3.205s][debug  ][gc,phases      ] GC(10) Pre Compact 0.203ms
[3.205s][info   ][gc,start       ] GC(10) Pause Full (Ergonomics)
[3.205s][info   ][gc,phases,start] GC(10) Marking Phase
[3.205s][debug  ][gc,phases,start] GC(10) Par Mark
[3.205s][debug  ][gc,phases      ] GC(10) Par Mark 0.535ms
[3.205s][debug  ][gc,phases,start] GC(10) Reference Processing
[3.205s][debug  ][gc,ref         ] GC(10) Skipped phase 1 of Reference Processing: no references
[3.206s][debug  ][gc,ref         ] GC(10) ReferenceProcessor::execute queues: 1, RefProcThreadModel::Single, marks_oops_alive: false
[3.206s][debug  ][gc,ref         ] GC(10) Skipped phase 3 of Reference Processing: no references
[3.206s][debug  ][gc,ref         ] GC(10) ReferenceProcessor::execute queues: 1, RefProcThreadModel::Single, marks_oops_alive: false
[3.206s][debug  ][gc,phases,ref  ] GC(10) Reference Processing: 0.1ms
[3.206s][debug  ][gc,phases,ref  ] GC(10)   Reconsider SoftReferences: 0.0ms
[3.206s][debug  ][gc,phases,ref  ] GC(10)     SoftRef (ms):                  skipped
[3.206s][debug  ][gc,phases,ref  ] GC(10)   Notify Soft/WeakReferences: 0.0ms
[3.206s][debug  ][gc,phases,ref  ] GC(10)     SoftRef (ms):                  Min:  0.0, Avg:  0.0, Max:  0.0, Diff:  0.0, Sum:  0.0, Workers: 6
[3.206s][debug  ][gc,phases,ref  ] GC(10)     WeakRef (ms):                  Min:  0.0, Avg:  0.0, Max:  0.0, Diff:  0.0, Sum:  0.0, Workers: 6
[3.206s][debug  ][gc,phases,ref  ] GC(10)     FinalRef (ms):                 Min:  0.0, Avg:  0.0, Max:  0.0, Diff:  0.0, Sum:  0.0, Workers: 6
[3.206s][debug  ][gc,phases,ref  ] GC(10)     Total (ms):                    Min:  0.0, Avg:  0.0, Max:  0.0, Diff:  0.0, Sum:  0.0, Workers: 6
[3.206s][debug  ][gc,phases,ref  ] GC(10)   Notify and keep alive finalizable: 0.0ms
[3.206s][debug  ][gc,phases,ref  ] GC(10)     FinalRef (ms):                 skipped
[3.206s][debug  ][gc,phases,ref  ] GC(10)   Notify PhantomReferences: 0.0ms
[3.206s][debug  ][gc,phases,ref  ] GC(10)     PhantomRef (ms):               Min:  0.0, Avg:  0.0, Max:  0.0, Diff:  0.0, Sum:  0.0, Workers: 6
[3.206s][debug  ][gc,phases,ref  ] GC(10)   SoftReference:
[3.206s][debug  ][gc,phases,ref  ] GC(10)     Discovered: 0
[3.206s][debug  ][gc,phases,ref  ] GC(10)     Cleared: 0
[3.206s][debug  ][gc,phases,ref  ] GC(10)   WeakReference:
[3.206s][debug  ][gc,phases,ref  ] GC(10)     Discovered: 108
[3.206s][debug  ][gc,phases,ref  ] GC(10)     Cleared: 108
[3.206s][debug  ][gc,phases,ref  ] GC(10)   FinalReference:
[3.206s][debug  ][gc,phases,ref  ] GC(10)     Discovered: 0
[3.206s][debug  ][gc,phases,ref  ] GC(10)     Cleared: 0
[3.206s][debug  ][gc,phases,ref  ] GC(10)   PhantomReference:
[3.206s][debug  ][gc,phases,ref  ] GC(10)     Discovered: 3
[3.206s][debug  ][gc,phases,ref  ] GC(10)     Cleared: 3
[3.206s][debug  ][gc,phases      ] GC(10) Reference Processing 0.678ms
[3.206s][debug  ][gc,phases,start] GC(10) Weak Processing
[3.206s][debug  ][gc,phases      ] GC(10)   VM Weak                        Min:  0.0, Avg:  0.0, Max:  0.0, Diff:  0.0, Sum:  0.0, Workers: 6
[3.206s][debug  ][gc,phases      ] GC(10)     Dead                           Min: 0, Avg:  0.0, Max: 0, Diff: 0, Sum: 0, Workers: 6
[3.206s][debug  ][gc,phases      ] GC(10)     Total                          Min: 0, Avg:  1.3, Max: 8, Diff: 8, Sum: 8, Workers: 6
[3.206s][debug  ][gc,phases      ] GC(10)   ObjectSynchronizer Weak        Min:  0.0, Avg:  0.0, Max:  0.0, Diff:  0.0, Sum:  0.0, Workers: 6
[3.206s][debug  ][gc,phases      ] GC(10)     Dead                           Min: 0, Avg:  0.0, Max: 0, Diff: 0, Sum: 0, Workers: 6
[3.206s][debug  ][gc,phases      ] GC(10)     Total                          Min: 0, Avg:  0.5, Max: 3, Diff: 3, Sum: 3, Workers: 6
[3.206s][debug  ][gc,phases      ] GC(10)   JVMTI Tag Weak OopStorage      Min:  0.0, Avg:  0.0, Max:  0.0, Diff:  0.0, Sum:  0.0, Workers: 6
[3.206s][debug  ][gc,phases      ] GC(10)     Dead                           Min: 0, Avg:  0.0, Max: 0, Diff: 0, Sum: 0, Workers: 6
[3.206s][debug  ][gc,phases      ] GC(10)     Total                          Min: 0, Avg:  0.0, Max: 0, Diff: 0, Sum: 0, Workers: 6
[3.206s][debug  ][gc,phases      ] GC(10)   StringTable Weak               Min:  0.0, Avg:  0.0, Max:  0.0, Diff:  0.0, Sum:  0.0, Workers: 6
[3.206s][debug  ][gc,phases      ] GC(10)     Dead                           Min: 0, Avg:  0.0, Max: 0, Diff: 0, Sum: 0, Workers: 6
[3.206s][debug  ][gc,phases      ] GC(10)     Total                          Min: 576, Avg: 891.8, Max: 1088, Diff: 512, Sum: 5351, Workers: 6
[3.206s][debug  ][gc,phases      ] GC(10)   ResolvedMethodTable Weak       Min:  0.0, Avg:  0.0, Max:  0.0, Diff:  0.0, Sum:  0.0, Workers: 6
[3.206s][debug  ][gc,phases      ] GC(10)     Dead                           Min: 0, Avg:  0.0, Max: 0, Diff: 0, Sum: 0, Workers: 6
[3.206s][debug  ][gc,phases      ] GC(10)     Total                          Min: 0, Avg: 21.7, Max: 64, Diff: 64, Sum: 130, Workers: 6
[3.207s][debug  ][gc,phases      ] GC(10)   JNI Weak                       Min:  0.0, Avg:  0.0, Max:  0.0, Diff:  0.0, Sum:  0.0, Workers: 6
[3.207s][debug  ][gc,phases      ] GC(10)     Dead                           Min: 0, Avg:  0.0, Max: 0, Diff: 0, Sum: 0, Workers: 6
[3.207s][debug  ][gc,phases      ] GC(10)     Total                          Min: 0, Avg:  0.0, Max: 0, Diff: 0, Sum: 0, Workers: 6
[3.207s][debug  ][gc,phases      ] GC(10)   StringDedup Table Weak         Min:  0.0, Avg:  0.0, Max:  0.0, Diff:  0.0, Sum:  0.0, Workers: 6
[3.207s][debug  ][gc,phases      ] GC(10)     Dead                           Min: 0, Avg:  0.0, Max: 0, Diff: 0, Sum: 0, Workers: 6
[3.207s][debug  ][gc,phases      ] GC(10)     Total                          Min: 0, Avg:  0.0, Max: 0, Diff: 0, Sum: 0, Workers: 6
[3.207s][debug  ][gc,phases      ] GC(10)   StringDedup Requests0 Weak     Min:  0.0, Avg:  0.0, Max:  0.0, Diff:  0.0, Sum:  0.0, Workers: 6
[3.207s][debug  ][gc,phases      ] GC(10)     Dead                           Min: 0, Avg:  0.0, Max: 0, Diff: 0, Sum: 0, Workers: 6
[3.207s][debug  ][gc,phases      ] GC(10)     Total                          Min: 0, Avg:  0.0, Max: 0, Diff: 0, Sum: 0, Workers: 6
[3.207s][debug  ][gc,phases      ] GC(10)   StringDedup Requests1 Weak     Min:  0.0, Avg:  0.0, Max:  0.0, Diff:  0.0, Sum:  0.0, Workers: 6
[3.207s][debug  ][gc,phases      ] GC(10)     Dead                           Min: 0, Avg:  0.0, Max: 0, Diff: 0, Sum: 0, Workers: 6
[3.207s][debug  ][gc,phases      ] GC(10)     Total                          Min: 0, Avg:  0.0, Max: 0, Diff: 0, Sum: 0, Workers: 6
[3.207s][debug  ][gc,phases      ] GC(10)   Weak JFR Old Object Samples    Min:  0.0, Avg:  0.0, Max:  0.0, Diff:  0.0, Sum:  0.0, Workers: 6
[3.207s][debug  ][gc,phases      ] GC(10)     Dead                           Min: 0, Avg:  0.0, Max: 0, Diff: 0, Sum: 0, Workers: 6
[3.207s][debug  ][gc,phases      ] GC(10)     Total                          Min: 0, Avg:  0.0, Max: 0, Diff: 0, Sum: 0, Workers: 6
[3.207s][debug  ][gc,phases      ] GC(10) Weak Processing 0.655ms
[3.207s][debug  ][gc,phases,start] GC(10) Class Unloading
[3.207s][debug  ][gc,phases,start] GC(10) ClassLoaderData
[3.207s][debug  ][gc,phases      ] GC(10) ClassLoaderData 0.021ms
[3.207s][debug  ][gc,phases,start] GC(10) Trigger cleanups
[3.207s][debug  ][gc,phases      ] GC(10) Trigger cleanups 0.018ms
[3.207s][debug  ][gc,phases      ] GC(10) Class Unloading 0.258ms
[3.207s][info   ][gc,phases      ] GC(10) Marking Phase 2.244ms
[3.207s][info   ][gc,phases,start] GC(10) Summary Phase
[3.207s][info   ][gc,phases      ] GC(10) Summary Phase 0.043ms
[3.207s][info   ][gc,phases,start] GC(10) Adjust Roots
[3.208s][info   ][gc,phases      ] GC(10) Adjust Roots 0.337ms
[3.208s][info   ][gc,phases,start] GC(10) Compaction Phase
[3.293s][info   ][gc,phases      ] GC(10) Compaction Phase 85.182ms
[3.293s][info   ][gc,phases,start] GC(10) Post Compact
[3.305s][info   ][gc,phases      ] GC(10) Post Compact 12.439ms
[3.305s][debug  ][gc,ergo        ] GC(10) AdaptiveSizeStart: collection: 11 
[3.305s][debug  ][gc,ergo        ] GC(10) PSAdaptiveSizePolicy::compute_eden_space_size limits: desired_eden_size: 284951909 old_eden_size: 202375168 eden_limit: 200278016 cur_eden: 200278016 max_eden_size: 200278016 avg_young_live: 29133186
[3.305s][debug  ][gc,ergo        ] GC(10) PSAdaptiveSizePolicy::compute_eden_space_size: costs minor_time: 0.072073 major_cost: 0.030568 mutator_cost: 0.897359 throughput_goal: 0.990000
[3.305s][debug  ][gc,ergo        ] GC(10) Live_space: 297568640 free_space: 403701760
[3.305s][debug  ][gc,ergo        ] GC(10) Old eden_size: 202375168 desired_eden_size: 200278016
[3.305s][debug  ][gc,ergo        ] GC(10) PSAdaptiveSizePolicy::compute_old_gen_free_space: costs minor_time: 0.072073 major_cost: 0.030568  mutator_cost: 0.897359 throughput_goal: 0.990000
[3.305s][debug  ][gc,ergo        ] GC(10) Live_space: 1127618944 free_space: 401604608
[3.306s][debug  ][gc,ergo        ] GC(10) Old promo_size: 201326592 desired_promo_size: 261619712
[3.323s][debug  ][gc             ] GC(10) Shrinking ParOldGen from 1835008K by 527360K to 1307648K
[3.323s][debug  ][gc,ergo        ] GC(10) AdaptiveSizeStop: collection: 11 
[3.323s][info   ][gc,heap        ] GC(10) PSYoungGen: 30720K(228864K)->0K(228864K) Eden: 0K(195584K)->0K(195584K) From: 30720K(33280K)->0K(33280K)
[3.324s][info   ][gc,heap        ] GC(10) ParOldGen: 1660618K(1835008K)->810596K(1307648K)
[3.324s][info   ][gc,metaspace   ] GC(10) Metaspace: 1017K(1152K)->1017K(1152K) NonClass: 933K(960K)->933K(960K) Class: 83K(192K)->83K(192K)
[3.324s][info   ][gc             ] GC(10) Pause Full (Ergonomics) 1651M->791M(1500M) 118.715ms
[3.324s][info   ][gc,cpu         ] GC(10) User=0.48s Sys=0.03s Real=0.12s
[3.324s][debug  ][gc,heap        ] GC(10) Heap after GC invocations=11 (full 1):
[3.324s][debug  ][gc,heap        ] GC(10)  PSYoungGen      total 228864K, used 0K [0x00000000f0000000, 0x0000000100000000, 0x0000000100000000)
[3.324s][debug  ][gc,heap        ] GC(10)   eden space 195584K, 0% used [0x00000000f0000000,0x00000000f0000000,0x00000000fbf00000)
[3.324s][debug  ][gc,heap        ] GC(10)   from space 33280K, 0% used [0x00000000fbf00000,0x00000000fbf00000,0x00000000fdf80000)
[3.324s][debug  ][gc,heap        ] GC(10)   to   space 33280K, 0% used [0x00000000fdf80000,0x00000000fdf80000,0x0000000100000000)
[3.324s][debug  ][gc,heap        ] GC(10)  ParOldGen       total 1307648K, used 810596K [0x0000000080000000, 0x00000000cfd00000, 0x00000000f0000000)
[3.324s][debug  ][gc,heap        ] GC(10)   object space 1307648K, 61% used [0x0000000080000000,0x00000000b1799008,0x00000000cfd00000)
[3.324s][debug  ][gc,heap        ] GC(10)  Metaspace       used 1017K, committed 1152K, reserved 1056768K
[3.324s][debug  ][gc,heap        ] GC(10)   class space    used 83K, committed 192K, reserved 1048576K
[3.324s][debug  ][gc,task,time   ] GC(10) VM-Thread 32048729 32075866 33236216
[3.610s][debug  ][gc,heap        ] GC(11) Heap before GC invocations=12 (full 1):
[3.610s][debug  ][gc,heap        ] GC(11)  PSYoungGen      total 228864K, used 188144K [0x00000000f0000000, 0x0000000100000000, 0x0000000100000000)
[3.610s][debug  ][gc,heap        ] GC(11)   eden space 195584K, 96% used [0x00000000f0000000,0x00000000fb7bc2d0,0x00000000fbf00000)
[3.610s][debug  ][gc,heap        ] GC(11)   from space 33280K, 0% used [0x00000000fbf00000,0x00000000fbf00000,0x00000000fdf80000)
[3.610s][debug  ][gc,heap        ] GC(11)   to   space 33280K, 0% used [0x00000000fdf80000,0x00000000fdf80000,0x0000000100000000)
[3.610s][debug  ][gc,heap        ] GC(11)  ParOldGen       total 1307648K, used 810596K [0x0000000080000000, 0x00000000cfd00000, 0x00000000f0000000)
[3.610s][debug  ][gc,heap        ] GC(11)   object space 1307648K, 61% used [0x0000000080000000,0x00000000b1799008,0x00000000cfd00000)
[3.610s][debug  ][gc,heap        ] GC(11)  Metaspace       used 1019K, committed 1152K, reserved 1056768K
[3.610s][debug  ][gc,heap        ] GC(11)   class space    used 83K, committed 192K, reserved 1048576K
[3.610s][debug  ][gc,tlab        ] GC(11) TLAB totals: thrds: 1  refills: 1 max: 1 slow allocs: 17 max 17 waste: 27.2% gc: 3916208B max: 3916208B slow: 0B max: 0B
[3.610s][info   ][gc,start       ] GC(11) Pause Young (Allocation Failure)
[3.610s][debug  ][gc,phases,start] GC(11) Scavenge
[3.623s][debug  ][gc,phases      ] GC(11) Scavenge 12.399ms
[3.623s][debug  ][gc,phases,start] GC(11) Reference Processing
[3.623s][debug  ][gc,ref         ] GC(11) Skipped phase 1 of Reference Processing: no references
[3.623s][debug  ][gc,ref         ] GC(11) Skipped phase 2 of Reference Processing: no references
[3.623s][debug  ][gc,ref         ] GC(11) Skipped phase 3 of Reference Processing: no references
[3.623s][debug  ][gc,ref         ] GC(11) Skipped phase 4 of Reference Processing: no references
[3.623s][debug  ][gc,phases,ref  ] GC(11) Reference Processing: 0.1ms
[3.623s][debug  ][gc,phases,ref  ] GC(11)   Reconsider SoftReferences: 0.0ms
[3.623s][debug  ][gc,phases,ref  ] GC(11)     SoftRef (ms):                  skipped
[3.623s][debug  ][gc,phases,ref  ] GC(11)   Notify Soft/WeakReferences: 0.0ms
[3.623s][debug  ][gc,phases,ref  ] GC(11)     SoftRef (ms):                  skipped
[3.623s][debug  ][gc,phases,ref  ] GC(11)     WeakRef (ms):                  skipped
[3.623s][debug  ][gc,phases,ref  ] GC(11)     FinalRef (ms):                 skipped
[3.623s][debug  ][gc,phases,ref  ] GC(11)     Total (ms):                    skipped
[3.623s][debug  ][gc,phases,ref  ] GC(11)   Notify and keep alive finalizable: 0.0ms
[3.623s][debug  ][gc,phases,ref  ] GC(11)     FinalRef (ms):                 skipped
[3.623s][debug  ][gc,phases,ref  ] GC(11)   Notify PhantomReferences: 0.0ms
[3.623s][debug  ][gc,phases,ref  ] GC(11)     PhantomRef (ms):               skipped
[3.623s][debug  ][gc,phases,ref  ] GC(11)   SoftReference:
[3.623s][debug  ][gc,phases,ref  ] GC(11)     Discovered: 0
[3.623s][debug  ][gc,phases,ref  ] GC(11)     Cleared: 0
[3.623s][debug  ][gc,phases,ref  ] GC(11)   WeakReference:
[3.623s][debug  ][gc,phases,ref  ] GC(11)     Discovered: 0
[3.623s][debug  ][gc,phases,ref  ] GC(11)     Cleared: 0
[3.623s][debug  ][gc,phases,ref  ] GC(11)   FinalReference:
[3.623s][debug  ][gc,phases,ref  ] GC(11)     Discovered: 0
[3.623s][debug  ][gc,phases,ref  ] GC(11)     Cleared: 0
[3.623s][debug  ][gc,phases,ref  ] GC(11)   PhantomReference:
[3.623s][debug  ][gc,phases,ref  ] GC(11)     Discovered: 0
[3.623s][debug  ][gc,phases,ref  ] GC(11)     Cleared: 0
[3.623s][debug  ][gc,phases      ] GC(11) Reference Processing 0.576ms
[3.623s][debug  ][gc,phases,start] GC(11) Weak Processing
[3.623s][debug  ][gc,phases      ] GC(11)   VM Weak                        Min:  0.0, Avg:  0.0, Max:  0.0, Diff:  0.0, Sum:  0.0, Workers: 6
[3.623s][debug  ][gc,phases      ] GC(11)     Dead                           Min: 0, Avg:  0.0, Max: 0, Diff: 0, Sum: 0, Workers: 6
[3.623s][debug  ][gc,phases      ] GC(11)     Total                          Min: 0, Avg:  1.3, Max: 8, Diff: 8, Sum: 8, Workers: 6
[3.623s][debug  ][gc,phases      ] GC(11)   ObjectSynchronizer Weak        Min:  0.0, Avg:  0.0, Max:  0.0, Diff:  0.0, Sum:  0.0, Workers: 6
[3.623s][debug  ][gc,phases      ] GC(11)     Dead                           Min: 0, Avg:  0.0, Max: 0, Diff: 0, Sum: 0, Workers: 6
[3.623s][debug  ][gc,phases      ] GC(11)     Total                          Min: 0, Avg:  0.5, Max: 3, Diff: 3, Sum: 3, Workers: 6
[3.623s][debug  ][gc,phases      ] GC(11)   JVMTI Tag Weak OopStorage      Min:  0.0, Avg:  0.0, Max:  0.0, Diff:  0.0, Sum:  0.0, Workers: 6
[3.623s][debug  ][gc,phases      ] GC(11)     Dead                           Min: 0, Avg:  0.0, Max: 0, Diff: 0, Sum: 0, Workers: 6
[3.623s][debug  ][gc,phases      ] GC(11)     Total                          Min: 0, Avg:  0.0, Max: 0, Diff: 0, Sum: 0, Workers: 6
[3.623s][debug  ][gc,phases      ] GC(11)   StringTable Weak               Min:  0.0, Avg:  0.0, Max:  0.0, Diff:  0.0, Sum:  0.0, Workers: 6
[3.624s][debug  ][gc,phases      ] GC(11)     Dead                           Min: 0, Avg:  0.0, Max: 0, Diff: 0, Sum: 0, Workers: 6
[3.624s][debug  ][gc,phases      ] GC(11)     Total                          Min: 768, Avg: 891.8, Max: 1023, Diff: 255, Sum: 5351, Workers: 6
[3.624s][debug  ][gc,phases      ] GC(11)   ResolvedMethodTable Weak       Min:  0.0, Avg:  0.0, Max:  0.0, Diff:  0.0, Sum:  0.0, Workers: 6
[3.624s][debug  ][gc,phases      ] GC(11)     Dead                           Min: 0, Avg:  0.0, Max: 0, Diff: 0, Sum: 0, Workers: 6
[3.624s][debug  ][gc,phases      ] GC(11)     Total                          Min: 0, Avg: 21.7, Max: 64, Diff: 64, Sum: 130, Workers: 6
[3.624s][debug  ][gc,phases      ] GC(11)   JNI Weak                       Min:  0.0, Avg:  0.0, Max:  0.0, Diff:  0.0, Sum:  0.0, Workers: 6
[3.624s][debug  ][gc,phases      ] GC(11)     Dead                           Min: 0, Avg:  0.0, Max: 0, Diff: 0, Sum: 0, Workers: 6
[3.624s][debug  ][gc,phases      ] GC(11)     Total                          Min: 0, Avg:  0.0, Max: 0, Diff: 0, Sum: 0, Workers: 6
[3.624s][debug  ][gc,phases      ] GC(11)   StringDedup Table Weak         Min:  0.0, Avg:  0.0, Max:  0.0, Diff:  0.0, Sum:  0.0, Workers: 6
[3.624s][debug  ][gc,phases      ] GC(11)     Dead                           Min: 0, Avg:  0.0, Max: 0, Diff: 0, Sum: 0, Workers: 6
[3.624s][debug  ][gc,phases      ] GC(11)     Total                          Min: 0, Avg:  0.0, Max: 0, Diff: 0, Sum: 0, Workers: 6
[3.624s][debug  ][gc,phases      ] GC(11)   StringDedup Requests0 Weak     Min:  0.0, Avg:  0.0, Max:  0.0, Diff:  0.0, Sum:  0.0, Workers: 6
[3.624s][debug  ][gc,phases      ] GC(11)     Dead                           Min: 0, Avg:  0.0, Max: 0, Diff: 0, Sum: 0, Workers: 6
[3.624s][debug  ][gc,phases      ] GC(11)     Total                          Min: 0, Avg:  0.0, Max: 0, Diff: 0, Sum: 0, Workers: 6
[3.624s][debug  ][gc,phases      ] GC(11)   StringDedup Requests1 Weak     Min:  0.0, Avg:  0.0, Max:  0.0, Diff:  0.0, Sum:  0.0, Workers: 6
[3.624s][debug  ][gc,phases      ] GC(11)     Dead                           Min: 0, Avg:  0.0, Max: 0, Diff: 0, Sum: 0, Workers: 6
[3.624s][debug  ][gc,phases      ] GC(11)     Total                          Min: 0, Avg:  0.0, Max: 0, Diff: 0, Sum: 0, Workers: 6
[3.624s][debug  ][gc,phases      ] GC(11)   Weak JFR Old Object Samples    Min:  0.0, Avg:  0.0, Max:  0.0, Diff:  0.0, Sum:  0.0, Workers: 6
[3.624s][debug  ][gc,phases      ] GC(11)     Dead                           Min: 0, Avg:  0.0, Max: 0, Diff: 0, Sum: 0, Workers: 6
[3.624s][debug  ][gc,phases      ] GC(11)     Total                          Min: 0, Avg:  0.0, Max: 0, Diff: 0, Sum: 0, Workers: 6
[3.624s][debug  ][gc,phases      ] GC(11) Weak Processing 0.681ms
[3.624s][debug  ][gc,ergo        ] GC(11) AdaptiveSizeStart:  collection: 12 
[3.624s][debug  ][gc,ergo        ] GC(11) avg_survived_padded_avg: 33685488.000000
[3.624s][debug  ][gc,ergo        ] GC(11) avg_promoted_padded_avg: 241683840.000000  avg_pretenured_padded_avg: 0.000000  tenuring_thresh: 1  target_size: 34078720
[3.624s][debug  ][gc,age         ] GC(11) Desired survivor size 34078720 bytes, new threshold 1 (max threshold 15)
[3.624s][debug  ][gc,ergo        ] GC(11) PSAdaptiveSizePolicy::compute_eden_space_size limits: desired_eden_size: 281153615 old_eden_size: 200278016 eden_limit: 200278016 cur_eden: 200278016 max_eden_size: 200278016 avg_young_live: 29365600
[3.624s][debug  ][gc,ergo        ] GC(11) PSAdaptiveSizePolicy::compute_eden_space_size: costs minor_time: 0.062256 major_cost: 0.030568 mutator_cost: 0.907176 throughput_goal: 0.990000
[3.624s][debug  ][gc,ergo        ] GC(11) Live_space: 1127851392 free_space: 461897728
[3.624s][debug  ][gc,ergo        ] GC(11) Old eden_size: 200278016 desired_eden_size: 200278016
[3.624s][debug  ][gc,ergo        ] GC(11) AdaptiveSizeStop: collection: 12 
[3.624s][info   ][gc,heap        ] GC(11) PSYoungGen: 188144K(228864K)->30720K(228864K) Eden: 188144K(195584K)->0K(195584K) From: 0K(33280K)->30720K(33280K)
[3.624s][info   ][gc,heap        ] GC(11) ParOldGen: 810596K(1307648K)->964196K(1307648K)
[3.624s][info   ][gc,metaspace   ] GC(11) Metaspace: 1019K(1152K)->1019K(1152K) NonClass: 935K(960K)->935K(960K) Class: 83K(192K)->83K(192K)
[3.624s][info   ][gc             ] GC(11) Pause Young (Allocation Failure) 975M->971M(1500M) 14.142ms
[3.624s][info   ][gc,cpu         ] GC(11) User=0.09s Sys=0.00s Real=0.01s
[3.624s][debug  ][gc,heap        ] GC(11) Heap after GC invocations=12 (full 1):
[3.624s][debug  ][gc,heap        ] GC(11)  PSYoungGen      total 228864K, used 30720K [0x00000000f0000000, 0x0000000100000000, 0x0000000100000000)
[3.624s][debug  ][gc,heap        ] GC(11)   eden space 195584K, 0% used [0x00000000f0000000,0x00000000f0000000,0x00000000fbf00000)
[3.624s][debug  ][gc,heap        ] GC(11)   from space 33280K, 92% used [0x00000000fdf80000,0x00000000ffd80030,0x0000000100000000)
[3.624s][debug  ][gc,heap        ] GC(11)   to   space 33280K, 0% used [0x00000000fbf00000,0x00000000fbf00000,0x00000000fdf80000)
[3.624s][debug  ][gc,heap        ] GC(11)  ParOldGen       total 1307648K, used 964196K [0x0000000080000000, 0x00000000cfd00000, 0x00000000f0000000)
[3.624s][debug  ][gc,heap        ] GC(11)   object space 1307648K, 73% used [0x0000000080000000,0x00000000bad990f8,0x00000000cfd00000)
[3.624s][debug  ][gc,heap        ] GC(11)  Metaspace       used 1019K, committed 1152K, reserved 1056768K
[3.624s][debug  ][gc,heap        ] GC(11)   class space    used 83K, committed 192K, reserved 1048576K
[3.625s][debug  ][gc,task,time   ] GC(11) VM-Thread 36098138 36226491 36245176
[3.911s][debug  ][gc,heap        ] GC(12) Heap before GC invocations=13 (full 1):
[3.911s][debug  ][gc,heap        ] GC(12)  PSYoungGen      total 228864K, used 218792K [0x00000000f0000000, 0x0000000100000000, 0x0000000100000000)
[3.911s][debug  ][gc,heap        ] GC(12)   eden space 195584K, 96% used [0x00000000f0000000,0x00000000fb7aa398,0x00000000fbf00000)
[3.911s][debug  ][gc,heap        ] GC(12)   from space 33280K, 92% used [0x00000000fdf80000,0x00000000ffd80030,0x0000000100000000)
[3.911s][debug  ][gc,heap        ] GC(12)   to   space 33280K, 0% used [0x00000000fbf00000,0x00000000fbf00000,0x00000000fdf80000)
[3.911s][debug  ][gc,heap        ] GC(12)  ParOldGen       total 1307648K, used 964196K [0x0000000080000000, 0x00000000cfd00000, 0x00000000f0000000)
[3.911s][debug  ][gc,heap        ] GC(12)   object space 1307648K, 73% used [0x0000000080000000,0x00000000bad990f8,0x00000000cfd00000)
[3.911s][debug  ][gc,heap        ] GC(12)  Metaspace       used 1019K, committed 1152K, reserved 1056768K
[3.911s][debug  ][gc,heap        ] GC(12)   class space    used 83K, committed 192K, reserved 1048576K
[3.911s][debug  ][gc,tlab        ] GC(12) TLAB totals: thrds: 1  refills: 1 max: 1 slow allocs: 17 max 17 waste: 26.8% gc: 3841512B max: 3841512B slow: 0B max: 0B
[3.911s][info   ][gc,start       ] GC(12) Pause Young (Allocation Failure)
[3.911s][debug  ][gc,phases,start] GC(12) Scavenge
[3.922s][debug  ][gc,phases      ] GC(12) Scavenge 10.392ms
[3.922s][debug  ][gc,phases,start] GC(12) Reference Processing
[3.922s][debug  ][gc,ref         ] GC(12) Skipped phase 1 of Reference Processing: no references
[3.922s][debug  ][gc,ref         ] GC(12) Skipped phase 2 of Reference Processing: no references
[3.922s][debug  ][gc,ref         ] GC(12) Skipped phase 3 of Reference Processing: no references
[3.922s][debug  ][gc,ref         ] GC(12) Skipped phase 4 of Reference Processing: no references
[3.922s][debug  ][gc,phases,ref  ] GC(12) Reference Processing: 0.1ms
[3.922s][debug  ][gc,phases,ref  ] GC(12)   Reconsider SoftReferences: 0.0ms
[3.922s][debug  ][gc,phases,ref  ] GC(12)     SoftRef (ms):                  skipped
[3.922s][debug  ][gc,phases,ref  ] GC(12)   Notify Soft/WeakReferences: 0.0ms
[3.922s][debug  ][gc,phases,ref  ] GC(12)     SoftRef (ms):                  skipped
[3.922s][debug  ][gc,phases,ref  ] GC(12)     WeakRef (ms):                  skipped
[3.922s][debug  ][gc,phases,ref  ] GC(12)     FinalRef (ms):                 skipped
[3.922s][debug  ][gc,phases,ref  ] GC(12)     Total (ms):                    skipped
[3.922s][debug  ][gc,phases,ref  ] GC(12)   Notify and keep alive finalizable: 0.0ms
[3.922s][debug  ][gc,phases,ref  ] GC(12)     FinalRef (ms):                 skipped
[3.922s][debug  ][gc,phases,ref  ] GC(12)   Notify PhantomReferences: 0.0ms
[3.922s][debug  ][gc,phases,ref  ] GC(12)     PhantomRef (ms):               skipped
[3.922s][debug  ][gc,phases,ref  ] GC(12)   SoftReference:
[3.922s][debug  ][gc,phases,ref  ] GC(12)     Discovered: 0
[3.922s][debug  ][gc,phases,ref  ] GC(12)     Cleared: 0
[3.922s][debug  ][gc,phases,ref  ] GC(12)   WeakReference:
[3.922s][debug  ][gc,phases,ref  ] GC(12)     Discovered: 0
[3.922s][debug  ][gc,phases,ref  ] GC(12)     Cleared: 0
[3.922s][debug  ][gc,phases,ref  ] GC(12)   FinalReference:
[3.922s][debug  ][gc,phases,ref  ] GC(12)     Discovered: 0
[3.922s][debug  ][gc,phases,ref  ] GC(12)     Cleared: 0
[3.922s][debug  ][gc,phases,ref  ] GC(12)   PhantomReference:
[3.922s][debug  ][gc,phases,ref  ] GC(12)     Discovered: 0
[3.922s][debug  ][gc,phases,ref  ] GC(12)     Cleared: 0
[3.922s][debug  ][gc,phases      ] GC(12) Reference Processing 0.605ms
[3.922s][debug  ][gc,phases,start] GC(12) Weak Processing
[3.922s][debug  ][gc,phases      ] GC(12)   VM Weak                        Min:  0.0, Avg:  0.0, Max:  0.0, Diff:  0.0, Sum:  0.0, Workers: 6
[3.922s][debug  ][gc,phases      ] GC(12)     Dead                           Min: 0, Avg:  0.0, Max: 0, Diff: 0, Sum: 0, Workers: 6
[3.922s][debug  ][gc,phases      ] GC(12)     Total                          Min: 0, Avg:  1.3, Max: 8, Diff: 8, Sum: 8, Workers: 6
[3.922s][debug  ][gc,phases      ] GC(12)   ObjectSynchronizer Weak        Min:  0.0, Avg:  0.0, Max:  0.0, Diff:  0.0, Sum:  0.0, Workers: 6
[3.922s][debug  ][gc,phases      ] GC(12)     Dead                           Min: 0, Avg:  0.0, Max: 0, Diff: 0, Sum: 0, Workers: 6
[3.922s][debug  ][gc,phases      ] GC(12)     Total                          Min: 0, Avg:  0.5, Max: 3, Diff: 3, Sum: 3, Workers: 6
[3.923s][debug  ][gc,phases      ] GC(12)   JVMTI Tag Weak OopStorage      Min:  0.0, Avg:  0.0, Max:  0.0, Diff:  0.0, Sum:  0.0, Workers: 6
[3.923s][debug  ][gc,phases      ] GC(12)     Dead                           Min: 0, Avg:  0.0, Max: 0, Diff: 0, Sum: 0, Workers: 6
[3.923s][debug  ][gc,phases      ] GC(12)     Total                          Min: 0, Avg:  0.0, Max: 0, Diff: 0, Sum: 0, Workers: 6
[3.923s][debug  ][gc,phases      ] GC(12)   StringTable Weak               Min:  0.0, Avg:  0.0, Max:  0.0, Diff:  0.0, Sum:  0.0, Workers: 6
[3.923s][debug  ][gc,phases      ] GC(12)     Dead                           Min: 0, Avg:  0.0, Max: 0, Diff: 0, Sum: 0, Workers: 6
[3.923s][debug  ][gc,phases      ] GC(12)     Total                          Min: 768, Avg: 891.8, Max: 1064, Diff: 296, Sum: 5351, Workers: 6
[3.923s][debug  ][gc,phases      ] GC(12)   ResolvedMethodTable Weak       Min:  0.0, Avg:  0.0, Max:  0.0, Diff:  0.0, Sum:  0.0, Workers: 6
[3.923s][debug  ][gc,phases      ] GC(12)     Dead                           Min: 0, Avg:  0.0, Max: 0, Diff: 0, Sum: 0, Workers: 6
[3.923s][debug  ][gc,phases      ] GC(12)     Total                          Min: 0, Avg: 21.7, Max: 64, Diff: 64, Sum: 130, Workers: 6
[3.923s][debug  ][gc,phases      ] GC(12)   JNI Weak                       Min:  0.0, Avg:  0.0, Max:  0.0, Diff:  0.0, Sum:  0.0, Workers: 6
[3.923s][debug  ][gc,phases      ] GC(12)     Dead                           Min: 0, Avg:  0.0, Max: 0, Diff: 0, Sum: 0, Workers: 6
[3.923s][debug  ][gc,phases      ] GC(12)     Total                          Min: 0, Avg:  0.0, Max: 0, Diff: 0, Sum: 0, Workers: 6
[3.923s][debug  ][gc,phases      ] GC(12)   StringDedup Table Weak         Min:  0.0, Avg:  0.0, Max:  0.0, Diff:  0.0, Sum:  0.0, Workers: 6
[3.923s][debug  ][gc,phases      ] GC(12)     Dead                           Min: 0, Avg:  0.0, Max: 0, Diff: 0, Sum: 0, Workers: 6
[3.923s][debug  ][gc,phases      ] GC(12)     Total                          Min: 0, Avg:  0.0, Max: 0, Diff: 0, Sum: 0, Workers: 6
[3.923s][debug  ][gc,phases      ] GC(12)   StringDedup Requests0 Weak     Min:  0.0, Avg:  0.0, Max:  0.0, Diff:  0.0, Sum:  0.0, Workers: 6
[3.923s][debug  ][gc,phases      ] GC(12)     Dead                           Min: 0, Avg:  0.0, Max: 0, Diff: 0, Sum: 0, Workers: 6
[3.923s][debug  ][gc,phases      ] GC(12)     Total                          Min: 0, Avg:  0.0, Max: 0, Diff: 0, Sum: 0, Workers: 6
[3.923s][debug  ][gc,phases      ] GC(12)   StringDedup Requests1 Weak     Min:  0.0, Avg:  0.0, Max:  0.0, Diff:  0.0, Sum:  0.0, Workers: 6
[3.923s][debug  ][gc,phases      ] GC(12)     Dead                           Min: 0, Avg:  0.0, Max: 0, Diff: 0, Sum: 0, Workers: 6
[3.923s][debug  ][gc,phases      ] GC(12)     Total                          Min: 0, Avg:  0.0, Max: 0, Diff: 0, Sum: 0, Workers: 6
[3.923s][debug  ][gc,phases      ] GC(12)   Weak JFR Old Object Samples    Min:  0.0, Avg:  0.0, Max:  0.0, Diff:  0.0, Sum:  0.0, Workers: 6
[3.923s][debug  ][gc,phases      ] GC(12)     Dead                           Min: 0, Avg:  0.0, Max: 0, Diff: 0, Sum: 0, Workers: 6
[3.923s][debug  ][gc,phases      ] GC(12)     Total                          Min: 0, Avg:  0.0, Max: 0, Diff: 0, Sum: 0, Workers: 6
[3.923s][debug  ][gc,phases      ] GC(12) Weak Processing 0.764ms
[3.923s][debug  ][gc,ergo        ] GC(12) AdaptiveSizeStart:  collection: 13 
[3.923s][debug  ][gc,ergo        ] GC(12) avg_survived_padded_avg: 33684500.000000
[3.923s][debug  ][gc,ergo        ] GC(12) avg_promoted_padded_avg: 241775216.000000  avg_pretenured_padded_avg: 0.000000  tenuring_thresh: 1  target_size: 34078720
[3.923s][debug  ][gc,age         ] GC(12) Desired survivor size 34078720 bytes, new threshold 1 (max threshold 15)
[3.923s][debug  ][gc,ergo        ] GC(12) PSAdaptiveSizePolicy::compute_eden_space_size limits: desired_eden_size: 278575552 old_eden_size: 200278016 eden_limit: 200278016 cur_eden: 200278016 max_eden_size: 200278016 avg_young_live: 29574772
[3.923s][debug  ][gc,ergo        ] GC(12) PSAdaptiveSizePolicy::compute_eden_space_size: costs minor_time: 0.056597 major_cost: 0.030568 mutator_cost: 0.912835 throughput_goal: 0.990000
[3.923s][debug  ][gc,ergo        ] GC(12) Live_space: 1128060544 free_space: 461897728
[3.923s][debug  ][gc,ergo        ] GC(12) Old eden_size: 200278016 desired_eden_size: 200278016
[3.923s][debug  ][gc,ergo        ] GC(12) AdaptiveSizeStop: collection: 13 
[3.923s][info   ][gc,heap        ] GC(12) PSYoungGen: 218792K(228864K)->30720K(228864K) Eden: 188072K(195584K)->0K(195584K) From: 30720K(33280K)->30720K(33280K)
[3.923s][info   ][gc,heap        ] GC(12) ParOldGen: 964196K(1307648K)->1087076K(1307648K)
[3.923s][info   ][gc,metaspace   ] GC(12) Metaspace: 1019K(1152K)->1019K(1152K) NonClass: 935K(960K)->935K(960K) Class: 83K(192K)->83K(192K)
[3.923s][info   ][gc             ] GC(12) Pause Young (Allocation Failure) 1155M->1091M(1500M) 12.208ms
[3.923s][info   ][gc,cpu         ] GC(12) User=0.00s Sys=0.00s Real=0.01s
[3.923s][debug  ][gc,heap        ] GC(12) Heap after GC invocations=13 (full 1):
[3.924s][debug  ][gc,heap        ] GC(12)  PSYoungGen      total 228864K, used 30720K [0x00000000f0000000, 0x0000000100000000, 0x0000000100000000)
[3.924s][debug  ][gc,heap        ] GC(12)   eden space 195584K, 0% used [0x00000000f0000000,0x00000000f0000000,0x00000000fbf00000)
[3.924s][debug  ][gc,heap        ] GC(12)   from space 33280K, 92% used [0x00000000fbf00000,0x00000000fdd00030,0x00000000fdf80000)
[3.924s][debug  ][gc,heap        ] GC(12)   to   space 33280K, 0% used [0x00000000fdf80000,0x00000000fdf80000,0x0000000100000000)
[3.924s][debug  ][gc,heap        ] GC(12)  ParOldGen       total 1307648K, used 1087076K [0x0000000080000000, 0x00000000cfd00000, 0x00000000f0000000)
[3.924s][debug  ][gc,heap        ] GC(12)   object space 1307648K, 83% used [0x0000000080000000,0x00000000c25991b8,0x00000000cfd00000)
[3.924s][debug  ][gc,heap        ] GC(12)  Metaspace       used 1019K, committed 1152K, reserved 1056768K
[3.924s][debug  ][gc,heap        ] GC(12)   class space    used 83K, committed 192K, reserved 1048576K
[3.924s][debug  ][gc,task,time   ] GC(12) VM-Thread 39108302 39217076 39236689
[3.924s][debug  ][gc,phases,start] GC(13) Pre Compact
[3.924s][debug  ][gc,heap        ] GC(13) Heap before GC invocations=14 (full 2):
[3.924s][debug  ][gc,heap        ] GC(13)  PSYoungGen      total 228864K, used 30720K [0x00000000f0000000, 0x0000000100000000, 0x0000000100000000)
[3.924s][debug  ][gc,heap        ] GC(13)   eden space 195584K, 0% used [0x00000000f0000000,0x00000000f0000000,0x00000000fbf00000)
[3.924s][debug  ][gc,heap        ] GC(13)   from space 33280K, 92% used [0x00000000fbf00000,0x00000000fdd00030,0x00000000fdf80000)
[3.924s][debug  ][gc,heap        ] GC(13)   to   space 33280K, 0% used [0x00000000fdf80000,0x00000000fdf80000,0x0000000100000000)
[3.924s][debug  ][gc,heap        ] GC(13)  ParOldGen       total 1307648K, used 1087076K [0x0000000080000000, 0x00000000cfd00000, 0x00000000f0000000)
[3.924s][debug  ][gc,heap        ] GC(13)   object space 1307648K, 83% used [0x0000000080000000,0x00000000c25991b8,0x00000000cfd00000)
[3.924s][debug  ][gc,heap        ] GC(13)  Metaspace       used 1019K, committed 1152K, reserved 1056768K
[3.924s][debug  ][gc,heap        ] GC(13)   class space    used 83K, committed 192K, reserved 1048576K
[3.924s][debug  ][gc,phases      ] GC(13) Pre Compact 0.208ms
[3.924s][info   ][gc,start       ] GC(13) Pause Full (Ergonomics)
[3.924s][info   ][gc,phases,start] GC(13) Marking Phase
[3.924s][debug  ][gc,phases,start] GC(13) Par Mark
[3.924s][debug  ][gc,phases      ] GC(13) Par Mark 0.482ms
[3.924s][debug  ][gc,phases,start] GC(13) Reference Processing
[3.925s][debug  ][gc,ref         ] GC(13) Skipped phase 1 of Reference Processing: no references
[3.925s][debug  ][gc,ref         ] GC(13) ReferenceProcessor::execute queues: 1, RefProcThreadModel::Single, marks_oops_alive: false
[3.925s][debug  ][gc,ref         ] GC(13) Skipped phase 3 of Reference Processing: no references
[3.925s][debug  ][gc,ref         ] GC(13) ReferenceProcessor::execute queues: 1, RefProcThreadModel::Single, marks_oops_alive: false
[3.925s][debug  ][gc,phases,ref  ] GC(13) Reference Processing: 0.1ms
[3.925s][debug  ][gc,phases,ref  ] GC(13)   Reconsider SoftReferences: 0.0ms
[3.925s][debug  ][gc,phases,ref  ] GC(13)     SoftRef (ms):                  skipped
[3.925s][debug  ][gc,phases,ref  ] GC(13)   Notify Soft/WeakReferences: 0.0ms
[3.925s][debug  ][gc,phases,ref  ] GC(13)     SoftRef (ms):                  Min:  0.0, Avg:  0.0, Max:  0.0, Diff:  0.0, Sum:  0.0, Workers: 6
[3.925s][debug  ][gc,phases,ref  ] GC(13)     WeakRef (ms):                  Min:  0.0, Avg:  0.0, Max:  0.0, Diff:  0.0, Sum:  0.0, Workers: 6
[3.925s][debug  ][gc,phases,ref  ] GC(13)     FinalRef (ms):                 Min:  0.0, Avg:  0.0, Max:  0.0, Diff:  0.0, Sum:  0.0, Workers: 6
[3.925s][debug  ][gc,phases,ref  ] GC(13)     Total (ms):                    Min:  0.0, Avg:  0.0, Max:  0.0, Diff:  0.0, Sum:  0.0, Workers: 6
[3.925s][debug  ][gc,phases,ref  ] GC(13)   Notify and keep alive finalizable: 0.0ms
[3.925s][debug  ][gc,phases,ref  ] GC(13)     FinalRef (ms):                 skipped
[3.925s][debug  ][gc,phases,ref  ] GC(13)   Notify PhantomReferences: 0.0ms
[3.925s][debug  ][gc,phases,ref  ] GC(13)     PhantomRef (ms):               Min:  0.0, Avg:  0.0, Max:  0.0, Diff:  0.0, Sum:  0.0, Workers: 6
[3.925s][debug  ][gc,phases,ref  ] GC(13)   SoftReference:
[3.925s][debug  ][gc,phases,ref  ] GC(13)     Discovered: 0
[3.925s][debug  ][gc,phases,ref  ] GC(13)     Cleared: 0
[3.925s][debug  ][gc,phases,ref  ] GC(13)   WeakReference:
[3.925s][debug  ][gc,phases,ref  ] GC(13)     Discovered: 102
[3.925s][debug  ][gc,phases,ref  ] GC(13)     Cleared: 102
[3.925s][debug  ][gc,phases,ref  ] GC(13)   FinalReference:
[3.925s][debug  ][gc,phases,ref  ] GC(13)     Discovered: 0
[3.925s][debug  ][gc,phases,ref  ] GC(13)     Cleared: 0
[3.925s][debug  ][gc,phases,ref  ] GC(13)   PhantomReference:
[3.925s][debug  ][gc,phases,ref  ] GC(13)     Discovered: 3
[3.925s][debug  ][gc,phases,ref  ] GC(13)     Cleared: 3
[3.925s][debug  ][gc,phases      ] GC(13) Reference Processing 0.592ms
[3.925s][debug  ][gc,phases,start] GC(13) Weak Processing
[3.925s][debug  ][gc,phases      ] GC(13)   VM Weak                        Min:  0.0, Avg:  0.0, Max:  0.0, Diff:  0.0, Sum:  0.0, Workers: 6
[3.925s][debug  ][gc,phases      ] GC(13)     Dead                           Min: 0, Avg:  0.0, Max: 0, Diff: 0, Sum: 0, Workers: 6
[3.925s][debug  ][gc,phases      ] GC(13)     Total                          Min: 0, Avg:  1.3, Max: 8, Diff: 8, Sum: 8, Workers: 6
[3.925s][debug  ][gc,phases      ] GC(13)   ObjectSynchronizer Weak        Min:  0.0, Avg:  0.0, Max:  0.0, Diff:  0.0, Sum:  0.0, Workers: 6
[3.925s][debug  ][gc,phases      ] GC(13)     Dead                           Min: 0, Avg:  0.0, Max: 0, Diff: 0, Sum: 0, Workers: 6
[3.925s][debug  ][gc,phases      ] GC(13)     Total                          Min: 0, Avg:  0.5, Max: 3, Diff: 3, Sum: 3, Workers: 6
[3.925s][debug  ][gc,phases      ] GC(13)   JVMTI Tag Weak OopStorage      Min:  0.0, Avg:  0.0, Max:  0.0, Diff:  0.0, Sum:  0.0, Workers: 6
[3.925s][debug  ][gc,phases      ] GC(13)     Dead                           Min: 0, Avg:  0.0, Max: 0, Diff: 0, Sum: 0, Workers: 6
[3.925s][debug  ][gc,phases      ] GC(13)     Total                          Min: 0, Avg:  0.0, Max: 0, Diff: 0, Sum: 0, Workers: 6
[3.925s][debug  ][gc,phases      ] GC(13)   StringTable Weak               Min:  0.0, Avg:  0.0, Max:  0.0, Diff:  0.0, Sum:  0.0, Workers: 6
[3.925s][debug  ][gc,phases      ] GC(13)     Dead                           Min: 0, Avg:  0.0, Max: 0, Diff: 0, Sum: 0, Workers: 6
[3.925s][debug  ][gc,phases      ] GC(13)     Total                          Min: 640, Avg: 891.8, Max: 1087, Diff: 447, Sum: 5351, Workers: 6
[3.925s][debug  ][gc,phases      ] GC(13)   ResolvedMethodTable Weak       Min:  0.0, Avg:  0.0, Max:  0.0, Diff:  0.0, Sum:  0.0, Workers: 6
[3.925s][debug  ][gc,phases      ] GC(13)     Dead                           Min: 0, Avg:  0.0, Max: 0, Diff: 0, Sum: 0, Workers: 6
[3.925s][debug  ][gc,phases      ] GC(13)     Total                          Min: 0, Avg: 21.7, Max: 64, Diff: 64, Sum: 130, Workers: 6
[3.925s][debug  ][gc,phases      ] GC(13)   JNI Weak                       Min:  0.0, Avg:  0.0, Max:  0.0, Diff:  0.0, Sum:  0.0, Workers: 6
[3.926s][debug  ][gc,phases      ] GC(13)     Dead                           Min: 0, Avg:  0.0, Max: 0, Diff: 0, Sum: 0, Workers: 6
[3.926s][debug  ][gc,phases      ] GC(13)     Total                          Min: 0, Avg:  0.0, Max: 0, Diff: 0, Sum: 0, Workers: 6
[3.926s][debug  ][gc,phases      ] GC(13)   StringDedup Table Weak         Min:  0.0, Avg:  0.0, Max:  0.0, Diff:  0.0, Sum:  0.0, Workers: 6
[3.926s][debug  ][gc,phases      ] GC(13)     Dead                           Min: 0, Avg:  0.0, Max: 0, Diff: 0, Sum: 0, Workers: 6
[3.926s][debug  ][gc,phases      ] GC(13)     Total                          Min: 0, Avg:  0.0, Max: 0, Diff: 0, Sum: 0, Workers: 6
[3.926s][debug  ][gc,phases      ] GC(13)   StringDedup Requests0 Weak     Min:  0.0, Avg:  0.0, Max:  0.0, Diff:  0.0, Sum:  0.0, Workers: 6
[3.926s][debug  ][gc,phases      ] GC(13)     Dead                           Min: 0, Avg:  0.0, Max: 0, Diff: 0, Sum: 0, Workers: 6
[3.926s][debug  ][gc,phases      ] GC(13)     Total                          Min: 0, Avg:  0.0, Max: 0, Diff: 0, Sum: 0, Workers: 6
[3.926s][debug  ][gc,phases      ] GC(13)   StringDedup Requests1 Weak     Min:  0.0, Avg:  0.0, Max:  0.0, Diff:  0.0, Sum:  0.0, Workers: 6
[3.926s][debug  ][gc,phases      ] GC(13)     Dead                           Min: 0, Avg:  0.0, Max: 0, Diff: 0, Sum: 0, Workers: 6
[3.926s][debug  ][gc,phases      ] GC(13)     Total                          Min: 0, Avg:  0.0, Max: 0, Diff: 0, Sum: 0, Workers: 6
[3.926s][debug  ][gc,phases      ] GC(13)   Weak JFR Old Object Samples    Min:  0.0, Avg:  0.0, Max:  0.0, Diff:  0.0, Sum:  0.0, Workers: 6
[3.926s][debug  ][gc,phases      ] GC(13)     Dead                           Min: 0, Avg:  0.0, Max: 0, Diff: 0, Sum: 0, Workers: 6
[3.926s][debug  ][gc,phases      ] GC(13)     Total                          Min: 0, Avg:  0.0, Max: 0, Diff: 0, Sum: 0, Workers: 6
[3.926s][debug  ][gc,phases      ] GC(13) Weak Processing 0.819ms
[3.926s][debug  ][gc,phases,start] GC(13) Class Unloading
[3.926s][debug  ][gc,phases,start] GC(13) ClassLoaderData
[3.926s][debug  ][gc,phases      ] GC(13) ClassLoaderData 0.024ms
[3.926s][debug  ][gc,phases,start] GC(13) Trigger cleanups
[3.926s][debug  ][gc,phases      ] GC(13) Trigger cleanups 0.019ms
[3.926s][debug  ][gc,phases      ] GC(13) Class Unloading 0.293ms
[3.926s][info   ][gc,phases      ] GC(13) Marking Phase 2.310ms
[3.926s][info   ][gc,phases,start] GC(13) Summary Phase
[3.926s][info   ][gc,phases      ] GC(13) Summary Phase 0.037ms
[3.926s][info   ][gc,phases,start] GC(13) Adjust Roots
[3.927s][info   ][gc,phases      ] GC(13) Adjust Roots 0.406ms
[3.927s][info   ][gc,phases,start] GC(13) Compaction Phase
[3.944s][info   ][gc,phases      ] GC(13) Compaction Phase 17.251ms
[3.944s][info   ][gc,phases,start] GC(13) Post Compact
[3.948s][info   ][gc,phases      ] GC(13) Post Compact 4.093ms
[3.948s][debug  ][gc,ergo        ] GC(13) AdaptiveSizeStart: collection: 14 
[3.948s][debug  ][gc,ergo        ] GC(13) PSAdaptiveSizePolicy::compute_eden_space_size limits: desired_eden_size: 275417814 old_eden_size: 200278016 eden_limit: 200278016 cur_eden: 200278016 max_eden_size: 200278016 avg_young_live: 26617296
[3.948s][debug  ][gc,ergo        ] GC(13) PSAdaptiveSizePolicy::compute_eden_space_size: costs minor_time: 0.056597 major_cost: 0.034231 mutator_cost: 0.909172 throughput_goal: 0.990000
[3.948s][debug  ][gc,ergo        ] GC(13) Live_space: 1125103104 free_space: 461897728
[3.948s][debug  ][gc,ergo        ] GC(13) Old eden_size: 200278016 desired_eden_size: 200278016
[3.948s][debug  ][gc,ergo        ] GC(13) PSAdaptiveSizePolicy::compute_old_gen_free_space: costs minor_time: 0.056597 major_cost: 0.034231  mutator_cost: 0.909172 throughput_goal: 0.990000
[3.948s][debug  ][gc,ergo        ] GC(13) Live_space: 789558208 free_space: 461897728
[3.948s][debug  ][gc,ergo        ] GC(13) Old promo_size: 261619712 desired_promo_size: 360710144
[3.977s][debug  ][gc             ] GC(13) Shrinking ParOldGen from 1307648K by 563712K to 743936K
[3.977s][debug  ][gc,ergo        ] GC(13) AdaptiveSizeStop: collection: 14 
[3.977s][info   ][gc,heap        ] GC(13) PSYoungGen: 30720K(228864K)->0K(228864K) Eden: 0K(195584K)->0K(195584K) From: 30720K(33280K)->0K(33280K)
[3.977s][info   ][gc,heap        ] GC(13) ParOldGen: 1087076K(1307648K)->155235K(743936K)
[3.978s][info   ][gc,metaspace   ] GC(13) Metaspace: 1019K(1152K)->1019K(1152K) NonClass: 935K(960K)->935K(960K) Class: 83K(192K)->83K(192K)
[3.978s][info   ][gc             ] GC(13) Pause Full (Ergonomics) 1091M->151M(950M) 53.610ms
[3.978s][info   ][gc,cpu         ] GC(13) User=0.09s Sys=0.03s Real=0.05s
[3.978s][debug  ][gc,heap        ] GC(13) Heap after GC invocations=14 (full 2):
[3.978s][debug  ][gc,heap        ] GC(13)  PSYoungGen      total 228864K, used 0K [0x00000000f0000000, 0x0000000100000000, 0x0000000100000000)
[3.978s][debug  ][gc,heap        ] GC(13)   eden space 195584K, 0% used [0x00000000f0000000,0x00000000f0000000,0x00000000fbf00000)
[3.978s][debug  ][gc,heap        ] GC(13)   from space 33280K, 0% used [0x00000000fdf80000,0x00000000fdf80000,0x0000000100000000)
[3.978s][debug  ][gc,heap        ] GC(13)   to   space 33280K, 0% used [0x00000000fbf00000,0x00000000fbf00000,0x00000000fdf80000)
[3.978s][debug  ][gc,heap        ] GC(13)  ParOldGen       total 743936K, used 155235K [0x0000000080000000, 0x00000000ad680000, 0x00000000f0000000)
[3.978s][debug  ][gc,heap        ] GC(13)   object space 743936K, 20% used [0x0000000080000000,0x0000000089798c08,0x00000000ad680000)
[3.978s][debug  ][gc,heap        ] GC(13)  Metaspace       used 1019K, committed 1152K, reserved 1056768K
[3.978s][debug  ][gc,heap        ] GC(13)   class space    used 83K, committed 192K, reserved 1048576K
[3.978s][debug  ][gc,task,time   ] GC(13) VM-Thread 39239468 39268067 39775866
[4.259s][debug  ][gc,heap        ] GC(14) Heap before GC invocations=15 (full 2):
[4.259s][debug  ][gc,heap        ] GC(14)  PSYoungGen      total 228864K, used 188101K [0x00000000f0000000, 0x0000000100000000, 0x0000000100000000)
[4.259s][debug  ][gc,heap        ] GC(14)   eden space 195584K, 96% used [0x00000000f0000000,0x00000000fb7b1500,0x00000000fbf00000)
[4.259s][debug  ][gc,heap        ] GC(14)   from space 33280K, 0% used [0x00000000fdf80000,0x00000000fdf80000,0x0000000100000000)
[4.259s][debug  ][gc,heap        ] GC(14)   to   space 33280K, 0% used [0x00000000fbf00000,0x00000000fbf00000,0x00000000fdf80000)
[4.259s][debug  ][gc,heap        ] GC(14)  ParOldGen       total 743936K, used 155235K [0x0000000080000000, 0x00000000ad680000, 0x00000000f0000000)
[4.259s][debug  ][gc,heap        ] GC(14)   object space 743936K, 20% used [0x0000000080000000,0x0000000089798c08,0x00000000ad680000)
[4.259s][debug  ][gc,heap        ] GC(14)  Metaspace       used 1019K, committed 1152K, reserved 1056768K
[4.259s][debug  ][gc,heap        ] GC(14)   class space    used 83K, committed 192K, reserved 1048576K
[4.259s][debug  ][gc,tlab        ] GC(14) TLAB totals: thrds: 1  refills: 1 max: 1 slow allocs: 17 max 17 waste: 27.0% gc: 3871712B max: 3871712B slow: 0B max: 0B
[4.259s][info   ][gc,start       ] GC(14) Pause Young (Allocation Failure)
[4.259s][debug  ][gc,phases,start] GC(14) Scavenge
[4.272s][debug  ][gc,phases      ] GC(14) Scavenge 12.561ms
[4.272s][debug  ][gc,phases,start] GC(14) Reference Processing
[4.272s][debug  ][gc,ref         ] GC(14) Skipped phase 1 of Reference Processing: no references
[4.272s][debug  ][gc,ref         ] GC(14) Skipped phase 2 of Reference Processing: no references
[4.272s][debug  ][gc,ref         ] GC(14) Skipped phase 3 of Reference Processing: no references
[4.272s][debug  ][gc,ref         ] GC(14) Skipped phase 4 of Reference Processing: no references
[4.272s][debug  ][gc,phases,ref  ] GC(14) Reference Processing: 0.1ms
[4.272s][debug  ][gc,phases,ref  ] GC(14)   Reconsider SoftReferences: 0.0ms
[4.272s][debug  ][gc,phases,ref  ] GC(14)     SoftRef (ms):                  skipped
[4.272s][debug  ][gc,phases,ref  ] GC(14)   Notify Soft/WeakReferences: 0.0ms
[4.272s][debug  ][gc,phases,ref  ] GC(14)     SoftRef (ms):                  skipped
[4.272s][debug  ][gc,phases,ref  ] GC(14)     WeakRef (ms):                  skipped
[4.272s][debug  ][gc,phases,ref  ] GC(14)     FinalRef (ms):                 skipped
[4.272s][debug  ][gc,phases,ref  ] GC(14)     Total (ms):                    skipped
[4.272s][debug  ][gc,phases,ref  ] GC(14)   Notify and keep alive finalizable: 0.0ms
[4.272s][debug  ][gc,phases,ref  ] GC(14)     FinalRef (ms):                 skipped
[4.273s][debug  ][gc,phases,ref  ] GC(14)   Notify PhantomReferences: 0.0ms
[4.273s][debug  ][gc,phases,ref  ] GC(14)     PhantomRef (ms):               skipped
[4.273s][debug  ][gc,phases,ref  ] GC(14)   SoftReference:
[4.273s][debug  ][gc,phases,ref  ] GC(14)     Discovered: 0
[4.273s][debug  ][gc,phases,ref  ] GC(14)     Cleared: 0
[4.273s][debug  ][gc,phases,ref  ] GC(14)   WeakReference:
[4.273s][debug  ][gc,phases,ref  ] GC(14)     Discovered: 0
[4.273s][debug  ][gc,phases,ref  ] GC(14)     Cleared: 0
[4.273s][debug  ][gc,phases,ref  ] GC(14)   FinalReference:
[4.273s][debug  ][gc,phases,ref  ] GC(14)     Discovered: 0
[4.273s][debug  ][gc,phases,ref  ] GC(14)     Cleared: 0
[4.273s][debug  ][gc,phases,ref  ] GC(14)   PhantomReference:
[4.273s][debug  ][gc,phases,ref  ] GC(14)     Discovered: 0
[4.273s][debug  ][gc,phases,ref  ] GC(14)     Cleared: 0
[4.273s][debug  ][gc,phases      ] GC(14) Reference Processing 0.870ms
[4.273s][debug  ][gc,phases,start] GC(14) Weak Processing
[4.273s][debug  ][gc,phases      ] GC(14)   VM Weak                        Min:  0.0, Avg:  0.0, Max:  0.0, Diff:  0.0, Sum:  0.0, Workers: 6
[4.273s][debug  ][gc,phases      ] GC(14)     Dead                           Min: 0, Avg:  0.0, Max: 0, Diff: 0, Sum: 0, Workers: 6
[4.273s][debug  ][gc,phases      ] GC(14)     Total                          Min: 0, Avg:  1.3, Max: 8, Diff: 8, Sum: 8, Workers: 6
[4.273s][debug  ][gc,phases      ] GC(14)   ObjectSynchronizer Weak        Min:  0.0, Avg:  0.0, Max:  0.0, Diff:  0.0, Sum:  0.0, Workers: 6
[4.273s][debug  ][gc,phases      ] GC(14)     Dead                           Min: 0, Avg:  0.0, Max: 0, Diff: 0, Sum: 0, Workers: 6
[4.273s][debug  ][gc,phases      ] GC(14)     Total                          Min: 0, Avg:  0.5, Max: 3, Diff: 3, Sum: 3, Workers: 6
[4.273s][debug  ][gc,phases      ] GC(14)   JVMTI Tag Weak OopStorage      Min:  0.0, Avg:  0.0, Max:  0.0, Diff:  0.0, Sum:  0.0, Workers: 6
[4.273s][debug  ][gc,phases      ] GC(14)     Dead                           Min: 0, Avg:  0.0, Max: 0, Diff: 0, Sum: 0, Workers: 6
[4.273s][debug  ][gc,phases      ] GC(14)     Total                          Min: 0, Avg:  0.0, Max: 0, Diff: 0, Sum: 0, Workers: 6
[4.273s][debug  ][gc,phases      ] GC(14)   StringTable Weak               Min:  0.0, Avg:  0.0, Max:  0.0, Diff:  0.0, Sum:  0.0, Workers: 6
[4.273s][debug  ][gc,phases      ] GC(14)     Dead                           Min: 0, Avg:  0.0, Max: 0, Diff: 0, Sum: 0, Workers: 6
[4.273s][debug  ][gc,phases      ] GC(14)     Total                          Min: 704, Avg: 891.8, Max: 1024, Diff: 320, Sum: 5351, Workers: 6
[4.273s][debug  ][gc,phases      ] GC(14)   ResolvedMethodTable Weak       Min:  0.0, Avg:  0.0, Max:  0.0, Diff:  0.0, Sum:  0.0, Workers: 6
[4.273s][debug  ][gc,phases      ] GC(14)     Dead                           Min: 0, Avg:  0.0, Max: 0, Diff: 0, Sum: 0, Workers: 6
[4.273s][debug  ][gc,phases      ] GC(14)     Total                          Min: 0, Avg: 21.7, Max: 64, Diff: 64, Sum: 130, Workers: 6
[4.274s][debug  ][gc,phases      ] GC(14)   JNI Weak                       Min:  0.0, Avg:  0.0, Max:  0.0, Diff:  0.0, Sum:  0.0, Workers: 6
[4.274s][debug  ][gc,phases      ] GC(14)     Dead                           Min: 0, Avg:  0.0, Max: 0, Diff: 0, Sum: 0, Workers: 6
[4.274s][debug  ][gc,phases      ] GC(14)     Total                          Min: 0, Avg:  0.0, Max: 0, Diff: 0, Sum: 0, Workers: 6
[4.274s][debug  ][gc,phases      ] GC(14)   StringDedup Table Weak         Min:  0.0, Avg:  0.0, Max:  0.0, Diff:  0.0, Sum:  0.0, Workers: 6
[4.274s][debug  ][gc,phases      ] GC(14)     Dead                           Min: 0, Avg:  0.0, Max: 0, Diff: 0, Sum: 0, Workers: 6
[4.274s][debug  ][gc,phases      ] GC(14)     Total                          Min: 0, Avg:  0.0, Max: 0, Diff: 0, Sum: 0, Workers: 6
[4.274s][debug  ][gc,phases      ] GC(14)   StringDedup Requests0 Weak     Min:  0.0, Avg:  0.0, Max:  0.0, Diff:  0.0, Sum:  0.0, Workers: 6
[4.274s][debug  ][gc,phases      ] GC(14)     Dead                           Min: 0, Avg:  0.0, Max: 0, Diff: 0, Sum: 0, Workers: 6
[4.274s][debug  ][gc,phases      ] GC(14)     Total                          Min: 0, Avg:  0.0, Max: 0, Diff: 0, Sum: 0, Workers: 6
[4.274s][debug  ][gc,phases      ] GC(14)   StringDedup Requests1 Weak     Min:  0.0, Avg:  0.0, Max:  0.0, Diff:  0.0, Sum:  0.0, Workers: 6
[4.274s][debug  ][gc,phases      ] GC(14)     Dead                           Min: 0, Avg:  0.0, Max: 0, Diff: 0, Sum: 0, Workers: 6
[4.274s][debug  ][gc,phases      ] GC(14)     Total                          Min: 0, Avg:  0.0, Max: 0, Diff: 0, Sum: 0, Workers: 6
[4.274s][debug  ][gc,phases      ] GC(14)   Weak JFR Old Object Samples    Min:  0.0, Avg:  0.0, Max:  0.0, Diff:  0.0, Sum:  0.0, Workers: 6
[4.274s][debug  ][gc,phases      ] GC(14)     Dead                           Min: 0, Avg:  0.0, Max: 0, Diff: 0, Sum: 0, Workers: 6
[4.274s][debug  ][gc,phases      ] GC(14)     Total                          Min: 0, Avg:  0.0, Max: 0, Diff: 0, Sum: 0, Workers: 6
[4.274s][debug  ][gc,phases      ] GC(14) Weak Processing 1.012ms
[4.274s][debug  ][gc,ergo        ] GC(14) AdaptiveSizeStart:  collection: 15 
[4.274s][debug  ][gc,ergo        ] GC(14) avg_survived_padded_avg: 33661428.000000
[4.274s][debug  ][gc,ergo        ] GC(14) avg_promoted_padded_avg: 235342064.000000  avg_pretenured_padded_avg: 0.000000  tenuring_thresh: 1  target_size: 34078720
[4.274s][debug  ][gc,age         ] GC(14) Desired survivor size 34078720 bytes, new threshold 1 (max threshold 15)
[4.274s][debug  ][gc,ergo        ] GC(14) PSAdaptiveSizePolicy::compute_eden_space_size limits: desired_eden_size: 273459407 old_eden_size: 200278016 eden_limit: 200278016 cur_eden: 200278016 max_eden_size: 200278016 avg_young_live: 27101298
[4.274s][debug  ][gc,ergo        ] GC(14) PSAdaptiveSizePolicy::compute_eden_space_size: costs minor_time: 0.052844 major_cost: 0.034231 mutator_cost: 0.912924 throughput_goal: 0.990000
[4.274s][debug  ][gc,ergo        ] GC(14) Live_space: 790042240 free_space: 560988160
[4.274s][debug  ][gc,ergo        ] GC(14) Old eden_size: 200278016 desired_eden_size: 200278016
[4.274s][debug  ][gc,ergo        ] GC(14) AdaptiveSizeStop: collection: 15 
[4.274s][info   ][gc,heap        ] GC(14) PSYoungGen: 188101K(228864K)->30720K(228864K) Eden: 188101K(195584K)->0K(195584K) From: 0K(33280K)->30720K(33280K)
[4.274s][info   ][gc,heap        ] GC(14) ParOldGen: 155235K(743936K)->308835K(743936K)
[4.274s][info   ][gc,metaspace   ] GC(14) Metaspace: 1019K(1152K)->1019K(1152K) NonClass: 935K(960K)->935K(960K) Class: 83K(192K)->83K(192K)
[4.274s][info   ][gc             ] GC(14) Pause Young (Allocation Failure) 335M->331M(950M) 14.964ms
[4.274s][info   ][gc,cpu         ] GC(14) User=0.09s Sys=0.00s Real=0.02s
[4.274s][debug  ][gc,heap        ] GC(14) Heap after GC invocations=15 (full 2):
[4.274s][debug  ][gc,heap        ] GC(14)  PSYoungGen      total 228864K, used 30720K [0x00000000f0000000, 0x0000000100000000, 0x0000000100000000)
[4.274s][debug  ][gc,heap        ] GC(14)   eden space 195584K, 0% used [0x00000000f0000000,0x00000000f0000000,0x00000000fbf00000)
[4.274s][debug  ][gc,heap        ] GC(14)   from space 33280K, 92% used [0x00000000fbf00000,0x00000000fdd00030,0x00000000fdf80000)
[4.274s][debug  ][gc,heap        ] GC(14)   to   space 33280K, 0% used [0x00000000fdf80000,0x00000000fdf80000,0x0000000100000000)
[4.274s][debug  ][gc,heap        ] GC(14)  ParOldGen       total 743936K, used 308835K [0x0000000080000000, 0x00000000ad680000, 0x00000000f0000000)
[4.275s][debug  ][gc,heap        ] GC(14)   object space 743936K, 41% used [0x0000000080000000,0x0000000092d98cf8,0x00000000ad680000)
[4.275s][debug  ][gc,heap        ] GC(14)  Metaspace       used 1019K, committed 1152K, reserved 1056768K
[4.275s][debug  ][gc,heap        ] GC(14)   class space    used 83K, committed 192K, reserved 1048576K
[4.275s][debug  ][gc,task,time   ] GC(14) VM-Thread 42589175 42720499 42745960
[4.561s][debug  ][gc,heap        ] GC(15) Heap before GC invocations=16 (full 2):
[4.561s][debug  ][gc,heap        ] GC(15)  PSYoungGen      total 228864K, used 218764K [0x00000000f0000000, 0x0000000100000000, 0x0000000100000000)
[4.561s][debug  ][gc,heap        ] GC(15)   eden space 195584K, 96% used [0x00000000f0000000,0x00000000fb7a33c8,0x00000000fbf00000)
[4.561s][debug  ][gc,heap        ] GC(15)   from space 33280K, 92% used [0x00000000fbf00000,0x00000000fdd00030,0x00000000fdf80000)
[4.561s][debug  ][gc,heap        ] GC(15)   to   space 33280K, 0% used [0x00000000fdf80000,0x00000000fdf80000,0x0000000100000000)
[4.561s][debug  ][gc,heap        ] GC(15)  ParOldGen       total 743936K, used 308835K [0x0000000080000000, 0x00000000ad680000, 0x00000000f0000000)
[4.561s][debug  ][gc,heap        ] GC(15)   object space 743936K, 41% used [0x0000000080000000,0x0000000092d98cf8,0x00000000ad680000)
[4.561s][debug  ][gc,heap        ] GC(15)  Metaspace       used 1019K, committed 1152K, reserved 1056768K
[4.561s][debug  ][gc,heap        ] GC(15)   class space    used 83K, committed 192K, reserved 1048576K
[4.561s][debug  ][gc,tlab        ] GC(15) TLAB totals: thrds: 1  refills: 1 max: 1 slow allocs: 17 max 17 waste: 26.7% gc: 3814056B max: 3814056B slow: 0B max: 0B
[4.561s][info   ][gc,start       ] GC(15) Pause Young (Allocation Failure)
[4.561s][debug  ][gc,phases,start] GC(15) Scavenge
[4.575s][debug  ][gc,phases      ] GC(15) Scavenge 14.330ms
[4.575s][debug  ][gc,phases,start] GC(15) Reference Processing
[4.575s][debug  ][gc,ref         ] GC(15) Skipped phase 1 of Reference Processing: no references
[4.575s][debug  ][gc,ref         ] GC(15) Skipped phase 2 of Reference Processing: no references
[4.576s][debug  ][gc,ref         ] GC(15) Skipped phase 3 of Reference Processing: no references
[4.576s][debug  ][gc,ref         ] GC(15) Skipped phase 4 of Reference Processing: no references
[4.576s][debug  ][gc,phases,ref  ] GC(15) Reference Processing: 0.1ms
[4.576s][debug  ][gc,phases,ref  ] GC(15)   Reconsider SoftReferences: 0.0ms
[4.576s][debug  ][gc,phases,ref  ] GC(15)     SoftRef (ms):                  skipped
[4.576s][debug  ][gc,phases,ref  ] GC(15)   Notify Soft/WeakReferences: 0.0ms
[4.576s][debug  ][gc,phases,ref  ] GC(15)     SoftRef (ms):                  skipped
[4.576s][debug  ][gc,phases,ref  ] GC(15)     WeakRef (ms):                  skipped
[4.576s][debug  ][gc,phases,ref  ] GC(15)     FinalRef (ms):                 skipped
[4.576s][debug  ][gc,phases,ref  ] GC(15)     Total (ms):                    skipped
[4.576s][debug  ][gc,phases,ref  ] GC(15)   Notify and keep alive finalizable: 0.0ms
[4.576s][debug  ][gc,phases,ref  ] GC(15)     FinalRef (ms):                 skipped
[4.576s][debug  ][gc,phases,ref  ] GC(15)   Notify PhantomReferences: 0.0ms
[4.576s][debug  ][gc,phases,ref  ] GC(15)     PhantomRef (ms):               skipped
[4.576s][debug  ][gc,phases,ref  ] GC(15)   SoftReference:
[4.576s][debug  ][gc,phases,ref  ] GC(15)     Discovered: 0
[4.576s][debug  ][gc,phases,ref  ] GC(15)     Cleared: 0
[4.576s][debug  ][gc,phases,ref  ] GC(15)   WeakReference:
[4.576s][debug  ][gc,phases,ref  ] GC(15)     Discovered: 0
[4.576s][debug  ][gc,phases,ref  ] GC(15)     Cleared: 0
[4.576s][debug  ][gc,phases,ref  ] GC(15)   FinalReference:
[4.576s][debug  ][gc,phases,ref  ] GC(15)     Discovered: 0
[4.576s][debug  ][gc,phases,ref  ] GC(15)     Cleared: 0
[4.576s][debug  ][gc,phases,ref  ] GC(15)   PhantomReference:
[4.576s][debug  ][gc,phases,ref  ] GC(15)     Discovered: 0
[4.576s][debug  ][gc,phases,ref  ] GC(15)     Cleared: 0
[4.576s][debug  ][gc,phases      ] GC(15) Reference Processing 0.700ms
[4.576s][debug  ][gc,phases,start] GC(15) Weak Processing
[4.576s][debug  ][gc,phases      ] GC(15)   VM Weak                        Min:  0.0, Avg:  0.0, Max:  0.0, Diff:  0.0, Sum:  0.0, Workers: 6
[4.576s][debug  ][gc,phases      ] GC(15)     Dead                           Min: 0, Avg:  0.0, Max: 0, Diff: 0, Sum: 0, Workers: 6
[4.576s][debug  ][gc,phases      ] GC(15)     Total                          Min: 0, Avg:  1.3, Max: 8, Diff: 8, Sum: 8, Workers: 6
[4.576s][debug  ][gc,phases      ] GC(15)   ObjectSynchronizer Weak        Min:  0.0, Avg:  0.0, Max:  0.0, Diff:  0.0, Sum:  0.0, Workers: 6
[4.576s][debug  ][gc,phases      ] GC(15)     Dead                           Min: 0, Avg:  0.0, Max: 0, Diff: 0, Sum: 0, Workers: 6
[4.576s][debug  ][gc,phases      ] GC(15)     Total                          Min: 0, Avg:  0.5, Max: 3, Diff: 3, Sum: 3, Workers: 6
[4.576s][debug  ][gc,phases      ] GC(15)   JVMTI Tag Weak OopStorage      Min:  0.0, Avg:  0.0, Max:  0.0, Diff:  0.0, Sum:  0.0, Workers: 6
[4.576s][debug  ][gc,phases      ] GC(15)     Dead                           Min: 0, Avg:  0.0, Max: 0, Diff: 0, Sum: 0, Workers: 6
[4.576s][debug  ][gc,phases      ] GC(15)     Total                          Min: 0, Avg:  0.0, Max: 0, Diff: 0, Sum: 0, Workers: 6
[4.576s][debug  ][gc,phases      ] GC(15)   StringTable Weak               Min:  0.0, Avg:  0.0, Max:  0.0, Diff:  0.0, Sum:  0.0, Workers: 6
[4.576s][debug  ][gc,phases      ] GC(15)     Dead                           Min: 0, Avg:  0.0, Max: 0, Diff: 0, Sum: 0, Workers: 6
[4.577s][debug  ][gc,phases      ] GC(15)     Total                          Min: 768, Avg: 891.8, Max: 1024, Diff: 256, Sum: 5351, Workers: 6
[4.577s][debug  ][gc,phases      ] GC(15)   ResolvedMethodTable Weak       Min:  0.0, Avg:  0.0, Max:  0.0, Diff:  0.0, Sum:  0.0, Workers: 6
[4.577s][debug  ][gc,phases      ] GC(15)     Dead                           Min: 0, Avg:  0.0, Max: 0, Diff: 0, Sum: 0, Workers: 6
[4.577s][debug  ][gc,phases      ] GC(15)     Total                          Min: 0, Avg: 21.7, Max: 64, Diff: 64, Sum: 130, Workers: 6
[4.577s][debug  ][gc,phases      ] GC(15)   JNI Weak                       Min:  0.0, Avg:  0.0, Max:  0.0, Diff:  0.0, Sum:  0.0, Workers: 6
[4.577s][debug  ][gc,phases      ] GC(15)     Dead                           Min: 0, Avg:  0.0, Max: 0, Diff: 0, Sum: 0, Workers: 6
[4.577s][debug  ][gc,phases      ] GC(15)     Total                          Min: 0, Avg:  0.0, Max: 0, Diff: 0, Sum: 0, Workers: 6
[4.577s][debug  ][gc,phases      ] GC(15)   StringDedup Table Weak         Min:  0.0, Avg:  0.0, Max:  0.0, Diff:  0.0, Sum:  0.0, Workers: 6
[4.577s][debug  ][gc,phases      ] GC(15)     Dead                           Min: 0, Avg:  0.0, Max: 0, Diff: 0, Sum: 0, Workers: 6
[4.577s][debug  ][gc,phases      ] GC(15)     Total                          Min: 0, Avg:  0.0, Max: 0, Diff: 0, Sum: 0, Workers: 6
[4.577s][debug  ][gc,phases      ] GC(15)   StringDedup Requests0 Weak     Min:  0.0, Avg:  0.0, Max:  0.0, Diff:  0.0, Sum:  0.0, Workers: 6
[4.577s][debug  ][gc,phases      ] GC(15)     Dead                           Min: 0, Avg:  0.0, Max: 0, Diff: 0, Sum: 0, Workers: 6
[4.577s][debug  ][gc,phases      ] GC(15)     Total                          Min: 0, Avg:  0.0, Max: 0, Diff: 0, Sum: 0, Workers: 6
[4.577s][debug  ][gc,phases      ] GC(15)   StringDedup Requests1 Weak     Min:  0.0, Avg:  0.0, Max:  0.0, Diff:  0.0, Sum:  0.0, Workers: 6
[4.577s][debug  ][gc,phases      ] GC(15)     Dead                           Min: 0, Avg:  0.0, Max: 0, Diff: 0, Sum: 0, Workers: 6
[4.577s][debug  ][gc,phases      ] GC(15)     Total                          Min: 0, Avg:  0.0, Max: 0, Diff: 0, Sum: 0, Workers: 6
[4.577s][debug  ][gc,phases      ] GC(15)   Weak JFR Old Object Samples    Min:  0.0, Avg:  0.0, Max:  0.0, Diff:  0.0, Sum:  0.0, Workers: 6
[4.577s][debug  ][gc,phases      ] GC(15)     Dead                           Min: 0, Avg:  0.0, Max: 0, Diff: 0, Sum: 0, Workers: 6
[4.577s][debug  ][gc,phases      ] GC(15)     Total                          Min: 0, Avg:  0.0, Max: 0, Diff: 0, Sum: 0, Workers: 6
[4.577s][debug  ][gc,phases      ] GC(15) Weak Processing 0.842ms
[4.577s][debug  ][gc,ergo        ] GC(15) AdaptiveSizeStart:  collection: 16 
[4.577s][debug  ][gc,ergo        ] GC(15) avg_survived_padded_avg: 33620700.000000
[4.577s][debug  ][gc,ergo        ] GC(15) avg_promoted_padded_avg: 237361616.000000  avg_pretenured_padded_avg: 0.000000  tenuring_thresh: 1  target_size: 34078720
[4.577s][debug  ][gc,age         ] GC(15) Desired survivor size 34078720 bytes, new threshold 1 (max threshold 15)
[4.577s][debug  ][gc,ergo        ] GC(15) PSAdaptiveSizePolicy::compute_eden_space_size limits: desired_eden_size: 273457404 old_eden_size: 200278016 eden_limit: 200278016 cur_eden: 200278016 max_eden_size: 200278016 avg_young_live: 27536900
[4.577s][debug  ][gc,ergo        ] GC(15) PSAdaptiveSizePolicy::compute_eden_space_size: costs minor_time: 0.052841 major_cost: 0.034231 mutator_cost: 0.912928 throughput_goal: 0.990000
[4.577s][debug  ][gc,ergo        ] GC(15) Live_space: 790477824 free_space: 560988160
[4.577s][debug  ][gc,ergo        ] GC(15) Old eden_size: 200278016 desired_eden_size: 200278016
[4.577s][debug  ][gc,ergo        ] GC(15) AdaptiveSizeStop: collection: 16 
[4.577s][info   ][gc,heap        ] GC(15) PSYoungGen: 218764K(228864K)->30720K(228864K) Eden: 188044K(195584K)->0K(195584K) From: 30720K(33280K)->30720K(33280K)
[4.577s][info   ][gc,heap        ] GC(15) ParOldGen: 308835K(743936K)->493155K(743936K)
[4.577s][info   ][gc,metaspace   ] GC(15) Metaspace: 1019K(1152K)->1019K(1152K) NonClass: 935K(960K)->935K(960K) Class: 83K(192K)->83K(192K)
[4.577s][info   ][gc             ] GC(15) Pause Young (Allocation Failure) 515M->511M(950M) 16.381ms
[4.577s][info   ][gc,cpu         ] GC(15) User=0.08s Sys=0.00s Real=0.02s
[4.577s][debug  ][gc,heap        ] GC(15) Heap after GC invocations=16 (full 2):
[4.577s][debug  ][gc,heap        ] GC(15)  PSYoungGen      total 228864K, used 30720K [0x00000000f0000000, 0x0000000100000000, 0x0000000100000000)
[4.577s][debug  ][gc,heap        ] GC(15)   eden space 195584K, 0% used [0x00000000f0000000,0x00000000f0000000,0x00000000fbf00000)
[4.577s][debug  ][gc,heap        ] GC(15)   from space 33280K, 92% used [0x00000000fdf80000,0x00000000ffd80030,0x0000000100000000)
[4.577s][debug  ][gc,heap        ] GC(15)   to   space 33280K, 0% used [0x00000000fbf00000,0x00000000fbf00000,0x00000000fdf80000)
[4.578s][debug  ][gc,heap        ] GC(15)  ParOldGen       total 743936K, used 493155K [0x0000000080000000, 0x00000000ad680000, 0x00000000f0000000)
[4.578s][debug  ][gc,heap        ] GC(15)   object space 743936K, 66% used [0x0000000080000000,0x000000009e198e18,0x00000000ad680000)
[4.578s][debug  ][gc,heap        ] GC(15)  Metaspace       used 1019K, committed 1152K, reserved 1056768K
[4.578s][debug  ][gc,heap        ] GC(15)   class space    used 83K, committed 192K, reserved 1048576K
[4.578s][debug  ][gc,task,time   ] GC(15) VM-Thread 45605086 45754174 45776215
[4.863s][debug  ][gc,heap        ] GC(16) Heap before GC invocations=17 (full 2):
[4.863s][debug  ][gc,heap        ] GC(16)  PSYoungGen      total 228864K, used 218803K [0x00000000f0000000, 0x0000000100000000, 0x0000000100000000)
[4.863s][debug  ][gc,heap        ] GC(16)   eden space 195584K, 96% used [0x00000000f0000000,0x00000000fb7acd20,0x00000000fbf00000)
[4.863s][debug  ][gc,heap        ] GC(16)   from space 33280K, 92% used [0x00000000fdf80000,0x00000000ffd80030,0x0000000100000000)
[4.863s][debug  ][gc,heap        ] GC(16)   to   space 33280K, 0% used [0x00000000fbf00000,0x00000000fbf00000,0x00000000fdf80000)
[4.863s][debug  ][gc,heap        ] GC(16)  ParOldGen       total 743936K, used 493155K [0x0000000080000000, 0x00000000ad680000, 0x00000000f0000000)
[4.863s][debug  ][gc,heap        ] GC(16)   object space 743936K, 66% used [0x0000000080000000,0x000000009e198e18,0x00000000ad680000)
[4.863s][debug  ][gc,heap        ] GC(16)  Metaspace       used 1019K, committed 1152K, reserved 1056768K
[4.863s][debug  ][gc,heap        ] GC(16)   class space    used 83K, committed 192K, reserved 1048576K
[4.863s][debug  ][gc,tlab        ] GC(16) TLAB totals: thrds: 1  refills: 1 max: 1 slow allocs: 17 max 17 waste: 26.9% gc: 3853312B max: 3853312B slow: 0B max: 0B
[4.863s][info   ][gc,start       ] GC(16) Pause Young (Allocation Failure)
[4.863s][debug  ][gc,phases,start] GC(16) Scavenge
[4.877s][debug  ][gc,phases      ] GC(16) Scavenge 14.121ms
[4.877s][debug  ][gc,phases,start] GC(16) Reference Processing
[4.877s][debug  ][gc,ref         ] GC(16) Skipped phase 1 of Reference Processing: no references
[4.877s][debug  ][gc,ref         ] GC(16) Skipped phase 2 of Reference Processing: no references
[4.877s][debug  ][gc,ref         ] GC(16) Skipped phase 3 of Reference Processing: no references
[4.877s][debug  ][gc,ref         ] GC(16) Skipped phase 4 of Reference Processing: no references
[4.877s][debug  ][gc,phases,ref  ] GC(16) Reference Processing: 0.1ms
[4.877s][debug  ][gc,phases,ref  ] GC(16)   Reconsider SoftReferences: 0.0ms
[4.877s][debug  ][gc,phases,ref  ] GC(16)     SoftRef (ms):                  skipped
[4.877s][debug  ][gc,phases,ref  ] GC(16)   Notify Soft/WeakReferences: 0.0ms
[4.877s][debug  ][gc,phases,ref  ] GC(16)     SoftRef (ms):                  skipped
[4.877s][debug  ][gc,phases,ref  ] GC(16)     WeakRef (ms):                  skipped
[4.877s][debug  ][gc,phases,ref  ] GC(16)     FinalRef (ms):                 skipped
[4.877s][debug  ][gc,phases,ref  ] GC(16)     Total (ms):                    skipped
[4.877s][debug  ][gc,phases,ref  ] GC(16)   Notify and keep alive finalizable: 0.0ms
[4.878s][debug  ][gc,phases,ref  ] GC(16)     FinalRef (ms):                 skipped
[4.878s][debug  ][gc,phases,ref  ] GC(16)   Notify PhantomReferences: 0.0ms
[4.878s][debug  ][gc,phases,ref  ] GC(16)     PhantomRef (ms):               skipped
[4.878s][debug  ][gc,phases,ref  ] GC(16)   SoftReference:
[4.878s][debug  ][gc,phases,ref  ] GC(16)     Discovered: 0
[4.878s][debug  ][gc,phases,ref  ] GC(16)     Cleared: 0
[4.878s][debug  ][gc,phases,ref  ] GC(16)   WeakReference:
[4.878s][debug  ][gc,phases,ref  ] GC(16)     Discovered: 0
[4.878s][debug  ][gc,phases,ref  ] GC(16)     Cleared: 0
[4.878s][debug  ][gc,phases,ref  ] GC(16)   FinalReference:
[4.878s][debug  ][gc,phases,ref  ] GC(16)     Discovered: 0
[4.878s][debug  ][gc,phases,ref  ] GC(16)     Cleared: 0
[4.878s][debug  ][gc,phases,ref  ] GC(16)   PhantomReference:
[4.878s][debug  ][gc,phases,ref  ] GC(16)     Discovered: 0
[4.878s][debug  ][gc,phases,ref  ] GC(16)     Cleared: 0
[4.878s][debug  ][gc,phases      ] GC(16) Reference Processing 0.691ms
[4.878s][debug  ][gc,phases,start] GC(16) Weak Processing
[4.878s][debug  ][gc,phases      ] GC(16)   VM Weak                        Min:  0.0, Avg:  0.0, Max:  0.0, Diff:  0.0, Sum:  0.0, Workers: 6
[4.878s][debug  ][gc,phases      ] GC(16)     Dead                           Min: 0, Avg:  0.0, Max: 0, Diff: 0, Sum: 0, Workers: 6
[4.878s][debug  ][gc,phases      ] GC(16)     Total                          Min: 0, Avg:  1.3, Max: 8, Diff: 8, Sum: 8, Workers: 6
[4.878s][debug  ][gc,phases      ] GC(16)   ObjectSynchronizer Weak        Min:  0.0, Avg:  0.0, Max:  0.0, Diff:  0.0, Sum:  0.0, Workers: 6
[4.878s][debug  ][gc,phases      ] GC(16)     Dead                           Min: 0, Avg:  0.0, Max: 0, Diff: 0, Sum: 0, Workers: 6
[4.878s][debug  ][gc,phases      ] GC(16)     Total                          Min: 0, Avg:  0.5, Max: 3, Diff: 3, Sum: 3, Workers: 6
[4.878s][debug  ][gc,phases      ] GC(16)   JVMTI Tag Weak OopStorage      Min:  0.0, Avg:  0.0, Max:  0.0, Diff:  0.0, Sum:  0.0, Workers: 6
[4.878s][debug  ][gc,phases      ] GC(16)     Dead                           Min: 0, Avg:  0.0, Max: 0, Diff: 0, Sum: 0, Workers: 6
[4.878s][debug  ][gc,phases      ] GC(16)     Total                          Min: 0, Avg:  0.0, Max: 0, Diff: 0, Sum: 0, Workers: 6
[4.878s][debug  ][gc,phases      ] GC(16)   StringTable Weak               Min:  0.0, Avg:  0.0, Max:  0.0, Diff:  0.0, Sum:  0.0, Workers: 6
[4.878s][debug  ][gc,phases      ] GC(16)     Dead                           Min: 0, Avg:  0.0, Max: 0, Diff: 0, Sum: 0, Workers: 6
[4.878s][debug  ][gc,phases      ] GC(16)     Total                          Min: 704, Avg: 891.8, Max: 1088, Diff: 384, Sum: 5351, Workers: 6
[4.878s][debug  ][gc,phases      ] GC(16)   ResolvedMethodTable Weak       Min:  0.0, Avg:  0.0, Max:  0.0, Diff:  0.0, Sum:  0.0, Workers: 6
[4.878s][debug  ][gc,phases      ] GC(16)     Dead                           Min: 0, Avg:  0.0, Max: 0, Diff: 0, Sum: 0, Workers: 6
[4.878s][debug  ][gc,phases      ] GC(16)     Total                          Min: 0, Avg: 21.7, Max: 64, Diff: 64, Sum: 130, Workers: 6
[4.878s][debug  ][gc,phases      ] GC(16)   JNI Weak                       Min:  0.0, Avg:  0.0, Max:  0.0, Diff:  0.0, Sum:  0.0, Workers: 6
[4.878s][debug  ][gc,phases      ] GC(16)     Dead                           Min: 0, Avg:  0.0, Max: 0, Diff: 0, Sum: 0, Workers: 6
[4.878s][debug  ][gc,phases      ] GC(16)     Total                          Min: 0, Avg:  0.0, Max: 0, Diff: 0, Sum: 0, Workers: 6
[4.879s][debug  ][gc,phases      ] GC(16)   StringDedup Table Weak         Min:  0.0, Avg:  0.0, Max:  0.0, Diff:  0.0, Sum:  0.0, Workers: 6
[4.879s][debug  ][gc,phases      ] GC(16)     Dead                           Min: 0, Avg:  0.0, Max: 0, Diff: 0, Sum: 0, Workers: 6
[4.879s][debug  ][gc,phases      ] GC(16)     Total                          Min: 0, Avg:  0.0, Max: 0, Diff: 0, Sum: 0, Workers: 6
[4.879s][debug  ][gc,phases      ] GC(16)   StringDedup Requests0 Weak     Min:  0.0, Avg:  0.0, Max:  0.0, Diff:  0.0, Sum:  0.0, Workers: 6
[4.879s][debug  ][gc,phases      ] GC(16)     Dead                           Min: 0, Avg:  0.0, Max: 0, Diff: 0, Sum: 0, Workers: 6
[4.879s][debug  ][gc,phases      ] GC(16)     Total                          Min: 0, Avg:  0.0, Max: 0, Diff: 0, Sum: 0, Workers: 6
[4.879s][debug  ][gc,phases      ] GC(16)   StringDedup Requests1 Weak     Min:  0.0, Avg:  0.0, Max:  0.0, Diff:  0.0, Sum:  0.0, Workers: 6
[4.879s][debug  ][gc,phases      ] GC(16)     Dead                           Min: 0, Avg:  0.0, Max: 0, Diff: 0, Sum: 0, Workers: 6
[4.879s][debug  ][gc,phases      ] GC(16)     Total                          Min: 0, Avg:  0.0, Max: 0, Diff: 0, Sum: 0, Workers: 6
[4.879s][debug  ][gc,phases      ] GC(16)   Weak JFR Old Object Samples    Min:  0.0, Avg:  0.0, Max:  0.0, Diff:  0.0, Sum:  0.0, Workers: 6
[4.879s][debug  ][gc,phases      ] GC(16)     Dead                           Min: 0, Avg:  0.0, Max: 0, Diff: 0, Sum: 0, Workers: 6
[4.879s][debug  ][gc,phases      ] GC(16)     Total                          Min: 0, Avg:  0.0, Max: 0, Diff: 0, Sum: 0, Workers: 6
[4.879s][debug  ][gc,phases      ] GC(16) Weak Processing 1.062ms
[4.879s][debug  ][gc,ergo        ] GC(16) AdaptiveSizeStart:  collection: 17 
[4.879s][debug  ][gc,ergo        ] GC(16) avg_survived_padded_avg: 33566076.000000
[4.879s][debug  ][gc,ergo        ] GC(16) avg_promoted_padded_avg: 238511264.000000  avg_pretenured_padded_avg: 0.000000  tenuring_thresh: 1  target_size: 34078720
[4.879s][debug  ][gc,age         ] GC(16) Desired survivor size 34078720 bytes, new threshold 1 (max threshold 15)
[4.879s][debug  ][gc,ergo        ] GC(16) PSAdaptiveSizePolicy::compute_eden_space_size limits: desired_eden_size: 273482277 old_eden_size: 200278016 eden_limit: 200278016 cur_eden: 200278016 max_eden_size: 200278016 avg_young_live: 27928940
[4.879s][debug  ][gc,ergo        ] GC(16) PSAdaptiveSizePolicy::compute_eden_space_size: costs minor_time: 0.052886 major_cost: 0.034231 mutator_cost: 0.912882 throughput_goal: 0.990000
[4.879s][debug  ][gc,ergo        ] GC(16) Live_space: 790869888 free_space: 560988160
[4.879s][debug  ][gc,ergo        ] GC(16) Old eden_size: 200278016 desired_eden_size: 200278016
[4.879s][debug  ][gc,ergo        ] GC(16) AdaptiveSizeStop: collection: 17 
[4.879s][info   ][gc,heap        ] GC(16) PSYoungGen: 218803K(228864K)->30720K(228864K) Eden: 188083K(195584K)->0K(195584K) From: 30720K(33280K)->30720K(33280K)
[4.879s][info   ][gc,heap        ] GC(16) ParOldGen: 493155K(743936K)->677475K(743936K)
[4.879s][info   ][gc,metaspace   ] GC(16) Metaspace: 1019K(1152K)->1019K(1152K) NonClass: 935K(960K)->935K(960K) Class: 83K(192K)->83K(192K)
[4.879s][info   ][gc             ] GC(16) Pause Young (Allocation Failure) 695M->691M(950M) 16.392ms
[4.879s][info   ][gc,cpu         ] GC(16) User=0.00s Sys=0.00s Real=0.02s
[4.879s][debug  ][gc,heap        ] GC(16) Heap after GC invocations=17 (full 2):
[4.879s][debug  ][gc,heap        ] GC(16)  PSYoungGen      total 228864K, used 30720K [0x00000000f0000000, 0x0000000100000000, 0x0000000100000000)
[4.879s][debug  ][gc,heap        ] GC(16)   eden space 195584K, 0% used [0x00000000f0000000,0x00000000f0000000,0x00000000fbf00000)
[4.879s][debug  ][gc,heap        ] GC(16)   from space 33280K, 92% used [0x00000000fbf00000,0x00000000fdd00030,0x00000000fdf80000)
[4.879s][debug  ][gc,heap        ] GC(16)   to   space 33280K, 0% used [0x00000000fdf80000,0x00000000fdf80000,0x0000000100000000)
[4.879s][debug  ][gc,heap        ] GC(16)  ParOldGen       total 743936K, used 677475K [0x0000000080000000, 0x00000000ad680000, 0x00000000f0000000)
[4.879s][debug  ][gc,heap        ] GC(16)   object space 743936K, 91% used [0x0000000080000000,0x00000000a9598f38,0x00000000ad680000)
[4.880s][debug  ][gc,heap        ] GC(16)  Metaspace       used 1019K, committed 1152K, reserved 1056768K
[4.880s][debug  ][gc,heap        ] GC(16)   class space    used 83K, committed 192K, reserved 1048576K
[4.880s][debug  ][gc,task,time   ] GC(16) VM-Thread 48625548 48771577 48795589
[4.880s][debug  ][gc,phases,start] GC(17) Pre Compact
[4.880s][debug  ][gc,heap        ] GC(17) Heap before GC invocations=18 (full 3):
[4.880s][debug  ][gc,heap        ] GC(17)  PSYoungGen      total 228864K, used 30720K [0x00000000f0000000, 0x0000000100000000, 0x0000000100000000)
[4.880s][debug  ][gc,heap        ] GC(17)   eden space 195584K, 0% used [0x00000000f0000000,0x00000000f0000000,0x00000000fbf00000)
[4.880s][debug  ][gc,heap        ] GC(17)   from space 33280K, 92% used [0x00000000fbf00000,0x00000000fdd00030,0x00000000fdf80000)
[4.880s][debug  ][gc,heap        ] GC(17)   to   space 33280K, 0% used [0x00000000fdf80000,0x00000000fdf80000,0x0000000100000000)
[4.880s][debug  ][gc,heap        ] GC(17)  ParOldGen       total 743936K, used 677475K [0x0000000080000000, 0x00000000ad680000, 0x00000000f0000000)
[4.880s][debug  ][gc,heap        ] GC(17)   object space 743936K, 91% used [0x0000000080000000,0x00000000a9598f38,0x00000000ad680000)
[4.880s][debug  ][gc,heap        ] GC(17)  Metaspace       used 1019K, committed 1152K, reserved 1056768K
[4.880s][debug  ][gc,heap        ] GC(17)   class space    used 83K, committed 192K, reserved 1048576K
[4.880s][debug  ][gc,phases      ] GC(17) Pre Compact 0.213ms
[4.880s][info   ][gc,start       ] GC(17) Pause Full (Ergonomics)
[4.880s][info   ][gc,phases,start] GC(17) Marking Phase
[4.880s][debug  ][gc,phases,start] GC(17) Par Mark
[4.880s][debug  ][gc,phases      ] GC(17) Par Mark 0.563ms
[4.880s][debug  ][gc,phases,start] GC(17) Reference Processing
[4.881s][debug  ][gc,ref         ] GC(17) Skipped phase 1 of Reference Processing: no references
[4.881s][debug  ][gc,ref         ] GC(17) ReferenceProcessor::execute queues: 1, RefProcThreadModel::Single, marks_oops_alive: false
[4.881s][debug  ][gc,ref         ] GC(17) Skipped phase 3 of Reference Processing: no references
[4.881s][debug  ][gc,ref         ] GC(17) ReferenceProcessor::execute queues: 1, RefProcThreadModel::Single, marks_oops_alive: false
[4.881s][debug  ][gc,phases,ref  ] GC(17) Reference Processing: 0.1ms
[4.881s][debug  ][gc,phases,ref  ] GC(17)   Reconsider SoftReferences: 0.0ms
[4.881s][debug  ][gc,phases,ref  ] GC(17)     SoftRef (ms):                  skipped
[4.881s][debug  ][gc,phases,ref  ] GC(17)   Notify Soft/WeakReferences: 0.0ms
[4.881s][debug  ][gc,phases,ref  ] GC(17)     SoftRef (ms):                  Min:  0.0, Avg:  0.0, Max:  0.0, Diff:  0.0, Sum:  0.0, Workers: 6
[4.881s][debug  ][gc,phases,ref  ] GC(17)     WeakRef (ms):                  Min:  0.0, Avg:  0.0, Max:  0.0, Diff:  0.0, Sum:  0.0, Workers: 6
[4.881s][debug  ][gc,phases,ref  ] GC(17)     FinalRef (ms):                 Min:  0.0, Avg:  0.0, Max:  0.0, Diff:  0.0, Sum:  0.0, Workers: 6
[4.881s][debug  ][gc,phases,ref  ] GC(17)     Total (ms):                    Min:  0.0, Avg:  0.0, Max:  0.0, Diff:  0.0, Sum:  0.0, Workers: 6
[4.881s][debug  ][gc,phases,ref  ] GC(17)   Notify and keep alive finalizable: 0.0ms
[4.881s][debug  ][gc,phases,ref  ] GC(17)     FinalRef (ms):                 skipped
[4.881s][debug  ][gc,phases,ref  ] GC(17)   Notify PhantomReferences: 0.0ms
[4.881s][debug  ][gc,phases,ref  ] GC(17)     PhantomRef (ms):               Min:  0.0, Avg:  0.0, Max:  0.0, Diff:  0.0, Sum:  0.0, Workers: 6
[4.881s][debug  ][gc,phases,ref  ] GC(17)   SoftReference:
[4.881s][debug  ][gc,phases,ref  ] GC(17)     Discovered: 0
[4.881s][debug  ][gc,phases,ref  ] GC(17)     Cleared: 0
[4.881s][debug  ][gc,phases,ref  ] GC(17)   WeakReference:
[4.881s][debug  ][gc,phases,ref  ] GC(17)     Discovered: 106
[4.881s][debug  ][gc,phases,ref  ] GC(17)     Cleared: 106
[4.881s][debug  ][gc,phases,ref  ] GC(17)   FinalReference:
[4.881s][debug  ][gc,phases,ref  ] GC(17)     Discovered: 0
[4.881s][debug  ][gc,phases,ref  ] GC(17)     Cleared: 0
[4.881s][debug  ][gc,phases,ref  ] GC(17)   PhantomReference:
[4.881s][debug  ][gc,phases,ref  ] GC(17)     Discovered: 3
[4.881s][debug  ][gc,phases,ref  ] GC(17)     Cleared: 3
[4.881s][debug  ][gc,phases      ] GC(17) Reference Processing 0.721ms
[4.881s][debug  ][gc,phases,start] GC(17) Weak Processing
[4.881s][debug  ][gc,phases      ] GC(17)   VM Weak                        Min:  0.0, Avg:  0.0, Max:  0.0, Diff:  0.0, Sum:  0.0, Workers: 6
[4.881s][debug  ][gc,phases      ] GC(17)     Dead                           Min: 0, Avg:  0.0, Max: 0, Diff: 0, Sum: 0, Workers: 6
[4.881s][debug  ][gc,phases      ] GC(17)     Total                          Min: 0, Avg:  1.3, Max: 8, Diff: 8, Sum: 8, Workers: 6
[4.881s][debug  ][gc,phases      ] GC(17)   ObjectSynchronizer Weak        Min:  0.0, Avg:  0.0, Max:  0.0, Diff:  0.0, Sum:  0.0, Workers: 6
[4.881s][debug  ][gc,phases      ] GC(17)     Dead                           Min: 0, Avg:  0.0, Max: 0, Diff: 0, Sum: 0, Workers: 6
[4.881s][debug  ][gc,phases      ] GC(17)     Total                          Min: 0, Avg:  0.5, Max: 3, Diff: 3, Sum: 3, Workers: 6
[4.881s][debug  ][gc,phases      ] GC(17)   JVMTI Tag Weak OopStorage      Min:  0.0, Avg:  0.0, Max:  0.0, Diff:  0.0, Sum:  0.0, Workers: 6
[4.881s][debug  ][gc,phases      ] GC(17)     Dead                           Min: 0, Avg:  0.0, Max: 0, Diff: 0, Sum: 0, Workers: 6
[4.881s][debug  ][gc,phases      ] GC(17)     Total                          Min: 0, Avg:  0.0, Max: 0, Diff: 0, Sum: 0, Workers: 6
[4.881s][debug  ][gc,phases      ] GC(17)   StringTable Weak               Min:  0.0, Avg:  0.0, Max:  0.0, Diff:  0.0, Sum:  0.0, Workers: 6
[4.881s][debug  ][gc,phases      ] GC(17)     Dead                           Min: 0, Avg:  0.0, Max: 0, Diff: 0, Sum: 0, Workers: 6
[4.882s][debug  ][gc,phases      ] GC(17)     Total                          Min: 768, Avg: 891.8, Max: 1024, Diff: 256, Sum: 5351, Workers: 6
[4.882s][debug  ][gc,phases      ] GC(17)   ResolvedMethodTable Weak       Min:  0.0, Avg:  0.0, Max:  0.0, Diff:  0.0, Sum:  0.0, Workers: 6
[4.882s][debug  ][gc,phases      ] GC(17)     Dead                           Min: 0, Avg:  0.0, Max: 0, Diff: 0, Sum: 0, Workers: 6
[4.882s][debug  ][gc,phases      ] GC(17)     Total                          Min: 0, Avg: 21.7, Max: 64, Diff: 64, Sum: 130, Workers: 6
[4.882s][debug  ][gc,phases      ] GC(17)   JNI Weak                       Min:  0.0, Avg:  0.0, Max:  0.0, Diff:  0.0, Sum:  0.0, Workers: 6
[4.882s][debug  ][gc,phases      ] GC(17)     Dead                           Min: 0, Avg:  0.0, Max: 0, Diff: 0, Sum: 0, Workers: 6
[4.882s][debug  ][gc,phases      ] GC(17)     Total                          Min: 0, Avg:  0.0, Max: 0, Diff: 0, Sum: 0, Workers: 6
[4.882s][debug  ][gc,phases      ] GC(17)   StringDedup Table Weak         Min:  0.0, Avg:  0.0, Max:  0.0, Diff:  0.0, Sum:  0.0, Workers: 6
[4.882s][debug  ][gc,phases      ] GC(17)     Dead                           Min: 0, Avg:  0.0, Max: 0, Diff: 0, Sum: 0, Workers: 6
[4.882s][debug  ][gc,phases      ] GC(17)     Total                          Min: 0, Avg:  0.0, Max: 0, Diff: 0, Sum: 0, Workers: 6
[4.882s][debug  ][gc,phases      ] GC(17)   StringDedup Requests0 Weak     Min:  0.0, Avg:  0.0, Max:  0.0, Diff:  0.0, Sum:  0.0, Workers: 6
[4.882s][debug  ][gc,phases      ] GC(17)     Dead                           Min: 0, Avg:  0.0, Max: 0, Diff: 0, Sum: 0, Workers: 6
[4.882s][debug  ][gc,phases      ] GC(17)     Total                          Min: 0, Avg:  0.0, Max: 0, Diff: 0, Sum: 0, Workers: 6
[4.882s][debug  ][gc,phases      ] GC(17)   StringDedup Requests1 Weak     Min:  0.0, Avg:  0.0, Max:  0.0, Diff:  0.0, Sum:  0.0, Workers: 6
[4.882s][debug  ][gc,phases      ] GC(17)     Dead                           Min: 0, Avg:  0.0, Max: 0, Diff: 0, Sum: 0, Workers: 6
[4.882s][debug  ][gc,phases      ] GC(17)     Total                          Min: 0, Avg:  0.0, Max: 0, Diff: 0, Sum: 0, Workers: 6
[4.882s][debug  ][gc,phases      ] GC(17)   Weak JFR Old Object Samples    Min:  0.0, Avg:  0.0, Max:  0.0, Diff:  0.0, Sum:  0.0, Workers: 6
[4.882s][debug  ][gc,phases      ] GC(17)     Dead                           Min: 0, Avg:  0.0, Max: 0, Diff: 0, Sum: 0, Workers: 6
[4.882s][debug  ][gc,phases      ] GC(17)     Total                          Min: 0, Avg:  0.0, Max: 0, Diff: 0, Sum: 0, Workers: 6
[4.882s][debug  ][gc,phases      ] GC(17) Weak Processing 0.727ms
[4.882s][debug  ][gc,phases,start] GC(17) Class Unloading
[4.882s][debug  ][gc,phases,start] GC(17) ClassLoaderData
[4.882s][debug  ][gc,phases      ] GC(17) ClassLoaderData 0.019ms
[4.882s][debug  ][gc,phases,start] GC(17) Trigger cleanups
[4.882s][debug  ][gc,phases      ] GC(17) Trigger cleanups 0.018ms
[4.882s][debug  ][gc,phases      ] GC(17) Class Unloading 0.254ms
[4.882s][info   ][gc,phases      ] GC(17) Marking Phase 2.391ms
[4.882s][info   ][gc,phases,start] GC(17) Summary Phase
[4.882s][info   ][gc,phases      ] GC(17) Summary Phase 0.028ms
[4.882s][info   ][gc,phases,start] GC(17) Adjust Roots
[4.882s][info   ][gc,phases      ] GC(17) Adjust Roots 0.150ms
[4.882s][info   ][gc,phases,start] GC(17) Compaction Phase
[4.886s][info   ][gc,phases      ] GC(17) Compaction Phase 3.120ms
[4.886s][info   ][gc,phases,start] GC(17) Post Compact
[4.888s][info   ][gc,phases      ] GC(17) Post Compact 2.173ms
[4.888s][debug  ][gc,ergo        ] GC(17) AdaptiveSizeStart: collection: 18 
[4.888s][debug  ][gc,ergo        ] GC(17) PSAdaptiveSizePolicy::compute_eden_space_size limits: desired_eden_size: 281353347 old_eden_size: 200278016 eden_limit: 200278016 cur_eden: 200278016 max_eden_size: 200278016 avg_young_live: 25136046
[4.888s][debug  ][gc,ergo        ] GC(17) PSAdaptiveSizePolicy::compute_eden_space_size: costs minor_time: 0.052886 major_cost: 0.025773 mutator_cost: 0.921340 throughput_goal: 0.990000
[4.888s][debug  ][gc,ergo        ] GC(17) Live_space: 788076928 free_space: 560988160
[4.888s][debug  ][gc,ergo        ] GC(17) Old eden_size: 200278016 desired_eden_size: 200278016
[4.888s][debug  ][gc,ergo        ] GC(17) PSAdaptiveSizePolicy::compute_old_gen_free_space: costs minor_time: 0.052886 major_cost: 0.025773  mutator_cost: 0.921340 throughput_goal: 0.990000
[4.888s][debug  ][gc,ergo        ] GC(17) Live_space: 864203648 free_space: 560988160
[4.888s][debug  ][gc,ergo        ] GC(17) Old promo_size: 360710144 desired_promo_size: 432013312
[4.889s][debug  ][gc             ] GC(17) Expanding ParOldGen from 743936K by 619520K to 1363456K
[4.889s][debug  ][gc,ergo        ] GC(17) AdaptiveSizeStop: collection: 18 
[4.889s][info   ][gc,heap        ] GC(17) PSYoungGen: 30720K(228864K)->0K(228864K) Eden: 0K(195584K)->0K(195584K) From: 30720K(33280K)->0K(33280K)
[4.889s][info   ][gc,heap        ] GC(17) ParOldGen: 677475K(743936K)->708195K(1363456K)
[4.889s][info   ][gc,metaspace   ] GC(17) Metaspace: 1019K(1152K)->1019K(1152K) NonClass: 935K(960K)->935K(960K) Class: 83K(192K)->83K(192K)
[4.889s][info   ][gc             ] GC(17) Pause Full (Ergonomics) 691M->691M(1555M) 9.631ms
[4.889s][info   ][gc,cpu         ] GC(17) User=0.00s Sys=0.00s Real=0.01s
[4.890s][debug  ][gc,heap        ] GC(17) Heap after GC invocations=18 (full 3):
[4.890s][debug  ][gc,heap        ] GC(17)  PSYoungGen      total 228864K, used 0K [0x00000000f0000000, 0x0000000100000000, 0x0000000100000000)
[4.890s][debug  ][gc,heap        ] GC(17)   eden space 195584K, 0% used [0x00000000f0000000,0x00000000f0000000,0x00000000fbf00000)
[4.890s][debug  ][gc,heap        ] GC(17)   from space 33280K, 0% used [0x00000000fdf80000,0x00000000fdf80000,0x0000000100000000)
[4.890s][debug  ][gc,heap        ] GC(17)   to   space 33280K, 0% used [0x00000000fbf00000,0x00000000fbf00000,0x00000000fdf80000)
[4.890s][debug  ][gc,heap        ] GC(17)  ParOldGen       total 1363456K, used 708195K [0x0000000080000000, 0x00000000d3380000, 0x00000000f0000000)
[4.890s][debug  ][gc,heap        ] GC(17)   object space 1363456K, 51% used [0x0000000080000000,0x00000000ab398f68,0x00000000d3380000)
[4.890s][debug  ][gc,heap        ] GC(17)  Metaspace       used 1019K, committed 1152K, reserved 1056768K
[4.890s][debug  ][gc,heap        ] GC(17)   class space    used 83K, committed 192K, reserved 1048576K
[4.890s][debug  ][gc,task,time   ] GC(17) VM-Thread 48798430 48824943 48894999
[5.176s][debug  ][gc,heap        ] GC(18) Heap before GC invocations=19 (full 3):
[5.177s][debug  ][gc,heap        ] GC(18)  PSYoungGen      total 228864K, used 188107K [0x00000000f0000000, 0x0000000100000000, 0x0000000100000000)
[5.177s][debug  ][gc,heap        ] GC(18)   eden space 195584K, 96% used [0x00000000f0000000,0x00000000fb7b2fb8,0x00000000fbf00000)
[5.177s][debug  ][gc,heap        ] GC(18)   from space 33280K, 0% used [0x00000000fdf80000,0x00000000fdf80000,0x0000000100000000)
[5.177s][debug  ][gc,heap        ] GC(18)   to   space 33280K, 0% used [0x00000000fbf00000,0x00000000fbf00000,0x00000000fdf80000)
[5.177s][debug  ][gc,heap        ] GC(18)  ParOldGen       total 1363456K, used 708195K [0x0000000080000000, 0x00000000d3380000, 0x00000000f0000000)
[5.177s][debug  ][gc,heap        ] GC(18)   object space 1363456K, 51% used [0x0000000080000000,0x00000000ab398f68,0x00000000d3380000)
[5.177s][debug  ][gc,heap        ] GC(18)  Metaspace       used 1019K, committed 1152K, reserved 1056768K
[5.177s][debug  ][gc,heap        ] GC(18)   class space    used 83K, committed 192K, reserved 1048576K
[5.177s][debug  ][gc,tlab        ] GC(18) TLAB totals: thrds: 1  refills: 1 max: 1 slow allocs: 17 max 17 waste: 27.0% gc: 3878552B max: 3878552B slow: 0B max: 0B
[5.177s][info   ][gc,start       ] GC(18) Pause Young (Allocation Failure)
[5.177s][debug  ][gc,phases,start] GC(18) Scavenge
[5.193s][debug  ][gc,phases      ] GC(18) Scavenge 16.453ms
[5.193s][debug  ][gc,phases,start] GC(18) Reference Processing
[5.194s][debug  ][gc,ref         ] GC(18) Skipped phase 1 of Reference Processing: no references
[5.194s][debug  ][gc,ref         ] GC(18) Skipped phase 2 of Reference Processing: no references
[5.194s][debug  ][gc,ref         ] GC(18) Skipped phase 3 of Reference Processing: no references
[5.194s][debug  ][gc,ref         ] GC(18) Skipped phase 4 of Reference Processing: no references
[5.194s][debug  ][gc,phases,ref  ] GC(18) Reference Processing: 0.1ms
[5.194s][debug  ][gc,phases,ref  ] GC(18)   Reconsider SoftReferences: 0.0ms
[5.194s][debug  ][gc,phases,ref  ] GC(18)     SoftRef (ms):                  skipped
[5.194s][debug  ][gc,phases,ref  ] GC(18)   Notify Soft/WeakReferences: 0.0ms
[5.194s][debug  ][gc,phases,ref  ] GC(18)     SoftRef (ms):                  skipped
[5.194s][debug  ][gc,phases,ref  ] GC(18)     WeakRef (ms):                  skipped
[5.194s][debug  ][gc,phases,ref  ] GC(18)     FinalRef (ms):                 skipped
[5.194s][debug  ][gc,phases,ref  ] GC(18)     Total (ms):                    skipped
[5.194s][debug  ][gc,phases,ref  ] GC(18)   Notify and keep alive finalizable: 0.0ms
[5.194s][debug  ][gc,phases,ref  ] GC(18)     FinalRef (ms):                 skipped
[5.194s][debug  ][gc,phases,ref  ] GC(18)   Notify PhantomReferences: 0.0ms
[5.194s][debug  ][gc,phases,ref  ] GC(18)     PhantomRef (ms):               skipped
[5.194s][debug  ][gc,phases,ref  ] GC(18)   SoftReference:
[5.194s][debug  ][gc,phases,ref  ] GC(18)     Discovered: 0
[5.194s][debug  ][gc,phases,ref  ] GC(18)     Cleared: 0
[5.194s][debug  ][gc,phases,ref  ] GC(18)   WeakReference:
[5.194s][debug  ][gc,phases,ref  ] GC(18)     Discovered: 0
[5.194s][debug  ][gc,phases,ref  ] GC(18)     Cleared: 0
[5.194s][debug  ][gc,phases,ref  ] GC(18)   FinalReference:
[5.194s][debug  ][gc,phases,ref  ] GC(18)     Discovered: 0
[5.194s][debug  ][gc,phases,ref  ] GC(18)     Cleared: 0
[5.194s][debug  ][gc,phases,ref  ] GC(18)   PhantomReference:
[5.194s][debug  ][gc,phases,ref  ] GC(18)     Discovered: 0
[5.194s][debug  ][gc,phases,ref  ] GC(18)     Cleared: 0
[5.194s][debug  ][gc,phases      ] GC(18) Reference Processing 0.575ms
[5.194s][debug  ][gc,phases,start] GC(18) Weak Processing
[5.194s][debug  ][gc,phases      ] GC(18)   VM Weak                        Min:  0.0, Avg:  0.0, Max:  0.0, Diff:  0.0, Sum:  0.0, Workers: 6
[5.194s][debug  ][gc,phases      ] GC(18)     Dead                           Min: 0, Avg:  0.0, Max: 0, Diff: 0, Sum: 0, Workers: 6
[5.194s][debug  ][gc,phases      ] GC(18)     Total                          Min: 0, Avg:  1.3, Max: 8, Diff: 8, Sum: 8, Workers: 6
[5.194s][debug  ][gc,phases      ] GC(18)   ObjectSynchronizer Weak        Min:  0.0, Avg:  0.0, Max:  0.0, Diff:  0.0, Sum:  0.0, Workers: 6
[5.194s][debug  ][gc,phases      ] GC(18)     Dead                           Min: 0, Avg:  0.0, Max: 0, Diff: 0, Sum: 0, Workers: 6
[5.194s][debug  ][gc,phases      ] GC(18)     Total                          Min: 0, Avg:  0.5, Max: 3, Diff: 3, Sum: 3, Workers: 6
[5.194s][debug  ][gc,phases      ] GC(18)   JVMTI Tag Weak OopStorage      Min:  0.0, Avg:  0.0, Max:  0.0, Diff:  0.0, Sum:  0.0, Workers: 6
[5.194s][debug  ][gc,phases      ] GC(18)     Dead                           Min: 0, Avg:  0.0, Max: 0, Diff: 0, Sum: 0, Workers: 6
[5.194s][debug  ][gc,phases      ] GC(18)     Total                          Min: 0, Avg:  0.0, Max: 0, Diff: 0, Sum: 0, Workers: 6
[5.194s][debug  ][gc,phases      ] GC(18)   StringTable Weak               Min:  0.0, Avg:  0.0, Max:  0.0, Diff:  0.0, Sum:  0.0, Workers: 6
[5.194s][debug  ][gc,phases      ] GC(18)     Dead                           Min: 0, Avg:  0.0, Max: 0, Diff: 0, Sum: 0, Workers: 6
[5.194s][debug  ][gc,phases      ] GC(18)     Total                          Min: 704, Avg: 891.8, Max: 1024, Diff: 320, Sum: 5351, Workers: 6
[5.194s][debug  ][gc,phases      ] GC(18)   ResolvedMethodTable Weak       Min:  0.0, Avg:  0.0, Max:  0.0, Diff:  0.0, Sum:  0.0, Workers: 6
[5.194s][debug  ][gc,phases      ] GC(18)     Dead                           Min: 0, Avg:  0.0, Max: 0, Diff: 0, Sum: 0, Workers: 6
[5.195s][debug  ][gc,phases      ] GC(18)     Total                          Min: 0, Avg: 21.7, Max: 64, Diff: 64, Sum: 130, Workers: 6
[5.195s][debug  ][gc,phases      ] GC(18)   JNI Weak                       Min:  0.0, Avg:  0.0, Max:  0.0, Diff:  0.0, Sum:  0.0, Workers: 6
[5.195s][debug  ][gc,phases      ] GC(18)     Dead                           Min: 0, Avg:  0.0, Max: 0, Diff: 0, Sum: 0, Workers: 6
[5.195s][debug  ][gc,phases      ] GC(18)     Total                          Min: 0, Avg:  0.0, Max: 0, Diff: 0, Sum: 0, Workers: 6
[5.195s][debug  ][gc,phases      ] GC(18)   StringDedup Table Weak         Min:  0.0, Avg:  0.0, Max:  0.0, Diff:  0.0, Sum:  0.0, Workers: 6
[5.195s][debug  ][gc,phases      ] GC(18)     Dead                           Min: 0, Avg:  0.0, Max: 0, Diff: 0, Sum: 0, Workers: 6
[5.195s][debug  ][gc,phases      ] GC(18)     Total                          Min: 0, Avg:  0.0, Max: 0, Diff: 0, Sum: 0, Workers: 6
[5.195s][debug  ][gc,phases      ] GC(18)   StringDedup Requests0 Weak     Min:  0.0, Avg:  0.0, Max:  0.0, Diff:  0.0, Sum:  0.0, Workers: 6
[5.195s][debug  ][gc,phases      ] GC(18)     Dead                           Min: 0, Avg:  0.0, Max: 0, Diff: 0, Sum: 0, Workers: 6
[5.195s][debug  ][gc,phases      ] GC(18)     Total                          Min: 0, Avg:  0.0, Max: 0, Diff: 0, Sum: 0, Workers: 6
[5.195s][debug  ][gc,phases      ] GC(18)   StringDedup Requests1 Weak     Min:  0.0, Avg:  0.0, Max:  0.0, Diff:  0.0, Sum:  0.0, Workers: 6
[5.195s][debug  ][gc,phases      ] GC(18)     Dead                           Min: 0, Avg:  0.0, Max: 0, Diff: 0, Sum: 0, Workers: 6
[5.195s][debug  ][gc,phases      ] GC(18)     Total                          Min: 0, Avg:  0.0, Max: 0, Diff: 0, Sum: 0, Workers: 6
[5.195s][debug  ][gc,phases      ] GC(18)   Weak JFR Old Object Samples    Min:  0.0, Avg:  0.0, Max:  0.0, Diff:  0.0, Sum:  0.0, Workers: 6
[5.195s][debug  ][gc,phases      ] GC(18)     Dead                           Min: 0, Avg:  0.0, Max: 0, Diff: 0, Sum: 0, Workers: 6
[5.195s][debug  ][gc,phases      ] GC(18)     Total                          Min: 0, Avg:  0.0, Max: 0, Diff: 0, Sum: 0, Workers: 6
[5.195s][debug  ][gc,phases      ] GC(18) Weak Processing 0.821ms
[5.195s][debug  ][gc,ergo        ] GC(18) AdaptiveSizeStart:  collection: 19 
[5.195s][debug  ][gc,ergo        ] GC(18) avg_survived_padded_avg: 33500744.000000
[5.195s][debug  ][gc,ergo        ] GC(18) avg_promoted_padded_avg: 233472000.000000  avg_pretenured_padded_avg: 0.000000  tenuring_thresh: 1  target_size: 33554432
[5.195s][debug  ][gc,age         ] GC(18) Desired survivor size 33554432 bytes, new threshold 1 (max threshold 15)
[5.195s][debug  ][gc,ergo        ] GC(18) PSAdaptiveSizePolicy::compute_eden_space_size limits: desired_eden_size: 281844661 old_eden_size: 200278016 eden_limit: 200278016 cur_eden: 200278016 max_eden_size: 200278016 avg_young_live: 25768172
[5.195s][debug  ][gc,ergo        ] GC(18) PSAdaptiveSizePolicy::compute_eden_space_size: costs minor_time: 0.053877 major_cost: 0.025773 mutator_cost: 0.920350 throughput_goal: 0.990000
[5.195s][debug  ][gc,ergo        ] GC(18) Live_space: 864835840 free_space: 632291328
[5.195s][debug  ][gc,ergo        ] GC(18) Old eden_size: 200278016 desired_eden_size: 200278016
[5.195s][debug  ][gc,ergo        ] GC(18) AdaptiveSizeStop: collection: 19 
[5.195s][info   ][gc,heap        ] GC(18) PSYoungGen: 188107K(228864K)->30720K(228864K) Eden: 188107K(195584K)->0K(195584K) From: 0K(33280K)->30720K(33280K)
[5.195s][info   ][gc,heap        ] GC(18) ParOldGen: 708195K(1363456K)->861796K(1363456K)
[5.195s][info   ][gc,metaspace   ] GC(18) Metaspace: 1019K(1152K)->1019K(1152K) NonClass: 935K(960K)->935K(960K) Class: 83K(192K)->83K(192K)
[5.195s][info   ][gc             ] GC(18) Pause Young (Allocation Failure) 875M->871M(1555M) 18.277ms
[5.195s][info   ][gc,cpu         ] GC(18) User=0.00s Sys=0.09s Real=0.02s
[5.195s][debug  ][gc,heap        ] GC(18) Heap after GC invocations=19 (full 3):
[5.195s][debug  ][gc,heap        ] GC(18)  PSYoungGen      total 228864K, used 30720K [0x00000000f0000000, 0x0000000100000000, 0x0000000100000000)
[5.195s][debug  ][gc,heap        ] GC(18)   eden space 195584K, 0% used [0x00000000f0000000,0x00000000f0000000,0x00000000fbf00000)
[5.195s][debug  ][gc,heap        ] GC(18)   from space 33280K, 92% used [0x00000000fbf00000,0x00000000fdd00030,0x00000000fdf80000)
[5.195s][debug  ][gc,heap        ] GC(18)   to   space 32768K, 0% used [0x00000000fe000000,0x00000000fe000000,0x0000000100000000)
[5.195s][debug  ][gc,heap        ] GC(18)  ParOldGen       total 1363456K, used 861796K [0x0000000080000000, 0x00000000d3380000, 0x00000000f0000000)
[5.195s][debug  ][gc,heap        ] GC(18)   object space 1363456K, 63% used [0x0000000080000000,0x00000000b4999058,0x00000000d3380000)
[5.195s][debug  ][gc,heap        ] GC(18)  Metaspace       used 1019K, committed 1152K, reserved 1056768K
[5.195s][debug  ][gc,heap        ] GC(18)   class space    used 83K, committed 192K, reserved 1048576K
[5.195s][debug  ][gc,task,time   ] GC(18) VM-Thread 51764718 51934753 51954174
[5.477s][debug  ][gc,heap        ] GC(19) Heap before GC invocations=20 (full 3):
[5.477s][debug  ][gc,heap        ] GC(19)  PSYoungGen      total 228864K, used 218769K [0x00000000f0000000, 0x0000000100000000, 0x0000000100000000)
[5.477s][debug  ][gc,heap        ] GC(19)   eden space 195584K, 96% used [0x00000000f0000000,0x00000000fb7a44f8,0x00000000fbf00000)
[5.477s][debug  ][gc,heap        ] GC(19)   from space 33280K, 92% used [0x00000000fbf00000,0x00000000fdd00030,0x00000000fdf80000)
[5.477s][debug  ][gc,heap        ] GC(19)   to   space 32768K, 0% used [0x00000000fe000000,0x00000000fe000000,0x0000000100000000)
[5.477s][debug  ][gc,heap        ] GC(19)  ParOldGen       total 1363456K, used 861796K [0x0000000080000000, 0x00000000d3380000, 0x00000000f0000000)
[5.477s][debug  ][gc,heap        ] GC(19)   object space 1363456K, 63% used [0x0000000080000000,0x00000000b4999058,0x00000000d3380000)
[5.477s][debug  ][gc,heap        ] GC(19)  Metaspace       used 1019K, committed 1152K, reserved 1056768K
[5.477s][debug  ][gc,heap        ] GC(19)   class space    used 83K, committed 192K, reserved 1048576K
[5.477s][debug  ][gc,tlab        ] GC(19) TLAB totals: thrds: 1  refills: 1 max: 1 slow allocs: 17 max 17 waste: 26.7% gc: 3817288B max: 3817288B slow: 0B max: 0B
[5.477s][info   ][gc,start       ] GC(19) Pause Young (Allocation Failure)
[5.477s][debug  ][gc,phases,start] GC(19) Scavenge
[5.483s][debug  ][gc,phases      ] GC(19) Scavenge 5.875ms
[5.483s][debug  ][gc,phases,start] GC(19) Reference Processing
[5.483s][debug  ][gc,ref         ] GC(19) Skipped phase 1 of Reference Processing: no references
[5.483s][debug  ][gc,ref         ] GC(19) Skipped phase 2 of Reference Processing: no references
[5.483s][debug  ][gc,ref         ] GC(19) Skipped phase 3 of Reference Processing: no references
[5.483s][debug  ][gc,ref         ] GC(19) Skipped phase 4 of Reference Processing: no references
[5.483s][debug  ][gc,phases,ref  ] GC(19) Reference Processing: 0.1ms
[5.483s][debug  ][gc,phases,ref  ] GC(19)   Reconsider SoftReferences: 0.0ms
[5.483s][debug  ][gc,phases,ref  ] GC(19)     SoftRef (ms):                  skipped
[5.483s][debug  ][gc,phases,ref  ] GC(19)   Notify Soft/WeakReferences: 0.0ms
[5.483s][debug  ][gc,phases,ref  ] GC(19)     SoftRef (ms):                  skipped
[5.483s][debug  ][gc,phases,ref  ] GC(19)     WeakRef (ms):                  skipped
[5.483s][debug  ][gc,phases,ref  ] GC(19)     FinalRef (ms):                 skipped
[5.483s][debug  ][gc,phases,ref  ] GC(19)     Total (ms):                    skipped
[5.483s][debug  ][gc,phases,ref  ] GC(19)   Notify and keep alive finalizable: 0.0ms
[5.483s][debug  ][gc,phases,ref  ] GC(19)     FinalRef (ms):                 skipped
[5.484s][debug  ][gc,phases,ref  ] GC(19)   Notify PhantomReferences: 0.0ms
[5.484s][debug  ][gc,phases,ref  ] GC(19)     PhantomRef (ms):               skipped
[5.484s][debug  ][gc,phases,ref  ] GC(19)   SoftReference:
[5.484s][debug  ][gc,phases,ref  ] GC(19)     Discovered: 0
[5.484s][debug  ][gc,phases,ref  ] GC(19)     Cleared: 0
[5.484s][debug  ][gc,phases,ref  ] GC(19)   WeakReference:
[5.484s][debug  ][gc,phases,ref  ] GC(19)     Discovered: 0
[5.484s][debug  ][gc,phases,ref  ] GC(19)     Cleared: 0
[5.484s][debug  ][gc,phases,ref  ] GC(19)   FinalReference:
[5.484s][debug  ][gc,phases,ref  ] GC(19)     Discovered: 0
[5.484s][debug  ][gc,phases,ref  ] GC(19)     Cleared: 0
[5.484s][debug  ][gc,phases,ref  ] GC(19)   PhantomReference:
[5.484s][debug  ][gc,phases,ref  ] GC(19)     Discovered: 0
[5.484s][debug  ][gc,phases,ref  ] GC(19)     Cleared: 0
[5.484s][debug  ][gc,phases      ] GC(19) Reference Processing 0.679ms
[5.484s][debug  ][gc,phases,start] GC(19) Weak Processing
[5.484s][debug  ][gc,phases      ] GC(19)   VM Weak                        Min:  0.0, Avg:  0.0, Max:  0.0, Diff:  0.0, Sum:  0.0, Workers: 6
[5.484s][debug  ][gc,phases      ] GC(19)     Dead                           Min: 0, Avg:  0.0, Max: 0, Diff: 0, Sum: 0, Workers: 6
[5.484s][debug  ][gc,phases      ] GC(19)     Total                          Min: 0, Avg:  1.3, Max: 8, Diff: 8, Sum: 8, Workers: 6
[5.484s][debug  ][gc,phases      ] GC(19)   ObjectSynchronizer Weak        Min:  0.0, Avg:  0.0, Max:  0.0, Diff:  0.0, Sum:  0.0, Workers: 6
[5.484s][debug  ][gc,phases      ] GC(19)     Dead                           Min: 0, Avg:  0.0, Max: 0, Diff: 0, Sum: 0, Workers: 6
[5.484s][debug  ][gc,phases      ] GC(19)     Total                          Min: 0, Avg:  0.5, Max: 3, Diff: 3, Sum: 3, Workers: 6
[5.484s][debug  ][gc,phases      ] GC(19)   JVMTI Tag Weak OopStorage      Min:  0.0, Avg:  0.0, Max:  0.0, Diff:  0.0, Sum:  0.0, Workers: 6
[5.484s][debug  ][gc,phases      ] GC(19)     Dead                           Min: 0, Avg:  0.0, Max: 0, Diff: 0, Sum: 0, Workers: 6
[5.484s][debug  ][gc,phases      ] GC(19)     Total                          Min: 0, Avg:  0.0, Max: 0, Diff: 0, Sum: 0, Workers: 6
[5.484s][debug  ][gc,phases      ] GC(19)   StringTable Weak               Min:  0.0, Avg:  0.0, Max:  0.0, Diff:  0.0, Sum:  0.0, Workers: 6
[5.484s][debug  ][gc,phases      ] GC(19)     Dead                           Min: 0, Avg:  0.0, Max: 0, Diff: 0, Sum: 0, Workers: 6
[5.484s][debug  ][gc,phases      ] GC(19)     Total                          Min: 767, Avg: 891.8, Max: 1064, Diff: 297, Sum: 5351, Workers: 6
[5.484s][debug  ][gc,phases      ] GC(19)   ResolvedMethodTable Weak       Min:  0.0, Avg:  0.0, Max:  0.0, Diff:  0.0, Sum:  0.0, Workers: 6
[5.484s][debug  ][gc,phases      ] GC(19)     Dead                           Min: 0, Avg:  0.0, Max: 0, Diff: 0, Sum: 0, Workers: 6
[5.484s][debug  ][gc,phases      ] GC(19)     Total                          Min: 0, Avg: 21.7, Max: 64, Diff: 64, Sum: 130, Workers: 6
[5.484s][debug  ][gc,phases      ] GC(19)   JNI Weak                       Min:  0.0, Avg:  0.0, Max:  0.0, Diff:  0.0, Sum:  0.0, Workers: 6
[5.484s][debug  ][gc,phases      ] GC(19)     Dead                           Min: 0, Avg:  0.0, Max: 0, Diff: 0, Sum: 0, Workers: 6
[5.484s][debug  ][gc,phases      ] GC(19)     Total                          Min: 0, Avg:  0.0, Max: 0, Diff: 0, Sum: 0, Workers: 6
[5.484s][debug  ][gc,phases      ] GC(19)   StringDedup Table Weak         Min:  0.0, Avg:  0.0, Max:  0.0, Diff:  0.0, Sum:  0.0, Workers: 6
[5.484s][debug  ][gc,phases      ] GC(19)     Dead                           Min: 0, Avg:  0.0, Max: 0, Diff: 0, Sum: 0, Workers: 6
[5.484s][debug  ][gc,phases      ] GC(19)     Total                          Min: 0, Avg:  0.0, Max: 0, Diff: 0, Sum: 0, Workers: 6
[5.484s][debug  ][gc,phases      ] GC(19)   StringDedup Requests0 Weak     Min:  0.0, Avg:  0.0, Max:  0.0, Diff:  0.0, Sum:  0.0, Workers: 6
[5.484s][debug  ][gc,phases      ] GC(19)     Dead                           Min: 0, Avg:  0.0, Max: 0, Diff: 0, Sum: 0, Workers: 6
[5.484s][debug  ][gc,phases      ] GC(19)     Total                          Min: 0, Avg:  0.0, Max: 0, Diff: 0, Sum: 0, Workers: 6
[5.485s][debug  ][gc,phases      ] GC(19)   StringDedup Requests1 Weak     Min:  0.0, Avg:  0.0, Max:  0.0, Diff:  0.0, Sum:  0.0, Workers: 6
[5.485s][debug  ][gc,phases      ] GC(19)     Dead                           Min: 0, Avg:  0.0, Max: 0, Diff: 0, Sum: 0, Workers: 6
[5.485s][debug  ][gc,phases      ] GC(19)     Total                          Min: 0, Avg:  0.0, Max: 0, Diff: 0, Sum: 0, Workers: 6
[5.485s][debug  ][gc,phases      ] GC(19)   Weak JFR Old Object Samples    Min:  0.0, Avg:  0.0, Max:  0.0, Diff:  0.0, Sum:  0.0, Workers: 6
[5.485s][debug  ][gc,phases      ] GC(19)     Dead                           Min: 0, Avg:  0.0, Max: 0, Diff: 0, Sum: 0, Workers: 6
[5.485s][debug  ][gc,phases      ] GC(19)     Total                          Min: 0, Avg:  0.0, Max: 0, Diff: 0, Sum: 0, Workers: 6
[5.485s][debug  ][gc,phases      ] GC(19) Weak Processing 0.800ms
[5.485s][debug  ][gc,ergo        ] GC(19) AdaptiveSizeStart:  collection: 20 
[5.485s][debug  ][gc,ergo        ] GC(19) avg_survived_padded_avg: 33427390.000000
[5.485s][debug  ][gc,ergo        ] GC(19) avg_promoted_padded_avg: 251801904.000000  avg_pretenured_padded_avg: 0.000000  tenuring_thresh: 1  target_size: 33554432
[5.485s][debug  ][gc,age         ] GC(19) Desired survivor size 33554432 bytes, new threshold 1 (max threshold 15)
[5.485s][debug  ][gc,ergo        ] GC(19) PSAdaptiveSizePolicy::compute_eden_space_size limits: desired_eden_size: 252028842 old_eden_size: 200278016 eden_limit: 200802304 cur_eden: 200278016 max_eden_size: 200802304 avg_young_live: 26337086
[5.485s][debug  ][gc,ergo        ] GC(19) PSAdaptiveSizePolicy::compute_eden_space_size: costs minor_time: 0.046857 major_cost: 0.025773 mutator_cost: 0.927369 throughput_goal: 0.990000
[5.485s][debug  ][gc,ergo        ] GC(19) Live_space: 865404736 free_space: 632291328
[5.485s][debug  ][gc,ergo        ] GC(19) Old eden_size: 200278016 desired_eden_size: 200802304
[5.485s][debug  ][gc,ergo        ] GC(19) AdaptiveSizeStop: collection: 20 
[5.485s][info   ][gc,heap        ] GC(19) PSYoungGen: 218769K(228864K)->30720K(229376K) Eden: 188049K(195584K)->0K(196608K) From: 30720K(33280K)->30720K(32768K)
[5.485s][info   ][gc,heap        ] GC(19) ParOldGen: 861796K(1363456K)->882276K(1363456K)
[5.485s][info   ][gc,metaspace   ] GC(19) Metaspace: 1019K(1152K)->1019K(1152K) NonClass: 935K(960K)->935K(960K) Class: 83K(192K)->83K(192K)
[5.485s][info   ][gc             ] GC(19) Pause Young (Allocation Failure) 1055M->891M(1555M) 7.840ms
[5.485s][info   ][gc,cpu         ] GC(19) User=0.00s Sys=0.00s Real=0.01s
[5.485s][debug  ][gc,heap        ] GC(19) Heap after GC invocations=20 (full 3):
[5.485s][debug  ][gc,heap        ] GC(19)  PSYoungGen      total 229376K, used 30720K [0x00000000f0000000, 0x0000000100000000, 0x0000000100000000)
[5.485s][debug  ][gc,heap        ] GC(19)   eden space 196608K, 0% used [0x00000000f0000000,0x00000000f0000000,0x00000000fc000000)
[5.485s][debug  ][gc,heap        ] GC(19)   from space 32768K, 93% used [0x00000000fe000000,0x00000000ffe00030,0x0000000100000000)
[5.485s][debug  ][gc,heap        ] GC(19)   to   space 32768K, 0% used [0x00000000fc000000,0x00000000fc000000,0x00000000fe000000)
[5.485s][debug  ][gc,heap        ] GC(19)  ParOldGen       total 1363456K, used 882276K [0x0000000080000000, 0x00000000d3380000, 0x00000000f0000000)
[5.485s][debug  ][gc,heap        ] GC(19)   object space 1363456K, 64% used [0x0000000080000000,0x00000000b5d99078,0x00000000d3380000)
[5.485s][debug  ][gc,heap        ] GC(19)  Metaspace       used 1019K, committed 1152K, reserved 1056768K
[5.485s][debug  ][gc,heap        ] GC(19)   class space    used 83K, committed 192K, reserved 1048576K
[5.485s][debug  ][gc,task,time   ] GC(19) VM-Thread 54767307 54831442 54852694
[5.778s][debug  ][gc,heap        ] GC(20) Heap before GC invocations=21 (full 3):
[5.778s][debug  ][gc,heap        ] GC(20)  PSYoungGen      total 229376K, used 218825K [0x00000000f0000000, 0x0000000100000000, 0x0000000100000000)
[5.778s][debug  ][gc,heap        ] GC(20)   eden space 196608K, 95% used [0x00000000f0000000,0x00000000fb7b2708,0x00000000fc000000)
[5.778s][debug  ][gc,heap        ] GC(20)   from space 32768K, 93% used [0x00000000fe000000,0x00000000ffe00030,0x0000000100000000)
[5.778s][debug  ][gc,heap        ] GC(20)   to   space 32768K, 0% used [0x00000000fc000000,0x00000000fc000000,0x00000000fe000000)
[5.778s][debug  ][gc,heap        ] GC(20)  ParOldGen       total 1363456K, used 882276K [0x0000000080000000, 0x00000000d3380000, 0x00000000f0000000)
[5.778s][debug  ][gc,heap        ] GC(20)   object space 1363456K, 64% used [0x0000000080000000,0x00000000b5d99078,0x00000000d3380000)
[5.778s][debug  ][gc,heap        ] GC(20)  Metaspace       used 1019K, committed 1152K, reserved 1056768K
[5.778s][debug  ][gc,heap        ] GC(20)   class space    used 83K, committed 192K, reserved 1048576K
[5.778s][debug  ][gc,tlab        ] GC(20) TLAB totals: thrds: 1  refills: 1 max: 1 slow allocs: 17 max 17 waste: 27.0% gc: 3876328B max: 3876328B slow: 0B max: 0B
[5.778s][info   ][gc,start       ] GC(20) Pause Young (Allocation Failure)
[5.778s][debug  ][gc,phases,start] GC(20) Scavenge
[5.798s][debug  ][gc,phases      ] GC(20) Scavenge 20.086ms
[5.798s][debug  ][gc,phases,start] GC(20) Reference Processing
[5.798s][debug  ][gc,ref         ] GC(20) Skipped phase 1 of Reference Processing: no references
[5.798s][debug  ][gc,ref         ] GC(20) Skipped phase 2 of Reference Processing: no references
[5.798s][debug  ][gc,ref         ] GC(20) Skipped phase 3 of Reference Processing: no references
[5.798s][debug  ][gc,ref         ] GC(20) Skipped phase 4 of Reference Processing: no references
[5.798s][debug  ][gc,phases,ref  ] GC(20) Reference Processing: 0.1ms
[5.798s][debug  ][gc,phases,ref  ] GC(20)   Reconsider SoftReferences: 0.0ms
[5.799s][debug  ][gc,phases,ref  ] GC(20)     SoftRef (ms):                  skipped
[5.799s][debug  ][gc,phases,ref  ] GC(20)   Notify Soft/WeakReferences: 0.0ms
[5.799s][debug  ][gc,phases,ref  ] GC(20)     SoftRef (ms):                  skipped
[5.799s][debug  ][gc,phases,ref  ] GC(20)     WeakRef (ms):                  skipped
[5.799s][debug  ][gc,phases,ref  ] GC(20)     FinalRef (ms):                 skipped
[5.799s][debug  ][gc,phases,ref  ] GC(20)     Total (ms):                    skipped
[5.799s][debug  ][gc,phases,ref  ] GC(20)   Notify and keep alive finalizable: 0.0ms
[5.799s][debug  ][gc,phases,ref  ] GC(20)     FinalRef (ms):                 skipped
[5.799s][debug  ][gc,phases,ref  ] GC(20)   Notify PhantomReferences: 0.0ms
[5.799s][debug  ][gc,phases,ref  ] GC(20)     PhantomRef (ms):               skipped
[5.799s][debug  ][gc,phases,ref  ] GC(20)   SoftReference:
[5.799s][debug  ][gc,phases,ref  ] GC(20)     Discovered: 0
[5.799s][debug  ][gc,phases,ref  ] GC(20)     Cleared: 0
[5.799s][debug  ][gc,phases,ref  ] GC(20)   WeakReference:
[5.799s][debug  ][gc,phases,ref  ] GC(20)     Discovered: 0
[5.799s][debug  ][gc,phases,ref  ] GC(20)     Cleared: 0
[5.799s][debug  ][gc,phases,ref  ] GC(20)   FinalReference:
[5.799s][debug  ][gc,phases,ref  ] GC(20)     Discovered: 0
[5.799s][debug  ][gc,phases,ref  ] GC(20)     Cleared: 0
[5.799s][debug  ][gc,phases,ref  ] GC(20)   PhantomReference:
[5.799s][debug  ][gc,phases,ref  ] GC(20)     Discovered: 0
[5.799s][debug  ][gc,phases,ref  ] GC(20)     Cleared: 0
[5.799s][debug  ][gc,phases      ] GC(20) Reference Processing 0.690ms
[5.799s][debug  ][gc,phases,start] GC(20) Weak Processing
[5.799s][debug  ][gc,phases      ] GC(20)   VM Weak                        Min:  0.0, Avg:  0.0, Max:  0.0, Diff:  0.0, Sum:  0.0, Workers: 6
[5.799s][debug  ][gc,phases      ] GC(20)     Dead                           Min: 0, Avg:  0.0, Max: 0, Diff: 0, Sum: 0, Workers: 6
[5.799s][debug  ][gc,phases      ] GC(20)     Total                          Min: 0, Avg:  1.3, Max: 8, Diff: 8, Sum: 8, Workers: 6
[5.799s][debug  ][gc,phases      ] GC(20)   ObjectSynchronizer Weak        Min:  0.0, Avg:  0.0, Max:  0.0, Diff:  0.0, Sum:  0.0, Workers: 6
[5.799s][debug  ][gc,phases      ] GC(20)     Dead                           Min: 0, Avg:  0.0, Max: 0, Diff: 0, Sum: 0, Workers: 6
[5.799s][debug  ][gc,phases      ] GC(20)     Total                          Min: 0, Avg:  0.5, Max: 3, Diff: 3, Sum: 3, Workers: 6
[5.799s][debug  ][gc,phases      ] GC(20)   JVMTI Tag Weak OopStorage      Min:  0.0, Avg:  0.0, Max:  0.0, Diff:  0.0, Sum:  0.0, Workers: 6
[5.799s][debug  ][gc,phases      ] GC(20)     Dead                           Min: 0, Avg:  0.0, Max: 0, Diff: 0, Sum: 0, Workers: 6
[5.799s][debug  ][gc,phases      ] GC(20)     Total                          Min: 0, Avg:  0.0, Max: 0, Diff: 0, Sum: 0, Workers: 6
[5.799s][debug  ][gc,phases      ] GC(20)   StringTable Weak               Min:  0.0, Avg:  0.0, Max:  0.0, Diff:  0.0, Sum:  0.0, Workers: 6
[5.799s][debug  ][gc,phases      ] GC(20)     Dead                           Min: 0, Avg:  0.0, Max: 0, Diff: 0, Sum: 0, Workers: 6
[5.799s][debug  ][gc,phases      ] GC(20)     Total                          Min: 767, Avg: 891.8, Max: 1024, Diff: 257, Sum: 5351, Workers: 6
[5.799s][debug  ][gc,phases      ] GC(20)   ResolvedMethodTable Weak       Min:  0.0, Avg:  0.0, Max:  0.0, Diff:  0.0, Sum:  0.0, Workers: 6
[5.799s][debug  ][gc,phases      ] GC(20)     Dead                           Min: 0, Avg:  0.0, Max: 0, Diff: 0, Sum: 0, Workers: 6
[5.799s][debug  ][gc,phases      ] GC(20)     Total                          Min: 0, Avg: 21.7, Max: 64, Diff: 64, Sum: 130, Workers: 6
[5.799s][debug  ][gc,phases      ] GC(20)   JNI Weak                       Min:  0.0, Avg:  0.0, Max:  0.0, Diff:  0.0, Sum:  0.0, Workers: 6
[5.799s][debug  ][gc,phases      ] GC(20)     Dead                           Min: 0, Avg:  0.0, Max: 0, Diff: 0, Sum: 0, Workers: 6
[5.799s][debug  ][gc,phases      ] GC(20)     Total                          Min: 0, Avg:  0.0, Max: 0, Diff: 0, Sum: 0, Workers: 6
[5.799s][debug  ][gc,phases      ] GC(20)   StringDedup Table Weak         Min:  0.0, Avg:  0.0, Max:  0.0, Diff:  0.0, Sum:  0.0, Workers: 6
[5.799s][debug  ][gc,phases      ] GC(20)     Dead                           Min: 0, Avg:  0.0, Max: 0, Diff: 0, Sum: 0, Workers: 6
[5.800s][debug  ][gc,phases      ] GC(20)     Total                          Min: 0, Avg:  0.0, Max: 0, Diff: 0, Sum: 0, Workers: 6
[5.800s][debug  ][gc,phases      ] GC(20)   StringDedup Requests0 Weak     Min:  0.0, Avg:  0.0, Max:  0.0, Diff:  0.0, Sum:  0.0, Workers: 6
[5.800s][debug  ][gc,phases      ] GC(20)     Dead                           Min: 0, Avg:  0.0, Max: 0, Diff: 0, Sum: 0, Workers: 6
[5.800s][debug  ][gc,phases      ] GC(20)     Total                          Min: 0, Avg:  0.0, Max: 0, Diff: 0, Sum: 0, Workers: 6
[5.800s][debug  ][gc,phases      ] GC(20)   StringDedup Requests1 Weak     Min:  0.0, Avg:  0.0, Max:  0.0, Diff:  0.0, Sum:  0.0, Workers: 6
[5.800s][debug  ][gc,phases      ] GC(20)     Dead                           Min: 0, Avg:  0.0, Max: 0, Diff: 0, Sum: 0, Workers: 6
[5.800s][debug  ][gc,phases      ] GC(20)     Total                          Min: 0, Avg:  0.0, Max: 0, Diff: 0, Sum: 0, Workers: 6
[5.800s][debug  ][gc,phases      ] GC(20)   Weak JFR Old Object Samples    Min:  0.0, Avg:  0.0, Max:  0.0, Diff:  0.0, Sum:  0.0, Workers: 6
[5.800s][debug  ][gc,phases      ] GC(20)     Dead                           Min: 0, Avg:  0.0, Max: 0, Diff: 0, Sum: 0, Workers: 6
[5.800s][debug  ][gc,phases      ] GC(20)     Total                          Min: 0, Avg:  0.0, Max: 0, Diff: 0, Sum: 0, Workers: 6
[5.800s][debug  ][gc,phases      ] GC(20) Weak Processing 0.664ms
[5.800s][debug  ][gc,ergo        ] GC(20) AdaptiveSizeStart:  collection: 21 
[5.800s][debug  ][gc,ergo        ] GC(20) avg_survived_padded_avg: 33348270.000000
[5.800s][debug  ][gc,ergo        ] GC(20) avg_promoted_padded_avg: 255172704.000000  avg_pretenured_padded_avg: 0.000000  tenuring_thresh: 1  target_size: 33554432
[5.800s][debug  ][gc,age         ] GC(20) Desired survivor size 33554432 bytes, new threshold 1 (max threshold 15)
[5.800s][debug  ][gc,ergo        ] GC(20) PSAdaptiveSizePolicy::compute_eden_space_size limits: desired_eden_size: 255397676 old_eden_size: 200802304 eden_limit: 201326592 cur_eden: 201326592 max_eden_size: 201326592 avg_young_live: 26849110
[5.800s][debug  ][gc,ergo        ] GC(20) PSAdaptiveSizePolicy::compute_eden_space_size: costs minor_time: 0.052255 major_cost: 0.025773 mutator_cost: 0.921972 throughput_goal: 0.990000
[5.800s][debug  ][gc,ergo        ] GC(20) Live_space: 865916800 free_space: 632815616
[5.800s][debug  ][gc,ergo        ] GC(20) Old eden_size: 200802304 desired_eden_size: 201326592
[5.800s][debug  ][gc,ergo        ] GC(20) AdaptiveSizeStop: collection: 21 
[5.800s][info   ][gc,heap        ] GC(20) PSYoungGen: 218825K(229376K)->30720K(229376K) Eden: 188105K(196608K)->0K(196608K) From: 30720K(32768K)->30720K(32768K)
[5.800s][info   ][gc,heap        ] GC(20) ParOldGen: 882276K(1363456K)->1066596K(1363456K)
[5.800s][info   ][gc,metaspace   ] GC(20) Metaspace: 1019K(1152K)->1019K(1152K) NonClass: 935K(960K)->935K(960K) Class: 83K(192K)->83K(192K)
[5.800s][info   ][gc             ] GC(20) Pause Young (Allocation Failure) 1075M->1071M(1555M) 21.872ms
[5.800s][info   ][gc,cpu         ] GC(20) User=0.05s Sys=0.06s Real=0.02s
[5.800s][debug  ][gc,heap        ] GC(20) Heap after GC invocations=21 (full 3):
[5.800s][debug  ][gc,heap        ] GC(20)  PSYoungGen      total 229376K, used 30720K [0x00000000f0000000, 0x0000000100000000, 0x0000000100000000)
[5.800s][debug  ][gc,heap        ] GC(20)   eden space 196608K, 0% used [0x00000000f0000000,0x00000000f0000000,0x00000000fc000000)
[5.800s][debug  ][gc,heap        ] GC(20)   from space 32768K, 93% used [0x00000000fc000000,0x00000000fde00030,0x00000000fe000000)
[5.800s][debug  ][gc,heap        ] GC(20)   to   space 32768K, 0% used [0x00000000fe000000,0x00000000fe000000,0x0000000100000000)
[5.800s][debug  ][gc,heap        ] GC(20)  ParOldGen       total 1363456K, used 1066596K [0x0000000080000000, 0x00000000d3380000, 0x00000000f0000000)
[5.800s][debug  ][gc,heap        ] GC(20)   object space 1363456K, 78% used [0x0000000080000000,0x00000000c1199198,0x00000000d3380000)
[5.800s][debug  ][gc,heap        ] GC(20)  Metaspace       used 1019K, committed 1152K, reserved 1056768K
[5.800s][debug  ][gc,heap        ] GC(20)   class space    used 83K, committed 192K, reserved 1048576K
[5.800s][debug  ][gc,task,time   ] GC(20) VM-Thread 57777561 57983249 58002221
[6.097s][debug  ][gc,heap        ] GC(21) Heap before GC invocations=22 (full 3):
[6.097s][debug  ][gc,heap        ] GC(21)  PSYoungGen      total 229376K, used 218849K [0x00000000f0000000, 0x0000000100000000, 0x0000000100000000)
[6.097s][debug  ][gc,heap        ] GC(21)   eden space 196608K, 95% used [0x00000000f0000000,0x00000000fb7b85a0,0x00000000fc000000)
[6.097s][debug  ][gc,heap        ] GC(21)   from space 32768K, 93% used [0x00000000fc000000,0x00000000fde00030,0x00000000fe000000)
[6.097s][debug  ][gc,heap        ] GC(21)   to   space 32768K, 0% used [0x00000000fe000000,0x00000000fe000000,0x0000000100000000)
[6.097s][debug  ][gc,heap        ] GC(21)  ParOldGen       total 1363456K, used 1066596K [0x0000000080000000, 0x00000000d3380000, 0x00000000f0000000)
[6.097s][debug  ][gc,heap        ] GC(21)   object space 1363456K, 78% used [0x0000000080000000,0x00000000c1199198,0x00000000d3380000)
[6.097s][debug  ][gc,heap        ] GC(21)  Metaspace       used 1019K, committed 1152K, reserved 1056768K
[6.097s][debug  ][gc,heap        ] GC(21)   class space    used 83K, committed 192K, reserved 1048576K
[6.097s][debug  ][gc,tlab        ] GC(21) TLAB totals: thrds: 1  refills: 1 max: 1 slow allocs: 17 max 17 waste: 27.1% gc: 3900544B max: 3900544B slow: 0B max: 0B
[6.097s][info   ][gc,start       ] GC(21) Pause Young (Allocation Failure)
[6.097s][debug  ][gc,phases,start] GC(21) Scavenge
[6.117s][debug  ][gc,phases      ] GC(21) Scavenge 19.960ms
[6.117s][debug  ][gc,phases,start] GC(21) Reference Processing
[6.117s][debug  ][gc,ref         ] GC(21) Skipped phase 1 of Reference Processing: no references
[6.117s][debug  ][gc,ref         ] GC(21) Skipped phase 2 of Reference Processing: no references
[6.117s][debug  ][gc,ref         ] GC(21) Skipped phase 3 of Reference Processing: no references
[6.117s][debug  ][gc,ref         ] GC(21) Skipped phase 4 of Reference Processing: no references
[6.117s][debug  ][gc,phases,ref  ] GC(21) Reference Processing: 0.1ms
[6.117s][debug  ][gc,phases,ref  ] GC(21)   Reconsider SoftReferences: 0.0ms
[6.117s][debug  ][gc,phases,ref  ] GC(21)     SoftRef (ms):                  skipped
[6.117s][debug  ][gc,phases,ref  ] GC(21)   Notify Soft/WeakReferences: 0.0ms
[6.117s][debug  ][gc,phases,ref  ] GC(21)     SoftRef (ms):                  skipped
[6.118s][debug  ][gc,phases,ref  ] GC(21)     WeakRef (ms):                  skipped
[6.118s][debug  ][gc,phases,ref  ] GC(21)     FinalRef (ms):                 skipped
[6.118s][debug  ][gc,phases,ref  ] GC(21)     Total (ms):                    skipped
[6.118s][debug  ][gc,phases,ref  ] GC(21)   Notify and keep alive finalizable: 0.0ms
[6.118s][debug  ][gc,phases,ref  ] GC(21)     FinalRef (ms):                 skipped
[6.118s][debug  ][gc,phases,ref  ] GC(21)   Notify PhantomReferences: 0.0ms
[6.118s][debug  ][gc,phases,ref  ] GC(21)     PhantomRef (ms):               skipped
[6.118s][debug  ][gc,phases,ref  ] GC(21)   SoftReference:
[6.118s][debug  ][gc,phases,ref  ] GC(21)     Discovered: 0
[6.118s][debug  ][gc,phases,ref  ] GC(21)     Cleared: 0
[6.118s][debug  ][gc,phases,ref  ] GC(21)   WeakReference:
[6.118s][debug  ][gc,phases,ref  ] GC(21)     Discovered: 0
[6.118s][debug  ][gc,phases,ref  ] GC(21)     Cleared: 0
[6.118s][debug  ][gc,phases,ref  ] GC(21)   FinalReference:
[6.118s][debug  ][gc,phases,ref  ] GC(21)     Discovered: 0
[6.118s][debug  ][gc,phases,ref  ] GC(21)     Cleared: 0
[6.118s][debug  ][gc,phases,ref  ] GC(21)   PhantomReference:
[6.118s][debug  ][gc,phases,ref  ] GC(21)     Discovered: 0
[6.118s][debug  ][gc,phases,ref  ] GC(21)     Cleared: 0
[6.118s][debug  ][gc,phases      ] GC(21) Reference Processing 0.588ms
[6.118s][debug  ][gc,phases,start] GC(21) Weak Processing
[6.118s][debug  ][gc,phases      ] GC(21)   VM Weak                        Min:  0.0, Avg:  0.0, Max:  0.0, Diff:  0.0, Sum:  0.0, Workers: 6
[6.118s][debug  ][gc,phases      ] GC(21)     Dead                           Min: 0, Avg:  0.0, Max: 0, Diff: 0, Sum: 0, Workers: 6
[6.118s][debug  ][gc,phases      ] GC(21)     Total                          Min: 0, Avg:  1.3, Max: 8, Diff: 8, Sum: 8, Workers: 6
[6.118s][debug  ][gc,phases      ] GC(21)   ObjectSynchronizer Weak        Min:  0.0, Avg:  0.0, Max:  0.0, Diff:  0.0, Sum:  0.0, Workers: 6
[6.118s][debug  ][gc,phases      ] GC(21)     Dead                           Min: 0, Avg:  0.0, Max: 0, Diff: 0, Sum: 0, Workers: 6
[6.118s][debug  ][gc,phases      ] GC(21)     Total                          Min: 0, Avg:  0.5, Max: 3, Diff: 3, Sum: 3, Workers: 6
[6.118s][debug  ][gc,phases      ] GC(21)   JVMTI Tag Weak OopStorage      Min:  0.0, Avg:  0.0, Max:  0.0, Diff:  0.0, Sum:  0.0, Workers: 6
[6.118s][debug  ][gc,phases      ] GC(21)     Dead                           Min: 0, Avg:  0.0, Max: 0, Diff: 0, Sum: 0, Workers: 6
[6.118s][debug  ][gc,phases      ] GC(21)     Total                          Min: 0, Avg:  0.0, Max: 0, Diff: 0, Sum: 0, Workers: 6
[6.118s][debug  ][gc,phases      ] GC(21)   StringTable Weak               Min:  0.0, Avg:  0.0, Max:  0.0, Diff:  0.0, Sum:  0.0, Workers: 6
[6.118s][debug  ][gc,phases      ] GC(21)     Dead                           Min: 0, Avg:  0.0, Max: 0, Diff: 0, Sum: 0, Workers: 6
[6.118s][debug  ][gc,phases      ] GC(21)     Total                          Min: 704, Avg: 891.8, Max: 1088, Diff: 384, Sum: 5351, Workers: 6
[6.118s][debug  ][gc,phases      ] GC(21)   ResolvedMethodTable Weak       Min:  0.0, Avg:  0.0, Max:  0.0, Diff:  0.0, Sum:  0.0, Workers: 6
[6.118s][debug  ][gc,phases      ] GC(21)     Dead                           Min: 0, Avg:  0.0, Max: 0, Diff: 0, Sum: 0, Workers: 6
[6.118s][debug  ][gc,phases      ] GC(21)     Total                          Min: 0, Avg: 21.7, Max: 64, Diff: 64, Sum: 130, Workers: 6
[6.118s][debug  ][gc,phases      ] GC(21)   JNI Weak                       Min:  0.0, Avg:  0.0, Max:  0.0, Diff:  0.0, Sum:  0.0, Workers: 6
[6.118s][debug  ][gc,phases      ] GC(21)     Dead                           Min: 0, Avg:  0.0, Max: 0, Diff: 0, Sum: 0, Workers: 6
[6.118s][debug  ][gc,phases      ] GC(21)     Total                          Min: 0, Avg:  0.0, Max: 0, Diff: 0, Sum: 0, Workers: 6
[6.118s][debug  ][gc,phases      ] GC(21)   StringDedup Table Weak         Min:  0.0, Avg:  0.0, Max:  0.0, Diff:  0.0, Sum:  0.0, Workers: 6
[6.118s][debug  ][gc,phases      ] GC(21)     Dead                           Min: 0, Avg:  0.0, Max: 0, Diff: 0, Sum: 0, Workers: 6
[6.118s][debug  ][gc,phases      ] GC(21)     Total                          Min: 0, Avg:  0.0, Max: 0, Diff: 0, Sum: 0, Workers: 6
[6.118s][debug  ][gc,phases      ] GC(21)   StringDedup Requests0 Weak     Min:  0.0, Avg:  0.0, Max:  0.0, Diff:  0.0, Sum:  0.0, Workers: 6
[6.118s][debug  ][gc,phases      ] GC(21)     Dead                           Min: 0, Avg:  0.0, Max: 0, Diff: 0, Sum: 0, Workers: 6
[6.118s][debug  ][gc,phases      ] GC(21)     Total                          Min: 0, Avg:  0.0, Max: 0, Diff: 0, Sum: 0, Workers: 6
[6.118s][debug  ][gc,phases      ] GC(21)   StringDedup Requests1 Weak     Min:  0.0, Avg:  0.0, Max:  0.0, Diff:  0.0, Sum:  0.0, Workers: 6
[6.118s][debug  ][gc,phases      ] GC(21)     Dead                           Min: 0, Avg:  0.0, Max: 0, Diff: 0, Sum: 0, Workers: 6
[6.118s][debug  ][gc,phases      ] GC(21)     Total                          Min: 0, Avg:  0.0, Max: 0, Diff: 0, Sum: 0, Workers: 6
[6.119s][debug  ][gc,phases      ] GC(21)   Weak JFR Old Object Samples    Min:  0.0, Avg:  0.0, Max:  0.0, Diff:  0.0, Sum:  0.0, Workers: 6
[6.119s][debug  ][gc,phases      ] GC(21)     Dead                           Min: 0, Avg:  0.0, Max: 0, Diff: 0, Sum: 0, Workers: 6
[6.119s][debug  ][gc,phases      ] GC(21)     Total                          Min: 0, Avg:  0.0, Max: 0, Diff: 0, Sum: 0, Workers: 6
[6.119s][debug  ][gc,phases      ] GC(21) Weak Processing 0.669ms
[6.119s][debug  ][gc,ergo        ] GC(21) AdaptiveSizeStart:  collection: 22 
[6.119s][debug  ][gc,ergo        ] GC(21) avg_survived_padded_avg: 33265276.000000
[6.119s][debug  ][gc,ergo        ] GC(21) avg_promoted_padded_avg: 257238784.000000  avg_pretenured_padded_avg: 0.000000  tenuring_thresh: 1  target_size: 33554432
[6.119s][debug  ][gc,age         ] GC(21) Desired survivor size 33554432 bytes, new threshold 1 (max threshold 15)
[6.119s][debug  ][gc,ergo        ] GC(21) PSAdaptiveSizePolicy::compute_eden_space_size limits: desired_eden_size: 256592569 old_eden_size: 201326592 eden_limit: 201326592 cur_eden: 201326592 max_eden_size: 201326592 avg_young_live: 27309930
[6.119s][debug  ][gc,ergo        ] GC(21) PSAdaptiveSizePolicy::compute_eden_space_size: costs minor_time: 0.055915 major_cost: 0.025773 mutator_cost: 0.918312 throughput_goal: 0.990000
[6.119s][debug  ][gc,ergo        ] GC(21) Live_space: 866377600 free_space: 633339904
[6.119s][debug  ][gc,ergo        ] GC(21) Old eden_size: 201326592 desired_eden_size: 201326592
[6.119s][debug  ][gc,ergo        ] GC(21) AdaptiveSizeStop: collection: 22 
[6.119s][info   ][gc,heap        ] GC(21) PSYoungGen: 218849K(229376K)->30720K(229376K) Eden: 188129K(196608K)->0K(196608K) From: 30720K(32768K)->30720K(32768K)
[6.119s][info   ][gc,heap        ] GC(21) ParOldGen: 1066596K(1363456K)->1250916K(1363456K)
[6.119s][info   ][gc,metaspace   ] GC(21) Metaspace: 1019K(1152K)->1019K(1152K) NonClass: 935K(960K)->935K(960K) Class: 83K(192K)->83K(192K)
[6.119s][info   ][gc             ] GC(21) Pause Young (Allocation Failure) 1255M->1251M(1555M) 21.633ms
[6.119s][info   ][gc,cpu         ] GC(21) User=0.00s Sys=0.09s Real=0.02s
[6.119s][debug  ][gc,heap        ] GC(21) Heap after GC invocations=22 (full 3):
[6.119s][debug  ][gc,heap        ] GC(21)  PSYoungGen      total 229376K, used 30720K [0x00000000f0000000, 0x0000000100000000, 0x0000000100000000)
[6.119s][debug  ][gc,heap        ] GC(21)   eden space 196608K, 0% used [0x00000000f0000000,0x00000000f0000000,0x00000000fc000000)
[6.119s][debug  ][gc,heap        ] GC(21)   from space 32768K, 93% used [0x00000000fe000000,0x00000000ffe00030,0x0000000100000000)
[6.119s][debug  ][gc,heap        ] GC(21)   to   space 32768K, 0% used [0x00000000fc000000,0x00000000fc000000,0x00000000fe000000)
[6.119s][debug  ][gc,heap        ] GC(21)  ParOldGen       total 1363456K, used 1250916K [0x0000000080000000, 0x00000000d3380000, 0x00000000f0000000)
[6.119s][debug  ][gc,heap        ] GC(21)   object space 1363456K, 91% used [0x0000000080000000,0x00000000cc5992b8,0x00000000d3380000)
[6.119s][debug  ][gc,heap        ] GC(21)  Metaspace       used 1019K, committed 1152K, reserved 1056768K
[6.119s][debug  ][gc,heap        ] GC(21)   class space    used 83K, committed 192K, reserved 1048576K
[6.119s][debug  ][gc,task,time   ] GC(21) VM-Thread 60968805 61172918 61190883
[6.119s][debug  ][gc,phases,start] GC(22) Pre Compact
[6.119s][debug  ][gc,heap        ] GC(22) Heap before GC invocations=23 (full 4):
[6.119s][debug  ][gc,heap        ] GC(22)  PSYoungGen      total 229376K, used 30720K [0x00000000f0000000, 0x0000000100000000, 0x0000000100000000)
[6.119s][debug  ][gc,heap        ] GC(22)   eden space 196608K, 0% used [0x00000000f0000000,0x00000000f0000000,0x00000000fc000000)
[6.119s][debug  ][gc,heap        ] GC(22)   from space 32768K, 93% used [0x00000000fe000000,0x00000000ffe00030,0x0000000100000000)
[6.119s][debug  ][gc,heap        ] GC(22)   to   space 32768K, 0% used [0x00000000fc000000,0x00000000fc000000,0x00000000fe000000)
[6.119s][debug  ][gc,heap        ] GC(22)  ParOldGen       total 1363456K, used 1250916K [0x0000000080000000, 0x00000000d3380000, 0x00000000f0000000)
[6.119s][debug  ][gc,heap        ] GC(22)   object space 1363456K, 91% used [0x0000000080000000,0x00000000cc5992b8,0x00000000d3380000)
[6.119s][debug  ][gc,heap        ] GC(22)  Metaspace       used 1019K, committed 1152K, reserved 1056768K
[6.119s][debug  ][gc,heap        ] GC(22)   class space    used 83K, committed 192K, reserved 1048576K
[6.119s][debug  ][gc,phases      ] GC(22) Pre Compact 0.204ms
[6.119s][info   ][gc,start       ] GC(22) Pause Full (Ergonomics)
[6.119s][info   ][gc,phases,start] GC(22) Marking Phase
[6.119s][debug  ][gc,phases,start] GC(22) Par Mark
[6.120s][debug  ][gc,phases      ] GC(22) Par Mark 0.589ms
[6.120s][debug  ][gc,phases,start] GC(22) Reference Processing
[6.120s][debug  ][gc,ref         ] GC(22) Skipped phase 1 of Reference Processing: no references
[6.120s][debug  ][gc,ref         ] GC(22) ReferenceProcessor::execute queues: 1, RefProcThreadModel::Single, marks_oops_alive: false
[6.120s][debug  ][gc,ref         ] GC(22) Skipped phase 3 of Reference Processing: no references
[6.120s][debug  ][gc,ref         ] GC(22) ReferenceProcessor::execute queues: 1, RefProcThreadModel::Single, marks_oops_alive: false
[6.120s][debug  ][gc,phases,ref  ] GC(22) Reference Processing: 0.1ms
[6.120s][debug  ][gc,phases,ref  ] GC(22)   Reconsider SoftReferences: 0.0ms
[6.120s][debug  ][gc,phases,ref  ] GC(22)     SoftRef (ms):                  skipped
[6.120s][debug  ][gc,phases,ref  ] GC(22)   Notify Soft/WeakReferences: 0.0ms
[6.120s][debug  ][gc,phases,ref  ] GC(22)     SoftRef (ms):                  Min:  0.0, Avg:  0.0, Max:  0.0, Diff:  0.0, Sum:  0.0, Workers: 6
[6.120s][debug  ][gc,phases,ref  ] GC(22)     WeakRef (ms):                  Min:  0.0, Avg:  0.0, Max:  0.0, Diff:  0.0, Sum:  0.0, Workers: 6
[6.120s][debug  ][gc,phases,ref  ] GC(22)     FinalRef (ms):                 Min:  0.0, Avg:  0.0, Max:  0.0, Diff:  0.0, Sum:  0.0, Workers: 6
[6.120s][debug  ][gc,phases,ref  ] GC(22)     Total (ms):                    Min:  0.0, Avg:  0.0, Max:  0.0, Diff:  0.0, Sum:  0.0, Workers: 6
[6.120s][debug  ][gc,phases,ref  ] GC(22)   Notify and keep alive finalizable: 0.0ms
[6.120s][debug  ][gc,phases,ref  ] GC(22)     FinalRef (ms):                 skipped
[6.120s][debug  ][gc,phases,ref  ] GC(22)   Notify PhantomReferences: 0.0ms
[6.120s][debug  ][gc,phases,ref  ] GC(22)     PhantomRef (ms):               Min:  0.0, Avg:  0.0, Max:  0.0, Diff:  0.0, Sum:  0.0, Workers: 6
[6.120s][debug  ][gc,phases,ref  ] GC(22)   SoftReference:
[6.120s][debug  ][gc,phases,ref  ] GC(22)     Discovered: 0
[6.120s][debug  ][gc,phases,ref  ] GC(22)     Cleared: 0
[6.120s][debug  ][gc,phases,ref  ] GC(22)   WeakReference:
[6.120s][debug  ][gc,phases,ref  ] GC(22)     Discovered: 108
[6.120s][debug  ][gc,phases,ref  ] GC(22)     Cleared: 108
[6.120s][debug  ][gc,phases,ref  ] GC(22)   FinalReference:
[6.120s][debug  ][gc,phases,ref  ] GC(22)     Discovered: 0
[6.120s][debug  ][gc,phases,ref  ] GC(22)     Cleared: 0
[6.121s][debug  ][gc,phases,ref  ] GC(22)   PhantomReference:
[6.121s][debug  ][gc,phases,ref  ] GC(22)     Discovered: 3
[6.121s][debug  ][gc,phases,ref  ] GC(22)     Cleared: 3
[6.121s][debug  ][gc,phases      ] GC(22) Reference Processing 0.574ms
[6.121s][debug  ][gc,phases,start] GC(22) Weak Processing
[6.121s][debug  ][gc,phases      ] GC(22)   VM Weak                        Min:  0.0, Avg:  0.0, Max:  0.0, Diff:  0.0, Sum:  0.0, Workers: 6
[6.121s][debug  ][gc,phases      ] GC(22)     Dead                           Min: 0, Avg:  0.0, Max: 0, Diff: 0, Sum: 0, Workers: 6
[6.121s][debug  ][gc,phases      ] GC(22)     Total                          Min: 0, Avg:  1.3, Max: 8, Diff: 8, Sum: 8, Workers: 6
[6.121s][debug  ][gc,phases      ] GC(22)   ObjectSynchronizer Weak        Min:  0.0, Avg:  0.0, Max:  0.0, Diff:  0.0, Sum:  0.0, Workers: 6
[6.121s][debug  ][gc,phases      ] GC(22)     Dead                           Min: 0, Avg:  0.0, Max: 0, Diff: 0, Sum: 0, Workers: 6
[6.121s][debug  ][gc,phases      ] GC(22)     Total                          Min: 0, Avg:  0.5, Max: 3, Diff: 3, Sum: 3, Workers: 6
[6.121s][debug  ][gc,phases      ] GC(22)   JVMTI Tag Weak OopStorage      Min:  0.0, Avg:  0.0, Max:  0.0, Diff:  0.0, Sum:  0.0, Workers: 6
[6.121s][debug  ][gc,phases      ] GC(22)     Dead                           Min: 0, Avg:  0.0, Max: 0, Diff: 0, Sum: 0, Workers: 6
[6.121s][debug  ][gc,phases      ] GC(22)     Total                          Min: 0, Avg:  0.0, Max: 0, Diff: 0, Sum: 0, Workers: 6
[6.121s][debug  ][gc,phases      ] GC(22)   StringTable Weak               Min:  0.0, Avg:  0.0, Max:  0.0, Diff:  0.0, Sum:  0.0, Workers: 6
[6.121s][debug  ][gc,phases      ] GC(22)     Dead                           Min: 0, Avg:  0.0, Max: 0, Diff: 0, Sum: 0, Workers: 6
[6.121s][debug  ][gc,phases      ] GC(22)     Total                          Min: 640, Avg: 891.8, Max: 1151, Diff: 511, Sum: 5351, Workers: 6
[6.121s][debug  ][gc,phases      ] GC(22)   ResolvedMethodTable Weak       Min:  0.0, Avg:  0.0, Max:  0.0, Diff:  0.0, Sum:  0.0, Workers: 6
[6.121s][debug  ][gc,phases      ] GC(22)     Dead                           Min: 0, Avg:  0.0, Max: 0, Diff: 0, Sum: 0, Workers: 6
[6.121s][debug  ][gc,phases      ] GC(22)     Total                          Min: 0, Avg: 21.7, Max: 64, Diff: 64, Sum: 130, Workers: 6
[6.121s][debug  ][gc,phases      ] GC(22)   JNI Weak                       Min:  0.0, Avg:  0.0, Max:  0.0, Diff:  0.0, Sum:  0.0, Workers: 6
[6.121s][debug  ][gc,phases      ] GC(22)     Dead                           Min: 0, Avg:  0.0, Max: 0, Diff: 0, Sum: 0, Workers: 6
[6.121s][debug  ][gc,phases      ] GC(22)     Total                          Min: 0, Avg:  0.0, Max: 0, Diff: 0, Sum: 0, Workers: 6
[6.121s][debug  ][gc,phases      ] GC(22)   StringDedup Table Weak         Min:  0.0, Avg:  0.0, Max:  0.0, Diff:  0.0, Sum:  0.0, Workers: 6
[6.121s][debug  ][gc,phases      ] GC(22)     Dead                           Min: 0, Avg:  0.0, Max: 0, Diff: 0, Sum: 0, Workers: 6
[6.121s][debug  ][gc,phases      ] GC(22)     Total                          Min: 0, Avg:  0.0, Max: 0, Diff: 0, Sum: 0, Workers: 6
[6.121s][debug  ][gc,phases      ] GC(22)   StringDedup Requests0 Weak     Min:  0.0, Avg:  0.0, Max:  0.0, Diff:  0.0, Sum:  0.0, Workers: 6
[6.121s][debug  ][gc,phases      ] GC(22)     Dead                           Min: 0, Avg:  0.0, Max: 0, Diff: 0, Sum: 0, Workers: 6
[6.121s][debug  ][gc,phases      ] GC(22)     Total                          Min: 0, Avg:  0.0, Max: 0, Diff: 0, Sum: 0, Workers: 6
[6.121s][debug  ][gc,phases      ] GC(22)   StringDedup Requests1 Weak     Min:  0.0, Avg:  0.0, Max:  0.0, Diff:  0.0, Sum:  0.0, Workers: 6
[6.121s][debug  ][gc,phases      ] GC(22)     Dead                           Min: 0, Avg:  0.0, Max: 0, Diff: 0, Sum: 0, Workers: 6
[6.121s][debug  ][gc,phases      ] GC(22)     Total                          Min: 0, Avg:  0.0, Max: 0, Diff: 0, Sum: 0, Workers: 6
[6.121s][debug  ][gc,phases      ] GC(22)   Weak JFR Old Object Samples    Min:  0.0, Avg:  0.0, Max:  0.0, Diff:  0.0, Sum:  0.0, Workers: 6
[6.121s][debug  ][gc,phases      ] GC(22)     Dead                           Min: 0, Avg:  0.0, Max: 0, Diff: 0, Sum: 0, Workers: 6
[6.121s][debug  ][gc,phases      ] GC(22)     Total                          Min: 0, Avg:  0.0, Max: 0, Diff: 0, Sum: 0, Workers: 6
[6.121s][debug  ][gc,phases      ] GC(22) Weak Processing 0.653ms
[6.121s][debug  ][gc,phases,start] GC(22) Class Unloading
[6.121s][debug  ][gc,phases,start] GC(22) ClassLoaderData
[6.121s][debug  ][gc,phases      ] GC(22) ClassLoaderData 0.019ms
[6.121s][debug  ][gc,phases,start] GC(22) Trigger cleanups
[6.121s][debug  ][gc,phases      ] GC(22) Trigger cleanups 0.018ms
[6.122s][debug  ][gc,phases      ] GC(22) Class Unloading 0.252ms
[6.122s][info   ][gc,phases      ] GC(22) Marking Phase 2.180ms
[6.122s][info   ][gc,phases,start] GC(22) Summary Phase
[6.122s][info   ][gc,phases      ] GC(22) Summary Phase 0.032ms
[6.122s][info   ][gc,phases,start] GC(22) Adjust Roots
[6.122s][info   ][gc,phases      ] GC(22) Adjust Roots 0.152ms
[6.122s][info   ][gc,phases,start] GC(22) Compaction Phase
[6.166s][info   ][gc,phases      ] GC(22) Compaction Phase 44.634ms
[6.167s][info   ][gc,phases,start] GC(22) Post Compact
[6.170s][info   ][gc,phases      ] GC(22) Post Compact 3.801ms
[6.171s][debug  ][gc,ergo        ] GC(22) AdaptiveSizeStart: collection: 23 
[6.171s][debug  ][gc,ergo        ] GC(22) PSAdaptiveSizePolicy::compute_eden_space_size limits: desired_eden_size: 254305084 old_eden_size: 201326592 eden_limit: 201326592 cur_eden: 201326592 max_eden_size: 201326592 avg_young_live: 24578936
[6.171s][debug  ][gc,ergo        ] GC(22) PSAdaptiveSizePolicy::compute_eden_space_size: costs minor_time: 0.055915 major_cost: 0.029301 mutator_cost: 0.914785 throughput_goal: 0.990000
[6.171s][debug  ][gc,ergo        ] GC(22) Live_space: 863646592 free_space: 633339904
[6.171s][debug  ][gc,ergo        ] GC(22) Old eden_size: 201326592 desired_eden_size: 201326592
[6.171s][debug  ][gc,ergo        ] GC(22) PSAdaptiveSizePolicy::compute_old_gen_free_space: costs minor_time: 0.055915 major_cost: 0.029301  mutator_cost: 0.914785 throughput_goal: 0.990000
[6.171s][debug  ][gc,ergo        ] GC(22) Live_space: 828886272 free_space: 633339904
[6.171s][debug  ][gc,ergo        ] GC(22) Old promo_size: 432013312 desired_promo_size: 521666560
[6.175s][debug  ][gc             ] GC(22) Shrinking ParOldGen from 1363456K by 181248K to 1182208K
[6.175s][debug  ][gc,ergo        ] GC(22) AdaptiveSizeStop: collection: 23 
[6.175s][info   ][gc,heap        ] GC(22) PSYoungGen: 30720K(229376K)->0K(229376K) Eden: 0K(196608K)->0K(196608K) From: 30720K(32768K)->0K(32768K)
[6.175s][info   ][gc,heap        ] GC(22) ParOldGen: 1250916K(1363456K)->421475K(1182208K)
[6.175s][info   ][gc,metaspace   ] GC(22) Metaspace: 1019K(1152K)->1019K(1152K) NonClass: 935K(960K)->935K(960K) Class: 83K(192K)->83K(192K)
[6.175s][info   ][gc             ] GC(22) Pause Full (Ergonomics) 1251M->411M(1378M) 55.517ms
[6.175s][info   ][gc,cpu         ] GC(22) User=0.27s Sys=0.02s Real=0.06s
[6.175s][debug  ][gc,heap        ] GC(22) Heap after GC invocations=23 (full 4):
[6.175s][debug  ][gc,heap        ] GC(22)  PSYoungGen      total 229376K, used 0K [0x00000000f0000000, 0x0000000100000000, 0x0000000100000000)
[6.175s][debug  ][gc,heap        ] GC(22)   eden space 196608K, 0% used [0x00000000f0000000,0x00000000f0000000,0x00000000fc000000)
[6.175s][debug  ][gc,heap        ] GC(22)   from space 32768K, 0% used [0x00000000fc000000,0x00000000fc000000,0x00000000fe000000)
[6.175s][debug  ][gc,heap        ] GC(22)   to   space 32768K, 0% used [0x00000000fe000000,0x00000000fe000000,0x0000000100000000)
[6.175s][debug  ][gc,heap        ] GC(22)  ParOldGen       total 1182208K, used 421475K [0x0000000080000000, 0x00000000c8280000, 0x00000000f0000000)
[6.175s][debug  ][gc,heap        ] GC(22)   object space 1182208K, 35% used [0x0000000080000000,0x0000000099b98da8,0x00000000c8280000)
[6.175s][debug  ][gc,heap        ] GC(22)  Metaspace       used 1019K, committed 1152K, reserved 1056768K
[6.175s][debug  ][gc,heap        ] GC(22)   class space    used 83K, committed 192K, reserved 1048576K
[6.175s][debug  ][gc,task,time   ] GC(22) VM-Thread 61193601 61218224 61749219
[6.461s][debug  ][gc,heap        ] GC(23) Heap before GC invocations=24 (full 4):
[6.461s][debug  ][gc,heap        ] GC(23)  PSYoungGen      total 229376K, used 188144K [0x00000000f0000000, 0x0000000100000000, 0x0000000100000000)
[6.462s][debug  ][gc,heap        ] GC(23)   eden space 196608K, 95% used [0x00000000f0000000,0x00000000fb7bc268,0x00000000fc000000)
[6.462s][debug  ][gc,heap        ] GC(23)   from space 32768K, 0% used [0x00000000fc000000,0x00000000fc000000,0x00000000fe000000)
[6.462s][debug  ][gc,heap        ] GC(23)   to   space 32768K, 0% used [0x00000000fe000000,0x00000000fe000000,0x0000000100000000)
[6.462s][debug  ][gc,heap        ] GC(23)  ParOldGen       total 1182208K, used 421475K [0x0000000080000000, 0x00000000c8280000, 0x00000000f0000000)
[6.462s][debug  ][gc,heap        ] GC(23)   object space 1182208K, 35% used [0x0000000080000000,0x0000000099b98da8,0x00000000c8280000)
[6.462s][debug  ][gc,heap        ] GC(23)  Metaspace       used 1019K, committed 1152K, reserved 1056768K
[6.462s][debug  ][gc,heap        ] GC(23)   class space    used 83K, committed 192K, reserved 1048576K
[6.462s][debug  ][gc,tlab        ] GC(23) TLAB totals: thrds: 1  refills: 1 max: 1 slow allocs: 17 max 17 waste: 27.2% gc: 3916104B max: 3916104B slow: 0B max: 0B
[6.462s][info   ][gc,start       ] GC(23) Pause Young (Allocation Failure)
[6.462s][debug  ][gc,phases,start] GC(23) Scavenge
[6.474s][debug  ][gc,phases      ] GC(23) Scavenge 12.441ms
[6.474s][debug  ][gc,phases,start] GC(23) Reference Processing
[6.474s][debug  ][gc,ref         ] GC(23) Skipped phase 1 of Reference Processing: no references
[6.474s][debug  ][gc,ref         ] GC(23) Skipped phase 2 of Reference Processing: no references
[6.474s][debug  ][gc,ref         ] GC(23) Skipped phase 3 of Reference Processing: no references
[6.474s][debug  ][gc,ref         ] GC(23) Skipped phase 4 of Reference Processing: no references
[6.474s][debug  ][gc,phases,ref  ] GC(23) Reference Processing: 0.1ms
[6.474s][debug  ][gc,phases,ref  ] GC(23)   Reconsider SoftReferences: 0.0ms
[6.475s][debug  ][gc,phases,ref  ] GC(23)     SoftRef (ms):                  skipped
[6.475s][debug  ][gc,phases,ref  ] GC(23)   Notify Soft/WeakReferences: 0.0ms
[6.475s][debug  ][gc,phases,ref  ] GC(23)     SoftRef (ms):                  skipped
[6.475s][debug  ][gc,phases,ref  ] GC(23)     WeakRef (ms):                  skipped
[6.475s][debug  ][gc,phases,ref  ] GC(23)     FinalRef (ms):                 skipped
[6.475s][debug  ][gc,phases,ref  ] GC(23)     Total (ms):                    skipped
[6.475s][debug  ][gc,phases,ref  ] GC(23)   Notify and keep alive finalizable: 0.0ms
[6.475s][debug  ][gc,phases,ref  ] GC(23)     FinalRef (ms):                 skipped
[6.475s][debug  ][gc,phases,ref  ] GC(23)   Notify PhantomReferences: 0.0ms
[6.475s][debug  ][gc,phases,ref  ] GC(23)     PhantomRef (ms):               skipped
[6.475s][debug  ][gc,phases,ref  ] GC(23)   SoftReference:
[6.475s][debug  ][gc,phases,ref  ] GC(23)     Discovered: 0
[6.475s][debug  ][gc,phases,ref  ] GC(23)     Cleared: 0
[6.475s][debug  ][gc,phases,ref  ] GC(23)   WeakReference:
[6.475s][debug  ][gc,phases,ref  ] GC(23)     Discovered: 0
[6.475s][debug  ][gc,phases,ref  ] GC(23)     Cleared: 0
[6.475s][debug  ][gc,phases,ref  ] GC(23)   FinalReference:
[6.475s][debug  ][gc,phases,ref  ] GC(23)     Discovered: 0
[6.475s][debug  ][gc,phases,ref  ] GC(23)     Cleared: 0
[6.475s][debug  ][gc,phases,ref  ] GC(23)   PhantomReference:
[6.475s][debug  ][gc,phases,ref  ] GC(23)     Discovered: 0
[6.475s][debug  ][gc,phases,ref  ] GC(23)     Cleared: 0
[6.475s][debug  ][gc,phases      ] GC(23) Reference Processing 0.571ms
[6.475s][debug  ][gc,phases,start] GC(23) Weak Processing
[6.475s][debug  ][gc,phases      ] GC(23)   VM Weak                        Min:  0.0, Avg:  0.0, Max:  0.0, Diff:  0.0, Sum:  0.0, Workers: 6
[6.475s][debug  ][gc,phases      ] GC(23)     Dead                           Min: 0, Avg:  0.0, Max: 0, Diff: 0, Sum: 0, Workers: 6
[6.475s][debug  ][gc,phases      ] GC(23)     Total                          Min: 0, Avg:  1.3, Max: 8, Diff: 8, Sum: 8, Workers: 6
[6.475s][debug  ][gc,phases      ] GC(23)   ObjectSynchronizer Weak        Min:  0.0, Avg:  0.0, Max:  0.0, Diff:  0.0, Sum:  0.0, Workers: 6
[6.475s][debug  ][gc,phases      ] GC(23)     Dead                           Min: 0, Avg:  0.0, Max: 0, Diff: 0, Sum: 0, Workers: 6
[6.475s][debug  ][gc,phases      ] GC(23)     Total                          Min: 0, Avg:  0.5, Max: 3, Diff: 3, Sum: 3, Workers: 6
[6.475s][debug  ][gc,phases      ] GC(23)   JVMTI Tag Weak OopStorage      Min:  0.0, Avg:  0.0, Max:  0.0, Diff:  0.0, Sum:  0.0, Workers: 6
[6.475s][debug  ][gc,phases      ] GC(23)     Dead                           Min: 0, Avg:  0.0, Max: 0, Diff: 0, Sum: 0, Workers: 6
[6.475s][debug  ][gc,phases      ] GC(23)     Total                          Min: 0, Avg:  0.0, Max: 0, Diff: 0, Sum: 0, Workers: 6
[6.475s][debug  ][gc,phases      ] GC(23)   StringTable Weak               Min:  0.0, Avg:  0.0, Max:  0.0, Diff:  0.0, Sum:  0.0, Workers: 6
[6.475s][debug  ][gc,phases      ] GC(23)     Dead                           Min: 0, Avg:  0.0, Max: 0, Diff: 0, Sum: 0, Workers: 6
[6.475s][debug  ][gc,phases      ] GC(23)     Total                          Min: 704, Avg: 891.8, Max: 1088, Diff: 384, Sum: 5351, Workers: 6
[6.475s][debug  ][gc,phases      ] GC(23)   ResolvedMethodTable Weak       Min:  0.0, Avg:  0.0, Max:  0.0, Diff:  0.0, Sum:  0.0, Workers: 6
[6.475s][debug  ][gc,phases      ] GC(23)     Dead                           Min: 0, Avg:  0.0, Max: 0, Diff: 0, Sum: 0, Workers: 6
[6.475s][debug  ][gc,phases      ] GC(23)     Total                          Min: 0, Avg: 21.7, Max: 64, Diff: 64, Sum: 130, Workers: 6
[6.475s][debug  ][gc,phases      ] GC(23)   JNI Weak                       Min:  0.0, Avg:  0.0, Max:  0.0, Diff:  0.0, Sum:  0.0, Workers: 6
[6.475s][debug  ][gc,phases      ] GC(23)     Dead                           Min: 0, Avg:  0.0, Max: 0, Diff: 0, Sum: 0, Workers: 6
[6.476s][debug  ][gc,phases      ] GC(23)     Total                          Min: 0, Avg:  0.0, Max: 0, Diff: 0, Sum: 0, Workers: 6
[6.476s][debug  ][gc,phases      ] GC(23)   StringDedup Table Weak         Min:  0.0, Avg:  0.0, Max:  0.0, Diff:  0.0, Sum:  0.0, Workers: 6
[6.476s][debug  ][gc,phases      ] GC(23)     Dead                           Min: 0, Avg:  0.0, Max: 0, Diff: 0, Sum: 0, Workers: 6
[6.476s][debug  ][gc,phases      ] GC(23)     Total                          Min: 0, Avg:  0.0, Max: 0, Diff: 0, Sum: 0, Workers: 6
[6.476s][debug  ][gc,phases      ] GC(23)   StringDedup Requests0 Weak     Min:  0.0, Avg:  0.0, Max:  0.0, Diff:  0.0, Sum:  0.0, Workers: 6
[6.476s][debug  ][gc,phases      ] GC(23)     Dead                           Min: 0, Avg:  0.0, Max: 0, Diff: 0, Sum: 0, Workers: 6
[6.476s][debug  ][gc,phases      ] GC(23)     Total                          Min: 0, Avg:  0.0, Max: 0, Diff: 0, Sum: 0, Workers: 6
[6.476s][debug  ][gc,phases      ] GC(23)   StringDedup Requests1 Weak     Min:  0.0, Avg:  0.0, Max:  0.0, Diff:  0.0, Sum:  0.0, Workers: 6
[6.476s][debug  ][gc,phases      ] GC(23)     Dead                           Min: 0, Avg:  0.0, Max: 0, Diff: 0, Sum: 0, Workers: 6
[6.476s][debug  ][gc,phases      ] GC(23)     Total                          Min: 0, Avg:  0.0, Max: 0, Diff: 0, Sum: 0, Workers: 6
[6.476s][debug  ][gc,phases      ] GC(23)   Weak JFR Old Object Samples    Min:  0.0, Avg:  0.0, Max:  0.0, Diff:  0.0, Sum:  0.0, Workers: 6
[6.476s][debug  ][gc,phases      ] GC(23)     Dead                           Min: 0, Avg:  0.0, Max: 0, Diff: 0, Sum: 0, Workers: 6
[6.476s][debug  ][gc,phases      ] GC(23)     Total                          Min: 0, Avg:  0.0, Max: 0, Diff: 0, Sum: 0, Workers: 6
[6.476s][debug  ][gc,phases      ] GC(23) Weak Processing 0.831ms
[6.476s][debug  ][gc,ergo        ] GC(23) AdaptiveSizeStart:  collection: 24 
[6.476s][debug  ][gc,ergo        ] GC(23) avg_survived_padded_avg: 33179972.000000
[6.476s][debug  ][gc,ergo        ] GC(23) avg_promoted_padded_avg: 247899008.000000  avg_pretenured_padded_avg: 0.000000  tenuring_thresh: 1  target_size: 33554432
[6.476s][debug  ][gc,age         ] GC(23) Desired survivor size 33554432 bytes, new threshold 1 (max threshold 15)
[6.476s][debug  ][gc,ergo        ] GC(23) PSAdaptiveSizePolicy::compute_eden_space_size limits: desired_eden_size: 252863035 old_eden_size: 201326592 eden_limit: 201326592 cur_eden: 201326592 max_eden_size: 201326592 avg_young_live: 25266774
[6.476s][debug  ][gc,ergo        ] GC(23) PSAdaptiveSizePolicy::compute_eden_space_size: costs minor_time: 0.051707 major_cost: 0.029301 mutator_cost: 0.918992 throughput_goal: 0.990000
[6.476s][debug  ][gc,ergo        ] GC(23) Live_space: 829574144 free_space: 722993152
[6.476s][debug  ][gc,ergo        ] GC(23) Old eden_size: 201326592 desired_eden_size: 201326592
[6.476s][debug  ][gc,ergo        ] GC(23) AdaptiveSizeStop: collection: 24 
[6.476s][info   ][gc,heap        ] GC(23) PSYoungGen: 188144K(229376K)->30720K(229376K) Eden: 188144K(196608K)->0K(196608K) From: 0K(32768K)->30720K(32768K)
[6.476s][info   ][gc,heap        ] GC(23) ParOldGen: 421475K(1182208K)->575075K(1182208K)
[6.476s][info   ][gc,metaspace   ] GC(23) Metaspace: 1019K(1152K)->1019K(1152K) NonClass: 935K(960K)->935K(960K) Class: 83K(192K)->83K(192K)
[6.476s][info   ][gc             ] GC(23) Pause Young (Allocation Failure) 595M->591M(1378M) 14.315ms
[6.476s][info   ][gc,cpu         ] GC(23) User=0.09s Sys=0.00s Real=0.02s
[6.476s][debug  ][gc,heap        ] GC(23) Heap after GC invocations=24 (full 4):
[6.476s][debug  ][gc,heap        ] GC(23)  PSYoungGen      total 229376K, used 30720K [0x00000000f0000000, 0x0000000100000000, 0x0000000100000000)
[6.476s][debug  ][gc,heap        ] GC(23)   eden space 196608K, 0% used [0x00000000f0000000,0x00000000f0000000,0x00000000fc000000)
[6.476s][debug  ][gc,heap        ] GC(23)   from space 32768K, 93% used [0x00000000fe000000,0x00000000ffe00030,0x0000000100000000)
[6.476s][debug  ][gc,heap        ] GC(23)   to   space 32768K, 0% used [0x00000000fc000000,0x00000000fc000000,0x00000000fe000000)
[6.476s][debug  ][gc,heap        ] GC(23)  ParOldGen       total 1182208K, used 575075K [0x0000000080000000, 0x00000000c8280000, 0x00000000f0000000)
[6.476s][debug  ][gc,heap        ] GC(23)   object space 1182208K, 48% used [0x0000000080000000,0x00000000a3198e98,0x00000000c8280000)
[6.476s][debug  ][gc,heap        ] GC(23)  Metaspace       used 1019K, committed 1152K, reserved 1056768K
[6.476s][debug  ][gc,heap        ] GC(23)   class space    used 83K, committed 192K, reserved 1048576K
[6.476s][debug  ][gc,task,time   ] GC(23) VM-Thread 64613848 64743585 64763478
[6.762s][debug  ][gc,heap        ] GC(24) Heap before GC invocations=25 (full 4):
[6.762s][debug  ][gc,heap        ] GC(24)  PSYoungGen      total 229376K, used 218799K [0x00000000f0000000, 0x0000000100000000, 0x0000000100000000)
[6.762s][debug  ][gc,heap        ] GC(24)   eden space 196608K, 95% used [0x00000000f0000000,0x00000000fb7abde0,0x00000000fc000000)
[6.762s][debug  ][gc,heap        ] GC(24)   from space 32768K, 93% used [0x00000000fe000000,0x00000000ffe00030,0x0000000100000000)
[6.762s][debug  ][gc,heap        ] GC(24)   to   space 32768K, 0% used [0x00000000fc000000,0x00000000fc000000,0x00000000fe000000)
[6.762s][debug  ][gc,heap        ] GC(24)  ParOldGen       total 1182208K, used 575075K [0x0000000080000000, 0x00000000c8280000, 0x00000000f0000000)
[6.762s][debug  ][gc,heap        ] GC(24)   object space 1182208K, 48% used [0x0000000080000000,0x00000000a3198e98,0x00000000c8280000)
[6.762s][debug  ][gc,heap        ] GC(24)  Metaspace       used 1019K, committed 1152K, reserved 1056768K
[6.762s][debug  ][gc,heap        ] GC(24)   class space    used 83K, committed 192K, reserved 1048576K
[6.762s][debug  ][gc,tlab        ] GC(24) TLAB totals: thrds: 1  refills: 1 max: 1 slow allocs: 17 max 17 waste: 26.9% gc: 3849408B max: 3849408B slow: 0B max: 0B
[6.763s][info   ][gc,start       ] GC(24) Pause Young (Allocation Failure)
[6.763s][debug  ][gc,phases,start] GC(24) Scavenge
[6.777s][debug  ][gc,phases      ] GC(24) Scavenge 14.165ms
[6.777s][debug  ][gc,phases,start] GC(24) Reference Processing
[6.777s][debug  ][gc,ref         ] GC(24) Skipped phase 1 of Reference Processing: no references
[6.777s][debug  ][gc,ref         ] GC(24) Skipped phase 2 of Reference Processing: no references
[6.777s][debug  ][gc,ref         ] GC(24) Skipped phase 3 of Reference Processing: no references
[6.777s][debug  ][gc,ref         ] GC(24) Skipped phase 4 of Reference Processing: no references
[6.777s][debug  ][gc,phases,ref  ] GC(24) Reference Processing: 0.1ms
[6.777s][debug  ][gc,phases,ref  ] GC(24)   Reconsider SoftReferences: 0.0ms
[6.777s][debug  ][gc,phases,ref  ] GC(24)     SoftRef (ms):                  skipped
[6.777s][debug  ][gc,phases,ref  ] GC(24)   Notify Soft/WeakReferences: 0.0ms
[6.777s][debug  ][gc,phases,ref  ] GC(24)     SoftRef (ms):                  skipped
[6.777s][debug  ][gc,phases,ref  ] GC(24)     WeakRef (ms):                  skipped
[6.777s][debug  ][gc,phases,ref  ] GC(24)     FinalRef (ms):                 skipped
[6.777s][debug  ][gc,phases,ref  ] GC(24)     Total (ms):                    skipped
[6.777s][debug  ][gc,phases,ref  ] GC(24)   Notify and keep alive finalizable: 0.0ms
[6.777s][debug  ][gc,phases,ref  ] GC(24)     FinalRef (ms):                 skipped
[6.777s][debug  ][gc,phases,ref  ] GC(24)   Notify PhantomReferences: 0.0ms
[6.777s][debug  ][gc,phases,ref  ] GC(24)     PhantomRef (ms):               skipped
[6.777s][debug  ][gc,phases,ref  ] GC(24)   SoftReference:
[6.777s][debug  ][gc,phases,ref  ] GC(24)     Discovered: 0
[6.777s][debug  ][gc,phases,ref  ] GC(24)     Cleared: 0
[6.777s][debug  ][gc,phases,ref  ] GC(24)   WeakReference:
[6.777s][debug  ][gc,phases,ref  ] GC(24)     Discovered: 0
[6.777s][debug  ][gc,phases,ref  ] GC(24)     Cleared: 0
[6.777s][debug  ][gc,phases,ref  ] GC(24)   FinalReference:
[6.777s][debug  ][gc,phases,ref  ] GC(24)     Discovered: 0
[6.777s][debug  ][gc,phases,ref  ] GC(24)     Cleared: 0
[6.777s][debug  ][gc,phases,ref  ] GC(24)   PhantomReference:
[6.777s][debug  ][gc,phases,ref  ] GC(24)     Discovered: 0
[6.777s][debug  ][gc,phases,ref  ] GC(24)     Cleared: 0
[6.777s][debug  ][gc,phases      ] GC(24) Reference Processing 0.657ms
[6.777s][debug  ][gc,phases,start] GC(24) Weak Processing
[6.778s][debug  ][gc,phases      ] GC(24)   VM Weak                        Min:  0.0, Avg:  0.0, Max:  0.0, Diff:  0.0, Sum:  0.0, Workers: 6
[6.778s][debug  ][gc,phases      ] GC(24)     Dead                           Min: 0, Avg:  0.0, Max: 0, Diff: 0, Sum: 0, Workers: 6
[6.778s][debug  ][gc,phases      ] GC(24)     Total                          Min: 0, Avg:  1.3, Max: 8, Diff: 8, Sum: 8, Workers: 6
[6.778s][debug  ][gc,phases      ] GC(24)   ObjectSynchronizer Weak        Min:  0.0, Avg:  0.0, Max:  0.0, Diff:  0.0, Sum:  0.0, Workers: 6
[6.778s][debug  ][gc,phases      ] GC(24)     Dead                           Min: 0, Avg:  0.0, Max: 0, Diff: 0, Sum: 0, Workers: 6
[6.778s][debug  ][gc,phases      ] GC(24)     Total                          Min: 0, Avg:  0.5, Max: 3, Diff: 3, Sum: 3, Workers: 6
[6.778s][debug  ][gc,phases      ] GC(24)   JVMTI Tag Weak OopStorage      Min:  0.0, Avg:  0.0, Max:  0.0, Diff:  0.0, Sum:  0.0, Workers: 6
[6.778s][debug  ][gc,phases      ] GC(24)     Dead                           Min: 0, Avg:  0.0, Max: 0, Diff: 0, Sum: 0, Workers: 6
[6.778s][debug  ][gc,phases      ] GC(24)     Total                          Min: 0, Avg:  0.0, Max: 0, Diff: 0, Sum: 0, Workers: 6
[6.778s][debug  ][gc,phases      ] GC(24)   StringTable Weak               Min:  0.0, Avg:  0.0, Max:  0.0, Diff:  0.0, Sum:  0.0, Workers: 6
[6.778s][debug  ][gc,phases      ] GC(24)     Dead                           Min: 0, Avg:  0.0, Max: 0, Diff: 0, Sum: 0, Workers: 6
[6.778s][debug  ][gc,phases      ] GC(24)     Total                          Min: 704, Avg: 891.8, Max: 1063, Diff: 359, Sum: 5351, Workers: 6
[6.778s][debug  ][gc,phases      ] GC(24)   ResolvedMethodTable Weak       Min:  0.0, Avg:  0.0, Max:  0.0, Diff:  0.0, Sum:  0.0, Workers: 6
[6.778s][debug  ][gc,phases      ] GC(24)     Dead                           Min: 0, Avg:  0.0, Max: 0, Diff: 0, Sum: 0, Workers: 6
[6.778s][debug  ][gc,phases      ] GC(24)     Total                          Min: 0, Avg: 21.7, Max: 64, Diff: 64, Sum: 130, Workers: 6
[6.778s][debug  ][gc,phases      ] GC(24)   JNI Weak                       Min:  0.0, Avg:  0.0, Max:  0.0, Diff:  0.0, Sum:  0.0, Workers: 6
[6.778s][debug  ][gc,phases      ] GC(24)     Dead                           Min: 0, Avg:  0.0, Max: 0, Diff: 0, Sum: 0, Workers: 6
[6.778s][debug  ][gc,phases      ] GC(24)     Total                          Min: 0, Avg:  0.0, Max: 0, Diff: 0, Sum: 0, Workers: 6
[6.778s][debug  ][gc,phases      ] GC(24)   StringDedup Table Weak         Min:  0.0, Avg:  0.0, Max:  0.0, Diff:  0.0, Sum:  0.0, Workers: 6
[6.778s][debug  ][gc,phases      ] GC(24)     Dead                           Min: 0, Avg:  0.0, Max: 0, Diff: 0, Sum: 0, Workers: 6
[6.778s][debug  ][gc,phases      ] GC(24)     Total                          Min: 0, Avg:  0.0, Max: 0, Diff: 0, Sum: 0, Workers: 6
[6.778s][debug  ][gc,phases      ] GC(24)   StringDedup Requests0 Weak     Min:  0.0, Avg:  0.0, Max:  0.0, Diff:  0.0, Sum:  0.0, Workers: 6
[6.778s][debug  ][gc,phases      ] GC(24)     Dead                           Min: 0, Avg:  0.0, Max: 0, Diff: 0, Sum: 0, Workers: 6
[6.778s][debug  ][gc,phases      ] GC(24)     Total                          Min: 0, Avg:  0.0, Max: 0, Diff: 0, Sum: 0, Workers: 6
[6.778s][debug  ][gc,phases      ] GC(24)   StringDedup Requests1 Weak     Min:  0.0, Avg:  0.0, Max:  0.0, Diff:  0.0, Sum:  0.0, Workers: 6
[6.778s][debug  ][gc,phases      ] GC(24)     Dead                           Min: 0, Avg:  0.0, Max: 0, Diff: 0, Sum: 0, Workers: 6
[6.778s][debug  ][gc,phases      ] GC(24)     Total                          Min: 0, Avg:  0.0, Max: 0, Diff: 0, Sum: 0, Workers: 6
[6.778s][debug  ][gc,phases      ] GC(24)   Weak JFR Old Object Samples    Min:  0.0, Avg:  0.0, Max:  0.0, Diff:  0.0, Sum:  0.0, Workers: 6
[6.778s][debug  ][gc,phases      ] GC(24)     Dead                           Min: 0, Avg:  0.0, Max: 0, Diff: 0, Sum: 0, Workers: 6
[6.778s][debug  ][gc,phases      ] GC(24)     Total                          Min: 0, Avg:  0.0, Max: 0, Diff: 0, Sum: 0, Workers: 6
[6.778s][debug  ][gc,phases      ] GC(24) Weak Processing 0.912ms
[6.778s][debug  ][gc,ergo        ] GC(24) AdaptiveSizeStart:  collection: 25 
[6.778s][debug  ][gc,ergo        ] GC(24) avg_survived_padded_avg: 33093646.000000
[6.778s][debug  ][gc,ergo        ] GC(24) avg_promoted_padded_avg: 249887088.000000  avg_pretenured_padded_avg: 0.000000  tenuring_thresh: 1  target_size: 33554432
[6.779s][debug  ][gc,age         ] GC(24) Desired survivor size 33554432 bytes, new threshold 1 (max threshold 15)
[6.779s][debug  ][gc,ergo        ] GC(24) PSAdaptiveSizePolicy::compute_eden_space_size limits: desired_eden_size: 252931174 old_eden_size: 201326592 eden_limit: 201326592 cur_eden: 201326592 max_eden_size: 201326592 avg_young_live: 25885828
[6.779s][debug  ][gc,ergo        ] GC(24) PSAdaptiveSizePolicy::compute_eden_space_size: costs minor_time: 0.051896 major_cost: 0.029301 mutator_cost: 0.918803 throughput_goal: 0.990000
[6.779s][debug  ][gc,ergo        ] GC(24) Live_space: 830193152 free_space: 722993152
[6.779s][debug  ][gc,ergo        ] GC(24) Old eden_size: 201326592 desired_eden_size: 201326592
[6.779s][debug  ][gc,ergo        ] GC(24) AdaptiveSizeStop: collection: 25 
[6.779s][info   ][gc,heap        ] GC(24) PSYoungGen: 218799K(229376K)->30720K(229376K) Eden: 188079K(196608K)->0K(196608K) From: 30720K(32768K)->30720K(32768K)
[6.779s][info   ][gc,heap        ] GC(24) ParOldGen: 575075K(1182208K)->759395K(1182208K)
[6.779s][info   ][gc,metaspace   ] GC(24) Metaspace: 1019K(1152K)->1019K(1152K) NonClass: 935K(960K)->935K(960K) Class: 83K(192K)->83K(192K)
[6.779s][info   ][gc             ] GC(24) Pause Young (Allocation Failure) 775M->771M(1378M) 16.272ms
[6.779s][info   ][gc,cpu         ] GC(24) User=0.08s Sys=0.00s Real=0.02s
[6.779s][debug  ][gc,heap        ] GC(24) Heap after GC invocations=25 (full 4):
[6.779s][debug  ][gc,heap        ] GC(24)  PSYoungGen      total 229376K, used 30720K [0x00000000f0000000, 0x0000000100000000, 0x0000000100000000)
[6.779s][debug  ][gc,heap        ] GC(24)   eden space 196608K, 0% used [0x00000000f0000000,0x00000000f0000000,0x00000000fc000000)
[6.779s][debug  ][gc,heap        ] GC(24)   from space 32768K, 93% used [0x00000000fc000000,0x00000000fde00030,0x00000000fe000000)
[6.779s][debug  ][gc,heap        ] GC(24)   to   space 32768K, 0% used [0x00000000fe000000,0x00000000fe000000,0x0000000100000000)
[6.779s][debug  ][gc,heap        ] GC(24)  ParOldGen       total 1182208K, used 759395K [0x0000000080000000, 0x00000000c8280000, 0x00000000f0000000)
[6.779s][debug  ][gc,heap        ] GC(24)   object space 1182208K, 64% used [0x0000000080000000,0x00000000ae598fb8,0x00000000c8280000)
[6.779s][debug  ][gc,heap        ] GC(24)  Metaspace       used 1019K, committed 1152K, reserved 1056768K
[6.779s][debug  ][gc,heap        ] GC(24)   class space    used 83K, committed 192K, reserved 1048576K
[6.779s][debug  ][gc,task,time   ] GC(24) VM-Thread 67621037 67768114 67790440
[7.063s][debug  ][gc,heap        ] GC(25) Heap before GC invocations=26 (full 4):
[7.063s][debug  ][gc,heap        ] GC(25)  PSYoungGen      total 229376K, used 218832K [0x00000000f0000000, 0x0000000100000000, 0x0000000100000000)
[7.063s][debug  ][gc,heap        ] GC(25)   eden space 196608K, 95% used [0x00000000f0000000,0x00000000fb7b4200,0x00000000fc000000)
[7.063s][debug  ][gc,heap        ] GC(25)   from space 32768K, 93% used [0x00000000fc000000,0x00000000fde00030,0x00000000fe000000)
[7.063s][debug  ][gc,heap        ] GC(25)   to   space 32768K, 0% used [0x00000000fe000000,0x00000000fe000000,0x0000000100000000)
[7.063s][debug  ][gc,heap        ] GC(25)  ParOldGen       total 1182208K, used 759395K [0x0000000080000000, 0x00000000c8280000, 0x00000000f0000000)
[7.063s][debug  ][gc,heap        ] GC(25)   object space 1182208K, 64% used [0x0000000080000000,0x00000000ae598fb8,0x00000000c8280000)
[7.063s][debug  ][gc,heap        ] GC(25)  Metaspace       used 1019K, committed 1152K, reserved 1056768K
[7.063s][debug  ][gc,heap        ] GC(25)   class space    used 83K, committed 192K, reserved 1048576K
[7.063s][debug  ][gc,tlab        ] GC(25) TLAB totals: thrds: 1  refills: 1 max: 1 slow allocs: 17 max 17 waste: 27.0% gc: 3883232B max: 3883232B slow: 0B max: 0B
[7.063s][info   ][gc,start       ] GC(25) Pause Young (Allocation Failure)
[7.063s][debug  ][gc,phases,start] GC(25) Scavenge
[7.077s][debug  ][gc,phases      ] GC(25) Scavenge 14.127ms
[7.077s][debug  ][gc,phases,start] GC(25) Reference Processing
[7.077s][debug  ][gc,ref         ] GC(25) Skipped phase 1 of Reference Processing: no references
[7.077s][debug  ][gc,ref         ] GC(25) Skipped phase 2 of Reference Processing: no references
[7.077s][debug  ][gc,ref         ] GC(25) Skipped phase 3 of Reference Processing: no references
[7.077s][debug  ][gc,ref         ] GC(25) Skipped phase 4 of Reference Processing: no references
[7.077s][debug  ][gc,phases,ref  ] GC(25) Reference Processing: 0.1ms
[7.077s][debug  ][gc,phases,ref  ] GC(25)   Reconsider SoftReferences: 0.0ms
[7.077s][debug  ][gc,phases,ref  ] GC(25)     SoftRef (ms):                  skipped
[7.077s][debug  ][gc,phases,ref  ] GC(25)   Notify Soft/WeakReferences: 0.0ms
[7.078s][debug  ][gc,phases,ref  ] GC(25)     SoftRef (ms):                  skipped
[7.078s][debug  ][gc,phases,ref  ] GC(25)     WeakRef (ms):                  skipped
[7.078s][debug  ][gc,phases,ref  ] GC(25)     FinalRef (ms):                 skipped
[7.078s][debug  ][gc,phases,ref  ] GC(25)     Total (ms):                    skipped
[7.078s][debug  ][gc,phases,ref  ] GC(25)   Notify and keep alive finalizable: 0.0ms
[7.078s][debug  ][gc,phases,ref  ] GC(25)     FinalRef (ms):                 skipped
[7.078s][debug  ][gc,phases,ref  ] GC(25)   Notify PhantomReferences: 0.0ms
[7.078s][debug  ][gc,phases,ref  ] GC(25)     PhantomRef (ms):               skipped
[7.078s][debug  ][gc,phases,ref  ] GC(25)   SoftReference:
[7.078s][debug  ][gc,phases,ref  ] GC(25)     Discovered: 0
[7.078s][debug  ][gc,phases,ref  ] GC(25)     Cleared: 0
[7.078s][debug  ][gc,phases,ref  ] GC(25)   WeakReference:
[7.078s][debug  ][gc,phases,ref  ] GC(25)     Discovered: 0
[7.078s][debug  ][gc,phases,ref  ] GC(25)     Cleared: 0
[7.078s][debug  ][gc,phases,ref  ] GC(25)   FinalReference:
[7.078s][debug  ][gc,phases,ref  ] GC(25)     Discovered: 0
[7.078s][debug  ][gc,phases,ref  ] GC(25)     Cleared: 0
[7.078s][debug  ][gc,phases,ref  ] GC(25)   PhantomReference:
[7.078s][debug  ][gc,phases,ref  ] GC(25)     Discovered: 0
[7.078s][debug  ][gc,phases,ref  ] GC(25)     Cleared: 0
[7.078s][debug  ][gc,phases      ] GC(25) Reference Processing 0.595ms
[7.078s][debug  ][gc,phases,start] GC(25) Weak Processing
[7.078s][debug  ][gc,phases      ] GC(25)   VM Weak                        Min:  0.0, Avg:  0.0, Max:  0.0, Diff:  0.0, Sum:  0.0, Workers: 6
[7.078s][debug  ][gc,phases      ] GC(25)     Dead                           Min: 0, Avg:  0.0, Max: 0, Diff: 0, Sum: 0, Workers: 6
[7.078s][debug  ][gc,phases      ] GC(25)     Total                          Min: 0, Avg:  1.3, Max: 8, Diff: 8, Sum: 8, Workers: 6
[7.078s][debug  ][gc,phases      ] GC(25)   ObjectSynchronizer Weak        Min:  0.0, Avg:  0.0, Max:  0.0, Diff:  0.0, Sum:  0.0, Workers: 6
[7.078s][debug  ][gc,phases      ] GC(25)     Dead                           Min: 0, Avg:  0.0, Max: 0, Diff: 0, Sum: 0, Workers: 6
[7.078s][debug  ][gc,phases      ] GC(25)     Total                          Min: 0, Avg:  0.5, Max: 3, Diff: 3, Sum: 3, Workers: 6
[7.078s][debug  ][gc,phases      ] GC(25)   JVMTI Tag Weak OopStorage      Min:  0.0, Avg:  0.0, Max:  0.0, Diff:  0.0, Sum:  0.0, Workers: 6
[7.078s][debug  ][gc,phases      ] GC(25)     Dead                           Min: 0, Avg:  0.0, Max: 0, Diff: 0, Sum: 0, Workers: 6
[7.078s][debug  ][gc,phases      ] GC(25)     Total                          Min: 0, Avg:  0.0, Max: 0, Diff: 0, Sum: 0, Workers: 6
[7.078s][debug  ][gc,phases      ] GC(25)   StringTable Weak               Min:  0.0, Avg:  0.0, Max:  0.0, Diff:  0.0, Sum:  0.0, Workers: 6
[7.078s][debug  ][gc,phases      ] GC(25)     Dead                           Min: 0, Avg:  0.0, Max: 0, Diff: 0, Sum: 0, Workers: 6
[7.078s][debug  ][gc,phases      ] GC(25)     Total                          Min: 768, Avg: 891.8, Max: 1128, Diff: 360, Sum: 5351, Workers: 6
[7.078s][debug  ][gc,phases      ] GC(25)   ResolvedMethodTable Weak       Min:  0.0, Avg:  0.0, Max:  0.0, Diff:  0.0, Sum:  0.0, Workers: 6
[7.078s][debug  ][gc,phases      ] GC(25)     Dead                           Min: 0, Avg:  0.0, Max: 0, Diff: 0, Sum: 0, Workers: 6
[7.078s][debug  ][gc,phases      ] GC(25)     Total                          Min: 0, Avg: 21.7, Max: 64, Diff: 64, Sum: 130, Workers: 6
[7.078s][debug  ][gc,phases      ] GC(25)   JNI Weak                       Min:  0.0, Avg:  0.0, Max:  0.0, Diff:  0.0, Sum:  0.0, Workers: 6
[7.078s][debug  ][gc,phases      ] GC(25)     Dead                           Min: 0, Avg:  0.0, Max: 0, Diff: 0, Sum: 0, Workers: 6
[7.078s][debug  ][gc,phases      ] GC(25)     Total                          Min: 0, Avg:  0.0, Max: 0, Diff: 0, Sum: 0, Workers: 6
[7.078s][debug  ][gc,phases      ] GC(25)   StringDedup Table Weak         Min:  0.0, Avg:  0.0, Max:  0.0, Diff:  0.0, Sum:  0.0, Workers: 6
[7.078s][debug  ][gc,phases      ] GC(25)     Dead                           Min: 0, Avg:  0.0, Max: 0, Diff: 0, Sum: 0, Workers: 6
[7.078s][debug  ][gc,phases      ] GC(25)     Total                          Min: 0, Avg:  0.0, Max: 0, Diff: 0, Sum: 0, Workers: 6
[7.078s][debug  ][gc,phases      ] GC(25)   StringDedup Requests0 Weak     Min:  0.0, Avg:  0.0, Max:  0.0, Diff:  0.0, Sum:  0.0, Workers: 6
[7.078s][debug  ][gc,phases      ] GC(25)     Dead                           Min: 0, Avg:  0.0, Max: 0, Diff: 0, Sum: 0, Workers: 6
[7.078s][debug  ][gc,phases      ] GC(25)     Total                          Min: 0, Avg:  0.0, Max: 0, Diff: 0, Sum: 0, Workers: 6
[7.078s][debug  ][gc,phases      ] GC(25)   StringDedup Requests1 Weak     Min:  0.0, Avg:  0.0, Max:  0.0, Diff:  0.0, Sum:  0.0, Workers: 6
[7.079s][debug  ][gc,phases      ] GC(25)     Dead                           Min: 0, Avg:  0.0, Max: 0, Diff: 0, Sum: 0, Workers: 6
[7.079s][debug  ][gc,phases      ] GC(25)     Total                          Min: 0, Avg:  0.0, Max: 0, Diff: 0, Sum: 0, Workers: 6
[7.079s][debug  ][gc,phases      ] GC(25)   Weak JFR Old Object Samples    Min:  0.0, Avg:  0.0, Max:  0.0, Diff:  0.0, Sum:  0.0, Workers: 6
[7.079s][debug  ][gc,phases      ] GC(25)     Dead                           Min: 0, Avg:  0.0, Max: 0, Diff: 0, Sum: 0, Workers: 6
[7.079s][debug  ][gc,phases      ] GC(25)     Total                          Min: 0, Avg:  0.0, Max: 0, Diff: 0, Sum: 0, Workers: 6
[7.079s][debug  ][gc,phases      ] GC(25) Weak Processing 0.676ms
[7.079s][debug  ][gc,ergo        ] GC(25) AdaptiveSizeStart:  collection: 26 
[7.079s][debug  ][gc,ergo        ] GC(25) avg_survived_padded_avg: 33007360.000000
[7.079s][debug  ][gc,ergo        ] GC(25) avg_promoted_padded_avg: 250886000.000000  avg_pretenured_padded_avg: 0.000000  tenuring_thresh: 1  target_size: 33030144
[7.079s][debug  ][gc,age         ] GC(25) Desired survivor size 33030144 bytes, new threshold 1 (max threshold 15)
[7.079s][debug  ][gc,ergo        ] GC(25) PSAdaptiveSizePolicy::compute_eden_space_size limits: desired_eden_size: 252907808 old_eden_size: 201326592 eden_limit: 201326592 cur_eden: 201326592 max_eden_size: 201326592 avg_young_live: 26442976
[7.079s][debug  ][gc,ergo        ] GC(25) PSAdaptiveSizePolicy::compute_eden_space_size: costs minor_time: 0.051831 major_cost: 0.029301 mutator_cost: 0.918868 throughput_goal: 0.990000
[7.079s][debug  ][gc,ergo        ] GC(25) Live_space: 830750336 free_space: 722993152
[7.079s][debug  ][gc,ergo        ] GC(25) Old eden_size: 201326592 desired_eden_size: 201326592
[7.079s][debug  ][gc,ergo        ] GC(25) AdaptiveSizeStop: collection: 26 
[7.079s][info   ][gc,heap        ] GC(25) PSYoungGen: 218832K(229376K)->30720K(229888K) Eden: 188112K(196608K)->0K(197120K) From: 30720K(32768K)->30720K(32768K)
[7.079s][info   ][gc,heap        ] GC(25) ParOldGen: 759395K(1182208K)->943716K(1182208K)
[7.079s][info   ][gc,metaspace   ] GC(25) Metaspace: 1019K(1152K)->1019K(1152K) NonClass: 935K(960K)->935K(960K) Class: 83K(192K)->83K(192K)
[7.079s][info   ][gc             ] GC(25) Pause Young (Allocation Failure) 955M->951M(1379M) 15.865ms
[7.079s][info   ][gc,cpu         ] GC(25) User=0.09s Sys=0.00s Real=0.02s
[7.079s][debug  ][gc,heap        ] GC(25) Heap after GC invocations=26 (full 4):
[7.079s][debug  ][gc,heap        ] GC(25)  PSYoungGen      total 229888K, used 30720K [0x00000000f0000000, 0x0000000100000000, 0x0000000100000000)
[7.079s][debug  ][gc,heap        ] GC(25)   eden space 197120K, 0% used [0x00000000f0000000,0x00000000f0000000,0x00000000fc080000)
[7.079s][debug  ][gc,heap        ] GC(25)   from space 32768K, 93% used [0x00000000fe000000,0x00000000ffe00030,0x0000000100000000)
[7.079s][debug  ][gc,heap        ] GC(25)   to   space 32256K, 0% used [0x00000000fc080000,0x00000000fc080000,0x00000000fe000000)
[7.079s][debug  ][gc,heap        ] GC(25)  ParOldGen       total 1182208K, used 943716K [0x0000000080000000, 0x00000000c8280000, 0x00000000f0000000)
[7.079s][debug  ][gc,heap        ] GC(25)   object space 1182208K, 79% used [0x0000000080000000,0x00000000b99990d8,0x00000000c8280000)
[7.079s][debug  ][gc,heap        ] GC(25)  Metaspace       used 1019K, committed 1152K, reserved 1056768K
[7.079s][debug  ][gc,heap        ] GC(25)   class space    used 83K, committed 192K, reserved 1048576K
[7.079s][debug  ][gc,task,time   ] GC(25) VM-Thread 70628319 70773156 70792832
[7.079s][debug  ][gc,phases,start] GC(26) Pre Compact
[7.079s][debug  ][gc,heap        ] GC(26) Heap before GC invocations=27 (full 5):
[7.079s][debug  ][gc,heap        ] GC(26)  PSYoungGen      total 229888K, used 30720K [0x00000000f0000000, 0x0000000100000000, 0x0000000100000000)
[7.079s][debug  ][gc,heap        ] GC(26)   eden space 197120K, 0% used [0x00000000f0000000,0x00000000f0000000,0x00000000fc080000)
[7.079s][debug  ][gc,heap        ] GC(26)   from space 32768K, 93% used [0x00000000fe000000,0x00000000ffe00030,0x0000000100000000)
[7.079s][debug  ][gc,heap        ] GC(26)   to   space 32256K, 0% used [0x00000000fc080000,0x00000000fc080000,0x00000000fe000000)
[7.079s][debug  ][gc,heap        ] GC(26)  ParOldGen       total 1182208K, used 943716K [0x0000000080000000, 0x00000000c8280000, 0x00000000f0000000)
[7.080s][debug  ][gc,heap        ] GC(26)   object space 1182208K, 79% used [0x0000000080000000,0x00000000b99990d8,0x00000000c8280000)
[7.080s][debug  ][gc,heap        ] GC(26)  Metaspace       used 1019K, committed 1152K, reserved 1056768K
[7.080s][debug  ][gc,heap        ] GC(26)   class space    used 83K, committed 192K, reserved 1048576K
[7.080s][debug  ][gc,phases      ] GC(26) Pre Compact 0.319ms
[7.080s][info   ][gc,start       ] GC(26) Pause Full (Ergonomics)
[7.080s][info   ][gc,phases,start] GC(26) Marking Phase
[7.080s][debug  ][gc,phases,start] GC(26) Par Mark
[7.080s][debug  ][gc,phases      ] GC(26) Par Mark 0.566ms
[7.080s][debug  ][gc,phases,start] GC(26) Reference Processing
[7.080s][debug  ][gc,ref         ] GC(26) Skipped phase 1 of Reference Processing: no references
[7.080s][debug  ][gc,ref         ] GC(26) ReferenceProcessor::execute queues: 1, RefProcThreadModel::Single, marks_oops_alive: false
[7.080s][debug  ][gc,ref         ] GC(26) Skipped phase 3 of Reference Processing: no references
[7.080s][debug  ][gc,ref         ] GC(26) ReferenceProcessor::execute queues: 1, RefProcThreadModel::Single, marks_oops_alive: false
[7.080s][debug  ][gc,phases,ref  ] GC(26) Reference Processing: 0.1ms
[7.080s][debug  ][gc,phases,ref  ] GC(26)   Reconsider SoftReferences: 0.0ms
[7.081s][debug  ][gc,phases,ref  ] GC(26)     SoftRef (ms):                  skipped
[7.081s][debug  ][gc,phases,ref  ] GC(26)   Notify Soft/WeakReferences: 0.0ms
[7.081s][debug  ][gc,phases,ref  ] GC(26)     SoftRef (ms):                  Min:  0.0, Avg:  0.0, Max:  0.0, Diff:  0.0, Sum:  0.0, Workers: 6
[7.081s][debug  ][gc,phases,ref  ] GC(26)     WeakRef (ms):                  Min:  0.0, Avg:  0.0, Max:  0.0, Diff:  0.0, Sum:  0.0, Workers: 6
[7.081s][debug  ][gc,phases,ref  ] GC(26)     FinalRef (ms):                 Min:  0.0, Avg:  0.0, Max:  0.0, Diff:  0.0, Sum:  0.0, Workers: 6
[7.081s][debug  ][gc,phases,ref  ] GC(26)     Total (ms):                    Min:  0.0, Avg:  0.0, Max:  0.0, Diff:  0.0, Sum:  0.0, Workers: 6
[7.081s][debug  ][gc,phases,ref  ] GC(26)   Notify and keep alive finalizable: 0.0ms
[7.081s][debug  ][gc,phases,ref  ] GC(26)     FinalRef (ms):                 skipped
[7.081s][debug  ][gc,phases,ref  ] GC(26)   Notify PhantomReferences: 0.0ms
[7.081s][debug  ][gc,phases,ref  ] GC(26)     PhantomRef (ms):               Min:  0.0, Avg:  0.0, Max:  0.0, Diff:  0.0, Sum:  0.0, Workers: 6
[7.081s][debug  ][gc,phases,ref  ] GC(26)   SoftReference:
[7.081s][debug  ][gc,phases,ref  ] GC(26)     Discovered: 0
[7.081s][debug  ][gc,phases,ref  ] GC(26)     Cleared: 0
[7.081s][debug  ][gc,phases,ref  ] GC(26)   WeakReference:
[7.081s][debug  ][gc,phases,ref  ] GC(26)     Discovered: 70
[7.081s][debug  ][gc,phases,ref  ] GC(26)     Cleared: 70
[7.081s][debug  ][gc,phases,ref  ] GC(26)   FinalReference:
[7.081s][debug  ][gc,phases,ref  ] GC(26)     Discovered: 0
[7.081s][debug  ][gc,phases,ref  ] GC(26)     Cleared: 0
[7.081s][debug  ][gc,phases,ref  ] GC(26)   PhantomReference:
[7.081s][debug  ][gc,phases,ref  ] GC(26)     Discovered: 3
[7.081s][debug  ][gc,phases,ref  ] GC(26)     Cleared: 3
[7.081s][debug  ][gc,phases      ] GC(26) Reference Processing 0.676ms
[7.081s][debug  ][gc,phases,start] GC(26) Weak Processing
[7.081s][debug  ][gc,phases      ] GC(26)   VM Weak                        Min:  0.0, Avg:  0.0, Max:  0.0, Diff:  0.0, Sum:  0.0, Workers: 6
[7.081s][debug  ][gc,phases      ] GC(26)     Dead                           Min: 0, Avg:  0.0, Max: 0, Diff: 0, Sum: 0, Workers: 6
[7.081s][debug  ][gc,phases      ] GC(26)     Total                          Min: 0, Avg:  1.3, Max: 8, Diff: 8, Sum: 8, Workers: 6
[7.081s][debug  ][gc,phases      ] GC(26)   ObjectSynchronizer Weak        Min:  0.0, Avg:  0.0, Max:  0.0, Diff:  0.0, Sum:  0.0, Workers: 6
[7.081s][debug  ][gc,phases      ] GC(26)     Dead                           Min: 0, Avg:  0.0, Max: 0, Diff: 0, Sum: 0, Workers: 6
[7.081s][debug  ][gc,phases      ] GC(26)     Total                          Min: 0, Avg:  0.5, Max: 3, Diff: 3, Sum: 3, Workers: 6
[7.081s][debug  ][gc,phases      ] GC(26)   JVMTI Tag Weak OopStorage      Min:  0.0, Avg:  0.0, Max:  0.0, Diff:  0.0, Sum:  0.0, Workers: 6
[7.081s][debug  ][gc,phases      ] GC(26)     Dead                           Min: 0, Avg:  0.0, Max: 0, Diff: 0, Sum: 0, Workers: 6
[7.081s][debug  ][gc,phases      ] GC(26)     Total                          Min: 0, Avg:  0.0, Max: 0, Diff: 0, Sum: 0, Workers: 6
[7.081s][debug  ][gc,phases      ] GC(26)   StringTable Weak               Min:  0.0, Avg:  0.0, Max:  0.0, Diff:  0.0, Sum:  0.0, Workers: 6
[7.081s][debug  ][gc,phases      ] GC(26)     Dead                           Min: 0, Avg:  0.0, Max: 0, Diff: 0, Sum: 0, Workers: 6
[7.081s][debug  ][gc,phases      ] GC(26)     Total                          Min: 832, Avg: 891.8, Max: 1088, Diff: 256, Sum: 5351, Workers: 6
[7.081s][debug  ][gc,phases      ] GC(26)   ResolvedMethodTable Weak       Min:  0.0, Avg:  0.0, Max:  0.0, Diff:  0.0, Sum:  0.0, Workers: 6
[7.081s][debug  ][gc,phases      ] GC(26)     Dead                           Min: 0, Avg:  0.0, Max: 0, Diff: 0, Sum: 0, Workers: 6
[7.081s][debug  ][gc,phases      ] GC(26)     Total                          Min: 0, Avg: 21.7, Max: 64, Diff: 64, Sum: 130, Workers: 6
[7.081s][debug  ][gc,phases      ] GC(26)   JNI Weak                       Min:  0.0, Avg:  0.0, Max:  0.0, Diff:  0.0, Sum:  0.0, Workers: 6
[7.081s][debug  ][gc,phases      ] GC(26)     Dead                           Min: 0, Avg:  0.0, Max: 0, Diff: 0, Sum: 0, Workers: 6
[7.082s][debug  ][gc,phases      ] GC(26)     Total                          Min: 0, Avg:  0.0, Max: 0, Diff: 0, Sum: 0, Workers: 6
[7.082s][debug  ][gc,phases      ] GC(26)   StringDedup Table Weak         Min:  0.0, Avg:  0.0, Max:  0.0, Diff:  0.0, Sum:  0.0, Workers: 6
[7.082s][debug  ][gc,phases      ] GC(26)     Dead                           Min: 0, Avg:  0.0, Max: 0, Diff: 0, Sum: 0, Workers: 6
[7.082s][debug  ][gc,phases      ] GC(26)     Total                          Min: 0, Avg:  0.0, Max: 0, Diff: 0, Sum: 0, Workers: 6
[7.082s][debug  ][gc,phases      ] GC(26)   StringDedup Requests0 Weak     Min:  0.0, Avg:  0.0, Max:  0.0, Diff:  0.0, Sum:  0.0, Workers: 6
[7.082s][debug  ][gc,phases      ] GC(26)     Dead                           Min: 0, Avg:  0.0, Max: 0, Diff: 0, Sum: 0, Workers: 6
[7.082s][debug  ][gc,phases      ] GC(26)     Total                          Min: 0, Avg:  0.0, Max: 0, Diff: 0, Sum: 0, Workers: 6
[7.082s][debug  ][gc,phases      ] GC(26)   StringDedup Requests1 Weak     Min:  0.0, Avg:  0.0, Max:  0.0, Diff:  0.0, Sum:  0.0, Workers: 6
[7.082s][debug  ][gc,phases      ] GC(26)     Dead                           Min: 0, Avg:  0.0, Max: 0, Diff: 0, Sum: 0, Workers: 6
[7.082s][debug  ][gc,phases      ] GC(26)     Total                          Min: 0, Avg:  0.0, Max: 0, Diff: 0, Sum: 0, Workers: 6
[7.082s][debug  ][gc,phases      ] GC(26)   Weak JFR Old Object Samples    Min:  0.0, Avg:  0.0, Max:  0.0, Diff:  0.0, Sum:  0.0, Workers: 6
[7.082s][debug  ][gc,phases      ] GC(26)     Dead                           Min: 0, Avg:  0.0, Max: 0, Diff: 0, Sum: 0, Workers: 6
[7.082s][debug  ][gc,phases      ] GC(26)     Total                          Min: 0, Avg:  0.0, Max: 0, Diff: 0, Sum: 0, Workers: 6
[7.082s][debug  ][gc,phases      ] GC(26) Weak Processing 0.819ms
[7.082s][debug  ][gc,phases,start] GC(26) Class Unloading
[7.082s][debug  ][gc,phases,start] GC(26) ClassLoaderData
[7.082s][debug  ][gc,phases      ] GC(26) ClassLoaderData 0.021ms
[7.082s][debug  ][gc,phases,start] GC(26) Trigger cleanups
[7.082s][debug  ][gc,phases      ] GC(26) Trigger cleanups 0.019ms
[7.082s][debug  ][gc,phases      ] GC(26) Class Unloading 0.269ms
[7.082s][info   ][gc,phases      ] GC(26) Marking Phase 2.465ms
[7.082s][info   ][gc,phases,start] GC(26) Summary Phase
[7.082s][info   ][gc,phases      ] GC(26) Summary Phase 0.034ms
[7.082s][info   ][gc,phases,start] GC(26) Adjust Roots
[7.082s][info   ][gc,phases      ] GC(26) Adjust Roots 0.148ms
[7.082s][info   ][gc,phases,start] GC(26) Compaction Phase
[7.086s][info   ][gc,phases      ] GC(26) Compaction Phase 3.566ms
[7.086s][info   ][gc,phases,start] GC(26) Post Compact
[7.090s][info   ][gc,phases      ] GC(26) Post Compact 3.549ms
[7.090s][debug  ][gc,ergo        ] GC(26) AdaptiveSizeStart: collection: 27 
[7.090s][debug  ][gc,ergo        ] GC(26) PSAdaptiveSizePolicy::compute_eden_space_size limits: desired_eden_size: 256529096 old_eden_size: 201326592 eden_limit: 201850880 cur_eden: 201850880 max_eden_size: 201850880 avg_young_live: 23798680
[7.090s][debug  ][gc,ergo        ] GC(26) PSAdaptiveSizePolicy::compute_eden_space_size: costs minor_time: 0.051831 major_cost: 0.024705 mutator_cost: 0.923463 throughput_goal: 0.990000
[7.090s][debug  ][gc,ergo        ] GC(26) Live_space: 828105984 free_space: 722993152
[7.090s][debug  ][gc,ergo        ] GC(26) Old eden_size: 201326592 desired_eden_size: 201850880
[7.090s][debug  ][gc,ergo        ] GC(26) PSAdaptiveSizePolicy::compute_old_gen_free_space: costs minor_time: 0.051831 major_cost: 0.024705  mutator_cost: 0.923463 throughput_goal: 0.990000
[7.090s][debug  ][gc,ergo        ] GC(26) Live_space: 920496128 free_space: 723517440
[7.090s][debug  ][gc,ergo        ] GC(26) Old promo_size: 521666560 desired_promo_size: 589299712
[7.091s][debug  ][gc             ] GC(26) Expanding ParOldGen from 1182208K by 612864K to 1795072K
[7.091s][debug  ][gc,ergo        ] GC(26) AdaptiveSizeStop: collection: 27 
[7.091s][info   ][gc,heap        ] GC(26) PSYoungGen: 30720K(229888K)->0K(229376K) Eden: 0K(197120K)->0K(197120K) From: 30720K(32768K)->0K(32256K)
[7.091s][info   ][gc,heap        ] GC(26) ParOldGen: 943716K(1182208K)->974436K(1795072K)
[7.091s][info   ][gc,metaspace   ] GC(26) Metaspace: 1019K(1152K)->1019K(1152K) NonClass: 935K(960K)->935K(960K) Class: 83K(192K)->83K(192K)
[7.091s][info   ][gc             ] GC(26) Pause Full (Ergonomics) 951M->951M(1977M) 11.634ms
[7.091s][info   ][gc,cpu         ] GC(26) User=0.00s Sys=0.02s Real=0.01s
[7.091s][debug  ][gc,heap        ] GC(26) Heap after GC invocations=27 (full 5):
[7.091s][debug  ][gc,heap        ] GC(26)  PSYoungGen      total 229376K, used 0K [0x00000000f0000000, 0x0000000100000000, 0x0000000100000000)
[7.091s][debug  ][gc,heap        ] GC(26)   eden space 197120K, 0% used [0x00000000f0000000,0x00000000f0000000,0x00000000fc080000)
[7.091s][debug  ][gc,heap        ] GC(26)   from space 32256K, 0% used [0x00000000fc080000,0x00000000fc080000,0x00000000fe000000)
[7.091s][debug  ][gc,heap        ] GC(26)   to   space 32256K, 0% used [0x00000000fe080000,0x00000000fe080000,0x0000000100000000)
[7.091s][debug  ][gc,heap        ] GC(26)  ParOldGen       total 1795072K, used 974436K [0x0000000080000000, 0x00000000ed900000, 0x00000000f0000000)
[7.091s][debug  ][gc,heap        ] GC(26)   object space 1795072K, 54% used [0x0000000080000000,0x00000000bb799108,0x00000000ed900000)
[7.092s][debug  ][gc,heap        ] GC(26)  Metaspace       used 1019K, committed 1152K, reserved 1056768K
[7.092s][debug  ][gc,heap        ] GC(26)   class space    used 83K, committed 192K, reserved 1048576K
[7.092s][debug  ][gc,task,time   ] GC(26) VM-Thread 70797070 70824478 70913511
[7.378s][debug  ][gc,heap        ] GC(27) Heap before GC invocations=28 (full 5):
[7.378s][debug  ][gc,heap        ] GC(27)  PSYoungGen      total 229376K, used 188143K [0x00000000f0000000, 0x0000000100000000, 0x0000000100000000)
[7.378s][debug  ][gc,heap        ] GC(27)   eden space 197120K, 95% used [0x00000000f0000000,0x00000000fb7bbea8,0x00000000fc080000)
[7.378s][debug  ][gc,heap        ] GC(27)   from space 32256K, 0% used [0x00000000fc080000,0x00000000fc080000,0x00000000fe000000)
[7.378s][debug  ][gc,heap        ] GC(27)   to   space 32256K, 0% used [0x00000000fe080000,0x00000000fe080000,0x0000000100000000)
[7.378s][debug  ][gc,heap        ] GC(27)  ParOldGen       total 1795072K, used 974436K [0x0000000080000000, 0x00000000ed900000, 0x00000000f0000000)
[7.378s][debug  ][gc,heap        ] GC(27)   object space 1795072K, 54% used [0x0000000080000000,0x00000000bb799108,0x00000000ed900000)
[7.378s][debug  ][gc,heap        ] GC(27)  Metaspace       used 1019K, committed 1152K, reserved 1056768K
[7.378s][debug  ][gc,heap        ] GC(27)   class space    used 83K, committed 192K, reserved 1048576K
[7.378s][debug  ][gc,tlab        ] GC(27) TLAB totals: thrds: 1  refills: 1 max: 1 slow allocs: 17 max 17 waste: 27.2% gc: 3913976B max: 3913976B slow: 0B max: 0B
[7.378s][info   ][gc,start       ] GC(27) Pause Young (Allocation Failure)
[7.379s][debug  ][gc,phases,start] GC(27) Scavenge
[7.387s][debug  ][gc,phases      ] GC(27) Scavenge 8.550ms
[7.387s][debug  ][gc,phases,start] GC(27) Reference Processing
[7.387s][debug  ][gc,ref         ] GC(27) Skipped phase 1 of Reference Processing: no references
[7.387s][debug  ][gc,ref         ] GC(27) Skipped phase 2 of Reference Processing: no references
[7.387s][debug  ][gc,ref         ] GC(27) Skipped phase 3 of Reference Processing: no references
[7.387s][debug  ][gc,ref         ] GC(27) Skipped phase 4 of Reference Processing: no references
[7.387s][debug  ][gc,phases,ref  ] GC(27) Reference Processing: 0.1ms
[7.387s][debug  ][gc,phases,ref  ] GC(27)   Reconsider SoftReferences: 0.0ms
[7.387s][debug  ][gc,phases,ref  ] GC(27)     SoftRef (ms):                  skipped
[7.387s][debug  ][gc,phases,ref  ] GC(27)   Notify Soft/WeakReferences: 0.0ms
[7.387s][debug  ][gc,phases,ref  ] GC(27)     SoftRef (ms):                  skipped
[7.387s][debug  ][gc,phases,ref  ] GC(27)     WeakRef (ms):                  skipped
[7.387s][debug  ][gc,phases,ref  ] GC(27)     FinalRef (ms):                 skipped
[7.387s][debug  ][gc,phases,ref  ] GC(27)     Total (ms):                    skipped
[7.387s][debug  ][gc,phases,ref  ] GC(27)   Notify and keep alive finalizable: 0.0ms
[7.387s][debug  ][gc,phases,ref  ] GC(27)     FinalRef (ms):                 skipped
[7.387s][debug  ][gc,phases,ref  ] GC(27)   Notify PhantomReferences: 0.0ms
[7.387s][debug  ][gc,phases,ref  ] GC(27)     PhantomRef (ms):               skipped
[7.387s][debug  ][gc,phases,ref  ] GC(27)   SoftReference:
[7.388s][debug  ][gc,phases,ref  ] GC(27)     Discovered: 0
[7.388s][debug  ][gc,phases,ref  ] GC(27)     Cleared: 0
[7.388s][debug  ][gc,phases,ref  ] GC(27)   WeakReference:
[7.388s][debug  ][gc,phases,ref  ] GC(27)     Discovered: 0
[7.388s][debug  ][gc,phases,ref  ] GC(27)     Cleared: 0
[7.388s][debug  ][gc,phases,ref  ] GC(27)   FinalReference:
[7.388s][debug  ][gc,phases,ref  ] GC(27)     Discovered: 0
[7.388s][debug  ][gc,phases,ref  ] GC(27)     Cleared: 0
[7.388s][debug  ][gc,phases,ref  ] GC(27)   PhantomReference:
[7.388s][debug  ][gc,phases,ref  ] GC(27)     Discovered: 0
[7.388s][debug  ][gc,phases,ref  ] GC(27)     Cleared: 0
[7.388s][debug  ][gc,phases      ] GC(27) Reference Processing 0.566ms
[7.388s][debug  ][gc,phases,start] GC(27) Weak Processing
[7.388s][debug  ][gc,phases      ] GC(27)   VM Weak                        Min:  0.0, Avg:  0.0, Max:  0.0, Diff:  0.0, Sum:  0.0, Workers: 6
[7.388s][debug  ][gc,phases      ] GC(27)     Dead                           Min: 0, Avg:  0.0, Max: 0, Diff: 0, Sum: 0, Workers: 6
[7.388s][debug  ][gc,phases      ] GC(27)     Total                          Min: 0, Avg:  1.3, Max: 8, Diff: 8, Sum: 8, Workers: 6
[7.388s][debug  ][gc,phases      ] GC(27)   ObjectSynchronizer Weak        Min:  0.0, Avg:  0.0, Max:  0.0, Diff:  0.0, Sum:  0.0, Workers: 6
[7.388s][debug  ][gc,phases      ] GC(27)     Dead                           Min: 0, Avg:  0.0, Max: 0, Diff: 0, Sum: 0, Workers: 6
[7.388s][debug  ][gc,phases      ] GC(27)     Total                          Min: 0, Avg:  0.5, Max: 3, Diff: 3, Sum: 3, Workers: 6
[7.388s][debug  ][gc,phases      ] GC(27)   JVMTI Tag Weak OopStorage      Min:  0.0, Avg:  0.0, Max:  0.0, Diff:  0.0, Sum:  0.0, Workers: 6
[7.388s][debug  ][gc,phases      ] GC(27)     Dead                           Min: 0, Avg:  0.0, Max: 0, Diff: 0, Sum: 0, Workers: 6
[7.388s][debug  ][gc,phases      ] GC(27)     Total                          Min: 0, Avg:  0.0, Max: 0, Diff: 0, Sum: 0, Workers: 6
[7.388s][debug  ][gc,phases      ] GC(27)   StringTable Weak               Min:  0.0, Avg:  0.0, Max:  0.0, Diff:  0.0, Sum:  0.0, Workers: 6
[7.388s][debug  ][gc,phases      ] GC(27)     Dead                           Min: 0, Avg:  0.0, Max: 0, Diff: 0, Sum: 0, Workers: 6
[7.388s][debug  ][gc,phases      ] GC(27)     Total                          Min: 768, Avg: 891.8, Max: 1000, Diff: 232, Sum: 5351, Workers: 6
[7.388s][debug  ][gc,phases      ] GC(27)   ResolvedMethodTable Weak       Min:  0.0, Avg:  0.0, Max:  0.0, Diff:  0.0, Sum:  0.0, Workers: 6
[7.388s][debug  ][gc,phases      ] GC(27)     Dead                           Min: 0, Avg:  0.0, Max: 0, Diff: 0, Sum: 0, Workers: 6
[7.388s][debug  ][gc,phases      ] GC(27)     Total                          Min: 0, Avg: 21.7, Max: 64, Diff: 64, Sum: 130, Workers: 6
[7.388s][debug  ][gc,phases      ] GC(27)   JNI Weak                       Min:  0.0, Avg:  0.0, Max:  0.0, Diff:  0.0, Sum:  0.0, Workers: 6
[7.388s][debug  ][gc,phases      ] GC(27)     Dead                           Min: 0, Avg:  0.0, Max: 0, Diff: 0, Sum: 0, Workers: 6
[7.388s][debug  ][gc,phases      ] GC(27)     Total                          Min: 0, Avg:  0.0, Max: 0, Diff: 0, Sum: 0, Workers: 6
[7.388s][debug  ][gc,phases      ] GC(27)   StringDedup Table Weak         Min:  0.0, Avg:  0.0, Max:  0.0, Diff:  0.0, Sum:  0.0, Workers: 6
[7.388s][debug  ][gc,phases      ] GC(27)     Dead                           Min: 0, Avg:  0.0, Max: 0, Diff: 0, Sum: 0, Workers: 6
[7.388s][debug  ][gc,phases      ] GC(27)     Total                          Min: 0, Avg:  0.0, Max: 0, Diff: 0, Sum: 0, Workers: 6
[7.388s][debug  ][gc,phases      ] GC(27)   StringDedup Requests0 Weak     Min:  0.0, Avg:  0.0, Max:  0.0, Diff:  0.0, Sum:  0.0, Workers: 6
[7.388s][debug  ][gc,phases      ] GC(27)     Dead                           Min: 0, Avg:  0.0, Max: 0, Diff: 0, Sum: 0, Workers: 6
[7.388s][debug  ][gc,phases      ] GC(27)     Total                          Min: 0, Avg:  0.0, Max: 0, Diff: 0, Sum: 0, Workers: 6
[7.388s][debug  ][gc,phases      ] GC(27)   StringDedup Requests1 Weak     Min:  0.0, Avg:  0.0, Max:  0.0, Diff:  0.0, Sum:  0.0, Workers: 6
[7.388s][debug  ][gc,phases      ] GC(27)     Dead                           Min: 0, Avg:  0.0, Max: 0, Diff: 0, Sum: 0, Workers: 6
[7.388s][debug  ][gc,phases      ] GC(27)     Total                          Min: 0, Avg:  0.0, Max: 0, Diff: 0, Sum: 0, Workers: 6
[7.388s][debug  ][gc,phases      ] GC(27)   Weak JFR Old Object Samples    Min:  0.0, Avg:  0.0, Max:  0.0, Diff:  0.0, Sum:  0.0, Workers: 6
[7.388s][debug  ][gc,phases      ] GC(27)     Dead                           Min: 0, Avg:  0.0, Max: 0, Diff: 0, Sum: 0, Workers: 6
[7.389s][debug  ][gc,phases      ] GC(27)     Total                          Min: 0, Avg:  0.0, Max: 0, Diff: 0, Sum: 0, Workers: 6
[7.389s][debug  ][gc,phases      ] GC(27) Weak Processing 0.817ms
[7.389s][debug  ][gc,ergo        ] GC(27) AdaptiveSizeStart:  collection: 28 
[7.389s][debug  ][gc,ergo        ] GC(27) avg_survived_padded_avg: 32921968.000000
[7.389s][debug  ][gc,ergo        ] GC(27) avg_promoted_padded_avg: 252530544.000000  avg_pretenured_padded_avg: 0.000000  tenuring_thresh: 1  target_size: 33030144
[7.389s][debug  ][gc,age         ] GC(27) Desired survivor size 33030144 bytes, new threshold 1 (max threshold 15)
[7.389s][debug  ][gc,ergo        ] GC(27) PSAdaptiveSizePolicy::compute_eden_space_size limits: desired_eden_size: 254768508 old_eden_size: 201850880 eden_limit: 202375168 cur_eden: 201850880 max_eden_size: 202375168 avg_young_live: 24564544
[7.389s][debug  ][gc,ergo        ] GC(27) PSAdaptiveSizePolicy::compute_eden_space_size: costs minor_time: 0.046988 major_cost: 0.024705 mutator_cost: 0.928307 throughput_goal: 0.990000
[7.389s][debug  ][gc,ergo        ] GC(27) Live_space: 921262016 free_space: 791150592
[7.389s][debug  ][gc,ergo        ] GC(27) Old eden_size: 201850880 desired_eden_size: 202375168
[7.389s][debug  ][gc,ergo        ] GC(27) AdaptiveSizeStop: collection: 28 
[7.389s][info   ][gc,heap        ] GC(27) PSYoungGen: 188143K(229376K)->30720K(229888K) Eden: 188143K(197120K)->0K(197632K) From: 0K(32256K)->30720K(32256K)
[7.389s][info   ][gc,heap        ] GC(27) ParOldGen: 974436K(1795072K)->1076836K(1795072K)
[7.389s][info   ][gc,metaspace   ] GC(27) Metaspace: 1019K(1152K)->1019K(1152K) NonClass: 935K(960K)->935K(960K) Class: 83K(192K)->83K(192K)
[7.389s][info   ][gc             ] GC(27) Pause Young (Allocation Failure) 1135M->1081M(1977M) 10.466ms
[7.389s][info   ][gc,cpu         ] GC(27) User=0.00s Sys=0.00s Real=0.01s
[7.389s][debug  ][gc,heap        ] GC(27) Heap after GC invocations=28 (full 5):
[7.389s][debug  ][gc,heap        ] GC(27)  PSYoungGen      total 229888K, used 30720K [0x00000000f0000000, 0x0000000100000000, 0x0000000100000000)
[7.389s][debug  ][gc,heap        ] GC(27)   eden space 197632K, 0% used [0x00000000f0000000,0x00000000f0000000,0x00000000fc100000)
[7.389s][debug  ][gc,heap        ] GC(27)   from space 32256K, 95% used [0x00000000fe080000,0x00000000ffe80030,0x0000000100000000)
[7.389s][debug  ][gc,heap        ] GC(27)   to   space 32256K, 0% used [0x00000000fc100000,0x00000000fc100000,0x00000000fe080000)
[7.389s][debug  ][gc,heap        ] GC(27)  ParOldGen       total 1795072K, used 1076836K [0x0000000080000000, 0x00000000ed900000, 0x00000000f0000000)
[7.389s][debug  ][gc,heap        ] GC(27)   object space 1795072K, 59% used [0x0000000080000000,0x00000000c1b991a8,0x00000000ed900000)
[7.389s][debug  ][gc,heap        ] GC(27)  Metaspace       used 1019K, committed 1152K, reserved 1056768K
[7.389s][debug  ][gc,heap        ] GC(27)   class space    used 83K, committed 192K, reserved 1048576K
[7.389s][debug  ][gc,task,time   ] GC(27) VM-Thread 73781749 73871401 73892431
[7.678s][debug  ][gc,heap        ] GC(28) Heap before GC invocations=29 (full 5):
[7.678s][debug  ][gc,heap        ] GC(28)  PSYoungGen      total 229888K, used 218812K [0x00000000f0000000, 0x0000000100000000, 0x0000000100000000)
[7.678s][debug  ][gc,heap        ] GC(28)   eden space 197632K, 95% used [0x00000000f0000000,0x00000000fb7aefd0,0x00000000fc100000)
[7.678s][debug  ][gc,heap        ] GC(28)   from space 32256K, 95% used [0x00000000fe080000,0x00000000ffe80030,0x0000000100000000)
[7.678s][debug  ][gc,heap        ] GC(28)   to   space 32256K, 0% used [0x00000000fc100000,0x00000000fc100000,0x00000000fe080000)
[7.678s][debug  ][gc,heap        ] GC(28)  ParOldGen       total 1795072K, used 1076836K [0x0000000080000000, 0x00000000ed900000, 0x00000000f0000000)
[7.678s][debug  ][gc,heap        ] GC(28)   object space 1795072K, 59% used [0x0000000080000000,0x00000000c1b991a8,0x00000000ed900000)
[7.678s][debug  ][gc,heap        ] GC(28)  Metaspace       used 1019K, committed 1152K, reserved 1056768K
[7.678s][debug  ][gc,heap        ] GC(28)   class space    used 83K, committed 192K, reserved 1048576K
[7.679s][debug  ][gc,tlab        ] GC(28) TLAB totals: thrds: 1  refills: 1 max: 1 slow allocs: 17 max 17 waste: 26.9% gc: 3862192B max: 3862192B slow: 0B max: 0B
[7.679s][info   ][gc,start       ] GC(28) Pause Young (Allocation Failure)
[7.679s][debug  ][gc,phases,start] GC(28) Scavenge
[7.696s][debug  ][gc,phases      ] GC(28) Scavenge 17.175ms
[7.696s][debug  ][gc,phases,start] GC(28) Reference Processing
[7.696s][debug  ][gc,ref         ] GC(28) Skipped phase 1 of Reference Processing: no references
[7.696s][debug  ][gc,ref         ] GC(28) Skipped phase 2 of Reference Processing: no references
[7.696s][debug  ][gc,ref         ] GC(28) Skipped phase 3 of Reference Processing: no references
[7.696s][debug  ][gc,ref         ] GC(28) Skipped phase 4 of Reference Processing: no references
[7.696s][debug  ][gc,phases,ref  ] GC(28) Reference Processing: 0.1ms
[7.696s][debug  ][gc,phases,ref  ] GC(28)   Reconsider SoftReferences: 0.0ms
[7.696s][debug  ][gc,phases,ref  ] GC(28)     SoftRef (ms):                  skipped
[7.696s][debug  ][gc,phases,ref  ] GC(28)   Notify Soft/WeakReferences: 0.0ms
[7.696s][debug  ][gc,phases,ref  ] GC(28)     SoftRef (ms):                  skipped
[7.696s][debug  ][gc,phases,ref  ] GC(28)     WeakRef (ms):                  skipped
[7.696s][debug  ][gc,phases,ref  ] GC(28)     FinalRef (ms):                 skipped
[7.696s][debug  ][gc,phases,ref  ] GC(28)     Total (ms):                    skipped
[7.696s][debug  ][gc,phases,ref  ] GC(28)   Notify and keep alive finalizable: 0.0ms
[7.696s][debug  ][gc,phases,ref  ] GC(28)     FinalRef (ms):                 skipped
[7.696s][debug  ][gc,phases,ref  ] GC(28)   Notify PhantomReferences: 0.0ms
[7.696s][debug  ][gc,phases,ref  ] GC(28)     PhantomRef (ms):               skipped
[7.696s][debug  ][gc,phases,ref  ] GC(28)   SoftReference:
[7.696s][debug  ][gc,phases,ref  ] GC(28)     Discovered: 0
[7.696s][debug  ][gc,phases,ref  ] GC(28)     Cleared: 0
[7.696s][debug  ][gc,phases,ref  ] GC(28)   WeakReference:
[7.696s][debug  ][gc,phases,ref  ] GC(28)     Discovered: 0
[7.696s][debug  ][gc,phases,ref  ] GC(28)     Cleared: 0
[7.696s][debug  ][gc,phases,ref  ] GC(28)   FinalReference:
[7.696s][debug  ][gc,phases,ref  ] GC(28)     Discovered: 0
[7.696s][debug  ][gc,phases,ref  ] GC(28)     Cleared: 0
[7.696s][debug  ][gc,phases,ref  ] GC(28)   PhantomReference:
[7.696s][debug  ][gc,phases,ref  ] GC(28)     Discovered: 0
[7.697s][debug  ][gc,phases,ref  ] GC(28)     Cleared: 0
[7.697s][debug  ][gc,phases      ] GC(28) Reference Processing 0.707ms
[7.697s][debug  ][gc,phases,start] GC(28) Weak Processing
[7.697s][debug  ][gc,phases      ] GC(28)   VM Weak                        Min:  0.0, Avg:  0.0, Max:  0.0, Diff:  0.0, Sum:  0.0, Workers: 6
[7.697s][debug  ][gc,phases      ] GC(28)     Dead                           Min: 0, Avg:  0.0, Max: 0, Diff: 0, Sum: 0, Workers: 6
[7.697s][debug  ][gc,phases      ] GC(28)     Total                          Min: 0, Avg:  1.3, Max: 8, Diff: 8, Sum: 8, Workers: 6
[7.697s][debug  ][gc,phases      ] GC(28)   ObjectSynchronizer Weak        Min:  0.0, Avg:  0.0, Max:  0.0, Diff:  0.0, Sum:  0.0, Workers: 6
[7.697s][debug  ][gc,phases      ] GC(28)     Dead                           Min: 0, Avg:  0.0, Max: 0, Diff: 0, Sum: 0, Workers: 6
[7.697s][debug  ][gc,phases      ] GC(28)     Total                          Min: 0, Avg:  0.5, Max: 3, Diff: 3, Sum: 3, Workers: 6
[7.697s][debug  ][gc,phases      ] GC(28)   JVMTI Tag Weak OopStorage      Min:  0.0, Avg:  0.0, Max:  0.0, Diff:  0.0, Sum:  0.0, Workers: 6
[7.697s][debug  ][gc,phases      ] GC(28)     Dead                           Min: 0, Avg:  0.0, Max: 0, Diff: 0, Sum: 0, Workers: 6
[7.697s][debug  ][gc,phases      ] GC(28)     Total                          Min: 0, Avg:  0.0, Max: 0, Diff: 0, Sum: 0, Workers: 6
[7.697s][debug  ][gc,phases      ] GC(28)   StringTable Weak               Min:  0.0, Avg:  0.0, Max:  0.0, Diff:  0.0, Sum:  0.0, Workers: 6
[7.697s][debug  ][gc,phases      ] GC(28)     Dead                           Min: 0, Avg:  0.0, Max: 0, Diff: 0, Sum: 0, Workers: 6
[7.697s][debug  ][gc,phases      ] GC(28)     Total                          Min: 767, Avg: 891.8, Max: 1024, Diff: 257, Sum: 5351, Workers: 6
[7.697s][debug  ][gc,phases      ] GC(28)   ResolvedMethodTable Weak       Min:  0.0, Avg:  0.0, Max:  0.0, Diff:  0.0, Sum:  0.0, Workers: 6
[7.697s][debug  ][gc,phases      ] GC(28)     Dead                           Min: 0, Avg:  0.0, Max: 0, Diff: 0, Sum: 0, Workers: 6
[7.697s][debug  ][gc,phases      ] GC(28)     Total                          Min: 0, Avg: 21.7, Max: 66, Diff: 66, Sum: 130, Workers: 6
[7.697s][debug  ][gc,phases      ] GC(28)   JNI Weak                       Min:  0.0, Avg:  0.0, Max:  0.0, Diff:  0.0, Sum:  0.0, Workers: 6
[7.697s][debug  ][gc,phases      ] GC(28)     Dead                           Min: 0, Avg:  0.0, Max: 0, Diff: 0, Sum: 0, Workers: 6
[7.697s][debug  ][gc,phases      ] GC(28)     Total                          Min: 0, Avg:  0.0, Max: 0, Diff: 0, Sum: 0, Workers: 6
[7.697s][debug  ][gc,phases      ] GC(28)   StringDedup Table Weak         Min:  0.0, Avg:  0.0, Max:  0.0, Diff:  0.0, Sum:  0.0, Workers: 6
[7.697s][debug  ][gc,phases      ] GC(28)     Dead                           Min: 0, Avg:  0.0, Max: 0, Diff: 0, Sum: 0, Workers: 6
[7.697s][debug  ][gc,phases      ] GC(28)     Total                          Min: 0, Avg:  0.0, Max: 0, Diff: 0, Sum: 0, Workers: 6
[7.697s][debug  ][gc,phases      ] GC(28)   StringDedup Requests0 Weak     Min:  0.0, Avg:  0.0, Max:  0.0, Diff:  0.0, Sum:  0.0, Workers: 6
[7.697s][debug  ][gc,phases      ] GC(28)     Dead                           Min: 0, Avg:  0.0, Max: 0, Diff: 0, Sum: 0, Workers: 6
[7.697s][debug  ][gc,phases      ] GC(28)     Total                          Min: 0, Avg:  0.0, Max: 0, Diff: 0, Sum: 0, Workers: 6
[7.697s][debug  ][gc,phases      ] GC(28)   StringDedup Requests1 Weak     Min:  0.0, Avg:  0.0, Max:  0.0, Diff:  0.0, Sum:  0.0, Workers: 6
[7.697s][debug  ][gc,phases      ] GC(28)     Dead                           Min: 0, Avg:  0.0, Max: 0, Diff: 0, Sum: 0, Workers: 6
[7.697s][debug  ][gc,phases      ] GC(28)     Total                          Min: 0, Avg:  0.0, Max: 0, Diff: 0, Sum: 0, Workers: 6
[7.697s][debug  ][gc,phases      ] GC(28)   Weak JFR Old Object Samples    Min:  0.0, Avg:  0.0, Max:  0.0, Diff:  0.0, Sum:  0.0, Workers: 6
[7.697s][debug  ][gc,phases      ] GC(28)     Dead                           Min: 0, Avg:  0.0, Max: 0, Diff: 0, Sum: 0, Workers: 6
[7.697s][debug  ][gc,phases      ] GC(28)     Total                          Min: 0, Avg:  0.0, Max: 0, Diff: 0, Sum: 0, Workers: 6
[7.697s][debug  ][gc,phases      ] GC(28) Weak Processing 0.665ms
[7.697s][debug  ][gc,ergo        ] GC(28) AdaptiveSizeStart:  collection: 29 
[7.697s][debug  ][gc,ergo        ] GC(28) avg_survived_padded_avg: 32838154.000000
[7.697s][debug  ][gc,ergo        ] GC(28) avg_promoted_padded_avg: 254178528.000000  avg_pretenured_padded_avg: 0.000000  tenuring_thresh: 1  target_size: 33030144
[7.697s][debug  ][gc,age         ] GC(28) Desired survivor size 33030144 bytes, new threshold 1 (max threshold 15)
[7.697s][debug  ][gc,ergo        ] GC(28) PSAdaptiveSizePolicy::compute_eden_space_size limits: desired_eden_size: 256894526 old_eden_size: 202375168 eden_limit: 202375168 cur_eden: 202375168 max_eden_size: 202375168 avg_young_live: 25253820
[7.697s][debug  ][gc,ergo        ] GC(28) PSAdaptiveSizePolicy::compute_eden_space_size: costs minor_time: 0.050361 major_cost: 0.024705 mutator_cost: 0.924934 throughput_goal: 0.990000
[7.697s][debug  ][gc,ergo        ] GC(28) Live_space: 921951296 free_space: 791674880
[7.697s][debug  ][gc,ergo        ] GC(28) Old eden_size: 202375168 desired_eden_size: 202375168
[7.697s][debug  ][gc,ergo        ] GC(28) AdaptiveSizeStop: collection: 29 
[7.697s][info   ][gc,heap        ] GC(28) PSYoungGen: 218812K(229888K)->30720K(229888K) Eden: 188091K(197632K)->0K(197632K) From: 30720K(32256K)->30720K(32256K)
[7.697s][info   ][gc,heap        ] GC(28) ParOldGen: 1076836K(1795072K)->1261156K(1795072K)
[7.697s][info   ][gc,metaspace   ] GC(28) Metaspace: 1019K(1152K)->1019K(1152K) NonClass: 935K(960K)->935K(960K) Class: 83K(192K)->83K(192K)
[7.698s][info   ][gc             ] GC(28) Pause Young (Allocation Failure) 1265M->1261M(1977M) 18.978ms
[7.698s][info   ][gc,cpu         ] GC(28) User=0.05s Sys=0.05s Real=0.02s
[7.698s][debug  ][gc,heap        ] GC(28) Heap after GC invocations=29 (full 5):
[7.698s][debug  ][gc,heap        ] GC(28)  PSYoungGen      total 229888K, used 30720K [0x00000000f0000000, 0x0000000100000000, 0x0000000100000000)
[7.698s][debug  ][gc,heap        ] GC(28)   eden space 197632K, 0% used [0x00000000f0000000,0x00000000f0000000,0x00000000fc100000)
[7.698s][debug  ][gc,heap        ] GC(28)   from space 32256K, 95% used [0x00000000fc100000,0x00000000fdf00030,0x00000000fe080000)
[7.698s][debug  ][gc,heap        ] GC(28)   to   space 32256K, 0% used [0x00000000fe080000,0x00000000fe080000,0x0000000100000000)
[7.698s][debug  ][gc,heap        ] GC(28)  ParOldGen       total 1795072K, used 1261156K [0x0000000080000000, 0x00000000ed900000, 0x00000000f0000000)
[7.698s][debug  ][gc,heap        ] GC(28)   object space 1795072K, 70% used [0x0000000080000000,0x00000000ccf992c8,0x00000000ed900000)
[7.698s][debug  ][gc,heap        ] GC(28)  Metaspace       used 1019K, committed 1152K, reserved 1056768K
[7.698s][debug  ][gc,heap        ] GC(28)   class space    used 83K, committed 192K, reserved 1048576K
[7.698s][debug  ][gc,task,time   ] GC(28) VM-Thread 76781932 76958324 76977612
[7.981s][debug  ][gc,heap        ] GC(29) Heap before GC invocations=30 (full 5):
[7.981s][debug  ][gc,heap        ] GC(29)  PSYoungGen      total 229888K, used 218847K [0x00000000f0000000, 0x0000000100000000, 0x0000000100000000)
[7.981s][debug  ][gc,heap        ] GC(29)   eden space 197632K, 95% used [0x00000000f0000000,0x00000000fb7b7e38,0x00000000fc100000)
[7.981s][debug  ][gc,heap        ] GC(29)   from space 32256K, 95% used [0x00000000fc100000,0x00000000fdf00030,0x00000000fe080000)
[7.981s][debug  ][gc,heap        ] GC(29)   to   space 32256K, 0% used [0x00000000fe080000,0x00000000fe080000,0x0000000100000000)
[7.981s][debug  ][gc,heap        ] GC(29)  ParOldGen       total 1795072K, used 1261156K [0x0000000080000000, 0x00000000ed900000, 0x00000000f0000000)
[7.982s][debug  ][gc,heap        ] GC(29)   object space 1795072K, 70% used [0x0000000080000000,0x00000000ccf992c8,0x00000000ed900000)
[7.982s][debug  ][gc,heap        ] GC(29)  Metaspace       used 1019K, committed 1152K, reserved 1056768K
[7.982s][debug  ][gc,heap        ] GC(29)   class space    used 83K, committed 192K, reserved 1048576K
[7.982s][debug  ][gc,tlab        ] GC(29) TLAB totals: thrds: 1  refills: 1 max: 1 slow allocs: 17 max 17 waste: 27.1% gc: 3898648B max: 3898648B slow: 0B max: 0B
[7.982s][info   ][gc,start       ] GC(29) Pause Young (Allocation Failure)
[7.982s][debug  ][gc,phases,start] GC(29) Scavenge
[8.002s][debug  ][gc,phases      ] GC(29) Scavenge 19.928ms
[8.002s][debug  ][gc,phases,start] GC(29) Reference Processing
[8.002s][debug  ][gc,ref         ] GC(29) Skipped phase 1 of Reference Processing: no references
[8.002s][debug  ][gc,ref         ] GC(29) Skipped phase 2 of Reference Processing: no references
[8.002s][debug  ][gc,ref         ] GC(29) Skipped phase 3 of Reference Processing: no references
[8.002s][debug  ][gc,ref         ] GC(29) Skipped phase 4 of Reference Processing: no references
[8.002s][debug  ][gc,phases,ref  ] GC(29) Reference Processing: 0.1ms
[8.002s][debug  ][gc,phases,ref  ] GC(29)   Reconsider SoftReferences: 0.0ms
[8.002s][debug  ][gc,phases,ref  ] GC(29)     SoftRef (ms):                  skipped
[8.002s][debug  ][gc,phases,ref  ] GC(29)   Notify Soft/WeakReferences: 0.0ms
[8.002s][debug  ][gc,phases,ref  ] GC(29)     SoftRef (ms):                  skipped
[8.002s][debug  ][gc,phases,ref  ] GC(29)     WeakRef (ms):                  skipped
[8.002s][debug  ][gc,phases,ref  ] GC(29)     FinalRef (ms):                 skipped
[8.002s][debug  ][gc,phases,ref  ] GC(29)     Total (ms):                    skipped
[8.002s][debug  ][gc,phases,ref  ] GC(29)   Notify and keep alive finalizable: 0.0ms
[8.002s][debug  ][gc,phases,ref  ] GC(29)     FinalRef (ms):                 skipped
[8.002s][debug  ][gc,phases,ref  ] GC(29)   Notify PhantomReferences: 0.0ms
[8.002s][debug  ][gc,phases,ref  ] GC(29)     PhantomRef (ms):               skipped
[8.002s][debug  ][gc,phases,ref  ] GC(29)   SoftReference:
[8.002s][debug  ][gc,phases,ref  ] GC(29)     Discovered: 0
[8.002s][debug  ][gc,phases,ref  ] GC(29)     Cleared: 0
[8.002s][debug  ][gc,phases,ref  ] GC(29)   WeakReference:
[8.002s][debug  ][gc,phases,ref  ] GC(29)     Discovered: 0
[8.002s][debug  ][gc,phases,ref  ] GC(29)     Cleared: 0
[8.002s][debug  ][gc,phases,ref  ] GC(29)   FinalReference:
[8.002s][debug  ][gc,phases,ref  ] GC(29)     Discovered: 0
[8.002s][debug  ][gc,phases,ref  ] GC(29)     Cleared: 0
[8.002s][debug  ][gc,phases,ref  ] GC(29)   PhantomReference:
[8.002s][debug  ][gc,phases,ref  ] GC(29)     Discovered: 0
[8.002s][debug  ][gc,phases,ref  ] GC(29)     Cleared: 0
[8.002s][debug  ][gc,phases      ] GC(29) Reference Processing 0.584ms
[8.002s][debug  ][gc,phases,start] GC(29) Weak Processing
[8.002s][debug  ][gc,phases      ] GC(29)   VM Weak                        Min:  0.0, Avg:  0.0, Max:  0.0, Diff:  0.0, Sum:  0.0, Workers: 6
[8.002s][debug  ][gc,phases      ] GC(29)     Dead                           Min: 0, Avg:  0.0, Max: 0, Diff: 0, Sum: 0, Workers: 6
[8.002s][debug  ][gc,phases      ] GC(29)     Total                          Min: 0, Avg:  1.3, Max: 8, Diff: 8, Sum: 8, Workers: 6
[8.002s][debug  ][gc,phases      ] GC(29)   ObjectSynchronizer Weak        Min:  0.0, Avg:  0.0, Max:  0.0, Diff:  0.0, Sum:  0.0, Workers: 6
[8.002s][debug  ][gc,phases      ] GC(29)     Dead                           Min: 0, Avg:  0.0, Max: 0, Diff: 0, Sum: 0, Workers: 6
[8.003s][debug  ][gc,phases      ] GC(29)     Total                          Min: 0, Avg:  0.5, Max: 3, Diff: 3, Sum: 3, Workers: 6
[8.003s][debug  ][gc,phases      ] GC(29)   JVMTI Tag Weak OopStorage      Min:  0.0, Avg:  0.0, Max:  0.0, Diff:  0.0, Sum:  0.0, Workers: 6
[8.003s][debug  ][gc,phases      ] GC(29)     Dead                           Min: 0, Avg:  0.0, Max: 0, Diff: 0, Sum: 0, Workers: 6
[8.003s][debug  ][gc,phases      ] GC(29)     Total                          Min: 0, Avg:  0.0, Max: 0, Diff: 0, Sum: 0, Workers: 6
[8.003s][debug  ][gc,phases      ] GC(29)   StringTable Weak               Min:  0.0, Avg:  0.0, Max:  0.0, Diff:  0.0, Sum:  0.0, Workers: 6
[8.003s][debug  ][gc,phases      ] GC(29)     Dead                           Min: 0, Avg:  0.0, Max: 0, Diff: 0, Sum: 0, Workers: 6
[8.003s][debug  ][gc,phases      ] GC(29)     Total                          Min: 832, Avg: 891.8, Max: 1064, Diff: 232, Sum: 5351, Workers: 6
[8.003s][debug  ][gc,phases      ] GC(29)   ResolvedMethodTable Weak       Min:  0.0, Avg:  0.0, Max:  0.0, Diff:  0.0, Sum:  0.0, Workers: 6
[8.003s][debug  ][gc,phases      ] GC(29)     Dead                           Min: 0, Avg:  0.0, Max: 0, Diff: 0, Sum: 0, Workers: 6
[8.003s][debug  ][gc,phases      ] GC(29)     Total                          Min: 0, Avg: 21.7, Max: 64, Diff: 64, Sum: 130, Workers: 6
[8.003s][debug  ][gc,phases      ] GC(29)   JNI Weak                       Min:  0.0, Avg:  0.0, Max:  0.0, Diff:  0.0, Sum:  0.0, Workers: 6
[8.003s][debug  ][gc,phases      ] GC(29)     Dead                           Min: 0, Avg:  0.0, Max: 0, Diff: 0, Sum: 0, Workers: 6
[8.003s][debug  ][gc,phases      ] GC(29)     Total                          Min: 0, Avg:  0.0, Max: 0, Diff: 0, Sum: 0, Workers: 6
[8.003s][debug  ][gc,phases      ] GC(29)   StringDedup Table Weak         Min:  0.0, Avg:  0.0, Max:  0.0, Diff:  0.0, Sum:  0.0, Workers: 6
[8.003s][debug  ][gc,phases      ] GC(29)     Dead                           Min: 0, Avg:  0.0, Max: 0, Diff: 0, Sum: 0, Workers: 6
[8.003s][debug  ][gc,phases      ] GC(29)     Total                          Min: 0, Avg:  0.0, Max: 0, Diff: 0, Sum: 0, Workers: 6
[8.003s][debug  ][gc,phases      ] GC(29)   StringDedup Requests0 Weak     Min:  0.0, Avg:  0.0, Max:  0.0, Diff:  0.0, Sum:  0.0, Workers: 6
[8.003s][debug  ][gc,phases      ] GC(29)     Dead                           Min: 0, Avg:  0.0, Max: 0, Diff: 0, Sum: 0, Workers: 6
[8.003s][debug  ][gc,phases      ] GC(29)     Total                          Min: 0, Avg:  0.0, Max: 0, Diff: 0, Sum: 0, Workers: 6
[8.003s][debug  ][gc,phases      ] GC(29)   StringDedup Requests1 Weak     Min:  0.0, Avg:  0.0, Max:  0.0, Diff:  0.0, Sum:  0.0, Workers: 6
[8.003s][debug  ][gc,phases      ] GC(29)     Dead                           Min: 0, Avg:  0.0, Max: 0, Diff: 0, Sum: 0, Workers: 6
[8.003s][debug  ][gc,phases      ] GC(29)     Total                          Min: 0, Avg:  0.0, Max: 0, Diff: 0, Sum: 0, Workers: 6
[8.003s][debug  ][gc,phases      ] GC(29)   Weak JFR Old Object Samples    Min:  0.0, Avg:  0.0, Max:  0.0, Diff:  0.0, Sum:  0.0, Workers: 6
[8.003s][debug  ][gc,phases      ] GC(29)     Dead                           Min: 0, Avg:  0.0, Max: 0, Diff: 0, Sum: 0, Workers: 6
[8.003s][debug  ][gc,phases      ] GC(29)     Total                          Min: 0, Avg:  0.0, Max: 0, Diff: 0, Sum: 0, Workers: 6
[8.003s][debug  ][gc,phases      ] GC(29) Weak Processing 0.837ms
[8.003s][debug  ][gc,ergo        ] GC(29) AdaptiveSizeStart:  collection: 30 
[8.003s][debug  ][gc,ergo        ] GC(29) avg_survived_padded_avg: 32756456.000000
[8.003s][debug  ][gc,ergo        ] GC(29) avg_promoted_padded_avg: 254859056.000000  avg_pretenured_padded_avg: 0.000000  tenuring_thresh: 1  target_size: 33030144
[8.003s][debug  ][gc,age         ] GC(29) Desired survivor size 33030144 bytes, new threshold 1 (max threshold 15)
[8.003s][debug  ][gc,ergo        ] GC(29) PSAdaptiveSizePolicy::compute_eden_space_size limits: desired_eden_size: 244413100 old_eden_size: 202375168 eden_limit: 202375168 cur_eden: 202375168 max_eden_size: 202375168 avg_young_live: 25874170
[8.003s][debug  ][gc,ergo        ] GC(29) PSAdaptiveSizePolicy::compute_eden_space_size: costs minor_time: 0.055303 major_cost: 0.024705 mutator_cost: 0.919992 throughput_goal: 0.990000
[8.003s][debug  ][gc,ergo        ] GC(29) Live_space: 922571648 free_space: 791674880
[8.003s][debug  ][gc,ergo        ] GC(29) Old eden_size: 202375168 desired_eden_size: 202375168
[8.003s][debug  ][gc,ergo        ] GC(29) AdaptiveSizeStop: collection: 30 
[8.003s][info   ][gc,heap        ] GC(29) PSYoungGen: 218847K(229888K)->30720K(229888K) Eden: 188127K(197632K)->0K(197632K) From: 30720K(32256K)->30720K(32256K)
[8.003s][info   ][gc,heap        ] GC(29) ParOldGen: 1261156K(1795072K)->1445476K(1795072K)
[8.003s][info   ][gc,metaspace   ] GC(29) Metaspace: 1019K(1152K)->1019K(1152K) NonClass: 935K(960K)->935K(960K) Class: 83K(192K)->83K(192K)
[8.003s][info   ][gc             ] GC(29) Pause Young (Allocation Failure) 1445M->1441M(1977M) 21.772ms
[8.003s][info   ][gc,cpu         ] GC(29) User=0.03s Sys=0.08s Real=0.02s
[8.003s][debug  ][gc,heap        ] GC(29) Heap after GC invocations=30 (full 5):
[8.004s][debug  ][gc,heap        ] GC(29)  PSYoungGen      total 229888K, used 30720K [0x00000000f0000000, 0x0000000100000000, 0x0000000100000000)
[8.004s][debug  ][gc,heap        ] GC(29)   eden space 197632K, 0% used [0x00000000f0000000,0x00000000f0000000,0x00000000fc100000)
[8.004s][debug  ][gc,heap        ] GC(29)   from space 32256K, 95% used [0x00000000fe080000,0x00000000ffe80030,0x0000000100000000)
[8.004s][debug  ][gc,heap        ] GC(29)   to   space 32256K, 0% used [0x00000000fc100000,0x00000000fc100000,0x00000000fe080000)
[8.004s][debug  ][gc,heap        ] GC(29)  ParOldGen       total 1795072K, used 1445476K [0x0000000080000000, 0x00000000ed900000, 0x00000000f0000000)
[8.004s][debug  ][gc,heap        ] GC(29)   object space 1795072K, 80% used [0x0000000080000000,0x00000000d83993e8,0x00000000ed900000)
[8.004s][debug  ][gc,heap        ] GC(29)  Metaspace       used 1019K, committed 1152K, reserved 1056768K
[8.004s][debug  ][gc,heap        ] GC(29)   class space    used 83K, committed 192K, reserved 1048576K
[8.004s][debug  ][gc,task,time   ] GC(29) VM-Thread 79812704 80017073 80036835
[8.299s][debug  ][gc,heap        ] GC(30) Heap before GC invocations=31 (full 5):
[8.299s][debug  ][gc,heap        ] GC(30)  PSYoungGen      total 229888K, used 218870K [0x00000000f0000000, 0x0000000100000000, 0x0000000100000000)
[8.299s][debug  ][gc,heap        ] GC(30)   eden space 197632K, 95% used [0x00000000f0000000,0x00000000fb7bd9c0,0x00000000fc100000)
[8.299s][debug  ][gc,heap        ] GC(30)   from space 32256K, 95% used [0x00000000fe080000,0x00000000ffe80030,0x0000000100000000)
[8.299s][debug  ][gc,heap        ] GC(30)   to   space 32256K, 0% used [0x00000000fc100000,0x00000000fc100000,0x00000000fe080000)
[8.299s][debug  ][gc,heap        ] GC(30)  ParOldGen       total 1795072K, used 1445476K [0x0000000080000000, 0x00000000ed900000, 0x00000000f0000000)
[8.300s][debug  ][gc,heap        ] GC(30)   object space 1795072K, 80% used [0x0000000080000000,0x00000000d83993e8,0x00000000ed900000)
[8.300s][debug  ][gc,heap        ] GC(30)  Metaspace       used 1019K, committed 1152K, reserved 1056768K
[8.300s][debug  ][gc,heap        ] GC(30)   class space    used 83K, committed 192K, reserved 1048576K
[8.300s][debug  ][gc,tlab        ] GC(30) TLAB totals: thrds: 1  refills: 1 max: 1 slow allocs: 17 max 17 waste: 27.2% gc: 3922080B max: 3922080B slow: 0B max: 0B
[8.300s][info   ][gc,start       ] GC(30) Pause Young (Allocation Failure)
[8.300s][debug  ][gc,phases,start] GC(30) Scavenge
[8.320s][debug  ][gc,phases      ] GC(30) Scavenge 20.227ms
[8.320s][debug  ][gc,phases,start] GC(30) Reference Processing
[8.320s][debug  ][gc,ref         ] GC(30) Skipped phase 1 of Reference Processing: no references
[8.320s][debug  ][gc,ref         ] GC(30) Skipped phase 2 of Reference Processing: no references
[8.320s][debug  ][gc,ref         ] GC(30) Skipped phase 3 of Reference Processing: no references
[8.320s][debug  ][gc,ref         ] GC(30) Skipped phase 4 of Reference Processing: no references
[8.320s][debug  ][gc,phases,ref  ] GC(30) Reference Processing: 0.1ms
[8.320s][debug  ][gc,phases,ref  ] GC(30)   Reconsider SoftReferences: 0.0ms
[8.320s][debug  ][gc,phases,ref  ] GC(30)     SoftRef (ms):                  skipped
[8.320s][debug  ][gc,phases,ref  ] GC(30)   Notify Soft/WeakReferences: 0.0ms
[8.320s][debug  ][gc,phases,ref  ] GC(30)     SoftRef (ms):                  skipped
[8.320s][debug  ][gc,phases,ref  ] GC(30)     WeakRef (ms):                  skipped
[8.320s][debug  ][gc,phases,ref  ] GC(30)     FinalRef (ms):                 skipped
[8.320s][debug  ][gc,phases,ref  ] GC(30)     Total (ms):                    skipped
[8.320s][debug  ][gc,phases,ref  ] GC(30)   Notify and keep alive finalizable: 0.0ms
[8.320s][debug  ][gc,phases,ref  ] GC(30)     FinalRef (ms):                 skipped
[8.320s][debug  ][gc,phases,ref  ] GC(30)   Notify PhantomReferences: 0.0ms
[8.320s][debug  ][gc,phases,ref  ] GC(30)     PhantomRef (ms):               skipped
[8.320s][debug  ][gc,phases,ref  ] GC(30)   SoftReference:
[8.320s][debug  ][gc,phases,ref  ] GC(30)     Discovered: 0
[8.320s][debug  ][gc,phases,ref  ] GC(30)     Cleared: 0
[8.320s][debug  ][gc,phases,ref  ] GC(30)   WeakReference:
[8.320s][debug  ][gc,phases,ref  ] GC(30)     Discovered: 0
[8.320s][debug  ][gc,phases,ref  ] GC(30)     Cleared: 0
[8.320s][debug  ][gc,phases,ref  ] GC(30)   FinalReference:
[8.320s][debug  ][gc,phases,ref  ] GC(30)     Discovered: 0
[8.321s][debug  ][gc,phases,ref  ] GC(30)     Cleared: 0
[8.321s][debug  ][gc,phases,ref  ] GC(30)   PhantomReference:
[8.321s][debug  ][gc,phases,ref  ] GC(30)     Discovered: 0
[8.321s][debug  ][gc,phases,ref  ] GC(30)     Cleared: 0
[8.321s][debug  ][gc,phases      ] GC(30) Reference Processing 0.570ms
[8.321s][debug  ][gc,phases,start] GC(30) Weak Processing
[8.321s][debug  ][gc,phases      ] GC(30)   VM Weak                        Min:  0.0, Avg:  0.0, Max:  0.0, Diff:  0.0, Sum:  0.0, Workers: 6
[8.321s][debug  ][gc,phases      ] GC(30)     Dead                           Min: 0, Avg:  0.0, Max: 0, Diff: 0, Sum: 0, Workers: 6
[8.321s][debug  ][gc,phases      ] GC(30)     Total                          Min: 0, Avg:  1.3, Max: 8, Diff: 8, Sum: 8, Workers: 6
[8.321s][debug  ][gc,phases      ] GC(30)   ObjectSynchronizer Weak        Min:  0.0, Avg:  0.0, Max:  0.0, Diff:  0.0, Sum:  0.0, Workers: 6
[8.321s][debug  ][gc,phases      ] GC(30)     Dead                           Min: 0, Avg:  0.0, Max: 0, Diff: 0, Sum: 0, Workers: 6
[8.321s][debug  ][gc,phases      ] GC(30)     Total                          Min: 0, Avg:  0.5, Max: 3, Diff: 3, Sum: 3, Workers: 6
[8.321s][debug  ][gc,phases      ] GC(30)   JVMTI Tag Weak OopStorage      Min:  0.0, Avg:  0.0, Max:  0.0, Diff:  0.0, Sum:  0.0, Workers: 6
[8.321s][debug  ][gc,phases      ] GC(30)     Dead                           Min: 0, Avg:  0.0, Max: 0, Diff: 0, Sum: 0, Workers: 6
[8.321s][debug  ][gc,phases      ] GC(30)     Total                          Min: 0, Avg:  0.0, Max: 0, Diff: 0, Sum: 0, Workers: 6
[8.321s][debug  ][gc,phases      ] GC(30)   StringTable Weak               Min:  0.0, Avg:  0.0, Max:  0.0, Diff:  0.0, Sum:  0.0, Workers: 6
[8.321s][debug  ][gc,phases      ] GC(30)     Dead                           Min: 0, Avg:  0.0, Max: 0, Diff: 0, Sum: 0, Workers: 6
[8.321s][debug  ][gc,phases      ] GC(30)     Total                          Min: 768, Avg: 891.8, Max: 1024, Diff: 256, Sum: 5351, Workers: 6
[8.321s][debug  ][gc,phases      ] GC(30)   ResolvedMethodTable Weak       Min:  0.0, Avg:  0.0, Max:  0.0, Diff:  0.0, Sum:  0.0, Workers: 6
[8.321s][debug  ][gc,phases      ] GC(30)     Dead                           Min: 0, Avg:  0.0, Max: 0, Diff: 0, Sum: 0, Workers: 6
[8.321s][debug  ][gc,phases      ] GC(30)     Total                          Min: 0, Avg: 21.7, Max: 64, Diff: 64, Sum: 130, Workers: 6
[8.321s][debug  ][gc,phases      ] GC(30)   JNI Weak                       Min:  0.0, Avg:  0.0, Max:  0.0, Diff:  0.0, Sum:  0.0, Workers: 6
[8.321s][debug  ][gc,phases      ] GC(30)     Dead                           Min: 0, Avg:  0.0, Max: 0, Diff: 0, Sum: 0, Workers: 6
[8.321s][debug  ][gc,phases      ] GC(30)     Total                          Min: 0, Avg:  0.0, Max: 0, Diff: 0, Sum: 0, Workers: 6
[8.321s][debug  ][gc,phases      ] GC(30)   StringDedup Table Weak         Min:  0.0, Avg:  0.0, Max:  0.0, Diff:  0.0, Sum:  0.0, Workers: 6
[8.321s][debug  ][gc,phases      ] GC(30)     Dead                           Min: 0, Avg:  0.0, Max: 0, Diff: 0, Sum: 0, Workers: 6
[8.321s][debug  ][gc,phases      ] GC(30)     Total                          Min: 0, Avg:  0.0, Max: 0, Diff: 0, Sum: 0, Workers: 6
[8.321s][debug  ][gc,phases      ] GC(30)   StringDedup Requests0 Weak     Min:  0.0, Avg:  0.0, Max:  0.0, Diff:  0.0, Sum:  0.0, Workers: 6
[8.321s][debug  ][gc,phases      ] GC(30)     Dead                           Min: 0, Avg:  0.0, Max: 0, Diff: 0, Sum: 0, Workers: 6
[8.321s][debug  ][gc,phases      ] GC(30)     Total                          Min: 0, Avg:  0.0, Max: 0, Diff: 0, Sum: 0, Workers: 6
[8.321s][debug  ][gc,phases      ] GC(30)   StringDedup Requests1 Weak     Min:  0.0, Avg:  0.0, Max:  0.0, Diff:  0.0, Sum:  0.0, Workers: 6
[8.321s][debug  ][gc,phases      ] GC(30)     Dead                           Min: 0, Avg:  0.0, Max: 0, Diff: 0, Sum: 0, Workers: 6
[8.321s][debug  ][gc,phases      ] GC(30)     Total                          Min: 0, Avg:  0.0, Max: 0, Diff: 0, Sum: 0, Workers: 6
[8.321s][debug  ][gc,phases      ] GC(30)   Weak JFR Old Object Samples    Min:  0.0, Avg:  0.0, Max:  0.0, Diff:  0.0, Sum:  0.0, Workers: 6
[8.321s][debug  ][gc,phases      ] GC(30)     Dead                           Min: 0, Avg:  0.0, Max: 0, Diff: 0, Sum: 0, Workers: 6
[8.321s][debug  ][gc,phases      ] GC(30)     Total                          Min: 0, Avg:  0.0, Max: 0, Diff: 0, Sum: 0, Workers: 6
[8.321s][debug  ][gc,phases      ] GC(30) Weak Processing 0.811ms
[8.321s][debug  ][gc,ergo        ] GC(30) AdaptiveSizeStart:  collection: 31 
[8.321s][debug  ][gc,ergo        ] GC(30) avg_survived_padded_avg: 32677288.000000
[8.321s][debug  ][gc,ergo        ] GC(30) avg_promoted_padded_avg: 254749136.000000  avg_pretenured_padded_avg: 0.000000  tenuring_thresh: 1  target_size: 33030144
[8.322s][debug  ][gc,age         ] GC(30) Desired survivor size 33030144 bytes, new threshold 1 (max threshold 15)
[8.322s][debug  ][gc,ergo        ] GC(30) PSAdaptiveSizePolicy::compute_eden_space_size limits: desired_eden_size: 245144159 old_eden_size: 202375168 eden_limit: 202375168 cur_eden: 202375168 max_eden_size: 202375168 avg_young_live: 26432486
[8.322s][debug  ][gc,ergo        ] GC(30) PSAdaptiveSizePolicy::compute_eden_space_size: costs minor_time: 0.058543 major_cost: 0.024705 mutator_cost: 0.916751 throughput_goal: 0.990000
[8.322s][debug  ][gc,ergo        ] GC(30) Live_space: 923129984 free_space: 791674880
[8.322s][debug  ][gc,ergo        ] GC(30) Old eden_size: 202375168 desired_eden_size: 202375168
[8.322s][debug  ][gc,ergo        ] GC(30) AdaptiveSizeStop: collection: 31 
[8.322s][info   ][gc,heap        ] GC(30) PSYoungGen: 218870K(229888K)->30720K(229888K) Eden: 188150K(197632K)->0K(197632K) From: 30720K(32256K)->30720K(32256K)
[8.322s][info   ][gc,heap        ] GC(30) ParOldGen: 1445476K(1795072K)->1629797K(1795072K)
[8.322s][info   ][gc,metaspace   ] GC(30) Metaspace: 1019K(1152K)->1019K(1152K) NonClass: 935K(960K)->935K(960K) Class: 83K(192K)->83K(192K)
[8.322s][info   ][gc             ] GC(30) Pause Young (Allocation Failure) 1625M->1621M(1977M) 22.097ms
[8.322s][info   ][gc,cpu         ] GC(30) User=0.02s Sys=0.08s Real=0.02s
[8.322s][debug  ][gc,heap        ] GC(30) Heap after GC invocations=31 (full 5):
[8.322s][debug  ][gc,heap        ] GC(30)  PSYoungGen      total 229888K, used 30720K [0x00000000f0000000, 0x0000000100000000, 0x0000000100000000)
[8.322s][debug  ][gc,heap        ] GC(30)   eden space 197632K, 0% used [0x00000000f0000000,0x00000000f0000000,0x00000000fc100000)
[8.322s][debug  ][gc,heap        ] GC(30)   from space 32256K, 95% used [0x00000000fc100000,0x00000000fdf00030,0x00000000fe080000)
[8.322s][debug  ][gc,heap        ] GC(30)   to   space 32256K, 0% used [0x00000000fe080000,0x00000000fe080000,0x0000000100000000)
[8.322s][debug  ][gc,heap        ] GC(30)  ParOldGen       total 1795072K, used 1629797K [0x0000000080000000, 0x00000000ed900000, 0x00000000f0000000)
[8.322s][debug  ][gc,heap        ] GC(30)   object space 1795072K, 90% used [0x0000000080000000,0x00000000e3799508,0x00000000ed900000)
[8.322s][debug  ][gc,heap        ] GC(30)  Metaspace       used 1019K, committed 1152K, reserved 1056768K
[8.322s][debug  ][gc,heap        ] GC(30)   class space    used 83K, committed 192K, reserved 1048576K
[8.322s][debug  ][gc,task,time   ] GC(30) VM-Thread 82992840 83200082 83220038
[8.322s][debug  ][gc,phases,start] GC(31) Pre Compact
[8.322s][debug  ][gc,heap        ] GC(31) Heap before GC invocations=32 (full 6):
[8.322s][debug  ][gc,heap        ] GC(31)  PSYoungGen      total 229888K, used 30720K [0x00000000f0000000, 0x0000000100000000, 0x0000000100000000)
[8.322s][debug  ][gc,heap        ] GC(31)   eden space 197632K, 0% used [0x00000000f0000000,0x00000000f0000000,0x00000000fc100000)
[8.322s][debug  ][gc,heap        ] GC(31)   from space 32256K, 95% used [0x00000000fc100000,0x00000000fdf00030,0x00000000fe080000)
[8.322s][debug  ][gc,heap        ] GC(31)   to   space 32256K, 0% used [0x00000000fe080000,0x00000000fe080000,0x0000000100000000)
[8.322s][debug  ][gc,heap        ] GC(31)  ParOldGen       total 1795072K, used 1629797K [0x0000000080000000, 0x00000000ed900000, 0x00000000f0000000)
[8.322s][debug  ][gc,heap        ] GC(31)   object space 1795072K, 90% used [0x0000000080000000,0x00000000e3799508,0x00000000ed900000)
[8.322s][debug  ][gc,heap        ] GC(31)  Metaspace       used 1019K, committed 1152K, reserved 1056768K
[8.322s][debug  ][gc,heap        ] GC(31)   class space    used 83K, committed 192K, reserved 1048576K
[8.322s][debug  ][gc,phases      ] GC(31) Pre Compact 0.203ms
[8.322s][info   ][gc,start       ] GC(31) Pause Full (Ergonomics)
[8.322s][info   ][gc,phases,start] GC(31) Marking Phase
[8.322s][debug  ][gc,phases,start] GC(31) Par Mark
[8.323s][debug  ][gc,phases      ] GC(31) Par Mark 0.594ms
[8.323s][debug  ][gc,phases,start] GC(31) Reference Processing
[8.323s][debug  ][gc,ref         ] GC(31) Skipped phase 1 of Reference Processing: no references
[8.323s][debug  ][gc,ref         ] GC(31) ReferenceProcessor::execute queues: 1, RefProcThreadModel::Single, marks_oops_alive: false
[8.323s][debug  ][gc,ref         ] GC(31) Skipped phase 3 of Reference Processing: no references
[8.323s][debug  ][gc,ref         ] GC(31) ReferenceProcessor::execute queues: 1, RefProcThreadModel::Single, marks_oops_alive: false
[8.323s][debug  ][gc,phases,ref  ] GC(31) Reference Processing: 0.1ms
[8.323s][debug  ][gc,phases,ref  ] GC(31)   Reconsider SoftReferences: 0.0ms
[8.323s][debug  ][gc,phases,ref  ] GC(31)     SoftRef (ms):                  skipped
[8.323s][debug  ][gc,phases,ref  ] GC(31)   Notify Soft/WeakReferences: 0.0ms
[8.323s][debug  ][gc,phases,ref  ] GC(31)     SoftRef (ms):                  Min:  0.0, Avg:  0.0, Max:  0.0, Diff:  0.0, Sum:  0.0, Workers: 6
[8.323s][debug  ][gc,phases,ref  ] GC(31)     WeakRef (ms):                  Min:  0.0, Avg:  0.0, Max:  0.0, Diff:  0.0, Sum:  0.0, Workers: 6
[8.323s][debug  ][gc,phases,ref  ] GC(31)     FinalRef (ms):                 Min:  0.0, Avg:  0.0, Max:  0.0, Diff:  0.0, Sum:  0.0, Workers: 6
[8.323s][debug  ][gc,phases,ref  ] GC(31)     Total (ms):                    Min:  0.0, Avg:  0.0, Max:  0.0, Diff:  0.0, Sum:  0.0, Workers: 6
[8.323s][debug  ][gc,phases,ref  ] GC(31)   Notify and keep alive finalizable: 0.0ms
[8.323s][debug  ][gc,phases,ref  ] GC(31)     FinalRef (ms):                 skipped
[8.323s][debug  ][gc,phases,ref  ] GC(31)   Notify PhantomReferences: 0.0ms
[8.323s][debug  ][gc,phases,ref  ] GC(31)     PhantomRef (ms):               Min:  0.0, Avg:  0.0, Max:  0.0, Diff:  0.0, Sum:  0.0, Workers: 6
[8.323s][debug  ][gc,phases,ref  ] GC(31)   SoftReference:
[8.323s][debug  ][gc,phases,ref  ] GC(31)     Discovered: 0
[8.323s][debug  ][gc,phases,ref  ] GC(31)     Cleared: 0
[8.323s][debug  ][gc,phases,ref  ] GC(31)   WeakReference:
[8.323s][debug  ][gc,phases,ref  ] GC(31)     Discovered: 108
[8.323s][debug  ][gc,phases,ref  ] GC(31)     Cleared: 108
[8.323s][debug  ][gc,phases,ref  ] GC(31)   FinalReference:
[8.323s][debug  ][gc,phases,ref  ] GC(31)     Discovered: 0
[8.323s][debug  ][gc,phases,ref  ] GC(31)     Cleared: 0
[8.324s][debug  ][gc,phases,ref  ] GC(31)   PhantomReference:
[8.324s][debug  ][gc,phases,ref  ] GC(31)     Discovered: 3
[8.324s][debug  ][gc,phases,ref  ] GC(31)     Cleared: 3
[8.324s][debug  ][gc,phases      ] GC(31) Reference Processing 0.648ms
[8.324s][debug  ][gc,phases,start] GC(31) Weak Processing
[8.324s][debug  ][gc,phases      ] GC(31)   VM Weak                        Min:  0.0, Avg:  0.0, Max:  0.0, Diff:  0.0, Sum:  0.0, Workers: 6
[8.324s][debug  ][gc,phases      ] GC(31)     Dead                           Min: 0, Avg:  0.0, Max: 0, Diff: 0, Sum: 0, Workers: 6
[8.324s][debug  ][gc,phases      ] GC(31)     Total                          Min: 0, Avg:  1.3, Max: 8, Diff: 8, Sum: 8, Workers: 6
[8.324s][debug  ][gc,phases      ] GC(31)   ObjectSynchronizer Weak        Min:  0.0, Avg:  0.0, Max:  0.0, Diff:  0.0, Sum:  0.0, Workers: 6
[8.324s][debug  ][gc,phases      ] GC(31)     Dead                           Min: 0, Avg:  0.0, Max: 0, Diff: 0, Sum: 0, Workers: 6
[8.324s][debug  ][gc,phases      ] GC(31)     Total                          Min: 0, Avg:  0.5, Max: 3, Diff: 3, Sum: 3, Workers: 6
[8.324s][debug  ][gc,phases      ] GC(31)   JVMTI Tag Weak OopStorage      Min:  0.0, Avg:  0.0, Max:  0.0, Diff:  0.0, Sum:  0.0, Workers: 6
[8.324s][debug  ][gc,phases      ] GC(31)     Dead                           Min: 0, Avg:  0.0, Max: 0, Diff: 0, Sum: 0, Workers: 6
[8.324s][debug  ][gc,phases      ] GC(31)     Total                          Min: 0, Avg:  0.0, Max: 0, Diff: 0, Sum: 0, Workers: 6
[8.324s][debug  ][gc,phases      ] GC(31)   StringTable Weak               Min:  0.0, Avg:  0.0, Max:  0.0, Diff:  0.0, Sum:  0.0, Workers: 6
[8.324s][debug  ][gc,phases      ] GC(31)     Dead                           Min: 0, Avg:  0.0, Max: 0, Diff: 0, Sum: 0, Workers: 6
[8.324s][debug  ][gc,phases      ] GC(31)     Total                          Min: 768, Avg: 891.8, Max: 960, Diff: 192, Sum: 5351, Workers: 6
[8.324s][debug  ][gc,phases      ] GC(31)   ResolvedMethodTable Weak       Min:  0.0, Avg:  0.0, Max:  0.0, Diff:  0.0, Sum:  0.0, Workers: 6
[8.324s][debug  ][gc,phases      ] GC(31)     Dead                           Min: 0, Avg:  0.0, Max: 0, Diff: 0, Sum: 0, Workers: 6
[8.324s][debug  ][gc,phases      ] GC(31)     Total                          Min: 0, Avg: 21.7, Max: 64, Diff: 64, Sum: 130, Workers: 6
[8.324s][debug  ][gc,phases      ] GC(31)   JNI Weak                       Min:  0.0, Avg:  0.0, Max:  0.0, Diff:  0.0, Sum:  0.0, Workers: 6
[8.324s][debug  ][gc,phases      ] GC(31)     Dead                           Min: 0, Avg:  0.0, Max: 0, Diff: 0, Sum: 0, Workers: 6
[8.324s][debug  ][gc,phases      ] GC(31)     Total                          Min: 0, Avg:  0.0, Max: 0, Diff: 0, Sum: 0, Workers: 6
[8.324s][debug  ][gc,phases      ] GC(31)   StringDedup Table Weak         Min:  0.0, Avg:  0.0, Max:  0.0, Diff:  0.0, Sum:  0.0, Workers: 6
[8.324s][debug  ][gc,phases      ] GC(31)     Dead                           Min: 0, Avg:  0.0, Max: 0, Diff: 0, Sum: 0, Workers: 6
[8.324s][debug  ][gc,phases      ] GC(31)     Total                          Min: 0, Avg:  0.0, Max: 0, Diff: 0, Sum: 0, Workers: 6
[8.324s][debug  ][gc,phases      ] GC(31)   StringDedup Requests0 Weak     Min:  0.0, Avg:  0.0, Max:  0.0, Diff:  0.0, Sum:  0.0, Workers: 6
[8.324s][debug  ][gc,phases      ] GC(31)     Dead                           Min: 0, Avg:  0.0, Max: 0, Diff: 0, Sum: 0, Workers: 6
[8.324s][debug  ][gc,phases      ] GC(31)     Total                          Min: 0, Avg:  0.0, Max: 0, Diff: 0, Sum: 0, Workers: 6
[8.324s][debug  ][gc,phases      ] GC(31)   StringDedup Requests1 Weak     Min:  0.0, Avg:  0.0, Max:  0.0, Diff:  0.0, Sum:  0.0, Workers: 6
[8.324s][debug  ][gc,phases      ] GC(31)     Dead                           Min: 0, Avg:  0.0, Max: 0, Diff: 0, Sum: 0, Workers: 6
[8.324s][debug  ][gc,phases      ] GC(31)     Total                          Min: 0, Avg:  0.0, Max: 0, Diff: 0, Sum: 0, Workers: 6
[8.324s][debug  ][gc,phases      ] GC(31)   Weak JFR Old Object Samples    Min:  0.0, Avg:  0.0, Max:  0.0, Diff:  0.0, Sum:  0.0, Workers: 6
[8.324s][debug  ][gc,phases      ] GC(31)     Dead                           Min: 0, Avg:  0.0, Max: 0, Diff: 0, Sum: 0, Workers: 6
[8.324s][debug  ][gc,phases      ] GC(31)     Total                          Min: 0, Avg:  0.0, Max: 0, Diff: 0, Sum: 0, Workers: 6
[8.324s][debug  ][gc,phases      ] GC(31) Weak Processing 0.676ms
[8.324s][debug  ][gc,phases,start] GC(31) Class Unloading
[8.324s][debug  ][gc,phases,start] GC(31) ClassLoaderData
[8.324s][debug  ][gc,phases      ] GC(31) ClassLoaderData 0.019ms
[8.324s][debug  ][gc,phases,start] GC(31) Trigger cleanups
[8.324s][debug  ][gc,phases      ] GC(31) Trigger cleanups 0.019ms
[8.325s][debug  ][gc,phases      ] GC(31) Class Unloading 0.251ms
[8.325s][info   ][gc,phases      ] GC(31) Marking Phase 2.283ms
[8.325s][info   ][gc,phases,start] GC(31) Summary Phase
[8.325s][info   ][gc,phases      ] GC(31) Summary Phase 0.037ms
[8.325s][info   ][gc,phases,start] GC(31) Adjust Roots
[8.325s][info   ][gc,phases      ] GC(31) Adjust Roots 0.131ms
[8.325s][info   ][gc,phases,start] GC(31) Compaction Phase
[8.400s][info   ][gc,phases      ] GC(31) Compaction Phase 75.246ms
[8.400s][info   ][gc,phases,start] GC(31) Post Compact
[8.406s][info   ][gc,phases      ] GC(31) Post Compact 5.470ms
[8.406s][debug  ][gc,ergo        ] GC(31) AdaptiveSizeStart: collection: 32 
[8.406s][debug  ][gc,ergo        ] GC(31) PSAdaptiveSizePolicy::compute_eden_space_size limits: desired_eden_size: 240691154 old_eden_size: 202375168 eden_limit: 202375168 cur_eden: 202375168 max_eden_size: 202375168 avg_young_live: 23789238
[8.406s][debug  ][gc,ergo        ] GC(31) PSAdaptiveSizePolicy::compute_eden_space_size: costs minor_time: 0.058543 major_cost: 0.034380 mutator_cost: 0.907076 throughput_goal: 0.990000
[8.406s][debug  ][gc,ergo        ] GC(31) Live_space: 920486720 free_space: 791674880
[8.406s][debug  ][gc,ergo        ] GC(31) Old eden_size: 202375168 desired_eden_size: 202375168
[8.406s][debug  ][gc,ergo        ] GC(31) PSAdaptiveSizePolicy::compute_old_gen_free_space: costs minor_time: 0.058543 major_cost: 0.034380  mutator_cost: 0.907076 throughput_goal: 0.990000
[8.406s][debug  ][gc,ergo        ] GC(31) Live_space: 932640192 free_space: 791674880
[8.406s][debug  ][gc,ergo        ] GC(31) Old promo_size: 589299712 desired_promo_size: 676855808
[8.408s][debug  ][gc             ] GC(31) Shrinking ParOldGen from 1795072K by 197120K to 1597952K
[8.408s][debug  ][gc,ergo        ] GC(31) AdaptiveSizeStop: collection: 32 
[8.408s][info   ][gc,heap        ] GC(31) PSYoungGen: 30720K(229888K)->0K(229888K) Eden: 0K(197632K)->0K(197632K) From: 30720K(32256K)->0K(32256K)
[8.408s][info   ][gc,heap        ] GC(31) ParOldGen: 1629797K(1795072K)->687715K(1597952K)
[8.408s][info   ][gc,metaspace   ] GC(31) Metaspace: 1019K(1152K)->1019K(1152K) NonClass: 935K(960K)->935K(960K) Class: 83K(192K)->83K(192K)
[8.408s][info   ][gc             ] GC(31) Pause Full (Ergonomics) 1621M->671M(1785M) 86.159ms
[8.408s][info   ][gc,cpu         ] GC(31) User=0.45s Sys=0.02s Real=0.09s
[8.408s][debug  ][gc,heap        ] GC(31) Heap after GC invocations=32 (full 6):
[8.408s][debug  ][gc,heap        ] GC(31)  PSYoungGen      total 229888K, used 0K [0x00000000f0000000, 0x0000000100000000, 0x0000000100000000)
[8.409s][debug  ][gc,heap        ] GC(31)   eden space 197632K, 0% used [0x00000000f0000000,0x00000000f0000000,0x00000000fc100000)
[8.409s][debug  ][gc,heap        ] GC(31)   from space 32256K, 0% used [0x00000000fe080000,0x00000000fe080000,0x0000000100000000)
[8.409s][debug  ][gc,heap        ] GC(31)   to   space 32256K, 0% used [0x00000000fc100000,0x00000000fc100000,0x00000000fe080000)
[8.409s][debug  ][gc,heap        ] GC(31)  ParOldGen       total 1597952K, used 687715K [0x0000000080000000, 0x00000000e1880000, 0x00000000f0000000)
[8.409s][debug  ][gc,heap        ] GC(31)   object space 1597952K, 43% used [0x0000000080000000,0x00000000a9f98f48,0x00000000e1880000)
[8.409s][debug  ][gc,heap        ] GC(31)  Metaspace       used 1019K, committed 1152K, reserved 1056768K
[8.409s][debug  ][gc,heap        ] GC(31)   class space    used 83K, committed 192K, reserved 1048576K
[8.409s][debug  ][gc,task,time   ] GC(31) VM-Thread 83222740 83248224 84084620
[8.694s][debug  ][gc,heap        ] GC(32) Heap before GC invocations=33 (full 6):
[8.694s][debug  ][gc,heap        ] GC(32)  PSYoungGen      total 229888K, used 188165K [0x00000000f0000000, 0x0000000100000000, 0x0000000100000000)
[8.694s][debug  ][gc,heap        ] GC(32)   eden space 197632K, 95% used [0x00000000f0000000,0x00000000fb7c1490,0x00000000fc100000)
[8.694s][debug  ][gc,heap        ] GC(32)   from space 32256K, 0% used [0x00000000fe080000,0x00000000fe080000,0x0000000100000000)
[8.694s][debug  ][gc,heap        ] GC(32)   to   space 32256K, 0% used [0x00000000fc100000,0x00000000fc100000,0x00000000fe080000)
[8.695s][debug  ][gc,heap        ] GC(32)  ParOldGen       total 1597952K, used 687715K [0x0000000080000000, 0x00000000e1880000, 0x00000000f0000000)
[8.695s][debug  ][gc,heap        ] GC(32)   object space 1597952K, 43% used [0x0000000080000000,0x00000000a9f98f48,0x00000000e1880000)
[8.695s][debug  ][gc,heap        ] GC(32)  Metaspace       used 1019K, committed 1152K, reserved 1056768K
[8.695s][debug  ][gc,heap        ] GC(32)   class space    used 83K, committed 192K, reserved 1048576K
[8.695s][debug  ][gc,tlab        ] GC(32) TLAB totals: thrds: 1  refills: 1 max: 1 slow allocs: 17 max 17 waste: 27.3% gc: 3937136B max: 3937136B slow: 0B max: 0B
[8.695s][info   ][gc,start       ] GC(32) Pause Young (Allocation Failure)
[8.695s][debug  ][gc,phases,start] GC(32) Scavenge
[8.707s][debug  ][gc,phases      ] GC(32) Scavenge 11.997ms
[8.707s][debug  ][gc,phases,start] GC(32) Reference Processing
[8.707s][debug  ][gc,ref         ] GC(32) Skipped phase 1 of Reference Processing: no references
[8.707s][debug  ][gc,ref         ] GC(32) Skipped phase 2 of Reference Processing: no references
[8.707s][debug  ][gc,ref         ] GC(32) Skipped phase 3 of Reference Processing: no references
[8.707s][debug  ][gc,ref         ] GC(32) Skipped phase 4 of Reference Processing: no references
[8.707s][debug  ][gc,phases,ref  ] GC(32) Reference Processing: 0.1ms
[8.707s][debug  ][gc,phases,ref  ] GC(32)   Reconsider SoftReferences: 0.0ms
[8.707s][debug  ][gc,phases,ref  ] GC(32)     SoftRef (ms):                  skipped
[8.707s][debug  ][gc,phases,ref  ] GC(32)   Notify Soft/WeakReferences: 0.0ms
[8.707s][debug  ][gc,phases,ref  ] GC(32)     SoftRef (ms):                  skipped
[8.707s][debug  ][gc,phases,ref  ] GC(32)     WeakRef (ms):                  skipped
[8.707s][debug  ][gc,phases,ref  ] GC(32)     FinalRef (ms):                 skipped
[8.707s][debug  ][gc,phases,ref  ] GC(32)     Total (ms):                    skipped
[8.707s][debug  ][gc,phases,ref  ] GC(32)   Notify and keep alive finalizable: 0.0ms
[8.707s][debug  ][gc,phases,ref  ] GC(32)     FinalRef (ms):                 skipped
[8.707s][debug  ][gc,phases,ref  ] GC(32)   Notify PhantomReferences: 0.0ms
[8.707s][debug  ][gc,phases,ref  ] GC(32)     PhantomRef (ms):               skipped
[8.707s][debug  ][gc,phases,ref  ] GC(32)   SoftReference:
[8.707s][debug  ][gc,phases,ref  ] GC(32)     Discovered: 0
[8.707s][debug  ][gc,phases,ref  ] GC(32)     Cleared: 0
[8.707s][debug  ][gc,phases,ref  ] GC(32)   WeakReference:
[8.707s][debug  ][gc,phases,ref  ] GC(32)     Discovered: 0
[8.707s][debug  ][gc,phases,ref  ] GC(32)     Cleared: 0
[8.707s][debug  ][gc,phases,ref  ] GC(32)   FinalReference:
[8.707s][debug  ][gc,phases,ref  ] GC(32)     Discovered: 0
[8.707s][debug  ][gc,phases,ref  ] GC(32)     Cleared: 0
[8.707s][debug  ][gc,phases,ref  ] GC(32)   PhantomReference:
[8.707s][debug  ][gc,phases,ref  ] GC(32)     Discovered: 0
[8.707s][debug  ][gc,phases,ref  ] GC(32)     Cleared: 0
[8.707s][debug  ][gc,phases      ] GC(32) Reference Processing 0.684ms
[8.708s][debug  ][gc,phases,start] GC(32) Weak Processing
[8.708s][debug  ][gc,phases      ] GC(32)   VM Weak                        Min:  0.0, Avg:  0.0, Max:  0.0, Diff:  0.0, Sum:  0.0, Workers: 6
[8.708s][debug  ][gc,phases      ] GC(32)     Dead                           Min: 0, Avg:  0.0, Max: 0, Diff: 0, Sum: 0, Workers: 6
[8.708s][debug  ][gc,phases      ] GC(32)     Total                          Min: 0, Avg:  1.3, Max: 8, Diff: 8, Sum: 8, Workers: 6
[8.708s][debug  ][gc,phases      ] GC(32)   ObjectSynchronizer Weak        Min:  0.0, Avg:  0.0, Max:  0.0, Diff:  0.0, Sum:  0.0, Workers: 6
[8.708s][debug  ][gc,phases      ] GC(32)     Dead                           Min: 0, Avg:  0.0, Max: 0, Diff: 0, Sum: 0, Workers: 6
[8.708s][debug  ][gc,phases      ] GC(32)     Total                          Min: 0, Avg:  0.5, Max: 3, Diff: 3, Sum: 3, Workers: 6
[8.708s][debug  ][gc,phases      ] GC(32)   JVMTI Tag Weak OopStorage      Min:  0.0, Avg:  0.0, Max:  0.0, Diff:  0.0, Sum:  0.0, Workers: 6
[8.708s][debug  ][gc,phases      ] GC(32)     Dead                           Min: 0, Avg:  0.0, Max: 0, Diff: 0, Sum: 0, Workers: 6
[8.708s][debug  ][gc,phases      ] GC(32)     Total                          Min: 0, Avg:  0.0, Max: 0, Diff: 0, Sum: 0, Workers: 6
[8.708s][debug  ][gc,phases      ] GC(32)   StringTable Weak               Min:  0.0, Avg:  0.0, Max:  0.0, Diff:  0.0, Sum:  0.0, Workers: 6
[8.708s][debug  ][gc,phases      ] GC(32)     Dead                           Min: 0, Avg:  0.0, Max: 0, Diff: 0, Sum: 0, Workers: 6
[8.708s][debug  ][gc,phases      ] GC(32)     Total                          Min: 704, Avg: 891.8, Max: 1024, Diff: 320, Sum: 5351, Workers: 6
[8.708s][debug  ][gc,phases      ] GC(32)   ResolvedMethodTable Weak       Min:  0.0, Avg:  0.0, Max:  0.0, Diff:  0.0, Sum:  0.0, Workers: 6
[8.708s][debug  ][gc,phases      ] GC(32)     Dead                           Min: 0, Avg:  0.0, Max: 0, Diff: 0, Sum: 0, Workers: 6
[8.708s][debug  ][gc,phases      ] GC(32)     Total                          Min: 0, Avg: 21.7, Max: 64, Diff: 64, Sum: 130, Workers: 6
[8.708s][debug  ][gc,phases      ] GC(32)   JNI Weak                       Min:  0.0, Avg:  0.0, Max:  0.0, Diff:  0.0, Sum:  0.0, Workers: 6
[8.708s][debug  ][gc,phases      ] GC(32)     Dead                           Min: 0, Avg:  0.0, Max: 0, Diff: 0, Sum: 0, Workers: 6
[8.708s][debug  ][gc,phases      ] GC(32)     Total                          Min: 0, Avg:  0.0, Max: 0, Diff: 0, Sum: 0, Workers: 6
[8.708s][debug  ][gc,phases      ] GC(32)   StringDedup Table Weak         Min:  0.0, Avg:  0.0, Max:  0.0, Diff:  0.0, Sum:  0.0, Workers: 6
[8.708s][debug  ][gc,phases      ] GC(32)     Dead                           Min: 0, Avg:  0.0, Max: 0, Diff: 0, Sum: 0, Workers: 6
[8.708s][debug  ][gc,phases      ] GC(32)     Total                          Min: 0, Avg:  0.0, Max: 0, Diff: 0, Sum: 0, Workers: 6
[8.708s][debug  ][gc,phases      ] GC(32)   StringDedup Requests0 Weak     Min:  0.0, Avg:  0.0, Max:  0.0, Diff:  0.0, Sum:  0.0, Workers: 6
[8.708s][debug  ][gc,phases      ] GC(32)     Dead                           Min: 0, Avg:  0.0, Max: 0, Diff: 0, Sum: 0, Workers: 6
[8.708s][debug  ][gc,phases      ] GC(32)     Total                          Min: 0, Avg:  0.0, Max: 0, Diff: 0, Sum: 0, Workers: 6
[8.708s][debug  ][gc,phases      ] GC(32)   StringDedup Requests1 Weak     Min:  0.0, Avg:  0.0, Max:  0.0, Diff:  0.0, Sum:  0.0, Workers: 6
[8.708s][debug  ][gc,phases      ] GC(32)     Dead                           Min: 0, Avg:  0.0, Max: 0, Diff: 0, Sum: 0, Workers: 6
[8.708s][debug  ][gc,phases      ] GC(32)     Total                          Min: 0, Avg:  0.0, Max: 0, Diff: 0, Sum: 0, Workers: 6
[8.708s][debug  ][gc,phases      ] GC(32)   Weak JFR Old Object Samples    Min:  0.0, Avg:  0.0, Max:  0.0, Diff:  0.0, Sum:  0.0, Workers: 6
[8.708s][debug  ][gc,phases      ] GC(32)     Dead                           Min: 0, Avg:  0.0, Max: 0, Diff: 0, Sum: 0, Workers: 6
[8.708s][debug  ][gc,phases      ] GC(32)     Total                          Min: 0, Avg:  0.0, Max: 0, Diff: 0, Sum: 0, Workers: 6
[8.708s][debug  ][gc,phases      ] GC(32) Weak Processing 0.775ms
[8.708s][debug  ][gc,ergo        ] GC(32) AdaptiveSizeStart:  collection: 33 
[8.708s][debug  ][gc,ergo        ] GC(32) avg_survived_padded_avg: 32600962.000000
[8.708s][debug  ][gc,ergo        ] GC(32) avg_promoted_padded_avg: 247644944.000000  avg_pretenured_padded_avg: 0.000000  tenuring_thresh: 1  target_size: 33030144
[8.708s][debug  ][gc,age         ] GC(32) Desired survivor size 33030144 bytes, new threshold 1 (max threshold 15)
[8.708s][debug  ][gc,ergo        ] GC(32) PSAdaptiveSizePolicy::compute_eden_space_size limits: desired_eden_size: 239177052 old_eden_size: 202375168 eden_limit: 202375168 cur_eden: 202375168 max_eden_size: 202375168 avg_young_live: 24556046
[8.708s][debug  ][gc,ergo        ] GC(32) PSAdaptiveSizePolicy::compute_eden_space_size: costs minor_time: 0.052685 major_cost: 0.034380 mutator_cost: 0.912935 throughput_goal: 0.990000
[8.708s][debug  ][gc,ergo        ] GC(32) Live_space: 933406976 free_space: 879230976
[8.708s][debug  ][gc,ergo        ] GC(32) Old eden_size: 202375168 desired_eden_size: 202375168
[8.709s][debug  ][gc,ergo        ] GC(32) AdaptiveSizeStop: collection: 33 
[8.709s][info   ][gc,heap        ] GC(32) PSYoungGen: 188165K(229888K)->30720K(229888K) Eden: 188165K(197632K)->0K(197632K) From: 0K(32256K)->30720K(32256K)
[8.709s][info   ][gc,heap        ] GC(32) ParOldGen: 687715K(1597952K)->841316K(1597952K)
[8.709s][info   ][gc,metaspace   ] GC(32) Metaspace: 1019K(1152K)->1019K(1152K) NonClass: 935K(960K)->935K(960K) Class: 83K(192K)->83K(192K)
[8.709s][info   ][gc             ] GC(32) Pause Young (Allocation Failure) 855M->851M(1785M) 13.933ms
[8.709s][info   ][gc,cpu         ] GC(32) User=0.09s Sys=0.00s Real=0.01s
[8.709s][debug  ][gc,heap        ] GC(32) Heap after GC invocations=33 (full 6):
[8.709s][debug  ][gc,heap        ] GC(32)  PSYoungGen      total 229888K, used 30720K [0x00000000f0000000, 0x0000000100000000, 0x0000000100000000)
[8.709s][debug  ][gc,heap        ] GC(32)   eden space 197632K, 0% used [0x00000000f0000000,0x00000000f0000000,0x00000000fc100000)
[8.709s][debug  ][gc,heap        ] GC(32)   from space 32256K, 95% used [0x00000000fc100000,0x00000000fdf00030,0x00000000fe080000)
[8.709s][debug  ][gc,heap        ] GC(32)   to   space 32256K, 0% used [0x00000000fe080000,0x00000000fe080000,0x0000000100000000)
[8.709s][debug  ][gc,heap        ] GC(32)  ParOldGen       total 1597952K, used 841316K [0x0000000080000000, 0x00000000e1880000, 0x00000000f0000000)
[8.709s][debug  ][gc,heap        ] GC(32)   object space 1597952K, 52% used [0x0000000080000000,0x00000000b3599038,0x00000000e1880000)
[8.709s][debug  ][gc,heap        ] GC(32)  Metaspace       used 1019K, committed 1152K, reserved 1056768K
[8.709s][debug  ][gc,heap        ] GC(32)   class space    used 83K, committed 192K, reserved 1048576K
[8.709s][debug  ][gc,task,time   ] GC(32) VM-Thread 86942894 87068123 87088724
[8.996s][debug  ][gc,heap        ] GC(33) Heap before GC invocations=34 (full 6):
[8.996s][debug  ][gc,heap        ] GC(33)  PSYoungGen      total 229888K, used 218819K [0x00000000f0000000, 0x0000000100000000, 0x0000000100000000)
[8.996s][debug  ][gc,heap        ] GC(33)   eden space 197632K, 95% used [0x00000000f0000000,0x00000000fb7b0d40,0x00000000fc100000)
[8.996s][debug  ][gc,heap        ] GC(33)   from space 32256K, 95% used [0x00000000fc100000,0x00000000fdf00030,0x00000000fe080000)
[8.996s][debug  ][gc,heap        ] GC(33)   to   space 32256K, 0% used [0x00000000fe080000,0x00000000fe080000,0x0000000100000000)
[8.996s][debug  ][gc,heap        ] GC(33)  ParOldGen       total 1597952K, used 841316K [0x0000000080000000, 0x00000000e1880000, 0x00000000f0000000)
[8.996s][debug  ][gc,heap        ] GC(33)   object space 1597952K, 52% used [0x0000000080000000,0x00000000b3599038,0x00000000e1880000)
[8.996s][debug  ][gc,heap        ] GC(33)  Metaspace       used 1019K, committed 1152K, reserved 1056768K
[8.996s][debug  ][gc,heap        ] GC(33)   class space    used 83K, committed 192K, reserved 1048576K
[8.996s][debug  ][gc,tlab        ] GC(33) TLAB totals: thrds: 1  refills: 1 max: 1 slow allocs: 17 max 17 waste: 26.9% gc: 3868560B max: 3868560B slow: 0B max: 0B
[8.996s][info   ][gc,start       ] GC(33) Pause Young (Allocation Failure)
[8.996s][debug  ][gc,phases,start] GC(33) Scavenge
[8.998s][debug  ][gc,phases      ] GC(33) Scavenge 2.515ms
[8.999s][debug  ][gc,phases,start] GC(33) Reference Processing
[8.999s][debug  ][gc,ref         ] GC(33) Skipped phase 1 of Reference Processing: no references
[8.999s][debug  ][gc,ref         ] GC(33) Skipped phase 2 of Reference Processing: no references
[8.999s][debug  ][gc,ref         ] GC(33) Skipped phase 3 of Reference Processing: no references
[8.999s][debug  ][gc,ref         ] GC(33) Skipped phase 4 of Reference Processing: no references
[8.999s][debug  ][gc,phases,ref  ] GC(33) Reference Processing: 0.1ms
[8.999s][debug  ][gc,phases,ref  ] GC(33)   Reconsider SoftReferences: 0.0ms
[8.999s][debug  ][gc,phases,ref  ] GC(33)     SoftRef (ms):                  skipped
[8.999s][debug  ][gc,phases,ref  ] GC(33)   Notify Soft/WeakReferences: 0.0ms
[8.999s][debug  ][gc,phases,ref  ] GC(33)     SoftRef (ms):                  skipped
[8.999s][debug  ][gc,phases,ref  ] GC(33)     WeakRef (ms):                  skipped
[8.999s][debug  ][gc,phases,ref  ] GC(33)     FinalRef (ms):                 skipped
[8.999s][debug  ][gc,phases,ref  ] GC(33)     Total (ms):                    skipped
[8.999s][debug  ][gc,phases,ref  ] GC(33)   Notify and keep alive finalizable: 0.0ms
[8.999s][debug  ][gc,phases,ref  ] GC(33)     FinalRef (ms):                 skipped
[8.999s][debug  ][gc,phases,ref  ] GC(33)   Notify PhantomReferences: 0.0ms
[8.999s][debug  ][gc,phases,ref  ] GC(33)     PhantomRef (ms):               skipped
[8.999s][debug  ][gc,phases,ref  ] GC(33)   SoftReference:
[8.999s][debug  ][gc,phases,ref  ] GC(33)     Discovered: 0
[8.999s][debug  ][gc,phases,ref  ] GC(33)     Cleared: 0
[8.999s][debug  ][gc,phases,ref  ] GC(33)   WeakReference:
[8.999s][debug  ][gc,phases,ref  ] GC(33)     Discovered: 0
[8.999s][debug  ][gc,phases,ref  ] GC(33)     Cleared: 0
[8.999s][debug  ][gc,phases,ref  ] GC(33)   FinalReference:
[8.999s][debug  ][gc,phases,ref  ] GC(33)     Discovered: 0
[8.999s][debug  ][gc,phases,ref  ] GC(33)     Cleared: 0
[8.999s][debug  ][gc,phases,ref  ] GC(33)   PhantomReference:
[8.999s][debug  ][gc,phases,ref  ] GC(33)     Discovered: 0
[8.999s][debug  ][gc,phases,ref  ] GC(33)     Cleared: 0
[8.999s][debug  ][gc,phases      ] GC(33) Reference Processing 0.677ms
[8.999s][debug  ][gc,phases,start] GC(33) Weak Processing
[8.999s][debug  ][gc,phases      ] GC(33)   VM Weak                        Min:  0.0, Avg:  0.0, Max:  0.0, Diff:  0.0, Sum:  0.0, Workers: 6
[8.999s][debug  ][gc,phases      ] GC(33)     Dead                           Min: 0, Avg:  0.0, Max: 0, Diff: 0, Sum: 0, Workers: 6
[8.999s][debug  ][gc,phases      ] GC(33)     Total                          Min: 0, Avg:  1.3, Max: 8, Diff: 8, Sum: 8, Workers: 6
[8.999s][debug  ][gc,phases      ] GC(33)   ObjectSynchronizer Weak        Min:  0.0, Avg:  0.0, Max:  0.0, Diff:  0.0, Sum:  0.0, Workers: 6
[8.999s][debug  ][gc,phases      ] GC(33)     Dead                           Min: 0, Avg:  0.0, Max: 0, Diff: 0, Sum: 0, Workers: 6
[9.000s][debug  ][gc,phases      ] GC(33)     Total                          Min: 0, Avg:  0.5, Max: 3, Diff: 3, Sum: 3, Workers: 6
[9.000s][debug  ][gc,phases      ] GC(33)   JVMTI Tag Weak OopStorage      Min:  0.0, Avg:  0.0, Max:  0.0, Diff:  0.0, Sum:  0.0, Workers: 6
[9.000s][debug  ][gc,phases      ] GC(33)     Dead                           Min: 0, Avg:  0.0, Max: 0, Diff: 0, Sum: 0, Workers: 6
[9.000s][debug  ][gc,phases      ] GC(33)     Total                          Min: 0, Avg:  0.0, Max: 0, Diff: 0, Sum: 0, Workers: 6
[9.000s][debug  ][gc,phases      ] GC(33)   StringTable Weak               Min:  0.0, Avg:  0.0, Max:  0.0, Diff:  0.0, Sum:  0.0, Workers: 6
[9.000s][debug  ][gc,phases      ] GC(33)     Dead                           Min: 0, Avg:  0.0, Max: 0, Diff: 0, Sum: 0, Workers: 6
[9.000s][debug  ][gc,phases      ] GC(33)     Total                          Min: 768, Avg: 891.8, Max: 1152, Diff: 384, Sum: 5351, Workers: 6
[9.000s][debug  ][gc,phases      ] GC(33)   ResolvedMethodTable Weak       Min:  0.0, Avg:  0.0, Max:  0.0, Diff:  0.0, Sum:  0.0, Workers: 6
[9.000s][debug  ][gc,phases      ] GC(33)     Dead                           Min: 0, Avg:  0.0, Max: 0, Diff: 0, Sum: 0, Workers: 6
[9.000s][debug  ][gc,phases      ] GC(33)     Total                          Min: 0, Avg: 21.7, Max: 64, Diff: 64, Sum: 130, Workers: 6
[9.000s][debug  ][gc,phases      ] GC(33)   JNI Weak                       Min:  0.0, Avg:  0.0, Max:  0.0, Diff:  0.0, Sum:  0.0, Workers: 6
[9.000s][debug  ][gc,phases      ] GC(33)     Dead                           Min: 0, Avg:  0.0, Max: 0, Diff: 0, Sum: 0, Workers: 6
[9.000s][debug  ][gc,phases      ] GC(33)     Total                          Min: 0, Avg:  0.0, Max: 0, Diff: 0, Sum: 0, Workers: 6
[9.000s][debug  ][gc,phases      ] GC(33)   StringDedup Table Weak         Min:  0.0, Avg:  0.0, Max:  0.0, Diff:  0.0, Sum:  0.0, Workers: 6
[9.000s][debug  ][gc,phases      ] GC(33)     Dead                           Min: 0, Avg:  0.0, Max: 0, Diff: 0, Sum: 0, Workers: 6
[9.000s][debug  ][gc,phases      ] GC(33)     Total                          Min: 0, Avg:  0.0, Max: 0, Diff: 0, Sum: 0, Workers: 6
[9.000s][debug  ][gc,phases      ] GC(33)   StringDedup Requests0 Weak     Min:  0.0, Avg:  0.0, Max:  0.0, Diff:  0.0, Sum:  0.0, Workers: 6
[9.000s][debug  ][gc,phases      ] GC(33)     Dead                           Min: 0, Avg:  0.0, Max: 0, Diff: 0, Sum: 0, Workers: 6
[9.000s][debug  ][gc,phases      ] GC(33)     Total                          Min: 0, Avg:  0.0, Max: 0, Diff: 0, Sum: 0, Workers: 6
[9.000s][debug  ][gc,phases      ] GC(33)   StringDedup Requests1 Weak     Min:  0.0, Avg:  0.0, Max:  0.0, Diff:  0.0, Sum:  0.0, Workers: 6
[9.000s][debug  ][gc,phases      ] GC(33)     Dead                           Min: 0, Avg:  0.0, Max: 0, Diff: 0, Sum: 0, Workers: 6
[9.000s][debug  ][gc,phases      ] GC(33)     Total                          Min: 0, Avg:  0.0, Max: 0, Diff: 0, Sum: 0, Workers: 6
[9.000s][debug  ][gc,phases      ] GC(33)   Weak JFR Old Object Samples    Min:  0.0, Avg:  0.0, Max:  0.0, Diff:  0.0, Sum:  0.0, Workers: 6
[9.000s][debug  ][gc,phases      ] GC(33)     Dead                           Min: 0, Avg:  0.0, Max: 0, Diff: 0, Sum: 0, Workers: 6
[9.000s][debug  ][gc,phases      ] GC(33)     Total                          Min: 0, Avg:  0.0, Max: 0, Diff: 0, Sum: 0, Workers: 6
[9.000s][debug  ][gc,phases      ] GC(33) Weak Processing 0.962ms
[9.000s][debug  ][gc,ergo        ] GC(33) AdaptiveSizeStart:  collection: 34 
[9.000s][debug  ][gc,ergo        ] GC(33) avg_survived_padded_avg: 32527704.000000
[9.000s][debug  ][gc,ergo        ] GC(33) avg_promoted_padded_avg: 231035600.000000  avg_pretenured_padded_avg: 0.000000  tenuring_thresh: 1  target_size: 33030144
[9.000s][debug  ][gc,age         ] GC(33) Desired survivor size 33030144 bytes, new threshold 1 (max threshold 15)
[9.000s][debug  ][gc,ergo        ] GC(33) PSAdaptiveSizePolicy::compute_eden_space_size limits: desired_eden_size: 236234664 old_eden_size: 202375168 eden_limit: 202375168 cur_eden: 202375168 max_eden_size: 202375168 avg_young_live: 25246174
[9.000s][debug  ][gc,ergo        ] GC(33) PSAdaptiveSizePolicy::compute_eden_space_size: costs minor_time: 0.043182 major_cost: 0.034380 mutator_cost: 0.922438 throughput_goal: 0.990000
[9.000s][debug  ][gc,ergo        ] GC(33) Live_space: 934097152 free_space: 879230976
[9.000s][debug  ][gc,ergo        ] GC(33) Old eden_size: 202375168 desired_eden_size: 202375168
[9.000s][debug  ][gc,ergo        ] GC(33) AdaptiveSizeStop: collection: 34 
[9.000s][info   ][gc,heap        ] GC(33) PSYoungGen: 218819K(229888K)->30720K(229888K) Eden: 188099K(197632K)->0K(197632K) From: 30720K(32256K)->30720K(32256K)
[9.001s][info   ][gc,heap        ] GC(33) ParOldGen: 841316K(1597952K)->841316K(1597952K)
[9.001s][info   ][gc,metaspace   ] GC(33) Metaspace: 1019K(1152K)->1019K(1152K) NonClass: 935K(960K)->935K(960K) Class: 83K(192K)->83K(192K)
[9.001s][info   ][gc             ] GC(33) Pause Young (Allocation Failure) 1035M->851M(1785M) 4.651ms
[9.001s][info   ][gc,cpu         ] GC(33) User=0.00s Sys=0.00s Real=0.01s
[9.001s][debug  ][gc,heap        ] GC(33) Heap after GC invocations=34 (full 6):
[9.001s][debug  ][gc,heap        ] GC(33)  PSYoungGen      total 229888K, used 30720K [0x00000000f0000000, 0x0000000100000000, 0x0000000100000000)
[9.001s][debug  ][gc,heap        ] GC(33)   eden space 197632K, 0% used [0x00000000f0000000,0x00000000f0000000,0x00000000fc100000)
[9.001s][debug  ][gc,heap        ] GC(33)   from space 32256K, 95% used [0x00000000fe080000,0x00000000ffe80030,0x0000000100000000)
[9.001s][debug  ][gc,heap        ] GC(33)   to   space 32256K, 0% used [0x00000000fc100000,0x00000000fc100000,0x00000000fe080000)
[9.001s][debug  ][gc,heap        ] GC(33)  ParOldGen       total 1597952K, used 841316K [0x0000000080000000, 0x00000000e1880000, 0x00000000f0000000)
[9.001s][debug  ][gc,heap        ] GC(33)   object space 1597952K, 52% used [0x0000000080000000,0x00000000b3599038,0x00000000e1880000)
[9.001s][debug  ][gc,heap        ] GC(33)  Metaspace       used 1019K, committed 1152K, reserved 1056768K
[9.001s][debug  ][gc,heap        ] GC(33)   class space    used 83K, committed 192K, reserved 1048576K
[9.001s][debug  ][gc,task,time   ] GC(33) VM-Thread 89954977 89985650 90008573
[9.281s][debug  ][gc,heap        ] GC(34) Heap before GC invocations=35 (full 6):
[9.281s][debug  ][gc,heap        ] GC(34)  PSYoungGen      total 229888K, used 218852K [0x00000000f0000000, 0x0000000100000000, 0x0000000100000000)
[9.281s][debug  ][gc,heap        ] GC(34)   eden space 197632K, 95% used [0x00000000f0000000,0x00000000fb7b9120,0x00000000fc100000)
[9.281s][debug  ][gc,heap        ] GC(34)   from space 32256K, 95% used [0x00000000fe080000,0x00000000ffe80030,0x0000000100000000)
[9.281s][debug  ][gc,heap        ] GC(34)   to   space 32256K, 0% used [0x00000000fc100000,0x00000000fc100000,0x00000000fe080000)
[9.281s][debug  ][gc,heap        ] GC(34)  ParOldGen       total 1597952K, used 841316K [0x0000000080000000, 0x00000000e1880000, 0x00000000f0000000)
[9.281s][debug  ][gc,heap        ] GC(34)   object space 1597952K, 52% used [0x0000000080000000,0x00000000b3599038,0x00000000e1880000)
[9.281s][debug  ][gc,heap        ] GC(34)  Metaspace       used 1019K, committed 1152K, reserved 1056768K
[9.281s][debug  ][gc,heap        ] GC(34)   class space    used 83K, committed 192K, reserved 1048576K
[9.281s][debug  ][gc,tlab        ] GC(34) TLAB totals: thrds: 1  refills: 1 max: 1 slow allocs: 17 max 17 waste: 27.1% gc: 3903488B max: 3903488B slow: 0B max: 0B
[9.281s][info   ][gc,start       ] GC(34) Pause Young (Allocation Failure)
[9.281s][debug  ][gc,phases,start] GC(34) Scavenge
[9.295s][debug  ][gc,phases      ] GC(34) Scavenge 14.369ms
[9.296s][debug  ][gc,phases,start] GC(34) Reference Processing
[9.296s][debug  ][gc,ref         ] GC(34) Skipped phase 1 of Reference Processing: no references
[9.296s][debug  ][gc,ref         ] GC(34) Skipped phase 2 of Reference Processing: no references
[9.296s][debug  ][gc,ref         ] GC(34) Skipped phase 3 of Reference Processing: no references
[9.296s][debug  ][gc,ref         ] GC(34) Skipped phase 4 of Reference Processing: no references
[9.296s][debug  ][gc,phases,ref  ] GC(34) Reference Processing: 0.1ms
[9.296s][debug  ][gc,phases,ref  ] GC(34)   Reconsider SoftReferences: 0.0ms
[9.296s][debug  ][gc,phases,ref  ] GC(34)     SoftRef (ms):                  skipped
[9.296s][debug  ][gc,phases,ref  ] GC(34)   Notify Soft/WeakReferences: 0.0ms
[9.296s][debug  ][gc,phases,ref  ] GC(34)     SoftRef (ms):                  skipped
[9.296s][debug  ][gc,phases,ref  ] GC(34)     WeakRef (ms):                  skipped
[9.296s][debug  ][gc,phases,ref  ] GC(34)     FinalRef (ms):                 skipped
[9.296s][debug  ][gc,phases,ref  ] GC(34)     Total (ms):                    skipped
[9.296s][debug  ][gc,phases,ref  ] GC(34)   Notify and keep alive finalizable: 0.0ms
[9.296s][debug  ][gc,phases,ref  ] GC(34)     FinalRef (ms):                 skipped
[9.296s][debug  ][gc,phases,ref  ] GC(34)   Notify PhantomReferences: 0.0ms
[9.296s][debug  ][gc,phases,ref  ] GC(34)     PhantomRef (ms):               skipped
[9.296s][debug  ][gc,phases,ref  ] GC(34)   SoftReference:
[9.296s][debug  ][gc,phases,ref  ] GC(34)     Discovered: 0
[9.296s][debug  ][gc,phases,ref  ] GC(34)     Cleared: 0
[9.296s][debug  ][gc,phases,ref  ] GC(34)   WeakReference:
[9.296s][debug  ][gc,phases,ref  ] GC(34)     Discovered: 0
[9.296s][debug  ][gc,phases,ref  ] GC(34)     Cleared: 0
[9.296s][debug  ][gc,phases,ref  ] GC(34)   FinalReference:
[9.296s][debug  ][gc,phases,ref  ] GC(34)     Discovered: 0
[9.296s][debug  ][gc,phases,ref  ] GC(34)     Cleared: 0
[9.296s][debug  ][gc,phases,ref  ] GC(34)   PhantomReference:
[9.296s][debug  ][gc,phases,ref  ] GC(34)     Discovered: 0
[9.296s][debug  ][gc,phases,ref  ] GC(34)     Cleared: 0
[9.296s][debug  ][gc,phases      ] GC(34) Reference Processing 0.566ms
[9.296s][debug  ][gc,phases,start] GC(34) Weak Processing
[9.296s][debug  ][gc,phases      ] GC(34)   VM Weak                        Min:  0.0, Avg:  0.0, Max:  0.0, Diff:  0.0, Sum:  0.0, Workers: 6
[9.296s][debug  ][gc,phases      ] GC(34)     Dead                           Min: 0, Avg:  0.0, Max: 0, Diff: 0, Sum: 0, Workers: 6
[9.296s][debug  ][gc,phases      ] GC(34)     Total                          Min: 0, Avg:  1.3, Max: 8, Diff: 8, Sum: 8, Workers: 6
[9.296s][debug  ][gc,phases      ] GC(34)   ObjectSynchronizer Weak        Min:  0.0, Avg:  0.0, Max:  0.0, Diff:  0.0, Sum:  0.0, Workers: 6
[9.296s][debug  ][gc,phases      ] GC(34)     Dead                           Min: 0, Avg:  0.0, Max: 0, Diff: 0, Sum: 0, Workers: 6
[9.296s][debug  ][gc,phases      ] GC(34)     Total                          Min: 0, Avg:  0.5, Max: 3, Diff: 3, Sum: 3, Workers: 6
[9.296s][debug  ][gc,phases      ] GC(34)   JVMTI Tag Weak OopStorage      Min:  0.0, Avg:  0.0, Max:  0.0, Diff:  0.0, Sum:  0.0, Workers: 6
[9.296s][debug  ][gc,phases      ] GC(34)     Dead                           Min: 0, Avg:  0.0, Max: 0, Diff: 0, Sum: 0, Workers: 6
[9.296s][debug  ][gc,phases      ] GC(34)     Total                          Min: 0, Avg:  0.0, Max: 0, Diff: 0, Sum: 0, Workers: 6
[9.296s][debug  ][gc,phases      ] GC(34)   StringTable Weak               Min:  0.0, Avg:  0.0, Max:  0.0, Diff:  0.0, Sum:  0.0, Workers: 6
[9.296s][debug  ][gc,phases      ] GC(34)     Dead                           Min: 0, Avg:  0.0, Max: 0, Diff: 0, Sum: 0, Workers: 6
[9.296s][debug  ][gc,phases      ] GC(34)     Total                          Min: 768, Avg: 891.8, Max: 1088, Diff: 320, Sum: 5351, Workers: 6
[9.296s][debug  ][gc,phases      ] GC(34)   ResolvedMethodTable Weak       Min:  0.0, Avg:  0.0, Max:  0.0, Diff:  0.0, Sum:  0.0, Workers: 6
[9.296s][debug  ][gc,phases      ] GC(34)     Dead                           Min: 0, Avg:  0.0, Max: 0, Diff: 0, Sum: 0, Workers: 6
[9.296s][debug  ][gc,phases      ] GC(34)     Total                          Min: 0, Avg: 21.7, Max: 64, Diff: 64, Sum: 130, Workers: 6
[9.296s][debug  ][gc,phases      ] GC(34)   JNI Weak                       Min:  0.0, Avg:  0.0, Max:  0.0, Diff:  0.0, Sum:  0.0, Workers: 6
[9.297s][debug  ][gc,phases      ] GC(34)     Dead                           Min: 0, Avg:  0.0, Max: 0, Diff: 0, Sum: 0, Workers: 6
[9.297s][debug  ][gc,phases      ] GC(34)     Total                          Min: 0, Avg:  0.0, Max: 0, Diff: 0, Sum: 0, Workers: 6
[9.297s][debug  ][gc,phases      ] GC(34)   StringDedup Table Weak         Min:  0.0, Avg:  0.0, Max:  0.0, Diff:  0.0, Sum:  0.0, Workers: 6
[9.297s][debug  ][gc,phases      ] GC(34)     Dead                           Min: 0, Avg:  0.0, Max: 0, Diff: 0, Sum: 0, Workers: 6
[9.297s][debug  ][gc,phases      ] GC(34)     Total                          Min: 0, Avg:  0.0, Max: 0, Diff: 0, Sum: 0, Workers: 6
[9.297s][debug  ][gc,phases      ] GC(34)   StringDedup Requests0 Weak     Min:  0.0, Avg:  0.0, Max:  0.0, Diff:  0.0, Sum:  0.0, Workers: 6
[9.297s][debug  ][gc,phases      ] GC(34)     Dead                           Min: 0, Avg:  0.0, Max: 0, Diff: 0, Sum: 0, Workers: 6
[9.297s][debug  ][gc,phases      ] GC(34)     Total                          Min: 0, Avg:  0.0, Max: 0, Diff: 0, Sum: 0, Workers: 6
[9.297s][debug  ][gc,phases      ] GC(34)   StringDedup Requests1 Weak     Min:  0.0, Avg:  0.0, Max:  0.0, Diff:  0.0, Sum:  0.0, Workers: 6
[9.297s][debug  ][gc,phases      ] GC(34)     Dead                           Min: 0, Avg:  0.0, Max: 0, Diff: 0, Sum: 0, Workers: 6
[9.297s][debug  ][gc,phases      ] GC(34)     Total                          Min: 0, Avg:  0.0, Max: 0, Diff: 0, Sum: 0, Workers: 6
[9.297s][debug  ][gc,phases      ] GC(34)   Weak JFR Old Object Samples    Min:  0.0, Avg:  0.0, Max:  0.0, Diff:  0.0, Sum:  0.0, Workers: 6
[9.297s][debug  ][gc,phases      ] GC(34)     Dead                           Min: 0, Avg:  0.0, Max: 0, Diff: 0, Sum: 0, Workers: 6
[9.297s][debug  ][gc,phases      ] GC(34)     Total                          Min: 0, Avg:  0.0, Max: 0, Diff: 0, Sum: 0, Workers: 6
[9.297s][debug  ][gc,phases      ] GC(34) Weak Processing 0.690ms
[9.297s][debug  ][gc,ergo        ] GC(34) AdaptiveSizeStart:  collection: 35 
[9.297s][debug  ][gc,ergo        ] GC(34) avg_survived_padded_avg: 32457658.000000
[9.297s][debug  ][gc,ergo        ] GC(34) avg_promoted_padded_avg: 237406592.000000  avg_pretenured_padded_avg: 0.000000  tenuring_thresh: 1  target_size: 32505856
[9.297s][debug  ][gc,age         ] GC(34) Desired survivor size 32505856 bytes, new threshold 1 (max threshold 15)
[9.297s][debug  ][gc,ergo        ] GC(34) PSAdaptiveSizePolicy::compute_eden_space_size limits: desired_eden_size: 237067396 old_eden_size: 202375168 eden_limit: 202375168 cur_eden: 202375168 max_eden_size: 202375168 avg_young_live: 25867288
[9.297s][debug  ][gc,ergo        ] GC(34) PSAdaptiveSizePolicy::compute_eden_space_size: costs minor_time: 0.045654 major_cost: 0.034380 mutator_cost: 0.919966 throughput_goal: 0.990000
[9.297s][debug  ][gc,ergo        ] GC(34) Live_space: 934718208 free_space: 879230976
[9.297s][debug  ][gc,ergo        ] GC(34) Old eden_size: 202375168 desired_eden_size: 202375168
[9.297s][debug  ][gc,ergo        ] GC(34) AdaptiveSizeStop: collection: 35 
[9.297s][info   ][gc,heap        ] GC(34) PSYoungGen: 218852K(229888K)->30720K(229888K) Eden: 188132K(197632K)->0K(197632K) From: 30720K(32256K)->30720K(32256K)
[9.297s][info   ][gc,heap        ] GC(34) ParOldGen: 841316K(1597952K)->1025636K(1597952K)
[9.297s][info   ][gc,metaspace   ] GC(34) Metaspace: 1019K(1152K)->1019K(1152K) NonClass: 935K(960K)->935K(960K) Class: 83K(192K)->83K(192K)
[9.297s][info   ][gc             ] GC(34) Pause Young (Allocation Failure) 1035M->1031M(1785M) 16.048ms
[9.297s][info   ][gc,cpu         ] GC(34) User=0.09s Sys=0.00s Real=0.02s
[9.297s][debug  ][gc,heap        ] GC(34) Heap after GC invocations=35 (full 6):
[9.297s][debug  ][gc,heap        ] GC(34)  PSYoungGen      total 229888K, used 30720K [0x00000000f0000000, 0x0000000100000000, 0x0000000100000000)
[9.297s][debug  ][gc,heap        ] GC(34)   eden space 197632K, 0% used [0x00000000f0000000,0x00000000f0000000,0x00000000fc100000)
[9.297s][debug  ][gc,heap        ] GC(34)   from space 32256K, 95% used [0x00000000fc100000,0x00000000fdf00030,0x00000000fe080000)
[9.297s][debug  ][gc,heap        ] GC(34)   to   space 31744K, 0% used [0x00000000fe100000,0x00000000fe100000,0x0000000100000000)
[9.297s][debug  ][gc,heap        ] GC(34)  ParOldGen       total 1597952K, used 1025636K [0x0000000080000000, 0x00000000e1880000, 0x00000000f0000000)
[9.297s][debug  ][gc,heap        ] GC(34)   object space 1597952K, 64% used [0x0000000080000000,0x00000000be999158,0x00000000e1880000)
[9.297s][debug  ][gc,heap        ] GC(34)  Metaspace       used 1019K, committed 1152K, reserved 1056768K
[9.297s][debug  ][gc,heap        ] GC(34)   class space    used 83K, committed 192K, reserved 1048576K
[9.297s][debug  ][gc,task,time   ] GC(34) VM-Thread 92806762 92955302 92973357
[9.584s][debug  ][gc,heap        ] GC(35) Heap before GC invocations=36 (full 6):
[9.584s][debug  ][gc,heap        ] GC(35)  PSYoungGen      total 229888K, used 218873K [0x00000000f0000000, 0x0000000100000000, 0x0000000100000000)
[9.584s][debug  ][gc,heap        ] GC(35)   eden space 197632K, 95% used [0x00000000f0000000,0x00000000fb7be5e8,0x00000000fc100000)
[9.584s][debug  ][gc,heap        ] GC(35)   from space 32256K, 95% used [0x00000000fc100000,0x00000000fdf00030,0x00000000fe080000)
[9.584s][debug  ][gc,heap        ] GC(35)   to   space 31744K, 0% used [0x00000000fe100000,0x00000000fe100000,0x0000000100000000)
[9.584s][debug  ][gc,heap        ] GC(35)  ParOldGen       total 1597952K, used 1025636K [0x0000000080000000, 0x00000000e1880000, 0x00000000f0000000)
[9.584s][debug  ][gc,heap        ] GC(35)   object space 1597952K, 64% used [0x0000000080000000,0x00000000be999158,0x00000000e1880000)
[9.584s][debug  ][gc,heap        ] GC(35)  Metaspace       used 1019K, committed 1152K, reserved 1056768K
[9.584s][debug  ][gc,heap        ] GC(35)   class space    used 83K, committed 192K, reserved 1048576K
[9.584s][debug  ][gc,tlab        ] GC(35) TLAB totals: thrds: 1  refills: 1 max: 1 slow allocs: 17 max 17 waste: 27.2% gc: 3925192B max: 3925192B slow: 0B max: 0B
[9.584s][info   ][gc,start       ] GC(35) Pause Young (Allocation Failure)
[9.584s][debug  ][gc,phases,start] GC(35) Scavenge
[9.599s][debug  ][gc,phases      ] GC(35) Scavenge 14.411ms
[9.599s][debug  ][gc,phases,start] GC(35) Reference Processing
[9.599s][debug  ][gc,ref         ] GC(35) Skipped phase 1 of Reference Processing: no references
[9.599s][debug  ][gc,ref         ] GC(35) Skipped phase 2 of Reference Processing: no references
[9.599s][debug  ][gc,ref         ] GC(35) Skipped phase 3 of Reference Processing: no references
[9.599s][debug  ][gc,ref         ] GC(35) Skipped phase 4 of Reference Processing: no references
[9.599s][debug  ][gc,phases,ref  ] GC(35) Reference Processing: 0.1ms
[9.599s][debug  ][gc,phases,ref  ] GC(35)   Reconsider SoftReferences: 0.0ms
[9.599s][debug  ][gc,phases,ref  ] GC(35)     SoftRef (ms):                  skipped
[9.599s][debug  ][gc,phases,ref  ] GC(35)   Notify Soft/WeakReferences: 0.0ms
[9.599s][debug  ][gc,phases,ref  ] GC(35)     SoftRef (ms):                  skipped
[9.599s][debug  ][gc,phases,ref  ] GC(35)     WeakRef (ms):                  skipped
[9.599s][debug  ][gc,phases,ref  ] GC(35)     FinalRef (ms):                 skipped
[9.599s][debug  ][gc,phases,ref  ] GC(35)     Total (ms):                    skipped
[9.599s][debug  ][gc,phases,ref  ] GC(35)   Notify and keep alive finalizable: 0.0ms
[9.599s][debug  ][gc,phases,ref  ] GC(35)     FinalRef (ms):                 skipped
[9.599s][debug  ][gc,phases,ref  ] GC(35)   Notify PhantomReferences: 0.0ms
[9.599s][debug  ][gc,phases,ref  ] GC(35)     PhantomRef (ms):               skipped
[9.599s][debug  ][gc,phases,ref  ] GC(35)   SoftReference:
[9.599s][debug  ][gc,phases,ref  ] GC(35)     Discovered: 0
[9.599s][debug  ][gc,phases,ref  ] GC(35)     Cleared: 0
[9.599s][debug  ][gc,phases,ref  ] GC(35)   WeakReference:
[9.599s][debug  ][gc,phases,ref  ] GC(35)     Discovered: 0
[9.599s][debug  ][gc,phases,ref  ] GC(35)     Cleared: 0
[9.599s][debug  ][gc,phases,ref  ] GC(35)   FinalReference:
[9.599s][debug  ][gc,phases,ref  ] GC(35)     Discovered: 0
[9.599s][debug  ][gc,phases,ref  ] GC(35)     Cleared: 0
[9.599s][debug  ][gc,phases,ref  ] GC(35)   PhantomReference:
[9.599s][debug  ][gc,phases,ref  ] GC(35)     Discovered: 0
[9.599s][debug  ][gc,phases,ref  ] GC(35)     Cleared: 0
[9.600s][debug  ][gc,phases      ] GC(35) Reference Processing 0.884ms
[9.600s][debug  ][gc,phases,start] GC(35) Weak Processing
[9.600s][debug  ][gc,phases      ] GC(35)   VM Weak                        Min:  0.0, Avg:  0.0, Max:  0.0, Diff:  0.0, Sum:  0.0, Workers: 6
[9.600s][debug  ][gc,phases      ] GC(35)     Dead                           Min: 0, Avg:  0.0, Max: 0, Diff: 0, Sum: 0, Workers: 6
[9.600s][debug  ][gc,phases      ] GC(35)     Total                          Min: 0, Avg:  1.3, Max: 8, Diff: 8, Sum: 8, Workers: 6
[9.600s][debug  ][gc,phases      ] GC(35)   ObjectSynchronizer Weak        Min:  0.0, Avg:  0.0, Max:  0.0, Diff:  0.0, Sum:  0.0, Workers: 6
[9.600s][debug  ][gc,phases      ] GC(35)     Dead                           Min: 0, Avg:  0.0, Max: 0, Diff: 0, Sum: 0, Workers: 6
[9.600s][debug  ][gc,phases      ] GC(35)     Total                          Min: 0, Avg:  0.5, Max: 3, Diff: 3, Sum: 3, Workers: 6
[9.600s][debug  ][gc,phases      ] GC(35)   JVMTI Tag Weak OopStorage      Min:  0.0, Avg:  0.0, Max:  0.0, Diff:  0.0, Sum:  0.0, Workers: 6
[9.600s][debug  ][gc,phases      ] GC(35)     Dead                           Min: 0, Avg:  0.0, Max: 0, Diff: 0, Sum: 0, Workers: 6
[9.600s][debug  ][gc,phases      ] GC(35)     Total                          Min: 0, Avg:  0.0, Max: 0, Diff: 0, Sum: 0, Workers: 6
[9.600s][debug  ][gc,phases      ] GC(35)   StringTable Weak               Min:  0.0, Avg:  0.0, Max:  0.0, Diff:  0.0, Sum:  0.0, Workers: 6
[9.600s][debug  ][gc,phases      ] GC(35)     Dead                           Min: 0, Avg:  0.0, Max: 0, Diff: 0, Sum: 0, Workers: 6
[9.600s][debug  ][gc,phases      ] GC(35)     Total                          Min: 704, Avg: 891.8, Max: 1192, Diff: 488, Sum: 5351, Workers: 6
[9.600s][debug  ][gc,phases      ] GC(35)   ResolvedMethodTable Weak       Min:  0.0, Avg:  0.0, Max:  0.0, Diff:  0.0, Sum:  0.0, Workers: 6
[9.600s][debug  ][gc,phases      ] GC(35)     Dead                           Min: 0, Avg:  0.0, Max: 0, Diff: 0, Sum: 0, Workers: 6
[9.600s][debug  ][gc,phases      ] GC(35)     Total                          Min: 0, Avg: 21.7, Max: 64, Diff: 64, Sum: 130, Workers: 6
[9.600s][debug  ][gc,phases      ] GC(35)   JNI Weak                       Min:  0.0, Avg:  0.0, Max:  0.0, Diff:  0.0, Sum:  0.0, Workers: 6
[9.600s][debug  ][gc,phases      ] GC(35)     Dead                           Min: 0, Avg:  0.0, Max: 0, Diff: 0, Sum: 0, Workers: 6
[9.600s][debug  ][gc,phases      ] GC(35)     Total                          Min: 0, Avg:  0.0, Max: 0, Diff: 0, Sum: 0, Workers: 6
[9.600s][debug  ][gc,phases      ] GC(35)   StringDedup Table Weak         Min:  0.0, Avg:  0.0, Max:  0.0, Diff:  0.0, Sum:  0.0, Workers: 6
[9.600s][debug  ][gc,phases      ] GC(35)     Dead                           Min: 0, Avg:  0.0, Max: 0, Diff: 0, Sum: 0, Workers: 6
[9.600s][debug  ][gc,phases      ] GC(35)     Total                          Min: 0, Avg:  0.0, Max: 0, Diff: 0, Sum: 0, Workers: 6
[9.600s][debug  ][gc,phases      ] GC(35)   StringDedup Requests0 Weak     Min:  0.0, Avg:  0.0, Max:  0.0, Diff:  0.0, Sum:  0.0, Workers: 6
[9.600s][debug  ][gc,phases      ] GC(35)     Dead                           Min: 0, Avg:  0.0, Max: 0, Diff: 0, Sum: 0, Workers: 6
[9.600s][debug  ][gc,phases      ] GC(35)     Total                          Min: 0, Avg:  0.0, Max: 0, Diff: 0, Sum: 0, Workers: 6
[9.600s][debug  ][gc,phases      ] GC(35)   StringDedup Requests1 Weak     Min:  0.0, Avg:  0.0, Max:  0.0, Diff:  0.0, Sum:  0.0, Workers: 6
[9.600s][debug  ][gc,phases      ] GC(35)     Dead                           Min: 0, Avg:  0.0, Max: 0, Diff: 0, Sum: 0, Workers: 6
[9.600s][debug  ][gc,phases      ] GC(35)     Total                          Min: 0, Avg:  0.0, Max: 0, Diff: 0, Sum: 0, Workers: 6
[9.600s][debug  ][gc,phases      ] GC(35)   Weak JFR Old Object Samples    Min:  0.0, Avg:  0.0, Max:  0.0, Diff:  0.0, Sum:  0.0, Workers: 6
[9.600s][debug  ][gc,phases      ] GC(35)     Dead                           Min: 0, Avg:  0.0, Max: 0, Diff: 0, Sum: 0, Workers: 6
[9.600s][debug  ][gc,phases      ] GC(35)     Total                          Min: 0, Avg:  0.0, Max: 0, Diff: 0, Sum: 0, Workers: 6
[9.600s][debug  ][gc,phases      ] GC(35) Weak Processing 0.908ms
[9.600s][debug  ][gc,ergo        ] GC(35) AdaptiveSizeStart:  collection: 36 
[9.600s][debug  ][gc,ergo        ] GC(35) avg_survived_padded_avg: 32390918.000000
[9.601s][debug  ][gc,ergo        ] GC(35) avg_promoted_padded_avg: 242080464.000000  avg_pretenured_padded_avg: 0.000000  tenuring_thresh: 1  target_size: 32505856
[9.601s][debug  ][gc,age         ] GC(35) Desired survivor size 32505856 bytes, new threshold 1 (max threshold 15)
[9.601s][debug  ][gc,ergo        ] GC(35) PSAdaptiveSizePolicy::compute_eden_space_size limits: desired_eden_size: 237720250 old_eden_size: 202375168 eden_limit: 202899456 cur_eden: 202375168 max_eden_size: 202899456 avg_young_live: 26426290
[9.601s][debug  ][gc,ergo        ] GC(35) PSAdaptiveSizePolicy::compute_eden_space_size: costs minor_time: 0.047706 major_cost: 0.034380 mutator_cost: 0.917914 throughput_goal: 0.990000
[9.601s][debug  ][gc,ergo        ] GC(35) Live_space: 935277248 free_space: 879230976
[9.601s][debug  ][gc,ergo        ] GC(35) Old eden_size: 202375168 desired_eden_size: 202899456
[9.601s][debug  ][gc,ergo        ] GC(35) AdaptiveSizeStop: collection: 36 
[9.601s][info   ][gc,heap        ] GC(35) PSYoungGen: 218873K(229888K)->30720K(230400K) Eden: 188153K(197632K)->0K(198656K) From: 30720K(32256K)->30720K(31744K)
[9.601s][info   ][gc,heap        ] GC(35) ParOldGen: 1025636K(1597952K)->1209956K(1597952K)
[9.601s][info   ][gc,metaspace   ] GC(35) Metaspace: 1019K(1152K)->1019K(1152K) NonClass: 935K(960K)->935K(960K) Class: 83K(192K)->83K(192K)
[9.601s][info   ][gc             ] GC(35) Pause Young (Allocation Failure) 1215M->1211M(1785M) 16.752ms
[9.601s][info   ][gc,cpu         ] GC(35) User=0.09s Sys=0.00s Real=0.02s
[9.601s][debug  ][gc,heap        ] GC(35) Heap after GC invocations=36 (full 6):
[9.601s][debug  ][gc,heap        ] GC(35)  PSYoungGen      total 230400K, used 30720K [0x00000000f0000000, 0x0000000100000000, 0x0000000100000000)
[9.601s][debug  ][gc,heap        ] GC(35)   eden space 198656K, 0% used [0x00000000f0000000,0x00000000f0000000,0x00000000fc200000)
[9.601s][debug  ][gc,heap        ] GC(35)   from space 31744K, 96% used [0x00000000fe100000,0x00000000fff00030,0x0000000100000000)
[9.601s][debug  ][gc,heap        ] GC(35)   to   space 31744K, 0% used [0x00000000fc200000,0x00000000fc200000,0x00000000fe100000)
[9.601s][debug  ][gc,heap        ] GC(35)  ParOldGen       total 1597952K, used 1209956K [0x0000000080000000, 0x00000000e1880000, 0x00000000f0000000)
[9.601s][debug  ][gc,heap        ] GC(35)   object space 1597952K, 75% used [0x0000000080000000,0x00000000c9d99278,0x00000000e1880000)
[9.601s][debug  ][gc,heap        ] GC(35)  Metaspace       used 1019K, committed 1152K, reserved 1056768K
[9.601s][debug  ][gc,heap        ] GC(35)   class space    used 83K, committed 192K, reserved 1048576K
[9.601s][debug  ][gc,task,time   ] GC(35) VM-Thread 95836381 95986219 96012092
[9.901s][debug  ][gc,heap        ] GC(36) Heap before GC invocations=37 (full 6):
[9.901s][debug  ][gc,heap        ] GC(36)  PSYoungGen      total 230400K, used 229147K [0x00000000f0000000, 0x0000000100000000, 0x0000000100000000)
[9.901s][debug  ][gc,heap        ] GC(36)   eden space 198656K, 99% used [0x00000000f0000000,0x00000000fc1c6c30,0x00000000fc200000)
[9.901s][debug  ][gc,heap        ] GC(36)   from space 31744K, 96% used [0x00000000fe100000,0x00000000fff00030,0x0000000100000000)
[9.901s][debug  ][gc,heap        ] GC(36)   to   space 31744K, 0% used [0x00000000fc200000,0x00000000fc200000,0x00000000fe100000)
[9.901s][debug  ][gc,heap        ] GC(36)  ParOldGen       total 1597952K, used 1209956K [0x0000000080000000, 0x00000000e1880000, 0x00000000f0000000)
[9.902s][debug  ][gc,heap        ] GC(36)   object space 1597952K, 75% used [0x0000000080000000,0x00000000c9d99278,0x00000000e1880000)
[9.902s][debug  ][gc,heap        ] GC(36)  Metaspace       used 1019K, committed 1152K, reserved 1056768K
[9.902s][debug  ][gc,heap        ] GC(36)   class space    used 83K, committed 192K, reserved 1048576K
[9.902s][debug  ][gc,tlab        ] GC(36) TLAB totals: thrds: 1  refills: 1 max: 1 slow allocs: 18 max 18 waste: 27.4% gc: 3959552B max: 3959552B slow: 0B max: 0B
[9.902s][info   ][gc,start       ] GC(36) Pause Young (Allocation Failure)
[9.902s][debug  ][gc,phases,start] GC(36) Scavenge
[9.917s][debug  ][gc,phases      ] GC(36) Scavenge 15.282ms
[9.917s][debug  ][gc,phases,start] GC(36) Reference Processing
[9.917s][debug  ][gc,ref         ] GC(36) Skipped phase 1 of Reference Processing: no references
[9.917s][debug  ][gc,ref         ] GC(36) Skipped phase 2 of Reference Processing: no references
[9.917s][debug  ][gc,ref         ] GC(36) Skipped phase 3 of Reference Processing: no references
[9.917s][debug  ][gc,ref         ] GC(36) Skipped phase 4 of Reference Processing: no references
[9.917s][debug  ][gc,phases,ref  ] GC(36) Reference Processing: 0.1ms
[9.917s][debug  ][gc,phases,ref  ] GC(36)   Reconsider SoftReferences: 0.0ms
[9.917s][debug  ][gc,phases,ref  ] GC(36)     SoftRef (ms):                  skipped
[9.917s][debug  ][gc,phases,ref  ] GC(36)   Notify Soft/WeakReferences: 0.0ms
[9.917s][debug  ][gc,phases,ref  ] GC(36)     SoftRef (ms):                  skipped
[9.917s][debug  ][gc,phases,ref  ] GC(36)     WeakRef (ms):                  skipped
[9.917s][debug  ][gc,phases,ref  ] GC(36)     FinalRef (ms):                 skipped
[9.917s][debug  ][gc,phases,ref  ] GC(36)     Total (ms):                    skipped
[9.917s][debug  ][gc,phases,ref  ] GC(36)   Notify and keep alive finalizable: 0.0ms
[9.917s][debug  ][gc,phases,ref  ] GC(36)     FinalRef (ms):                 skipped
[9.917s][debug  ][gc,phases,ref  ] GC(36)   Notify PhantomReferences: 0.0ms
[9.918s][debug  ][gc,phases,ref  ] GC(36)     PhantomRef (ms):               skipped
[9.918s][debug  ][gc,phases,ref  ] GC(36)   SoftReference:
[9.918s][debug  ][gc,phases,ref  ] GC(36)     Discovered: 0
[9.918s][debug  ][gc,phases,ref  ] GC(36)     Cleared: 0
[9.918s][debug  ][gc,phases,ref  ] GC(36)   WeakReference:
[9.918s][debug  ][gc,phases,ref  ] GC(36)     Discovered: 0
[9.918s][debug  ][gc,phases,ref  ] GC(36)     Cleared: 0
[9.918s][debug  ][gc,phases,ref  ] GC(36)   FinalReference:
[9.918s][debug  ][gc,phases,ref  ] GC(36)     Discovered: 0
[9.918s][debug  ][gc,phases,ref  ] GC(36)     Cleared: 0
[9.918s][debug  ][gc,phases,ref  ] GC(36)   PhantomReference:
[9.918s][debug  ][gc,phases,ref  ] GC(36)     Discovered: 0
[9.918s][debug  ][gc,phases,ref  ] GC(36)     Cleared: 0
[9.918s][debug  ][gc,phases      ] GC(36) Reference Processing 0.675ms
[9.918s][debug  ][gc,phases,start] GC(36) Weak Processing
[9.918s][debug  ][gc,phases      ] GC(36)   VM Weak                        Min:  0.0, Avg:  0.0, Max:  0.0, Diff:  0.0, Sum:  0.0, Workers: 6
[9.918s][debug  ][gc,phases      ] GC(36)     Dead                           Min: 0, Avg:  0.0, Max: 0, Diff: 0, Sum: 0, Workers: 6
[9.918s][debug  ][gc,phases      ] GC(36)     Total                          Min: 0, Avg:  1.3, Max: 8, Diff: 8, Sum: 8, Workers: 6
[9.918s][debug  ][gc,phases      ] GC(36)   ObjectSynchronizer Weak        Min:  0.0, Avg:  0.0, Max:  0.0, Diff:  0.0, Sum:  0.0, Workers: 6
[9.918s][debug  ][gc,phases      ] GC(36)     Dead                           Min: 0, Avg:  0.0, Max: 0, Diff: 0, Sum: 0, Workers: 6
[9.918s][debug  ][gc,phases      ] GC(36)     Total                          Min: 0, Avg:  0.5, Max: 3, Diff: 3, Sum: 3, Workers: 6
[9.918s][debug  ][gc,phases      ] GC(36)   JVMTI Tag Weak OopStorage      Min:  0.0, Avg:  0.0, Max:  0.0, Diff:  0.0, Sum:  0.0, Workers: 6
[9.918s][debug  ][gc,phases      ] GC(36)     Dead                           Min: 0, Avg:  0.0, Max: 0, Diff: 0, Sum: 0, Workers: 6
[9.918s][debug  ][gc,phases      ] GC(36)     Total                          Min: 0, Avg:  0.0, Max: 0, Diff: 0, Sum: 0, Workers: 6
[9.918s][debug  ][gc,phases      ] GC(36)   StringTable Weak               Min:  0.0, Avg:  0.0, Max:  0.0, Diff:  0.0, Sum:  0.0, Workers: 6
[9.918s][debug  ][gc,phases      ] GC(36)     Dead                           Min: 0, Avg:  0.0, Max: 0, Diff: 0, Sum: 0, Workers: 6
[9.918s][debug  ][gc,phases      ] GC(36)     Total                          Min: 831, Avg: 891.8, Max: 960, Diff: 129, Sum: 5351, Workers: 6
[9.918s][debug  ][gc,phases      ] GC(36)   ResolvedMethodTable Weak       Min:  0.0, Avg:  0.0, Max:  0.0, Diff:  0.0, Sum:  0.0, Workers: 6
[9.918s][debug  ][gc,phases      ] GC(36)     Dead                           Min: 0, Avg:  0.0, Max: 0, Diff: 0, Sum: 0, Workers: 6
[9.918s][debug  ][gc,phases      ] GC(36)     Total                          Min: 0, Avg: 21.7, Max: 66, Diff: 66, Sum: 130, Workers: 6
[9.918s][debug  ][gc,phases      ] GC(36)   JNI Weak                       Min:  0.0, Avg:  0.0, Max:  0.0, Diff:  0.0, Sum:  0.0, Workers: 6
[9.918s][debug  ][gc,phases      ] GC(36)     Dead                           Min: 0, Avg:  0.0, Max: 0, Diff: 0, Sum: 0, Workers: 6
[9.918s][debug  ][gc,phases      ] GC(36)     Total                          Min: 0, Avg:  0.0, Max: 0, Diff: 0, Sum: 0, Workers: 6
[9.918s][debug  ][gc,phases      ] GC(36)   StringDedup Table Weak         Min:  0.0, Avg:  0.0, Max:  0.0, Diff:  0.0, Sum:  0.0, Workers: 6
[9.918s][debug  ][gc,phases      ] GC(36)     Dead                           Min: 0, Avg:  0.0, Max: 0, Diff: 0, Sum: 0, Workers: 6
[9.918s][debug  ][gc,phases      ] GC(36)     Total                          Min: 0, Avg:  0.0, Max: 0, Diff: 0, Sum: 0, Workers: 6
[9.918s][debug  ][gc,phases      ] GC(36)   StringDedup Requests0 Weak     Min:  0.0, Avg:  0.0, Max:  0.0, Diff:  0.0, Sum:  0.0, Workers: 6
[9.918s][debug  ][gc,phases      ] GC(36)     Dead                           Min: 0, Avg:  0.0, Max: 0, Diff: 0, Sum: 0, Workers: 6
[9.918s][debug  ][gc,phases      ] GC(36)     Total                          Min: 0, Avg:  0.0, Max: 0, Diff: 0, Sum: 0, Workers: 6
[9.919s][debug  ][gc,phases      ] GC(36)   StringDedup Requests1 Weak     Min:  0.0, Avg:  0.0, Max:  0.0, Diff:  0.0, Sum:  0.0, Workers: 6
[9.919s][debug  ][gc,phases      ] GC(36)     Dead                           Min: 0, Avg:  0.0, Max: 0, Diff: 0, Sum: 0, Workers: 6
[9.919s][debug  ][gc,phases      ] GC(36)     Total                          Min: 0, Avg:  0.0, Max: 0, Diff: 0, Sum: 0, Workers: 6
[9.919s][debug  ][gc,phases      ] GC(36)   Weak JFR Old Object Samples    Min:  0.0, Avg:  0.0, Max:  0.0, Diff:  0.0, Sum:  0.0, Workers: 6
[9.919s][debug  ][gc,phases      ] GC(36)     Dead                           Min: 0, Avg:  0.0, Max: 0, Diff: 0, Sum: 0, Workers: 6
[9.919s][debug  ][gc,phases      ] GC(36)     Total                          Min: 0, Avg:  0.0, Max: 0, Diff: 0, Sum: 0, Workers: 6
[9.919s][debug  ][gc,phases      ] GC(36) Weak Processing 0.815ms
[9.919s][debug  ][gc,ergo        ] GC(36) AdaptiveSizeStart:  collection: 37 
[9.919s][debug  ][gc,ergo        ] GC(36) avg_survived_padded_avg: 32327522.000000
[9.919s][debug  ][gc,ergo        ] GC(36) avg_promoted_padded_avg: 249212672.000000  avg_pretenured_padded_avg: 0.000000  tenuring_thresh: 1  target_size: 32505856
[9.919s][debug  ][gc,age         ] GC(36) Desired survivor size 32505856 bytes, new threshold 1 (max threshold 15)
[9.919s][debug  ][gc,ergo        ] GC(36) PSAdaptiveSizePolicy::compute_eden_space_size limits: desired_eden_size: 239488466 old_eden_size: 202899456 eden_limit: 203423744 cur_eden: 203423744 max_eden_size: 203423744 avg_young_live: 26929394
[9.919s][debug  ][gc,ergo        ] GC(36) PSAdaptiveSizePolicy::compute_eden_space_size: costs minor_time: 0.049053 major_cost: 0.034380 mutator_cost: 0.916567 throughput_goal: 0.990000
[9.919s][debug  ][gc,ergo        ] GC(36) Live_space: 935780352 free_space: 879755264
[9.919s][debug  ][gc,ergo        ] GC(36) Old eden_size: 202899456 desired_eden_size: 203423744
[9.919s][debug  ][gc,ergo        ] GC(36) AdaptiveSizeStop: collection: 37 
[9.919s][info   ][gc,heap        ] GC(36) PSYoungGen: 229147K(230400K)->30720K(230400K) Eden: 198427K(198656K)->0K(198656K) From: 30720K(31744K)->30720K(31744K)
[9.919s][info   ][gc,heap        ] GC(36) ParOldGen: 1209956K(1597952K)->1404516K(1597952K)
[9.919s][info   ][gc,metaspace   ] GC(36) Metaspace: 1019K(1152K)->1019K(1152K) NonClass: 935K(960K)->935K(960K) Class: 83K(192K)->83K(192K)
[9.919s][info   ][gc             ] GC(36) Pause Young (Allocation Failure) 1405M->1401M(1785M) 17.280ms
[9.919s][info   ][gc,cpu         ] GC(36) User=0.09s Sys=0.00s Real=0.02s
[9.919s][debug  ][gc,heap        ] GC(36) Heap after GC invocations=37 (full 6):
[9.919s][debug  ][gc,heap        ] GC(36)  PSYoungGen      total 230400K, used 30720K [0x00000000f0000000, 0x0000000100000000, 0x0000000100000000)
[9.919s][debug  ][gc,heap        ] GC(36)   eden space 198656K, 0% used [0x00000000f0000000,0x00000000f0000000,0x00000000fc200000)
[9.919s][debug  ][gc,heap        ] GC(36)   from space 31744K, 96% used [0x00000000fc200000,0x00000000fe000030,0x00000000fe100000)
[9.919s][debug  ][gc,heap        ] GC(36)   to   space 31744K, 0% used [0x00000000fe100000,0x00000000fe100000,0x0000000100000000)
[9.919s][debug  ][gc,heap        ] GC(36)  ParOldGen       total 1597952K, used 1404516K [0x0000000080000000, 0x00000000e1880000, 0x00000000f0000000)
[9.919s][debug  ][gc,heap        ] GC(36)   object space 1597952K, 87% used [0x0000000080000000,0x00000000d5b993a8,0x00000000e1880000)
[9.919s][debug  ][gc,heap        ] GC(36)  Metaspace       used 1019K, committed 1152K, reserved 1056768K
[9.919s][debug  ][gc,heap        ] GC(36)   class space    used 83K, committed 192K, reserved 1048576K
[9.919s][debug  ][gc,task,time   ] GC(36) VM-Thread 99012478 99171285 99192196
[9.919s][debug  ][gc,phases,start] GC(37) Pre Compact
[9.919s][debug  ][gc,heap        ] GC(37) Heap before GC invocations=38 (full 7):
[9.919s][debug  ][gc,heap        ] GC(37)  PSYoungGen      total 230400K, used 30720K [0x00000000f0000000, 0x0000000100000000, 0x0000000100000000)
[9.919s][debug  ][gc,heap        ] GC(37)   eden space 198656K, 0% used [0x00000000f0000000,0x00000000f0000000,0x00000000fc200000)
[9.919s][debug  ][gc,heap        ] GC(37)   from space 31744K, 96% used [0x00000000fc200000,0x00000000fe000030,0x00000000fe100000)
[9.919s][debug  ][gc,heap        ] GC(37)   to   space 31744K, 0% used [0x00000000fe100000,0x00000000fe100000,0x0000000100000000)
[9.919s][debug  ][gc,heap        ] GC(37)  ParOldGen       total 1597952K, used 1404516K [0x0000000080000000, 0x00000000e1880000, 0x00000000f0000000)
[9.919s][debug  ][gc,heap        ] GC(37)   object space 1597952K, 87% used [0x0000000080000000,0x00000000d5b993a8,0x00000000e1880000)
[9.919s][debug  ][gc,heap        ] GC(37)  Metaspace       used 1019K, committed 1152K, reserved 1056768K
[9.919s][debug  ][gc,heap        ] GC(37)   class space    used 83K, committed 192K, reserved 1048576K
[9.919s][debug  ][gc,phases      ] GC(37) Pre Compact 0.203ms
[9.919s][info   ][gc,start       ] GC(37) Pause Full (Ergonomics)
[9.919s][info   ][gc,phases,start] GC(37) Marking Phase
[9.920s][debug  ][gc,phases,start] GC(37) Par Mark
[9.920s][debug  ][gc,phases      ] GC(37) Par Mark 0.579ms
[9.920s][debug  ][gc,phases,start] GC(37) Reference Processing
[9.920s][debug  ][gc,ref         ] GC(37) Skipped phase 1 of Reference Processing: no references
[9.920s][debug  ][gc,ref         ] GC(37) ReferenceProcessor::execute queues: 1, RefProcThreadModel::Single, marks_oops_alive: false
[9.920s][debug  ][gc,ref         ] GC(37) Skipped phase 3 of Reference Processing: no references
[9.920s][debug  ][gc,ref         ] GC(37) ReferenceProcessor::execute queues: 1, RefProcThreadModel::Single, marks_oops_alive: false
[9.920s][debug  ][gc,phases,ref  ] GC(37) Reference Processing: 0.1ms
[9.920s][debug  ][gc,phases,ref  ] GC(37)   Reconsider SoftReferences: 0.0ms
[9.920s][debug  ][gc,phases,ref  ] GC(37)     SoftRef (ms):                  skipped
[9.920s][debug  ][gc,phases,ref  ] GC(37)   Notify Soft/WeakReferences: 0.0ms
[9.920s][debug  ][gc,phases,ref  ] GC(37)     SoftRef (ms):                  Min:  0.0, Avg:  0.0, Max:  0.0, Diff:  0.0, Sum:  0.0, Workers: 6
[9.920s][debug  ][gc,phases,ref  ] GC(37)     WeakRef (ms):                  Min:  0.0, Avg:  0.0, Max:  0.0, Diff:  0.0, Sum:  0.0, Workers: 6
[9.920s][debug  ][gc,phases,ref  ] GC(37)     FinalRef (ms):                 Min:  0.0, Avg:  0.0, Max:  0.0, Diff:  0.0, Sum:  0.0, Workers: 6
[9.920s][debug  ][gc,phases,ref  ] GC(37)     Total (ms):                    Min:  0.0, Avg:  0.0, Max:  0.0, Diff:  0.0, Sum:  0.0, Workers: 6
[9.921s][debug  ][gc,phases,ref  ] GC(37)   Notify and keep alive finalizable: 0.0ms
[9.921s][debug  ][gc,phases,ref  ] GC(37)     FinalRef (ms):                 skipped
[9.921s][debug  ][gc,phases,ref  ] GC(37)   Notify PhantomReferences: 0.0ms
[9.921s][debug  ][gc,phases,ref  ] GC(37)     PhantomRef (ms):               Min:  0.0, Avg:  0.0, Max:  0.0, Diff:  0.0, Sum:  0.0, Workers: 6
[9.921s][debug  ][gc,phases,ref  ] GC(37)   SoftReference:
[9.921s][debug  ][gc,phases,ref  ] GC(37)     Discovered: 0
[9.921s][debug  ][gc,phases,ref  ] GC(37)     Cleared: 0
[9.921s][debug  ][gc,phases,ref  ] GC(37)   WeakReference:
[9.921s][debug  ][gc,phases,ref  ] GC(37)     Discovered: 107
[9.921s][debug  ][gc,phases,ref  ] GC(37)     Cleared: 107
[9.921s][debug  ][gc,phases,ref  ] GC(37)   FinalReference:
[9.921s][debug  ][gc,phases,ref  ] GC(37)     Discovered: 0
[9.921s][debug  ][gc,phases,ref  ] GC(37)     Cleared: 0
[9.921s][debug  ][gc,phases,ref  ] GC(37)   PhantomReference:
[9.921s][debug  ][gc,phases,ref  ] GC(37)     Discovered: 3
[9.921s][debug  ][gc,phases,ref  ] GC(37)     Cleared: 3
[9.921s][debug  ][gc,phases      ] GC(37) Reference Processing 0.709ms
[9.921s][debug  ][gc,phases,start] GC(37) Weak Processing
[9.921s][debug  ][gc,phases      ] GC(37)   VM Weak                        Min:  0.0, Avg:  0.0, Max:  0.0, Diff:  0.0, Sum:  0.0, Workers: 6
[9.921s][debug  ][gc,phases      ] GC(37)     Dead                           Min: 0, Avg:  0.0, Max: 0, Diff: 0, Sum: 0, Workers: 6
[9.921s][debug  ][gc,phases      ] GC(37)     Total                          Min: 0, Avg:  1.3, Max: 8, Diff: 8, Sum: 8, Workers: 6
[9.921s][debug  ][gc,phases      ] GC(37)   ObjectSynchronizer Weak        Min:  0.0, Avg:  0.0, Max:  0.0, Diff:  0.0, Sum:  0.0, Workers: 6
[9.921s][debug  ][gc,phases      ] GC(37)     Dead                           Min: 0, Avg:  0.0, Max: 0, Diff: 0, Sum: 0, Workers: 6
[9.921s][debug  ][gc,phases      ] GC(37)     Total                          Min: 0, Avg:  0.5, Max: 3, Diff: 3, Sum: 3, Workers: 6
[9.921s][debug  ][gc,phases      ] GC(37)   JVMTI Tag Weak OopStorage      Min:  0.0, Avg:  0.0, Max:  0.0, Diff:  0.0, Sum:  0.0, Workers: 6
[9.921s][debug  ][gc,phases      ] GC(37)     Dead                           Min: 0, Avg:  0.0, Max: 0, Diff: 0, Sum: 0, Workers: 6
[9.921s][debug  ][gc,phases      ] GC(37)     Total                          Min: 0, Avg:  0.0, Max: 0, Diff: 0, Sum: 0, Workers: 6
[9.921s][debug  ][gc,phases      ] GC(37)   StringTable Weak               Min:  0.0, Avg:  0.0, Max:  0.0, Diff:  0.0, Sum:  0.0, Workers: 6
[9.921s][debug  ][gc,phases      ] GC(37)     Dead                           Min: 0, Avg:  0.0, Max: 0, Diff: 0, Sum: 0, Workers: 6
[9.921s][debug  ][gc,phases      ] GC(37)     Total                          Min: 639, Avg: 891.8, Max: 1216, Diff: 577, Sum: 5351, Workers: 6
[9.921s][debug  ][gc,phases      ] GC(37)   ResolvedMethodTable Weak       Min:  0.0, Avg:  0.0, Max:  0.0, Diff:  0.0, Sum:  0.0, Workers: 6
[9.921s][debug  ][gc,phases      ] GC(37)     Dead                           Min: 0, Avg:  0.0, Max: 0, Diff: 0, Sum: 0, Workers: 6
[9.921s][debug  ][gc,phases      ] GC(37)     Total                          Min: 0, Avg: 21.7, Max: 64, Diff: 64, Sum: 130, Workers: 6
[9.921s][debug  ][gc,phases      ] GC(37)   JNI Weak                       Min:  0.0, Avg:  0.0, Max:  0.0, Diff:  0.0, Sum:  0.0, Workers: 6
[9.921s][debug  ][gc,phases      ] GC(37)     Dead                           Min: 0, Avg:  0.0, Max: 0, Diff: 0, Sum: 0, Workers: 6
[9.921s][debug  ][gc,phases      ] GC(37)     Total                          Min: 0, Avg:  0.0, Max: 0, Diff: 0, Sum: 0, Workers: 6
[9.921s][debug  ][gc,phases      ] GC(37)   StringDedup Table Weak         Min:  0.0, Avg:  0.0, Max:  0.0, Diff:  0.0, Sum:  0.0, Workers: 6
[9.921s][debug  ][gc,phases      ] GC(37)     Dead                           Min: 0, Avg:  0.0, Max: 0, Diff: 0, Sum: 0, Workers: 6
[9.921s][debug  ][gc,phases      ] GC(37)     Total                          Min: 0, Avg:  0.0, Max: 0, Diff: 0, Sum: 0, Workers: 6
[9.921s][debug  ][gc,phases      ] GC(37)   StringDedup Requests0 Weak     Min:  0.0, Avg:  0.0, Max:  0.0, Diff:  0.0, Sum:  0.0, Workers: 6
[9.921s][debug  ][gc,phases      ] GC(37)     Dead                           Min: 0, Avg:  0.0, Max: 0, Diff: 0, Sum: 0, Workers: 6
[9.921s][debug  ][gc,phases      ] GC(37)     Total                          Min: 0, Avg:  0.0, Max: 0, Diff: 0, Sum: 0, Workers: 6
[9.921s][debug  ][gc,phases      ] GC(37)   StringDedup Requests1 Weak     Min:  0.0, Avg:  0.0, Max:  0.0, Diff:  0.0, Sum:  0.0, Workers: 6
[9.921s][debug  ][gc,phases      ] GC(37)     Dead                           Min: 0, Avg:  0.0, Max: 0, Diff: 0, Sum: 0, Workers: 6
[9.921s][debug  ][gc,phases      ] GC(37)     Total                          Min: 0, Avg:  0.0, Max: 0, Diff: 0, Sum: 0, Workers: 6
[9.921s][debug  ][gc,phases      ] GC(37)   Weak JFR Old Object Samples    Min:  0.0, Avg:  0.0, Max:  0.0, Diff:  0.0, Sum:  0.0, Workers: 6
[9.922s][debug  ][gc,phases      ] GC(37)     Dead                           Min: 0, Avg:  0.0, Max: 0, Diff: 0, Sum: 0, Workers: 6
[9.922s][debug  ][gc,phases      ] GC(37)     Total                          Min: 0, Avg:  0.0, Max: 0, Diff: 0, Sum: 0, Workers: 6
[9.922s][debug  ][gc,phases      ] GC(37) Weak Processing 0.672ms
[9.922s][debug  ][gc,phases,start] GC(37) Class Unloading
[9.922s][debug  ][gc,phases,start] GC(37) ClassLoaderData
[9.922s][debug  ][gc,phases      ] GC(37) ClassLoaderData 0.019ms
[9.922s][debug  ][gc,phases,start] GC(37) Trigger cleanups
[9.922s][debug  ][gc,phases      ] GC(37) Trigger cleanups 0.018ms
[9.922s][debug  ][gc,phases      ] GC(37) Class Unloading 0.254ms
[9.922s][info   ][gc,phases      ] GC(37) Marking Phase 2.366ms
[9.922s][info   ][gc,phases,start] GC(37) Summary Phase
[9.922s][info   ][gc,phases      ] GC(37) Summary Phase 0.034ms
[9.922s][info   ][gc,phases,start] GC(37) Adjust Roots
[9.922s][info   ][gc,phases      ] GC(37) Adjust Roots 0.152ms
[9.922s][info   ][gc,phases,start] GC(37) Compaction Phase
[9.983s][info   ][gc,phases      ] GC(37) Compaction Phase 61.041ms
[9.983s][info   ][gc,phases,start] GC(37) Post Compact
[9.988s][info   ][gc,phases      ] GC(37) Post Compact 4.261ms
[9.988s][debug  ][gc,ergo        ] GC(37) AdaptiveSizeStart: collection: 38 
[9.988s][debug  ][gc,ergo        ] GC(37) PSAdaptiveSizePolicy::compute_eden_space_size limits: desired_eden_size: 238571505 old_eden_size: 203423744 eden_limit: 203423744 cur_eden: 203423744 max_eden_size: 203423744 avg_young_live: 24236454
[9.988s][debug  ][gc,ergo        ] GC(37) PSAdaptiveSizePolicy::compute_eden_space_size: costs minor_time: 0.049053 major_cost: 0.036557 mutator_cost: 0.914390 throughput_goal: 0.990000
[9.988s][debug  ][gc,ergo        ] GC(37) Live_space: 933087360 free_space: 880279552
[9.988s][debug  ][gc,ergo        ] GC(37) Old eden_size: 203423744 desired_eden_size: 203423744
[9.988s][debug  ][gc,ergo        ] GC(37) PSAdaptiveSizePolicy::compute_old_gen_free_space: costs minor_time: 0.049053 major_cost: 0.036557  mutator_cost: 0.914390 throughput_goal: 0.990000
[9.988s][debug  ][gc,ergo        ] GC(37) Live_space: 928808064 free_space: 880279552
[9.988s][debug  ][gc,ergo        ] GC(37) Old promo_size: 676855808 desired_promo_size: 763887616
[9.989s][debug  ][gc             ] GC(37) Shrinking ParOldGen from 1597952K by 12800K to 1585152K
[9.989s][debug  ][gc,ergo        ] GC(37) AdaptiveSizeStop: collection: 38 
[9.989s][info   ][gc,heap        ] GC(37) PSYoungGen: 30720K(230400K)->0K(230400K) Eden: 0K(198656K)->0K(198656K) From: 30720K(31744K)->0K(31744K)
[9.989s][info   ][gc,heap        ] GC(37) ParOldGen: 1404516K(1597952K)->595555K(1585152K)
[9.989s][info   ][gc,metaspace   ] GC(37) Metaspace: 1019K(1152K)->1019K(1152K) NonClass: 935K(960K)->935K(960K) Class: 83K(192K)->83K(192K)
[9.989s][info   ][gc             ] GC(37) Pause Full (Ergonomics) 1401M->581M(1773M) 69.411ms
[9.989s][info   ][gc,cpu         ] GC(37) User=0.39s Sys=0.00s Real=0.07s
[9.989s][debug  ][gc,heap        ] GC(37) Heap after GC invocations=38 (full 7):
[9.989s][debug  ][gc,heap        ] GC(37)  PSYoungGen      total 230400K, used 0K [0x00000000f0000000, 0x0000000100000000, 0x0000000100000000)
[9.989s][debug  ][gc,heap        ] GC(37)   eden space 198656K, 0% used [0x00000000f0000000,0x00000000f0000000,0x00000000fc200000)
[9.989s][debug  ][gc,heap        ] GC(37)   from space 31744K, 0% used [0x00000000fe100000,0x00000000fe100000,0x0000000100000000)
[9.989s][debug  ][gc,heap        ] GC(37)   to   space 31744K, 0% used [0x00000000fc200000,0x00000000fc200000,0x00000000fe100000)
[9.989s][debug  ][gc,heap        ] GC(37)  ParOldGen       total 1585152K, used 595555K [0x0000000080000000, 0x00000000e0c00000, 0x00000000f0000000)
[9.989s][debug  ][gc,heap        ] GC(37)   object space 1585152K, 37% used [0x0000000080000000,0x00000000a4598eb8,0x00000000e0c00000)
[9.989s][debug  ][gc,heap        ] GC(37)  Metaspace       used 1019K, committed 1152K, reserved 1056768K
[9.989s][debug  ][gc,heap        ] GC(37)   class space    used 83K, committed 192K, reserved 1048576K
[9.989s][debug  ][gc,task,time   ] GC(37) VM-Thread 99194905 99221325 99889296
[10.294s][debug  ][gc,heap        ] GC(38) Heap before GC invocations=39 (full 7):
[10.294s][debug  ][gc,heap        ] GC(38)  PSYoungGen      total 230400K, used 198437K [0x00000000f0000000, 0x0000000100000000, 0x0000000100000000)
[10.294s][debug  ][gc,heap        ] GC(38)   eden space 198656K, 99% used [0x00000000f0000000,0x00000000fc1c94b8,0x00000000fc200000)
[10.294s][debug  ][gc,heap        ] GC(38)   from space 31744K, 0% used [0x00000000fe100000,0x00000000fe100000,0x0000000100000000)
[10.294s][debug  ][gc,heap        ] GC(38)   to   space 31744K, 0% used [0x00000000fc200000,0x00000000fc200000,0x00000000fe100000)
[10.294s][debug  ][gc,heap        ] GC(38)  ParOldGen       total 1585152K, used 595555K [0x0000000080000000, 0x00000000e0c00000, 0x00000000f0000000)
[10.294s][debug  ][gc,heap        ] GC(38)   object space 1585152K, 37% used [0x0000000080000000,0x00000000a4598eb8,0x00000000e0c00000)
[10.295s][debug  ][gc,heap        ] GC(38)  Metaspace       used 1019K, committed 1152K, reserved 1056768K
[10.295s][debug  ][gc,heap        ] GC(38)   class space    used 83K, committed 192K, reserved 1048576K
[10.295s][debug  ][gc,tlab        ] GC(38) TLAB totals: thrds: 1  refills: 1 max: 1 slow allocs: 18 max 18 waste: 27.5% gc: 3969928B max: 3969928B slow: 0B max: 0B
[10.295s][info   ][gc,start       ] GC(38) Pause Young (Allocation Failure)
[10.295s][debug  ][gc,phases,start] GC(38) Scavenge
[10.308s][debug  ][gc,phases      ] GC(38) Scavenge 12.983ms
[10.308s][debug  ][gc,phases,start] GC(38) Reference Processing
[10.308s][debug  ][gc,ref         ] GC(38) Skipped phase 1 of Reference Processing: no references
[10.308s][debug  ][gc,ref         ] GC(38) Skipped phase 2 of Reference Processing: no references
[10.308s][debug  ][gc,ref         ] GC(38) Skipped phase 3 of Reference Processing: no references
[10.308s][debug  ][gc,ref         ] GC(38) Skipped phase 4 of Reference Processing: no references
[10.308s][debug  ][gc,phases,ref  ] GC(38) Reference Processing: 0.1ms
[10.308s][debug  ][gc,phases,ref  ] GC(38)   Reconsider SoftReferences: 0.0ms
[10.308s][debug  ][gc,phases,ref  ] GC(38)     SoftRef (ms):                  skipped
[10.308s][debug  ][gc,phases,ref  ] GC(38)   Notify Soft/WeakReferences: 0.0ms
[10.308s][debug  ][gc,phases,ref  ] GC(38)     SoftRef (ms):                  skipped
[10.308s][debug  ][gc,phases,ref  ] GC(38)     WeakRef (ms):                  skipped
[10.308s][debug  ][gc,phases,ref  ] GC(38)     FinalRef (ms):                 skipped
[10.308s][debug  ][gc,phases,ref  ] GC(38)     Total (ms):                    skipped
[10.308s][debug  ][gc,phases,ref  ] GC(38)   Notify and keep alive finalizable: 0.0ms
[10.308s][debug  ][gc,phases,ref  ] GC(38)     FinalRef (ms):                 skipped
[10.308s][debug  ][gc,phases,ref  ] GC(38)   Notify PhantomReferences: 0.0ms
[10.308s][debug  ][gc,phases,ref  ] GC(38)     PhantomRef (ms):               skipped
[10.308s][debug  ][gc,phases,ref  ] GC(38)   SoftReference:
[10.308s][debug  ][gc,phases,ref  ] GC(38)     Discovered: 0
[10.308s][debug  ][gc,phases,ref  ] GC(38)     Cleared: 0
[10.308s][debug  ][gc,phases,ref  ] GC(38)   WeakReference:
[10.308s][debug  ][gc,phases,ref  ] GC(38)     Discovered: 0
[10.308s][debug  ][gc,phases,ref  ] GC(38)     Cleared: 0
[10.308s][debug  ][gc,phases,ref  ] GC(38)   FinalReference:
[10.308s][debug  ][gc,phases,ref  ] GC(38)     Discovered: 0
[10.308s][debug  ][gc,phases,ref  ] GC(38)     Cleared: 0
[10.309s][debug  ][gc,phases,ref  ] GC(38)   PhantomReference:
[10.309s][debug  ][gc,phases,ref  ] GC(38)     Discovered: 0
[10.309s][debug  ][gc,phases,ref  ] GC(38)     Cleared: 0
[10.309s][debug  ][gc,phases      ] GC(38) Reference Processing 0.837ms
[10.309s][debug  ][gc,phases,start] GC(38) Weak Processing
[10.309s][debug  ][gc,phases      ] GC(38)   VM Weak                        Min:  0.0, Avg:  0.0, Max:  0.0, Diff:  0.0, Sum:  0.0, Workers: 6
[10.309s][debug  ][gc,phases      ] GC(38)     Dead                           Min: 0, Avg:  0.0, Max: 0, Diff: 0, Sum: 0, Workers: 6
[10.309s][debug  ][gc,phases      ] GC(38)     Total                          Min: 0, Avg:  1.3, Max: 8, Diff: 8, Sum: 8, Workers: 6
[10.309s][debug  ][gc,phases      ] GC(38)   ObjectSynchronizer Weak        Min:  0.0, Avg:  0.0, Max:  0.0, Diff:  0.0, Sum:  0.0, Workers: 6
[10.309s][debug  ][gc,phases      ] GC(38)     Dead                           Min: 0, Avg:  0.0, Max: 0, Diff: 0, Sum: 0, Workers: 6
[10.309s][debug  ][gc,phases      ] GC(38)     Total                          Min: 0, Avg:  0.5, Max: 3, Diff: 3, Sum: 3, Workers: 6
[10.309s][debug  ][gc,phases      ] GC(38)   JVMTI Tag Weak OopStorage      Min:  0.0, Avg:  0.0, Max:  0.0, Diff:  0.0, Sum:  0.0, Workers: 6
[10.309s][debug  ][gc,phases      ] GC(38)     Dead                           Min: 0, Avg:  0.0, Max: 0, Diff: 0, Sum: 0, Workers: 6
[10.309s][debug  ][gc,phases      ] GC(38)     Total                          Min: 0, Avg:  0.0, Max: 0, Diff: 0, Sum: 0, Workers: 6
[10.309s][debug  ][gc,phases      ] GC(38)   StringTable Weak               Min:  0.0, Avg:  0.0, Max:  0.0, Diff:  0.0, Sum:  0.0, Workers: 6
[10.309s][debug  ][gc,phases      ] GC(38)     Dead                           Min: 0, Avg:  0.0, Max: 0, Diff: 0, Sum: 0, Workers: 6
[10.309s][debug  ][gc,phases      ] GC(38)     Total                          Min: 704, Avg: 891.8, Max: 1087, Diff: 383, Sum: 5351, Workers: 6
[10.309s][debug  ][gc,phases      ] GC(38)   ResolvedMethodTable Weak       Min:  0.0, Avg:  0.0, Max:  0.0, Diff:  0.0, Sum:  0.0, Workers: 6
[10.309s][debug  ][gc,phases      ] GC(38)     Dead                           Min: 0, Avg:  0.0, Max: 0, Diff: 0, Sum: 0, Workers: 6
[10.309s][debug  ][gc,phases      ] GC(38)     Total                          Min: 0, Avg: 21.7, Max: 64, Diff: 64, Sum: 130, Workers: 6
[10.309s][debug  ][gc,phases      ] GC(38)   JNI Weak                       Min:  0.0, Avg:  0.0, Max:  0.0, Diff:  0.0, Sum:  0.0, Workers: 6
[10.309s][debug  ][gc,phases      ] GC(38)     Dead                           Min: 0, Avg:  0.0, Max: 0, Diff: 0, Sum: 0, Workers: 6
[10.309s][debug  ][gc,phases      ] GC(38)     Total                          Min: 0, Avg:  0.0, Max: 0, Diff: 0, Sum: 0, Workers: 6
[10.309s][debug  ][gc,phases      ] GC(38)   StringDedup Table Weak         Min:  0.0, Avg:  0.0, Max:  0.0, Diff:  0.0, Sum:  0.0, Workers: 6
[10.309s][debug  ][gc,phases      ] GC(38)     Dead                           Min: 0, Avg:  0.0, Max: 0, Diff: 0, Sum: 0, Workers: 6
[10.309s][debug  ][gc,phases      ] GC(38)     Total                          Min: 0, Avg:  0.0, Max: 0, Diff: 0, Sum: 0, Workers: 6
[10.309s][debug  ][gc,phases      ] GC(38)   StringDedup Requests0 Weak     Min:  0.0, Avg:  0.0, Max:  0.0, Diff:  0.0, Sum:  0.0, Workers: 6
[10.309s][debug  ][gc,phases      ] GC(38)     Dead                           Min: 0, Avg:  0.0, Max: 0, Diff: 0, Sum: 0, Workers: 6
[10.309s][debug  ][gc,phases      ] GC(38)     Total                          Min: 0, Avg:  0.0, Max: 0, Diff: 0, Sum: 0, Workers: 6
[10.309s][debug  ][gc,phases      ] GC(38)   StringDedup Requests1 Weak     Min:  0.0, Avg:  0.0, Max:  0.0, Diff:  0.0, Sum:  0.0, Workers: 6
[10.309s][debug  ][gc,phases      ] GC(38)     Dead                           Min: 0, Avg:  0.0, Max: 0, Diff: 0, Sum: 0, Workers: 6
[10.309s][debug  ][gc,phases      ] GC(38)     Total                          Min: 0, Avg:  0.0, Max: 0, Diff: 0, Sum: 0, Workers: 6
[10.309s][debug  ][gc,phases      ] GC(38)   Weak JFR Old Object Samples    Min:  0.0, Avg:  0.0, Max:  0.0, Diff:  0.0, Sum:  0.0, Workers: 6
[10.309s][debug  ][gc,phases      ] GC(38)     Dead                           Min: 0, Avg:  0.0, Max: 0, Diff: 0, Sum: 0, Workers: 6
[10.309s][debug  ][gc,phases      ] GC(38)     Total                          Min: 0, Avg:  0.0, Max: 0, Diff: 0, Sum: 0, Workers: 6
[10.310s][debug  ][gc,phases      ] GC(38) Weak Processing 0.896ms
[10.310s][debug  ][gc,ergo        ] GC(38) AdaptiveSizeStart:  collection: 39 
[10.310s][debug  ][gc,ergo        ] GC(38) avg_survived_padded_avg: 32267470.000000
[10.310s][debug  ][gc,ergo        ] GC(38) avg_promoted_padded_avg: 242850720.000000  avg_pretenured_padded_avg: 0.000000  tenuring_thresh: 1  target_size: 32505856
[10.310s][debug  ][gc,age         ] GC(38) Desired survivor size 32505856 bytes, new threshold 1 (max threshold 15)
[10.310s][debug  ][gc,ergo        ] GC(38) PSAdaptiveSizePolicy::compute_eden_space_size limits: desired_eden_size: 237698844 old_eden_size: 203423744 eden_limit: 203423744 cur_eden: 203423744 max_eden_size: 203423744 avg_young_live: 24958540
[10.310s][debug  ][gc,ergo        ] GC(38) PSAdaptiveSizePolicy::compute_eden_space_size: costs minor_time: 0.046293 major_cost: 0.036557 mutator_cost: 0.917150 throughput_goal: 0.990000
[10.310s][debug  ][gc,ergo        ] GC(38) Live_space: 929530176 free_space: 967311360
[10.310s][debug  ][gc,ergo        ] GC(38) Old eden_size: 203423744 desired_eden_size: 203423744
[10.310s][debug  ][gc,ergo        ] GC(38) AdaptiveSizeStop: collection: 39 
[10.310s][info   ][gc,heap        ] GC(38) PSYoungGen: 198437K(230400K)->30720K(230400K) Eden: 198437K(198656K)->0K(198656K) From: 0K(31744K)->30720K(31744K)
[10.310s][info   ][gc,heap        ] GC(38) ParOldGen: 595555K(1585152K)->759395K(1585152K)
[10.310s][info   ][gc,metaspace   ] GC(38) Metaspace: 1019K(1152K)->1019K(1152K) NonClass: 935K(960K)->935K(960K) Class: 83K(192K)->83K(192K)
[10.310s][info   ][gc             ] GC(38) Pause Young (Allocation Failure) 775M->771M(1773M) 15.258ms
[10.310s][info   ][gc,cpu         ] GC(38) User=0.09s Sys=0.00s Real=0.02s
[10.310s][debug  ][gc,heap        ] GC(38) Heap after GC invocations=39 (full 7):
[10.310s][debug  ][gc,heap        ] GC(38)  PSYoungGen      total 230400K, used 30720K [0x00000000f0000000, 0x0000000100000000, 0x0000000100000000)
[10.310s][debug  ][gc,heap        ] GC(38)   eden space 198656K, 0% used [0x00000000f0000000,0x00000000f0000000,0x00000000fc200000)
[10.310s][debug  ][gc,heap        ] GC(38)   from space 31744K, 96% used [0x00000000fc200000,0x00000000fe000030,0x00000000fe100000)
[10.310s][debug  ][gc,heap        ] GC(38)   to   space 31744K, 0% used [0x00000000fe100000,0x00000000fe100000,0x0000000100000000)
[10.310s][debug  ][gc,heap        ] GC(38)  ParOldGen       total 1585152K, used 759395K [0x0000000080000000, 0x00000000e0c00000, 0x00000000f0000000)
[10.310s][debug  ][gc,heap        ] GC(38)   object space 1585152K, 47% used [0x0000000080000000,0x00000000ae598fb8,0x00000000e0c00000)
[10.310s][debug  ][gc,heap        ] GC(38)  Metaspace       used 1019K, committed 1152K, reserved 1056768K
[10.310s][debug  ][gc,heap        ] GC(38)   class space    used 83K, committed 192K, reserved 1048576K
[10.310s][debug  ][gc,task,time   ] GC(38) VM-Thread 102941890 103077619 103102152
[10.612s][debug  ][gc,heap        ] GC(39) Heap before GC invocations=40 (full 7):
[10.612s][debug  ][gc,heap        ] GC(39)  PSYoungGen      total 230400K, used 229091K [0x00000000f0000000, 0x0000000100000000, 0x0000000100000000)
[10.613s][debug  ][gc,heap        ] GC(39)   eden space 198656K, 99% used [0x00000000f0000000,0x00000000fc1b8fb8,0x00000000fc200000)
[10.613s][debug  ][gc,heap        ] GC(39)   from space 31744K, 96% used [0x00000000fc200000,0x00000000fe000030,0x00000000fe100000)
[10.613s][debug  ][gc,heap        ] GC(39)   to   space 31744K, 0% used [0x00000000fe100000,0x00000000fe100000,0x0000000100000000)
[10.613s][debug  ][gc,heap        ] GC(39)  ParOldGen       total 1585152K, used 759395K [0x0000000080000000, 0x00000000e0c00000, 0x00000000f0000000)
[10.613s][debug  ][gc,heap        ] GC(39)   object space 1585152K, 47% used [0x0000000080000000,0x00000000ae598fb8,0x00000000e0c00000)
[10.613s][debug  ][gc,heap        ] GC(39)  Metaspace       used 1019K, committed 1152K, reserved 1056768K
[10.613s][debug  ][gc,heap        ] GC(39)   class space    used 83K, committed 192K, reserved 1048576K
[10.613s][debug  ][gc,tlab        ] GC(39) TLAB totals: thrds: 1  refills: 1 max: 1 slow allocs: 18 max 18 waste: 27.1% gc: 3903112B max: 3903112B slow: 0B max: 0B
[10.613s][info   ][gc,start       ] GC(39) Pause Young (Allocation Failure)
[10.613s][debug  ][gc,phases,start] GC(39) Scavenge
[10.628s][debug  ][gc,phases      ] GC(39) Scavenge 15.238ms
[10.628s][debug  ][gc,phases,start] GC(39) Reference Processing
[10.628s][debug  ][gc,ref         ] GC(39) Skipped phase 1 of Reference Processing: no references
[10.628s][debug  ][gc,ref         ] GC(39) Skipped phase 2 of Reference Processing: no references
[10.628s][debug  ][gc,ref         ] GC(39) Skipped phase 3 of Reference Processing: no references
[10.628s][debug  ][gc,ref         ] GC(39) Skipped phase 4 of Reference Processing: no references
[10.628s][debug  ][gc,phases,ref  ] GC(39) Reference Processing: 0.1ms
[10.628s][debug  ][gc,phases,ref  ] GC(39)   Reconsider SoftReferences: 0.0ms
[10.628s][debug  ][gc,phases,ref  ] GC(39)     SoftRef (ms):                  skipped
[10.629s][debug  ][gc,phases,ref  ] GC(39)   Notify Soft/WeakReferences: 0.0ms
[10.629s][debug  ][gc,phases,ref  ] GC(39)     SoftRef (ms):                  skipped
[10.629s][debug  ][gc,phases,ref  ] GC(39)     WeakRef (ms):                  skipped
[10.629s][debug  ][gc,phases,ref  ] GC(39)     FinalRef (ms):                 skipped
[10.629s][debug  ][gc,phases,ref  ] GC(39)     Total (ms):                    skipped
[10.629s][debug  ][gc,phases,ref  ] GC(39)   Notify and keep alive finalizable: 0.0ms
[10.629s][debug  ][gc,phases,ref  ] GC(39)     FinalRef (ms):                 skipped
[10.629s][debug  ][gc,phases,ref  ] GC(39)   Notify PhantomReferences: 0.0ms
[10.629s][debug  ][gc,phases,ref  ] GC(39)     PhantomRef (ms):               skipped
[10.629s][debug  ][gc,phases,ref  ] GC(39)   SoftReference:
[10.629s][debug  ][gc,phases,ref  ] GC(39)     Discovered: 0
[10.629s][debug  ][gc,phases,ref  ] GC(39)     Cleared: 0
[10.629s][debug  ][gc,phases,ref  ] GC(39)   WeakReference:
[10.629s][debug  ][gc,phases,ref  ] GC(39)     Discovered: 0
[10.629s][debug  ][gc,phases,ref  ] GC(39)     Cleared: 0
[10.629s][debug  ][gc,phases,ref  ] GC(39)   FinalReference:
[10.629s][debug  ][gc,phases,ref  ] GC(39)     Discovered: 0
[10.629s][debug  ][gc,phases,ref  ] GC(39)     Cleared: 0
[10.629s][debug  ][gc,phases,ref  ] GC(39)   PhantomReference:
[10.629s][debug  ][gc,phases,ref  ] GC(39)     Discovered: 0
[10.629s][debug  ][gc,phases,ref  ] GC(39)     Cleared: 0
[10.629s][debug  ][gc,phases      ] GC(39) Reference Processing 0.814ms
[10.629s][debug  ][gc,phases,start] GC(39) Weak Processing
[10.629s][debug  ][gc,phases      ] GC(39)   VM Weak                        Min:  0.0, Avg:  0.0, Max:  0.0, Diff:  0.0, Sum:  0.0, Workers: 6
[10.629s][debug  ][gc,phases      ] GC(39)     Dead                           Min: 0, Avg:  0.0, Max: 0, Diff: 0, Sum: 0, Workers: 6
[10.629s][debug  ][gc,phases      ] GC(39)     Total                          Min: 0, Avg:  1.3, Max: 8, Diff: 8, Sum: 8, Workers: 6
[10.629s][debug  ][gc,phases      ] GC(39)   ObjectSynchronizer Weak        Min:  0.0, Avg:  0.0, Max:  0.0, Diff:  0.0, Sum:  0.0, Workers: 6
[10.629s][debug  ][gc,phases      ] GC(39)     Dead                           Min: 0, Avg:  0.0, Max: 0, Diff: 0, Sum: 0, Workers: 6
[10.629s][debug  ][gc,phases      ] GC(39)     Total                          Min: 0, Avg:  0.5, Max: 3, Diff: 3, Sum: 3, Workers: 6
[10.629s][debug  ][gc,phases      ] GC(39)   JVMTI Tag Weak OopStorage      Min:  0.0, Avg:  0.0, Max:  0.0, Diff:  0.0, Sum:  0.0, Workers: 6
[10.629s][debug  ][gc,phases      ] GC(39)     Dead                           Min: 0, Avg:  0.0, Max: 0, Diff: 0, Sum: 0, Workers: 6
[10.629s][debug  ][gc,phases      ] GC(39)     Total                          Min: 0, Avg:  0.0, Max: 0, Diff: 0, Sum: 0, Workers: 6
[10.629s][debug  ][gc,phases      ] GC(39)   StringTable Weak               Min:  0.0, Avg:  0.0, Max:  0.0, Diff:  0.0, Sum:  0.0, Workers: 6
[10.629s][debug  ][gc,phases      ] GC(39)     Dead                           Min: 0, Avg:  0.0, Max: 0, Diff: 0, Sum: 0, Workers: 6
[10.629s][debug  ][gc,phases      ] GC(39)     Total                          Min: 320, Avg: 891.8, Max: 1152, Diff: 832, Sum: 5351, Workers: 6
[10.630s][debug  ][gc,phases      ] GC(39)   ResolvedMethodTable Weak       Min:  0.0, Avg:  0.0, Max:  0.0, Diff:  0.0, Sum:  0.0, Workers: 6
[10.630s][debug  ][gc,phases      ] GC(39)     Dead                           Min: 0, Avg:  0.0, Max: 0, Diff: 0, Sum: 0, Workers: 6
[10.630s][debug  ][gc,phases      ] GC(39)     Total                          Min: 0, Avg: 21.7, Max: 64, Diff: 64, Sum: 130, Workers: 6
[10.630s][debug  ][gc,phases      ] GC(39)   JNI Weak                       Min:  0.0, Avg:  0.0, Max:  0.0, Diff:  0.0, Sum:  0.0, Workers: 6
[10.630s][debug  ][gc,phases      ] GC(39)     Dead                           Min: 0, Avg:  0.0, Max: 0, Diff: 0, Sum: 0, Workers: 6
[10.630s][debug  ][gc,phases      ] GC(39)     Total                          Min: 0, Avg:  0.0, Max: 0, Diff: 0, Sum: 0, Workers: 6
[10.630s][debug  ][gc,phases      ] GC(39)   StringDedup Table Weak         Min:  0.0, Avg:  0.0, Max:  0.0, Diff:  0.0, Sum:  0.0, Workers: 6
[10.630s][debug  ][gc,phases      ] GC(39)     Dead                           Min: 0, Avg:  0.0, Max: 0, Diff: 0, Sum: 0, Workers: 6
[10.630s][debug  ][gc,phases      ] GC(39)     Total                          Min: 0, Avg:  0.0, Max: 0, Diff: 0, Sum: 0, Workers: 6
[10.630s][debug  ][gc,phases      ] GC(39)   StringDedup Requests0 Weak     Min:  0.0, Avg:  0.0, Max:  0.0, Diff:  0.0, Sum:  0.0, Workers: 6
[10.630s][debug  ][gc,phases      ] GC(39)     Dead                           Min: 0, Avg:  0.0, Max: 0, Diff: 0, Sum: 0, Workers: 6
[10.630s][debug  ][gc,phases      ] GC(39)     Total                          Min: 0, Avg:  0.0, Max: 0, Diff: 0, Sum: 0, Workers: 6
[10.630s][debug  ][gc,phases      ] GC(39)   StringDedup Requests1 Weak     Min:  0.0, Avg:  0.0, Max:  0.0, Diff:  0.0, Sum:  0.0, Workers: 6
[10.630s][debug  ][gc,phases      ] GC(39)     Dead                           Min: 0, Avg:  0.0, Max: 0, Diff: 0, Sum: 0, Workers: 6
[10.630s][debug  ][gc,phases      ] GC(39)     Total                          Min: 0, Avg:  0.0, Max: 0, Diff: 0, Sum: 0, Workers: 6
[10.630s][debug  ][gc,phases      ] GC(39)   Weak JFR Old Object Samples    Min:  0.0, Avg:  0.0, Max:  0.0, Diff:  0.0, Sum:  0.0, Workers: 6
[10.630s][debug  ][gc,phases      ] GC(39)     Dead                           Min: 0, Avg:  0.0, Max: 0, Diff: 0, Sum: 0, Workers: 6
[10.630s][debug  ][gc,phases      ] GC(39)     Total                          Min: 0, Avg:  0.0, Max: 0, Diff: 0, Sum: 0, Workers: 6
[10.630s][debug  ][gc,phases      ] GC(39) Weak Processing 0.771ms
[10.630s][debug  ][gc,ergo        ] GC(39) AdaptiveSizeStart:  collection: 40 
[10.630s][debug  ][gc,ergo        ] GC(39) avg_survived_padded_avg: 32210728.000000
[10.630s][debug  ][gc,ergo        ] GC(39) avg_promoted_padded_avg: 248585968.000000  avg_pretenured_padded_avg: 0.000000  tenuring_thresh: 1  target_size: 32505856
[10.630s][debug  ][gc,age         ] GC(39) Desired survivor size 32505856 bytes, new threshold 1 (max threshold 15)
[10.630s][debug  ][gc,ergo        ] GC(39) PSAdaptiveSizePolicy::compute_eden_space_size limits: desired_eden_size: 232281502 old_eden_size: 203423744 eden_limit: 203423744 cur_eden: 203423744 max_eden_size: 203423744 avg_young_live: 25608418
[10.630s][debug  ][gc,ergo        ] GC(39) PSAdaptiveSizePolicy::compute_eden_space_size: costs minor_time: 0.047956 major_cost: 0.036557 mutator_cost: 0.915487 throughput_goal: 0.990000
[10.630s][debug  ][gc,ergo        ] GC(39) Live_space: 930180096 free_space: 967311360
[10.630s][debug  ][gc,ergo        ] GC(39) Old eden_size: 203423744 desired_eden_size: 203423744
[10.630s][debug  ][gc,ergo        ] GC(39) AdaptiveSizeStop: collection: 40 
[10.630s][info   ][gc,heap        ] GC(39) PSYoungGen: 229091K(230400K)->30720K(230400K) Eden: 198371K(198656K)->0K(198656K) From: 30720K(31744K)->30720K(31744K)
[10.630s][info   ][gc,heap        ] GC(39) ParOldGen: 759395K(1585152K)->953956K(1585152K)
[10.630s][info   ][gc,metaspace   ] GC(39) Metaspace: 1019K(1152K)->1019K(1152K) NonClass: 935K(960K)->935K(960K) Class: 83K(192K)->83K(192K)
[10.630s][info   ][gc             ] GC(39) Pause Young (Allocation Failure) 965M->961M(1773M) 17.292ms
[10.630s][info   ][gc,cpu         ] GC(39) User=0.09s Sys=0.00s Real=0.02s
[10.630s][debug  ][gc,heap        ] GC(39) Heap after GC invocations=40 (full 7):
[10.630s][debug  ][gc,heap        ] GC(39)  PSYoungGen      total 230400K, used 30720K [0x00000000f0000000, 0x0000000100000000, 0x0000000100000000)
[10.630s][debug  ][gc,heap        ] GC(39)   eden space 198656K, 0% used [0x00000000f0000000,0x00000000f0000000,0x00000000fc200000)
[10.630s][debug  ][gc,heap        ] GC(39)   from space 31744K, 96% used [0x00000000fe100000,0x00000000fff00030,0x0000000100000000)
[10.630s][debug  ][gc,heap        ] GC(39)   to   space 31744K, 0% used [0x00000000fc200000,0x00000000fc200000,0x00000000fe100000)
[10.630s][debug  ][gc,heap        ] GC(39)  ParOldGen       total 1585152K, used 953956K [0x0000000080000000, 0x00000000e0c00000, 0x00000000f0000000)
[10.630s][debug  ][gc,heap        ] GC(39)   object space 1585152K, 60% used [0x0000000080000000,0x00000000ba3990e8,0x00000000e0c00000)
[10.630s][debug  ][gc,heap        ] GC(39)  Metaspace       used 1019K, committed 1152K, reserved 1056768K
[10.630s][debug  ][gc,heap        ] GC(39)   class space    used 83K, committed 192K, reserved 1048576K
[10.630s][debug  ][gc,task,time   ] GC(39) VM-Thread 106123256 106282863 106304413
[10.931s][debug  ][gc,heap        ] GC(40) Heap before GC invocations=41 (full 7):
[10.932s][debug  ][gc,heap        ] GC(40)  PSYoungGen      total 230400K, used 229121K [0x00000000f0000000, 0x0000000100000000, 0x0000000100000000)
[10.932s][debug  ][gc,heap        ] GC(40)   eden space 198656K, 99% used [0x00000000f0000000,0x00000000fc1c06f0,0x00000000fc200000)
[10.932s][debug  ][gc,heap        ] GC(40)   from space 31744K, 96% used [0x00000000fe100000,0x00000000fff00030,0x0000000100000000)
[10.932s][debug  ][gc,heap        ] GC(40)   to   space 31744K, 0% used [0x00000000fc200000,0x00000000fc200000,0x00000000fe100000)
[10.932s][debug  ][gc,heap        ] GC(40)  ParOldGen       total 1585152K, used 953956K [0x0000000080000000, 0x00000000e0c00000, 0x00000000f0000000)
[10.932s][debug  ][gc,heap        ] GC(40)   object space 1585152K, 60% used [0x0000000080000000,0x00000000ba3990e8,0x00000000e0c00000)
[10.932s][debug  ][gc,heap        ] GC(40)  Metaspace       used 1019K, committed 1152K, reserved 1056768K
[10.932s][debug  ][gc,heap        ] GC(40)   class space    used 83K, committed 192K, reserved 1048576K
[10.932s][debug  ][gc,tlab        ] GC(40) TLAB totals: thrds: 1  refills: 1 max: 1 slow allocs: 18 max 18 waste: 27.3% gc: 3932464B max: 3932464B slow: 0B max: 0B
[10.932s][info   ][gc,start       ] GC(40) Pause Young (Allocation Failure)
[10.932s][debug  ][gc,phases,start] GC(40) Scavenge
[10.942s][debug  ][gc,phases      ] GC(40) Scavenge 10.532ms
[10.943s][debug  ][gc,phases,start] GC(40) Reference Processing
[10.943s][debug  ][gc,ref         ] GC(40) Skipped phase 1 of Reference Processing: no references
[10.943s][debug  ][gc,ref         ] GC(40) Skipped phase 2 of Reference Processing: no references
[10.943s][debug  ][gc,ref         ] GC(40) Skipped phase 3 of Reference Processing: no references
[10.943s][debug  ][gc,ref         ] GC(40) Skipped phase 4 of Reference Processing: no references
[10.943s][debug  ][gc,phases,ref  ] GC(40) Reference Processing: 0.1ms
[10.943s][debug  ][gc,phases,ref  ] GC(40)   Reconsider SoftReferences: 0.0ms
[10.943s][debug  ][gc,phases,ref  ] GC(40)     SoftRef (ms):                  skipped
[10.943s][debug  ][gc,phases,ref  ] GC(40)   Notify Soft/WeakReferences: 0.0ms
[10.943s][debug  ][gc,phases,ref  ] GC(40)     SoftRef (ms):                  skipped
[10.943s][debug  ][gc,phases,ref  ] GC(40)     WeakRef (ms):                  skipped
[10.943s][debug  ][gc,phases,ref  ] GC(40)     FinalRef (ms):                 skipped
[10.943s][debug  ][gc,phases,ref  ] GC(40)     Total (ms):                    skipped
[10.943s][debug  ][gc,phases,ref  ] GC(40)   Notify and keep alive finalizable: 0.0ms
[10.943s][debug  ][gc,phases,ref  ] GC(40)     FinalRef (ms):                 skipped
[10.943s][debug  ][gc,phases,ref  ] GC(40)   Notify PhantomReferences: 0.0ms
[10.943s][debug  ][gc,phases,ref  ] GC(40)     PhantomRef (ms):               skipped
[10.943s][debug  ][gc,phases,ref  ] GC(40)   SoftReference:
[10.943s][debug  ][gc,phases,ref  ] GC(40)     Discovered: 0
[10.943s][debug  ][gc,phases,ref  ] GC(40)     Cleared: 0
[10.943s][debug  ][gc,phases,ref  ] GC(40)   WeakReference:
[10.943s][debug  ][gc,phases,ref  ] GC(40)     Discovered: 0
[10.943s][debug  ][gc,phases,ref  ] GC(40)     Cleared: 0
[10.943s][debug  ][gc,phases,ref  ] GC(40)   FinalReference:
[10.943s][debug  ][gc,phases,ref  ] GC(40)     Discovered: 0
[10.943s][debug  ][gc,phases,ref  ] GC(40)     Cleared: 0
[10.943s][debug  ][gc,phases,ref  ] GC(40)   PhantomReference:
[10.943s][debug  ][gc,phases,ref  ] GC(40)     Discovered: 0
[10.943s][debug  ][gc,phases,ref  ] GC(40)     Cleared: 0
[10.943s][debug  ][gc,phases      ] GC(40) Reference Processing 0.779ms
[10.943s][debug  ][gc,phases,start] GC(40) Weak Processing
[10.943s][debug  ][gc,phases      ] GC(40)   VM Weak                        Min:  0.0, Avg:  0.0, Max:  0.0, Diff:  0.0, Sum:  0.0, Workers: 6
[10.943s][debug  ][gc,phases      ] GC(40)     Dead                           Min: 0, Avg:  0.0, Max: 0, Diff: 0, Sum: 0, Workers: 6
[10.943s][debug  ][gc,phases      ] GC(40)     Total                          Min: 0, Avg:  1.3, Max: 8, Diff: 8, Sum: 8, Workers: 6
[10.943s][debug  ][gc,phases      ] GC(40)   ObjectSynchronizer Weak        Min:  0.0, Avg:  0.0, Max:  0.0, Diff:  0.0, Sum:  0.0, Workers: 6
[10.944s][debug  ][gc,phases      ] GC(40)     Dead                           Min: 0, Avg:  0.0, Max: 0, Diff: 0, Sum: 0, Workers: 6
[10.944s][debug  ][gc,phases      ] GC(40)     Total                          Min: 0, Avg:  0.5, Max: 3, Diff: 3, Sum: 3, Workers: 6
[10.944s][debug  ][gc,phases      ] GC(40)   JVMTI Tag Weak OopStorage      Min:  0.0, Avg:  0.0, Max:  0.0, Diff:  0.0, Sum:  0.0, Workers: 6
[10.944s][debug  ][gc,phases      ] GC(40)     Dead                           Min: 0, Avg:  0.0, Max: 0, Diff: 0, Sum: 0, Workers: 6
[10.944s][debug  ][gc,phases      ] GC(40)     Total                          Min: 0, Avg:  0.0, Max: 0, Diff: 0, Sum: 0, Workers: 6
[10.944s][debug  ][gc,phases      ] GC(40)   StringTable Weak               Min:  0.0, Avg:  0.0, Max:  0.0, Diff:  0.0, Sum:  0.0, Workers: 6
[10.944s][debug  ][gc,phases      ] GC(40)     Dead                           Min: 0, Avg:  0.0, Max: 0, Diff: 0, Sum: 0, Workers: 6
[10.944s][debug  ][gc,phases      ] GC(40)     Total                          Min: 704, Avg: 891.8, Max: 1128, Diff: 424, Sum: 5351, Workers: 6
[10.944s][debug  ][gc,phases      ] GC(40)   ResolvedMethodTable Weak       Min:  0.0, Avg:  0.0, Max:  0.0, Diff:  0.0, Sum:  0.0, Workers: 6
[10.944s][debug  ][gc,phases      ] GC(40)     Dead                           Min: 0, Avg:  0.0, Max: 0, Diff: 0, Sum: 0, Workers: 6
[10.944s][debug  ][gc,phases      ] GC(40)     Total                          Min: 0, Avg: 21.7, Max: 64, Diff: 64, Sum: 130, Workers: 6
[10.944s][debug  ][gc,phases      ] GC(40)   JNI Weak                       Min:  0.0, Avg:  0.0, Max:  0.0, Diff:  0.0, Sum:  0.0, Workers: 6
[10.944s][debug  ][gc,phases      ] GC(40)     Dead                           Min: 0, Avg:  0.0, Max: 0, Diff: 0, Sum: 0, Workers: 6
[10.944s][debug  ][gc,phases      ] GC(40)     Total                          Min: 0, Avg:  0.0, Max: 0, Diff: 0, Sum: 0, Workers: 6
[10.944s][debug  ][gc,phases      ] GC(40)   StringDedup Table Weak         Min:  0.0, Avg:  0.0, Max:  0.0, Diff:  0.0, Sum:  0.0, Workers: 6
[10.944s][debug  ][gc,phases      ] GC(40)     Dead                           Min: 0, Avg:  0.0, Max: 0, Diff: 0, Sum: 0, Workers: 6
[10.944s][debug  ][gc,phases      ] GC(40)     Total                          Min: 0, Avg:  0.0, Max: 0, Diff: 0, Sum: 0, Workers: 6
[10.944s][debug  ][gc,phases      ] GC(40)   StringDedup Requests0 Weak     Min:  0.0, Avg:  0.0, Max:  0.0, Diff:  0.0, Sum:  0.0, Workers: 6
[10.944s][debug  ][gc,phases      ] GC(40)     Dead                           Min: 0, Avg:  0.0, Max: 0, Diff: 0, Sum: 0, Workers: 6
[10.944s][debug  ][gc,phases      ] GC(40)     Total                          Min: 0, Avg:  0.0, Max: 0, Diff: 0, Sum: 0, Workers: 6
[10.944s][debug  ][gc,phases      ] GC(40)   StringDedup Requests1 Weak     Min:  0.0, Avg:  0.0, Max:  0.0, Diff:  0.0, Sum:  0.0, Workers: 6
[10.944s][debug  ][gc,phases      ] GC(40)     Dead                           Min: 0, Avg:  0.0, Max: 0, Diff: 0, Sum: 0, Workers: 6
[10.944s][debug  ][gc,phases      ] GC(40)     Total                          Min: 0, Avg:  0.0, Max: 0, Diff: 0, Sum: 0, Workers: 6
[10.944s][debug  ][gc,phases      ] GC(40)   Weak JFR Old Object Samples    Min:  0.0, Avg:  0.0, Max:  0.0, Diff:  0.0, Sum:  0.0, Workers: 6
[10.944s][debug  ][gc,phases      ] GC(40)     Dead                           Min: 0, Avg:  0.0, Max: 0, Diff: 0, Sum: 0, Workers: 6
[10.944s][debug  ][gc,phases      ] GC(40)     Total                          Min: 0, Avg:  0.0, Max: 0, Diff: 0, Sum: 0, Workers: 6
[10.944s][debug  ][gc,phases      ] GC(40) Weak Processing 0.888ms
[10.944s][debug  ][gc,ergo        ] GC(40) AdaptiveSizeStart:  collection: 41 
[10.944s][debug  ][gc,ergo        ] GC(40) avg_survived_padded_avg: 32157232.000000
[10.944s][debug  ][gc,ergo        ] GC(40) avg_promoted_padded_avg: 247040800.000000  avg_pretenured_padded_avg: 0.000000  tenuring_thresh: 1  target_size: 32505856
[10.944s][debug  ][gc,age         ] GC(40) Desired survivor size 32505856 bytes, new threshold 1 (max threshold 15)
[10.944s][debug  ][gc,ergo        ] GC(40) PSAdaptiveSizePolicy::compute_eden_space_size limits: desired_eden_size: 231699897 old_eden_size: 203423744 eden_limit: 203423744 cur_eden: 203423744 max_eden_size: 203423744 avg_young_live: 26193308
[10.944s][debug  ][gc,ergo        ] GC(40) PSAdaptiveSizePolicy::compute_eden_space_size: costs minor_time: 0.045779 major_cost: 0.036557 mutator_cost: 0.917664 throughput_goal: 0.990000
[10.944s][debug  ][gc,ergo        ] GC(40) Live_space: 930764928 free_space: 967311360
[10.944s][debug  ][gc,ergo        ] GC(40) Old eden_size: 203423744 desired_eden_size: 203423744
[10.944s][debug  ][gc,ergo        ] GC(40) AdaptiveSizeStop: collection: 41 
[10.944s][info   ][gc,heap        ] GC(40) PSYoungGen: 229121K(230400K)->30720K(230400K) Eden: 198401K(198656K)->0K(198656K) From: 30720K(31744K)->30720K(31744K)
[10.944s][info   ][gc,heap        ] GC(40) ParOldGen: 953956K(1585152K)->1076836K(1585152K)
[10.945s][info   ][gc,metaspace   ] GC(40) Metaspace: 1019K(1152K)->1019K(1152K) NonClass: 935K(960K)->935K(960K) Class: 83K(192K)->83K(192K)
[10.945s][info   ][gc             ] GC(40) Pause Young (Allocation Failure) 1155M->1081M(1773M) 12.699ms
[10.945s][info   ][gc,cpu         ] GC(40) User=0.09s Sys=0.00s Real=0.01s
[10.945s][debug  ][gc,heap        ] GC(40) Heap after GC invocations=41 (full 7):
[10.945s][debug  ][gc,heap        ] GC(40)  PSYoungGen      total 230400K, used 30720K [0x00000000f0000000, 0x0000000100000000, 0x0000000100000000)
[10.945s][debug  ][gc,heap        ] GC(40)   eden space 198656K, 0% used [0x00000000f0000000,0x00000000f0000000,0x00000000fc200000)
[10.945s][debug  ][gc,heap        ] GC(40)   from space 31744K, 96% used [0x00000000fc200000,0x00000000fe000030,0x00000000fe100000)
[10.945s][debug  ][gc,heap        ] GC(40)   to   space 31744K, 0% used [0x00000000fe100000,0x00000000fe100000,0x0000000100000000)
[10.945s][debug  ][gc,heap        ] GC(40)  ParOldGen       total 1585152K, used 1076836K [0x0000000080000000, 0x00000000e0c00000, 0x00000000f0000000)
[10.945s][debug  ][gc,heap        ] GC(40)   object space 1585152K, 67% used [0x0000000080000000,0x00000000c1b991a8,0x00000000e0c00000)
[10.945s][debug  ][gc,heap        ] GC(40)  Metaspace       used 1019K, committed 1152K, reserved 1056768K
[10.945s][debug  ][gc,heap        ] GC(40)   class space    used 83K, committed 192K, reserved 1048576K
[10.945s][debug  ][gc,task,time   ] GC(40) VM-Thread 109314096 109425044 109448237
[11.245s][debug  ][gc,heap        ] GC(41) Heap before GC invocations=42 (full 7):
[11.245s][debug  ][gc,heap        ] GC(41)  PSYoungGen      total 230400K, used 229140K [0x00000000f0000000, 0x0000000100000000, 0x0000000100000000)
[11.245s][debug  ][gc,heap        ] GC(41)   eden space 198656K, 99% used [0x00000000f0000000,0x00000000fc1c5398,0x00000000fc200000)
[11.245s][debug  ][gc,heap        ] GC(41)   from space 31744K, 96% used [0x00000000fc200000,0x00000000fe000030,0x00000000fe100000)
[11.245s][debug  ][gc,heap        ] GC(41)   to   space 31744K, 0% used [0x00000000fe100000,0x00000000fe100000,0x0000000100000000)
[11.245s][debug  ][gc,heap        ] GC(41)  ParOldGen       total 1585152K, used 1076836K [0x0000000080000000, 0x00000000e0c00000, 0x00000000f0000000)
[11.245s][debug  ][gc,heap        ] GC(41)   object space 1585152K, 67% used [0x0000000080000000,0x00000000c1b991a8,0x00000000e0c00000)
[11.245s][debug  ][gc,heap        ] GC(41)  Metaspace       used 1019K, committed 1152K, reserved 1056768K
[11.245s][debug  ][gc,heap        ] GC(41)   class space    used 83K, committed 192K, reserved 1048576K
[11.245s][debug  ][gc,tlab        ] GC(41) TLAB totals: thrds: 1  refills: 1 max: 1 slow allocs: 18 max 18 waste: 27.4% gc: 3953256B max: 3953256B slow: 0B max: 0B
[11.245s][info   ][gc,start       ] GC(41) Pause Young (Allocation Failure)
[11.245s][debug  ][gc,phases,start] GC(41) Scavenge
[11.260s][debug  ][gc,phases      ] GC(41) Scavenge 14.881ms
[11.260s][debug  ][gc,phases,start] GC(41) Reference Processing
[11.260s][debug  ][gc,ref         ] GC(41) Skipped phase 1 of Reference Processing: no references
[11.260s][debug  ][gc,ref         ] GC(41) Skipped phase 2 of Reference Processing: no references
[11.260s][debug  ][gc,ref         ] GC(41) Skipped phase 3 of Reference Processing: no references
[11.260s][debug  ][gc,ref         ] GC(41) Skipped phase 4 of Reference Processing: no references
[11.260s][debug  ][gc,phases,ref  ] GC(41) Reference Processing: 0.1ms
[11.260s][debug  ][gc,phases,ref  ] GC(41)   Reconsider SoftReferences: 0.0ms
[11.260s][debug  ][gc,phases,ref  ] GC(41)     SoftRef (ms):                  skipped
[11.260s][debug  ][gc,phases,ref  ] GC(41)   Notify Soft/WeakReferences: 0.0ms
[11.260s][debug  ][gc,phases,ref  ] GC(41)     SoftRef (ms):                  skipped
[11.260s][debug  ][gc,phases,ref  ] GC(41)     WeakRef (ms):                  skipped
[11.260s][debug  ][gc,phases,ref  ] GC(41)     FinalRef (ms):                 skipped
[11.260s][debug  ][gc,phases,ref  ] GC(41)     Total (ms):                    skipped
[11.260s][debug  ][gc,phases,ref  ] GC(41)   Notify and keep alive finalizable: 0.0ms
[11.260s][debug  ][gc,phases,ref  ] GC(41)     FinalRef (ms):                 skipped
[11.260s][debug  ][gc,phases,ref  ] GC(41)   Notify PhantomReferences: 0.0ms
[11.260s][debug  ][gc,phases,ref  ] GC(41)     PhantomRef (ms):               skipped
[11.260s][debug  ][gc,phases,ref  ] GC(41)   SoftReference:
[11.260s][debug  ][gc,phases,ref  ] GC(41)     Discovered: 0
[11.260s][debug  ][gc,phases,ref  ] GC(41)     Cleared: 0
[11.261s][debug  ][gc,phases,ref  ] GC(41)   WeakReference:
[11.261s][debug  ][gc,phases,ref  ] GC(41)     Discovered: 0
[11.261s][debug  ][gc,phases,ref  ] GC(41)     Cleared: 0
[11.261s][debug  ][gc,phases,ref  ] GC(41)   FinalReference:
[11.261s][debug  ][gc,phases,ref  ] GC(41)     Discovered: 0
[11.261s][debug  ][gc,phases,ref  ] GC(41)     Cleared: 0
[11.261s][debug  ][gc,phases,ref  ] GC(41)   PhantomReference:
[11.261s][debug  ][gc,phases,ref  ] GC(41)     Discovered: 0
[11.261s][debug  ][gc,phases,ref  ] GC(41)     Cleared: 0
[11.261s][debug  ][gc,phases      ] GC(41) Reference Processing 0.756ms
[11.261s][debug  ][gc,phases,start] GC(41) Weak Processing
[11.261s][debug  ][gc,phases      ] GC(41)   VM Weak                        Min:  0.0, Avg:  0.0, Max:  0.0, Diff:  0.0, Sum:  0.0, Workers: 6
[11.261s][debug  ][gc,phases      ] GC(41)     Dead                           Min: 0, Avg:  0.0, Max: 0, Diff: 0, Sum: 0, Workers: 6
[11.261s][debug  ][gc,phases      ] GC(41)     Total                          Min: 0, Avg:  1.3, Max: 8, Diff: 8, Sum: 8, Workers: 6
[11.261s][debug  ][gc,phases      ] GC(41)   ObjectSynchronizer Weak        Min:  0.0, Avg:  0.0, Max:  0.0, Diff:  0.0, Sum:  0.0, Workers: 6
[11.261s][debug  ][gc,phases      ] GC(41)     Dead                           Min: 0, Avg:  0.0, Max: 0, Diff: 0, Sum: 0, Workers: 6
[11.261s][debug  ][gc,phases      ] GC(41)     Total                          Min: 0, Avg:  0.5, Max: 3, Diff: 3, Sum: 3, Workers: 6
[11.261s][debug  ][gc,phases      ] GC(41)   JVMTI Tag Weak OopStorage      Min:  0.0, Avg:  0.0, Max:  0.0, Diff:  0.0, Sum:  0.0, Workers: 6
[11.261s][debug  ][gc,phases      ] GC(41)     Dead                           Min: 0, Avg:  0.0, Max: 0, Diff: 0, Sum: 0, Workers: 6
[11.261s][debug  ][gc,phases      ] GC(41)     Total                          Min: 0, Avg:  0.0, Max: 0, Diff: 0, Sum: 0, Workers: 6
[11.261s][debug  ][gc,phases      ] GC(41)   StringTable Weak               Min:  0.0, Avg:  0.0, Max:  0.0, Diff:  0.0, Sum:  0.0, Workers: 6
[11.261s][debug  ][gc,phases      ] GC(41)     Dead                           Min: 0, Avg:  0.0, Max: 0, Diff: 0, Sum: 0, Workers: 6
[11.261s][debug  ][gc,phases      ] GC(41)     Total                          Min: 704, Avg: 891.8, Max: 1024, Diff: 320, Sum: 5351, Workers: 6
[11.261s][debug  ][gc,phases      ] GC(41)   ResolvedMethodTable Weak       Min:  0.0, Avg:  0.0, Max:  0.0, Diff:  0.0, Sum:  0.0, Workers: 6
[11.261s][debug  ][gc,phases      ] GC(41)     Dead                           Min: 0, Avg:  0.0, Max: 0, Diff: 0, Sum: 0, Workers: 6
[11.261s][debug  ][gc,phases      ] GC(41)     Total                          Min: 0, Avg: 21.7, Max: 64, Diff: 64, Sum: 130, Workers: 6
[11.261s][debug  ][gc,phases      ] GC(41)   JNI Weak                       Min:  0.0, Avg:  0.0, Max:  0.0, Diff:  0.0, Sum:  0.0, Workers: 6
[11.261s][debug  ][gc,phases      ] GC(41)     Dead                           Min: 0, Avg:  0.0, Max: 0, Diff: 0, Sum: 0, Workers: 6
[11.261s][debug  ][gc,phases      ] GC(41)     Total                          Min: 0, Avg:  0.0, Max: 0, Diff: 0, Sum: 0, Workers: 6
[11.261s][debug  ][gc,phases      ] GC(41)   StringDedup Table Weak         Min:  0.0, Avg:  0.0, Max:  0.0, Diff:  0.0, Sum:  0.0, Workers: 6
[11.261s][debug  ][gc,phases      ] GC(41)     Dead                           Min: 0, Avg:  0.0, Max: 0, Diff: 0, Sum: 0, Workers: 6
[11.261s][debug  ][gc,phases      ] GC(41)     Total                          Min: 0, Avg:  0.0, Max: 0, Diff: 0, Sum: 0, Workers: 6
[11.261s][debug  ][gc,phases      ] GC(41)   StringDedup Requests0 Weak     Min:  0.0, Avg:  0.0, Max:  0.0, Diff:  0.0, Sum:  0.0, Workers: 6
[11.261s][debug  ][gc,phases      ] GC(41)     Dead                           Min: 0, Avg:  0.0, Max: 0, Diff: 0, Sum: 0, Workers: 6
[11.261s][debug  ][gc,phases      ] GC(41)     Total                          Min: 0, Avg:  0.0, Max: 0, Diff: 0, Sum: 0, Workers: 6
[11.262s][debug  ][gc,phases      ] GC(41)   StringDedup Requests1 Weak     Min:  0.0, Avg:  0.0, Max:  0.0, Diff:  0.0, Sum:  0.0, Workers: 6
[11.262s][debug  ][gc,phases      ] GC(41)     Dead                           Min: 0, Avg:  0.0, Max: 0, Diff: 0, Sum: 0, Workers: 6
[11.262s][debug  ][gc,phases      ] GC(41)     Total                          Min: 0, Avg:  0.0, Max: 0, Diff: 0, Sum: 0, Workers: 6
[11.262s][debug  ][gc,phases      ] GC(41)   Weak JFR Old Object Samples    Min:  0.0, Avg:  0.0, Max:  0.0, Diff:  0.0, Sum:  0.0, Workers: 6
[11.262s][debug  ][gc,phases      ] GC(41)     Dead                           Min: 0, Avg:  0.0, Max: 0, Diff: 0, Sum: 0, Workers: 6
[11.262s][debug  ][gc,phases      ] GC(41)     Total                          Min: 0, Avg:  0.0, Max: 0, Diff: 0, Sum: 0, Workers: 6
[11.262s][debug  ][gc,phases      ] GC(41) Weak Processing 0.815ms
[11.262s][debug  ][gc,ergo        ] GC(41) AdaptiveSizeStart:  collection: 42 
[11.262s][debug  ][gc,ergo        ] GC(41) avg_survived_padded_avg: 32106902.000000
[11.262s][debug  ][gc,ergo        ] GC(41) avg_promoted_padded_avg: 252420368.000000  avg_pretenured_padded_avg: 0.000000  tenuring_thresh: 1  target_size: 32505856
[11.262s][debug  ][gc,age         ] GC(41) Desired survivor size 32505856 bytes, new threshold 1 (max threshold 15)
[11.262s][debug  ][gc,ergo        ] GC(41) PSAdaptiveSizePolicy::compute_eden_space_size limits: desired_eden_size: 232136091 old_eden_size: 203423744 eden_limit: 203423744 cur_eden: 203423744 max_eden_size: 203423744 avg_young_live: 26719710
[11.262s][debug  ][gc,ergo        ] GC(41) PSAdaptiveSizePolicy::compute_eden_space_size: costs minor_time: 0.047401 major_cost: 0.036557 mutator_cost: 0.916042 throughput_goal: 0.990000
[11.262s][debug  ][gc,ergo        ] GC(41) Live_space: 931291392 free_space: 967311360
[11.262s][debug  ][gc,ergo        ] GC(41) Old eden_size: 203423744 desired_eden_size: 203423744
[11.262s][debug  ][gc,ergo        ] GC(41) AdaptiveSizeStop: collection: 42 
[11.262s][info   ][gc,heap        ] GC(41) PSYoungGen: 229140K(230400K)->30720K(230400K) Eden: 198420K(198656K)->0K(198656K) From: 30720K(31744K)->30720K(31744K)
[11.262s][info   ][gc,heap        ] GC(41) ParOldGen: 1076836K(1585152K)->1271396K(1585152K)
[11.262s][info   ][gc,metaspace   ] GC(41) Metaspace: 1019K(1152K)->1019K(1152K) NonClass: 935K(960K)->935K(960K) Class: 83K(192K)->83K(192K)
[11.262s][info   ][gc             ] GC(41) Pause Young (Allocation Failure) 1275M->1271M(1773M) 16.909ms
[11.262s][info   ][gc,cpu         ] GC(41) User=0.09s Sys=0.00s Real=0.02s
[11.262s][debug  ][gc,heap        ] GC(41) Heap after GC invocations=42 (full 7):
[11.262s][debug  ][gc,heap        ] GC(41)  PSYoungGen      total 230400K, used 30720K [0x00000000f0000000, 0x0000000100000000, 0x0000000100000000)
[11.262s][debug  ][gc,heap        ] GC(41)   eden space 198656K, 0% used [0x00000000f0000000,0x00000000f0000000,0x00000000fc200000)
[11.262s][debug  ][gc,heap        ] GC(41)   from space 31744K, 96% used [0x00000000fe100000,0x00000000fff00030,0x0000000100000000)
[11.262s][debug  ][gc,heap        ] GC(41)   to   space 31744K, 0% used [0x00000000fc200000,0x00000000fc200000,0x00000000fe100000)
[11.262s][debug  ][gc,heap        ] GC(41)  ParOldGen       total 1585152K, used 1271396K [0x0000000080000000, 0x00000000e0c00000, 0x00000000f0000000)
[11.262s][debug  ][gc,heap        ] GC(41)   object space 1585152K, 80% used [0x0000000080000000,0x00000000cd9992d8,0x00000000e0c00000)
[11.262s][debug  ][gc,heap        ] GC(41)  Metaspace       used 1019K, committed 1152K, reserved 1056768K
[11.262s][debug  ][gc,heap        ] GC(41)   class space    used 83K, committed 192K, reserved 1048576K
[11.262s][debug  ][gc,task,time   ] GC(41) VM-Thread 112445826 112600239 112621544
[11.561s][debug  ][gc,heap        ] GC(42) Heap before GC invocations=43 (full 7):
[11.561s][debug  ][gc,heap        ] GC(42)  PSYoungGen      total 230400K, used 229153K [0x00000000f0000000, 0x0000000100000000, 0x0000000100000000)
[11.561s][debug  ][gc,heap        ] GC(42)   eden space 198656K, 99% used [0x00000000f0000000,0x00000000fc1c84e8,0x00000000fc200000)
[11.561s][debug  ][gc,heap        ] GC(42)   from space 31744K, 96% used [0x00000000fe100000,0x00000000fff00030,0x0000000100000000)
[11.561s][debug  ][gc,heap        ] GC(42)   to   space 31744K, 0% used [0x00000000fc200000,0x00000000fc200000,0x00000000fe100000)
[11.561s][debug  ][gc,heap        ] GC(42)  ParOldGen       total 1585152K, used 1271396K [0x0000000080000000, 0x00000000e0c00000, 0x00000000f0000000)
[11.561s][debug  ][gc,heap        ] GC(42)   object space 1585152K, 80% used [0x0000000080000000,0x00000000cd9992d8,0x00000000e0c00000)
[11.561s][debug  ][gc,heap        ] GC(42)  Metaspace       used 1019K, committed 1152K, reserved 1056768K
[11.561s][debug  ][gc,heap        ] GC(42)   class space    used 83K, committed 192K, reserved 1048576K
[11.561s][debug  ][gc,tlab        ] GC(42) TLAB totals: thrds: 1  refills: 1 max: 1 slow allocs: 18 max 18 waste: 27.4% gc: 3965880B max: 3965880B slow: 0B max: 0B
[11.561s][info   ][gc,start       ] GC(42) Pause Young (Allocation Failure)
[11.561s][debug  ][gc,phases,start] GC(42) Scavenge
[11.576s][debug  ][gc,phases      ] GC(42) Scavenge 14.556ms
[11.576s][debug  ][gc,phases,start] GC(42) Reference Processing
[11.576s][debug  ][gc,ref         ] GC(42) Skipped phase 1 of Reference Processing: no references
[11.576s][debug  ][gc,ref         ] GC(42) Skipped phase 2 of Reference Processing: no references
[11.576s][debug  ][gc,ref         ] GC(42) Skipped phase 3 of Reference Processing: no references
[11.576s][debug  ][gc,ref         ] GC(42) Skipped phase 4 of Reference Processing: no references
[11.576s][debug  ][gc,phases,ref  ] GC(42) Reference Processing: 0.1ms
[11.576s][debug  ][gc,phases,ref  ] GC(42)   Reconsider SoftReferences: 0.0ms
[11.576s][debug  ][gc,phases,ref  ] GC(42)     SoftRef (ms):                  skipped
[11.576s][debug  ][gc,phases,ref  ] GC(42)   Notify Soft/WeakReferences: 0.0ms
[11.576s][debug  ][gc,phases,ref  ] GC(42)     SoftRef (ms):                  skipped
[11.576s][debug  ][gc,phases,ref  ] GC(42)     WeakRef (ms):                  skipped
[11.576s][debug  ][gc,phases,ref  ] GC(42)     FinalRef (ms):                 skipped
[11.576s][debug  ][gc,phases,ref  ] GC(42)     Total (ms):                    skipped
[11.576s][debug  ][gc,phases,ref  ] GC(42)   Notify and keep alive finalizable: 0.0ms
[11.576s][debug  ][gc,phases,ref  ] GC(42)     FinalRef (ms):                 skipped
[11.576s][debug  ][gc,phases,ref  ] GC(42)   Notify PhantomReferences: 0.0ms
[11.576s][debug  ][gc,phases,ref  ] GC(42)     PhantomRef (ms):               skipped
[11.576s][debug  ][gc,phases,ref  ] GC(42)   SoftReference:
[11.576s][debug  ][gc,phases,ref  ] GC(42)     Discovered: 0
[11.576s][debug  ][gc,phases,ref  ] GC(42)     Cleared: 0
[11.576s][debug  ][gc,phases,ref  ] GC(42)   WeakReference:
[11.576s][debug  ][gc,phases,ref  ] GC(42)     Discovered: 0
[11.576s][debug  ][gc,phases,ref  ] GC(42)     Cleared: 0
[11.576s][debug  ][gc,phases,ref  ] GC(42)   FinalReference:
[11.576s][debug  ][gc,phases,ref  ] GC(42)     Discovered: 0
[11.576s][debug  ][gc,phases,ref  ] GC(42)     Cleared: 0
[11.576s][debug  ][gc,phases,ref  ] GC(42)   PhantomReference:
[11.576s][debug  ][gc,phases,ref  ] GC(42)     Discovered: 0
[11.576s][debug  ][gc,phases,ref  ] GC(42)     Cleared: 0
[11.576s][debug  ][gc,phases      ] GC(42) Reference Processing 0.646ms
[11.576s][debug  ][gc,phases,start] GC(42) Weak Processing
[11.576s][debug  ][gc,phases      ] GC(42)   VM Weak                        Min:  0.0, Avg:  0.0, Max:  0.0, Diff:  0.0, Sum:  0.0, Workers: 6
[11.576s][debug  ][gc,phases      ] GC(42)     Dead                           Min: 0, Avg:  0.0, Max: 0, Diff: 0, Sum: 0, Workers: 6
[11.576s][debug  ][gc,phases      ] GC(42)     Total                          Min: 0, Avg:  1.3, Max: 8, Diff: 8, Sum: 8, Workers: 6
[11.576s][debug  ][gc,phases      ] GC(42)   ObjectSynchronizer Weak        Min:  0.0, Avg:  0.0, Max:  0.0, Diff:  0.0, Sum:  0.0, Workers: 6
[11.576s][debug  ][gc,phases      ] GC(42)     Dead                           Min: 0, Avg:  0.0, Max: 0, Diff: 0, Sum: 0, Workers: 6
[11.576s][debug  ][gc,phases      ] GC(42)     Total                          Min: 0, Avg:  0.5, Max: 3, Diff: 3, Sum: 3, Workers: 6
[11.577s][debug  ][gc,phases      ] GC(42)   JVMTI Tag Weak OopStorage      Min:  0.0, Avg:  0.0, Max:  0.0, Diff:  0.0, Sum:  0.0, Workers: 6
[11.577s][debug  ][gc,phases      ] GC(42)     Dead                           Min: 0, Avg:  0.0, Max: 0, Diff: 0, Sum: 0, Workers: 6
[11.577s][debug  ][gc,phases      ] GC(42)     Total                          Min: 0, Avg:  0.0, Max: 0, Diff: 0, Sum: 0, Workers: 6
[11.577s][debug  ][gc,phases      ] GC(42)   StringTable Weak               Min:  0.0, Avg:  0.0, Max:  0.0, Diff:  0.0, Sum:  0.0, Workers: 6
[11.577s][debug  ][gc,phases      ] GC(42)     Dead                           Min: 0, Avg:  0.0, Max: 0, Diff: 0, Sum: 0, Workers: 6
[11.577s][debug  ][gc,phases      ] GC(42)     Total                          Min: 640, Avg: 891.8, Max: 1344, Diff: 704, Sum: 5351, Workers: 6
[11.577s][debug  ][gc,phases      ] GC(42)   ResolvedMethodTable Weak       Min:  0.0, Avg:  0.0, Max:  0.0, Diff:  0.0, Sum:  0.0, Workers: 6
[11.577s][debug  ][gc,phases      ] GC(42)     Dead                           Min: 0, Avg:  0.0, Max: 0, Diff: 0, Sum: 0, Workers: 6
[11.577s][debug  ][gc,phases      ] GC(42)     Total                          Min: 0, Avg: 21.7, Max: 64, Diff: 64, Sum: 130, Workers: 6
[11.577s][debug  ][gc,phases      ] GC(42)   JNI Weak                       Min:  0.0, Avg:  0.0, Max:  0.0, Diff:  0.0, Sum:  0.0, Workers: 6
[11.577s][debug  ][gc,phases      ] GC(42)     Dead                           Min: 0, Avg:  0.0, Max: 0, Diff: 0, Sum: 0, Workers: 6
[11.577s][debug  ][gc,phases      ] GC(42)     Total                          Min: 0, Avg:  0.0, Max: 0, Diff: 0, Sum: 0, Workers: 6
[11.577s][debug  ][gc,phases      ] GC(42)   StringDedup Table Weak         Min:  0.0, Avg:  0.0, Max:  0.0, Diff:  0.0, Sum:  0.0, Workers: 6
[11.577s][debug  ][gc,phases      ] GC(42)     Dead                           Min: 0, Avg:  0.0, Max: 0, Diff: 0, Sum: 0, Workers: 6
[11.577s][debug  ][gc,phases      ] GC(42)     Total                          Min: 0, Avg:  0.0, Max: 0, Diff: 0, Sum: 0, Workers: 6
[11.577s][debug  ][gc,phases      ] GC(42)   StringDedup Requests0 Weak     Min:  0.0, Avg:  0.0, Max:  0.0, Diff:  0.0, Sum:  0.0, Workers: 6
[11.577s][debug  ][gc,phases      ] GC(42)     Dead                           Min: 0, Avg:  0.0, Max: 0, Diff: 0, Sum: 0, Workers: 6
[11.577s][debug  ][gc,phases      ] GC(42)     Total                          Min: 0, Avg:  0.0, Max: 0, Diff: 0, Sum: 0, Workers: 6
[11.577s][debug  ][gc,phases      ] GC(42)   StringDedup Requests1 Weak     Min:  0.0, Avg:  0.0, Max:  0.0, Diff:  0.0, Sum:  0.0, Workers: 6
[11.577s][debug  ][gc,phases      ] GC(42)     Dead                           Min: 0, Avg:  0.0, Max: 0, Diff: 0, Sum: 0, Workers: 6
[11.577s][debug  ][gc,phases      ] GC(42)     Total                          Min: 0, Avg:  0.0, Max: 0, Diff: 0, Sum: 0, Workers: 6
[11.577s][debug  ][gc,phases      ] GC(42)   Weak JFR Old Object Samples    Min:  0.0, Avg:  0.0, Max:  0.0, Diff:  0.0, Sum:  0.0, Workers: 6
[11.577s][debug  ][gc,phases      ] GC(42)     Dead                           Min: 0, Avg:  0.0, Max: 0, Diff: 0, Sum: 0, Workers: 6
[11.577s][debug  ][gc,phases      ] GC(42)     Total                          Min: 0, Avg:  0.0, Max: 0, Diff: 0, Sum: 0, Workers: 6
[11.577s][debug  ][gc,phases      ] GC(42) Weak Processing 0.720ms
[11.577s][debug  ][gc,ergo        ] GC(42) AdaptiveSizeStart:  collection: 43 
[11.577s][debug  ][gc,ergo        ] GC(42) avg_survived_padded_avg: 32059634.000000
[11.577s][debug  ][gc,ergo        ] GC(42) avg_promoted_padded_avg: 256245888.000000  avg_pretenured_padded_avg: 0.000000  tenuring_thresh: 1  target_size: 32505856
[11.577s][debug  ][gc,age         ] GC(42) Desired survivor size 32505856 bytes, new threshold 1 (max threshold 15)
[11.577s][debug  ][gc,ergo        ] GC(42) PSAdaptiveSizePolicy::compute_eden_space_size limits: desired_eden_size: 232362988 old_eden_size: 203423744 eden_limit: 203423744 cur_eden: 203423744 max_eden_size: 203423744 avg_young_live: 27193470
[11.577s][debug  ][gc,ergo        ] GC(42) PSAdaptiveSizePolicy::compute_eden_space_size: costs minor_time: 0.048270 major_cost: 0.036557 mutator_cost: 0.915173 throughput_goal: 0.990000
[11.577s][debug  ][gc,ergo        ] GC(42) Live_space: 931765120 free_space: 967311360
[11.577s][debug  ][gc,ergo        ] GC(42) Old eden_size: 203423744 desired_eden_size: 203423744
[11.577s][debug  ][gc,ergo        ] GC(42) AdaptiveSizeStop: collection: 43 
[11.577s][info   ][gc,heap        ] GC(42) PSYoungGen: 229153K(230400K)->30720K(230400K) Eden: 198433K(198656K)->0K(198656K) From: 30720K(31744K)->30720K(31744K)
[11.577s][info   ][gc,heap        ] GC(42) ParOldGen: 1271396K(1585152K)->1465957K(1585152K)
[11.577s][info   ][gc,metaspace   ] GC(42) Metaspace: 1019K(1152K)->1019K(1152K) NonClass: 935K(960K)->935K(960K) Class: 83K(192K)->83K(192K)
[11.577s][info   ][gc             ] GC(42) Pause Young (Allocation Failure) 1465M->1461M(1773M) 16.365ms
[11.577s][info   ][gc,cpu         ] GC(42) User=0.08s Sys=0.00s Real=0.02s
[11.577s][debug  ][gc,heap        ] GC(42) Heap after GC invocations=43 (full 7):
[11.577s][debug  ][gc,heap        ] GC(42)  PSYoungGen      total 230400K, used 30720K [0x00000000f0000000, 0x0000000100000000, 0x0000000100000000)
[11.577s][debug  ][gc,heap        ] GC(42)   eden space 198656K, 0% used [0x00000000f0000000,0x00000000f0000000,0x00000000fc200000)
[11.577s][debug  ][gc,heap        ] GC(42)   from space 31744K, 96% used [0x00000000fc200000,0x00000000fe000030,0x00000000fe100000)
[11.577s][debug  ][gc,heap        ] GC(42)   to   space 31744K, 0% used [0x00000000fe100000,0x00000000fe100000,0x0000000100000000)
[11.577s][debug  ][gc,heap        ] GC(42)  ParOldGen       total 1585152K, used 1465957K [0x0000000080000000, 0x00000000e0c00000, 0x00000000f0000000)
[11.577s][debug  ][gc,heap        ] GC(42)   object space 1585152K, 92% used [0x0000000080000000,0x00000000d9799408,0x00000000e0c00000)
[11.578s][debug  ][gc,heap        ] GC(42)  Metaspace       used 1019K, committed 1152K, reserved 1056768K
[11.578s][debug  ][gc,heap        ] GC(42)   class space    used 83K, committed 192K, reserved 1048576K
[11.578s][debug  ][gc,task,time   ] GC(42) VM-Thread 115605438 115756406 115775648
[11.578s][debug  ][gc,phases,start] GC(43) Pre Compact
[11.578s][debug  ][gc,heap        ] GC(43) Heap before GC invocations=44 (full 8):
[11.578s][debug  ][gc,heap        ] GC(43)  PSYoungGen      total 230400K, used 30720K [0x00000000f0000000, 0x0000000100000000, 0x0000000100000000)
[11.578s][debug  ][gc,heap        ] GC(43)   eden space 198656K, 0% used [0x00000000f0000000,0x00000000f0000000,0x00000000fc200000)
[11.578s][debug  ][gc,heap        ] GC(43)   from space 31744K, 96% used [0x00000000fc200000,0x00000000fe000030,0x00000000fe100000)
[11.578s][debug  ][gc,heap        ] GC(43)   to   space 31744K, 0% used [0x00000000fe100000,0x00000000fe100000,0x0000000100000000)
[11.578s][debug  ][gc,heap        ] GC(43)  ParOldGen       total 1585152K, used 1465957K [0x0000000080000000, 0x00000000e0c00000, 0x00000000f0000000)
[11.578s][debug  ][gc,heap        ] GC(43)   object space 1585152K, 92% used [0x0000000080000000,0x00000000d9799408,0x00000000e0c00000)
[11.578s][debug  ][gc,heap        ] GC(43)  Metaspace       used 1019K, committed 1152K, reserved 1056768K
[11.578s][debug  ][gc,heap        ] GC(43)   class space    used 83K, committed 192K, reserved 1048576K
[11.578s][debug  ][gc,phases      ] GC(43) Pre Compact 0.202ms
[11.578s][info   ][gc,start       ] GC(43) Pause Full (Ergonomics)
[11.578s][info   ][gc,phases,start] GC(43) Marking Phase
[11.578s][debug  ][gc,phases,start] GC(43) Par Mark
[11.578s][debug  ][gc,phases      ] GC(43) Par Mark 0.613ms
[11.579s][debug  ][gc,phases,start] GC(43) Reference Processing
[11.579s][debug  ][gc,ref         ] GC(43) Skipped phase 1 of Reference Processing: no references
[11.579s][debug  ][gc,ref         ] GC(43) ReferenceProcessor::execute queues: 1, RefProcThreadModel::Single, marks_oops_alive: false
[11.579s][debug  ][gc,ref         ] GC(43) Skipped phase 3 of Reference Processing: no references
[11.579s][debug  ][gc,ref         ] GC(43) ReferenceProcessor::execute queues: 1, RefProcThreadModel::Single, marks_oops_alive: false
[11.579s][debug  ][gc,phases,ref  ] GC(43) Reference Processing: 0.1ms
[11.579s][debug  ][gc,phases,ref  ] GC(43)   Reconsider SoftReferences: 0.0ms
[11.579s][debug  ][gc,phases,ref  ] GC(43)     SoftRef (ms):                  skipped
[11.579s][debug  ][gc,phases,ref  ] GC(43)   Notify Soft/WeakReferences: 0.0ms
[11.579s][debug  ][gc,phases,ref  ] GC(43)     SoftRef (ms):                  Min:  0.0, Avg:  0.0, Max:  0.0, Diff:  0.0, Sum:  0.0, Workers: 6
[11.579s][debug  ][gc,phases,ref  ] GC(43)     WeakRef (ms):                  Min:  0.0, Avg:  0.0, Max:  0.0, Diff:  0.0, Sum:  0.0, Workers: 6
[11.579s][debug  ][gc,phases,ref  ] GC(43)     FinalRef (ms):                 Min:  0.0, Avg:  0.0, Max:  0.0, Diff:  0.0, Sum:  0.0, Workers: 6
[11.579s][debug  ][gc,phases,ref  ] GC(43)     Total (ms):                    Min:  0.0, Avg:  0.0, Max:  0.0, Diff:  0.0, Sum:  0.0, Workers: 6
[11.579s][debug  ][gc,phases,ref  ] GC(43)   Notify and keep alive finalizable: 0.0ms
[11.579s][debug  ][gc,phases,ref  ] GC(43)     FinalRef (ms):                 skipped
[11.579s][debug  ][gc,phases,ref  ] GC(43)   Notify PhantomReferences: 0.0ms
[11.579s][debug  ][gc,phases,ref  ] GC(43)     PhantomRef (ms):               Min:  0.0, Avg:  0.0, Max:  0.0, Diff:  0.0, Sum:  0.0, Workers: 6
[11.579s][debug  ][gc,phases,ref  ] GC(43)   SoftReference:
[11.579s][debug  ][gc,phases,ref  ] GC(43)     Discovered: 0
[11.579s][debug  ][gc,phases,ref  ] GC(43)     Cleared: 0
[11.579s][debug  ][gc,phases,ref  ] GC(43)   WeakReference:
[11.579s][debug  ][gc,phases,ref  ] GC(43)     Discovered: 47
[11.579s][debug  ][gc,phases,ref  ] GC(43)     Cleared: 47
[11.579s][debug  ][gc,phases,ref  ] GC(43)   FinalReference:
[11.579s][debug  ][gc,phases,ref  ] GC(43)     Discovered: 0
[11.579s][debug  ][gc,phases,ref  ] GC(43)     Cleared: 0
[11.579s][debug  ][gc,phases,ref  ] GC(43)   PhantomReference:
[11.579s][debug  ][gc,phases,ref  ] GC(43)     Discovered: 3
[11.579s][debug  ][gc,phases,ref  ] GC(43)     Cleared: 3
[11.579s][debug  ][gc,phases      ] GC(43) Reference Processing 0.679ms
[11.579s][debug  ][gc,phases,start] GC(43) Weak Processing
[11.579s][debug  ][gc,phases      ] GC(43)   VM Weak                        Min:  0.0, Avg:  0.0, Max:  0.0, Diff:  0.0, Sum:  0.0, Workers: 6
[11.579s][debug  ][gc,phases      ] GC(43)     Dead                           Min: 0, Avg:  0.0, Max: 0, Diff: 0, Sum: 0, Workers: 6
[11.579s][debug  ][gc,phases      ] GC(43)     Total                          Min: 0, Avg:  1.3, Max: 8, Diff: 8, Sum: 8, Workers: 6
[11.579s][debug  ][gc,phases      ] GC(43)   ObjectSynchronizer Weak        Min:  0.0, Avg:  0.0, Max:  0.0, Diff:  0.0, Sum:  0.0, Workers: 6
[11.579s][debug  ][gc,phases      ] GC(43)     Dead                           Min: 0, Avg:  0.0, Max: 0, Diff: 0, Sum: 0, Workers: 6
[11.579s][debug  ][gc,phases      ] GC(43)     Total                          Min: 0, Avg:  0.5, Max: 3, Diff: 3, Sum: 3, Workers: 6
[11.579s][debug  ][gc,phases      ] GC(43)   JVMTI Tag Weak OopStorage      Min:  0.0, Avg:  0.0, Max:  0.0, Diff:  0.0, Sum:  0.0, Workers: 6
[11.579s][debug  ][gc,phases      ] GC(43)     Dead                           Min: 0, Avg:  0.0, Max: 0, Diff: 0, Sum: 0, Workers: 6
[11.579s][debug  ][gc,phases      ] GC(43)     Total                          Min: 0, Avg:  0.0, Max: 0, Diff: 0, Sum: 0, Workers: 6
[11.579s][debug  ][gc,phases      ] GC(43)   StringTable Weak               Min:  0.0, Avg:  0.0, Max:  0.0, Diff:  0.0, Sum:  0.0, Workers: 6
[11.579s][debug  ][gc,phases      ] GC(43)     Dead                           Min: 0, Avg:  0.0, Max: 0, Diff: 0, Sum: 0, Workers: 6
[11.580s][debug  ][gc,phases      ] GC(43)     Total                          Min: 704, Avg: 891.8, Max: 1024, Diff: 320, Sum: 5351, Workers: 6
[11.580s][debug  ][gc,phases      ] GC(43)   ResolvedMethodTable Weak       Min:  0.0, Avg:  0.0, Max:  0.0, Diff:  0.0, Sum:  0.0, Workers: 6
[11.580s][debug  ][gc,phases      ] GC(43)     Dead                           Min: 0, Avg:  0.0, Max: 0, Diff: 0, Sum: 0, Workers: 6
[11.580s][debug  ][gc,phases      ] GC(43)     Total                          Min: 0, Avg: 21.7, Max: 64, Diff: 64, Sum: 130, Workers: 6
[11.580s][debug  ][gc,phases      ] GC(43)   JNI Weak                       Min:  0.0, Avg:  0.0, Max:  0.0, Diff:  0.0, Sum:  0.0, Workers: 6
[11.580s][debug  ][gc,phases      ] GC(43)     Dead                           Min: 0, Avg:  0.0, Max: 0, Diff: 0, Sum: 0, Workers: 6
[11.580s][debug  ][gc,phases      ] GC(43)     Total                          Min: 0, Avg:  0.0, Max: 0, Diff: 0, Sum: 0, Workers: 6
[11.580s][debug  ][gc,phases      ] GC(43)   StringDedup Table Weak         Min:  0.0, Avg:  0.0, Max:  0.0, Diff:  0.0, Sum:  0.0, Workers: 6
[11.580s][debug  ][gc,phases      ] GC(43)     Dead                           Min: 0, Avg:  0.0, Max: 0, Diff: 0, Sum: 0, Workers: 6
[11.580s][debug  ][gc,phases      ] GC(43)     Total                          Min: 0, Avg:  0.0, Max: 0, Diff: 0, Sum: 0, Workers: 6
[11.580s][debug  ][gc,phases      ] GC(43)   StringDedup Requests0 Weak     Min:  0.0, Avg:  0.0, Max:  0.0, Diff:  0.0, Sum:  0.0, Workers: 6
[11.580s][debug  ][gc,phases      ] GC(43)     Dead                           Min: 0, Avg:  0.0, Max: 0, Diff: 0, Sum: 0, Workers: 6
[11.580s][debug  ][gc,phases      ] GC(43)     Total                          Min: 0, Avg:  0.0, Max: 0, Diff: 0, Sum: 0, Workers: 6
[11.580s][debug  ][gc,phases      ] GC(43)   StringDedup Requests1 Weak     Min:  0.0, Avg:  0.0, Max:  0.0, Diff:  0.0, Sum:  0.0, Workers: 6
[11.580s][debug  ][gc,phases      ] GC(43)     Dead                           Min: 0, Avg:  0.0, Max: 0, Diff: 0, Sum: 0, Workers: 6
[11.580s][debug  ][gc,phases      ] GC(43)     Total                          Min: 0, Avg:  0.0, Max: 0, Diff: 0, Sum: 0, Workers: 6
[11.580s][debug  ][gc,phases      ] GC(43)   Weak JFR Old Object Samples    Min:  0.0, Avg:  0.0, Max:  0.0, Diff:  0.0, Sum:  0.0, Workers: 6
[11.580s][debug  ][gc,phases      ] GC(43)     Dead                           Min: 0, Avg:  0.0, Max: 0, Diff: 0, Sum: 0, Workers: 6
[11.580s][debug  ][gc,phases      ] GC(43)     Total                          Min: 0, Avg:  0.0, Max: 0, Diff: 0, Sum: 0, Workers: 6
[11.580s][debug  ][gc,phases      ] GC(43) Weak Processing 0.673ms
[11.580s][debug  ][gc,phases,start] GC(43) Class Unloading
[11.580s][debug  ][gc,phases,start] GC(43) ClassLoaderData
[11.580s][debug  ][gc,phases      ] GC(43) ClassLoaderData 0.019ms
[11.580s][debug  ][gc,phases,start] GC(43) Trigger cleanups
[11.580s][debug  ][gc,phases      ] GC(43) Trigger cleanups 0.019ms
[11.580s][debug  ][gc,phases      ] GC(43) Class Unloading 0.253ms
[11.580s][info   ][gc,phases      ] GC(43) Marking Phase 2.346ms
[11.580s][info   ][gc,phases,start] GC(43) Summary Phase
[11.580s][info   ][gc,phases      ] GC(43) Summary Phase 0.035ms
[11.580s][info   ][gc,phases,start] GC(43) Adjust Roots
[11.580s][info   ][gc,phases      ] GC(43) Adjust Roots 0.151ms
[11.580s][info   ][gc,phases,start] GC(43) Compaction Phase
[11.637s][info   ][gc,phases      ] GC(43) Compaction Phase 56.615ms
[11.637s][info   ][gc,phases,start] GC(43) Post Compact
[11.642s][info   ][gc,phases      ] GC(43) Post Compact 4.542ms
[11.642s][debug  ][gc,ergo        ] GC(43) AdaptiveSizeStart: collection: 44 
[11.642s][debug  ][gc,ergo        ] GC(43) PSAdaptiveSizePolicy::compute_eden_space_size limits: desired_eden_size: 232183502 old_eden_size: 203423744 eden_limit: 203423744 cur_eden: 203423744 max_eden_size: 203423744 avg_young_live: 24474122
[11.642s][debug  ][gc,ergo        ] GC(43) PSAdaptiveSizePolicy::compute_eden_space_size: costs minor_time: 0.048270 major_cost: 0.037086 mutator_cost: 0.914643 throughput_goal: 0.990000
[11.642s][debug  ][gc,ergo        ] GC(43) Live_space: 929045760 free_space: 967311360
[11.642s][debug  ][gc,ergo        ] GC(43) Old eden_size: 203423744 desired_eden_size: 203423744
[11.642s][debug  ][gc,ergo        ] GC(43) PSAdaptiveSizePolicy::compute_old_gen_free_space: costs minor_time: 0.048270 major_cost: 0.037086  mutator_cost: 0.914643 throughput_goal: 0.990000
[11.642s][debug  ][gc,ergo        ] GC(43) Live_space: 919599808 free_space: 967311360
[11.642s][debug  ][gc,ergo        ] GC(43) Old promo_size: 763887616 desired_promo_size: 864026624
[11.642s][debug  ][gc             ] GC(43) Expanding ParOldGen from 1585152K by 53248K to 1638400K
[11.642s][debug  ][gc,ergo        ] GC(43) AdaptiveSizeStop: collection: 44 
[11.642s][info   ][gc,heap        ] GC(43) PSYoungGen: 30720K(230400K)->0K(230400K) Eden: 0K(198656K)->0K(198656K) From: 30720K(31744K)->0K(31744K)
[11.642s][info   ][gc,heap        ] GC(43) ParOldGen: 1465957K(1585152K)->544355K(1638400K)
[11.642s][info   ][gc,metaspace   ] GC(43) Metaspace: 1019K(1152K)->1019K(1152K) NonClass: 935K(960K)->935K(960K) Class: 83K(192K)->83K(192K)
[11.642s][info   ][gc             ] GC(43) Pause Full (Ergonomics) 1461M->531M(1825M) 64.408ms
[11.642s][info   ][gc,cpu         ] GC(43) User=0.30s Sys=0.00s Real=0.06s
[11.642s][debug  ][gc,heap        ] GC(43) Heap after GC invocations=44 (full 8):
[11.642s][debug  ][gc,heap        ] GC(43)  PSYoungGen      total 230400K, used 0K [0x00000000f0000000, 0x0000000100000000, 0x0000000100000000)
[11.642s][debug  ][gc,heap        ] GC(43)   eden space 198656K, 0% used [0x00000000f0000000,0x00000000f0000000,0x00000000fc200000)
[11.642s][debug  ][gc,heap        ] GC(43)   from space 31744K, 0% used [0x00000000fe100000,0x00000000fe100000,0x0000000100000000)
[11.642s][debug  ][gc,heap        ] GC(43)   to   space 31744K, 0% used [0x00000000fc200000,0x00000000fc200000,0x00000000fe100000)
[11.642s][debug  ][gc,heap        ] GC(43)  ParOldGen       total 1638400K, used 544355K [0x0000000080000000, 0x00000000e4000000, 0x00000000f0000000)
[11.642s][debug  ][gc,heap        ] GC(43)   object space 1638400K, 33% used [0x0000000080000000,0x00000000a1398e68,0x00000000e4000000)
[11.642s][debug  ][gc,heap        ] GC(43)  Metaspace       used 1019K, committed 1152K, reserved 1056768K
[11.642s][debug  ][gc,heap        ] GC(43)   class space    used 83K, committed 192K, reserved 1048576K
[11.642s][debug  ][gc,task,time   ] GC(43) VM-Thread 115778363 115804712 116422713
[11.940s][debug  ][gc,heap        ] GC(44) Heap before GC invocations=45 (full 8):
[11.941s][debug  ][gc,heap        ] GC(44)  PSYoungGen      total 230400K, used 198441K [0x00000000f0000000, 0x0000000100000000, 0x0000000100000000)
[11.941s][debug  ][gc,heap        ] GC(44)   eden space 198656K, 99% used [0x00000000f0000000,0x00000000fc1ca498,0x00000000fc200000)
[11.941s][debug  ][gc,heap        ] GC(44)   from space 31744K, 0% used [0x00000000fe100000,0x00000000fe100000,0x0000000100000000)
[11.941s][debug  ][gc,heap        ] GC(44)   to   space 31744K, 0% used [0x00000000fc200000,0x00000000fc200000,0x00000000fe100000)
[11.941s][debug  ][gc,heap        ] GC(44)  ParOldGen       total 1638400K, used 544355K [0x0000000080000000, 0x00000000e4000000, 0x00000000f0000000)
[11.941s][debug  ][gc,heap        ] GC(44)   object space 1638400K, 33% used [0x0000000080000000,0x00000000a1398e68,0x00000000e4000000)
[11.941s][debug  ][gc,heap        ] GC(44)  Metaspace       used 1019K, committed 1152K, reserved 1056768K
[11.941s][debug  ][gc,heap        ] GC(44)   class space    used 83K, committed 192K, reserved 1048576K
[11.941s][debug  ][gc,tlab        ] GC(44) TLAB totals: thrds: 1  refills: 1 max: 1 slow allocs: 18 max 18 waste: 27.5% gc: 3973992B max: 3973992B slow: 0B max: 0B
[11.941s][info   ][gc,start       ] GC(44) Pause Young (Allocation Failure)
[11.941s][debug  ][gc,phases,start] GC(44) Scavenge
[11.953s][debug  ][gc,phases      ] GC(44) Scavenge 12.456ms
[11.953s][debug  ][gc,phases,start] GC(44) Reference Processing
[11.954s][debug  ][gc,ref         ] GC(44) Skipped phase 1 of Reference Processing: no references
[11.954s][debug  ][gc,ref         ] GC(44) Skipped phase 2 of Reference Processing: no references
[11.954s][debug  ][gc,ref         ] GC(44) Skipped phase 3 of Reference Processing: no references
[11.954s][debug  ][gc,ref         ] GC(44) Skipped phase 4 of Reference Processing: no references
[11.954s][debug  ][gc,phases,ref  ] GC(44) Reference Processing: 0.1ms
[11.954s][debug  ][gc,phases,ref  ] GC(44)   Reconsider SoftReferences: 0.0ms
[11.954s][debug  ][gc,phases,ref  ] GC(44)     SoftRef (ms):                  skipped
[11.954s][debug  ][gc,phases,ref  ] GC(44)   Notify Soft/WeakReferences: 0.0ms
[11.954s][debug  ][gc,phases,ref  ] GC(44)     SoftRef (ms):                  skipped
[11.954s][debug  ][gc,phases,ref  ] GC(44)     WeakRef (ms):                  skipped
[11.954s][debug  ][gc,phases,ref  ] GC(44)     FinalRef (ms):                 skipped
[11.954s][debug  ][gc,phases,ref  ] GC(44)     Total (ms):                    skipped
[11.954s][debug  ][gc,phases,ref  ] GC(44)   Notify and keep alive finalizable: 0.0ms
[11.954s][debug  ][gc,phases,ref  ] GC(44)     FinalRef (ms):                 skipped
[11.954s][debug  ][gc,phases,ref  ] GC(44)   Notify PhantomReferences: 0.0ms
[11.954s][debug  ][gc,phases,ref  ] GC(44)     PhantomRef (ms):               skipped
[11.954s][debug  ][gc,phases,ref  ] GC(44)   SoftReference:
[11.954s][debug  ][gc,phases,ref  ] GC(44)     Discovered: 0
[11.954s][debug  ][gc,phases,ref  ] GC(44)     Cleared: 0
[11.954s][debug  ][gc,phases,ref  ] GC(44)   WeakReference:
[11.954s][debug  ][gc,phases,ref  ] GC(44)     Discovered: 0
[11.954s][debug  ][gc,phases,ref  ] GC(44)     Cleared: 0
[11.954s][debug  ][gc,phases,ref  ] GC(44)   FinalReference:
[11.954s][debug  ][gc,phases,ref  ] GC(44)     Discovered: 0
[11.954s][debug  ][gc,phases,ref  ] GC(44)     Cleared: 0
[11.954s][debug  ][gc,phases,ref  ] GC(44)   PhantomReference:
[11.954s][debug  ][gc,phases,ref  ] GC(44)     Discovered: 0
[11.954s][debug  ][gc,phases,ref  ] GC(44)     Cleared: 0
[11.954s][debug  ][gc,phases      ] GC(44) Reference Processing 0.669ms
[11.954s][debug  ][gc,phases,start] GC(44) Weak Processing
[11.954s][debug  ][gc,phases      ] GC(44)   VM Weak                        Min:  0.0, Avg:  0.0, Max:  0.0, Diff:  0.0, Sum:  0.0, Workers: 6
[11.954s][debug  ][gc,phases      ] GC(44)     Dead                           Min: 0, Avg:  0.0, Max: 0, Diff: 0, Sum: 0, Workers: 6
[11.954s][debug  ][gc,phases      ] GC(44)     Total                          Min: 0, Avg:  1.3, Max: 8, Diff: 8, Sum: 8, Workers: 6
[11.954s][debug  ][gc,phases      ] GC(44)   ObjectSynchronizer Weak        Min:  0.0, Avg:  0.0, Max:  0.0, Diff:  0.0, Sum:  0.0, Workers: 6
[11.954s][debug  ][gc,phases      ] GC(44)     Dead                           Min: 0, Avg:  0.0, Max: 0, Diff: 0, Sum: 0, Workers: 6
[11.954s][debug  ][gc,phases      ] GC(44)     Total                          Min: 0, Avg:  0.5, Max: 3, Diff: 3, Sum: 3, Workers: 6
[11.954s][debug  ][gc,phases      ] GC(44)   JVMTI Tag Weak OopStorage      Min:  0.0, Avg:  0.0, Max:  0.0, Diff:  0.0, Sum:  0.0, Workers: 6
[11.954s][debug  ][gc,phases      ] GC(44)     Dead                           Min: 0, Avg:  0.0, Max: 0, Diff: 0, Sum: 0, Workers: 6
[11.955s][debug  ][gc,phases      ] GC(44)     Total                          Min: 0, Avg:  0.0, Max: 0, Diff: 0, Sum: 0, Workers: 6
[11.955s][debug  ][gc,phases      ] GC(44)   StringTable Weak               Min:  0.0, Avg:  0.0, Max:  0.0, Diff:  0.0, Sum:  0.0, Workers: 6
[11.955s][debug  ][gc,phases      ] GC(44)     Dead                           Min: 0, Avg:  0.0, Max: 0, Diff: 0, Sum: 0, Workers: 6
[11.955s][debug  ][gc,phases      ] GC(44)     Total                          Min: 704, Avg: 891.8, Max: 999, Diff: 295, Sum: 5351, Workers: 6
[11.955s][debug  ][gc,phases      ] GC(44)   ResolvedMethodTable Weak       Min:  0.0, Avg:  0.0, Max:  0.0, Diff:  0.0, Sum:  0.0, Workers: 6
[11.955s][debug  ][gc,phases      ] GC(44)     Dead                           Min: 0, Avg:  0.0, Max: 0, Diff: 0, Sum: 0, Workers: 6
[11.955s][debug  ][gc,phases      ] GC(44)     Total                          Min: 0, Avg: 21.7, Max: 64, Diff: 64, Sum: 130, Workers: 6
[11.955s][debug  ][gc,phases      ] GC(44)   JNI Weak                       Min:  0.0, Avg:  0.0, Max:  0.0, Diff:  0.0, Sum:  0.0, Workers: 6
[11.955s][debug  ][gc,phases      ] GC(44)     Dead                           Min: 0, Avg:  0.0, Max: 0, Diff: 0, Sum: 0, Workers: 6
[11.955s][debug  ][gc,phases      ] GC(44)     Total                          Min: 0, Avg:  0.0, Max: 0, Diff: 0, Sum: 0, Workers: 6
[11.955s][debug  ][gc,phases      ] GC(44)   StringDedup Table Weak         Min:  0.0, Avg:  0.0, Max:  0.0, Diff:  0.0, Sum:  0.0, Workers: 6
[11.955s][debug  ][gc,phases      ] GC(44)     Dead                           Min: 0, Avg:  0.0, Max: 0, Diff: 0, Sum: 0, Workers: 6
[11.955s][debug  ][gc,phases      ] GC(44)     Total                          Min: 0, Avg:  0.0, Max: 0, Diff: 0, Sum: 0, Workers: 6
[11.955s][debug  ][gc,phases      ] GC(44)   StringDedup Requests0 Weak     Min:  0.0, Avg:  0.0, Max:  0.0, Diff:  0.0, Sum:  0.0, Workers: 6
[11.955s][debug  ][gc,phases      ] GC(44)     Dead                           Min: 0, Avg:  0.0, Max: 0, Diff: 0, Sum: 0, Workers: 6
[11.955s][debug  ][gc,phases      ] GC(44)     Total                          Min: 0, Avg:  0.0, Max: 0, Diff: 0, Sum: 0, Workers: 6
[11.955s][debug  ][gc,phases      ] GC(44)   StringDedup Requests1 Weak     Min:  0.0, Avg:  0.0, Max:  0.0, Diff:  0.0, Sum:  0.0, Workers: 6
[11.955s][debug  ][gc,phases      ] GC(44)     Dead                           Min: 0, Avg:  0.0, Max: 0, Diff: 0, Sum: 0, Workers: 6
[11.955s][debug  ][gc,phases      ] GC(44)     Total                          Min: 0, Avg:  0.0, Max: 0, Diff: 0, Sum: 0, Workers: 6
[11.955s][debug  ][gc,phases      ] GC(44)   Weak JFR Old Object Samples    Min:  0.0, Avg:  0.0, Max:  0.0, Diff:  0.0, Sum:  0.0, Workers: 6
[11.955s][debug  ][gc,phases      ] GC(44)     Dead                           Min: 0, Avg:  0.0, Max: 0, Diff: 0, Sum: 0, Workers: 6
[11.955s][debug  ][gc,phases      ] GC(44)     Total                          Min: 0, Avg:  0.0, Max: 0, Diff: 0, Sum: 0, Workers: 6
[11.955s][debug  ][gc,phases      ] GC(44) Weak Processing 0.869ms
[11.955s][debug  ][gc,ergo        ] GC(44) AdaptiveSizeStart:  collection: 45 
[11.955s][debug  ][gc,ergo        ] GC(44) avg_survived_padded_avg: 32015326.000000
[11.955s][debug  ][gc,ergo        ] GC(44) avg_promoted_padded_avg: 247661888.000000  avg_pretenured_padded_avg: 0.000000  tenuring_thresh: 1  target_size: 32505856
[11.955s][debug  ][gc,age         ] GC(44) Desired survivor size 32505856 bytes, new threshold 1 (max threshold 15)
[11.955s][debug  ][gc,ergo        ] GC(44) PSAdaptiveSizePolicy::compute_eden_space_size limits: desired_eden_size: 231455812 old_eden_size: 203423744 eden_limit: 203423744 cur_eden: 203423744 max_eden_size: 203423744 avg_young_live: 25172444
[11.955s][debug  ][gc,ergo        ] GC(44) PSAdaptiveSizePolicy::compute_eden_space_size: costs minor_time: 0.045549 major_cost: 0.037086 mutator_cost: 0.917365 throughput_goal: 0.990000
[11.955s][debug  ][gc,ergo        ] GC(44) Live_space: 920298112 free_space: 1067450368
[11.955s][debug  ][gc,ergo        ] GC(44) Old eden_size: 203423744 desired_eden_size: 203423744
[11.955s][debug  ][gc,ergo        ] GC(44) AdaptiveSizeStop: collection: 45 
[11.955s][info   ][gc,heap        ] GC(44) PSYoungGen: 198441K(230400K)->30720K(230400K) Eden: 198441K(198656K)->0K(198656K) From: 0K(31744K)->30720K(31744K)
[11.955s][info   ][gc,heap        ] GC(44) ParOldGen: 544355K(1638400K)->708195K(1638400K)
[11.955s][info   ][gc,metaspace   ] GC(44) Metaspace: 1019K(1152K)->1019K(1152K) NonClass: 935K(960K)->935K(960K) Class: 83K(192K)->83K(192K)
[11.955s][info   ][gc             ] GC(44) Pause Young (Allocation Failure) 725M->721M(1825M) 14.459ms
[11.955s][info   ][gc,cpu         ] GC(44) User=0.02s Sys=0.00s Real=0.01s
[11.955s][debug  ][gc,heap        ] GC(44) Heap after GC invocations=45 (full 8):
[11.955s][debug  ][gc,heap        ] GC(44)  PSYoungGen      total 230400K, used 30720K [0x00000000f0000000, 0x0000000100000000, 0x0000000100000000)
[11.955s][debug  ][gc,heap        ] GC(44)   eden space 198656K, 0% used [0x00000000f0000000,0x00000000f0000000,0x00000000fc200000)
[11.955s][debug  ][gc,heap        ] GC(44)   from space 31744K, 96% used [0x00000000fc200000,0x00000000fe000030,0x00000000fe100000)
[11.955s][debug  ][gc,heap        ] GC(44)   to   space 31744K, 0% used [0x00000000fe100000,0x00000000fe100000,0x0000000100000000)
[11.956s][debug  ][gc,heap        ] GC(44)  ParOldGen       total 1638400K, used 708195K [0x0000000080000000, 0x00000000e4000000, 0x00000000f0000000)
[11.956s][debug  ][gc,heap        ] GC(44)   object space 1638400K, 43% used [0x0000000080000000,0x00000000ab398f68,0x00000000e4000000)
[11.956s][debug  ][gc,heap        ] GC(44)  Metaspace       used 1019K, committed 1152K, reserved 1056768K
[11.956s][debug  ][gc,heap        ] GC(44)   class space    used 83K, committed 192K, reserved 1048576K
[11.956s][debug  ][gc,task,time   ] GC(44) VM-Thread 119404901 119534821 119556019
[12.258s][debug  ][gc,heap        ] GC(45) Heap before GC invocations=46 (full 8):
[12.258s][debug  ][gc,heap        ] GC(45)  PSYoungGen      total 230400K, used 229094K [0x00000000f0000000, 0x0000000100000000, 0x0000000100000000)
[12.258s][debug  ][gc,heap        ] GC(45)   eden space 198656K, 99% used [0x00000000f0000000,0x00000000fc1b99f8,0x00000000fc200000)
[12.258s][debug  ][gc,heap        ] GC(45)   from space 31744K, 96% used [0x00000000fc200000,0x00000000fe000030,0x00000000fe100000)
[12.258s][debug  ][gc,heap        ] GC(45)   to   space 31744K, 0% used [0x00000000fe100000,0x00000000fe100000,0x0000000100000000)
[12.258s][debug  ][gc,heap        ] GC(45)  ParOldGen       total 1638400K, used 708195K [0x0000000080000000, 0x00000000e4000000, 0x00000000f0000000)
[12.258s][debug  ][gc,heap        ] GC(45)   object space 1638400K, 43% used [0x0000000080000000,0x00000000ab398f68,0x00000000e4000000)
[12.258s][debug  ][gc,heap        ] GC(45)  Metaspace       used 1019K, committed 1152K, reserved 1056768K
[12.258s][debug  ][gc,heap        ] GC(45)   class space    used 83K, committed 192K, reserved 1048576K
[12.258s][debug  ][gc,tlab        ] GC(45) TLAB totals: thrds: 1  refills: 1 max: 1 slow allocs: 18 max 18 waste: 27.1% gc: 3905736B max: 3905736B slow: 0B max: 0B
[12.258s][info   ][gc,start       ] GC(45) Pause Young (Allocation Failure)
[12.258s][debug  ][gc,phases,start] GC(45) Scavenge
[12.273s][debug  ][gc,phases      ] GC(45) Scavenge 14.645ms
[12.273s][debug  ][gc,phases,start] GC(45) Reference Processing
[12.273s][debug  ][gc,ref         ] GC(45) Skipped phase 1 of Reference Processing: no references
[12.273s][debug  ][gc,ref         ] GC(45) Skipped phase 2 of Reference Processing: no references
[12.273s][debug  ][gc,ref         ] GC(45) Skipped phase 3 of Reference Processing: no references
[12.273s][debug  ][gc,ref         ] GC(45) Skipped phase 4 of Reference Processing: no references
[12.273s][debug  ][gc,phases,ref  ] GC(45) Reference Processing: 0.1ms
[12.273s][debug  ][gc,phases,ref  ] GC(45)   Reconsider SoftReferences: 0.0ms
[12.273s][debug  ][gc,phases,ref  ] GC(45)     SoftRef (ms):                  skipped
[12.273s][debug  ][gc,phases,ref  ] GC(45)   Notify Soft/WeakReferences: 0.0ms
[12.273s][debug  ][gc,phases,ref  ] GC(45)     SoftRef (ms):                  skipped
[12.273s][debug  ][gc,phases,ref  ] GC(45)     WeakRef (ms):                  skipped
[12.273s][debug  ][gc,phases,ref  ] GC(45)     FinalRef (ms):                 skipped
[12.273s][debug  ][gc,phases,ref  ] GC(45)     Total (ms):                    skipped
[12.273s][debug  ][gc,phases,ref  ] GC(45)   Notify and keep alive finalizable: 0.0ms
[12.273s][debug  ][gc,phases,ref  ] GC(45)     FinalRef (ms):                 skipped
[12.273s][debug  ][gc,phases,ref  ] GC(45)   Notify PhantomReferences: 0.0ms
[12.273s][debug  ][gc,phases,ref  ] GC(45)     PhantomRef (ms):               skipped
[12.273s][debug  ][gc,phases,ref  ] GC(45)   SoftReference:
[12.273s][debug  ][gc,phases,ref  ] GC(45)     Discovered: 0
[12.273s][debug  ][gc,phases,ref  ] GC(45)     Cleared: 0
[12.273s][debug  ][gc,phases,ref  ] GC(45)   WeakReference:
[12.273s][debug  ][gc,phases,ref  ] GC(45)     Discovered: 0
[12.273s][debug  ][gc,phases,ref  ] GC(45)     Cleared: 0
[12.273s][debug  ][gc,phases,ref  ] GC(45)   FinalReference:
[12.273s][debug  ][gc,phases,ref  ] GC(45)     Discovered: 0
[12.273s][debug  ][gc,phases,ref  ] GC(45)     Cleared: 0
[12.273s][debug  ][gc,phases,ref  ] GC(45)   PhantomReference:
[12.274s][debug  ][gc,phases,ref  ] GC(45)     Discovered: 0
[12.274s][debug  ][gc,phases,ref  ] GC(45)     Cleared: 0
[12.274s][debug  ][gc,phases      ] GC(45) Reference Processing 0.716ms
[12.274s][debug  ][gc,phases,start] GC(45) Weak Processing
[12.274s][debug  ][gc,phases      ] GC(45)   VM Weak                        Min:  0.0, Avg:  0.0, Max:  0.0, Diff:  0.0, Sum:  0.0, Workers: 6
[12.274s][debug  ][gc,phases      ] GC(45)     Dead                           Min: 0, Avg:  0.0, Max: 0, Diff: 0, Sum: 0, Workers: 6
[12.274s][debug  ][gc,phases      ] GC(45)     Total                          Min: 0, Avg:  1.3, Max: 8, Diff: 8, Sum: 8, Workers: 6
[12.274s][debug  ][gc,phases      ] GC(45)   ObjectSynchronizer Weak        Min:  0.0, Avg:  0.0, Max:  0.0, Diff:  0.0, Sum:  0.0, Workers: 6
[12.274s][debug  ][gc,phases      ] GC(45)     Dead                           Min: 0, Avg:  0.0, Max: 0, Diff: 0, Sum: 0, Workers: 6
[12.274s][debug  ][gc,phases      ] GC(45)     Total                          Min: 0, Avg:  0.5, Max: 3, Diff: 3, Sum: 3, Workers: 6
[12.274s][debug  ][gc,phases      ] GC(45)   JVMTI Tag Weak OopStorage      Min:  0.0, Avg:  0.0, Max:  0.0, Diff:  0.0, Sum:  0.0, Workers: 6
[12.274s][debug  ][gc,phases      ] GC(45)     Dead                           Min: 0, Avg:  0.0, Max: 0, Diff: 0, Sum: 0, Workers: 6
[12.274s][debug  ][gc,phases      ] GC(45)     Total                          Min: 0, Avg:  0.0, Max: 0, Diff: 0, Sum: 0, Workers: 6
[12.274s][debug  ][gc,phases      ] GC(45)   StringTable Weak               Min:  0.0, Avg:  0.0, Max:  0.0, Diff:  0.0, Sum:  0.0, Workers: 6
[12.274s][debug  ][gc,phases      ] GC(45)     Dead                           Min: 0, Avg:  0.0, Max: 0, Diff: 0, Sum: 0, Workers: 6
[12.274s][debug  ][gc,phases      ] GC(45)     Total                          Min: 831, Avg: 891.8, Max: 960, Diff: 129, Sum: 5351, Workers: 6
[12.274s][debug  ][gc,phases      ] GC(45)   ResolvedMethodTable Weak       Min:  0.0, Avg:  0.0, Max:  0.0, Diff:  0.0, Sum:  0.0, Workers: 6
[12.274s][debug  ][gc,phases      ] GC(45)     Dead                           Min: 0, Avg:  0.0, Max: 0, Diff: 0, Sum: 0, Workers: 6
[12.274s][debug  ][gc,phases      ] GC(45)     Total                          Min: 0, Avg: 21.7, Max: 64, Diff: 64, Sum: 130, Workers: 6
[12.274s][debug  ][gc,phases      ] GC(45)   JNI Weak                       Min:  0.0, Avg:  0.0, Max:  0.0, Diff:  0.0, Sum:  0.0, Workers: 6
[12.274s][debug  ][gc,phases      ] GC(45)     Dead                           Min: 0, Avg:  0.0, Max: 0, Diff: 0, Sum: 0, Workers: 6
[12.274s][debug  ][gc,phases      ] GC(45)     Total                          Min: 0, Avg:  0.0, Max: 0, Diff: 0, Sum: 0, Workers: 6
[12.274s][debug  ][gc,phases      ] GC(45)   StringDedup Table Weak         Min:  0.0, Avg:  0.0, Max:  0.0, Diff:  0.0, Sum:  0.0, Workers: 6
[12.274s][debug  ][gc,phases      ] GC(45)     Dead                           Min: 0, Avg:  0.0, Max: 0, Diff: 0, Sum: 0, Workers: 6
[12.274s][debug  ][gc,phases      ] GC(45)     Total                          Min: 0, Avg:  0.0, Max: 0, Diff: 0, Sum: 0, Workers: 6
[12.274s][debug  ][gc,phases      ] GC(45)   StringDedup Requests0 Weak     Min:  0.0, Avg:  0.0, Max:  0.0, Diff:  0.0, Sum:  0.0, Workers: 6
[12.274s][debug  ][gc,phases      ] GC(45)     Dead                           Min: 0, Avg:  0.0, Max: 0, Diff: 0, Sum: 0, Workers: 6
[12.274s][debug  ][gc,phases      ] GC(45)     Total                          Min: 0, Avg:  0.0, Max: 0, Diff: 0, Sum: 0, Workers: 6
[12.274s][debug  ][gc,phases      ] GC(45)   StringDedup Requests1 Weak     Min:  0.0, Avg:  0.0, Max:  0.0, Diff:  0.0, Sum:  0.0, Workers: 6
[12.274s][debug  ][gc,phases      ] GC(45)     Dead                           Min: 0, Avg:  0.0, Max: 0, Diff: 0, Sum: 0, Workers: 6
[12.274s][debug  ][gc,phases      ] GC(45)     Total                          Min: 0, Avg:  0.0, Max: 0, Diff: 0, Sum: 0, Workers: 6
[12.274s][debug  ][gc,phases      ] GC(45)   Weak JFR Old Object Samples    Min:  0.0, Avg:  0.0, Max:  0.0, Diff:  0.0, Sum:  0.0, Workers: 6
[12.274s][debug  ][gc,phases      ] GC(45)     Dead                           Min: 0, Avg:  0.0, Max: 0, Diff: 0, Sum: 0, Workers: 6
[12.274s][debug  ][gc,phases      ] GC(45)     Total                          Min: 0, Avg:  0.0, Max: 0, Diff: 0, Sum: 0, Workers: 6
[12.274s][debug  ][gc,phases      ] GC(45) Weak Processing 0.801ms
[12.274s][debug  ][gc,ergo        ] GC(45) AdaptiveSizeStart:  collection: 46 
[12.274s][debug  ][gc,ergo        ] GC(45) avg_survived_padded_avg: 31973858.000000
[12.274s][debug  ][gc,ergo        ] GC(45) avg_promoted_padded_avg: 251075136.000000  avg_pretenured_padded_avg: 0.000000  tenuring_thresh: 1  target_size: 31981568
[12.274s][debug  ][gc,age         ] GC(45) Desired survivor size 31981568 bytes, new threshold 1 (max threshold 15)
[12.275s][debug  ][gc,ergo        ] GC(45) PSAdaptiveSizePolicy::compute_eden_space_size limits: desired_eden_size: 231826589 old_eden_size: 203423744 eden_limit: 203423744 cur_eden: 203423744 max_eden_size: 203423744 avg_young_live: 25800930
[12.275s][debug  ][gc,ergo        ] GC(45) PSAdaptiveSizePolicy::compute_eden_space_size: costs minor_time: 0.046914 major_cost: 0.037086 mutator_cost: 0.916000 throughput_goal: 0.990000
[12.275s][debug  ][gc,ergo        ] GC(45) Live_space: 920926592 free_space: 1067450368
[12.275s][debug  ][gc,ergo        ] GC(45) Old eden_size: 203423744 desired_eden_size: 203423744
[12.275s][debug  ][gc,ergo        ] GC(45) AdaptiveSizeStop: collection: 46 
[12.275s][info   ][gc,heap        ] GC(45) PSYoungGen: 229094K(230400K)->30720K(230912K) Eden: 198374K(198656K)->0K(199168K) From: 30720K(31744K)->30720K(31744K)
[12.275s][info   ][gc,heap        ] GC(45) ParOldGen: 708195K(1638400K)->902756K(1638400K)
[12.275s][info   ][gc,metaspace   ] GC(45) Metaspace: 1019K(1152K)->1019K(1152K) NonClass: 935K(960K)->935K(960K) Class: 83K(192K)->83K(192K)
[12.275s][info   ][gc             ] GC(45) Pause Young (Allocation Failure) 915M->911M(1825M) 16.722ms
[12.275s][info   ][gc,cpu         ] GC(45) User=0.06s Sys=0.02s Real=0.02s
[12.275s][debug  ][gc,heap        ] GC(45) Heap after GC invocations=46 (full 8):
[12.275s][debug  ][gc,heap        ] GC(45)  PSYoungGen      total 230912K, used 30720K [0x00000000f0000000, 0x0000000100000000, 0x0000000100000000)
[12.275s][debug  ][gc,heap        ] GC(45)   eden space 199168K, 0% used [0x00000000f0000000,0x00000000f0000000,0x00000000fc280000)
[12.275s][debug  ][gc,heap        ] GC(45)   from space 31744K, 96% used [0x00000000fe100000,0x00000000fff00030,0x0000000100000000)
[12.275s][debug  ][gc,heap        ] GC(45)   to   space 31232K, 0% used [0x00000000fc280000,0x00000000fc280000,0x00000000fe100000)
[12.275s][debug  ][gc,heap        ] GC(45)  ParOldGen       total 1638400K, used 902756K [0x0000000080000000, 0x00000000e4000000, 0x00000000f0000000)
[12.275s][debug  ][gc,heap        ] GC(45)   object space 1638400K, 55% used [0x0000000080000000,0x00000000b7199098,0x00000000e4000000)
[12.275s][debug  ][gc,heap        ] GC(45)  Metaspace       used 1019K, committed 1152K, reserved 1056768K
[12.275s][debug  ][gc,heap        ] GC(45)   class space    used 83K, committed 192K, reserved 1048576K
[12.275s][debug  ][gc,task,time   ] GC(45) VM-Thread 122575923 122728523 122751285
[12.577s][debug  ][gc,heap        ] GC(46) Heap before GC invocations=47 (full 8):
[12.577s][debug  ][gc,heap        ] GC(46)  PSYoungGen      total 230912K, used 229133K [0x00000000f0000000, 0x0000000100000000, 0x0000000100000000)
[12.577s][debug  ][gc,heap        ] GC(46)   eden space 199168K, 99% used [0x00000000f0000000,0x00000000fc1c3520,0x00000000fc280000)
[12.577s][debug  ][gc,heap        ] GC(46)   from space 31744K, 96% used [0x00000000fe100000,0x00000000fff00030,0x0000000100000000)
[12.577s][debug  ][gc,heap        ] GC(46)   to   space 31232K, 0% used [0x00000000fc280000,0x00000000fc280000,0x00000000fe100000)
[12.577s][debug  ][gc,heap        ] GC(46)  ParOldGen       total 1638400K, used 902756K [0x0000000080000000, 0x00000000e4000000, 0x00000000f0000000)
[12.577s][debug  ][gc,heap        ] GC(46)   object space 1638400K, 55% used [0x0000000080000000,0x00000000b7199098,0x00000000e4000000)
[12.577s][debug  ][gc,heap        ] GC(46)  Metaspace       used 1019K, committed 1216K, reserved 1056768K
[12.577s][debug  ][gc,heap        ] GC(46)   class space    used 83K, committed 192K, reserved 1048576K
[12.577s][debug  ][gc,tlab        ] GC(46) TLAB totals: thrds: 1  refills: 1 max: 1 slow allocs: 18 max 18 waste: 27.3% gc: 3944288B max: 3944288B slow: 0B max: 0B
[12.577s][info   ][gc,start       ] GC(46) Pause Young (Allocation Failure)
[12.577s][debug  ][gc,phases,start] GC(46) Scavenge
[12.584s][debug  ][gc,phases      ] GC(46) Scavenge 6.738ms
[12.584s][debug  ][gc,phases,start] GC(46) Reference Processing
[12.584s][debug  ][gc,ref         ] GC(46) Skipped phase 1 of Reference Processing: no references
[12.584s][debug  ][gc,ref         ] GC(46) Skipped phase 2 of Reference Processing: no references
[12.584s][debug  ][gc,ref         ] GC(46) Skipped phase 3 of Reference Processing: no references
[12.584s][debug  ][gc,ref         ] GC(46) Skipped phase 4 of Reference Processing: no references
[12.584s][debug  ][gc,phases,ref  ] GC(46) Reference Processing: 0.1ms
[12.584s][debug  ][gc,phases,ref  ] GC(46)   Reconsider SoftReferences: 0.0ms
[12.584s][debug  ][gc,phases,ref  ] GC(46)     SoftRef (ms):                  skipped
[12.584s][debug  ][gc,phases,ref  ] GC(46)   Notify Soft/WeakReferences: 0.0ms
[12.584s][debug  ][gc,phases,ref  ] GC(46)     SoftRef (ms):                  skipped
[12.584s][debug  ][gc,phases,ref  ] GC(46)     WeakRef (ms):                  skipped
[12.584s][debug  ][gc,phases,ref  ] GC(46)     FinalRef (ms):                 skipped
[12.584s][debug  ][gc,phases,ref  ] GC(46)     Total (ms):                    skipped
[12.584s][debug  ][gc,phases,ref  ] GC(46)   Notify and keep alive finalizable: 0.0ms
[12.584s][debug  ][gc,phases,ref  ] GC(46)     FinalRef (ms):                 skipped
[12.584s][debug  ][gc,phases,ref  ] GC(46)   Notify PhantomReferences: 0.0ms
[12.584s][debug  ][gc,phases,ref  ] GC(46)     PhantomRef (ms):               skipped
[12.584s][debug  ][gc,phases,ref  ] GC(46)   SoftReference:
[12.584s][debug  ][gc,phases,ref  ] GC(46)     Discovered: 0
[12.584s][debug  ][gc,phases,ref  ] GC(46)     Cleared: 0
[12.584s][debug  ][gc,phases,ref  ] GC(46)   WeakReference:
[12.584s][debug  ][gc,phases,ref  ] GC(46)     Discovered: 0
[12.584s][debug  ][gc,phases,ref  ] GC(46)     Cleared: 0
[12.584s][debug  ][gc,phases,ref  ] GC(46)   FinalReference:
[12.584s][debug  ][gc,phases,ref  ] GC(46)     Discovered: 0
[12.584s][debug  ][gc,phases,ref  ] GC(46)     Cleared: 0
[12.584s][debug  ][gc,phases,ref  ] GC(46)   PhantomReference:
[12.584s][debug  ][gc,phases,ref  ] GC(46)     Discovered: 0
[12.585s][debug  ][gc,phases,ref  ] GC(46)     Cleared: 0
[12.585s][debug  ][gc,phases      ] GC(46) Reference Processing 0.687ms
[12.585s][debug  ][gc,phases,start] GC(46) Weak Processing
[12.585s][debug  ][gc,phases      ] GC(46)   VM Weak                        Min:  0.0, Avg:  0.0, Max:  0.0, Diff:  0.0, Sum:  0.0, Workers: 6
[12.585s][debug  ][gc,phases      ] GC(46)     Dead                           Min: 0, Avg:  0.0, Max: 0, Diff: 0, Sum: 0, Workers: 6
[12.585s][debug  ][gc,phases      ] GC(46)     Total                          Min: 0, Avg:  1.3, Max: 8, Diff: 8, Sum: 8, Workers: 6
[12.585s][debug  ][gc,phases      ] GC(46)   ObjectSynchronizer Weak        Min:  0.0, Avg:  0.0, Max:  0.0, Diff:  0.0, Sum:  0.0, Workers: 6
[12.585s][debug  ][gc,phases      ] GC(46)     Dead                           Min: 0, Avg:  0.0, Max: 0, Diff: 0, Sum: 0, Workers: 6
[12.585s][debug  ][gc,phases      ] GC(46)     Total                          Min: 0, Avg:  0.5, Max: 3, Diff: 3, Sum: 3, Workers: 6
[12.585s][debug  ][gc,phases      ] GC(46)   JVMTI Tag Weak OopStorage      Min:  0.0, Avg:  0.0, Max:  0.0, Diff:  0.0, Sum:  0.0, Workers: 6
[12.585s][debug  ][gc,phases      ] GC(46)     Dead                           Min: 0, Avg:  0.0, Max: 0, Diff: 0, Sum: 0, Workers: 6
[12.585s][debug  ][gc,phases      ] GC(46)     Total                          Min: 0, Avg:  0.0, Max: 0, Diff: 0, Sum: 0, Workers: 6
[12.585s][debug  ][gc,phases      ] GC(46)   StringTable Weak               Min:  0.0, Avg:  0.0, Max:  0.0, Diff:  0.0, Sum:  0.0, Workers: 6
[12.585s][debug  ][gc,phases      ] GC(46)     Dead                           Min: 0, Avg:  0.0, Max: 0, Diff: 0, Sum: 0, Workers: 6
[12.585s][debug  ][gc,phases      ] GC(46)     Total                          Min: 768, Avg: 891.8, Max: 1152, Diff: 384, Sum: 5351, Workers: 6
[12.585s][debug  ][gc,phases      ] GC(46)   ResolvedMethodTable Weak       Min:  0.0, Avg:  0.0, Max:  0.0, Diff:  0.0, Sum:  0.0, Workers: 6
[12.585s][debug  ][gc,phases      ] GC(46)     Dead                           Min: 0, Avg:  0.0, Max: 0, Diff: 0, Sum: 0, Workers: 6
[12.585s][debug  ][gc,phases      ] GC(46)     Total                          Min: 0, Avg: 21.7, Max: 64, Diff: 64, Sum: 130, Workers: 6
[12.585s][debug  ][gc,phases      ] GC(46)   JNI Weak                       Min:  0.0, Avg:  0.0, Max:  0.0, Diff:  0.0, Sum:  0.0, Workers: 6
[12.585s][debug  ][gc,phases      ] GC(46)     Dead                           Min: 0, Avg:  0.0, Max: 0, Diff: 0, Sum: 0, Workers: 6
[12.585s][debug  ][gc,phases      ] GC(46)     Total                          Min: 0, Avg:  0.0, Max: 0, Diff: 0, Sum: 0, Workers: 6
[12.585s][debug  ][gc,phases      ] GC(46)   StringDedup Table Weak         Min:  0.0, Avg:  0.0, Max:  0.0, Diff:  0.0, Sum:  0.0, Workers: 6
[12.585s][debug  ][gc,phases      ] GC(46)     Dead                           Min: 0, Avg:  0.0, Max: 0, Diff: 0, Sum: 0, Workers: 6
[12.585s][debug  ][gc,phases      ] GC(46)     Total                          Min: 0, Avg:  0.0, Max: 0, Diff: 0, Sum: 0, Workers: 6
[12.585s][debug  ][gc,phases      ] GC(46)   StringDedup Requests0 Weak     Min:  0.0, Avg:  0.0, Max:  0.0, Diff:  0.0, Sum:  0.0, Workers: 6
[12.585s][debug  ][gc,phases      ] GC(46)     Dead                           Min: 0, Avg:  0.0, Max: 0, Diff: 0, Sum: 0, Workers: 6
[12.585s][debug  ][gc,phases      ] GC(46)     Total                          Min: 0, Avg:  0.0, Max: 0, Diff: 0, Sum: 0, Workers: 6
[12.585s][debug  ][gc,phases      ] GC(46)   StringDedup Requests1 Weak     Min:  0.0, Avg:  0.0, Max:  0.0, Diff:  0.0, Sum:  0.0, Workers: 6
[12.585s][debug  ][gc,phases      ] GC(46)     Dead                           Min: 0, Avg:  0.0, Max: 0, Diff: 0, Sum: 0, Workers: 6
[12.585s][debug  ][gc,phases      ] GC(46)     Total                          Min: 0, Avg:  0.0, Max: 0, Diff: 0, Sum: 0, Workers: 6
[12.585s][debug  ][gc,phases      ] GC(46)   Weak JFR Old Object Samples    Min:  0.0, Avg:  0.0, Max:  0.0, Diff:  0.0, Sum:  0.0, Workers: 6
[12.586s][debug  ][gc,phases      ] GC(46)     Dead                           Min: 0, Avg:  0.0, Max: 0, Diff: 0, Sum: 0, Workers: 6
[12.586s][debug  ][gc,phases      ] GC(46)     Total                          Min: 0, Avg:  0.0, Max: 0, Diff: 0, Sum: 0, Workers: 6
[12.586s][debug  ][gc,phases      ] GC(46) Weak Processing 1.011ms
[12.586s][debug  ][gc,ergo        ] GC(46) AdaptiveSizeStart:  collection: 47 
[12.586s][debug  ][gc,ergo        ] GC(46) avg_survived_padded_avg: 31935102.000000
[12.586s][debug  ][gc,ergo        ] GC(46) avg_promoted_padded_avg: 259850752.000000  avg_pretenured_padded_avg: 0.000000  tenuring_thresh: 1  target_size: 31981568
[12.586s][debug  ][gc,age         ] GC(46) Desired survivor size 31981568 bytes, new threshold 1 (max threshold 15)
[12.586s][debug  ][gc,ergo        ] GC(46) PSAdaptiveSizePolicy::compute_eden_space_size limits: desired_eden_size: 231256078 old_eden_size: 203423744 eden_limit: 203948032 cur_eden: 203948032 max_eden_size: 203948032 avg_young_live: 26366568
[12.586s][debug  ][gc,ergo        ] GC(46) PSAdaptiveSizePolicy::compute_eden_space_size: costs minor_time: 0.042072 major_cost: 0.037086 mutator_cost: 0.920842 throughput_goal: 0.990000
[12.586s][debug  ][gc,ergo        ] GC(46) Live_space: 921492224 free_space: 1067450368
[12.586s][debug  ][gc,ergo        ] GC(46) Old eden_size: 203423744 desired_eden_size: 203948032
[12.586s][debug  ][gc,ergo        ] GC(46) AdaptiveSizeStop: collection: 47 
[12.586s][info   ][gc,heap        ] GC(46) PSYoungGen: 229133K(230912K)->30720K(230400K) Eden: 198413K(199168K)->0K(199168K) From: 30720K(31744K)->30720K(31232K)
[12.586s][info   ][gc,heap        ] GC(46) ParOldGen: 902756K(1638400K)->974436K(1638400K)
[12.586s][info   ][gc,metaspace   ] GC(46) Metaspace: 1019K(1216K)->1019K(1216K) NonClass: 935K(1024K)->935K(1024K) Class: 83K(192K)->83K(192K)
[12.586s][info   ][gc             ] GC(46) Pause Young (Allocation Failure) 1105M->981M(1825M) 9.026ms
[12.586s][info   ][gc,cpu         ] GC(46) User=0.09s Sys=0.00s Real=0.01s
[12.586s][debug  ][gc,heap        ] GC(46) Heap after GC invocations=47 (full 8):
[12.586s][debug  ][gc,heap        ] GC(46)  PSYoungGen      total 230400K, used 30720K [0x00000000f0000000, 0x0000000100000000, 0x0000000100000000)
[12.586s][debug  ][gc,heap        ] GC(46)   eden space 199168K, 0% used [0x00000000f0000000,0x00000000f0000000,0x00000000fc280000)
[12.586s][debug  ][gc,heap        ] GC(46)   from space 31232K, 98% used [0x00000000fc280000,0x00000000fe080030,0x00000000fe100000)
[12.586s][debug  ][gc,heap        ] GC(46)   to   space 31232K, 0% used [0x00000000fe180000,0x00000000fe180000,0x0000000100000000)
[12.586s][debug  ][gc,heap        ] GC(46)  ParOldGen       total 1638400K, used 974436K [0x0000000080000000, 0x00000000e4000000, 0x00000000f0000000)
[12.586s][debug  ][gc,heap        ] GC(46)   object space 1638400K, 59% used [0x0000000080000000,0x00000000bb799108,0x00000000e4000000)
[12.586s][debug  ][gc,heap        ] GC(46)  Metaspace       used 1019K, committed 1216K, reserved 1056768K
[12.586s][debug  ][gc,heap        ] GC(46)   class space    used 83K, committed 192K, reserved 1048576K
[12.586s][debug  ][gc,task,time   ] GC(46) VM-Thread 125766388 125838592 125864316
[12.896s][debug  ][gc,heap        ] GC(47) Heap before GC invocations=48 (full 8):
[12.896s][debug  ][gc,heap        ] GC(47)  PSYoungGen      total 230400K, used 229151K [0x00000000f0000000, 0x0000000100000000, 0x0000000100000000)
[12.896s][debug  ][gc,heap        ] GC(47)   eden space 199168K, 99% used [0x00000000f0000000,0x00000000fc1c7f58,0x00000000fc280000)
[12.896s][debug  ][gc,heap        ] GC(47)   from space 31232K, 98% used [0x00000000fc280000,0x00000000fe080030,0x00000000fe100000)
[12.896s][debug  ][gc,heap        ] GC(47)   to   space 31232K, 0% used [0x00000000fe180000,0x00000000fe180000,0x0000000100000000)
[12.896s][debug  ][gc,heap        ] GC(47)  ParOldGen       total 1638400K, used 974436K [0x0000000080000000, 0x00000000e4000000, 0x00000000f0000000)
[12.896s][debug  ][gc,heap        ] GC(47)   object space 1638400K, 59% used [0x0000000080000000,0x00000000bb799108,0x00000000e4000000)
[12.896s][debug  ][gc,heap        ] GC(47)  Metaspace       used 1019K, committed 1216K, reserved 1056768K
[12.896s][debug  ][gc,heap        ] GC(47)   class space    used 83K, committed 192K, reserved 1048576K
[12.896s][debug  ][gc,tlab        ] GC(47) TLAB totals: thrds: 1  refills: 1 max: 1 slow allocs: 18 max 18 waste: 27.4% gc: 3964456B max: 3964456B slow: 0B max: 0B
[12.896s][info   ][gc,start       ] GC(47) Pause Young (Allocation Failure)
[12.896s][debug  ][gc,phases,start] GC(47) Scavenge
[12.910s][debug  ][gc,phases      ] GC(47) Scavenge 14.169ms
[12.910s][debug  ][gc,phases,start] GC(47) Reference Processing
[12.911s][debug  ][gc,ref         ] GC(47) Skipped phase 1 of Reference Processing: no references
[12.911s][debug  ][gc,ref         ] GC(47) Skipped phase 2 of Reference Processing: no references
[12.911s][debug  ][gc,ref         ] GC(47) Skipped phase 3 of Reference Processing: no references
[12.911s][debug  ][gc,ref         ] GC(47) Skipped phase 4 of Reference Processing: no references
[12.911s][debug  ][gc,phases,ref  ] GC(47) Reference Processing: 0.1ms
[12.911s][debug  ][gc,phases,ref  ] GC(47)   Reconsider SoftReferences: 0.0ms
[12.911s][debug  ][gc,phases,ref  ] GC(47)     SoftRef (ms):                  skipped
[12.911s][debug  ][gc,phases,ref  ] GC(47)   Notify Soft/WeakReferences: 0.0ms
[12.911s][debug  ][gc,phases,ref  ] GC(47)     SoftRef (ms):                  skipped
[12.911s][debug  ][gc,phases,ref  ] GC(47)     WeakRef (ms):                  skipped
[12.911s][debug  ][gc,phases,ref  ] GC(47)     FinalRef (ms):                 skipped
[12.911s][debug  ][gc,phases,ref  ] GC(47)     Total (ms):                    skipped
[12.911s][debug  ][gc,phases,ref  ] GC(47)   Notify and keep alive finalizable: 0.0ms
[12.911s][debug  ][gc,phases,ref  ] GC(47)     FinalRef (ms):                 skipped
[12.911s][debug  ][gc,phases,ref  ] GC(47)   Notify PhantomReferences: 0.0ms
[12.911s][debug  ][gc,phases,ref  ] GC(47)     PhantomRef (ms):               skipped
[12.911s][debug  ][gc,phases,ref  ] GC(47)   SoftReference:
[12.911s][debug  ][gc,phases,ref  ] GC(47)     Discovered: 0
[12.911s][debug  ][gc,phases,ref  ] GC(47)     Cleared: 0
[12.911s][debug  ][gc,phases,ref  ] GC(47)   WeakReference:
[12.911s][debug  ][gc,phases,ref  ] GC(47)     Discovered: 0
[12.911s][debug  ][gc,phases,ref  ] GC(47)     Cleared: 0
[12.911s][debug  ][gc,phases,ref  ] GC(47)   FinalReference:
[12.911s][debug  ][gc,phases,ref  ] GC(47)     Discovered: 0
[12.911s][debug  ][gc,phases,ref  ] GC(47)     Cleared: 0
[12.911s][debug  ][gc,phases,ref  ] GC(47)   PhantomReference:
[12.911s][debug  ][gc,phases,ref  ] GC(47)     Discovered: 0
[12.911s][debug  ][gc,phases,ref  ] GC(47)     Cleared: 0
[12.911s][debug  ][gc,phases      ] GC(47) Reference Processing 0.647ms
[12.911s][debug  ][gc,phases,start] GC(47) Weak Processing
[12.911s][debug  ][gc,phases      ] GC(47)   VM Weak                        Min:  0.0, Avg:  0.0, Max:  0.0, Diff:  0.0, Sum:  0.0, Workers: 6
[12.911s][debug  ][gc,phases      ] GC(47)     Dead                           Min: 0, Avg:  0.0, Max: 0, Diff: 0, Sum: 0, Workers: 6
[12.911s][debug  ][gc,phases      ] GC(47)     Total                          Min: 0, Avg:  1.3, Max: 8, Diff: 8, Sum: 8, Workers: 6
[12.911s][debug  ][gc,phases      ] GC(47)   ObjectSynchronizer Weak        Min:  0.0, Avg:  0.0, Max:  0.0, Diff:  0.0, Sum:  0.0, Workers: 6
[12.911s][debug  ][gc,phases      ] GC(47)     Dead                           Min: 0, Avg:  0.0, Max: 0, Diff: 0, Sum: 0, Workers: 6
[12.911s][debug  ][gc,phases      ] GC(47)     Total                          Min: 0, Avg:  0.5, Max: 3, Diff: 3, Sum: 3, Workers: 6
[12.911s][debug  ][gc,phases      ] GC(47)   JVMTI Tag Weak OopStorage      Min:  0.0, Avg:  0.0, Max:  0.0, Diff:  0.0, Sum:  0.0, Workers: 6
[12.911s][debug  ][gc,phases      ] GC(47)     Dead                           Min: 0, Avg:  0.0, Max: 0, Diff: 0, Sum: 0, Workers: 6
[12.911s][debug  ][gc,phases      ] GC(47)     Total                          Min: 0, Avg:  0.0, Max: 0, Diff: 0, Sum: 0, Workers: 6
[12.911s][debug  ][gc,phases      ] GC(47)   StringTable Weak               Min:  0.0, Avg:  0.0, Max:  0.0, Diff:  0.0, Sum:  0.0, Workers: 6
[12.911s][debug  ][gc,phases      ] GC(47)     Dead                           Min: 0, Avg:  0.0, Max: 0, Diff: 0, Sum: 0, Workers: 6
[12.911s][debug  ][gc,phases      ] GC(47)     Total                          Min: 768, Avg: 891.8, Max: 1088, Diff: 320, Sum: 5351, Workers: 6
[12.911s][debug  ][gc,phases      ] GC(47)   ResolvedMethodTable Weak       Min:  0.0, Avg:  0.0, Max:  0.0, Diff:  0.0, Sum:  0.0, Workers: 6
[12.911s][debug  ][gc,phases      ] GC(47)     Dead                           Min: 0, Avg:  0.0, Max: 0, Diff: 0, Sum: 0, Workers: 6
[12.912s][debug  ][gc,phases      ] GC(47)     Total                          Min: 0, Avg: 21.7, Max: 64, Diff: 64, Sum: 130, Workers: 6
[12.912s][debug  ][gc,phases      ] GC(47)   JNI Weak                       Min:  0.0, Avg:  0.0, Max:  0.0, Diff:  0.0, Sum:  0.0, Workers: 6
[12.912s][debug  ][gc,phases      ] GC(47)     Dead                           Min: 0, Avg:  0.0, Max: 0, Diff: 0, Sum: 0, Workers: 6
[12.912s][debug  ][gc,phases      ] GC(47)     Total                          Min: 0, Avg:  0.0, Max: 0, Diff: 0, Sum: 0, Workers: 6
[12.912s][debug  ][gc,phases      ] GC(47)   StringDedup Table Weak         Min:  0.0, Avg:  0.0, Max:  0.0, Diff:  0.0, Sum:  0.0, Workers: 6
[12.912s][debug  ][gc,phases      ] GC(47)     Dead                           Min: 0, Avg:  0.0, Max: 0, Diff: 0, Sum: 0, Workers: 6
[12.912s][debug  ][gc,phases      ] GC(47)     Total                          Min: 0, Avg:  0.0, Max: 0, Diff: 0, Sum: 0, Workers: 6
[12.912s][debug  ][gc,phases      ] GC(47)   StringDedup Requests0 Weak     Min:  0.0, Avg:  0.0, Max:  0.0, Diff:  0.0, Sum:  0.0, Workers: 6
[12.912s][debug  ][gc,phases      ] GC(47)     Dead                           Min: 0, Avg:  0.0, Max: 0, Diff: 0, Sum: 0, Workers: 6
[12.912s][debug  ][gc,phases      ] GC(47)     Total                          Min: 0, Avg:  0.0, Max: 0, Diff: 0, Sum: 0, Workers: 6
[12.912s][debug  ][gc,phases      ] GC(47)   StringDedup Requests1 Weak     Min:  0.0, Avg:  0.0, Max:  0.0, Diff:  0.0, Sum:  0.0, Workers: 6
[12.912s][debug  ][gc,phases      ] GC(47)     Dead                           Min: 0, Avg:  0.0, Max: 0, Diff: 0, Sum: 0, Workers: 6
[12.912s][debug  ][gc,phases      ] GC(47)     Total                          Min: 0, Avg:  0.0, Max: 0, Diff: 0, Sum: 0, Workers: 6
[12.912s][debug  ][gc,phases      ] GC(47)   Weak JFR Old Object Samples    Min:  0.0, Avg:  0.0, Max:  0.0, Diff:  0.0, Sum:  0.0, Workers: 6
[12.912s][debug  ][gc,phases      ] GC(47)     Dead                           Min: 0, Avg:  0.0, Max: 0, Diff: 0, Sum: 0, Workers: 6
[12.912s][debug  ][gc,phases      ] GC(47)     Total                          Min: 0, Avg:  0.0, Max: 0, Diff: 0, Sum: 0, Workers: 6
[12.912s][debug  ][gc,phases      ] GC(47) Weak Processing 0.818ms
[12.912s][debug  ][gc,ergo        ] GC(47) AdaptiveSizeStart:  collection: 48 
[12.912s][debug  ][gc,ergo        ] GC(47) avg_survived_padded_avg: 31898930.000000
[12.912s][debug  ][gc,ergo        ] GC(47) avg_promoted_padded_avg: 263873792.000000  avg_pretenured_padded_avg: 0.000000  tenuring_thresh: 1  target_size: 31981568
[12.912s][debug  ][gc,age         ] GC(47) Desired survivor size 31981568 bytes, new threshold 1 (max threshold 15)
[12.912s][debug  ][gc,ergo        ] GC(47) PSAdaptiveSizePolicy::compute_eden_space_size limits: desired_eden_size: 231718858 old_eden_size: 203948032 eden_limit: 204472320 cur_eden: 203948032 max_eden_size: 204472320 avg_young_live: 26875644
[12.912s][debug  ][gc,ergo        ] GC(47) PSAdaptiveSizePolicy::compute_eden_space_size: costs minor_time: 0.043623 major_cost: 0.037086 mutator_cost: 0.919291 throughput_goal: 0.990000
[12.912s][debug  ][gc,ergo        ] GC(47) Live_space: 922001344 free_space: 1067974656
[12.912s][debug  ][gc,ergo        ] GC(47) Old eden_size: 203948032 desired_eden_size: 204472320
[12.912s][debug  ][gc,ergo        ] GC(47) AdaptiveSizeStop: collection: 48 
[12.912s][info   ][gc,heap        ] GC(47) PSYoungGen: 229151K(230400K)->30720K(230912K) Eden: 198431K(199168K)->0K(199680K) From: 30720K(31232K)->30720K(31232K)
[12.912s][info   ][gc,heap        ] GC(47) ParOldGen: 974436K(1638400K)->1168996K(1638400K)
[12.912s][info   ][gc,metaspace   ] GC(47) Metaspace: 1019K(1216K)->1019K(1216K) NonClass: 935K(1024K)->935K(1024K) Class: 83K(192K)->83K(192K)
[12.912s][info   ][gc             ] GC(47) Pause Young (Allocation Failure) 1175M->1171M(1825M) 16.168ms
[12.912s][info   ][gc,cpu         ] GC(47) User=0.09s Sys=0.00s Real=0.02s
[12.912s][debug  ][gc,heap        ] GC(47) Heap after GC invocations=48 (full 8):
[12.912s][debug  ][gc,heap        ] GC(47)  PSYoungGen      total 230912K, used 30720K [0x00000000f0000000, 0x0000000100000000, 0x0000000100000000)
[12.912s][debug  ][gc,heap        ] GC(47)   eden space 199680K, 0% used [0x00000000f0000000,0x00000000f0000000,0x00000000fc300000)
[12.912s][debug  ][gc,heap        ] GC(47)   from space 31232K, 98% used [0x00000000fe180000,0x00000000fff80030,0x0000000100000000)
[12.913s][debug  ][gc,heap        ] GC(47)   to   space 31232K, 0% used [0x00000000fc300000,0x00000000fc300000,0x00000000fe180000)
[12.913s][debug  ][gc,heap        ] GC(47)  ParOldGen       total 1638400K, used 1168996K [0x0000000080000000, 0x00000000e4000000, 0x00000000f0000000)
[12.913s][debug  ][gc,heap        ] GC(47)   object space 1638400K, 71% used [0x0000000080000000,0x00000000c7599238,0x00000000e4000000)
[12.913s][debug  ][gc,heap        ] GC(47)  Metaspace       used 1019K, committed 1216K, reserved 1056768K
[12.913s][debug  ][gc,heap        ] GC(47)   class space    used 83K, committed 192K, reserved 1048576K
[12.913s][debug  ][gc,task,time   ] GC(47) VM-Thread 128957405 129104662 129126292
[13.215s][debug  ][gc,heap        ] GC(48) Heap before GC invocations=49 (full 8):
[13.215s][debug  ][gc,heap        ] GC(48)  PSYoungGen      total 230912K, used 229173K [0x00000000f0000000, 0x0000000100000000, 0x0000000100000000)
[13.215s][debug  ][gc,heap        ] GC(48)   eden space 199680K, 99% used [0x00000000f0000000,0x00000000fc1cd710,0x00000000fc300000)
[13.215s][debug  ][gc,heap        ] GC(48)   from space 31232K, 98% used [0x00000000fe180000,0x00000000fff80030,0x0000000100000000)
[13.215s][debug  ][gc,heap        ] GC(48)   to   space 31232K, 0% used [0x00000000fc300000,0x00000000fc300000,0x00000000fe180000)
[13.215s][debug  ][gc,heap        ] GC(48)  ParOldGen       total 1638400K, used 1168996K [0x0000000080000000, 0x00000000e4000000, 0x00000000f0000000)
[13.215s][debug  ][gc,heap        ] GC(48)   object space 1638400K, 71% used [0x0000000080000000,0x00000000c7599238,0x00000000e4000000)
[13.215s][debug  ][gc,heap        ] GC(48)  Metaspace       used 1019K, committed 1216K, reserved 1056768K
[13.215s][debug  ][gc,heap        ] GC(48)   class space    used 83K, committed 192K, reserved 1048576K
[13.215s][debug  ][gc,tlab        ] GC(48) TLAB totals: thrds: 1  refills: 1 max: 1 slow allocs: 18 max 18 waste: 27.5% gc: 3986912B max: 3986912B slow: 0B max: 0B
[13.215s][info   ][gc,start       ] GC(48) Pause Young (Allocation Failure)
[13.215s][debug  ][gc,phases,start] GC(48) Scavenge
[13.230s][debug  ][gc,phases      ] GC(48) Scavenge 14.963ms
[13.230s][debug  ][gc,phases,start] GC(48) Reference Processing
[13.230s][debug  ][gc,ref         ] GC(48) Skipped phase 1 of Reference Processing: no references
[13.230s][debug  ][gc,ref         ] GC(48) Skipped phase 2 of Reference Processing: no references
[13.230s][debug  ][gc,ref         ] GC(48) Skipped phase 3 of Reference Processing: no references
[13.230s][debug  ][gc,ref         ] GC(48) Skipped phase 4 of Reference Processing: no references
[13.230s][debug  ][gc,phases,ref  ] GC(48) Reference Processing: 0.1ms
[13.231s][debug  ][gc,phases,ref  ] GC(48)   Reconsider SoftReferences: 0.0ms
[13.231s][debug  ][gc,phases,ref  ] GC(48)     SoftRef (ms):                  skipped
[13.231s][debug  ][gc,phases,ref  ] GC(48)   Notify Soft/WeakReferences: 0.0ms
[13.231s][debug  ][gc,phases,ref  ] GC(48)     SoftRef (ms):                  skipped
[13.231s][debug  ][gc,phases,ref  ] GC(48)     WeakRef (ms):                  skipped
[13.231s][debug  ][gc,phases,ref  ] GC(48)     FinalRef (ms):                 skipped
[13.231s][debug  ][gc,phases,ref  ] GC(48)     Total (ms):                    skipped
[13.231s][debug  ][gc,phases,ref  ] GC(48)   Notify and keep alive finalizable: 0.0ms
[13.231s][debug  ][gc,phases,ref  ] GC(48)     FinalRef (ms):                 skipped
[13.231s][debug  ][gc,phases,ref  ] GC(48)   Notify PhantomReferences: 0.0ms
[13.231s][debug  ][gc,phases,ref  ] GC(48)     PhantomRef (ms):               skipped
[13.231s][debug  ][gc,phases,ref  ] GC(48)   SoftReference:
[13.231s][debug  ][gc,phases,ref  ] GC(48)     Discovered: 0
[13.231s][debug  ][gc,phases,ref  ] GC(48)     Cleared: 0
[13.231s][debug  ][gc,phases,ref  ] GC(48)   WeakReference:
[13.231s][debug  ][gc,phases,ref  ] GC(48)     Discovered: 0
[13.231s][debug  ][gc,phases,ref  ] GC(48)     Cleared: 0
[13.231s][debug  ][gc,phases,ref  ] GC(48)   FinalReference:
[13.231s][debug  ][gc,phases,ref  ] GC(48)     Discovered: 0
[13.231s][debug  ][gc,phases,ref  ] GC(48)     Cleared: 0
[13.231s][debug  ][gc,phases,ref  ] GC(48)   PhantomReference:
[13.231s][debug  ][gc,phases,ref  ] GC(48)     Discovered: 0
[13.231s][debug  ][gc,phases,ref  ] GC(48)     Cleared: 0
[13.231s][debug  ][gc,phases      ] GC(48) Reference Processing 0.812ms
[13.231s][debug  ][gc,phases,start] GC(48) Weak Processing
[13.231s][debug  ][gc,phases      ] GC(48)   VM Weak                        Min:  0.0, Avg:  0.0, Max:  0.0, Diff:  0.0, Sum:  0.0, Workers: 6
[13.231s][debug  ][gc,phases      ] GC(48)     Dead                           Min: 0, Avg:  0.0, Max: 0, Diff: 0, Sum: 0, Workers: 6
[13.231s][debug  ][gc,phases      ] GC(48)     Total                          Min: 0, Avg:  1.3, Max: 8, Diff: 8, Sum: 8, Workers: 6
[13.231s][debug  ][gc,phases      ] GC(48)   ObjectSynchronizer Weak        Min:  0.0, Avg:  0.0, Max:  0.0, Diff:  0.0, Sum:  0.0, Workers: 6
[13.231s][debug  ][gc,phases      ] GC(48)     Dead                           Min: 0, Avg:  0.0, Max: 0, Diff: 0, Sum: 0, Workers: 6
[13.231s][debug  ][gc,phases      ] GC(48)     Total                          Min: 0, Avg:  0.5, Max: 3, Diff: 3, Sum: 3, Workers: 6
[13.231s][debug  ][gc,phases      ] GC(48)   JVMTI Tag Weak OopStorage      Min:  0.0, Avg:  0.0, Max:  0.0, Diff:  0.0, Sum:  0.0, Workers: 6
[13.231s][debug  ][gc,phases      ] GC(48)     Dead                           Min: 0, Avg:  0.0, Max: 0, Diff: 0, Sum: 0, Workers: 6
[13.231s][debug  ][gc,phases      ] GC(48)     Total                          Min: 0, Avg:  0.0, Max: 0, Diff: 0, Sum: 0, Workers: 6
[13.231s][debug  ][gc,phases      ] GC(48)   StringTable Weak               Min:  0.0, Avg:  0.0, Max:  0.0, Diff:  0.0, Sum:  0.0, Workers: 6
[13.231s][debug  ][gc,phases      ] GC(48)     Dead                           Min: 0, Avg:  0.0, Max: 0, Diff: 0, Sum: 0, Workers: 6
[13.232s][debug  ][gc,phases      ] GC(48)     Total                          Min: 768, Avg: 891.8, Max: 1064, Diff: 296, Sum: 5351, Workers: 6
[13.232s][debug  ][gc,phases      ] GC(48)   ResolvedMethodTable Weak       Min:  0.0, Avg:  0.0, Max:  0.0, Diff:  0.0, Sum:  0.0, Workers: 6
[13.232s][debug  ][gc,phases      ] GC(48)     Dead                           Min: 0, Avg:  0.0, Max: 0, Diff: 0, Sum: 0, Workers: 6
[13.232s][debug  ][gc,phases      ] GC(48)     Total                          Min: 0, Avg: 21.7, Max: 64, Diff: 64, Sum: 130, Workers: 6
[13.232s][debug  ][gc,phases      ] GC(48)   JNI Weak                       Min:  0.0, Avg:  0.0, Max:  0.0, Diff:  0.0, Sum:  0.0, Workers: 6
[13.232s][debug  ][gc,phases      ] GC(48)     Dead                           Min: 0, Avg:  0.0, Max: 0, Diff: 0, Sum: 0, Workers: 6
[13.232s][debug  ][gc,phases      ] GC(48)     Total                          Min: 0, Avg:  0.0, Max: 0, Diff: 0, Sum: 0, Workers: 6
[13.232s][debug  ][gc,phases      ] GC(48)   StringDedup Table Weak         Min:  0.0, Avg:  0.0, Max:  0.0, Diff:  0.0, Sum:  0.0, Workers: 6
[13.232s][debug  ][gc,phases      ] GC(48)     Dead                           Min: 0, Avg:  0.0, Max: 0, Diff: 0, Sum: 0, Workers: 6
[13.232s][debug  ][gc,phases      ] GC(48)     Total                          Min: 0, Avg:  0.0, Max: 0, Diff: 0, Sum: 0, Workers: 6
[13.232s][debug  ][gc,phases      ] GC(48)   StringDedup Requests0 Weak     Min:  0.0, Avg:  0.0, Max:  0.0, Diff:  0.0, Sum:  0.0, Workers: 6
[13.232s][debug  ][gc,phases      ] GC(48)     Dead                           Min: 0, Avg:  0.0, Max: 0, Diff: 0, Sum: 0, Workers: 6
[13.232s][debug  ][gc,phases      ] GC(48)     Total                          Min: 0, Avg:  0.0, Max: 0, Diff: 0, Sum: 0, Workers: 6
[13.232s][debug  ][gc,phases      ] GC(48)   StringDedup Requests1 Weak     Min:  0.0, Avg:  0.0, Max:  0.0, Diff:  0.0, Sum:  0.0, Workers: 6
[13.232s][debug  ][gc,phases      ] GC(48)     Dead                           Min: 0, Avg:  0.0, Max: 0, Diff: 0, Sum: 0, Workers: 6
[13.232s][debug  ][gc,phases      ] GC(48)     Total                          Min: 0, Avg:  0.0, Max: 0, Diff: 0, Sum: 0, Workers: 6
[13.232s][debug  ][gc,phases      ] GC(48)   Weak JFR Old Object Samples    Min:  0.0, Avg:  0.0, Max:  0.0, Diff:  0.0, Sum:  0.0, Workers: 6
[13.232s][debug  ][gc,phases      ] GC(48)     Dead                           Min: 0, Avg:  0.0, Max: 0, Diff: 0, Sum: 0, Workers: 6
[13.232s][debug  ][gc,phases      ] GC(48)     Total                          Min: 0, Avg:  0.0, Max: 0, Diff: 0, Sum: 0, Workers: 6
[13.232s][debug  ][gc,phases      ] GC(48) Weak Processing 0.757ms
[13.232s][debug  ][gc,ergo        ] GC(48) AdaptiveSizeStart:  collection: 49 
[13.232s][debug  ][gc,ergo        ] GC(48) avg_survived_padded_avg: 31865218.000000
[13.232s][debug  ][gc,ergo        ] GC(48) avg_promoted_padded_avg: 266486000.000000  avg_pretenured_padded_avg: 0.000000  tenuring_thresh: 1  target_size: 31981568
[13.232s][debug  ][gc,age         ] GC(48) Desired survivor size 31981568 bytes, new threshold 1 (max threshold 15)
[13.232s][debug  ][gc,ergo        ] GC(48) PSAdaptiveSizePolicy::compute_eden_space_size limits: desired_eden_size: 229371404 old_eden_size: 204472320 eden_limit: 204472320 cur_eden: 204472320 max_eden_size: 204472320 avg_young_live: 27333812
[13.232s][debug  ][gc,ergo        ] GC(48) PSAdaptiveSizePolicy::compute_eden_space_size: costs minor_time: 0.045737 major_cost: 0.037086 mutator_cost: 0.917177 throughput_goal: 0.990000
[13.232s][debug  ][gc,ergo        ] GC(48) Live_space: 922459520 free_space: 1068498944
[13.232s][debug  ][gc,ergo        ] GC(48) Old eden_size: 204472320 desired_eden_size: 204472320
[13.232s][debug  ][gc,ergo        ] GC(48) AdaptiveSizeStop: collection: 49 
[13.232s][info   ][gc,heap        ] GC(48) PSYoungGen: 229173K(230912K)->30720K(230912K) Eden: 198453K(199680K)->0K(199680K) From: 30720K(31232K)->30720K(31232K)
[13.232s][info   ][gc,heap        ] GC(48) ParOldGen: 1168996K(1638400K)->1363556K(1638400K)
[13.232s][info   ][gc,metaspace   ] GC(48) Metaspace: 1019K(1216K)->1019K(1216K) NonClass: 935K(1024K)->935K(1024K) Class: 83K(192K)->83K(192K)
[13.232s][info   ][gc             ] GC(48) Pause Young (Allocation Failure) 1365M->1361M(1825M) 17.049ms
[13.232s][info   ][gc,cpu         ] GC(48) User=0.09s Sys=0.00s Real=0.02s
[13.232s][debug  ][gc,heap        ] GC(48) Heap after GC invocations=49 (full 8):
[13.232s][debug  ][gc,heap        ] GC(48)  PSYoungGen      total 230912K, used 30720K [0x00000000f0000000, 0x0000000100000000, 0x0000000100000000)
[13.232s][debug  ][gc,heap        ] GC(48)   eden space 199680K, 0% used [0x00000000f0000000,0x00000000f0000000,0x00000000fc300000)
[13.232s][debug  ][gc,heap        ] GC(48)   from space 31232K, 98% used [0x00000000fc300000,0x00000000fe100030,0x00000000fe180000)
[13.232s][debug  ][gc,heap        ] GC(48)   to   space 31232K, 0% used [0x00000000fe180000,0x00000000fe180000,0x0000000100000000)
[13.232s][debug  ][gc,heap        ] GC(48)  ParOldGen       total 1638400K, used 1363556K [0x0000000080000000, 0x00000000e4000000, 0x00000000f0000000)
[13.232s][debug  ][gc,heap        ] GC(48)   object space 1638400K, 83% used [0x0000000080000000,0x00000000d3399368,0x00000000e4000000)
[13.233s][debug  ][gc,heap        ] GC(48)  Metaspace       used 1019K, committed 1216K, reserved 1056768K
[13.233s][debug  ][gc,heap        ] GC(48)   class space    used 83K, committed 192K, reserved 1048576K
[13.233s][debug  ][gc,task,time   ] GC(48) VM-Thread 132147937 132303407 132325511
[13.533s][debug  ][gc,heap        ] GC(49) Heap before GC invocations=50 (full 8):
[13.533s][debug  ][gc,heap        ] GC(49)  PSYoungGen      total 230912K, used 229181K [0x00000000f0000000, 0x0000000100000000, 0x0000000100000000)
[13.533s][debug  ][gc,heap        ] GC(49)   eden space 199680K, 99% used [0x00000000f0000000,0x00000000fc1cf588,0x00000000fc300000)
[13.533s][debug  ][gc,heap        ] GC(49)   from space 31232K, 98% used [0x00000000fc300000,0x00000000fe100030,0x00000000fe180000)
[13.533s][debug  ][gc,heap        ] GC(49)   to   space 31232K, 0% used [0x00000000fe180000,0x00000000fe180000,0x0000000100000000)
[13.533s][debug  ][gc,heap        ] GC(49)  ParOldGen       total 1638400K, used 1363556K [0x0000000080000000, 0x00000000e4000000, 0x00000000f0000000)
[13.533s][debug  ][gc,heap        ] GC(49)   object space 1638400K, 83% used [0x0000000080000000,0x00000000d3399368,0x00000000e4000000)
[13.533s][debug  ][gc,heap        ] GC(49)  Metaspace       used 1019K, committed 1216K, reserved 1056768K
[13.533s][debug  ][gc,heap        ] GC(49)   class space    used 83K, committed 192K, reserved 1048576K
[13.533s][debug  ][gc,tlab        ] GC(49) TLAB totals: thrds: 1  refills: 1 max: 1 slow allocs: 18 max 18 waste: 27.6% gc: 3994712B max: 3994712B slow: 0B max: 0B
[13.534s][info   ][gc,start       ] GC(49) Pause Young (Allocation Failure)
[13.534s][debug  ][gc,phases,start] GC(49) Scavenge
[13.549s][debug  ][gc,phases      ] GC(49) Scavenge 15.066ms
[13.549s][debug  ][gc,phases,start] GC(49) Reference Processing
[13.549s][debug  ][gc,ref         ] GC(49) Skipped phase 1 of Reference Processing: no references
[13.549s][debug  ][gc,ref         ] GC(49) Skipped phase 2 of Reference Processing: no references
[13.549s][debug  ][gc,ref         ] GC(49) Skipped phase 3 of Reference Processing: no references
[13.549s][debug  ][gc,ref         ] GC(49) Skipped phase 4 of Reference Processing: no references
[13.549s][debug  ][gc,phases,ref  ] GC(49) Reference Processing: 0.1ms
[13.549s][debug  ][gc,phases,ref  ] GC(49)   Reconsider SoftReferences: 0.0ms
[13.549s][debug  ][gc,phases,ref  ] GC(49)     SoftRef (ms):                  skipped
[13.549s][debug  ][gc,phases,ref  ] GC(49)   Notify Soft/WeakReferences: 0.0ms
[13.549s][debug  ][gc,phases,ref  ] GC(49)     SoftRef (ms):                  skipped
[13.549s][debug  ][gc,phases,ref  ] GC(49)     WeakRef (ms):                  skipped
[13.549s][debug  ][gc,phases,ref  ] GC(49)     FinalRef (ms):                 skipped
[13.549s][debug  ][gc,phases,ref  ] GC(49)     Total (ms):                    skipped
[13.549s][debug  ][gc,phases,ref  ] GC(49)   Notify and keep alive finalizable: 0.0ms
[13.549s][debug  ][gc,phases,ref  ] GC(49)     FinalRef (ms):                 skipped
[13.549s][debug  ][gc,phases,ref  ] GC(49)   Notify PhantomReferences: 0.0ms
[13.549s][debug  ][gc,phases,ref  ] GC(49)     PhantomRef (ms):               skipped
[13.549s][debug  ][gc,phases,ref  ] GC(49)   SoftReference:
[13.549s][debug  ][gc,phases,ref  ] GC(49)     Discovered: 0
[13.549s][debug  ][gc,phases,ref  ] GC(49)     Cleared: 0
[13.549s][debug  ][gc,phases,ref  ] GC(49)   WeakReference:
[13.549s][debug  ][gc,phases,ref  ] GC(49)     Discovered: 0
[13.549s][debug  ][gc,phases,ref  ] GC(49)     Cleared: 0
[13.549s][debug  ][gc,phases,ref  ] GC(49)   FinalReference:
[13.549s][debug  ][gc,phases,ref  ] GC(49)     Discovered: 0
[13.549s][debug  ][gc,phases,ref  ] GC(49)     Cleared: 0
[13.549s][debug  ][gc,phases,ref  ] GC(49)   PhantomReference:
[13.549s][debug  ][gc,phases,ref  ] GC(49)     Discovered: 0
[13.549s][debug  ][gc,phases,ref  ] GC(49)     Cleared: 0
[13.549s][debug  ][gc,phases      ] GC(49) Reference Processing 0.748ms
[13.549s][debug  ][gc,phases,start] GC(49) Weak Processing
[13.550s][debug  ][gc,phases      ] GC(49)   VM Weak                        Min:  0.0, Avg:  0.0, Max:  0.0, Diff:  0.0, Sum:  0.0, Workers: 6
[13.550s][debug  ][gc,phases      ] GC(49)     Dead                           Min: 0, Avg:  0.0, Max: 0, Diff: 0, Sum: 0, Workers: 6
[13.550s][debug  ][gc,phases      ] GC(49)     Total                          Min: 0, Avg:  1.3, Max: 8, Diff: 8, Sum: 8, Workers: 6
[13.550s][debug  ][gc,phases      ] GC(49)   ObjectSynchronizer Weak        Min:  0.0, Avg:  0.0, Max:  0.0, Diff:  0.0, Sum:  0.0, Workers: 6
[13.550s][debug  ][gc,phases      ] GC(49)     Dead                           Min: 0, Avg:  0.0, Max: 0, Diff: 0, Sum: 0, Workers: 6
[13.550s][debug  ][gc,phases      ] GC(49)     Total                          Min: 0, Avg:  0.5, Max: 3, Diff: 3, Sum: 3, Workers: 6
[13.550s][debug  ][gc,phases      ] GC(49)   JVMTI Tag Weak OopStorage      Min:  0.0, Avg:  0.0, Max:  0.0, Diff:  0.0, Sum:  0.0, Workers: 6
[13.550s][debug  ][gc,phases      ] GC(49)     Dead                           Min: 0, Avg:  0.0, Max: 0, Diff: 0, Sum: 0, Workers: 6
[13.550s][debug  ][gc,phases      ] GC(49)     Total                          Min: 0, Avg:  0.0, Max: 0, Diff: 0, Sum: 0, Workers: 6
[13.550s][debug  ][gc,phases      ] GC(49)   StringTable Weak               Min:  0.0, Avg:  0.0, Max:  0.0, Diff:  0.0, Sum:  0.0, Workers: 6
[13.550s][debug  ][gc,phases      ] GC(49)     Dead                           Min: 0, Avg:  0.0, Max: 0, Diff: 0, Sum: 0, Workers: 6
[13.550s][debug  ][gc,phases      ] GC(49)     Total                          Min: 768, Avg: 891.8, Max: 1024, Diff: 256, Sum: 5351, Workers: 6
[13.550s][debug  ][gc,phases      ] GC(49)   ResolvedMethodTable Weak       Min:  0.0, Avg:  0.0, Max:  0.0, Diff:  0.0, Sum:  0.0, Workers: 6
[13.550s][debug  ][gc,phases      ] GC(49)     Dead                           Min: 0, Avg:  0.0, Max: 0, Diff: 0, Sum: 0, Workers: 6
[13.550s][debug  ][gc,phases      ] GC(49)     Total                          Min: 0, Avg: 21.7, Max: 64, Diff: 64, Sum: 130, Workers: 6
[13.550s][debug  ][gc,phases      ] GC(49)   JNI Weak                       Min:  0.0, Avg:  0.0, Max:  0.0, Diff:  0.0, Sum:  0.0, Workers: 6
[13.550s][debug  ][gc,phases      ] GC(49)     Dead                           Min: 0, Avg:  0.0, Max: 0, Diff: 0, Sum: 0, Workers: 6
[13.550s][debug  ][gc,phases      ] GC(49)     Total                          Min: 0, Avg:  0.0, Max: 0, Diff: 0, Sum: 0, Workers: 6
[13.550s][debug  ][gc,phases      ] GC(49)   StringDedup Table Weak         Min:  0.0, Avg:  0.0, Max:  0.0, Diff:  0.0, Sum:  0.0, Workers: 6
[13.550s][debug  ][gc,phases      ] GC(49)     Dead                           Min: 0, Avg:  0.0, Max: 0, Diff: 0, Sum: 0, Workers: 6
[13.550s][debug  ][gc,phases      ] GC(49)     Total                          Min: 0, Avg:  0.0, Max: 0, Diff: 0, Sum: 0, Workers: 6
[13.550s][debug  ][gc,phases      ] GC(49)   StringDedup Requests0 Weak     Min:  0.0, Avg:  0.0, Max:  0.0, Diff:  0.0, Sum:  0.0, Workers: 6
[13.550s][debug  ][gc,phases      ] GC(49)     Dead                           Min: 0, Avg:  0.0, Max: 0, Diff: 0, Sum: 0, Workers: 6
[13.550s][debug  ][gc,phases      ] GC(49)     Total                          Min: 0, Avg:  0.0, Max: 0, Diff: 0, Sum: 0, Workers: 6
[13.550s][debug  ][gc,phases      ] GC(49)   StringDedup Requests1 Weak     Min:  0.0, Avg:  0.0, Max:  0.0, Diff:  0.0, Sum:  0.0, Workers: 6
[13.550s][debug  ][gc,phases      ] GC(49)     Dead                           Min: 0, Avg:  0.0, Max: 0, Diff: 0, Sum: 0, Workers: 6
[13.550s][debug  ][gc,phases      ] GC(49)     Total                          Min: 0, Avg:  0.0, Max: 0, Diff: 0, Sum: 0, Workers: 6
[13.550s][debug  ][gc,phases      ] GC(49)   Weak JFR Old Object Samples    Min:  0.0, Avg:  0.0, Max:  0.0, Diff:  0.0, Sum:  0.0, Workers: 6
[13.550s][debug  ][gc,phases      ] GC(49)     Dead                           Min: 0, Avg:  0.0, Max: 0, Diff: 0, Sum: 0, Workers: 6
[13.550s][debug  ][gc,phases      ] GC(49)     Total                          Min: 0, Avg:  0.0, Max: 0, Diff: 0, Sum: 0, Workers: 6
[13.550s][debug  ][gc,phases      ] GC(49) Weak Processing 0.710ms
[13.550s][debug  ][gc,ergo        ] GC(49) AdaptiveSizeStart:  collection: 50 
[13.550s][debug  ][gc,ergo        ] GC(49) avg_survived_padded_avg: 31833832.000000
[13.550s][debug  ][gc,ergo        ] GC(49) avg_promoted_padded_avg: 267929344.000000  avg_pretenured_padded_avg: 0.000000  tenuring_thresh: 1  target_size: 31981568
[13.550s][debug  ][gc,age         ] GC(49) Desired survivor size 31981568 bytes, new threshold 1 (max threshold 15)
[13.550s][debug  ][gc,ergo        ] GC(49) PSAdaptiveSizePolicy::compute_eden_space_size limits: desired_eden_size: 229765735 old_eden_size: 204472320 eden_limit: 204472320 cur_eden: 204472320 max_eden_size: 204472320 avg_young_live: 27746162
[13.550s][debug  ][gc,ergo        ] GC(49) PSAdaptiveSizePolicy::compute_eden_space_size: costs minor_time: 0.047387 major_cost: 0.037086 mutator_cost: 0.915527 throughput_goal: 0.990000
[13.550s][debug  ][gc,ergo        ] GC(49) Live_space: 922871872 free_space: 1068498944
[13.550s][debug  ][gc,ergo        ] GC(49) Old eden_size: 204472320 desired_eden_size: 204472320
[13.550s][debug  ][gc,ergo        ] GC(49) AdaptiveSizeStop: collection: 50 
[13.550s][info   ][gc,heap        ] GC(49) PSYoungGen: 229181K(230912K)->30720K(230912K) Eden: 198461K(199680K)->0K(199680K) From: 30720K(31232K)->30720K(31232K)
[13.550s][info   ][gc,heap        ] GC(49) ParOldGen: 1363556K(1638400K)->1558117K(1638400K)
[13.550s][info   ][gc,metaspace   ] GC(49) Metaspace: 1019K(1216K)->1019K(1216K) NonClass: 935K(1024K)->935K(1024K) Class: 83K(192K)->83K(192K)
[13.550s][info   ][gc             ] GC(49) Pause Young (Allocation Failure) 1555M->1551M(1825M) 16.968ms
[13.551s][info   ][gc,cpu         ] GC(49) User=0.11s Sys=0.00s Real=0.02s
[13.551s][debug  ][gc,heap        ] GC(49) Heap after GC invocations=50 (full 8):
[13.551s][debug  ][gc,heap        ] GC(49)  PSYoungGen      total 230912K, used 30720K [0x00000000f0000000, 0x0000000100000000, 0x0000000100000000)
[13.551s][debug  ][gc,heap        ] GC(49)   eden space 199680K, 0% used [0x00000000f0000000,0x00000000f0000000,0x00000000fc300000)
[13.551s][debug  ][gc,heap        ] GC(49)   from space 31232K, 98% used [0x00000000fe180000,0x00000000fff80030,0x0000000100000000)
[13.551s][debug  ][gc,heap        ] GC(49)   to   space 31232K, 0% used [0x00000000fc300000,0x00000000fc300000,0x00000000fe180000)
[13.551s][debug  ][gc,heap        ] GC(49)  ParOldGen       total 1638400K, used 1558117K [0x0000000080000000, 0x00000000e4000000, 0x00000000f0000000)
[13.551s][debug  ][gc,heap        ] GC(49)   object space 1638400K, 95% used [0x0000000080000000,0x00000000df199498,0x00000000e4000000)
[13.551s][debug  ][gc,heap        ] GC(49)  Metaspace       used 1019K, committed 1216K, reserved 1056768K
[13.551s][debug  ][gc,heap        ] GC(49)   class space    used 83K, committed 192K, reserved 1048576K
[13.551s][debug  ][gc,task,time   ] GC(49) VM-Thread 135329930 135487176 135507239
[13.551s][debug  ][gc,phases,start] GC(50) Pre Compact
[13.551s][debug  ][gc,heap        ] GC(50) Heap before GC invocations=51 (full 9):
[13.551s][debug  ][gc,heap        ] GC(50)  PSYoungGen      total 230912K, used 30720K [0x00000000f0000000, 0x0000000100000000, 0x0000000100000000)
[13.551s][debug  ][gc,heap        ] GC(50)   eden space 199680K, 0% used [0x00000000f0000000,0x00000000f0000000,0x00000000fc300000)
[13.551s][debug  ][gc,heap        ] GC(50)   from space 31232K, 98% used [0x00000000fe180000,0x00000000fff80030,0x0000000100000000)
[13.551s][debug  ][gc,heap        ] GC(50)   to   space 31232K, 0% used [0x00000000fc300000,0x00000000fc300000,0x00000000fe180000)
[13.551s][debug  ][gc,heap        ] GC(50)  ParOldGen       total 1638400K, used 1558117K [0x0000000080000000, 0x00000000e4000000, 0x00000000f0000000)
[13.551s][debug  ][gc,heap        ] GC(50)   object space 1638400K, 95% used [0x0000000080000000,0x00000000df199498,0x00000000e4000000)
[13.551s][debug  ][gc,heap        ] GC(50)  Metaspace       used 1019K, committed 1216K, reserved 1056768K
[13.551s][debug  ][gc,heap        ] GC(50)   class space    used 83K, committed 192K, reserved 1048576K
[13.551s][debug  ][gc,phases      ] GC(50) Pre Compact 0.205ms
[13.551s][info   ][gc,start       ] GC(50) Pause Full (Ergonomics)
[13.551s][info   ][gc,phases,start] GC(50) Marking Phase
[13.551s][debug  ][gc,phases,start] GC(50) Par Mark
[13.552s][debug  ][gc,phases      ] GC(50) Par Mark 0.597ms
[13.552s][debug  ][gc,phases,start] GC(50) Reference Processing
[13.552s][debug  ][gc,ref         ] GC(50) Skipped phase 1 of Reference Processing: no references
[13.552s][debug  ][gc,ref         ] GC(50) ReferenceProcessor::execute queues: 1, RefProcThreadModel::Single, marks_oops_alive: false
[13.552s][debug  ][gc,ref         ] GC(50) Skipped phase 3 of Reference Processing: no references
[13.552s][debug  ][gc,ref         ] GC(50) ReferenceProcessor::execute queues: 1, RefProcThreadModel::Single, marks_oops_alive: false
[13.552s][debug  ][gc,phases,ref  ] GC(50) Reference Processing: 0.1ms
[13.552s][debug  ][gc,phases,ref  ] GC(50)   Reconsider SoftReferences: 0.0ms
[13.552s][debug  ][gc,phases,ref  ] GC(50)     SoftRef (ms):                  skipped
[13.552s][debug  ][gc,phases,ref  ] GC(50)   Notify Soft/WeakReferences: 0.0ms
[13.552s][debug  ][gc,phases,ref  ] GC(50)     SoftRef (ms):                  Min:  0.0, Avg:  0.0, Max:  0.0, Diff:  0.0, Sum:  0.0, Workers: 6
[13.552s][debug  ][gc,phases,ref  ] GC(50)     WeakRef (ms):                  Min:  0.0, Avg:  0.0, Max:  0.0, Diff:  0.0, Sum:  0.0, Workers: 6
[13.552s][debug  ][gc,phases,ref  ] GC(50)     FinalRef (ms):                 Min:  0.0, Avg:  0.0, Max:  0.0, Diff:  0.0, Sum:  0.0, Workers: 6
[13.552s][debug  ][gc,phases,ref  ] GC(50)     Total (ms):                    Min:  0.0, Avg:  0.0, Max:  0.0, Diff:  0.0, Sum:  0.0, Workers: 6
[13.552s][debug  ][gc,phases,ref  ] GC(50)   Notify and keep alive finalizable: 0.0ms
[13.552s][debug  ][gc,phases,ref  ] GC(50)     FinalRef (ms):                 skipped
[13.552s][debug  ][gc,phases,ref  ] GC(50)   Notify PhantomReferences: 0.0ms
[13.552s][debug  ][gc,phases,ref  ] GC(50)     PhantomRef (ms):               Min:  0.0, Avg:  0.0, Max:  0.0, Diff:  0.0, Sum:  0.0, Workers: 6
[13.552s][debug  ][gc,phases,ref  ] GC(50)   SoftReference:
[13.552s][debug  ][gc,phases,ref  ] GC(50)     Discovered: 0
[13.552s][debug  ][gc,phases,ref  ] GC(50)     Cleared: 0
[13.552s][debug  ][gc,phases,ref  ] GC(50)   WeakReference:
[13.552s][debug  ][gc,phases,ref  ] GC(50)     Discovered: 108
[13.552s][debug  ][gc,phases,ref  ] GC(50)     Cleared: 108
[13.552s][debug  ][gc,phases,ref  ] GC(50)   FinalReference:
[13.552s][debug  ][gc,phases,ref  ] GC(50)     Discovered: 0
[13.552s][debug  ][gc,phases,ref  ] GC(50)     Cleared: 0
[13.552s][debug  ][gc,phases,ref  ] GC(50)   PhantomReference:
[13.552s][debug  ][gc,phases,ref  ] GC(50)     Discovered: 3
[13.552s][debug  ][gc,phases,ref  ] GC(50)     Cleared: 3
[13.552s][debug  ][gc,phases      ] GC(50) Reference Processing 0.590ms
[13.552s][debug  ][gc,phases,start] GC(50) Weak Processing
[13.552s][debug  ][gc,phases      ] GC(50)   VM Weak                        Min:  0.0, Avg:  0.0, Max:  0.0, Diff:  0.0, Sum:  0.0, Workers: 6
[13.552s][debug  ][gc,phases      ] GC(50)     Dead                           Min: 0, Avg:  0.0, Max: 0, Diff: 0, Sum: 0, Workers: 6
[13.552s][debug  ][gc,phases      ] GC(50)     Total                          Min: 0, Avg:  1.3, Max: 8, Diff: 8, Sum: 8, Workers: 6
[13.552s][debug  ][gc,phases      ] GC(50)   ObjectSynchronizer Weak        Min:  0.0, Avg:  0.0, Max:  0.0, Diff:  0.0, Sum:  0.0, Workers: 6
[13.552s][debug  ][gc,phases      ] GC(50)     Dead                           Min: 0, Avg:  0.0, Max: 0, Diff: 0, Sum: 0, Workers: 6
[13.552s][debug  ][gc,phases      ] GC(50)     Total                          Min: 0, Avg:  0.5, Max: 3, Diff: 3, Sum: 3, Workers: 6
[13.552s][debug  ][gc,phases      ] GC(50)   JVMTI Tag Weak OopStorage      Min:  0.0, Avg:  0.0, Max:  0.0, Diff:  0.0, Sum:  0.0, Workers: 6
[13.552s][debug  ][gc,phases      ] GC(50)     Dead                           Min: 0, Avg:  0.0, Max: 0, Diff: 0, Sum: 0, Workers: 6
[13.552s][debug  ][gc,phases      ] GC(50)     Total                          Min: 0, Avg:  0.0, Max: 0, Diff: 0, Sum: 0, Workers: 6
[13.553s][debug  ][gc,phases      ] GC(50)   StringTable Weak               Min:  0.0, Avg:  0.0, Max:  0.0, Diff:  0.0, Sum:  0.0, Workers: 6
[13.553s][debug  ][gc,phases      ] GC(50)     Dead                           Min: 0, Avg:  0.0, Max: 0, Diff: 0, Sum: 0, Workers: 6
[13.553s][debug  ][gc,phases      ] GC(50)     Total                          Min: 639, Avg: 891.8, Max: 1152, Diff: 513, Sum: 5351, Workers: 6
[13.553s][debug  ][gc,phases      ] GC(50)   ResolvedMethodTable Weak       Min:  0.0, Avg:  0.0, Max:  0.0, Diff:  0.0, Sum:  0.0, Workers: 6
[13.553s][debug  ][gc,phases      ] GC(50)     Dead                           Min: 0, Avg:  0.0, Max: 0, Diff: 0, Sum: 0, Workers: 6
[13.553s][debug  ][gc,phases      ] GC(50)     Total                          Min: 0, Avg: 21.7, Max: 64, Diff: 64, Sum: 130, Workers: 6
[13.553s][debug  ][gc,phases      ] GC(50)   JNI Weak                       Min:  0.0, Avg:  0.0, Max:  0.0, Diff:  0.0, Sum:  0.0, Workers: 6
[13.553s][debug  ][gc,phases      ] GC(50)     Dead                           Min: 0, Avg:  0.0, Max: 0, Diff: 0, Sum: 0, Workers: 6
[13.553s][debug  ][gc,phases      ] GC(50)     Total                          Min: 0, Avg:  0.0, Max: 0, Diff: 0, Sum: 0, Workers: 6
[13.553s][debug  ][gc,phases      ] GC(50)   StringDedup Table Weak         Min:  0.0, Avg:  0.0, Max:  0.0, Diff:  0.0, Sum:  0.0, Workers: 6
[13.553s][debug  ][gc,phases      ] GC(50)     Dead                           Min: 0, Avg:  0.0, Max: 0, Diff: 0, Sum: 0, Workers: 6
[13.553s][debug  ][gc,phases      ] GC(50)     Total                          Min: 0, Avg:  0.0, Max: 0, Diff: 0, Sum: 0, Workers: 6
[13.553s][debug  ][gc,phases      ] GC(50)   StringDedup Requests0 Weak     Min:  0.0, Avg:  0.0, Max:  0.0, Diff:  0.0, Sum:  0.0, Workers: 6
[13.553s][debug  ][gc,phases      ] GC(50)     Dead                           Min: 0, Avg:  0.0, Max: 0, Diff: 0, Sum: 0, Workers: 6
[13.553s][debug  ][gc,phases      ] GC(50)     Total                          Min: 0, Avg:  0.0, Max: 0, Diff: 0, Sum: 0, Workers: 6
[13.553s][debug  ][gc,phases      ] GC(50)   StringDedup Requests1 Weak     Min:  0.0, Avg:  0.0, Max:  0.0, Diff:  0.0, Sum:  0.0, Workers: 6
[13.553s][debug  ][gc,phases      ] GC(50)     Dead                           Min: 0, Avg:  0.0, Max: 0, Diff: 0, Sum: 0, Workers: 6
[13.553s][debug  ][gc,phases      ] GC(50)     Total                          Min: 0, Avg:  0.0, Max: 0, Diff: 0, Sum: 0, Workers: 6
[13.553s][debug  ][gc,phases      ] GC(50)   Weak JFR Old Object Samples    Min:  0.0, Avg:  0.0, Max:  0.0, Diff:  0.0, Sum:  0.0, Workers: 6
[13.553s][debug  ][gc,phases      ] GC(50)     Dead                           Min: 0, Avg:  0.0, Max: 0, Diff: 0, Sum: 0, Workers: 6
[13.553s][debug  ][gc,phases      ] GC(50)     Total                          Min: 0, Avg:  0.0, Max: 0, Diff: 0, Sum: 0, Workers: 6
[13.553s][debug  ][gc,phases      ] GC(50) Weak Processing 0.710ms
[13.553s][debug  ][gc,phases,start] GC(50) Class Unloading
[13.553s][debug  ][gc,phases,start] GC(50) ClassLoaderData
[13.553s][debug  ][gc,phases      ] GC(50) ClassLoaderData 0.026ms
[13.553s][debug  ][gc,phases,start] GC(50) Trigger cleanups
[13.553s][debug  ][gc,phases      ] GC(50) Trigger cleanups 0.019ms
[13.553s][debug  ][gc,phases      ] GC(50) Class Unloading 0.355ms
[13.553s][info   ][gc,phases      ] GC(50) Marking Phase 2.376ms
[13.553s][info   ][gc,phases,start] GC(50) Summary Phase
[13.553s][info   ][gc,phases      ] GC(50) Summary Phase 0.036ms
[13.553s][info   ][gc,phases,start] GC(50) Adjust Roots
[13.554s][info   ][gc,phases      ] GC(50) Adjust Roots 0.146ms
[13.554s][info   ][gc,phases,start] GC(50) Compaction Phase
[13.628s][info   ][gc,phases      ] GC(50) Compaction Phase 74.144ms
[13.628s][info   ][gc,phases,start] GC(50) Post Compact
[13.633s][info   ][gc,phases      ] GC(50) Post Compact 5.344ms
[13.633s][debug  ][gc,ergo        ] GC(50) AdaptiveSizeStart: collection: 51 
[13.633s][debug  ][gc,ergo        ] GC(50) PSAdaptiveSizePolicy::compute_eden_space_size limits: desired_eden_size: 229450675 old_eden_size: 204472320 eden_limit: 204472320 cur_eden: 204472320 max_eden_size: 204472320 avg_young_live: 24971546
[13.633s][debug  ][gc,ergo        ] GC(50) PSAdaptiveSizePolicy::compute_eden_space_size: costs minor_time: 0.047387 major_cost: 0.038152 mutator_cost: 0.914461 throughput_goal: 0.990000
[13.633s][debug  ][gc,ergo        ] GC(50) Live_space: 920097280 free_space: 1068498944
[13.633s][debug  ][gc,ergo        ] GC(50) Old eden_size: 204472320 desired_eden_size: 204472320
[13.633s][debug  ][gc,ergo        ] GC(50) PSAdaptiveSizePolicy::compute_old_gen_free_space: costs minor_time: 0.047387 major_cost: 0.038152  mutator_cost: 0.914461 throughput_goal: 0.990000
[13.633s][debug  ][gc,ergo        ] GC(50) Live_space: 928625664 free_space: 1068498944
[13.633s][debug  ][gc,ergo        ] GC(50) Old promo_size: 864026624 desired_promo_size: 960495616
[13.634s][debug  ][gc             ] GC(50) Expanding ParOldGen from 1638400K by 196608K to 1835008K
[13.634s][debug  ][gc,ergo        ] GC(50) AdaptiveSizeStop: collection: 51 
[13.634s][info   ][gc,heap        ] GC(50) PSYoungGen: 30720K(230912K)->0K(230912K) Eden: 0K(199680K)->0K(199680K) From: 30720K(31232K)->0K(31232K)
[13.634s][info   ][gc,heap        ] GC(50) ParOldGen: 1558117K(1638400K)->687715K(1835008K)
[13.634s][info   ][gc,metaspace   ] GC(50) Metaspace: 1019K(1216K)->1019K(1216K) NonClass: 935K(1024K)->935K(1024K) Class: 83K(192K)->83K(192K)
[13.634s][info   ][gc             ] GC(50) Pause Full (Ergonomics) 1551M->671M(2017M) 83.067ms
[13.634s][info   ][gc,cpu         ] GC(50) User=0.47s Sys=0.00s Real=0.08s
[13.634s][debug  ][gc,heap        ] GC(50) Heap after GC invocations=51 (full 9):
[13.634s][debug  ][gc,heap        ] GC(50)  PSYoungGen      total 230912K, used 0K [0x00000000f0000000, 0x0000000100000000, 0x0000000100000000)
[13.634s][debug  ][gc,heap        ] GC(50)   eden space 199680K, 0% used [0x00000000f0000000,0x00000000f0000000,0x00000000fc300000)
[13.634s][debug  ][gc,heap        ] GC(50)   from space 31232K, 0% used [0x00000000fc300000,0x00000000fc300000,0x00000000fe180000)
[13.634s][debug  ][gc,heap        ] GC(50)   to   space 31232K, 0% used [0x00000000fe180000,0x00000000fe180000,0x0000000100000000)
[13.634s][debug  ][gc,heap        ] GC(50)  ParOldGen       total 1835008K, used 687715K [0x0000000080000000, 0x00000000f0000000, 0x00000000f0000000)
[13.634s][debug  ][gc,heap        ] GC(50)   object space 1835008K, 37% used [0x0000000080000000,0x00000000a9f98f48,0x00000000f0000000)
[13.634s][debug  ][gc,heap        ] GC(50)  Metaspace       used 1019K, committed 1216K, reserved 1056768K
[13.634s][debug  ][gc,heap        ] GC(50)   class space    used 83K, committed 192K, reserved 1048576K
[13.634s][debug  ][gc,task,time   ] GC(50) VM-Thread 135509977 135536394 136340929
[13.946s][debug  ][gc,heap        ] GC(51) Heap before GC invocations=52 (full 9):
[13.946s][debug  ][gc,heap        ] GC(51)  PSYoungGen      total 230912K, used 198466K [0x00000000f0000000, 0x0000000100000000, 0x0000000100000000)
[13.946s][debug  ][gc,heap        ] GC(51)   eden space 199680K, 99% used [0x00000000f0000000,0x00000000fc1d0928,0x00000000fc300000)
[13.946s][debug  ][gc,heap        ] GC(51)   from space 31232K, 0% used [0x00000000fc300000,0x00000000fc300000,0x00000000fe180000)
[13.946s][debug  ][gc,heap        ] GC(51)   to   space 31232K, 0% used [0x00000000fe180000,0x00000000fe180000,0x0000000100000000)
[13.946s][debug  ][gc,heap        ] GC(51)  ParOldGen       total 1835008K, used 687715K [0x0000000080000000, 0x00000000f0000000, 0x00000000f0000000)
[13.946s][debug  ][gc,heap        ] GC(51)   object space 1835008K, 37% used [0x0000000080000000,0x00000000a9f98f48,0x00000000f0000000)
[13.946s][debug  ][gc,heap        ] GC(51)  Metaspace       used 1019K, committed 1216K, reserved 1056768K
[13.946s][debug  ][gc,heap        ] GC(51)   class space    used 83K, committed 192K, reserved 1048576K
[13.946s][debug  ][gc,tlab        ] GC(51) TLAB totals: thrds: 1  refills: 1 max: 1 slow allocs: 18 max 18 waste: 27.6% gc: 3999736B max: 3999736B slow: 0B max: 0B
[13.946s][info   ][gc,start       ] GC(51) Pause Young (Allocation Failure)
[13.946s][debug  ][gc,phases,start] GC(51) Scavenge
[13.959s][debug  ][gc,phases      ] GC(51) Scavenge 12.547ms
[13.959s][debug  ][gc,phases,start] GC(51) Reference Processing
[13.959s][debug  ][gc,ref         ] GC(51) Skipped phase 1 of Reference Processing: no references
[13.959s][debug  ][gc,ref         ] GC(51) Skipped phase 2 of Reference Processing: no references
[13.959s][debug  ][gc,ref         ] GC(51) Skipped phase 3 of Reference Processing: no references
[13.959s][debug  ][gc,ref         ] GC(51) Skipped phase 4 of Reference Processing: no references
[13.959s][debug  ][gc,phases,ref  ] GC(51) Reference Processing: 0.1ms
[13.959s][debug  ][gc,phases,ref  ] GC(51)   Reconsider SoftReferences: 0.0ms
[13.959s][debug  ][gc,phases,ref  ] GC(51)     SoftRef (ms):                  skipped
[13.959s][debug  ][gc,phases,ref  ] GC(51)   Notify Soft/WeakReferences: 0.0ms
[13.959s][debug  ][gc,phases,ref  ] GC(51)     SoftRef (ms):                  skipped
[13.959s][debug  ][gc,phases,ref  ] GC(51)     WeakRef (ms):                  skipped
[13.959s][debug  ][gc,phases,ref  ] GC(51)     FinalRef (ms):                 skipped
[13.959s][debug  ][gc,phases,ref  ] GC(51)     Total (ms):                    skipped
[13.959s][debug  ][gc,phases,ref  ] GC(51)   Notify and keep alive finalizable: 0.0ms
[13.959s][debug  ][gc,phases,ref  ] GC(51)     FinalRef (ms):                 skipped
[13.959s][debug  ][gc,phases,ref  ] GC(51)   Notify PhantomReferences: 0.0ms
[13.959s][debug  ][gc,phases,ref  ] GC(51)     PhantomRef (ms):               skipped
[13.960s][debug  ][gc,phases,ref  ] GC(51)   SoftReference:
[13.960s][debug  ][gc,phases,ref  ] GC(51)     Discovered: 0
[13.960s][debug  ][gc,phases,ref  ] GC(51)     Cleared: 0
[13.960s][debug  ][gc,phases,ref  ] GC(51)   WeakReference:
[13.960s][debug  ][gc,phases,ref  ] GC(51)     Discovered: 0
[13.960s][debug  ][gc,phases,ref  ] GC(51)     Cleared: 0
[13.960s][debug  ][gc,phases,ref  ] GC(51)   FinalReference:
[13.960s][debug  ][gc,phases,ref  ] GC(51)     Discovered: 0
[13.960s][debug  ][gc,phases,ref  ] GC(51)     Cleared: 0
[13.960s][debug  ][gc,phases,ref  ] GC(51)   PhantomReference:
[13.960s][debug  ][gc,phases,ref  ] GC(51)     Discovered: 0
[13.960s][debug  ][gc,phases,ref  ] GC(51)     Cleared: 0
[13.960s][debug  ][gc,phases      ] GC(51) Reference Processing 0.716ms
[13.960s][debug  ][gc,phases,start] GC(51) Weak Processing
[13.960s][debug  ][gc,phases      ] GC(51)   VM Weak                        Min:  0.0, Avg:  0.0, Max:  0.0, Diff:  0.0, Sum:  0.0, Workers: 6
[13.960s][debug  ][gc,phases      ] GC(51)     Dead                           Min: 0, Avg:  0.0, Max: 0, Diff: 0, Sum: 0, Workers: 6
[13.960s][debug  ][gc,phases      ] GC(51)     Total                          Min: 0, Avg:  1.3, Max: 8, Diff: 8, Sum: 8, Workers: 6
[13.960s][debug  ][gc,phases      ] GC(51)   ObjectSynchronizer Weak        Min:  0.0, Avg:  0.0, Max:  0.0, Diff:  0.0, Sum:  0.0, Workers: 6
[13.960s][debug  ][gc,phases      ] GC(51)     Dead                           Min: 0, Avg:  0.0, Max: 0, Diff: 0, Sum: 0, Workers: 6
[13.960s][debug  ][gc,phases      ] GC(51)     Total                          Min: 0, Avg:  0.5, Max: 3, Diff: 3, Sum: 3, Workers: 6
[13.960s][debug  ][gc,phases      ] GC(51)   JVMTI Tag Weak OopStorage      Min:  0.0, Avg:  0.0, Max:  0.0, Diff:  0.0, Sum:  0.0, Workers: 6
[13.960s][debug  ][gc,phases      ] GC(51)     Dead                           Min: 0, Avg:  0.0, Max: 0, Diff: 0, Sum: 0, Workers: 6
[13.960s][debug  ][gc,phases      ] GC(51)     Total                          Min: 0, Avg:  0.0, Max: 0, Diff: 0, Sum: 0, Workers: 6
[13.960s][debug  ][gc,phases      ] GC(51)   StringTable Weak               Min:  0.0, Avg:  0.0, Max:  0.0, Diff:  0.0, Sum:  0.0, Workers: 6
[13.960s][debug  ][gc,phases      ] GC(51)     Dead                           Min: 0, Avg:  0.0, Max: 0, Diff: 0, Sum: 0, Workers: 6
[13.960s][debug  ][gc,phases      ] GC(51)     Total                          Min: 767, Avg: 891.8, Max: 1128, Diff: 361, Sum: 5351, Workers: 6
[13.960s][debug  ][gc,phases      ] GC(51)   ResolvedMethodTable Weak       Min:  0.0, Avg:  0.0, Max:  0.0, Diff:  0.0, Sum:  0.0, Workers: 6
[13.960s][debug  ][gc,phases      ] GC(51)     Dead                           Min: 0, Avg:  0.0, Max: 0, Diff: 0, Sum: 0, Workers: 6
[13.960s][debug  ][gc,phases      ] GC(51)     Total                          Min: 0, Avg: 21.7, Max: 64, Diff: 64, Sum: 130, Workers: 6
[13.960s][debug  ][gc,phases      ] GC(51)   JNI Weak                       Min:  0.0, Avg:  0.0, Max:  0.0, Diff:  0.0, Sum:  0.0, Workers: 6
[13.960s][debug  ][gc,phases      ] GC(51)     Dead                           Min: 0, Avg:  0.0, Max: 0, Diff: 0, Sum: 0, Workers: 6
[13.960s][debug  ][gc,phases      ] GC(51)     Total                          Min: 0, Avg:  0.0, Max: 0, Diff: 0, Sum: 0, Workers: 6
[13.960s][debug  ][gc,phases      ] GC(51)   StringDedup Table Weak         Min:  0.0, Avg:  0.0, Max:  0.0, Diff:  0.0, Sum:  0.0, Workers: 6
[13.960s][debug  ][gc,phases      ] GC(51)     Dead                           Min: 0, Avg:  0.0, Max: 0, Diff: 0, Sum: 0, Workers: 6
[13.960s][debug  ][gc,phases      ] GC(51)     Total                          Min: 0, Avg:  0.0, Max: 0, Diff: 0, Sum: 0, Workers: 6
[13.960s][debug  ][gc,phases      ] GC(51)   StringDedup Requests0 Weak     Min:  0.0, Avg:  0.0, Max:  0.0, Diff:  0.0, Sum:  0.0, Workers: 6
[13.960s][debug  ][gc,phases      ] GC(51)     Dead                           Min: 0, Avg:  0.0, Max: 0, Diff: 0, Sum: 0, Workers: 6
[13.960s][debug  ][gc,phases      ] GC(51)     Total                          Min: 0, Avg:  0.0, Max: 0, Diff: 0, Sum: 0, Workers: 6
[13.960s][debug  ][gc,phases      ] GC(51)   StringDedup Requests1 Weak     Min:  0.0, Avg:  0.0, Max:  0.0, Diff:  0.0, Sum:  0.0, Workers: 6
[13.961s][debug  ][gc,phases      ] GC(51)     Dead                           Min: 0, Avg:  0.0, Max: 0, Diff: 0, Sum: 0, Workers: 6
[13.961s][debug  ][gc,phases      ] GC(51)     Total                          Min: 0, Avg:  0.0, Max: 0, Diff: 0, Sum: 0, Workers: 6
[13.961s][debug  ][gc,phases      ] GC(51)   Weak JFR Old Object Samples    Min:  0.0, Avg:  0.0, Max:  0.0, Diff:  0.0, Sum:  0.0, Workers: 6
[13.961s][debug  ][gc,phases      ] GC(51)     Dead                           Min: 0, Avg:  0.0, Max: 0, Diff: 0, Sum: 0, Workers: 6
[13.961s][debug  ][gc,phases      ] GC(51)     Total                          Min: 0, Avg:  0.0, Max: 0, Diff: 0, Sum: 0, Workers: 6
[13.961s][debug  ][gc,phases      ] GC(51) Weak Processing 0.808ms
[13.961s][debug  ][gc,ergo        ] GC(51) AdaptiveSizeStart:  collection: 52 
[13.961s][debug  ][gc,ergo        ] GC(51) avg_survived_padded_avg: 31804644.000000
[13.961s][debug  ][gc,ergo        ] GC(51) avg_promoted_padded_avg: 259055072.000000  avg_pretenured_padded_avg: 0.000000  tenuring_thresh: 1  target_size: 31981568
[13.961s][debug  ][gc,age         ] GC(51) Desired survivor size 31981568 bytes, new threshold 1 (max threshold 15)
[13.961s][debug  ][gc,ergo        ] GC(51) PSAdaptiveSizePolicy::compute_eden_space_size limits: desired_eden_size: 228669295 old_eden_size: 204472320 eden_limit: 204472320 cur_eden: 204472320 max_eden_size: 204472320 avg_young_live: 25620124
[13.961s][debug  ][gc,ergo        ] GC(51) PSAdaptiveSizePolicy::compute_eden_space_size: costs minor_time: 0.044188 major_cost: 0.038152 mutator_cost: 0.917661 throughput_goal: 0.990000
[13.961s][debug  ][gc,ergo        ] GC(51) Live_space: 929274240 free_space: 1164967936
[13.961s][debug  ][gc,ergo        ] GC(51) Old eden_size: 204472320 desired_eden_size: 204472320
[13.961s][debug  ][gc,ergo        ] GC(51) AdaptiveSizeStop: collection: 52 
[13.961s][info   ][gc,heap        ] GC(51) PSYoungGen: 198466K(230912K)->30720K(230912K) Eden: 198466K(199680K)->0K(199680K) From: 0K(31232K)->30720K(31232K)
[13.961s][info   ][gc,heap        ] GC(51) ParOldGen: 687715K(1835008K)->851556K(1835008K)
[13.961s][info   ][gc,metaspace   ] GC(51) Metaspace: 1019K(1216K)->1019K(1216K) NonClass: 935K(1024K)->935K(1024K) Class: 83K(192K)->83K(192K)
[13.961s][info   ][gc             ] GC(51) Pause Young (Allocation Failure) 865M->861M(2017M) 14.533ms
[13.961s][info   ][gc,cpu         ] GC(51) User=0.09s Sys=0.00s Real=0.02s
[13.961s][debug  ][gc,heap        ] GC(51) Heap after GC invocations=52 (full 9):
[13.961s][debug  ][gc,heap        ] GC(51)  PSYoungGen      total 230912K, used 30720K [0x00000000f0000000, 0x0000000100000000, 0x0000000100000000)
[13.961s][debug  ][gc,heap        ] GC(51)   eden space 199680K, 0% used [0x00000000f0000000,0x00000000f0000000,0x00000000fc300000)
[13.961s][debug  ][gc,heap        ] GC(51)   from space 31232K, 98% used [0x00000000fe180000,0x00000000fff80030,0x0000000100000000)
[13.961s][debug  ][gc,heap        ] GC(51)   to   space 31232K, 0% used [0x00000000fc300000,0x00000000fc300000,0x00000000fe180000)
[13.961s][debug  ][gc,heap        ] GC(51)  ParOldGen       total 1835008K, used 851556K [0x0000000080000000, 0x00000000f0000000, 0x00000000f0000000)
[13.961s][debug  ][gc,heap        ] GC(51)   object space 1835008K, 46% used [0x0000000080000000,0x00000000b3f99048,0x00000000f0000000)
[13.961s][debug  ][gc,heap        ] GC(51)  Metaspace       used 1019K, committed 1216K, reserved 1056768K
[13.961s][debug  ][gc,heap        ] GC(51)   class space    used 83K, committed 192K, reserved 1048576K
[13.961s][debug  ][gc,task,time   ] GC(51) VM-Thread 139460277 139590907 139612476
[14.261s][debug  ][gc,heap        ] GC(52) Heap before GC invocations=53 (full 9):
[14.261s][debug  ][gc,heap        ] GC(52)  PSYoungGen      total 230912K, used 229117K [0x00000000f0000000, 0x0000000100000000, 0x0000000100000000)
[14.261s][debug  ][gc,heap        ] GC(52)   eden space 199680K, 99% used [0x00000000f0000000,0x00000000fc1bf548,0x00000000fc300000)
[14.261s][debug  ][gc,heap        ] GC(52)   from space 31232K, 98% used [0x00000000fe180000,0x00000000fff80030,0x0000000100000000)
[14.261s][debug  ][gc,heap        ] GC(52)   to   space 31232K, 0% used [0x00000000fc300000,0x00000000fc300000,0x00000000fe180000)
[14.261s][debug  ][gc,heap        ] GC(52)  ParOldGen       total 1835008K, used 851556K [0x0000000080000000, 0x00000000f0000000, 0x00000000f0000000)
[14.261s][debug  ][gc,heap        ] GC(52)   object space 1835008K, 46% used [0x0000000080000000,0x00000000b3f99048,0x00000000f0000000)
[14.261s][debug  ][gc,heap        ] GC(52)  Metaspace       used 1019K, committed 1216K, reserved 1056768K
[14.261s][debug  ][gc,heap        ] GC(52)   class space    used 83K, committed 192K, reserved 1048576K
[14.261s][debug  ][gc,tlab        ] GC(52) TLAB totals: thrds: 1  refills: 1 max: 1 slow allocs: 18 max 18 waste: 27.2% gc: 3927944B max: 3927944B slow: 0B max: 0B
[14.261s][info   ][gc,start       ] GC(52) Pause Young (Allocation Failure)
[14.261s][debug  ][gc,phases,start] GC(52) Scavenge
[14.265s][debug  ][gc,phases      ] GC(52) Scavenge 3.386ms
[14.265s][debug  ][gc,phases,start] GC(52) Reference Processing
[14.265s][debug  ][gc,ref         ] GC(52) Skipped phase 1 of Reference Processing: no references
[14.265s][debug  ][gc,ref         ] GC(52) Skipped phase 2 of Reference Processing: no references
[14.265s][debug  ][gc,ref         ] GC(52) Skipped phase 3 of Reference Processing: no references
[14.265s][debug  ][gc,ref         ] GC(52) Skipped phase 4 of Reference Processing: no references
[14.265s][debug  ][gc,phases,ref  ] GC(52) Reference Processing: 0.1ms
[14.265s][debug  ][gc,phases,ref  ] GC(52)   Reconsider SoftReferences: 0.0ms
[14.265s][debug  ][gc,phases,ref  ] GC(52)     SoftRef (ms):                  skipped
[14.265s][debug  ][gc,phases,ref  ] GC(52)   Notify Soft/WeakReferences: 0.0ms
[14.265s][debug  ][gc,phases,ref  ] GC(52)     SoftRef (ms):                  skipped
[14.265s][debug  ][gc,phases,ref  ] GC(52)     WeakRef (ms):                  skipped
[14.265s][debug  ][gc,phases,ref  ] GC(52)     FinalRef (ms):                 skipped
[14.265s][debug  ][gc,phases,ref  ] GC(52)     Total (ms):                    skipped
[14.265s][debug  ][gc,phases,ref  ] GC(52)   Notify and keep alive finalizable: 0.0ms
[14.265s][debug  ][gc,phases,ref  ] GC(52)     FinalRef (ms):                 skipped
[14.265s][debug  ][gc,phases,ref  ] GC(52)   Notify PhantomReferences: 0.0ms
[14.265s][debug  ][gc,phases,ref  ] GC(52)     PhantomRef (ms):               skipped
[14.265s][debug  ][gc,phases,ref  ] GC(52)   SoftReference:
[14.265s][debug  ][gc,phases,ref  ] GC(52)     Discovered: 0
[14.265s][debug  ][gc,phases,ref  ] GC(52)     Cleared: 0
[14.265s][debug  ][gc,phases,ref  ] GC(52)   WeakReference:
[14.265s][debug  ][gc,phases,ref  ] GC(52)     Discovered: 0
[14.265s][debug  ][gc,phases,ref  ] GC(52)     Cleared: 0
[14.265s][debug  ][gc,phases,ref  ] GC(52)   FinalReference:
[14.265s][debug  ][gc,phases,ref  ] GC(52)     Discovered: 0
[14.265s][debug  ][gc,phases,ref  ] GC(52)     Cleared: 0
[14.265s][debug  ][gc,phases,ref  ] GC(52)   PhantomReference:
[14.265s][debug  ][gc,phases,ref  ] GC(52)     Discovered: 0
[14.266s][debug  ][gc,phases,ref  ] GC(52)     Cleared: 0
[14.266s][debug  ][gc,phases      ] GC(52) Reference Processing 0.680ms
[14.266s][debug  ][gc,phases,start] GC(52) Weak Processing
[14.266s][debug  ][gc,phases      ] GC(52)   VM Weak                        Min:  0.0, Avg:  0.0, Max:  0.0, Diff:  0.0, Sum:  0.0, Workers: 6
[14.266s][debug  ][gc,phases      ] GC(52)     Dead                           Min: 0, Avg:  0.0, Max: 0, Diff: 0, Sum: 0, Workers: 6
[14.266s][debug  ][gc,phases      ] GC(52)     Total                          Min: 0, Avg:  1.3, Max: 8, Diff: 8, Sum: 8, Workers: 6
[14.266s][debug  ][gc,phases      ] GC(52)   ObjectSynchronizer Weak        Min:  0.0, Avg:  0.0, Max:  0.0, Diff:  0.0, Sum:  0.0, Workers: 6
[14.266s][debug  ][gc,phases      ] GC(52)     Dead                           Min: 0, Avg:  0.0, Max: 0, Diff: 0, Sum: 0, Workers: 6
[14.266s][debug  ][gc,phases      ] GC(52)     Total                          Min: 0, Avg:  0.5, Max: 3, Diff: 3, Sum: 3, Workers: 6
[14.266s][debug  ][gc,phases      ] GC(52)   JVMTI Tag Weak OopStorage      Min:  0.0, Avg:  0.0, Max:  0.0, Diff:  0.0, Sum:  0.0, Workers: 6
[14.266s][debug  ][gc,phases      ] GC(52)     Dead                           Min: 0, Avg:  0.0, Max: 0, Diff: 0, Sum: 0, Workers: 6
[14.266s][debug  ][gc,phases      ] GC(52)     Total                          Min: 0, Avg:  0.0, Max: 0, Diff: 0, Sum: 0, Workers: 6
[14.266s][debug  ][gc,phases      ] GC(52)   StringTable Weak               Min:  0.0, Avg:  0.0, Max:  0.0, Diff:  0.0, Sum:  0.0, Workers: 6
[14.266s][debug  ][gc,phases      ] GC(52)     Dead                           Min: 0, Avg:  0.0, Max: 0, Diff: 0, Sum: 0, Workers: 6
[14.266s][debug  ][gc,phases      ] GC(52)     Total                          Min: 640, Avg: 891.8, Max: 1127, Diff: 487, Sum: 5351, Workers: 6
[14.266s][debug  ][gc,phases      ] GC(52)   ResolvedMethodTable Weak       Min:  0.0, Avg:  0.0, Max:  0.0, Diff:  0.0, Sum:  0.0, Workers: 6
[14.266s][debug  ][gc,phases      ] GC(52)     Dead                           Min: 0, Avg:  0.0, Max: 0, Diff: 0, Sum: 0, Workers: 6
[14.266s][debug  ][gc,phases      ] GC(52)     Total                          Min: 0, Avg: 21.7, Max: 64, Diff: 64, Sum: 130, Workers: 6
[14.266s][debug  ][gc,phases      ] GC(52)   JNI Weak                       Min:  0.0, Avg:  0.0, Max:  0.0, Diff:  0.0, Sum:  0.0, Workers: 6
[14.266s][debug  ][gc,phases      ] GC(52)     Dead                           Min: 0, Avg:  0.0, Max: 0, Diff: 0, Sum: 0, Workers: 6
[14.266s][debug  ][gc,phases      ] GC(52)     Total                          Min: 0, Avg:  0.0, Max: 0, Diff: 0, Sum: 0, Workers: 6
[14.266s][debug  ][gc,phases      ] GC(52)   StringDedup Table Weak         Min:  0.0, Avg:  0.0, Max:  0.0, Diff:  0.0, Sum:  0.0, Workers: 6
[14.266s][debug  ][gc,phases      ] GC(52)     Dead                           Min: 0, Avg:  0.0, Max: 0, Diff: 0, Sum: 0, Workers: 6
[14.266s][debug  ][gc,phases      ] GC(52)     Total                          Min: 0, Avg:  0.0, Max: 0, Diff: 0, Sum: 0, Workers: 6
[14.266s][debug  ][gc,phases      ] GC(52)   StringDedup Requests0 Weak     Min:  0.0, Avg:  0.0, Max:  0.0, Diff:  0.0, Sum:  0.0, Workers: 6
[14.266s][debug  ][gc,phases      ] GC(52)     Dead                           Min: 0, Avg:  0.0, Max: 0, Diff: 0, Sum: 0, Workers: 6
[14.266s][debug  ][gc,phases      ] GC(52)     Total                          Min: 0, Avg:  0.0, Max: 0, Diff: 0, Sum: 0, Workers: 6
[14.266s][debug  ][gc,phases      ] GC(52)   StringDedup Requests1 Weak     Min:  0.0, Avg:  0.0, Max:  0.0, Diff:  0.0, Sum:  0.0, Workers: 6
[14.266s][debug  ][gc,phases      ] GC(52)     Dead                           Min: 0, Avg:  0.0, Max: 0, Diff: 0, Sum: 0, Workers: 6
[14.266s][debug  ][gc,phases      ] GC(52)     Total                          Min: 0, Avg:  0.0, Max: 0, Diff: 0, Sum: 0, Workers: 6
[14.266s][debug  ][gc,phases      ] GC(52)   Weak JFR Old Object Samples    Min:  0.0, Avg:  0.0, Max:  0.0, Diff:  0.0, Sum:  0.0, Workers: 6
[14.266s][debug  ][gc,phases      ] GC(52)     Dead                           Min: 0, Avg:  0.0, Max: 0, Diff: 0, Sum: 0, Workers: 6
[14.266s][debug  ][gc,phases      ] GC(52)     Total                          Min: 0, Avg:  0.0, Max: 0, Diff: 0, Sum: 0, Workers: 6
[14.266s][debug  ][gc,phases      ] GC(52) Weak Processing 0.726ms
[14.266s][debug  ][gc,ergo        ] GC(52) AdaptiveSizeStart:  collection: 53 
[14.266s][debug  ][gc,ergo        ] GC(52) avg_survived_padded_avg: 31777530.000000
[14.266s][debug  ][gc,ergo        ] GC(52) avg_promoted_padded_avg: 275910240.000000  avg_pretenured_padded_avg: 0.000000  tenuring_thresh: 1  target_size: 31981568
[14.266s][debug  ][gc,age         ] GC(52) Desired survivor size 31981568 bytes, new threshold 1 (max threshold 15)
[14.266s][debug  ][gc,ergo        ] GC(52) PSAdaptiveSizePolicy::compute_eden_space_size limits: desired_eden_size: 226720109 old_eden_size: 204472320 eden_limit: 204472320 cur_eden: 204472320 max_eden_size: 204472320 avg_young_live: 26203844
[14.266s][debug  ][gc,ergo        ] GC(52) PSAdaptiveSizePolicy::compute_eden_space_size: costs minor_time: 0.037161 major_cost: 0.038152 mutator_cost: 0.924687 throughput_goal: 0.990000
[14.266s][debug  ][gc,ergo        ] GC(52) Live_space: 929857920 free_space: 1164967936
[14.267s][debug  ][gc,ergo        ] GC(52) Old eden_size: 204472320 desired_eden_size: 204472320
[14.267s][debug  ][gc,ergo        ] GC(52) AdaptiveSizeStop: collection: 53 
[14.267s][info   ][gc,heap        ] GC(52) PSYoungGen: 229117K(230912K)->30720K(230912K) Eden: 198397K(199680K)->0K(199680K) From: 30720K(31232K)->30720K(31232K)
[14.267s][info   ][gc,heap        ] GC(52) ParOldGen: 851556K(1835008K)->872036K(1835008K)
[14.267s][info   ][gc,metaspace   ] GC(52) Metaspace: 1019K(1216K)->1019K(1216K) NonClass: 935K(1024K)->935K(1024K) Class: 83K(192K)->83K(192K)
[14.267s][info   ][gc             ] GC(52) Pause Young (Allocation Failure) 1055M->881M(2017M) 5.279ms
[14.267s][info   ][gc,cpu         ] GC(52) User=0.00s Sys=0.00s Real=0.00s
[14.267s][debug  ][gc,heap        ] GC(52) Heap after GC invocations=53 (full 9):
[14.267s][debug  ][gc,heap        ] GC(52)  PSYoungGen      total 230912K, used 30720K [0x00000000f0000000, 0x0000000100000000, 0x0000000100000000)
[14.267s][debug  ][gc,heap        ] GC(52)   eden space 199680K, 0% used [0x00000000f0000000,0x00000000f0000000,0x00000000fc300000)
[14.267s][debug  ][gc,heap        ] GC(52)   from space 31232K, 98% used [0x00000000fc300000,0x00000000fe100030,0x00000000fe180000)
[14.267s][debug  ][gc,heap        ] GC(52)   to   space 31232K, 0% used [0x00000000fe180000,0x00000000fe180000,0x0000000100000000)
[14.267s][debug  ][gc,heap        ] GC(52)  ParOldGen       total 1835008K, used 872036K [0x0000000080000000, 0x00000000f0000000, 0x00000000f0000000)
[14.267s][debug  ][gc,heap        ] GC(52)   object space 1835008K, 47% used [0x0000000080000000,0x00000000b5399068,0x00000000f0000000)
[14.267s][debug  ][gc,heap        ] GC(52)  Metaspace       used 1019K, committed 1216K, reserved 1056768K
[14.267s][debug  ][gc,heap        ] GC(52)   class space    used 83K, committed 192K, reserved 1048576K
[14.267s][debug  ][gc,task,time   ] GC(52) VM-Thread 142610943 142648575 142669534
[14.561s][debug  ][gc,heap        ] GC(53) Heap before GC invocations=54 (full 9):
[14.561s][debug  ][gc,heap        ] GC(53)  PSYoungGen      total 230912K, used 229145K [0x00000000f0000000, 0x0000000100000000, 0x0000000100000000)
[14.561s][debug  ][gc,heap        ] GC(53)   eden space 199680K, 99% used [0x00000000f0000000,0x00000000fc1c6458,0x00000000fc300000)
[14.561s][debug  ][gc,heap        ] GC(53)   from space 31232K, 98% used [0x00000000fc300000,0x00000000fe100030,0x00000000fe180000)
[14.561s][debug  ][gc,heap        ] GC(53)   to   space 31232K, 0% used [0x00000000fe180000,0x00000000fe180000,0x0000000100000000)
[14.561s][debug  ][gc,heap        ] GC(53)  ParOldGen       total 1835008K, used 872036K [0x0000000080000000, 0x00000000f0000000, 0x00000000f0000000)
[14.561s][debug  ][gc,heap        ] GC(53)   object space 1835008K, 47% used [0x0000000080000000,0x00000000b5399068,0x00000000f0000000)
[14.561s][debug  ][gc,heap        ] GC(53)  Metaspace       used 1019K, committed 1216K, reserved 1056768K
[14.561s][debug  ][gc,heap        ] GC(53)   class space    used 83K, committed 192K, reserved 1048576K
[14.561s][debug  ][gc,tlab        ] GC(53) TLAB totals: thrds: 1  refills: 1 max: 1 slow allocs: 18 max 18 waste: 27.4% gc: 3957544B max: 3957544B slow: 0B max: 0B
[14.561s][info   ][gc,start       ] GC(53) Pause Young (Allocation Failure)
[14.562s][debug  ][gc,phases,start] GC(53) Scavenge
[14.576s][debug  ][gc,phases      ] GC(53) Scavenge 14.720ms
[14.576s][debug  ][gc,phases,start] GC(53) Reference Processing
[14.576s][debug  ][gc,ref         ] GC(53) Skipped phase 1 of Reference Processing: no references
[14.576s][debug  ][gc,ref         ] GC(53) Skipped phase 2 of Reference Processing: no references
[14.576s][debug  ][gc,ref         ] GC(53) Skipped phase 3 of Reference Processing: no references
[14.576s][debug  ][gc,ref         ] GC(53) Skipped phase 4 of Reference Processing: no references
[14.576s][debug  ][gc,phases,ref  ] GC(53) Reference Processing: 0.1ms
[14.577s][debug  ][gc,phases,ref  ] GC(53)   Reconsider SoftReferences: 0.0ms
[14.577s][debug  ][gc,phases,ref  ] GC(53)     SoftRef (ms):                  skipped
[14.577s][debug  ][gc,phases,ref  ] GC(53)   Notify Soft/WeakReferences: 0.0ms
[14.577s][debug  ][gc,phases,ref  ] GC(53)     SoftRef (ms):                  skipped
[14.577s][debug  ][gc,phases,ref  ] GC(53)     WeakRef (ms):                  skipped
[14.577s][debug  ][gc,phases,ref  ] GC(53)     FinalRef (ms):                 skipped
[14.577s][debug  ][gc,phases,ref  ] GC(53)     Total (ms):                    skipped
[14.577s][debug  ][gc,phases,ref  ] GC(53)   Notify and keep alive finalizable: 0.0ms
[14.577s][debug  ][gc,phases,ref  ] GC(53)     FinalRef (ms):                 skipped
[14.577s][debug  ][gc,phases,ref  ] GC(53)   Notify PhantomReferences: 0.0ms
[14.577s][debug  ][gc,phases,ref  ] GC(53)     PhantomRef (ms):               skipped
[14.577s][debug  ][gc,phases,ref  ] GC(53)   SoftReference:
[14.577s][debug  ][gc,phases,ref  ] GC(53)     Discovered: 0
[14.577s][debug  ][gc,phases,ref  ] GC(53)     Cleared: 0
[14.577s][debug  ][gc,phases,ref  ] GC(53)   WeakReference:
[14.577s][debug  ][gc,phases,ref  ] GC(53)     Discovered: 0
[14.577s][debug  ][gc,phases,ref  ] GC(53)     Cleared: 0
[14.577s][debug  ][gc,phases,ref  ] GC(53)   FinalReference:
[14.577s][debug  ][gc,phases,ref  ] GC(53)     Discovered: 0
[14.577s][debug  ][gc,phases,ref  ] GC(53)     Cleared: 0
[14.577s][debug  ][gc,phases,ref  ] GC(53)   PhantomReference:
[14.577s][debug  ][gc,phases,ref  ] GC(53)     Discovered: 0
[14.577s][debug  ][gc,phases,ref  ] GC(53)     Cleared: 0
[14.577s][debug  ][gc,phases      ] GC(53) Reference Processing 0.860ms
[14.577s][debug  ][gc,phases,start] GC(53) Weak Processing
[14.577s][debug  ][gc,phases      ] GC(53)   VM Weak                        Min:  0.0, Avg:  0.0, Max:  0.0, Diff:  0.0, Sum:  0.0, Workers: 6
[14.577s][debug  ][gc,phases      ] GC(53)     Dead                           Min: 0, Avg:  0.0, Max: 0, Diff: 0, Sum: 0, Workers: 6
[14.577s][debug  ][gc,phases      ] GC(53)     Total                          Min: 0, Avg:  1.3, Max: 8, Diff: 8, Sum: 8, Workers: 6
[14.577s][debug  ][gc,phases      ] GC(53)   ObjectSynchronizer Weak        Min:  0.0, Avg:  0.0, Max:  0.0, Diff:  0.0, Sum:  0.0, Workers: 6
[14.577s][debug  ][gc,phases      ] GC(53)     Dead                           Min: 0, Avg:  0.0, Max: 0, Diff: 0, Sum: 0, Workers: 6
[14.577s][debug  ][gc,phases      ] GC(53)     Total                          Min: 0, Avg:  0.5, Max: 3, Diff: 3, Sum: 3, Workers: 6
[14.577s][debug  ][gc,phases      ] GC(53)   JVMTI Tag Weak OopStorage      Min:  0.0, Avg:  0.0, Max:  0.0, Diff:  0.0, Sum:  0.0, Workers: 6
[14.577s][debug  ][gc,phases      ] GC(53)     Dead                           Min: 0, Avg:  0.0, Max: 0, Diff: 0, Sum: 0, Workers: 6
[14.578s][debug  ][gc,phases      ] GC(53)     Total                          Min: 0, Avg:  0.0, Max: 0, Diff: 0, Sum: 0, Workers: 6
[14.578s][debug  ][gc,phases      ] GC(53)   StringTable Weak               Min:  0.0, Avg:  0.0, Max:  0.0, Diff:  0.0, Sum:  0.0, Workers: 6
[14.578s][debug  ][gc,phases      ] GC(53)     Dead                           Min: 0, Avg:  0.0, Max: 0, Diff: 0, Sum: 0, Workers: 6
[14.578s][debug  ][gc,phases      ] GC(53)     Total                          Min: 768, Avg: 891.8, Max: 1024, Diff: 256, Sum: 5351, Workers: 6
[14.578s][debug  ][gc,phases      ] GC(53)   ResolvedMethodTable Weak       Min:  0.0, Avg:  0.0, Max:  0.0, Diff:  0.0, Sum:  0.0, Workers: 6
[14.578s][debug  ][gc,phases      ] GC(53)     Dead                           Min: 0, Avg:  0.0, Max: 0, Diff: 0, Sum: 0, Workers: 6
[14.578s][debug  ][gc,phases      ] GC(53)     Total                          Min: 0, Avg: 21.7, Max: 66, Diff: 66, Sum: 130, Workers: 6
[14.578s][debug  ][gc,phases      ] GC(53)   JNI Weak                       Min:  0.0, Avg:  0.0, Max:  0.0, Diff:  0.0, Sum:  0.0, Workers: 6
[14.578s][debug  ][gc,phases      ] GC(53)     Dead                           Min: 0, Avg:  0.0, Max: 0, Diff: 0, Sum: 0, Workers: 6
[14.578s][debug  ][gc,phases      ] GC(53)     Total                          Min: 0, Avg:  0.0, Max: 0, Diff: 0, Sum: 0, Workers: 6
[14.578s][debug  ][gc,phases      ] GC(53)   StringDedup Table Weak         Min:  0.0, Avg:  0.0, Max:  0.0, Diff:  0.0, Sum:  0.0, Workers: 6
[14.578s][debug  ][gc,phases      ] GC(53)     Dead                           Min: 0, Avg:  0.0, Max: 0, Diff: 0, Sum: 0, Workers: 6
[14.578s][debug  ][gc,phases      ] GC(53)     Total                          Min: 0, Avg:  0.0, Max: 0, Diff: 0, Sum: 0, Workers: 6
[14.578s][debug  ][gc,phases      ] GC(53)   StringDedup Requests0 Weak     Min:  0.0, Avg:  0.0, Max:  0.0, Diff:  0.0, Sum:  0.0, Workers: 6
[14.578s][debug  ][gc,phases      ] GC(53)     Dead                           Min: 0, Avg:  0.0, Max: 0, Diff: 0, Sum: 0, Workers: 6
[14.578s][debug  ][gc,phases      ] GC(53)     Total                          Min: 0, Avg:  0.0, Max: 0, Diff: 0, Sum: 0, Workers: 6
[14.578s][debug  ][gc,phases      ] GC(53)   StringDedup Requests1 Weak     Min:  0.0, Avg:  0.0, Max:  0.0, Diff:  0.0, Sum:  0.0, Workers: 6
[14.578s][debug  ][gc,phases      ] GC(53)     Dead                           Min: 0, Avg:  0.0, Max: 0, Diff: 0, Sum: 0, Workers: 6
[14.578s][debug  ][gc,phases      ] GC(53)     Total                          Min: 0, Avg:  0.0, Max: 0, Diff: 0, Sum: 0, Workers: 6
[14.578s][debug  ][gc,phases      ] GC(53)   Weak JFR Old Object Samples    Min:  0.0, Avg:  0.0, Max:  0.0, Diff:  0.0, Sum:  0.0, Workers: 6
[14.578s][debug  ][gc,phases      ] GC(53)     Dead                           Min: 0, Avg:  0.0, Max: 0, Diff: 0, Sum: 0, Workers: 6
[14.578s][debug  ][gc,phases      ] GC(53)     Total                          Min: 0, Avg:  0.0, Max: 0, Diff: 0, Sum: 0, Workers: 6
[14.578s][debug  ][gc,phases      ] GC(53) Weak Processing 0.991ms
[14.578s][debug  ][gc,ergo        ] GC(53) AdaptiveSizeStart:  collection: 54 
[14.578s][debug  ][gc,ergo        ] GC(53) avg_survived_padded_avg: 31752364.000000
[14.578s][debug  ][gc,ergo        ] GC(53) avg_promoted_padded_avg: 279774720.000000  avg_pretenured_padded_avg: 0.000000  tenuring_thresh: 1  target_size: 31981568
[14.578s][debug  ][gc,age         ] GC(53) Desired survivor size 31981568 bytes, new threshold 1 (max threshold 15)
[14.578s][debug  ][gc,ergo        ] GC(53) PSAdaptiveSizePolicy::compute_eden_space_size limits: desired_eden_size: 227900526 old_eden_size: 204472320 eden_limit: 204472320 cur_eden: 204472320 max_eden_size: 204472320 avg_young_live: 26729192
[14.578s][debug  ][gc,ergo        ] GC(53) PSAdaptiveSizePolicy::compute_eden_space_size: costs minor_time: 0.041265 major_cost: 0.038152 mutator_cost: 0.920583 throughput_goal: 0.990000
[14.578s][debug  ][gc,ergo        ] GC(53) Live_space: 930383232 free_space: 1164967936
[14.578s][debug  ][gc,ergo        ] GC(53) Old eden_size: 204472320 desired_eden_size: 204472320
[14.578s][debug  ][gc,ergo        ] GC(53) AdaptiveSizeStop: collection: 54 
[14.578s][info   ][gc,heap        ] GC(53) PSYoungGen: 229145K(230912K)->30720K(230912K) Eden: 198425K(199680K)->0K(199680K) From: 30720K(31232K)->30720K(31232K)
[14.579s][info   ][gc,heap        ] GC(53) ParOldGen: 872036K(1835008K)->1066596K(1835008K)
[14.579s][info   ][gc,metaspace   ] GC(53) Metaspace: 1019K(1216K)->1019K(1216K) NonClass: 935K(1024K)->935K(1024K) Class: 83K(192K)->83K(192K)
[14.579s][info   ][gc             ] GC(53) Pause Young (Allocation Failure) 1075M->1071M(2017M) 17.117ms
[14.579s][info   ][gc,cpu         ] GC(53) User=0.09s Sys=0.00s Real=0.02s
[14.579s][debug  ][gc,heap        ] GC(53) Heap after GC invocations=54 (full 9):
[14.579s][debug  ][gc,heap        ] GC(53)  PSYoungGen      total 230912K, used 30720K [0x00000000f0000000, 0x0000000100000000, 0x0000000100000000)
[14.579s][debug  ][gc,heap        ] GC(53)   eden space 199680K, 0% used [0x00000000f0000000,0x00000000f0000000,0x00000000fc300000)
[14.579s][debug  ][gc,heap        ] GC(53)   from space 31232K, 98% used [0x00000000fe180000,0x00000000fff80030,0x0000000100000000)
[14.579s][debug  ][gc,heap        ] GC(53)   to   space 31232K, 0% used [0x00000000fc300000,0x00000000fc300000,0x00000000fe180000)
[14.579s][debug  ][gc,heap        ] GC(53)  ParOldGen       total 1835008K, used 1066596K [0x0000000080000000, 0x00000000f0000000, 0x00000000f0000000)
[14.579s][debug  ][gc,heap        ] GC(53)   object space 1835008K, 58% used [0x0000000080000000,0x00000000c1199198,0x00000000f0000000)
[14.579s][debug  ][gc,heap        ] GC(53)  Metaspace       used 1019K, committed 1216K, reserved 1056768K
[14.579s][debug  ][gc,heap        ] GC(53)   class space    used 83K, committed 192K, reserved 1048576K
[14.579s][debug  ][gc,task,time   ] GC(53) VM-Thread 145611382 145763226 145789535
[14.877s][debug  ][gc,heap        ] GC(54) Heap before GC invocations=55 (full 9):
[14.877s][debug  ][gc,heap        ] GC(54)  PSYoungGen      total 230912K, used 229163K [0x00000000f0000000, 0x0000000100000000, 0x0000000100000000)
[14.877s][debug  ][gc,heap        ] GC(54)   eden space 199680K, 99% used [0x00000000f0000000,0x00000000fc1cabd0,0x00000000fc300000)
[14.877s][debug  ][gc,heap        ] GC(54)   from space 31232K, 98% used [0x00000000fe180000,0x00000000fff80030,0x0000000100000000)
[14.877s][debug  ][gc,heap        ] GC(54)   to   space 31232K, 0% used [0x00000000fc300000,0x00000000fc300000,0x00000000fe180000)
[14.877s][debug  ][gc,heap        ] GC(54)  ParOldGen       total 1835008K, used 1066596K [0x0000000080000000, 0x00000000f0000000, 0x00000000f0000000)
[14.877s][debug  ][gc,heap        ] GC(54)   object space 1835008K, 58% used [0x0000000080000000,0x00000000c1199198,0x00000000f0000000)
[14.877s][debug  ][gc,heap        ] GC(54)  Metaspace       used 1019K, committed 1216K, reserved 1056768K
[14.878s][debug  ][gc,heap        ] GC(54)   class space    used 83K, committed 192K, reserved 1048576K
[14.878s][debug  ][gc,tlab        ] GC(54) TLAB totals: thrds: 1  refills: 1 max: 1 slow allocs: 18 max 18 waste: 27.5% gc: 3975840B max: 3975840B slow: 0B max: 0B
[14.878s][info   ][gc,start       ] GC(54) Pause Young (Allocation Failure)
[14.878s][debug  ][gc,phases,start] GC(54) Scavenge
[14.892s][debug  ][gc,phases      ] GC(54) Scavenge 14.590ms
[14.892s][debug  ][gc,phases,start] GC(54) Reference Processing
[14.892s][debug  ][gc,ref         ] GC(54) Skipped phase 1 of Reference Processing: no references
[14.892s][debug  ][gc,ref         ] GC(54) Skipped phase 2 of Reference Processing: no references
[14.892s][debug  ][gc,ref         ] GC(54) Skipped phase 3 of Reference Processing: no references
[14.892s][debug  ][gc,ref         ] GC(54) Skipped phase 4 of Reference Processing: no references
[14.892s][debug  ][gc,phases,ref  ] GC(54) Reference Processing: 0.1ms
[14.892s][debug  ][gc,phases,ref  ] GC(54)   Reconsider SoftReferences: 0.0ms
[14.892s][debug  ][gc,phases,ref  ] GC(54)     SoftRef (ms):                  skipped
[14.892s][debug  ][gc,phases,ref  ] GC(54)   Notify Soft/WeakReferences: 0.0ms
[14.893s][debug  ][gc,phases,ref  ] GC(54)     SoftRef (ms):                  skipped
[14.893s][debug  ][gc,phases,ref  ] GC(54)     WeakRef (ms):                  skipped
[14.893s][debug  ][gc,phases,ref  ] GC(54)     FinalRef (ms):                 skipped
[14.893s][debug  ][gc,phases,ref  ] GC(54)     Total (ms):                    skipped
[14.893s][debug  ][gc,phases,ref  ] GC(54)   Notify and keep alive finalizable: 0.0ms
[14.893s][debug  ][gc,phases,ref  ] GC(54)     FinalRef (ms):                 skipped
[14.893s][debug  ][gc,phases,ref  ] GC(54)   Notify PhantomReferences: 0.0ms
[14.893s][debug  ][gc,phases,ref  ] GC(54)     PhantomRef (ms):               skipped
[14.893s][debug  ][gc,phases,ref  ] GC(54)   SoftReference:
[14.893s][debug  ][gc,phases,ref  ] GC(54)     Discovered: 0
[14.893s][debug  ][gc,phases,ref  ] GC(54)     Cleared: 0
[14.893s][debug  ][gc,phases,ref  ] GC(54)   WeakReference:
[14.893s][debug  ][gc,phases,ref  ] GC(54)     Discovered: 0
[14.893s][debug  ][gc,phases,ref  ] GC(54)     Cleared: 0
[14.893s][debug  ][gc,phases,ref  ] GC(54)   FinalReference:
[14.893s][debug  ][gc,phases,ref  ] GC(54)     Discovered: 0
[14.893s][debug  ][gc,phases,ref  ] GC(54)     Cleared: 0
[14.893s][debug  ][gc,phases,ref  ] GC(54)   PhantomReference:
[14.893s][debug  ][gc,phases,ref  ] GC(54)     Discovered: 0
[14.893s][debug  ][gc,phases,ref  ] GC(54)     Cleared: 0
[14.893s][debug  ][gc,phases      ] GC(54) Reference Processing 0.641ms
[14.893s][debug  ][gc,phases,start] GC(54) Weak Processing
[14.893s][debug  ][gc,phases      ] GC(54)   VM Weak                        Min:  0.0, Avg:  0.0, Max:  0.0, Diff:  0.0, Sum:  0.0, Workers: 6
[14.893s][debug  ][gc,phases      ] GC(54)     Dead                           Min: 0, Avg:  0.0, Max: 0, Diff: 0, Sum: 0, Workers: 6
[14.893s][debug  ][gc,phases      ] GC(54)     Total                          Min: 0, Avg:  1.3, Max: 8, Diff: 8, Sum: 8, Workers: 6
[14.893s][debug  ][gc,phases      ] GC(54)   ObjectSynchronizer Weak        Min:  0.0, Avg:  0.0, Max:  0.0, Diff:  0.0, Sum:  0.0, Workers: 6
[14.893s][debug  ][gc,phases      ] GC(54)     Dead                           Min: 0, Avg:  0.0, Max: 0, Diff: 0, Sum: 0, Workers: 6
[14.893s][debug  ][gc,phases      ] GC(54)     Total                          Min: 0, Avg:  0.5, Max: 3, Diff: 3, Sum: 3, Workers: 6
[14.893s][debug  ][gc,phases      ] GC(54)   JVMTI Tag Weak OopStorage      Min:  0.0, Avg:  0.0, Max:  0.0, Diff:  0.0, Sum:  0.0, Workers: 6
[14.893s][debug  ][gc,phases      ] GC(54)     Dead                           Min: 0, Avg:  0.0, Max: 0, Diff: 0, Sum: 0, Workers: 6
[14.893s][debug  ][gc,phases      ] GC(54)     Total                          Min: 0, Avg:  0.0, Max: 0, Diff: 0, Sum: 0, Workers: 6
[14.893s][debug  ][gc,phases      ] GC(54)   StringTable Weak               Min:  0.0, Avg:  0.0, Max:  0.0, Diff:  0.0, Sum:  0.0, Workers: 6
[14.893s][debug  ][gc,phases      ] GC(54)     Dead                           Min: 0, Avg:  0.0, Max: 0, Diff: 0, Sum: 0, Workers: 6
[14.893s][debug  ][gc,phases      ] GC(54)     Total                          Min: 831, Avg: 891.8, Max: 960, Diff: 129, Sum: 5351, Workers: 6
[14.893s][debug  ][gc,phases      ] GC(54)   ResolvedMethodTable Weak       Min:  0.0, Avg:  0.0, Max:  0.0, Diff:  0.0, Sum:  0.0, Workers: 6
[14.893s][debug  ][gc,phases      ] GC(54)     Dead                           Min: 0, Avg:  0.0, Max: 0, Diff: 0, Sum: 0, Workers: 6
[14.893s][debug  ][gc,phases      ] GC(54)     Total                          Min: 0, Avg: 21.7, Max: 64, Diff: 64, Sum: 130, Workers: 6
[14.893s][debug  ][gc,phases      ] GC(54)   JNI Weak                       Min:  0.0, Avg:  0.0, Max:  0.0, Diff:  0.0, Sum:  0.0, Workers: 6
[14.893s][debug  ][gc,phases      ] GC(54)     Dead                           Min: 0, Avg:  0.0, Max: 0, Diff: 0, Sum: 0, Workers: 6
[14.893s][debug  ][gc,phases      ] GC(54)     Total                          Min: 0, Avg:  0.0, Max: 0, Diff: 0, Sum: 0, Workers: 6
[14.893s][debug  ][gc,phases      ] GC(54)   StringDedup Table Weak         Min:  0.0, Avg:  0.0, Max:  0.0, Diff:  0.0, Sum:  0.0, Workers: 6
[14.893s][debug  ][gc,phases      ] GC(54)     Dead                           Min: 0, Avg:  0.0, Max: 0, Diff: 0, Sum: 0, Workers: 6
[14.893s][debug  ][gc,phases      ] GC(54)     Total                          Min: 0, Avg:  0.0, Max: 0, Diff: 0, Sum: 0, Workers: 6
[14.894s][debug  ][gc,phases      ] GC(54)   StringDedup Requests0 Weak     Min:  0.0, Avg:  0.0, Max:  0.0, Diff:  0.0, Sum:  0.0, Workers: 6
[14.894s][debug  ][gc,phases      ] GC(54)     Dead                           Min: 0, Avg:  0.0, Max: 0, Diff: 0, Sum: 0, Workers: 6
[14.894s][debug  ][gc,phases      ] GC(54)     Total                          Min: 0, Avg:  0.0, Max: 0, Diff: 0, Sum: 0, Workers: 6
[14.894s][debug  ][gc,phases      ] GC(54)   StringDedup Requests1 Weak     Min:  0.0, Avg:  0.0, Max:  0.0, Diff:  0.0, Sum:  0.0, Workers: 6
[14.894s][debug  ][gc,phases      ] GC(54)     Dead                           Min: 0, Avg:  0.0, Max: 0, Diff: 0, Sum: 0, Workers: 6
[14.894s][debug  ][gc,phases      ] GC(54)     Total                          Min: 0, Avg:  0.0, Max: 0, Diff: 0, Sum: 0, Workers: 6
[14.894s][debug  ][gc,phases      ] GC(54)   Weak JFR Old Object Samples    Min:  0.0, Avg:  0.0, Max:  0.0, Diff:  0.0, Sum:  0.0, Workers: 6
[14.894s][debug  ][gc,phases      ] GC(54)     Dead                           Min: 0, Avg:  0.0, Max: 0, Diff: 0, Sum: 0, Workers: 6
[14.894s][debug  ][gc,phases      ] GC(54)     Total                          Min: 0, Avg:  0.0, Max: 0, Diff: 0, Sum: 0, Workers: 6
[14.894s][debug  ][gc,phases      ] GC(54) Weak Processing 0.723ms
[14.894s][debug  ][gc,ergo        ] GC(54) AdaptiveSizeStart:  collection: 55 
[14.894s][debug  ][gc,ergo        ] GC(54) avg_survived_padded_avg: 31729028.000000
[14.894s][debug  ][gc,ergo        ] GC(54) avg_promoted_padded_avg: 282099520.000000  avg_pretenured_padded_avg: 0.000000  tenuring_thresh: 1  target_size: 31981568
[14.894s][debug  ][gc,age         ] GC(54) Desired survivor size 31981568 bytes, new threshold 1 (max threshold 15)
[14.894s][debug  ][gc,ergo        ] GC(54) PSAdaptiveSizePolicy::compute_eden_space_size limits: desired_eden_size: 228539956 old_eden_size: 204472320 eden_limit: 204472320 cur_eden: 204472320 max_eden_size: 204472320 avg_young_live: 27202006
[14.894s][debug  ][gc,ergo        ] GC(54) PSAdaptiveSizePolicy::compute_eden_space_size: costs minor_time: 0.043681 major_cost: 0.038152 mutator_cost: 0.918167 throughput_goal: 0.990000
[14.894s][debug  ][gc,ergo        ] GC(54) Live_space: 930856064 free_space: 1164967936
[14.894s][debug  ][gc,ergo        ] GC(54) Old eden_size: 204472320 desired_eden_size: 204472320
[14.894s][debug  ][gc,ergo        ] GC(54) AdaptiveSizeStop: collection: 55 
[14.894s][info   ][gc,heap        ] GC(54) PSYoungGen: 229163K(230912K)->30720K(230912K) Eden: 198442K(199680K)->0K(199680K) From: 30720K(31232K)->30720K(31232K)
[14.894s][info   ][gc,heap        ] GC(54) ParOldGen: 1066596K(1835008K)->1261156K(1835008K)
[14.894s][info   ][gc,metaspace   ] GC(54) Metaspace: 1019K(1216K)->1019K(1216K) NonClass: 935K(1024K)->935K(1024K) Class: 83K(192K)->83K(192K)
[14.894s][info   ][gc             ] GC(54) Pause Young (Allocation Failure) 1265M->1261M(2017M) 16.397ms
[14.894s][info   ][gc,cpu         ] GC(54) User=0.00s Sys=0.02s Real=0.02s
[14.894s][debug  ][gc,heap        ] GC(54) Heap after GC invocations=55 (full 9):
[14.894s][debug  ][gc,heap        ] GC(54)  PSYoungGen      total 230912K, used 30720K [0x00000000f0000000, 0x0000000100000000, 0x0000000100000000)
[14.894s][debug  ][gc,heap        ] GC(54)   eden space 199680K, 0% used [0x00000000f0000000,0x00000000f0000000,0x00000000fc300000)
[14.894s][debug  ][gc,heap        ] GC(54)   from space 31232K, 98% used [0x00000000fc300000,0x00000000fe100030,0x00000000fe180000)
[14.894s][debug  ][gc,heap        ] GC(54)   to   space 31232K, 0% used [0x00000000fe180000,0x00000000fe180000,0x0000000100000000)
[14.894s][debug  ][gc,heap        ] GC(54)  ParOldGen       total 1835008K, used 1261156K [0x0000000080000000, 0x00000000f0000000, 0x00000000f0000000)
[14.894s][debug  ][gc,heap        ] GC(54)   object space 1835008K, 68% used [0x0000000080000000,0x00000000ccf992c8,0x00000000f0000000)
[14.894s][debug  ][gc,heap        ] GC(54)  Metaspace       used 1019K, committed 1216K, reserved 1056768K
[14.894s][debug  ][gc,heap        ] GC(54)   class space    used 83K, committed 192K, reserved 1048576K
[14.894s][debug  ][gc,task,time   ] GC(54) VM-Thread 148771959 148923182 148942254
[15.193s][debug  ][gc,heap        ] GC(55) Heap before GC invocations=56 (full 9):
[15.193s][debug  ][gc,heap        ] GC(55)  PSYoungGen      total 230912K, used 229174K [0x00000000f0000000, 0x0000000100000000, 0x0000000100000000)
[15.193s][debug  ][gc,heap        ] GC(55)   eden space 199680K, 99% used [0x00000000f0000000,0x00000000fc1cd9c0,0x00000000fc300000)
[15.194s][debug  ][gc,heap        ] GC(55)   from space 31232K, 98% used [0x00000000fc300000,0x00000000fe100030,0x00000000fe180000)
[15.194s][debug  ][gc,heap        ] GC(55)   to   space 31232K, 0% used [0x00000000fe180000,0x00000000fe180000,0x0000000100000000)
[15.194s][debug  ][gc,heap        ] GC(55)  ParOldGen       total 1835008K, used 1261156K [0x0000000080000000, 0x00000000f0000000, 0x00000000f0000000)
[15.194s][debug  ][gc,heap        ] GC(55)   object space 1835008K, 68% used [0x0000000080000000,0x00000000ccf992c8,0x00000000f0000000)
[15.194s][debug  ][gc,heap        ] GC(55)  Metaspace       used 1019K, committed 1216K, reserved 1056768K
[15.194s][debug  ][gc,heap        ] GC(55)   class space    used 83K, committed 192K, reserved 1048576K
[15.194s][debug  ][gc,tlab        ] GC(55) TLAB totals: thrds: 1  refills: 1 max: 1 slow allocs: 18 max 18 waste: 27.6% gc: 3987600B max: 3987600B slow: 0B max: 0B
[15.194s][info   ][gc,start       ] GC(55) Pause Young (Allocation Failure)
[15.194s][debug  ][gc,phases,start] GC(55) Scavenge
[15.209s][debug  ][gc,phases      ] GC(55) Scavenge 14.653ms
[15.209s][debug  ][gc,phases,start] GC(55) Reference Processing
[15.209s][debug  ][gc,ref         ] GC(55) Skipped phase 1 of Reference Processing: no references
[15.209s][debug  ][gc,ref         ] GC(55) Skipped phase 2 of Reference Processing: no references
[15.209s][debug  ][gc,ref         ] GC(55) Skipped phase 3 of Reference Processing: no references
[15.209s][debug  ][gc,ref         ] GC(55) Skipped phase 4 of Reference Processing: no references
[15.209s][debug  ][gc,phases,ref  ] GC(55) Reference Processing: 0.1ms
[15.209s][debug  ][gc,phases,ref  ] GC(55)   Reconsider SoftReferences: 0.0ms
[15.209s][debug  ][gc,phases,ref  ] GC(55)     SoftRef (ms):                  skipped
[15.209s][debug  ][gc,phases,ref  ] GC(55)   Notify Soft/WeakReferences: 0.0ms
[15.209s][debug  ][gc,phases,ref  ] GC(55)     SoftRef (ms):                  skipped
[15.209s][debug  ][gc,phases,ref  ] GC(55)     WeakRef (ms):                  skipped
[15.209s][debug  ][gc,phases,ref  ] GC(55)     FinalRef (ms):                 skipped
[15.209s][debug  ][gc,phases,ref  ] GC(55)     Total (ms):                    skipped
[15.209s][debug  ][gc,phases,ref  ] GC(55)   Notify and keep alive finalizable: 0.0ms
[15.209s][debug  ][gc,phases,ref  ] GC(55)     FinalRef (ms):                 skipped
[15.209s][debug  ][gc,phases,ref  ] GC(55)   Notify PhantomReferences: 0.0ms
[15.209s][debug  ][gc,phases,ref  ] GC(55)     PhantomRef (ms):               skipped
[15.209s][debug  ][gc,phases,ref  ] GC(55)   SoftReference:
[15.209s][debug  ][gc,phases,ref  ] GC(55)     Discovered: 0
[15.209s][debug  ][gc,phases,ref  ] GC(55)     Cleared: 0
[15.209s][debug  ][gc,phases,ref  ] GC(55)   WeakReference:
[15.209s][debug  ][gc,phases,ref  ] GC(55)     Discovered: 0
[15.209s][debug  ][gc,phases,ref  ] GC(55)     Cleared: 0
[15.209s][debug  ][gc,phases,ref  ] GC(55)   FinalReference:
[15.209s][debug  ][gc,phases,ref  ] GC(55)     Discovered: 0
[15.209s][debug  ][gc,phases,ref  ] GC(55)     Cleared: 0
[15.209s][debug  ][gc,phases,ref  ] GC(55)   PhantomReference:
[15.210s][debug  ][gc,phases,ref  ] GC(55)     Discovered: 0
[15.210s][debug  ][gc,phases,ref  ] GC(55)     Cleared: 0
[15.210s][debug  ][gc,phases      ] GC(55) Reference Processing 0.878ms
[15.210s][debug  ][gc,phases,start] GC(55) Weak Processing
[15.210s][debug  ][gc,phases      ] GC(55)   VM Weak                        Min:  0.0, Avg:  0.0, Max:  0.0, Diff:  0.0, Sum:  0.0, Workers: 6
[15.210s][debug  ][gc,phases      ] GC(55)     Dead                           Min: 0, Avg:  0.0, Max: 0, Diff: 0, Sum: 0, Workers: 6
[15.210s][debug  ][gc,phases      ] GC(55)     Total                          Min: 0, Avg:  1.3, Max: 8, Diff: 8, Sum: 8, Workers: 6
[15.210s][debug  ][gc,phases      ] GC(55)   ObjectSynchronizer Weak        Min:  0.0, Avg:  0.0, Max:  0.0, Diff:  0.0, Sum:  0.0, Workers: 6
[15.210s][debug  ][gc,phases      ] GC(55)     Dead                           Min: 0, Avg:  0.0, Max: 0, Diff: 0, Sum: 0, Workers: 6
[15.210s][debug  ][gc,phases      ] GC(55)     Total                          Min: 0, Avg:  0.5, Max: 3, Diff: 3, Sum: 3, Workers: 6
[15.210s][debug  ][gc,phases      ] GC(55)   JVMTI Tag Weak OopStorage      Min:  0.0, Avg:  0.0, Max:  0.0, Diff:  0.0, Sum:  0.0, Workers: 6
[15.210s][debug  ][gc,phases      ] GC(55)     Dead                           Min: 0, Avg:  0.0, Max: 0, Diff: 0, Sum: 0, Workers: 6
[15.210s][debug  ][gc,phases      ] GC(55)     Total                          Min: 0, Avg:  0.0, Max: 0, Diff: 0, Sum: 0, Workers: 6
[15.210s][debug  ][gc,phases      ] GC(55)   StringTable Weak               Min:  0.0, Avg:  0.0, Max:  0.0, Diff:  0.0, Sum:  0.0, Workers: 6
[15.210s][debug  ][gc,phases      ] GC(55)     Dead                           Min: 0, Avg:  0.0, Max: 0, Diff: 0, Sum: 0, Workers: 6
[15.210s][debug  ][gc,phases      ] GC(55)     Total                          Min: 767, Avg: 891.8, Max: 1000, Diff: 233, Sum: 5351, Workers: 6
[15.210s][debug  ][gc,phases      ] GC(55)   ResolvedMethodTable Weak       Min:  0.0, Avg:  0.0, Max:  0.0, Diff:  0.0, Sum:  0.0, Workers: 6
[15.210s][debug  ][gc,phases      ] GC(55)     Dead                           Min: 0, Avg:  0.0, Max: 0, Diff: 0, Sum: 0, Workers: 6
[15.210s][debug  ][gc,phases      ] GC(55)     Total                          Min: 0, Avg: 21.7, Max: 64, Diff: 64, Sum: 130, Workers: 6
[15.210s][debug  ][gc,phases      ] GC(55)   JNI Weak                       Min:  0.0, Avg:  0.0, Max:  0.0, Diff:  0.0, Sum:  0.0, Workers: 6
[15.210s][debug  ][gc,phases      ] GC(55)     Dead                           Min: 0, Avg:  0.0, Max: 0, Diff: 0, Sum: 0, Workers: 6
[15.210s][debug  ][gc,phases      ] GC(55)     Total                          Min: 0, Avg:  0.0, Max: 0, Diff: 0, Sum: 0, Workers: 6
[15.210s][debug  ][gc,phases      ] GC(55)   StringDedup Table Weak         Min:  0.0, Avg:  0.0, Max:  0.0, Diff:  0.0, Sum:  0.0, Workers: 6
[15.210s][debug  ][gc,phases      ] GC(55)     Dead                           Min: 0, Avg:  0.0, Max: 0, Diff: 0, Sum: 0, Workers: 6
[15.210s][debug  ][gc,phases      ] GC(55)     Total                          Min: 0, Avg:  0.0, Max: 0, Diff: 0, Sum: 0, Workers: 6
[15.210s][debug  ][gc,phases      ] GC(55)   StringDedup Requests0 Weak     Min:  0.0, Avg:  0.0, Max:  0.0, Diff:  0.0, Sum:  0.0, Workers: 6
[15.210s][debug  ][gc,phases      ] GC(55)     Dead                           Min: 0, Avg:  0.0, Max: 0, Diff: 0, Sum: 0, Workers: 6
[15.210s][debug  ][gc,phases      ] GC(55)     Total                          Min: 0, Avg:  0.0, Max: 0, Diff: 0, Sum: 0, Workers: 6
[15.210s][debug  ][gc,phases      ] GC(55)   StringDedup Requests1 Weak     Min:  0.0, Avg:  0.0, Max:  0.0, Diff:  0.0, Sum:  0.0, Workers: 6
[15.210s][debug  ][gc,phases      ] GC(55)     Dead                           Min: 0, Avg:  0.0, Max: 0, Diff: 0, Sum: 0, Workers: 6
[15.210s][debug  ][gc,phases      ] GC(55)     Total                          Min: 0, Avg:  0.0, Max: 0, Diff: 0, Sum: 0, Workers: 6
[15.210s][debug  ][gc,phases      ] GC(55)   Weak JFR Old Object Samples    Min:  0.0, Avg:  0.0, Max:  0.0, Diff:  0.0, Sum:  0.0, Workers: 6
[15.210s][debug  ][gc,phases      ] GC(55)     Dead                           Min: 0, Avg:  0.0, Max: 0, Diff: 0, Sum: 0, Workers: 6
[15.210s][debug  ][gc,phases      ] GC(55)     Total                          Min: 0, Avg:  0.0, Max: 0, Diff: 0, Sum: 0, Workers: 6
[15.210s][debug  ][gc,phases      ] GC(55) Weak Processing 0.893ms
[15.211s][debug  ][gc,ergo        ] GC(55) AdaptiveSizeStart:  collection: 56 
[15.211s][debug  ][gc,ergo        ] GC(55) avg_survived_padded_avg: 31707410.000000
[15.211s][debug  ][gc,ergo        ] GC(55) avg_promoted_padded_avg: 283153920.000000  avg_pretenured_padded_avg: 0.000000  tenuring_thresh: 1  target_size: 31981568
[15.211s][debug  ][gc,age         ] GC(55) Desired survivor size 31981568 bytes, new threshold 1 (max threshold 15)
[15.211s][debug  ][gc,ergo        ] GC(55) PSAdaptiveSizePolicy::compute_eden_space_size limits: desired_eden_size: 229080402 old_eden_size: 204472320 eden_limit: 204472320 cur_eden: 204472320 max_eden_size: 204472320 avg_young_live: 27627536
[15.211s][debug  ][gc,ergo        ] GC(55) PSAdaptiveSizePolicy::compute_eden_space_size: costs minor_time: 0.045840 major_cost: 0.038152 mutator_cost: 0.916008 throughput_goal: 0.990000
[15.211s][debug  ][gc,ergo        ] GC(55) Live_space: 931281600 free_space: 1164967936
[15.211s][debug  ][gc,ergo        ] GC(55) Old eden_size: 204472320 desired_eden_size: 204472320
[15.211s][debug  ][gc,ergo        ] GC(55) AdaptiveSizeStop: collection: 56 
[15.211s][info   ][gc,heap        ] GC(55) PSYoungGen: 229174K(230912K)->30720K(230912K) Eden: 198454K(199680K)->0K(199680K) From: 30720K(31232K)->30720K(31232K)
[15.211s][info   ][gc,heap        ] GC(55) ParOldGen: 1261156K(1835008K)->1455716K(1835008K)
[15.211s][info   ][gc,metaspace   ] GC(55) Metaspace: 1019K(1216K)->1019K(1216K) NonClass: 935K(1024K)->935K(1024K) Class: 83K(192K)->83K(192K)
[15.211s][info   ][gc             ] GC(55) Pause Young (Allocation Failure) 1455M->1451M(2017M) 16.923ms
[15.211s][info   ][gc,cpu         ] GC(55) User=0.09s Sys=0.00s Real=0.02s
[15.211s][debug  ][gc,heap        ] GC(55) Heap after GC invocations=56 (full 9):
[15.211s][debug  ][gc,heap        ] GC(55)  PSYoungGen      total 230912K, used 30720K [0x00000000f0000000, 0x0000000100000000, 0x0000000100000000)
[15.211s][debug  ][gc,heap        ] GC(55)   eden space 199680K, 0% used [0x00000000f0000000,0x00000000f0000000,0x00000000fc300000)
[15.211s][debug  ][gc,heap        ] GC(55)   from space 31232K, 98% used [0x00000000fe180000,0x00000000fff80030,0x0000000100000000)
[15.211s][debug  ][gc,heap        ] GC(55)   to   space 31232K, 0% used [0x00000000fc300000,0x00000000fc300000,0x00000000fe180000)
[15.211s][debug  ][gc,heap        ] GC(55)  ParOldGen       total 1835008K, used 1455716K [0x0000000080000000, 0x00000000f0000000, 0x00000000f0000000)
[15.211s][debug  ][gc,heap        ] GC(55)   object space 1835008K, 79% used [0x0000000080000000,0x00000000d8d993f8,0x00000000f0000000)
[15.211s][debug  ][gc,heap        ] GC(55)  Metaspace       used 1019K, committed 1216K, reserved 1056768K
[15.211s][debug  ][gc,heap        ] GC(55)   class space    used 83K, committed 192K, reserved 1048576K
[15.211s][debug  ][gc,task,time   ] GC(55) VM-Thread 151933280 152086811 152110407
[15.510s][debug  ][gc,heap        ] GC(56) Heap before GC invocations=57 (full 9):
[15.510s][debug  ][gc,heap        ] GC(56)  PSYoungGen      total 230912K, used 229181K [0x00000000f0000000, 0x0000000100000000, 0x0000000100000000)
[15.510s][debug  ][gc,heap        ] GC(56)   eden space 199680K, 99% used [0x00000000f0000000,0x00000000fc1cf748,0x00000000fc300000)
[15.510s][debug  ][gc,heap        ] GC(56)   from space 31232K, 98% used [0x00000000fe180000,0x00000000fff80030,0x0000000100000000)
[15.510s][debug  ][gc,heap        ] GC(56)   to   space 31232K, 0% used [0x00000000fc300000,0x00000000fc300000,0x00000000fe180000)
[15.510s][debug  ][gc,heap        ] GC(56)  ParOldGen       total 1835008K, used 1455716K [0x0000000080000000, 0x00000000f0000000, 0x00000000f0000000)
[15.510s][debug  ][gc,heap        ] GC(56)   object space 1835008K, 79% used [0x0000000080000000,0x00000000d8d993f8,0x00000000f0000000)
[15.510s][debug  ][gc,heap        ] GC(56)  Metaspace       used 1019K, committed 1216K, reserved 1056768K
[15.510s][debug  ][gc,heap        ] GC(56)   class space    used 83K, committed 192K, reserved 1048576K
[15.510s][debug  ][gc,tlab        ] GC(56) TLAB totals: thrds: 1  refills: 1 max: 1 slow allocs: 18 max 18 waste: 27.6% gc: 3995160B max: 3995160B slow: 0B max: 0B
[15.510s][info   ][gc,start       ] GC(56) Pause Young (Allocation Failure)
[15.510s][debug  ][gc,phases,start] GC(56) Scavenge
[15.530s][debug  ][gc,phases      ] GC(56) Scavenge 20.339ms
[15.530s][debug  ][gc,phases,start] GC(56) Reference Processing
[15.531s][debug  ][gc,ref         ] GC(56) Skipped phase 1 of Reference Processing: no references
[15.531s][debug  ][gc,ref         ] GC(56) Skipped phase 2 of Reference Processing: no references
[15.531s][debug  ][gc,ref         ] GC(56) Skipped phase 3 of Reference Processing: no references
[15.531s][debug  ][gc,ref         ] GC(56) Skipped phase 4 of Reference Processing: no references
[15.531s][debug  ][gc,phases,ref  ] GC(56) Reference Processing: 0.1ms
[15.531s][debug  ][gc,phases,ref  ] GC(56)   Reconsider SoftReferences: 0.0ms
[15.531s][debug  ][gc,phases,ref  ] GC(56)     SoftRef (ms):                  skipped
[15.531s][debug  ][gc,phases,ref  ] GC(56)   Notify Soft/WeakReferences: 0.0ms
[15.531s][debug  ][gc,phases,ref  ] GC(56)     SoftRef (ms):                  skipped
[15.531s][debug  ][gc,phases,ref  ] GC(56)     WeakRef (ms):                  skipped
[15.531s][debug  ][gc,phases,ref  ] GC(56)     FinalRef (ms):                 skipped
[15.531s][debug  ][gc,phases,ref  ] GC(56)     Total (ms):                    skipped
[15.531s][debug  ][gc,phases,ref  ] GC(56)   Notify and keep alive finalizable: 0.0ms
[15.531s][debug  ][gc,phases,ref  ] GC(56)     FinalRef (ms):                 skipped
[15.531s][debug  ][gc,phases,ref  ] GC(56)   Notify PhantomReferences: 0.0ms
[15.531s][debug  ][gc,phases,ref  ] GC(56)     PhantomRef (ms):               skipped
[15.531s][debug  ][gc,phases,ref  ] GC(56)   SoftReference:
[15.531s][debug  ][gc,phases,ref  ] GC(56)     Discovered: 0
[15.531s][debug  ][gc,phases,ref  ] GC(56)     Cleared: 0
[15.531s][debug  ][gc,phases,ref  ] GC(56)   WeakReference:
[15.531s][debug  ][gc,phases,ref  ] GC(56)     Discovered: 0
[15.531s][debug  ][gc,phases,ref  ] GC(56)     Cleared: 0
[15.531s][debug  ][gc,phases,ref  ] GC(56)   FinalReference:
[15.531s][debug  ][gc,phases,ref  ] GC(56)     Discovered: 0
[15.531s][debug  ][gc,phases,ref  ] GC(56)     Cleared: 0
[15.531s][debug  ][gc,phases,ref  ] GC(56)   PhantomReference:
[15.531s][debug  ][gc,phases,ref  ] GC(56)     Discovered: 0
[15.531s][debug  ][gc,phases,ref  ] GC(56)     Cleared: 0
[15.531s][debug  ][gc,phases      ] GC(56) Reference Processing 0.640ms
[15.531s][debug  ][gc,phases,start] GC(56) Weak Processing
[15.531s][debug  ][gc,phases      ] GC(56)   VM Weak                        Min:  0.0, Avg:  0.0, Max:  0.0, Diff:  0.0, Sum:  0.0, Workers: 6
[15.531s][debug  ][gc,phases      ] GC(56)     Dead                           Min: 0, Avg:  0.0, Max: 0, Diff: 0, Sum: 0, Workers: 6
[15.531s][debug  ][gc,phases      ] GC(56)     Total                          Min: 0, Avg:  1.3, Max: 8, Diff: 8, Sum: 8, Workers: 6
[15.531s][debug  ][gc,phases      ] GC(56)   ObjectSynchronizer Weak        Min:  0.0, Avg:  0.0, Max:  0.0, Diff:  0.0, Sum:  0.0, Workers: 6
[15.531s][debug  ][gc,phases      ] GC(56)     Dead                           Min: 0, Avg:  0.0, Max: 0, Diff: 0, Sum: 0, Workers: 6
[15.531s][debug  ][gc,phases      ] GC(56)     Total                          Min: 0, Avg:  0.5, Max: 3, Diff: 3, Sum: 3, Workers: 6
[15.531s][debug  ][gc,phases      ] GC(56)   JVMTI Tag Weak OopStorage      Min:  0.0, Avg:  0.0, Max:  0.0, Diff:  0.0, Sum:  0.0, Workers: 6
[15.531s][debug  ][gc,phases      ] GC(56)     Dead                           Min: 0, Avg:  0.0, Max: 0, Diff: 0, Sum: 0, Workers: 6
[15.531s][debug  ][gc,phases      ] GC(56)     Total                          Min: 0, Avg:  0.0, Max: 0, Diff: 0, Sum: 0, Workers: 6
[15.531s][debug  ][gc,phases      ] GC(56)   StringTable Weak               Min:  0.0, Avg:  0.0, Max:  0.0, Diff:  0.0, Sum:  0.0, Workers: 6
[15.532s][debug  ][gc,phases      ] GC(56)     Dead                           Min: 0, Avg:  0.0, Max: 0, Diff: 0, Sum: 0, Workers: 6
[15.532s][debug  ][gc,phases      ] GC(56)     Total                          Min: 767, Avg: 891.8, Max: 1280, Diff: 513, Sum: 5351, Workers: 6
[15.532s][debug  ][gc,phases      ] GC(56)   ResolvedMethodTable Weak       Min:  0.0, Avg:  0.0, Max:  0.0, Diff:  0.0, Sum:  0.0, Workers: 6
[15.532s][debug  ][gc,phases      ] GC(56)     Dead                           Min: 0, Avg:  0.0, Max: 0, Diff: 0, Sum: 0, Workers: 6
[15.532s][debug  ][gc,phases      ] GC(56)     Total                          Min: 0, Avg: 21.7, Max: 128, Diff: 128, Sum: 130, Workers: 6
[15.532s][debug  ][gc,phases      ] GC(56)   JNI Weak                       Min:  0.0, Avg:  0.0, Max:  0.0, Diff:  0.0, Sum:  0.0, Workers: 6
[15.532s][debug  ][gc,phases      ] GC(56)     Dead                           Min: 0, Avg:  0.0, Max: 0, Diff: 0, Sum: 0, Workers: 6
[15.532s][debug  ][gc,phases      ] GC(56)     Total                          Min: 0, Avg:  0.0, Max: 0, Diff: 0, Sum: 0, Workers: 6
[15.532s][debug  ][gc,phases      ] GC(56)   StringDedup Table Weak         Min:  0.0, Avg:  0.0, Max:  0.0, Diff:  0.0, Sum:  0.0, Workers: 6
[15.532s][debug  ][gc,phases      ] GC(56)     Dead                           Min: 0, Avg:  0.0, Max: 0, Diff: 0, Sum: 0, Workers: 6
[15.532s][debug  ][gc,phases      ] GC(56)     Total                          Min: 0, Avg:  0.0, Max: 0, Diff: 0, Sum: 0, Workers: 6
[15.532s][debug  ][gc,phases      ] GC(56)   StringDedup Requests0 Weak     Min:  0.0, Avg:  0.0, Max:  0.0, Diff:  0.0, Sum:  0.0, Workers: 6
[15.532s][debug  ][gc,phases      ] GC(56)     Dead                           Min: 0, Avg:  0.0, Max: 0, Diff: 0, Sum: 0, Workers: 6
[15.532s][debug  ][gc,phases      ] GC(56)     Total                          Min: 0, Avg:  0.0, Max: 0, Diff: 0, Sum: 0, Workers: 6
[15.532s][debug  ][gc,phases      ] GC(56)   StringDedup Requests1 Weak     Min:  0.0, Avg:  0.0, Max:  0.0, Diff:  0.0, Sum:  0.0, Workers: 6
[15.532s][debug  ][gc,phases      ] GC(56)     Dead                           Min: 0, Avg:  0.0, Max: 0, Diff: 0, Sum: 0, Workers: 6
[15.532s][debug  ][gc,phases      ] GC(56)     Total                          Min: 0, Avg:  0.0, Max: 0, Diff: 0, Sum: 0, Workers: 6
[15.532s][debug  ][gc,phases      ] GC(56)   Weak JFR Old Object Samples    Min:  0.0, Avg:  0.0, Max:  0.0, Diff:  0.0, Sum:  0.0, Workers: 6
[15.532s][debug  ][gc,phases      ] GC(56)     Dead                           Min: 0, Avg:  0.0, Max: 0, Diff: 0, Sum: 0, Workers: 6
[15.532s][debug  ][gc,phases      ] GC(56)     Total                          Min: 0, Avg:  0.0, Max: 0, Diff: 0, Sum: 0, Workers: 6
[15.532s][debug  ][gc,phases      ] GC(56) Weak Processing 1.013ms
[15.532s][debug  ][gc,ergo        ] GC(56) AdaptiveSizeStart:  collection: 57 
[15.532s][debug  ][gc,ergo        ] GC(56) avg_survived_padded_avg: 31687396.000000
[15.532s][debug  ][gc,ergo        ] GC(56) avg_promoted_padded_avg: 283168736.000000  avg_pretenured_padded_avg: 0.000000  tenuring_thresh: 1  target_size: 31981568
[15.532s][debug  ][gc,age         ] GC(56) Desired survivor size 31981568 bytes, new threshold 1 (max threshold 15)
[15.532s][debug  ][gc,ergo        ] GC(56) PSAdaptiveSizePolicy::compute_eden_space_size limits: desired_eden_size: 230390124 old_eden_size: 204472320 eden_limit: 204472320 cur_eden: 204472320 max_eden_size: 204472320 avg_young_live: 28010516
[15.532s][debug  ][gc,ergo        ] GC(56) PSAdaptiveSizePolicy::compute_eden_space_size: costs minor_time: 0.051578 major_cost: 0.038152 mutator_cost: 0.910270 throughput_goal: 0.990000
[15.532s][debug  ][gc,ergo        ] GC(56) Live_space: 931664640 free_space: 1164967936
[15.532s][debug  ][gc,ergo        ] GC(56) Old eden_size: 204472320 desired_eden_size: 204472320
[15.532s][debug  ][gc,ergo        ] GC(56) AdaptiveSizeStop: collection: 57 
[15.532s][info   ][gc,heap        ] GC(56) PSYoungGen: 229181K(230912K)->30720K(230912K) Eden: 198461K(199680K)->0K(199680K) From: 30720K(31232K)->30720K(31232K)
[15.533s][info   ][gc,heap        ] GC(56) ParOldGen: 1455716K(1835008K)->1650277K(1835008K)
[15.533s][info   ][gc,metaspace   ] GC(56) Metaspace: 1019K(1216K)->1019K(1216K) NonClass: 935K(1024K)->935K(1024K) Class: 83K(192K)->83K(192K)
[15.533s][info   ][gc             ] GC(56) Pause Young (Allocation Failure) 1645M->1641M(2017M) 22.567ms
[15.533s][info   ][gc,cpu         ] GC(56) User=0.09s Sys=0.00s Real=0.02s
[15.533s][debug  ][gc,heap        ] GC(56) Heap after GC invocations=57 (full 9):
[15.533s][debug  ][gc,heap        ] GC(56)  PSYoungGen      total 230912K, used 30720K [0x00000000f0000000, 0x0000000100000000, 0x0000000100000000)
[15.533s][debug  ][gc,heap        ] GC(56)   eden space 199680K, 0% used [0x00000000f0000000,0x00000000f0000000,0x00000000fc300000)
[15.533s][debug  ][gc,heap        ] GC(56)   from space 31232K, 98% used [0x00000000fc300000,0x00000000fe100030,0x00000000fe180000)
[15.533s][debug  ][gc,heap        ] GC(56)   to   space 31232K, 0% used [0x00000000fe180000,0x00000000fe180000,0x0000000100000000)
[15.533s][debug  ][gc,heap        ] GC(56)  ParOldGen       total 1835008K, used 1650277K [0x0000000080000000, 0x00000000f0000000, 0x00000000f0000000)
[15.533s][debug  ][gc,heap        ] GC(56)   object space 1835008K, 89% used [0x0000000080000000,0x00000000e4b99528,0x00000000f0000000)
[15.533s][debug  ][gc,heap        ] GC(56)  Metaspace       used 1019K, committed 1216K, reserved 1056768K
[15.533s][debug  ][gc,heap        ] GC(56)   class space    used 83K, committed 192K, reserved 1048576K
[15.533s][debug  ][gc,task,time   ] GC(56) VM-Thread 155095610 155304856 155328375
[15.533s][debug  ][gc,phases,start] GC(57) Pre Compact
[15.533s][debug  ][gc,heap        ] GC(57) Heap before GC invocations=58 (full 10):
[15.533s][debug  ][gc,heap        ] GC(57)  PSYoungGen      total 230912K, used 30720K [0x00000000f0000000, 0x0000000100000000, 0x0000000100000000)
[15.533s][debug  ][gc,heap        ] GC(57)   eden space 199680K, 0% used [0x00000000f0000000,0x00000000f0000000,0x00000000fc300000)
[15.533s][debug  ][gc,heap        ] GC(57)   from space 31232K, 98% used [0x00000000fc300000,0x00000000fe100030,0x00000000fe180000)
[15.533s][debug  ][gc,heap        ] GC(57)   to   space 31232K, 0% used [0x00000000fe180000,0x00000000fe180000,0x0000000100000000)
[15.533s][debug  ][gc,heap        ] GC(57)  ParOldGen       total 1835008K, used 1650277K [0x0000000080000000, 0x00000000f0000000, 0x00000000f0000000)
[15.533s][debug  ][gc,heap        ] GC(57)   object space 1835008K, 89% used [0x0000000080000000,0x00000000e4b99528,0x00000000f0000000)
[15.533s][debug  ][gc,heap        ] GC(57)  Metaspace       used 1019K, committed 1216K, reserved 1056768K
[15.533s][debug  ][gc,heap        ] GC(57)   class space    used 83K, committed 192K, reserved 1048576K
[15.533s][debug  ][gc,phases      ] GC(57) Pre Compact 0.202ms
[15.533s][info   ][gc,start       ] GC(57) Pause Full (Ergonomics)
[15.533s][info   ][gc,phases,start] GC(57) Marking Phase
[15.533s][debug  ][gc,phases,start] GC(57) Par Mark
[15.534s][debug  ][gc,phases      ] GC(57) Par Mark 0.604ms
[15.534s][debug  ][gc,phases,start] GC(57) Reference Processing
[15.534s][debug  ][gc,ref         ] GC(57) Skipped phase 1 of Reference Processing: no references
[15.534s][debug  ][gc,ref         ] GC(57) ReferenceProcessor::execute queues: 1, RefProcThreadModel::Single, marks_oops_alive: false
[15.534s][debug  ][gc,ref         ] GC(57) Skipped phase 3 of Reference Processing: no references
[15.534s][debug  ][gc,ref         ] GC(57) ReferenceProcessor::execute queues: 1, RefProcThreadModel::Single, marks_oops_alive: false
[15.534s][debug  ][gc,phases,ref  ] GC(57) Reference Processing: 0.1ms
[15.534s][debug  ][gc,phases,ref  ] GC(57)   Reconsider SoftReferences: 0.0ms
[15.534s][debug  ][gc,phases,ref  ] GC(57)     SoftRef (ms):                  skipped
[15.534s][debug  ][gc,phases,ref  ] GC(57)   Notify Soft/WeakReferences: 0.0ms
[15.534s][debug  ][gc,phases,ref  ] GC(57)     SoftRef (ms):                  Min:  0.0, Avg:  0.0, Max:  0.0, Diff:  0.0, Sum:  0.0, Workers: 6
[15.534s][debug  ][gc,phases,ref  ] GC(57)     WeakRef (ms):                  Min:  0.0, Avg:  0.0, Max:  0.0, Diff:  0.0, Sum:  0.0, Workers: 6
[15.534s][debug  ][gc,phases,ref  ] GC(57)     FinalRef (ms):                 Min:  0.0, Avg:  0.0, Max:  0.0, Diff:  0.0, Sum:  0.0, Workers: 6
[15.534s][debug  ][gc,phases,ref  ] GC(57)     Total (ms):                    Min:  0.0, Avg:  0.0, Max:  0.0, Diff:  0.0, Sum:  0.0, Workers: 6
[15.534s][debug  ][gc,phases,ref  ] GC(57)   Notify and keep alive finalizable: 0.0ms
[15.534s][debug  ][gc,phases,ref  ] GC(57)     FinalRef (ms):                 skipped
[15.534s][debug  ][gc,phases,ref  ] GC(57)   Notify PhantomReferences: 0.0ms
[15.534s][debug  ][gc,phases,ref  ] GC(57)     PhantomRef (ms):               Min:  0.0, Avg:  0.0, Max:  0.0, Diff:  0.0, Sum:  0.0, Workers: 6
[15.534s][debug  ][gc,phases,ref  ] GC(57)   SoftReference:
[15.534s][debug  ][gc,phases,ref  ] GC(57)     Discovered: 0
[15.534s][debug  ][gc,phases,ref  ] GC(57)     Cleared: 0
[15.534s][debug  ][gc,phases,ref  ] GC(57)   WeakReference:
[15.534s][debug  ][gc,phases,ref  ] GC(57)     Discovered: 108
[15.534s][debug  ][gc,phases,ref  ] GC(57)     Cleared: 108
[15.534s][debug  ][gc,phases,ref  ] GC(57)   FinalReference:
[15.534s][debug  ][gc,phases,ref  ] GC(57)     Discovered: 0
[15.534s][debug  ][gc,phases,ref  ] GC(57)     Cleared: 0
[15.534s][debug  ][gc,phases,ref  ] GC(57)   PhantomReference:
[15.534s][debug  ][gc,phases,ref  ] GC(57)     Discovered: 3
[15.534s][debug  ][gc,phases,ref  ] GC(57)     Cleared: 3
[15.534s][debug  ][gc,phases      ] GC(57) Reference Processing 0.579ms
[15.534s][debug  ][gc,phases,start] GC(57) Weak Processing
[15.534s][debug  ][gc,phases      ] GC(57)   VM Weak                        Min:  0.0, Avg:  0.0, Max:  0.0, Diff:  0.0, Sum:  0.0, Workers: 6
[15.534s][debug  ][gc,phases      ] GC(57)     Dead                           Min: 0, Avg:  0.0, Max: 0, Diff: 0, Sum: 0, Workers: 6
[15.534s][debug  ][gc,phases      ] GC(57)     Total                          Min: 0, Avg:  1.3, Max: 8, Diff: 8, Sum: 8, Workers: 6
[15.535s][debug  ][gc,phases      ] GC(57)   ObjectSynchronizer Weak        Min:  0.0, Avg:  0.0, Max:  0.0, Diff:  0.0, Sum:  0.0, Workers: 6
[15.535s][debug  ][gc,phases      ] GC(57)     Dead                           Min: 0, Avg:  0.0, Max: 0, Diff: 0, Sum: 0, Workers: 6
[15.535s][debug  ][gc,phases      ] GC(57)     Total                          Min: 0, Avg:  0.5, Max: 3, Diff: 3, Sum: 3, Workers: 6
[15.535s][debug  ][gc,phases      ] GC(57)   JVMTI Tag Weak OopStorage      Min:  0.0, Avg:  0.0, Max:  0.0, Diff:  0.0, Sum:  0.0, Workers: 6
[15.535s][debug  ][gc,phases      ] GC(57)     Dead                           Min: 0, Avg:  0.0, Max: 0, Diff: 0, Sum: 0, Workers: 6
[15.535s][debug  ][gc,phases      ] GC(57)     Total                          Min: 0, Avg:  0.0, Max: 0, Diff: 0, Sum: 0, Workers: 6
[15.535s][debug  ][gc,phases      ] GC(57)   StringTable Weak               Min:  0.0, Avg:  0.0, Max:  0.0, Diff:  0.0, Sum:  0.0, Workers: 6
[15.535s][debug  ][gc,phases      ] GC(57)     Dead                           Min: 0, Avg:  0.0, Max: 0, Diff: 0, Sum: 0, Workers: 6
[15.535s][debug  ][gc,phases      ] GC(57)     Total                          Min: 640, Avg: 891.8, Max: 1472, Diff: 832, Sum: 5351, Workers: 6
[15.535s][debug  ][gc,phases      ] GC(57)   ResolvedMethodTable Weak       Min:  0.0, Avg:  0.0, Max:  0.0, Diff:  0.0, Sum:  0.0, Workers: 6
[15.535s][debug  ][gc,phases      ] GC(57)     Dead                           Min: 0, Avg:  0.0, Max: 0, Diff: 0, Sum: 0, Workers: 6
[15.535s][debug  ][gc,phases      ] GC(57)     Total                          Min: 0, Avg: 21.7, Max: 66, Diff: 66, Sum: 130, Workers: 6
[15.535s][debug  ][gc,phases      ] GC(57)   JNI Weak                       Min:  0.0, Avg:  0.0, Max:  0.0, Diff:  0.0, Sum:  0.0, Workers: 6
[15.535s][debug  ][gc,phases      ] GC(57)     Dead                           Min: 0, Avg:  0.0, Max: 0, Diff: 0, Sum: 0, Workers: 6
[15.535s][debug  ][gc,phases      ] GC(57)     Total                          Min: 0, Avg:  0.0, Max: 0, Diff: 0, Sum: 0, Workers: 6
[15.535s][debug  ][gc,phases      ] GC(57)   StringDedup Table Weak         Min:  0.0, Avg:  0.0, Max:  0.0, Diff:  0.0, Sum:  0.0, Workers: 6
[15.535s][debug  ][gc,phases      ] GC(57)     Dead                           Min: 0, Avg:  0.0, Max: 0, Diff: 0, Sum: 0, Workers: 6
[15.535s][debug  ][gc,phases      ] GC(57)     Total                          Min: 0, Avg:  0.0, Max: 0, Diff: 0, Sum: 0, Workers: 6
[15.535s][debug  ][gc,phases      ] GC(57)   StringDedup Requests0 Weak     Min:  0.0, Avg:  0.0, Max:  0.0, Diff:  0.0, Sum:  0.0, Workers: 6
[15.535s][debug  ][gc,phases      ] GC(57)     Dead                           Min: 0, Avg:  0.0, Max: 0, Diff: 0, Sum: 0, Workers: 6
[15.535s][debug  ][gc,phases      ] GC(57)     Total                          Min: 0, Avg:  0.0, Max: 0, Diff: 0, Sum: 0, Workers: 6
[15.535s][debug  ][gc,phases      ] GC(57)   StringDedup Requests1 Weak     Min:  0.0, Avg:  0.0, Max:  0.0, Diff:  0.0, Sum:  0.0, Workers: 6
[15.535s][debug  ][gc,phases      ] GC(57)     Dead                           Min: 0, Avg:  0.0, Max: 0, Diff: 0, Sum: 0, Workers: 6
[15.535s][debug  ][gc,phases      ] GC(57)     Total                          Min: 0, Avg:  0.0, Max: 0, Diff: 0, Sum: 0, Workers: 6
[15.535s][debug  ][gc,phases      ] GC(57)   Weak JFR Old Object Samples    Min:  0.0, Avg:  0.0, Max:  0.0, Diff:  0.0, Sum:  0.0, Workers: 6
[15.535s][debug  ][gc,phases      ] GC(57)     Dead                           Min: 0, Avg:  0.0, Max: 0, Diff: 0, Sum: 0, Workers: 6
[15.535s][debug  ][gc,phases      ] GC(57)     Total                          Min: 0, Avg:  0.0, Max: 0, Diff: 0, Sum: 0, Workers: 6
[15.535s][debug  ][gc,phases      ] GC(57) Weak Processing 0.714ms
[15.535s][debug  ][gc,phases,start] GC(57) Class Unloading
[15.535s][debug  ][gc,phases,start] GC(57) ClassLoaderData
[15.535s][debug  ][gc,phases      ] GC(57) ClassLoaderData 0.020ms
[15.535s][debug  ][gc,phases,start] GC(57) Trigger cleanups
[15.535s][debug  ][gc,phases      ] GC(57) Trigger cleanups 0.019ms
[15.535s][debug  ][gc,phases      ] GC(57) Class Unloading 0.253ms
[15.535s][info   ][gc,phases      ] GC(57) Marking Phase 2.263ms
[15.535s][info   ][gc,phases,start] GC(57) Summary Phase
[15.535s][info   ][gc,phases      ] GC(57) Summary Phase 0.037ms
[15.535s][info   ][gc,phases,start] GC(57) Adjust Roots
[15.536s][info   ][gc,phases      ] GC(57) Adjust Roots 0.143ms
[15.536s][info   ][gc,phases,start] GC(57) Compaction Phase
[15.619s][info   ][gc,phases      ] GC(57) Compaction Phase 83.679ms
[15.619s][info   ][gc,phases,start] GC(57) Post Compact
[15.625s][info   ][gc,phases      ] GC(57) Post Compact 5.318ms
[15.625s][debug  ][gc,ergo        ] GC(57) AdaptiveSizeStart: collection: 58 
[15.625s][debug  ][gc,ergo        ] GC(57) PSAdaptiveSizePolicy::compute_eden_space_size limits: desired_eden_size: 228650875 old_eden_size: 204472320 eden_limit: 204472320 cur_eden: 204472320 max_eden_size: 204472320 avg_young_live: 25209464
[15.625s][debug  ][gc,ergo        ] GC(57) PSAdaptiveSizePolicy::compute_eden_space_size: costs minor_time: 0.051578 major_cost: 0.040133 mutator_cost: 0.908289 throughput_goal: 0.990000
[15.625s][debug  ][gc,ergo        ] GC(57) Live_space: 928863552 free_space: 1164967936
[15.625s][debug  ][gc,ergo        ] GC(57) Old eden_size: 204472320 desired_eden_size: 204472320
[15.625s][debug  ][gc,ergo        ] GC(57) PSAdaptiveSizePolicy::compute_old_gen_free_space: costs minor_time: 0.051578 major_cost: 0.040133  mutator_cost: 0.908289 throughput_goal: 0.990000
[15.625s][debug  ][gc,ergo        ] GC(57) Live_space: 950443904 free_space: 1164967936
[15.625s][debug  ][gc,ergo        ] GC(57) Old promo_size: 960495616 desired_promo_size: 1065877504
[15.625s][debug  ][gc,ergo        ] GC(57) AdaptiveSizeStop: collection: 58 
[15.625s][info   ][gc,heap        ] GC(57) PSYoungGen: 30720K(230912K)->0K(230912K) Eden: 0K(199680K)->0K(199680K) From: 30720K(31232K)->0K(31232K)
[15.625s][info   ][gc,heap        ] GC(57) ParOldGen: 1650277K(1835008K)->831076K(1835008K)
[15.625s][info   ][gc,metaspace   ] GC(57) Metaspace: 1019K(1216K)->1019K(1216K) NonClass: 935K(1024K)->935K(1024K) Class: 83K(192K)->83K(192K)
[15.625s][info   ][gc             ] GC(57) Pause Full (Ergonomics) 1641M->811M(2017M) 92.060ms
[15.625s][info   ][gc,cpu         ] GC(57) User=0.47s Sys=0.02s Real=0.09s
[15.625s][debug  ][gc,heap        ] GC(57) Heap after GC invocations=58 (full 10):
[15.625s][debug  ][gc,heap        ] GC(57)  PSYoungGen      total 230912K, used 0K [0x00000000f0000000, 0x0000000100000000, 0x0000000100000000)
[15.625s][debug  ][gc,heap        ] GC(57)   eden space 199680K, 0% used [0x00000000f0000000,0x00000000f0000000,0x00000000fc300000)
[15.625s][debug  ][gc,heap        ] GC(57)   from space 31232K, 0% used [0x00000000fe180000,0x00000000fe180000,0x0000000100000000)
[15.625s][debug  ][gc,heap        ] GC(57)   to   space 31232K, 0% used [0x00000000fc300000,0x00000000fc300000,0x00000000fe180000)
[15.625s][debug  ][gc,heap        ] GC(57)  ParOldGen       total 1835008K, used 831076K [0x0000000080000000, 0x00000000f0000000, 0x00000000f0000000)
[15.625s][debug  ][gc,heap        ] GC(57)   object space 1835008K, 45% used [0x0000000080000000,0x00000000b2b99028,0x00000000f0000000)
[15.625s][debug  ][gc,heap        ] GC(57)  Metaspace       used 1019K, committed 1216K, reserved 1056768K
[15.625s][debug  ][gc,heap        ] GC(57)   class space    used 83K, committed 192K, reserved 1048576K
[15.625s][debug  ][gc,task,time   ] GC(57) VM-Thread 155331077 155356408 156251962
[15.921s][debug  ][gc,heap        ] GC(58) Heap before GC invocations=59 (full 10):
[15.921s][debug  ][gc,heap        ] GC(58)  PSYoungGen      total 230912K, used 198466K [0x00000000f0000000, 0x0000000100000000, 0x0000000100000000)
[15.921s][debug  ][gc,heap        ] GC(58)   eden space 199680K, 99% used [0x00000000f0000000,0x00000000fc1d0a40,0x00000000fc300000)
[15.921s][debug  ][gc,heap        ] GC(58)   from space 31232K, 0% used [0x00000000fe180000,0x00000000fe180000,0x0000000100000000)
[15.921s][debug  ][gc,heap        ] GC(58)   to   space 31232K, 0% used [0x00000000fc300000,0x00000000fc300000,0x00000000fe180000)
[15.921s][debug  ][gc,heap        ] GC(58)  ParOldGen       total 1835008K, used 831076K [0x0000000080000000, 0x00000000f0000000, 0x00000000f0000000)
[15.921s][debug  ][gc,heap        ] GC(58)   object space 1835008K, 45% used [0x0000000080000000,0x00000000b2b99028,0x00000000f0000000)
[15.921s][debug  ][gc,heap        ] GC(58)  Metaspace       used 1021K, committed 1216K, reserved 1056768K
[15.921s][debug  ][gc,heap        ] GC(58)   class space    used 83K, committed 192K, reserved 1048576K
[15.921s][debug  ][gc,tlab        ] GC(58) TLAB totals: thrds: 1  refills: 1 max: 1 slow allocs: 18 max 18 waste: 27.6% gc: 3998848B max: 3998848B slow: 0B max: 0B
[15.922s][info   ][gc,start       ] GC(58) Pause Young (Allocation Failure)
[15.922s][debug  ][gc,phases,start] GC(58) Scavenge
[15.923s][debug  ][gc,phases      ] GC(58) Scavenge 1.380ms
[15.923s][debug  ][gc,phases,start] GC(58) Reference Processing
[15.923s][debug  ][gc,ref         ] GC(58) Skipped phase 1 of Reference Processing: no references
[15.923s][debug  ][gc,ref         ] GC(58) Skipped phase 2 of Reference Processing: no references
[15.923s][debug  ][gc,ref         ] GC(58) Skipped phase 3 of Reference Processing: no references
[15.923s][debug  ][gc,ref         ] GC(58) Skipped phase 4 of Reference Processing: no references
[15.923s][debug  ][gc,phases,ref  ] GC(58) Reference Processing: 0.1ms
[15.923s][debug  ][gc,phases,ref  ] GC(58)   Reconsider SoftReferences: 0.0ms
[15.923s][debug  ][gc,phases,ref  ] GC(58)     SoftRef (ms):                  skipped
[15.923s][debug  ][gc,phases,ref  ] GC(58)   Notify Soft/WeakReferences: 0.0ms
[15.923s][debug  ][gc,phases,ref  ] GC(58)     SoftRef (ms):                  skipped
[15.923s][debug  ][gc,phases,ref  ] GC(58)     WeakRef (ms):                  skipped
[15.923s][debug  ][gc,phases,ref  ] GC(58)     FinalRef (ms):                 skipped
[15.923s][debug  ][gc,phases,ref  ] GC(58)     Total (ms):                    skipped
[15.923s][debug  ][gc,phases,ref  ] GC(58)   Notify and keep alive finalizable: 0.0ms
[15.923s][debug  ][gc,phases,ref  ] GC(58)     FinalRef (ms):                 skipped
[15.923s][debug  ][gc,phases,ref  ] GC(58)   Notify PhantomReferences: 0.0ms
[15.923s][debug  ][gc,phases,ref  ] GC(58)     PhantomRef (ms):               skipped
[15.923s][debug  ][gc,phases,ref  ] GC(58)   SoftReference:
[15.923s][debug  ][gc,phases,ref  ] GC(58)     Discovered: 0
[15.923s][debug  ][gc,phases,ref  ] GC(58)     Cleared: 0
[15.923s][debug  ][gc,phases,ref  ] GC(58)   WeakReference:
[15.923s][debug  ][gc,phases,ref  ] GC(58)     Discovered: 0
[15.924s][debug  ][gc,phases,ref  ] GC(58)     Cleared: 0
[15.924s][debug  ][gc,phases,ref  ] GC(58)   FinalReference:
[15.924s][debug  ][gc,phases,ref  ] GC(58)     Discovered: 0
[15.924s][debug  ][gc,phases,ref  ] GC(58)     Cleared: 0
[15.924s][debug  ][gc,phases,ref  ] GC(58)   PhantomReference:
[15.924s][debug  ][gc,phases,ref  ] GC(58)     Discovered: 0
[15.924s][debug  ][gc,phases,ref  ] GC(58)     Cleared: 0
[15.924s][debug  ][gc,phases      ] GC(58) Reference Processing 0.683ms
[15.924s][debug  ][gc,phases,start] GC(58) Weak Processing
[15.924s][debug  ][gc,phases      ] GC(58)   VM Weak                        Min:  0.0, Avg:  0.0, Max:  0.0, Diff:  0.0, Sum:  0.0, Workers: 6
[15.924s][debug  ][gc,phases      ] GC(58)     Dead                           Min: 0, Avg:  0.0, Max: 0, Diff: 0, Sum: 0, Workers: 6
[15.924s][debug  ][gc,phases      ] GC(58)     Total                          Min: 0, Avg:  1.3, Max: 8, Diff: 8, Sum: 8, Workers: 6
[15.924s][debug  ][gc,phases      ] GC(58)   ObjectSynchronizer Weak        Min:  0.0, Avg:  0.0, Max:  0.0, Diff:  0.0, Sum:  0.0, Workers: 6
[15.924s][debug  ][gc,phases      ] GC(58)     Dead                           Min: 0, Avg:  0.0, Max: 0, Diff: 0, Sum: 0, Workers: 6
[15.924s][debug  ][gc,phases      ] GC(58)     Total                          Min: 0, Avg:  0.5, Max: 3, Diff: 3, Sum: 3, Workers: 6
[15.924s][debug  ][gc,phases      ] GC(58)   JVMTI Tag Weak OopStorage      Min:  0.0, Avg:  0.0, Max:  0.0, Diff:  0.0, Sum:  0.0, Workers: 6
[15.924s][debug  ][gc,phases      ] GC(58)     Dead                           Min: 0, Avg:  0.0, Max: 0, Diff: 0, Sum: 0, Workers: 6
[15.924s][debug  ][gc,phases      ] GC(58)     Total                          Min: 0, Avg:  0.0, Max: 0, Diff: 0, Sum: 0, Workers: 6
[15.924s][debug  ][gc,phases      ] GC(58)   StringTable Weak               Min:  0.0, Avg:  0.0, Max:  0.0, Diff:  0.0, Sum:  0.0, Workers: 6
[15.924s][debug  ][gc,phases      ] GC(58)     Dead                           Min: 0, Avg:  0.0, Max: 0, Diff: 0, Sum: 0, Workers: 6
[15.924s][debug  ][gc,phases      ] GC(58)     Total                          Min: 0, Avg: 891.8, Max: 1664, Diff: 1664, Sum: 5351, Workers: 6
[15.924s][debug  ][gc,phases      ] GC(58)   ResolvedMethodTable Weak       Min:  0.0, Avg:  0.0, Max:  0.0, Diff:  0.0, Sum:  0.0, Workers: 6
[15.924s][debug  ][gc,phases      ] GC(58)     Dead                           Min: 0, Avg:  0.0, Max: 0, Diff: 0, Sum: 0, Workers: 6
[15.924s][debug  ][gc,phases      ] GC(58)     Total                          Min: 0, Avg: 21.7, Max: 64, Diff: 64, Sum: 130, Workers: 6
[15.924s][debug  ][gc,phases      ] GC(58)   JNI Weak                       Min:  0.0, Avg:  0.0, Max:  0.0, Diff:  0.0, Sum:  0.0, Workers: 6
[15.924s][debug  ][gc,phases      ] GC(58)     Dead                           Min: 0, Avg:  0.0, Max: 0, Diff: 0, Sum: 0, Workers: 6
[15.924s][debug  ][gc,phases      ] GC(58)     Total                          Min: 0, Avg:  0.0, Max: 0, Diff: 0, Sum: 0, Workers: 6
[15.924s][debug  ][gc,phases      ] GC(58)   StringDedup Table Weak         Min:  0.0, Avg:  0.0, Max:  0.0, Diff:  0.0, Sum:  0.0, Workers: 6
[15.924s][debug  ][gc,phases      ] GC(58)     Dead                           Min: 0, Avg:  0.0, Max: 0, Diff: 0, Sum: 0, Workers: 6
[15.924s][debug  ][gc,phases      ] GC(58)     Total                          Min: 0, Avg:  0.0, Max: 0, Diff: 0, Sum: 0, Workers: 6
[15.924s][debug  ][gc,phases      ] GC(58)   StringDedup Requests0 Weak     Min:  0.0, Avg:  0.0, Max:  0.0, Diff:  0.0, Sum:  0.0, Workers: 6
[15.924s][debug  ][gc,phases      ] GC(58)     Dead                           Min: 0, Avg:  0.0, Max: 0, Diff: 0, Sum: 0, Workers: 6
[15.924s][debug  ][gc,phases      ] GC(58)     Total                          Min: 0, Avg:  0.0, Max: 0, Diff: 0, Sum: 0, Workers: 6
[15.924s][debug  ][gc,phases      ] GC(58)   StringDedup Requests1 Weak     Min:  0.0, Avg:  0.0, Max:  0.0, Diff:  0.0, Sum:  0.0, Workers: 6
[15.924s][debug  ][gc,phases      ] GC(58)     Dead                           Min: 0, Avg:  0.0, Max: 0, Diff: 0, Sum: 0, Workers: 6
[15.924s][debug  ][gc,phases      ] GC(58)     Total                          Min: 0, Avg:  0.0, Max: 0, Diff: 0, Sum: 0, Workers: 6
[15.924s][debug  ][gc,phases      ] GC(58)   Weak JFR Old Object Samples    Min:  0.0, Avg:  0.0, Max:  0.0, Diff:  0.0, Sum:  0.0, Workers: 6
[15.924s][debug  ][gc,phases      ] GC(58)     Dead                           Min: 0, Avg:  0.0, Max: 0, Diff: 0, Sum: 0, Workers: 6
[15.924s][debug  ][gc,phases      ] GC(58)     Total                          Min: 0, Avg:  0.0, Max: 0, Diff: 0, Sum: 0, Workers: 6
[15.925s][debug  ][gc,phases      ] GC(58) Weak Processing 0.827ms
[15.925s][debug  ][gc,ergo        ] GC(58) AdaptiveSizeStart:  collection: 59 
[15.925s][debug  ][gc,ergo        ] GC(58) avg_survived_padded_avg: 37016632.000000
[15.925s][debug  ][gc,ergo        ] GC(58) avg_promoted_padded_avg: 266048176.000000  avg_pretenured_padded_avg: 0.000000  tenuring_thresh: 1  target_size: 37224448
[15.925s][debug  ][gc,age         ] GC(58) Desired survivor size 37224448 bytes, new threshold 1 (max threshold 15)
[15.925s][debug  ][gc,ergo        ] GC(58) PSAdaptiveSizePolicy::compute_eden_space_size limits: desired_eden_size: 226090726 old_eden_size: 204472320 eden_limit: 204472320 cur_eden: 204472320 max_eden_size: 204472320 avg_young_live: 22688518
[15.925s][debug  ][gc,ergo        ] GC(58) PSAdaptiveSizePolicy::compute_eden_space_size: costs minor_time: 0.040593 major_cost: 0.040133 mutator_cost: 0.919274 throughput_goal: 0.990000
[15.925s][debug  ][gc,ergo        ] GC(58) Live_space: 947922944 free_space: 1270349824
[15.925s][debug  ][gc,ergo        ] GC(58) Old eden_size: 204472320 desired_eden_size: 204472320
[15.925s][debug  ][gc,ergo        ] GC(58) AdaptiveSizeStop: collection: 59 
[15.925s][info   ][gc,heap        ] GC(58) PSYoungGen: 198466K(230912K)->0K(200192K) Eden: 198466K(199680K)->0K(199680K) From: 0K(31232K)->0K(512K)
[15.925s][info   ][gc,heap        ] GC(58) ParOldGen: 831076K(1835008K)->831076K(1835008K)
[15.925s][info   ][gc,metaspace   ] GC(58) Metaspace: 1021K(1216K)->1021K(1216K) NonClass: 937K(1024K)->937K(1024K) Class: 83K(192K)->83K(192K)
[15.925s][info   ][gc             ] GC(58) Pause Young (Allocation Failure) 1005M->811M(1987M) 3.348ms
[15.925s][info   ][gc,cpu         ] GC(58) User=0.02s Sys=0.00s Real=0.00s
[15.925s][debug  ][gc,heap        ] GC(58) Heap after GC invocations=59 (full 10):
[15.925s][debug  ][gc,heap        ] GC(58)  PSYoungGen      total 200192K, used 0K [0x00000000f0000000, 0x0000000100000000, 0x0000000100000000)
[15.925s][debug  ][gc,heap        ] GC(58)   eden space 199680K, 0% used [0x00000000f0000000,0x00000000f0000000,0x00000000fc300000)
[15.925s][debug  ][gc,heap        ] GC(58)   from space 512K, 0% used [0x00000000fc300000,0x00000000fc300000,0x00000000fc380000)
[15.925s][debug  ][gc,heap        ] GC(58)   to   space 36352K, 0% used [0x00000000fdc80000,0x00000000fdc80000,0x0000000100000000)
[15.925s][debug  ][gc,heap        ] GC(58)  ParOldGen       total 1835008K, used 831076K [0x0000000080000000, 0x00000000f0000000, 0x00000000f0000000)
[15.925s][debug  ][gc,heap        ] GC(58)   object space 1835008K, 45% used [0x0000000080000000,0x00000000b2b99028,0x00000000f0000000)
[15.925s][debug  ][gc,heap        ] GC(58)  Metaspace       used 1021K, committed 1216K, reserved 1056768K
[15.925s][debug  ][gc,heap        ] GC(58)   class space    used 83K, committed 192K, reserved 1048576K
[15.925s][debug  ][gc,task,time   ] GC(58) VM-Thread 159210703 159229870 159251329
[16.223s][debug  ][gc,heap        ] GC(59) Heap before GC invocations=60 (full 10):
[16.224s][debug  ][gc,heap        ] GC(59)  PSYoungGen      total 200192K, used 198397K [0x00000000f0000000, 0x0000000100000000, 0x0000000100000000)
[16.224s][debug  ][gc,heap        ] GC(59)   eden space 199680K, 99% used [0x00000000f0000000,0x00000000fc1bf600,0x00000000fc300000)
[16.224s][debug  ][gc,heap        ] GC(59)   from space 512K, 0% used [0x00000000fc300000,0x00000000fc300000,0x00000000fc380000)
[16.224s][debug  ][gc,heap        ] GC(59)   to   space 36352K, 0% used [0x00000000fdc80000,0x00000000fdc80000,0x0000000100000000)
[16.224s][debug  ][gc,heap        ] GC(59)  ParOldGen       total 1835008K, used 831076K [0x0000000080000000, 0x00000000f0000000, 0x00000000f0000000)
[16.224s][debug  ][gc,heap        ] GC(59)   object space 1835008K, 45% used [0x0000000080000000,0x00000000b2b99028,0x00000000f0000000)
[16.224s][debug  ][gc,heap        ] GC(59)  Metaspace       used 1021K, committed 1216K, reserved 1056768K
[16.224s][debug  ][gc,heap        ] GC(59)   class space    used 83K, committed 192K, reserved 1048576K
[16.224s][debug  ][gc,tlab        ] GC(59) TLAB totals: thrds: 1  refills: 1 max: 1 slow allocs: 18 max 18 waste: 27.3% gc: 3929296B max: 3929296B slow: 0B max: 0B
[16.224s][info   ][gc,start       ] GC(59) Pause Young (Allocation Failure)
[16.224s][debug  ][gc,phases,start] GC(59) Scavenge
[16.237s][debug  ][gc,phases      ] GC(59) Scavenge 13.149ms
[16.237s][debug  ][gc,phases,start] GC(59) Reference Processing
[16.237s][debug  ][gc,ref         ] GC(59) Skipped phase 1 of Reference Processing: no references
[16.237s][debug  ][gc,ref         ] GC(59) Skipped phase 2 of Reference Processing: no references
[16.237s][debug  ][gc,ref         ] GC(59) Skipped phase 3 of Reference Processing: no references
[16.237s][debug  ][gc,ref         ] GC(59) Skipped phase 4 of Reference Processing: no references
[16.237s][debug  ][gc,phases,ref  ] GC(59) Reference Processing: 0.1ms
[16.237s][debug  ][gc,phases,ref  ] GC(59)   Reconsider SoftReferences: 0.0ms
[16.237s][debug  ][gc,phases,ref  ] GC(59)     SoftRef (ms):                  skipped
[16.237s][debug  ][gc,phases,ref  ] GC(59)   Notify Soft/WeakReferences: 0.0ms
[16.238s][debug  ][gc,phases,ref  ] GC(59)     SoftRef (ms):                  skipped
[16.238s][debug  ][gc,phases,ref  ] GC(59)     WeakRef (ms):                  skipped
[16.238s][debug  ][gc,phases,ref  ] GC(59)     FinalRef (ms):                 skipped
[16.238s][debug  ][gc,phases,ref  ] GC(59)     Total (ms):                    skipped
[16.238s][debug  ][gc,phases,ref  ] GC(59)   Notify and keep alive finalizable: 0.0ms
[16.238s][debug  ][gc,phases,ref  ] GC(59)     FinalRef (ms):                 skipped
[16.238s][debug  ][gc,phases,ref  ] GC(59)   Notify PhantomReferences: 0.0ms
[16.238s][debug  ][gc,phases,ref  ] GC(59)     PhantomRef (ms):               skipped
[16.238s][debug  ][gc,phases,ref  ] GC(59)   SoftReference:
[16.238s][debug  ][gc,phases,ref  ] GC(59)     Discovered: 0
[16.238s][debug  ][gc,phases,ref  ] GC(59)     Cleared: 0
[16.238s][debug  ][gc,phases,ref  ] GC(59)   WeakReference:
[16.238s][debug  ][gc,phases,ref  ] GC(59)     Discovered: 0
[16.238s][debug  ][gc,phases,ref  ] GC(59)     Cleared: 0
[16.238s][debug  ][gc,phases,ref  ] GC(59)   FinalReference:
[16.238s][debug  ][gc,phases,ref  ] GC(59)     Discovered: 0
[16.238s][debug  ][gc,phases,ref  ] GC(59)     Cleared: 0
[16.238s][debug  ][gc,phases,ref  ] GC(59)   PhantomReference:
[16.238s][debug  ][gc,phases,ref  ] GC(59)     Discovered: 0
[16.238s][debug  ][gc,phases,ref  ] GC(59)     Cleared: 0
[16.238s][debug  ][gc,phases      ] GC(59) Reference Processing 0.872ms
[16.238s][debug  ][gc,phases,start] GC(59) Weak Processing
[16.238s][debug  ][gc,phases      ] GC(59)   VM Weak                        Min:  0.0, Avg:  0.0, Max:  0.0, Diff:  0.0, Sum:  0.0, Workers: 6
[16.238s][debug  ][gc,phases      ] GC(59)     Dead                           Min: 0, Avg:  0.0, Max: 0, Diff: 0, Sum: 0, Workers: 6
[16.238s][debug  ][gc,phases      ] GC(59)     Total                          Min: 0, Avg:  1.3, Max: 8, Diff: 8, Sum: 8, Workers: 6
[16.238s][debug  ][gc,phases      ] GC(59)   ObjectSynchronizer Weak        Min:  0.0, Avg:  0.0, Max:  0.0, Diff:  0.0, Sum:  0.0, Workers: 6
[16.238s][debug  ][gc,phases      ] GC(59)     Dead                           Min: 0, Avg:  0.0, Max: 0, Diff: 0, Sum: 0, Workers: 6
[16.238s][debug  ][gc,phases      ] GC(59)     Total                          Min: 0, Avg:  0.5, Max: 3, Diff: 3, Sum: 3, Workers: 6
[16.238s][debug  ][gc,phases      ] GC(59)   JVMTI Tag Weak OopStorage      Min:  0.0, Avg:  0.0, Max:  0.0, Diff:  0.0, Sum:  0.0, Workers: 6
[16.238s][debug  ][gc,phases      ] GC(59)     Dead                           Min: 0, Avg:  0.0, Max: 0, Diff: 0, Sum: 0, Workers: 6
[16.238s][debug  ][gc,phases      ] GC(59)     Total                          Min: 0, Avg:  0.0, Max: 0, Diff: 0, Sum: 0, Workers: 6
[16.238s][debug  ][gc,phases      ] GC(59)   StringTable Weak               Min:  0.0, Avg:  0.0, Max:  0.0, Diff:  0.0, Sum:  0.0, Workers: 6
[16.238s][debug  ][gc,phases      ] GC(59)     Dead                           Min: 0, Avg:  0.0, Max: 0, Diff: 0, Sum: 0, Workers: 6
[16.239s][debug  ][gc,phases      ] GC(59)     Total                          Min: 832, Avg: 891.8, Max: 960, Diff: 128, Sum: 5351, Workers: 6
[16.239s][debug  ][gc,phases      ] GC(59)   ResolvedMethodTable Weak       Min:  0.0, Avg:  0.0, Max:  0.0, Diff:  0.0, Sum:  0.0, Workers: 6
[16.239s][debug  ][gc,phases      ] GC(59)     Dead                           Min: 0, Avg:  0.0, Max: 0, Diff: 0, Sum: 0, Workers: 6
[16.239s][debug  ][gc,phases      ] GC(59)     Total                          Min: 0, Avg: 21.7, Max: 64, Diff: 64, Sum: 130, Workers: 6
[16.239s][debug  ][gc,phases      ] GC(59)   JNI Weak                       Min:  0.0, Avg:  0.0, Max:  0.0, Diff:  0.0, Sum:  0.0, Workers: 6
[16.239s][debug  ][gc,phases      ] GC(59)     Dead                           Min: 0, Avg:  0.0, Max: 0, Diff: 0, Sum: 0, Workers: 6
[16.239s][debug  ][gc,phases      ] GC(59)     Total                          Min: 0, Avg:  0.0, Max: 0, Diff: 0, Sum: 0, Workers: 6
[16.239s][debug  ][gc,phases      ] GC(59)   StringDedup Table Weak         Min:  0.0, Avg:  0.0, Max:  0.0, Diff:  0.0, Sum:  0.0, Workers: 6
[16.239s][debug  ][gc,phases      ] GC(59)     Dead                           Min: 0, Avg:  0.0, Max: 0, Diff: 0, Sum: 0, Workers: 6
[16.239s][debug  ][gc,phases      ] GC(59)     Total                          Min: 0, Avg:  0.0, Max: 0, Diff: 0, Sum: 0, Workers: 6
[16.239s][debug  ][gc,phases      ] GC(59)   StringDedup Requests0 Weak     Min:  0.0, Avg:  0.0, Max:  0.0, Diff:  0.0, Sum:  0.0, Workers: 6
[16.239s][debug  ][gc,phases      ] GC(59)     Dead                           Min: 0, Avg:  0.0, Max: 0, Diff: 0, Sum: 0, Workers: 6
[16.239s][debug  ][gc,phases      ] GC(59)     Total                          Min: 0, Avg:  0.0, Max: 0, Diff: 0, Sum: 0, Workers: 6
[16.239s][debug  ][gc,phases      ] GC(59)   StringDedup Requests1 Weak     Min:  0.0, Avg:  0.0, Max:  0.0, Diff:  0.0, Sum:  0.0, Workers: 6
[16.239s][debug  ][gc,phases      ] GC(59)     Dead                           Min: 0, Avg:  0.0, Max: 0, Diff: 0, Sum: 0, Workers: 6
[16.239s][debug  ][gc,phases      ] GC(59)     Total                          Min: 0, Avg:  0.0, Max: 0, Diff: 0, Sum: 0, Workers: 6
[16.239s][debug  ][gc,phases      ] GC(59)   Weak JFR Old Object Samples    Min:  0.0, Avg:  0.0, Max:  0.0, Diff:  0.0, Sum:  0.0, Workers: 6
[16.239s][debug  ][gc,phases      ] GC(59)     Dead                           Min: 0, Avg:  0.0, Max: 0, Diff: 0, Sum: 0, Workers: 6
[16.239s][debug  ][gc,phases      ] GC(59)     Total                          Min: 0, Avg:  0.0, Max: 0, Diff: 0, Sum: 0, Workers: 6
[16.239s][debug  ][gc,phases      ] GC(59) Weak Processing 0.837ms
[16.239s][debug  ][gc,ergo        ] GC(59) AdaptiveSizeStart:  collection: 60 
[16.239s][debug  ][gc,ergo        ] GC(59) avg_survived_padded_avg: 37306000.000000
[16.239s][debug  ][gc,ergo        ] GC(59) avg_promoted_padded_avg: 259916192.000000  avg_pretenured_padded_avg: 0.000000  tenuring_thresh: 1  target_size: 37748736
[16.239s][debug  ][gc,age         ] GC(59) Desired survivor size 37748736 bytes, new threshold 1 (max threshold 15)
[16.239s][debug  ][gc,ergo        ] GC(59) PSAdaptiveSizePolicy::compute_eden_space_size: costs minor_time: 0.042374 major_cost: 0.040133 mutator_cost: 0.917493 throughput_goal: 0.990000
[16.239s][debug  ][gc,ergo        ] GC(59) Live_space: 948799872 free_space: 1270349824
[16.239s][debug  ][gc,ergo        ] GC(59) Old eden_size: 204472320 desired_eden_size: 227016704
[16.239s][debug  ][gc,ergo        ] GC(59) AdaptiveSizeStop: collection: 60 
[16.239s][info   ][gc,heap        ] GC(59) PSYoungGen: 198397K(200192K)->30720K(224768K) Eden: 198397K(199680K)->0K(188416K) From: 0K(512K)->30720K(36352K)
[16.239s][info   ][gc,heap        ] GC(59) ParOldGen: 831076K(1835008K)->994916K(1835008K)
[16.239s][info   ][gc,metaspace   ] GC(59) Metaspace: 1021K(1216K)->1021K(1216K) NonClass: 937K(1024K)->937K(1024K) Class: 83K(192K)->83K(192K)
[16.239s][info   ][gc             ] GC(59) Pause Young (Allocation Failure) 1005M->1001M(2011M) 15.424ms
[16.239s][info   ][gc,cpu         ] GC(59) User=0.09s Sys=0.00s Real=0.02s
[16.239s][debug  ][gc,heap        ] GC(59) Heap after GC invocations=60 (full 10):
[16.239s][debug  ][gc,heap        ] GC(59)  PSYoungGen      total 224768K, used 30720K [0x00000000f0000000, 0x0000000100000000, 0x0000000100000000)
[16.240s][debug  ][gc,heap        ] GC(59)   eden space 188416K, 0% used [0x00000000f0000000,0x00000000f0000000,0x00000000fb800000)
[16.240s][debug  ][gc,heap        ] GC(59)   from space 36352K, 84% used [0x00000000fdc80000,0x00000000ffa80030,0x0000000100000000)
[16.240s][debug  ][gc,heap        ] GC(59)   to   space 36864K, 0% used [0x00000000fb800000,0x00000000fb800000,0x00000000fdc00000)
[16.240s][debug  ][gc,heap        ] GC(59)  ParOldGen       total 1835008K, used 994916K [0x0000000080000000, 0x00000000f0000000, 0x00000000f0000000)
[16.240s][debug  ][gc,heap        ] GC(59)   object space 1835008K, 54% used [0x0000000080000000,0x00000000bcb99128,0x00000000f0000000)
[16.240s][debug  ][gc,heap        ] GC(59)  Metaspace       used 1021K, committed 1216K, reserved 1056768K
[16.240s][debug  ][gc,heap        ] GC(59)   class space    used 83K, committed 192K, reserved 1048576K
[16.240s][debug  ][gc,task,time   ] GC(59) VM-Thread 162234473 162372260 162396765
[16.525s][debug  ][gc,heap        ] GC(60) Heap before GC invocations=61 (full 10):
[16.526s][debug  ][gc,heap        ] GC(60)  PSYoungGen      total 224768K, used 218687K [0x00000000f0000000, 0x0000000100000000, 0x0000000100000000)
[16.526s][debug  ][gc,heap        ] GC(60)   eden space 188416K, 99% used [0x00000000f0000000,0x00000000fb78fcb0,0x00000000fb800000)
[16.526s][debug  ][gc,heap        ] GC(60)   from space 36352K, 84% used [0x00000000fdc80000,0x00000000ffa80030,0x0000000100000000)
[16.526s][debug  ][gc,heap        ] GC(60)   to   space 36864K, 0% used [0x00000000fb800000,0x00000000fb800000,0x00000000fdc00000)
[16.526s][debug  ][gc,heap        ] GC(60)  ParOldGen       total 1835008K, used 994916K [0x0000000080000000, 0x00000000f0000000, 0x00000000f0000000)
[16.526s][debug  ][gc,heap        ] GC(60)   object space 1835008K, 54% used [0x0000000080000000,0x00000000bcb99128,0x00000000f0000000)
[16.526s][debug  ][gc,heap        ] GC(60)  Metaspace       used 1021K, committed 1216K, reserved 1056768K
[16.526s][debug  ][gc,heap        ] GC(60)   class space    used 83K, committed 192K, reserved 1048576K
[16.526s][debug  ][gc,tlab        ] GC(60) TLAB totals: thrds: 1  refills: 1 max: 1 slow allocs: 17 max 17 waste: 26.3% gc: 3734416B max: 3734416B slow: 0B max: 0B
[16.526s][info   ][gc,start       ] GC(60) Pause Young (Allocation Failure)
[16.526s][debug  ][gc,phases,start] GC(60) Scavenge
[16.540s][debug  ][gc,phases      ] GC(60) Scavenge 13.905ms
[16.540s][debug  ][gc,phases,start] GC(60) Reference Processing
[16.540s][debug  ][gc,ref         ] GC(60) Skipped phase 1 of Reference Processing: no references
[16.540s][debug  ][gc,ref         ] GC(60) Skipped phase 2 of Reference Processing: no references
[16.540s][debug  ][gc,ref         ] GC(60) Skipped phase 3 of Reference Processing: no references
[16.540s][debug  ][gc,ref         ] GC(60) Skipped phase 4 of Reference Processing: no references
[16.540s][debug  ][gc,phases,ref  ] GC(60) Reference Processing: 0.1ms
[16.540s][debug  ][gc,phases,ref  ] GC(60)   Reconsider SoftReferences: 0.0ms
[16.540s][debug  ][gc,phases,ref  ] GC(60)     SoftRef (ms):                  skipped
[16.540s][debug  ][gc,phases,ref  ] GC(60)   Notify Soft/WeakReferences: 0.0ms
[16.540s][debug  ][gc,phases,ref  ] GC(60)     SoftRef (ms):                  skipped
[16.540s][debug  ][gc,phases,ref  ] GC(60)     WeakRef (ms):                  skipped
[16.540s][debug  ][gc,phases,ref  ] GC(60)     FinalRef (ms):                 skipped
[16.540s][debug  ][gc,phases,ref  ] GC(60)     Total (ms):                    skipped
[16.540s][debug  ][gc,phases,ref  ] GC(60)   Notify and keep alive finalizable: 0.0ms
[16.540s][debug  ][gc,phases,ref  ] GC(60)     FinalRef (ms):                 skipped
[16.540s][debug  ][gc,phases,ref  ] GC(60)   Notify PhantomReferences: 0.0ms
[16.540s][debug  ][gc,phases,ref  ] GC(60)     PhantomRef (ms):               skipped
[16.540s][debug  ][gc,phases,ref  ] GC(60)   SoftReference:
[16.540s][debug  ][gc,phases,ref  ] GC(60)     Discovered: 0
[16.540s][debug  ][gc,phases,ref  ] GC(60)     Cleared: 0
[16.540s][debug  ][gc,phases,ref  ] GC(60)   WeakReference:
[16.540s][debug  ][gc,phases,ref  ] GC(60)     Discovered: 0
[16.540s][debug  ][gc,phases,ref  ] GC(60)     Cleared: 0
[16.540s][debug  ][gc,phases,ref  ] GC(60)   FinalReference:
[16.540s][debug  ][gc,phases,ref  ] GC(60)     Discovered: 0
[16.541s][debug  ][gc,phases,ref  ] GC(60)     Cleared: 0
[16.541s][debug  ][gc,phases,ref  ] GC(60)   PhantomReference:
[16.541s][debug  ][gc,phases,ref  ] GC(60)     Discovered: 0
[16.541s][debug  ][gc,phases,ref  ] GC(60)     Cleared: 0
[16.541s][debug  ][gc,phases      ] GC(60) Reference Processing 0.792ms
[16.541s][debug  ][gc,phases,start] GC(60) Weak Processing
[16.541s][debug  ][gc,phases      ] GC(60)   VM Weak                        Min:  0.0, Avg:  0.0, Max:  0.0, Diff:  0.0, Sum:  0.0, Workers: 6
[16.541s][debug  ][gc,phases      ] GC(60)     Dead                           Min: 0, Avg:  0.0, Max: 0, Diff: 0, Sum: 0, Workers: 6
[16.541s][debug  ][gc,phases      ] GC(60)     Total                          Min: 0, Avg:  1.3, Max: 8, Diff: 8, Sum: 8, Workers: 6
[16.541s][debug  ][gc,phases      ] GC(60)   ObjectSynchronizer Weak        Min:  0.0, Avg:  0.0, Max:  0.0, Diff:  0.0, Sum:  0.0, Workers: 6
[16.541s][debug  ][gc,phases      ] GC(60)     Dead                           Min: 0, Avg:  0.0, Max: 0, Diff: 0, Sum: 0, Workers: 6
[16.541s][debug  ][gc,phases      ] GC(60)     Total                          Min: 0, Avg:  0.5, Max: 3, Diff: 3, Sum: 3, Workers: 6
[16.541s][debug  ][gc,phases      ] GC(60)   JVMTI Tag Weak OopStorage      Min:  0.0, Avg:  0.0, Max:  0.0, Diff:  0.0, Sum:  0.0, Workers: 6
[16.541s][debug  ][gc,phases      ] GC(60)     Dead                           Min: 0, Avg:  0.0, Max: 0, Diff: 0, Sum: 0, Workers: 6
[16.541s][debug  ][gc,phases      ] GC(60)     Total                          Min: 0, Avg:  0.0, Max: 0, Diff: 0, Sum: 0, Workers: 6
[16.541s][debug  ][gc,phases      ] GC(60)   StringTable Weak               Min:  0.0, Avg:  0.0, Max:  0.0, Diff:  0.0, Sum:  0.0, Workers: 6
[16.541s][debug  ][gc,phases      ] GC(60)     Dead                           Min: 0, Avg:  0.0, Max: 0, Diff: 0, Sum: 0, Workers: 6
[16.541s][debug  ][gc,phases      ] GC(60)     Total                          Min: 0, Avg: 891.8, Max: 1088, Diff: 1088, Sum: 5351, Workers: 6
[16.541s][debug  ][gc,phases      ] GC(60)   ResolvedMethodTable Weak       Min:  0.0, Avg:  0.0, Max:  0.0, Diff:  0.0, Sum:  0.0, Workers: 6
[16.541s][debug  ][gc,phases      ] GC(60)     Dead                           Min: 0, Avg:  0.0, Max: 0, Diff: 0, Sum: 0, Workers: 6
[16.541s][debug  ][gc,phases      ] GC(60)     Total                          Min: 0, Avg: 21.7, Max: 64, Diff: 64, Sum: 130, Workers: 6
[16.541s][debug  ][gc,phases      ] GC(60)   JNI Weak                       Min:  0.0, Avg:  0.0, Max:  0.0, Diff:  0.0, Sum:  0.0, Workers: 6
[16.541s][debug  ][gc,phases      ] GC(60)     Dead                           Min: 0, Avg:  0.0, Max: 0, Diff: 0, Sum: 0, Workers: 6
[16.541s][debug  ][gc,phases      ] GC(60)     Total                          Min: 0, Avg:  0.0, Max: 0, Diff: 0, Sum: 0, Workers: 6
[16.541s][debug  ][gc,phases      ] GC(60)   StringDedup Table Weak         Min:  0.0, Avg:  0.0, Max:  0.0, Diff:  0.0, Sum:  0.0, Workers: 6
[16.541s][debug  ][gc,phases      ] GC(60)     Dead                           Min: 0, Avg:  0.0, Max: 0, Diff: 0, Sum: 0, Workers: 6
[16.541s][debug  ][gc,phases      ] GC(60)     Total                          Min: 0, Avg:  0.0, Max: 0, Diff: 0, Sum: 0, Workers: 6
[16.541s][debug  ][gc,phases      ] GC(60)   StringDedup Requests0 Weak     Min:  0.0, Avg:  0.0, Max:  0.0, Diff:  0.0, Sum:  0.0, Workers: 6
[16.541s][debug  ][gc,phases      ] GC(60)     Dead                           Min: 0, Avg:  0.0, Max: 0, Diff: 0, Sum: 0, Workers: 6
[16.541s][debug  ][gc,phases      ] GC(60)     Total                          Min: 0, Avg:  0.0, Max: 0, Diff: 0, Sum: 0, Workers: 6
[16.541s][debug  ][gc,phases      ] GC(60)   StringDedup Requests1 Weak     Min:  0.0, Avg:  0.0, Max:  0.0, Diff:  0.0, Sum:  0.0, Workers: 6
[16.541s][debug  ][gc,phases      ] GC(60)     Dead                           Min: 0, Avg:  0.0, Max: 0, Diff: 0, Sum: 0, Workers: 6
[16.541s][debug  ][gc,phases      ] GC(60)     Total                          Min: 0, Avg:  0.0, Max: 0, Diff: 0, Sum: 0, Workers: 6
[16.541s][debug  ][gc,phases      ] GC(60)   Weak JFR Old Object Samples    Min:  0.0, Avg:  0.0, Max:  0.0, Diff:  0.0, Sum:  0.0, Workers: 6
[16.541s][debug  ][gc,phases      ] GC(60)     Dead                           Min: 0, Avg:  0.0, Max: 0, Diff: 0, Sum: 0, Workers: 6
[16.541s][debug  ][gc,phases      ] GC(60)     Total                          Min: 0, Avg:  0.0, Max: 0, Diff: 0, Sum: 0, Workers: 6
[16.541s][debug  ][gc,phases      ] GC(60) Weak Processing 0.769ms
[16.541s][debug  ][gc,ergo        ] GC(60) AdaptiveSizeStart:  collection: 61 
[16.541s][debug  ][gc,ergo        ] GC(60) avg_survived_padded_avg: 37481904.000000
[16.541s][debug  ][gc,ergo        ] GC(60) avg_promoted_padded_avg: 261787296.000000  avg_pretenured_padded_avg: 0.000000  tenuring_thresh: 1  target_size: 37748736
[16.542s][debug  ][gc,age         ] GC(60) Desired survivor size 37748736 bytes, new threshold 1 (max threshold 15)
[16.542s][debug  ][gc,ergo        ] GC(60) PSAdaptiveSizePolicy::compute_eden_space_size limits: desired_eden_size: 214481508 old_eden_size: 227016704 eden_limit: 193462272 cur_eden: 192937984 max_eden_size: 193462272 avg_young_live: 24354590
[16.542s][debug  ][gc,ergo        ] GC(60) PSAdaptiveSizePolicy::compute_eden_space_size: costs minor_time: 0.044680 major_cost: 0.040133 mutator_cost: 0.915187 throughput_goal: 0.990000
[16.542s][debug  ][gc,ergo        ] GC(60) Live_space: 949588992 free_space: 1292894208
[16.542s][debug  ][gc,ergo        ] GC(60) Old eden_size: 227016704 desired_eden_size: 193462272
[16.542s][debug  ][gc,ergo        ] GC(60) AdaptiveSizeStop: collection: 61 
[16.542s][info   ][gc,heap        ] GC(60) PSYoungGen: 218687K(224768K)->30720K(225280K) Eden: 187967K(188416K)->0K(188416K) From: 30720K(36352K)->30720K(36864K)
[16.542s][info   ][gc,heap        ] GC(60) ParOldGen: 994916K(1835008K)->1179236K(1835008K)
[16.542s][info   ][gc,metaspace   ] GC(60) Metaspace: 1021K(1216K)->1021K(1216K) NonClass: 937K(1024K)->937K(1024K) Class: 83K(192K)->83K(192K)
[16.542s][info   ][gc             ] GC(60) Pause Young (Allocation Failure) 1185M->1181M(2012M) 15.919ms
[16.542s][info   ][gc,cpu         ] GC(60) User=0.09s Sys=0.00s Real=0.02s
[16.542s][debug  ][gc,heap        ] GC(60) Heap after GC invocations=61 (full 10):
[16.542s][debug  ][gc,heap        ] GC(60)  PSYoungGen      total 225280K, used 30720K [0x00000000f0000000, 0x0000000100000000, 0x0000000100000000)
[16.542s][debug  ][gc,heap        ] GC(60)   eden space 188416K, 0% used [0x00000000f0000000,0x00000000f0000000,0x00000000fb800000)
[16.542s][debug  ][gc,heap        ] GC(60)   from space 36864K, 83% used [0x00000000fb800000,0x00000000fd600030,0x00000000fdc00000)
[16.542s][debug  ][gc,heap        ] GC(60)   to   space 36864K, 0% used [0x00000000fdc00000,0x00000000fdc00000,0x0000000100000000)
[16.542s][debug  ][gc,heap        ] GC(60)  ParOldGen       total 1835008K, used 1179236K [0x0000000080000000, 0x00000000f0000000, 0x00000000f0000000)
[16.542s][debug  ][gc,heap        ] GC(60)   object space 1835008K, 64% used [0x0000000080000000,0x00000000c7f99248,0x00000000f0000000)
[16.542s][debug  ][gc,heap        ] GC(60)  Metaspace       used 1021K, committed 1216K, reserved 1056768K
[16.542s][debug  ][gc,heap        ] GC(60)   class space    used 83K, committed 192K, reserved 1048576K
[16.542s][debug  ][gc,task,time   ] GC(60) VM-Thread 165254704 165398251 165419554
[16.826s][debug  ][gc,heap        ] GC(61) Heap before GC invocations=62 (full 10):
[16.826s][debug  ][gc,heap        ] GC(61)  PSYoungGen      total 225280K, used 218704K [0x00000000f0000000, 0x0000000100000000, 0x0000000100000000)
[16.826s][debug  ][gc,heap        ] GC(61)   eden space 188416K, 99% used [0x00000000f0000000,0x00000000fb794058,0x00000000fb800000)
[16.826s][debug  ][gc,heap        ] GC(61)   from space 36864K, 83% used [0x00000000fb800000,0x00000000fd600030,0x00000000fdc00000)
[16.826s][debug  ][gc,heap        ] GC(61)   to   space 36864K, 0% used [0x00000000fdc00000,0x00000000fdc00000,0x0000000100000000)
[16.826s][debug  ][gc,heap        ] GC(61)  ParOldGen       total 1835008K, used 1179236K [0x0000000080000000, 0x00000000f0000000, 0x00000000f0000000)
[16.826s][debug  ][gc,heap        ] GC(61)   object space 1835008K, 64% used [0x0000000080000000,0x00000000c7f99248,0x00000000f0000000)
[16.826s][debug  ][gc,heap        ] GC(61)  Metaspace       used 1021K, committed 1216K, reserved 1056768K
[16.826s][debug  ][gc,heap        ] GC(61)   class space    used 83K, committed 192K, reserved 1048576K
[16.826s][debug  ][gc,tlab        ] GC(61) TLAB totals: thrds: 1  refills: 1 max: 1 slow allocs: 17 max 17 waste: 26.4% gc: 3751736B max: 3751736B slow: 0B max: 0B
[16.826s][info   ][gc,start       ] GC(61) Pause Young (Allocation Failure)
[16.826s][debug  ][gc,phases,start] GC(61) Scavenge
[16.840s][debug  ][gc,phases      ] GC(61) Scavenge 13.872ms
[16.840s][debug  ][gc,phases,start] GC(61) Reference Processing
[16.840s][debug  ][gc,ref         ] GC(61) Skipped phase 1 of Reference Processing: no references
[16.840s][debug  ][gc,ref         ] GC(61) Skipped phase 2 of Reference Processing: no references
[16.840s][debug  ][gc,ref         ] GC(61) Skipped phase 3 of Reference Processing: no references
[16.840s][debug  ][gc,ref         ] GC(61) Skipped phase 4 of Reference Processing: no references
[16.840s][debug  ][gc,phases,ref  ] GC(61) Reference Processing: 0.1ms
[16.840s][debug  ][gc,phases,ref  ] GC(61)   Reconsider SoftReferences: 0.0ms
[16.840s][debug  ][gc,phases,ref  ] GC(61)     SoftRef (ms):                  skipped
[16.840s][debug  ][gc,phases,ref  ] GC(61)   Notify Soft/WeakReferences: 0.0ms
[16.840s][debug  ][gc,phases,ref  ] GC(61)     SoftRef (ms):                  skipped
[16.840s][debug  ][gc,phases,ref  ] GC(61)     WeakRef (ms):                  skipped
[16.840s][debug  ][gc,phases,ref  ] GC(61)     FinalRef (ms):                 skipped
[16.840s][debug  ][gc,phases,ref  ] GC(61)     Total (ms):                    skipped
[16.840s][debug  ][gc,phases,ref  ] GC(61)   Notify and keep alive finalizable: 0.0ms
[16.840s][debug  ][gc,phases,ref  ] GC(61)     FinalRef (ms):                 skipped
[16.841s][debug  ][gc,phases,ref  ] GC(61)   Notify PhantomReferences: 0.0ms
[16.841s][debug  ][gc,phases,ref  ] GC(61)     PhantomRef (ms):               skipped
[16.841s][debug  ][gc,phases,ref  ] GC(61)   SoftReference:
[16.841s][debug  ][gc,phases,ref  ] GC(61)     Discovered: 0
[16.841s][debug  ][gc,phases,ref  ] GC(61)     Cleared: 0
[16.841s][debug  ][gc,phases,ref  ] GC(61)   WeakReference:
[16.841s][debug  ][gc,phases,ref  ] GC(61)     Discovered: 0
[16.841s][debug  ][gc,phases,ref  ] GC(61)     Cleared: 0
[16.841s][debug  ][gc,phases,ref  ] GC(61)   FinalReference:
[16.841s][debug  ][gc,phases,ref  ] GC(61)     Discovered: 0
[16.841s][debug  ][gc,phases,ref  ] GC(61)     Cleared: 0
[16.841s][debug  ][gc,phases,ref  ] GC(61)   PhantomReference:
[16.841s][debug  ][gc,phases,ref  ] GC(61)     Discovered: 0
[16.841s][debug  ][gc,phases,ref  ] GC(61)     Cleared: 0
[16.841s][debug  ][gc,phases      ] GC(61) Reference Processing 0.840ms
[16.841s][debug  ][gc,phases,start] GC(61) Weak Processing
[16.841s][debug  ][gc,phases      ] GC(61)   VM Weak                        Min:  0.0, Avg:  0.0, Max:  0.0, Diff:  0.0, Sum:  0.0, Workers: 6
[16.841s][debug  ][gc,phases      ] GC(61)     Dead                           Min: 0, Avg:  0.0, Max: 0, Diff: 0, Sum: 0, Workers: 6
[16.841s][debug  ][gc,phases      ] GC(61)     Total                          Min: 0, Avg:  1.3, Max: 8, Diff: 8, Sum: 8, Workers: 6
[16.841s][debug  ][gc,phases      ] GC(61)   ObjectSynchronizer Weak        Min:  0.0, Avg:  0.0, Max:  0.0, Diff:  0.0, Sum:  0.0, Workers: 6
[16.841s][debug  ][gc,phases      ] GC(61)     Dead                           Min: 0, Avg:  0.0, Max: 0, Diff: 0, Sum: 0, Workers: 6
[16.841s][debug  ][gc,phases      ] GC(61)     Total                          Min: 0, Avg:  0.5, Max: 3, Diff: 3, Sum: 3, Workers: 6
[16.841s][debug  ][gc,phases      ] GC(61)   JVMTI Tag Weak OopStorage      Min:  0.0, Avg:  0.0, Max:  0.0, Diff:  0.0, Sum:  0.0, Workers: 6
[16.841s][debug  ][gc,phases      ] GC(61)     Dead                           Min: 0, Avg:  0.0, Max: 0, Diff: 0, Sum: 0, Workers: 6
[16.841s][debug  ][gc,phases      ] GC(61)     Total                          Min: 0, Avg:  0.0, Max: 0, Diff: 0, Sum: 0, Workers: 6
[16.841s][debug  ][gc,phases      ] GC(61)   StringTable Weak               Min:  0.0, Avg:  0.0, Max:  0.0, Diff:  0.0, Sum:  0.0, Workers: 6
[16.841s][debug  ][gc,phases      ] GC(61)     Dead                           Min: 0, Avg:  0.0, Max: 0, Diff: 0, Sum: 0, Workers: 6
[16.841s][debug  ][gc,phases      ] GC(61)     Total                          Min: 703, Avg: 891.8, Max: 1064, Diff: 361, Sum: 5351, Workers: 6
[16.841s][debug  ][gc,phases      ] GC(61)   ResolvedMethodTable Weak       Min:  0.0, Avg:  0.0, Max:  0.0, Diff:  0.0, Sum:  0.0, Workers: 6
[16.841s][debug  ][gc,phases      ] GC(61)     Dead                           Min: 0, Avg:  0.0, Max: 0, Diff: 0, Sum: 0, Workers: 6
[16.841s][debug  ][gc,phases      ] GC(61)     Total                          Min: 0, Avg: 21.7, Max: 64, Diff: 64, Sum: 130, Workers: 6
[16.841s][debug  ][gc,phases      ] GC(61)   JNI Weak                       Min:  0.0, Avg:  0.0, Max:  0.0, Diff:  0.0, Sum:  0.0, Workers: 6
[16.842s][debug  ][gc,phases      ] GC(61)     Dead                           Min: 0, Avg:  0.0, Max: 0, Diff: 0, Sum: 0, Workers: 6
[16.842s][debug  ][gc,phases      ] GC(61)     Total                          Min: 0, Avg:  0.0, Max: 0, Diff: 0, Sum: 0, Workers: 6
[16.842s][debug  ][gc,phases      ] GC(61)   StringDedup Table Weak         Min:  0.0, Avg:  0.0, Max:  0.0, Diff:  0.0, Sum:  0.0, Workers: 6
[16.842s][debug  ][gc,phases      ] GC(61)     Dead                           Min: 0, Avg:  0.0, Max: 0, Diff: 0, Sum: 0, Workers: 6
[16.842s][debug  ][gc,phases      ] GC(61)     Total                          Min: 0, Avg:  0.0, Max: 0, Diff: 0, Sum: 0, Workers: 6
[16.842s][debug  ][gc,phases      ] GC(61)   StringDedup Requests0 Weak     Min:  0.0, Avg:  0.0, Max:  0.0, Diff:  0.0, Sum:  0.0, Workers: 6
[16.842s][debug  ][gc,phases      ] GC(61)     Dead                           Min: 0, Avg:  0.0, Max: 0, Diff: 0, Sum: 0, Workers: 6
[16.842s][debug  ][gc,phases      ] GC(61)     Total                          Min: 0, Avg:  0.0, Max: 0, Diff: 0, Sum: 0, Workers: 6
[16.842s][debug  ][gc,phases      ] GC(61)   StringDedup Requests1 Weak     Min:  0.0, Avg:  0.0, Max:  0.0, Diff:  0.0, Sum:  0.0, Workers: 6
[16.842s][debug  ][gc,phases      ] GC(61)     Dead                           Min: 0, Avg:  0.0, Max: 0, Diff: 0, Sum: 0, Workers: 6
[16.842s][debug  ][gc,phases      ] GC(61)     Total                          Min: 0, Avg:  0.0, Max: 0, Diff: 0, Sum: 0, Workers: 6
[16.842s][debug  ][gc,phases      ] GC(61)   Weak JFR Old Object Samples    Min:  0.0, Avg:  0.0, Max:  0.0, Diff:  0.0, Sum:  0.0, Workers: 6
[16.842s][debug  ][gc,phases      ] GC(61)     Dead                           Min: 0, Avg:  0.0, Max: 0, Diff: 0, Sum: 0, Workers: 6
[16.842s][debug  ][gc,phases      ] GC(61)     Total                          Min: 0, Avg:  0.0, Max: 0, Diff: 0, Sum: 0, Workers: 6
[16.842s][debug  ][gc,phases      ] GC(61) Weak Processing 1.120ms
[16.842s][debug  ][gc,ergo        ] GC(61) AdaptiveSizeStart:  collection: 62 
[16.842s][debug  ][gc,ergo        ] GC(61) avg_survived_padded_avg: 37564140.000000
[16.842s][debug  ][gc,ergo        ] GC(61) avg_promoted_padded_avg: 262572480.000000  avg_pretenured_padded_avg: 0.000000  tenuring_thresh: 1  target_size: 37748736
[16.842s][debug  ][gc,age         ] GC(61) Desired survivor size 37748736 bytes, new threshold 1 (max threshold 15)
[16.842s][debug  ][gc,ergo        ] GC(61) PSAdaptiveSizePolicy::compute_eden_space_size limits: desired_eden_size: 214950520 old_eden_size: 193462272 eden_limit: 192937984 cur_eden: 192937984 max_eden_size: 192937984 avg_young_live: 25064864
[16.842s][debug  ][gc,ergo        ] GC(61) PSAdaptiveSizePolicy::compute_eden_space_size: costs minor_time: 0.046787 major_cost: 0.040133 mutator_cost: 0.913081 throughput_goal: 0.990000
[16.842s][debug  ][gc,ergo        ] GC(61) Live_space: 950299264 free_space: 1259339776
[16.842s][debug  ][gc,ergo        ] GC(61) Old eden_size: 193462272 desired_eden_size: 192937984
[16.842s][debug  ][gc,ergo        ] GC(61) AdaptiveSizeStop: collection: 62 
[16.842s][info   ][gc,heap        ] GC(61) PSYoungGen: 218704K(225280K)->30720K(225280K) Eden: 187984K(188416K)->0K(188416K) From: 30720K(36864K)->30720K(36864K)
[16.842s][info   ][gc,heap        ] GC(61) ParOldGen: 1179236K(1835008K)->1363556K(1835008K)
[16.842s][info   ][gc,metaspace   ] GC(61) Metaspace: 1021K(1216K)->1021K(1216K) NonClass: 937K(1024K)->937K(1024K) Class: 83K(192K)->83K(192K)
[16.842s][info   ][gc             ] GC(61) Pause Young (Allocation Failure) 1365M->1361M(2012M) 16.324ms
[16.842s][info   ][gc,cpu         ] GC(61) User=0.09s Sys=0.00s Real=0.02s
[16.842s][debug  ][gc,heap        ] GC(61) Heap after GC invocations=62 (full 10):
[16.842s][debug  ][gc,heap        ] GC(61)  PSYoungGen      total 225280K, used 30720K [0x00000000f0000000, 0x0000000100000000, 0x0000000100000000)
[16.843s][debug  ][gc,heap        ] GC(61)   eden space 188416K, 0% used [0x00000000f0000000,0x00000000f0000000,0x00000000fb800000)
[16.843s][debug  ][gc,heap        ] GC(61)   from space 36864K, 83% used [0x00000000fdc00000,0x00000000ffa00030,0x0000000100000000)
[16.843s][debug  ][gc,heap        ] GC(61)   to   space 36864K, 0% used [0x00000000fb800000,0x00000000fb800000,0x00000000fdc00000)
[16.843s][debug  ][gc,heap        ] GC(61)  ParOldGen       total 1835008K, used 1363556K [0x0000000080000000, 0x00000000f0000000, 0x00000000f0000000)
[16.843s][debug  ][gc,heap        ] GC(61)   object space 1835008K, 74% used [0x0000000080000000,0x00000000d3399368,0x00000000f0000000)
[16.843s][debug  ][gc,heap        ] GC(61)  Metaspace       used 1021K, committed 1216K, reserved 1056768K
[16.843s][debug  ][gc,heap        ] GC(61)   class space    used 83K, committed 192K, reserved 1048576K
[16.843s][debug  ][gc,task,time   ] GC(61) VM-Thread 168256336 168400705 168426653
[17.128s][debug  ][gc,heap        ] GC(62) Heap before GC invocations=63 (full 10):
[17.128s][debug  ][gc,heap        ] GC(62)  PSYoungGen      total 225280K, used 218715K [0x00000000f0000000, 0x0000000100000000, 0x0000000100000000)
[17.128s][debug  ][gc,heap        ] GC(62)   eden space 188416K, 99% used [0x00000000f0000000,0x00000000fb796bd8,0x00000000fb800000)
[17.128s][debug  ][gc,heap        ] GC(62)   from space 36864K, 83% used [0x00000000fdc00000,0x00000000ffa00030,0x0000000100000000)
[17.128s][debug  ][gc,heap        ] GC(62)   to   space 36864K, 0% used [0x00000000fb800000,0x00000000fb800000,0x00000000fdc00000)
[17.128s][debug  ][gc,heap        ] GC(62)  ParOldGen       total 1835008K, used 1363556K [0x0000000080000000, 0x00000000f0000000, 0x00000000f0000000)
[17.128s][debug  ][gc,heap        ] GC(62)   object space 1835008K, 74% used [0x0000000080000000,0x00000000d3399368,0x00000000f0000000)
[17.128s][debug  ][gc,heap        ] GC(62)  Metaspace       used 1021K, committed 1216K, reserved 1056768K
[17.128s][debug  ][gc,heap        ] GC(62)   class space    used 83K, committed 192K, reserved 1048576K
[17.128s][debug  ][gc,tlab        ] GC(62) TLAB totals: thrds: 1  refills: 1 max: 1 slow allocs: 17 max 17 waste: 26.4% gc: 3762872B max: 3762872B slow: 0B max: 0B
[17.128s][info   ][gc,start       ] GC(62) Pause Young (Allocation Failure)
[17.128s][debug  ][gc,phases,start] GC(62) Scavenge
[17.143s][debug  ][gc,phases      ] GC(62) Scavenge 14.440ms
[17.143s][debug  ][gc,phases,start] GC(62) Reference Processing
[17.143s][debug  ][gc,ref         ] GC(62) Skipped phase 1 of Reference Processing: no references
[17.143s][debug  ][gc,ref         ] GC(62) Skipped phase 2 of Reference Processing: no references
[17.143s][debug  ][gc,ref         ] GC(62) Skipped phase 3 of Reference Processing: no references
[17.143s][debug  ][gc,ref         ] GC(62) Skipped phase 4 of Reference Processing: no references
[17.143s][debug  ][gc,phases,ref  ] GC(62) Reference Processing: 0.1ms
[17.143s][debug  ][gc,phases,ref  ] GC(62)   Reconsider SoftReferences: 0.0ms
[17.143s][debug  ][gc,phases,ref  ] GC(62)     SoftRef (ms):                  skipped
[17.143s][debug  ][gc,phases,ref  ] GC(62)   Notify Soft/WeakReferences: 0.0ms
[17.143s][debug  ][gc,phases,ref  ] GC(62)     SoftRef (ms):                  skipped
[17.143s][debug  ][gc,phases,ref  ] GC(62)     WeakRef (ms):                  skipped
[17.143s][debug  ][gc,phases,ref  ] GC(62)     FinalRef (ms):                 skipped
[17.143s][debug  ][gc,phases,ref  ] GC(62)     Total (ms):                    skipped
[17.143s][debug  ][gc,phases,ref  ] GC(62)   Notify and keep alive finalizable: 0.0ms
[17.143s][debug  ][gc,phases,ref  ] GC(62)     FinalRef (ms):                 skipped
[17.143s][debug  ][gc,phases,ref  ] GC(62)   Notify PhantomReferences: 0.0ms
[17.143s][debug  ][gc,phases,ref  ] GC(62)     PhantomRef (ms):               skipped
[17.143s][debug  ][gc,phases,ref  ] GC(62)   SoftReference:
[17.143s][debug  ][gc,phases,ref  ] GC(62)     Discovered: 0
[17.143s][debug  ][gc,phases,ref  ] GC(62)     Cleared: 0
[17.143s][debug  ][gc,phases,ref  ] GC(62)   WeakReference:
[17.143s][debug  ][gc,phases,ref  ] GC(62)     Discovered: 0
[17.143s][debug  ][gc,phases,ref  ] GC(62)     Cleared: 0
[17.143s][debug  ][gc,phases,ref  ] GC(62)   FinalReference:
[17.143s][debug  ][gc,phases,ref  ] GC(62)     Discovered: 0
[17.144s][debug  ][gc,phases,ref  ] GC(62)     Cleared: 0
[17.144s][debug  ][gc,phases,ref  ] GC(62)   PhantomReference:
[17.144s][debug  ][gc,phases,ref  ] GC(62)     Discovered: 0
[17.144s][debug  ][gc,phases,ref  ] GC(62)     Cleared: 0
[17.144s][debug  ][gc,phases      ] GC(62) Reference Processing 0.946ms
[17.144s][debug  ][gc,phases,start] GC(62) Weak Processing
[17.144s][debug  ][gc,phases      ] GC(62)   VM Weak                        Min:  0.0, Avg:  0.0, Max:  0.0, Diff:  0.0, Sum:  0.0, Workers: 6
[17.144s][debug  ][gc,phases      ] GC(62)     Dead                           Min: 0, Avg:  0.0, Max: 0, Diff: 0, Sum: 0, Workers: 6
[17.144s][debug  ][gc,phases      ] GC(62)     Total                          Min: 0, Avg:  1.3, Max: 8, Diff: 8, Sum: 8, Workers: 6
[17.144s][debug  ][gc,phases      ] GC(62)   ObjectSynchronizer Weak        Min:  0.0, Avg:  0.0, Max:  0.0, Diff:  0.0, Sum:  0.0, Workers: 6
[17.144s][debug  ][gc,phases      ] GC(62)     Dead                           Min: 0, Avg:  0.0, Max: 0, Diff: 0, Sum: 0, Workers: 6
[17.144s][debug  ][gc,phases      ] GC(62)     Total                          Min: 0, Avg:  0.5, Max: 3, Diff: 3, Sum: 3, Workers: 6
[17.144s][debug  ][gc,phases      ] GC(62)   JVMTI Tag Weak OopStorage      Min:  0.0, Avg:  0.0, Max:  0.0, Diff:  0.0, Sum:  0.0, Workers: 6
[17.144s][debug  ][gc,phases      ] GC(62)     Dead                           Min: 0, Avg:  0.0, Max: 0, Diff: 0, Sum: 0, Workers: 6
[17.144s][debug  ][gc,phases      ] GC(62)     Total                          Min: 0, Avg:  0.0, Max: 0, Diff: 0, Sum: 0, Workers: 6
[17.144s][debug  ][gc,phases      ] GC(62)   StringTable Weak               Min:  0.0, Avg:  0.0, Max:  0.0, Diff:  0.0, Sum:  0.0, Workers: 6
[17.144s][debug  ][gc,phases      ] GC(62)     Dead                           Min: 0, Avg:  0.0, Max: 0, Diff: 0, Sum: 0, Workers: 6
[17.144s][debug  ][gc,phases      ] GC(62)     Total                          Min: 640, Avg: 891.8, Max: 1088, Diff: 448, Sum: 5351, Workers: 6
[17.144s][debug  ][gc,phases      ] GC(62)   ResolvedMethodTable Weak       Min:  0.0, Avg:  0.0, Max:  0.0, Diff:  0.0, Sum:  0.0, Workers: 6
[17.144s][debug  ][gc,phases      ] GC(62)     Dead                           Min: 0, Avg:  0.0, Max: 0, Diff: 0, Sum: 0, Workers: 6
[17.144s][debug  ][gc,phases      ] GC(62)     Total                          Min: 0, Avg: 21.7, Max: 64, Diff: 64, Sum: 130, Workers: 6
[17.144s][debug  ][gc,phases      ] GC(62)   JNI Weak                       Min:  0.0, Avg:  0.0, Max:  0.0, Diff:  0.0, Sum:  0.0, Workers: 6
[17.144s][debug  ][gc,phases      ] GC(62)     Dead                           Min: 0, Avg:  0.0, Max: 0, Diff: 0, Sum: 0, Workers: 6
[17.144s][debug  ][gc,phases      ] GC(62)     Total                          Min: 0, Avg:  0.0, Max: 0, Diff: 0, Sum: 0, Workers: 6
[17.144s][debug  ][gc,phases      ] GC(62)   StringDedup Table Weak         Min:  0.0, Avg:  0.0, Max:  0.0, Diff:  0.0, Sum:  0.0, Workers: 6
[17.144s][debug  ][gc,phases      ] GC(62)     Dead                           Min: 0, Avg:  0.0, Max: 0, Diff: 0, Sum: 0, Workers: 6
[17.144s][debug  ][gc,phases      ] GC(62)     Total                          Min: 0, Avg:  0.0, Max: 0, Diff: 0, Sum: 0, Workers: 6
[17.144s][debug  ][gc,phases      ] GC(62)   StringDedup Requests0 Weak     Min:  0.0, Avg:  0.0, Max:  0.0, Diff:  0.0, Sum:  0.0, Workers: 6
[17.144s][debug  ][gc,phases      ] GC(62)     Dead                           Min: 0, Avg:  0.0, Max: 0, Diff: 0, Sum: 0, Workers: 6
[17.144s][debug  ][gc,phases      ] GC(62)     Total                          Min: 0, Avg:  0.0, Max: 0, Diff: 0, Sum: 0, Workers: 6
[17.144s][debug  ][gc,phases      ] GC(62)   StringDedup Requests1 Weak     Min:  0.0, Avg:  0.0, Max:  0.0, Diff:  0.0, Sum:  0.0, Workers: 6
[17.144s][debug  ][gc,phases      ] GC(62)     Dead                           Min: 0, Avg:  0.0, Max: 0, Diff: 0, Sum: 0, Workers: 6
[17.144s][debug  ][gc,phases      ] GC(62)     Total                          Min: 0, Avg:  0.0, Max: 0, Diff: 0, Sum: 0, Workers: 6
[17.144s][debug  ][gc,phases      ] GC(62)   Weak JFR Old Object Samples    Min:  0.0, Avg:  0.0, Max:  0.0, Diff:  0.0, Sum:  0.0, Workers: 6
[17.144s][debug  ][gc,phases      ] GC(62)     Dead                           Min: 0, Avg:  0.0, Max: 0, Diff: 0, Sum: 0, Workers: 6
[17.144s][debug  ][gc,phases      ] GC(62)     Total                          Min: 0, Avg:  0.0, Max: 0, Diff: 0, Sum: 0, Workers: 6
[17.144s][debug  ][gc,phases      ] GC(62) Weak Processing 0.779ms
[17.144s][debug  ][gc,ergo        ] GC(62) AdaptiveSizeStart:  collection: 63 
[17.144s][debug  ][gc,ergo        ] GC(62) avg_survived_padded_avg: 37569684.000000
[17.145s][debug  ][gc,ergo        ] GC(62) avg_promoted_padded_avg: 262470176.000000  avg_pretenured_padded_avg: 0.000000  tenuring_thresh: 1  target_size: 37748736
[17.145s][debug  ][gc,age         ] GC(62) Desired survivor size 37748736 bytes, new threshold 1 (max threshold 15)
[17.145s][debug  ][gc,ergo        ] GC(62) PSAdaptiveSizePolicy::compute_eden_space_size limits: desired_eden_size: 215332680 old_eden_size: 192937984 eden_limit: 192937984 cur_eden: 192937984 max_eden_size: 192937984 avg_young_live: 25704108
[17.145s][debug  ][gc,ergo        ] GC(62) PSAdaptiveSizePolicy::compute_eden_space_size: costs minor_time: 0.048582 major_cost: 0.040133 mutator_cost: 0.911285 throughput_goal: 0.990000
[17.145s][debug  ][gc,ergo        ] GC(62) Live_space: 950938496 free_space: 1258815488
[17.145s][debug  ][gc,ergo        ] GC(62) Old eden_size: 192937984 desired_eden_size: 192937984
[17.145s][debug  ][gc,ergo        ] GC(62) AdaptiveSizeStop: collection: 63 
[17.145s][info   ][gc,heap        ] GC(62) PSYoungGen: 218715K(225280K)->30720K(225280K) Eden: 187994K(188416K)->0K(188416K) From: 30720K(36864K)->30720K(36864K)
[17.145s][info   ][gc,heap        ] GC(62) ParOldGen: 1363556K(1835008K)->1547877K(1835008K)
[17.145s][info   ][gc,metaspace   ] GC(62) Metaspace: 1021K(1216K)->1021K(1216K) NonClass: 937K(1024K)->937K(1024K) Class: 83K(192K)->83K(192K)
[17.145s][info   ][gc             ] GC(62) Pause Young (Allocation Failure) 1545M->1541M(2012M) 16.718ms
[17.145s][info   ][gc,cpu         ] GC(62) User=0.00s Sys=0.02s Real=0.02s
[17.145s][debug  ][gc,heap        ] GC(62) Heap after GC invocations=63 (full 10):
[17.145s][debug  ][gc,heap        ] GC(62)  PSYoungGen      total 225280K, used 30720K [0x00000000f0000000, 0x0000000100000000, 0x0000000100000000)
[17.145s][debug  ][gc,heap        ] GC(62)   eden space 188416K, 0% used [0x00000000f0000000,0x00000000f0000000,0x00000000fb800000)
[17.145s][debug  ][gc,heap        ] GC(62)   from space 36864K, 83% used [0x00000000fb800000,0x00000000fd600030,0x00000000fdc00000)
[17.145s][debug  ][gc,heap        ] GC(62)   to   space 36864K, 0% used [0x00000000fdc00000,0x00000000fdc00000,0x0000000100000000)
[17.145s][debug  ][gc,heap        ] GC(62)  ParOldGen       total 1835008K, used 1547877K [0x0000000080000000, 0x00000000f0000000, 0x00000000f0000000)
[17.145s][debug  ][gc,heap        ] GC(62)   object space 1835008K, 84% used [0x0000000080000000,0x00000000de799488,0x00000000f0000000)
[17.145s][debug  ][gc,heap        ] GC(62)  Metaspace       used 1021K, committed 1216K, reserved 1056768K
[17.145s][debug  ][gc,heap        ] GC(62)   class space    used 83K, committed 192K, reserved 1048576K
[17.145s][debug  ][gc,task,time   ] GC(62) VM-Thread 171276725 171426800 171450640
[17.430s][debug  ][gc,heap        ] GC(63) Heap before GC invocations=64 (full 10):
[17.430s][debug  ][gc,heap        ] GC(63)  PSYoungGen      total 225280K, used 218722K [0x00000000f0000000, 0x0000000100000000, 0x0000000100000000)
[17.430s][debug  ][gc,heap        ] GC(63)   eden space 188416K, 99% used [0x00000000f0000000,0x00000000fb7987d0,0x00000000fb800000)
[17.430s][debug  ][gc,heap        ] GC(63)   from space 36864K, 83% used [0x00000000fb800000,0x00000000fd600030,0x00000000fdc00000)
[17.430s][debug  ][gc,heap        ] GC(63)   to   space 36864K, 0% used [0x00000000fdc00000,0x00000000fdc00000,0x0000000100000000)
[17.430s][debug  ][gc,heap        ] GC(63)  ParOldGen       total 1835008K, used 1547877K [0x0000000080000000, 0x00000000f0000000, 0x00000000f0000000)
[17.430s][debug  ][gc,heap        ] GC(63)   object space 1835008K, 84% used [0x0000000080000000,0x00000000de799488,0x00000000f0000000)
[17.430s][debug  ][gc,heap        ] GC(63)  Metaspace       used 1021K, committed 1216K, reserved 1056768K
[17.430s][debug  ][gc,heap        ] GC(63)   class space    used 83K, committed 192K, reserved 1048576K
[17.430s][debug  ][gc,tlab        ] GC(63) TLAB totals: thrds: 1  refills: 1 max: 1 slow allocs: 17 max 17 waste: 26.4% gc: 3770032B max: 3770032B slow: 0B max: 0B
[17.430s][info   ][gc,start       ] GC(63) Pause Young (Allocation Failure)
[17.430s][debug  ][gc,phases,start] GC(63) Scavenge
[17.449s][debug  ][gc,phases      ] GC(63) Scavenge 18.247ms
[17.449s][debug  ][gc,phases,start] GC(63) Reference Processing
[17.449s][debug  ][gc,ref         ] GC(63) Skipped phase 1 of Reference Processing: no references
[17.449s][debug  ][gc,ref         ] GC(63) Skipped phase 2 of Reference Processing: no references
[17.449s][debug  ][gc,ref         ] GC(63) Skipped phase 3 of Reference Processing: no references
[17.449s][debug  ][gc,ref         ] GC(63) Skipped phase 4 of Reference Processing: no references
[17.449s][debug  ][gc,phases,ref  ] GC(63) Reference Processing: 0.1ms
[17.449s][debug  ][gc,phases,ref  ] GC(63)   Reconsider SoftReferences: 0.0ms
[17.449s][debug  ][gc,phases,ref  ] GC(63)     SoftRef (ms):                  skipped
[17.449s][debug  ][gc,phases,ref  ] GC(63)   Notify Soft/WeakReferences: 0.0ms
[17.449s][debug  ][gc,phases,ref  ] GC(63)     SoftRef (ms):                  skipped
[17.449s][debug  ][gc,phases,ref  ] GC(63)     WeakRef (ms):                  skipped
[17.449s][debug  ][gc,phases,ref  ] GC(63)     FinalRef (ms):                 skipped
[17.449s][debug  ][gc,phases,ref  ] GC(63)     Total (ms):                    skipped
[17.449s][debug  ][gc,phases,ref  ] GC(63)   Notify and keep alive finalizable: 0.0ms
[17.449s][debug  ][gc,phases,ref  ] GC(63)     FinalRef (ms):                 skipped
[17.449s][debug  ][gc,phases,ref  ] GC(63)   Notify PhantomReferences: 0.0ms
[17.449s][debug  ][gc,phases,ref  ] GC(63)     PhantomRef (ms):               skipped
[17.449s][debug  ][gc,phases,ref  ] GC(63)   SoftReference:
[17.449s][debug  ][gc,phases,ref  ] GC(63)     Discovered: 0
[17.449s][debug  ][gc,phases,ref  ] GC(63)     Cleared: 0
[17.449s][debug  ][gc,phases,ref  ] GC(63)   WeakReference:
[17.449s][debug  ][gc,phases,ref  ] GC(63)     Discovered: 0
[17.449s][debug  ][gc,phases,ref  ] GC(63)     Cleared: 0
[17.449s][debug  ][gc,phases,ref  ] GC(63)   FinalReference:
[17.449s][debug  ][gc,phases,ref  ] GC(63)     Discovered: 0
[17.449s][debug  ][gc,phases,ref  ] GC(63)     Cleared: 0
[17.449s][debug  ][gc,phases,ref  ] GC(63)   PhantomReference:
[17.449s][debug  ][gc,phases,ref  ] GC(63)     Discovered: 0
[17.449s][debug  ][gc,phases,ref  ] GC(63)     Cleared: 0
[17.449s][debug  ][gc,phases      ] GC(63) Reference Processing 0.697ms
[17.449s][debug  ][gc,phases,start] GC(63) Weak Processing
[17.449s][debug  ][gc,phases      ] GC(63)   VM Weak                        Min:  0.0, Avg:  0.0, Max:  0.0, Diff:  0.0, Sum:  0.0, Workers: 6
[17.449s][debug  ][gc,phases      ] GC(63)     Dead                           Min: 0, Avg:  0.0, Max: 0, Diff: 0, Sum: 0, Workers: 6
[17.450s][debug  ][gc,phases      ] GC(63)     Total                          Min: 0, Avg:  1.3, Max: 8, Diff: 8, Sum: 8, Workers: 6
[17.450s][debug  ][gc,phases      ] GC(63)   ObjectSynchronizer Weak        Min:  0.0, Avg:  0.0, Max:  0.0, Diff:  0.0, Sum:  0.0, Workers: 6
[17.450s][debug  ][gc,phases      ] GC(63)     Dead                           Min: 0, Avg:  0.0, Max: 0, Diff: 0, Sum: 0, Workers: 6
[17.450s][debug  ][gc,phases      ] GC(63)     Total                          Min: 0, Avg:  0.5, Max: 3, Diff: 3, Sum: 3, Workers: 6
[17.450s][debug  ][gc,phases      ] GC(63)   JVMTI Tag Weak OopStorage      Min:  0.0, Avg:  0.0, Max:  0.0, Diff:  0.0, Sum:  0.0, Workers: 6
[17.450s][debug  ][gc,phases      ] GC(63)     Dead                           Min: 0, Avg:  0.0, Max: 0, Diff: 0, Sum: 0, Workers: 6
[17.450s][debug  ][gc,phases      ] GC(63)     Total                          Min: 0, Avg:  0.0, Max: 0, Diff: 0, Sum: 0, Workers: 6
[17.450s][debug  ][gc,phases      ] GC(63)   StringTable Weak               Min:  0.0, Avg:  0.0, Max:  0.0, Diff:  0.0, Sum:  0.0, Workers: 6
[17.450s][debug  ][gc,phases      ] GC(63)     Dead                           Min: 0, Avg:  0.0, Max: 0, Diff: 0, Sum: 0, Workers: 6
[17.450s][debug  ][gc,phases      ] GC(63)     Total                          Min: 704, Avg: 891.8, Max: 1128, Diff: 424, Sum: 5351, Workers: 6
[17.450s][debug  ][gc,phases      ] GC(63)   ResolvedMethodTable Weak       Min:  0.0, Avg:  0.0, Max:  0.0, Diff:  0.0, Sum:  0.0, Workers: 6
[17.450s][debug  ][gc,phases      ] GC(63)     Dead                           Min: 0, Avg:  0.0, Max: 0, Diff: 0, Sum: 0, Workers: 6
[17.450s][debug  ][gc,phases      ] GC(63)     Total                          Min: 0, Avg: 21.7, Max: 64, Diff: 64, Sum: 130, Workers: 6
[17.450s][debug  ][gc,phases      ] GC(63)   JNI Weak                       Min:  0.0, Avg:  0.0, Max:  0.0, Diff:  0.0, Sum:  0.0, Workers: 6
[17.450s][debug  ][gc,phases      ] GC(63)     Dead                           Min: 0, Avg:  0.0, Max: 0, Diff: 0, Sum: 0, Workers: 6
[17.450s][debug  ][gc,phases      ] GC(63)     Total                          Min: 0, Avg:  0.0, Max: 0, Diff: 0, Sum: 0, Workers: 6
[17.450s][debug  ][gc,phases      ] GC(63)   StringDedup Table Weak         Min:  0.0, Avg:  0.0, Max:  0.0, Diff:  0.0, Sum:  0.0, Workers: 6
[17.450s][debug  ][gc,phases      ] GC(63)     Dead                           Min: 0, Avg:  0.0, Max: 0, Diff: 0, Sum: 0, Workers: 6
[17.450s][debug  ][gc,phases      ] GC(63)     Total                          Min: 0, Avg:  0.0, Max: 0, Diff: 0, Sum: 0, Workers: 6
[17.450s][debug  ][gc,phases      ] GC(63)   StringDedup Requests0 Weak     Min:  0.0, Avg:  0.0, Max:  0.0, Diff:  0.0, Sum:  0.0, Workers: 6
[17.450s][debug  ][gc,phases      ] GC(63)     Dead                           Min: 0, Avg:  0.0, Max: 0, Diff: 0, Sum: 0, Workers: 6
[17.450s][debug  ][gc,phases      ] GC(63)     Total                          Min: 0, Avg:  0.0, Max: 0, Diff: 0, Sum: 0, Workers: 6
[17.450s][debug  ][gc,phases      ] GC(63)   StringDedup Requests1 Weak     Min:  0.0, Avg:  0.0, Max:  0.0, Diff:  0.0, Sum:  0.0, Workers: 6
[17.450s][debug  ][gc,phases      ] GC(63)     Dead                           Min: 0, Avg:  0.0, Max: 0, Diff: 0, Sum: 0, Workers: 6
[17.450s][debug  ][gc,phases      ] GC(63)     Total                          Min: 0, Avg:  0.0, Max: 0, Diff: 0, Sum: 0, Workers: 6
[17.450s][debug  ][gc,phases      ] GC(63)   Weak JFR Old Object Samples    Min:  0.0, Avg:  0.0, Max:  0.0, Diff:  0.0, Sum:  0.0, Workers: 6
[17.450s][debug  ][gc,phases      ] GC(63)     Dead                           Min: 0, Avg:  0.0, Max: 0, Diff: 0, Sum: 0, Workers: 6
[17.450s][debug  ][gc,phases      ] GC(63)     Total                          Min: 0, Avg:  0.0, Max: 0, Diff: 0, Sum: 0, Workers: 6
[17.450s][debug  ][gc,phases      ] GC(63) Weak Processing 0.835ms
[17.450s][debug  ][gc,ergo        ] GC(63) AdaptiveSizeStart:  collection: 64 
[17.450s][debug  ][gc,ergo        ] GC(63) avg_survived_padded_avg: 37513052.000000
[17.450s][debug  ][gc,ergo        ] GC(63) avg_promoted_padded_avg: 261650064.000000  avg_pretenured_padded_avg: 0.000000  tenuring_thresh: 1  target_size: 37748736
[17.450s][debug  ][gc,age         ] GC(63) Desired survivor size 37748736 bytes, new threshold 1 (max threshold 15)
[17.450s][debug  ][gc,ergo        ] GC(63) PSAdaptiveSizePolicy::compute_eden_space_size limits: desired_eden_size: 216155202 old_eden_size: 192937984 eden_limit: 192937984 cur_eden: 192937984 max_eden_size: 192937984 avg_young_live: 26279428
[17.450s][debug  ][gc,ergo        ] GC(63) PSAdaptiveSizePolicy::compute_eden_space_size: costs minor_time: 0.052710 major_cost: 0.040133 mutator_cost: 0.907157 throughput_goal: 0.990000
[17.450s][debug  ][gc,ergo        ] GC(63) Live_space: 951513856 free_space: 1258815488
[17.450s][debug  ][gc,ergo        ] GC(63) Old eden_size: 192937984 desired_eden_size: 192937984
[17.450s][debug  ][gc,ergo        ] GC(63) AdaptiveSizeStop: collection: 64 
[17.450s][info   ][gc,heap        ] GC(63) PSYoungGen: 218722K(225280K)->30720K(225280K) Eden: 188001K(188416K)->0K(188416K) From: 30720K(36864K)->30720K(36864K)
[17.450s][info   ][gc,heap        ] GC(63) ParOldGen: 1547877K(1835008K)->1732197K(1835008K)
[17.450s][info   ][gc,metaspace   ] GC(63) Metaspace: 1021K(1216K)->1021K(1216K) NonClass: 937K(1024K)->937K(1024K) Class: 83K(192K)->83K(192K)
[17.451s][info   ][gc             ] GC(63) Pause Young (Allocation Failure) 1725M->1721M(2012M) 20.213ms
[17.451s][info   ][gc,cpu         ] GC(63) User=0.00s Sys=0.09s Real=0.02s
[17.451s][debug  ][gc,heap        ] GC(63) Heap after GC invocations=64 (full 10):
[17.451s][debug  ][gc,heap        ] GC(63)  PSYoungGen      total 225280K, used 30720K [0x00000000f0000000, 0x0000000100000000, 0x0000000100000000)
[17.451s][debug  ][gc,heap        ] GC(63)   eden space 188416K, 0% used [0x00000000f0000000,0x00000000f0000000,0x00000000fb800000)
[17.451s][debug  ][gc,heap        ] GC(63)   from space 36864K, 83% used [0x00000000fdc00000,0x00000000ffa00030,0x0000000100000000)
[17.451s][debug  ][gc,heap        ] GC(63)   to   space 36864K, 0% used [0x00000000fb800000,0x00000000fb800000,0x00000000fdc00000)
[17.451s][debug  ][gc,heap        ] GC(63)  ParOldGen       total 1835008K, used 1732197K [0x0000000080000000, 0x00000000f0000000, 0x00000000f0000000)
[17.451s][debug  ][gc,heap        ] GC(63)   object space 1835008K, 94% used [0x0000000080000000,0x00000000e9b995a8,0x00000000f0000000)
[17.451s][debug  ][gc,heap        ] GC(63)  Metaspace       used 1021K, committed 1216K, reserved 1056768K
[17.451s][debug  ][gc,heap        ] GC(63)   class space    used 83K, committed 192K, reserved 1048576K
[17.451s][debug  ][gc,task,time   ] GC(63) VM-Thread 174298612 174486709 174507589
[17.451s][debug  ][gc,phases,start] GC(64) Pre Compact
[17.451s][debug  ][gc,heap        ] GC(64) Heap before GC invocations=65 (full 11):
[17.451s][debug  ][gc,heap        ] GC(64)  PSYoungGen      total 225280K, used 30720K [0x00000000f0000000, 0x0000000100000000, 0x0000000100000000)
[17.451s][debug  ][gc,heap        ] GC(64)   eden space 188416K, 0% used [0x00000000f0000000,0x00000000f0000000,0x00000000fb800000)
[17.451s][debug  ][gc,heap        ] GC(64)   from space 36864K, 83% used [0x00000000fdc00000,0x00000000ffa00030,0x0000000100000000)
[17.451s][debug  ][gc,heap        ] GC(64)   to   space 36864K, 0% used [0x00000000fb800000,0x00000000fb800000,0x00000000fdc00000)
[17.451s][debug  ][gc,heap        ] GC(64)  ParOldGen       total 1835008K, used 1732197K [0x0000000080000000, 0x00000000f0000000, 0x00000000f0000000)
[17.451s][debug  ][gc,heap        ] GC(64)   object space 1835008K, 94% used [0x0000000080000000,0x00000000e9b995a8,0x00000000f0000000)
[17.451s][debug  ][gc,heap        ] GC(64)  Metaspace       used 1021K, committed 1216K, reserved 1056768K
[17.451s][debug  ][gc,heap        ] GC(64)   class space    used 83K, committed 192K, reserved 1048576K
[17.451s][debug  ][gc,phases      ] GC(64) Pre Compact 0.202ms
[17.451s][info   ][gc,start       ] GC(64) Pause Full (Ergonomics)
[17.451s][info   ][gc,phases,start] GC(64) Marking Phase
[17.451s][debug  ][gc,phases,start] GC(64) Par Mark
[17.452s][debug  ][gc,phases      ] GC(64) Par Mark 0.570ms
[17.452s][debug  ][gc,phases,start] GC(64) Reference Processing
[17.452s][debug  ][gc,ref         ] GC(64) Skipped phase 1 of Reference Processing: no references
[17.452s][debug  ][gc,ref         ] GC(64) ReferenceProcessor::execute queues: 1, RefProcThreadModel::Single, marks_oops_alive: false
[17.452s][debug  ][gc,ref         ] GC(64) Skipped phase 3 of Reference Processing: no references
[17.452s][debug  ][gc,ref         ] GC(64) ReferenceProcessor::execute queues: 1, RefProcThreadModel::Single, marks_oops_alive: false
[17.452s][debug  ][gc,phases,ref  ] GC(64) Reference Processing: 0.1ms
[17.452s][debug  ][gc,phases,ref  ] GC(64)   Reconsider SoftReferences: 0.0ms
[17.452s][debug  ][gc,phases,ref  ] GC(64)     SoftRef (ms):                  skipped
[17.452s][debug  ][gc,phases,ref  ] GC(64)   Notify Soft/WeakReferences: 0.0ms
[17.452s][debug  ][gc,phases,ref  ] GC(64)     SoftRef (ms):                  Min:  0.0, Avg:  0.0, Max:  0.0, Diff:  0.0, Sum:  0.0, Workers: 6
[17.452s][debug  ][gc,phases,ref  ] GC(64)     WeakRef (ms):                  Min:  0.0, Avg:  0.0, Max:  0.0, Diff:  0.0, Sum:  0.0, Workers: 6
[17.452s][debug  ][gc,phases,ref  ] GC(64)     FinalRef (ms):                 Min:  0.0, Avg:  0.0, Max:  0.0, Diff:  0.0, Sum:  0.0, Workers: 6
[17.452s][debug  ][gc,phases,ref  ] GC(64)     Total (ms):                    Min:  0.0, Avg:  0.0, Max:  0.0, Diff:  0.0, Sum:  0.0, Workers: 6
[17.452s][debug  ][gc,phases,ref  ] GC(64)   Notify and keep alive finalizable: 0.0ms
[17.452s][debug  ][gc,phases,ref  ] GC(64)     FinalRef (ms):                 skipped
[17.452s][debug  ][gc,phases,ref  ] GC(64)   Notify PhantomReferences: 0.0ms
[17.452s][debug  ][gc,phases,ref  ] GC(64)     PhantomRef (ms):               Min:  0.0, Avg:  0.0, Max:  0.0, Diff:  0.0, Sum:  0.0, Workers: 6
[17.452s][debug  ][gc,phases,ref  ] GC(64)   SoftReference:
[17.452s][debug  ][gc,phases,ref  ] GC(64)     Discovered: 0
[17.452s][debug  ][gc,phases,ref  ] GC(64)     Cleared: 0
[17.452s][debug  ][gc,phases,ref  ] GC(64)   WeakReference:
[17.452s][debug  ][gc,phases,ref  ] GC(64)     Discovered: 106
[17.452s][debug  ][gc,phases,ref  ] GC(64)     Cleared: 106
[17.452s][debug  ][gc,phases,ref  ] GC(64)   FinalReference:
[17.452s][debug  ][gc,phases,ref  ] GC(64)     Discovered: 0
[17.452s][debug  ][gc,phases,ref  ] GC(64)     Cleared: 0
[17.452s][debug  ][gc,phases,ref  ] GC(64)   PhantomReference:
[17.452s][debug  ][gc,phases,ref  ] GC(64)     Discovered: 3
[17.452s][debug  ][gc,phases,ref  ] GC(64)     Cleared: 3
[17.452s][debug  ][gc,phases      ] GC(64) Reference Processing 0.700ms
[17.452s][debug  ][gc,phases,start] GC(64) Weak Processing
[17.452s][debug  ][gc,phases      ] GC(64)   VM Weak                        Min:  0.0, Avg:  0.0, Max:  0.0, Diff:  0.0, Sum:  0.0, Workers: 6
[17.452s][debug  ][gc,phases      ] GC(64)     Dead                           Min: 0, Avg:  0.0, Max: 0, Diff: 0, Sum: 0, Workers: 6
[17.452s][debug  ][gc,phases      ] GC(64)     Total                          Min: 0, Avg:  1.3, Max: 8, Diff: 8, Sum: 8, Workers: 6
[17.452s][debug  ][gc,phases      ] GC(64)   ObjectSynchronizer Weak        Min:  0.0, Avg:  0.0, Max:  0.0, Diff:  0.0, Sum:  0.0, Workers: 6
[17.453s][debug  ][gc,phases      ] GC(64)     Dead                           Min: 0, Avg:  0.0, Max: 0, Diff: 0, Sum: 0, Workers: 6
[17.453s][debug  ][gc,phases      ] GC(64)     Total                          Min: 0, Avg:  0.5, Max: 3, Diff: 3, Sum: 3, Workers: 6
[17.453s][debug  ][gc,phases      ] GC(64)   JVMTI Tag Weak OopStorage      Min:  0.0, Avg:  0.0, Max:  0.0, Diff:  0.0, Sum:  0.0, Workers: 6
[17.453s][debug  ][gc,phases      ] GC(64)     Dead                           Min: 0, Avg:  0.0, Max: 0, Diff: 0, Sum: 0, Workers: 6
[17.453s][debug  ][gc,phases      ] GC(64)     Total                          Min: 0, Avg:  0.0, Max: 0, Diff: 0, Sum: 0, Workers: 6
[17.453s][debug  ][gc,phases      ] GC(64)   StringTable Weak               Min:  0.0, Avg:  0.0, Max:  0.0, Diff:  0.0, Sum:  0.0, Workers: 6
[17.453s][debug  ][gc,phases      ] GC(64)     Dead                           Min: 0, Avg:  0.0, Max: 0, Diff: 0, Sum: 0, Workers: 6
[17.453s][debug  ][gc,phases      ] GC(64)     Total                          Min: 639, Avg: 891.8, Max: 1216, Diff: 577, Sum: 5351, Workers: 6
[17.453s][debug  ][gc,phases      ] GC(64)   ResolvedMethodTable Weak       Min:  0.0, Avg:  0.0, Max:  0.0, Diff:  0.0, Sum:  0.0, Workers: 6
[17.453s][debug  ][gc,phases      ] GC(64)     Dead                           Min: 0, Avg:  0.0, Max: 0, Diff: 0, Sum: 0, Workers: 6
[17.453s][debug  ][gc,phases      ] GC(64)     Total                          Min: 0, Avg: 21.7, Max: 64, Diff: 64, Sum: 130, Workers: 6
[17.453s][debug  ][gc,phases      ] GC(64)   JNI Weak                       Min:  0.0, Avg:  0.0, Max:  0.0, Diff:  0.0, Sum:  0.0, Workers: 6
[17.453s][debug  ][gc,phases      ] GC(64)     Dead                           Min: 0, Avg:  0.0, Max: 0, Diff: 0, Sum: 0, Workers: 6
[17.453s][debug  ][gc,phases      ] GC(64)     Total                          Min: 0, Avg:  0.0, Max: 0, Diff: 0, Sum: 0, Workers: 6
[17.453s][debug  ][gc,phases      ] GC(64)   StringDedup Table Weak         Min:  0.0, Avg:  0.0, Max:  0.0, Diff:  0.0, Sum:  0.0, Workers: 6
[17.453s][debug  ][gc,phases      ] GC(64)     Dead                           Min: 0, Avg:  0.0, Max: 0, Diff: 0, Sum: 0, Workers: 6
[17.453s][debug  ][gc,phases      ] GC(64)     Total                          Min: 0, Avg:  0.0, Max: 0, Diff: 0, Sum: 0, Workers: 6
[17.453s][debug  ][gc,phases      ] GC(64)   StringDedup Requests0 Weak     Min:  0.0, Avg:  0.0, Max:  0.0, Diff:  0.0, Sum:  0.0, Workers: 6
[17.453s][debug  ][gc,phases      ] GC(64)     Dead                           Min: 0, Avg:  0.0, Max: 0, Diff: 0, Sum: 0, Workers: 6
[17.453s][debug  ][gc,phases      ] GC(64)     Total                          Min: 0, Avg:  0.0, Max: 0, Diff: 0, Sum: 0, Workers: 6
[17.453s][debug  ][gc,phases      ] GC(64)   StringDedup Requests1 Weak     Min:  0.0, Avg:  0.0, Max:  0.0, Diff:  0.0, Sum:  0.0, Workers: 6
[17.453s][debug  ][gc,phases      ] GC(64)     Dead                           Min: 0, Avg:  0.0, Max: 0, Diff: 0, Sum: 0, Workers: 6
[17.453s][debug  ][gc,phases      ] GC(64)     Total                          Min: 0, Avg:  0.0, Max: 0, Diff: 0, Sum: 0, Workers: 6
[17.453s][debug  ][gc,phases      ] GC(64)   Weak JFR Old Object Samples    Min:  0.0, Avg:  0.0, Max:  0.0, Diff:  0.0, Sum:  0.0, Workers: 6
[17.453s][debug  ][gc,phases      ] GC(64)     Dead                           Min: 0, Avg:  0.0, Max: 0, Diff: 0, Sum: 0, Workers: 6
[17.453s][debug  ][gc,phases      ] GC(64)     Total                          Min: 0, Avg:  0.0, Max: 0, Diff: 0, Sum: 0, Workers: 6
[17.453s][debug  ][gc,phases      ] GC(64) Weak Processing 0.759ms
[17.453s][debug  ][gc,phases,start] GC(64) Class Unloading
[17.453s][debug  ][gc,phases,start] GC(64) ClassLoaderData
[17.453s][debug  ][gc,phases      ] GC(64) ClassLoaderData 0.019ms
[17.453s][debug  ][gc,phases,start] GC(64) Trigger cleanups
[17.453s][debug  ][gc,phases      ] GC(64) Trigger cleanups 0.019ms
[17.453s][debug  ][gc,phases      ] GC(64) Class Unloading 0.253ms
[17.453s][info   ][gc,phases      ] GC(64) Marking Phase 2.410ms
[17.453s][info   ][gc,phases,start] GC(64) Summary Phase
[17.454s][info   ][gc,phases      ] GC(64) Summary Phase 0.038ms
[17.454s][info   ][gc,phases,start] GC(64) Adjust Roots
[17.454s][info   ][gc,phases      ] GC(64) Adjust Roots 0.155ms
[17.454s][info   ][gc,phases,start] GC(64) Compaction Phase
[17.546s][info   ][gc,phases      ] GC(64) Compaction Phase 92.199ms
[17.546s][info   ][gc,phases,start] GC(64) Post Compact
[17.551s][info   ][gc,phases      ] GC(64) Post Compact 5.268ms
[17.551s][debug  ][gc,ergo        ] GC(64) AdaptiveSizeStart: collection: 65 
[17.551s][debug  ][gc,ergo        ] GC(64) PSAdaptiveSizePolicy::compute_eden_space_size limits: desired_eden_size: 215431619 old_eden_size: 192937984 eden_limit: 192937984 cur_eden: 192937984 max_eden_size: 192937984 avg_young_live: 23651484
[17.551s][debug  ][gc,ergo        ] GC(64) PSAdaptiveSizePolicy::compute_eden_space_size: costs minor_time: 0.052710 major_cost: 0.043119 mutator_cost: 0.904171 throughput_goal: 0.990000
[17.551s][debug  ][gc,ergo        ] GC(64) Live_space: 948885888 free_space: 1258815488
[17.551s][debug  ][gc,ergo        ] GC(64) Old eden_size: 192937984 desired_eden_size: 192937984
[17.551s][debug  ][gc,ergo        ] GC(64) PSAdaptiveSizePolicy::compute_old_gen_free_space: costs minor_time: 0.052710 major_cost: 0.043119  mutator_cost: 0.904171 throughput_goal: 0.990000
[17.551s][debug  ][gc,ergo        ] GC(64) Live_space: 978793984 free_space: 1258815488
[17.552s][debug  ][gc,ergo        ] GC(64) Old promo_size: 1065877504 desired_promo_size: 1171783680
[17.552s][debug  ][gc,ergo        ] GC(64) AdaptiveSizeStop: collection: 65 
[17.552s][info   ][gc,heap        ] GC(64) PSYoungGen: 30720K(225280K)->0K(225280K) Eden: 0K(188416K)->0K(188416K) From: 30720K(36864K)->0K(36864K)
[17.552s][info   ][gc,heap        ] GC(64) ParOldGen: 1732197K(1835008K)->933476K(1835008K)
[17.552s][info   ][gc,metaspace   ] GC(64) Metaspace: 1021K(1216K)->1021K(1216K) NonClass: 937K(1024K)->937K(1024K) Class: 83K(192K)->83K(192K)
[17.552s][info   ][gc             ] GC(64) Pause Full (Ergonomics) 1721M->911M(2012M) 100.619ms
[17.552s][info   ][gc,cpu         ] GC(64) User=0.58s Sys=0.00s Real=0.10s
[17.552s][debug  ][gc,heap        ] GC(64) Heap after GC invocations=65 (full 11):
[17.552s][debug  ][gc,heap        ] GC(64)  PSYoungGen      total 225280K, used 0K [0x00000000f0000000, 0x0000000100000000, 0x0000000100000000)
[17.552s][debug  ][gc,heap        ] GC(64)   eden space 188416K, 0% used [0x00000000f0000000,0x00000000f0000000,0x00000000fb800000)
[17.552s][debug  ][gc,heap        ] GC(64)   from space 36864K, 0% used [0x00000000fb800000,0x00000000fb800000,0x00000000fdc00000)
[17.552s][debug  ][gc,heap        ] GC(64)   to   space 36864K, 0% used [0x00000000fdc00000,0x00000000fdc00000,0x0000000100000000)
[17.552s][debug  ][gc,heap        ] GC(64)  ParOldGen       total 1835008K, used 933476K [0x0000000080000000, 0x00000000f0000000, 0x00000000f0000000)
[17.552s][debug  ][gc,heap        ] GC(64)   object space 1835008K, 50% used [0x0000000080000000,0x00000000b8f990c8,0x00000000f0000000)
[17.552s][debug  ][gc,heap        ] GC(64)  Metaspace       used 1021K, committed 1216K, reserved 1056768K
[17.552s][debug  ][gc,heap        ] GC(64)   class space    used 83K, committed 192K, reserved 1048576K
[17.552s][debug  ][gc,task,time   ] GC(64) VM-Thread 174510294 174537140 175516765
[17.845s][debug  ][gc,heap        ] GC(65) Heap before GC invocations=66 (full 11):
[17.845s][debug  ][gc,heap        ] GC(65)  PSYoungGen      total 225280K, used 188006K [0x00000000f0000000, 0x0000000100000000, 0x0000000100000000)
[17.845s][debug  ][gc,heap        ] GC(65)   eden space 188416K, 99% used [0x00000000f0000000,0x00000000fb7999d0,0x00000000fb800000)
[17.846s][debug  ][gc,heap        ] GC(65)   from space 36864K, 0% used [0x00000000fb800000,0x00000000fb800000,0x00000000fdc00000)
[17.846s][debug  ][gc,heap        ] GC(65)   to   space 36864K, 0% used [0x00000000fdc00000,0x00000000fdc00000,0x0000000100000000)
[17.846s][debug  ][gc,heap        ] GC(65)  ParOldGen       total 1835008K, used 933476K [0x0000000080000000, 0x00000000f0000000, 0x00000000f0000000)
[17.846s][debug  ][gc,heap        ] GC(65)   object space 1835008K, 50% used [0x0000000080000000,0x00000000b8f990c8,0x00000000f0000000)
[17.846s][debug  ][gc,heap        ] GC(65)  Metaspace       used 1021K, committed 1216K, reserved 1056768K
[17.846s][debug  ][gc,heap        ] GC(65)   class space    used 83K, committed 192K, reserved 1048576K
[17.846s][debug  ][gc,tlab        ] GC(65) TLAB totals: thrds: 1  refills: 1 max: 1 slow allocs: 17 max 17 waste: 26.5% gc: 3773576B max: 3773576B slow: 0B max: 0B
[17.846s][info   ][gc,start       ] GC(65) Pause Young (Allocation Failure)
[17.846s][debug  ][gc,phases,start] GC(65) Scavenge
[17.852s][debug  ][gc,phases      ] GC(65) Scavenge 6.368ms
[17.852s][debug  ][gc,phases,start] GC(65) Reference Processing
[17.852s][debug  ][gc,ref         ] GC(65) Skipped phase 1 of Reference Processing: no references
[17.852s][debug  ][gc,ref         ] GC(65) Skipped phase 2 of Reference Processing: no references
[17.852s][debug  ][gc,ref         ] GC(65) Skipped phase 3 of Reference Processing: no references
[17.852s][debug  ][gc,ref         ] GC(65) Skipped phase 4 of Reference Processing: no references
[17.852s][debug  ][gc,phases,ref  ] GC(65) Reference Processing: 0.1ms
[17.852s][debug  ][gc,phases,ref  ] GC(65)   Reconsider SoftReferences: 0.0ms
[17.852s][debug  ][gc,phases,ref  ] GC(65)     SoftRef (ms):                  skipped
[17.852s][debug  ][gc,phases,ref  ] GC(65)   Notify Soft/WeakReferences: 0.0ms
[17.852s][debug  ][gc,phases,ref  ] GC(65)     SoftRef (ms):                  skipped
[17.853s][debug  ][gc,phases,ref  ] GC(65)     WeakRef (ms):                  skipped
[17.853s][debug  ][gc,phases,ref  ] GC(65)     FinalRef (ms):                 skipped
[17.853s][debug  ][gc,phases,ref  ] GC(65)     Total (ms):                    skipped
[17.853s][debug  ][gc,phases,ref  ] GC(65)   Notify and keep alive finalizable: 0.0ms
[17.853s][debug  ][gc,phases,ref  ] GC(65)     FinalRef (ms):                 skipped
[17.853s][debug  ][gc,phases,ref  ] GC(65)   Notify PhantomReferences: 0.0ms
[17.853s][debug  ][gc,phases,ref  ] GC(65)     PhantomRef (ms):               skipped
[17.853s][debug  ][gc,phases,ref  ] GC(65)   SoftReference:
[17.853s][debug  ][gc,phases,ref  ] GC(65)     Discovered: 0
[17.853s][debug  ][gc,phases,ref  ] GC(65)     Cleared: 0
[17.853s][debug  ][gc,phases,ref  ] GC(65)   WeakReference:
[17.853s][debug  ][gc,phases,ref  ] GC(65)     Discovered: 0
[17.853s][debug  ][gc,phases,ref  ] GC(65)     Cleared: 0
[17.853s][debug  ][gc,phases,ref  ] GC(65)   FinalReference:
[17.853s][debug  ][gc,phases,ref  ] GC(65)     Discovered: 0
[17.853s][debug  ][gc,phases,ref  ] GC(65)     Cleared: 0
[17.853s][debug  ][gc,phases,ref  ] GC(65)   PhantomReference:
[17.853s][debug  ][gc,phases,ref  ] GC(65)     Discovered: 0
[17.853s][debug  ][gc,phases,ref  ] GC(65)     Cleared: 0
[17.853s][debug  ][gc,phases      ] GC(65) Reference Processing 0.747ms
[17.853s][debug  ][gc,phases,start] GC(65) Weak Processing
[17.853s][debug  ][gc,phases      ] GC(65)   VM Weak                        Min:  0.0, Avg:  0.0, Max:  0.0, Diff:  0.0, Sum:  0.0, Workers: 6
[17.853s][debug  ][gc,phases      ] GC(65)     Dead                           Min: 0, Avg:  0.0, Max: 0, Diff: 0, Sum: 0, Workers: 6
[17.853s][debug  ][gc,phases      ] GC(65)     Total                          Min: 0, Avg:  1.3, Max: 8, Diff: 8, Sum: 8, Workers: 6
[17.853s][debug  ][gc,phases      ] GC(65)   ObjectSynchronizer Weak        Min:  0.0, Avg:  0.0, Max:  0.0, Diff:  0.0, Sum:  0.0, Workers: 6
[17.853s][debug  ][gc,phases      ] GC(65)     Dead                           Min: 0, Avg:  0.0, Max: 0, Diff: 0, Sum: 0, Workers: 6
[17.853s][debug  ][gc,phases      ] GC(65)     Total                          Min: 0, Avg:  0.5, Max: 3, Diff: 3, Sum: 3, Workers: 6
[17.853s][debug  ][gc,phases      ] GC(65)   JVMTI Tag Weak OopStorage      Min:  0.0, Avg:  0.0, Max:  0.0, Diff:  0.0, Sum:  0.0, Workers: 6
[17.853s][debug  ][gc,phases      ] GC(65)     Dead                           Min: 0, Avg:  0.0, Max: 0, Diff: 0, Sum: 0, Workers: 6
[17.853s][debug  ][gc,phases      ] GC(65)     Total                          Min: 0, Avg:  0.0, Max: 0, Diff: 0, Sum: 0, Workers: 6
[17.853s][debug  ][gc,phases      ] GC(65)   StringTable Weak               Min:  0.0, Avg:  0.0, Max:  0.0, Diff:  0.0, Sum:  0.0, Workers: 6
[17.853s][debug  ][gc,phases      ] GC(65)     Dead                           Min: 0, Avg:  0.0, Max: 0, Diff: 0, Sum: 0, Workers: 6
[17.853s][debug  ][gc,phases      ] GC(65)     Total                          Min: 704, Avg: 891.8, Max: 1192, Diff: 488, Sum: 5351, Workers: 6
[17.853s][debug  ][gc,phases      ] GC(65)   ResolvedMethodTable Weak       Min:  0.0, Avg:  0.0, Max:  0.0, Diff:  0.0, Sum:  0.0, Workers: 6
[17.853s][debug  ][gc,phases      ] GC(65)     Dead                           Min: 0, Avg:  0.0, Max: 0, Diff: 0, Sum: 0, Workers: 6
[17.853s][debug  ][gc,phases      ] GC(65)     Total                          Min: 0, Avg: 21.7, Max: 64, Diff: 64, Sum: 130, Workers: 6
[17.853s][debug  ][gc,phases      ] GC(65)   JNI Weak                       Min:  0.0, Avg:  0.0, Max:  0.0, Diff:  0.0, Sum:  0.0, Workers: 6
[17.854s][debug  ][gc,phases      ] GC(65)     Dead                           Min: 0, Avg:  0.0, Max: 0, Diff: 0, Sum: 0, Workers: 6
[17.854s][debug  ][gc,phases      ] GC(65)     Total                          Min: 0, Avg:  0.0, Max: 0, Diff: 0, Sum: 0, Workers: 6
[17.854s][debug  ][gc,phases      ] GC(65)   StringDedup Table Weak         Min:  0.0, Avg:  0.0, Max:  0.0, Diff:  0.0, Sum:  0.0, Workers: 6
[17.854s][debug  ][gc,phases      ] GC(65)     Dead                           Min: 0, Avg:  0.0, Max: 0, Diff: 0, Sum: 0, Workers: 6
[17.854s][debug  ][gc,phases      ] GC(65)     Total                          Min: 0, Avg:  0.0, Max: 0, Diff: 0, Sum: 0, Workers: 6
[17.854s][debug  ][gc,phases      ] GC(65)   StringDedup Requests0 Weak     Min:  0.0, Avg:  0.0, Max:  0.0, Diff:  0.0, Sum:  0.0, Workers: 6
[17.854s][debug  ][gc,phases      ] GC(65)     Dead                           Min: 0, Avg:  0.0, Max: 0, Diff: 0, Sum: 0, Workers: 6
[17.854s][debug  ][gc,phases      ] GC(65)     Total                          Min: 0, Avg:  0.0, Max: 0, Diff: 0, Sum: 0, Workers: 6
[17.854s][debug  ][gc,phases      ] GC(65)   StringDedup Requests1 Weak     Min:  0.0, Avg:  0.0, Max:  0.0, Diff:  0.0, Sum:  0.0, Workers: 6
[17.854s][debug  ][gc,phases      ] GC(65)     Dead                           Min: 0, Avg:  0.0, Max: 0, Diff: 0, Sum: 0, Workers: 6
[17.854s][debug  ][gc,phases      ] GC(65)     Total                          Min: 0, Avg:  0.0, Max: 0, Diff: 0, Sum: 0, Workers: 6
[17.854s][debug  ][gc,phases      ] GC(65)   Weak JFR Old Object Samples    Min:  0.0, Avg:  0.0, Max:  0.0, Diff:  0.0, Sum:  0.0, Workers: 6
[17.854s][debug  ][gc,phases      ] GC(65)     Dead                           Min: 0, Avg:  0.0, Max: 0, Diff: 0, Sum: 0, Workers: 6
[17.854s][debug  ][gc,phases      ] GC(65)     Total                          Min: 0, Avg:  0.0, Max: 0, Diff: 0, Sum: 0, Workers: 6
[17.854s][debug  ][gc,phases      ] GC(65) Weak Processing 0.877ms
[17.854s][debug  ][gc,ergo        ] GC(65) AdaptiveSizeStart:  collection: 66 
[17.854s][debug  ][gc,ergo        ] GC(65) avg_survived_padded_avg: 37406620.000000
[17.854s][debug  ][gc,ergo        ] GC(65) avg_promoted_padded_avg: 269853184.000000  avg_pretenured_padded_avg: 0.000000  tenuring_thresh: 1  target_size: 37748736
[17.854s][debug  ][gc,age         ] GC(65) Desired survivor size 37748736 bytes, new threshold 1 (max threshold 15)
[17.854s][debug  ][gc,ergo        ] GC(65) PSAdaptiveSizePolicy::compute_eden_space_size limits: desired_eden_size: 213721271 old_eden_size: 192937984 eden_limit: 192937984 cur_eden: 192937984 max_eden_size: 192937984 avg_young_live: 24432068
[17.854s][debug  ][gc,ergo        ] GC(65) PSAdaptiveSizePolicy::compute_eden_space_size: costs minor_time: 0.044560 major_cost: 0.043119 mutator_cost: 0.912320 throughput_goal: 0.990000
[17.854s][debug  ][gc,ergo        ] GC(65) Live_space: 979574592 free_space: 1364721664
[17.854s][debug  ][gc,ergo        ] GC(65) Old eden_size: 192937984 desired_eden_size: 192937984
[17.854s][debug  ][gc,ergo        ] GC(65) AdaptiveSizeStop: collection: 66 
[17.854s][info   ][gc,heap        ] GC(65) PSYoungGen: 188006K(225280K)->30720K(225280K) Eden: 188006K(188416K)->0K(188416K) From: 0K(36864K)->30720K(36864K)
[17.854s][info   ][gc,heap        ] GC(65) ParOldGen: 933476K(1835008K)->994916K(1835008K)
[17.854s][info   ][gc,metaspace   ] GC(65) Metaspace: 1021K(1216K)->1021K(1216K) NonClass: 937K(1024K)->937K(1024K) Class: 83K(192K)->83K(192K)
[17.854s][info   ][gc             ] GC(65) Pause Young (Allocation Failure) 1095M->1001M(2012M) 8.484ms
[17.854s][info   ][gc,cpu         ] GC(65) User=0.09s Sys=0.00s Real=0.01s
[17.854s][debug  ][gc,heap        ] GC(65) Heap after GC invocations=66 (full 11):
[17.854s][debug  ][gc,heap        ] GC(65)  PSYoungGen      total 225280K, used 30720K [0x00000000f0000000, 0x0000000100000000, 0x0000000100000000)
[17.854s][debug  ][gc,heap        ] GC(65)   eden space 188416K, 0% used [0x00000000f0000000,0x00000000f0000000,0x00000000fb800000)
[17.854s][debug  ][gc,heap        ] GC(65)   from space 36864K, 83% used [0x00000000fdc00000,0x00000000ffa00030,0x0000000100000000)
[17.854s][debug  ][gc,heap        ] GC(65)   to   space 36864K, 0% used [0x00000000fb800000,0x00000000fb800000,0x00000000fdc00000)
[17.854s][debug  ][gc,heap        ] GC(65)  ParOldGen       total 1835008K, used 994916K [0x0000000080000000, 0x00000000f0000000, 0x00000000f0000000)
[17.854s][debug  ][gc,heap        ] GC(65)   object space 1835008K, 54% used [0x0000000080000000,0x00000000bcb99128,0x00000000f0000000)
[17.854s][debug  ][gc,heap        ] GC(65)  Metaspace       used 1021K, committed 1216K, reserved 1056768K
[17.854s][debug  ][gc,heap        ] GC(65)   class space    used 83K, committed 192K, reserved 1048576K
[17.855s][debug  ][gc,task,time   ] GC(65) VM-Thread 178453144 178522572 178545282
[18.148s][debug  ][gc,heap        ] GC(66) Heap before GC invocations=67 (full 11):
[18.148s][debug  ][gc,heap        ] GC(66)  PSYoungGen      total 225280K, used 218657K [0x00000000f0000000, 0x0000000100000000, 0x0000000100000000)
[18.148s][debug  ][gc,heap        ] GC(66)   eden space 188416K, 99% used [0x00000000f0000000,0x00000000fb788608,0x00000000fb800000)
[18.148s][debug  ][gc,heap        ] GC(66)   from space 36864K, 83% used [0x00000000fdc00000,0x00000000ffa00030,0x0000000100000000)
[18.148s][debug  ][gc,heap        ] GC(66)   to   space 36864K, 0% used [0x00000000fb800000,0x00000000fb800000,0x00000000fdc00000)
[18.148s][debug  ][gc,heap        ] GC(66)  ParOldGen       total 1835008K, used 994916K [0x0000000080000000, 0x00000000f0000000, 0x00000000f0000000)
[18.148s][debug  ][gc,heap        ] GC(66)   object space 1835008K, 54% used [0x0000000080000000,0x00000000bcb99128,0x00000000f0000000)
[18.148s][debug  ][gc,heap        ] GC(66)  Metaspace       used 1021K, committed 1216K, reserved 1056768K
[18.148s][debug  ][gc,heap        ] GC(66)   class space    used 83K, committed 192K, reserved 1048576K
[18.148s][debug  ][gc,tlab        ] GC(66) TLAB totals: thrds: 1  refills: 1 max: 1 slow allocs: 17 max 17 waste: 26.1% gc: 3704040B max: 3704040B slow: 0B max: 0B
[18.148s][info   ][gc,start       ] GC(66) Pause Young (Allocation Failure)
[18.148s][debug  ][gc,phases,start] GC(66) Scavenge
[18.163s][debug  ][gc,phases      ] GC(66) Scavenge 14.092ms
[18.163s][debug  ][gc,phases,start] GC(66) Reference Processing
[18.163s][debug  ][gc,ref         ] GC(66) Skipped phase 1 of Reference Processing: no references
[18.163s][debug  ][gc,ref         ] GC(66) Skipped phase 2 of Reference Processing: no references
[18.163s][debug  ][gc,ref         ] GC(66) Skipped phase 3 of Reference Processing: no references
[18.163s][debug  ][gc,ref         ] GC(66) Skipped phase 4 of Reference Processing: no references
[18.163s][debug  ][gc,phases,ref  ] GC(66) Reference Processing: 0.1ms
[18.163s][debug  ][gc,phases,ref  ] GC(66)   Reconsider SoftReferences: 0.0ms
[18.163s][debug  ][gc,phases,ref  ] GC(66)     SoftRef (ms):                  skipped
[18.163s][debug  ][gc,phases,ref  ] GC(66)   Notify Soft/WeakReferences: 0.0ms
[18.163s][debug  ][gc,phases,ref  ] GC(66)     SoftRef (ms):                  skipped
[18.163s][debug  ][gc,phases,ref  ] GC(66)     WeakRef (ms):                  skipped
[18.163s][debug  ][gc,phases,ref  ] GC(66)     FinalRef (ms):                 skipped
[18.163s][debug  ][gc,phases,ref  ] GC(66)     Total (ms):                    skipped
[18.163s][debug  ][gc,phases,ref  ] GC(66)   Notify and keep alive finalizable: 0.0ms
[18.163s][debug  ][gc,phases,ref  ] GC(66)     FinalRef (ms):                 skipped
[18.163s][debug  ][gc,phases,ref  ] GC(66)   Notify PhantomReferences: 0.0ms
[18.163s][debug  ][gc,phases,ref  ] GC(66)     PhantomRef (ms):               skipped
[18.163s][debug  ][gc,phases,ref  ] GC(66)   SoftReference:
[18.163s][debug  ][gc,phases,ref  ] GC(66)     Discovered: 0
[18.163s][debug  ][gc,phases,ref  ] GC(66)     Cleared: 0
[18.163s][debug  ][gc,phases,ref  ] GC(66)   WeakReference:
[18.163s][debug  ][gc,phases,ref  ] GC(66)     Discovered: 0
[18.163s][debug  ][gc,phases,ref  ] GC(66)     Cleared: 0
[18.163s][debug  ][gc,phases,ref  ] GC(66)   FinalReference:
[18.163s][debug  ][gc,phases,ref  ] GC(66)     Discovered: 0
[18.163s][debug  ][gc,phases,ref  ] GC(66)     Cleared: 0
[18.163s][debug  ][gc,phases,ref  ] GC(66)   PhantomReference:
[18.163s][debug  ][gc,phases,ref  ] GC(66)     Discovered: 0
[18.163s][debug  ][gc,phases,ref  ] GC(66)     Cleared: 0
[18.163s][debug  ][gc,phases      ] GC(66) Reference Processing 0.634ms
[18.163s][debug  ][gc,phases,start] GC(66) Weak Processing
[18.163s][debug  ][gc,phases      ] GC(66)   VM Weak                        Min:  0.0, Avg:  0.0, Max:  0.0, Diff:  0.0, Sum:  0.0, Workers: 6
[18.163s][debug  ][gc,phases      ] GC(66)     Dead                           Min: 0, Avg:  0.0, Max: 0, Diff: 0, Sum: 0, Workers: 6
[18.163s][debug  ][gc,phases      ] GC(66)     Total                          Min: 0, Avg:  1.3, Max: 8, Diff: 8, Sum: 8, Workers: 6
[18.163s][debug  ][gc,phases      ] GC(66)   ObjectSynchronizer Weak        Min:  0.0, Avg:  0.0, Max:  0.0, Diff:  0.0, Sum:  0.0, Workers: 6
[18.163s][debug  ][gc,phases      ] GC(66)     Dead                           Min: 0, Avg:  0.0, Max: 0, Diff: 0, Sum: 0, Workers: 6
[18.164s][debug  ][gc,phases      ] GC(66)     Total                          Min: 0, Avg:  0.5, Max: 3, Diff: 3, Sum: 3, Workers: 6
[18.164s][debug  ][gc,phases      ] GC(66)   JVMTI Tag Weak OopStorage      Min:  0.0, Avg:  0.0, Max:  0.0, Diff:  0.0, Sum:  0.0, Workers: 6
[18.164s][debug  ][gc,phases      ] GC(66)     Dead                           Min: 0, Avg:  0.0, Max: 0, Diff: 0, Sum: 0, Workers: 6
[18.164s][debug  ][gc,phases      ] GC(66)     Total                          Min: 0, Avg:  0.0, Max: 0, Diff: 0, Sum: 0, Workers: 6
[18.164s][debug  ][gc,phases      ] GC(66)   StringTable Weak               Min:  0.0, Avg:  0.0, Max:  0.0, Diff:  0.0, Sum:  0.0, Workers: 6
[18.164s][debug  ][gc,phases      ] GC(66)     Dead                           Min: 0, Avg:  0.0, Max: 0, Diff: 0, Sum: 0, Workers: 6
[18.164s][debug  ][gc,phases      ] GC(66)     Total                          Min: 768, Avg: 891.8, Max: 1152, Diff: 384, Sum: 5351, Workers: 6
[18.164s][debug  ][gc,phases      ] GC(66)   ResolvedMethodTable Weak       Min:  0.0, Avg:  0.0, Max:  0.0, Diff:  0.0, Sum:  0.0, Workers: 6
[18.164s][debug  ][gc,phases      ] GC(66)     Dead                           Min: 0, Avg:  0.0, Max: 0, Diff: 0, Sum: 0, Workers: 6
[18.164s][debug  ][gc,phases      ] GC(66)     Total                          Min: 0, Avg: 21.7, Max: 128, Diff: 128, Sum: 130, Workers: 6
[18.164s][debug  ][gc,phases      ] GC(66)   JNI Weak                       Min:  0.0, Avg:  0.0, Max:  0.0, Diff:  0.0, Sum:  0.0, Workers: 6
[18.164s][debug  ][gc,phases      ] GC(66)     Dead                           Min: 0, Avg:  0.0, Max: 0, Diff: 0, Sum: 0, Workers: 6
[18.164s][debug  ][gc,phases      ] GC(66)     Total                          Min: 0, Avg:  0.0, Max: 0, Diff: 0, Sum: 0, Workers: 6
[18.164s][debug  ][gc,phases      ] GC(66)   StringDedup Table Weak         Min:  0.0, Avg:  0.0, Max:  0.0, Diff:  0.0, Sum:  0.0, Workers: 6
[18.164s][debug  ][gc,phases      ] GC(66)     Dead                           Min: 0, Avg:  0.0, Max: 0, Diff: 0, Sum: 0, Workers: 6
[18.164s][debug  ][gc,phases      ] GC(66)     Total                          Min: 0, Avg:  0.0, Max: 0, Diff: 0, Sum: 0, Workers: 6
[18.164s][debug  ][gc,phases      ] GC(66)   StringDedup Requests0 Weak     Min:  0.0, Avg:  0.0, Max:  0.0, Diff:  0.0, Sum:  0.0, Workers: 6
[18.164s][debug  ][gc,phases      ] GC(66)     Dead                           Min: 0, Avg:  0.0, Max: 0, Diff: 0, Sum: 0, Workers: 6
[18.164s][debug  ][gc,phases      ] GC(66)     Total                          Min: 0, Avg:  0.0, Max: 0, Diff: 0, Sum: 0, Workers: 6
[18.164s][debug  ][gc,phases      ] GC(66)   StringDedup Requests1 Weak     Min:  0.0, Avg:  0.0, Max:  0.0, Diff:  0.0, Sum:  0.0, Workers: 6
[18.164s][debug  ][gc,phases      ] GC(66)     Dead                           Min: 0, Avg:  0.0, Max: 0, Diff: 0, Sum: 0, Workers: 6
[18.164s][debug  ][gc,phases      ] GC(66)     Total                          Min: 0, Avg:  0.0, Max: 0, Diff: 0, Sum: 0, Workers: 6
[18.164s][debug  ][gc,phases      ] GC(66)   Weak JFR Old Object Samples    Min:  0.0, Avg:  0.0, Max:  0.0, Diff:  0.0, Sum:  0.0, Workers: 6
[18.164s][debug  ][gc,phases      ] GC(66)     Dead                           Min: 0, Avg:  0.0, Max: 0, Diff: 0, Sum: 0, Workers: 6
[18.164s][debug  ][gc,phases      ] GC(66)     Total                          Min: 0, Avg:  0.0, Max: 0, Diff: 0, Sum: 0, Workers: 6
[18.164s][debug  ][gc,phases      ] GC(66) Weak Processing 0.992ms
[18.164s][debug  ][gc,ergo        ] GC(66) AdaptiveSizeStart:  collection: 67 
[18.164s][debug  ][gc,ergo        ] GC(66) avg_survived_padded_avg: 37260920.000000
[18.164s][debug  ][gc,ergo        ] GC(66) avg_promoted_padded_avg: 270447168.000000  avg_pretenured_padded_avg: 0.000000  tenuring_thresh: 1  target_size: 37748736
[18.164s][debug  ][gc,age         ] GC(66) Desired survivor size 37748736 bytes, new threshold 1 (max threshold 15)
[18.164s][debug  ][gc,ergo        ] GC(66) PSAdaptiveSizePolicy::compute_eden_space_size limits: desired_eden_size: 214086784 old_eden_size: 192937984 eden_limit: 192937984 cur_eden: 192937984 max_eden_size: 192937984 avg_young_live: 25134594
[18.165s][debug  ][gc,ergo        ] GC(66) PSAdaptiveSizePolicy::compute_eden_space_size: costs minor_time: 0.046183 major_cost: 0.043119 mutator_cost: 0.910697 throughput_goal: 0.990000
[18.165s][debug  ][gc,ergo        ] GC(66) Live_space: 980277120 free_space: 1364721664
[18.165s][debug  ][gc,ergo        ] GC(66) Old eden_size: 192937984 desired_eden_size: 192937984
[18.165s][debug  ][gc,ergo        ] GC(66) AdaptiveSizeStop: collection: 67 
[18.165s][info   ][gc,heap        ] GC(66) PSYoungGen: 218657K(225280K)->30720K(225280K) Eden: 187937K(188416K)->0K(188416K) From: 30720K(36864K)->30720K(36864K)
[18.165s][info   ][gc,heap        ] GC(66) ParOldGen: 994916K(1835008K)->1179236K(1835008K)
[18.165s][info   ][gc,metaspace   ] GC(66) Metaspace: 1021K(1216K)->1021K(1216K) NonClass: 937K(1024K)->937K(1024K) Class: 83K(192K)->83K(192K)
[18.165s][info   ][gc             ] GC(66) Pause Young (Allocation Failure) 1185M->1181M(2012M) 16.258ms
[18.165s][info   ][gc,cpu         ] GC(66) User=0.09s Sys=0.00s Real=0.02s
[18.165s][debug  ][gc,heap        ] GC(66) Heap after GC invocations=67 (full 11):
[18.165s][debug  ][gc,heap        ] GC(66)  PSYoungGen      total 225280K, used 30720K [0x00000000f0000000, 0x0000000100000000, 0x0000000100000000)
[18.165s][debug  ][gc,heap        ] GC(66)   eden space 188416K, 0% used [0x00000000f0000000,0x00000000f0000000,0x00000000fb800000)
[18.165s][debug  ][gc,heap        ] GC(66)   from space 36864K, 83% used [0x00000000fb800000,0x00000000fd600030,0x00000000fdc00000)
[18.165s][debug  ][gc,heap        ] GC(66)   to   space 36864K, 0% used [0x00000000fdc00000,0x00000000fdc00000,0x0000000100000000)
[18.165s][debug  ][gc,heap        ] GC(66)  ParOldGen       total 1835008K, used 1179236K [0x0000000080000000, 0x00000000f0000000, 0x00000000f0000000)
[18.165s][debug  ][gc,heap        ] GC(66)   object space 1835008K, 64% used [0x0000000080000000,0x00000000c7f99248,0x00000000f0000000)
[18.165s][debug  ][gc,heap        ] GC(66)  Metaspace       used 1021K, committed 1216K, reserved 1056768K
[18.165s][debug  ][gc,heap        ] GC(66)   class space    used 83K, committed 192K, reserved 1048576K
[18.165s][debug  ][gc,task,time   ] GC(66) VM-Thread 181478574 181626646 181649427
[18.451s][debug  ][gc,heap        ] GC(67) Heap before GC invocations=68 (full 11):
[18.451s][debug  ][gc,heap        ] GC(67)  PSYoungGen      total 225280K, used 218685K [0x00000000f0000000, 0x0000000100000000, 0x0000000100000000)
[18.451s][debug  ][gc,heap        ] GC(67)   eden space 188416K, 99% used [0x00000000f0000000,0x00000000fb78f408,0x00000000fb800000)
[18.451s][debug  ][gc,heap        ] GC(67)   from space 36864K, 83% used [0x00000000fb800000,0x00000000fd600030,0x00000000fdc00000)
[18.451s][debug  ][gc,heap        ] GC(67)   to   space 36864K, 0% used [0x00000000fdc00000,0x00000000fdc00000,0x0000000100000000)
[18.451s][debug  ][gc,heap        ] GC(67)  ParOldGen       total 1835008K, used 1179236K [0x0000000080000000, 0x00000000f0000000, 0x00000000f0000000)
[18.451s][debug  ][gc,heap        ] GC(67)   object space 1835008K, 64% used [0x0000000080000000,0x00000000c7f99248,0x00000000f0000000)
[18.451s][debug  ][gc,heap        ] GC(67)  Metaspace       used 1021K, committed 1216K, reserved 1056768K
[18.451s][debug  ][gc,heap        ] GC(67)   class space    used 83K, committed 192K, reserved 1048576K
[18.451s][debug  ][gc,tlab        ] GC(67) TLAB totals: thrds: 1  refills: 1 max: 1 slow allocs: 17 max 17 waste: 26.2% gc: 3732200B max: 3732200B slow: 0B max: 0B
[18.451s][info   ][gc,start       ] GC(67) Pause Young (Allocation Failure)
[18.451s][debug  ][gc,phases,start] GC(67) Scavenge
[18.466s][debug  ][gc,phases      ] GC(67) Scavenge 15.148ms
[18.466s][debug  ][gc,phases,start] GC(67) Reference Processing
[18.466s][debug  ][gc,ref         ] GC(67) Skipped phase 1 of Reference Processing: no references
[18.466s][debug  ][gc,ref         ] GC(67) Skipped phase 2 of Reference Processing: no references
[18.466s][debug  ][gc,ref         ] GC(67) Skipped phase 3 of Reference Processing: no references
[18.466s][debug  ][gc,ref         ] GC(67) Skipped phase 4 of Reference Processing: no references
[18.466s][debug  ][gc,phases,ref  ] GC(67) Reference Processing: 0.2ms
[18.466s][debug  ][gc,phases,ref  ] GC(67)   Reconsider SoftReferences: 0.0ms
[18.466s][debug  ][gc,phases,ref  ] GC(67)     SoftRef (ms):                  skipped
[18.466s][debug  ][gc,phases,ref  ] GC(67)   Notify Soft/WeakReferences: 0.1ms
[18.466s][debug  ][gc,phases,ref  ] GC(67)     SoftRef (ms):                  skipped
[18.466s][debug  ][gc,phases,ref  ] GC(67)     WeakRef (ms):                  skipped
[18.466s][debug  ][gc,phases,ref  ] GC(67)     FinalRef (ms):                 skipped
[18.466s][debug  ][gc,phases,ref  ] GC(67)     Total (ms):                    skipped
[18.466s][debug  ][gc,phases,ref  ] GC(67)   Notify and keep alive finalizable: 0.0ms
[18.467s][debug  ][gc,phases,ref  ] GC(67)     FinalRef (ms):                 skipped
[18.467s][debug  ][gc,phases,ref  ] GC(67)   Notify PhantomReferences: 0.0ms
[18.467s][debug  ][gc,phases,ref  ] GC(67)     PhantomRef (ms):               skipped
[18.467s][debug  ][gc,phases,ref  ] GC(67)   SoftReference:
[18.467s][debug  ][gc,phases,ref  ] GC(67)     Discovered: 0
[18.467s][debug  ][gc,phases,ref  ] GC(67)     Cleared: 0
[18.467s][debug  ][gc,phases,ref  ] GC(67)   WeakReference:
[18.467s][debug  ][gc,phases,ref  ] GC(67)     Discovered: 0
[18.467s][debug  ][gc,phases,ref  ] GC(67)     Cleared: 0
[18.467s][debug  ][gc,phases,ref  ] GC(67)   FinalReference:
[18.467s][debug  ][gc,phases,ref  ] GC(67)     Discovered: 0
[18.467s][debug  ][gc,phases,ref  ] GC(67)     Cleared: 0
[18.467s][debug  ][gc,phases,ref  ] GC(67)   PhantomReference:
[18.467s][debug  ][gc,phases,ref  ] GC(67)     Discovered: 0
[18.467s][debug  ][gc,phases,ref  ] GC(67)     Cleared: 0
[18.467s][debug  ][gc,phases      ] GC(67) Reference Processing 0.652ms
[18.467s][debug  ][gc,phases,start] GC(67) Weak Processing
[18.467s][debug  ][gc,phases      ] GC(67)   VM Weak                        Min:  0.0, Avg:  0.0, Max:  0.0, Diff:  0.0, Sum:  0.0, Workers: 6
[18.467s][debug  ][gc,phases      ] GC(67)     Dead                           Min: 0, Avg:  0.0, Max: 0, Diff: 0, Sum: 0, Workers: 6
[18.467s][debug  ][gc,phases      ] GC(67)     Total                          Min: 0, Avg:  1.3, Max: 8, Diff: 8, Sum: 8, Workers: 6
[18.467s][debug  ][gc,phases      ] GC(67)   ObjectSynchronizer Weak        Min:  0.0, Avg:  0.0, Max:  0.0, Diff:  0.0, Sum:  0.0, Workers: 6
[18.467s][debug  ][gc,phases      ] GC(67)     Dead                           Min: 0, Avg:  0.0, Max: 0, Diff: 0, Sum: 0, Workers: 6
[18.467s][debug  ][gc,phases      ] GC(67)     Total                          Min: 0, Avg:  0.5, Max: 3, Diff: 3, Sum: 3, Workers: 6
[18.467s][debug  ][gc,phases      ] GC(67)   JVMTI Tag Weak OopStorage      Min:  0.0, Avg:  0.0, Max:  0.0, Diff:  0.0, Sum:  0.0, Workers: 6
[18.467s][debug  ][gc,phases      ] GC(67)     Dead                           Min: 0, Avg:  0.0, Max: 0, Diff: 0, Sum: 0, Workers: 6
[18.467s][debug  ][gc,phases      ] GC(67)     Total                          Min: 0, Avg:  0.0, Max: 0, Diff: 0, Sum: 0, Workers: 6
[18.467s][debug  ][gc,phases      ] GC(67)   StringTable Weak               Min:  0.0, Avg:  0.0, Max:  0.0, Diff:  0.0, Sum:  0.0, Workers: 6
[18.467s][debug  ][gc,phases      ] GC(67)     Dead                           Min: 0, Avg:  0.0, Max: 0, Diff: 0, Sum: 0, Workers: 6
[18.467s][debug  ][gc,phases      ] GC(67)     Total                          Min: 704, Avg: 891.8, Max: 1088, Diff: 384, Sum: 5351, Workers: 6
[18.467s][debug  ][gc,phases      ] GC(67)   ResolvedMethodTable Weak       Min:  0.0, Avg:  0.0, Max:  0.0, Diff:  0.0, Sum:  0.0, Workers: 6
[18.467s][debug  ][gc,phases      ] GC(67)     Dead                           Min: 0, Avg:  0.0, Max: 0, Diff: 0, Sum: 0, Workers: 6
[18.467s][debug  ][gc,phases      ] GC(67)     Total                          Min: 0, Avg: 21.7, Max: 64, Diff: 64, Sum: 130, Workers: 6
[18.467s][debug  ][gc,phases      ] GC(67)   JNI Weak                       Min:  0.0, Avg:  0.0, Max:  0.0, Diff:  0.0, Sum:  0.0, Workers: 6
[18.467s][debug  ][gc,phases      ] GC(67)     Dead                           Min: 0, Avg:  0.0, Max: 0, Diff: 0, Sum: 0, Workers: 6
[18.467s][debug  ][gc,phases      ] GC(67)     Total                          Min: 0, Avg:  0.0, Max: 0, Diff: 0, Sum: 0, Workers: 6
[18.467s][debug  ][gc,phases      ] GC(67)   StringDedup Table Weak         Min:  0.0, Avg:  0.0, Max:  0.0, Diff:  0.0, Sum:  0.0, Workers: 6
[18.467s][debug  ][gc,phases      ] GC(67)     Dead                           Min: 0, Avg:  0.0, Max: 0, Diff: 0, Sum: 0, Workers: 6
[18.467s][debug  ][gc,phases      ] GC(67)     Total                          Min: 0, Avg:  0.0, Max: 0, Diff: 0, Sum: 0, Workers: 6
[18.467s][debug  ][gc,phases      ] GC(67)   StringDedup Requests0 Weak     Min:  0.0, Avg:  0.0, Max:  0.0, Diff:  0.0, Sum:  0.0, Workers: 6
[18.467s][debug  ][gc,phases      ] GC(67)     Dead                           Min: 0, Avg:  0.0, Max: 0, Diff: 0, Sum: 0, Workers: 6
[18.467s][debug  ][gc,phases      ] GC(67)     Total                          Min: 0, Avg:  0.0, Max: 0, Diff: 0, Sum: 0, Workers: 6
[18.468s][debug  ][gc,phases      ] GC(67)   StringDedup Requests1 Weak     Min:  0.0, Avg:  0.0, Max:  0.0, Diff:  0.0, Sum:  0.0, Workers: 6
[18.468s][debug  ][gc,phases      ] GC(67)     Dead                           Min: 0, Avg:  0.0, Max: 0, Diff: 0, Sum: 0, Workers: 6
[18.468s][debug  ][gc,phases      ] GC(67)     Total                          Min: 0, Avg:  0.0, Max: 0, Diff: 0, Sum: 0, Workers: 6
[18.468s][debug  ][gc,phases      ] GC(67)   Weak JFR Old Object Samples    Min:  0.0, Avg:  0.0, Max:  0.0, Diff:  0.0, Sum:  0.0, Workers: 6
[18.468s][debug  ][gc,phases      ] GC(67)     Dead                           Min: 0, Avg:  0.0, Max: 0, Diff: 0, Sum: 0, Workers: 6
[18.468s][debug  ][gc,phases      ] GC(67)     Total                          Min: 0, Avg:  0.0, Max: 0, Diff: 0, Sum: 0, Workers: 6
[18.468s][debug  ][gc,phases      ] GC(67) Weak Processing 0.802ms
[18.468s][debug  ][gc,ergo        ] GC(67) AdaptiveSizeStart:  collection: 68 
[18.468s][debug  ][gc,ergo        ] GC(67) avg_survived_padded_avg: 37084864.000000
[18.468s][debug  ][gc,ergo        ] GC(67) avg_promoted_padded_avg: 270111296.000000  avg_pretenured_padded_avg: 0.000000  tenuring_thresh: 1  target_size: 37224448
[18.468s][debug  ][gc,age         ] GC(67) Desired survivor size 37224448 bytes, new threshold 1 (max threshold 15)
[18.468s][debug  ][gc,ergo        ] GC(67) PSAdaptiveSizePolicy::compute_eden_space_size limits: desired_eden_size: 213460501 old_eden_size: 192937984 eden_limit: 192937984 cur_eden: 192937984 max_eden_size: 192937984 avg_young_live: 25766868
[18.468s][debug  ][gc,ergo        ] GC(67) PSAdaptiveSizePolicy::compute_eden_space_size: costs minor_time: 0.048423 major_cost: 0.043119 mutator_cost: 0.908458 throughput_goal: 0.990000
[18.468s][debug  ][gc,ergo        ] GC(67) Live_space: 980909440 free_space: 1364721664
[18.468s][debug  ][gc,ergo        ] GC(67) Old eden_size: 192937984 desired_eden_size: 192937984
[18.468s][debug  ][gc,ergo        ] GC(67) AdaptiveSizeStop: collection: 68 
[18.468s][info   ][gc,heap        ] GC(67) PSYoungGen: 218685K(225280K)->30720K(225792K) Eden: 187965K(188416K)->0K(188928K) From: 30720K(36864K)->30720K(36864K)
[18.468s][info   ][gc,heap        ] GC(67) ParOldGen: 1179236K(1835008K)->1363556K(1835008K)
[18.468s][info   ][gc,metaspace   ] GC(67) Metaspace: 1021K(1216K)->1021K(1216K) NonClass: 937K(1024K)->937K(1024K) Class: 83K(192K)->83K(192K)
[18.468s][info   ][gc             ] GC(67) Pause Young (Allocation Failure) 1365M->1361M(2012M) 17.024ms
[18.468s][info   ][gc,cpu         ] GC(67) User=0.08s Sys=0.00s Real=0.02s
[18.468s][debug  ][gc,heap        ] GC(67) Heap after GC invocations=68 (full 11):
[18.468s][debug  ][gc,heap        ] GC(67)  PSYoungGen      total 225792K, used 30720K [0x00000000f0000000, 0x0000000100000000, 0x0000000100000000)
[18.468s][debug  ][gc,heap        ] GC(67)   eden space 188928K, 0% used [0x00000000f0000000,0x00000000f0000000,0x00000000fb880000)
[18.468s][debug  ][gc,heap        ] GC(67)   from space 36864K, 83% used [0x00000000fdc00000,0x00000000ffa00030,0x0000000100000000)
[18.468s][debug  ][gc,heap        ] GC(67)   to   space 36352K, 0% used [0x00000000fb880000,0x00000000fb880000,0x00000000fdc00000)
[18.468s][debug  ][gc,heap        ] GC(67)  ParOldGen       total 1835008K, used 1363556K [0x0000000080000000, 0x00000000f0000000, 0x00000000f0000000)
[18.468s][debug  ][gc,heap        ] GC(67)   object space 1835008K, 74% used [0x0000000080000000,0x00000000d3399368,0x00000000f0000000)
[18.468s][debug  ][gc,heap        ] GC(67)  Metaspace       used 1021K, committed 1216K, reserved 1056768K
[18.468s][debug  ][gc,heap        ] GC(67)   class space    used 83K, committed 192K, reserved 1048576K
[18.468s][debug  ][gc,task,time   ] GC(67) VM-Thread 184505727 184661469 184681972
[18.750s][debug  ][gc,heap        ] GC(68) Heap before GC invocations=69 (full 11):
[18.750s][debug  ][gc,heap        ] GC(68)  PSYoungGen      total 225792K, used 218712K [0x00000000f0000000, 0x0000000100000000, 0x0000000100000000)
[18.750s][debug  ][gc,heap        ] GC(68)   eden space 188928K, 99% used [0x00000000f0000000,0x00000000fb796290,0x00000000fb880000)
[18.750s][debug  ][gc,heap        ] GC(68)   from space 36864K, 83% used [0x00000000fdc00000,0x00000000ffa00030,0x0000000100000000)
[18.750s][debug  ][gc,heap        ] GC(68)   to   space 36352K, 0% used [0x00000000fb880000,0x00000000fb880000,0x00000000fdc00000)
[18.750s][debug  ][gc,heap        ] GC(68)  ParOldGen       total 1835008K, used 1363556K [0x0000000080000000, 0x00000000f0000000, 0x00000000f0000000)
[18.750s][debug  ][gc,heap        ] GC(68)   object space 1835008K, 74% used [0x0000000080000000,0x00000000d3399368,0x00000000f0000000)
[18.750s][debug  ][gc,heap        ] GC(68)  Metaspace       used 1021K, committed 1216K, reserved 1056768K
[18.750s][debug  ][gc,heap        ] GC(68)   class space    used 83K, committed 192K, reserved 1048576K
[18.750s][debug  ][gc,tlab        ] GC(68) TLAB totals: thrds: 1  refills: 1 max: 1 slow allocs: 17 max 17 waste: 26.4% gc: 3760496B max: 3760496B slow: 0B max: 0B
[18.750s][info   ][gc,start       ] GC(68) Pause Young (Allocation Failure)
[18.750s][debug  ][gc,phases,start] GC(68) Scavenge
[18.764s][debug  ][gc,phases      ] GC(68) Scavenge 14.258ms
[18.764s][debug  ][gc,phases,start] GC(68) Reference Processing
[18.764s][debug  ][gc,ref         ] GC(68) Skipped phase 1 of Reference Processing: no references
[18.764s][debug  ][gc,ref         ] GC(68) Skipped phase 2 of Reference Processing: no references
[18.764s][debug  ][gc,ref         ] GC(68) Skipped phase 3 of Reference Processing: no references
[18.764s][debug  ][gc,ref         ] GC(68) Skipped phase 4 of Reference Processing: no references
[18.764s][debug  ][gc,phases,ref  ] GC(68) Reference Processing: 0.1ms
[18.764s][debug  ][gc,phases,ref  ] GC(68)   Reconsider SoftReferences: 0.0ms
[18.765s][debug  ][gc,phases,ref  ] GC(68)     SoftRef (ms):                  skipped
[18.765s][debug  ][gc,phases,ref  ] GC(68)   Notify Soft/WeakReferences: 0.0ms
[18.765s][debug  ][gc,phases,ref  ] GC(68)     SoftRef (ms):                  skipped
[18.765s][debug  ][gc,phases,ref  ] GC(68)     WeakRef (ms):                  skipped
[18.765s][debug  ][gc,phases,ref  ] GC(68)     FinalRef (ms):                 skipped
[18.765s][debug  ][gc,phases,ref  ] GC(68)     Total (ms):                    skipped
[18.765s][debug  ][gc,phases,ref  ] GC(68)   Notify and keep alive finalizable: 0.0ms
[18.765s][debug  ][gc,phases,ref  ] GC(68)     FinalRef (ms):                 skipped
[18.765s][debug  ][gc,phases,ref  ] GC(68)   Notify PhantomReferences: 0.0ms
[18.765s][debug  ][gc,phases,ref  ] GC(68)     PhantomRef (ms):               skipped
[18.765s][debug  ][gc,phases,ref  ] GC(68)   SoftReference:
[18.765s][debug  ][gc,phases,ref  ] GC(68)     Discovered: 0
[18.765s][debug  ][gc,phases,ref  ] GC(68)     Cleared: 0
[18.765s][debug  ][gc,phases,ref  ] GC(68)   WeakReference:
[18.765s][debug  ][gc,phases,ref  ] GC(68)     Discovered: 0
[18.765s][debug  ][gc,phases,ref  ] GC(68)     Cleared: 0
[18.765s][debug  ][gc,phases,ref  ] GC(68)   FinalReference:
[18.765s][debug  ][gc,phases,ref  ] GC(68)     Discovered: 0
[18.765s][debug  ][gc,phases,ref  ] GC(68)     Cleared: 0
[18.765s][debug  ][gc,phases,ref  ] GC(68)   PhantomReference:
[18.765s][debug  ][gc,phases,ref  ] GC(68)     Discovered: 0
[18.765s][debug  ][gc,phases,ref  ] GC(68)     Cleared: 0
[18.765s][debug  ][gc,phases      ] GC(68) Reference Processing 0.697ms
[18.765s][debug  ][gc,phases,start] GC(68) Weak Processing
[18.765s][debug  ][gc,phases      ] GC(68)   VM Weak                        Min:  0.0, Avg:  0.0, Max:  0.0, Diff:  0.0, Sum:  0.0, Workers: 6
[18.765s][debug  ][gc,phases      ] GC(68)     Dead                           Min: 0, Avg:  0.0, Max: 0, Diff: 0, Sum: 0, Workers: 6
[18.765s][debug  ][gc,phases      ] GC(68)     Total                          Min: 0, Avg:  1.3, Max: 8, Diff: 8, Sum: 8, Workers: 6
[18.765s][debug  ][gc,phases      ] GC(68)   ObjectSynchronizer Weak        Min:  0.0, Avg:  0.0, Max:  0.0, Diff:  0.0, Sum:  0.0, Workers: 6
[18.765s][debug  ][gc,phases      ] GC(68)     Dead                           Min: 0, Avg:  0.0, Max: 0, Diff: 0, Sum: 0, Workers: 6
[18.765s][debug  ][gc,phases      ] GC(68)     Total                          Min: 0, Avg:  0.5, Max: 3, Diff: 3, Sum: 3, Workers: 6
[18.765s][debug  ][gc,phases      ] GC(68)   JVMTI Tag Weak OopStorage      Min:  0.0, Avg:  0.0, Max:  0.0, Diff:  0.0, Sum:  0.0, Workers: 6
[18.765s][debug  ][gc,phases      ] GC(68)     Dead                           Min: 0, Avg:  0.0, Max: 0, Diff: 0, Sum: 0, Workers: 6
[18.765s][debug  ][gc,phases      ] GC(68)     Total                          Min: 0, Avg:  0.0, Max: 0, Diff: 0, Sum: 0, Workers: 6
[18.765s][debug  ][gc,phases      ] GC(68)   StringTable Weak               Min:  0.0, Avg:  0.0, Max:  0.0, Diff:  0.0, Sum:  0.0, Workers: 6
[18.765s][debug  ][gc,phases      ] GC(68)     Dead                           Min: 0, Avg:  0.0, Max: 0, Diff: 0, Sum: 0, Workers: 6
[18.765s][debug  ][gc,phases      ] GC(68)     Total                          Min: 704, Avg: 891.8, Max: 1088, Diff: 384, Sum: 5351, Workers: 6
[18.765s][debug  ][gc,phases      ] GC(68)   ResolvedMethodTable Weak       Min:  0.0, Avg:  0.0, Max:  0.0, Diff:  0.0, Sum:  0.0, Workers: 6
[18.765s][debug  ][gc,phases      ] GC(68)     Dead                           Min: 0, Avg:  0.0, Max: 0, Diff: 0, Sum: 0, Workers: 6
[18.765s][debug  ][gc,phases      ] GC(68)     Total                          Min: 0, Avg: 21.7, Max: 64, Diff: 64, Sum: 130, Workers: 6
[18.765s][debug  ][gc,phases      ] GC(68)   JNI Weak                       Min:  0.0, Avg:  0.0, Max:  0.0, Diff:  0.0, Sum:  0.0, Workers: 6
[18.765s][debug  ][gc,phases      ] GC(68)     Dead                           Min: 0, Avg:  0.0, Max: 0, Diff: 0, Sum: 0, Workers: 6
[18.765s][debug  ][gc,phases      ] GC(68)     Total                          Min: 0, Avg:  0.0, Max: 0, Diff: 0, Sum: 0, Workers: 6
[18.766s][debug  ][gc,phases      ] GC(68)   StringDedup Table Weak         Min:  0.0, Avg:  0.0, Max:  0.0, Diff:  0.0, Sum:  0.0, Workers: 6
[18.766s][debug  ][gc,phases      ] GC(68)     Dead                           Min: 0, Avg:  0.0, Max: 0, Diff: 0, Sum: 0, Workers: 6
[18.766s][debug  ][gc,phases      ] GC(68)     Total                          Min: 0, Avg:  0.0, Max: 0, Diff: 0, Sum: 0, Workers: 6
[18.766s][debug  ][gc,phases      ] GC(68)   StringDedup Requests0 Weak     Min:  0.0, Avg:  0.0, Max:  0.0, Diff:  0.0, Sum:  0.0, Workers: 6
[18.766s][debug  ][gc,phases      ] GC(68)     Dead                           Min: 0, Avg:  0.0, Max: 0, Diff: 0, Sum: 0, Workers: 6
[18.766s][debug  ][gc,phases      ] GC(68)     Total                          Min: 0, Avg:  0.0, Max: 0, Diff: 0, Sum: 0, Workers: 6
[18.766s][debug  ][gc,phases      ] GC(68)   StringDedup Requests1 Weak     Min:  0.0, Avg:  0.0, Max:  0.0, Diff:  0.0, Sum:  0.0, Workers: 6
[18.766s][debug  ][gc,phases      ] GC(68)     Dead                           Min: 0, Avg:  0.0, Max: 0, Diff: 0, Sum: 0, Workers: 6
[18.766s][debug  ][gc,phases      ] GC(68)     Total                          Min: 0, Avg:  0.0, Max: 0, Diff: 0, Sum: 0, Workers: 6
[18.766s][debug  ][gc,phases      ] GC(68)   Weak JFR Old Object Samples    Min:  0.0, Avg:  0.0, Max:  0.0, Diff:  0.0, Sum:  0.0, Workers: 6
[18.766s][debug  ][gc,phases      ] GC(68)     Dead                           Min: 0, Avg:  0.0, Max: 0, Diff: 0, Sum: 0, Workers: 6
[18.766s][debug  ][gc,phases      ] GC(68)     Total                          Min: 0, Avg:  0.0, Max: 0, Diff: 0, Sum: 0, Workers: 6
[18.766s][debug  ][gc,phases      ] GC(68) Weak Processing 0.769ms
[18.766s][debug  ][gc,ergo        ] GC(68) AdaptiveSizeStart:  collection: 69 
[18.766s][debug  ][gc,ergo        ] GC(68) avg_survived_padded_avg: 36885984.000000
[18.766s][debug  ][gc,ergo        ] GC(68) avg_promoted_padded_avg: 269025536.000000  avg_pretenured_padded_avg: 0.000000  tenuring_thresh: 1  target_size: 37224448
[18.766s][debug  ][gc,age         ] GC(68) Desired survivor size 37224448 bytes, new threshold 1 (max threshold 15)
[18.766s][debug  ][gc,ergo        ] GC(68) PSAdaptiveSizePolicy::compute_eden_space_size limits: desired_eden_size: 214216805 old_eden_size: 192937984 eden_limit: 193462272 cur_eden: 193462272 max_eden_size: 193462272 avg_young_live: 26335914
[18.766s][debug  ][gc,ergo        ] GC(68) PSAdaptiveSizePolicy::compute_eden_space_size: costs minor_time: 0.049600 major_cost: 0.043119 mutator_cost: 0.907281 throughput_goal: 0.990000
[18.766s][debug  ][gc,ergo        ] GC(68) Live_space: 981478400 free_space: 1364721664
[18.766s][debug  ][gc,ergo        ] GC(68) Old eden_size: 192937984 desired_eden_size: 193462272
[18.766s][debug  ][gc,ergo        ] GC(68) AdaptiveSizeStop: collection: 69 
[18.766s][info   ][gc,heap        ] GC(68) PSYoungGen: 218712K(225792K)->30720K(225280K) Eden: 187992K(188928K)->0K(188928K) From: 30720K(36864K)->30720K(36352K)
[18.766s][info   ][gc,heap        ] GC(68) ParOldGen: 1363556K(1835008K)->1547877K(1835008K)
[18.766s][info   ][gc,metaspace   ] GC(68) Metaspace: 1021K(1216K)->1021K(1216K) NonClass: 937K(1024K)->937K(1024K) Class: 83K(192K)->83K(192K)
[18.766s][info   ][gc             ] GC(68) Pause Young (Allocation Failure) 1545M->1541M(2012M) 16.156ms
[18.766s][info   ][gc,cpu         ] GC(68) User=0.09s Sys=0.00s Real=0.02s
[18.766s][debug  ][gc,heap        ] GC(68) Heap after GC invocations=69 (full 11):
[18.766s][debug  ][gc,heap        ] GC(68)  PSYoungGen      total 225280K, used 30720K [0x00000000f0000000, 0x0000000100000000, 0x0000000100000000)
[18.766s][debug  ][gc,heap        ] GC(68)   eden space 188928K, 0% used [0x00000000f0000000,0x00000000f0000000,0x00000000fb880000)
[18.766s][debug  ][gc,heap        ] GC(68)   from space 36352K, 84% used [0x00000000fb880000,0x00000000fd680030,0x00000000fdc00000)
[18.766s][debug  ][gc,heap        ] GC(68)   to   space 36352K, 0% used [0x00000000fdc80000,0x00000000fdc80000,0x0000000100000000)
[18.766s][debug  ][gc,heap        ] GC(68)  ParOldGen       total 1835008K, used 1547877K [0x0000000080000000, 0x00000000f0000000, 0x00000000f0000000)
[18.766s][debug  ][gc,heap        ] GC(68)   object space 1835008K, 84% used [0x0000000080000000,0x00000000de799488,0x00000000f0000000)
[18.766s][debug  ][gc,heap        ] GC(68)  Metaspace       used 1021K, committed 1216K, reserved 1056768K
[18.766s][debug  ][gc,heap        ] GC(68)   class space    used 83K, committed 192K, reserved 1048576K
[18.766s][debug  ][gc,task,time   ] GC(68) VM-Thread 187495500 187643418 187663517
[19.051s][debug  ][gc,heap        ] GC(69) Heap before GC invocations=70 (full 11):
[19.051s][debug  ][gc,heap        ] GC(69)  PSYoungGen      total 225280K, used 218724K [0x00000000f0000000, 0x0000000100000000, 0x0000000100000000)
[19.051s][debug  ][gc,heap        ] GC(69)   eden space 188928K, 99% used [0x00000000f0000000,0x00000000fb798fe8,0x00000000fb880000)
[19.051s][debug  ][gc,heap        ] GC(69)   from space 36352K, 84% used [0x00000000fb880000,0x00000000fd680030,0x00000000fdc00000)
[19.051s][debug  ][gc,heap        ] GC(69)   to   space 36352K, 0% used [0x00000000fdc80000,0x00000000fdc80000,0x0000000100000000)
[19.051s][debug  ][gc,heap        ] GC(69)  ParOldGen       total 1835008K, used 1547877K [0x0000000080000000, 0x00000000f0000000, 0x00000000f0000000)
[19.051s][debug  ][gc,heap        ] GC(69)   object space 1835008K, 84% used [0x0000000080000000,0x00000000de799488,0x00000000f0000000)
[19.051s][debug  ][gc,heap        ] GC(69)  Metaspace       used 1021K, committed 1216K, reserved 1056768K
[19.051s][debug  ][gc,heap        ] GC(69)   class space    used 83K, committed 192K, reserved 1048576K
[19.051s][debug  ][gc,tlab        ] GC(69) TLAB totals: thrds: 1  refills: 1 max: 1 slow allocs: 17 max 17 waste: 26.5% gc: 3772104B max: 3772104B slow: 0B max: 0B
[19.052s][info   ][gc,start       ] GC(69) Pause Young (Allocation Failure)
[19.052s][debug  ][gc,phases,start] GC(69) Scavenge
[19.066s][debug  ][gc,phases      ] GC(69) Scavenge 14.278ms
[19.066s][debug  ][gc,phases,start] GC(69) Reference Processing
[19.066s][debug  ][gc,ref         ] GC(69) Skipped phase 1 of Reference Processing: no references
[19.066s][debug  ][gc,ref         ] GC(69) Skipped phase 2 of Reference Processing: no references
[19.066s][debug  ][gc,ref         ] GC(69) Skipped phase 3 of Reference Processing: no references
[19.066s][debug  ][gc,ref         ] GC(69) Skipped phase 4 of Reference Processing: no references
[19.066s][debug  ][gc,phases,ref  ] GC(69) Reference Processing: 0.1ms
[19.066s][debug  ][gc,phases,ref  ] GC(69)   Reconsider SoftReferences: 0.0ms
[19.066s][debug  ][gc,phases,ref  ] GC(69)     SoftRef (ms):                  skipped
[19.066s][debug  ][gc,phases,ref  ] GC(69)   Notify Soft/WeakReferences: 0.0ms
[19.066s][debug  ][gc,phases,ref  ] GC(69)     SoftRef (ms):                  skipped
[19.066s][debug  ][gc,phases,ref  ] GC(69)     WeakRef (ms):                  skipped
[19.066s][debug  ][gc,phases,ref  ] GC(69)     FinalRef (ms):                 skipped
[19.066s][debug  ][gc,phases,ref  ] GC(69)     Total (ms):                    skipped
[19.066s][debug  ][gc,phases,ref  ] GC(69)   Notify and keep alive finalizable: 0.0ms
[19.066s][debug  ][gc,phases,ref  ] GC(69)     FinalRef (ms):                 skipped
[19.066s][debug  ][gc,phases,ref  ] GC(69)   Notify PhantomReferences: 0.0ms
[19.066s][debug  ][gc,phases,ref  ] GC(69)     PhantomRef (ms):               skipped
[19.066s][debug  ][gc,phases,ref  ] GC(69)   SoftReference:
[19.066s][debug  ][gc,phases,ref  ] GC(69)     Discovered: 0
[19.066s][debug  ][gc,phases,ref  ] GC(69)     Cleared: 0
[19.066s][debug  ][gc,phases,ref  ] GC(69)   WeakReference:
[19.066s][debug  ][gc,phases,ref  ] GC(69)     Discovered: 0
[19.066s][debug  ][gc,phases,ref  ] GC(69)     Cleared: 0
[19.066s][debug  ][gc,phases,ref  ] GC(69)   FinalReference:
[19.066s][debug  ][gc,phases,ref  ] GC(69)     Discovered: 0
[19.066s][debug  ][gc,phases,ref  ] GC(69)     Cleared: 0
[19.066s][debug  ][gc,phases,ref  ] GC(69)   PhantomReference:
[19.066s][debug  ][gc,phases,ref  ] GC(69)     Discovered: 0
[19.066s][debug  ][gc,phases,ref  ] GC(69)     Cleared: 0
[19.066s][debug  ][gc,phases      ] GC(69) Reference Processing 0.566ms
[19.067s][debug  ][gc,phases,start] GC(69) Weak Processing
[19.067s][debug  ][gc,phases      ] GC(69)   VM Weak                        Min:  0.0, Avg:  0.0, Max:  0.0, Diff:  0.0, Sum:  0.0, Workers: 6
[19.067s][debug  ][gc,phases      ] GC(69)     Dead                           Min: 0, Avg:  0.0, Max: 0, Diff: 0, Sum: 0, Workers: 6
[19.067s][debug  ][gc,phases      ] GC(69)     Total                          Min: 0, Avg:  1.3, Max: 8, Diff: 8, Sum: 8, Workers: 6
[19.067s][debug  ][gc,phases      ] GC(69)   ObjectSynchronizer Weak        Min:  0.0, Avg:  0.0, Max:  0.0, Diff:  0.0, Sum:  0.0, Workers: 6
[19.067s][debug  ][gc,phases      ] GC(69)     Dead                           Min: 0, Avg:  0.0, Max: 0, Diff: 0, Sum: 0, Workers: 6
[19.067s][debug  ][gc,phases      ] GC(69)     Total                          Min: 0, Avg:  0.5, Max: 3, Diff: 3, Sum: 3, Workers: 6
[19.067s][debug  ][gc,phases      ] GC(69)   JVMTI Tag Weak OopStorage      Min:  0.0, Avg:  0.0, Max:  0.0, Diff:  0.0, Sum:  0.0, Workers: 6
[19.067s][debug  ][gc,phases      ] GC(69)     Dead                           Min: 0, Avg:  0.0, Max: 0, Diff: 0, Sum: 0, Workers: 6
[19.067s][debug  ][gc,phases      ] GC(69)     Total                          Min: 0, Avg:  0.0, Max: 0, Diff: 0, Sum: 0, Workers: 6
[19.067s][debug  ][gc,phases      ] GC(69)   StringTable Weak               Min:  0.0, Avg:  0.0, Max:  0.0, Diff:  0.0, Sum:  0.0, Workers: 6
[19.067s][debug  ][gc,phases      ] GC(69)     Dead                           Min: 0, Avg:  0.0, Max: 0, Diff: 0, Sum: 0, Workers: 6
[19.067s][debug  ][gc,phases      ] GC(69)     Total                          Min: 704, Avg: 891.8, Max: 1088, Diff: 384, Sum: 5351, Workers: 6
[19.067s][debug  ][gc,phases      ] GC(69)   ResolvedMethodTable Weak       Min:  0.0, Avg:  0.0, Max:  0.0, Diff:  0.0, Sum:  0.0, Workers: 6
[19.067s][debug  ][gc,phases      ] GC(69)     Dead                           Min: 0, Avg:  0.0, Max: 0, Diff: 0, Sum: 0, Workers: 6
[19.067s][debug  ][gc,phases      ] GC(69)     Total                          Min: 0, Avg: 21.7, Max: 64, Diff: 64, Sum: 130, Workers: 6
[19.067s][debug  ][gc,phases      ] GC(69)   JNI Weak                       Min:  0.0, Avg:  0.0, Max:  0.0, Diff:  0.0, Sum:  0.0, Workers: 6
[19.067s][debug  ][gc,phases      ] GC(69)     Dead                           Min: 0, Avg:  0.0, Max: 0, Diff: 0, Sum: 0, Workers: 6
[19.067s][debug  ][gc,phases      ] GC(69)     Total                          Min: 0, Avg:  0.0, Max: 0, Diff: 0, Sum: 0, Workers: 6
[19.067s][debug  ][gc,phases      ] GC(69)   StringDedup Table Weak         Min:  0.0, Avg:  0.0, Max:  0.0, Diff:  0.0, Sum:  0.0, Workers: 6
[19.067s][debug  ][gc,phases      ] GC(69)     Dead                           Min: 0, Avg:  0.0, Max: 0, Diff: 0, Sum: 0, Workers: 6
[19.067s][debug  ][gc,phases      ] GC(69)     Total                          Min: 0, Avg:  0.0, Max: 0, Diff: 0, Sum: 0, Workers: 6
[19.067s][debug  ][gc,phases      ] GC(69)   StringDedup Requests0 Weak     Min:  0.0, Avg:  0.0, Max:  0.0, Diff:  0.0, Sum:  0.0, Workers: 6
[19.067s][debug  ][gc,phases      ] GC(69)     Dead                           Min: 0, Avg:  0.0, Max: 0, Diff: 0, Sum: 0, Workers: 6
[19.067s][debug  ][gc,phases      ] GC(69)     Total                          Min: 0, Avg:  0.0, Max: 0, Diff: 0, Sum: 0, Workers: 6
[19.067s][debug  ][gc,phases      ] GC(69)   StringDedup Requests1 Weak     Min:  0.0, Avg:  0.0, Max:  0.0, Diff:  0.0, Sum:  0.0, Workers: 6
[19.067s][debug  ][gc,phases      ] GC(69)     Dead                           Min: 0, Avg:  0.0, Max: 0, Diff: 0, Sum: 0, Workers: 6
[19.067s][debug  ][gc,phases      ] GC(69)     Total                          Min: 0, Avg:  0.0, Max: 0, Diff: 0, Sum: 0, Workers: 6
[19.067s][debug  ][gc,phases      ] GC(69)   Weak JFR Old Object Samples    Min:  0.0, Avg:  0.0, Max:  0.0, Diff:  0.0, Sum:  0.0, Workers: 6
[19.067s][debug  ][gc,phases      ] GC(69)     Dead                           Min: 0, Avg:  0.0, Max: 0, Diff: 0, Sum: 0, Workers: 6
[19.067s][debug  ][gc,phases      ] GC(69)     Total                          Min: 0, Avg:  0.0, Max: 0, Diff: 0, Sum: 0, Workers: 6
[19.067s][debug  ][gc,phases      ] GC(69) Weak Processing 0.717ms
[19.067s][debug  ][gc,ergo        ] GC(69) AdaptiveSizeStart:  collection: 70 
[19.067s][debug  ][gc,ergo        ] GC(69) avg_survived_padded_avg: 36670608.000000
[19.067s][debug  ][gc,ergo        ] GC(69) avg_promoted_padded_avg: 267343248.000000  avg_pretenured_padded_avg: 0.000000  tenuring_thresh: 1  target_size: 36700160
[19.067s][debug  ][gc,age         ] GC(69) Desired survivor size 36700160 bytes, new threshold 1 (max threshold 15)
[19.067s][debug  ][gc,ergo        ] GC(69) PSAdaptiveSizePolicy::compute_eden_space_size limits: desired_eden_size: 214335339 old_eden_size: 193462272 eden_limit: 193986560 cur_eden: 193462272 max_eden_size: 193986560 avg_young_live: 26848056
[19.067s][debug  ][gc,ergo        ] GC(69) PSAdaptiveSizePolicy::compute_eden_space_size: costs minor_time: 0.050213 major_cost: 0.043119 mutator_cost: 0.906668 throughput_goal: 0.990000
[19.067s][debug  ][gc,ergo        ] GC(69) Live_space: 981990592 free_space: 1365245952
[19.067s][debug  ][gc,ergo        ] GC(69) Old eden_size: 193462272 desired_eden_size: 193986560
[19.067s][debug  ][gc,ergo        ] GC(69) AdaptiveSizeStop: collection: 70 
[19.067s][info   ][gc,heap        ] GC(69) PSYoungGen: 218724K(225280K)->30720K(226304K) Eden: 188003K(188928K)->0K(189952K) From: 30720K(36352K)->30720K(36352K)
[19.068s][info   ][gc,heap        ] GC(69) ParOldGen: 1547877K(1835008K)->1732197K(1835008K)
[19.068s][info   ][gc,metaspace   ] GC(69) Metaspace: 1021K(1216K)->1021K(1216K) NonClass: 937K(1024K)->937K(1024K) Class: 83K(192K)->83K(192K)
[19.068s][info   ][gc             ] GC(69) Pause Young (Allocation Failure) 1725M->1721M(2013M) 16.083ms
[19.068s][info   ][gc,cpu         ] GC(69) User=0.09s Sys=0.00s Real=0.02s
[19.068s][debug  ][gc,heap        ] GC(69) Heap after GC invocations=70 (full 11):
[19.068s][debug  ][gc,heap        ] GC(69)  PSYoungGen      total 226304K, used 30720K [0x00000000f0000000, 0x0000000100000000, 0x0000000100000000)
[19.068s][debug  ][gc,heap        ] GC(69)   eden space 189952K, 0% used [0x00000000f0000000,0x00000000f0000000,0x00000000fb980000)
[19.068s][debug  ][gc,heap        ] GC(69)   from space 36352K, 84% used [0x00000000fdc80000,0x00000000ffa80030,0x0000000100000000)
[19.068s][debug  ][gc,heap        ] GC(69)   to   space 35840K, 0% used [0x00000000fb980000,0x00000000fb980000,0x00000000fdc80000)
[19.068s][debug  ][gc,heap        ] GC(69)  ParOldGen       total 1835008K, used 1732197K [0x0000000080000000, 0x00000000f0000000, 0x00000000f0000000)
[19.068s][debug  ][gc,heap        ] GC(69)   object space 1835008K, 94% used [0x0000000080000000,0x00000000e9b995a8,0x00000000f0000000)
[19.068s][debug  ][gc,heap        ] GC(69)  Metaspace       used 1021K, committed 1216K, reserved 1056768K
[19.068s][debug  ][gc,heap        ] GC(69)   class space    used 83K, committed 192K, reserved 1048576K
[19.068s][debug  ][gc,task,time   ] GC(69) VM-Thread 190511304 190659156 190678756
[19.068s][debug  ][gc,phases,start] GC(70) Pre Compact
[19.068s][debug  ][gc,heap        ] GC(70) Heap before GC invocations=71 (full 12):
[19.068s][debug  ][gc,heap        ] GC(70)  PSYoungGen      total 226304K, used 30720K [0x00000000f0000000, 0x0000000100000000, 0x0000000100000000)
[19.068s][debug  ][gc,heap        ] GC(70)   eden space 189952K, 0% used [0x00000000f0000000,0x00000000f0000000,0x00000000fb980000)
[19.068s][debug  ][gc,heap        ] GC(70)   from space 36352K, 84% used [0x00000000fdc80000,0x00000000ffa80030,0x0000000100000000)
[19.068s][debug  ][gc,heap        ] GC(70)   to   space 35840K, 0% used [0x00000000fb980000,0x00000000fb980000,0x00000000fdc80000)
[19.068s][debug  ][gc,heap        ] GC(70)  ParOldGen       total 1835008K, used 1732197K [0x0000000080000000, 0x00000000f0000000, 0x00000000f0000000)
[19.068s][debug  ][gc,heap        ] GC(70)   object space 1835008K, 94% used [0x0000000080000000,0x00000000e9b995a8,0x00000000f0000000)
[19.068s][debug  ][gc,heap        ] GC(70)  Metaspace       used 1021K, committed 1216K, reserved 1056768K
[19.068s][debug  ][gc,heap        ] GC(70)   class space    used 83K, committed 192K, reserved 1048576K
[19.068s][debug  ][gc,phases      ] GC(70) Pre Compact 0.205ms
[19.068s][info   ][gc,start       ] GC(70) Pause Full (Ergonomics)
[19.068s][info   ][gc,phases,start] GC(70) Marking Phase
[19.068s][debug  ][gc,phases,start] GC(70) Par Mark
[19.069s][debug  ][gc,phases      ] GC(70) Par Mark 0.549ms
[19.069s][debug  ][gc,phases,start] GC(70) Reference Processing
[19.069s][debug  ][gc,ref         ] GC(70) Skipped phase 1 of Reference Processing: no references
[19.069s][debug  ][gc,ref         ] GC(70) ReferenceProcessor::execute queues: 1, RefProcThreadModel::Single, marks_oops_alive: false
[19.069s][debug  ][gc,ref         ] GC(70) Skipped phase 3 of Reference Processing: no references
[19.069s][debug  ][gc,ref         ] GC(70) ReferenceProcessor::execute queues: 1, RefProcThreadModel::Single, marks_oops_alive: false
[19.069s][debug  ][gc,phases,ref  ] GC(70) Reference Processing: 0.1ms
[19.069s][debug  ][gc,phases,ref  ] GC(70)   Reconsider SoftReferences: 0.0ms
[19.069s][debug  ][gc,phases,ref  ] GC(70)     SoftRef (ms):                  skipped
[19.069s][debug  ][gc,phases,ref  ] GC(70)   Notify Soft/WeakReferences: 0.0ms
[19.069s][debug  ][gc,phases,ref  ] GC(70)     SoftRef (ms):                  Min:  0.0, Avg:  0.0, Max:  0.0, Diff:  0.0, Sum:  0.0, Workers: 6
[19.069s][debug  ][gc,phases,ref  ] GC(70)     WeakRef (ms):                  Min:  0.0, Avg:  0.0, Max:  0.0, Diff:  0.0, Sum:  0.0, Workers: 6
[19.069s][debug  ][gc,phases,ref  ] GC(70)     FinalRef (ms):                 Min:  0.0, Avg:  0.0, Max:  0.0, Diff:  0.0, Sum:  0.0, Workers: 6
[19.069s][debug  ][gc,phases,ref  ] GC(70)     Total (ms):                    Min:  0.0, Avg:  0.0, Max:  0.0, Diff:  0.0, Sum:  0.0, Workers: 6
[19.069s][debug  ][gc,phases,ref  ] GC(70)   Notify and keep alive finalizable: 0.0ms
[19.069s][debug  ][gc,phases,ref  ] GC(70)     FinalRef (ms):                 skipped
[19.069s][debug  ][gc,phases,ref  ] GC(70)   Notify PhantomReferences: 0.0ms
[19.069s][debug  ][gc,phases,ref  ] GC(70)     PhantomRef (ms):               Min:  0.0, Avg:  0.0, Max:  0.0, Diff:  0.0, Sum:  0.0, Workers: 6
[19.069s][debug  ][gc,phases,ref  ] GC(70)   SoftReference:
[19.069s][debug  ][gc,phases,ref  ] GC(70)     Discovered: 0
[19.069s][debug  ][gc,phases,ref  ] GC(70)     Cleared: 0
[19.069s][debug  ][gc,phases,ref  ] GC(70)   WeakReference:
[19.069s][debug  ][gc,phases,ref  ] GC(70)     Discovered: 81
[19.069s][debug  ][gc,phases,ref  ] GC(70)     Cleared: 81
[19.069s][debug  ][gc,phases,ref  ] GC(70)   FinalReference:
[19.069s][debug  ][gc,phases,ref  ] GC(70)     Discovered: 0
[19.069s][debug  ][gc,phases,ref  ] GC(70)     Cleared: 0
[19.069s][debug  ][gc,phases,ref  ] GC(70)   PhantomReference:
[19.069s][debug  ][gc,phases,ref  ] GC(70)     Discovered: 5
[19.069s][debug  ][gc,phases,ref  ] GC(70)     Cleared: 5
[19.069s][debug  ][gc,phases      ] GC(70) Reference Processing 0.592ms
[19.069s][debug  ][gc,phases,start] GC(70) Weak Processing
[19.069s][debug  ][gc,phases      ] GC(70)   VM Weak                        Min:  0.0, Avg:  0.0, Max:  0.0, Diff:  0.0, Sum:  0.0, Workers: 6
[19.069s][debug  ][gc,phases      ] GC(70)     Dead                           Min: 0, Avg:  0.0, Max: 0, Diff: 0, Sum: 0, Workers: 6
[19.069s][debug  ][gc,phases      ] GC(70)     Total                          Min: 0, Avg:  1.3, Max: 8, Diff: 8, Sum: 8, Workers: 6
[19.070s][debug  ][gc,phases      ] GC(70)   ObjectSynchronizer Weak        Min:  0.0, Avg:  0.0, Max:  0.0, Diff:  0.0, Sum:  0.0, Workers: 6
[19.070s][debug  ][gc,phases      ] GC(70)     Dead                           Min: 0, Avg:  0.0, Max: 0, Diff: 0, Sum: 0, Workers: 6
[19.070s][debug  ][gc,phases      ] GC(70)     Total                          Min: 0, Avg:  0.5, Max: 3, Diff: 3, Sum: 3, Workers: 6
[19.070s][debug  ][gc,phases      ] GC(70)   JVMTI Tag Weak OopStorage      Min:  0.0, Avg:  0.0, Max:  0.0, Diff:  0.0, Sum:  0.0, Workers: 6
[19.070s][debug  ][gc,phases      ] GC(70)     Dead                           Min: 0, Avg:  0.0, Max: 0, Diff: 0, Sum: 0, Workers: 6
[19.070s][debug  ][gc,phases      ] GC(70)     Total                          Min: 0, Avg:  0.0, Max: 0, Diff: 0, Sum: 0, Workers: 6
[19.070s][debug  ][gc,phases      ] GC(70)   StringTable Weak               Min:  0.0, Avg:  0.0, Max:  0.0, Diff:  0.0, Sum:  0.0, Workers: 6
[19.070s][debug  ][gc,phases      ] GC(70)     Dead                           Min: 0, Avg:  0.0, Max: 0, Diff: 0, Sum: 0, Workers: 6
[19.070s][debug  ][gc,phases      ] GC(70)     Total                          Min: 639, Avg: 891.8, Max: 1152, Diff: 513, Sum: 5351, Workers: 6
[19.070s][debug  ][gc,phases      ] GC(70)   ResolvedMethodTable Weak       Min:  0.0, Avg:  0.0, Max:  0.0, Diff:  0.0, Sum:  0.0, Workers: 6
[19.070s][debug  ][gc,phases      ] GC(70)     Dead                           Min: 0, Avg:  0.0, Max: 0, Diff: 0, Sum: 0, Workers: 6
[19.070s][debug  ][gc,phases      ] GC(70)     Total                          Min: 0, Avg: 21.7, Max: 64, Diff: 64, Sum: 130, Workers: 6
[19.070s][debug  ][gc,phases      ] GC(70)   JNI Weak                       Min:  0.0, Avg:  0.0, Max:  0.0, Diff:  0.0, Sum:  0.0, Workers: 6
[19.070s][debug  ][gc,phases      ] GC(70)     Dead                           Min: 0, Avg:  0.0, Max: 0, Diff: 0, Sum: 0, Workers: 6
[19.070s][debug  ][gc,phases      ] GC(70)     Total                          Min: 0, Avg:  0.0, Max: 0, Diff: 0, Sum: 0, Workers: 6
[19.070s][debug  ][gc,phases      ] GC(70)   StringDedup Table Weak         Min:  0.0, Avg:  0.0, Max:  0.0, Diff:  0.0, Sum:  0.0, Workers: 6
[19.070s][debug  ][gc,phases      ] GC(70)     Dead                           Min: 0, Avg:  0.0, Max: 0, Diff: 0, Sum: 0, Workers: 6
[19.070s][debug  ][gc,phases      ] GC(70)     Total                          Min: 0, Avg:  0.0, Max: 0, Diff: 0, Sum: 0, Workers: 6
[19.070s][debug  ][gc,phases      ] GC(70)   StringDedup Requests0 Weak     Min:  0.0, Avg:  0.0, Max:  0.0, Diff:  0.0, Sum:  0.0, Workers: 6
[19.070s][debug  ][gc,phases      ] GC(70)     Dead                           Min: 0, Avg:  0.0, Max: 0, Diff: 0, Sum: 0, Workers: 6
[19.070s][debug  ][gc,phases      ] GC(70)     Total                          Min: 0, Avg:  0.0, Max: 0, Diff: 0, Sum: 0, Workers: 6
[19.070s][debug  ][gc,phases      ] GC(70)   StringDedup Requests1 Weak     Min:  0.0, Avg:  0.0, Max:  0.0, Diff:  0.0, Sum:  0.0, Workers: 6
[19.070s][debug  ][gc,phases      ] GC(70)     Dead                           Min: 0, Avg:  0.0, Max: 0, Diff: 0, Sum: 0, Workers: 6
[19.070s][debug  ][gc,phases      ] GC(70)     Total                          Min: 0, Avg:  0.0, Max: 0, Diff: 0, Sum: 0, Workers: 6
[19.070s][debug  ][gc,phases      ] GC(70)   Weak JFR Old Object Samples    Min:  0.0, Avg:  0.0, Max:  0.0, Diff:  0.0, Sum:  0.0, Workers: 6
[19.070s][debug  ][gc,phases      ] GC(70)     Dead                           Min: 0, Avg:  0.0, Max: 0, Diff: 0, Sum: 0, Workers: 6
[19.070s][debug  ][gc,phases      ] GC(70)     Total                          Min: 0, Avg:  0.0, Max: 0, Diff: 0, Sum: 0, Workers: 6
[19.070s][debug  ][gc,phases      ] GC(70) Weak Processing 0.838ms
[19.070s][debug  ][gc,phases,start] GC(70) Class Unloading
[19.070s][debug  ][gc,phases,start] GC(70) ClassLoaderData
[19.070s][debug  ][gc,phases      ] GC(70) ClassLoaderData 0.024ms
[19.070s][debug  ][gc,phases,start] GC(70) Trigger cleanups
[19.070s][debug  ][gc,phases      ] GC(70) Trigger cleanups 0.023ms
[19.071s][debug  ][gc,phases      ] GC(70) Class Unloading 0.279ms
[19.071s][info   ][gc,phases      ] GC(70) Marking Phase 2.383ms
[19.071s][info   ][gc,phases,start] GC(70) Summary Phase
[19.071s][info   ][gc,phases      ] GC(70) Summary Phase 0.037ms
[19.071s][info   ][gc,phases,start] GC(70) Adjust Roots
[19.071s][info   ][gc,phases      ] GC(70) Adjust Roots 0.163ms
[19.071s][info   ][gc,phases,start] GC(70) Compaction Phase
[19.163s][info   ][gc,phases      ] GC(70) Compaction Phase 91.777ms
[19.163s][info   ][gc,phases,start] GC(70) Post Compact
[19.169s][info   ][gc,phases      ] GC(70) Post Compact 6.006ms
[19.169s][debug  ][gc,ergo        ] GC(70) AdaptiveSizeStart: collection: 71 
[19.169s][debug  ][gc,ergo        ] GC(70) PSAdaptiveSizePolicy::compute_eden_space_size limits: desired_eden_size: 214636683 old_eden_size: 193986560 eden_limit: 194510848 cur_eden: 194510848 max_eden_size: 194510848 avg_young_live: 24163252
[19.169s][debug  ][gc,ergo        ] GC(70) PSAdaptiveSizePolicy::compute_eden_space_size: costs minor_time: 0.050213 major_cost: 0.047893 mutator_cost: 0.901894 throughput_goal: 0.990000
[19.169s][debug  ][gc,ergo        ] GC(70) Live_space: 979305792 free_space: 1365770240
[19.169s][debug  ][gc,ergo        ] GC(70) Old eden_size: 193986560 desired_eden_size: 194510848
[19.169s][debug  ][gc,ergo        ] GC(70) PSAdaptiveSizePolicy::compute_old_gen_free_space limits: desired_promo_size: 1297707896 promo_limit: 1175909632 free_in_old_gen: 1175909632 max_old_gen_size: 1879048192 avg_old_live: 703138560
[19.169s][debug  ][gc,ergo        ] GC(70) PSAdaptiveSizePolicy::compute_old_gen_free_space: costs minor_time: 0.050213 major_cost: 0.047893  mutator_cost: 0.901894 throughput_goal: 0.990000
[19.169s][debug  ][gc,ergo        ] GC(70) Live_space: 995737280 free_space: 1366294528
[19.169s][debug  ][gc,ergo        ] GC(70) Old promo_size: 1171783680 desired_promo_size: 1175453696
[19.169s][debug  ][gc,ergo        ] GC(70) AdaptiveSizeStop: collection: 71 
[19.169s][info   ][gc,heap        ] GC(70) PSYoungGen: 30720K(226304K)->0K(225792K) Eden: 0K(189952K)->0K(189952K) From: 30720K(36352K)->0K(35840K)
[19.169s][info   ][gc,heap        ] GC(70) ParOldGen: 1732197K(1835008K)->831076K(1835008K)
[19.169s][info   ][gc,metaspace   ] GC(70) Metaspace: 1021K(1216K)->1021K(1216K) NonClass: 937K(1024K)->937K(1024K) Class: 83K(192K)->83K(192K)
[19.169s][info   ][gc             ] GC(70) Pause Full (Ergonomics) 1721M->811M(2012M) 100.955ms
[19.169s][info   ][gc,cpu         ] GC(70) User=0.56s Sys=0.00s Real=0.10s
[19.169s][debug  ][gc,heap        ] GC(70) Heap after GC invocations=71 (full 12):
[19.169s][debug  ][gc,heap        ] GC(70)  PSYoungGen      total 225792K, used 0K [0x00000000f0000000, 0x0000000100000000, 0x0000000100000000)
[19.169s][debug  ][gc,heap        ] GC(70)   eden space 189952K, 0% used [0x00000000f0000000,0x00000000f0000000,0x00000000fb980000)
[19.169s][debug  ][gc,heap        ] GC(70)   from space 35840K, 0% used [0x00000000fb980000,0x00000000fb980000,0x00000000fdc80000)
[19.169s][debug  ][gc,heap        ] GC(70)   to   space 35840K, 0% used [0x00000000fdd00000,0x00000000fdd00000,0x0000000100000000)
[19.169s][debug  ][gc,heap        ] GC(70)  ParOldGen       total 1835008K, used 831076K [0x0000000080000000, 0x00000000f0000000, 0x00000000f0000000)
[19.169s][debug  ][gc,heap        ] GC(70)   object space 1835008K, 45% used [0x0000000080000000,0x00000000b2b99028,0x00000000f0000000)
[19.169s][debug  ][gc,heap        ] GC(70)  Metaspace       used 1021K, committed 1216K, reserved 1056768K
[19.169s][debug  ][gc,heap        ] GC(70)   class space    used 83K, committed 192K, reserved 1048576K
[19.169s][debug  ][gc,task,time   ] GC(70) VM-Thread 190681502 190708122 191691391
[19.462s][debug  ][gc,heap        ] GC(71) Heap before GC invocations=72 (full 12):
[19.462s][debug  ][gc,heap        ] GC(71)  PSYoungGen      total 225792K, used 188031K [0x00000000f0000000, 0x0000000100000000, 0x0000000100000000)
[19.462s][debug  ][gc,heap        ] GC(71)   eden space 189952K, 98% used [0x00000000f0000000,0x00000000fb79fd18,0x00000000fb980000)
[19.462s][debug  ][gc,heap        ] GC(71)   from space 35840K, 0% used [0x00000000fb980000,0x00000000fb980000,0x00000000fdc80000)
[19.462s][debug  ][gc,heap        ] GC(71)   to   space 35840K, 0% used [0x00000000fdd00000,0x00000000fdd00000,0x0000000100000000)
[19.463s][debug  ][gc,heap        ] GC(71)  ParOldGen       total 1835008K, used 831076K [0x0000000080000000, 0x00000000f0000000, 0x00000000f0000000)
[19.463s][debug  ][gc,heap        ] GC(71)   object space 1835008K, 45% used [0x0000000080000000,0x00000000b2b99028,0x00000000f0000000)
[19.463s][debug  ][gc,heap        ] GC(71)  Metaspace       used 1021K, committed 1216K, reserved 1056768K
[19.463s][debug  ][gc,heap        ] GC(71)   class space    used 83K, committed 192K, reserved 1048576K
[19.463s][debug  ][gc,tlab        ] GC(71) TLAB totals: thrds: 1  refills: 1 max: 1 slow allocs: 17 max 17 waste: 26.6% gc: 3800056B max: 3800056B slow: 0B max: 0B
[19.463s][info   ][gc,start       ] GC(71) Pause Young (Allocation Failure)
[19.463s][debug  ][gc,phases,start] GC(71) Scavenge
[19.475s][debug  ][gc,phases      ] GC(71) Scavenge 12.372ms
[19.475s][debug  ][gc,phases,start] GC(71) Reference Processing
[19.475s][debug  ][gc,ref         ] GC(71) Skipped phase 1 of Reference Processing: no references
[19.475s][debug  ][gc,ref         ] GC(71) Skipped phase 2 of Reference Processing: no references
[19.475s][debug  ][gc,ref         ] GC(71) Skipped phase 3 of Reference Processing: no references
[19.475s][debug  ][gc,ref         ] GC(71) Skipped phase 4 of Reference Processing: no references
[19.475s][debug  ][gc,phases,ref  ] GC(71) Reference Processing: 0.1ms
[19.475s][debug  ][gc,phases,ref  ] GC(71)   Reconsider SoftReferences: 0.0ms
[19.475s][debug  ][gc,phases,ref  ] GC(71)     SoftRef (ms):                  skipped
[19.475s][debug  ][gc,phases,ref  ] GC(71)   Notify Soft/WeakReferences: 0.0ms
[19.475s][debug  ][gc,phases,ref  ] GC(71)     SoftRef (ms):                  skipped
[19.475s][debug  ][gc,phases,ref  ] GC(71)     WeakRef (ms):                  skipped
[19.476s][debug  ][gc,phases,ref  ] GC(71)     FinalRef (ms):                 skipped
[19.476s][debug  ][gc,phases,ref  ] GC(71)     Total (ms):                    skipped
[19.476s][debug  ][gc,phases,ref  ] GC(71)   Notify and keep alive finalizable: 0.0ms
[19.476s][debug  ][gc,phases,ref  ] GC(71)     FinalRef (ms):                 skipped
[19.476s][debug  ][gc,phases,ref  ] GC(71)   Notify PhantomReferences: 0.0ms
[19.476s][debug  ][gc,phases,ref  ] GC(71)     PhantomRef (ms):               skipped
[19.476s][debug  ][gc,phases,ref  ] GC(71)   SoftReference:
[19.476s][debug  ][gc,phases,ref  ] GC(71)     Discovered: 0
[19.476s][debug  ][gc,phases,ref  ] GC(71)     Cleared: 0
[19.476s][debug  ][gc,phases,ref  ] GC(71)   WeakReference:
[19.476s][debug  ][gc,phases,ref  ] GC(71)     Discovered: 0
[19.476s][debug  ][gc,phases,ref  ] GC(71)     Cleared: 0
[19.476s][debug  ][gc,phases,ref  ] GC(71)   FinalReference:
[19.476s][debug  ][gc,phases,ref  ] GC(71)     Discovered: 0
[19.476s][debug  ][gc,phases,ref  ] GC(71)     Cleared: 0
[19.476s][debug  ][gc,phases,ref  ] GC(71)   PhantomReference:
[19.476s][debug  ][gc,phases,ref  ] GC(71)     Discovered: 0
[19.476s][debug  ][gc,phases,ref  ] GC(71)     Cleared: 0
[19.476s][debug  ][gc,phases      ] GC(71) Reference Processing 0.835ms
[19.476s][debug  ][gc,phases,start] GC(71) Weak Processing
[19.476s][debug  ][gc,phases      ] GC(71)   VM Weak                        Min:  0.0, Avg:  0.0, Max:  0.0, Diff:  0.0, Sum:  0.0, Workers: 6
[19.476s][debug  ][gc,phases      ] GC(71)     Dead                           Min: 0, Avg:  0.0, Max: 0, Diff: 0, Sum: 0, Workers: 6
[19.476s][debug  ][gc,phases      ] GC(71)     Total                          Min: 0, Avg:  1.3, Max: 8, Diff: 8, Sum: 8, Workers: 6
[19.476s][debug  ][gc,phases      ] GC(71)   ObjectSynchronizer Weak        Min:  0.0, Avg:  0.0, Max:  0.0, Diff:  0.0, Sum:  0.0, Workers: 6
[19.476s][debug  ][gc,phases      ] GC(71)     Dead                           Min: 0, Avg:  0.0, Max: 0, Diff: 0, Sum: 0, Workers: 6
[19.476s][debug  ][gc,phases      ] GC(71)     Total                          Min: 0, Avg:  0.5, Max: 3, Diff: 3, Sum: 3, Workers: 6
[19.476s][debug  ][gc,phases      ] GC(71)   JVMTI Tag Weak OopStorage      Min:  0.0, Avg:  0.0, Max:  0.0, Diff:  0.0, Sum:  0.0, Workers: 6
[19.476s][debug  ][gc,phases      ] GC(71)     Dead                           Min: 0, Avg:  0.0, Max: 0, Diff: 0, Sum: 0, Workers: 6
[19.476s][debug  ][gc,phases      ] GC(71)     Total                          Min: 0, Avg:  0.0, Max: 0, Diff: 0, Sum: 0, Workers: 6
[19.476s][debug  ][gc,phases      ] GC(71)   StringTable Weak               Min:  0.0, Avg:  0.0, Max:  0.0, Diff:  0.0, Sum:  0.0, Workers: 6
[19.476s][debug  ][gc,phases      ] GC(71)     Dead                           Min: 0, Avg:  0.0, Max: 0, Diff: 0, Sum: 0, Workers: 6
[19.476s][debug  ][gc,phases      ] GC(71)     Total                          Min: 704, Avg: 891.8, Max: 1192, Diff: 488, Sum: 5351, Workers: 6
[19.476s][debug  ][gc,phases      ] GC(71)   ResolvedMethodTable Weak       Min:  0.0, Avg:  0.0, Max:  0.0, Diff:  0.0, Sum:  0.0, Workers: 6
[19.477s][debug  ][gc,phases      ] GC(71)     Dead                           Min: 0, Avg:  0.0, Max: 0, Diff: 0, Sum: 0, Workers: 6
[19.477s][debug  ][gc,phases      ] GC(71)     Total                          Min: 0, Avg: 21.7, Max: 64, Diff: 64, Sum: 130, Workers: 6
[19.477s][debug  ][gc,phases      ] GC(71)   JNI Weak                       Min:  0.0, Avg:  0.0, Max:  0.0, Diff:  0.0, Sum:  0.0, Workers: 6
[19.477s][debug  ][gc,phases      ] GC(71)     Dead                           Min: 0, Avg:  0.0, Max: 0, Diff: 0, Sum: 0, Workers: 6
[19.477s][debug  ][gc,phases      ] GC(71)     Total                          Min: 0, Avg:  0.0, Max: 0, Diff: 0, Sum: 0, Workers: 6
[19.477s][debug  ][gc,phases      ] GC(71)   StringDedup Table Weak         Min:  0.0, Avg:  0.0, Max:  0.0, Diff:  0.0, Sum:  0.0, Workers: 6
[19.477s][debug  ][gc,phases      ] GC(71)     Dead                           Min: 0, Avg:  0.0, Max: 0, Diff: 0, Sum: 0, Workers: 6
[19.477s][debug  ][gc,phases      ] GC(71)     Total                          Min: 0, Avg:  0.0, Max: 0, Diff: 0, Sum: 0, Workers: 6
[19.477s][debug  ][gc,phases      ] GC(71)   StringDedup Requests0 Weak     Min:  0.0, Avg:  0.0, Max:  0.0, Diff:  0.0, Sum:  0.0, Workers: 6
[19.477s][debug  ][gc,phases      ] GC(71)     Dead                           Min: 0, Avg:  0.0, Max: 0, Diff: 0, Sum: 0, Workers: 6
[19.477s][debug  ][gc,phases      ] GC(71)     Total                          Min: 0, Avg:  0.0, Max: 0, Diff: 0, Sum: 0, Workers: 6
[19.477s][debug  ][gc,phases      ] GC(71)   StringDedup Requests1 Weak     Min:  0.0, Avg:  0.0, Max:  0.0, Diff:  0.0, Sum:  0.0, Workers: 6
[19.477s][debug  ][gc,phases      ] GC(71)     Dead                           Min: 0, Avg:  0.0, Max: 0, Diff: 0, Sum: 0, Workers: 6
[19.477s][debug  ][gc,phases      ] GC(71)     Total                          Min: 0, Avg:  0.0, Max: 0, Diff: 0, Sum: 0, Workers: 6
[19.477s][debug  ][gc,phases      ] GC(71)   Weak JFR Old Object Samples    Min:  0.0, Avg:  0.0, Max:  0.0, Diff:  0.0, Sum:  0.0, Workers: 6
[19.477s][debug  ][gc,phases      ] GC(71)     Dead                           Min: 0, Avg:  0.0, Max: 0, Diff: 0, Sum: 0, Workers: 6
[19.477s][debug  ][gc,phases      ] GC(71)     Total                          Min: 0, Avg:  0.0, Max: 0, Diff: 0, Sum: 0, Workers: 6
[19.477s][debug  ][gc,phases      ] GC(71) Weak Processing 0.959ms
[19.477s][debug  ][gc,ergo        ] GC(71) AdaptiveSizeStart:  collection: 72 
[19.477s][debug  ][gc,ergo        ] GC(71) avg_survived_padded_avg: 36444016.000000
[19.477s][debug  ][gc,ergo        ] GC(71) avg_promoted_padded_avg: 259119776.000000  avg_pretenured_padded_avg: 0.000000  tenuring_thresh: 1  target_size: 36700160
[19.477s][debug  ][gc,age         ] GC(71) Desired survivor size 36700160 bytes, new threshold 1 (max threshold 15)
[19.477s][debug  ][gc,ergo        ] GC(71) PSAdaptiveSizePolicy::compute_eden_space_size limits: desired_eden_size: 213858814 old_eden_size: 194510848 eden_limit: 195035136 cur_eden: 194510848 max_eden_size: 195035136 avg_young_live: 24892658
[19.477s][debug  ][gc,ergo        ] GC(71) PSAdaptiveSizePolicy::compute_eden_space_size: costs minor_time: 0.046392 major_cost: 0.047893 mutator_cost: 0.905715 throughput_goal: 0.990000
[19.477s][debug  ][gc,ergo        ] GC(71) Live_space: 996466688 free_space: 1369964544
[19.477s][debug  ][gc,ergo        ] GC(71) Old eden_size: 194510848 desired_eden_size: 195035136
[19.477s][debug  ][gc,ergo        ] GC(71) AdaptiveSizeStop: collection: 72 
[19.477s][info   ][gc,heap        ] GC(71) PSYoungGen: 188031K(225792K)->30720K(226304K) Eden: 188031K(189952K)->0K(190464K) From: 0K(35840K)->30720K(35840K)
[19.477s][info   ][gc,heap        ] GC(71) ParOldGen: 831076K(1835008K)->984676K(1835008K)
[19.477s][info   ][gc,metaspace   ] GC(71) Metaspace: 1021K(1216K)->1021K(1216K) NonClass: 937K(1024K)->937K(1024K) Class: 83K(192K)->83K(192K)
[19.477s][info   ][gc             ] GC(71) Pause Young (Allocation Failure) 995M->991M(2013M) 14.675ms
[19.477s][info   ][gc,cpu         ] GC(71) User=0.09s Sys=0.00s Real=0.02s
[19.477s][debug  ][gc,heap        ] GC(71) Heap after GC invocations=72 (full 12):
[19.477s][debug  ][gc,heap        ] GC(71)  PSYoungGen      total 226304K, used 30720K [0x00000000f0000000, 0x0000000100000000, 0x0000000100000000)
[19.477s][debug  ][gc,heap        ] GC(71)   eden space 190464K, 0% used [0x00000000f0000000,0x00000000f0000000,0x00000000fba00000)
[19.477s][debug  ][gc,heap        ] GC(71)   from space 35840K, 85% used [0x00000000fdd00000,0x00000000ffb00030,0x0000000100000000)
[19.478s][debug  ][gc,heap        ] GC(71)   to   space 35840K, 0% used [0x00000000fba00000,0x00000000fba00000,0x00000000fdd00000)
[19.478s][debug  ][gc,heap        ] GC(71)  ParOldGen       total 1835008K, used 984676K [0x0000000080000000, 0x00000000f0000000, 0x00000000f0000000)
[19.478s][debug  ][gc,heap        ] GC(71)   object space 1835008K, 53% used [0x0000000080000000,0x00000000bc199118,0x00000000f0000000)
[19.478s][debug  ][gc,heap        ] GC(71)  Metaspace       used 1021K, committed 1216K, reserved 1056768K
[19.478s][debug  ][gc,heap        ] GC(71)   class space    used 83K, committed 192K, reserved 1048576K
[19.478s][debug  ][gc,task,time   ] GC(71) VM-Thread 194622886 194751831 194776332
[19.765s][debug  ][gc,heap        ] GC(72) Heap before GC invocations=73 (full 12):
[19.765s][debug  ][gc,heap        ] GC(72)  PSYoungGen      total 226304K, used 218693K [0x00000000f0000000, 0x0000000100000000, 0x0000000100000000)
[19.765s][debug  ][gc,heap        ] GC(72)   eden space 190464K, 98% used [0x00000000f0000000,0x00000000fb791518,0x00000000fba00000)
[19.765s][debug  ][gc,heap        ] GC(72)   from space 35840K, 85% used [0x00000000fdd00000,0x00000000ffb00030,0x0000000100000000)
[19.766s][debug  ][gc,heap        ] GC(72)   to   space 35840K, 0% used [0x00000000fba00000,0x00000000fba00000,0x00000000fdd00000)
[19.766s][debug  ][gc,heap        ] GC(72)  ParOldGen       total 1835008K, used 984676K [0x0000000080000000, 0x00000000f0000000, 0x00000000f0000000)
[19.766s][debug  ][gc,heap        ] GC(72)   object space 1835008K, 53% used [0x0000000080000000,0x00000000bc199118,0x00000000f0000000)
[19.766s][debug  ][gc,heap        ] GC(72)  Metaspace       used 1021K, committed 1216K, reserved 1056768K
[19.766s][debug  ][gc,heap        ] GC(72)   class space    used 83K, committed 192K, reserved 1048576K
[19.766s][debug  ][gc,tlab        ] GC(72) TLAB totals: thrds: 1  refills: 1 max: 1 slow allocs: 18 max 18 waste: 100.0% gc: 3739600B max: 3739600B slow: 0B max: 0B
[19.766s][info   ][gc,start       ] GC(72) Pause Young (Allocation Failure)
[19.766s][debug  ][gc,phases,start] GC(72) Scavenge
[19.778s][debug  ][gc,phases      ] GC(72) Scavenge 11.978ms
[19.778s][debug  ][gc,phases,start] GC(72) Reference Processing
[19.778s][debug  ][gc,ref         ] GC(72) Skipped phase 1 of Reference Processing: no references
[19.778s][debug  ][gc,ref         ] GC(72) Skipped phase 2 of Reference Processing: no references
[19.778s][debug  ][gc,ref         ] GC(72) Skipped phase 3 of Reference Processing: no references
[19.778s][debug  ][gc,ref         ] GC(72) Skipped phase 4 of Reference Processing: no references
[19.778s][debug  ][gc,phases,ref  ] GC(72) Reference Processing: 0.1ms
[19.778s][debug  ][gc,phases,ref  ] GC(72)   Reconsider SoftReferences: 0.0ms
[19.778s][debug  ][gc,phases,ref  ] GC(72)     SoftRef (ms):                  skipped
[19.778s][debug  ][gc,phases,ref  ] GC(72)   Notify Soft/WeakReferences: 0.0ms
[19.778s][debug  ][gc,phases,ref  ] GC(72)     SoftRef (ms):                  skipped
[19.778s][debug  ][gc,phases,ref  ] GC(72)     WeakRef (ms):                  skipped
[19.778s][debug  ][gc,phases,ref  ] GC(72)     FinalRef (ms):                 skipped
[19.778s][debug  ][gc,phases,ref  ] GC(72)     Total (ms):                    skipped
[19.778s][debug  ][gc,phases,ref  ] GC(72)   Notify and keep alive finalizable: 0.0ms
[19.778s][debug  ][gc,phases,ref  ] GC(72)     FinalRef (ms):                 skipped
[19.778s][debug  ][gc,phases,ref  ] GC(72)   Notify PhantomReferences: 0.0ms
[19.778s][debug  ][gc,phases,ref  ] GC(72)     PhantomRef (ms):               skipped
[19.778s][debug  ][gc,phases,ref  ] GC(72)   SoftReference:
[19.778s][debug  ][gc,phases,ref  ] GC(72)     Discovered: 0
[19.778s][debug  ][gc,phases,ref  ] GC(72)     Cleared: 0
[19.778s][debug  ][gc,phases,ref  ] GC(72)   WeakReference:
[19.778s][debug  ][gc,phases,ref  ] GC(72)     Discovered: 0
[19.778s][debug  ][gc,phases,ref  ] GC(72)     Cleared: 0
[19.778s][debug  ][gc,phases,ref  ] GC(72)   FinalReference:
[19.778s][debug  ][gc,phases,ref  ] GC(72)     Discovered: 0
[19.778s][debug  ][gc,phases,ref  ] GC(72)     Cleared: 0
[19.778s][debug  ][gc,phases,ref  ] GC(72)   PhantomReference:
[19.778s][debug  ][gc,phases,ref  ] GC(72)     Discovered: 0
[19.778s][debug  ][gc,phases,ref  ] GC(72)     Cleared: 0
[19.779s][debug  ][gc,phases      ] GC(72) Reference Processing 0.687ms
[19.779s][debug  ][gc,phases,start] GC(72) Weak Processing
[19.779s][debug  ][gc,phases      ] GC(72)   VM Weak                        Min:  0.0, Avg:  0.0, Max:  0.0, Diff:  0.0, Sum:  0.0, Workers: 6
[19.779s][debug  ][gc,phases      ] GC(72)     Dead                           Min: 0, Avg:  0.0, Max: 0, Diff: 0, Sum: 0, Workers: 6
[19.779s][debug  ][gc,phases      ] GC(72)     Total                          Min: 0, Avg:  1.3, Max: 8, Diff: 8, Sum: 8, Workers: 6
[19.779s][debug  ][gc,phases      ] GC(72)   ObjectSynchronizer Weak        Min:  0.0, Avg:  0.0, Max:  0.0, Diff:  0.0, Sum:  0.0, Workers: 6
[19.779s][debug  ][gc,phases      ] GC(72)     Dead                           Min: 0, Avg:  0.0, Max: 0, Diff: 0, Sum: 0, Workers: 6
[19.779s][debug  ][gc,phases      ] GC(72)     Total                          Min: 0, Avg:  0.5, Max: 3, Diff: 3, Sum: 3, Workers: 6
[19.779s][debug  ][gc,phases      ] GC(72)   JVMTI Tag Weak OopStorage      Min:  0.0, Avg:  0.0, Max:  0.0, Diff:  0.0, Sum:  0.0, Workers: 6
[19.779s][debug  ][gc,phases      ] GC(72)     Dead                           Min: 0, Avg:  0.0, Max: 0, Diff: 0, Sum: 0, Workers: 6
[19.779s][debug  ][gc,phases      ] GC(72)     Total                          Min: 0, Avg:  0.0, Max: 0, Diff: 0, Sum: 0, Workers: 6
[19.779s][debug  ][gc,phases      ] GC(72)   StringTable Weak               Min:  0.0, Avg:  0.0, Max:  0.0, Diff:  0.0, Sum:  0.0, Workers: 6
[19.779s][debug  ][gc,phases      ] GC(72)     Dead                           Min: 0, Avg:  0.0, Max: 0, Diff: 0, Sum: 0, Workers: 6
[19.779s][debug  ][gc,phases      ] GC(72)     Total                          Min: 640, Avg: 891.8, Max: 1088, Diff: 448, Sum: 5351, Workers: 6
[19.779s][debug  ][gc,phases      ] GC(72)   ResolvedMethodTable Weak       Min:  0.0, Avg:  0.0, Max:  0.0, Diff:  0.0, Sum:  0.0, Workers: 6
[19.779s][debug  ][gc,phases      ] GC(72)     Dead                           Min: 0, Avg:  0.0, Max: 0, Diff: 0, Sum: 0, Workers: 6
[19.779s][debug  ][gc,phases      ] GC(72)     Total                          Min: 0, Avg: 21.7, Max: 64, Diff: 64, Sum: 130, Workers: 6
[19.779s][debug  ][gc,phases      ] GC(72)   JNI Weak                       Min:  0.0, Avg:  0.0, Max:  0.0, Diff:  0.0, Sum:  0.0, Workers: 6
[19.779s][debug  ][gc,phases      ] GC(72)     Dead                           Min: 0, Avg:  0.0, Max: 0, Diff: 0, Sum: 0, Workers: 6
[19.779s][debug  ][gc,phases      ] GC(72)     Total                          Min: 0, Avg:  0.0, Max: 0, Diff: 0, Sum: 0, Workers: 6
[19.779s][debug  ][gc,phases      ] GC(72)   StringDedup Table Weak         Min:  0.0, Avg:  0.0, Max:  0.0, Diff:  0.0, Sum:  0.0, Workers: 6
[19.779s][debug  ][gc,phases      ] GC(72)     Dead                           Min: 0, Avg:  0.0, Max: 0, Diff: 0, Sum: 0, Workers: 6
[19.779s][debug  ][gc,phases      ] GC(72)     Total                          Min: 0, Avg:  0.0, Max: 0, Diff: 0, Sum: 0, Workers: 6
[19.779s][debug  ][gc,phases      ] GC(72)   StringDedup Requests0 Weak     Min:  0.0, Avg:  0.0, Max:  0.0, Diff:  0.0, Sum:  0.0, Workers: 6
[19.779s][debug  ][gc,phases      ] GC(72)     Dead                           Min: 0, Avg:  0.0, Max: 0, Diff: 0, Sum: 0, Workers: 6
[19.779s][debug  ][gc,phases      ] GC(72)     Total                          Min: 0, Avg:  0.0, Max: 0, Diff: 0, Sum: 0, Workers: 6
[19.779s][debug  ][gc,phases      ] GC(72)   StringDedup Requests1 Weak     Min:  0.0, Avg:  0.0, Max:  0.0, Diff:  0.0, Sum:  0.0, Workers: 6
[19.779s][debug  ][gc,phases      ] GC(72)     Dead                           Min: 0, Avg:  0.0, Max: 0, Diff: 0, Sum: 0, Workers: 6
[19.779s][debug  ][gc,phases      ] GC(72)     Total                          Min: 0, Avg:  0.0, Max: 0, Diff: 0, Sum: 0, Workers: 6
[19.779s][debug  ][gc,phases      ] GC(72)   Weak JFR Old Object Samples    Min:  0.0, Avg:  0.0, Max:  0.0, Diff:  0.0, Sum:  0.0, Workers: 6
[19.779s][debug  ][gc,phases      ] GC(72)     Dead                           Min: 0, Avg:  0.0, Max: 0, Diff: 0, Sum: 0, Workers: 6
[19.779s][debug  ][gc,phases      ] GC(72)     Total                          Min: 0, Avg:  0.0, Max: 0, Diff: 0, Sum: 0, Workers: 6
[19.780s][debug  ][gc,phases      ] GC(72) Weak Processing 0.976ms
[19.780s][debug  ][gc,ergo        ] GC(72) AdaptiveSizeStart:  collection: 73 
[19.780s][debug  ][gc,ergo        ] GC(72) avg_survived_padded_avg: 36210612.000000
[19.780s][debug  ][gc,ergo        ] GC(72) avg_promoted_padded_avg: 253222992.000000  avg_pretenured_padded_avg: 0.000000  tenuring_thresh: 1  target_size: 36700160
[19.780s][debug  ][gc,age         ] GC(72) Desired survivor size 36700160 bytes, new threshold 1 (max threshold 15)
[19.780s][debug  ][gc,ergo        ] GC(72) PSAdaptiveSizePolicy::compute_eden_space_size limits: desired_eden_size: 214337585 old_eden_size: 195035136 eden_limit: 195035136 cur_eden: 195035136 max_eden_size: 195035136 avg_young_live: 25549124
[19.780s][debug  ][gc,ergo        ] GC(72) PSAdaptiveSizePolicy::compute_eden_space_size: costs minor_time: 0.046178 major_cost: 0.047893 mutator_cost: 0.905929 throughput_goal: 0.990000
[19.780s][debug  ][gc,ergo        ] GC(72) Live_space: 997123136 free_space: 1370488832
[19.780s][debug  ][gc,ergo        ] GC(72) Old eden_size: 195035136 desired_eden_size: 195035136
[19.780s][debug  ][gc,ergo        ] GC(72) AdaptiveSizeStop: collection: 73 
[19.780s][info   ][gc,heap        ] GC(72) PSYoungGen: 218693K(226304K)->30720K(226304K) Eden: 187973K(190464K)->0K(190464K) From: 30720K(35840K)->30720K(35840K)
[19.780s][info   ][gc,heap        ] GC(72) ParOldGen: 984676K(1835008K)->1128036K(1835008K)
[19.780s][info   ][gc,metaspace   ] GC(72) Metaspace: 1021K(1216K)->1021K(1216K) NonClass: 937K(1024K)->937K(1024K) Class: 83K(192K)->83K(192K)
[19.780s][info   ][gc             ] GC(72) Pause Young (Allocation Failure) 1175M->1131M(2013M) 14.169ms
[19.780s][info   ][gc,cpu         ] GC(72) User=0.09s Sys=0.00s Real=0.01s
[19.780s][debug  ][gc,heap        ] GC(72) Heap after GC invocations=73 (full 12):
[19.780s][debug  ][gc,heap        ] GC(72)  PSYoungGen      total 226304K, used 30720K [0x00000000f0000000, 0x0000000100000000, 0x0000000100000000)
[19.780s][debug  ][gc,heap        ] GC(72)   eden space 190464K, 0% used [0x00000000f0000000,0x00000000f0000000,0x00000000fba00000)
[19.780s][debug  ][gc,heap        ] GC(72)   from space 35840K, 85% used [0x00000000fba00000,0x00000000fd800030,0x00000000fdd00000)
[19.780s][debug  ][gc,heap        ] GC(72)   to   space 35840K, 0% used [0x00000000fdd00000,0x00000000fdd00000,0x0000000100000000)
[19.780s][debug  ][gc,heap        ] GC(72)  ParOldGen       total 1835008K, used 1128036K [0x0000000080000000, 0x00000000f0000000, 0x00000000f0000000)
[19.780s][debug  ][gc,heap        ] GC(72)   object space 1835008K, 61% used [0x0000000080000000,0x00000000c4d991f8,0x00000000f0000000)
[19.780s][debug  ][gc,heap        ] GC(72)  Metaspace       used 1021K, committed 1216K, reserved 1056768K
[19.780s][debug  ][gc,heap        ] GC(72)   class space    used 83K, committed 192K, reserved 1048576K
[19.780s][debug  ][gc,task,time   ] GC(72) VM-Thread 197653297 197778350 197801816
[20.066s][debug  ][gc,heap        ] GC(73) Heap before GC invocations=74 (full 12):
[20.067s][debug  ][gc,heap        ] GC(73)  PSYoungGen      total 226304K, used 218748K [0x00000000f0000000, 0x0000000100000000, 0x0000000100000000)
[20.067s][debug  ][gc,heap        ] GC(73)   eden space 190464K, 98% used [0x00000000f0000000,0x00000000fb79efd8,0x00000000fba00000)
[20.067s][debug  ][gc,heap        ] GC(73)   from space 35840K, 85% used [0x00000000fba00000,0x00000000fd800030,0x00000000fdd00000)
[20.067s][debug  ][gc,heap        ] GC(73)   to   space 35840K, 0% used [0x00000000fdd00000,0x00000000fdd00000,0x0000000100000000)
[20.067s][debug  ][gc,heap        ] GC(73)  ParOldGen       total 1835008K, used 1128036K [0x0000000080000000, 0x00000000f0000000, 0x00000000f0000000)
[20.067s][debug  ][gc,heap        ] GC(73)   object space 1835008K, 61% used [0x0000000080000000,0x00000000c4d991f8,0x00000000f0000000)
[20.067s][debug  ][gc,heap        ] GC(73)  Metaspace       used 1021K, committed 1216K, reserved 1056768K
[20.067s][debug  ][gc,heap        ] GC(73)   class space    used 83K, committed 192K, reserved 1048576K
[20.067s][debug  ][gc,tlab        ] GC(73) TLAB totals: thrds: 1  refills: 1 max: 1 slow allocs: 17 max 17 waste: 26.6% gc: 3796664B max: 3796664B slow: 0B max: 0B
[20.067s][info   ][gc,start       ] GC(73) Pause Young (Allocation Failure)
[20.067s][debug  ][gc,phases,start] GC(73) Scavenge
[20.081s][debug  ][gc,phases      ] GC(73) Scavenge 14.345ms
[20.081s][debug  ][gc,phases,start] GC(73) Reference Processing
[20.081s][debug  ][gc,ref         ] GC(73) Skipped phase 1 of Reference Processing: no references
[20.081s][debug  ][gc,ref         ] GC(73) Skipped phase 2 of Reference Processing: no references
[20.081s][debug  ][gc,ref         ] GC(73) Skipped phase 3 of Reference Processing: no references
[20.081s][debug  ][gc,ref         ] GC(73) Skipped phase 4 of Reference Processing: no references
[20.081s][debug  ][gc,phases,ref  ] GC(73) Reference Processing: 0.1ms
[20.081s][debug  ][gc,phases,ref  ] GC(73)   Reconsider SoftReferences: 0.0ms
[20.081s][debug  ][gc,phases,ref  ] GC(73)     SoftRef (ms):                  skipped
[20.082s][debug  ][gc,phases,ref  ] GC(73)   Notify Soft/WeakReferences: 0.0ms
[20.082s][debug  ][gc,phases,ref  ] GC(73)     SoftRef (ms):                  skipped
[20.082s][debug  ][gc,phases,ref  ] GC(73)     WeakRef (ms):                  skipped
[20.082s][debug  ][gc,phases,ref  ] GC(73)     FinalRef (ms):                 skipped
[20.082s][debug  ][gc,phases,ref  ] GC(73)     Total (ms):                    skipped
[20.082s][debug  ][gc,phases,ref  ] GC(73)   Notify and keep alive finalizable: 0.0ms
[20.082s][debug  ][gc,phases,ref  ] GC(73)     FinalRef (ms):                 skipped
[20.082s][debug  ][gc,phases,ref  ] GC(73)   Notify PhantomReferences: 0.0ms
[20.082s][debug  ][gc,phases,ref  ] GC(73)     PhantomRef (ms):               skipped
[20.082s][debug  ][gc,phases,ref  ] GC(73)   SoftReference:
[20.082s][debug  ][gc,phases,ref  ] GC(73)     Discovered: 0
[20.082s][debug  ][gc,phases,ref  ] GC(73)     Cleared: 0
[20.082s][debug  ][gc,phases,ref  ] GC(73)   WeakReference:
[20.082s][debug  ][gc,phases,ref  ] GC(73)     Discovered: 0
[20.082s][debug  ][gc,phases,ref  ] GC(73)     Cleared: 0
[20.082s][debug  ][gc,phases,ref  ] GC(73)   FinalReference:
[20.082s][debug  ][gc,phases,ref  ] GC(73)     Discovered: 0
[20.082s][debug  ][gc,phases,ref  ] GC(73)     Cleared: 0
[20.082s][debug  ][gc,phases,ref  ] GC(73)   PhantomReference:
[20.082s][debug  ][gc,phases,ref  ] GC(73)     Discovered: 0
[20.082s][debug  ][gc,phases,ref  ] GC(73)     Cleared: 0
[20.082s][debug  ][gc,phases      ] GC(73) Reference Processing 0.622ms
[20.082s][debug  ][gc,phases,start] GC(73) Weak Processing
[20.082s][debug  ][gc,phases      ] GC(73)   VM Weak                        Min:  0.0, Avg:  0.0, Max:  0.0, Diff:  0.0, Sum:  0.0, Workers: 6
[20.082s][debug  ][gc,phases      ] GC(73)     Dead                           Min: 0, Avg:  0.0, Max: 0, Diff: 0, Sum: 0, Workers: 6
[20.082s][debug  ][gc,phases      ] GC(73)     Total                          Min: 0, Avg:  1.3, Max: 8, Diff: 8, Sum: 8, Workers: 6
[20.082s][debug  ][gc,phases      ] GC(73)   ObjectSynchronizer Weak        Min:  0.0, Avg:  0.0, Max:  0.0, Diff:  0.0, Sum:  0.0, Workers: 6
[20.082s][debug  ][gc,phases      ] GC(73)     Dead                           Min: 0, Avg:  0.0, Max: 0, Diff: 0, Sum: 0, Workers: 6
[20.082s][debug  ][gc,phases      ] GC(73)     Total                          Min: 0, Avg:  0.5, Max: 3, Diff: 3, Sum: 3, Workers: 6
[20.082s][debug  ][gc,phases      ] GC(73)   JVMTI Tag Weak OopStorage      Min:  0.0, Avg:  0.0, Max:  0.0, Diff:  0.0, Sum:  0.0, Workers: 6
[20.082s][debug  ][gc,phases      ] GC(73)     Dead                           Min: 0, Avg:  0.0, Max: 0, Diff: 0, Sum: 0, Workers: 6
[20.082s][debug  ][gc,phases      ] GC(73)     Total                          Min: 0, Avg:  0.0, Max: 0, Diff: 0, Sum: 0, Workers: 6
[20.082s][debug  ][gc,phases      ] GC(73)   StringTable Weak               Min:  0.0, Avg:  0.0, Max:  0.0, Diff:  0.0, Sum:  0.0, Workers: 6
[20.082s][debug  ][gc,phases      ] GC(73)     Dead                           Min: 0, Avg:  0.0, Max: 0, Diff: 0, Sum: 0, Workers: 6
[20.082s][debug  ][gc,phases      ] GC(73)     Total                          Min: 704, Avg: 891.8, Max: 1024, Diff: 320, Sum: 5351, Workers: 6
[20.082s][debug  ][gc,phases      ] GC(73)   ResolvedMethodTable Weak       Min:  0.0, Avg:  0.0, Max:  0.0, Diff:  0.0, Sum:  0.0, Workers: 6
[20.082s][debug  ][gc,phases      ] GC(73)     Dead                           Min: 0, Avg:  0.0, Max: 0, Diff: 0, Sum: 0, Workers: 6
[20.082s][debug  ][gc,phases      ] GC(73)     Total                          Min: 0, Avg: 21.7, Max: 64, Diff: 64, Sum: 130, Workers: 6
[20.082s][debug  ][gc,phases      ] GC(73)   JNI Weak                       Min:  0.0, Avg:  0.0, Max:  0.0, Diff:  0.0, Sum:  0.0, Workers: 6
[20.082s][debug  ][gc,phases      ] GC(73)     Dead                           Min: 0, Avg:  0.0, Max: 0, Diff: 0, Sum: 0, Workers: 6
[20.082s][debug  ][gc,phases      ] GC(73)     Total                          Min: 0, Avg:  0.0, Max: 0, Diff: 0, Sum: 0, Workers: 6
[20.082s][debug  ][gc,phases      ] GC(73)   StringDedup Table Weak         Min:  0.0, Avg:  0.0, Max:  0.0, Diff:  0.0, Sum:  0.0, Workers: 6
[20.082s][debug  ][gc,phases      ] GC(73)     Dead                           Min: 0, Avg:  0.0, Max: 0, Diff: 0, Sum: 0, Workers: 6
[20.082s][debug  ][gc,phases      ] GC(73)     Total                          Min: 0, Avg:  0.0, Max: 0, Diff: 0, Sum: 0, Workers: 6
[20.082s][debug  ][gc,phases      ] GC(73)   StringDedup Requests0 Weak     Min:  0.0, Avg:  0.0, Max:  0.0, Diff:  0.0, Sum:  0.0, Workers: 6
[20.083s][debug  ][gc,phases      ] GC(73)     Dead                           Min: 0, Avg:  0.0, Max: 0, Diff: 0, Sum: 0, Workers: 6
[20.083s][debug  ][gc,phases      ] GC(73)     Total                          Min: 0, Avg:  0.0, Max: 0, Diff: 0, Sum: 0, Workers: 6
[20.083s][debug  ][gc,phases      ] GC(73)   StringDedup Requests1 Weak     Min:  0.0, Avg:  0.0, Max:  0.0, Diff:  0.0, Sum:  0.0, Workers: 6
[20.083s][debug  ][gc,phases      ] GC(73)     Dead                           Min: 0, Avg:  0.0, Max: 0, Diff: 0, Sum: 0, Workers: 6
[20.083s][debug  ][gc,phases      ] GC(73)     Total                          Min: 0, Avg:  0.0, Max: 0, Diff: 0, Sum: 0, Workers: 6
[20.083s][debug  ][gc,phases      ] GC(73)   Weak JFR Old Object Samples    Min:  0.0, Avg:  0.0, Max:  0.0, Diff:  0.0, Sum:  0.0, Workers: 6
[20.083s][debug  ][gc,phases      ] GC(73)     Dead                           Min: 0, Avg:  0.0, Max: 0, Diff: 0, Sum: 0, Workers: 6
[20.083s][debug  ][gc,phases      ] GC(73)     Total                          Min: 0, Avg:  0.0, Max: 0, Diff: 0, Sum: 0, Workers: 6
[20.083s][debug  ][gc,phases      ] GC(73) Weak Processing 0.698ms
[20.083s][debug  ][gc,ergo        ] GC(73) AdaptiveSizeStart:  collection: 74 
[20.083s][debug  ][gc,ergo        ] GC(73) avg_survived_padded_avg: 35974024.000000
[20.083s][debug  ][gc,ergo        ] GC(73) avg_promoted_padded_avg: 253298128.000000  avg_pretenured_padded_avg: 0.000000  tenuring_thresh: 1  target_size: 36175872
[20.083s][debug  ][gc,age         ] GC(73) Desired survivor size 36175872 bytes, new threshold 1 (max threshold 15)
[20.083s][debug  ][gc,ergo        ] GC(73) PSAdaptiveSizePolicy::compute_eden_space_size limits: desired_eden_size: 214646762 old_eden_size: 195035136 eden_limit: 195035136 cur_eden: 195035136 max_eden_size: 195035136 avg_young_live: 26139944
[20.083s][debug  ][gc,ergo        ] GC(73) PSAdaptiveSizePolicy::compute_eden_space_size: costs minor_time: 0.047654 major_cost: 0.047893 mutator_cost: 0.904454 throughput_goal: 0.990000
[20.083s][debug  ][gc,ergo        ] GC(73) Live_space: 997713920 free_space: 1370488832
[20.083s][debug  ][gc,ergo        ] GC(73) Old eden_size: 195035136 desired_eden_size: 195035136
[20.083s][debug  ][gc,ergo        ] GC(73) AdaptiveSizeStop: collection: 74 
[20.083s][info   ][gc,heap        ] GC(73) PSYoungGen: 218748K(226304K)->30720K(226816K) Eden: 188027K(190464K)->0K(190976K) From: 30720K(35840K)->30720K(35840K)
[20.083s][info   ][gc,heap        ] GC(73) ParOldGen: 1128036K(1835008K)->1312356K(1835008K)
[20.083s][info   ][gc,metaspace   ] GC(73) Metaspace: 1021K(1216K)->1021K(1216K) NonClass: 937K(1024K)->937K(1024K) Class: 83K(192K)->83K(192K)
[20.083s][info   ][gc             ] GC(73) Pause Young (Allocation Failure) 1315M->1311M(2013M) 16.103ms
[20.083s][info   ][gc,cpu         ] GC(73) User=0.09s Sys=0.00s Real=0.02s
[20.083s][debug  ][gc,heap        ] GC(73) Heap after GC invocations=74 (full 12):
[20.083s][debug  ][gc,heap        ] GC(73)  PSYoungGen      total 226816K, used 30720K [0x00000000f0000000, 0x0000000100000000, 0x0000000100000000)
[20.083s][debug  ][gc,heap        ] GC(73)   eden space 190976K, 0% used [0x00000000f0000000,0x00000000f0000000,0x00000000fba80000)
[20.083s][debug  ][gc,heap        ] GC(73)   from space 35840K, 85% used [0x00000000fdd00000,0x00000000ffb00030,0x0000000100000000)
[20.083s][debug  ][gc,heap        ] GC(73)   to   space 35328K, 0% used [0x00000000fba80000,0x00000000fba80000,0x00000000fdd00000)
[20.083s][debug  ][gc,heap        ] GC(73)  ParOldGen       total 1835008K, used 1312356K [0x0000000080000000, 0x00000000f0000000, 0x00000000f0000000)
[20.083s][debug  ][gc,heap        ] GC(73)   object space 1835008K, 71% used [0x0000000080000000,0x00000000d0199318,0x00000000f0000000)
[20.083s][debug  ][gc,heap        ] GC(73)  Metaspace       used 1021K, committed 1216K, reserved 1056768K
[20.083s][debug  ][gc,heap        ] GC(73)   class space    used 83K, committed 192K, reserved 1048576K
[20.083s][debug  ][gc,task,time   ] GC(73) VM-Thread 200664215 200813209 200831868
[20.365s][debug  ][gc,heap        ] GC(74) Heap before GC invocations=75 (full 12):
[20.366s][debug  ][gc,heap        ] GC(74)  PSYoungGen      total 226816K, used 218694K [0x00000000f0000000, 0x0000000100000000, 0x0000000100000000)
[20.366s][debug  ][gc,heap        ] GC(74)   eden space 190976K, 98% used [0x00000000f0000000,0x00000000fb7919b0,0x00000000fba80000)
[20.366s][debug  ][gc,heap        ] GC(74)   from space 35840K, 85% used [0x00000000fdd00000,0x00000000ffb00030,0x0000000100000000)
[20.366s][debug  ][gc,heap        ] GC(74)   to   space 35328K, 0% used [0x00000000fba80000,0x00000000fba80000,0x00000000fdd00000)
[20.366s][debug  ][gc,heap        ] GC(74)  ParOldGen       total 1835008K, used 1312356K [0x0000000080000000, 0x00000000f0000000, 0x00000000f0000000)
[20.366s][debug  ][gc,heap        ] GC(74)   object space 1835008K, 71% used [0x0000000080000000,0x00000000d0199318,0x00000000f0000000)
[20.366s][debug  ][gc,heap        ] GC(74)  Metaspace       used 1021K, committed 1216K, reserved 1056768K
[20.366s][debug  ][gc,heap        ] GC(74)   class space    used 83K, committed 192K, reserved 1048576K
[20.366s][debug  ][gc,tlab        ] GC(74) TLAB totals: thrds: 1  refills: 1 max: 1 slow allocs: 17 max 17 waste: 26.3% gc: 3741840B max: 3741840B slow: 0B max: 0B
[20.366s][info   ][gc,start       ] GC(74) Pause Young (Allocation Failure)
[20.366s][debug  ][gc,phases,start] GC(74) Scavenge
[20.381s][debug  ][gc,phases      ] GC(74) Scavenge 14.640ms
[20.381s][debug  ][gc,phases,start] GC(74) Reference Processing
[20.381s][debug  ][gc,ref         ] GC(74) Skipped phase 1 of Reference Processing: no references
[20.381s][debug  ][gc,ref         ] GC(74) Skipped phase 2 of Reference Processing: no references
[20.381s][debug  ][gc,ref         ] GC(74) Skipped phase 3 of Reference Processing: no references
[20.381s][debug  ][gc,ref         ] GC(74) Skipped phase 4 of Reference Processing: no references
[20.381s][debug  ][gc,phases,ref  ] GC(74) Reference Processing: 0.1ms
[20.381s][debug  ][gc,phases,ref  ] GC(74)   Reconsider SoftReferences: 0.0ms
[20.381s][debug  ][gc,phases,ref  ] GC(74)     SoftRef (ms):                  skipped
[20.381s][debug  ][gc,phases,ref  ] GC(74)   Notify Soft/WeakReferences: 0.0ms
[20.381s][debug  ][gc,phases,ref  ] GC(74)     SoftRef (ms):                  skipped
[20.381s][debug  ][gc,phases,ref  ] GC(74)     WeakRef (ms):                  skipped
[20.381s][debug  ][gc,phases,ref  ] GC(74)     FinalRef (ms):                 skipped
[20.381s][debug  ][gc,phases,ref  ] GC(74)     Total (ms):                    skipped
[20.381s][debug  ][gc,phases,ref  ] GC(74)   Notify and keep alive finalizable: 0.0ms
[20.381s][debug  ][gc,phases,ref  ] GC(74)     FinalRef (ms):                 skipped
[20.381s][debug  ][gc,phases,ref  ] GC(74)   Notify PhantomReferences: 0.0ms
[20.381s][debug  ][gc,phases,ref  ] GC(74)     PhantomRef (ms):               skipped
[20.381s][debug  ][gc,phases,ref  ] GC(74)   SoftReference:
[20.381s][debug  ][gc,phases,ref  ] GC(74)     Discovered: 0
[20.381s][debug  ][gc,phases,ref  ] GC(74)     Cleared: 0
[20.381s][debug  ][gc,phases,ref  ] GC(74)   WeakReference:
[20.381s][debug  ][gc,phases,ref  ] GC(74)     Discovered: 0
[20.381s][debug  ][gc,phases,ref  ] GC(74)     Cleared: 0
[20.381s][debug  ][gc,phases,ref  ] GC(74)   FinalReference:
[20.381s][debug  ][gc,phases,ref  ] GC(74)     Discovered: 0
[20.381s][debug  ][gc,phases,ref  ] GC(74)     Cleared: 0
[20.381s][debug  ][gc,phases,ref  ] GC(74)   PhantomReference:
[20.381s][debug  ][gc,phases,ref  ] GC(74)     Discovered: 0
[20.381s][debug  ][gc,phases,ref  ] GC(74)     Cleared: 0
[20.381s][debug  ][gc,phases      ] GC(74) Reference Processing 0.681ms
[20.381s][debug  ][gc,phases,start] GC(74) Weak Processing
[20.381s][debug  ][gc,phases      ] GC(74)   VM Weak                        Min:  0.0, Avg:  0.0, Max:  0.0, Diff:  0.0, Sum:  0.0, Workers: 6
[20.381s][debug  ][gc,phases      ] GC(74)     Dead                           Min: 0, Avg:  0.0, Max: 0, Diff: 0, Sum: 0, Workers: 6
[20.381s][debug  ][gc,phases      ] GC(74)     Total                          Min: 0, Avg:  1.3, Max: 8, Diff: 8, Sum: 8, Workers: 6
[20.381s][debug  ][gc,phases      ] GC(74)   ObjectSynchronizer Weak        Min:  0.0, Avg:  0.0, Max:  0.0, Diff:  0.0, Sum:  0.0, Workers: 6
[20.381s][debug  ][gc,phases      ] GC(74)     Dead                           Min: 0, Avg:  0.0, Max: 0, Diff: 0, Sum: 0, Workers: 6
[20.381s][debug  ][gc,phases      ] GC(74)     Total                          Min: 0, Avg:  0.5, Max: 3, Diff: 3, Sum: 3, Workers: 6
[20.382s][debug  ][gc,phases      ] GC(74)   JVMTI Tag Weak OopStorage      Min:  0.0, Avg:  0.0, Max:  0.0, Diff:  0.0, Sum:  0.0, Workers: 6
[20.382s][debug  ][gc,phases      ] GC(74)     Dead                           Min: 0, Avg:  0.0, Max: 0, Diff: 0, Sum: 0, Workers: 6
[20.382s][debug  ][gc,phases      ] GC(74)     Total                          Min: 0, Avg:  0.0, Max: 0, Diff: 0, Sum: 0, Workers: 6
[20.382s][debug  ][gc,phases      ] GC(74)   StringTable Weak               Min:  0.0, Avg:  0.0, Max:  0.0, Diff:  0.0, Sum:  0.0, Workers: 6
[20.382s][debug  ][gc,phases      ] GC(74)     Dead                           Min: 0, Avg:  0.0, Max: 0, Diff: 0, Sum: 0, Workers: 6
[20.382s][debug  ][gc,phases      ] GC(74)     Total                          Min: 512, Avg: 891.8, Max: 1192, Diff: 680, Sum: 5351, Workers: 6
[20.382s][debug  ][gc,phases      ] GC(74)   ResolvedMethodTable Weak       Min:  0.0, Avg:  0.0, Max:  0.0, Diff:  0.0, Sum:  0.0, Workers: 6
[20.382s][debug  ][gc,phases      ] GC(74)     Dead                           Min: 0, Avg:  0.0, Max: 0, Diff: 0, Sum: 0, Workers: 6
[20.382s][debug  ][gc,phases      ] GC(74)     Total                          Min: 0, Avg: 21.7, Max: 64, Diff: 64, Sum: 130, Workers: 6
[20.382s][debug  ][gc,phases      ] GC(74)   JNI Weak                       Min:  0.0, Avg:  0.0, Max:  0.0, Diff:  0.0, Sum:  0.0, Workers: 6
[20.382s][debug  ][gc,phases      ] GC(74)     Dead                           Min: 0, Avg:  0.0, Max: 0, Diff: 0, Sum: 0, Workers: 6
[20.382s][debug  ][gc,phases      ] GC(74)     Total                          Min: 0, Avg:  0.0, Max: 0, Diff: 0, Sum: 0, Workers: 6
[20.382s][debug  ][gc,phases      ] GC(74)   StringDedup Table Weak         Min:  0.0, Avg:  0.0, Max:  0.0, Diff:  0.0, Sum:  0.0, Workers: 6
[20.382s][debug  ][gc,phases      ] GC(74)     Dead                           Min: 0, Avg:  0.0, Max: 0, Diff: 0, Sum: 0, Workers: 6
[20.382s][debug  ][gc,phases      ] GC(74)     Total                          Min: 0, Avg:  0.0, Max: 0, Diff: 0, Sum: 0, Workers: 6
[20.382s][debug  ][gc,phases      ] GC(74)   StringDedup Requests0 Weak     Min:  0.0, Avg:  0.0, Max:  0.0, Diff:  0.0, Sum:  0.0, Workers: 6
[20.382s][debug  ][gc,phases      ] GC(74)     Dead                           Min: 0, Avg:  0.0, Max: 0, Diff: 0, Sum: 0, Workers: 6
[20.382s][debug  ][gc,phases      ] GC(74)     Total                          Min: 0, Avg:  0.0, Max: 0, Diff: 0, Sum: 0, Workers: 6
[20.382s][debug  ][gc,phases      ] GC(74)   StringDedup Requests1 Weak     Min:  0.0, Avg:  0.0, Max:  0.0, Diff:  0.0, Sum:  0.0, Workers: 6
[20.382s][debug  ][gc,phases      ] GC(74)     Dead                           Min: 0, Avg:  0.0, Max: 0, Diff: 0, Sum: 0, Workers: 6
[20.382s][debug  ][gc,phases      ] GC(74)     Total                          Min: 0, Avg:  0.0, Max: 0, Diff: 0, Sum: 0, Workers: 6
[20.382s][debug  ][gc,phases      ] GC(74)   Weak JFR Old Object Samples    Min:  0.0, Avg:  0.0, Max:  0.0, Diff:  0.0, Sum:  0.0, Workers: 6
[20.382s][debug  ][gc,phases      ] GC(74)     Dead                           Min: 0, Avg:  0.0, Max: 0, Diff: 0, Sum: 0, Workers: 6
[20.382s][debug  ][gc,phases      ] GC(74)     Total                          Min: 0, Avg:  0.0, Max: 0, Diff: 0, Sum: 0, Workers: 6
[20.382s][debug  ][gc,phases      ] GC(74) Weak Processing 0.801ms
[20.382s][debug  ][gc,ergo        ] GC(74) AdaptiveSizeStart:  collection: 75 
[20.382s][debug  ][gc,ergo        ] GC(74) avg_survived_padded_avg: 35737220.000000
[20.382s][debug  ][gc,ergo        ] GC(74) avg_promoted_padded_avg: 252713424.000000  avg_pretenured_padded_avg: 0.000000  tenuring_thresh: 1  target_size: 36175872
[20.382s][debug  ][gc,age         ] GC(74) Desired survivor size 36175872 bytes, new threshold 1 (max threshold 15)
[20.382s][debug  ][gc,ergo        ] GC(74) PSAdaptiveSizePolicy::compute_eden_space_size limits: desired_eden_size: 215506686 old_eden_size: 195035136 eden_limit: 195559424 cur_eden: 195559424 max_eden_size: 195559424 avg_young_live: 26671682
[20.382s][debug  ][gc,ergo        ] GC(74) PSAdaptiveSizePolicy::compute_eden_space_size: costs minor_time: 0.049309 major_cost: 0.047893 mutator_cost: 0.902799 throughput_goal: 0.990000
[20.382s][debug  ][gc,ergo        ] GC(74) Live_space: 998245696 free_space: 1370488832
[20.382s][debug  ][gc,ergo        ] GC(74) Old eden_size: 195035136 desired_eden_size: 195559424
[20.382s][debug  ][gc,ergo        ] GC(74) AdaptiveSizeStop: collection: 75 
[20.382s][info   ][gc,heap        ] GC(74) PSYoungGen: 218694K(226816K)->30720K(226304K) Eden: 187974K(190976K)->0K(190976K) From: 30720K(35840K)->30720K(35328K)
[20.382s][info   ][gc,heap        ] GC(74) ParOldGen: 1312356K(1835008K)->1496677K(1835008K)
[20.382s][info   ][gc,metaspace   ] GC(74) Metaspace: 1021K(1216K)->1021K(1216K) NonClass: 937K(1024K)->937K(1024K) Class: 83K(192K)->83K(192K)
[20.382s][info   ][gc             ] GC(74) Pause Young (Allocation Failure) 1495M->1491M(2013M) 16.595ms
[20.382s][info   ][gc,cpu         ] GC(74) User=0.09s Sys=0.00s Real=0.02s
[20.382s][debug  ][gc,heap        ] GC(74) Heap after GC invocations=75 (full 12):
[20.382s][debug  ][gc,heap        ] GC(74)  PSYoungGen      total 226304K, used 30720K [0x00000000f0000000, 0x0000000100000000, 0x0000000100000000)
[20.383s][debug  ][gc,heap        ] GC(74)   eden space 190976K, 0% used [0x00000000f0000000,0x00000000f0000000,0x00000000fba80000)
[20.383s][debug  ][gc,heap        ] GC(74)   from space 35328K, 86% used [0x00000000fba80000,0x00000000fd880030,0x00000000fdd00000)
[20.383s][debug  ][gc,heap        ] GC(74)   to   space 35328K, 0% used [0x00000000fdd80000,0x00000000fdd80000,0x0000000100000000)
[20.383s][debug  ][gc,heap        ] GC(74)  ParOldGen       total 1835008K, used 1496677K [0x0000000080000000, 0x00000000f0000000, 0x00000000f0000000)
[20.383s][debug  ][gc,heap        ] GC(74)   object space 1835008K, 81% used [0x0000000080000000,0x00000000db599438,0x00000000f0000000)
[20.383s][debug  ][gc,heap        ] GC(74)  Metaspace       used 1021K, committed 1216K, reserved 1056768K
[20.383s][debug  ][gc,heap        ] GC(74)   class space    used 83K, committed 192K, reserved 1048576K
[20.383s][debug  ][gc,task,time   ] GC(74) VM-Thread 203654621 203805829 203826681
[20.670s][debug  ][gc,heap        ] GC(75) Heap before GC invocations=76 (full 12):
[20.670s][debug  ][gc,heap        ] GC(75)  PSYoungGen      total 226304K, used 218726K [0x00000000f0000000, 0x0000000100000000, 0x0000000100000000)
[20.670s][debug  ][gc,heap        ] GC(75)   eden space 190976K, 98% used [0x00000000f0000000,0x00000000fb799948,0x00000000fba80000)
[20.670s][debug  ][gc,heap        ] GC(75)   from space 35328K, 86% used [0x00000000fba80000,0x00000000fd880030,0x00000000fdd00000)
[20.670s][debug  ][gc,heap        ] GC(75)   to   space 35328K, 0% used [0x00000000fdd80000,0x00000000fdd80000,0x0000000100000000)
[20.670s][debug  ][gc,heap        ] GC(75)  ParOldGen       total 1835008K, used 1496677K [0x0000000080000000, 0x00000000f0000000, 0x00000000f0000000)
[20.670s][debug  ][gc,heap        ] GC(75)   object space 1835008K, 81% used [0x0000000080000000,0x00000000db599438,0x00000000f0000000)
[20.670s][debug  ][gc,heap        ] GC(75)  Metaspace       used 1021K, committed 1216K, reserved 1056768K
[20.670s][debug  ][gc,heap        ] GC(75)   class space    used 83K, committed 192K, reserved 1048576K
[20.670s][debug  ][gc,tlab        ] GC(75) TLAB totals: thrds: 1  refills: 1 max: 1 slow allocs: 17 max 17 waste: 26.5% gc: 3774504B max: 3774504B slow: 0B max: 0B
[20.670s][info   ][gc,start       ] GC(75) Pause Young (Allocation Failure)
[20.670s][debug  ][gc,phases,start] GC(75) Scavenge
[20.684s][debug  ][gc,phases      ] GC(75) Scavenge 14.391ms
[20.685s][debug  ][gc,phases,start] GC(75) Reference Processing
[20.685s][debug  ][gc,ref         ] GC(75) Skipped phase 1 of Reference Processing: no references
[20.685s][debug  ][gc,ref         ] GC(75) Skipped phase 2 of Reference Processing: no references
[20.685s][debug  ][gc,ref         ] GC(75) Skipped phase 3 of Reference Processing: no references
[20.685s][debug  ][gc,ref         ] GC(75) Skipped phase 4 of Reference Processing: no references
[20.685s][debug  ][gc,phases,ref  ] GC(75) Reference Processing: 0.1ms
[20.685s][debug  ][gc,phases,ref  ] GC(75)   Reconsider SoftReferences: 0.0ms
[20.685s][debug  ][gc,phases,ref  ] GC(75)     SoftRef (ms):                  skipped
[20.685s][debug  ][gc,phases,ref  ] GC(75)   Notify Soft/WeakReferences: 0.0ms
[20.685s][debug  ][gc,phases,ref  ] GC(75)     SoftRef (ms):                  skipped
[20.685s][debug  ][gc,phases,ref  ] GC(75)     WeakRef (ms):                  skipped
[20.685s][debug  ][gc,phases,ref  ] GC(75)     FinalRef (ms):                 skipped
[20.685s][debug  ][gc,phases,ref  ] GC(75)     Total (ms):                    skipped
[20.685s][debug  ][gc,phases,ref  ] GC(75)   Notify and keep alive finalizable: 0.0ms
[20.685s][debug  ][gc,phases,ref  ] GC(75)     FinalRef (ms):                 skipped
[20.685s][debug  ][gc,phases,ref  ] GC(75)   Notify PhantomReferences: 0.0ms
[20.685s][debug  ][gc,phases,ref  ] GC(75)     PhantomRef (ms):               skipped
[20.685s][debug  ][gc,phases,ref  ] GC(75)   SoftReference:
[20.685s][debug  ][gc,phases,ref  ] GC(75)     Discovered: 0
[20.685s][debug  ][gc,phases,ref  ] GC(75)     Cleared: 0
[20.685s][debug  ][gc,phases,ref  ] GC(75)   WeakReference:
[20.685s][debug  ][gc,phases,ref  ] GC(75)     Discovered: 0
[20.685s][debug  ][gc,phases,ref  ] GC(75)     Cleared: 0
[20.685s][debug  ][gc,phases,ref  ] GC(75)   FinalReference:
[20.685s][debug  ][gc,phases,ref  ] GC(75)     Discovered: 0
[20.685s][debug  ][gc,phases,ref  ] GC(75)     Cleared: 0
[20.685s][debug  ][gc,phases,ref  ] GC(75)   PhantomReference:
[20.685s][debug  ][gc,phases,ref  ] GC(75)     Discovered: 0
[20.685s][debug  ][gc,phases,ref  ] GC(75)     Cleared: 0
[20.685s][debug  ][gc,phases      ] GC(75) Reference Processing 0.848ms
[20.685s][debug  ][gc,phases,start] GC(75) Weak Processing
[20.686s][debug  ][gc,phases      ] GC(75)   VM Weak                        Min:  0.0, Avg:  0.0, Max:  0.0, Diff:  0.0, Sum:  0.0, Workers: 6
[20.686s][debug  ][gc,phases      ] GC(75)     Dead                           Min: 0, Avg:  0.0, Max: 0, Diff: 0, Sum: 0, Workers: 6
[20.686s][debug  ][gc,phases      ] GC(75)     Total                          Min: 0, Avg:  1.3, Max: 8, Diff: 8, Sum: 8, Workers: 6
[20.686s][debug  ][gc,phases      ] GC(75)   ObjectSynchronizer Weak        Min:  0.0, Avg:  0.0, Max:  0.0, Diff:  0.0, Sum:  0.0, Workers: 6
[20.686s][debug  ][gc,phases      ] GC(75)     Dead                           Min: 0, Avg:  0.0, Max: 0, Diff: 0, Sum: 0, Workers: 6
[20.686s][debug  ][gc,phases      ] GC(75)     Total                          Min: 0, Avg:  0.5, Max: 3, Diff: 3, Sum: 3, Workers: 6
[20.686s][debug  ][gc,phases      ] GC(75)   JVMTI Tag Weak OopStorage      Min:  0.0, Avg:  0.0, Max:  0.0, Diff:  0.0, Sum:  0.0, Workers: 6
[20.686s][debug  ][gc,phases      ] GC(75)     Dead                           Min: 0, Avg:  0.0, Max: 0, Diff: 0, Sum: 0, Workers: 6
[20.686s][debug  ][gc,phases      ] GC(75)     Total                          Min: 0, Avg:  0.0, Max: 0, Diff: 0, Sum: 0, Workers: 6
[20.686s][debug  ][gc,phases      ] GC(75)   StringTable Weak               Min:  0.0, Avg:  0.0, Max:  0.0, Diff:  0.0, Sum:  0.0, Workers: 6
[20.686s][debug  ][gc,phases      ] GC(75)     Dead                           Min: 0, Avg:  0.0, Max: 0, Diff: 0, Sum: 0, Workers: 6
[20.686s][debug  ][gc,phases      ] GC(75)     Total                          Min: 767, Avg: 891.8, Max: 1024, Diff: 257, Sum: 5351, Workers: 6
[20.686s][debug  ][gc,phases      ] GC(75)   ResolvedMethodTable Weak       Min:  0.0, Avg:  0.0, Max:  0.0, Diff:  0.0, Sum:  0.0, Workers: 6
[20.686s][debug  ][gc,phases      ] GC(75)     Dead                           Min: 0, Avg:  0.0, Max: 0, Diff: 0, Sum: 0, Workers: 6
[20.686s][debug  ][gc,phases      ] GC(75)     Total                          Min: 0, Avg: 21.7, Max: 64, Diff: 64, Sum: 130, Workers: 6
[20.686s][debug  ][gc,phases      ] GC(75)   JNI Weak                       Min:  0.0, Avg:  0.0, Max:  0.0, Diff:  0.0, Sum:  0.0, Workers: 6
[20.686s][debug  ][gc,phases      ] GC(75)     Dead                           Min: 0, Avg:  0.0, Max: 0, Diff: 0, Sum: 0, Workers: 6
[20.686s][debug  ][gc,phases      ] GC(75)     Total                          Min: 0, Avg:  0.0, Max: 0, Diff: 0, Sum: 0, Workers: 6
[20.686s][debug  ][gc,phases      ] GC(75)   StringDedup Table Weak         Min:  0.0, Avg:  0.0, Max:  0.0, Diff:  0.0, Sum:  0.0, Workers: 6
[20.686s][debug  ][gc,phases      ] GC(75)     Dead                           Min: 0, Avg:  0.0, Max: 0, Diff: 0, Sum: 0, Workers: 6
[20.686s][debug  ][gc,phases      ] GC(75)     Total                          Min: 0, Avg:  0.0, Max: 0, Diff: 0, Sum: 0, Workers: 6
[20.686s][debug  ][gc,phases      ] GC(75)   StringDedup Requests0 Weak     Min:  0.0, Avg:  0.0, Max:  0.0, Diff:  0.0, Sum:  0.0, Workers: 6
[20.686s][debug  ][gc,phases      ] GC(75)     Dead                           Min: 0, Avg:  0.0, Max: 0, Diff: 0, Sum: 0, Workers: 6
[20.686s][debug  ][gc,phases      ] GC(75)     Total                          Min: 0, Avg:  0.0, Max: 0, Diff: 0, Sum: 0, Workers: 6
[20.686s][debug  ][gc,phases      ] GC(75)   StringDedup Requests1 Weak     Min:  0.0, Avg:  0.0, Max:  0.0, Diff:  0.0, Sum:  0.0, Workers: 6
[20.686s][debug  ][gc,phases      ] GC(75)     Dead                           Min: 0, Avg:  0.0, Max: 0, Diff: 0, Sum: 0, Workers: 6
[20.686s][debug  ][gc,phases      ] GC(75)     Total                          Min: 0, Avg:  0.0, Max: 0, Diff: 0, Sum: 0, Workers: 6
[20.686s][debug  ][gc,phases      ] GC(75)   Weak JFR Old Object Samples    Min:  0.0, Avg:  0.0, Max:  0.0, Diff:  0.0, Sum:  0.0, Workers: 6
[20.686s][debug  ][gc,phases      ] GC(75)     Dead                           Min: 0, Avg:  0.0, Max: 0, Diff: 0, Sum: 0, Workers: 6
[20.686s][debug  ][gc,phases      ] GC(75)     Total                          Min: 0, Avg:  0.0, Max: 0, Diff: 0, Sum: 0, Workers: 6
[20.686s][debug  ][gc,phases      ] GC(75) Weak Processing 1.001ms
[20.686s][debug  ][gc,ergo        ] GC(75) AdaptiveSizeStart:  collection: 76 
[20.686s][debug  ][gc,ergo        ] GC(75) avg_survived_padded_avg: 35502612.000000
[20.687s][debug  ][gc,ergo        ] GC(75) avg_promoted_padded_avg: 251600128.000000  avg_pretenured_padded_avg: 0.000000  tenuring_thresh: 1  target_size: 35651584
[20.687s][debug  ][gc,age         ] GC(75) Desired survivor size 35651584 bytes, new threshold 1 (max threshold 15)
[20.687s][debug  ][gc,ergo        ] GC(75) PSAdaptiveSizePolicy::compute_eden_space_size limits: desired_eden_size: 215730667 old_eden_size: 195559424 eden_limit: 196083712 cur_eden: 195559424 max_eden_size: 196083712 avg_young_live: 27150246
[20.687s][debug  ][gc,ergo        ] GC(75) PSAdaptiveSizePolicy::compute_eden_space_size: costs minor_time: 0.050446 major_cost: 0.047893 mutator_cost: 0.901662 throughput_goal: 0.990000
[20.687s][debug  ][gc,ergo        ] GC(75) Live_space: 998724224 free_space: 1371013120
[20.687s][debug  ][gc,ergo        ] GC(75) Old eden_size: 195559424 desired_eden_size: 196083712
[20.687s][debug  ][gc,ergo        ] GC(75) AdaptiveSizeStop: collection: 76 
[20.687s][info   ][gc,heap        ] GC(75) PSYoungGen: 218726K(226304K)->30720K(227328K) Eden: 188006K(190976K)->0K(192000K) From: 30720K(35328K)->30720K(35328K)
[20.687s][info   ][gc,heap        ] GC(75) ParOldGen: 1496677K(1835008K)->1680997K(1835008K)
[20.687s][info   ][gc,metaspace   ] GC(75) Metaspace: 1021K(1216K)->1021K(1216K) NonClass: 937K(1024K)->937K(1024K) Class: 83K(192K)->83K(192K)
[20.687s][info   ][gc             ] GC(75) Pause Young (Allocation Failure) 1675M->1671M(2014M) 16.734ms
[20.687s][info   ][gc,cpu         ] GC(75) User=0.08s Sys=0.00s Real=0.02s
[20.687s][debug  ][gc,heap        ] GC(75) Heap after GC invocations=76 (full 12):
[20.687s][debug  ][gc,heap        ] GC(75)  PSYoungGen      total 227328K, used 30720K [0x00000000f0000000, 0x0000000100000000, 0x0000000100000000)
[20.687s][debug  ][gc,heap        ] GC(75)   eden space 192000K, 0% used [0x00000000f0000000,0x00000000f0000000,0x00000000fbb80000)
[20.687s][debug  ][gc,heap        ] GC(75)   from space 35328K, 86% used [0x00000000fdd80000,0x00000000ffb80030,0x0000000100000000)
[20.687s][debug  ][gc,heap        ] GC(75)   to   space 34816K, 0% used [0x00000000fbb80000,0x00000000fbb80000,0x00000000fdd80000)
[20.687s][debug  ][gc,heap        ] GC(75)  ParOldGen       total 1835008K, used 1680997K [0x0000000080000000, 0x00000000f0000000, 0x00000000f0000000)
[20.687s][debug  ][gc,heap        ] GC(75)   object space 1835008K, 91% used [0x0000000080000000,0x00000000e6999558,0x00000000f0000000)
[20.687s][debug  ][gc,heap        ] GC(75)  Metaspace       used 1021K, committed 1216K, reserved 1056768K
[20.687s][debug  ][gc,heap        ] GC(75)   class space    used 83K, committed 192K, reserved 1048576K
[20.687s][debug  ][gc,task,time   ] GC(75) VM-Thread 206696041 206845505 206870124
[20.687s][debug  ][gc,phases,start] GC(76) Pre Compact
[20.687s][debug  ][gc,heap        ] GC(76) Heap before GC invocations=77 (full 13):
[20.687s][debug  ][gc,heap        ] GC(76)  PSYoungGen      total 227328K, used 30720K [0x00000000f0000000, 0x0000000100000000, 0x0000000100000000)
[20.687s][debug  ][gc,heap        ] GC(76)   eden space 192000K, 0% used [0x00000000f0000000,0x00000000f0000000,0x00000000fbb80000)
[20.687s][debug  ][gc,heap        ] GC(76)   from space 35328K, 86% used [0x00000000fdd80000,0x00000000ffb80030,0x0000000100000000)
[20.687s][debug  ][gc,heap        ] GC(76)   to   space 34816K, 0% used [0x00000000fbb80000,0x00000000fbb80000,0x00000000fdd80000)
[20.687s][debug  ][gc,heap        ] GC(76)  ParOldGen       total 1835008K, used 1680997K [0x0000000080000000, 0x00000000f0000000, 0x00000000f0000000)
[20.687s][debug  ][gc,heap        ] GC(76)   object space 1835008K, 91% used [0x0000000080000000,0x00000000e6999558,0x00000000f0000000)
[20.687s][debug  ][gc,heap        ] GC(76)  Metaspace       used 1021K, committed 1216K, reserved 1056768K
[20.687s][debug  ][gc,heap        ] GC(76)   class space    used 83K, committed 192K, reserved 1048576K
[20.687s][debug  ][gc,phases      ] GC(76) Pre Compact 0.219ms
[20.687s][info   ][gc,start       ] GC(76) Pause Full (Ergonomics)
[20.687s][info   ][gc,phases,start] GC(76) Marking Phase
[20.687s][debug  ][gc,phases,start] GC(76) Par Mark
[20.688s][debug  ][gc,phases      ] GC(76) Par Mark 0.608ms
[20.688s][debug  ][gc,phases,start] GC(76) Reference Processing
[20.688s][debug  ][gc,ref         ] GC(76) Skipped phase 1 of Reference Processing: no references
[20.688s][debug  ][gc,ref         ] GC(76) ReferenceProcessor::execute queues: 1, RefProcThreadModel::Single, marks_oops_alive: false
[20.688s][debug  ][gc,ref         ] GC(76) Skipped phase 3 of Reference Processing: no references
[20.688s][debug  ][gc,ref         ] GC(76) ReferenceProcessor::execute queues: 1, RefProcThreadModel::Single, marks_oops_alive: false
[20.688s][debug  ][gc,phases,ref  ] GC(76) Reference Processing: 0.1ms
[20.688s][debug  ][gc,phases,ref  ] GC(76)   Reconsider SoftReferences: 0.0ms
[20.688s][debug  ][gc,phases,ref  ] GC(76)     SoftRef (ms):                  skipped
[20.688s][debug  ][gc,phases,ref  ] GC(76)   Notify Soft/WeakReferences: 0.0ms
[20.688s][debug  ][gc,phases,ref  ] GC(76)     SoftRef (ms):                  Min:  0.0, Avg:  0.0, Max:  0.0, Diff:  0.0, Sum:  0.0, Workers: 6
[20.688s][debug  ][gc,phases,ref  ] GC(76)     WeakRef (ms):                  Min:  0.0, Avg:  0.0, Max:  0.0, Diff:  0.0, Sum:  0.0, Workers: 6
[20.688s][debug  ][gc,phases,ref  ] GC(76)     FinalRef (ms):                 Min:  0.0, Avg:  0.0, Max:  0.0, Diff:  0.0, Sum:  0.0, Workers: 6
[20.688s][debug  ][gc,phases,ref  ] GC(76)     Total (ms):                    Min:  0.0, Avg:  0.0, Max:  0.0, Diff:  0.0, Sum:  0.0, Workers: 6
[20.688s][debug  ][gc,phases,ref  ] GC(76)   Notify and keep alive finalizable: 0.0ms
[20.688s][debug  ][gc,phases,ref  ] GC(76)     FinalRef (ms):                 skipped
[20.688s][debug  ][gc,phases,ref  ] GC(76)   Notify PhantomReferences: 0.0ms
[20.688s][debug  ][gc,phases,ref  ] GC(76)     PhantomRef (ms):               Min:  0.0, Avg:  0.0, Max:  0.0, Diff:  0.0, Sum:  0.0, Workers: 6
[20.688s][debug  ][gc,phases,ref  ] GC(76)   SoftReference:
[20.688s][debug  ][gc,phases,ref  ] GC(76)     Discovered: 0
[20.688s][debug  ][gc,phases,ref  ] GC(76)     Cleared: 0
[20.688s][debug  ][gc,phases,ref  ] GC(76)   WeakReference:
[20.688s][debug  ][gc,phases,ref  ] GC(76)     Discovered: 108
[20.689s][debug  ][gc,phases,ref  ] GC(76)     Cleared: 108
[20.689s][debug  ][gc,phases,ref  ] GC(76)   FinalReference:
[20.689s][debug  ][gc,phases,ref  ] GC(76)     Discovered: 0
[20.689s][debug  ][gc,phases,ref  ] GC(76)     Cleared: 0
[20.689s][debug  ][gc,phases,ref  ] GC(76)   PhantomReference:
[20.689s][debug  ][gc,phases,ref  ] GC(76)     Discovered: 3
[20.689s][debug  ][gc,phases,ref  ] GC(76)     Cleared: 3
[20.689s][debug  ][gc,phases      ] GC(76) Reference Processing 0.745ms
[20.689s][debug  ][gc,phases,start] GC(76) Weak Processing
[20.689s][debug  ][gc,phases      ] GC(76)   VM Weak                        Min:  0.0, Avg:  0.0, Max:  0.0, Diff:  0.0, Sum:  0.0, Workers: 6
[20.689s][debug  ][gc,phases      ] GC(76)     Dead                           Min: 0, Avg:  0.0, Max: 0, Diff: 0, Sum: 0, Workers: 6
[20.689s][debug  ][gc,phases      ] GC(76)     Total                          Min: 0, Avg:  1.3, Max: 8, Diff: 8, Sum: 8, Workers: 6
[20.689s][debug  ][gc,phases      ] GC(76)   ObjectSynchronizer Weak        Min:  0.0, Avg:  0.0, Max:  0.0, Diff:  0.0, Sum:  0.0, Workers: 6
[20.689s][debug  ][gc,phases      ] GC(76)     Dead                           Min: 0, Avg:  0.0, Max: 0, Diff: 0, Sum: 0, Workers: 6
[20.689s][debug  ][gc,phases      ] GC(76)     Total                          Min: 0, Avg:  0.5, Max: 3, Diff: 3, Sum: 3, Workers: 6
[20.689s][debug  ][gc,phases      ] GC(76)   JVMTI Tag Weak OopStorage      Min:  0.0, Avg:  0.0, Max:  0.0, Diff:  0.0, Sum:  0.0, Workers: 6
[20.689s][debug  ][gc,phases      ] GC(76)     Dead                           Min: 0, Avg:  0.0, Max: 0, Diff: 0, Sum: 0, Workers: 6
[20.689s][debug  ][gc,phases      ] GC(76)     Total                          Min: 0, Avg:  0.0, Max: 0, Diff: 0, Sum: 0, Workers: 6
[20.689s][debug  ][gc,phases      ] GC(76)   StringTable Weak               Min:  0.0, Avg:  0.0, Max:  0.0, Diff:  0.0, Sum:  0.0, Workers: 6
[20.689s][debug  ][gc,phases      ] GC(76)     Dead                           Min: 0, Avg:  0.0, Max: 0, Diff: 0, Sum: 0, Workers: 6
[20.689s][debug  ][gc,phases      ] GC(76)     Total                          Min: 640, Avg: 891.8, Max: 1088, Diff: 448, Sum: 5351, Workers: 6
[20.689s][debug  ][gc,phases      ] GC(76)   ResolvedMethodTable Weak       Min:  0.0, Avg:  0.0, Max:  0.0, Diff:  0.0, Sum:  0.0, Workers: 6
[20.689s][debug  ][gc,phases      ] GC(76)     Dead                           Min: 0, Avg:  0.0, Max: 0, Diff: 0, Sum: 0, Workers: 6
[20.689s][debug  ][gc,phases      ] GC(76)     Total                          Min: 0, Avg: 21.7, Max: 64, Diff: 64, Sum: 130, Workers: 6
[20.689s][debug  ][gc,phases      ] GC(76)   JNI Weak                       Min:  0.0, Avg:  0.0, Max:  0.0, Diff:  0.0, Sum:  0.0, Workers: 6
[20.689s][debug  ][gc,phases      ] GC(76)     Dead                           Min: 0, Avg:  0.0, Max: 0, Diff: 0, Sum: 0, Workers: 6
[20.689s][debug  ][gc,phases      ] GC(76)     Total                          Min: 0, Avg:  0.0, Max: 0, Diff: 0, Sum: 0, Workers: 6
[20.689s][debug  ][gc,phases      ] GC(76)   StringDedup Table Weak         Min:  0.0, Avg:  0.0, Max:  0.0, Diff:  0.0, Sum:  0.0, Workers: 6
[20.689s][debug  ][gc,phases      ] GC(76)     Dead                           Min: 0, Avg:  0.0, Max: 0, Diff: 0, Sum: 0, Workers: 6
[20.689s][debug  ][gc,phases      ] GC(76)     Total                          Min: 0, Avg:  0.0, Max: 0, Diff: 0, Sum: 0, Workers: 6
[20.689s][debug  ][gc,phases      ] GC(76)   StringDedup Requests0 Weak     Min:  0.0, Avg:  0.0, Max:  0.0, Diff:  0.0, Sum:  0.0, Workers: 6
[20.689s][debug  ][gc,phases      ] GC(76)     Dead                           Min: 0, Avg:  0.0, Max: 0, Diff: 0, Sum: 0, Workers: 6
[20.689s][debug  ][gc,phases      ] GC(76)     Total                          Min: 0, Avg:  0.0, Max: 0, Diff: 0, Sum: 0, Workers: 6
[20.689s][debug  ][gc,phases      ] GC(76)   StringDedup Requests1 Weak     Min:  0.0, Avg:  0.0, Max:  0.0, Diff:  0.0, Sum:  0.0, Workers: 6
[20.689s][debug  ][gc,phases      ] GC(76)     Dead                           Min: 0, Avg:  0.0, Max: 0, Diff: 0, Sum: 0, Workers: 6
[20.689s][debug  ][gc,phases      ] GC(76)     Total                          Min: 0, Avg:  0.0, Max: 0, Diff: 0, Sum: 0, Workers: 6
[20.689s][debug  ][gc,phases      ] GC(76)   Weak JFR Old Object Samples    Min:  0.0, Avg:  0.0, Max:  0.0, Diff:  0.0, Sum:  0.0, Workers: 6
[20.689s][debug  ][gc,phases      ] GC(76)     Dead                           Min: 0, Avg:  0.0, Max: 0, Diff: 0, Sum: 0, Workers: 6
[20.689s][debug  ][gc,phases      ] GC(76)     Total                          Min: 0, Avg:  0.0, Max: 0, Diff: 0, Sum: 0, Workers: 6
[20.689s][debug  ][gc,phases      ] GC(76) Weak Processing 0.657ms
[20.689s][debug  ][gc,phases,start] GC(76) Class Unloading
[20.689s][debug  ][gc,phases,start] GC(76) ClassLoaderData
[20.689s][debug  ][gc,phases      ] GC(76) ClassLoaderData 0.020ms
[20.689s][debug  ][gc,phases,start] GC(76) Trigger cleanups
[20.689s][debug  ][gc,phases      ] GC(76) Trigger cleanups 0.020ms
[20.690s][debug  ][gc,phases      ] GC(76) Class Unloading 0.255ms
[20.690s][info   ][gc,phases      ] GC(76) Marking Phase 2.387ms
[20.690s][info   ][gc,phases,start] GC(76) Summary Phase
[20.690s][info   ][gc,phases      ] GC(76) Summary Phase 0.036ms
[20.690s][info   ][gc,phases,start] GC(76) Adjust Roots
[20.690s][info   ][gc,phases      ] GC(76) Adjust Roots 0.150ms
[20.690s][info   ][gc,phases,start] GC(76) Compaction Phase
[20.766s][info   ][gc,phases      ] GC(76) Compaction Phase 75.933ms
[20.766s][info   ][gc,phases,start] GC(76) Post Compact
[20.772s][info   ][gc,phases      ] GC(76) Post Compact 5.581ms
[20.772s][debug  ][gc,ergo        ] GC(76) AdaptiveSizeStart: collection: 77 
[20.772s][debug  ][gc,ergo        ] GC(76) PSAdaptiveSizePolicy::compute_eden_space_size limits: desired_eden_size: 216540471 old_eden_size: 196083712 eden_limit: 196608000 cur_eden: 196608000 max_eden_size: 196608000 avg_young_live: 24435220
[20.772s][debug  ][gc,ergo        ] GC(76) PSAdaptiveSizePolicy::compute_eden_space_size: costs minor_time: 0.050446 major_cost: 0.049071 mutator_cost: 0.900484 throughput_goal: 0.990000
[20.772s][debug  ][gc,ergo        ] GC(76) Live_space: 996009216 free_space: 1371537408
[20.772s][debug  ][gc,ergo        ] GC(76) Old eden_size: 196083712 desired_eden_size: 196608000
[20.772s][debug  ][gc,ergo        ] GC(76) PSAdaptiveSizePolicy::compute_old_gen_free_space limits: desired_promo_size: 1297217421 promo_limit: 1175453696 free_in_old_gen: 1171607040 max_old_gen_size: 1879048192 avg_old_live: 707441152
[20.772s][debug  ][gc,ergo        ] GC(76) PSAdaptiveSizePolicy::compute_old_gen_free_space: costs minor_time: 0.050446 major_cost: 0.049071  mutator_cost: 0.900484 throughput_goal: 0.990000
[20.772s][debug  ][gc,ergo        ] GC(76) Live_space: 1000311808 free_space: 1372061696
[20.772s][debug  ][gc,ergo        ] GC(76) Old promo_size: 1175453696 desired_promo_size: 1175453696
[20.772s][debug  ][gc,ergo        ] GC(76) AdaptiveSizeStop: collection: 77 
[20.772s][info   ][gc,heap        ] GC(76) PSYoungGen: 30720K(227328K)->0K(226816K) Eden: 0K(192000K)->0K(192000K) From: 30720K(35328K)->0K(34816K)
[20.772s][info   ][gc,heap        ] GC(76) ParOldGen: 1680997K(1835008K)->728675K(1835008K)
[20.772s][info   ][gc,metaspace   ] GC(76) Metaspace: 1021K(1216K)->1021K(1216K) NonClass: 937K(1024K)->937K(1024K) Class: 83K(192K)->83K(192K)
[20.772s][info   ][gc             ] GC(76) Pause Full (Ergonomics) 1671M->711M(2013M) 84.635ms
[20.772s][info   ][gc,cpu         ] GC(76) User=0.39s Sys=0.02s Real=0.09s
[20.772s][debug  ][gc,heap        ] GC(76) Heap after GC invocations=77 (full 13):
[20.772s][debug  ][gc,heap        ] GC(76)  PSYoungGen      total 226816K, used 0K [0x00000000f0000000, 0x0000000100000000, 0x0000000100000000)
[20.772s][debug  ][gc,heap        ] GC(76)   eden space 192000K, 0% used [0x00000000f0000000,0x00000000f0000000,0x00000000fbb80000)
[20.772s][debug  ][gc,heap        ] GC(76)   from space 34816K, 0% used [0x00000000fbb80000,0x00000000fbb80000,0x00000000fdd80000)
[20.772s][debug  ][gc,heap        ] GC(76)   to   space 34816K, 0% used [0x00000000fde00000,0x00000000fde00000,0x0000000100000000)
[20.772s][debug  ][gc,heap        ] GC(76)  ParOldGen       total 1835008K, used 728675K [0x0000000080000000, 0x00000000f0000000, 0x00000000f0000000)
[20.772s][debug  ][gc,heap        ] GC(76)   object space 1835008K, 39% used [0x0000000080000000,0x00000000ac798f88,0x00000000f0000000)
[20.772s][debug  ][gc,heap        ] GC(76)  Metaspace       used 1021K, committed 1216K, reserved 1056768K
[20.772s][debug  ][gc,heap        ] GC(76)   class space    used 83K, committed 192K, reserved 1048576K
[20.772s][debug  ][gc,task,time   ] GC(76) VM-Thread 206873054 206899639 207719660
[21.069s][debug  ][gc,heap        ] GC(77) Heap before GC invocations=78 (full 13):
[21.069s][debug  ][gc,heap        ] GC(77)  PSYoungGen      total 226816K, used 188046K [0x00000000f0000000, 0x0000000100000000, 0x0000000100000000)
[21.069s][debug  ][gc,heap        ] GC(77)   eden space 192000K, 97% used [0x00000000f0000000,0x00000000fb7a3ad0,0x00000000fbb80000)
[21.069s][debug  ][gc,heap        ] GC(77)   from space 34816K, 0% used [0x00000000fbb80000,0x00000000fbb80000,0x00000000fdd80000)
[21.069s][debug  ][gc,heap        ] GC(77)   to   space 34816K, 0% used [0x00000000fde00000,0x00000000fde00000,0x0000000100000000)
[21.069s][debug  ][gc,heap        ] GC(77)  ParOldGen       total 1835008K, used 728675K [0x0000000080000000, 0x00000000f0000000, 0x00000000f0000000)
[21.069s][debug  ][gc,heap        ] GC(77)   object space 1835008K, 39% used [0x0000000080000000,0x00000000ac798f88,0x00000000f0000000)
[21.069s][debug  ][gc,heap        ] GC(77)  Metaspace       used 1021K, committed 1216K, reserved 1056768K
[21.070s][debug  ][gc,heap        ] GC(77)   class space    used 83K, committed 192K, reserved 1048576K
[21.070s][debug  ][gc,tlab        ] GC(77) TLAB totals: thrds: 1  refills: 1 max: 1 slow allocs: 17 max 17 waste: 26.7% gc: 3815856B max: 3815856B slow: 0B max: 0B
[21.070s][info   ][gc,start       ] GC(77) Pause Young (Allocation Failure)
[21.070s][debug  ][gc,phases,start] GC(77) Scavenge
[21.082s][debug  ][gc,phases      ] GC(77) Scavenge 12.306ms
[21.082s][debug  ][gc,phases,start] GC(77) Reference Processing
[21.082s][debug  ][gc,ref         ] GC(77) Skipped phase 1 of Reference Processing: no references
[21.082s][debug  ][gc,ref         ] GC(77) Skipped phase 2 of Reference Processing: no references
[21.082s][debug  ][gc,ref         ] GC(77) Skipped phase 3 of Reference Processing: no references
[21.082s][debug  ][gc,ref         ] GC(77) Skipped phase 4 of Reference Processing: no references
[21.082s][debug  ][gc,phases,ref  ] GC(77) Reference Processing: 0.1ms
[21.082s][debug  ][gc,phases,ref  ] GC(77)   Reconsider SoftReferences: 0.0ms
[21.082s][debug  ][gc,phases,ref  ] GC(77)     SoftRef (ms):                  skipped
[21.082s][debug  ][gc,phases,ref  ] GC(77)   Notify Soft/WeakReferences: 0.0ms
[21.082s][debug  ][gc,phases,ref  ] GC(77)     SoftRef (ms):                  skipped
[21.082s][debug  ][gc,phases,ref  ] GC(77)     WeakRef (ms):                  skipped
[21.082s][debug  ][gc,phases,ref  ] GC(77)     FinalRef (ms):                 skipped
[21.082s][debug  ][gc,phases,ref  ] GC(77)     Total (ms):                    skipped
[21.082s][debug  ][gc,phases,ref  ] GC(77)   Notify and keep alive finalizable: 0.0ms
[21.082s][debug  ][gc,phases,ref  ] GC(77)     FinalRef (ms):                 skipped
[21.082s][debug  ][gc,phases,ref  ] GC(77)   Notify PhantomReferences: 0.0ms
[21.082s][debug  ][gc,phases,ref  ] GC(77)     PhantomRef (ms):               skipped
[21.082s][debug  ][gc,phases,ref  ] GC(77)   SoftReference:
[21.082s][debug  ][gc,phases,ref  ] GC(77)     Discovered: 0
[21.083s][debug  ][gc,phases,ref  ] GC(77)     Cleared: 0
[21.083s][debug  ][gc,phases,ref  ] GC(77)   WeakReference:
[21.083s][debug  ][gc,phases,ref  ] GC(77)     Discovered: 0
[21.083s][debug  ][gc,phases,ref  ] GC(77)     Cleared: 0
[21.083s][debug  ][gc,phases,ref  ] GC(77)   FinalReference:
[21.083s][debug  ][gc,phases,ref  ] GC(77)     Discovered: 0
[21.083s][debug  ][gc,phases,ref  ] GC(77)     Cleared: 0
[21.083s][debug  ][gc,phases,ref  ] GC(77)   PhantomReference:
[21.083s][debug  ][gc,phases,ref  ] GC(77)     Discovered: 0
[21.083s][debug  ][gc,phases,ref  ] GC(77)     Cleared: 0
[21.083s][debug  ][gc,phases      ] GC(77) Reference Processing 0.713ms
[21.083s][debug  ][gc,phases,start] GC(77) Weak Processing
[21.083s][debug  ][gc,phases      ] GC(77)   VM Weak                        Min:  0.0, Avg:  0.0, Max:  0.0, Diff:  0.0, Sum:  0.0, Workers: 6
[21.083s][debug  ][gc,phases      ] GC(77)     Dead                           Min: 0, Avg:  0.0, Max: 0, Diff: 0, Sum: 0, Workers: 6
[21.083s][debug  ][gc,phases      ] GC(77)     Total                          Min: 0, Avg:  1.3, Max: 8, Diff: 8, Sum: 8, Workers: 6
[21.083s][debug  ][gc,phases      ] GC(77)   ObjectSynchronizer Weak        Min:  0.0, Avg:  0.0, Max:  0.0, Diff:  0.0, Sum:  0.0, Workers: 6
[21.083s][debug  ][gc,phases      ] GC(77)     Dead                           Min: 0, Avg:  0.0, Max: 0, Diff: 0, Sum: 0, Workers: 6
[21.083s][debug  ][gc,phases      ] GC(77)     Total                          Min: 0, Avg:  0.5, Max: 3, Diff: 3, Sum: 3, Workers: 6
[21.083s][debug  ][gc,phases      ] GC(77)   JVMTI Tag Weak OopStorage      Min:  0.0, Avg:  0.0, Max:  0.0, Diff:  0.0, Sum:  0.0, Workers: 6
[21.083s][debug  ][gc,phases      ] GC(77)     Dead                           Min: 0, Avg:  0.0, Max: 0, Diff: 0, Sum: 0, Workers: 6
[21.083s][debug  ][gc,phases      ] GC(77)     Total                          Min: 0, Avg:  0.0, Max: 0, Diff: 0, Sum: 0, Workers: 6
[21.083s][debug  ][gc,phases      ] GC(77)   StringTable Weak               Min:  0.0, Avg:  0.0, Max:  0.0, Diff:  0.0, Sum:  0.0, Workers: 6
[21.083s][debug  ][gc,phases      ] GC(77)     Dead                           Min: 0, Avg:  0.0, Max: 0, Diff: 0, Sum: 0, Workers: 6
[21.083s][debug  ][gc,phases      ] GC(77)     Total                          Min: 512, Avg: 891.8, Max: 1152, Diff: 640, Sum: 5351, Workers: 6
[21.083s][debug  ][gc,phases      ] GC(77)   ResolvedMethodTable Weak       Min:  0.0, Avg:  0.0, Max:  0.0, Diff:  0.0, Sum:  0.0, Workers: 6
[21.083s][debug  ][gc,phases      ] GC(77)     Dead                           Min: 0, Avg:  0.0, Max: 0, Diff: 0, Sum: 0, Workers: 6
[21.083s][debug  ][gc,phases      ] GC(77)     Total                          Min: 0, Avg: 21.7, Max: 64, Diff: 64, Sum: 130, Workers: 6
[21.083s][debug  ][gc,phases      ] GC(77)   JNI Weak                       Min:  0.0, Avg:  0.0, Max:  0.0, Diff:  0.0, Sum:  0.0, Workers: 6
[21.083s][debug  ][gc,phases      ] GC(77)     Dead                           Min: 0, Avg:  0.0, Max: 0, Diff: 0, Sum: 0, Workers: 6
[21.083s][debug  ][gc,phases      ] GC(77)     Total                          Min: 0, Avg:  0.0, Max: 0, Diff: 0, Sum: 0, Workers: 6
[21.083s][debug  ][gc,phases      ] GC(77)   StringDedup Table Weak         Min:  0.0, Avg:  0.0, Max:  0.0, Diff:  0.0, Sum:  0.0, Workers: 6
[21.083s][debug  ][gc,phases      ] GC(77)     Dead                           Min: 0, Avg:  0.0, Max: 0, Diff: 0, Sum: 0, Workers: 6
[21.083s][debug  ][gc,phases      ] GC(77)     Total                          Min: 0, Avg:  0.0, Max: 0, Diff: 0, Sum: 0, Workers: 6
[21.083s][debug  ][gc,phases      ] GC(77)   StringDedup Requests0 Weak     Min:  0.0, Avg:  0.0, Max:  0.0, Diff:  0.0, Sum:  0.0, Workers: 6
[21.083s][debug  ][gc,phases      ] GC(77)     Dead                           Min: 0, Avg:  0.0, Max: 0, Diff: 0, Sum: 0, Workers: 6
[21.083s][debug  ][gc,phases      ] GC(77)     Total                          Min: 0, Avg:  0.0, Max: 0, Diff: 0, Sum: 0, Workers: 6
[21.083s][debug  ][gc,phases      ] GC(77)   StringDedup Requests1 Weak     Min:  0.0, Avg:  0.0, Max:  0.0, Diff:  0.0, Sum:  0.0, Workers: 6
[21.083s][debug  ][gc,phases      ] GC(77)     Dead                           Min: 0, Avg:  0.0, Max: 0, Diff: 0, Sum: 0, Workers: 6
[21.083s][debug  ][gc,phases      ] GC(77)     Total                          Min: 0, Avg:  0.0, Max: 0, Diff: 0, Sum: 0, Workers: 6
[21.083s][debug  ][gc,phases      ] GC(77)   Weak JFR Old Object Samples    Min:  0.0, Avg:  0.0, Max:  0.0, Diff:  0.0, Sum:  0.0, Workers: 6
[21.083s][debug  ][gc,phases      ] GC(77)     Dead                           Min: 0, Avg:  0.0, Max: 0, Diff: 0, Sum: 0, Workers: 6
[21.084s][debug  ][gc,phases      ] GC(77)     Total                          Min: 0, Avg:  0.0, Max: 0, Diff: 0, Sum: 0, Workers: 6
[21.084s][debug  ][gc,phases      ] GC(77) Weak Processing 0.741ms
[21.084s][debug  ][gc,ergo        ] GC(77) AdaptiveSizeStart:  collection: 78 
[21.084s][debug  ][gc,ergo        ] GC(77) avg_survived_padded_avg: 35272124.000000
[21.084s][debug  ][gc,ergo        ] GC(77) avg_promoted_padded_avg: 245906960.000000  avg_pretenured_padded_avg: 0.000000  tenuring_thresh: 1  target_size: 35651584
[21.084s][debug  ][gc,age         ] GC(77) Desired survivor size 35651584 bytes, new threshold 1 (max threshold 15)
[21.084s][debug  ][gc,ergo        ] GC(77) PSAdaptiveSizePolicy::compute_eden_space_size limits: desired_eden_size: 215756373 old_eden_size: 196608000 eden_limit: 197132288 cur_eden: 196608000 max_eden_size: 197132288 avg_young_live: 25137430
[21.084s][debug  ][gc,ergo        ] GC(77) PSAdaptiveSizePolicy::compute_eden_space_size: costs minor_time: 0.046578 major_cost: 0.049071 mutator_cost: 0.904352 throughput_goal: 0.990000
[21.084s][debug  ][gc,ergo        ] GC(77) Live_space: 1001014016 free_space: 1372061696
[21.084s][debug  ][gc,ergo        ] GC(77) Old eden_size: 196608000 desired_eden_size: 197132288
[21.084s][debug  ][gc,ergo        ] GC(77) AdaptiveSizeStop: collection: 78 
[21.084s][info   ][gc,heap        ] GC(77) PSYoungGen: 188046K(226816K)->30720K(227328K) Eden: 188046K(192000K)->0K(192512K) From: 0K(34816K)->30720K(34816K)
[21.084s][info   ][gc,heap        ] GC(77) ParOldGen: 728675K(1835008K)->882276K(1835008K)
[21.084s][info   ][gc,metaspace   ] GC(77) Metaspace: 1021K(1216K)->1021K(1216K) NonClass: 937K(1024K)->937K(1024K) Class: 83K(192K)->83K(192K)
[21.084s][info   ][gc             ] GC(77) Pause Young (Allocation Failure) 895M->891M(2014M) 14.202ms
[21.084s][info   ][gc,cpu         ] GC(77) User=0.09s Sys=0.00s Real=0.01s
[21.084s][debug  ][gc,heap        ] GC(77) Heap after GC invocations=78 (full 13):
[21.084s][debug  ][gc,heap        ] GC(77)  PSYoungGen      total 227328K, used 30720K [0x00000000f0000000, 0x0000000100000000, 0x0000000100000000)
[21.084s][debug  ][gc,heap        ] GC(77)   eden space 192512K, 0% used [0x00000000f0000000,0x00000000f0000000,0x00000000fbc00000)
[21.084s][debug  ][gc,heap        ] GC(77)   from space 34816K, 88% used [0x00000000fde00000,0x00000000ffc00030,0x0000000100000000)
[21.084s][debug  ][gc,heap        ] GC(77)   to   space 34816K, 0% used [0x00000000fbc00000,0x00000000fbc00000,0x00000000fde00000)
[21.084s][debug  ][gc,heap        ] GC(77)  ParOldGen       total 1835008K, used 882276K [0x0000000080000000, 0x00000000f0000000, 0x00000000f0000000)
[21.084s][debug  ][gc,heap        ] GC(77)   object space 1835008K, 48% used [0x0000000080000000,0x00000000b5d99078,0x00000000f0000000)
[21.084s][debug  ][gc,heap        ] GC(77)  Metaspace       used 1021K, committed 1216K, reserved 1056768K
[21.084s][debug  ][gc,heap        ] GC(77)   class space    used 83K, committed 192K, reserved 1048576K
[21.084s][debug  ][gc,task,time   ] GC(77) VM-Thread 210692013 210820497 210840471
[21.372s][debug  ][gc,heap        ] GC(78) Heap before GC invocations=79 (full 13):
[21.372s][debug  ][gc,heap        ] GC(78)  PSYoungGen      total 227328K, used 218716K [0x00000000f0000000, 0x0000000100000000, 0x0000000100000000)
[21.372s][debug  ][gc,heap        ] GC(78)   eden space 192512K, 97% used [0x00000000f0000000,0x00000000fb7971a0,0x00000000fbc00000)
[21.373s][debug  ][gc,heap        ] GC(78)   from space 34816K, 88% used [0x00000000fde00000,0x00000000ffc00030,0x0000000100000000)
[21.373s][debug  ][gc,heap        ] GC(78)   to   space 34816K, 0% used [0x00000000fbc00000,0x00000000fbc00000,0x00000000fde00000)
[21.373s][debug  ][gc,heap        ] GC(78)  ParOldGen       total 1835008K, used 882276K [0x0000000080000000, 0x00000000f0000000, 0x00000000f0000000)
[21.373s][debug  ][gc,heap        ] GC(78)   object space 1835008K, 48% used [0x0000000080000000,0x00000000b5d99078,0x00000000f0000000)
[21.373s][debug  ][gc,heap        ] GC(78)  Metaspace       used 1021K, committed 1216K, reserved 1056768K
[21.373s][debug  ][gc,heap        ] GC(78)   class space    used 83K, committed 192K, reserved 1048576K
[21.373s][debug  ][gc,tlab        ] GC(78) TLAB totals: thrds: 1  refills: 1 max: 1 slow allocs: 17 max 17 waste: 26.4% gc: 3763288B max: 3763288B slow: 0B max: 0B
[21.373s][info   ][gc,start       ] GC(78) Pause Young (Allocation Failure)
[21.373s][debug  ][gc,phases,start] GC(78) Scavenge
[21.378s][debug  ][gc,phases      ] GC(78) Scavenge 5.185ms
[21.378s][debug  ][gc,phases,start] GC(78) Reference Processing
[21.378s][debug  ][gc,ref         ] GC(78) Skipped phase 1 of Reference Processing: no references
[21.378s][debug  ][gc,ref         ] GC(78) Skipped phase 2 of Reference Processing: no references
[21.378s][debug  ][gc,ref         ] GC(78) Skipped phase 3 of Reference Processing: no references
[21.378s][debug  ][gc,ref         ] GC(78) Skipped phase 4 of Reference Processing: no references
[21.378s][debug  ][gc,phases,ref  ] GC(78) Reference Processing: 0.1ms
[21.378s][debug  ][gc,phases,ref  ] GC(78)   Reconsider SoftReferences: 0.0ms
[21.378s][debug  ][gc,phases,ref  ] GC(78)     SoftRef (ms):                  skipped
[21.378s][debug  ][gc,phases,ref  ] GC(78)   Notify Soft/WeakReferences: 0.0ms
[21.378s][debug  ][gc,phases,ref  ] GC(78)     SoftRef (ms):                  skipped
[21.378s][debug  ][gc,phases,ref  ] GC(78)     WeakRef (ms):                  skipped
[21.378s][debug  ][gc,phases,ref  ] GC(78)     FinalRef (ms):                 skipped
[21.378s][debug  ][gc,phases,ref  ] GC(78)     Total (ms):                    skipped
[21.378s][debug  ][gc,phases,ref  ] GC(78)   Notify and keep alive finalizable: 0.0ms
[21.378s][debug  ][gc,phases,ref  ] GC(78)     FinalRef (ms):                 skipped
[21.378s][debug  ][gc,phases,ref  ] GC(78)   Notify PhantomReferences: 0.0ms
[21.378s][debug  ][gc,phases,ref  ] GC(78)     PhantomRef (ms):               skipped
[21.378s][debug  ][gc,phases,ref  ] GC(78)   SoftReference:
[21.379s][debug  ][gc,phases,ref  ] GC(78)     Discovered: 0
[21.379s][debug  ][gc,phases,ref  ] GC(78)     Cleared: 0
[21.379s][debug  ][gc,phases,ref  ] GC(78)   WeakReference:
[21.379s][debug  ][gc,phases,ref  ] GC(78)     Discovered: 0
[21.379s][debug  ][gc,phases,ref  ] GC(78)     Cleared: 0
[21.379s][debug  ][gc,phases,ref  ] GC(78)   FinalReference:
[21.379s][debug  ][gc,phases,ref  ] GC(78)     Discovered: 0
[21.379s][debug  ][gc,phases,ref  ] GC(78)     Cleared: 0
[21.379s][debug  ][gc,phases,ref  ] GC(78)   PhantomReference:
[21.379s][debug  ][gc,phases,ref  ] GC(78)     Discovered: 0
[21.379s][debug  ][gc,phases,ref  ] GC(78)     Cleared: 0
[21.379s][debug  ][gc,phases      ] GC(78) Reference Processing 0.682ms
[21.379s][debug  ][gc,phases,start] GC(78) Weak Processing
[21.379s][debug  ][gc,phases      ] GC(78)   VM Weak                        Min:  0.0, Avg:  0.0, Max:  0.0, Diff:  0.0, Sum:  0.0, Workers: 6
[21.379s][debug  ][gc,phases      ] GC(78)     Dead                           Min: 0, Avg:  0.0, Max: 0, Diff: 0, Sum: 0, Workers: 6
[21.379s][debug  ][gc,phases      ] GC(78)     Total                          Min: 0, Avg:  1.3, Max: 8, Diff: 8, Sum: 8, Workers: 6
[21.379s][debug  ][gc,phases      ] GC(78)   ObjectSynchronizer Weak        Min:  0.0, Avg:  0.0, Max:  0.0, Diff:  0.0, Sum:  0.0, Workers: 6
[21.379s][debug  ][gc,phases      ] GC(78)     Dead                           Min: 0, Avg:  0.0, Max: 0, Diff: 0, Sum: 0, Workers: 6
[21.379s][debug  ][gc,phases      ] GC(78)     Total                          Min: 0, Avg:  0.5, Max: 3, Diff: 3, Sum: 3, Workers: 6
[21.379s][debug  ][gc,phases      ] GC(78)   JVMTI Tag Weak OopStorage      Min:  0.0, Avg:  0.0, Max:  0.0, Diff:  0.0, Sum:  0.0, Workers: 6
[21.379s][debug  ][gc,phases      ] GC(78)     Dead                           Min: 0, Avg:  0.0, Max: 0, Diff: 0, Sum: 0, Workers: 6
[21.379s][debug  ][gc,phases      ] GC(78)     Total                          Min: 0, Avg:  0.0, Max: 0, Diff: 0, Sum: 0, Workers: 6
[21.379s][debug  ][gc,phases      ] GC(78)   StringTable Weak               Min:  0.0, Avg:  0.0, Max:  0.0, Diff:  0.0, Sum:  0.0, Workers: 6
[21.379s][debug  ][gc,phases      ] GC(78)     Dead                           Min: 0, Avg:  0.0, Max: 0, Diff: 0, Sum: 0, Workers: 6
[21.379s][debug  ][gc,phases      ] GC(78)     Total                          Min: 831, Avg: 891.8, Max: 1024, Diff: 193, Sum: 5351, Workers: 6
[21.379s][debug  ][gc,phases      ] GC(78)   ResolvedMethodTable Weak       Min:  0.0, Avg:  0.0, Max:  0.0, Diff:  0.0, Sum:  0.0, Workers: 6
[21.379s][debug  ][gc,phases      ] GC(78)     Dead                           Min: 0, Avg:  0.0, Max: 0, Diff: 0, Sum: 0, Workers: 6
[21.379s][debug  ][gc,phases      ] GC(78)     Total                          Min: 0, Avg: 21.7, Max: 64, Diff: 64, Sum: 130, Workers: 6
[21.379s][debug  ][gc,phases      ] GC(78)   JNI Weak                       Min:  0.0, Avg:  0.0, Max:  0.0, Diff:  0.0, Sum:  0.0, Workers: 6
[21.379s][debug  ][gc,phases      ] GC(78)     Dead                           Min: 0, Avg:  0.0, Max: 0, Diff: 0, Sum: 0, Workers: 6
[21.379s][debug  ][gc,phases      ] GC(78)     Total                          Min: 0, Avg:  0.0, Max: 0, Diff: 0, Sum: 0, Workers: 6
[21.379s][debug  ][gc,phases      ] GC(78)   StringDedup Table Weak         Min:  0.0, Avg:  0.0, Max:  0.0, Diff:  0.0, Sum:  0.0, Workers: 6
[21.379s][debug  ][gc,phases      ] GC(78)     Dead                           Min: 0, Avg:  0.0, Max: 0, Diff: 0, Sum: 0, Workers: 6
[21.379s][debug  ][gc,phases      ] GC(78)     Total                          Min: 0, Avg:  0.0, Max: 0, Diff: 0, Sum: 0, Workers: 6
[21.379s][debug  ][gc,phases      ] GC(78)   StringDedup Requests0 Weak     Min:  0.0, Avg:  0.0, Max:  0.0, Diff:  0.0, Sum:  0.0, Workers: 6
[21.379s][debug  ][gc,phases      ] GC(78)     Dead                           Min: 0, Avg:  0.0, Max: 0, Diff: 0, Sum: 0, Workers: 6
[21.379s][debug  ][gc,phases      ] GC(78)     Total                          Min: 0, Avg:  0.0, Max: 0, Diff: 0, Sum: 0, Workers: 6
[21.379s][debug  ][gc,phases      ] GC(78)   StringDedup Requests1 Weak     Min:  0.0, Avg:  0.0, Max:  0.0, Diff:  0.0, Sum:  0.0, Workers: 6
[21.380s][debug  ][gc,phases      ] GC(78)     Dead                           Min: 0, Avg:  0.0, Max: 0, Diff: 0, Sum: 0, Workers: 6
[21.380s][debug  ][gc,phases      ] GC(78)     Total                          Min: 0, Avg:  0.0, Max: 0, Diff: 0, Sum: 0, Workers: 6
[21.380s][debug  ][gc,phases      ] GC(78)   Weak JFR Old Object Samples    Min:  0.0, Avg:  0.0, Max:  0.0, Diff:  0.0, Sum:  0.0, Workers: 6
[21.380s][debug  ][gc,phases      ] GC(78)     Dead                           Min: 0, Avg:  0.0, Max: 0, Diff: 0, Sum: 0, Workers: 6
[21.380s][debug  ][gc,phases      ] GC(78)     Total                          Min: 0, Avg:  0.0, Max: 0, Diff: 0, Sum: 0, Workers: 6
[21.380s][debug  ][gc,phases      ] GC(78) Weak Processing 0.855ms
[21.380s][debug  ][gc,ergo        ] GC(78) AdaptiveSizeStart:  collection: 79 
[21.380s][debug  ][gc,ergo        ] GC(78) avg_survived_padded_avg: 35047280.000000
[21.380s][debug  ][gc,ergo        ] GC(78) avg_promoted_padded_avg: 260017696.000000  avg_pretenured_padded_avg: 0.000000  tenuring_thresh: 2  target_size: 35127296
[21.380s][debug  ][gc,age         ] GC(78) Desired survivor size 35127296 bytes, new threshold 2 (max threshold 15)
[21.380s][debug  ][gc,ergo        ] GC(78) PSAdaptiveSizePolicy::compute_eden_space_size limits: desired_eden_size: 215200848 old_eden_size: 197132288 eden_limit: 197132288 cur_eden: 197132288 max_eden_size: 197132288 avg_young_live: 25769420
[21.380s][debug  ][gc,ergo        ] GC(78) PSAdaptiveSizePolicy::compute_eden_space_size: costs minor_time: 0.040714 major_cost: 0.049071 mutator_cost: 0.910216 throughput_goal: 0.990000
[21.380s][debug  ][gc,ergo        ] GC(78) Live_space: 1001646016 free_space: 1372585984
[21.380s][debug  ][gc,ergo        ] GC(78) Old eden_size: 197132288 desired_eden_size: 197132288
[21.380s][debug  ][gc,ergo        ] GC(78) AdaptiveSizeStop: collection: 79 
[21.380s][info   ][gc,heap        ] GC(78) PSYoungGen: 218716K(227328K)->30720K(227328K) Eden: 187996K(192512K)->0K(192512K) From: 30720K(34816K)->30720K(34816K)
[21.380s][info   ][gc,heap        ] GC(78) ParOldGen: 882276K(1835008K)->923236K(1835008K)
[21.380s][info   ][gc,metaspace   ] GC(78) Metaspace: 1021K(1216K)->1021K(1216K) NonClass: 938K(1024K)->938K(1024K) Class: 83K(192K)->83K(192K)
[21.380s][info   ][gc             ] GC(78) Pause Young (Allocation Failure) 1075M->931M(2014M) 7.212ms
[21.380s][info   ][gc,cpu         ] GC(78) User=0.09s Sys=0.00s Real=0.01s
[21.380s][debug  ][gc,heap        ] GC(78) Heap after GC invocations=79 (full 13):
[21.380s][debug  ][gc,heap        ] GC(78)  PSYoungGen      total 227328K, used 30720K [0x00000000f0000000, 0x0000000100000000, 0x0000000100000000)
[21.380s][debug  ][gc,heap        ] GC(78)   eden space 192512K, 0% used [0x00000000f0000000,0x00000000f0000000,0x00000000fbc00000)
[21.380s][debug  ][gc,heap        ] GC(78)   from space 34816K, 88% used [0x00000000fbc00000,0x00000000fda00030,0x00000000fde00000)
[21.380s][debug  ][gc,heap        ] GC(78)   to   space 34304K, 0% used [0x00000000fde80000,0x00000000fde80000,0x0000000100000000)
[21.380s][debug  ][gc,heap        ] GC(78)  ParOldGen       total 1835008K, used 923236K [0x0000000080000000, 0x00000000f0000000, 0x00000000f0000000)
[21.380s][debug  ][gc,heap        ] GC(78)   object space 1835008K, 50% used [0x0000000080000000,0x00000000b85990b8,0x00000000f0000000)
[21.380s][debug  ][gc,heap        ] GC(78)  Metaspace       used 1021K, committed 1216K, reserved 1056768K
[21.380s][debug  ][gc,heap        ] GC(78)   class space    used 83K, committed 192K, reserved 1048576K
[21.380s][debug  ][gc,task,time   ] GC(78) VM-Thread 213723214 213780754 213802653
[21.674s][debug  ][gc,heap        ] GC(79) Heap before GC invocations=80 (full 13):
[21.674s][debug  ][gc,heap        ] GC(79)  PSYoungGen      total 227328K, used 218751K [0x00000000f0000000, 0x0000000100000000, 0x0000000100000000)
[21.674s][debug  ][gc,heap        ] GC(79)   eden space 192512K, 97% used [0x00000000f0000000,0x00000000fb79fbf8,0x00000000fbc00000)
[21.675s][debug  ][gc,heap        ] GC(79)   from space 34816K, 88% used [0x00000000fbc00000,0x00000000fda00030,0x00000000fde00000)
[21.675s][debug  ][gc,heap        ] GC(79)   to   space 34304K, 0% used [0x00000000fde80000,0x00000000fde80000,0x0000000100000000)
[21.675s][debug  ][gc,heap        ] GC(79)  ParOldGen       total 1835008K, used 923236K [0x0000000080000000, 0x00000000f0000000, 0x00000000f0000000)
[21.675s][debug  ][gc,heap        ] GC(79)   object space 1835008K, 50% used [0x0000000080000000,0x00000000b85990b8,0x00000000f0000000)
[21.675s][debug  ][gc,heap        ] GC(79)  Metaspace       used 1021K, committed 1216K, reserved 1056768K
[21.675s][debug  ][gc,heap        ] GC(79)   class space    used 83K, committed 192K, reserved 1048576K
[21.675s][debug  ][gc,tlab        ] GC(79) TLAB totals: thrds: 1  refills: 1 max: 1 slow allocs: 17 max 17 waste: 26.6% gc: 3799768B max: 3799768B slow: 0B max: 0B
[21.675s][info   ][gc,start       ] GC(79) Pause Young (Allocation Failure)
[21.675s][debug  ][gc,phases,start] GC(79) Scavenge
[21.689s][debug  ][gc,phases      ] GC(79) Scavenge 14.616ms
[21.690s][debug  ][gc,phases,start] GC(79) Reference Processing
[21.690s][debug  ][gc,ref         ] GC(79) Skipped phase 1 of Reference Processing: no references
[21.690s][debug  ][gc,ref         ] GC(79) Skipped phase 2 of Reference Processing: no references
[21.690s][debug  ][gc,ref         ] GC(79) Skipped phase 3 of Reference Processing: no references
[21.690s][debug  ][gc,ref         ] GC(79) Skipped phase 4 of Reference Processing: no references
[21.690s][debug  ][gc,phases,ref  ] GC(79) Reference Processing: 0.1ms
[21.690s][debug  ][gc,phases,ref  ] GC(79)   Reconsider SoftReferences: 0.0ms
[21.690s][debug  ][gc,phases,ref  ] GC(79)     SoftRef (ms):                  skipped
[21.690s][debug  ][gc,phases,ref  ] GC(79)   Notify Soft/WeakReferences: 0.0ms
[21.690s][debug  ][gc,phases,ref  ] GC(79)     SoftRef (ms):                  skipped
[21.690s][debug  ][gc,phases,ref  ] GC(79)     WeakRef (ms):                  skipped
[21.690s][debug  ][gc,phases,ref  ] GC(79)     FinalRef (ms):                 skipped
[21.690s][debug  ][gc,phases,ref  ] GC(79)     Total (ms):                    skipped
[21.690s][debug  ][gc,phases,ref  ] GC(79)   Notify and keep alive finalizable: 0.0ms
[21.690s][debug  ][gc,phases,ref  ] GC(79)     FinalRef (ms):                 skipped
[21.690s][debug  ][gc,phases,ref  ] GC(79)   Notify PhantomReferences: 0.0ms
[21.690s][debug  ][gc,phases,ref  ] GC(79)     PhantomRef (ms):               skipped
[21.690s][debug  ][gc,phases,ref  ] GC(79)   SoftReference:
[21.690s][debug  ][gc,phases,ref  ] GC(79)     Discovered: 0
[21.690s][debug  ][gc,phases,ref  ] GC(79)     Cleared: 0
[21.690s][debug  ][gc,phases,ref  ] GC(79)   WeakReference:
[21.690s][debug  ][gc,phases,ref  ] GC(79)     Discovered: 0
[21.690s][debug  ][gc,phases,ref  ] GC(79)     Cleared: 0
[21.690s][debug  ][gc,phases,ref  ] GC(79)   FinalReference:
[21.690s][debug  ][gc,phases,ref  ] GC(79)     Discovered: 0
[21.690s][debug  ][gc,phases,ref  ] GC(79)     Cleared: 0
[21.690s][debug  ][gc,phases,ref  ] GC(79)   PhantomReference:
[21.690s][debug  ][gc,phases,ref  ] GC(79)     Discovered: 0
[21.690s][debug  ][gc,phases,ref  ] GC(79)     Cleared: 0
[21.690s][debug  ][gc,phases      ] GC(79) Reference Processing 0.869ms
[21.690s][debug  ][gc,phases,start] GC(79) Weak Processing
[21.690s][debug  ][gc,phases      ] GC(79)   VM Weak                        Min:  0.0, Avg:  0.0, Max:  0.0, Diff:  0.0, Sum:  0.0, Workers: 6
[21.691s][debug  ][gc,phases      ] GC(79)     Dead                           Min: 0, Avg:  0.0, Max: 0, Diff: 0, Sum: 0, Workers: 6
[21.691s][debug  ][gc,phases      ] GC(79)     Total                          Min: 0, Avg:  1.3, Max: 8, Diff: 8, Sum: 8, Workers: 6
[21.691s][debug  ][gc,phases      ] GC(79)   ObjectSynchronizer Weak        Min:  0.0, Avg:  0.0, Max:  0.0, Diff:  0.0, Sum:  0.0, Workers: 6
[21.691s][debug  ][gc,phases      ] GC(79)     Dead                           Min: 0, Avg:  0.0, Max: 0, Diff: 0, Sum: 0, Workers: 6
[21.691s][debug  ][gc,phases      ] GC(79)     Total                          Min: 0, Avg:  0.5, Max: 3, Diff: 3, Sum: 3, Workers: 6
[21.691s][debug  ][gc,phases      ] GC(79)   JVMTI Tag Weak OopStorage      Min:  0.0, Avg:  0.0, Max:  0.0, Diff:  0.0, Sum:  0.0, Workers: 6
[21.691s][debug  ][gc,phases      ] GC(79)     Dead                           Min: 0, Avg:  0.0, Max: 0, Diff: 0, Sum: 0, Workers: 6
[21.691s][debug  ][gc,phases      ] GC(79)     Total                          Min: 0, Avg:  0.0, Max: 0, Diff: 0, Sum: 0, Workers: 6
[21.691s][debug  ][gc,phases      ] GC(79)   StringTable Weak               Min:  0.0, Avg:  0.0, Max:  0.0, Diff:  0.0, Sum:  0.1, Workers: 6
[21.691s][debug  ][gc,phases      ] GC(79)     Dead                           Min: 0, Avg:  0.0, Max: 0, Diff: 0, Sum: 0, Workers: 6
[21.691s][debug  ][gc,phases      ] GC(79)     Total                          Min: 768, Avg: 891.8, Max: 1024, Diff: 256, Sum: 5351, Workers: 6
[21.691s][debug  ][gc,phases      ] GC(79)   ResolvedMethodTable Weak       Min:  0.0, Avg:  0.0, Max:  0.0, Diff:  0.0, Sum:  0.0, Workers: 6
[21.691s][debug  ][gc,phases      ] GC(79)     Dead                           Min: 0, Avg:  0.0, Max: 0, Diff: 0, Sum: 0, Workers: 6
[21.691s][debug  ][gc,phases      ] GC(79)     Total                          Min: 0, Avg: 21.7, Max: 64, Diff: 64, Sum: 130, Workers: 6
[21.691s][debug  ][gc,phases      ] GC(79)   JNI Weak                       Min:  0.0, Avg:  0.0, Max:  0.0, Diff:  0.0, Sum:  0.0, Workers: 6
[21.691s][debug  ][gc,phases      ] GC(79)     Dead                           Min: 0, Avg:  0.0, Max: 0, Diff: 0, Sum: 0, Workers: 6
[21.691s][debug  ][gc,phases      ] GC(79)     Total                          Min: 0, Avg:  0.0, Max: 0, Diff: 0, Sum: 0, Workers: 6
[21.691s][debug  ][gc,phases      ] GC(79)   StringDedup Table Weak         Min:  0.0, Avg:  0.0, Max:  0.0, Diff:  0.0, Sum:  0.0, Workers: 6
[21.691s][debug  ][gc,phases      ] GC(79)     Dead                           Min: 0, Avg:  0.0, Max: 0, Diff: 0, Sum: 0, Workers: 6
[21.691s][debug  ][gc,phases      ] GC(79)     Total                          Min: 0, Avg:  0.0, Max: 0, Diff: 0, Sum: 0, Workers: 6
[21.691s][debug  ][gc,phases      ] GC(79)   StringDedup Requests0 Weak     Min:  0.0, Avg:  0.0, Max:  0.0, Diff:  0.0, Sum:  0.0, Workers: 6
[21.691s][debug  ][gc,phases      ] GC(79)     Dead                           Min: 0, Avg:  0.0, Max: 0, Diff: 0, Sum: 0, Workers: 6
[21.691s][debug  ][gc,phases      ] GC(79)     Total                          Min: 0, Avg:  0.0, Max: 0, Diff: 0, Sum: 0, Workers: 6
[21.691s][debug  ][gc,phases      ] GC(79)   StringDedup Requests1 Weak     Min:  0.0, Avg:  0.0, Max:  0.0, Diff:  0.0, Sum:  0.0, Workers: 6
[21.691s][debug  ][gc,phases      ] GC(79)     Dead                           Min: 0, Avg:  0.0, Max: 0, Diff: 0, Sum: 0, Workers: 6
[21.691s][debug  ][gc,phases      ] GC(79)     Total                          Min: 0, Avg:  0.0, Max: 0, Diff: 0, Sum: 0, Workers: 6
[21.691s][debug  ][gc,phases      ] GC(79)   Weak JFR Old Object Samples    Min:  0.0, Avg:  0.0, Max:  0.0, Diff:  0.0, Sum:  0.0, Workers: 6
[21.691s][debug  ][gc,phases      ] GC(79)     Dead                           Min: 0, Avg:  0.0, Max: 0, Diff: 0, Sum: 0, Workers: 6
[21.691s][debug  ][gc,phases      ] GC(79)     Total                          Min: 0, Avg:  0.0, Max: 0, Diff: 0, Sum: 0, Workers: 6
[21.691s][debug  ][gc,phases      ] GC(79) Weak Processing 0.981ms
[21.691s][debug  ][gc,ergo        ] GC(79) AdaptiveSizeStart:  collection: 80 
[21.691s][debug  ][gc,ergo        ] GC(79) avg_survived_padded_avg: 34829260.000000
[21.691s][debug  ][gc,ergo        ] GC(79) avg_promoted_padded_avg: 261470144.000000  avg_pretenured_padded_avg: 0.000000  tenuring_thresh: 3  target_size: 35127296
[21.691s][debug  ][gc,age         ] GC(79) Desired survivor size 35127296 bytes, new threshold 3 (max threshold 15)
[21.692s][debug  ][gc,ergo        ] GC(79) PSAdaptiveSizePolicy::compute_eden_space_size limits: desired_eden_size: 215937403 old_eden_size: 197132288 eden_limit: 197656576 cur_eden: 197132288 max_eden_size: 197656576 avg_young_live: 26338210
[21.692s][debug  ][gc,ergo        ] GC(79) PSAdaptiveSizePolicy::compute_eden_space_size: costs minor_time: 0.043857 major_cost: 0.049071 mutator_cost: 0.907073 throughput_goal: 0.990000
[21.692s][debug  ][gc,ergo        ] GC(79) Live_space: 1002214784 free_space: 1372585984
[21.692s][debug  ][gc,ergo        ] GC(79) Old eden_size: 197132288 desired_eden_size: 197656576
[21.692s][debug  ][gc,ergo        ] GC(79) AdaptiveSizeStop: collection: 80 
[21.692s][info   ][gc,heap        ] GC(79) PSYoungGen: 218751K(227328K)->30720K(227840K) Eden: 188030K(192512K)->0K(193536K) From: 30720K(34816K)->30720K(34304K)
[21.692s][info   ][gc,heap        ] GC(79) ParOldGen: 923236K(1835008K)->1107556K(1835008K)
[21.692s][info   ][gc,metaspace   ] GC(79) Metaspace: 1021K(1216K)->1021K(1216K) NonClass: 938K(1024K)->938K(1024K) Class: 83K(192K)->83K(192K)
[21.692s][info   ][gc             ] GC(79) Pause Young (Allocation Failure) 1115M->1111M(2014M) 16.945ms
[21.692s][info   ][gc,cpu         ] GC(79) User=0.03s Sys=0.00s Real=0.02s
[21.692s][debug  ][gc,heap        ] GC(79) Heap after GC invocations=80 (full 13):
[21.692s][debug  ][gc,heap        ] GC(79)  PSYoungGen      total 227840K, used 30720K [0x00000000f0000000, 0x0000000100000000, 0x0000000100000000)
[21.692s][debug  ][gc,heap        ] GC(79)   eden space 193536K, 0% used [0x00000000f0000000,0x00000000f0000000,0x00000000fbd00000)
[21.692s][debug  ][gc,heap        ] GC(79)   from space 34304K, 89% used [0x00000000fde80000,0x00000000ffc80030,0x0000000100000000)
[21.692s][debug  ][gc,heap        ] GC(79)   to   space 34304K, 0% used [0x00000000fbd00000,0x00000000fbd00000,0x00000000fde80000)
[21.692s][debug  ][gc,heap        ] GC(79)  ParOldGen       total 1835008K, used 1107556K [0x0000000080000000, 0x00000000f0000000, 0x00000000f0000000)
[21.692s][debug  ][gc,heap        ] GC(79)   object space 1835008K, 60% used [0x0000000080000000,0x00000000c39991d8,0x00000000f0000000)
[21.692s][debug  ][gc,heap        ] GC(79)  Metaspace       used 1021K, committed 1216K, reserved 1056768K
[21.692s][debug  ][gc,heap        ] GC(79)   class space    used 83K, committed 192K, reserved 1048576K
[21.692s][debug  ][gc,task,time   ] GC(79) VM-Thread 216743333 216895104 216919535
[21.976s][debug  ][gc,heap        ] GC(80) Heap before GC invocations=81 (full 13):
[21.976s][debug  ][gc,heap        ] GC(80)  PSYoungGen      total 227840K, used 218793K [0x00000000f0000000, 0x0000000100000000, 0x0000000100000000)
[21.976s][debug  ][gc,heap        ] GC(80)   eden space 193536K, 97% used [0x00000000f0000000,0x00000000fb7aa468,0x00000000fbd00000)
[21.976s][debug  ][gc,heap        ] GC(80)   from space 34304K, 89% used [0x00000000fde80000,0x00000000ffc80030,0x0000000100000000)
[21.976s][debug  ][gc,heap        ] GC(80)   to   space 34304K, 0% used [0x00000000fbd00000,0x00000000fbd00000,0x00000000fde80000)
[21.976s][debug  ][gc,heap        ] GC(80)  ParOldGen       total 1835008K, used 1107556K [0x0000000080000000, 0x00000000f0000000, 0x00000000f0000000)
[21.976s][debug  ][gc,heap        ] GC(80)   object space 1835008K, 60% used [0x0000000080000000,0x00000000c39991d8,0x00000000f0000000)
[21.976s][debug  ][gc,heap        ] GC(80)  Metaspace       used 1021K, committed 1216K, reserved 1056768K
[21.976s][debug  ][gc,heap        ] GC(80)   class space    used 83K, committed 192K, reserved 1048576K
[21.976s][debug  ][gc,tlab        ] GC(80) TLAB totals: thrds: 1  refills: 1 max: 1 slow allocs: 17 max 17 waste: 26.8% gc: 3842888B max: 3842888B slow: 0B max: 0B
[21.977s][info   ][gc,start       ] GC(80) Pause Young (Allocation Failure)
[21.977s][debug  ][gc,phases,start] GC(80) Scavenge
[21.991s][debug  ][gc,phases      ] GC(80) Scavenge 14.745ms
[21.991s][debug  ][gc,phases,start] GC(80) Reference Processing
[21.991s][debug  ][gc,ref         ] GC(80) Skipped phase 1 of Reference Processing: no references
[21.991s][debug  ][gc,ref         ] GC(80) Skipped phase 2 of Reference Processing: no references
[21.991s][debug  ][gc,ref         ] GC(80) Skipped phase 3 of Reference Processing: no references
[21.991s][debug  ][gc,ref         ] GC(80) Skipped phase 4 of Reference Processing: no references
[21.992s][debug  ][gc,phases,ref  ] GC(80) Reference Processing: 0.1ms
[21.992s][debug  ][gc,phases,ref  ] GC(80)   Reconsider SoftReferences: 0.0ms
[21.992s][debug  ][gc,phases,ref  ] GC(80)     SoftRef (ms):                  skipped
[21.992s][debug  ][gc,phases,ref  ] GC(80)   Notify Soft/WeakReferences: 0.0ms
[21.992s][debug  ][gc,phases,ref  ] GC(80)     SoftRef (ms):                  skipped
[21.992s][debug  ][gc,phases,ref  ] GC(80)     WeakRef (ms):                  skipped
[21.992s][debug  ][gc,phases,ref  ] GC(80)     FinalRef (ms):                 skipped
[21.992s][debug  ][gc,phases,ref  ] GC(80)     Total (ms):                    skipped
[21.992s][debug  ][gc,phases,ref  ] GC(80)   Notify and keep alive finalizable: 0.0ms
[21.992s][debug  ][gc,phases,ref  ] GC(80)     FinalRef (ms):                 skipped
[21.992s][debug  ][gc,phases,ref  ] GC(80)   Notify PhantomReferences: 0.0ms
[21.992s][debug  ][gc,phases,ref  ] GC(80)     PhantomRef (ms):               skipped
[21.992s][debug  ][gc,phases,ref  ] GC(80)   SoftReference:
[21.992s][debug  ][gc,phases,ref  ] GC(80)     Discovered: 0
[21.992s][debug  ][gc,phases,ref  ] GC(80)     Cleared: 0
[21.992s][debug  ][gc,phases,ref  ] GC(80)   WeakReference:
[21.992s][debug  ][gc,phases,ref  ] GC(80)     Discovered: 0
[21.992s][debug  ][gc,phases,ref  ] GC(80)     Cleared: 0
[21.992s][debug  ][gc,phases,ref  ] GC(80)   FinalReference:
[21.992s][debug  ][gc,phases,ref  ] GC(80)     Discovered: 0
[21.992s][debug  ][gc,phases,ref  ] GC(80)     Cleared: 0
[21.992s][debug  ][gc,phases,ref  ] GC(80)   PhantomReference:
[21.992s][debug  ][gc,phases,ref  ] GC(80)     Discovered: 0
[21.992s][debug  ][gc,phases,ref  ] GC(80)     Cleared: 0
[21.992s][debug  ][gc,phases      ] GC(80) Reference Processing 0.686ms
[21.992s][debug  ][gc,phases,start] GC(80) Weak Processing
[21.992s][debug  ][gc,phases      ] GC(80)   VM Weak                        Min:  0.0, Avg:  0.0, Max:  0.0, Diff:  0.0, Sum:  0.0, Workers: 6
[21.992s][debug  ][gc,phases      ] GC(80)     Dead                           Min: 0, Avg:  0.0, Max: 0, Diff: 0, Sum: 0, Workers: 6
[21.992s][debug  ][gc,phases      ] GC(80)     Total                          Min: 0, Avg:  1.3, Max: 8, Diff: 8, Sum: 8, Workers: 6
[21.992s][debug  ][gc,phases      ] GC(80)   ObjectSynchronizer Weak        Min:  0.0, Avg:  0.0, Max:  0.0, Diff:  0.0, Sum:  0.0, Workers: 6
[21.992s][debug  ][gc,phases      ] GC(80)     Dead                           Min: 0, Avg:  0.0, Max: 0, Diff: 0, Sum: 0, Workers: 6
[21.992s][debug  ][gc,phases      ] GC(80)     Total                          Min: 0, Avg:  0.5, Max: 3, Diff: 3, Sum: 3, Workers: 6
[21.992s][debug  ][gc,phases      ] GC(80)   JVMTI Tag Weak OopStorage      Min:  0.0, Avg:  0.0, Max:  0.0, Diff:  0.0, Sum:  0.0, Workers: 6
[21.992s][debug  ][gc,phases      ] GC(80)     Dead                           Min: 0, Avg:  0.0, Max: 0, Diff: 0, Sum: 0, Workers: 6
[21.992s][debug  ][gc,phases      ] GC(80)     Total                          Min: 0, Avg:  0.0, Max: 0, Diff: 0, Sum: 0, Workers: 6
[21.992s][debug  ][gc,phases      ] GC(80)   StringTable Weak               Min:  0.0, Avg:  0.0, Max:  0.0, Diff:  0.0, Sum:  0.0, Workers: 6
[21.992s][debug  ][gc,phases      ] GC(80)     Dead                           Min: 0, Avg:  0.0, Max: 0, Diff: 0, Sum: 0, Workers: 6
[21.992s][debug  ][gc,phases      ] GC(80)     Total                          Min: 703, Avg: 891.8, Max: 1088, Diff: 385, Sum: 5351, Workers: 6
[21.992s][debug  ][gc,phases      ] GC(80)   ResolvedMethodTable Weak       Min:  0.0, Avg:  0.0, Max:  0.0, Diff:  0.0, Sum:  0.0, Workers: 6
[21.992s][debug  ][gc,phases      ] GC(80)     Dead                           Min: 0, Avg:  0.0, Max: 0, Diff: 0, Sum: 0, Workers: 6
[21.992s][debug  ][gc,phases      ] GC(80)     Total                          Min: 0, Avg: 21.7, Max: 64, Diff: 64, Sum: 130, Workers: 6
[21.993s][debug  ][gc,phases      ] GC(80)   JNI Weak                       Min:  0.0, Avg:  0.0, Max:  0.0, Diff:  0.0, Sum:  0.0, Workers: 6
[21.993s][debug  ][gc,phases      ] GC(80)     Dead                           Min: 0, Avg:  0.0, Max: 0, Diff: 0, Sum: 0, Workers: 6
[21.993s][debug  ][gc,phases      ] GC(80)     Total                          Min: 0, Avg:  0.0, Max: 0, Diff: 0, Sum: 0, Workers: 6
[21.993s][debug  ][gc,phases      ] GC(80)   StringDedup Table Weak         Min:  0.0, Avg:  0.0, Max:  0.0, Diff:  0.0, Sum:  0.0, Workers: 6
[21.993s][debug  ][gc,phases      ] GC(80)     Dead                           Min: 0, Avg:  0.0, Max: 0, Diff: 0, Sum: 0, Workers: 6
[21.993s][debug  ][gc,phases      ] GC(80)     Total                          Min: 0, Avg:  0.0, Max: 0, Diff: 0, Sum: 0, Workers: 6
[21.993s][debug  ][gc,phases      ] GC(80)   StringDedup Requests0 Weak     Min:  0.0, Avg:  0.0, Max:  0.0, Diff:  0.0, Sum:  0.0, Workers: 6
[21.993s][debug  ][gc,phases      ] GC(80)     Dead                           Min: 0, Avg:  0.0, Max: 0, Diff: 0, Sum: 0, Workers: 6
[21.993s][debug  ][gc,phases      ] GC(80)     Total                          Min: 0, Avg:  0.0, Max: 0, Diff: 0, Sum: 0, Workers: 6
[21.993s][debug  ][gc,phases      ] GC(80)   StringDedup Requests1 Weak     Min:  0.0, Avg:  0.0, Max:  0.0, Diff:  0.0, Sum:  0.0, Workers: 6
[21.993s][debug  ][gc,phases      ] GC(80)     Dead                           Min: 0, Avg:  0.0, Max: 0, Diff: 0, Sum: 0, Workers: 6
[21.993s][debug  ][gc,phases      ] GC(80)     Total                          Min: 0, Avg:  0.0, Max: 0, Diff: 0, Sum: 0, Workers: 6
[21.993s][debug  ][gc,phases      ] GC(80)   Weak JFR Old Object Samples    Min:  0.0, Avg:  0.0, Max:  0.0, Diff:  0.0, Sum:  0.0, Workers: 6
[21.993s][debug  ][gc,phases      ] GC(80)     Dead                           Min: 0, Avg:  0.0, Max: 0, Diff: 0, Sum: 0, Workers: 6
[21.993s][debug  ][gc,phases      ] GC(80)     Total                          Min: 0, Avg:  0.0, Max: 0, Diff: 0, Sum: 0, Workers: 6
[21.993s][debug  ][gc,phases      ] GC(80) Weak Processing 0.778ms
[21.993s][debug  ][gc,ergo        ] GC(80) AdaptiveSizeStart:  collection: 81 
[21.993s][debug  ][gc,ergo        ] GC(80) avg_survived_padded_avg: 34618944.000000
[21.993s][debug  ][gc,ergo        ] GC(80) avg_promoted_padded_avg: 261919360.000000  avg_pretenured_padded_avg: 0.000000  tenuring_thresh: 3  target_size: 35127296
[21.993s][debug  ][gc,age         ] GC(80) Desired survivor size 35127296 bytes, new threshold 3 (max threshold 15)
[21.993s][debug  ][gc,ergo        ] GC(80) PSAdaptiveSizePolicy::compute_eden_space_size limits: desired_eden_size: 217555261 old_eden_size: 197656576 eden_limit: 198180864 cur_eden: 198180864 max_eden_size: 198180864 avg_young_live: 26850122
[21.993s][debug  ][gc,ergo        ] GC(80) PSAdaptiveSizePolicy::compute_eden_space_size: costs minor_time: 0.046441 major_cost: 0.049071 mutator_cost: 0.904489 throughput_goal: 0.990000
[21.993s][debug  ][gc,ergo        ] GC(80) Live_space: 1002726720 free_space: 1373110272
[21.993s][debug  ][gc,ergo        ] GC(80) Old eden_size: 197656576 desired_eden_size: 198180864
[21.993s][debug  ][gc,ergo        ] GC(80) AdaptiveSizeStop: collection: 81 
[21.993s][info   ][gc,heap        ] GC(80) PSYoungGen: 218793K(227840K)->30720K(227840K) Eden: 188073K(193536K)->0K(193536K) From: 30720K(34304K)->30720K(34304K)
[21.993s][info   ][gc,heap        ] GC(80) ParOldGen: 1107556K(1835008K)->1291876K(1835008K)
[21.993s][info   ][gc,metaspace   ] GC(80) Metaspace: 1021K(1216K)->1021K(1216K) NonClass: 938K(1024K)->938K(1024K) Class: 83K(192K)->83K(192K)
[21.993s][info   ][gc             ] GC(80) Pause Young (Allocation Failure) 1295M->1291M(2014M) 16.672ms
[21.993s][info   ][gc,cpu         ] GC(80) User=0.09s Sys=0.00s Real=0.02s
[21.993s][debug  ][gc,heap        ] GC(80) Heap after GC invocations=81 (full 13):
[21.993s][debug  ][gc,heap        ] GC(80)  PSYoungGen      total 227840K, used 30720K [0x00000000f0000000, 0x0000000100000000, 0x0000000100000000)
[21.993s][debug  ][gc,heap        ] GC(80)   eden space 193536K, 0% used [0x00000000f0000000,0x00000000f0000000,0x00000000fbd00000)
[21.993s][debug  ][gc,heap        ] GC(80)   from space 34304K, 89% used [0x00000000fbd00000,0x00000000fdb00030,0x00000000fde80000)
[21.993s][debug  ][gc,heap        ] GC(80)   to   space 34304K, 0% used [0x00000000fde80000,0x00000000fde80000,0x0000000100000000)
[21.993s][debug  ][gc,heap        ] GC(80)  ParOldGen       total 1835008K, used 1291876K [0x0000000080000000, 0x00000000f0000000, 0x00000000f0000000)
[21.993s][debug  ][gc,heap        ] GC(80)   object space 1835008K, 70% used [0x0000000080000000,0x00000000ced992f8,0x00000000f0000000)
[21.993s][debug  ][gc,heap        ] GC(80)  Metaspace       used 1021K, committed 1216K, reserved 1056768K
[21.993s][debug  ][gc,heap        ] GC(80)   class space    used 83K, committed 192K, reserved 1048576K
[21.993s][debug  ][gc,task,time   ] GC(80) VM-Thread 219760865 219913830 219934270
[22.279s][debug  ][gc,heap        ] GC(81) Heap before GC invocations=82 (full 13):
[22.279s][debug  ][gc,heap        ] GC(81)  PSYoungGen      total 227840K, used 218807K [0x00000000f0000000, 0x0000000100000000, 0x0000000100000000)
[22.279s][debug  ][gc,heap        ] GC(81)   eden space 193536K, 97% used [0x00000000f0000000,0x00000000fb7add50,0x00000000fbd00000)
[22.279s][debug  ][gc,heap        ] GC(81)   from space 34304K, 89% used [0x00000000fbd00000,0x00000000fdb00030,0x00000000fde80000)
[22.279s][debug  ][gc,heap        ] GC(81)   to   space 34304K, 0% used [0x00000000fde80000,0x00000000fde80000,0x0000000100000000)
[22.279s][debug  ][gc,heap        ] GC(81)  ParOldGen       total 1835008K, used 1291876K [0x0000000080000000, 0x00000000f0000000, 0x00000000f0000000)
[22.279s][debug  ][gc,heap        ] GC(81)   object space 1835008K, 70% used [0x0000000080000000,0x00000000ced992f8,0x00000000f0000000)
[22.279s][debug  ][gc,heap        ] GC(81)  Metaspace       used 1021K, committed 1216K, reserved 1056768K
[22.279s][debug  ][gc,heap        ] GC(81)   class space    used 83K, committed 192K, reserved 1048576K
[22.279s][debug  ][gc,tlab        ] GC(81) TLAB totals: thrds: 1  refills: 1 max: 1 slow allocs: 17 max 17 waste: 26.9% gc: 3857456B max: 3857456B slow: 0B max: 0B
[22.279s][info   ][gc,start       ] GC(81) Pause Young (Allocation Failure)
[22.279s][debug  ][gc,phases,start] GC(81) Scavenge
[22.294s][debug  ][gc,phases      ] GC(81) Scavenge 14.485ms
[22.294s][debug  ][gc,phases,start] GC(81) Reference Processing
[22.294s][debug  ][gc,ref         ] GC(81) Skipped phase 1 of Reference Processing: no references
[22.294s][debug  ][gc,ref         ] GC(81) Skipped phase 2 of Reference Processing: no references
[22.294s][debug  ][gc,ref         ] GC(81) Skipped phase 3 of Reference Processing: no references
[22.294s][debug  ][gc,ref         ] GC(81) Skipped phase 4 of Reference Processing: no references
[22.294s][debug  ][gc,phases,ref  ] GC(81) Reference Processing: 0.1ms
[22.294s][debug  ][gc,phases,ref  ] GC(81)   Reconsider SoftReferences: 0.0ms
[22.294s][debug  ][gc,phases,ref  ] GC(81)     SoftRef (ms):                  skipped
[22.294s][debug  ][gc,phases,ref  ] GC(81)   Notify Soft/WeakReferences: 0.0ms
[22.294s][debug  ][gc,phases,ref  ] GC(81)     SoftRef (ms):                  skipped
[22.294s][debug  ][gc,phases,ref  ] GC(81)     WeakRef (ms):                  skipped
[22.294s][debug  ][gc,phases,ref  ] GC(81)     FinalRef (ms):                 skipped
[22.294s][debug  ][gc,phases,ref  ] GC(81)     Total (ms):                    skipped
[22.294s][debug  ][gc,phases,ref  ] GC(81)   Notify and keep alive finalizable: 0.0ms
[22.294s][debug  ][gc,phases,ref  ] GC(81)     FinalRef (ms):                 skipped
[22.294s][debug  ][gc,phases,ref  ] GC(81)   Notify PhantomReferences: 0.0ms
[22.294s][debug  ][gc,phases,ref  ] GC(81)     PhantomRef (ms):               skipped
[22.294s][debug  ][gc,phases,ref  ] GC(81)   SoftReference:
[22.294s][debug  ][gc,phases,ref  ] GC(81)     Discovered: 0
[22.294s][debug  ][gc,phases,ref  ] GC(81)     Cleared: 0
[22.294s][debug  ][gc,phases,ref  ] GC(81)   WeakReference:
[22.294s][debug  ][gc,phases,ref  ] GC(81)     Discovered: 0
[22.294s][debug  ][gc,phases,ref  ] GC(81)     Cleared: 0
[22.294s][debug  ][gc,phases,ref  ] GC(81)   FinalReference:
[22.294s][debug  ][gc,phases,ref  ] GC(81)     Discovered: 0
[22.294s][debug  ][gc,phases,ref  ] GC(81)     Cleared: 0
[22.294s][debug  ][gc,phases,ref  ] GC(81)   PhantomReference:
[22.294s][debug  ][gc,phases,ref  ] GC(81)     Discovered: 0
[22.294s][debug  ][gc,phases,ref  ] GC(81)     Cleared: 0
[22.294s][debug  ][gc,phases      ] GC(81) Reference Processing 0.676ms
[22.294s][debug  ][gc,phases,start] GC(81) Weak Processing
[22.295s][debug  ][gc,phases      ] GC(81)   VM Weak                        Min:  0.0, Avg:  0.0, Max:  0.0, Diff:  0.0, Sum:  0.0, Workers: 6
[22.295s][debug  ][gc,phases      ] GC(81)     Dead                           Min: 0, Avg:  0.0, Max: 0, Diff: 0, Sum: 0, Workers: 6
[22.295s][debug  ][gc,phases      ] GC(81)     Total                          Min: 0, Avg:  1.3, Max: 8, Diff: 8, Sum: 8, Workers: 6
[22.295s][debug  ][gc,phases      ] GC(81)   ObjectSynchronizer Weak        Min:  0.0, Avg:  0.0, Max:  0.0, Diff:  0.0, Sum:  0.0, Workers: 6
[22.295s][debug  ][gc,phases      ] GC(81)     Dead                           Min: 0, Avg:  0.0, Max: 0, Diff: 0, Sum: 0, Workers: 6
[22.295s][debug  ][gc,phases      ] GC(81)     Total                          Min: 0, Avg:  0.5, Max: 3, Diff: 3, Sum: 3, Workers: 6
[22.295s][debug  ][gc,phases      ] GC(81)   JVMTI Tag Weak OopStorage      Min:  0.0, Avg:  0.0, Max:  0.0, Diff:  0.0, Sum:  0.0, Workers: 6
[22.295s][debug  ][gc,phases      ] GC(81)     Dead                           Min: 0, Avg:  0.0, Max: 0, Diff: 0, Sum: 0, Workers: 6
[22.295s][debug  ][gc,phases      ] GC(81)     Total                          Min: 0, Avg:  0.0, Max: 0, Diff: 0, Sum: 0, Workers: 6
[22.295s][debug  ][gc,phases      ] GC(81)   StringTable Weak               Min:  0.0, Avg:  0.0, Max:  0.0, Diff:  0.0, Sum:  0.0, Workers: 6
[22.295s][debug  ][gc,phases      ] GC(81)     Dead                           Min: 0, Avg:  0.0, Max: 0, Diff: 0, Sum: 0, Workers: 6
[22.295s][debug  ][gc,phases      ] GC(81)     Total                          Min: 767, Avg: 891.8, Max: 1024, Diff: 257, Sum: 5351, Workers: 6
[22.295s][debug  ][gc,phases      ] GC(81)   ResolvedMethodTable Weak       Min:  0.0, Avg:  0.0, Max:  0.0, Diff:  0.0, Sum:  0.0, Workers: 6
[22.295s][debug  ][gc,phases      ] GC(81)     Dead                           Min: 0, Avg:  0.0, Max: 0, Diff: 0, Sum: 0, Workers: 6
[22.295s][debug  ][gc,phases      ] GC(81)     Total                          Min: 0, Avg: 21.7, Max: 64, Diff: 64, Sum: 130, Workers: 6
[22.295s][debug  ][gc,phases      ] GC(81)   JNI Weak                       Min:  0.0, Avg:  0.0, Max:  0.0, Diff:  0.0, Sum:  0.0, Workers: 6
[22.295s][debug  ][gc,phases      ] GC(81)     Dead                           Min: 0, Avg:  0.0, Max: 0, Diff: 0, Sum: 0, Workers: 6
[22.295s][debug  ][gc,phases      ] GC(81)     Total                          Min: 0, Avg:  0.0, Max: 0, Diff: 0, Sum: 0, Workers: 6
[22.295s][debug  ][gc,phases      ] GC(81)   StringDedup Table Weak         Min:  0.0, Avg:  0.0, Max:  0.0, Diff:  0.0, Sum:  0.0, Workers: 6
[22.295s][debug  ][gc,phases      ] GC(81)     Dead                           Min: 0, Avg:  0.0, Max: 0, Diff: 0, Sum: 0, Workers: 6
[22.295s][debug  ][gc,phases      ] GC(81)     Total                          Min: 0, Avg:  0.0, Max: 0, Diff: 0, Sum: 0, Workers: 6
[22.295s][debug  ][gc,phases      ] GC(81)   StringDedup Requests0 Weak     Min:  0.0, Avg:  0.0, Max:  0.0, Diff:  0.0, Sum:  0.0, Workers: 6
[22.295s][debug  ][gc,phases      ] GC(81)     Dead                           Min: 0, Avg:  0.0, Max: 0, Diff: 0, Sum: 0, Workers: 6
[22.295s][debug  ][gc,phases      ] GC(81)     Total                          Min: 0, Avg:  0.0, Max: 0, Diff: 0, Sum: 0, Workers: 6
[22.295s][debug  ][gc,phases      ] GC(81)   StringDedup Requests1 Weak     Min:  0.0, Avg:  0.0, Max:  0.0, Diff:  0.0, Sum:  0.0, Workers: 6
[22.295s][debug  ][gc,phases      ] GC(81)     Dead                           Min: 0, Avg:  0.0, Max: 0, Diff: 0, Sum: 0, Workers: 6
[22.295s][debug  ][gc,phases      ] GC(81)     Total                          Min: 0, Avg:  0.0, Max: 0, Diff: 0, Sum: 0, Workers: 6
[22.295s][debug  ][gc,phases      ] GC(81)   Weak JFR Old Object Samples    Min:  0.0, Avg:  0.0, Max:  0.0, Diff:  0.0, Sum:  0.0, Workers: 6
[22.295s][debug  ][gc,phases      ] GC(81)     Dead                           Min: 0, Avg:  0.0, Max: 0, Diff: 0, Sum: 0, Workers: 6
[22.295s][debug  ][gc,phases      ] GC(81)     Total                          Min: 0, Avg:  0.0, Max: 0, Diff: 0, Sum: 0, Workers: 6
[22.295s][debug  ][gc,phases      ] GC(81) Weak Processing 0.837ms
[22.295s][debug  ][gc,ergo        ] GC(81) AdaptiveSizeStart:  collection: 82 
[22.295s][debug  ][gc,ergo        ] GC(81) avg_survived_padded_avg: 34416972.000000
[22.295s][debug  ][gc,ergo        ] GC(81) avg_promoted_padded_avg: 261551488.000000  avg_pretenured_padded_avg: 0.000000  tenuring_thresh: 3  target_size: 34603008
[22.295s][debug  ][gc,age         ] GC(81) Desired survivor size 34603008 bytes, new threshold 3 (max threshold 15)
[22.295s][debug  ][gc,ergo        ] GC(81) PSAdaptiveSizePolicy::compute_eden_space_size limits: desired_eden_size: 217918512 old_eden_size: 198180864 eden_limit: 198180864 cur_eden: 198180864 max_eden_size: 198180864 avg_young_live: 27310842
[22.295s][debug  ][gc,ergo        ] GC(81) PSAdaptiveSizePolicy::compute_eden_space_size: costs minor_time: 0.048166 major_cost: 0.049071 mutator_cost: 0.902763 throughput_goal: 0.990000
[22.295s][debug  ][gc,ergo        ] GC(81) Live_space: 1003187456 free_space: 1373634560
[22.295s][debug  ][gc,ergo        ] GC(81) Old eden_size: 198180864 desired_eden_size: 198180864
[22.295s][debug  ][gc,ergo        ] GC(81) AdaptiveSizeStop: collection: 82 
[22.296s][info   ][gc,heap        ] GC(81) PSYoungGen: 218807K(227840K)->30720K(228352K) Eden: 188087K(193536K)->0K(194048K) From: 30720K(34304K)->30720K(34304K)
[22.296s][info   ][gc,heap        ] GC(81) ParOldGen: 1291876K(1835008K)->1476197K(1835008K)
[22.296s][info   ][gc,metaspace   ] GC(81) Metaspace: 1021K(1216K)->1021K(1216K) NonClass: 938K(1024K)->938K(1024K) Class: 83K(192K)->83K(192K)
[22.296s][info   ][gc             ] GC(81) Pause Young (Allocation Failure) 1475M->1471M(2015M) 16.495ms
[22.296s][info   ][gc,cpu         ] GC(81) User=0.09s Sys=0.00s Real=0.02s
[22.296s][debug  ][gc,heap        ] GC(81) Heap after GC invocations=82 (full 13):
[22.296s][debug  ][gc,heap        ] GC(81)  PSYoungGen      total 228352K, used 30720K [0x00000000f0000000, 0x0000000100000000, 0x0000000100000000)
[22.296s][debug  ][gc,heap        ] GC(81)   eden space 194048K, 0% used [0x00000000f0000000,0x00000000f0000000,0x00000000fbd80000)
[22.296s][debug  ][gc,heap        ] GC(81)   from space 34304K, 89% used [0x00000000fde80000,0x00000000ffc80030,0x0000000100000000)
[22.296s][debug  ][gc,heap        ] GC(81)   to   space 33792K, 0% used [0x00000000fbd80000,0x00000000fbd80000,0x00000000fde80000)
[22.296s][debug  ][gc,heap        ] GC(81)  ParOldGen       total 1835008K, used 1476197K [0x0000000080000000, 0x00000000f0000000, 0x00000000f0000000)
[22.296s][debug  ][gc,heap        ] GC(81)   object space 1835008K, 80% used [0x0000000080000000,0x00000000da199418,0x00000000f0000000)
[22.296s][debug  ][gc,heap        ] GC(81)  Metaspace       used 1021K, committed 1216K, reserved 1056768K
[22.296s][debug  ][gc,heap        ] GC(81)   class space    used 83K, committed 192K, reserved 1048576K
[22.296s][debug  ][gc,task,time   ] GC(81) VM-Thread 222787096 222937403 222958731
[22.582s][debug  ][gc,heap        ] GC(82) Heap before GC invocations=83 (full 13):
[22.582s][debug  ][gc,heap        ] GC(82)  PSYoungGen      total 228352K, used 218826K [0x00000000f0000000, 0x0000000100000000, 0x0000000100000000)
[22.582s][debug  ][gc,heap        ] GC(82)   eden space 194048K, 96% used [0x00000000f0000000,0x00000000fb7b29e0,0x00000000fbd80000)
[22.582s][debug  ][gc,heap        ] GC(82)   from space 34304K, 89% used [0x00000000fde80000,0x00000000ffc80030,0x0000000100000000)
[22.582s][debug  ][gc,heap        ] GC(82)   to   space 33792K, 0% used [0x00000000fbd80000,0x00000000fbd80000,0x00000000fde80000)
[22.582s][debug  ][gc,heap        ] GC(82)  ParOldGen       total 1835008K, used 1476197K [0x0000000080000000, 0x00000000f0000000, 0x00000000f0000000)
[22.582s][debug  ][gc,heap        ] GC(82)   object space 1835008K, 80% used [0x0000000080000000,0x00000000da199418,0x00000000f0000000)
[22.582s][debug  ][gc,heap        ] GC(82)  Metaspace       used 1021K, committed 1216K, reserved 1056768K
[22.582s][debug  ][gc,heap        ] GC(82)   class space    used 83K, committed 192K, reserved 1048576K
[22.582s][debug  ][gc,tlab        ] GC(82) TLAB totals: thrds: 1  refills: 1 max: 1 slow allocs: 17 max 17 waste: 27.0% gc: 3877056B max: 3877056B slow: 0B max: 0B
[22.582s][info   ][gc,start       ] GC(82) Pause Young (Allocation Failure)
[22.582s][debug  ][gc,phases,start] GC(82) Scavenge
[22.597s][debug  ][gc,phases      ] GC(82) Scavenge 14.511ms
[22.597s][debug  ][gc,phases,start] GC(82) Reference Processing
[22.597s][debug  ][gc,ref         ] GC(82) Skipped phase 1 of Reference Processing: no references
[22.597s][debug  ][gc,ref         ] GC(82) Skipped phase 2 of Reference Processing: no references
[22.597s][debug  ][gc,ref         ] GC(82) Skipped phase 3 of Reference Processing: no references
[22.597s][debug  ][gc,ref         ] GC(82) Skipped phase 4 of Reference Processing: no references
[22.597s][debug  ][gc,phases,ref  ] GC(82) Reference Processing: 0.1ms
[22.597s][debug  ][gc,phases,ref  ] GC(82)   Reconsider SoftReferences: 0.0ms
[22.597s][debug  ][gc,phases,ref  ] GC(82)     SoftRef (ms):                  skipped
[22.597s][debug  ][gc,phases,ref  ] GC(82)   Notify Soft/WeakReferences: 0.0ms
[22.597s][debug  ][gc,phases,ref  ] GC(82)     SoftRef (ms):                  skipped
[22.597s][debug  ][gc,phases,ref  ] GC(82)     WeakRef (ms):                  skipped
[22.597s][debug  ][gc,phases,ref  ] GC(82)     FinalRef (ms):                 skipped
[22.597s][debug  ][gc,phases,ref  ] GC(82)     Total (ms):                    skipped
[22.597s][debug  ][gc,phases,ref  ] GC(82)   Notify and keep alive finalizable: 0.0ms
[22.597s][debug  ][gc,phases,ref  ] GC(82)     FinalRef (ms):                 skipped
[22.597s][debug  ][gc,phases,ref  ] GC(82)   Notify PhantomReferences: 0.0ms
[22.597s][debug  ][gc,phases,ref  ] GC(82)     PhantomRef (ms):               skipped
[22.597s][debug  ][gc,phases,ref  ] GC(82)   SoftReference:
[22.597s][debug  ][gc,phases,ref  ] GC(82)     Discovered: 0
[22.597s][debug  ][gc,phases,ref  ] GC(82)     Cleared: 0
[22.597s][debug  ][gc,phases,ref  ] GC(82)   WeakReference:
[22.597s][debug  ][gc,phases,ref  ] GC(82)     Discovered: 0
[22.597s][debug  ][gc,phases,ref  ] GC(82)     Cleared: 0
[22.597s][debug  ][gc,phases,ref  ] GC(82)   FinalReference:
[22.597s][debug  ][gc,phases,ref  ] GC(82)     Discovered: 0
[22.597s][debug  ][gc,phases,ref  ] GC(82)     Cleared: 0
[22.597s][debug  ][gc,phases,ref  ] GC(82)   PhantomReference:
[22.598s][debug  ][gc,phases,ref  ] GC(82)     Discovered: 0
[22.598s][debug  ][gc,phases,ref  ] GC(82)     Cleared: 0
[22.598s][debug  ][gc,phases      ] GC(82) Reference Processing 0.749ms
[22.598s][debug  ][gc,phases,start] GC(82) Weak Processing
[22.598s][debug  ][gc,phases      ] GC(82)   VM Weak                        Min:  0.0, Avg:  0.0, Max:  0.0, Diff:  0.0, Sum:  0.0, Workers: 6
[22.598s][debug  ][gc,phases      ] GC(82)     Dead                           Min: 0, Avg:  0.0, Max: 0, Diff: 0, Sum: 0, Workers: 6
[22.598s][debug  ][gc,phases      ] GC(82)     Total                          Min: 0, Avg:  1.3, Max: 8, Diff: 8, Sum: 8, Workers: 6
[22.598s][debug  ][gc,phases      ] GC(82)   ObjectSynchronizer Weak        Min:  0.0, Avg:  0.0, Max:  0.0, Diff:  0.0, Sum:  0.0, Workers: 6
[22.598s][debug  ][gc,phases      ] GC(82)     Dead                           Min: 0, Avg:  0.0, Max: 0, Diff: 0, Sum: 0, Workers: 6
[22.598s][debug  ][gc,phases      ] GC(82)     Total                          Min: 0, Avg:  0.5, Max: 3, Diff: 3, Sum: 3, Workers: 6
[22.598s][debug  ][gc,phases      ] GC(82)   JVMTI Tag Weak OopStorage      Min:  0.0, Avg:  0.0, Max:  0.0, Diff:  0.0, Sum:  0.0, Workers: 6
[22.598s][debug  ][gc,phases      ] GC(82)     Dead                           Min: 0, Avg:  0.0, Max: 0, Diff: 0, Sum: 0, Workers: 6
[22.598s][debug  ][gc,phases      ] GC(82)     Total                          Min: 0, Avg:  0.0, Max: 0, Diff: 0, Sum: 0, Workers: 6
[22.598s][debug  ][gc,phases      ] GC(82)   StringTable Weak               Min:  0.0, Avg:  0.0, Max:  0.0, Diff:  0.0, Sum:  0.0, Workers: 6
[22.598s][debug  ][gc,phases      ] GC(82)     Dead                           Min: 0, Avg:  0.0, Max: 0, Diff: 0, Sum: 0, Workers: 6
[22.598s][debug  ][gc,phases      ] GC(82)     Total                          Min: 704, Avg: 891.8, Max: 1023, Diff: 319, Sum: 5351, Workers: 6
[22.598s][debug  ][gc,phases      ] GC(82)   ResolvedMethodTable Weak       Min:  0.0, Avg:  0.0, Max:  0.0, Diff:  0.0, Sum:  0.0, Workers: 6
[22.598s][debug  ][gc,phases      ] GC(82)     Dead                           Min: 0, Avg:  0.0, Max: 0, Diff: 0, Sum: 0, Workers: 6
[22.598s][debug  ][gc,phases      ] GC(82)     Total                          Min: 0, Avg: 21.7, Max: 66, Diff: 66, Sum: 130, Workers: 6
[22.598s][debug  ][gc,phases      ] GC(82)   JNI Weak                       Min:  0.0, Avg:  0.0, Max:  0.0, Diff:  0.0, Sum:  0.0, Workers: 6
[22.598s][debug  ][gc,phases      ] GC(82)     Dead                           Min: 0, Avg:  0.0, Max: 0, Diff: 0, Sum: 0, Workers: 6
[22.598s][debug  ][gc,phases      ] GC(82)     Total                          Min: 0, Avg:  0.0, Max: 0, Diff: 0, Sum: 0, Workers: 6
[22.598s][debug  ][gc,phases      ] GC(82)   StringDedup Table Weak         Min:  0.0, Avg:  0.0, Max:  0.0, Diff:  0.0, Sum:  0.0, Workers: 6
[22.598s][debug  ][gc,phases      ] GC(82)     Dead                           Min: 0, Avg:  0.0, Max: 0, Diff: 0, Sum: 0, Workers: 6
[22.598s][debug  ][gc,phases      ] GC(82)     Total                          Min: 0, Avg:  0.0, Max: 0, Diff: 0, Sum: 0, Workers: 6
[22.598s][debug  ][gc,phases      ] GC(82)   StringDedup Requests0 Weak     Min:  0.0, Avg:  0.0, Max:  0.0, Diff:  0.0, Sum:  0.0, Workers: 6
[22.598s][debug  ][gc,phases      ] GC(82)     Dead                           Min: 0, Avg:  0.0, Max: 0, Diff: 0, Sum: 0, Workers: 6
[22.598s][debug  ][gc,phases      ] GC(82)     Total                          Min: 0, Avg:  0.0, Max: 0, Diff: 0, Sum: 0, Workers: 6
[22.598s][debug  ][gc,phases      ] GC(82)   StringDedup Requests1 Weak     Min:  0.0, Avg:  0.0, Max:  0.0, Diff:  0.0, Sum:  0.0, Workers: 6
[22.598s][debug  ][gc,phases      ] GC(82)     Dead                           Min: 0, Avg:  0.0, Max: 0, Diff: 0, Sum: 0, Workers: 6
[22.598s][debug  ][gc,phases      ] GC(82)     Total                          Min: 0, Avg:  0.0, Max: 0, Diff: 0, Sum: 0, Workers: 6
[22.598s][debug  ][gc,phases      ] GC(82)   Weak JFR Old Object Samples    Min:  0.0, Avg:  0.0, Max:  0.0, Diff:  0.0, Sum:  0.0, Workers: 6
[22.598s][debug  ][gc,phases      ] GC(82)     Dead                           Min: 0, Avg:  0.0, Max: 0, Diff: 0, Sum: 0, Workers: 6
[22.598s][debug  ][gc,phases      ] GC(82)     Total                          Min: 0, Avg:  0.0, Max: 0, Diff: 0, Sum: 0, Workers: 6
[22.598s][debug  ][gc,phases      ] GC(82) Weak Processing 0.799ms
[22.598s][debug  ][gc,ergo        ] GC(82) AdaptiveSizeStart:  collection: 83 
[22.598s][debug  ][gc,ergo        ] GC(82) avg_survived_padded_avg: 34223776.000000
[22.598s][debug  ][gc,ergo        ] GC(82) avg_promoted_padded_avg: 260525440.000000  avg_pretenured_padded_avg: 0.000000  tenuring_thresh: 3  target_size: 34603008
[22.598s][debug  ][gc,age         ] GC(82) Desired survivor size 34603008 bytes, new threshold 3 (max threshold 15)
[22.598s][debug  ][gc,ergo        ] GC(82) PSAdaptiveSizePolicy::compute_eden_space_size limits: desired_eden_size: 218710427 old_eden_size: 198180864 eden_limit: 198705152 cur_eden: 198705152 max_eden_size: 198705152 avg_young_live: 27725490
[22.599s][debug  ][gc,ergo        ] GC(82) PSAdaptiveSizePolicy::compute_eden_space_size: costs minor_time: 0.049478 major_cost: 0.049071 mutator_cost: 0.901452 throughput_goal: 0.990000
[22.599s][debug  ][gc,ergo        ] GC(82) Live_space: 1003602112 free_space: 1373634560
[22.599s][debug  ][gc,ergo        ] GC(82) Old eden_size: 198180864 desired_eden_size: 198705152
[22.599s][debug  ][gc,ergo        ] GC(82) AdaptiveSizeStop: collection: 83 
[22.599s][info   ][gc,heap        ] GC(82) PSYoungGen: 218826K(228352K)->30720K(227840K) Eden: 188106K(194048K)->0K(194048K) From: 30720K(34304K)->30720K(33792K)
[22.599s][info   ][gc,heap        ] GC(82) ParOldGen: 1476197K(1835008K)->1660517K(1835008K)
[22.599s][info   ][gc,metaspace   ] GC(82) Metaspace: 1021K(1216K)->1021K(1216K) NonClass: 938K(1024K)->938K(1024K) Class: 83K(192K)->83K(192K)
[22.599s][info   ][gc             ] GC(82) Pause Young (Allocation Failure) 1655M->1651M(2014M) 16.513ms
[22.599s][info   ][gc,cpu         ] GC(82) User=0.09s Sys=0.00s Real=0.02s
[22.599s][debug  ][gc,heap        ] GC(82) Heap after GC invocations=83 (full 13):
[22.599s][debug  ][gc,heap        ] GC(82)  PSYoungGen      total 227840K, used 30720K [0x00000000f0000000, 0x0000000100000000, 0x0000000100000000)
[22.599s][debug  ][gc,heap        ] GC(82)   eden space 194048K, 0% used [0x00000000f0000000,0x00000000f0000000,0x00000000fbd80000)
[22.599s][debug  ][gc,heap        ] GC(82)   from space 33792K, 90% used [0x00000000fbd80000,0x00000000fdb80030,0x00000000fde80000)
[22.599s][debug  ][gc,heap        ] GC(82)   to   space 33792K, 0% used [0x00000000fdf00000,0x00000000fdf00000,0x0000000100000000)
[22.599s][debug  ][gc,heap        ] GC(82)  ParOldGen       total 1835008K, used 1660517K [0x0000000080000000, 0x00000000f0000000, 0x00000000f0000000)
[22.599s][debug  ][gc,heap        ] GC(82)   object space 1835008K, 90% used [0x0000000080000000,0x00000000e5599538,0x00000000f0000000)
[22.599s][debug  ][gc,heap        ] GC(82)  Metaspace       used 1021K, committed 1216K, reserved 1056768K
[22.599s][debug  ][gc,heap        ] GC(82)   class space    used 83K, committed 192K, reserved 1048576K
[22.599s][debug  ][gc,task,time   ] GC(82) VM-Thread 225817088 225968055 225989653
[22.599s][debug  ][gc,phases,start] GC(83) Pre Compact
[22.599s][debug  ][gc,heap        ] GC(83) Heap before GC invocations=84 (full 14):
[22.599s][debug  ][gc,heap        ] GC(83)  PSYoungGen      total 227840K, used 30720K [0x00000000f0000000, 0x0000000100000000, 0x0000000100000000)
[22.599s][debug  ][gc,heap        ] GC(83)   eden space 194048K, 0% used [0x00000000f0000000,0x00000000f0000000,0x00000000fbd80000)
[22.599s][debug  ][gc,heap        ] GC(83)   from space 33792K, 90% used [0x00000000fbd80000,0x00000000fdb80030,0x00000000fde80000)
[22.599s][debug  ][gc,heap        ] GC(83)   to   space 33792K, 0% used [0x00000000fdf00000,0x00000000fdf00000,0x0000000100000000)
[22.599s][debug  ][gc,heap        ] GC(83)  ParOldGen       total 1835008K, used 1660517K [0x0000000080000000, 0x00000000f0000000, 0x00000000f0000000)
[22.599s][debug  ][gc,heap        ] GC(83)   object space 1835008K, 90% used [0x0000000080000000,0x00000000e5599538,0x00000000f0000000)
[22.599s][debug  ][gc,heap        ] GC(83)  Metaspace       used 1021K, committed 1216K, reserved 1056768K
[22.599s][debug  ][gc,heap        ] GC(83)   class space    used 83K, committed 192K, reserved 1048576K
[22.599s][debug  ][gc,phases      ] GC(83) Pre Compact 0.210ms
[22.599s][info   ][gc,start       ] GC(83) Pause Full (Ergonomics)
[22.599s][info   ][gc,phases,start] GC(83) Marking Phase
[22.599s][debug  ][gc,phases,start] GC(83) Par Mark
[22.600s][debug  ][gc,phases      ] GC(83) Par Mark 0.586ms
[22.600s][debug  ][gc,phases,start] GC(83) Reference Processing
[22.600s][debug  ][gc,ref         ] GC(83) Skipped phase 1 of Reference Processing: no references
[22.600s][debug  ][gc,ref         ] GC(83) ReferenceProcessor::execute queues: 1, RefProcThreadModel::Single, marks_oops_alive: false
[22.600s][debug  ][gc,ref         ] GC(83) Skipped phase 3 of Reference Processing: no references
[22.600s][debug  ][gc,ref         ] GC(83) ReferenceProcessor::execute queues: 1, RefProcThreadModel::Single, marks_oops_alive: false
[22.600s][debug  ][gc,phases,ref  ] GC(83) Reference Processing: 0.1ms
[22.600s][debug  ][gc,phases,ref  ] GC(83)   Reconsider SoftReferences: 0.0ms
[22.600s][debug  ][gc,phases,ref  ] GC(83)     SoftRef (ms):                  skipped
[22.600s][debug  ][gc,phases,ref  ] GC(83)   Notify Soft/WeakReferences: 0.0ms
[22.600s][debug  ][gc,phases,ref  ] GC(83)     SoftRef (ms):                  Min:  0.0, Avg:  0.0, Max:  0.0, Diff:  0.0, Sum:  0.0, Workers: 6
[22.600s][debug  ][gc,phases,ref  ] GC(83)     WeakRef (ms):                  Min:  0.0, Avg:  0.0, Max:  0.0, Diff:  0.0, Sum:  0.0, Workers: 6
[22.600s][debug  ][gc,phases,ref  ] GC(83)     FinalRef (ms):                 Min:  0.0, Avg:  0.0, Max:  0.0, Diff:  0.0, Sum:  0.0, Workers: 6
[22.600s][debug  ][gc,phases,ref  ] GC(83)     Total (ms):                    Min:  0.0, Avg:  0.0, Max:  0.0, Diff:  0.0, Sum:  0.0, Workers: 6
[22.600s][debug  ][gc,phases,ref  ] GC(83)   Notify and keep alive finalizable: 0.0ms
[22.600s][debug  ][gc,phases,ref  ] GC(83)     FinalRef (ms):                 skipped
[22.600s][debug  ][gc,phases,ref  ] GC(83)   Notify PhantomReferences: 0.0ms
[22.600s][debug  ][gc,phases,ref  ] GC(83)     PhantomRef (ms):               Min:  0.0, Avg:  0.0, Max:  0.0, Diff:  0.0, Sum:  0.0, Workers: 6
[22.600s][debug  ][gc,phases,ref  ] GC(83)   SoftReference:
[22.600s][debug  ][gc,phases,ref  ] GC(83)     Discovered: 0
[22.600s][debug  ][gc,phases,ref  ] GC(83)     Cleared: 0
[22.600s][debug  ][gc,phases,ref  ] GC(83)   WeakReference:
[22.600s][debug  ][gc,phases,ref  ] GC(83)     Discovered: 108
[22.600s][debug  ][gc,phases,ref  ] GC(83)     Cleared: 108
[22.600s][debug  ][gc,phases,ref  ] GC(83)   FinalReference:
[22.600s][debug  ][gc,phases,ref  ] GC(83)     Discovered: 0
[22.600s][debug  ][gc,phases,ref  ] GC(83)     Cleared: 0
[22.600s][debug  ][gc,phases,ref  ] GC(83)   PhantomReference:
[22.600s][debug  ][gc,phases,ref  ] GC(83)     Discovered: 3
[22.600s][debug  ][gc,phases,ref  ] GC(83)     Cleared: 3
[22.600s][debug  ][gc,phases      ] GC(83) Reference Processing 0.615ms
[22.601s][debug  ][gc,phases,start] GC(83) Weak Processing
[22.601s][debug  ][gc,phases      ] GC(83)   VM Weak                        Min:  0.0, Avg:  0.0, Max:  0.0, Diff:  0.0, Sum:  0.0, Workers: 6
[22.601s][debug  ][gc,phases      ] GC(83)     Dead                           Min: 0, Avg:  0.0, Max: 0, Diff: 0, Sum: 0, Workers: 6
[22.601s][debug  ][gc,phases      ] GC(83)     Total                          Min: 0, Avg:  1.3, Max: 8, Diff: 8, Sum: 8, Workers: 6
[22.601s][debug  ][gc,phases      ] GC(83)   ObjectSynchronizer Weak        Min:  0.0, Avg:  0.0, Max:  0.0, Diff:  0.0, Sum:  0.0, Workers: 6
[22.601s][debug  ][gc,phases      ] GC(83)     Dead                           Min: 0, Avg:  0.0, Max: 0, Diff: 0, Sum: 0, Workers: 6
[22.601s][debug  ][gc,phases      ] GC(83)     Total                          Min: 0, Avg:  0.5, Max: 3, Diff: 3, Sum: 3, Workers: 6
[22.601s][debug  ][gc,phases      ] GC(83)   JVMTI Tag Weak OopStorage      Min:  0.0, Avg:  0.0, Max:  0.0, Diff:  0.0, Sum:  0.0, Workers: 6
[22.601s][debug  ][gc,phases      ] GC(83)     Dead                           Min: 0, Avg:  0.0, Max: 0, Diff: 0, Sum: 0, Workers: 6
[22.601s][debug  ][gc,phases      ] GC(83)     Total                          Min: 0, Avg:  0.0, Max: 0, Diff: 0, Sum: 0, Workers: 6
[22.601s][debug  ][gc,phases      ] GC(83)   StringTable Weak               Min:  0.0, Avg:  0.0, Max:  0.0, Diff:  0.0, Sum:  0.0, Workers: 6
[22.601s][debug  ][gc,phases      ] GC(83)     Dead                           Min: 0, Avg:  0.0, Max: 0, Diff: 0, Sum: 0, Workers: 6
[22.601s][debug  ][gc,phases      ] GC(83)     Total                          Min: 639, Avg: 891.8, Max: 1152, Diff: 513, Sum: 5351, Workers: 6
[22.601s][debug  ][gc,phases      ] GC(83)   ResolvedMethodTable Weak       Min:  0.0, Avg:  0.0, Max:  0.0, Diff:  0.0, Sum:  0.0, Workers: 6
[22.601s][debug  ][gc,phases      ] GC(83)     Dead                           Min: 0, Avg:  0.0, Max: 0, Diff: 0, Sum: 0, Workers: 6
[22.601s][debug  ][gc,phases      ] GC(83)     Total                          Min: 0, Avg: 21.7, Max: 64, Diff: 64, Sum: 130, Workers: 6
[22.601s][debug  ][gc,phases      ] GC(83)   JNI Weak                       Min:  0.0, Avg:  0.0, Max:  0.0, Diff:  0.0, Sum:  0.0, Workers: 6
[22.601s][debug  ][gc,phases      ] GC(83)     Dead                           Min: 0, Avg:  0.0, Max: 0, Diff: 0, Sum: 0, Workers: 6
[22.601s][debug  ][gc,phases      ] GC(83)     Total                          Min: 0, Avg:  0.0, Max: 0, Diff: 0, Sum: 0, Workers: 6
[22.601s][debug  ][gc,phases      ] GC(83)   StringDedup Table Weak         Min:  0.0, Avg:  0.0, Max:  0.0, Diff:  0.0, Sum:  0.0, Workers: 6
[22.601s][debug  ][gc,phases      ] GC(83)     Dead                           Min: 0, Avg:  0.0, Max: 0, Diff: 0, Sum: 0, Workers: 6
[22.601s][debug  ][gc,phases      ] GC(83)     Total                          Min: 0, Avg:  0.0, Max: 0, Diff: 0, Sum: 0, Workers: 6
[22.601s][debug  ][gc,phases      ] GC(83)   StringDedup Requests0 Weak     Min:  0.0, Avg:  0.0, Max:  0.0, Diff:  0.0, Sum:  0.0, Workers: 6
[22.601s][debug  ][gc,phases      ] GC(83)     Dead                           Min: 0, Avg:  0.0, Max: 0, Diff: 0, Sum: 0, Workers: 6
[22.601s][debug  ][gc,phases      ] GC(83)     Total                          Min: 0, Avg:  0.0, Max: 0, Diff: 0, Sum: 0, Workers: 6
[22.601s][debug  ][gc,phases      ] GC(83)   StringDedup Requests1 Weak     Min:  0.0, Avg:  0.0, Max:  0.0, Diff:  0.0, Sum:  0.0, Workers: 6
[22.601s][debug  ][gc,phases      ] GC(83)     Dead                           Min: 0, Avg:  0.0, Max: 0, Diff: 0, Sum: 0, Workers: 6
[22.601s][debug  ][gc,phases      ] GC(83)     Total                          Min: 0, Avg:  0.0, Max: 0, Diff: 0, Sum: 0, Workers: 6
[22.601s][debug  ][gc,phases      ] GC(83)   Weak JFR Old Object Samples    Min:  0.0, Avg:  0.0, Max:  0.0, Diff:  0.0, Sum:  0.0, Workers: 6
[22.601s][debug  ][gc,phases      ] GC(83)     Dead                           Min: 0, Avg:  0.0, Max: 0, Diff: 0, Sum: 0, Workers: 6
[22.601s][debug  ][gc,phases      ] GC(83)     Total                          Min: 0, Avg:  0.0, Max: 0, Diff: 0, Sum: 0, Workers: 6
[22.601s][debug  ][gc,phases      ] GC(83) Weak Processing 0.656ms
[22.601s][debug  ][gc,phases,start] GC(83) Class Unloading
[22.601s][debug  ][gc,phases,start] GC(83) ClassLoaderData
[22.601s][debug  ][gc,phases      ] GC(83) ClassLoaderData 0.019ms
[22.601s][debug  ][gc,phases,start] GC(83) Trigger cleanups
[22.601s][debug  ][gc,phases      ] GC(83) Trigger cleanups 0.019ms
[22.601s][debug  ][gc,phases      ] GC(83) Class Unloading 0.251ms
[22.601s][info   ][gc,phases      ] GC(83) Marking Phase 2.215ms
[22.601s][info   ][gc,phases,start] GC(83) Summary Phase
[22.602s][info   ][gc,phases      ] GC(83) Summary Phase 0.036ms
[22.602s][info   ][gc,phases,start] GC(83) Adjust Roots
[22.602s][info   ][gc,phases      ] GC(83) Adjust Roots 0.150ms
[22.602s][info   ][gc,phases,start] GC(83) Compaction Phase
[22.686s][info   ][gc,phases      ] GC(83) Compaction Phase 84.593ms
[22.686s][info   ][gc,phases,start] GC(83) Post Compact
[22.691s][info   ][gc,phases      ] GC(83) Post Compact 4.904ms
[22.691s][debug  ][gc,ergo        ] GC(83) AdaptiveSizeStart: collection: 84 
[22.691s][debug  ][gc,ergo        ] GC(83) PSAdaptiveSizePolicy::compute_eden_space_size limits: desired_eden_size: 218765232 old_eden_size: 198705152 eden_limit: 199229440 cur_eden: 198705152 max_eden_size: 199229440 avg_young_live: 24952942
[22.691s][debug  ][gc,ergo        ] GC(83) PSAdaptiveSizePolicy::compute_eden_space_size: costs minor_time: 0.049478 major_cost: 0.048801 mutator_cost: 0.901721 throughput_goal: 0.990000
[22.691s][debug  ][gc,ergo        ] GC(83) Live_space: 1000829568 free_space: 1374158848
[22.691s][debug  ][gc,ergo        ] GC(83) Old eden_size: 198705152 desired_eden_size: 199229440
[22.691s][debug  ][gc,ergo        ] GC(83) PSAdaptiveSizePolicy::compute_old_gen_free_space limits: desired_promo_size: 1298073632 promo_limit: 1175453696 free_in_old_gen: 1159346176 max_old_gen_size: 1879048192 avg_old_live: 719702080
[22.692s][debug  ][gc,ergo        ] GC(83) PSAdaptiveSizePolicy::compute_old_gen_free_space: costs minor_time: 0.049478 major_cost: 0.048801  mutator_cost: 0.901721 throughput_goal: 0.990000
[22.692s][debug  ][gc,ergo        ] GC(83) Live_space: 1013090432 free_space: 1374683136
[22.692s][debug  ][gc,ergo        ] GC(83) Old promo_size: 1175453696 desired_promo_size: 1175453696
[22.692s][debug  ][gc,ergo        ] GC(83) AdaptiveSizeStop: collection: 84 
[22.692s][info   ][gc,heap        ] GC(83) PSYoungGen: 30720K(227840K)->0K(228352K) Eden: 0K(194048K)->0K(194560K) From: 30720K(33792K)->0K(33792K)
[22.692s][info   ][gc,heap        ] GC(83) ParOldGen: 1660517K(1835008K)->810596K(1835008K)
[22.692s][info   ][gc,metaspace   ] GC(83) Metaspace: 1021K(1216K)->1021K(1216K) NonClass: 938K(1024K)->938K(1024K) Class: 83K(192K)->83K(192K)
[22.692s][info   ][gc             ] GC(83) Pause Full (Ergonomics) 1651M->791M(2015M) 92.446ms
[22.692s][info   ][gc,cpu         ] GC(83) User=0.48s Sys=0.00s Real=0.09s
[22.692s][debug  ][gc,heap        ] GC(83) Heap after GC invocations=84 (full 14):
[22.692s][debug  ][gc,heap        ] GC(83)  PSYoungGen      total 228352K, used 0K [0x00000000f0000000, 0x0000000100000000, 0x0000000100000000)
[22.692s][debug  ][gc,heap        ] GC(83)   eden space 194560K, 0% used [0x00000000f0000000,0x00000000f0000000,0x00000000fbe00000)
[22.692s][debug  ][gc,heap        ] GC(83)   from space 33792K, 0% used [0x00000000fdf00000,0x00000000fdf00000,0x0000000100000000)
[22.692s][debug  ][gc,heap        ] GC(83)   to   space 33792K, 0% used [0x00000000fbe00000,0x00000000fbe00000,0x00000000fdf00000)
[22.692s][debug  ][gc,heap        ] GC(83)  ParOldGen       total 1835008K, used 810596K [0x0000000080000000, 0x00000000f0000000, 0x00000000f0000000)
[22.692s][debug  ][gc,heap        ] GC(83)   object space 1835008K, 44% used [0x0000000080000000,0x00000000b1799008,0x00000000f0000000)
[22.692s][debug  ][gc,heap        ] GC(83)  Metaspace       used 1021K, committed 1216K, reserved 1056768K
[22.692s][debug  ][gc,heap        ] GC(83)   class space    used 83K, committed 192K, reserved 1048576K
[22.692s][debug  ][gc,task,time   ] GC(83) VM-Thread 225992456 226017344 226917192
[22.979s][debug  ][gc,heap        ] GC(84) Heap before GC invocations=85 (full 14):
[22.979s][debug  ][gc,heap        ] GC(84)  PSYoungGen      total 228352K, used 188122K [0x00000000f0000000, 0x0000000100000000, 0x0000000100000000)
[22.979s][debug  ][gc,heap        ] GC(84)   eden space 194560K, 96% used [0x00000000f0000000,0x00000000fb7b6938,0x00000000fbe00000)
[22.979s][debug  ][gc,heap        ] GC(84)   from space 33792K, 0% used [0x00000000fdf00000,0x00000000fdf00000,0x0000000100000000)
[22.979s][debug  ][gc,heap        ] GC(84)   to   space 33792K, 0% used [0x00000000fbe00000,0x00000000fbe00000,0x00000000fdf00000)
[22.979s][debug  ][gc,heap        ] GC(84)  ParOldGen       total 1835008K, used 810596K [0x0000000080000000, 0x00000000f0000000, 0x00000000f0000000)
[22.979s][debug  ][gc,heap        ] GC(84)   object space 1835008K, 44% used [0x0000000080000000,0x00000000b1799008,0x00000000f0000000)
[22.979s][debug  ][gc,heap        ] GC(84)  Metaspace       used 1021K, committed 1216K, reserved 1056768K
[22.979s][debug  ][gc,heap        ] GC(84)   class space    used 83K, committed 192K, reserved 1048576K
[22.979s][debug  ][gc,tlab        ] GC(84) TLAB totals: thrds: 1  refills: 1 max: 1 slow allocs: 17 max 17 waste: 27.1% gc: 3893272B max: 3893272B slow: 0B max: 0B
[22.979s][info   ][gc,start       ] GC(84) Pause Young (Allocation Failure)
[22.979s][debug  ][gc,phases,start] GC(84) Scavenge
[22.992s][debug  ][gc,phases      ] GC(84) Scavenge 12.746ms
[22.992s][debug  ][gc,phases,start] GC(84) Reference Processing
[22.992s][debug  ][gc,ref         ] GC(84) Skipped phase 1 of Reference Processing: no references
[22.992s][debug  ][gc,ref         ] GC(84) Skipped phase 2 of Reference Processing: no references
[22.992s][debug  ][gc,ref         ] GC(84) Skipped phase 3 of Reference Processing: no references
[22.992s][debug  ][gc,ref         ] GC(84) Skipped phase 4 of Reference Processing: no references
[22.992s][debug  ][gc,phases,ref  ] GC(84) Reference Processing: 0.1ms
[22.992s][debug  ][gc,phases,ref  ] GC(84)   Reconsider SoftReferences: 0.0ms
[22.992s][debug  ][gc,phases,ref  ] GC(84)     SoftRef (ms):                  skipped
[22.992s][debug  ][gc,phases,ref  ] GC(84)   Notify Soft/WeakReferences: 0.0ms
[22.992s][debug  ][gc,phases,ref  ] GC(84)     SoftRef (ms):                  skipped
[22.992s][debug  ][gc,phases,ref  ] GC(84)     WeakRef (ms):                  skipped
[22.992s][debug  ][gc,phases,ref  ] GC(84)     FinalRef (ms):                 skipped
[22.992s][debug  ][gc,phases,ref  ] GC(84)     Total (ms):                    skipped
[22.992s][debug  ][gc,phases,ref  ] GC(84)   Notify and keep alive finalizable: 0.0ms
[22.992s][debug  ][gc,phases,ref  ] GC(84)     FinalRef (ms):                 skipped
[22.992s][debug  ][gc,phases,ref  ] GC(84)   Notify PhantomReferences: 0.0ms
[22.992s][debug  ][gc,phases,ref  ] GC(84)     PhantomRef (ms):               skipped
[22.992s][debug  ][gc,phases,ref  ] GC(84)   SoftReference:
[22.992s][debug  ][gc,phases,ref  ] GC(84)     Discovered: 0
[22.992s][debug  ][gc,phases,ref  ] GC(84)     Cleared: 0
[22.992s][debug  ][gc,phases,ref  ] GC(84)   WeakReference:
[22.992s][debug  ][gc,phases,ref  ] GC(84)     Discovered: 0
[22.992s][debug  ][gc,phases,ref  ] GC(84)     Cleared: 0
[22.992s][debug  ][gc,phases,ref  ] GC(84)   FinalReference:
[22.992s][debug  ][gc,phases,ref  ] GC(84)     Discovered: 0
[22.993s][debug  ][gc,phases,ref  ] GC(84)     Cleared: 0
[22.993s][debug  ][gc,phases,ref  ] GC(84)   PhantomReference:
[22.993s][debug  ][gc,phases,ref  ] GC(84)     Discovered: 0
[22.993s][debug  ][gc,phases,ref  ] GC(84)     Cleared: 0
[22.993s][debug  ][gc,phases      ] GC(84) Reference Processing 0.687ms
[22.993s][debug  ][gc,phases,start] GC(84) Weak Processing
[22.993s][debug  ][gc,phases      ] GC(84)   VM Weak                        Min:  0.0, Avg:  0.0, Max:  0.0, Diff:  0.0, Sum:  0.0, Workers: 6
[22.993s][debug  ][gc,phases      ] GC(84)     Dead                           Min: 0, Avg:  0.0, Max: 0, Diff: 0, Sum: 0, Workers: 6
[22.993s][debug  ][gc,phases      ] GC(84)     Total                          Min: 0, Avg:  1.3, Max: 8, Diff: 8, Sum: 8, Workers: 6
[22.993s][debug  ][gc,phases      ] GC(84)   ObjectSynchronizer Weak        Min:  0.0, Avg:  0.0, Max:  0.0, Diff:  0.0, Sum:  0.0, Workers: 6
[22.993s][debug  ][gc,phases      ] GC(84)     Dead                           Min: 0, Avg:  0.0, Max: 0, Diff: 0, Sum: 0, Workers: 6
[22.993s][debug  ][gc,phases      ] GC(84)     Total                          Min: 0, Avg:  0.5, Max: 3, Diff: 3, Sum: 3, Workers: 6
[22.993s][debug  ][gc,phases      ] GC(84)   JVMTI Tag Weak OopStorage      Min:  0.0, Avg:  0.0, Max:  0.0, Diff:  0.0, Sum:  0.0, Workers: 6
[22.993s][debug  ][gc,phases      ] GC(84)     Dead                           Min: 0, Avg:  0.0, Max: 0, Diff: 0, Sum: 0, Workers: 6
[22.993s][debug  ][gc,phases      ] GC(84)     Total                          Min: 0, Avg:  0.0, Max: 0, Diff: 0, Sum: 0, Workers: 6
[22.993s][debug  ][gc,phases      ] GC(84)   StringTable Weak               Min:  0.0, Avg:  0.0, Max:  0.0, Diff:  0.0, Sum:  0.0, Workers: 6
[22.993s][debug  ][gc,phases      ] GC(84)     Dead                           Min: 0, Avg:  0.0, Max: 0, Diff: 0, Sum: 0, Workers: 6
[22.993s][debug  ][gc,phases      ] GC(84)     Total                          Min: 704, Avg: 891.8, Max: 1088, Diff: 384, Sum: 5351, Workers: 6
[22.993s][debug  ][gc,phases      ] GC(84)   ResolvedMethodTable Weak       Min:  0.0, Avg:  0.0, Max:  0.0, Diff:  0.0, Sum:  0.0, Workers: 6
[22.993s][debug  ][gc,phases      ] GC(84)     Dead                           Min: 0, Avg:  0.0, Max: 0, Diff: 0, Sum: 0, Workers: 6
[22.993s][debug  ][gc,phases      ] GC(84)     Total                          Min: 0, Avg: 21.7, Max: 64, Diff: 64, Sum: 130, Workers: 6
[22.993s][debug  ][gc,phases      ] GC(84)   JNI Weak                       Min:  0.0, Avg:  0.0, Max:  0.0, Diff:  0.0, Sum:  0.0, Workers: 6
[22.993s][debug  ][gc,phases      ] GC(84)     Dead                           Min: 0, Avg:  0.0, Max: 0, Diff: 0, Sum: 0, Workers: 6
[22.993s][debug  ][gc,phases      ] GC(84)     Total                          Min: 0, Avg:  0.0, Max: 0, Diff: 0, Sum: 0, Workers: 6
[22.993s][debug  ][gc,phases      ] GC(84)   StringDedup Table Weak         Min:  0.0, Avg:  0.0, Max:  0.0, Diff:  0.0, Sum:  0.0, Workers: 6
[22.993s][debug  ][gc,phases      ] GC(84)     Dead                           Min: 0, Avg:  0.0, Max: 0, Diff: 0, Sum: 0, Workers: 6
[22.993s][debug  ][gc,phases      ] GC(84)     Total                          Min: 0, Avg:  0.0, Max: 0, Diff: 0, Sum: 0, Workers: 6
[22.993s][debug  ][gc,phases      ] GC(84)   StringDedup Requests0 Weak     Min:  0.0, Avg:  0.0, Max:  0.0, Diff:  0.0, Sum:  0.0, Workers: 6
[22.993s][debug  ][gc,phases      ] GC(84)     Dead                           Min: 0, Avg:  0.0, Max: 0, Diff: 0, Sum: 0, Workers: 6
[22.993s][debug  ][gc,phases      ] GC(84)     Total                          Min: 0, Avg:  0.0, Max: 0, Diff: 0, Sum: 0, Workers: 6
[22.993s][debug  ][gc,phases      ] GC(84)   StringDedup Requests1 Weak     Min:  0.0, Avg:  0.0, Max:  0.0, Diff:  0.0, Sum:  0.0, Workers: 6
[22.993s][debug  ][gc,phases      ] GC(84)     Dead                           Min: 0, Avg:  0.0, Max: 0, Diff: 0, Sum: 0, Workers: 6
[22.993s][debug  ][gc,phases      ] GC(84)     Total                          Min: 0, Avg:  0.0, Max: 0, Diff: 0, Sum: 0, Workers: 6
[22.993s][debug  ][gc,phases      ] GC(84)   Weak JFR Old Object Samples    Min:  0.0, Avg:  0.0, Max:  0.0, Diff:  0.0, Sum:  0.0, Workers: 6
[22.993s][debug  ][gc,phases      ] GC(84)     Dead                           Min: 0, Avg:  0.0, Max: 0, Diff: 0, Sum: 0, Workers: 6
[22.993s][debug  ][gc,phases      ] GC(84)     Total                          Min: 0, Avg:  0.0, Max: 0, Diff: 0, Sum: 0, Workers: 6
[22.993s][debug  ][gc,phases      ] GC(84) Weak Processing 0.823ms
[22.993s][debug  ][gc,ergo        ] GC(84) AdaptiveSizeStart:  collection: 85 
[22.994s][debug  ][gc,ergo        ] GC(84) avg_survived_padded_avg: 34039624.000000
[22.994s][debug  ][gc,ergo        ] GC(84) avg_promoted_padded_avg: 253065824.000000  avg_pretenured_padded_avg: 0.000000  tenuring_thresh: 3  target_size: 34078720
[22.994s][debug  ][gc,age         ] GC(84) Desired survivor size 34078720 bytes, new threshold 3 (max threshold 15)
[22.994s][debug  ][gc,ergo        ] GC(84) PSAdaptiveSizePolicy::compute_eden_space_size limits: desired_eden_size: 218609848 old_eden_size: 199229440 eden_limit: 199229440 cur_eden: 199229440 max_eden_size: 199229440 avg_young_live: 25603380
[22.994s][debug  ][gc,ergo        ] GC(84) PSAdaptiveSizePolicy::compute_eden_space_size: costs minor_time: 0.046214 major_cost: 0.048801 mutator_cost: 0.904985 throughput_goal: 0.990000
[22.994s][debug  ][gc,ergo        ] GC(84) Live_space: 1013740928 free_space: 1374683136
[22.994s][debug  ][gc,ergo        ] GC(84) Old eden_size: 199229440 desired_eden_size: 199229440
[22.994s][debug  ][gc,ergo        ] GC(84) AdaptiveSizeStop: collection: 85 
[22.994s][info   ][gc,heap        ] GC(84) PSYoungGen: 188122K(228352K)->30720K(228352K) Eden: 188122K(194560K)->0K(194560K) From: 0K(33792K)->30720K(33792K)
[22.994s][info   ][gc,heap        ] GC(84) ParOldGen: 810596K(1835008K)->964196K(1835008K)
[22.994s][info   ][gc,metaspace   ] GC(84) Metaspace: 1021K(1216K)->1021K(1216K) NonClass: 938K(1024K)->938K(1024K) Class: 83K(192K)->83K(192K)
[22.994s][info   ][gc             ] GC(84) Pause Young (Allocation Failure) 975M->971M(2015M) 14.781ms
[22.994s][info   ][gc,cpu         ] GC(84) User=0.09s Sys=0.00s Real=0.02s
[22.994s][debug  ][gc,heap        ] GC(84) Heap after GC invocations=85 (full 14):
[22.994s][debug  ][gc,heap        ] GC(84)  PSYoungGen      total 228352K, used 30720K [0x00000000f0000000, 0x0000000100000000, 0x0000000100000000)
[22.994s][debug  ][gc,heap        ] GC(84)   eden space 194560K, 0% used [0x00000000f0000000,0x00000000f0000000,0x00000000fbe00000)
[22.994s][debug  ][gc,heap        ] GC(84)   from space 33792K, 90% used [0x00000000fbe00000,0x00000000fdc00030,0x00000000fdf00000)
[22.994s][debug  ][gc,heap        ] GC(84)   to   space 33280K, 0% used [0x00000000fdf80000,0x00000000fdf80000,0x0000000100000000)
[22.994s][debug  ][gc,heap        ] GC(84)  ParOldGen       total 1835008K, used 964196K [0x0000000080000000, 0x00000000f0000000, 0x00000000f0000000)
[22.994s][debug  ][gc,heap        ] GC(84)   object space 1835008K, 52% used [0x0000000080000000,0x00000000bad990f8,0x00000000f0000000)
[22.994s][debug  ][gc,heap        ] GC(84)  Metaspace       used 1021K, committed 1216K, reserved 1056768K
[22.994s][debug  ][gc,heap        ] GC(84)   class space    used 83K, committed 192K, reserved 1048576K
[22.994s][debug  ][gc,task,time   ] GC(84) VM-Thread 229786121 229919247 229941062
[23.280s][debug  ][gc,heap        ] GC(85) Heap before GC invocations=86 (full 14):
[23.280s][debug  ][gc,heap        ] GC(85)  PSYoungGen      total 228352K, used 218771K [0x00000000f0000000, 0x0000000100000000, 0x0000000100000000)
[23.280s][debug  ][gc,heap        ] GC(85)   eden space 194560K, 96% used [0x00000000f0000000,0x00000000fb7a4f70,0x00000000fbe00000)
[23.280s][debug  ][gc,heap        ] GC(85)   from space 33792K, 90% used [0x00000000fbe00000,0x00000000fdc00030,0x00000000fdf00000)
[23.280s][debug  ][gc,heap        ] GC(85)   to   space 33280K, 0% used [0x00000000fdf80000,0x00000000fdf80000,0x0000000100000000)
[23.280s][debug  ][gc,heap        ] GC(85)  ParOldGen       total 1835008K, used 964196K [0x0000000080000000, 0x00000000f0000000, 0x00000000f0000000)
[23.280s][debug  ][gc,heap        ] GC(85)   object space 1835008K, 52% used [0x0000000080000000,0x00000000bad990f8,0x00000000f0000000)
[23.280s][debug  ][gc,heap        ] GC(85)  Metaspace       used 1021K, committed 1216K, reserved 1056768K
[23.280s][debug  ][gc,heap        ] GC(85)   class space    used 83K, committed 192K, reserved 1048576K
[23.280s][debug  ][gc,tlab        ] GC(85) TLAB totals: thrds: 1  refills: 1 max: 1 slow allocs: 17 max 17 waste: 26.7% gc: 3820072B max: 3820072B slow: 0B max: 0B
[23.280s][info   ][gc,start       ] GC(85) Pause Young (Allocation Failure)
[23.281s][debug  ][gc,phases,start] GC(85) Scavenge
[23.291s][debug  ][gc,phases      ] GC(85) Scavenge 10.376ms
[23.291s][debug  ][gc,phases,start] GC(85) Reference Processing
[23.291s][debug  ][gc,ref         ] GC(85) Skipped phase 1 of Reference Processing: no references
[23.291s][debug  ][gc,ref         ] GC(85) Skipped phase 2 of Reference Processing: no references
[23.291s][debug  ][gc,ref         ] GC(85) Skipped phase 3 of Reference Processing: no references
[23.291s][debug  ][gc,ref         ] GC(85) Skipped phase 4 of Reference Processing: no references
[23.291s][debug  ][gc,phases,ref  ] GC(85) Reference Processing: 0.1ms
[23.291s][debug  ][gc,phases,ref  ] GC(85)   Reconsider SoftReferences: 0.0ms
[23.291s][debug  ][gc,phases,ref  ] GC(85)     SoftRef (ms):                  skipped
[23.291s][debug  ][gc,phases,ref  ] GC(85)   Notify Soft/WeakReferences: 0.0ms
[23.291s][debug  ][gc,phases,ref  ] GC(85)     SoftRef (ms):                  skipped
[23.291s][debug  ][gc,phases,ref  ] GC(85)     WeakRef (ms):                  skipped
[23.291s][debug  ][gc,phases,ref  ] GC(85)     FinalRef (ms):                 skipped
[23.291s][debug  ][gc,phases,ref  ] GC(85)     Total (ms):                    skipped
[23.291s][debug  ][gc,phases,ref  ] GC(85)   Notify and keep alive finalizable: 0.0ms
[23.291s][debug  ][gc,phases,ref  ] GC(85)     FinalRef (ms):                 skipped
[23.291s][debug  ][gc,phases,ref  ] GC(85)   Notify PhantomReferences: 0.0ms
[23.291s][debug  ][gc,phases,ref  ] GC(85)     PhantomRef (ms):               skipped
[23.291s][debug  ][gc,phases,ref  ] GC(85)   SoftReference:
[23.291s][debug  ][gc,phases,ref  ] GC(85)     Discovered: 0
[23.291s][debug  ][gc,phases,ref  ] GC(85)     Cleared: 0
[23.291s][debug  ][gc,phases,ref  ] GC(85)   WeakReference:
[23.291s][debug  ][gc,phases,ref  ] GC(85)     Discovered: 0
[23.291s][debug  ][gc,phases,ref  ] GC(85)     Cleared: 0
[23.292s][debug  ][gc,phases,ref  ] GC(85)   FinalReference:
[23.292s][debug  ][gc,phases,ref  ] GC(85)     Discovered: 0
[23.292s][debug  ][gc,phases,ref  ] GC(85)     Cleared: 0
[23.292s][debug  ][gc,phases,ref  ] GC(85)   PhantomReference:
[23.292s][debug  ][gc,phases,ref  ] GC(85)     Discovered: 0
[23.292s][debug  ][gc,phases,ref  ] GC(85)     Cleared: 0
[23.292s][debug  ][gc,phases      ] GC(85) Reference Processing 0.676ms
[23.292s][debug  ][gc,phases,start] GC(85) Weak Processing
[23.292s][debug  ][gc,phases      ] GC(85)   VM Weak                        Min:  0.0, Avg:  0.0, Max:  0.0, Diff:  0.0, Sum:  0.0, Workers: 6
[23.292s][debug  ][gc,phases      ] GC(85)     Dead                           Min: 0, Avg:  0.0, Max: 0, Diff: 0, Sum: 0, Workers: 6
[23.292s][debug  ][gc,phases      ] GC(85)     Total                          Min: 0, Avg:  1.3, Max: 8, Diff: 8, Sum: 8, Workers: 6
[23.292s][debug  ][gc,phases      ] GC(85)   ObjectSynchronizer Weak        Min:  0.0, Avg:  0.0, Max:  0.0, Diff:  0.0, Sum:  0.0, Workers: 6
[23.292s][debug  ][gc,phases      ] GC(85)     Dead                           Min: 0, Avg:  0.0, Max: 0, Diff: 0, Sum: 0, Workers: 6
[23.292s][debug  ][gc,phases      ] GC(85)     Total                          Min: 0, Avg:  0.5, Max: 3, Diff: 3, Sum: 3, Workers: 6
[23.292s][debug  ][gc,phases      ] GC(85)   JVMTI Tag Weak OopStorage      Min:  0.0, Avg:  0.0, Max:  0.0, Diff:  0.0, Sum:  0.0, Workers: 6
[23.292s][debug  ][gc,phases      ] GC(85)     Dead                           Min: 0, Avg:  0.0, Max: 0, Diff: 0, Sum: 0, Workers: 6
[23.292s][debug  ][gc,phases      ] GC(85)     Total                          Min: 0, Avg:  0.0, Max: 0, Diff: 0, Sum: 0, Workers: 6
[23.292s][debug  ][gc,phases      ] GC(85)   StringTable Weak               Min:  0.0, Avg:  0.0, Max:  0.0, Diff:  0.0, Sum:  0.0, Workers: 6
[23.292s][debug  ][gc,phases      ] GC(85)     Dead                           Min: 0, Avg:  0.0, Max: 0, Diff: 0, Sum: 0, Workers: 6
[23.292s][debug  ][gc,phases      ] GC(85)     Total                          Min: 640, Avg: 891.8, Max: 1088, Diff: 448, Sum: 5351, Workers: 6
[23.292s][debug  ][gc,phases      ] GC(85)   ResolvedMethodTable Weak       Min:  0.0, Avg:  0.0, Max:  0.0, Diff:  0.0, Sum:  0.0, Workers: 6
[23.292s][debug  ][gc,phases      ] GC(85)     Dead                           Min: 0, Avg:  0.0, Max: 0, Diff: 0, Sum: 0, Workers: 6
[23.292s][debug  ][gc,phases      ] GC(85)     Total                          Min: 0, Avg: 21.7, Max: 64, Diff: 64, Sum: 130, Workers: 6
[23.292s][debug  ][gc,phases      ] GC(85)   JNI Weak                       Min:  0.0, Avg:  0.0, Max:  0.0, Diff:  0.0, Sum:  0.0, Workers: 6
[23.292s][debug  ][gc,phases      ] GC(85)     Dead                           Min: 0, Avg:  0.0, Max: 0, Diff: 0, Sum: 0, Workers: 6
[23.292s][debug  ][gc,phases      ] GC(85)     Total                          Min: 0, Avg:  0.0, Max: 0, Diff: 0, Sum: 0, Workers: 6
[23.292s][debug  ][gc,phases      ] GC(85)   StringDedup Table Weak         Min:  0.0, Avg:  0.0, Max:  0.0, Diff:  0.0, Sum:  0.0, Workers: 6
[23.292s][debug  ][gc,phases      ] GC(85)     Dead                           Min: 0, Avg:  0.0, Max: 0, Diff: 0, Sum: 0, Workers: 6
[23.292s][debug  ][gc,phases      ] GC(85)     Total                          Min: 0, Avg:  0.0, Max: 0, Diff: 0, Sum: 0, Workers: 6
[23.292s][debug  ][gc,phases      ] GC(85)   StringDedup Requests0 Weak     Min:  0.0, Avg:  0.0, Max:  0.0, Diff:  0.0, Sum:  0.0, Workers: 6
[23.292s][debug  ][gc,phases      ] GC(85)     Dead                           Min: 0, Avg:  0.0, Max: 0, Diff: 0, Sum: 0, Workers: 6
[23.292s][debug  ][gc,phases      ] GC(85)     Total                          Min: 0, Avg:  0.0, Max: 0, Diff: 0, Sum: 0, Workers: 6
[23.292s][debug  ][gc,phases      ] GC(85)   StringDedup Requests1 Weak     Min:  0.0, Avg:  0.0, Max:  0.0, Diff:  0.0, Sum:  0.0, Workers: 6
[23.293s][debug  ][gc,phases      ] GC(85)     Dead                           Min: 0, Avg:  0.0, Max: 0, Diff: 0, Sum: 0, Workers: 6
[23.293s][debug  ][gc,phases      ] GC(85)     Total                          Min: 0, Avg:  0.0, Max: 0, Diff: 0, Sum: 0, Workers: 6
[23.293s][debug  ][gc,phases      ] GC(85)   Weak JFR Old Object Samples    Min:  0.0, Avg:  0.0, Max:  0.0, Diff:  0.0, Sum:  0.0, Workers: 6
[23.293s][debug  ][gc,phases      ] GC(85)     Dead                           Min: 0, Avg:  0.0, Max: 0, Diff: 0, Sum: 0, Workers: 6
[23.293s][debug  ][gc,phases      ] GC(85)     Total                          Min: 0, Avg:  0.0, Max: 0, Diff: 0, Sum: 0, Workers: 6
[23.293s][debug  ][gc,phases      ] GC(85) Weak Processing 0.958ms
[23.293s][debug  ][gc,ergo        ] GC(85) AdaptiveSizeStart:  collection: 86 
[23.293s][debug  ][gc,ergo        ] GC(85) avg_survived_padded_avg: 33864640.000000
[23.293s][debug  ][gc,ergo        ] GC(85) avg_promoted_padded_avg: 251413472.000000  avg_pretenured_padded_avg: 0.000000  tenuring_thresh: 3  target_size: 34078720
[23.293s][debug  ][gc,age         ] GC(85) Desired survivor size 34078720 bytes, new threshold 3 (max threshold 15)
[23.293s][debug  ][gc,ergo        ] GC(85) PSAdaptiveSizePolicy::compute_eden_space_size limits: desired_eden_size: 218302416 old_eden_size: 199229440 eden_limit: 199753728 cur_eden: 199229440 max_eden_size: 199753728 avg_young_live: 26188774
[23.293s][debug  ][gc,ergo        ] GC(85) PSAdaptiveSizePolicy::compute_eden_space_size: costs minor_time: 0.044808 major_cost: 0.048801 mutator_cost: 0.906391 throughput_goal: 0.990000
[23.293s][debug  ][gc,ergo        ] GC(85) Live_space: 1014326272 free_space: 1374683136
[23.293s][debug  ][gc,ergo        ] GC(85) Old eden_size: 199229440 desired_eden_size: 199753728
[23.293s][debug  ][gc,ergo        ] GC(85) AdaptiveSizeStop: collection: 86 
[23.293s][info   ][gc,heap        ] GC(85) PSYoungGen: 218771K(228352K)->30720K(228864K) Eden: 188051K(194560K)->0K(195584K) From: 30720K(33792K)->30720K(33280K)
[23.293s][info   ][gc,heap        ] GC(85) ParOldGen: 964196K(1835008K)->1087076K(1835008K)
[23.293s][info   ][gc,metaspace   ] GC(85) Metaspace: 1021K(1216K)->1021K(1216K) NonClass: 938K(1024K)->938K(1024K) Class: 83K(192K)->83K(192K)
[23.293s][info   ][gc             ] GC(85) Pause Young (Allocation Failure) 1155M->1091M(2015M) 12.509ms
[23.293s][info   ][gc,cpu         ] GC(85) User=0.09s Sys=0.00s Real=0.01s
[23.293s][debug  ][gc,heap        ] GC(85) Heap after GC invocations=86 (full 14):
[23.293s][debug  ][gc,heap        ] GC(85)  PSYoungGen      total 228864K, used 30720K [0x00000000f0000000, 0x0000000100000000, 0x0000000100000000)
[23.293s][debug  ][gc,heap        ] GC(85)   eden space 195584K, 0% used [0x00000000f0000000,0x00000000f0000000,0x00000000fbf00000)
[23.293s][debug  ][gc,heap        ] GC(85)   from space 33280K, 92% used [0x00000000fdf80000,0x00000000ffd80030,0x0000000100000000)
[23.293s][debug  ][gc,heap        ] GC(85)   to   space 33280K, 0% used [0x00000000fbf00000,0x00000000fbf00000,0x00000000fdf80000)
[23.293s][debug  ][gc,heap        ] GC(85)  ParOldGen       total 1835008K, used 1087076K [0x0000000080000000, 0x00000000f0000000, 0x00000000f0000000)
[23.293s][debug  ][gc,heap        ] GC(85)   object space 1835008K, 59% used [0x0000000080000000,0x00000000c25991b8,0x00000000f0000000)
[23.293s][debug  ][gc,heap        ] GC(85)  Metaspace       used 1021K, committed 1216K, reserved 1056768K
[23.293s][debug  ][gc,heap        ] GC(85)   class space    used 83K, committed 192K, reserved 1048576K
[23.293s][debug  ][gc,task,time   ] GC(85) VM-Thread 232799984 232909657 232932498
[23.581s][debug  ][gc,heap        ] GC(86) Heap before GC invocations=87 (full 14):
[23.581s][debug  ][gc,heap        ] GC(86)  PSYoungGen      total 228864K, used 218820K [0x00000000f0000000, 0x0000000100000000, 0x0000000100000000)
[23.581s][debug  ][gc,heap        ] GC(86)   eden space 195584K, 96% used [0x00000000f0000000,0x00000000fb7b11f8,0x00000000fbf00000)
[23.581s][debug  ][gc,heap        ] GC(86)   from space 33280K, 92% used [0x00000000fdf80000,0x00000000ffd80030,0x0000000100000000)
[23.581s][debug  ][gc,heap        ] GC(86)   to   space 33280K, 0% used [0x00000000fbf00000,0x00000000fbf00000,0x00000000fdf80000)
[23.581s][debug  ][gc,heap        ] GC(86)  ParOldGen       total 1835008K, used 1087076K [0x0000000080000000, 0x00000000f0000000, 0x00000000f0000000)
[23.581s][debug  ][gc,heap        ] GC(86)   object space 1835008K, 59% used [0x0000000080000000,0x00000000c25991b8,0x00000000f0000000)
[23.581s][debug  ][gc,heap        ] GC(86)  Metaspace       used 1021K, committed 1216K, reserved 1056768K
[23.581s][debug  ][gc,heap        ] GC(86)   class space    used 83K, committed 192K, reserved 1048576K
[23.581s][debug  ][gc,tlab        ] GC(86) TLAB totals: thrds: 1  refills: 1 max: 1 slow allocs: 17 max 17 waste: 27.0% gc: 3870936B max: 3870936B slow: 0B max: 0B
[23.581s][info   ][gc,start       ] GC(86) Pause Young (Allocation Failure)
[23.582s][debug  ][gc,phases,start] GC(86) Scavenge
[23.596s][debug  ][gc,phases      ] GC(86) Scavenge 14.932ms
[23.597s][debug  ][gc,phases,start] GC(86) Reference Processing
[23.597s][debug  ][gc,ref         ] GC(86) Skipped phase 1 of Reference Processing: no references
[23.597s][debug  ][gc,ref         ] GC(86) Skipped phase 2 of Reference Processing: no references
[23.597s][debug  ][gc,ref         ] GC(86) Skipped phase 3 of Reference Processing: no references
[23.597s][debug  ][gc,ref         ] GC(86) Skipped phase 4 of Reference Processing: no references
[23.597s][debug  ][gc,phases,ref  ] GC(86) Reference Processing: 0.1ms
[23.597s][debug  ][gc,phases,ref  ] GC(86)   Reconsider SoftReferences: 0.0ms
[23.597s][debug  ][gc,phases,ref  ] GC(86)     SoftRef (ms):                  skipped
[23.597s][debug  ][gc,phases,ref  ] GC(86)   Notify Soft/WeakReferences: 0.0ms
[23.597s][debug  ][gc,phases,ref  ] GC(86)     SoftRef (ms):                  skipped
[23.597s][debug  ][gc,phases,ref  ] GC(86)     WeakRef (ms):                  skipped
[23.597s][debug  ][gc,phases,ref  ] GC(86)     FinalRef (ms):                 skipped
[23.597s][debug  ][gc,phases,ref  ] GC(86)     Total (ms):                    skipped
[23.597s][debug  ][gc,phases,ref  ] GC(86)   Notify and keep alive finalizable: 0.0ms
[23.597s][debug  ][gc,phases,ref  ] GC(86)     FinalRef (ms):                 skipped
[23.597s][debug  ][gc,phases,ref  ] GC(86)   Notify PhantomReferences: 0.0ms
[23.597s][debug  ][gc,phases,ref  ] GC(86)     PhantomRef (ms):               skipped
[23.597s][debug  ][gc,phases,ref  ] GC(86)   SoftReference:
[23.597s][debug  ][gc,phases,ref  ] GC(86)     Discovered: 0
[23.597s][debug  ][gc,phases,ref  ] GC(86)     Cleared: 0
[23.597s][debug  ][gc,phases,ref  ] GC(86)   WeakReference:
[23.597s][debug  ][gc,phases,ref  ] GC(86)     Discovered: 0
[23.597s][debug  ][gc,phases,ref  ] GC(86)     Cleared: 0
[23.597s][debug  ][gc,phases,ref  ] GC(86)   FinalReference:
[23.597s][debug  ][gc,phases,ref  ] GC(86)     Discovered: 0
[23.597s][debug  ][gc,phases,ref  ] GC(86)     Cleared: 0
[23.597s][debug  ][gc,phases,ref  ] GC(86)   PhantomReference:
[23.597s][debug  ][gc,phases,ref  ] GC(86)     Discovered: 0
[23.597s][debug  ][gc,phases,ref  ] GC(86)     Cleared: 0
[23.597s][debug  ][gc,phases      ] GC(86) Reference Processing 0.750ms
[23.597s][debug  ][gc,phases,start] GC(86) Weak Processing
[23.597s][debug  ][gc,phases      ] GC(86)   VM Weak                        Min:  0.0, Avg:  0.0, Max:  0.0, Diff:  0.0, Sum:  0.0, Workers: 6
[23.597s][debug  ][gc,phases      ] GC(86)     Dead                           Min: 0, Avg:  0.0, Max: 0, Diff: 0, Sum: 0, Workers: 6
[23.597s][debug  ][gc,phases      ] GC(86)     Total                          Min: 0, Avg:  1.3, Max: 8, Diff: 8, Sum: 8, Workers: 6
[23.597s][debug  ][gc,phases      ] GC(86)   ObjectSynchronizer Weak        Min:  0.0, Avg:  0.0, Max:  0.0, Diff:  0.0, Sum:  0.0, Workers: 6
[23.598s][debug  ][gc,phases      ] GC(86)     Dead                           Min: 0, Avg:  0.0, Max: 0, Diff: 0, Sum: 0, Workers: 6
[23.598s][debug  ][gc,phases      ] GC(86)     Total                          Min: 0, Avg:  0.5, Max: 3, Diff: 3, Sum: 3, Workers: 6
[23.598s][debug  ][gc,phases      ] GC(86)   JVMTI Tag Weak OopStorage      Min:  0.0, Avg:  0.0, Max:  0.0, Diff:  0.0, Sum:  0.0, Workers: 6
[23.598s][debug  ][gc,phases      ] GC(86)     Dead                           Min: 0, Avg:  0.0, Max: 0, Diff: 0, Sum: 0, Workers: 6
[23.598s][debug  ][gc,phases      ] GC(86)     Total                          Min: 0, Avg:  0.0, Max: 0, Diff: 0, Sum: 0, Workers: 6
[23.598s][debug  ][gc,phases      ] GC(86)   StringTable Weak               Min:  0.0, Avg:  0.0, Max:  0.0, Diff:  0.0, Sum:  0.0, Workers: 6
[23.598s][debug  ][gc,phases      ] GC(86)     Dead                           Min: 0, Avg:  0.0, Max: 0, Diff: 0, Sum: 0, Workers: 6
[23.598s][debug  ][gc,phases      ] GC(86)     Total                          Min: 768, Avg: 891.8, Max: 960, Diff: 192, Sum: 5351, Workers: 6
[23.598s][debug  ][gc,phases      ] GC(86)   ResolvedMethodTable Weak       Min:  0.0, Avg:  0.0, Max:  0.0, Diff:  0.0, Sum:  0.0, Workers: 6
[23.598s][debug  ][gc,phases      ] GC(86)     Dead                           Min: 0, Avg:  0.0, Max: 0, Diff: 0, Sum: 0, Workers: 6
[23.598s][debug  ][gc,phases      ] GC(86)     Total                          Min: 0, Avg: 21.7, Max: 64, Diff: 64, Sum: 130, Workers: 6
[23.598s][debug  ][gc,phases      ] GC(86)   JNI Weak                       Min:  0.0, Avg:  0.0, Max:  0.0, Diff:  0.0, Sum:  0.0, Workers: 6
[23.598s][debug  ][gc,phases      ] GC(86)     Dead                           Min: 0, Avg:  0.0, Max: 0, Diff: 0, Sum: 0, Workers: 6
[23.598s][debug  ][gc,phases      ] GC(86)     Total                          Min: 0, Avg:  0.0, Max: 0, Diff: 0, Sum: 0, Workers: 6
[23.598s][debug  ][gc,phases      ] GC(86)   StringDedup Table Weak         Min:  0.0, Avg:  0.0, Max:  0.0, Diff:  0.0, Sum:  0.0, Workers: 6
[23.598s][debug  ][gc,phases      ] GC(86)     Dead                           Min: 0, Avg:  0.0, Max: 0, Diff: 0, Sum: 0, Workers: 6
[23.598s][debug  ][gc,phases      ] GC(86)     Total                          Min: 0, Avg:  0.0, Max: 0, Diff: 0, Sum: 0, Workers: 6
[23.598s][debug  ][gc,phases      ] GC(86)   StringDedup Requests0 Weak     Min:  0.0, Avg:  0.0, Max:  0.0, Diff:  0.0, Sum:  0.0, Workers: 6
[23.598s][debug  ][gc,phases      ] GC(86)     Dead                           Min: 0, Avg:  0.0, Max: 0, Diff: 0, Sum: 0, Workers: 6
[23.598s][debug  ][gc,phases      ] GC(86)     Total                          Min: 0, Avg:  0.0, Max: 0, Diff: 0, Sum: 0, Workers: 6
[23.598s][debug  ][gc,phases      ] GC(86)   StringDedup Requests1 Weak     Min:  0.0, Avg:  0.0, Max:  0.0, Diff:  0.0, Sum:  0.0, Workers: 6
[23.598s][debug  ][gc,phases      ] GC(86)     Dead                           Min: 0, Avg:  0.0, Max: 0, Diff: 0, Sum: 0, Workers: 6
[23.598s][debug  ][gc,phases      ] GC(86)     Total                          Min: 0, Avg:  0.0, Max: 0, Diff: 0, Sum: 0, Workers: 6
[23.598s][debug  ][gc,phases      ] GC(86)   Weak JFR Old Object Samples    Min:  0.0, Avg:  0.0, Max:  0.0, Diff:  0.0, Sum:  0.0, Workers: 6
[23.598s][debug  ][gc,phases      ] GC(86)     Dead                           Min: 0, Avg:  0.0, Max: 0, Diff: 0, Sum: 0, Workers: 6
[23.598s][debug  ][gc,phases      ] GC(86)     Total                          Min: 0, Avg:  0.0, Max: 0, Diff: 0, Sum: 0, Workers: 6
[23.598s][debug  ][gc,phases      ] GC(86) Weak Processing 0.797ms
[23.598s][debug  ][gc,ergo        ] GC(86) AdaptiveSizeStart:  collection: 87 
[23.598s][debug  ][gc,ergo        ] GC(86) avg_survived_padded_avg: 33698832.000000
[23.598s][debug  ][gc,ergo        ] GC(86) avg_promoted_padded_avg: 252169312.000000  avg_pretenured_padded_avg: 0.000000  tenuring_thresh: 3  target_size: 34078720
[23.598s][debug  ][gc,age         ] GC(86) Desired survivor size 34078720 bytes, new threshold 3 (max threshold 15)
[23.598s][debug  ][gc,ergo        ] GC(86) PSAdaptiveSizePolicy::compute_eden_space_size limits: desired_eden_size: 220125762 old_eden_size: 199753728 eden_limit: 200278016 cur_eden: 200278016 max_eden_size: 200278016 avg_young_live: 26715628
[23.598s][debug  ][gc,ergo        ] GC(86) PSAdaptiveSizePolicy::compute_eden_space_size: costs minor_time: 0.047197 major_cost: 0.048801 mutator_cost: 0.904002 throughput_goal: 0.990000
[23.598s][debug  ][gc,ergo        ] GC(86) Live_space: 1014853120 free_space: 1375207424
[23.598s][debug  ][gc,ergo        ] GC(86) Old eden_size: 199753728 desired_eden_size: 200278016
[23.598s][debug  ][gc,ergo        ] GC(86) AdaptiveSizeStop: collection: 87 
[23.598s][info   ][gc,heap        ] GC(86) PSYoungGen: 218820K(228864K)->30720K(228864K) Eden: 188100K(195584K)->0K(195584K) From: 30720K(33280K)->30720K(33280K)
[23.598s][info   ][gc,heap        ] GC(86) ParOldGen: 1087076K(1835008K)->1271396K(1835008K)
[23.598s][info   ][gc,metaspace   ] GC(86) Metaspace: 1021K(1216K)->1021K(1216K) NonClass: 938K(1024K)->938K(1024K) Class: 83K(192K)->83K(192K)
[23.598s][info   ][gc             ] GC(86) Pause Young (Allocation Failure) 1275M->1271M(2015M) 16.931ms
[23.598s][info   ][gc,cpu         ] GC(86) User=0.05s Sys=0.00s Real=0.02s
[23.598s][debug  ][gc,heap        ] GC(86) Heap after GC invocations=87 (full 14):
[23.598s][debug  ][gc,heap        ] GC(86)  PSYoungGen      total 228864K, used 30720K [0x00000000f0000000, 0x0000000100000000, 0x0000000100000000)
[23.599s][debug  ][gc,heap        ] GC(86)   eden space 195584K, 0% used [0x00000000f0000000,0x00000000f0000000,0x00000000fbf00000)
[23.599s][debug  ][gc,heap        ] GC(86)   from space 33280K, 92% used [0x00000000fbf00000,0x00000000fdd00030,0x00000000fdf80000)
[23.599s][debug  ][gc,heap        ] GC(86)   to   space 33280K, 0% used [0x00000000fdf80000,0x00000000fdf80000,0x0000000100000000)
[23.599s][debug  ][gc,heap        ] GC(86)  ParOldGen       total 1835008K, used 1271396K [0x0000000080000000, 0x00000000f0000000, 0x00000000f0000000)
[23.599s][debug  ][gc,heap        ] GC(86)   object space 1835008K, 69% used [0x0000000080000000,0x00000000cd9992d8,0x00000000f0000000)
[23.599s][debug  ][gc,heap        ] GC(86)  Metaspace       used 1021K, committed 1216K, reserved 1056768K
[23.599s][debug  ][gc,heap        ] GC(86)   class space    used 83K, committed 192K, reserved 1048576K
[23.599s][debug  ][gc,task,time   ] GC(86) VM-Thread 235810427 235965487 235986666
[23.880s][debug  ][gc,heap        ] GC(87) Heap before GC invocations=88 (full 14):
[23.880s][debug  ][gc,heap        ] GC(87)  PSYoungGen      total 228864K, used 218839K [0x00000000f0000000, 0x0000000100000000, 0x0000000100000000)
[23.880s][debug  ][gc,heap        ] GC(87)   eden space 195584K, 96% used [0x00000000f0000000,0x00000000fb7b5c00,0x00000000fbf00000)
[23.880s][debug  ][gc,heap        ] GC(87)   from space 33280K, 92% used [0x00000000fbf00000,0x00000000fdd00030,0x00000000fdf80000)
[23.880s][debug  ][gc,heap        ] GC(87)   to   space 33280K, 0% used [0x00000000fdf80000,0x00000000fdf80000,0x0000000100000000)
[23.880s][debug  ][gc,heap        ] GC(87)  ParOldGen       total 1835008K, used 1271396K [0x0000000080000000, 0x00000000f0000000, 0x00000000f0000000)
[23.880s][debug  ][gc,heap        ] GC(87)   object space 1835008K, 69% used [0x0000000080000000,0x00000000cd9992d8,0x00000000f0000000)
[23.881s][debug  ][gc,heap        ] GC(87)  Metaspace       used 1021K, committed 1216K, reserved 1056768K
[23.881s][debug  ][gc,heap        ] GC(87)   class space    used 83K, committed 192K, reserved 1048576K
[23.881s][debug  ][gc,tlab        ] GC(87) TLAB totals: thrds: 1  refills: 1 max: 1 slow allocs: 17 max 17 waste: 27.1% gc: 3889888B max: 3889888B slow: 0B max: 0B
[23.881s][info   ][gc,start       ] GC(87) Pause Young (Allocation Failure)
[23.881s][debug  ][gc,phases,start] GC(87) Scavenge
[23.895s][debug  ][gc,phases      ] GC(87) Scavenge 14.758ms
[23.896s][debug  ][gc,phases,start] GC(87) Reference Processing
[23.896s][debug  ][gc,ref         ] GC(87) Skipped phase 1 of Reference Processing: no references
[23.896s][debug  ][gc,ref         ] GC(87) Skipped phase 2 of Reference Processing: no references
[23.896s][debug  ][gc,ref         ] GC(87) Skipped phase 3 of Reference Processing: no references
[23.896s][debug  ][gc,ref         ] GC(87) Skipped phase 4 of Reference Processing: no references
[23.896s][debug  ][gc,phases,ref  ] GC(87) Reference Processing: 0.1ms
[23.896s][debug  ][gc,phases,ref  ] GC(87)   Reconsider SoftReferences: 0.0ms
[23.896s][debug  ][gc,phases,ref  ] GC(87)     SoftRef (ms):                  skipped
[23.896s][debug  ][gc,phases,ref  ] GC(87)   Notify Soft/WeakReferences: 0.0ms
[23.896s][debug  ][gc,phases,ref  ] GC(87)     SoftRef (ms):                  skipped
[23.896s][debug  ][gc,phases,ref  ] GC(87)     WeakRef (ms):                  skipped
[23.896s][debug  ][gc,phases,ref  ] GC(87)     FinalRef (ms):                 skipped
[23.896s][debug  ][gc,phases,ref  ] GC(87)     Total (ms):                    skipped
[23.896s][debug  ][gc,phases,ref  ] GC(87)   Notify and keep alive finalizable: 0.0ms
[23.896s][debug  ][gc,phases,ref  ] GC(87)     FinalRef (ms):                 skipped
[23.896s][debug  ][gc,phases,ref  ] GC(87)   Notify PhantomReferences: 0.0ms
[23.896s][debug  ][gc,phases,ref  ] GC(87)     PhantomRef (ms):               skipped
[23.896s][debug  ][gc,phases,ref  ] GC(87)   SoftReference:
[23.896s][debug  ][gc,phases,ref  ] GC(87)     Discovered: 0
[23.896s][debug  ][gc,phases,ref  ] GC(87)     Cleared: 0
[23.896s][debug  ][gc,phases,ref  ] GC(87)   WeakReference:
[23.896s][debug  ][gc,phases,ref  ] GC(87)     Discovered: 0
[23.896s][debug  ][gc,phases,ref  ] GC(87)     Cleared: 0
[23.896s][debug  ][gc,phases,ref  ] GC(87)   FinalReference:
[23.896s][debug  ][gc,phases,ref  ] GC(87)     Discovered: 0
[23.896s][debug  ][gc,phases,ref  ] GC(87)     Cleared: 0
[23.896s][debug  ][gc,phases,ref  ] GC(87)   PhantomReference:
[23.896s][debug  ][gc,phases,ref  ] GC(87)     Discovered: 0
[23.896s][debug  ][gc,phases,ref  ] GC(87)     Cleared: 0
[23.896s][debug  ][gc,phases      ] GC(87) Reference Processing 0.820ms
[23.896s][debug  ][gc,phases,start] GC(87) Weak Processing
[23.896s][debug  ][gc,phases      ] GC(87)   VM Weak                        Min:  0.0, Avg:  0.0, Max:  0.0, Diff:  0.0, Sum:  0.0, Workers: 6
[23.896s][debug  ][gc,phases      ] GC(87)     Dead                           Min: 0, Avg:  0.0, Max: 0, Diff: 0, Sum: 0, Workers: 6
[23.897s][debug  ][gc,phases      ] GC(87)     Total                          Min: 0, Avg:  1.3, Max: 8, Diff: 8, Sum: 8, Workers: 6
[23.897s][debug  ][gc,phases      ] GC(87)   ObjectSynchronizer Weak        Min:  0.0, Avg:  0.0, Max:  0.0, Diff:  0.0, Sum:  0.0, Workers: 6
[23.897s][debug  ][gc,phases      ] GC(87)     Dead                           Min: 0, Avg:  0.0, Max: 0, Diff: 0, Sum: 0, Workers: 6
[23.897s][debug  ][gc,phases      ] GC(87)     Total                          Min: 0, Avg:  0.5, Max: 3, Diff: 3, Sum: 3, Workers: 6
[23.897s][debug  ][gc,phases      ] GC(87)   JVMTI Tag Weak OopStorage      Min:  0.0, Avg:  0.0, Max:  0.0, Diff:  0.0, Sum:  0.0, Workers: 6
[23.897s][debug  ][gc,phases      ] GC(87)     Dead                           Min: 0, Avg:  0.0, Max: 0, Diff: 0, Sum: 0, Workers: 6
[23.897s][debug  ][gc,phases      ] GC(87)     Total                          Min: 0, Avg:  0.0, Max: 0, Diff: 0, Sum: 0, Workers: 6
[23.897s][debug  ][gc,phases      ] GC(87)   StringTable Weak               Min:  0.0, Avg:  0.0, Max:  0.0, Diff:  0.0, Sum:  0.0, Workers: 6
[23.897s][debug  ][gc,phases      ] GC(87)     Dead                           Min: 0, Avg:  0.0, Max: 0, Diff: 0, Sum: 0, Workers: 6
[23.897s][debug  ][gc,phases      ] GC(87)     Total                          Min: 704, Avg: 891.8, Max: 1152, Diff: 448, Sum: 5351, Workers: 6
[23.897s][debug  ][gc,phases      ] GC(87)   ResolvedMethodTable Weak       Min:  0.0, Avg:  0.0, Max:  0.0, Diff:  0.0, Sum:  0.0, Workers: 6
[23.897s][debug  ][gc,phases      ] GC(87)     Dead                           Min: 0, Avg:  0.0, Max: 0, Diff: 0, Sum: 0, Workers: 6
[23.897s][debug  ][gc,phases      ] GC(87)     Total                          Min: 0, Avg: 21.7, Max: 64, Diff: 64, Sum: 130, Workers: 6
[23.897s][debug  ][gc,phases      ] GC(87)   JNI Weak                       Min:  0.0, Avg:  0.0, Max:  0.0, Diff:  0.0, Sum:  0.0, Workers: 6
[23.897s][debug  ][gc,phases      ] GC(87)     Dead                           Min: 0, Avg:  0.0, Max: 0, Diff: 0, Sum: 0, Workers: 6
[23.897s][debug  ][gc,phases      ] GC(87)     Total                          Min: 0, Avg:  0.0, Max: 0, Diff: 0, Sum: 0, Workers: 6
[23.897s][debug  ][gc,phases      ] GC(87)   StringDedup Table Weak         Min:  0.0, Avg:  0.0, Max:  0.0, Diff:  0.0, Sum:  0.0, Workers: 6
[23.897s][debug  ][gc,phases      ] GC(87)     Dead                           Min: 0, Avg:  0.0, Max: 0, Diff: 0, Sum: 0, Workers: 6
[23.897s][debug  ][gc,phases      ] GC(87)     Total                          Min: 0, Avg:  0.0, Max: 0, Diff: 0, Sum: 0, Workers: 6
[23.897s][debug  ][gc,phases      ] GC(87)   StringDedup Requests0 Weak     Min:  0.0, Avg:  0.0, Max:  0.0, Diff:  0.0, Sum:  0.0, Workers: 6
[23.897s][debug  ][gc,phases      ] GC(87)     Dead                           Min: 0, Avg:  0.0, Max: 0, Diff: 0, Sum: 0, Workers: 6
[23.897s][debug  ][gc,phases      ] GC(87)     Total                          Min: 0, Avg:  0.0, Max: 0, Diff: 0, Sum: 0, Workers: 6
[23.897s][debug  ][gc,phases      ] GC(87)   StringDedup Requests1 Weak     Min:  0.0, Avg:  0.0, Max:  0.0, Diff:  0.0, Sum:  0.0, Workers: 6
[23.897s][debug  ][gc,phases      ] GC(87)     Dead                           Min: 0, Avg:  0.0, Max: 0, Diff: 0, Sum: 0, Workers: 6
[23.897s][debug  ][gc,phases      ] GC(87)     Total                          Min: 0, Avg:  0.0, Max: 0, Diff: 0, Sum: 0, Workers: 6
[23.897s][debug  ][gc,phases      ] GC(87)   Weak JFR Old Object Samples    Min:  0.0, Avg:  0.0, Max:  0.0, Diff:  0.0, Sum:  0.0, Workers: 6
[23.897s][debug  ][gc,phases      ] GC(87)     Dead                           Min: 0, Avg:  0.0, Max: 0, Diff: 0, Sum: 0, Workers: 6
[23.897s][debug  ][gc,phases      ] GC(87)     Total                          Min: 0, Avg:  0.0, Max: 0, Diff: 0, Sum: 0, Workers: 6
[23.897s][debug  ][gc,phases      ] GC(87) Weak Processing 0.845ms
[23.897s][debug  ][gc,ergo        ] GC(87) AdaptiveSizeStart:  collection: 88 
[23.897s][debug  ][gc,ergo        ] GC(87) avg_survived_padded_avg: 33542108.000000
[23.897s][debug  ][gc,ergo        ] GC(87) avg_promoted_padded_avg: 252147264.000000  avg_pretenured_padded_avg: 0.000000  tenuring_thresh: 3  target_size: 33554432
[23.897s][debug  ][gc,age         ] GC(87) Desired survivor size 33554432 bytes, new threshold 3 (max threshold 15)
[23.897s][debug  ][gc,ergo        ] GC(87) PSAdaptiveSizePolicy::compute_eden_space_size limits: desired_eden_size: 220553893 old_eden_size: 200278016 eden_limit: 200278016 cur_eden: 200278016 max_eden_size: 200278016 avg_young_live: 27189798
[23.897s][debug  ][gc,ergo        ] GC(87) PSAdaptiveSizePolicy::compute_eden_space_size: costs minor_time: 0.049242 major_cost: 0.048801 mutator_cost: 0.901956 throughput_goal: 0.990000
[23.897s][debug  ][gc,ergo        ] GC(87) Live_space: 1015327360 free_space: 1375731712
[23.897s][debug  ][gc,ergo        ] GC(87) Old eden_size: 200278016 desired_eden_size: 200278016
[23.897s][debug  ][gc,ergo        ] GC(87) AdaptiveSizeStop: collection: 88 
[23.897s][info   ][gc,heap        ] GC(87) PSYoungGen: 218839K(228864K)->30720K(229376K) Eden: 188119K(195584K)->0K(196096K) From: 30720K(33280K)->30720K(33280K)
[23.897s][info   ][gc,heap        ] GC(87) ParOldGen: 1271396K(1835008K)->1455716K(1835008K)
[23.898s][info   ][gc,metaspace   ] GC(87) Metaspace: 1021K(1216K)->1021K(1216K) NonClass: 938K(1024K)->938K(1024K) Class: 83K(192K)->83K(192K)
[23.898s][info   ][gc             ] GC(87) Pause Young (Allocation Failure) 1455M->1451M(2016M) 16.918ms
[23.898s][info   ][gc,cpu         ] GC(87) User=0.09s Sys=0.00s Real=0.02s
[23.898s][debug  ][gc,heap        ] GC(87) Heap after GC invocations=88 (full 14):
[23.898s][debug  ][gc,heap        ] GC(87)  PSYoungGen      total 229376K, used 30720K [0x00000000f0000000, 0x0000000100000000, 0x0000000100000000)
[23.898s][debug  ][gc,heap        ] GC(87)   eden space 196096K, 0% used [0x00000000f0000000,0x00000000f0000000,0x00000000fbf80000)
[23.898s][debug  ][gc,heap        ] GC(87)   from space 33280K, 92% used [0x00000000fdf80000,0x00000000ffd80030,0x0000000100000000)
[23.898s][debug  ][gc,heap        ] GC(87)   to   space 32768K, 0% used [0x00000000fbf80000,0x00000000fbf80000,0x00000000fdf80000)
[23.898s][debug  ][gc,heap        ] GC(87)  ParOldGen       total 1835008K, used 1455716K [0x0000000080000000, 0x00000000f0000000, 0x00000000f0000000)
[23.898s][debug  ][gc,heap        ] GC(87)   object space 1835008K, 79% used [0x0000000080000000,0x00000000d8d993f8,0x00000000f0000000)
[23.898s][debug  ][gc,heap        ] GC(87)  Metaspace       used 1021K, committed 1216K, reserved 1056768K
[23.898s][debug  ][gc,heap        ] GC(87)   class space    used 83K, committed 192K, reserved 1048576K
[23.898s][debug  ][gc,task,time   ] GC(87) VM-Thread 238802320 238955098 238977878
[24.181s][debug  ][gc,heap        ] GC(88) Heap before GC invocations=89 (full 14):
[24.181s][debug  ][gc,heap        ] GC(88)  PSYoungGen      total 229376K, used 218860K [0x00000000f0000000, 0x0000000100000000, 0x0000000100000000)
[24.181s][debug  ][gc,heap        ] GC(88)   eden space 196096K, 95% used [0x00000000f0000000,0x00000000fb7bb370,0x00000000fbf80000)
[24.181s][debug  ][gc,heap        ] GC(88)   from space 33280K, 92% used [0x00000000fdf80000,0x00000000ffd80030,0x0000000100000000)
[24.181s][debug  ][gc,heap        ] GC(88)   to   space 32768K, 0% used [0x00000000fbf80000,0x00000000fbf80000,0x00000000fdf80000)
[24.181s][debug  ][gc,heap        ] GC(88)  ParOldGen       total 1835008K, used 1455716K [0x0000000080000000, 0x00000000f0000000, 0x00000000f0000000)
[24.181s][debug  ][gc,heap        ] GC(88)   object space 1835008K, 79% used [0x0000000080000000,0x00000000d8d993f8,0x00000000f0000000)
[24.182s][debug  ][gc,heap        ] GC(88)  Metaspace       used 1021K, committed 1216K, reserved 1056768K
[24.182s][debug  ][gc,heap        ] GC(88)   class space    used 83K, committed 192K, reserved 1048576K
[24.182s][debug  ][gc,tlab        ] GC(88) TLAB totals: thrds: 1  refills: 1 max: 1 slow allocs: 17 max 17 waste: 27.2% gc: 3912272B max: 3912272B slow: 0B max: 0B
[24.182s][info   ][gc,start       ] GC(88) Pause Young (Allocation Failure)
[24.182s][debug  ][gc,phases,start] GC(88) Scavenge
[24.196s][debug  ][gc,phases      ] GC(88) Scavenge 14.416ms
[24.196s][debug  ][gc,phases,start] GC(88) Reference Processing
[24.196s][debug  ][gc,ref         ] GC(88) Skipped phase 1 of Reference Processing: no references
[24.196s][debug  ][gc,ref         ] GC(88) Skipped phase 2 of Reference Processing: no references
[24.196s][debug  ][gc,ref         ] GC(88) Skipped phase 3 of Reference Processing: no references
[24.196s][debug  ][gc,ref         ] GC(88) Skipped phase 4 of Reference Processing: no references
[24.196s][debug  ][gc,phases,ref  ] GC(88) Reference Processing: 0.1ms
[24.196s][debug  ][gc,phases,ref  ] GC(88)   Reconsider SoftReferences: 0.0ms
[24.196s][debug  ][gc,phases,ref  ] GC(88)     SoftRef (ms):                  skipped
[24.196s][debug  ][gc,phases,ref  ] GC(88)   Notify Soft/WeakReferences: 0.0ms
[24.196s][debug  ][gc,phases,ref  ] GC(88)     SoftRef (ms):                  skipped
[24.196s][debug  ][gc,phases,ref  ] GC(88)     WeakRef (ms):                  skipped
[24.196s][debug  ][gc,phases,ref  ] GC(88)     FinalRef (ms):                 skipped
[24.197s][debug  ][gc,phases,ref  ] GC(88)     Total (ms):                    skipped
[24.197s][debug  ][gc,phases,ref  ] GC(88)   Notify and keep alive finalizable: 0.0ms
[24.197s][debug  ][gc,phases,ref  ] GC(88)     FinalRef (ms):                 skipped
[24.197s][debug  ][gc,phases,ref  ] GC(88)   Notify PhantomReferences: 0.0ms
[24.197s][debug  ][gc,phases,ref  ] GC(88)     PhantomRef (ms):               skipped
[24.197s][debug  ][gc,phases,ref  ] GC(88)   SoftReference:
[24.197s][debug  ][gc,phases,ref  ] GC(88)     Discovered: 0
[24.197s][debug  ][gc,phases,ref  ] GC(88)     Cleared: 0
[24.197s][debug  ][gc,phases,ref  ] GC(88)   WeakReference:
[24.197s][debug  ][gc,phases,ref  ] GC(88)     Discovered: 0
[24.197s][debug  ][gc,phases,ref  ] GC(88)     Cleared: 0
[24.197s][debug  ][gc,phases,ref  ] GC(88)   FinalReference:
[24.197s][debug  ][gc,phases,ref  ] GC(88)     Discovered: 0
[24.197s][debug  ][gc,phases,ref  ] GC(88)     Cleared: 0
[24.197s][debug  ][gc,phases,ref  ] GC(88)   PhantomReference:
[24.197s][debug  ][gc,phases,ref  ] GC(88)     Discovered: 0
[24.197s][debug  ][gc,phases,ref  ] GC(88)     Cleared: 0
[24.197s][debug  ][gc,phases      ] GC(88) Reference Processing 0.736ms
[24.197s][debug  ][gc,phases,start] GC(88) Weak Processing
[24.197s][debug  ][gc,phases      ] GC(88)   VM Weak                        Min:  0.0, Avg:  0.0, Max:  0.0, Diff:  0.0, Sum:  0.0, Workers: 6
[24.197s][debug  ][gc,phases      ] GC(88)     Dead                           Min: 0, Avg:  0.0, Max: 0, Diff: 0, Sum: 0, Workers: 6
[24.197s][debug  ][gc,phases      ] GC(88)     Total                          Min: 0, Avg:  1.3, Max: 8, Diff: 8, Sum: 8, Workers: 6
[24.197s][debug  ][gc,phases      ] GC(88)   ObjectSynchronizer Weak        Min:  0.0, Avg:  0.0, Max:  0.0, Diff:  0.0, Sum:  0.0, Workers: 6
[24.197s][debug  ][gc,phases      ] GC(88)     Dead                           Min: 0, Avg:  0.0, Max: 0, Diff: 0, Sum: 0, Workers: 6
[24.197s][debug  ][gc,phases      ] GC(88)     Total                          Min: 0, Avg:  0.5, Max: 3, Diff: 3, Sum: 3, Workers: 6
[24.197s][debug  ][gc,phases      ] GC(88)   JVMTI Tag Weak OopStorage      Min:  0.0, Avg:  0.0, Max:  0.0, Diff:  0.0, Sum:  0.0, Workers: 6
[24.197s][debug  ][gc,phases      ] GC(88)     Dead                           Min: 0, Avg:  0.0, Max: 0, Diff: 0, Sum: 0, Workers: 6
[24.197s][debug  ][gc,phases      ] GC(88)     Total                          Min: 0, Avg:  0.0, Max: 0, Diff: 0, Sum: 0, Workers: 6
[24.197s][debug  ][gc,phases      ] GC(88)   StringTable Weak               Min:  0.0, Avg:  0.0, Max:  0.0, Diff:  0.0, Sum:  0.0, Workers: 6
[24.197s][debug  ][gc,phases      ] GC(88)     Dead                           Min: 0, Avg:  0.0, Max: 0, Diff: 0, Sum: 0, Workers: 6
[24.197s][debug  ][gc,phases      ] GC(88)     Total                          Min: 767, Avg: 891.8, Max: 1128, Diff: 361, Sum: 5351, Workers: 6
[24.197s][debug  ][gc,phases      ] GC(88)   ResolvedMethodTable Weak       Min:  0.0, Avg:  0.0, Max:  0.0, Diff:  0.0, Sum:  0.0, Workers: 6
[24.197s][debug  ][gc,phases      ] GC(88)     Dead                           Min: 0, Avg:  0.0, Max: 0, Diff: 0, Sum: 0, Workers: 6
[24.197s][debug  ][gc,phases      ] GC(88)     Total                          Min: 0, Avg: 21.7, Max: 128, Diff: 128, Sum: 130, Workers: 6
[24.197s][debug  ][gc,phases      ] GC(88)   JNI Weak                       Min:  0.0, Avg:  0.0, Max:  0.0, Diff:  0.0, Sum:  0.0, Workers: 6
[24.197s][debug  ][gc,phases      ] GC(88)     Dead                           Min: 0, Avg:  0.0, Max: 0, Diff: 0, Sum: 0, Workers: 6
[24.197s][debug  ][gc,phases      ] GC(88)     Total                          Min: 0, Avg:  0.0, Max: 0, Diff: 0, Sum: 0, Workers: 6
[24.197s][debug  ][gc,phases      ] GC(88)   StringDedup Table Weak         Min:  0.0, Avg:  0.0, Max:  0.0, Diff:  0.0, Sum:  0.0, Workers: 6
[24.197s][debug  ][gc,phases      ] GC(88)     Dead                           Min: 0, Avg:  0.0, Max: 0, Diff: 0, Sum: 0, Workers: 6
[24.197s][debug  ][gc,phases      ] GC(88)     Total                          Min: 0, Avg:  0.0, Max: 0, Diff: 0, Sum: 0, Workers: 6
[24.197s][debug  ][gc,phases      ] GC(88)   StringDedup Requests0 Weak     Min:  0.0, Avg:  0.0, Max:  0.0, Diff:  0.0, Sum:  0.0, Workers: 6
[24.198s][debug  ][gc,phases      ] GC(88)     Dead                           Min: 0, Avg:  0.0, Max: 0, Diff: 0, Sum: 0, Workers: 6
[24.198s][debug  ][gc,phases      ] GC(88)     Total                          Min: 0, Avg:  0.0, Max: 0, Diff: 0, Sum: 0, Workers: 6
[24.198s][debug  ][gc,phases      ] GC(88)   StringDedup Requests1 Weak     Min:  0.0, Avg:  0.0, Max:  0.0, Diff:  0.0, Sum:  0.0, Workers: 6
[24.198s][debug  ][gc,phases      ] GC(88)     Dead                           Min: 0, Avg:  0.0, Max: 0, Diff: 0, Sum: 0, Workers: 6
[24.198s][debug  ][gc,phases      ] GC(88)     Total                          Min: 0, Avg:  0.0, Max: 0, Diff: 0, Sum: 0, Workers: 6
[24.198s][debug  ][gc,phases      ] GC(88)   Weak JFR Old Object Samples    Min:  0.0, Avg:  0.0, Max:  0.0, Diff:  0.0, Sum:  0.0, Workers: 6
[24.198s][debug  ][gc,phases      ] GC(88)     Dead                           Min: 0, Avg:  0.0, Max: 0, Diff: 0, Sum: 0, Workers: 6
[24.198s][debug  ][gc,phases      ] GC(88)     Total                          Min: 0, Avg:  0.0, Max: 0, Diff: 0, Sum: 0, Workers: 6
[24.198s][debug  ][gc,phases      ] GC(88) Weak Processing 0.741ms
[24.198s][debug  ][gc,ergo        ] GC(88) AdaptiveSizeStart:  collection: 89 
[24.198s][debug  ][gc,ergo        ] GC(88) avg_survived_padded_avg: 33394314.000000
[24.198s][debug  ][gc,ergo        ] GC(88) avg_promoted_padded_avg: 251495392.000000  avg_pretenured_padded_avg: 0.000000  tenuring_thresh: 3  target_size: 33554432
[24.198s][debug  ][gc,age         ] GC(88) Desired survivor size 33554432 bytes, new threshold 3 (max threshold 15)
[24.198s][debug  ][gc,ergo        ] GC(88) PSAdaptiveSizePolicy::compute_eden_space_size limits: desired_eden_size: 221284645 old_eden_size: 200278016 eden_limit: 200802304 cur_eden: 200802304 max_eden_size: 200802304 avg_young_live: 27616550
[24.198s][debug  ][gc,ergo        ] GC(88) PSAdaptiveSizePolicy::compute_eden_space_size: costs minor_time: 0.050260 major_cost: 0.048801 mutator_cost: 0.900939 throughput_goal: 0.990000
[24.198s][debug  ][gc,ergo        ] GC(88) Live_space: 1015754112 free_space: 1375731712
[24.198s][debug  ][gc,ergo        ] GC(88) Old eden_size: 200278016 desired_eden_size: 200802304
[24.198s][debug  ][gc,ergo        ] GC(88) AdaptiveSizeStop: collection: 89 
[24.198s][info   ][gc,heap        ] GC(88) PSYoungGen: 218860K(229376K)->30720K(228864K) Eden: 188140K(196096K)->0K(196096K) From: 30720K(33280K)->30720K(32768K)
[24.198s][info   ][gc,heap        ] GC(88) ParOldGen: 1455716K(1835008K)->1640037K(1835008K)
[24.198s][info   ][gc,metaspace   ] GC(88) Metaspace: 1021K(1216K)->1021K(1216K) NonClass: 938K(1024K)->938K(1024K) Class: 83K(192K)->83K(192K)
[24.198s][info   ][gc             ] GC(88) Pause Young (Allocation Failure) 1635M->1631M(2015M) 16.348ms
[24.198s][info   ][gc,cpu         ] GC(88) User=0.09s Sys=0.00s Real=0.02s
[24.198s][debug  ][gc,heap        ] GC(88) Heap after GC invocations=89 (full 14):
[24.198s][debug  ][gc,heap        ] GC(88)  PSYoungGen      total 228864K, used 30720K [0x00000000f0000000, 0x0000000100000000, 0x0000000100000000)
[24.198s][debug  ][gc,heap        ] GC(88)   eden space 196096K, 0% used [0x00000000f0000000,0x00000000f0000000,0x00000000fbf80000)
[24.198s][debug  ][gc,heap        ] GC(88)   from space 32768K, 93% used [0x00000000fbf80000,0x00000000fdd80030,0x00000000fdf80000)
[24.198s][debug  ][gc,heap        ] GC(88)   to   space 32768K, 0% used [0x00000000fe000000,0x00000000fe000000,0x0000000100000000)
[24.198s][debug  ][gc,heap        ] GC(88)  ParOldGen       total 1835008K, used 1640037K [0x0000000080000000, 0x00000000f0000000, 0x00000000f0000000)
[24.198s][debug  ][gc,heap        ] GC(88)   object space 1835008K, 89% used [0x0000000080000000,0x00000000e4199518,0x00000000f0000000)
[24.198s][debug  ][gc,heap        ] GC(88)  Metaspace       used 1021K, committed 1216K, reserved 1056768K
[24.198s][debug  ][gc,heap        ] GC(88)   class space    used 83K, committed 192K, reserved 1048576K
[24.198s][debug  ][gc,task,time   ] GC(88) VM-Thread 241812066 241961841 241982323
[24.198s][debug  ][gc,phases,start] GC(89) Pre Compact
[24.198s][debug  ][gc,heap        ] GC(89) Heap before GC invocations=90 (full 15):
[24.198s][debug  ][gc,heap        ] GC(89)  PSYoungGen      total 228864K, used 30720K [0x00000000f0000000, 0x0000000100000000, 0x0000000100000000)
[24.198s][debug  ][gc,heap        ] GC(89)   eden space 196096K, 0% used [0x00000000f0000000,0x00000000f0000000,0x00000000fbf80000)
[24.198s][debug  ][gc,heap        ] GC(89)   from space 32768K, 93% used [0x00000000fbf80000,0x00000000fdd80030,0x00000000fdf80000)
[24.198s][debug  ][gc,heap        ] GC(89)   to   space 32768K, 0% used [0x00000000fe000000,0x00000000fe000000,0x0000000100000000)
[24.198s][debug  ][gc,heap        ] GC(89)  ParOldGen       total 1835008K, used 1640037K [0x0000000080000000, 0x00000000f0000000, 0x00000000f0000000)
[24.198s][debug  ][gc,heap        ] GC(89)   object space 1835008K, 89% used [0x0000000080000000,0x00000000e4199518,0x00000000f0000000)
[24.198s][debug  ][gc,heap        ] GC(89)  Metaspace       used 1021K, committed 1216K, reserved 1056768K
[24.198s][debug  ][gc,heap        ] GC(89)   class space    used 83K, committed 192K, reserved 1048576K
[24.198s][debug  ][gc,phases      ] GC(89) Pre Compact 0.201ms
[24.198s][info   ][gc,start       ] GC(89) Pause Full (Ergonomics)
[24.199s][info   ][gc,phases,start] GC(89) Marking Phase
[24.199s][debug  ][gc,phases,start] GC(89) Par Mark
[24.199s][debug  ][gc,phases      ] GC(89) Par Mark 0.584ms
[24.199s][debug  ][gc,phases,start] GC(89) Reference Processing
[24.199s][debug  ][gc,ref         ] GC(89) Skipped phase 1 of Reference Processing: no references
[24.199s][debug  ][gc,ref         ] GC(89) ReferenceProcessor::execute queues: 1, RefProcThreadModel::Single, marks_oops_alive: false
[24.199s][debug  ][gc,ref         ] GC(89) Skipped phase 3 of Reference Processing: no references
[24.199s][debug  ][gc,ref         ] GC(89) ReferenceProcessor::execute queues: 1, RefProcThreadModel::Single, marks_oops_alive: false
[24.199s][debug  ][gc,phases,ref  ] GC(89) Reference Processing: 0.1ms
[24.199s][debug  ][gc,phases,ref  ] GC(89)   Reconsider SoftReferences: 0.0ms
[24.199s][debug  ][gc,phases,ref  ] GC(89)     SoftRef (ms):                  skipped
[24.199s][debug  ][gc,phases,ref  ] GC(89)   Notify Soft/WeakReferences: 0.0ms
[24.199s][debug  ][gc,phases,ref  ] GC(89)     SoftRef (ms):                  Min:  0.0, Avg:  0.0, Max:  0.0, Diff:  0.0, Sum:  0.0, Workers: 6
[24.199s][debug  ][gc,phases,ref  ] GC(89)     WeakRef (ms):                  Min:  0.0, Avg:  0.0, Max:  0.0, Diff:  0.0, Sum:  0.0, Workers: 6
[24.199s][debug  ][gc,phases,ref  ] GC(89)     FinalRef (ms):                 Min:  0.0, Avg:  0.0, Max:  0.0, Diff:  0.0, Sum:  0.0, Workers: 6
[24.199s][debug  ][gc,phases,ref  ] GC(89)     Total (ms):                    Min:  0.0, Avg:  0.0, Max:  0.0, Diff:  0.0, Sum:  0.0, Workers: 6
[24.199s][debug  ][gc,phases,ref  ] GC(89)   Notify and keep alive finalizable: 0.0ms
[24.199s][debug  ][gc,phases,ref  ] GC(89)     FinalRef (ms):                 skipped
[24.199s][debug  ][gc,phases,ref  ] GC(89)   Notify PhantomReferences: 0.0ms
[24.199s][debug  ][gc,phases,ref  ] GC(89)     PhantomRef (ms):               Min:  0.0, Avg:  0.0, Max:  0.0, Diff:  0.0, Sum:  0.0, Workers: 6
[24.199s][debug  ][gc,phases,ref  ] GC(89)   SoftReference:
[24.200s][debug  ][gc,phases,ref  ] GC(89)     Discovered: 0
[24.200s][debug  ][gc,phases,ref  ] GC(89)     Cleared: 0
[24.200s][debug  ][gc,phases,ref  ] GC(89)   WeakReference:
[24.200s][debug  ][gc,phases,ref  ] GC(89)     Discovered: 108
[24.200s][debug  ][gc,phases,ref  ] GC(89)     Cleared: 108
[24.200s][debug  ][gc,phases,ref  ] GC(89)   FinalReference:
[24.200s][debug  ][gc,phases,ref  ] GC(89)     Discovered: 0
[24.200s][debug  ][gc,phases,ref  ] GC(89)     Cleared: 0
[24.200s][debug  ][gc,phases,ref  ] GC(89)   PhantomReference:
[24.200s][debug  ][gc,phases,ref  ] GC(89)     Discovered: 3
[24.200s][debug  ][gc,phases,ref  ] GC(89)     Cleared: 3
[24.200s][debug  ][gc,phases      ] GC(89) Reference Processing 0.579ms
[24.200s][debug  ][gc,phases,start] GC(89) Weak Processing
[24.200s][debug  ][gc,phases      ] GC(89)   VM Weak                        Min:  0.0, Avg:  0.0, Max:  0.0, Diff:  0.0, Sum:  0.0, Workers: 6
[24.200s][debug  ][gc,phases      ] GC(89)     Dead                           Min: 0, Avg:  0.0, Max: 0, Diff: 0, Sum: 0, Workers: 6
[24.200s][debug  ][gc,phases      ] GC(89)     Total                          Min: 0, Avg:  1.3, Max: 8, Diff: 8, Sum: 8, Workers: 6
[24.200s][debug  ][gc,phases      ] GC(89)   ObjectSynchronizer Weak        Min:  0.0, Avg:  0.0, Max:  0.0, Diff:  0.0, Sum:  0.0, Workers: 6
[24.200s][debug  ][gc,phases      ] GC(89)     Dead                           Min: 0, Avg:  0.0, Max: 0, Diff: 0, Sum: 0, Workers: 6
[24.200s][debug  ][gc,phases      ] GC(89)     Total                          Min: 0, Avg:  0.5, Max: 3, Diff: 3, Sum: 3, Workers: 6
[24.200s][debug  ][gc,phases      ] GC(89)   JVMTI Tag Weak OopStorage      Min:  0.0, Avg:  0.0, Max:  0.0, Diff:  0.0, Sum:  0.0, Workers: 6
[24.200s][debug  ][gc,phases      ] GC(89)     Dead                           Min: 0, Avg:  0.0, Max: 0, Diff: 0, Sum: 0, Workers: 6
[24.200s][debug  ][gc,phases      ] GC(89)     Total                          Min: 0, Avg:  0.0, Max: 0, Diff: 0, Sum: 0, Workers: 6
[24.200s][debug  ][gc,phases      ] GC(89)   StringTable Weak               Min:  0.0, Avg:  0.0, Max:  0.0, Diff:  0.0, Sum:  0.0, Workers: 6
[24.200s][debug  ][gc,phases      ] GC(89)     Dead                           Min: 0, Avg:  0.0, Max: 0, Diff: 0, Sum: 0, Workers: 6
[24.200s][debug  ][gc,phases      ] GC(89)     Total                          Min: 576, Avg: 891.8, Max: 1128, Diff: 552, Sum: 5351, Workers: 6
[24.200s][debug  ][gc,phases      ] GC(89)   ResolvedMethodTable Weak       Min:  0.0, Avg:  0.0, Max:  0.0, Diff:  0.0, Sum:  0.0, Workers: 6
[24.200s][debug  ][gc,phases      ] GC(89)     Dead                           Min: 0, Avg:  0.0, Max: 0, Diff: 0, Sum: 0, Workers: 6
[24.200s][debug  ][gc,phases      ] GC(89)     Total                          Min: 0, Avg: 21.7, Max: 64, Diff: 64, Sum: 130, Workers: 6
[24.200s][debug  ][gc,phases      ] GC(89)   JNI Weak                       Min:  0.0, Avg:  0.0, Max:  0.0, Diff:  0.0, Sum:  0.0, Workers: 6
[24.200s][debug  ][gc,phases      ] GC(89)     Dead                           Min: 0, Avg:  0.0, Max: 0, Diff: 0, Sum: 0, Workers: 6
[24.200s][debug  ][gc,phases      ] GC(89)     Total                          Min: 0, Avg:  0.0, Max: 0, Diff: 0, Sum: 0, Workers: 6
[24.200s][debug  ][gc,phases      ] GC(89)   StringDedup Table Weak         Min:  0.0, Avg:  0.0, Max:  0.0, Diff:  0.0, Sum:  0.0, Workers: 6
[24.200s][debug  ][gc,phases      ] GC(89)     Dead                           Min: 0, Avg:  0.0, Max: 0, Diff: 0, Sum: 0, Workers: 6
[24.200s][debug  ][gc,phases      ] GC(89)     Total                          Min: 0, Avg:  0.0, Max: 0, Diff: 0, Sum: 0, Workers: 6
[24.200s][debug  ][gc,phases      ] GC(89)   StringDedup Requests0 Weak     Min:  0.0, Avg:  0.0, Max:  0.0, Diff:  0.0, Sum:  0.0, Workers: 6
[24.200s][debug  ][gc,phases      ] GC(89)     Dead                           Min: 0, Avg:  0.0, Max: 0, Diff: 0, Sum: 0, Workers: 6
[24.200s][debug  ][gc,phases      ] GC(89)     Total                          Min: 0, Avg:  0.0, Max: 0, Diff: 0, Sum: 0, Workers: 6
[24.200s][debug  ][gc,phases      ] GC(89)   StringDedup Requests1 Weak     Min:  0.0, Avg:  0.0, Max:  0.0, Diff:  0.0, Sum:  0.0, Workers: 6
[24.200s][debug  ][gc,phases      ] GC(89)     Dead                           Min: 0, Avg:  0.0, Max: 0, Diff: 0, Sum: 0, Workers: 6
[24.200s][debug  ][gc,phases      ] GC(89)     Total                          Min: 0, Avg:  0.0, Max: 0, Diff: 0, Sum: 0, Workers: 6
[24.200s][debug  ][gc,phases      ] GC(89)   Weak JFR Old Object Samples    Min:  0.0, Avg:  0.0, Max:  0.0, Diff:  0.0, Sum:  0.0, Workers: 6
[24.200s][debug  ][gc,phases      ] GC(89)     Dead                           Min: 0, Avg:  0.0, Max: 0, Diff: 0, Sum: 0, Workers: 6
[24.200s][debug  ][gc,phases      ] GC(89)     Total                          Min: 0, Avg:  0.0, Max: 0, Diff: 0, Sum: 0, Workers: 6
[24.200s][debug  ][gc,phases      ] GC(89) Weak Processing 0.738ms
[24.200s][debug  ][gc,phases,start] GC(89) Class Unloading
[24.201s][debug  ][gc,phases,start] GC(89) ClassLoaderData
[24.201s][debug  ][gc,phases      ] GC(89) ClassLoaderData 0.019ms
[24.201s][debug  ][gc,phases,start] GC(89) Trigger cleanups
[24.201s][debug  ][gc,phases      ] GC(89) Trigger cleanups 0.018ms
[24.201s][debug  ][gc,phases      ] GC(89) Class Unloading 0.255ms
[24.201s][info   ][gc,phases      ] GC(89) Marking Phase 2.267ms
[24.201s][info   ][gc,phases,start] GC(89) Summary Phase
[24.201s][info   ][gc,phases      ] GC(89) Summary Phase 0.036ms
[24.201s][info   ][gc,phases,start] GC(89) Adjust Roots
[24.201s][info   ][gc,phases      ] GC(89) Adjust Roots 0.149ms
[24.201s][info   ][gc,phases,start] GC(89) Compaction Phase
[24.275s][info   ][gc,phases      ] GC(89) Compaction Phase 73.789ms
[24.275s][info   ][gc,phases,start] GC(89) Post Compact
[24.280s][info   ][gc,phases      ] GC(89) Post Compact 5.417ms
[24.280s][debug  ][gc,ergo        ] GC(89) AdaptiveSizeStart: collection: 90 
[24.280s][debug  ][gc,ergo        ] GC(89) PSAdaptiveSizePolicy::compute_eden_space_size limits: desired_eden_size: 221143941 old_eden_size: 200802304 eden_limit: 201326592 cur_eden: 200802304 max_eden_size: 201326592 avg_young_live: 24854894
[24.280s][debug  ][gc,ergo        ] GC(89) PSAdaptiveSizePolicy::compute_eden_space_size: costs minor_time: 0.050260 major_cost: 0.049487 mutator_cost: 0.900253 throughput_goal: 0.990000
[24.280s][debug  ][gc,ergo        ] GC(89) Live_space: 1012992384 free_space: 1376256000
[24.280s][debug  ][gc,ergo        ] GC(89) Old eden_size: 200802304 desired_eden_size: 201326592
[24.281s][debug  ][gc,ergo        ] GC(89) PSAdaptiveSizePolicy::compute_old_gen_free_space limits: desired_promo_size: 1292243485 promo_limit: 1175453696 free_in_old_gen: 1158797056 max_old_gen_size: 1879048192 avg_old_live: 720251136
[24.281s][debug  ][gc,ergo        ] GC(89) PSAdaptiveSizePolicy::compute_old_gen_free_space: costs minor_time: 0.050260 major_cost: 0.049487  mutator_cost: 0.900253 throughput_goal: 0.990000
[24.281s][debug  ][gc,ergo        ] GC(89) Live_space: 1013541504 free_space: 1376780288
[24.281s][debug  ][gc,ergo        ] GC(89) Old promo_size: 1175453696 desired_promo_size: 1175453696
[24.281s][debug  ][gc,ergo        ] GC(89) AdaptiveSizeStop: collection: 90 
[24.281s][info   ][gc,heap        ] GC(89) PSYoungGen: 30720K(228864K)->0K(229376K) Eden: 0K(196096K)->0K(196608K) From: 30720K(32768K)->0K(32768K)
[24.281s][info   ][gc,heap        ] GC(89) ParOldGen: 1640037K(1835008K)->708195K(1835008K)
[24.281s][info   ][gc,metaspace   ] GC(89) Metaspace: 1021K(1216K)->1021K(1216K) NonClass: 938K(1024K)->938K(1024K) Class: 83K(192K)->83K(192K)
[24.281s][info   ][gc             ] GC(89) Pause Full (Ergonomics) 1631M->691M(2016M) 82.224ms
[24.281s][info   ][gc,cpu         ] GC(89) User=0.47s Sys=0.00s Real=0.08s
[24.281s][debug  ][gc,heap        ] GC(89) Heap after GC invocations=90 (full 15):
[24.281s][debug  ][gc,heap        ] GC(89)  PSYoungGen      total 229376K, used 0K [0x00000000f0000000, 0x0000000100000000, 0x0000000100000000)
[24.281s][debug  ][gc,heap        ] GC(89)   eden space 196608K, 0% used [0x00000000f0000000,0x00000000f0000000,0x00000000fc000000)
[24.281s][debug  ][gc,heap        ] GC(89)   from space 32768K, 0% used [0x00000000fe000000,0x00000000fe000000,0x0000000100000000)
[24.281s][debug  ][gc,heap        ] GC(89)   to   space 32768K, 0% used [0x00000000fc000000,0x00000000fc000000,0x00000000fe000000)
[24.281s][debug  ][gc,heap        ] GC(89)  ParOldGen       total 1835008K, used 708195K [0x0000000080000000, 0x00000000f0000000, 0x00000000f0000000)
[24.281s][debug  ][gc,heap        ] GC(89)   object space 1835008K, 38% used [0x0000000080000000,0x00000000ab398f68,0x00000000f0000000)
[24.281s][debug  ][gc,heap        ] GC(89)  Metaspace       used 1021K, committed 1216K, reserved 1056768K
[24.281s][debug  ][gc,heap        ] GC(89)   class space    used 83K, committed 192K, reserved 1048576K
[24.281s][debug  ][gc,task,time   ] GC(89) VM-Thread 241985008 242010283 242807533
[24.560s][debug  ][gc,heap        ] GC(90) Heap before GC invocations=91 (full 15):
[24.560s][debug  ][gc,heap        ] GC(90)  PSYoungGen      total 229376K, used 188158K [0x00000000f0000000, 0x0000000100000000, 0x0000000100000000)
[24.560s][debug  ][gc,heap        ] GC(90)   eden space 196608K, 95% used [0x00000000f0000000,0x00000000fb7bf9d0,0x00000000fc000000)
[24.560s][debug  ][gc,heap        ] GC(90)   from space 32768K, 0% used [0x00000000fe000000,0x00000000fe000000,0x0000000100000000)
[24.560s][debug  ][gc,heap        ] GC(90)   to   space 32768K, 0% used [0x00000000fc000000,0x00000000fc000000,0x00000000fe000000)
[24.560s][debug  ][gc,heap        ] GC(90)  ParOldGen       total 1835008K, used 708195K [0x0000000080000000, 0x00000000f0000000, 0x00000000f0000000)
[24.560s][debug  ][gc,heap        ] GC(90)   object space 1835008K, 38% used [0x0000000080000000,0x00000000ab398f68,0x00000000f0000000)
[24.560s][debug  ][gc,heap        ] GC(90)  Metaspace       used 1021K, committed 1216K, reserved 1056768K
[24.560s][debug  ][gc,heap        ] GC(90)   class space    used 83K, committed 192K, reserved 1048576K
[24.560s][debug  ][gc,tlab        ] GC(90) TLAB totals: thrds: 1  refills: 1 max: 1 slow allocs: 17 max 17 waste: 27.3% gc: 3930288B max: 3930288B slow: 0B max: 0B
[24.560s][info   ][gc,start       ] GC(90) Pause Young (Allocation Failure)
[24.560s][debug  ][gc,phases,start] GC(90) Scavenge
[24.572s][debug  ][gc,phases      ] GC(90) Scavenge 12.320ms
[24.572s][debug  ][gc,phases,start] GC(90) Reference Processing
[24.572s][debug  ][gc,ref         ] GC(90) Skipped phase 1 of Reference Processing: no references
[24.573s][debug  ][gc,ref         ] GC(90) Skipped phase 2 of Reference Processing: no references
[24.573s][debug  ][gc,ref         ] GC(90) Skipped phase 3 of Reference Processing: no references
[24.573s][debug  ][gc,ref         ] GC(90) Skipped phase 4 of Reference Processing: no references
[24.573s][debug  ][gc,phases,ref  ] GC(90) Reference Processing: 0.1ms
[24.573s][debug  ][gc,phases,ref  ] GC(90)   Reconsider SoftReferences: 0.0ms
[24.573s][debug  ][gc,phases,ref  ] GC(90)     SoftRef (ms):                  skipped
[24.573s][debug  ][gc,phases,ref  ] GC(90)   Notify Soft/WeakReferences: 0.0ms
[24.573s][debug  ][gc,phases,ref  ] GC(90)     SoftRef (ms):                  skipped
[24.573s][debug  ][gc,phases,ref  ] GC(90)     WeakRef (ms):                  skipped
[24.573s][debug  ][gc,phases,ref  ] GC(90)     FinalRef (ms):                 skipped
[24.573s][debug  ][gc,phases,ref  ] GC(90)     Total (ms):                    skipped
[24.573s][debug  ][gc,phases,ref  ] GC(90)   Notify and keep alive finalizable: 0.0ms
[24.573s][debug  ][gc,phases,ref  ] GC(90)     FinalRef (ms):                 skipped
[24.573s][debug  ][gc,phases,ref  ] GC(90)   Notify PhantomReferences: 0.0ms
[24.573s][debug  ][gc,phases,ref  ] GC(90)     PhantomRef (ms):               skipped
[24.573s][debug  ][gc,phases,ref  ] GC(90)   SoftReference:
[24.573s][debug  ][gc,phases,ref  ] GC(90)     Discovered: 0
[24.573s][debug  ][gc,phases,ref  ] GC(90)     Cleared: 0
[24.573s][debug  ][gc,phases,ref  ] GC(90)   WeakReference:
[24.573s][debug  ][gc,phases,ref  ] GC(90)     Discovered: 0
[24.573s][debug  ][gc,phases,ref  ] GC(90)     Cleared: 0
[24.573s][debug  ][gc,phases,ref  ] GC(90)   FinalReference:
[24.573s][debug  ][gc,phases,ref  ] GC(90)     Discovered: 0
[24.573s][debug  ][gc,phases,ref  ] GC(90)     Cleared: 0
[24.573s][debug  ][gc,phases,ref  ] GC(90)   PhantomReference:
[24.573s][debug  ][gc,phases,ref  ] GC(90)     Discovered: 0
[24.573s][debug  ][gc,phases,ref  ] GC(90)     Cleared: 0
[24.573s][debug  ][gc,phases      ] GC(90) Reference Processing 0.676ms
[24.573s][debug  ][gc,phases,start] GC(90) Weak Processing
[24.573s][debug  ][gc,phases      ] GC(90)   VM Weak                        Min:  0.0, Avg:  0.0, Max:  0.0, Diff:  0.0, Sum:  0.0, Workers: 6
[24.573s][debug  ][gc,phases      ] GC(90)     Dead                           Min: 0, Avg:  0.0, Max: 0, Diff: 0, Sum: 0, Workers: 6
[24.573s][debug  ][gc,phases      ] GC(90)     Total                          Min: 0, Avg:  1.3, Max: 8, Diff: 8, Sum: 8, Workers: 6
[24.573s][debug  ][gc,phases      ] GC(90)   ObjectSynchronizer Weak        Min:  0.0, Avg:  0.0, Max:  0.0, Diff:  0.0, Sum:  0.0, Workers: 6
[24.573s][debug  ][gc,phases      ] GC(90)     Dead                           Min: 0, Avg:  0.0, Max: 0, Diff: 0, Sum: 0, Workers: 6
[24.573s][debug  ][gc,phases      ] GC(90)     Total                          Min: 0, Avg:  0.5, Max: 3, Diff: 3, Sum: 3, Workers: 6
[24.573s][debug  ][gc,phases      ] GC(90)   JVMTI Tag Weak OopStorage      Min:  0.0, Avg:  0.0, Max:  0.0, Diff:  0.0, Sum:  0.0, Workers: 6
[24.573s][debug  ][gc,phases      ] GC(90)     Dead                           Min: 0, Avg:  0.0, Max: 0, Diff: 0, Sum: 0, Workers: 6
[24.573s][debug  ][gc,phases      ] GC(90)     Total                          Min: 0, Avg:  0.0, Max: 0, Diff: 0, Sum: 0, Workers: 6
[24.573s][debug  ][gc,phases      ] GC(90)   StringTable Weak               Min:  0.0, Avg:  0.0, Max:  0.0, Diff:  0.0, Sum:  0.0, Workers: 6
[24.573s][debug  ][gc,phases      ] GC(90)     Dead                           Min: 0, Avg:  0.0, Max: 0, Diff: 0, Sum: 0, Workers: 6
[24.573s][debug  ][gc,phases      ] GC(90)     Total                          Min: 576, Avg: 891.8, Max: 1344, Diff: 768, Sum: 5351, Workers: 6
[24.574s][debug  ][gc,phases      ] GC(90)   ResolvedMethodTable Weak       Min:  0.0, Avg:  0.0, Max:  0.0, Diff:  0.0, Sum:  0.0, Workers: 6
[24.574s][debug  ][gc,phases      ] GC(90)     Dead                           Min: 0, Avg:  0.0, Max: 0, Diff: 0, Sum: 0, Workers: 6
[24.574s][debug  ][gc,phases      ] GC(90)     Total                          Min: 0, Avg: 21.7, Max: 64, Diff: 64, Sum: 130, Workers: 6
[24.574s][debug  ][gc,phases      ] GC(90)   JNI Weak                       Min:  0.0, Avg:  0.0, Max:  0.0, Diff:  0.0, Sum:  0.0, Workers: 6
[24.574s][debug  ][gc,phases      ] GC(90)     Dead                           Min: 0, Avg:  0.0, Max: 0, Diff: 0, Sum: 0, Workers: 6
[24.574s][debug  ][gc,phases      ] GC(90)     Total                          Min: 0, Avg:  0.0, Max: 0, Diff: 0, Sum: 0, Workers: 6
[24.574s][debug  ][gc,phases      ] GC(90)   StringDedup Table Weak         Min:  0.0, Avg:  0.0, Max:  0.0, Diff:  0.0, Sum:  0.0, Workers: 6
[24.574s][debug  ][gc,phases      ] GC(90)     Dead                           Min: 0, Avg:  0.0, Max: 0, Diff: 0, Sum: 0, Workers: 6
[24.574s][debug  ][gc,phases      ] GC(90)     Total                          Min: 0, Avg:  0.0, Max: 0, Diff: 0, Sum: 0, Workers: 6
[24.574s][debug  ][gc,phases      ] GC(90)   StringDedup Requests0 Weak     Min:  0.0, Avg:  0.0, Max:  0.0, Diff:  0.0, Sum:  0.0, Workers: 6
[24.574s][debug  ][gc,phases      ] GC(90)     Dead                           Min: 0, Avg:  0.0, Max: 0, Diff: 0, Sum: 0, Workers: 6
[24.574s][debug  ][gc,phases      ] GC(90)     Total                          Min: 0, Avg:  0.0, Max: 0, Diff: 0, Sum: 0, Workers: 6
[24.574s][debug  ][gc,phases      ] GC(90)   StringDedup Requests1 Weak     Min:  0.0, Avg:  0.0, Max:  0.0, Diff:  0.0, Sum:  0.0, Workers: 6
[24.574s][debug  ][gc,phases      ] GC(90)     Dead                           Min: 0, Avg:  0.0, Max: 0, Diff: 0, Sum: 0, Workers: 6
[24.574s][debug  ][gc,phases      ] GC(90)     Total                          Min: 0, Avg:  0.0, Max: 0, Diff: 0, Sum: 0, Workers: 6
[24.574s][debug  ][gc,phases      ] GC(90)   Weak JFR Old Object Samples    Min:  0.0, Avg:  0.0, Max:  0.0, Diff:  0.0, Sum:  0.0, Workers: 6
[24.574s][debug  ][gc,phases      ] GC(90)     Dead                           Min: 0, Avg:  0.0, Max: 0, Diff: 0, Sum: 0, Workers: 6
[24.574s][debug  ][gc,phases      ] GC(90)     Total                          Min: 0, Avg:  0.0, Max: 0, Diff: 0, Sum: 0, Workers: 6
[24.574s][debug  ][gc,phases      ] GC(90) Weak Processing 0.792ms
[24.574s][debug  ][gc,ergo        ] GC(90) AdaptiveSizeStart:  collection: 91 
[24.574s][debug  ][gc,ergo        ] GC(90) avg_survived_padded_avg: 33255232.000000
[24.574s][debug  ][gc,ergo        ] GC(90) avg_promoted_padded_avg: 245448432.000000  avg_pretenured_padded_avg: 0.000000  tenuring_thresh: 3  target_size: 33554432
[24.574s][debug  ][gc,age         ] GC(90) Desired survivor size 33554432 bytes, new threshold 3 (max threshold 15)
[24.574s][debug  ][gc,ergo        ] GC(90) PSAdaptiveSizePolicy::compute_eden_space_size limits: desired_eden_size: 220978789 old_eden_size: 201326592 eden_limit: 201326592 cur_eden: 201326592 max_eden_size: 201326592 avg_young_live: 25515138
[24.574s][debug  ][gc,ergo        ] GC(90) PSAdaptiveSizePolicy::compute_eden_space_size: costs minor_time: 0.046941 major_cost: 0.049487 mutator_cost: 0.903573 throughput_goal: 0.990000
[24.574s][debug  ][gc,ergo        ] GC(90) Live_space: 1014201728 free_space: 1376780288
[24.574s][debug  ][gc,ergo        ] GC(90) Old eden_size: 201326592 desired_eden_size: 201326592
[24.574s][debug  ][gc,ergo        ] GC(90) AdaptiveSizeStop: collection: 91 
[24.574s][info   ][gc,heap        ] GC(90) PSYoungGen: 188158K(229376K)->30720K(229376K) Eden: 188158K(196608K)->0K(196608K) From: 0K(32768K)->30720K(32768K)
[24.574s][info   ][gc,heap        ] GC(90) ParOldGen: 708195K(1835008K)->861796K(1835008K)
[24.574s][info   ][gc,metaspace   ] GC(90) Metaspace: 1021K(1216K)->1021K(1216K) NonClass: 938K(1024K)->938K(1024K) Class: 83K(192K)->83K(192K)
[24.574s][info   ][gc             ] GC(90) Pause Young (Allocation Failure) 875M->871M(2016M) 14.278ms
[24.574s][info   ][gc,cpu         ] GC(90) User=0.08s Sys=0.00s Real=0.01s
[24.574s][debug  ][gc,heap        ] GC(90) Heap after GC invocations=91 (full 15):
[24.574s][debug  ][gc,heap        ] GC(90)  PSYoungGen      total 229376K, used 30720K [0x00000000f0000000, 0x0000000100000000, 0x0000000100000000)
[24.574s][debug  ][gc,heap        ] GC(90)   eden space 196608K, 0% used [0x00000000f0000000,0x00000000f0000000,0x00000000fc000000)
[24.574s][debug  ][gc,heap        ] GC(90)   from space 32768K, 93% used [0x00000000fc000000,0x00000000fde00030,0x00000000fe000000)
[24.574s][debug  ][gc,heap        ] GC(90)   to   space 32768K, 0% used [0x00000000fe000000,0x00000000fe000000,0x0000000100000000)
[24.574s][debug  ][gc,heap        ] GC(90)  ParOldGen       total 1835008K, used 861796K [0x0000000080000000, 0x00000000f0000000, 0x00000000f0000000)
[24.574s][debug  ][gc,heap        ] GC(90)   object space 1835008K, 46% used [0x0000000080000000,0x00000000b4999058,0x00000000f0000000)
[24.575s][debug  ][gc,heap        ] GC(90)  Metaspace       used 1021K, committed 1216K, reserved 1056768K
[24.575s][debug  ][gc,heap        ] GC(90)   class space    used 83K, committed 192K, reserved 1048576K
[24.575s][debug  ][gc,task,time   ] GC(90) VM-Thread 245595978 245724559 245745652
[24.862s][debug  ][gc,heap        ] GC(91) Heap before GC invocations=92 (full 15):
[24.862s][debug  ][gc,heap        ] GC(91)  PSYoungGen      total 229376K, used 218808K [0x00000000f0000000, 0x0000000100000000, 0x0000000100000000)
[24.862s][debug  ][gc,heap        ] GC(91)   eden space 196608K, 95% used [0x00000000f0000000,0x00000000fb7ae180,0x00000000fc000000)
[24.862s][debug  ][gc,heap        ] GC(91)   from space 32768K, 93% used [0x00000000fc000000,0x00000000fde00030,0x00000000fe000000)
[24.862s][debug  ][gc,heap        ] GC(91)   to   space 32768K, 0% used [0x00000000fe000000,0x00000000fe000000,0x0000000100000000)
[24.862s][debug  ][gc,heap        ] GC(91)  ParOldGen       total 1835008K, used 861796K [0x0000000080000000, 0x00000000f0000000, 0x00000000f0000000)
[24.862s][debug  ][gc,heap        ] GC(91)   object space 1835008K, 46% used [0x0000000080000000,0x00000000b4999058,0x00000000f0000000)
[24.862s][debug  ][gc,heap        ] GC(91)  Metaspace       used 1021K, committed 1216K, reserved 1056768K
[24.862s][debug  ][gc,heap        ] GC(91)   class space    used 83K, committed 192K, reserved 1048576K
[24.862s][debug  ][gc,tlab        ] GC(91) TLAB totals: thrds: 1  refills: 1 max: 1 slow allocs: 17 max 17 waste: 26.9% gc: 3857464B max: 3857464B slow: 0B max: 0B
[24.862s][info   ][gc,start       ] GC(91) Pause Young (Allocation Failure)
[24.862s][debug  ][gc,phases,start] GC(91) Scavenge
[24.866s][debug  ][gc,phases      ] GC(91) Scavenge 3.772ms
[24.866s][debug  ][gc,phases,start] GC(91) Reference Processing
[24.866s][debug  ][gc,ref         ] GC(91) Skipped phase 1 of Reference Processing: no references
[24.866s][debug  ][gc,ref         ] GC(91) Skipped phase 2 of Reference Processing: no references
[24.866s][debug  ][gc,ref         ] GC(91) Skipped phase 3 of Reference Processing: no references
[24.866s][debug  ][gc,ref         ] GC(91) Skipped phase 4 of Reference Processing: no references
[24.866s][debug  ][gc,phases,ref  ] GC(91) Reference Processing: 0.1ms
[24.866s][debug  ][gc,phases,ref  ] GC(91)   Reconsider SoftReferences: 0.0ms
[24.866s][debug  ][gc,phases,ref  ] GC(91)     SoftRef (ms):                  skipped
[24.866s][debug  ][gc,phases,ref  ] GC(91)   Notify Soft/WeakReferences: 0.0ms
[24.866s][debug  ][gc,phases,ref  ] GC(91)     SoftRef (ms):                  skipped
[24.866s][debug  ][gc,phases,ref  ] GC(91)     WeakRef (ms):                  skipped
[24.866s][debug  ][gc,phases,ref  ] GC(91)     FinalRef (ms):                 skipped
[24.866s][debug  ][gc,phases,ref  ] GC(91)     Total (ms):                    skipped
[24.866s][debug  ][gc,phases,ref  ] GC(91)   Notify and keep alive finalizable: 0.0ms
[24.866s][debug  ][gc,phases,ref  ] GC(91)     FinalRef (ms):                 skipped
[24.866s][debug  ][gc,phases,ref  ] GC(91)   Notify PhantomReferences: 0.0ms
[24.867s][debug  ][gc,phases,ref  ] GC(91)     PhantomRef (ms):               skipped
[24.867s][debug  ][gc,phases,ref  ] GC(91)   SoftReference:
[24.867s][debug  ][gc,phases,ref  ] GC(91)     Discovered: 0
[24.867s][debug  ][gc,phases,ref  ] GC(91)     Cleared: 0
[24.867s][debug  ][gc,phases,ref  ] GC(91)   WeakReference:
[24.867s][debug  ][gc,phases,ref  ] GC(91)     Discovered: 0
[24.867s][debug  ][gc,phases,ref  ] GC(91)     Cleared: 0
[24.867s][debug  ][gc,phases,ref  ] GC(91)   FinalReference:
[24.867s][debug  ][gc,phases,ref  ] GC(91)     Discovered: 0
[24.867s][debug  ][gc,phases,ref  ] GC(91)     Cleared: 0
[24.867s][debug  ][gc,phases,ref  ] GC(91)   PhantomReference:
[24.867s][debug  ][gc,phases,ref  ] GC(91)     Discovered: 0
[24.867s][debug  ][gc,phases,ref  ] GC(91)     Cleared: 0
[24.867s][debug  ][gc,phases      ] GC(91) Reference Processing 0.692ms
[24.867s][debug  ][gc,phases,start] GC(91) Weak Processing
[24.867s][debug  ][gc,phases      ] GC(91)   VM Weak                        Min:  0.0, Avg:  0.0, Max:  0.0, Diff:  0.0, Sum:  0.0, Workers: 6
[24.867s][debug  ][gc,phases      ] GC(91)     Dead                           Min: 0, Avg:  0.0, Max: 0, Diff: 0, Sum: 0, Workers: 6
[24.867s][debug  ][gc,phases      ] GC(91)     Total                          Min: 0, Avg:  1.3, Max: 8, Diff: 8, Sum: 8, Workers: 6
[24.867s][debug  ][gc,phases      ] GC(91)   ObjectSynchronizer Weak        Min:  0.0, Avg:  0.0, Max:  0.0, Diff:  0.0, Sum:  0.0, Workers: 6
[24.867s][debug  ][gc,phases      ] GC(91)     Dead                           Min: 0, Avg:  0.0, Max: 0, Diff: 0, Sum: 0, Workers: 6
[24.867s][debug  ][gc,phases      ] GC(91)     Total                          Min: 0, Avg:  0.5, Max: 3, Diff: 3, Sum: 3, Workers: 6
[24.867s][debug  ][gc,phases      ] GC(91)   JVMTI Tag Weak OopStorage      Min:  0.0, Avg:  0.0, Max:  0.0, Diff:  0.0, Sum:  0.0, Workers: 6
[24.867s][debug  ][gc,phases      ] GC(91)     Dead                           Min: 0, Avg:  0.0, Max: 0, Diff: 0, Sum: 0, Workers: 6
[24.867s][debug  ][gc,phases      ] GC(91)     Total                          Min: 0, Avg:  0.0, Max: 0, Diff: 0, Sum: 0, Workers: 6
[24.867s][debug  ][gc,phases      ] GC(91)   StringTable Weak               Min:  0.0, Avg:  0.0, Max:  0.0, Diff:  0.0, Sum:  0.0, Workers: 6
[24.867s][debug  ][gc,phases      ] GC(91)     Dead                           Min: 0, Avg:  0.0, Max: 0, Diff: 0, Sum: 0, Workers: 6
[24.867s][debug  ][gc,phases      ] GC(91)     Total                          Min: 576, Avg: 891.8, Max: 1152, Diff: 576, Sum: 5351, Workers: 6
[24.867s][debug  ][gc,phases      ] GC(91)   ResolvedMethodTable Weak       Min:  0.0, Avg:  0.0, Max:  0.0, Diff:  0.0, Sum:  0.0, Workers: 6
[24.867s][debug  ][gc,phases      ] GC(91)     Dead                           Min: 0, Avg:  0.0, Max: 0, Diff: 0, Sum: 0, Workers: 6
[24.867s][debug  ][gc,phases      ] GC(91)     Total                          Min: 0, Avg: 21.7, Max: 64, Diff: 64, Sum: 130, Workers: 6
[24.867s][debug  ][gc,phases      ] GC(91)   JNI Weak                       Min:  0.0, Avg:  0.0, Max:  0.0, Diff:  0.0, Sum:  0.0, Workers: 6
[24.867s][debug  ][gc,phases      ] GC(91)     Dead                           Min: 0, Avg:  0.0, Max: 0, Diff: 0, Sum: 0, Workers: 6
[24.867s][debug  ][gc,phases      ] GC(91)     Total                          Min: 0, Avg:  0.0, Max: 0, Diff: 0, Sum: 0, Workers: 6
[24.867s][debug  ][gc,phases      ] GC(91)   StringDedup Table Weak         Min:  0.0, Avg:  0.0, Max:  0.0, Diff:  0.0, Sum:  0.0, Workers: 6
[24.867s][debug  ][gc,phases      ] GC(91)     Dead                           Min: 0, Avg:  0.0, Max: 0, Diff: 0, Sum: 0, Workers: 6
[24.868s][debug  ][gc,phases      ] GC(91)     Total                          Min: 0, Avg:  0.0, Max: 0, Diff: 0, Sum: 0, Workers: 6
[24.868s][debug  ][gc,phases      ] GC(91)   StringDedup Requests0 Weak     Min:  0.0, Avg:  0.0, Max:  0.0, Diff:  0.0, Sum:  0.0, Workers: 6
[24.868s][debug  ][gc,phases      ] GC(91)     Dead                           Min: 0, Avg:  0.0, Max: 0, Diff: 0, Sum: 0, Workers: 6
[24.868s][debug  ][gc,phases      ] GC(91)     Total                          Min: 0, Avg:  0.0, Max: 0, Diff: 0, Sum: 0, Workers: 6
[24.868s][debug  ][gc,phases      ] GC(91)   StringDedup Requests1 Weak     Min:  0.0, Avg:  0.0, Max:  0.0, Diff:  0.0, Sum:  0.0, Workers: 6
[24.868s][debug  ][gc,phases      ] GC(91)     Dead                           Min: 0, Avg:  0.0, Max: 0, Diff: 0, Sum: 0, Workers: 6
[24.868s][debug  ][gc,phases      ] GC(91)     Total                          Min: 0, Avg:  0.0, Max: 0, Diff: 0, Sum: 0, Workers: 6
[24.868s][debug  ][gc,phases      ] GC(91)   Weak JFR Old Object Samples    Min:  0.0, Avg:  0.0, Max:  0.0, Diff:  0.0, Sum:  0.0, Workers: 6
[24.868s][debug  ][gc,phases      ] GC(91)     Dead                           Min: 0, Avg:  0.0, Max: 0, Diff: 0, Sum: 0, Workers: 6
[24.868s][debug  ][gc,phases      ] GC(91)     Total                          Min: 0, Avg:  0.0, Max: 0, Diff: 0, Sum: 0, Workers: 6
[24.868s][debug  ][gc,phases      ] GC(91) Weak Processing 0.919ms
[24.868s][debug  ][gc,ergo        ] GC(91) AdaptiveSizeStart:  collection: 92 
[24.868s][debug  ][gc,ergo        ] GC(91) avg_survived_padded_avg: 33124600.000000
[24.868s][debug  ][gc,ergo        ] GC(91) avg_promoted_padded_avg: 262842304.000000  avg_pretenured_padded_avg: 0.000000  tenuring_thresh: 4  target_size: 33554432
[24.868s][debug  ][gc,age         ] GC(91) Desired survivor size 33554432 bytes, new threshold 4 (max threshold 15)
[24.868s][debug  ][gc,ergo        ] GC(91) PSAdaptiveSizePolicy::compute_eden_space_size limits: desired_eden_size: 219345441 old_eden_size: 201326592 eden_limit: 201326592 cur_eden: 201326592 max_eden_size: 201326592 avg_young_live: 26109356
[24.868s][debug  ][gc,ergo        ] GC(91) PSAdaptiveSizePolicy::compute_eden_space_size: costs minor_time: 0.039894 major_cost: 0.049487 mutator_cost: 0.910619 throughput_goal: 0.990000
[24.868s][debug  ][gc,ergo        ] GC(91) Live_space: 1014795904 free_space: 1376780288
[24.868s][debug  ][gc,ergo        ] GC(91) Old eden_size: 201326592 desired_eden_size: 201326592
[24.868s][debug  ][gc,ergo        ] GC(91) AdaptiveSizeStop: collection: 92 
[24.868s][info   ][gc,heap        ] GC(91) PSYoungGen: 218808K(229376K)->30720K(229376K) Eden: 188088K(196608K)->0K(196608K) From: 30720K(32768K)->30720K(32768K)
[24.868s][info   ][gc,heap        ] GC(91) ParOldGen: 861796K(1835008K)->882276K(1835008K)
[24.868s][info   ][gc,metaspace   ] GC(91) Metaspace: 1021K(1216K)->1021K(1216K) NonClass: 938K(1024K)->938K(1024K) Class: 83K(192K)->83K(192K)
[24.868s][info   ][gc             ] GC(91) Pause Young (Allocation Failure) 1055M->891M(2016M) 5.882ms
[24.868s][info   ][gc,cpu         ] GC(91) User=0.00s Sys=0.00s Real=0.01s
[24.868s][debug  ][gc,heap        ] GC(91) Heap after GC invocations=92 (full 15):
[24.868s][debug  ][gc,heap        ] GC(91)  PSYoungGen      total 229376K, used 30720K [0x00000000f0000000, 0x0000000100000000, 0x0000000100000000)
[24.868s][debug  ][gc,heap        ] GC(91)   eden space 196608K, 0% used [0x00000000f0000000,0x00000000f0000000,0x00000000fc000000)
[24.868s][debug  ][gc,heap        ] GC(91)   from space 32768K, 93% used [0x00000000fe000000,0x00000000ffe00030,0x0000000100000000)
[24.868s][debug  ][gc,heap        ] GC(91)   to   space 32768K, 0% used [0x00000000fc000000,0x00000000fc000000,0x00000000fe000000)
[24.868s][debug  ][gc,heap        ] GC(91)  ParOldGen       total 1835008K, used 882276K [0x0000000080000000, 0x00000000f0000000, 0x00000000f0000000)
[24.868s][debug  ][gc,heap        ] GC(91)   object space 1835008K, 48% used [0x0000000080000000,0x00000000b5d99078,0x00000000f0000000)
[24.868s][debug  ][gc,heap        ] GC(91)  Metaspace       used 1021K, committed 1216K, reserved 1056768K
[24.868s][debug  ][gc,heap        ] GC(91)   class space    used 83K, committed 192K, reserved 1048576K
[24.868s][debug  ][gc,task,time   ] GC(91) VM-Thread 248618950 248661099 248683876
[25.161s][debug  ][gc,heap        ] GC(92) Heap before GC invocations=93 (full 15):
[25.161s][debug  ][gc,heap        ] GC(92)  PSYoungGen      total 229376K, used 218838K [0x00000000f0000000, 0x0000000100000000, 0x0000000100000000)
[25.161s][debug  ][gc,heap        ] GC(92)   eden space 196608K, 95% used [0x00000000f0000000,0x00000000fb7b58e8,0x00000000fc000000)
[25.161s][debug  ][gc,heap        ] GC(92)   from space 32768K, 93% used [0x00000000fe000000,0x00000000ffe00030,0x0000000100000000)
[25.161s][debug  ][gc,heap        ] GC(92)   to   space 32768K, 0% used [0x00000000fc000000,0x00000000fc000000,0x00000000fe000000)
[25.161s][debug  ][gc,heap        ] GC(92)  ParOldGen       total 1835008K, used 882276K [0x0000000080000000, 0x00000000f0000000, 0x00000000f0000000)
[25.161s][debug  ][gc,heap        ] GC(92)   object space 1835008K, 48% used [0x0000000080000000,0x00000000b5d99078,0x00000000f0000000)
[25.161s][debug  ][gc,heap        ] GC(92)  Metaspace       used 1021K, committed 1216K, reserved 1056768K
[25.161s][debug  ][gc,heap        ] GC(92)   class space    used 83K, committed 192K, reserved 1048576K
[25.161s][debug  ][gc,tlab        ] GC(92) TLAB totals: thrds: 1  refills: 1 max: 1 slow allocs: 17 max 17 waste: 27.1% gc: 3889096B max: 3889096B slow: 0B max: 0B
[25.161s][info   ][gc,start       ] GC(92) Pause Young (Allocation Failure)
[25.161s][debug  ][gc,phases,start] GC(92) Scavenge
[25.175s][debug  ][gc,phases      ] GC(92) Scavenge 13.744ms
[25.175s][debug  ][gc,phases,start] GC(92) Reference Processing
[25.175s][debug  ][gc,ref         ] GC(92) Skipped phase 1 of Reference Processing: no references
[25.175s][debug  ][gc,ref         ] GC(92) Skipped phase 2 of Reference Processing: no references
[25.175s][debug  ][gc,ref         ] GC(92) Skipped phase 3 of Reference Processing: no references
[25.175s][debug  ][gc,ref         ] GC(92) Skipped phase 4 of Reference Processing: no references
[25.175s][debug  ][gc,phases,ref  ] GC(92) Reference Processing: 0.1ms
[25.175s][debug  ][gc,phases,ref  ] GC(92)   Reconsider SoftReferences: 0.0ms
[25.175s][debug  ][gc,phases,ref  ] GC(92)     SoftRef (ms):                  skipped
[25.175s][debug  ][gc,phases,ref  ] GC(92)   Notify Soft/WeakReferences: 0.0ms
[25.175s][debug  ][gc,phases,ref  ] GC(92)     SoftRef (ms):                  skipped
[25.175s][debug  ][gc,phases,ref  ] GC(92)     WeakRef (ms):                  skipped
[25.175s][debug  ][gc,phases,ref  ] GC(92)     FinalRef (ms):                 skipped
[25.175s][debug  ][gc,phases,ref  ] GC(92)     Total (ms):                    skipped
[25.175s][debug  ][gc,phases,ref  ] GC(92)   Notify and keep alive finalizable: 0.0ms
[25.175s][debug  ][gc,phases,ref  ] GC(92)     FinalRef (ms):                 skipped
[25.176s][debug  ][gc,phases,ref  ] GC(92)   Notify PhantomReferences: 0.0ms
[25.176s][debug  ][gc,phases,ref  ] GC(92)     PhantomRef (ms):               skipped
[25.176s][debug  ][gc,phases,ref  ] GC(92)   SoftReference:
[25.176s][debug  ][gc,phases,ref  ] GC(92)     Discovered: 0
[25.176s][debug  ][gc,phases,ref  ] GC(92)     Cleared: 0
[25.176s][debug  ][gc,phases,ref  ] GC(92)   WeakReference:
[25.176s][debug  ][gc,phases,ref  ] GC(92)     Discovered: 0
[25.176s][debug  ][gc,phases,ref  ] GC(92)     Cleared: 0
[25.176s][debug  ][gc,phases,ref  ] GC(92)   FinalReference:
[25.176s][debug  ][gc,phases,ref  ] GC(92)     Discovered: 0
[25.176s][debug  ][gc,phases,ref  ] GC(92)     Cleared: 0
[25.176s][debug  ][gc,phases,ref  ] GC(92)   PhantomReference:
[25.176s][debug  ][gc,phases,ref  ] GC(92)     Discovered: 0
[25.176s][debug  ][gc,phases,ref  ] GC(92)     Cleared: 0
[25.176s][debug  ][gc,phases      ] GC(92) Reference Processing 0.563ms
[25.176s][debug  ][gc,phases,start] GC(92) Weak Processing
[25.176s][debug  ][gc,phases      ] GC(92)   VM Weak                        Min:  0.0, Avg:  0.0, Max:  0.0, Diff:  0.0, Sum:  0.0, Workers: 6
[25.176s][debug  ][gc,phases      ] GC(92)     Dead                           Min: 0, Avg:  0.0, Max: 0, Diff: 0, Sum: 0, Workers: 6
[25.176s][debug  ][gc,phases      ] GC(92)     Total                          Min: 0, Avg:  1.3, Max: 8, Diff: 8, Sum: 8, Workers: 6
[25.176s][debug  ][gc,phases      ] GC(92)   ObjectSynchronizer Weak        Min:  0.0, Avg:  0.0, Max:  0.0, Diff:  0.0, Sum:  0.0, Workers: 6
[25.176s][debug  ][gc,phases      ] GC(92)     Dead                           Min: 0, Avg:  0.0, Max: 0, Diff: 0, Sum: 0, Workers: 6
[25.176s][debug  ][gc,phases      ] GC(92)     Total                          Min: 0, Avg:  0.5, Max: 3, Diff: 3, Sum: 3, Workers: 6
[25.176s][debug  ][gc,phases      ] GC(92)   JVMTI Tag Weak OopStorage      Min:  0.0, Avg:  0.0, Max:  0.0, Diff:  0.0, Sum:  0.0, Workers: 6
[25.176s][debug  ][gc,phases      ] GC(92)     Dead                           Min: 0, Avg:  0.0, Max: 0, Diff: 0, Sum: 0, Workers: 6
[25.176s][debug  ][gc,phases      ] GC(92)     Total                          Min: 0, Avg:  0.0, Max: 0, Diff: 0, Sum: 0, Workers: 6
[25.176s][debug  ][gc,phases      ] GC(92)   StringTable Weak               Min:  0.0, Avg:  0.0, Max:  0.0, Diff:  0.0, Sum:  0.0, Workers: 6
[25.176s][debug  ][gc,phases      ] GC(92)     Dead                           Min: 0, Avg:  0.0, Max: 0, Diff: 0, Sum: 0, Workers: 6
[25.176s][debug  ][gc,phases      ] GC(92)     Total                          Min: 512, Avg: 891.8, Max: 1216, Diff: 704, Sum: 5351, Workers: 6
[25.176s][debug  ][gc,phases      ] GC(92)   ResolvedMethodTable Weak       Min:  0.0, Avg:  0.0, Max:  0.0, Diff:  0.0, Sum:  0.0, Workers: 6
[25.176s][debug  ][gc,phases      ] GC(92)     Dead                           Min: 0, Avg:  0.0, Max: 0, Diff: 0, Sum: 0, Workers: 6
[25.176s][debug  ][gc,phases      ] GC(92)     Total                          Min: 0, Avg: 21.7, Max: 64, Diff: 64, Sum: 130, Workers: 6
[25.176s][debug  ][gc,phases      ] GC(92)   JNI Weak                       Min:  0.0, Avg:  0.0, Max:  0.0, Diff:  0.0, Sum:  0.0, Workers: 6
[25.176s][debug  ][gc,phases      ] GC(92)     Dead                           Min: 0, Avg:  0.0, Max: 0, Diff: 0, Sum: 0, Workers: 6
[25.176s][debug  ][gc,phases      ] GC(92)     Total                          Min: 0, Avg:  0.0, Max: 0, Diff: 0, Sum: 0, Workers: 6
[25.176s][debug  ][gc,phases      ] GC(92)   StringDedup Table Weak         Min:  0.0, Avg:  0.0, Max:  0.0, Diff:  0.0, Sum:  0.0, Workers: 6
[25.176s][debug  ][gc,phases      ] GC(92)     Dead                           Min: 0, Avg:  0.0, Max: 0, Diff: 0, Sum: 0, Workers: 6
[25.176s][debug  ][gc,phases      ] GC(92)     Total                          Min: 0, Avg:  0.0, Max: 0, Diff: 0, Sum: 0, Workers: 6
[25.176s][debug  ][gc,phases      ] GC(92)   StringDedup Requests0 Weak     Min:  0.0, Avg:  0.0, Max:  0.0, Diff:  0.0, Sum:  0.0, Workers: 6
[25.176s][debug  ][gc,phases      ] GC(92)     Dead                           Min: 0, Avg:  0.0, Max: 0, Diff: 0, Sum: 0, Workers: 6
[25.176s][debug  ][gc,phases      ] GC(92)     Total                          Min: 0, Avg:  0.0, Max: 0, Diff: 0, Sum: 0, Workers: 6
[25.176s][debug  ][gc,phases      ] GC(92)   StringDedup Requests1 Weak     Min:  0.0, Avg:  0.0, Max:  0.0, Diff:  0.0, Sum:  0.0, Workers: 6
[25.176s][debug  ][gc,phases      ] GC(92)     Dead                           Min: 0, Avg:  0.0, Max: 0, Diff: 0, Sum: 0, Workers: 6
[25.176s][debug  ][gc,phases      ] GC(92)     Total                          Min: 0, Avg:  0.0, Max: 0, Diff: 0, Sum: 0, Workers: 6
[25.176s][debug  ][gc,phases      ] GC(92)   Weak JFR Old Object Samples    Min:  0.0, Avg:  0.0, Max:  0.0, Diff:  0.0, Sum:  0.0, Workers: 6
[25.176s][debug  ][gc,phases      ] GC(92)     Dead                           Min: 0, Avg:  0.0, Max: 0, Diff: 0, Sum: 0, Workers: 6
[25.176s][debug  ][gc,phases      ] GC(92)     Total                          Min: 0, Avg:  0.0, Max: 0, Diff: 0, Sum: 0, Workers: 6
[25.176s][debug  ][gc,phases      ] GC(92) Weak Processing 0.688ms
[25.177s][debug  ][gc,ergo        ] GC(92) AdaptiveSizeStart:  collection: 93 
[25.177s][debug  ][gc,ergo        ] GC(92) avg_survived_padded_avg: 33002112.000000
[25.177s][debug  ][gc,ergo        ] GC(92) avg_promoted_padded_avg: 264873632.000000  avg_pretenured_padded_avg: 0.000000  tenuring_thresh: 5  target_size: 33030144
[25.177s][debug  ][gc,age         ] GC(92) Desired survivor size 33030144 bytes, new threshold 5 (max threshold 15)
[25.177s][debug  ][gc,ergo        ] GC(92) PSAdaptiveSizePolicy::compute_eden_space_size limits: desired_eden_size: 219897173 old_eden_size: 201326592 eden_limit: 201326592 cur_eden: 201326592 max_eden_size: 201326592 avg_young_live: 26644152
[25.177s][debug  ][gc,ergo        ] GC(92) PSAdaptiveSizePolicy::compute_eden_space_size: costs minor_time: 0.042156 major_cost: 0.049487 mutator_cost: 0.908357 throughput_goal: 0.990000
[25.177s][debug  ][gc,ergo        ] GC(92) Live_space: 1015330752 free_space: 1376780288
[25.177s][debug  ][gc,ergo        ] GC(92) Old eden_size: 201326592 desired_eden_size: 201326592
[25.177s][debug  ][gc,ergo        ] GC(92) AdaptiveSizeStop: collection: 93 
[25.177s][info   ][gc,heap        ] GC(92) PSYoungGen: 218838K(229376K)->30720K(229376K) Eden: 188118K(196608K)->0K(196608K) From: 30720K(32768K)->30720K(32768K)
[25.177s][info   ][gc,heap        ] GC(92) ParOldGen: 882276K(1835008K)->1066596K(1835008K)
[25.177s][info   ][gc,metaspace   ] GC(92) Metaspace: 1021K(1216K)->1021K(1216K) NonClass: 938K(1024K)->938K(1024K) Class: 83K(192K)->83K(192K)
[25.177s][info   ][gc             ] GC(92) Pause Young (Allocation Failure) 1075M->1071M(2016M) 15.440ms
[25.177s][info   ][gc,cpu         ] GC(92) User=0.08s Sys=0.00s Real=0.02s
[25.177s][debug  ][gc,heap        ] GC(92) Heap after GC invocations=93 (full 15):
[25.177s][debug  ][gc,heap        ] GC(92)  PSYoungGen      total 229376K, used 30720K [0x00000000f0000000, 0x0000000100000000, 0x0000000100000000)
[25.177s][debug  ][gc,heap        ] GC(92)   eden space 196608K, 0% used [0x00000000f0000000,0x00000000f0000000,0x00000000fc000000)
[25.177s][debug  ][gc,heap        ] GC(92)   from space 32768K, 93% used [0x00000000fc000000,0x00000000fde00030,0x00000000fe000000)
[25.177s][debug  ][gc,heap        ] GC(92)   to   space 32256K, 0% used [0x00000000fe080000,0x00000000fe080000,0x0000000100000000)
[25.177s][debug  ][gc,heap        ] GC(92)  ParOldGen       total 1835008K, used 1066596K [0x0000000080000000, 0x00000000f0000000, 0x00000000f0000000)
[25.177s][debug  ][gc,heap        ] GC(92)   object space 1835008K, 58% used [0x0000000080000000,0x00000000c1199198,0x00000000f0000000)
[25.177s][debug  ][gc,heap        ] GC(92)  Metaspace       used 1021K, committed 1216K, reserved 1056768K
[25.177s][debug  ][gc,heap        ] GC(92)   class space    used 83K, committed 192K, reserved 1048576K
[25.177s][debug  ][gc,task,time   ] GC(92) VM-Thread 251609861 251752056 251770220
[25.462s][debug  ][gc,heap        ] GC(93) Heap before GC invocations=94 (full 15):
[25.462s][debug  ][gc,heap        ] GC(93)  PSYoungGen      total 229376K, used 218857K [0x00000000f0000000, 0x0000000100000000, 0x0000000100000000)
[25.462s][debug  ][gc,heap        ] GC(93)   eden space 196608K, 95% used [0x00000000f0000000,0x00000000fb7ba5b0,0x00000000fc000000)
[25.462s][debug  ][gc,heap        ] GC(93)   from space 32768K, 93% used [0x00000000fc000000,0x00000000fde00030,0x00000000fe000000)
[25.462s][debug  ][gc,heap        ] GC(93)   to   space 32256K, 0% used [0x00000000fe080000,0x00000000fe080000,0x0000000100000000)
[25.462s][debug  ][gc,heap        ] GC(93)  ParOldGen       total 1835008K, used 1066596K [0x0000000080000000, 0x00000000f0000000, 0x00000000f0000000)
[25.462s][debug  ][gc,heap        ] GC(93)   object space 1835008K, 58% used [0x0000000080000000,0x00000000c1199198,0x00000000f0000000)
[25.462s][debug  ][gc,heap        ] GC(93)  Metaspace       used 1021K, committed 1216K, reserved 1056768K
[25.462s][debug  ][gc,heap        ] GC(93)   class space    used 83K, committed 192K, reserved 1048576K
[25.462s][debug  ][gc,tlab        ] GC(93) TLAB totals: thrds: 1  refills: 1 max: 1 slow allocs: 17 max 17 waste: 27.2% gc: 3908752B max: 3908752B slow: 0B max: 0B
[25.462s][info   ][gc,start       ] GC(93) Pause Young (Allocation Failure)
[25.463s][debug  ][gc,phases,start] GC(93) Scavenge
[25.477s][debug  ][gc,phases      ] GC(93) Scavenge 14.418ms
[25.477s][debug  ][gc,phases,start] GC(93) Reference Processing
[25.477s][debug  ][gc,ref         ] GC(93) Skipped phase 1 of Reference Processing: no references
[25.477s][debug  ][gc,ref         ] GC(93) Skipped phase 2 of Reference Processing: no references
[25.477s][debug  ][gc,ref         ] GC(93) Skipped phase 3 of Reference Processing: no references
[25.477s][debug  ][gc,ref         ] GC(93) Skipped phase 4 of Reference Processing: no references
[25.477s][debug  ][gc,phases,ref  ] GC(93) Reference Processing: 0.1ms
[25.477s][debug  ][gc,phases,ref  ] GC(93)   Reconsider SoftReferences: 0.0ms
[25.477s][debug  ][gc,phases,ref  ] GC(93)     SoftRef (ms):                  skipped
[25.477s][debug  ][gc,phases,ref  ] GC(93)   Notify Soft/WeakReferences: 0.0ms
[25.477s][debug  ][gc,phases,ref  ] GC(93)     SoftRef (ms):                  skipped
[25.477s][debug  ][gc,phases,ref  ] GC(93)     WeakRef (ms):                  skipped
[25.477s][debug  ][gc,phases,ref  ] GC(93)     FinalRef (ms):                 skipped
[25.477s][debug  ][gc,phases,ref  ] GC(93)     Total (ms):                    skipped
[25.477s][debug  ][gc,phases,ref  ] GC(93)   Notify and keep alive finalizable: 0.0ms
[25.477s][debug  ][gc,phases,ref  ] GC(93)     FinalRef (ms):                 skipped
[25.477s][debug  ][gc,phases,ref  ] GC(93)   Notify PhantomReferences: 0.0ms
[25.477s][debug  ][gc,phases,ref  ] GC(93)     PhantomRef (ms):               skipped
[25.477s][debug  ][gc,phases,ref  ] GC(93)   SoftReference:
[25.477s][debug  ][gc,phases,ref  ] GC(93)     Discovered: 0
[25.477s][debug  ][gc,phases,ref  ] GC(93)     Cleared: 0
[25.477s][debug  ][gc,phases,ref  ] GC(93)   WeakReference:
[25.477s][debug  ][gc,phases,ref  ] GC(93)     Discovered: 0
[25.477s][debug  ][gc,phases,ref  ] GC(93)     Cleared: 0
[25.477s][debug  ][gc,phases,ref  ] GC(93)   FinalReference:
[25.478s][debug  ][gc,phases,ref  ] GC(93)     Discovered: 0
[25.478s][debug  ][gc,phases,ref  ] GC(93)     Cleared: 0
[25.478s][debug  ][gc,phases,ref  ] GC(93)   PhantomReference:
[25.478s][debug  ][gc,phases,ref  ] GC(93)     Discovered: 0
[25.478s][debug  ][gc,phases,ref  ] GC(93)     Cleared: 0
[25.478s][debug  ][gc,phases      ] GC(93) Reference Processing 0.583ms
[25.478s][debug  ][gc,phases,start] GC(93) Weak Processing
[25.478s][debug  ][gc,phases      ] GC(93)   VM Weak                        Min:  0.0, Avg:  0.0, Max:  0.0, Diff:  0.0, Sum:  0.0, Workers: 6
[25.478s][debug  ][gc,phases      ] GC(93)     Dead                           Min: 0, Avg:  0.0, Max: 0, Diff: 0, Sum: 0, Workers: 6
[25.478s][debug  ][gc,phases      ] GC(93)     Total                          Min: 0, Avg:  1.3, Max: 8, Diff: 8, Sum: 8, Workers: 6
[25.478s][debug  ][gc,phases      ] GC(93)   ObjectSynchronizer Weak        Min:  0.0, Avg:  0.0, Max:  0.0, Diff:  0.0, Sum:  0.0, Workers: 6
[25.478s][debug  ][gc,phases      ] GC(93)     Dead                           Min: 0, Avg:  0.0, Max: 0, Diff: 0, Sum: 0, Workers: 6
[25.478s][debug  ][gc,phases      ] GC(93)     Total                          Min: 0, Avg:  0.5, Max: 3, Diff: 3, Sum: 3, Workers: 6
[25.478s][debug  ][gc,phases      ] GC(93)   JVMTI Tag Weak OopStorage      Min:  0.0, Avg:  0.0, Max:  0.0, Diff:  0.0, Sum:  0.0, Workers: 6
[25.478s][debug  ][gc,phases      ] GC(93)     Dead                           Min: 0, Avg:  0.0, Max: 0, Diff: 0, Sum: 0, Workers: 6
[25.478s][debug  ][gc,phases      ] GC(93)     Total                          Min: 0, Avg:  0.0, Max: 0, Diff: 0, Sum: 0, Workers: 6
[25.478s][debug  ][gc,phases      ] GC(93)   StringTable Weak               Min:  0.0, Avg:  0.0, Max:  0.0, Diff:  0.0, Sum:  0.0, Workers: 6
[25.478s][debug  ][gc,phases      ] GC(93)     Dead                           Min: 0, Avg:  0.0, Max: 0, Diff: 0, Sum: 0, Workers: 6
[25.478s][debug  ][gc,phases      ] GC(93)     Total                          Min: 832, Avg: 891.8, Max: 960, Diff: 128, Sum: 5351, Workers: 6
[25.478s][debug  ][gc,phases      ] GC(93)   ResolvedMethodTable Weak       Min:  0.0, Avg:  0.0, Max:  0.0, Diff:  0.0, Sum:  0.0, Workers: 6
[25.478s][debug  ][gc,phases      ] GC(93)     Dead                           Min: 0, Avg:  0.0, Max: 0, Diff: 0, Sum: 0, Workers: 6
[25.478s][debug  ][gc,phases      ] GC(93)     Total                          Min: 0, Avg: 21.7, Max: 64, Diff: 64, Sum: 130, Workers: 6
[25.478s][debug  ][gc,phases      ] GC(93)   JNI Weak                       Min:  0.0, Avg:  0.0, Max:  0.0, Diff:  0.0, Sum:  0.0, Workers: 6
[25.478s][debug  ][gc,phases      ] GC(93)     Dead                           Min: 0, Avg:  0.0, Max: 0, Diff: 0, Sum: 0, Workers: 6
[25.478s][debug  ][gc,phases      ] GC(93)     Total                          Min: 0, Avg:  0.0, Max: 0, Diff: 0, Sum: 0, Workers: 6
[25.478s][debug  ][gc,phases      ] GC(93)   StringDedup Table Weak         Min:  0.0, Avg:  0.0, Max:  0.0, Diff:  0.0, Sum:  0.0, Workers: 6
[25.478s][debug  ][gc,phases      ] GC(93)     Dead                           Min: 0, Avg:  0.0, Max: 0, Diff: 0, Sum: 0, Workers: 6
[25.478s][debug  ][gc,phases      ] GC(93)     Total                          Min: 0, Avg:  0.0, Max: 0, Diff: 0, Sum: 0, Workers: 6
[25.478s][debug  ][gc,phases      ] GC(93)   StringDedup Requests0 Weak     Min:  0.0, Avg:  0.0, Max:  0.0, Diff:  0.0, Sum:  0.0, Workers: 6
[25.478s][debug  ][gc,phases      ] GC(93)     Dead                           Min: 0, Avg:  0.0, Max: 0, Diff: 0, Sum: 0, Workers: 6
[25.478s][debug  ][gc,phases      ] GC(93)     Total                          Min: 0, Avg:  0.0, Max: 0, Diff: 0, Sum: 0, Workers: 6
[25.478s][debug  ][gc,phases      ] GC(93)   StringDedup Requests1 Weak     Min:  0.0, Avg:  0.0, Max:  0.0, Diff:  0.0, Sum:  0.0, Workers: 6
[25.478s][debug  ][gc,phases      ] GC(93)     Dead                           Min: 0, Avg:  0.0, Max: 0, Diff: 0, Sum: 0, Workers: 6
[25.478s][debug  ][gc,phases      ] GC(93)     Total                          Min: 0, Avg:  0.0, Max: 0, Diff: 0, Sum: 0, Workers: 6
[25.478s][debug  ][gc,phases      ] GC(93)   Weak JFR Old Object Samples    Min:  0.0, Avg:  0.0, Max:  0.0, Diff:  0.0, Sum:  0.0, Workers: 6
[25.478s][debug  ][gc,phases      ] GC(93)     Dead                           Min: 0, Avg:  0.0, Max: 0, Diff: 0, Sum: 0, Workers: 6
[25.478s][debug  ][gc,phases      ] GC(93)     Total                          Min: 0, Avg:  0.0, Max: 0, Diff: 0, Sum: 0, Workers: 6
[25.478s][debug  ][gc,phases      ] GC(93) Weak Processing 0.830ms
[25.478s][debug  ][gc,ergo        ] GC(93) AdaptiveSizeStart:  collection: 94 
[25.479s][debug  ][gc,ergo        ] GC(93) avg_survived_padded_avg: 32887450.000000
[25.479s][debug  ][gc,ergo        ] GC(93) avg_promoted_padded_avg: 265757696.000000  avg_pretenured_padded_avg: 0.000000  tenuring_thresh: 6  target_size: 33030144
[25.479s][debug  ][gc,age         ] GC(93) Desired survivor size 33030144 bytes, new threshold 6 (max threshold 15)
[25.479s][debug  ][gc,ergo        ] GC(93) PSAdaptiveSizePolicy::compute_eden_space_size limits: desired_eden_size: 220514393 old_eden_size: 201326592 eden_limit: 201850880 cur_eden: 201326592 max_eden_size: 201850880 avg_young_live: 27125470
[25.479s][debug  ][gc,ergo        ] GC(93) PSAdaptiveSizePolicy::compute_eden_space_size: costs minor_time: 0.044827 major_cost: 0.049487 mutator_cost: 0.905687 throughput_goal: 0.990000
[25.479s][debug  ][gc,ergo        ] GC(93) Live_space: 1015812096 free_space: 1376780288
[25.479s][debug  ][gc,ergo        ] GC(93) Old eden_size: 201326592 desired_eden_size: 201850880
[25.479s][debug  ][gc,ergo        ] GC(93) AdaptiveSizeStop: collection: 94 
[25.479s][info   ][gc,heap        ] GC(93) PSYoungGen: 218857K(229376K)->30720K(229888K) Eden: 188137K(196608K)->0K(197632K) From: 30720K(32768K)->30720K(32256K)
[25.479s][info   ][gc,heap        ] GC(93) ParOldGen: 1066596K(1835008K)->1250916K(1835008K)
[25.479s][info   ][gc,metaspace   ] GC(93) Metaspace: 1021K(1216K)->1021K(1216K) NonClass: 938K(1024K)->938K(1024K) Class: 83K(192K)->83K(192K)
[25.479s][info   ][gc             ] GC(93) Pause Young (Allocation Failure) 1255M->1251M(2016M) 16.433ms
[25.479s][info   ][gc,cpu         ] GC(93) User=0.09s Sys=0.00s Real=0.02s
[25.479s][debug  ][gc,heap        ] GC(93) Heap after GC invocations=94 (full 15):
[25.479s][debug  ][gc,heap        ] GC(93)  PSYoungGen      total 229888K, used 30720K [0x00000000f0000000, 0x0000000100000000, 0x0000000100000000)
[25.479s][debug  ][gc,heap        ] GC(93)   eden space 197632K, 0% used [0x00000000f0000000,0x00000000f0000000,0x00000000fc100000)
[25.479s][debug  ][gc,heap        ] GC(93)   from space 32256K, 95% used [0x00000000fe080000,0x00000000ffe80030,0x0000000100000000)
[25.479s][debug  ][gc,heap        ] GC(93)   to   space 32256K, 0% used [0x00000000fc100000,0x00000000fc100000,0x00000000fe080000)
[25.479s][debug  ][gc,heap        ] GC(93)  ParOldGen       total 1835008K, used 1250916K [0x0000000080000000, 0x00000000f0000000, 0x00000000f0000000)
[25.479s][debug  ][gc,heap        ] GC(93)   object space 1835008K, 68% used [0x0000000080000000,0x00000000cc5992b8,0x00000000f0000000)
[25.479s][debug  ][gc,heap        ] GC(93)  Metaspace       used 1021K, committed 1216K, reserved 1056768K
[25.479s][debug  ][gc,heap        ] GC(93)   class space    used 83K, committed 192K, reserved 1048576K
[25.479s][debug  ][gc,task,time   ] GC(93) VM-Thread 254620960 254770300 254791575
[25.763s][debug  ][gc,heap        ] GC(94) Heap before GC invocations=95 (full 15):
[25.763s][debug  ][gc,heap        ] GC(94)  PSYoungGen      total 229888K, used 218889K [0x00000000f0000000, 0x0000000100000000, 0x0000000100000000)
[25.763s][debug  ][gc,heap        ] GC(94)   eden space 197632K, 95% used [0x00000000f0000000,0x00000000fb7c26c8,0x00000000fc100000)
[25.763s][debug  ][gc,heap        ] GC(94)   from space 32256K, 95% used [0x00000000fe080000,0x00000000ffe80030,0x0000000100000000)
[25.763s][debug  ][gc,heap        ] GC(94)   to   space 32256K, 0% used [0x00000000fc100000,0x00000000fc100000,0x00000000fe080000)
[25.763s][debug  ][gc,heap        ] GC(94)  ParOldGen       total 1835008K, used 1250916K [0x0000000080000000, 0x00000000f0000000, 0x00000000f0000000)
[25.764s][debug  ][gc,heap        ] GC(94)   object space 1835008K, 68% used [0x0000000080000000,0x00000000cc5992b8,0x00000000f0000000)
[25.764s][debug  ][gc,heap        ] GC(94)  Metaspace       used 1021K, committed 1216K, reserved 1056768K
[25.764s][debug  ][gc,heap        ] GC(94)   class space    used 83K, committed 192K, reserved 1048576K
[25.764s][debug  ][gc,tlab        ] GC(94) TLAB totals: thrds: 1  refills: 1 max: 1 slow allocs: 17 max 17 waste: 27.3% gc: 3941800B max: 3941800B slow: 0B max: 0B
[25.764s][info   ][gc,start       ] GC(94) Pause Young (Allocation Failure)
[25.764s][debug  ][gc,phases,start] GC(94) Scavenge
[25.778s][debug  ][gc,phases      ] GC(94) Scavenge 14.075ms
[25.778s][debug  ][gc,phases,start] GC(94) Reference Processing
[25.778s][debug  ][gc,ref         ] GC(94) Skipped phase 1 of Reference Processing: no references
[25.778s][debug  ][gc,ref         ] GC(94) Skipped phase 2 of Reference Processing: no references
[25.778s][debug  ][gc,ref         ] GC(94) Skipped phase 3 of Reference Processing: no references
[25.778s][debug  ][gc,ref         ] GC(94) Skipped phase 4 of Reference Processing: no references
[25.778s][debug  ][gc,phases,ref  ] GC(94) Reference Processing: 0.1ms
[25.778s][debug  ][gc,phases,ref  ] GC(94)   Reconsider SoftReferences: 0.0ms
[25.778s][debug  ][gc,phases,ref  ] GC(94)     SoftRef (ms):                  skipped
[25.778s][debug  ][gc,phases,ref  ] GC(94)   Notify Soft/WeakReferences: 0.0ms
[25.778s][debug  ][gc,phases,ref  ] GC(94)     SoftRef (ms):                  skipped
[25.778s][debug  ][gc,phases,ref  ] GC(94)     WeakRef (ms):                  skipped
[25.778s][debug  ][gc,phases,ref  ] GC(94)     FinalRef (ms):                 skipped
[25.778s][debug  ][gc,phases,ref  ] GC(94)     Total (ms):                    skipped
[25.778s][debug  ][gc,phases,ref  ] GC(94)   Notify and keep alive finalizable: 0.0ms
[25.778s][debug  ][gc,phases,ref  ] GC(94)     FinalRef (ms):                 skipped
[25.778s][debug  ][gc,phases,ref  ] GC(94)   Notify PhantomReferences: 0.0ms
[25.778s][debug  ][gc,phases,ref  ] GC(94)     PhantomRef (ms):               skipped
[25.778s][debug  ][gc,phases,ref  ] GC(94)   SoftReference:
[25.778s][debug  ][gc,phases,ref  ] GC(94)     Discovered: 0
[25.778s][debug  ][gc,phases,ref  ] GC(94)     Cleared: 0
[25.778s][debug  ][gc,phases,ref  ] GC(94)   WeakReference:
[25.778s][debug  ][gc,phases,ref  ] GC(94)     Discovered: 0
[25.778s][debug  ][gc,phases,ref  ] GC(94)     Cleared: 0
[25.778s][debug  ][gc,phases,ref  ] GC(94)   FinalReference:
[25.778s][debug  ][gc,phases,ref  ] GC(94)     Discovered: 0
[25.778s][debug  ][gc,phases,ref  ] GC(94)     Cleared: 0
[25.778s][debug  ][gc,phases,ref  ] GC(94)   PhantomReference:
[25.778s][debug  ][gc,phases,ref  ] GC(94)     Discovered: 0
[25.778s][debug  ][gc,phases,ref  ] GC(94)     Cleared: 0
[25.778s][debug  ][gc,phases      ] GC(94) Reference Processing 0.631ms
[25.779s][debug  ][gc,phases,start] GC(94) Weak Processing
[25.779s][debug  ][gc,phases      ] GC(94)   VM Weak                        Min:  0.0, Avg:  0.0, Max:  0.0, Diff:  0.0, Sum:  0.0, Workers: 6
[25.779s][debug  ][gc,phases      ] GC(94)     Dead                           Min: 0, Avg:  0.0, Max: 0, Diff: 0, Sum: 0, Workers: 6
[25.779s][debug  ][gc,phases      ] GC(94)     Total                          Min: 0, Avg:  1.3, Max: 8, Diff: 8, Sum: 8, Workers: 6
[25.779s][debug  ][gc,phases      ] GC(94)   ObjectSynchronizer Weak        Min:  0.0, Avg:  0.0, Max:  0.0, Diff:  0.0, Sum:  0.0, Workers: 6
[25.779s][debug  ][gc,phases      ] GC(94)     Dead                           Min: 0, Avg:  0.0, Max: 0, Diff: 0, Sum: 0, Workers: 6
[25.779s][debug  ][gc,phases      ] GC(94)     Total                          Min: 0, Avg:  0.5, Max: 3, Diff: 3, Sum: 3, Workers: 6
[25.779s][debug  ][gc,phases      ] GC(94)   JVMTI Tag Weak OopStorage      Min:  0.0, Avg:  0.0, Max:  0.0, Diff:  0.0, Sum:  0.0, Workers: 6
[25.779s][debug  ][gc,phases      ] GC(94)     Dead                           Min: 0, Avg:  0.0, Max: 0, Diff: 0, Sum: 0, Workers: 6
[25.779s][debug  ][gc,phases      ] GC(94)     Total                          Min: 0, Avg:  0.0, Max: 0, Diff: 0, Sum: 0, Workers: 6
[25.779s][debug  ][gc,phases      ] GC(94)   StringTable Weak               Min:  0.0, Avg:  0.0, Max:  0.0, Diff:  0.0, Sum:  0.1, Workers: 6
[25.779s][debug  ][gc,phases      ] GC(94)     Dead                           Min: 0, Avg:  0.0, Max: 0, Diff: 0, Sum: 0, Workers: 6
[25.779s][debug  ][gc,phases      ] GC(94)     Total                          Min: 704, Avg: 891.8, Max: 1280, Diff: 576, Sum: 5351, Workers: 6
[25.779s][debug  ][gc,phases      ] GC(94)   ResolvedMethodTable Weak       Min:  0.0, Avg:  0.0, Max:  0.0, Diff:  0.0, Sum:  0.0, Workers: 6
[25.779s][debug  ][gc,phases      ] GC(94)     Dead                           Min: 0, Avg:  0.0, Max: 0, Diff: 0, Sum: 0, Workers: 6
[25.779s][debug  ][gc,phases      ] GC(94)     Total                          Min: 0, Avg: 21.7, Max: 64, Diff: 64, Sum: 130, Workers: 6
[25.779s][debug  ][gc,phases      ] GC(94)   JNI Weak                       Min:  0.0, Avg:  0.0, Max:  0.0, Diff:  0.0, Sum:  0.0, Workers: 6
[25.779s][debug  ][gc,phases      ] GC(94)     Dead                           Min: 0, Avg:  0.0, Max: 0, Diff: 0, Sum: 0, Workers: 6
[25.779s][debug  ][gc,phases      ] GC(94)     Total                          Min: 0, Avg:  0.0, Max: 0, Diff: 0, Sum: 0, Workers: 6
[25.779s][debug  ][gc,phases      ] GC(94)   StringDedup Table Weak         Min:  0.0, Avg:  0.0, Max:  0.0, Diff:  0.0, Sum:  0.0, Workers: 6
[25.779s][debug  ][gc,phases      ] GC(94)     Dead                           Min: 0, Avg:  0.0, Max: 0, Diff: 0, Sum: 0, Workers: 6
[25.779s][debug  ][gc,phases      ] GC(94)     Total                          Min: 0, Avg:  0.0, Max: 0, Diff: 0, Sum: 0, Workers: 6
[25.779s][debug  ][gc,phases      ] GC(94)   StringDedup Requests0 Weak     Min:  0.0, Avg:  0.0, Max:  0.0, Diff:  0.0, Sum:  0.0, Workers: 6
[25.779s][debug  ][gc,phases      ] GC(94)     Dead                           Min: 0, Avg:  0.0, Max: 0, Diff: 0, Sum: 0, Workers: 6
[25.779s][debug  ][gc,phases      ] GC(94)     Total                          Min: 0, Avg:  0.0, Max: 0, Diff: 0, Sum: 0, Workers: 6
[25.779s][debug  ][gc,phases      ] GC(94)   StringDedup Requests1 Weak     Min:  0.0, Avg:  0.0, Max:  0.0, Diff:  0.0, Sum:  0.0, Workers: 6
[25.779s][debug  ][gc,phases      ] GC(94)     Dead                           Min: 0, Avg:  0.0, Max: 0, Diff: 0, Sum: 0, Workers: 6
[25.779s][debug  ][gc,phases      ] GC(94)     Total                          Min: 0, Avg:  0.0, Max: 0, Diff: 0, Sum: 0, Workers: 6
[25.779s][debug  ][gc,phases      ] GC(94)   Weak JFR Old Object Samples    Min:  0.0, Avg:  0.0, Max:  0.0, Diff:  0.0, Sum:  0.0, Workers: 6
[25.779s][debug  ][gc,phases      ] GC(94)     Dead                           Min: 0, Avg:  0.0, Max: 0, Diff: 0, Sum: 0, Workers: 6
[25.779s][debug  ][gc,phases      ] GC(94)     Total                          Min: 0, Avg:  0.0, Max: 0, Diff: 0, Sum: 0, Workers: 6
[25.779s][debug  ][gc,phases      ] GC(94) Weak Processing 0.725ms
[25.779s][debug  ][gc,ergo        ] GC(94) AdaptiveSizeStart:  collection: 95 
[25.779s][debug  ][gc,ergo        ] GC(94) avg_survived_padded_avg: 32780272.000000
[25.779s][debug  ][gc,ergo        ] GC(94) avg_promoted_padded_avg: 265703648.000000  avg_pretenured_padded_avg: 0.000000  tenuring_thresh: 6  target_size: 33030144
[25.779s][debug  ][gc,age         ] GC(94) Desired survivor size 33030144 bytes, new threshold 6 (max threshold 15)
[25.779s][debug  ][gc,ergo        ] GC(94) PSAdaptiveSizePolicy::compute_eden_space_size limits: desired_eden_size: 222194557 old_eden_size: 201850880 eden_limit: 202375168 cur_eden: 202375168 max_eden_size: 202375168 avg_young_live: 27558654
[25.779s][debug  ][gc,ergo        ] GC(94) PSAdaptiveSizePolicy::compute_eden_space_size: costs minor_time: 0.046538 major_cost: 0.049487 mutator_cost: 0.903975 throughput_goal: 0.990000
[25.779s][debug  ][gc,ergo        ] GC(94) Live_space: 1016245248 free_space: 1377304576
[25.779s][debug  ][gc,ergo        ] GC(94) Old eden_size: 201850880 desired_eden_size: 202375168
[25.779s][debug  ][gc,ergo        ] GC(94) AdaptiveSizeStop: collection: 95 
[25.779s][info   ][gc,heap        ] GC(94) PSYoungGen: 218889K(229888K)->30720K(229888K) Eden: 188169K(197632K)->0K(197632K) From: 30720K(32256K)->30720K(32256K)
[25.779s][info   ][gc,heap        ] GC(94) ParOldGen: 1250916K(1835008K)->1435236K(1835008K)
[25.779s][info   ][gc,metaspace   ] GC(94) Metaspace: 1021K(1216K)->1021K(1216K) NonClass: 938K(1024K)->938K(1024K) Class: 83K(192K)->83K(192K)
[25.780s][info   ][gc             ] GC(94) Pause Young (Allocation Failure) 1435M->1431M(2016M) 15.850ms
[25.780s][info   ][gc,cpu         ] GC(94) User=0.09s Sys=0.00s Real=0.02s
[25.780s][debug  ][gc,heap        ] GC(94) Heap after GC invocations=95 (full 15):
[25.780s][debug  ][gc,heap        ] GC(94)  PSYoungGen      total 229888K, used 30720K [0x00000000f0000000, 0x0000000100000000, 0x0000000100000000)
[25.780s][debug  ][gc,heap        ] GC(94)   eden space 197632K, 0% used [0x00000000f0000000,0x00000000f0000000,0x00000000fc100000)
[25.780s][debug  ][gc,heap        ] GC(94)   from space 32256K, 95% used [0x00000000fc100000,0x00000000fdf00030,0x00000000fe080000)
[25.780s][debug  ][gc,heap        ] GC(94)   to   space 32256K, 0% used [0x00000000fe080000,0x00000000fe080000,0x0000000100000000)
[25.780s][debug  ][gc,heap        ] GC(94)  ParOldGen       total 1835008K, used 1435236K [0x0000000080000000, 0x00000000f0000000, 0x00000000f0000000)
[25.780s][debug  ][gc,heap        ] GC(94)   object space 1835008K, 78% used [0x0000000080000000,0x00000000d79993d8,0x00000000f0000000)
[25.780s][debug  ][gc,heap        ] GC(94)  Metaspace       used 1021K, committed 1216K, reserved 1056768K
[25.780s][debug  ][gc,heap        ] GC(94)   class space    used 83K, committed 192K, reserved 1048576K
[25.780s][debug  ][gc,task,time   ] GC(94) VM-Thread 257632858 257778626 257797911
[26.064s][debug  ][gc,heap        ] GC(95) Heap before GC invocations=96 (full 15):
[26.065s][debug  ][gc,heap        ] GC(95)  PSYoungGen      total 229888K, used 218897K [0x00000000f0000000, 0x0000000100000000, 0x0000000100000000)
[26.065s][debug  ][gc,heap        ] GC(95)   eden space 197632K, 95% used [0x00000000f0000000,0x00000000fb7c4618,0x00000000fc100000)
[26.065s][debug  ][gc,heap        ] GC(95)   from space 32256K, 95% used [0x00000000fc100000,0x00000000fdf00030,0x00000000fe080000)
[26.065s][debug  ][gc,heap        ] GC(95)   to   space 32256K, 0% used [0x00000000fe080000,0x00000000fe080000,0x0000000100000000)
[26.065s][debug  ][gc,heap        ] GC(95)  ParOldGen       total 1835008K, used 1435236K [0x0000000080000000, 0x00000000f0000000, 0x00000000f0000000)
[26.065s][debug  ][gc,heap        ] GC(95)   object space 1835008K, 78% used [0x0000000080000000,0x00000000d79993d8,0x00000000f0000000)
[26.065s][debug  ][gc,heap        ] GC(95)  Metaspace       used 1021K, committed 1216K, reserved 1056768K
[26.065s][debug  ][gc,heap        ] GC(95)   class space    used 83K, committed 192K, reserved 1048576K
[26.065s][debug  ][gc,tlab        ] GC(95) TLAB totals: thrds: 1  refills: 1 max: 1 slow allocs: 17 max 17 waste: 27.4% gc: 3949816B max: 3949816B slow: 0B max: 0B
[26.065s][info   ][gc,start       ] GC(95) Pause Young (Allocation Failure)
[26.065s][debug  ][gc,phases,start] GC(95) Scavenge
[26.080s][debug  ][gc,phases      ] GC(95) Scavenge 14.634ms
[26.080s][debug  ][gc,phases,start] GC(95) Reference Processing
[26.080s][debug  ][gc,ref         ] GC(95) Skipped phase 1 of Reference Processing: no references
[26.080s][debug  ][gc,ref         ] GC(95) Skipped phase 2 of Reference Processing: no references
[26.080s][debug  ][gc,ref         ] GC(95) Skipped phase 3 of Reference Processing: no references
[26.080s][debug  ][gc,ref         ] GC(95) Skipped phase 4 of Reference Processing: no references
[26.080s][debug  ][gc,phases,ref  ] GC(95) Reference Processing: 0.1ms
[26.080s][debug  ][gc,phases,ref  ] GC(95)   Reconsider SoftReferences: 0.0ms
[26.080s][debug  ][gc,phases,ref  ] GC(95)     SoftRef (ms):                  skipped
[26.080s][debug  ][gc,phases,ref  ] GC(95)   Notify Soft/WeakReferences: 0.0ms
[26.080s][debug  ][gc,phases,ref  ] GC(95)     SoftRef (ms):                  skipped
[26.080s][debug  ][gc,phases,ref  ] GC(95)     WeakRef (ms):                  skipped
[26.080s][debug  ][gc,phases,ref  ] GC(95)     FinalRef (ms):                 skipped
[26.080s][debug  ][gc,phases,ref  ] GC(95)     Total (ms):                    skipped
[26.080s][debug  ][gc,phases,ref  ] GC(95)   Notify and keep alive finalizable: 0.0ms
[26.080s][debug  ][gc,phases,ref  ] GC(95)     FinalRef (ms):                 skipped
[26.080s][debug  ][gc,phases,ref  ] GC(95)   Notify PhantomReferences: 0.0ms
[26.080s][debug  ][gc,phases,ref  ] GC(95)     PhantomRef (ms):               skipped
[26.080s][debug  ][gc,phases,ref  ] GC(95)   SoftReference:
[26.080s][debug  ][gc,phases,ref  ] GC(95)     Discovered: 0
[26.080s][debug  ][gc,phases,ref  ] GC(95)     Cleared: 0
[26.080s][debug  ][gc,phases,ref  ] GC(95)   WeakReference:
[26.080s][debug  ][gc,phases,ref  ] GC(95)     Discovered: 0
[26.080s][debug  ][gc,phases,ref  ] GC(95)     Cleared: 0
[26.080s][debug  ][gc,phases,ref  ] GC(95)   FinalReference:
[26.080s][debug  ][gc,phases,ref  ] GC(95)     Discovered: 0
[26.080s][debug  ][gc,phases,ref  ] GC(95)     Cleared: 0
[26.080s][debug  ][gc,phases,ref  ] GC(95)   PhantomReference:
[26.080s][debug  ][gc,phases,ref  ] GC(95)     Discovered: 0
[26.080s][debug  ][gc,phases,ref  ] GC(95)     Cleared: 0
[26.080s][debug  ][gc,phases      ] GC(95) Reference Processing 0.681ms
[26.080s][debug  ][gc,phases,start] GC(95) Weak Processing
[26.081s][debug  ][gc,phases      ] GC(95)   VM Weak                        Min:  0.0, Avg:  0.0, Max:  0.0, Diff:  0.0, Sum:  0.0, Workers: 6
[26.081s][debug  ][gc,phases      ] GC(95)     Dead                           Min: 0, Avg:  0.0, Max: 0, Diff: 0, Sum: 0, Workers: 6
[26.081s][debug  ][gc,phases      ] GC(95)     Total                          Min: 0, Avg:  1.3, Max: 8, Diff: 8, Sum: 8, Workers: 6
[26.081s][debug  ][gc,phases      ] GC(95)   ObjectSynchronizer Weak        Min:  0.0, Avg:  0.0, Max:  0.0, Diff:  0.0, Sum:  0.0, Workers: 6
[26.081s][debug  ][gc,phases      ] GC(95)     Dead                           Min: 0, Avg:  0.0, Max: 0, Diff: 0, Sum: 0, Workers: 6
[26.081s][debug  ][gc,phases      ] GC(95)     Total                          Min: 0, Avg:  0.5, Max: 3, Diff: 3, Sum: 3, Workers: 6
[26.081s][debug  ][gc,phases      ] GC(95)   JVMTI Tag Weak OopStorage      Min:  0.0, Avg:  0.0, Max:  0.0, Diff:  0.0, Sum:  0.0, Workers: 6
[26.081s][debug  ][gc,phases      ] GC(95)     Dead                           Min: 0, Avg:  0.0, Max: 0, Diff: 0, Sum: 0, Workers: 6
[26.081s][debug  ][gc,phases      ] GC(95)     Total                          Min: 0, Avg:  0.0, Max: 0, Diff: 0, Sum: 0, Workers: 6
[26.081s][debug  ][gc,phases      ] GC(95)   StringTable Weak               Min:  0.0, Avg:  0.0, Max:  0.0, Diff:  0.0, Sum:  0.1, Workers: 6
[26.081s][debug  ][gc,phases      ] GC(95)     Dead                           Min: 0, Avg:  0.0, Max: 0, Diff: 0, Sum: 0, Workers: 6
[26.081s][debug  ][gc,phases      ] GC(95)     Total                          Min: 768, Avg: 891.8, Max: 960, Diff: 192, Sum: 5351, Workers: 6
[26.081s][debug  ][gc,phases      ] GC(95)   ResolvedMethodTable Weak       Min:  0.0, Avg:  0.0, Max:  0.0, Diff:  0.0, Sum:  0.0, Workers: 6
[26.081s][debug  ][gc,phases      ] GC(95)     Dead                           Min: 0, Avg:  0.0, Max: 0, Diff: 0, Sum: 0, Workers: 6
[26.081s][debug  ][gc,phases      ] GC(95)     Total                          Min: 0, Avg: 21.7, Max: 64, Diff: 64, Sum: 130, Workers: 6
[26.081s][debug  ][gc,phases      ] GC(95)   JNI Weak                       Min:  0.0, Avg:  0.0, Max:  0.0, Diff:  0.0, Sum:  0.0, Workers: 6
[26.081s][debug  ][gc,phases      ] GC(95)     Dead                           Min: 0, Avg:  0.0, Max: 0, Diff: 0, Sum: 0, Workers: 6
[26.081s][debug  ][gc,phases      ] GC(95)     Total                          Min: 0, Avg:  0.0, Max: 0, Diff: 0, Sum: 0, Workers: 6
[26.081s][debug  ][gc,phases      ] GC(95)   StringDedup Table Weak         Min:  0.0, Avg:  0.0, Max:  0.0, Diff:  0.0, Sum:  0.0, Workers: 6
[26.081s][debug  ][gc,phases      ] GC(95)     Dead                           Min: 0, Avg:  0.0, Max: 0, Diff: 0, Sum: 0, Workers: 6
[26.081s][debug  ][gc,phases      ] GC(95)     Total                          Min: 0, Avg:  0.0, Max: 0, Diff: 0, Sum: 0, Workers: 6
[26.081s][debug  ][gc,phases      ] GC(95)   StringDedup Requests0 Weak     Min:  0.0, Avg:  0.0, Max:  0.0, Diff:  0.0, Sum:  0.0, Workers: 6
[26.081s][debug  ][gc,phases      ] GC(95)     Dead                           Min: 0, Avg:  0.0, Max: 0, Diff: 0, Sum: 0, Workers: 6
[26.081s][debug  ][gc,phases      ] GC(95)     Total                          Min: 0, Avg:  0.0, Max: 0, Diff: 0, Sum: 0, Workers: 6
[26.081s][debug  ][gc,phases      ] GC(95)   StringDedup Requests1 Weak     Min:  0.0, Avg:  0.0, Max:  0.0, Diff:  0.0, Sum:  0.0, Workers: 6
[26.081s][debug  ][gc,phases      ] GC(95)     Dead                           Min: 0, Avg:  0.0, Max: 0, Diff: 0, Sum: 0, Workers: 6
[26.081s][debug  ][gc,phases      ] GC(95)     Total                          Min: 0, Avg:  0.0, Max: 0, Diff: 0, Sum: 0, Workers: 6
[26.081s][debug  ][gc,phases      ] GC(95)   Weak JFR Old Object Samples    Min:  0.0, Avg:  0.0, Max:  0.0, Diff:  0.0, Sum:  0.0, Workers: 6
[26.081s][debug  ][gc,phases      ] GC(95)     Dead                           Min: 0, Avg:  0.0, Max: 0, Diff: 0, Sum: 0, Workers: 6
[26.081s][debug  ][gc,phases      ] GC(95)     Total                          Min: 0, Avg:  0.0, Max: 0, Diff: 0, Sum: 0, Workers: 6
[26.081s][debug  ][gc,phases      ] GC(95) Weak Processing 0.823ms
[26.081s][debug  ][gc,ergo        ] GC(95) AdaptiveSizeStart:  collection: 96 
[26.081s][debug  ][gc,ergo        ] GC(95) avg_survived_padded_avg: 32680232.000000
[26.081s][debug  ][gc,ergo        ] GC(95) avg_promoted_padded_avg: 264890256.000000  avg_pretenured_padded_avg: 0.000000  tenuring_thresh: 6  target_size: 33030144
[26.081s][debug  ][gc,age         ] GC(95) Desired survivor size 33030144 bytes, new threshold 6 (max threshold 15)
[26.081s][debug  ][gc,ergo        ] GC(95) PSAdaptiveSizePolicy::compute_eden_space_size limits: desired_eden_size: 222600823 old_eden_size: 202375168 eden_limit: 202375168 cur_eden: 202375168 max_eden_size: 202375168 avg_young_live: 27948520
[26.081s][debug  ][gc,ergo        ] GC(95) PSAdaptiveSizePolicy::compute_eden_space_size: costs minor_time: 0.048425 major_cost: 0.049487 mutator_cost: 0.902088 throughput_goal: 0.990000
[26.081s][debug  ][gc,ergo        ] GC(95) Live_space: 1016635136 free_space: 1377828864
[26.081s][debug  ][gc,ergo        ] GC(95) Old eden_size: 202375168 desired_eden_size: 202375168
[26.081s][debug  ][gc,ergo        ] GC(95) AdaptiveSizeStop: collection: 96 
[26.081s][info   ][gc,heap        ] GC(95) PSYoungGen: 218897K(229888K)->30720K(229888K) Eden: 188177K(197632K)->0K(197632K) From: 30720K(32256K)->30720K(32256K)
[26.082s][info   ][gc,heap        ] GC(95) ParOldGen: 1435236K(1835008K)->1619557K(1835008K)
[26.082s][info   ][gc,metaspace   ] GC(95) Metaspace: 1021K(1216K)->1021K(1216K) NonClass: 938K(1024K)->938K(1024K) Class: 83K(192K)->83K(192K)
[26.082s][info   ][gc             ] GC(95) Pause Young (Allocation Failure) 1615M->1611M(2016M) 16.671ms
[26.082s][info   ][gc,cpu         ] GC(95) User=0.00s Sys=0.02s Real=0.02s
[26.082s][debug  ][gc,heap        ] GC(95) Heap after GC invocations=96 (full 15):
[26.082s][debug  ][gc,heap        ] GC(95)  PSYoungGen      total 229888K, used 30720K [0x00000000f0000000, 0x0000000100000000, 0x0000000100000000)
[26.082s][debug  ][gc,heap        ] GC(95)   eden space 197632K, 0% used [0x00000000f0000000,0x00000000f0000000,0x00000000fc100000)
[26.082s][debug  ][gc,heap        ] GC(95)   from space 32256K, 95% used [0x00000000fe080000,0x00000000ffe80030,0x0000000100000000)
[26.082s][debug  ][gc,heap        ] GC(95)   to   space 32256K, 0% used [0x00000000fc100000,0x00000000fc100000,0x00000000fe080000)
[26.082s][debug  ][gc,heap        ] GC(95)  ParOldGen       total 1835008K, used 1619557K [0x0000000080000000, 0x00000000f0000000, 0x00000000f0000000)
[26.082s][debug  ][gc,heap        ] GC(95)   object space 1835008K, 88% used [0x0000000080000000,0x00000000e2d994f8,0x00000000f0000000)
[26.082s][debug  ][gc,heap        ] GC(95)  Metaspace       used 1021K, committed 1216K, reserved 1056768K
[26.082s][debug  ][gc,heap        ] GC(95)   class space    used 83K, committed 192K, reserved 1048576K
[26.082s][debug  ][gc,task,time   ] GC(95) VM-Thread 260644612 260796704 260818356
[26.082s][debug  ][gc,phases,start] GC(96) Pre Compact
[26.082s][debug  ][gc,heap        ] GC(96) Heap before GC invocations=97 (full 16):
[26.082s][debug  ][gc,heap        ] GC(96)  PSYoungGen      total 229888K, used 30720K [0x00000000f0000000, 0x0000000100000000, 0x0000000100000000)
[26.082s][debug  ][gc,heap        ] GC(96)   eden space 197632K, 0% used [0x00000000f0000000,0x00000000f0000000,0x00000000fc100000)
[26.082s][debug  ][gc,heap        ] GC(96)   from space 32256K, 95% used [0x00000000fe080000,0x00000000ffe80030,0x0000000100000000)
[26.082s][debug  ][gc,heap        ] GC(96)   to   space 32256K, 0% used [0x00000000fc100000,0x00000000fc100000,0x00000000fe080000)
[26.082s][debug  ][gc,heap        ] GC(96)  ParOldGen       total 1835008K, used 1619557K [0x0000000080000000, 0x00000000f0000000, 0x00000000f0000000)
[26.082s][debug  ][gc,heap        ] GC(96)   object space 1835008K, 88% used [0x0000000080000000,0x00000000e2d994f8,0x00000000f0000000)
[26.082s][debug  ][gc,heap        ] GC(96)  Metaspace       used 1021K, committed 1216K, reserved 1056768K
[26.082s][debug  ][gc,heap        ] GC(96)   class space    used 83K, committed 192K, reserved 1048576K
[26.082s][debug  ][gc,phases      ] GC(96) Pre Compact 0.239ms
[26.082s][info   ][gc,start       ] GC(96) Pause Full (Ergonomics)
[26.082s][info   ][gc,phases,start] GC(96) Marking Phase
[26.082s][debug  ][gc,phases,start] GC(96) Par Mark
[26.083s][debug  ][gc,phases      ] GC(96) Par Mark 0.564ms
[26.083s][debug  ][gc,phases,start] GC(96) Reference Processing
[26.083s][debug  ][gc,ref         ] GC(96) Skipped phase 1 of Reference Processing: no references
[26.083s][debug  ][gc,ref         ] GC(96) ReferenceProcessor::execute queues: 1, RefProcThreadModel::Single, marks_oops_alive: false
[26.083s][debug  ][gc,ref         ] GC(96) Skipped phase 3 of Reference Processing: no references
[26.083s][debug  ][gc,ref         ] GC(96) ReferenceProcessor::execute queues: 1, RefProcThreadModel::Single, marks_oops_alive: false
[26.083s][debug  ][gc,phases,ref  ] GC(96) Reference Processing: 0.1ms
[26.083s][debug  ][gc,phases,ref  ] GC(96)   Reconsider SoftReferences: 0.0ms
[26.083s][debug  ][gc,phases,ref  ] GC(96)     SoftRef (ms):                  skipped
[26.083s][debug  ][gc,phases,ref  ] GC(96)   Notify Soft/WeakReferences: 0.0ms
[26.083s][debug  ][gc,phases,ref  ] GC(96)     SoftRef (ms):                  Min:  0.0, Avg:  0.0, Max:  0.0, Diff:  0.0, Sum:  0.0, Workers: 6
[26.083s][debug  ][gc,phases,ref  ] GC(96)     WeakRef (ms):                  Min:  0.0, Avg:  0.0, Max:  0.0, Diff:  0.0, Sum:  0.0, Workers: 6
[26.083s][debug  ][gc,phases,ref  ] GC(96)     FinalRef (ms):                 Min:  0.0, Avg:  0.0, Max:  0.0, Diff:  0.0, Sum:  0.0, Workers: 6
[26.083s][debug  ][gc,phases,ref  ] GC(96)     Total (ms):                    Min:  0.0, Avg:  0.0, Max:  0.0, Diff:  0.0, Sum:  0.0, Workers: 6
[26.083s][debug  ][gc,phases,ref  ] GC(96)   Notify and keep alive finalizable: 0.0ms
[26.083s][debug  ][gc,phases,ref  ] GC(96)     FinalRef (ms):                 skipped
[26.083s][debug  ][gc,phases,ref  ] GC(96)   Notify PhantomReferences: 0.0ms
[26.083s][debug  ][gc,phases,ref  ] GC(96)     PhantomRef (ms):               Min:  0.0, Avg:  0.0, Max:  0.0, Diff:  0.0, Sum:  0.0, Workers: 6
[26.083s][debug  ][gc,phases,ref  ] GC(96)   SoftReference:
[26.083s][debug  ][gc,phases,ref  ] GC(96)     Discovered: 0
[26.083s][debug  ][gc,phases,ref  ] GC(96)     Cleared: 0
[26.083s][debug  ][gc,phases,ref  ] GC(96)   WeakReference:
[26.083s][debug  ][gc,phases,ref  ] GC(96)     Discovered: 107
[26.083s][debug  ][gc,phases,ref  ] GC(96)     Cleared: 107
[26.083s][debug  ][gc,phases,ref  ] GC(96)   FinalReference:
[26.083s][debug  ][gc,phases,ref  ] GC(96)     Discovered: 0
[26.083s][debug  ][gc,phases,ref  ] GC(96)     Cleared: 0
[26.083s][debug  ][gc,phases,ref  ] GC(96)   PhantomReference:
[26.083s][debug  ][gc,phases,ref  ] GC(96)     Discovered: 3
[26.083s][debug  ][gc,phases,ref  ] GC(96)     Cleared: 3
[26.083s][debug  ][gc,phases      ] GC(96) Reference Processing 0.599ms
[26.083s][debug  ][gc,phases,start] GC(96) Weak Processing
[26.083s][debug  ][gc,phases      ] GC(96)   VM Weak                        Min:  0.0, Avg:  0.0, Max:  0.0, Diff:  0.0, Sum:  0.0, Workers: 6
[26.083s][debug  ][gc,phases      ] GC(96)     Dead                           Min: 0, Avg:  0.0, Max: 0, Diff: 0, Sum: 0, Workers: 6
[26.083s][debug  ][gc,phases      ] GC(96)     Total                          Min: 0, Avg:  1.3, Max: 8, Diff: 8, Sum: 8, Workers: 6
[26.083s][debug  ][gc,phases      ] GC(96)   ObjectSynchronizer Weak        Min:  0.0, Avg:  0.0, Max:  0.0, Diff:  0.0, Sum:  0.0, Workers: 6
[26.084s][debug  ][gc,phases      ] GC(96)     Dead                           Min: 0, Avg:  0.0, Max: 0, Diff: 0, Sum: 0, Workers: 6
[26.084s][debug  ][gc,phases      ] GC(96)     Total                          Min: 0, Avg:  0.5, Max: 3, Diff: 3, Sum: 3, Workers: 6
[26.084s][debug  ][gc,phases      ] GC(96)   JVMTI Tag Weak OopStorage      Min:  0.0, Avg:  0.0, Max:  0.0, Diff:  0.0, Sum:  0.0, Workers: 6
[26.084s][debug  ][gc,phases      ] GC(96)     Dead                           Min: 0, Avg:  0.0, Max: 0, Diff: 0, Sum: 0, Workers: 6
[26.084s][debug  ][gc,phases      ] GC(96)     Total                          Min: 0, Avg:  0.0, Max: 0, Diff: 0, Sum: 0, Workers: 6
[26.084s][debug  ][gc,phases      ] GC(96)   StringTable Weak               Min:  0.0, Avg:  0.0, Max:  0.0, Diff:  0.0, Sum:  0.0, Workers: 6
[26.084s][debug  ][gc,phases      ] GC(96)     Dead                           Min: 0, Avg:  0.0, Max: 0, Diff: 0, Sum: 0, Workers: 6
[26.084s][debug  ][gc,phases      ] GC(96)     Total                          Min: 639, Avg: 891.8, Max: 1064, Diff: 425, Sum: 5351, Workers: 6
[26.084s][debug  ][gc,phases      ] GC(96)   ResolvedMethodTable Weak       Min:  0.0, Avg:  0.0, Max:  0.0, Diff:  0.0, Sum:  0.0, Workers: 6
[26.084s][debug  ][gc,phases      ] GC(96)     Dead                           Min: 0, Avg:  0.0, Max: 0, Diff: 0, Sum: 0, Workers: 6
[26.084s][debug  ][gc,phases      ] GC(96)     Total                          Min: 0, Avg: 21.7, Max: 64, Diff: 64, Sum: 130, Workers: 6
[26.084s][debug  ][gc,phases      ] GC(96)   JNI Weak                       Min:  0.0, Avg:  0.0, Max:  0.0, Diff:  0.0, Sum:  0.0, Workers: 6
[26.084s][debug  ][gc,phases      ] GC(96)     Dead                           Min: 0, Avg:  0.0, Max: 0, Diff: 0, Sum: 0, Workers: 6
[26.084s][debug  ][gc,phases      ] GC(96)     Total                          Min: 0, Avg:  0.0, Max: 0, Diff: 0, Sum: 0, Workers: 6
[26.084s][debug  ][gc,phases      ] GC(96)   StringDedup Table Weak         Min:  0.0, Avg:  0.0, Max:  0.0, Diff:  0.0, Sum:  0.0, Workers: 6
[26.084s][debug  ][gc,phases      ] GC(96)     Dead                           Min: 0, Avg:  0.0, Max: 0, Diff: 0, Sum: 0, Workers: 6
[26.084s][debug  ][gc,phases      ] GC(96)     Total                          Min: 0, Avg:  0.0, Max: 0, Diff: 0, Sum: 0, Workers: 6
[26.084s][debug  ][gc,phases      ] GC(96)   StringDedup Requests0 Weak     Min:  0.0, Avg:  0.0, Max:  0.0, Diff:  0.0, Sum:  0.0, Workers: 6
[26.084s][debug  ][gc,phases      ] GC(96)     Dead                           Min: 0, Avg:  0.0, Max: 0, Diff: 0, Sum: 0, Workers: 6
[26.084s][debug  ][gc,phases      ] GC(96)     Total                          Min: 0, Avg:  0.0, Max: 0, Diff: 0, Sum: 0, Workers: 6
[26.084s][debug  ][gc,phases      ] GC(96)   StringDedup Requests1 Weak     Min:  0.0, Avg:  0.0, Max:  0.0, Diff:  0.0, Sum:  0.0, Workers: 6
[26.084s][debug  ][gc,phases      ] GC(96)     Dead                           Min: 0, Avg:  0.0, Max: 0, Diff: 0, Sum: 0, Workers: 6
[26.084s][debug  ][gc,phases      ] GC(96)     Total                          Min: 0, Avg:  0.0, Max: 0, Diff: 0, Sum: 0, Workers: 6
[26.084s][debug  ][gc,phases      ] GC(96)   Weak JFR Old Object Samples    Min:  0.0, Avg:  0.0, Max:  0.0, Diff:  0.0, Sum:  0.0, Workers: 6
[26.084s][debug  ][gc,phases      ] GC(96)     Dead                           Min: 0, Avg:  0.0, Max: 0, Diff: 0, Sum: 0, Workers: 6
[26.084s][debug  ][gc,phases      ] GC(96)     Total                          Min: 0, Avg:  0.0, Max: 0, Diff: 0, Sum: 0, Workers: 6
[26.084s][debug  ][gc,phases      ] GC(96) Weak Processing 0.694ms
[26.084s][debug  ][gc,phases,start] GC(96) Class Unloading
[26.084s][debug  ][gc,phases,start] GC(96) ClassLoaderData
[26.084s][debug  ][gc,phases      ] GC(96) ClassLoaderData 0.019ms
[26.084s][debug  ][gc,phases,start] GC(96) Trigger cleanups
[26.084s][debug  ][gc,phases      ] GC(96) Trigger cleanups 0.019ms
[26.084s][debug  ][gc,phases      ] GC(96) Class Unloading 0.254ms
[26.084s][info   ][gc,phases      ] GC(96) Marking Phase 2.225ms
[26.084s][info   ][gc,phases,start] GC(96) Summary Phase
[26.084s][info   ][gc,phases      ] GC(96) Summary Phase 0.036ms
[26.084s][info   ][gc,phases,start] GC(96) Adjust Roots
[26.085s][info   ][gc,phases      ] GC(96) Adjust Roots 0.130ms
[26.085s][info   ][gc,phases,start] GC(96) Compaction Phase
[26.167s][info   ][gc,phases      ] GC(96) Compaction Phase 81.897ms
[26.167s][info   ][gc,phases,start] GC(96) Post Compact
[26.172s][info   ][gc,phases      ] GC(96) Post Compact 5.016ms
[26.172s][debug  ][gc,ergo        ] GC(96) AdaptiveSizeStart: collection: 97 
[26.172s][debug  ][gc,ergo        ] GC(96) PSAdaptiveSizePolicy::compute_eden_space_size limits: desired_eden_size: 222709613 old_eden_size: 202375168 eden_limit: 202375168 cur_eden: 202375168 max_eden_size: 202375168 avg_young_live: 25153670
[26.172s][debug  ][gc,ergo        ] GC(96) PSAdaptiveSizePolicy::compute_eden_space_size: costs minor_time: 0.048425 major_cost: 0.048963 mutator_cost: 0.902612 throughput_goal: 0.990000
[26.172s][debug  ][gc,ergo        ] GC(96) Live_space: 1013840256 free_space: 1377828864
[26.172s][debug  ][gc,ergo        ] GC(96) Old eden_size: 202375168 desired_eden_size: 202375168
[26.172s][debug  ][gc,ergo        ] GC(96) PSAdaptiveSizePolicy::compute_old_gen_free_space limits: desired_promo_size: 1293805596 promo_limit: 1175453696 free_in_old_gen: 1149914240 max_old_gen_size: 1879048192 avg_old_live: 729133952
[26.172s][debug  ][gc,ergo        ] GC(96) PSAdaptiveSizePolicy::compute_old_gen_free_space: costs minor_time: 0.048425 major_cost: 0.048963  mutator_cost: 0.902612 throughput_goal: 0.990000
[26.172s][debug  ][gc,ergo        ] GC(96) Live_space: 1022723072 free_space: 1377828864
[26.172s][debug  ][gc,ergo        ] GC(96) Old promo_size: 1175453696 desired_promo_size: 1175453696
[26.172s][debug  ][gc,ergo        ] GC(96) AdaptiveSizeStop: collection: 97 
[26.172s][info   ][gc,heap        ] GC(96) PSYoungGen: 30720K(229888K)->0K(229888K) Eden: 0K(197632K)->0K(197632K) From: 30720K(32256K)->0K(32256K)
[26.172s][info   ][gc,heap        ] GC(96) ParOldGen: 1619557K(1835008K)->790115K(1835008K)
[26.172s][info   ][gc,metaspace   ] GC(96) Metaspace: 1021K(1216K)->1021K(1216K) NonClass: 938K(1024K)->938K(1024K) Class: 83K(192K)->83K(192K)
[26.172s][info   ][gc             ] GC(96) Pause Full (Ergonomics) 1611M->771M(2016M) 89.949ms
[26.172s][info   ][gc,cpu         ] GC(96) User=0.47s Sys=0.00s Real=0.09s
[26.172s][debug  ][gc,heap        ] GC(96) Heap after GC invocations=97 (full 16):
[26.172s][debug  ][gc,heap        ] GC(96)  PSYoungGen      total 229888K, used 0K [0x00000000f0000000, 0x0000000100000000, 0x0000000100000000)
[26.172s][debug  ][gc,heap        ] GC(96)   eden space 197632K, 0% used [0x00000000f0000000,0x00000000f0000000,0x00000000fc100000)
[26.172s][debug  ][gc,heap        ] GC(96)   from space 32256K, 0% used [0x00000000fc100000,0x00000000fc100000,0x00000000fe080000)
[26.172s][debug  ][gc,heap        ] GC(96)   to   space 32256K, 0% used [0x00000000fe080000,0x00000000fe080000,0x0000000100000000)
[26.172s][debug  ][gc,heap        ] GC(96)  ParOldGen       total 1835008K, used 790115K [0x0000000080000000, 0x00000000f0000000, 0x00000000f0000000)
[26.172s][debug  ][gc,heap        ] GC(96)   object space 1835008K, 43% used [0x0000000080000000,0x00000000b0398fe8,0x00000000f0000000)
[26.172s][debug  ][gc,heap        ] GC(96)  Metaspace       used 1021K, committed 1216K, reserved 1056768K
[26.172s][debug  ][gc,heap        ] GC(96)   class space    used 83K, committed 192K, reserved 1048576K
[26.172s][debug  ][gc,task,time   ] GC(96) VM-Thread 260821425 260846296 261721190
[26.459s][debug  ][gc,heap        ] GC(97) Heap before GC invocations=98 (full 16):
[26.459s][debug  ][gc,heap        ] GC(97)  PSYoungGen      total 229888K, used 188182K [0x00000000f0000000, 0x0000000100000000, 0x0000000100000000)
[26.459s][debug  ][gc,heap        ] GC(97)   eden space 197632K, 95% used [0x00000000f0000000,0x00000000fb7c5a38,0x00000000fc100000)
[26.459s][debug  ][gc,heap        ] GC(97)   from space 32256K, 0% used [0x00000000fc100000,0x00000000fc100000,0x00000000fe080000)
[26.459s][debug  ][gc,heap        ] GC(97)   to   space 32256K, 0% used [0x00000000fe080000,0x00000000fe080000,0x0000000100000000)
[26.459s][debug  ][gc,heap        ] GC(97)  ParOldGen       total 1835008K, used 790115K [0x0000000080000000, 0x00000000f0000000, 0x00000000f0000000)
[26.459s][debug  ][gc,heap        ] GC(97)   object space 1835008K, 43% used [0x0000000080000000,0x00000000b0398fe8,0x00000000f0000000)
[26.459s][debug  ][gc,heap        ] GC(97)  Metaspace       used 1021K, committed 1216K, reserved 1056768K
[26.459s][debug  ][gc,heap        ] GC(97)   class space    used 83K, committed 192K, reserved 1048576K
[26.459s][debug  ][gc,tlab        ] GC(97) TLAB totals: thrds: 1  refills: 1 max: 1 slow allocs: 17 max 17 waste: 27.4% gc: 3954968B max: 3954968B slow: 0B max: 0B
[26.459s][info   ][gc,start       ] GC(97) Pause Young (Allocation Failure)
[26.459s][debug  ][gc,phases,start] GC(97) Scavenge
[26.471s][debug  ][gc,phases      ] GC(97) Scavenge 12.186ms
[26.471s][debug  ][gc,phases,start] GC(97) Reference Processing
[26.471s][debug  ][gc,ref         ] GC(97) Skipped phase 1 of Reference Processing: no references
[26.471s][debug  ][gc,ref         ] GC(97) Skipped phase 2 of Reference Processing: no references
[26.471s][debug  ][gc,ref         ] GC(97) Skipped phase 3 of Reference Processing: no references
[26.472s][debug  ][gc,ref         ] GC(97) Skipped phase 4 of Reference Processing: no references
[26.472s][debug  ][gc,phases,ref  ] GC(97) Reference Processing: 0.1ms
[26.472s][debug  ][gc,phases,ref  ] GC(97)   Reconsider SoftReferences: 0.0ms
[26.472s][debug  ][gc,phases,ref  ] GC(97)     SoftRef (ms):                  skipped
[26.472s][debug  ][gc,phases,ref  ] GC(97)   Notify Soft/WeakReferences: 0.0ms
[26.472s][debug  ][gc,phases,ref  ] GC(97)     SoftRef (ms):                  skipped
[26.472s][debug  ][gc,phases,ref  ] GC(97)     WeakRef (ms):                  skipped
[26.472s][debug  ][gc,phases,ref  ] GC(97)     FinalRef (ms):                 skipped
[26.472s][debug  ][gc,phases,ref  ] GC(97)     Total (ms):                    skipped
[26.472s][debug  ][gc,phases,ref  ] GC(97)   Notify and keep alive finalizable: 0.0ms
[26.472s][debug  ][gc,phases,ref  ] GC(97)     FinalRef (ms):                 skipped
[26.472s][debug  ][gc,phases,ref  ] GC(97)   Notify PhantomReferences: 0.0ms
[26.472s][debug  ][gc,phases,ref  ] GC(97)     PhantomRef (ms):               skipped
[26.472s][debug  ][gc,phases,ref  ] GC(97)   SoftReference:
[26.472s][debug  ][gc,phases,ref  ] GC(97)     Discovered: 0
[26.472s][debug  ][gc,phases,ref  ] GC(97)     Cleared: 0
[26.472s][debug  ][gc,phases,ref  ] GC(97)   WeakReference:
[26.472s][debug  ][gc,phases,ref  ] GC(97)     Discovered: 0
[26.472s][debug  ][gc,phases,ref  ] GC(97)     Cleared: 0
[26.472s][debug  ][gc,phases,ref  ] GC(97)   FinalReference:
[26.472s][debug  ][gc,phases,ref  ] GC(97)     Discovered: 0
[26.472s][debug  ][gc,phases,ref  ] GC(97)     Cleared: 0
[26.472s][debug  ][gc,phases,ref  ] GC(97)   PhantomReference:
[26.472s][debug  ][gc,phases,ref  ] GC(97)     Discovered: 0
[26.472s][debug  ][gc,phases,ref  ] GC(97)     Cleared: 0
[26.472s][debug  ][gc,phases      ] GC(97) Reference Processing 0.819ms
[26.472s][debug  ][gc,phases,start] GC(97) Weak Processing
[26.472s][debug  ][gc,phases      ] GC(97)   VM Weak                        Min:  0.0, Avg:  0.0, Max:  0.0, Diff:  0.0, Sum:  0.0, Workers: 6
[26.472s][debug  ][gc,phases      ] GC(97)     Dead                           Min: 0, Avg:  0.0, Max: 0, Diff: 0, Sum: 0, Workers: 6
[26.472s][debug  ][gc,phases      ] GC(97)     Total                          Min: 0, Avg:  1.3, Max: 8, Diff: 8, Sum: 8, Workers: 6
[26.472s][debug  ][gc,phases      ] GC(97)   ObjectSynchronizer Weak        Min:  0.0, Avg:  0.0, Max:  0.0, Diff:  0.0, Sum:  0.0, Workers: 6
[26.472s][debug  ][gc,phases      ] GC(97)     Dead                           Min: 0, Avg:  0.0, Max: 0, Diff: 0, Sum: 0, Workers: 6
[26.472s][debug  ][gc,phases      ] GC(97)     Total                          Min: 0, Avg:  0.5, Max: 3, Diff: 3, Sum: 3, Workers: 6
[26.473s][debug  ][gc,phases      ] GC(97)   JVMTI Tag Weak OopStorage      Min:  0.0, Avg:  0.0, Max:  0.0, Diff:  0.0, Sum:  0.0, Workers: 6
[26.473s][debug  ][gc,phases      ] GC(97)     Dead                           Min: 0, Avg:  0.0, Max: 0, Diff: 0, Sum: 0, Workers: 6
[26.473s][debug  ][gc,phases      ] GC(97)     Total                          Min: 0, Avg:  0.0, Max: 0, Diff: 0, Sum: 0, Workers: 6
[26.473s][debug  ][gc,phases      ] GC(97)   StringTable Weak               Min:  0.0, Avg:  0.0, Max:  0.0, Diff:  0.0, Sum:  0.0, Workers: 6
[26.473s][debug  ][gc,phases      ] GC(97)     Dead                           Min: 0, Avg:  0.0, Max: 0, Diff: 0, Sum: 0, Workers: 6
[26.473s][debug  ][gc,phases      ] GC(97)     Total                          Min: 639, Avg: 891.8, Max: 1088, Diff: 449, Sum: 5351, Workers: 6
[26.473s][debug  ][gc,phases      ] GC(97)   ResolvedMethodTable Weak       Min:  0.0, Avg:  0.0, Max:  0.0, Diff:  0.0, Sum:  0.0, Workers: 6
[26.473s][debug  ][gc,phases      ] GC(97)     Dead                           Min: 0, Avg:  0.0, Max: 0, Diff: 0, Sum: 0, Workers: 6
[26.473s][debug  ][gc,phases      ] GC(97)     Total                          Min: 0, Avg: 21.7, Max: 64, Diff: 64, Sum: 130, Workers: 6
[26.473s][debug  ][gc,phases      ] GC(97)   JNI Weak                       Min:  0.0, Avg:  0.0, Max:  0.0, Diff:  0.0, Sum:  0.0, Workers: 6
[26.473s][debug  ][gc,phases      ] GC(97)     Dead                           Min: 0, Avg:  0.0, Max: 0, Diff: 0, Sum: 0, Workers: 6
[26.473s][debug  ][gc,phases      ] GC(97)     Total                          Min: 0, Avg:  0.0, Max: 0, Diff: 0, Sum: 0, Workers: 6
[26.473s][debug  ][gc,phases      ] GC(97)   StringDedup Table Weak         Min:  0.0, Avg:  0.0, Max:  0.0, Diff:  0.0, Sum:  0.0, Workers: 6
[26.473s][debug  ][gc,phases      ] GC(97)     Dead                           Min: 0, Avg:  0.0, Max: 0, Diff: 0, Sum: 0, Workers: 6
[26.473s][debug  ][gc,phases      ] GC(97)     Total                          Min: 0, Avg:  0.0, Max: 0, Diff: 0, Sum: 0, Workers: 6
[26.473s][debug  ][gc,phases      ] GC(97)   StringDedup Requests0 Weak     Min:  0.0, Avg:  0.0, Max:  0.0, Diff:  0.0, Sum:  0.0, Workers: 6
[26.473s][debug  ][gc,phases      ] GC(97)     Dead                           Min: 0, Avg:  0.0, Max: 0, Diff: 0, Sum: 0, Workers: 6
[26.473s][debug  ][gc,phases      ] GC(97)     Total                          Min: 0, Avg:  0.0, Max: 0, Diff: 0, Sum: 0, Workers: 6
[26.473s][debug  ][gc,phases      ] GC(97)   StringDedup Requests1 Weak     Min:  0.0, Avg:  0.0, Max:  0.0, Diff:  0.0, Sum:  0.0, Workers: 6
[26.473s][debug  ][gc,phases      ] GC(97)     Dead                           Min: 0, Avg:  0.0, Max: 0, Diff: 0, Sum: 0, Workers: 6
[26.473s][debug  ][gc,phases      ] GC(97)     Total                          Min: 0, Avg:  0.0, Max: 0, Diff: 0, Sum: 0, Workers: 6
[26.473s][debug  ][gc,phases      ] GC(97)   Weak JFR Old Object Samples    Min:  0.0, Avg:  0.0, Max:  0.0, Diff:  0.0, Sum:  0.0, Workers: 6
[26.473s][debug  ][gc,phases      ] GC(97)     Dead                           Min: 0, Avg:  0.0, Max: 0, Diff: 0, Sum: 0, Workers: 6
[26.473s][debug  ][gc,phases      ] GC(97)     Total                          Min: 0, Avg:  0.0, Max: 0, Diff: 0, Sum: 0, Workers: 6
[26.473s][debug  ][gc,phases      ] GC(97) Weak Processing 1.149ms
[26.473s][debug  ][gc,ergo        ] GC(97) AdaptiveSizeStart:  collection: 98 
[26.473s][debug  ][gc,ergo        ] GC(97) avg_survived_padded_avg: 32586968.000000
[26.473s][debug  ][gc,ergo        ] GC(97) avg_promoted_padded_avg: 256429040.000000  avg_pretenured_padded_avg: 0.000000  tenuring_thresh: 6  target_size: 33030144
[26.474s][debug  ][gc,age         ] GC(97) Desired survivor size 33030144 bytes, new threshold 6 (max threshold 15)
[26.474s][debug  ][gc,ergo        ] GC(97) PSAdaptiveSizePolicy::compute_eden_space_size limits: desired_eden_size: 222059727 old_eden_size: 202375168 eden_limit: 202375168 cur_eden: 202375168 max_eden_size: 202375168 avg_young_live: 25784034
[26.474s][debug  ][gc,ergo        ] GC(97) PSAdaptiveSizePolicy::compute_eden_space_size: costs minor_time: 0.045441 major_cost: 0.048963 mutator_cost: 0.905596 throughput_goal: 0.990000
[26.474s][debug  ][gc,ergo        ] GC(97) Live_space: 1023353472 free_space: 1377828864
[26.474s][debug  ][gc,ergo        ] GC(97) Old eden_size: 202375168 desired_eden_size: 202375168
[26.474s][debug  ][gc,ergo        ] GC(97) AdaptiveSizeStop: collection: 98 
[26.474s][info   ][gc,heap        ] GC(97) PSYoungGen: 188182K(229888K)->30720K(229888K) Eden: 188182K(197632K)->0K(197632K) From: 0K(32256K)->30720K(32256K)
[26.474s][info   ][gc,heap        ] GC(97) ParOldGen: 790115K(1835008K)->943716K(1835008K)
[26.474s][info   ][gc,metaspace   ] GC(97) Metaspace: 1021K(1216K)->1021K(1216K) NonClass: 938K(1024K)->938K(1024K) Class: 83K(192K)->83K(192K)
[26.474s][info   ][gc             ] GC(97) Pause Young (Allocation Failure) 955M->951M(2016M) 14.728ms
[26.474s][info   ][gc,cpu         ] GC(97) User=0.08s Sys=0.00s Real=0.02s
[26.474s][debug  ][gc,heap        ] GC(97) Heap after GC invocations=98 (full 16):
[26.474s][debug  ][gc,heap        ] GC(97)  PSYoungGen      total 229888K, used 30720K [0x00000000f0000000, 0x0000000100000000, 0x0000000100000000)
[26.474s][debug  ][gc,heap        ] GC(97)   eden space 197632K, 0% used [0x00000000f0000000,0x00000000f0000000,0x00000000fc100000)
[26.474s][debug  ][gc,heap        ] GC(97)   from space 32256K, 95% used [0x00000000fe080000,0x00000000ffe80030,0x0000000100000000)
[26.474s][debug  ][gc,heap        ] GC(97)   to   space 32256K, 0% used [0x00000000fc100000,0x00000000fc100000,0x00000000fe080000)
[26.474s][debug  ][gc,heap        ] GC(97)  ParOldGen       total 1835008K, used 943716K [0x0000000080000000, 0x00000000f0000000, 0x00000000f0000000)
[26.474s][debug  ][gc,heap        ] GC(97)   object space 1835008K, 51% used [0x0000000080000000,0x00000000b99990d8,0x00000000f0000000)
[26.474s][debug  ][gc,heap        ] GC(97)  Metaspace       used 1021K, committed 1216K, reserved 1056768K
[26.474s][debug  ][gc,heap        ] GC(97)   class space    used 83K, committed 192K, reserved 1048576K
[26.474s][debug  ][gc,task,time   ] GC(97) VM-Thread 264586672 264713848 264740318
[26.761s][debug  ][gc,heap        ] GC(98) Heap before GC invocations=99 (full 16):
[26.761s][debug  ][gc,heap        ] GC(98)  PSYoungGen      total 229888K, used 218830K [0x00000000f0000000, 0x0000000100000000, 0x0000000100000000)
[26.761s][debug  ][gc,heap        ] GC(98)   eden space 197632K, 95% used [0x00000000f0000000,0x00000000fb7b3a08,0x00000000fc100000)
[26.761s][debug  ][gc,heap        ] GC(98)   from space 32256K, 95% used [0x00000000fe080000,0x00000000ffe80030,0x0000000100000000)
[26.761s][debug  ][gc,heap        ] GC(98)   to   space 32256K, 0% used [0x00000000fc100000,0x00000000fc100000,0x00000000fe080000)
[26.761s][debug  ][gc,heap        ] GC(98)  ParOldGen       total 1835008K, used 943716K [0x0000000080000000, 0x00000000f0000000, 0x00000000f0000000)
[26.761s][debug  ][gc,heap        ] GC(98)   object space 1835008K, 51% used [0x0000000080000000,0x00000000b99990d8,0x00000000f0000000)
[26.761s][debug  ][gc,heap        ] GC(98)  Metaspace       used 1021K, committed 1216K, reserved 1056768K
[26.761s][debug  ][gc,heap        ] GC(98)   class space    used 83K, committed 192K, reserved 1048576K
[26.761s][debug  ][gc,tlab        ] GC(98) TLAB totals: thrds: 1  refills: 1 max: 1 slow allocs: 17 max 17 waste: 27.0% gc: 3880128B max: 3880128B slow: 0B max: 0B
[26.761s][info   ][gc,start       ] GC(98) Pause Young (Allocation Failure)
[26.761s][debug  ][gc,phases,start] GC(98) Scavenge
[26.770s][debug  ][gc,phases      ] GC(98) Scavenge 9.204ms
[26.771s][debug  ][gc,phases,start] GC(98) Reference Processing
[26.771s][debug  ][gc,ref         ] GC(98) Skipped phase 1 of Reference Processing: no references
[26.771s][debug  ][gc,ref         ] GC(98) Skipped phase 2 of Reference Processing: no references
[26.771s][debug  ][gc,ref         ] GC(98) Skipped phase 3 of Reference Processing: no references
[26.771s][debug  ][gc,ref         ] GC(98) Skipped phase 4 of Reference Processing: no references
[26.771s][debug  ][gc,phases,ref  ] GC(98) Reference Processing: 0.1ms
[26.771s][debug  ][gc,phases,ref  ] GC(98)   Reconsider SoftReferences: 0.0ms
[26.771s][debug  ][gc,phases,ref  ] GC(98)     SoftRef (ms):                  skipped
[26.771s][debug  ][gc,phases,ref  ] GC(98)   Notify Soft/WeakReferences: 0.0ms
[26.771s][debug  ][gc,phases,ref  ] GC(98)     SoftRef (ms):                  skipped
[26.771s][debug  ][gc,phases,ref  ] GC(98)     WeakRef (ms):                  skipped
[26.771s][debug  ][gc,phases,ref  ] GC(98)     FinalRef (ms):                 skipped
[26.771s][debug  ][gc,phases,ref  ] GC(98)     Total (ms):                    skipped
[26.771s][debug  ][gc,phases,ref  ] GC(98)   Notify and keep alive finalizable: 0.0ms
[26.771s][debug  ][gc,phases,ref  ] GC(98)     FinalRef (ms):                 skipped
[26.771s][debug  ][gc,phases,ref  ] GC(98)   Notify PhantomReferences: 0.0ms
[26.771s][debug  ][gc,phases,ref  ] GC(98)     PhantomRef (ms):               skipped
[26.771s][debug  ][gc,phases,ref  ] GC(98)   SoftReference:
[26.771s][debug  ][gc,phases,ref  ] GC(98)     Discovered: 0
[26.771s][debug  ][gc,phases,ref  ] GC(98)     Cleared: 0
[26.771s][debug  ][gc,phases,ref  ] GC(98)   WeakReference:
[26.771s][debug  ][gc,phases,ref  ] GC(98)     Discovered: 0
[26.771s][debug  ][gc,phases,ref  ] GC(98)     Cleared: 0
[26.771s][debug  ][gc,phases,ref  ] GC(98)   FinalReference:
[26.771s][debug  ][gc,phases,ref  ] GC(98)     Discovered: 0
[26.771s][debug  ][gc,phases,ref  ] GC(98)     Cleared: 0
[26.771s][debug  ][gc,phases,ref  ] GC(98)   PhantomReference:
[26.771s][debug  ][gc,phases,ref  ] GC(98)     Discovered: 0
[26.771s][debug  ][gc,phases,ref  ] GC(98)     Cleared: 0
[26.771s][debug  ][gc,phases      ] GC(98) Reference Processing 0.769ms
[26.771s][debug  ][gc,phases,start] GC(98) Weak Processing
[26.771s][debug  ][gc,phases      ] GC(98)   VM Weak                        Min:  0.0, Avg:  0.0, Max:  0.0, Diff:  0.0, Sum:  0.0, Workers: 6
[26.771s][debug  ][gc,phases      ] GC(98)     Dead                           Min: 0, Avg:  0.0, Max: 0, Diff: 0, Sum: 0, Workers: 6
[26.771s][debug  ][gc,phases      ] GC(98)     Total                          Min: 0, Avg:  1.3, Max: 8, Diff: 8, Sum: 8, Workers: 6
[26.771s][debug  ][gc,phases      ] GC(98)   ObjectSynchronizer Weak        Min:  0.0, Avg:  0.0, Max:  0.0, Diff:  0.0, Sum:  0.0, Workers: 6
[26.771s][debug  ][gc,phases      ] GC(98)     Dead                           Min: 0, Avg:  0.0, Max: 0, Diff: 0, Sum: 0, Workers: 6
[26.771s][debug  ][gc,phases      ] GC(98)     Total                          Min: 0, Avg:  0.5, Max: 3, Diff: 3, Sum: 3, Workers: 6
[26.772s][debug  ][gc,phases      ] GC(98)   JVMTI Tag Weak OopStorage      Min:  0.0, Avg:  0.0, Max:  0.0, Diff:  0.0, Sum:  0.0, Workers: 6
[26.772s][debug  ][gc,phases      ] GC(98)     Dead                           Min: 0, Avg:  0.0, Max: 0, Diff: 0, Sum: 0, Workers: 6
[26.772s][debug  ][gc,phases      ] GC(98)     Total                          Min: 0, Avg:  0.0, Max: 0, Diff: 0, Sum: 0, Workers: 6
[26.772s][debug  ][gc,phases      ] GC(98)   StringTable Weak               Min:  0.0, Avg:  0.0, Max:  0.0, Diff:  0.0, Sum:  0.0, Workers: 6
[26.772s][debug  ][gc,phases      ] GC(98)     Dead                           Min: 0, Avg:  0.0, Max: 0, Diff: 0, Sum: 0, Workers: 6
[26.772s][debug  ][gc,phases      ] GC(98)     Total                          Min: 768, Avg: 891.8, Max: 1151, Diff: 383, Sum: 5351, Workers: 6
[26.772s][debug  ][gc,phases      ] GC(98)   ResolvedMethodTable Weak       Min:  0.0, Avg:  0.0, Max:  0.0, Diff:  0.0, Sum:  0.0, Workers: 6
[26.772s][debug  ][gc,phases      ] GC(98)     Dead                           Min: 0, Avg:  0.0, Max: 0, Diff: 0, Sum: 0, Workers: 6
[26.772s][debug  ][gc,phases      ] GC(98)     Total                          Min: 0, Avg: 21.7, Max: 64, Diff: 64, Sum: 130, Workers: 6
[26.772s][debug  ][gc,phases      ] GC(98)   JNI Weak                       Min:  0.0, Avg:  0.0, Max:  0.0, Diff:  0.0, Sum:  0.0, Workers: 6
[26.772s][debug  ][gc,phases      ] GC(98)     Dead                           Min: 0, Avg:  0.0, Max: 0, Diff: 0, Sum: 0, Workers: 6
[26.772s][debug  ][gc,phases      ] GC(98)     Total                          Min: 0, Avg:  0.0, Max: 0, Diff: 0, Sum: 0, Workers: 6
[26.772s][debug  ][gc,phases      ] GC(98)   StringDedup Table Weak         Min:  0.0, Avg:  0.0, Max:  0.0, Diff:  0.0, Sum:  0.0, Workers: 6
[26.772s][debug  ][gc,phases      ] GC(98)     Dead                           Min: 0, Avg:  0.0, Max: 0, Diff: 0, Sum: 0, Workers: 6
[26.772s][debug  ][gc,phases      ] GC(98)     Total                          Min: 0, Avg:  0.0, Max: 0, Diff: 0, Sum: 0, Workers: 6
[26.772s][debug  ][gc,phases      ] GC(98)   StringDedup Requests0 Weak     Min:  0.0, Avg:  0.0, Max:  0.0, Diff:  0.0, Sum:  0.0, Workers: 6
[26.772s][debug  ][gc,phases      ] GC(98)     Dead                           Min: 0, Avg:  0.0, Max: 0, Diff: 0, Sum: 0, Workers: 6
[26.772s][debug  ][gc,phases      ] GC(98)     Total                          Min: 0, Avg:  0.0, Max: 0, Diff: 0, Sum: 0, Workers: 6
[26.772s][debug  ][gc,phases      ] GC(98)   StringDedup Requests1 Weak     Min:  0.0, Avg:  0.0, Max:  0.0, Diff:  0.0, Sum:  0.0, Workers: 6
[26.772s][debug  ][gc,phases      ] GC(98)     Dead                           Min: 0, Avg:  0.0, Max: 0, Diff: 0, Sum: 0, Workers: 6
[26.772s][debug  ][gc,phases      ] GC(98)     Total                          Min: 0, Avg:  0.0, Max: 0, Diff: 0, Sum: 0, Workers: 6
[26.772s][debug  ][gc,phases      ] GC(98)   Weak JFR Old Object Samples    Min:  0.0, Avg:  0.0, Max:  0.0, Diff:  0.0, Sum:  0.0, Workers: 6
[26.772s][debug  ][gc,phases      ] GC(98)     Dead                           Min: 0, Avg:  0.0, Max: 0, Diff: 0, Sum: 0, Workers: 6
[26.772s][debug  ][gc,phases      ] GC(98)     Total                          Min: 0, Avg:  0.0, Max: 0, Diff: 0, Sum: 0, Workers: 6
[26.772s][debug  ][gc,phases      ] GC(98) Weak Processing 0.797ms
[26.772s][debug  ][gc,ergo        ] GC(98) AdaptiveSizeStart:  collection: 99 
[26.772s][debug  ][gc,ergo        ] GC(98) avg_survived_padded_avg: 32500128.000000
[26.772s][debug  ][gc,ergo        ] GC(98) avg_promoted_padded_avg: 257496928.000000  avg_pretenured_padded_avg: 0.000000  tenuring_thresh: 7  target_size: 32505856
[26.772s][debug  ][gc,age         ] GC(98) Desired survivor size 32505856 bytes, new threshold 7 (max threshold 15)
[26.772s][debug  ][gc,ergo        ] GC(98) PSAdaptiveSizePolicy::compute_eden_space_size limits: desired_eden_size: 221544377 old_eden_size: 202375168 eden_limit: 202375168 cur_eden: 202375168 max_eden_size: 202375168 avg_young_live: 26351362
[26.772s][debug  ][gc,ergo        ] GC(98) PSAdaptiveSizePolicy::compute_eden_space_size: costs minor_time: 0.043202 major_cost: 0.048963 mutator_cost: 0.907835 throughput_goal: 0.990000
[26.772s][debug  ][gc,ergo        ] GC(98) Live_space: 1023920768 free_space: 1377828864
[26.772s][debug  ][gc,ergo        ] GC(98) Old eden_size: 202375168 desired_eden_size: 202375168
[26.772s][debug  ][gc,ergo        ] GC(98) AdaptiveSizeStop: collection: 99 
[26.772s][info   ][gc,heap        ] GC(98) PSYoungGen: 218830K(229888K)->30720K(229888K) Eden: 188110K(197632K)->0K(197632K) From: 30720K(32256K)->30720K(32256K)
[26.772s][info   ][gc,heap        ] GC(98) ParOldGen: 943716K(1835008K)->1046116K(1835008K)
[26.772s][info   ][gc,metaspace   ] GC(98) Metaspace: 1021K(1216K)->1021K(1216K) NonClass: 938K(1024K)->938K(1024K) Class: 83K(192K)->83K(192K)
[26.772s][info   ][gc             ] GC(98) Pause Young (Allocation Failure) 1135M->1051M(2016M) 11.259ms
[26.772s][info   ][gc,cpu         ] GC(98) User=0.09s Sys=0.00s Real=0.01s
[26.773s][debug  ][gc,heap        ] GC(98) Heap after GC invocations=99 (full 16):
[26.773s][debug  ][gc,heap        ] GC(98)  PSYoungGen      total 229888K, used 30720K [0x00000000f0000000, 0x0000000100000000, 0x0000000100000000)
[26.773s][debug  ][gc,heap        ] GC(98)   eden space 197632K, 0% used [0x00000000f0000000,0x00000000f0000000,0x00000000fc100000)
[26.773s][debug  ][gc,heap        ] GC(98)   from space 32256K, 95% used [0x00000000fc100000,0x00000000fdf00030,0x00000000fe080000)
[26.773s][debug  ][gc,heap        ] GC(98)   to   space 31744K, 0% used [0x00000000fe100000,0x00000000fe100000,0x0000000100000000)
[26.773s][debug  ][gc,heap        ] GC(98)  ParOldGen       total 1835008K, used 1046116K [0x0000000080000000, 0x00000000f0000000, 0x00000000f0000000)
[26.773s][debug  ][gc,heap        ] GC(98)   object space 1835008K, 57% used [0x0000000080000000,0x00000000bfd99178,0x00000000f0000000)
[26.773s][debug  ][gc,heap        ] GC(98)  Metaspace       used 1021K, committed 1216K, reserved 1056768K
[26.773s][debug  ][gc,heap        ] GC(98)   class space    used 83K, committed 192K, reserved 1048576K
[26.773s][debug  ][gc,task,time   ] GC(98) VM-Thread 267607712 267705134 267727254
[27.064s][debug  ][gc,heap        ] GC(99) Heap before GC invocations=100 (full 16):
[27.064s][debug  ][gc,heap        ] GC(99)  PSYoungGen      total 229888K, used 218859K [0x00000000f0000000, 0x0000000100000000, 0x0000000100000000)
[27.064s][debug  ][gc,heap        ] GC(99)   eden space 197632K, 95% used [0x00000000f0000000,0x00000000fb7bade8,0x00000000fc100000)
[27.064s][debug  ][gc,heap        ] GC(99)   from space 32256K, 95% used [0x00000000fc100000,0x00000000fdf00030,0x00000000fe080000)
[27.064s][debug  ][gc,heap        ] GC(99)   to   space 31744K, 0% used [0x00000000fe100000,0x00000000fe100000,0x0000000100000000)
[27.064s][debug  ][gc,heap        ] GC(99)  ParOldGen       total 1835008K, used 1046116K [0x0000000080000000, 0x00000000f0000000, 0x00000000f0000000)
[27.064s][debug  ][gc,heap        ] GC(99)   object space 1835008K, 57% used [0x0000000080000000,0x00000000bfd99178,0x00000000f0000000)
[27.064s][debug  ][gc,heap        ] GC(99)  Metaspace       used 1021K, committed 1216K, reserved 1056768K
[27.064s][debug  ][gc,heap        ] GC(99)   class space    used 83K, committed 192K, reserved 1048576K
[27.064s][debug  ][gc,tlab        ] GC(99) TLAB totals: thrds: 1  refills: 1 max: 1 slow allocs: 17 max 17 waste: 27.2% gc: 3910856B max: 3910856B slow: 0B max: 0B
[27.064s][info   ][gc,start       ] GC(99) Pause Young (Allocation Failure)
[27.064s][debug  ][gc,phases,start] GC(99) Scavenge
[27.078s][debug  ][gc,phases      ] GC(99) Scavenge 14.183ms
[27.079s][debug  ][gc,phases,start] GC(99) Reference Processing
[27.079s][debug  ][gc,ref         ] GC(99) Skipped phase 1 of Reference Processing: no references
[27.079s][debug  ][gc,ref         ] GC(99) Skipped phase 2 of Reference Processing: no references
[27.079s][debug  ][gc,ref         ] GC(99) Skipped phase 3 of Reference Processing: no references
[27.079s][debug  ][gc,ref         ] GC(99) Skipped phase 4 of Reference Processing: no references
[27.079s][debug  ][gc,phases,ref  ] GC(99) Reference Processing: 0.1ms
[27.079s][debug  ][gc,phases,ref  ] GC(99)   Reconsider SoftReferences: 0.0ms
[27.079s][debug  ][gc,phases,ref  ] GC(99)     SoftRef (ms):                  skipped
[27.079s][debug  ][gc,phases,ref  ] GC(99)   Notify Soft/WeakReferences: 0.0ms
[27.079s][debug  ][gc,phases,ref  ] GC(99)     SoftRef (ms):                  skipped
[27.079s][debug  ][gc,phases,ref  ] GC(99)     WeakRef (ms):                  skipped
[27.079s][debug  ][gc,phases,ref  ] GC(99)     FinalRef (ms):                 skipped
[27.079s][debug  ][gc,phases,ref  ] GC(99)     Total (ms):                    skipped
[27.079s][debug  ][gc,phases,ref  ] GC(99)   Notify and keep alive finalizable: 0.0ms
[27.079s][debug  ][gc,phases,ref  ] GC(99)     FinalRef (ms):                 skipped
[27.079s][debug  ][gc,phases,ref  ] GC(99)   Notify PhantomReferences: 0.0ms
[27.079s][debug  ][gc,phases,ref  ] GC(99)     PhantomRef (ms):               skipped
[27.079s][debug  ][gc,phases,ref  ] GC(99)   SoftReference:
[27.079s][debug  ][gc,phases,ref  ] GC(99)     Discovered: 0
[27.079s][debug  ][gc,phases,ref  ] GC(99)     Cleared: 0
[27.079s][debug  ][gc,phases,ref  ] GC(99)   WeakReference:
[27.079s][debug  ][gc,phases,ref  ] GC(99)     Discovered: 0
[27.079s][debug  ][gc,phases,ref  ] GC(99)     Cleared: 0
[27.079s][debug  ][gc,phases,ref  ] GC(99)   FinalReference:
[27.079s][debug  ][gc,phases,ref  ] GC(99)     Discovered: 0
[27.079s][debug  ][gc,phases,ref  ] GC(99)     Cleared: 0
[27.079s][debug  ][gc,phases,ref  ] GC(99)   PhantomReference:
[27.079s][debug  ][gc,phases,ref  ] GC(99)     Discovered: 0
[27.079s][debug  ][gc,phases,ref  ] GC(99)     Cleared: 0
[27.079s][debug  ][gc,phases      ] GC(99) Reference Processing 0.734ms
[27.079s][debug  ][gc,phases,start] GC(99) Weak Processing
[27.079s][debug  ][gc,phases      ] GC(99)   VM Weak                        Min:  0.0, Avg:  0.0, Max:  0.0, Diff:  0.0, Sum:  0.0, Workers: 6
[27.079s][debug  ][gc,phases      ] GC(99)     Dead                           Min: 0, Avg:  0.0, Max: 0, Diff: 0, Sum: 0, Workers: 6
[27.079s][debug  ][gc,phases      ] GC(99)     Total                          Min: 0, Avg:  1.3, Max: 8, Diff: 8, Sum: 8, Workers: 6
[27.079s][debug  ][gc,phases      ] GC(99)   ObjectSynchronizer Weak        Min:  0.0, Avg:  0.0, Max:  0.0, Diff:  0.0, Sum:  0.0, Workers: 6
[27.079s][debug  ][gc,phases      ] GC(99)     Dead                           Min: 0, Avg:  0.0, Max: 0, Diff: 0, Sum: 0, Workers: 6
[27.080s][debug  ][gc,phases      ] GC(99)     Total                          Min: 0, Avg:  0.5, Max: 3, Diff: 3, Sum: 3, Workers: 6
[27.080s][debug  ][gc,phases      ] GC(99)   JVMTI Tag Weak OopStorage      Min:  0.0, Avg:  0.0, Max:  0.0, Diff:  0.0, Sum:  0.0, Workers: 6
[27.080s][debug  ][gc,phases      ] GC(99)     Dead                           Min: 0, Avg:  0.0, Max: 0, Diff: 0, Sum: 0, Workers: 6
[27.080s][debug  ][gc,phases      ] GC(99)     Total                          Min: 0, Avg:  0.0, Max: 0, Diff: 0, Sum: 0, Workers: 6
[27.080s][debug  ][gc,phases      ] GC(99)   StringTable Weak               Min:  0.0, Avg:  0.0, Max:  0.0, Diff:  0.0, Sum:  0.0, Workers: 6
[27.080s][debug  ][gc,phases      ] GC(99)     Dead                           Min: 0, Avg:  0.0, Max: 0, Diff: 0, Sum: 0, Workers: 6
[27.080s][debug  ][gc,phases      ] GC(99)     Total                          Min: 680, Avg: 891.8, Max: 1280, Diff: 600, Sum: 5351, Workers: 6
[27.080s][debug  ][gc,phases      ] GC(99)   ResolvedMethodTable Weak       Min:  0.0, Avg:  0.0, Max:  0.0, Diff:  0.0, Sum:  0.0, Workers: 6
[27.080s][debug  ][gc,phases      ] GC(99)     Dead                           Min: 0, Avg:  0.0, Max: 0, Diff: 0, Sum: 0, Workers: 6
[27.080s][debug  ][gc,phases      ] GC(99)     Total                          Min: 0, Avg: 21.7, Max: 64, Diff: 64, Sum: 130, Workers: 6
[27.080s][debug  ][gc,phases      ] GC(99)   JNI Weak                       Min:  0.0, Avg:  0.0, Max:  0.0, Diff:  0.0, Sum:  0.0, Workers: 6
[27.080s][debug  ][gc,phases      ] GC(99)     Dead                           Min: 0, Avg:  0.0, Max: 0, Diff: 0, Sum: 0, Workers: 6
[27.080s][debug  ][gc,phases      ] GC(99)     Total                          Min: 0, Avg:  0.0, Max: 0, Diff: 0, Sum: 0, Workers: 6
[27.080s][debug  ][gc,phases      ] GC(99)   StringDedup Table Weak         Min:  0.0, Avg:  0.0, Max:  0.0, Diff:  0.0, Sum:  0.0, Workers: 6
[27.080s][debug  ][gc,phases      ] GC(99)     Dead                           Min: 0, Avg:  0.0, Max: 0, Diff: 0, Sum: 0, Workers: 6
[27.080s][debug  ][gc,phases      ] GC(99)     Total                          Min: 0, Avg:  0.0, Max: 0, Diff: 0, Sum: 0, Workers: 6
[27.080s][debug  ][gc,phases      ] GC(99)   StringDedup Requests0 Weak     Min:  0.0, Avg:  0.0, Max:  0.0, Diff:  0.0, Sum:  0.0, Workers: 6
[27.080s][debug  ][gc,phases      ] GC(99)     Dead                           Min: 0, Avg:  0.0, Max: 0, Diff: 0, Sum: 0, Workers: 6
[27.080s][debug  ][gc,phases      ] GC(99)     Total                          Min: 0, Avg:  0.0, Max: 0, Diff: 0, Sum: 0, Workers: 6
[27.080s][debug  ][gc,phases      ] GC(99)   StringDedup Requests1 Weak     Min:  0.0, Avg:  0.0, Max:  0.0, Diff:  0.0, Sum:  0.0, Workers: 6
[27.080s][debug  ][gc,phases      ] GC(99)     Dead                           Min: 0, Avg:  0.0, Max: 0, Diff: 0, Sum: 0, Workers: 6
[27.080s][debug  ][gc,phases      ] GC(99)     Total                          Min: 0, Avg:  0.0, Max: 0, Diff: 0, Sum: 0, Workers: 6
[27.080s][debug  ][gc,phases      ] GC(99)   Weak JFR Old Object Samples    Min:  0.0, Avg:  0.0, Max:  0.0, Diff:  0.0, Sum:  0.0, Workers: 6
[27.080s][debug  ][gc,phases      ] GC(99)     Dead                           Min: 0, Avg:  0.0, Max: 0, Diff: 0, Sum: 0, Workers: 6
[27.080s][debug  ][gc,phases      ] GC(99)     Total                          Min: 0, Avg:  0.0, Max: 0, Diff: 0, Sum: 0, Workers: 6
[27.080s][debug  ][gc,phases      ] GC(99) Weak Processing 0.793ms
[27.080s][debug  ][gc,ergo        ] GC(99) AdaptiveSizeStart:  collection: 100 
[27.080s][debug  ][gc,ergo        ] GC(99) avg_survived_padded_avg: 32419360.000000
[27.080s][debug  ][gc,ergo        ] GC(99) avg_promoted_padded_avg: 258668384.000000  avg_pretenured_padded_avg: 0.000000  tenuring_thresh: 7  target_size: 32505856
[27.080s][debug  ][gc,age         ] GC(99) Desired survivor size 32505856 bytes, new threshold 7 (max threshold 15)
[27.080s][debug  ][gc,ergo        ] GC(99) PSAdaptiveSizePolicy::compute_eden_space_size limits: desired_eden_size: 222018742 old_eden_size: 202375168 eden_limit: 202899456 cur_eden: 202375168 max_eden_size: 202899456 avg_young_live: 26861958
[27.080s][debug  ][gc,ergo        ] GC(99) PSAdaptiveSizePolicy::compute_eden_space_size: costs minor_time: 0.045259 major_cost: 0.048963 mutator_cost: 0.905778 throughput_goal: 0.990000
[27.080s][debug  ][gc,ergo        ] GC(99) Live_space: 1024431360 free_space: 1377828864
[27.080s][debug  ][gc,ergo        ] GC(99) Old eden_size: 202375168 desired_eden_size: 202899456
[27.080s][debug  ][gc,ergo        ] GC(99) AdaptiveSizeStop: collection: 100 
[27.080s][info   ][gc,heap        ] GC(99) PSYoungGen: 218859K(229888K)->30720K(230400K) Eden: 188139K(197632K)->0K(198656K) From: 30720K(32256K)->30720K(31744K)
[27.080s][info   ][gc,heap        ] GC(99) ParOldGen: 1046116K(1835008K)->1230436K(1835008K)
[27.080s][info   ][gc,metaspace   ] GC(99) Metaspace: 1021K(1216K)->1021K(1216K) NonClass: 938K(1024K)->938K(1024K) Class: 83K(192K)->83K(192K)
[27.080s][info   ][gc             ] GC(99) Pause Young (Allocation Failure) 1235M->1231M(2017M) 16.192ms
[27.080s][info   ][gc,cpu         ] GC(99) User=0.09s Sys=0.00s Real=0.02s
[27.080s][debug  ][gc,heap        ] GC(99) Heap after GC invocations=100 (full 16):
[27.081s][debug  ][gc,heap        ] GC(99)  PSYoungGen      total 230400K, used 30720K [0x00000000f0000000, 0x0000000100000000, 0x0000000100000000)
[27.081s][debug  ][gc,heap        ] GC(99)   eden space 198656K, 0% used [0x00000000f0000000,0x00000000f0000000,0x00000000fc200000)
[27.081s][debug  ][gc,heap        ] GC(99)   from space 31744K, 96% used [0x00000000fe100000,0x00000000fff00030,0x0000000100000000)
[27.081s][debug  ][gc,heap        ] GC(99)   to   space 31744K, 0% used [0x00000000fc200000,0x00000000fc200000,0x00000000fe100000)
[27.081s][debug  ][gc,heap        ] GC(99)  ParOldGen       total 1835008K, used 1230436K [0x0000000080000000, 0x00000000f0000000, 0x00000000f0000000)
[27.081s][debug  ][gc,heap        ] GC(99)   object space 1835008K, 67% used [0x0000000080000000,0x00000000cb199298,0x00000000f0000000)
[27.081s][debug  ][gc,heap        ] GC(99)  Metaspace       used 1021K, committed 1216K, reserved 1056768K
[27.081s][debug  ][gc,heap        ] GC(99)   class space    used 83K, committed 192K, reserved 1048576K
[27.081s][debug  ][gc,task,time   ] GC(99) VM-Thread 270638137 270785531 270807014
[27.380s][debug  ][gc,heap        ] GC(100) Heap before GC invocations=101 (full 16):
[27.380s][debug  ][gc,heap        ] GC(100)  PSYoungGen      total 230400K, used 229138K [0x00000000f0000000, 0x0000000100000000, 0x0000000100000000)
[27.380s][debug  ][gc,heap        ] GC(100)   eden space 198656K, 99% used [0x00000000f0000000,0x00000000fc1c4808,0x00000000fc200000)
[27.380s][debug  ][gc,heap        ] GC(100)   from space 31744K, 96% used [0x00000000fe100000,0x00000000fff00030,0x0000000100000000)
[27.380s][debug  ][gc,heap        ] GC(100)   to   space 31744K, 0% used [0x00000000fc200000,0x00000000fc200000,0x00000000fe100000)
[27.380s][debug  ][gc,heap        ] GC(100)  ParOldGen       total 1835008K, used 1230436K [0x0000000080000000, 0x00000000f0000000, 0x00000000f0000000)
[27.380s][debug  ][gc,heap        ] GC(100)   object space 1835008K, 67% used [0x0000000080000000,0x00000000cb199298,0x00000000f0000000)
[27.380s][debug  ][gc,heap        ] GC(100)  Metaspace       used 1021K, committed 1216K, reserved 1056768K
[27.380s][debug  ][gc,heap        ] GC(100)   class space    used 83K, committed 192K, reserved 1048576K
[27.380s][debug  ][gc,tlab        ] GC(100) TLAB totals: thrds: 1  refills: 1 max: 1 slow allocs: 18 max 18 waste: 27.4% gc: 3950296B max: 3950296B slow: 0B max: 0B
[27.380s][info   ][gc,start       ] GC(100) Pause Young (Allocation Failure)
[27.380s][debug  ][gc,phases,start] GC(100) Scavenge
[27.395s][debug  ][gc,phases      ] GC(100) Scavenge 14.557ms
[27.395s][debug  ][gc,phases,start] GC(100) Reference Processing
[27.395s][debug  ][gc,ref         ] GC(100) Skipped phase 1 of Reference Processing: no references
[27.395s][debug  ][gc,ref         ] GC(100) Skipped phase 2 of Reference Processing: no references
[27.395s][debug  ][gc,ref         ] GC(100) Skipped phase 3 of Reference Processing: no references
[27.395s][debug  ][gc,ref         ] GC(100) Skipped phase 4 of Reference Processing: no references
[27.395s][debug  ][gc,phases,ref  ] GC(100) Reference Processing: 0.1ms
[27.395s][debug  ][gc,phases,ref  ] GC(100)   Reconsider SoftReferences: 0.0ms
[27.395s][debug  ][gc,phases,ref  ] GC(100)     SoftRef (ms):                  skipped
[27.395s][debug  ][gc,phases,ref  ] GC(100)   Notify Soft/WeakReferences: 0.0ms
[27.395s][debug  ][gc,phases,ref  ] GC(100)     SoftRef (ms):                  skipped
[27.395s][debug  ][gc,phases,ref  ] GC(100)     WeakRef (ms):                  skipped
[27.395s][debug  ][gc,phases,ref  ] GC(100)     FinalRef (ms):                 skipped
[27.395s][debug  ][gc,phases,ref  ] GC(100)     Total (ms):                    skipped
[27.395s][debug  ][gc,phases,ref  ] GC(100)   Notify and keep alive finalizable: 0.0ms
[27.395s][debug  ][gc,phases,ref  ] GC(100)     FinalRef (ms):                 skipped
[27.395s][debug  ][gc,phases,ref  ] GC(100)   Notify PhantomReferences: 0.0ms
[27.395s][debug  ][gc,phases,ref  ] GC(100)     PhantomRef (ms):               skipped
[27.395s][debug  ][gc,phases,ref  ] GC(100)   SoftReference:
[27.396s][debug  ][gc,phases,ref  ] GC(100)     Discovered: 0
[27.396s][debug  ][gc,phases,ref  ] GC(100)     Cleared: 0
[27.396s][debug  ][gc,phases,ref  ] GC(100)   WeakReference:
[27.396s][debug  ][gc,phases,ref  ] GC(100)     Discovered: 0
[27.396s][debug  ][gc,phases,ref  ] GC(100)     Cleared: 0
[27.396s][debug  ][gc,phases,ref  ] GC(100)   FinalReference:
[27.396s][debug  ][gc,phases,ref  ] GC(100)     Discovered: 0
[27.396s][debug  ][gc,phases,ref  ] GC(100)     Cleared: 0
[27.396s][debug  ][gc,phases,ref  ] GC(100)   PhantomReference:
[27.396s][debug  ][gc,phases,ref  ] GC(100)     Discovered: 0
[27.396s][debug  ][gc,phases,ref  ] GC(100)     Cleared: 0
[27.396s][debug  ][gc,phases      ] GC(100) Reference Processing 0.599ms
[27.396s][debug  ][gc,phases,start] GC(100) Weak Processing
[27.396s][debug  ][gc,phases      ] GC(100)   VM Weak                        Min:  0.0, Avg:  0.0, Max:  0.0, Diff:  0.0, Sum:  0.0, Workers: 6
[27.396s][debug  ][gc,phases      ] GC(100)     Dead                           Min: 0, Avg:  0.0, Max: 0, Diff: 0, Sum: 0, Workers: 6
[27.396s][debug  ][gc,phases      ] GC(100)     Total                          Min: 0, Avg:  1.3, Max: 8, Diff: 8, Sum: 8, Workers: 6
[27.396s][debug  ][gc,phases      ] GC(100)   ObjectSynchronizer Weak        Min:  0.0, Avg:  0.0, Max:  0.0, Diff:  0.0, Sum:  0.0, Workers: 6
[27.396s][debug  ][gc,phases      ] GC(100)     Dead                           Min: 0, Avg:  0.0, Max: 0, Diff: 0, Sum: 0, Workers: 6
[27.396s][debug  ][gc,phases      ] GC(100)     Total                          Min: 0, Avg:  0.5, Max: 3, Diff: 3, Sum: 3, Workers: 6
[27.396s][debug  ][gc,phases      ] GC(100)   JVMTI Tag Weak OopStorage      Min:  0.0, Avg:  0.0, Max:  0.0, Diff:  0.0, Sum:  0.0, Workers: 6
[27.396s][debug  ][gc,phases      ] GC(100)     Dead                           Min: 0, Avg:  0.0, Max: 0, Diff: 0, Sum: 0, Workers: 6
[27.396s][debug  ][gc,phases      ] GC(100)     Total                          Min: 0, Avg:  0.0, Max: 0, Diff: 0, Sum: 0, Workers: 6
[27.396s][debug  ][gc,phases      ] GC(100)   StringTable Weak               Min:  0.0, Avg:  0.0, Max:  0.0, Diff:  0.0, Sum:  0.0, Workers: 6
[27.396s][debug  ][gc,phases      ] GC(100)     Dead                           Min: 0, Avg:  0.0, Max: 0, Diff: 0, Sum: 0, Workers: 6
[27.396s][debug  ][gc,phases      ] GC(100)     Total                          Min: 768, Avg: 891.8, Max: 1064, Diff: 296, Sum: 5351, Workers: 6
[27.396s][debug  ][gc,phases      ] GC(100)   ResolvedMethodTable Weak       Min:  0.0, Avg:  0.0, Max:  0.0, Diff:  0.0, Sum:  0.0, Workers: 6
[27.396s][debug  ][gc,phases      ] GC(100)     Dead                           Min: 0, Avg:  0.0, Max: 0, Diff: 0, Sum: 0, Workers: 6
[27.396s][debug  ][gc,phases      ] GC(100)     Total                          Min: 0, Avg: 21.7, Max: 64, Diff: 64, Sum: 130, Workers: 6
[27.396s][debug  ][gc,phases      ] GC(100)   JNI Weak                       Min:  0.0, Avg:  0.0, Max:  0.0, Diff:  0.0, Sum:  0.0, Workers: 6
[27.396s][debug  ][gc,phases      ] GC(100)     Dead                           Min: 0, Avg:  0.0, Max: 0, Diff: 0, Sum: 0, Workers: 6
[27.396s][debug  ][gc,phases      ] GC(100)     Total                          Min: 0, Avg:  0.0, Max: 0, Diff: 0, Sum: 0, Workers: 6
[27.396s][debug  ][gc,phases      ] GC(100)   StringDedup Table Weak         Min:  0.0, Avg:  0.0, Max:  0.0, Diff:  0.0, Sum:  0.0, Workers: 6
[27.396s][debug  ][gc,phases      ] GC(100)     Dead                           Min: 0, Avg:  0.0, Max: 0, Diff: 0, Sum: 0, Workers: 6
[27.396s][debug  ][gc,phases      ] GC(100)     Total                          Min: 0, Avg:  0.0, Max: 0, Diff: 0, Sum: 0, Workers: 6
[27.396s][debug  ][gc,phases      ] GC(100)   StringDedup Requests0 Weak     Min:  0.0, Avg:  0.0, Max:  0.0, Diff:  0.0, Sum:  0.0, Workers: 6
[27.396s][debug  ][gc,phases      ] GC(100)     Dead                           Min: 0, Avg:  0.0, Max: 0, Diff: 0, Sum: 0, Workers: 6
[27.396s][debug  ][gc,phases      ] GC(100)     Total                          Min: 0, Avg:  0.0, Max: 0, Diff: 0, Sum: 0, Workers: 6
[27.396s][debug  ][gc,phases      ] GC(100)   StringDedup Requests1 Weak     Min:  0.0, Avg:  0.0, Max:  0.0, Diff:  0.0, Sum:  0.0, Workers: 6
[27.396s][debug  ][gc,phases      ] GC(100)     Dead                           Min: 0, Avg:  0.0, Max: 0, Diff: 0, Sum: 0, Workers: 6
[27.396s][debug  ][gc,phases      ] GC(100)     Total                          Min: 0, Avg:  0.0, Max: 0, Diff: 0, Sum: 0, Workers: 6
[27.396s][debug  ][gc,phases      ] GC(100)   Weak JFR Old Object Samples    Min:  0.0, Avg:  0.0, Max:  0.0, Diff:  0.0, Sum:  0.0, Workers: 6
[27.396s][debug  ][gc,phases      ] GC(100)     Dead                           Min: 0, Avg:  0.0, Max: 0, Diff: 0, Sum: 0, Workers: 6
[27.396s][debug  ][gc,phases      ] GC(100)     Total                          Min: 0, Avg:  0.0, Max: 0, Diff: 0, Sum: 0, Workers: 6
[27.396s][debug  ][gc,phases      ] GC(100) Weak Processing 0.694ms
[27.396s][debug  ][gc,ergo        ] GC(100) AdaptiveSizeStart:  collection: 101 
[27.396s][debug  ][gc,ergo        ] GC(100) avg_survived_padded_avg: 32344318.000000
[27.396s][debug  ][gc,ergo        ] GC(100) avg_promoted_padded_avg: 262797760.000000  avg_pretenured_padded_avg: 0.000000  tenuring_thresh: 7  target_size: 32505856
[27.397s][debug  ][gc,age         ] GC(100) Desired survivor size 32505856 bytes, new threshold 7 (max threshold 15)
[27.397s][debug  ][gc,ergo        ] GC(100) PSAdaptiveSizePolicy::compute_eden_space_size limits: desired_eden_size: 223357984 old_eden_size: 202899456 eden_limit: 203423744 cur_eden: 203423744 max_eden_size: 203423744 avg_young_live: 27321494
[27.397s][debug  ][gc,ergo        ] GC(100) PSAdaptiveSizePolicy::compute_eden_space_size: costs minor_time: 0.046566 major_cost: 0.048963 mutator_cost: 0.904471 throughput_goal: 0.990000
[27.397s][debug  ][gc,ergo        ] GC(100) Live_space: 1024890880 free_space: 1378353152
[27.397s][debug  ][gc,ergo        ] GC(100) Old eden_size: 202899456 desired_eden_size: 203423744
[27.397s][debug  ][gc,ergo        ] GC(100) AdaptiveSizeStop: collection: 101 
[27.397s][info   ][gc,heap        ] GC(100) PSYoungGen: 229138K(230400K)->30720K(230400K) Eden: 198418K(198656K)->0K(198656K) From: 30720K(31744K)->30720K(31744K)
[27.397s][info   ][gc,heap        ] GC(100) ParOldGen: 1230436K(1835008K)->1424996K(1835008K)
[27.397s][info   ][gc,metaspace   ] GC(100) Metaspace: 1021K(1216K)->1021K(1216K) NonClass: 938K(1024K)->938K(1024K) Class: 83K(192K)->83K(192K)
[27.397s][info   ][gc             ] GC(100) Pause Young (Allocation Failure) 1425M->1421M(2017M) 16.276ms
[27.397s][info   ][gc,cpu         ] GC(100) User=0.09s Sys=0.00s Real=0.02s
[27.397s][debug  ][gc,heap        ] GC(100) Heap after GC invocations=101 (full 16):
[27.397s][debug  ][gc,heap        ] GC(100)  PSYoungGen      total 230400K, used 30720K [0x00000000f0000000, 0x0000000100000000, 0x0000000100000000)
[27.397s][debug  ][gc,heap        ] GC(100)   eden space 198656K, 0% used [0x00000000f0000000,0x00000000f0000000,0x00000000fc200000)
[27.397s][debug  ][gc,heap        ] GC(100)   from space 31744K, 96% used [0x00000000fc200000,0x00000000fe000030,0x00000000fe100000)
[27.397s][debug  ][gc,heap        ] GC(100)   to   space 31744K, 0% used [0x00000000fe100000,0x00000000fe100000,0x0000000100000000)
[27.397s][debug  ][gc,heap        ] GC(100)  ParOldGen       total 1835008K, used 1424996K [0x0000000080000000, 0x00000000f0000000, 0x00000000f0000000)
[27.397s][debug  ][gc,heap        ] GC(100)   object space 1835008K, 77% used [0x0000000080000000,0x00000000d6f993c8,0x00000000f0000000)
[27.397s][debug  ][gc,heap        ] GC(100)  Metaspace       used 1021K, committed 1216K, reserved 1056768K
[27.397s][debug  ][gc,heap        ] GC(100)   class space    used 83K, committed 192K, reserved 1048576K
[27.397s][debug  ][gc,task,time   ] GC(100) VM-Thread 273800607 273951129 273969437
[27.698s][debug  ][gc,heap        ] GC(101) Heap before GC invocations=102 (full 16):
[27.698s][debug  ][gc,heap        ] GC(101)  PSYoungGen      total 230400K, used 229151K [0x00000000f0000000, 0x0000000100000000, 0x0000000100000000)
[27.698s][debug  ][gc,heap        ] GC(101)   eden space 198656K, 99% used [0x00000000f0000000,0x00000000fc1c7d70,0x00000000fc200000)
[27.698s][debug  ][gc,heap        ] GC(101)   from space 31744K, 96% used [0x00000000fc200000,0x00000000fe000030,0x00000000fe100000)
[27.698s][debug  ][gc,heap        ] GC(101)   to   space 31744K, 0% used [0x00000000fe100000,0x00000000fe100000,0x0000000100000000)
[27.698s][debug  ][gc,heap        ] GC(101)  ParOldGen       total 1835008K, used 1424996K [0x0000000080000000, 0x00000000f0000000, 0x00000000f0000000)
[27.698s][debug  ][gc,heap        ] GC(101)   object space 1835008K, 77% used [0x0000000080000000,0x00000000d6f993c8,0x00000000f0000000)
[27.698s][debug  ][gc,heap        ] GC(101)  Metaspace       used 1021K, committed 1216K, reserved 1056768K
[27.698s][debug  ][gc,heap        ] GC(101)   class space    used 83K, committed 192K, reserved 1048576K
[27.698s][debug  ][gc,tlab        ] GC(101) TLAB totals: thrds: 1  refills: 1 max: 1 slow allocs: 18 max 18 waste: 27.4% gc: 3963968B max: 3963968B slow: 0B max: 0B
[27.698s][info   ][gc,start       ] GC(101) Pause Young (Allocation Failure)
[27.699s][debug  ][gc,phases,start] GC(101) Scavenge
[27.714s][debug  ][gc,phases      ] GC(101) Scavenge 15.275ms
[27.714s][debug  ][gc,phases,start] GC(101) Reference Processing
[27.714s][debug  ][gc,ref         ] GC(101) Skipped phase 1 of Reference Processing: no references
[27.714s][debug  ][gc,ref         ] GC(101) Skipped phase 2 of Reference Processing: no references
[27.714s][debug  ][gc,ref         ] GC(101) Skipped phase 3 of Reference Processing: no references
[27.714s][debug  ][gc,ref         ] GC(101) Skipped phase 4 of Reference Processing: no references
[27.714s][debug  ][gc,phases,ref  ] GC(101) Reference Processing: 0.1ms
[27.714s][debug  ][gc,phases,ref  ] GC(101)   Reconsider SoftReferences: 0.0ms
[27.714s][debug  ][gc,phases,ref  ] GC(101)     SoftRef (ms):                  skipped
[27.714s][debug  ][gc,phases,ref  ] GC(101)   Notify Soft/WeakReferences: 0.0ms
[27.714s][debug  ][gc,phases,ref  ] GC(101)     SoftRef (ms):                  skipped
[27.714s][debug  ][gc,phases,ref  ] GC(101)     WeakRef (ms):                  skipped
[27.714s][debug  ][gc,phases,ref  ] GC(101)     FinalRef (ms):                 skipped
[27.714s][debug  ][gc,phases,ref  ] GC(101)     Total (ms):                    skipped
[27.714s][debug  ][gc,phases,ref  ] GC(101)   Notify and keep alive finalizable: 0.0ms
[27.714s][debug  ][gc,phases,ref  ] GC(101)     FinalRef (ms):                 skipped
[27.714s][debug  ][gc,phases,ref  ] GC(101)   Notify PhantomReferences: 0.0ms
[27.714s][debug  ][gc,phases,ref  ] GC(101)     PhantomRef (ms):               skipped
[27.714s][debug  ][gc,phases,ref  ] GC(101)   SoftReference:
[27.714s][debug  ][gc,phases,ref  ] GC(101)     Discovered: 0
[27.714s][debug  ][gc,phases,ref  ] GC(101)     Cleared: 0
[27.714s][debug  ][gc,phases,ref  ] GC(101)   WeakReference:
[27.714s][debug  ][gc,phases,ref  ] GC(101)     Discovered: 0
[27.714s][debug  ][gc,phases,ref  ] GC(101)     Cleared: 0
[27.714s][debug  ][gc,phases,ref  ] GC(101)   FinalReference:
[27.714s][debug  ][gc,phases,ref  ] GC(101)     Discovered: 0
[27.715s][debug  ][gc,phases,ref  ] GC(101)     Cleared: 0
[27.715s][debug  ][gc,phases,ref  ] GC(101)   PhantomReference:
[27.715s][debug  ][gc,phases,ref  ] GC(101)     Discovered: 0
[27.715s][debug  ][gc,phases,ref  ] GC(101)     Cleared: 0
[27.715s][debug  ][gc,phases      ] GC(101) Reference Processing 0.703ms
[27.715s][debug  ][gc,phases,start] GC(101) Weak Processing
[27.715s][debug  ][gc,phases      ] GC(101)   VM Weak                        Min:  0.0, Avg:  0.0, Max:  0.0, Diff:  0.0, Sum:  0.0, Workers: 6
[27.715s][debug  ][gc,phases      ] GC(101)     Dead                           Min: 0, Avg:  0.0, Max: 0, Diff: 0, Sum: 0, Workers: 6
[27.715s][debug  ][gc,phases      ] GC(101)     Total                          Min: 0, Avg:  1.3, Max: 8, Diff: 8, Sum: 8, Workers: 6
[27.715s][debug  ][gc,phases      ] GC(101)   ObjectSynchronizer Weak        Min:  0.0, Avg:  0.0, Max:  0.0, Diff:  0.0, Sum:  0.0, Workers: 6
[27.715s][debug  ][gc,phases      ] GC(101)     Dead                           Min: 0, Avg:  0.0, Max: 0, Diff: 0, Sum: 0, Workers: 6
[27.715s][debug  ][gc,phases      ] GC(101)     Total                          Min: 0, Avg:  0.5, Max: 3, Diff: 3, Sum: 3, Workers: 6
[27.715s][debug  ][gc,phases      ] GC(101)   JVMTI Tag Weak OopStorage      Min:  0.0, Avg:  0.0, Max:  0.0, Diff:  0.0, Sum:  0.0, Workers: 6
[27.715s][debug  ][gc,phases      ] GC(101)     Dead                           Min: 0, Avg:  0.0, Max: 0, Diff: 0, Sum: 0, Workers: 6
[27.715s][debug  ][gc,phases      ] GC(101)     Total                          Min: 0, Avg:  0.0, Max: 0, Diff: 0, Sum: 0, Workers: 6
[27.715s][debug  ][gc,phases      ] GC(101)   StringTable Weak               Min:  0.0, Avg:  0.0, Max:  0.0, Diff:  0.0, Sum:  0.0, Workers: 6
[27.715s][debug  ][gc,phases      ] GC(101)     Dead                           Min: 0, Avg:  0.0, Max: 0, Diff: 0, Sum: 0, Workers: 6
[27.715s][debug  ][gc,phases      ] GC(101)     Total                          Min: 808, Avg: 891.8, Max: 960, Diff: 152, Sum: 5351, Workers: 6
[27.715s][debug  ][gc,phases      ] GC(101)   ResolvedMethodTable Weak       Min:  0.0, Avg:  0.0, Max:  0.0, Diff:  0.0, Sum:  0.0, Workers: 6
[27.715s][debug  ][gc,phases      ] GC(101)     Dead                           Min: 0, Avg:  0.0, Max: 0, Diff: 0, Sum: 0, Workers: 6
[27.715s][debug  ][gc,phases      ] GC(101)     Total                          Min: 0, Avg: 21.7, Max: 64, Diff: 64, Sum: 130, Workers: 6
[27.715s][debug  ][gc,phases      ] GC(101)   JNI Weak                       Min:  0.0, Avg:  0.0, Max:  0.0, Diff:  0.0, Sum:  0.0, Workers: 6
[27.715s][debug  ][gc,phases      ] GC(101)     Dead                           Min: 0, Avg:  0.0, Max: 0, Diff: 0, Sum: 0, Workers: 6
[27.715s][debug  ][gc,phases      ] GC(101)     Total                          Min: 0, Avg:  0.0, Max: 0, Diff: 0, Sum: 0, Workers: 6
[27.715s][debug  ][gc,phases      ] GC(101)   StringDedup Table Weak         Min:  0.0, Avg:  0.0, Max:  0.0, Diff:  0.0, Sum:  0.0, Workers: 6
[27.715s][debug  ][gc,phases      ] GC(101)     Dead                           Min: 0, Avg:  0.0, Max: 0, Diff: 0, Sum: 0, Workers: 6
[27.715s][debug  ][gc,phases      ] GC(101)     Total                          Min: 0, Avg:  0.0, Max: 0, Diff: 0, Sum: 0, Workers: 6
[27.715s][debug  ][gc,phases      ] GC(101)   StringDedup Requests0 Weak     Min:  0.0, Avg:  0.0, Max:  0.0, Diff:  0.0, Sum:  0.0, Workers: 6
[27.715s][debug  ][gc,phases      ] GC(101)     Dead                           Min: 0, Avg:  0.0, Max: 0, Diff: 0, Sum: 0, Workers: 6
[27.715s][debug  ][gc,phases      ] GC(101)     Total                          Min: 0, Avg:  0.0, Max: 0, Diff: 0, Sum: 0, Workers: 6
[27.715s][debug  ][gc,phases      ] GC(101)   StringDedup Requests1 Weak     Min:  0.0, Avg:  0.0, Max:  0.0, Diff:  0.0, Sum:  0.0, Workers: 6
[27.715s][debug  ][gc,phases      ] GC(101)     Dead                           Min: 0, Avg:  0.0, Max: 0, Diff: 0, Sum: 0, Workers: 6
[27.715s][debug  ][gc,phases      ] GC(101)     Total                          Min: 0, Avg:  0.0, Max: 0, Diff: 0, Sum: 0, Workers: 6
[27.715s][debug  ][gc,phases      ] GC(101)   Weak JFR Old Object Samples    Min:  0.0, Avg:  0.0, Max:  0.0, Diff:  0.0, Sum:  0.0, Workers: 6
[27.715s][debug  ][gc,phases      ] GC(101)     Dead                           Min: 0, Avg:  0.0, Max: 0, Diff: 0, Sum: 0, Workers: 6
[27.715s][debug  ][gc,phases      ] GC(101)     Total                          Min: 0, Avg:  0.0, Max: 0, Diff: 0, Sum: 0, Workers: 6
[27.715s][debug  ][gc,phases      ] GC(101) Weak Processing 0.759ms
[27.715s][debug  ][gc,ergo        ] GC(101) AdaptiveSizeStart:  collection: 102 
[27.715s][debug  ][gc,ergo        ] GC(101) avg_survived_padded_avg: 32274664.000000
[27.715s][debug  ][gc,ergo        ] GC(101) avg_promoted_padded_avg: 265506864.000000  avg_pretenured_padded_avg: 0.000000  tenuring_thresh: 7  target_size: 32505856
[27.715s][debug  ][gc,age         ] GC(101) Desired survivor size 32505856 bytes, new threshold 7 (max threshold 15)
[27.715s][debug  ][gc,ergo        ] GC(101) PSAdaptiveSizePolicy::compute_eden_space_size limits: desired_eden_size: 223698475 old_eden_size: 203423744 eden_limit: 203423744 cur_eden: 203423744 max_eden_size: 203423744 avg_young_live: 27735078
[27.716s][debug  ][gc,ergo        ] GC(101) PSAdaptiveSizePolicy::compute_eden_space_size: costs minor_time: 0.048143 major_cost: 0.048963 mutator_cost: 0.902894 throughput_goal: 0.990000
[27.716s][debug  ][gc,ergo        ] GC(101) Live_space: 1025304448 free_space: 1378877440
[27.716s][debug  ][gc,ergo        ] GC(101) Old eden_size: 203423744 desired_eden_size: 203423744
[27.716s][debug  ][gc,ergo        ] GC(101) AdaptiveSizeStop: collection: 102 
[27.716s][info   ][gc,heap        ] GC(101) PSYoungGen: 229151K(230400K)->30720K(230400K) Eden: 198431K(198656K)->0K(198656K) From: 30720K(31744K)->30720K(31744K)
[27.716s][info   ][gc,heap        ] GC(101) ParOldGen: 1424996K(1835008K)->1619557K(1835008K)
[27.716s][info   ][gc,metaspace   ] GC(101) Metaspace: 1021K(1216K)->1021K(1216K) NonClass: 938K(1024K)->938K(1024K) Class: 83K(192K)->83K(192K)
[27.716s][info   ][gc             ] GC(101) Pause Young (Allocation Failure) 1615M->1611M(2017M) 17.196ms
[27.716s][info   ][gc,cpu         ] GC(101) User=0.09s Sys=0.00s Real=0.02s
[27.716s][debug  ][gc,heap        ] GC(101) Heap after GC invocations=102 (full 16):
[27.716s][debug  ][gc,heap        ] GC(101)  PSYoungGen      total 230400K, used 30720K [0x00000000f0000000, 0x0000000100000000, 0x0000000100000000)
[27.716s][debug  ][gc,heap        ] GC(101)   eden space 198656K, 0% used [0x00000000f0000000,0x00000000f0000000,0x00000000fc200000)
[27.716s][debug  ][gc,heap        ] GC(101)   from space 31744K, 96% used [0x00000000fe100000,0x00000000fff00030,0x0000000100000000)
[27.716s][debug  ][gc,heap        ] GC(101)   to   space 31744K, 0% used [0x00000000fc200000,0x00000000fc200000,0x00000000fe100000)
[27.716s][debug  ][gc,heap        ] GC(101)  ParOldGen       total 1835008K, used 1619557K [0x0000000080000000, 0x00000000f0000000, 0x00000000f0000000)
[27.716s][debug  ][gc,heap        ] GC(101)   object space 1835008K, 88% used [0x0000000080000000,0x00000000e2d994f8,0x00000000f0000000)
[27.716s][debug  ][gc,heap        ] GC(101)  Metaspace       used 1021K, committed 1216K, reserved 1056768K
[27.716s][debug  ][gc,heap        ] GC(101)   class space    used 83K, committed 192K, reserved 1048576K
[27.716s][debug  ][gc,task,time   ] GC(101) VM-Thread 276981256 277138974 277159433
[27.716s][debug  ][gc,phases,start] GC(102) Pre Compact
[27.716s][debug  ][gc,heap        ] GC(102) Heap before GC invocations=103 (full 17):
[27.716s][debug  ][gc,heap        ] GC(102)  PSYoungGen      total 230400K, used 30720K [0x00000000f0000000, 0x0000000100000000, 0x0000000100000000)
[27.716s][debug  ][gc,heap        ] GC(102)   eden space 198656K, 0% used [0x00000000f0000000,0x00000000f0000000,0x00000000fc200000)
[27.716s][debug  ][gc,heap        ] GC(102)   from space 31744K, 96% used [0x00000000fe100000,0x00000000fff00030,0x0000000100000000)
[27.716s][debug  ][gc,heap        ] GC(102)   to   space 31744K, 0% used [0x00000000fc200000,0x00000000fc200000,0x00000000fe100000)
[27.716s][debug  ][gc,heap        ] GC(102)  ParOldGen       total 1835008K, used 1619557K [0x0000000080000000, 0x00000000f0000000, 0x00000000f0000000)
[27.716s][debug  ][gc,heap        ] GC(102)   object space 1835008K, 88% used [0x0000000080000000,0x00000000e2d994f8,0x00000000f0000000)
[27.716s][debug  ][gc,heap        ] GC(102)  Metaspace       used 1021K, committed 1216K, reserved 1056768K
[27.716s][debug  ][gc,heap        ] GC(102)   class space    used 83K, committed 192K, reserved 1048576K
[27.716s][debug  ][gc,phases      ] GC(102) Pre Compact 0.204ms
[27.716s][info   ][gc,start       ] GC(102) Pause Full (Ergonomics)
[27.716s][info   ][gc,phases,start] GC(102) Marking Phase
[27.716s][debug  ][gc,phases,start] GC(102) Par Mark
[27.717s][debug  ][gc,phases      ] GC(102) Par Mark 0.592ms
[27.717s][debug  ][gc,phases,start] GC(102) Reference Processing
[27.717s][debug  ][gc,ref         ] GC(102) Skipped phase 1 of Reference Processing: no references
[27.717s][debug  ][gc,ref         ] GC(102) ReferenceProcessor::execute queues: 1, RefProcThreadModel::Single, marks_oops_alive: false
[27.717s][debug  ][gc,ref         ] GC(102) Skipped phase 3 of Reference Processing: no references
[27.717s][debug  ][gc,ref         ] GC(102) ReferenceProcessor::execute queues: 1, RefProcThreadModel::Single, marks_oops_alive: false
[27.717s][debug  ][gc,phases,ref  ] GC(102) Reference Processing: 0.1ms
[27.717s][debug  ][gc,phases,ref  ] GC(102)   Reconsider SoftReferences: 0.0ms
[27.717s][debug  ][gc,phases,ref  ] GC(102)     SoftRef (ms):                  skipped
[27.717s][debug  ][gc,phases,ref  ] GC(102)   Notify Soft/WeakReferences: 0.0ms
[27.717s][debug  ][gc,phases,ref  ] GC(102)     SoftRef (ms):                  Min:  0.0, Avg:  0.0, Max:  0.0, Diff:  0.0, Sum:  0.0, Workers: 6
[27.717s][debug  ][gc,phases,ref  ] GC(102)     WeakRef (ms):                  Min:  0.0, Avg:  0.0, Max:  0.0, Diff:  0.0, Sum:  0.0, Workers: 6
[27.717s][debug  ][gc,phases,ref  ] GC(102)     FinalRef (ms):                 Min:  0.0, Avg:  0.0, Max:  0.0, Diff:  0.0, Sum:  0.0, Workers: 6
[27.717s][debug  ][gc,phases,ref  ] GC(102)     Total (ms):                    Min:  0.0, Avg:  0.0, Max:  0.0, Diff:  0.0, Sum:  0.0, Workers: 6
[27.717s][debug  ][gc,phases,ref  ] GC(102)   Notify and keep alive finalizable: 0.0ms
[27.717s][debug  ][gc,phases,ref  ] GC(102)     FinalRef (ms):                 skipped
[27.717s][debug  ][gc,phases,ref  ] GC(102)   Notify PhantomReferences: 0.0ms
[27.717s][debug  ][gc,phases,ref  ] GC(102)     PhantomRef (ms):               Min:  0.0, Avg:  0.0, Max:  0.0, Diff:  0.0, Sum:  0.0, Workers: 6
[27.717s][debug  ][gc,phases,ref  ] GC(102)   SoftReference:
[27.717s][debug  ][gc,phases,ref  ] GC(102)     Discovered: 0
[27.717s][debug  ][gc,phases,ref  ] GC(102)     Cleared: 0
[27.717s][debug  ][gc,phases,ref  ] GC(102)   WeakReference:
[27.717s][debug  ][gc,phases,ref  ] GC(102)     Discovered: 108
[27.717s][debug  ][gc,phases,ref  ] GC(102)     Cleared: 108
[27.717s][debug  ][gc,phases,ref  ] GC(102)   FinalReference:
[27.717s][debug  ][gc,phases,ref  ] GC(102)     Discovered: 0
[27.717s][debug  ][gc,phases,ref  ] GC(102)     Cleared: 0
[27.717s][debug  ][gc,phases,ref  ] GC(102)   PhantomReference:
[27.717s][debug  ][gc,phases,ref  ] GC(102)     Discovered: 3
[27.717s][debug  ][gc,phases,ref  ] GC(102)     Cleared: 3
[27.717s][debug  ][gc,phases      ] GC(102) Reference Processing 0.580ms
[27.717s][debug  ][gc,phases,start] GC(102) Weak Processing
[27.718s][debug  ][gc,phases      ] GC(102)   VM Weak                        Min:  0.0, Avg:  0.0, Max:  0.0, Diff:  0.0, Sum:  0.0, Workers: 6
[27.718s][debug  ][gc,phases      ] GC(102)     Dead                           Min: 0, Avg:  0.0, Max: 0, Diff: 0, Sum: 0, Workers: 6
[27.718s][debug  ][gc,phases      ] GC(102)     Total                          Min: 0, Avg:  1.3, Max: 8, Diff: 8, Sum: 8, Workers: 6
[27.718s][debug  ][gc,phases      ] GC(102)   ObjectSynchronizer Weak        Min:  0.0, Avg:  0.0, Max:  0.0, Diff:  0.0, Sum:  0.0, Workers: 6
[27.718s][debug  ][gc,phases      ] GC(102)     Dead                           Min: 0, Avg:  0.0, Max: 0, Diff: 0, Sum: 0, Workers: 6
[27.718s][debug  ][gc,phases      ] GC(102)     Total                          Min: 0, Avg:  0.5, Max: 3, Diff: 3, Sum: 3, Workers: 6
[27.718s][debug  ][gc,phases      ] GC(102)   JVMTI Tag Weak OopStorage      Min:  0.0, Avg:  0.0, Max:  0.0, Diff:  0.0, Sum:  0.0, Workers: 6
[27.718s][debug  ][gc,phases      ] GC(102)     Dead                           Min: 0, Avg:  0.0, Max: 0, Diff: 0, Sum: 0, Workers: 6
[27.718s][debug  ][gc,phases      ] GC(102)     Total                          Min: 0, Avg:  0.0, Max: 0, Diff: 0, Sum: 0, Workers: 6
[27.718s][debug  ][gc,phases      ] GC(102)   StringTable Weak               Min:  0.0, Avg:  0.0, Max:  0.0, Diff:  0.0, Sum:  0.0, Workers: 6
[27.718s][debug  ][gc,phases      ] GC(102)     Dead                           Min: 0, Avg:  0.0, Max: 0, Diff: 0, Sum: 0, Workers: 6
[27.718s][debug  ][gc,phases      ] GC(102)     Total                          Min: 639, Avg: 891.8, Max: 1088, Diff: 449, Sum: 5351, Workers: 6
[27.718s][debug  ][gc,phases      ] GC(102)   ResolvedMethodTable Weak       Min:  0.0, Avg:  0.0, Max:  0.0, Diff:  0.0, Sum:  0.0, Workers: 6
[27.718s][debug  ][gc,phases      ] GC(102)     Dead                           Min: 0, Avg:  0.0, Max: 0, Diff: 0, Sum: 0, Workers: 6
[27.718s][debug  ][gc,phases      ] GC(102)     Total                          Min: 0, Avg: 21.7, Max: 64, Diff: 64, Sum: 130, Workers: 6
[27.718s][debug  ][gc,phases      ] GC(102)   JNI Weak                       Min:  0.0, Avg:  0.0, Max:  0.0, Diff:  0.0, Sum:  0.0, Workers: 6
[27.718s][debug  ][gc,phases      ] GC(102)     Dead                           Min: 0, Avg:  0.0, Max: 0, Diff: 0, Sum: 0, Workers: 6
[27.718s][debug  ][gc,phases      ] GC(102)     Total                          Min: 0, Avg:  0.0, Max: 0, Diff: 0, Sum: 0, Workers: 6
[27.718s][debug  ][gc,phases      ] GC(102)   StringDedup Table Weak         Min:  0.0, Avg:  0.0, Max:  0.0, Diff:  0.0, Sum:  0.0, Workers: 6
[27.718s][debug  ][gc,phases      ] GC(102)     Dead                           Min: 0, Avg:  0.0, Max: 0, Diff: 0, Sum: 0, Workers: 6
[27.718s][debug  ][gc,phases      ] GC(102)     Total                          Min: 0, Avg:  0.0, Max: 0, Diff: 0, Sum: 0, Workers: 6
[27.718s][debug  ][gc,phases      ] GC(102)   StringDedup Requests0 Weak     Min:  0.0, Avg:  0.0, Max:  0.0, Diff:  0.0, Sum:  0.0, Workers: 6
[27.718s][debug  ][gc,phases      ] GC(102)     Dead                           Min: 0, Avg:  0.0, Max: 0, Diff: 0, Sum: 0, Workers: 6
[27.718s][debug  ][gc,phases      ] GC(102)     Total                          Min: 0, Avg:  0.0, Max: 0, Diff: 0, Sum: 0, Workers: 6
[27.718s][debug  ][gc,phases      ] GC(102)   StringDedup Requests1 Weak     Min:  0.0, Avg:  0.0, Max:  0.0, Diff:  0.0, Sum:  0.0, Workers: 6
[27.718s][debug  ][gc,phases      ] GC(102)     Dead                           Min: 0, Avg:  0.0, Max: 0, Diff: 0, Sum: 0, Workers: 6
[27.718s][debug  ][gc,phases      ] GC(102)     Total                          Min: 0, Avg:  0.0, Max: 0, Diff: 0, Sum: 0, Workers: 6
[27.718s][debug  ][gc,phases      ] GC(102)   Weak JFR Old Object Samples    Min:  0.0, Avg:  0.0, Max:  0.0, Diff:  0.0, Sum:  0.0, Workers: 6
[27.718s][debug  ][gc,phases      ] GC(102)     Dead                           Min: 0, Avg:  0.0, Max: 0, Diff: 0, Sum: 0, Workers: 6
[27.718s][debug  ][gc,phases      ] GC(102)     Total                          Min: 0, Avg:  0.0, Max: 0, Diff: 0, Sum: 0, Workers: 6
[27.718s][debug  ][gc,phases      ] GC(102) Weak Processing 0.671ms
[27.718s][debug  ][gc,phases,start] GC(102) Class Unloading
[27.718s][debug  ][gc,phases,start] GC(102) ClassLoaderData
[27.718s][debug  ][gc,phases      ] GC(102) ClassLoaderData 0.019ms
[27.718s][debug  ][gc,phases,start] GC(102) Trigger cleanups
[27.718s][debug  ][gc,phases      ] GC(102) Trigger cleanups 0.019ms
[27.718s][debug  ][gc,phases      ] GC(102) Class Unloading 0.252ms
[27.718s][info   ][gc,phases      ] GC(102) Marking Phase 2.204ms
[27.718s][info   ][gc,phases,start] GC(102) Summary Phase
[27.718s][info   ][gc,phases      ] GC(102) Summary Phase 0.036ms
[27.719s][info   ][gc,phases,start] GC(102) Adjust Roots
[27.719s][info   ][gc,phases      ] GC(102) Adjust Roots 0.132ms
[27.719s][info   ][gc,phases,start] GC(102) Compaction Phase
[27.793s][info   ][gc,phases      ] GC(102) Compaction Phase 73.903ms
[27.793s][info   ][gc,phases,start] GC(102) Post Compact
[27.798s][info   ][gc,phases      ] GC(102) Post Compact 5.077ms
[27.798s][debug  ][gc,ergo        ] GC(102) AdaptiveSizeStart: collection: 103 
[27.798s][debug  ][gc,ergo        ] GC(102) PSAdaptiveSizePolicy::compute_eden_space_size limits: desired_eden_size: 223633439 old_eden_size: 203423744 eden_limit: 203423744 cur_eden: 203423744 max_eden_size: 203423744 avg_young_live: 24961570
[27.798s][debug  ][gc,ergo        ] GC(102) PSAdaptiveSizePolicy::compute_eden_space_size: costs minor_time: 0.048143 major_cost: 0.049275 mutator_cost: 0.902581 throughput_goal: 0.990000
[27.798s][debug  ][gc,ergo        ] GC(102) Live_space: 1022530944 free_space: 1378877440
[27.798s][debug  ][gc,ergo        ] GC(102) Old eden_size: 203423744 desired_eden_size: 203423744
[27.798s][debug  ][gc,ergo        ] GC(102) PSAdaptiveSizePolicy::compute_old_gen_free_space limits: desired_promo_size: 1294523709 promo_limit: 1175453696 free_in_old_gen: 1150308352 max_old_gen_size: 1879048192 avg_old_live: 728739840
[27.798s][debug  ][gc,ergo        ] GC(102) PSAdaptiveSizePolicy::compute_old_gen_free_space: costs minor_time: 0.048143 major_cost: 0.049275  mutator_cost: 0.902581 throughput_goal: 0.990000
[27.798s][debug  ][gc,ergo        ] GC(102) Live_space: 1022136832 free_space: 1378877440
[27.798s][debug  ][gc,ergo        ] GC(102) Old promo_size: 1175453696 desired_promo_size: 1175453696
[27.798s][debug  ][gc,ergo        ] GC(102) AdaptiveSizeStop: collection: 103 
[27.798s][info   ][gc,heap        ] GC(102) PSYoungGen: 30720K(230400K)->0K(230400K) Eden: 0K(198656K)->0K(198656K) From: 30720K(31744K)->0K(31744K)
[27.798s][info   ][gc,heap        ] GC(102) ParOldGen: 1619557K(1835008K)->708195K(1835008K)
[27.798s][info   ][gc,metaspace   ] GC(102) Metaspace: 1021K(1216K)->1021K(1216K) NonClass: 938K(1024K)->938K(1024K) Class: 83K(192K)->83K(192K)
[27.798s][info   ][gc             ] GC(102) Pause Full (Ergonomics) 1611M->691M(2017M) 81.970ms
[27.798s][info   ][gc,cpu         ] GC(102) User=0.47s Sys=0.00s Real=0.08s
[27.798s][debug  ][gc,heap        ] GC(102) Heap after GC invocations=103 (full 17):
[27.798s][debug  ][gc,heap        ] GC(102)  PSYoungGen      total 230400K, used 0K [0x00000000f0000000, 0x0000000100000000, 0x0000000100000000)
[27.798s][debug  ][gc,heap        ] GC(102)   eden space 198656K, 0% used [0x00000000f0000000,0x00000000f0000000,0x00000000fc200000)
[27.798s][debug  ][gc,heap        ] GC(102)   from space 31744K, 0% used [0x00000000fc200000,0x00000000fc200000,0x00000000fe100000)
[27.798s][debug  ][gc,heap        ] GC(102)   to   space 31744K, 0% used [0x00000000fe100000,0x00000000fe100000,0x0000000100000000)
[27.798s][debug  ][gc,heap        ] GC(102)  ParOldGen       total 1835008K, used 708195K [0x0000000080000000, 0x00000000f0000000, 0x00000000f0000000)
[27.798s][debug  ][gc,heap        ] GC(102)   object space 1835008K, 38% used [0x0000000080000000,0x00000000ab398f68,0x00000000f0000000)
[27.798s][debug  ][gc,heap        ] GC(102)  Metaspace       used 1021K, committed 1216K, reserved 1056768K
[27.798s][debug  ][gc,heap        ] GC(102)   class space    used 83K, committed 192K, reserved 1048576K
[27.798s][debug  ][gc,task,time   ] GC(102) VM-Thread 277162159 277186844 277982249
[28.110s][debug  ][gc,heap        ] GC(103) Heap before GC invocations=104 (full 17):
[28.111s][debug  ][gc,heap        ] GC(103)  PSYoungGen      total 230400K, used 198439K [0x00000000f0000000, 0x0000000100000000, 0x0000000100000000)
[28.111s][debug  ][gc,heap        ] GC(103)   eden space 198656K, 99% used [0x00000000f0000000,0x00000000fc1c9fd0,0x00000000fc200000)
[28.111s][debug  ][gc,heap        ] GC(103)   from space 31744K, 0% used [0x00000000fc200000,0x00000000fc200000,0x00000000fe100000)
[28.111s][debug  ][gc,heap        ] GC(103)   to   space 31744K, 0% used [0x00000000fe100000,0x00000000fe100000,0x0000000100000000)
[28.111s][debug  ][gc,heap        ] GC(103)  ParOldGen       total 1835008K, used 708195K [0x0000000080000000, 0x00000000f0000000, 0x00000000f0000000)
[28.111s][debug  ][gc,heap        ] GC(103)   object space 1835008K, 38% used [0x0000000080000000,0x00000000ab398f68,0x00000000f0000000)
[28.111s][debug  ][gc,heap        ] GC(103)  Metaspace       used 1021K, committed 1216K, reserved 1056768K
[28.111s][debug  ][gc,heap        ] GC(103)   class space    used 83K, committed 192K, reserved 1048576K
[28.111s][debug  ][gc,tlab        ] GC(103) TLAB totals: thrds: 1  refills: 1 max: 1 slow allocs: 18 max 18 waste: 27.5% gc: 3972768B max: 3972768B slow: 0B max: 0B
[28.111s][info   ][gc,start       ] GC(103) Pause Young (Allocation Failure)
[28.111s][debug  ][gc,phases,start] GC(103) Scavenge
[28.124s][debug  ][gc,phases      ] GC(103) Scavenge 13.180ms
[28.124s][debug  ][gc,phases,start] GC(103) Reference Processing
[28.124s][debug  ][gc,ref         ] GC(103) Skipped phase 1 of Reference Processing: no references
[28.124s][debug  ][gc,ref         ] GC(103) Skipped phase 2 of Reference Processing: no references
[28.124s][debug  ][gc,ref         ] GC(103) Skipped phase 3 of Reference Processing: no references
[28.124s][debug  ][gc,ref         ] GC(103) Skipped phase 4 of Reference Processing: no references
[28.124s][debug  ][gc,phases,ref  ] GC(103) Reference Processing: 0.1ms
[28.124s][debug  ][gc,phases,ref  ] GC(103)   Reconsider SoftReferences: 0.0ms
[28.124s][debug  ][gc,phases,ref  ] GC(103)     SoftRef (ms):                  skipped
[28.124s][debug  ][gc,phases,ref  ] GC(103)   Notify Soft/WeakReferences: 0.0ms
[28.124s][debug  ][gc,phases,ref  ] GC(103)     SoftRef (ms):                  skipped
[28.124s][debug  ][gc,phases,ref  ] GC(103)     WeakRef (ms):                  skipped
[28.124s][debug  ][gc,phases,ref  ] GC(103)     FinalRef (ms):                 skipped
[28.124s][debug  ][gc,phases,ref  ] GC(103)     Total (ms):                    skipped
[28.124s][debug  ][gc,phases,ref  ] GC(103)   Notify and keep alive finalizable: 0.0ms
[28.124s][debug  ][gc,phases,ref  ] GC(103)     FinalRef (ms):                 skipped
[28.125s][debug  ][gc,phases,ref  ] GC(103)   Notify PhantomReferences: 0.0ms
[28.125s][debug  ][gc,phases,ref  ] GC(103)     PhantomRef (ms):               skipped
[28.125s][debug  ][gc,phases,ref  ] GC(103)   SoftReference:
[28.125s][debug  ][gc,phases,ref  ] GC(103)     Discovered: 0
[28.125s][debug  ][gc,phases,ref  ] GC(103)     Cleared: 0
[28.125s][debug  ][gc,phases,ref  ] GC(103)   WeakReference:
[28.125s][debug  ][gc,phases,ref  ] GC(103)     Discovered: 0
[28.125s][debug  ][gc,phases,ref  ] GC(103)     Cleared: 0
[28.125s][debug  ][gc,phases,ref  ] GC(103)   FinalReference:
[28.125s][debug  ][gc,phases,ref  ] GC(103)     Discovered: 0
[28.125s][debug  ][gc,phases,ref  ] GC(103)     Cleared: 0
[28.125s][debug  ][gc,phases,ref  ] GC(103)   PhantomReference:
[28.125s][debug  ][gc,phases,ref  ] GC(103)     Discovered: 0
[28.125s][debug  ][gc,phases,ref  ] GC(103)     Cleared: 0
[28.125s][debug  ][gc,phases      ] GC(103) Reference Processing 0.686ms
[28.125s][debug  ][gc,phases,start] GC(103) Weak Processing
[28.125s][debug  ][gc,phases      ] GC(103)   VM Weak                        Min:  0.0, Avg:  0.0, Max:  0.0, Diff:  0.0, Sum:  0.0, Workers: 6
[28.125s][debug  ][gc,phases      ] GC(103)     Dead                           Min: 0, Avg:  0.0, Max: 0, Diff: 0, Sum: 0, Workers: 6
[28.125s][debug  ][gc,phases      ] GC(103)     Total                          Min: 0, Avg:  1.3, Max: 8, Diff: 8, Sum: 8, Workers: 6
[28.125s][debug  ][gc,phases      ] GC(103)   ObjectSynchronizer Weak        Min:  0.0, Avg:  0.0, Max:  0.0, Diff:  0.0, Sum:  0.0, Workers: 6
[28.125s][debug  ][gc,phases      ] GC(103)     Dead                           Min: 0, Avg:  0.0, Max: 0, Diff: 0, Sum: 0, Workers: 6
[28.125s][debug  ][gc,phases      ] GC(103)     Total                          Min: 0, Avg:  0.5, Max: 3, Diff: 3, Sum: 3, Workers: 6
[28.125s][debug  ][gc,phases      ] GC(103)   JVMTI Tag Weak OopStorage      Min:  0.0, Avg:  0.0, Max:  0.0, Diff:  0.0, Sum:  0.0, Workers: 6
[28.125s][debug  ][gc,phases      ] GC(103)     Dead                           Min: 0, Avg:  0.0, Max: 0, Diff: 0, Sum: 0, Workers: 6
[28.125s][debug  ][gc,phases      ] GC(103)     Total                          Min: 0, Avg:  0.0, Max: 0, Diff: 0, Sum: 0, Workers: 6
[28.125s][debug  ][gc,phases      ] GC(103)   StringTable Weak               Min:  0.0, Avg:  0.0, Max:  0.0, Diff:  0.0, Sum:  0.0, Workers: 6
[28.125s][debug  ][gc,phases      ] GC(103)     Dead                           Min: 0, Avg:  0.0, Max: 0, Diff: 0, Sum: 0, Workers: 6
[28.125s][debug  ][gc,phases      ] GC(103)     Total                          Min: 576, Avg: 891.8, Max: 1152, Diff: 576, Sum: 5351, Workers: 6
[28.125s][debug  ][gc,phases      ] GC(103)   ResolvedMethodTable Weak       Min:  0.0, Avg:  0.0, Max:  0.0, Diff:  0.0, Sum:  0.0, Workers: 6
[28.125s][debug  ][gc,phases      ] GC(103)     Dead                           Min: 0, Avg:  0.0, Max: 0, Diff: 0, Sum: 0, Workers: 6
[28.125s][debug  ][gc,phases      ] GC(103)     Total                          Min: 0, Avg: 21.7, Max: 64, Diff: 64, Sum: 130, Workers: 6
[28.125s][debug  ][gc,phases      ] GC(103)   JNI Weak                       Min:  0.0, Avg:  0.0, Max:  0.0, Diff:  0.0, Sum:  0.0, Workers: 6
[28.125s][debug  ][gc,phases      ] GC(103)     Dead                           Min: 0, Avg:  0.0, Max: 0, Diff: 0, Sum: 0, Workers: 6
[28.125s][debug  ][gc,phases      ] GC(103)     Total                          Min: 0, Avg:  0.0, Max: 0, Diff: 0, Sum: 0, Workers: 6
[28.125s][debug  ][gc,phases      ] GC(103)   StringDedup Table Weak         Min:  0.0, Avg:  0.0, Max:  0.0, Diff:  0.0, Sum:  0.0, Workers: 6
[28.125s][debug  ][gc,phases      ] GC(103)     Dead                           Min: 0, Avg:  0.0, Max: 0, Diff: 0, Sum: 0, Workers: 6
[28.125s][debug  ][gc,phases      ] GC(103)     Total                          Min: 0, Avg:  0.0, Max: 0, Diff: 0, Sum: 0, Workers: 6
[28.125s][debug  ][gc,phases      ] GC(103)   StringDedup Requests0 Weak     Min:  0.0, Avg:  0.0, Max:  0.0, Diff:  0.0, Sum:  0.0, Workers: 6
[28.125s][debug  ][gc,phases      ] GC(103)     Dead                           Min: 0, Avg:  0.0, Max: 0, Diff: 0, Sum: 0, Workers: 6
[28.125s][debug  ][gc,phases      ] GC(103)     Total                          Min: 0, Avg:  0.0, Max: 0, Diff: 0, Sum: 0, Workers: 6
[28.125s][debug  ][gc,phases      ] GC(103)   StringDedup Requests1 Weak     Min:  0.0, Avg:  0.0, Max:  0.0, Diff:  0.0, Sum:  0.0, Workers: 6
[28.126s][debug  ][gc,phases      ] GC(103)     Dead                           Min: 0, Avg:  0.0, Max: 0, Diff: 0, Sum: 0, Workers: 6
[28.126s][debug  ][gc,phases      ] GC(103)     Total                          Min: 0, Avg:  0.0, Max: 0, Diff: 0, Sum: 0, Workers: 6
[28.126s][debug  ][gc,phases      ] GC(103)   Weak JFR Old Object Samples    Min:  0.0, Avg:  0.0, Max:  0.0, Diff:  0.0, Sum:  0.0, Workers: 6
[28.126s][debug  ][gc,phases      ] GC(103)     Dead                           Min: 0, Avg:  0.0, Max: 0, Diff: 0, Sum: 0, Workers: 6
[28.126s][debug  ][gc,phases      ] GC(103)     Total                          Min: 0, Avg:  0.0, Max: 0, Diff: 0, Sum: 0, Workers: 6
[28.126s][debug  ][gc,phases      ] GC(103) Weak Processing 0.792ms
[28.126s][debug  ][gc,ergo        ] GC(103) AdaptiveSizeStart:  collection: 104 
[28.126s][debug  ][gc,ergo        ] GC(103) avg_survived_padded_avg: 32210072.000000
[28.126s][debug  ][gc,ergo        ] GC(103) avg_promoted_padded_avg: 256067584.000000  avg_pretenured_padded_avg: 0.000000  tenuring_thresh: 7  target_size: 32505856
[28.126s][debug  ][gc,age         ] GC(103) Desired survivor size 32505856 bytes, new threshold 7 (max threshold 15)
[28.126s][debug  ][gc,ergo        ] GC(103) PSAdaptiveSizePolicy::compute_eden_space_size limits: desired_eden_size: 222971148 old_eden_size: 203423744 eden_limit: 203423744 cur_eden: 203423744 max_eden_size: 203423744 avg_young_live: 25611146
[28.126s][debug  ][gc,ergo        ] GC(103) PSAdaptiveSizePolicy::compute_eden_space_size: costs minor_time: 0.045121 major_cost: 0.049275 mutator_cost: 0.905604 throughput_goal: 0.990000
[28.126s][debug  ][gc,ergo        ] GC(103) Live_space: 1022786432 free_space: 1378877440
[28.126s][debug  ][gc,ergo        ] GC(103) Old eden_size: 203423744 desired_eden_size: 203423744
[28.126s][debug  ][gc,ergo        ] GC(103) AdaptiveSizeStop: collection: 104 
[28.126s][info   ][gc,heap        ] GC(103) PSYoungGen: 198439K(230400K)->30720K(230400K) Eden: 198439K(198656K)->0K(198656K) From: 0K(31744K)->30720K(31744K)
[28.126s][info   ][gc,heap        ] GC(103) ParOldGen: 708195K(1835008K)->872036K(1835008K)
[28.126s][info   ][gc,metaspace   ] GC(103) Metaspace: 1021K(1216K)->1021K(1216K) NonClass: 938K(1024K)->938K(1024K) Class: 83K(192K)->83K(192K)
[28.126s][info   ][gc             ] GC(103) Pause Young (Allocation Failure) 885M->881M(2017M) 15.158ms
[28.126s][info   ][gc,cpu         ] GC(103) User=0.09s Sys=0.00s Real=0.02s
[28.126s][debug  ][gc,heap        ] GC(103) Heap after GC invocations=104 (full 17):
[28.126s][debug  ][gc,heap        ] GC(103)  PSYoungGen      total 230400K, used 30720K [0x00000000f0000000, 0x0000000100000000, 0x0000000100000000)
[28.126s][debug  ][gc,heap        ] GC(103)   eden space 198656K, 0% used [0x00000000f0000000,0x00000000f0000000,0x00000000fc200000)
[28.126s][debug  ][gc,heap        ] GC(103)   from space 31744K, 96% used [0x00000000fe100000,0x00000000fff00030,0x0000000100000000)
[28.126s][debug  ][gc,heap        ] GC(103)   to   space 31744K, 0% used [0x00000000fc200000,0x00000000fc200000,0x00000000fe100000)
[28.126s][debug  ][gc,heap        ] GC(103)  ParOldGen       total 1835008K, used 872036K [0x0000000080000000, 0x00000000f0000000, 0x00000000f0000000)
[28.126s][debug  ][gc,heap        ] GC(103)   object space 1835008K, 47% used [0x0000000080000000,0x00000000b5399068,0x00000000f0000000)
[28.126s][debug  ][gc,heap        ] GC(103)  Metaspace       used 1021K, committed 1216K, reserved 1056768K
[28.126s][debug  ][gc,heap        ] GC(103)   class space    used 83K, committed 192K, reserved 1048576K
[28.126s][debug  ][gc,task,time   ] GC(103) VM-Thread 281103852 281241322 281262624
[28.427s][debug  ][gc,heap        ] GC(104) Heap before GC invocations=105 (full 17):
[28.428s][debug  ][gc,heap        ] GC(104)  PSYoungGen      total 230400K, used 229093K [0x00000000f0000000, 0x0000000100000000, 0x0000000100000000)
[28.428s][debug  ][gc,heap        ] GC(104)   eden space 198656K, 99% used [0x00000000f0000000,0x00000000fc1b96e0,0x00000000fc200000)
[28.428s][debug  ][gc,heap        ] GC(104)   from space 31744K, 96% used [0x00000000fe100000,0x00000000fff00030,0x0000000100000000)
[28.428s][debug  ][gc,heap        ] GC(104)   to   space 31744K, 0% used [0x00000000fc200000,0x00000000fc200000,0x00000000fe100000)
[28.428s][debug  ][gc,heap        ] GC(104)  ParOldGen       total 1835008K, used 872036K [0x0000000080000000, 0x00000000f0000000, 0x00000000f0000000)
[28.428s][debug  ][gc,heap        ] GC(104)   object space 1835008K, 47% used [0x0000000080000000,0x00000000b5399068,0x00000000f0000000)
[28.428s][debug  ][gc,heap        ] GC(104)  Metaspace       used 1022K, committed 1216K, reserved 1056768K
[28.428s][debug  ][gc,heap        ] GC(104)   class space    used 83K, committed 192K, reserved 1048576K
[28.428s][debug  ][gc,tlab        ] GC(104) TLAB totals: thrds: 1  refills: 1 max: 1 slow allocs: 18 max 18 waste: 27.1% gc: 3903880B max: 3903880B slow: 0B max: 0B
[28.428s][info   ][gc,start       ] GC(104) Pause Young (Allocation Failure)
[28.428s][debug  ][gc,phases,start] GC(104) Scavenge
[28.433s][debug  ][gc,phases      ] GC(104) Scavenge 5.403ms
[28.433s][debug  ][gc,phases,start] GC(104) Reference Processing
[28.433s][debug  ][gc,ref         ] GC(104) Skipped phase 1 of Reference Processing: no references
[28.433s][debug  ][gc,ref         ] GC(104) Skipped phase 2 of Reference Processing: no references
[28.433s][debug  ][gc,ref         ] GC(104) Skipped phase 3 of Reference Processing: no references
[28.434s][debug  ][gc,ref         ] GC(104) Skipped phase 4 of Reference Processing: no references
[28.434s][debug  ][gc,phases,ref  ] GC(104) Reference Processing: 0.1ms
[28.434s][debug  ][gc,phases,ref  ] GC(104)   Reconsider SoftReferences: 0.0ms
[28.434s][debug  ][gc,phases,ref  ] GC(104)     SoftRef (ms):                  skipped
[28.434s][debug  ][gc,phases,ref  ] GC(104)   Notify Soft/WeakReferences: 0.0ms
[28.434s][debug  ][gc,phases,ref  ] GC(104)     SoftRef (ms):                  skipped
[28.434s][debug  ][gc,phases,ref  ] GC(104)     WeakRef (ms):                  skipped
[28.434s][debug  ][gc,phases,ref  ] GC(104)     FinalRef (ms):                 skipped
[28.434s][debug  ][gc,phases,ref  ] GC(104)     Total (ms):                    skipped
[28.434s][debug  ][gc,phases,ref  ] GC(104)   Notify and keep alive finalizable: 0.0ms
[28.434s][debug  ][gc,phases,ref  ] GC(104)     FinalRef (ms):                 skipped
[28.434s][debug  ][gc,phases,ref  ] GC(104)   Notify PhantomReferences: 0.0ms
[28.434s][debug  ][gc,phases,ref  ] GC(104)     PhantomRef (ms):               skipped
[28.434s][debug  ][gc,phases,ref  ] GC(104)   SoftReference:
[28.434s][debug  ][gc,phases,ref  ] GC(104)     Discovered: 0
[28.434s][debug  ][gc,phases,ref  ] GC(104)     Cleared: 0
[28.434s][debug  ][gc,phases,ref  ] GC(104)   WeakReference:
[28.434s][debug  ][gc,phases,ref  ] GC(104)     Discovered: 0
[28.434s][debug  ][gc,phases,ref  ] GC(104)     Cleared: 0
[28.434s][debug  ][gc,phases,ref  ] GC(104)   FinalReference:
[28.434s][debug  ][gc,phases,ref  ] GC(104)     Discovered: 0
[28.434s][debug  ][gc,phases,ref  ] GC(104)     Cleared: 0
[28.434s][debug  ][gc,phases,ref  ] GC(104)   PhantomReference:
[28.434s][debug  ][gc,phases,ref  ] GC(104)     Discovered: 0
[28.434s][debug  ][gc,phases,ref  ] GC(104)     Cleared: 0
[28.434s][debug  ][gc,phases      ] GC(104) Reference Processing 0.681ms
[28.434s][debug  ][gc,phases,start] GC(104) Weak Processing
[28.434s][debug  ][gc,phases      ] GC(104)   VM Weak                        Min:  0.0, Avg:  0.0, Max:  0.0, Diff:  0.0, Sum:  0.0, Workers: 6
[28.434s][debug  ][gc,phases      ] GC(104)     Dead                           Min: 0, Avg:  0.0, Max: 0, Diff: 0, Sum: 0, Workers: 6
[28.434s][debug  ][gc,phases      ] GC(104)     Total                          Min: 0, Avg:  1.3, Max: 8, Diff: 8, Sum: 8, Workers: 6
[28.434s][debug  ][gc,phases      ] GC(104)   ObjectSynchronizer Weak        Min:  0.0, Avg:  0.0, Max:  0.0, Diff:  0.0, Sum:  0.0, Workers: 6
[28.434s][debug  ][gc,phases      ] GC(104)     Dead                           Min: 0, Avg:  0.0, Max: 0, Diff: 0, Sum: 0, Workers: 6
[28.434s][debug  ][gc,phases      ] GC(104)     Total                          Min: 0, Avg:  0.5, Max: 3, Diff: 3, Sum: 3, Workers: 6
[28.434s][debug  ][gc,phases      ] GC(104)   JVMTI Tag Weak OopStorage      Min:  0.0, Avg:  0.0, Max:  0.0, Diff:  0.0, Sum:  0.0, Workers: 6
[28.434s][debug  ][gc,phases      ] GC(104)     Dead                           Min: 0, Avg:  0.0, Max: 0, Diff: 0, Sum: 0, Workers: 6
[28.434s][debug  ][gc,phases      ] GC(104)     Total                          Min: 0, Avg:  0.0, Max: 0, Diff: 0, Sum: 0, Workers: 6
[28.434s][debug  ][gc,phases      ] GC(104)   StringTable Weak               Min:  0.0, Avg:  0.0, Max:  0.0, Diff:  0.0, Sum:  0.0, Workers: 6
[28.434s][debug  ][gc,phases      ] GC(104)     Dead                           Min: 0, Avg:  0.0, Max: 0, Diff: 0, Sum: 0, Workers: 6
[28.434s][debug  ][gc,phases      ] GC(104)     Total                          Min: 512, Avg: 891.8, Max: 1087, Diff: 575, Sum: 5351, Workers: 6
[28.434s][debug  ][gc,phases      ] GC(104)   ResolvedMethodTable Weak       Min:  0.0, Avg:  0.0, Max:  0.0, Diff:  0.0, Sum:  0.0, Workers: 6
[28.435s][debug  ][gc,phases      ] GC(104)     Dead                           Min: 0, Avg:  0.0, Max: 0, Diff: 0, Sum: 0, Workers: 6
[28.435s][debug  ][gc,phases      ] GC(104)     Total                          Min: 0, Avg: 21.7, Max: 64, Diff: 64, Sum: 130, Workers: 6
[28.435s][debug  ][gc,phases      ] GC(104)   JNI Weak                       Min:  0.0, Avg:  0.0, Max:  0.0, Diff:  0.0, Sum:  0.0, Workers: 6
[28.435s][debug  ][gc,phases      ] GC(104)     Dead                           Min: 0, Avg:  0.0, Max: 0, Diff: 0, Sum: 0, Workers: 6
[28.435s][debug  ][gc,phases      ] GC(104)     Total                          Min: 0, Avg:  0.0, Max: 0, Diff: 0, Sum: 0, Workers: 6
[28.435s][debug  ][gc,phases      ] GC(104)   StringDedup Table Weak         Min:  0.0, Avg:  0.0, Max:  0.0, Diff:  0.0, Sum:  0.0, Workers: 6
[28.435s][debug  ][gc,phases      ] GC(104)     Dead                           Min: 0, Avg:  0.0, Max: 0, Diff: 0, Sum: 0, Workers: 6
[28.435s][debug  ][gc,phases      ] GC(104)     Total                          Min: 0, Avg:  0.0, Max: 0, Diff: 0, Sum: 0, Workers: 6
[28.435s][debug  ][gc,phases      ] GC(104)   StringDedup Requests0 Weak     Min:  0.0, Avg:  0.0, Max:  0.0, Diff:  0.0, Sum:  0.0, Workers: 6
[28.435s][debug  ][gc,phases      ] GC(104)     Dead                           Min: 0, Avg:  0.0, Max: 0, Diff: 0, Sum: 0, Workers: 6
[28.435s][debug  ][gc,phases      ] GC(104)     Total                          Min: 0, Avg:  0.0, Max: 0, Diff: 0, Sum: 0, Workers: 6
[28.435s][debug  ][gc,phases      ] GC(104)   StringDedup Requests1 Weak     Min:  0.0, Avg:  0.0, Max:  0.0, Diff:  0.0, Sum:  0.0, Workers: 6
[28.435s][debug  ][gc,phases      ] GC(104)     Dead                           Min: 0, Avg:  0.0, Max: 0, Diff: 0, Sum: 0, Workers: 6
[28.435s][debug  ][gc,phases      ] GC(104)     Total                          Min: 0, Avg:  0.0, Max: 0, Diff: 0, Sum: 0, Workers: 6
[28.435s][debug  ][gc,phases      ] GC(104)   Weak JFR Old Object Samples    Min:  0.0, Avg:  0.0, Max:  0.0, Diff:  0.0, Sum:  0.0, Workers: 6
[28.435s][debug  ][gc,phases      ] GC(104)     Dead                           Min: 0, Avg:  0.0, Max: 0, Diff: 0, Sum: 0, Workers: 6
[28.435s][debug  ][gc,phases      ] GC(104)     Total                          Min: 0, Avg:  0.0, Max: 0, Diff: 0, Sum: 0, Workers: 6
[28.435s][debug  ][gc,phases      ] GC(104) Weak Processing 0.804ms
[28.435s][debug  ][gc,ergo        ] GC(104) AdaptiveSizeStart:  collection: 105 
[28.435s][debug  ][gc,ergo        ] GC(104) avg_survived_padded_avg: 32150226.000000
[28.435s][debug  ][gc,ergo        ] GC(104) avg_promoted_padded_avg: 268929792.000000  avg_pretenured_padded_avg: 0.000000  tenuring_thresh: 8  target_size: 32505856
[28.435s][debug  ][gc,age         ] GC(104) Desired survivor size 32505856 bytes, new threshold 8 (max threshold 15)
[28.435s][debug  ][gc,ergo        ] GC(104) PSAdaptiveSizePolicy::compute_eden_space_size limits: desired_eden_size: 221621086 old_eden_size: 203423744 eden_limit: 203423744 cur_eden: 203423744 max_eden_size: 203423744 avg_young_live: 26195764
[28.435s][debug  ][gc,ergo        ] GC(104) PSAdaptiveSizePolicy::compute_eden_space_size: costs minor_time: 0.039506 major_cost: 0.049275 mutator_cost: 0.911219 throughput_goal: 0.990000
[28.435s][debug  ][gc,ergo        ] GC(104) Live_space: 1023371072 free_space: 1378877440
[28.435s][debug  ][gc,ergo        ] GC(104) Old eden_size: 203423744 desired_eden_size: 203423744
[28.435s][debug  ][gc,ergo        ] GC(104) AdaptiveSizeStop: collection: 105 
[28.435s][info   ][gc,heap        ] GC(104) PSYoungGen: 229093K(230400K)->30720K(230400K) Eden: 198373K(198656K)->0K(198656K) From: 30720K(31744K)->30720K(31744K)
[28.435s][info   ][gc,heap        ] GC(104) ParOldGen: 872036K(1835008K)->912996K(1835008K)
[28.435s][info   ][gc,metaspace   ] GC(104) Metaspace: 1022K(1216K)->1022K(1216K) NonClass: 938K(1024K)->938K(1024K) Class: 83K(192K)->83K(192K)
[28.435s][info   ][gc             ] GC(104) Pause Young (Allocation Failure) 1075M->921M(2017M) 7.368ms
[28.435s][info   ][gc,cpu         ] GC(104) User=0.00s Sys=0.00s Real=0.01s
[28.435s][debug  ][gc,heap        ] GC(104) Heap after GC invocations=105 (full 17):
[28.435s][debug  ][gc,heap        ] GC(104)  PSYoungGen      total 230400K, used 30720K [0x00000000f0000000, 0x0000000100000000, 0x0000000100000000)
[28.435s][debug  ][gc,heap        ] GC(104)   eden space 198656K, 0% used [0x00000000f0000000,0x00000000f0000000,0x00000000fc200000)
[28.435s][debug  ][gc,heap        ] GC(104)   from space 31744K, 96% used [0x00000000fc200000,0x00000000fe000030,0x00000000fe100000)
[28.435s][debug  ][gc,heap        ] GC(104)   to   space 31744K, 0% used [0x00000000fe100000,0x00000000fe100000,0x0000000100000000)
[28.435s][debug  ][gc,heap        ] GC(104)  ParOldGen       total 1835008K, used 912996K [0x0000000080000000, 0x00000000f0000000, 0x00000000f0000000)
[28.435s][debug  ][gc,heap        ] GC(104)   object space 1835008K, 49% used [0x0000000080000000,0x00000000b7b990a8,0x00000000f0000000)
[28.435s][debug  ][gc,heap        ] GC(104)  Metaspace       used 1022K, committed 1216K, reserved 1056768K
[28.435s][debug  ][gc,heap        ] GC(104)   class space    used 83K, committed 192K, reserved 1048576K
[28.436s][debug  ][gc,task,time   ] GC(104) VM-Thread 284274662 284334025 284355276
[28.746s][debug  ][gc,heap        ] GC(105) Heap before GC invocations=106 (full 17):
[28.746s][debug  ][gc,heap        ] GC(105)  PSYoungGen      total 230400K, used 229122K [0x00000000f0000000, 0x0000000100000000, 0x0000000100000000)
[28.746s][debug  ][gc,heap        ] GC(105)   eden space 198656K, 99% used [0x00000000f0000000,0x00000000fc1c0b88,0x00000000fc200000)
[28.746s][debug  ][gc,heap        ] GC(105)   from space 31744K, 96% used [0x00000000fc200000,0x00000000fe000030,0x00000000fe100000)
[28.746s][debug  ][gc,heap        ] GC(105)   to   space 31744K, 0% used [0x00000000fe100000,0x00000000fe100000,0x0000000100000000)
[28.746s][debug  ][gc,heap        ] GC(105)  ParOldGen       total 1835008K, used 912996K [0x0000000080000000, 0x00000000f0000000, 0x00000000f0000000)
[28.746s][debug  ][gc,heap        ] GC(105)   object space 1835008K, 49% used [0x0000000080000000,0x00000000b7b990a8,0x00000000f0000000)
[28.746s][debug  ][gc,heap        ] GC(105)  Metaspace       used 1022K, committed 1216K, reserved 1056768K
[28.746s][debug  ][gc,heap        ] GC(105)   class space    used 83K, committed 192K, reserved 1048576K
[28.746s][debug  ][gc,tlab        ] GC(105) TLAB totals: thrds: 1  refills: 1 max: 1 slow allocs: 18 max 18 waste: 27.3% gc: 3934808B max: 3934808B slow: 0B max: 0B
[28.746s][info   ][gc,start       ] GC(105) Pause Young (Allocation Failure)
[28.746s][debug  ][gc,phases,start] GC(105) Scavenge
[28.761s][debug  ][gc,phases      ] GC(105) Scavenge 14.853ms
[28.761s][debug  ][gc,phases,start] GC(105) Reference Processing
[28.761s][debug  ][gc,ref         ] GC(105) Skipped phase 1 of Reference Processing: no references
[28.761s][debug  ][gc,ref         ] GC(105) Skipped phase 2 of Reference Processing: no references
[28.761s][debug  ][gc,ref         ] GC(105) Skipped phase 3 of Reference Processing: no references
[28.761s][debug  ][gc,ref         ] GC(105) Skipped phase 4 of Reference Processing: no references
[28.761s][debug  ][gc,phases,ref  ] GC(105) Reference Processing: 0.1ms
[28.761s][debug  ][gc,phases,ref  ] GC(105)   Reconsider SoftReferences: 0.0ms
[28.761s][debug  ][gc,phases,ref  ] GC(105)     SoftRef (ms):                  skipped
[28.761s][debug  ][gc,phases,ref  ] GC(105)   Notify Soft/WeakReferences: 0.0ms
[28.761s][debug  ][gc,phases,ref  ] GC(105)     SoftRef (ms):                  skipped
[28.761s][debug  ][gc,phases,ref  ] GC(105)     WeakRef (ms):                  skipped
[28.761s][debug  ][gc,phases,ref  ] GC(105)     FinalRef (ms):                 skipped
[28.761s][debug  ][gc,phases,ref  ] GC(105)     Total (ms):                    skipped
[28.761s][debug  ][gc,phases,ref  ] GC(105)   Notify and keep alive finalizable: 0.0ms
[28.761s][debug  ][gc,phases,ref  ] GC(105)     FinalRef (ms):                 skipped
[28.761s][debug  ][gc,phases,ref  ] GC(105)   Notify PhantomReferences: 0.0ms
[28.761s][debug  ][gc,phases,ref  ] GC(105)     PhantomRef (ms):               skipped
[28.761s][debug  ][gc,phases,ref  ] GC(105)   SoftReference:
[28.761s][debug  ][gc,phases,ref  ] GC(105)     Discovered: 0
[28.761s][debug  ][gc,phases,ref  ] GC(105)     Cleared: 0
[28.761s][debug  ][gc,phases,ref  ] GC(105)   WeakReference:
[28.761s][debug  ][gc,phases,ref  ] GC(105)     Discovered: 0
[28.762s][debug  ][gc,phases,ref  ] GC(105)     Cleared: 0
[28.762s][debug  ][gc,phases,ref  ] GC(105)   FinalReference:
[28.762s][debug  ][gc,phases,ref  ] GC(105)     Discovered: 0
[28.762s][debug  ][gc,phases,ref  ] GC(105)     Cleared: 0
[28.762s][debug  ][gc,phases,ref  ] GC(105)   PhantomReference:
[28.762s][debug  ][gc,phases,ref  ] GC(105)     Discovered: 0
[28.762s][debug  ][gc,phases,ref  ] GC(105)     Cleared: 0
[28.762s][debug  ][gc,phases      ] GC(105) Reference Processing 0.809ms
[28.762s][debug  ][gc,phases,start] GC(105) Weak Processing
[28.762s][debug  ][gc,phases      ] GC(105)   VM Weak                        Min:  0.0, Avg:  0.0, Max:  0.0, Diff:  0.0, Sum:  0.0, Workers: 6
[28.762s][debug  ][gc,phases      ] GC(105)     Dead                           Min: 0, Avg:  0.0, Max: 0, Diff: 0, Sum: 0, Workers: 6
[28.762s][debug  ][gc,phases      ] GC(105)     Total                          Min: 0, Avg:  1.3, Max: 8, Diff: 8, Sum: 8, Workers: 6
[28.762s][debug  ][gc,phases      ] GC(105)   ObjectSynchronizer Weak        Min:  0.0, Avg:  0.0, Max:  0.0, Diff:  0.0, Sum:  0.0, Workers: 6
[28.762s][debug  ][gc,phases      ] GC(105)     Dead                           Min: 0, Avg:  0.0, Max: 0, Diff: 0, Sum: 0, Workers: 6
[28.762s][debug  ][gc,phases      ] GC(105)     Total                          Min: 0, Avg:  0.5, Max: 3, Diff: 3, Sum: 3, Workers: 6
[28.762s][debug  ][gc,phases      ] GC(105)   JVMTI Tag Weak OopStorage      Min:  0.0, Avg:  0.0, Max:  0.0, Diff:  0.0, Sum:  0.0, Workers: 6
[28.762s][debug  ][gc,phases      ] GC(105)     Dead                           Min: 0, Avg:  0.0, Max: 0, Diff: 0, Sum: 0, Workers: 6
[28.762s][debug  ][gc,phases      ] GC(105)     Total                          Min: 0, Avg:  0.0, Max: 0, Diff: 0, Sum: 0, Workers: 6
[28.762s][debug  ][gc,phases      ] GC(105)   StringTable Weak               Min:  0.0, Avg:  0.0, Max:  0.0, Diff:  0.0, Sum:  0.0, Workers: 6
[28.762s][debug  ][gc,phases      ] GC(105)     Dead                           Min: 0, Avg:  0.0, Max: 0, Diff: 0, Sum: 0, Workers: 6
[28.762s][debug  ][gc,phases      ] GC(105)     Total                          Min: 576, Avg: 891.8, Max: 1256, Diff: 680, Sum: 5351, Workers: 6
[28.762s][debug  ][gc,phases      ] GC(105)   ResolvedMethodTable Weak       Min:  0.0, Avg:  0.0, Max:  0.0, Diff:  0.0, Sum:  0.0, Workers: 6
[28.762s][debug  ][gc,phases      ] GC(105)     Dead                           Min: 0, Avg:  0.0, Max: 0, Diff: 0, Sum: 0, Workers: 6
[28.762s][debug  ][gc,phases      ] GC(105)     Total                          Min: 0, Avg: 21.7, Max: 64, Diff: 64, Sum: 130, Workers: 6
[28.762s][debug  ][gc,phases      ] GC(105)   JNI Weak                       Min:  0.0, Avg:  0.0, Max:  0.0, Diff:  0.0, Sum:  0.0, Workers: 6
[28.762s][debug  ][gc,phases      ] GC(105)     Dead                           Min: 0, Avg:  0.0, Max: 0, Diff: 0, Sum: 0, Workers: 6
[28.762s][debug  ][gc,phases      ] GC(105)     Total                          Min: 0, Avg:  0.0, Max: 0, Diff: 0, Sum: 0, Workers: 6
[28.762s][debug  ][gc,phases      ] GC(105)   StringDedup Table Weak         Min:  0.0, Avg:  0.0, Max:  0.0, Diff:  0.0, Sum:  0.0, Workers: 6
[28.762s][debug  ][gc,phases      ] GC(105)     Dead                           Min: 0, Avg:  0.0, Max: 0, Diff: 0, Sum: 0, Workers: 6
[28.762s][debug  ][gc,phases      ] GC(105)     Total                          Min: 0, Avg:  0.0, Max: 0, Diff: 0, Sum: 0, Workers: 6
[28.762s][debug  ][gc,phases      ] GC(105)   StringDedup Requests0 Weak     Min:  0.0, Avg:  0.0, Max:  0.0, Diff:  0.0, Sum:  0.0, Workers: 6
[28.763s][debug  ][gc,phases      ] GC(105)     Dead                           Min: 0, Avg:  0.0, Max: 0, Diff: 0, Sum: 0, Workers: 6
[28.763s][debug  ][gc,phases      ] GC(105)     Total                          Min: 0, Avg:  0.0, Max: 0, Diff: 0, Sum: 0, Workers: 6
[28.763s][debug  ][gc,phases      ] GC(105)   StringDedup Requests1 Weak     Min:  0.0, Avg:  0.0, Max:  0.0, Diff:  0.0, Sum:  0.0, Workers: 6
[28.763s][debug  ][gc,phases      ] GC(105)     Dead                           Min: 0, Avg:  0.0, Max: 0, Diff: 0, Sum: 0, Workers: 6
[28.763s][debug  ][gc,phases      ] GC(105)     Total                          Min: 0, Avg:  0.0, Max: 0, Diff: 0, Sum: 0, Workers: 6
[28.763s][debug  ][gc,phases      ] GC(105)   Weak JFR Old Object Samples    Min:  0.0, Avg:  0.0, Max:  0.0, Diff:  0.0, Sum:  0.0, Workers: 6
[28.763s][debug  ][gc,phases      ] GC(105)     Dead                           Min: 0, Avg:  0.0, Max: 0, Diff: 0, Sum: 0, Workers: 6
[28.763s][debug  ][gc,phases      ] GC(105)     Total                          Min: 0, Avg:  0.0, Max: 0, Diff: 0, Sum: 0, Workers: 6
[28.763s][debug  ][gc,phases      ] GC(105) Weak Processing 0.917ms
[28.763s][debug  ][gc,ergo        ] GC(105) AdaptiveSizeStart:  collection: 106 
[28.763s][debug  ][gc,ergo        ] GC(105) avg_survived_padded_avg: 32094820.000000
[28.763s][debug  ][gc,ergo        ] GC(105) avg_promoted_padded_avg: 273579968.000000  avg_pretenured_padded_avg: 0.000000  tenuring_thresh: 9  target_size: 32505856
[28.763s][debug  ][gc,age         ] GC(105) Desired survivor size 32505856 bytes, new threshold 9 (max threshold 15)
[28.763s][debug  ][gc,ergo        ] GC(105) PSAdaptiveSizePolicy::compute_eden_space_size limits: desired_eden_size: 222333563 old_eden_size: 203423744 eden_limit: 203423744 cur_eden: 203423744 max_eden_size: 203423744 avg_young_live: 26721918
[28.763s][debug  ][gc,ergo        ] GC(105) PSAdaptiveSizePolicy::compute_eden_space_size: costs minor_time: 0.042383 major_cost: 0.049275 mutator_cost: 0.908341 throughput_goal: 0.990000
[28.763s][debug  ][gc,ergo        ] GC(105) Live_space: 1023897216 free_space: 1378877440
[28.763s][debug  ][gc,ergo        ] GC(105) Old eden_size: 203423744 desired_eden_size: 203423744
[28.763s][debug  ][gc,ergo        ] GC(105) AdaptiveSizeStop: collection: 106 
[28.763s][info   ][gc,heap        ] GC(105) PSYoungGen: 229122K(230400K)->30720K(230400K) Eden: 198402K(198656K)->0K(198656K) From: 30720K(31744K)->30720K(31744K)
[28.763s][info   ][gc,heap        ] GC(105) ParOldGen: 912996K(1835008K)->1107556K(1835008K)
[28.763s][info   ][gc,metaspace   ] GC(105) Metaspace: 1022K(1216K)->1022K(1216K) NonClass: 938K(1024K)->938K(1024K) Class: 83K(192K)->83K(192K)
[28.763s][info   ][gc             ] GC(105) Pause Young (Allocation Failure) 1115M->1111M(2017M) 17.105ms
[28.763s][info   ][gc,cpu         ] GC(105) User=0.09s Sys=0.00s Real=0.02s
[28.763s][debug  ][gc,heap        ] GC(105) Heap after GC invocations=106 (full 17):
[28.763s][debug  ][gc,heap        ] GC(105)  PSYoungGen      total 230400K, used 30720K [0x00000000f0000000, 0x0000000100000000, 0x0000000100000000)
[28.763s][debug  ][gc,heap        ] GC(105)   eden space 198656K, 0% used [0x00000000f0000000,0x00000000f0000000,0x00000000fc200000)
[28.763s][debug  ][gc,heap        ] GC(105)   from space 31744K, 96% used [0x00000000fe100000,0x00000000fff00030,0x0000000100000000)
[28.763s][debug  ][gc,heap        ] GC(105)   to   space 31744K, 0% used [0x00000000fc200000,0x00000000fc200000,0x00000000fe100000)
[28.763s][debug  ][gc,heap        ] GC(105)  ParOldGen       total 1835008K, used 1107556K [0x0000000080000000, 0x00000000f0000000, 0x00000000f0000000)
[28.763s][debug  ][gc,heap        ] GC(105)   object space 1835008K, 60% used [0x0000000080000000,0x00000000c39991d8,0x00000000f0000000)
[28.763s][debug  ][gc,heap        ] GC(105)  Metaspace       used 1022K, committed 1216K, reserved 1056768K
[28.763s][debug  ][gc,heap        ] GC(105)   class space    used 83K, committed 192K, reserved 1048576K
[28.763s][debug  ][gc,task,time   ] GC(105) VM-Thread 287455526 287609362 287632946
[29.063s][debug  ][gc,heap        ] GC(106) Heap before GC invocations=107 (full 17):
[29.063s][debug  ][gc,heap        ] GC(106)  PSYoungGen      total 230400K, used 229141K [0x00000000f0000000, 0x0000000100000000, 0x0000000100000000)
[29.063s][debug  ][gc,heap        ] GC(106)   eden space 198656K, 99% used [0x00000000f0000000,0x00000000fc1c5690,0x00000000fc200000)
[29.063s][debug  ][gc,heap        ] GC(106)   from space 31744K, 96% used [0x00000000fe100000,0x00000000fff00030,0x0000000100000000)
[29.063s][debug  ][gc,heap        ] GC(106)   to   space 31744K, 0% used [0x00000000fc200000,0x00000000fc200000,0x00000000fe100000)
[29.063s][debug  ][gc,heap        ] GC(106)  ParOldGen       total 1835008K, used 1107556K [0x0000000080000000, 0x00000000f0000000, 0x00000000f0000000)
[29.063s][debug  ][gc,heap        ] GC(106)   object space 1835008K, 60% used [0x0000000080000000,0x00000000c39991d8,0x00000000f0000000)
[29.063s][debug  ][gc,heap        ] GC(106)  Metaspace       used 1022K, committed 1216K, reserved 1056768K
[29.063s][debug  ][gc,heap        ] GC(106)   class space    used 83K, committed 192K, reserved 1048576K
[29.063s][debug  ][gc,tlab        ] GC(106) TLAB totals: thrds: 1  refills: 1 max: 1 slow allocs: 18 max 18 waste: 27.4% gc: 3954016B max: 3954016B slow: 0B max: 0B
[29.063s][info   ][gc,start       ] GC(106) Pause Young (Allocation Failure)
[29.063s][debug  ][gc,phases,start] GC(106) Scavenge
[29.078s][debug  ][gc,phases      ] GC(106) Scavenge 14.839ms
[29.078s][debug  ][gc,phases,start] GC(106) Reference Processing
[29.078s][debug  ][gc,ref         ] GC(106) Skipped phase 1 of Reference Processing: no references
[29.078s][debug  ][gc,ref         ] GC(106) Skipped phase 2 of Reference Processing: no references
[29.078s][debug  ][gc,ref         ] GC(106) Skipped phase 3 of Reference Processing: no references
[29.078s][debug  ][gc,ref         ] GC(106) Skipped phase 4 of Reference Processing: no references
[29.078s][debug  ][gc,phases,ref  ] GC(106) Reference Processing: 0.1ms
[29.078s][debug  ][gc,phases,ref  ] GC(106)   Reconsider SoftReferences: 0.0ms
[29.078s][debug  ][gc,phases,ref  ] GC(106)     SoftRef (ms):                  skipped
[29.078s][debug  ][gc,phases,ref  ] GC(106)   Notify Soft/WeakReferences: 0.0ms
[29.078s][debug  ][gc,phases,ref  ] GC(106)     SoftRef (ms):                  skipped
[29.078s][debug  ][gc,phases,ref  ] GC(106)     WeakRef (ms):                  skipped
[29.078s][debug  ][gc,phases,ref  ] GC(106)     FinalRef (ms):                 skipped
[29.078s][debug  ][gc,phases,ref  ] GC(106)     Total (ms):                    skipped
[29.078s][debug  ][gc,phases,ref  ] GC(106)   Notify and keep alive finalizable: 0.0ms
[29.078s][debug  ][gc,phases,ref  ] GC(106)     FinalRef (ms):                 skipped
[29.078s][debug  ][gc,phases,ref  ] GC(106)   Notify PhantomReferences: 0.0ms
[29.078s][debug  ][gc,phases,ref  ] GC(106)     PhantomRef (ms):               skipped
[29.079s][debug  ][gc,phases,ref  ] GC(106)   SoftReference:
[29.079s][debug  ][gc,phases,ref  ] GC(106)     Discovered: 0
[29.079s][debug  ][gc,phases,ref  ] GC(106)     Cleared: 0
[29.079s][debug  ][gc,phases,ref  ] GC(106)   WeakReference:
[29.079s][debug  ][gc,phases,ref  ] GC(106)     Discovered: 0
[29.079s][debug  ][gc,phases,ref  ] GC(106)     Cleared: 0
[29.079s][debug  ][gc,phases,ref  ] GC(106)   FinalReference:
[29.079s][debug  ][gc,phases,ref  ] GC(106)     Discovered: 0
[29.079s][debug  ][gc,phases,ref  ] GC(106)     Cleared: 0
[29.079s][debug  ][gc,phases,ref  ] GC(106)   PhantomReference:
[29.079s][debug  ][gc,phases,ref  ] GC(106)     Discovered: 0
[29.079s][debug  ][gc,phases,ref  ] GC(106)     Cleared: 0
[29.079s][debug  ][gc,phases      ] GC(106) Reference Processing 0.810ms
[29.079s][debug  ][gc,phases,start] GC(106) Weak Processing
[29.079s][debug  ][gc,phases      ] GC(106)   VM Weak                        Min:  0.0, Avg:  0.0, Max:  0.0, Diff:  0.0, Sum:  0.0, Workers: 6
[29.079s][debug  ][gc,phases      ] GC(106)     Dead                           Min: 0, Avg:  0.0, Max: 0, Diff: 0, Sum: 0, Workers: 6
[29.079s][debug  ][gc,phases      ] GC(106)     Total                          Min: 0, Avg:  1.3, Max: 8, Diff: 8, Sum: 8, Workers: 6
[29.079s][debug  ][gc,phases      ] GC(106)   ObjectSynchronizer Weak        Min:  0.0, Avg:  0.0, Max:  0.0, Diff:  0.0, Sum:  0.0, Workers: 6
[29.079s][debug  ][gc,phases      ] GC(106)     Dead                           Min: 0, Avg:  0.0, Max: 0, Diff: 0, Sum: 0, Workers: 6
[29.079s][debug  ][gc,phases      ] GC(106)     Total                          Min: 0, Avg:  0.5, Max: 3, Diff: 3, Sum: 3, Workers: 6
[29.079s][debug  ][gc,phases      ] GC(106)   JVMTI Tag Weak OopStorage      Min:  0.0, Avg:  0.0, Max:  0.0, Diff:  0.0, Sum:  0.0, Workers: 6
[29.079s][debug  ][gc,phases      ] GC(106)     Dead                           Min: 0, Avg:  0.0, Max: 0, Diff: 0, Sum: 0, Workers: 6
[29.079s][debug  ][gc,phases      ] GC(106)     Total                          Min: 0, Avg:  0.0, Max: 0, Diff: 0, Sum: 0, Workers: 6
[29.079s][debug  ][gc,phases      ] GC(106)   StringTable Weak               Min:  0.0, Avg:  0.0, Max:  0.0, Diff:  0.0, Sum:  0.1, Workers: 6
[29.079s][debug  ][gc,phases      ] GC(106)     Dead                           Min: 0, Avg:  0.0, Max: 0, Diff: 0, Sum: 0, Workers: 6
[29.079s][debug  ][gc,phases      ] GC(106)     Total                          Min: 832, Avg: 891.8, Max: 960, Diff: 128, Sum: 5351, Workers: 6
[29.079s][debug  ][gc,phases      ] GC(106)   ResolvedMethodTable Weak       Min:  0.0, Avg:  0.0, Max:  0.0, Diff:  0.0, Sum:  0.0, Workers: 6
[29.079s][debug  ][gc,phases      ] GC(106)     Dead                           Min: 0, Avg:  0.0, Max: 0, Diff: 0, Sum: 0, Workers: 6
[29.079s][debug  ][gc,phases      ] GC(106)     Total                          Min: 0, Avg: 21.7, Max: 64, Diff: 64, Sum: 130, Workers: 6
[29.079s][debug  ][gc,phases      ] GC(106)   JNI Weak                       Min:  0.0, Avg:  0.0, Max:  0.0, Diff:  0.0, Sum:  0.0, Workers: 6
[29.079s][debug  ][gc,phases      ] GC(106)     Dead                           Min: 0, Avg:  0.0, Max: 0, Diff: 0, Sum: 0, Workers: 6
[29.079s][debug  ][gc,phases      ] GC(106)     Total                          Min: 0, Avg:  0.0, Max: 0, Diff: 0, Sum: 0, Workers: 6
[29.079s][debug  ][gc,phases      ] GC(106)   StringDedup Table Weak         Min:  0.0, Avg:  0.0, Max:  0.0, Diff:  0.0, Sum:  0.0, Workers: 6
[29.079s][debug  ][gc,phases      ] GC(106)     Dead                           Min: 0, Avg:  0.0, Max: 0, Diff: 0, Sum: 0, Workers: 6
[29.080s][debug  ][gc,phases      ] GC(106)     Total                          Min: 0, Avg:  0.0, Max: 0, Diff: 0, Sum: 0, Workers: 6
[29.080s][debug  ][gc,phases      ] GC(106)   StringDedup Requests0 Weak     Min:  0.0, Avg:  0.0, Max:  0.0, Diff:  0.0, Sum:  0.0, Workers: 6
[29.080s][debug  ][gc,phases      ] GC(106)     Dead                           Min: 0, Avg:  0.0, Max: 0, Diff: 0, Sum: 0, Workers: 6
[29.080s][debug  ][gc,phases      ] GC(106)     Total                          Min: 0, Avg:  0.0, Max: 0, Diff: 0, Sum: 0, Workers: 6
[29.080s][debug  ][gc,phases      ] GC(106)   StringDedup Requests1 Weak     Min:  0.0, Avg:  0.0, Max:  0.0, Diff:  0.0, Sum:  0.0, Workers: 6
[29.080s][debug  ][gc,phases      ] GC(106)     Dead                           Min: 0, Avg:  0.0, Max: 0, Diff: 0, Sum: 0, Workers: 6
[29.080s][debug  ][gc,phases      ] GC(106)     Total                          Min: 0, Avg:  0.0, Max: 0, Diff: 0, Sum: 0, Workers: 6
[29.080s][debug  ][gc,phases      ] GC(106)   Weak JFR Old Object Samples    Min:  0.0, Avg:  0.0, Max:  0.0, Diff:  0.0, Sum:  0.0, Workers: 6
[29.080s][debug  ][gc,phases      ] GC(106)     Dead                           Min: 0, Avg:  0.0, Max: 0, Diff: 0, Sum: 0, Workers: 6
[29.080s][debug  ][gc,phases      ] GC(106)     Total                          Min: 0, Avg:  0.0, Max: 0, Diff: 0, Sum: 0, Workers: 6
[29.080s][debug  ][gc,phases      ] GC(106) Weak Processing 0.886ms
[29.080s][debug  ][gc,ergo        ] GC(106) AdaptiveSizeStart:  collection: 107 
[29.080s][debug  ][gc,ergo        ] GC(106) avg_survived_padded_avg: 32043566.000000
[29.080s][debug  ][gc,ergo        ] GC(106) avg_promoted_padded_avg: 276603136.000000  avg_pretenured_padded_avg: 0.000000  tenuring_thresh: 9  target_size: 32505856
[29.080s][debug  ][gc,age         ] GC(106) Desired survivor size 32505856 bytes, new threshold 9 (max threshold 15)
[29.080s][debug  ][gc,ergo        ] GC(106) PSAdaptiveSizePolicy::compute_eden_space_size limits: desired_eden_size: 222927789 old_eden_size: 203423744 eden_limit: 203423744 cur_eden: 203423744 max_eden_size: 203423744 avg_young_live: 27195458
[29.080s][debug  ][gc,ergo        ] GC(106) PSAdaptiveSizePolicy::compute_eden_space_size: costs minor_time: 0.044930 major_cost: 0.049275 mutator_cost: 0.905795 throughput_goal: 0.990000
[29.080s][debug  ][gc,ergo        ] GC(106) Live_space: 1024370752 free_space: 1378877440
[29.080s][debug  ][gc,ergo        ] GC(106) Old eden_size: 203423744 desired_eden_size: 203423744
[29.080s][debug  ][gc,ergo        ] GC(106) AdaptiveSizeStop: collection: 107 
[29.080s][info   ][gc,heap        ] GC(106) PSYoungGen: 229141K(230400K)->30720K(230400K) Eden: 198421K(198656K)->0K(198656K) From: 30720K(31744K)->30720K(31744K)
[29.080s][info   ][gc,heap        ] GC(106) ParOldGen: 1107556K(1835008K)->1302116K(1835008K)
[29.080s][info   ][gc,metaspace   ] GC(106) Metaspace: 1022K(1216K)->1022K(1216K) NonClass: 938K(1024K)->938K(1024K) Class: 83K(192K)->83K(192K)
[29.080s][info   ][gc             ] GC(106) Pause Young (Allocation Failure) 1305M->1301M(2017M) 16.986ms
[29.080s][info   ][gc,cpu         ] GC(106) User=0.09s Sys=0.00s Real=0.02s
[29.080s][debug  ][gc,heap        ] GC(106) Heap after GC invocations=107 (full 17):
[29.080s][debug  ][gc,heap        ] GC(106)  PSYoungGen      total 230400K, used 30720K [0x00000000f0000000, 0x0000000100000000, 0x0000000100000000)
[29.080s][debug  ][gc,heap        ] GC(106)   eden space 198656K, 0% used [0x00000000f0000000,0x00000000f0000000,0x00000000fc200000)
[29.080s][debug  ][gc,heap        ] GC(106)   from space 31744K, 96% used [0x00000000fc200000,0x00000000fe000030,0x00000000fe100000)
[29.080s][debug  ][gc,heap        ] GC(106)   to   space 31744K, 0% used [0x00000000fe100000,0x00000000fe100000,0x0000000100000000)
[29.080s][debug  ][gc,heap        ] GC(106)  ParOldGen       total 1835008K, used 1302116K [0x0000000080000000, 0x00000000f0000000, 0x00000000f0000000)
[29.080s][debug  ][gc,heap        ] GC(106)   object space 1835008K, 70% used [0x0000000080000000,0x00000000cf799308,0x00000000f0000000)
[29.080s][debug  ][gc,heap        ] GC(106)  Metaspace       used 1022K, committed 1216K, reserved 1056768K
[29.080s][debug  ][gc,heap        ] GC(106)   class space    used 83K, committed 192K, reserved 1048576K
[29.080s][debug  ][gc,task,time   ] GC(106) VM-Thread 290626238 290780087 290802645
[29.379s][debug  ][gc,heap        ] GC(107) Heap before GC invocations=108 (full 17):
[29.379s][debug  ][gc,heap        ] GC(107)  PSYoungGen      total 230400K, used 229153K [0x00000000f0000000, 0x0000000100000000, 0x0000000100000000)
[29.379s][debug  ][gc,heap        ] GC(107)   eden space 198656K, 99% used [0x00000000f0000000,0x00000000fc1c86d0,0x00000000fc200000)
[29.379s][debug  ][gc,heap        ] GC(107)   from space 31744K, 96% used [0x00000000fc200000,0x00000000fe000030,0x00000000fe100000)
[29.379s][debug  ][gc,heap        ] GC(107)   to   space 31744K, 0% used [0x00000000fe100000,0x00000000fe100000,0x0000000100000000)
[29.379s][debug  ][gc,heap        ] GC(107)  ParOldGen       total 1835008K, used 1302116K [0x0000000080000000, 0x00000000f0000000, 0x00000000f0000000)
[29.379s][debug  ][gc,heap        ] GC(107)   object space 1835008K, 70% used [0x0000000080000000,0x00000000cf799308,0x00000000f0000000)
[29.379s][debug  ][gc,heap        ] GC(107)  Metaspace       used 1022K, committed 1216K, reserved 1056768K
[29.379s][debug  ][gc,heap        ] GC(107)   class space    used 83K, committed 192K, reserved 1048576K
[29.379s][debug  ][gc,tlab        ] GC(107) TLAB totals: thrds: 1  refills: 1 max: 1 slow allocs: 18 max 18 waste: 27.4% gc: 3966368B max: 3966368B slow: 0B max: 0B
[29.379s][info   ][gc,start       ] GC(107) Pause Young (Allocation Failure)
[29.379s][debug  ][gc,phases,start] GC(107) Scavenge
[29.396s][debug  ][gc,phases      ] GC(107) Scavenge 16.626ms
[29.396s][debug  ][gc,phases,start] GC(107) Reference Processing
[29.396s][debug  ][gc,ref         ] GC(107) Skipped phase 1 of Reference Processing: no references
[29.396s][debug  ][gc,ref         ] GC(107) Skipped phase 2 of Reference Processing: no references
[29.396s][debug  ][gc,ref         ] GC(107) Skipped phase 3 of Reference Processing: no references
[29.396s][debug  ][gc,ref         ] GC(107) Skipped phase 4 of Reference Processing: no references
[29.396s][debug  ][gc,phases,ref  ] GC(107) Reference Processing: 0.1ms
[29.396s][debug  ][gc,phases,ref  ] GC(107)   Reconsider SoftReferences: 0.0ms
[29.396s][debug  ][gc,phases,ref  ] GC(107)     SoftRef (ms):                  skipped
[29.396s][debug  ][gc,phases,ref  ] GC(107)   Notify Soft/WeakReferences: 0.0ms
[29.396s][debug  ][gc,phases,ref  ] GC(107)     SoftRef (ms):                  skipped
[29.396s][debug  ][gc,phases,ref  ] GC(107)     WeakRef (ms):                  skipped
[29.396s][debug  ][gc,phases,ref  ] GC(107)     FinalRef (ms):                 skipped
[29.396s][debug  ][gc,phases,ref  ] GC(107)     Total (ms):                    skipped
[29.396s][debug  ][gc,phases,ref  ] GC(107)   Notify and keep alive finalizable: 0.0ms
[29.396s][debug  ][gc,phases,ref  ] GC(107)     FinalRef (ms):                 skipped
[29.396s][debug  ][gc,phases,ref  ] GC(107)   Notify PhantomReferences: 0.0ms
[29.396s][debug  ][gc,phases,ref  ] GC(107)     PhantomRef (ms):               skipped
[29.396s][debug  ][gc,phases,ref  ] GC(107)   SoftReference:
[29.396s][debug  ][gc,phases,ref  ] GC(107)     Discovered: 0
[29.396s][debug  ][gc,phases,ref  ] GC(107)     Cleared: 0
[29.396s][debug  ][gc,phases,ref  ] GC(107)   WeakReference:
[29.396s][debug  ][gc,phases,ref  ] GC(107)     Discovered: 0
[29.396s][debug  ][gc,phases,ref  ] GC(107)     Cleared: 0
[29.397s][debug  ][gc,phases,ref  ] GC(107)   FinalReference:
[29.397s][debug  ][gc,phases,ref  ] GC(107)     Discovered: 0
[29.397s][debug  ][gc,phases,ref  ] GC(107)     Cleared: 0
[29.397s][debug  ][gc,phases,ref  ] GC(107)   PhantomReference:
[29.397s][debug  ][gc,phases,ref  ] GC(107)     Discovered: 0
[29.397s][debug  ][gc,phases,ref  ] GC(107)     Cleared: 0
[29.397s][debug  ][gc,phases      ] GC(107) Reference Processing 0.957ms
[29.397s][debug  ][gc,phases,start] GC(107) Weak Processing
[29.397s][debug  ][gc,phases      ] GC(107)   VM Weak                        Min:  0.0, Avg:  0.0, Max:  0.0, Diff:  0.0, Sum:  0.0, Workers: 6
[29.397s][debug  ][gc,phases      ] GC(107)     Dead                           Min: 0, Avg:  0.0, Max: 0, Diff: 0, Sum: 0, Workers: 6
[29.397s][debug  ][gc,phases      ] GC(107)     Total                          Min: 0, Avg:  1.3, Max: 8, Diff: 8, Sum: 8, Workers: 6
[29.397s][debug  ][gc,phases      ] GC(107)   ObjectSynchronizer Weak        Min:  0.0, Avg:  0.0, Max:  0.0, Diff:  0.0, Sum:  0.0, Workers: 6
[29.397s][debug  ][gc,phases      ] GC(107)     Dead                           Min: 0, Avg:  0.0, Max: 0, Diff: 0, Sum: 0, Workers: 6
[29.397s][debug  ][gc,phases      ] GC(107)     Total                          Min: 0, Avg:  0.5, Max: 3, Diff: 3, Sum: 3, Workers: 6
[29.397s][debug  ][gc,phases      ] GC(107)   JVMTI Tag Weak OopStorage      Min:  0.0, Avg:  0.0, Max:  0.0, Diff:  0.0, Sum:  0.0, Workers: 6
[29.397s][debug  ][gc,phases      ] GC(107)     Dead                           Min: 0, Avg:  0.0, Max: 0, Diff: 0, Sum: 0, Workers: 6
[29.397s][debug  ][gc,phases      ] GC(107)     Total                          Min: 0, Avg:  0.0, Max: 0, Diff: 0, Sum: 0, Workers: 6
[29.397s][debug  ][gc,phases      ] GC(107)   StringTable Weak               Min:  0.0, Avg:  0.0, Max:  0.0, Diff:  0.0, Sum:  0.1, Workers: 6
[29.397s][debug  ][gc,phases      ] GC(107)     Dead                           Min: 0, Avg:  0.0, Max: 0, Diff: 0, Sum: 0, Workers: 6
[29.397s][debug  ][gc,phases      ] GC(107)     Total                          Min: 0, Avg: 891.8, Max: 2048, Diff: 2048, Sum: 5351, Workers: 6
[29.397s][debug  ][gc,phases      ] GC(107)   ResolvedMethodTable Weak       Min:  0.0, Avg:  0.0, Max:  0.0, Diff:  0.0, Sum:  0.0, Workers: 6
[29.397s][debug  ][gc,phases      ] GC(107)     Dead                           Min: 0, Avg:  0.0, Max: 0, Diff: 0, Sum: 0, Workers: 6
[29.397s][debug  ][gc,phases      ] GC(107)     Total                          Min: 0, Avg: 21.7, Max: 66, Diff: 66, Sum: 130, Workers: 6
[29.397s][debug  ][gc,phases      ] GC(107)   JNI Weak                       Min:  0.0, Avg:  0.0, Max:  0.0, Diff:  0.0, Sum:  0.0, Workers: 6
[29.398s][debug  ][gc,phases      ] GC(107)     Dead                           Min: 0, Avg:  0.0, Max: 0, Diff: 0, Sum: 0, Workers: 6
[29.398s][debug  ][gc,phases      ] GC(107)     Total                          Min: 0, Avg:  0.0, Max: 0, Diff: 0, Sum: 0, Workers: 6
[29.398s][debug  ][gc,phases      ] GC(107)   StringDedup Table Weak         Min:  0.0, Avg:  0.0, Max:  0.0, Diff:  0.0, Sum:  0.0, Workers: 6
[29.398s][debug  ][gc,phases      ] GC(107)     Dead                           Min: 0, Avg:  0.0, Max: 0, Diff: 0, Sum: 0, Workers: 6
[29.398s][debug  ][gc,phases      ] GC(107)     Total                          Min: 0, Avg:  0.0, Max: 0, Diff: 0, Sum: 0, Workers: 6
[29.398s][debug  ][gc,phases      ] GC(107)   StringDedup Requests0 Weak     Min:  0.0, Avg:  0.0, Max:  0.0, Diff:  0.0, Sum:  0.0, Workers: 6
[29.398s][debug  ][gc,phases      ] GC(107)     Dead                           Min: 0, Avg:  0.0, Max: 0, Diff: 0, Sum: 0, Workers: 6
[29.398s][debug  ][gc,phases      ] GC(107)     Total                          Min: 0, Avg:  0.0, Max: 0, Diff: 0, Sum: 0, Workers: 6
[29.398s][debug  ][gc,phases      ] GC(107)   StringDedup Requests1 Weak     Min:  0.0, Avg:  0.0, Max:  0.0, Diff:  0.0, Sum:  0.0, Workers: 6
[29.398s][debug  ][gc,phases      ] GC(107)     Dead                           Min: 0, Avg:  0.0, Max: 0, Diff: 0, Sum: 0, Workers: 6
[29.398s][debug  ][gc,phases      ] GC(107)     Total                          Min: 0, Avg:  0.0, Max: 0, Diff: 0, Sum: 0, Workers: 6
[29.398s][debug  ][gc,phases      ] GC(107)   Weak JFR Old Object Samples    Min:  0.0, Avg:  0.0, Max:  0.0, Diff:  0.0, Sum:  0.0, Workers: 6
[29.398s][debug  ][gc,phases      ] GC(107)     Dead                           Min: 0, Avg:  0.0, Max: 0, Diff: 0, Sum: 0, Workers: 6
[29.398s][debug  ][gc,phases      ] GC(107)     Total                          Min: 0, Avg:  0.0, Max: 0, Diff: 0, Sum: 0, Workers: 6
[29.398s][debug  ][gc,phases      ] GC(107) Weak Processing 1.220ms
[29.398s][debug  ][gc,ergo        ] GC(107) AdaptiveSizeStart:  collection: 108 
[29.398s][debug  ][gc,ergo        ] GC(107) avg_survived_padded_avg: 31996190.000000
[29.398s][debug  ][gc,ergo        ] GC(107) avg_promoted_padded_avg: 278278144.000000  avg_pretenured_padded_avg: 0.000000  tenuring_thresh: 9  target_size: 32505856
[29.398s][debug  ][gc,age         ] GC(107) Desired survivor size 32505856 bytes, new threshold 9 (max threshold 15)
[29.398s][debug  ][gc,ergo        ] GC(107) PSAdaptiveSizePolicy::compute_eden_space_size limits: desired_eden_size: 223726935 old_eden_size: 203423744 eden_limit: 203423744 cur_eden: 203423744 max_eden_size: 203423744 avg_young_live: 27621644
[29.398s][debug  ][gc,ergo        ] GC(107) PSAdaptiveSizePolicy::compute_eden_space_size: costs minor_time: 0.048586 major_cost: 0.049275 mutator_cost: 0.902139 throughput_goal: 0.990000
[29.398s][debug  ][gc,ergo        ] GC(107) Live_space: 1024796928 free_space: 1378877440
[29.398s][debug  ][gc,ergo        ] GC(107) Old eden_size: 203423744 desired_eden_size: 203423744
[29.398s][debug  ][gc,ergo        ] GC(107) AdaptiveSizeStop: collection: 108 
[29.398s][info   ][gc,heap        ] GC(107) PSYoungGen: 229153K(230400K)->30720K(230400K) Eden: 198433K(198656K)->0K(198656K) From: 30720K(31744K)->30720K(31744K)
[29.398s][info   ][gc,heap        ] GC(107) ParOldGen: 1302116K(1835008K)->1496677K(1835008K)
[29.398s][info   ][gc,metaspace   ] GC(107) Metaspace: 1022K(1216K)->1022K(1216K) NonClass: 938K(1024K)->938K(1024K) Class: 83K(192K)->83K(192K)
[29.398s][info   ][gc             ] GC(107) Pause Young (Allocation Failure) 1495M->1491M(2017M) 19.379ms
[29.398s][info   ][gc,cpu         ] GC(107) User=0.08s Sys=0.00s Real=0.02s
[29.398s][debug  ][gc,heap        ] GC(107) Heap after GC invocations=108 (full 17):
[29.399s][debug  ][gc,heap        ] GC(107)  PSYoungGen      total 230400K, used 30720K [0x00000000f0000000, 0x0000000100000000, 0x0000000100000000)
[29.399s][debug  ][gc,heap        ] GC(107)   eden space 198656K, 0% used [0x00000000f0000000,0x00000000f0000000,0x00000000fc200000)
[29.399s][debug  ][gc,heap        ] GC(107)   from space 31744K, 96% used [0x00000000fe100000,0x00000000fff00030,0x0000000100000000)
[29.399s][debug  ][gc,heap        ] GC(107)   to   space 31744K, 0% used [0x00000000fc200000,0x00000000fc200000,0x00000000fe100000)
[29.399s][debug  ][gc,heap        ] GC(107)  ParOldGen       total 1835008K, used 1496677K [0x0000000080000000, 0x00000000f0000000, 0x00000000f0000000)
[29.399s][debug  ][gc,heap        ] GC(107)   object space 1835008K, 81% used [0x0000000080000000,0x00000000db599438,0x00000000f0000000)
[29.399s][debug  ][gc,heap        ] GC(107)  Metaspace       used 1022K, committed 1216K, reserved 1056768K
[29.399s][debug  ][gc,heap        ] GC(107)   class space    used 83K, committed 192K, reserved 1048576K
[29.399s][debug  ][gc,task,time   ] GC(107) VM-Thread 293787288 293957855 293987703
[29.697s][debug  ][gc,heap        ] GC(108) Heap before GC invocations=109 (full 17):
[29.697s][debug  ][gc,heap        ] GC(108)  PSYoungGen      total 230400K, used 229161K [0x00000000f0000000, 0x0000000100000000, 0x0000000100000000)
[29.697s][debug  ][gc,heap        ] GC(108)   eden space 198656K, 99% used [0x00000000f0000000,0x00000000fc1ca5d0,0x00000000fc200000)
[29.697s][debug  ][gc,heap        ] GC(108)   from space 31744K, 96% used [0x00000000fe100000,0x00000000fff00030,0x0000000100000000)
[29.697s][debug  ][gc,heap        ] GC(108)   to   space 31744K, 0% used [0x00000000fc200000,0x00000000fc200000,0x00000000fe100000)
[29.698s][debug  ][gc,heap        ] GC(108)  ParOldGen       total 1835008K, used 1496677K [0x0000000080000000, 0x00000000f0000000, 0x00000000f0000000)
[29.698s][debug  ][gc,heap        ] GC(108)   object space 1835008K, 81% used [0x0000000080000000,0x00000000db599438,0x00000000f0000000)
[29.698s][debug  ][gc,heap        ] GC(108)  Metaspace       used 1022K, committed 1216K, reserved 1056768K
[29.698s][debug  ][gc,heap        ] GC(108)   class space    used 83K, committed 192K, reserved 1048576K
[29.698s][debug  ][gc,tlab        ] GC(108) TLAB totals: thrds: 1  refills: 1 max: 1 slow allocs: 18 max 18 waste: 27.5% gc: 3974304B max: 3974304B slow: 0B max: 0B
[29.698s][info   ][gc,start       ] GC(108) Pause Young (Allocation Failure)
[29.698s][debug  ][gc,phases,start] GC(108) Scavenge
[29.714s][debug  ][gc,phases      ] GC(108) Scavenge 16.733ms
[29.715s][debug  ][gc,phases,start] GC(108) Reference Processing
[29.715s][debug  ][gc,ref         ] GC(108) Skipped phase 1 of Reference Processing: no references
[29.715s][debug  ][gc,ref         ] GC(108) Skipped phase 2 of Reference Processing: no references
[29.715s][debug  ][gc,ref         ] GC(108) Skipped phase 3 of Reference Processing: no references
[29.715s][debug  ][gc,ref         ] GC(108) Skipped phase 4 of Reference Processing: no references
[29.715s][debug  ][gc,phases,ref  ] GC(108) Reference Processing: 0.1ms
[29.715s][debug  ][gc,phases,ref  ] GC(108)   Reconsider SoftReferences: 0.0ms
[29.715s][debug  ][gc,phases,ref  ] GC(108)     SoftRef (ms):                  skipped
[29.715s][debug  ][gc,phases,ref  ] GC(108)   Notify Soft/WeakReferences: 0.0ms
[29.715s][debug  ][gc,phases,ref  ] GC(108)     SoftRef (ms):                  skipped
[29.715s][debug  ][gc,phases,ref  ] GC(108)     WeakRef (ms):                  skipped
[29.715s][debug  ][gc,phases,ref  ] GC(108)     FinalRef (ms):                 skipped
[29.715s][debug  ][gc,phases,ref  ] GC(108)     Total (ms):                    skipped
[29.715s][debug  ][gc,phases,ref  ] GC(108)   Notify and keep alive finalizable: 0.0ms
[29.715s][debug  ][gc,phases,ref  ] GC(108)     FinalRef (ms):                 skipped
[29.715s][debug  ][gc,phases,ref  ] GC(108)   Notify PhantomReferences: 0.0ms
[29.715s][debug  ][gc,phases,ref  ] GC(108)     PhantomRef (ms):               skipped
[29.715s][debug  ][gc,phases,ref  ] GC(108)   SoftReference:
[29.715s][debug  ][gc,phases,ref  ] GC(108)     Discovered: 0
[29.715s][debug  ][gc,phases,ref  ] GC(108)     Cleared: 0
[29.715s][debug  ][gc,phases,ref  ] GC(108)   WeakReference:
[29.715s][debug  ][gc,phases,ref  ] GC(108)     Discovered: 0
[29.715s][debug  ][gc,phases,ref  ] GC(108)     Cleared: 0
[29.715s][debug  ][gc,phases,ref  ] GC(108)   FinalReference:
[29.715s][debug  ][gc,phases,ref  ] GC(108)     Discovered: 0
[29.715s][debug  ][gc,phases,ref  ] GC(108)     Cleared: 0
[29.715s][debug  ][gc,phases,ref  ] GC(108)   PhantomReference:
[29.715s][debug  ][gc,phases,ref  ] GC(108)     Discovered: 0
[29.715s][debug  ][gc,phases,ref  ] GC(108)     Cleared: 0
[29.715s][debug  ][gc,phases      ] GC(108) Reference Processing 0.573ms
[29.715s][debug  ][gc,phases,start] GC(108) Weak Processing
[29.715s][debug  ][gc,phases      ] GC(108)   VM Weak                        Min:  0.0, Avg:  0.0, Max:  0.0, Diff:  0.0, Sum:  0.0, Workers: 6
[29.715s][debug  ][gc,phases      ] GC(108)     Dead                           Min: 0, Avg:  0.0, Max: 0, Diff: 0, Sum: 0, Workers: 6
[29.715s][debug  ][gc,phases      ] GC(108)     Total                          Min: 0, Avg:  1.3, Max: 8, Diff: 8, Sum: 8, Workers: 6
[29.715s][debug  ][gc,phases      ] GC(108)   ObjectSynchronizer Weak        Min:  0.0, Avg:  0.0, Max:  0.0, Diff:  0.0, Sum:  0.0, Workers: 6
[29.715s][debug  ][gc,phases      ] GC(108)     Dead                           Min: 0, Avg:  0.0, Max: 0, Diff: 0, Sum: 0, Workers: 6
[29.715s][debug  ][gc,phases      ] GC(108)     Total                          Min: 0, Avg:  0.5, Max: 3, Diff: 3, Sum: 3, Workers: 6
[29.716s][debug  ][gc,phases      ] GC(108)   JVMTI Tag Weak OopStorage      Min:  0.0, Avg:  0.0, Max:  0.0, Diff:  0.0, Sum:  0.0, Workers: 6
[29.716s][debug  ][gc,phases      ] GC(108)     Dead                           Min: 0, Avg:  0.0, Max: 0, Diff: 0, Sum: 0, Workers: 6
[29.716s][debug  ][gc,phases      ] GC(108)     Total                          Min: 0, Avg:  0.0, Max: 0, Diff: 0, Sum: 0, Workers: 6
[29.716s][debug  ][gc,phases      ] GC(108)   StringTable Weak               Min:  0.0, Avg:  0.0, Max:  0.0, Diff:  0.0, Sum:  0.0, Workers: 6
[29.716s][debug  ][gc,phases      ] GC(108)     Dead                           Min: 0, Avg:  0.0, Max: 0, Diff: 0, Sum: 0, Workers: 6
[29.716s][debug  ][gc,phases      ] GC(108)     Total                          Min: 0, Avg: 891.8, Max: 1255, Diff: 1255, Sum: 5351, Workers: 6
[29.716s][debug  ][gc,phases      ] GC(108)   ResolvedMethodTable Weak       Min:  0.0, Avg:  0.0, Max:  0.0, Diff:  0.0, Sum:  0.0, Workers: 6
[29.716s][debug  ][gc,phases      ] GC(108)     Dead                           Min: 0, Avg:  0.0, Max: 0, Diff: 0, Sum: 0, Workers: 6
[29.716s][debug  ][gc,phases      ] GC(108)     Total                          Min: 0, Avg: 21.7, Max: 64, Diff: 64, Sum: 130, Workers: 6
[29.716s][debug  ][gc,phases      ] GC(108)   JNI Weak                       Min:  0.0, Avg:  0.0, Max:  0.0, Diff:  0.0, Sum:  0.0, Workers: 6
[29.716s][debug  ][gc,phases      ] GC(108)     Dead                           Min: 0, Avg:  0.0, Max: 0, Diff: 0, Sum: 0, Workers: 6
[29.716s][debug  ][gc,phases      ] GC(108)     Total                          Min: 0, Avg:  0.0, Max: 0, Diff: 0, Sum: 0, Workers: 6
[29.716s][debug  ][gc,phases      ] GC(108)   StringDedup Table Weak         Min:  0.0, Avg:  0.0, Max:  0.0, Diff:  0.0, Sum:  0.0, Workers: 6
[29.716s][debug  ][gc,phases      ] GC(108)     Dead                           Min: 0, Avg:  0.0, Max: 0, Diff: 0, Sum: 0, Workers: 6
[29.716s][debug  ][gc,phases      ] GC(108)     Total                          Min: 0, Avg:  0.0, Max: 0, Diff: 0, Sum: 0, Workers: 6
[29.716s][debug  ][gc,phases      ] GC(108)   StringDedup Requests0 Weak     Min:  0.0, Avg:  0.0, Max:  0.0, Diff:  0.0, Sum:  0.0, Workers: 6
[29.716s][debug  ][gc,phases      ] GC(108)     Dead                           Min: 0, Avg:  0.0, Max: 0, Diff: 0, Sum: 0, Workers: 6
[29.716s][debug  ][gc,phases      ] GC(108)     Total                          Min: 0, Avg:  0.0, Max: 0, Diff: 0, Sum: 0, Workers: 6
[29.716s][debug  ][gc,phases      ] GC(108)   StringDedup Requests1 Weak     Min:  0.0, Avg:  0.0, Max:  0.0, Diff:  0.0, Sum:  0.0, Workers: 6
[29.716s][debug  ][gc,phases      ] GC(108)     Dead                           Min: 0, Avg:  0.0, Max: 0, Diff: 0, Sum: 0, Workers: 6
[29.716s][debug  ][gc,phases      ] GC(108)     Total                          Min: 0, Avg:  0.0, Max: 0, Diff: 0, Sum: 0, Workers: 6
[29.716s][debug  ][gc,phases      ] GC(108)   Weak JFR Old Object Samples    Min:  0.0, Avg:  0.0, Max:  0.0, Diff:  0.0, Sum:  0.0, Workers: 6
[29.716s][debug  ][gc,phases      ] GC(108)     Dead                           Min: 0, Avg:  0.0, Max: 0, Diff: 0, Sum: 0, Workers: 6
[29.716s][debug  ][gc,phases      ] GC(108)     Total                          Min: 0, Avg:  0.0, Max: 0, Diff: 0, Sum: 0, Workers: 6
[29.716s][debug  ][gc,phases      ] GC(108) Weak Processing 0.891ms
[29.716s][debug  ][gc,ergo        ] GC(108) AdaptiveSizeStart:  collection: 109 
[29.716s][debug  ][gc,ergo        ] GC(108) avg_survived_padded_avg: 31952426.000000
[29.716s][debug  ][gc,ergo        ] GC(108) avg_promoted_padded_avg: 278844448.000000  avg_pretenured_padded_avg: 0.000000  tenuring_thresh: 9  target_size: 31981568
[29.716s][debug  ][gc,age         ] GC(108) Desired survivor size 31981568 bytes, new threshold 9 (max threshold 15)
[29.716s][debug  ][gc,ergo        ] GC(108) PSAdaptiveSizePolicy::compute_eden_space_size limits: desired_eden_size: 224188970 old_eden_size: 203423744 eden_limit: 203423744 cur_eden: 203423744 max_eden_size: 203423744 avg_young_live: 28005212
[29.716s][debug  ][gc,ergo        ] GC(108) PSAdaptiveSizePolicy::compute_eden_space_size: costs minor_time: 0.050832 major_cost: 0.049275 mutator_cost: 0.899893 throughput_goal: 0.990000
[29.716s][debug  ][gc,ergo        ] GC(108) Live_space: 1025180544 free_space: 1378877440
[29.716s][debug  ][gc,ergo        ] GC(108) Old eden_size: 203423744 desired_eden_size: 203423744
[29.716s][debug  ][gc,ergo        ] GC(108) AdaptiveSizeStop: collection: 109 
[29.716s][info   ][gc,heap        ] GC(108) PSYoungGen: 229161K(230400K)->30720K(230400K) Eden: 198441K(198656K)->0K(198656K) From: 30720K(31744K)->30720K(31744K)
[29.716s][info   ][gc,heap        ] GC(108) ParOldGen: 1496677K(1835008K)->1691237K(1835008K)
[29.716s][info   ][gc,metaspace   ] GC(108) Metaspace: 1022K(1216K)->1022K(1216K) NonClass: 938K(1024K)->938K(1024K) Class: 83K(192K)->83K(192K)
[29.716s][info   ][gc             ] GC(108) Pause Young (Allocation Failure) 1685M->1681M(2017M) 18.636ms
[29.716s][info   ][gc,cpu         ] GC(108) User=0.09s Sys=0.00s Real=0.02s
[29.716s][debug  ][gc,heap        ] GC(108) Heap after GC invocations=109 (full 17):
[29.716s][debug  ][gc,heap        ] GC(108)  PSYoungGen      total 230400K, used 30720K [0x00000000f0000000, 0x0000000100000000, 0x0000000100000000)
[29.716s][debug  ][gc,heap        ] GC(108)   eden space 198656K, 0% used [0x00000000f0000000,0x00000000f0000000,0x00000000fc200000)
[29.716s][debug  ][gc,heap        ] GC(108)   from space 31744K, 96% used [0x00000000fc200000,0x00000000fe000030,0x00000000fe100000)
[29.716s][debug  ][gc,heap        ] GC(108)   to   space 31232K, 0% used [0x00000000fe180000,0x00000000fe180000,0x0000000100000000)
[29.716s][debug  ][gc,heap        ] GC(108)  ParOldGen       total 1835008K, used 1691237K [0x0000000080000000, 0x00000000f0000000, 0x00000000f0000000)
[29.717s][debug  ][gc,heap        ] GC(108)   object space 1835008K, 92% used [0x0000000080000000,0x00000000e7399568,0x00000000f0000000)
[29.717s][debug  ][gc,heap        ] GC(108)  Metaspace       used 1022K, committed 1216K, reserved 1056768K
[29.717s][debug  ][gc,heap        ] GC(108)   class space    used 83K, committed 192K, reserved 1048576K
[29.717s][debug  ][gc,task,time   ] GC(108) VM-Thread 296972637 297145479 297165838
[29.717s][debug  ][gc,phases,start] GC(109) Pre Compact
[29.717s][debug  ][gc,heap        ] GC(109) Heap before GC invocations=110 (full 18):
[29.717s][debug  ][gc,heap        ] GC(109)  PSYoungGen      total 230400K, used 30720K [0x00000000f0000000, 0x0000000100000000, 0x0000000100000000)
[29.717s][debug  ][gc,heap        ] GC(109)   eden space 198656K, 0% used [0x00000000f0000000,0x00000000f0000000,0x00000000fc200000)
[29.717s][debug  ][gc,heap        ] GC(109)   from space 31744K, 96% used [0x00000000fc200000,0x00000000fe000030,0x00000000fe100000)
[29.717s][debug  ][gc,heap        ] GC(109)   to   space 31232K, 0% used [0x00000000fe180000,0x00000000fe180000,0x0000000100000000)
[29.717s][debug  ][gc,heap        ] GC(109)  ParOldGen       total 1835008K, used 1691237K [0x0000000080000000, 0x00000000f0000000, 0x00000000f0000000)
[29.717s][debug  ][gc,heap        ] GC(109)   object space 1835008K, 92% used [0x0000000080000000,0x00000000e7399568,0x00000000f0000000)
[29.717s][debug  ][gc,heap        ] GC(109)  Metaspace       used 1022K, committed 1216K, reserved 1056768K
[29.717s][debug  ][gc,heap        ] GC(109)   class space    used 83K, committed 192K, reserved 1048576K
[29.717s][debug  ][gc,phases      ] GC(109) Pre Compact 0.204ms
[29.717s][info   ][gc,start       ] GC(109) Pause Full (Ergonomics)
[29.717s][info   ][gc,phases,start] GC(109) Marking Phase
[29.717s][debug  ][gc,phases,start] GC(109) Par Mark
[29.718s][debug  ][gc,phases      ] GC(109) Par Mark 0.621ms
[29.718s][debug  ][gc,phases,start] GC(109) Reference Processing
[29.718s][debug  ][gc,ref         ] GC(109) Skipped phase 1 of Reference Processing: no references
[29.718s][debug  ][gc,ref         ] GC(109) ReferenceProcessor::execute queues: 1, RefProcThreadModel::Single, marks_oops_alive: false
[29.718s][debug  ][gc,ref         ] GC(109) Skipped phase 3 of Reference Processing: no references
[29.718s][debug  ][gc,ref         ] GC(109) ReferenceProcessor::execute queues: 1, RefProcThreadModel::Single, marks_oops_alive: false
[29.718s][debug  ][gc,phases,ref  ] GC(109) Reference Processing: 0.1ms
[29.718s][debug  ][gc,phases,ref  ] GC(109)   Reconsider SoftReferences: 0.0ms
[29.718s][debug  ][gc,phases,ref  ] GC(109)     SoftRef (ms):                  skipped
[29.718s][debug  ][gc,phases,ref  ] GC(109)   Notify Soft/WeakReferences: 0.0ms
[29.718s][debug  ][gc,phases,ref  ] GC(109)     SoftRef (ms):                  Min:  0.0, Avg:  0.0, Max:  0.0, Diff:  0.0, Sum:  0.0, Workers: 6
[29.718s][debug  ][gc,phases,ref  ] GC(109)     WeakRef (ms):                  Min:  0.0, Avg:  0.0, Max:  0.0, Diff:  0.0, Sum:  0.0, Workers: 6
[29.718s][debug  ][gc,phases,ref  ] GC(109)     FinalRef (ms):                 Min:  0.0, Avg:  0.0, Max:  0.0, Diff:  0.0, Sum:  0.0, Workers: 6
[29.718s][debug  ][gc,phases,ref  ] GC(109)     Total (ms):                    Min:  0.0, Avg:  0.0, Max:  0.0, Diff:  0.0, Sum:  0.0, Workers: 6
[29.718s][debug  ][gc,phases,ref  ] GC(109)   Notify and keep alive finalizable: 0.0ms
[29.718s][debug  ][gc,phases,ref  ] GC(109)     FinalRef (ms):                 skipped
[29.718s][debug  ][gc,phases,ref  ] GC(109)   Notify PhantomReferences: 0.0ms
[29.718s][debug  ][gc,phases,ref  ] GC(109)     PhantomRef (ms):               Min:  0.0, Avg:  0.0, Max:  0.0, Diff:  0.0, Sum:  0.0, Workers: 6
[29.718s][debug  ][gc,phases,ref  ] GC(109)   SoftReference:
[29.718s][debug  ][gc,phases,ref  ] GC(109)     Discovered: 0
[29.718s][debug  ][gc,phases,ref  ] GC(109)     Cleared: 0
[29.718s][debug  ][gc,phases,ref  ] GC(109)   WeakReference:
[29.718s][debug  ][gc,phases,ref  ] GC(109)     Discovered: 104
[29.718s][debug  ][gc,phases,ref  ] GC(109)     Cleared: 104
[29.718s][debug  ][gc,phases,ref  ] GC(109)   FinalReference:
[29.718s][debug  ][gc,phases,ref  ] GC(109)     Discovered: 0
[29.718s][debug  ][gc,phases,ref  ] GC(109)     Cleared: 0
[29.718s][debug  ][gc,phases,ref  ] GC(109)   PhantomReference:
[29.718s][debug  ][gc,phases,ref  ] GC(109)     Discovered: 3
[29.718s][debug  ][gc,phases,ref  ] GC(109)     Cleared: 3
[29.718s][debug  ][gc,phases      ] GC(109) Reference Processing 0.602ms
[29.718s][debug  ][gc,phases,start] GC(109) Weak Processing
[29.718s][debug  ][gc,phases      ] GC(109)   VM Weak                        Min:  0.0, Avg:  0.0, Max:  0.0, Diff:  0.0, Sum:  0.0, Workers: 6
[29.718s][debug  ][gc,phases      ] GC(109)     Dead                           Min: 0, Avg:  0.0, Max: 0, Diff: 0, Sum: 0, Workers: 6
[29.718s][debug  ][gc,phases      ] GC(109)     Total                          Min: 0, Avg:  1.3, Max: 8, Diff: 8, Sum: 8, Workers: 6
[29.718s][debug  ][gc,phases      ] GC(109)   ObjectSynchronizer Weak        Min:  0.0, Avg:  0.0, Max:  0.0, Diff:  0.0, Sum:  0.0, Workers: 6
[29.718s][debug  ][gc,phases      ] GC(109)     Dead                           Min: 0, Avg:  0.0, Max: 0, Diff: 0, Sum: 0, Workers: 6
[29.718s][debug  ][gc,phases      ] GC(109)     Total                          Min: 0, Avg:  0.5, Max: 3, Diff: 3, Sum: 3, Workers: 6
[29.718s][debug  ][gc,phases      ] GC(109)   JVMTI Tag Weak OopStorage      Min:  0.0, Avg:  0.0, Max:  0.0, Diff:  0.0, Sum:  0.0, Workers: 6
[29.718s][debug  ][gc,phases      ] GC(109)     Dead                           Min: 0, Avg:  0.0, Max: 0, Diff: 0, Sum: 0, Workers: 6
[29.718s][debug  ][gc,phases      ] GC(109)     Total                          Min: 0, Avg:  0.0, Max: 0, Diff: 0, Sum: 0, Workers: 6
[29.718s][debug  ][gc,phases      ] GC(109)   StringTable Weak               Min:  0.0, Avg:  0.0, Max:  0.0, Diff:  0.0, Sum:  0.0, Workers: 6
[29.718s][debug  ][gc,phases      ] GC(109)     Dead                           Min: 0, Avg:  0.0, Max: 0, Diff: 0, Sum: 0, Workers: 6
[29.718s][debug  ][gc,phases      ] GC(109)     Total                          Min: 640, Avg: 891.8, Max: 1151, Diff: 511, Sum: 5351, Workers: 6
[29.718s][debug  ][gc,phases      ] GC(109)   ResolvedMethodTable Weak       Min:  0.0, Avg:  0.0, Max:  0.0, Diff:  0.0, Sum:  0.0, Workers: 6
[29.718s][debug  ][gc,phases      ] GC(109)     Dead                           Min: 0, Avg:  0.0, Max: 0, Diff: 0, Sum: 0, Workers: 6
[29.719s][debug  ][gc,phases      ] GC(109)     Total                          Min: 0, Avg: 21.7, Max: 64, Diff: 64, Sum: 130, Workers: 6
[29.719s][debug  ][gc,phases      ] GC(109)   JNI Weak                       Min:  0.0, Avg:  0.0, Max:  0.0, Diff:  0.0, Sum:  0.0, Workers: 6
[29.719s][debug  ][gc,phases      ] GC(109)     Dead                           Min: 0, Avg:  0.0, Max: 0, Diff: 0, Sum: 0, Workers: 6
[29.719s][debug  ][gc,phases      ] GC(109)     Total                          Min: 0, Avg:  0.0, Max: 0, Diff: 0, Sum: 0, Workers: 6
[29.719s][debug  ][gc,phases      ] GC(109)   StringDedup Table Weak         Min:  0.0, Avg:  0.0, Max:  0.0, Diff:  0.0, Sum:  0.0, Workers: 6
[29.719s][debug  ][gc,phases      ] GC(109)     Dead                           Min: 0, Avg:  0.0, Max: 0, Diff: 0, Sum: 0, Workers: 6
[29.719s][debug  ][gc,phases      ] GC(109)     Total                          Min: 0, Avg:  0.0, Max: 0, Diff: 0, Sum: 0, Workers: 6
[29.719s][debug  ][gc,phases      ] GC(109)   StringDedup Requests0 Weak     Min:  0.0, Avg:  0.0, Max:  0.0, Diff:  0.0, Sum:  0.0, Workers: 6
[29.719s][debug  ][gc,phases      ] GC(109)     Dead                           Min: 0, Avg:  0.0, Max: 0, Diff: 0, Sum: 0, Workers: 6
[29.719s][debug  ][gc,phases      ] GC(109)     Total                          Min: 0, Avg:  0.0, Max: 0, Diff: 0, Sum: 0, Workers: 6
[29.719s][debug  ][gc,phases      ] GC(109)   StringDedup Requests1 Weak     Min:  0.0, Avg:  0.0, Max:  0.0, Diff:  0.0, Sum:  0.0, Workers: 6
[29.719s][debug  ][gc,phases      ] GC(109)     Dead                           Min: 0, Avg:  0.0, Max: 0, Diff: 0, Sum: 0, Workers: 6
[29.719s][debug  ][gc,phases      ] GC(109)     Total                          Min: 0, Avg:  0.0, Max: 0, Diff: 0, Sum: 0, Workers: 6
[29.719s][debug  ][gc,phases      ] GC(109)   Weak JFR Old Object Samples    Min:  0.0, Avg:  0.0, Max:  0.0, Diff:  0.0, Sum:  0.0, Workers: 6
[29.719s][debug  ][gc,phases      ] GC(109)     Dead                           Min: 0, Avg:  0.0, Max: 0, Diff: 0, Sum: 0, Workers: 6
[29.719s][debug  ][gc,phases      ] GC(109)     Total                          Min: 0, Avg:  0.0, Max: 0, Diff: 0, Sum: 0, Workers: 6
[29.719s][debug  ][gc,phases      ] GC(109) Weak Processing 0.668ms
[29.719s][debug  ][gc,phases,start] GC(109) Class Unloading
[29.719s][debug  ][gc,phases,start] GC(109) ClassLoaderData
[29.719s][debug  ][gc,phases      ] GC(109) ClassLoaderData 0.020ms
[29.719s][debug  ][gc,phases,start] GC(109) Trigger cleanups
[29.719s][debug  ][gc,phases      ] GC(109) Trigger cleanups 0.019ms
[29.719s][debug  ][gc,phases      ] GC(109) Class Unloading 0.313ms
[29.719s][info   ][gc,phases      ] GC(109) Marking Phase 2.333ms
[29.719s][info   ][gc,phases,start] GC(109) Summary Phase
[29.719s][info   ][gc,phases      ] GC(109) Summary Phase 0.042ms
[29.719s][info   ][gc,phases,start] GC(109) Adjust Roots
[29.719s][info   ][gc,phases      ] GC(109) Adjust Roots 0.162ms
[29.720s][info   ][gc,phases,start] GC(109) Compaction Phase
[29.820s][info   ][gc,phases      ] GC(109) Compaction Phase 100.355ms
[29.820s][info   ][gc,phases,start] GC(109) Post Compact
[29.826s][info   ][gc,phases      ] GC(109) Post Compact 5.626ms
[29.826s][debug  ][gc,ergo        ] GC(109) AdaptiveSizeStart: collection: 110 
[29.826s][debug  ][gc,ergo        ] GC(109) PSAdaptiveSizePolicy::compute_eden_space_size limits: desired_eden_size: 223964087 old_eden_size: 203423744 eden_limit: 203948032 cur_eden: 203423744 max_eden_size: 203948032 avg_young_live: 25204690
[29.826s][debug  ][gc,ergo        ] GC(109) PSAdaptiveSizePolicy::compute_eden_space_size: costs minor_time: 0.050832 major_cost: 0.050371 mutator_cost: 0.898797 throughput_goal: 0.990000
[29.826s][debug  ][gc,ergo        ] GC(109) Live_space: 1022380032 free_space: 1378877440
[29.826s][debug  ][gc,ergo        ] GC(109) Old eden_size: 203423744 desired_eden_size: 203948032
[29.826s][debug  ][gc,ergo        ] GC(109) PSAdaptiveSizePolicy::compute_old_gen_free_space limits: desired_promo_size: 1292620361 promo_limit: 1175453696 free_in_old_gen: 1135982976 max_old_gen_size: 1879048192 avg_old_live: 743065216
[29.826s][debug  ][gc,ergo        ] GC(109) PSAdaptiveSizePolicy::compute_old_gen_free_space: costs minor_time: 0.050832 major_cost: 0.050371  mutator_cost: 0.898797 throughput_goal: 0.990000
[29.826s][debug  ][gc,ergo        ] GC(109) Live_space: 1036705408 free_space: 1379401728
[29.826s][debug  ][gc,ergo        ] GC(109) Old promo_size: 1175453696 desired_promo_size: 1175453696
[29.826s][debug  ][gc,ergo        ] GC(109) AdaptiveSizeStop: collection: 110 
[29.826s][info   ][gc,heap        ] GC(109) PSYoungGen: 30720K(230400K)->0K(230912K) Eden: 0K(198656K)->0K(199680K) From: 30720K(31744K)->0K(31232K)
[29.826s][info   ][gc,heap        ] GC(109) ParOldGen: 1691237K(1835008K)->851556K(1835008K)
[29.826s][info   ][gc,metaspace   ] GC(109) Metaspace: 1022K(1216K)->1022K(1216K) NonClass: 938K(1024K)->938K(1024K) Class: 83K(192K)->83K(192K)
[29.826s][info   ][gc             ] GC(109) Pause Full (Ergonomics) 1681M->831M(2017M) 109.132ms
[29.826s][info   ][gc,cpu         ] GC(109) User=0.66s Sys=0.00s Real=0.11s
[29.826s][debug  ][gc,heap        ] GC(109) Heap after GC invocations=110 (full 18):
[29.826s][debug  ][gc,heap        ] GC(109)  PSYoungGen      total 230912K, used 0K [0x00000000f0000000, 0x0000000100000000, 0x0000000100000000)
[29.826s][debug  ][gc,heap        ] GC(109)   eden space 199680K, 0% used [0x00000000f0000000,0x00000000f0000000,0x00000000fc300000)
[29.826s][debug  ][gc,heap        ] GC(109)   from space 31232K, 0% used [0x00000000fe180000,0x00000000fe180000,0x0000000100000000)
[29.826s][debug  ][gc,heap        ] GC(109)   to   space 31232K, 0% used [0x00000000fc300000,0x00000000fc300000,0x00000000fe180000)
[29.826s][debug  ][gc,heap        ] GC(109)  ParOldGen       total 1835008K, used 851556K [0x0000000080000000, 0x00000000f0000000, 0x00000000f0000000)
[29.826s][debug  ][gc,heap        ] GC(109)   object space 1835008K, 46% used [0x0000000080000000,0x00000000b3f99048,0x00000000f0000000)
[29.826s][debug  ][gc,heap        ] GC(109)  Metaspace       used 1022K, committed 1216K, reserved 1056768K
[29.826s][debug  ][gc,heap        ] GC(109)   class space    used 83K, committed 192K, reserved 1048576K
[29.826s][debug  ][gc,task,time   ] GC(109) VM-Thread 297168599 297195049 298260221
[30.125s][debug  ][gc,heap        ] GC(110) Heap before GC invocations=111 (full 18):
[30.125s][debug  ][gc,heap        ] GC(110)  PSYoungGen      total 230912K, used 198466K [0x00000000f0000000, 0x0000000100000000, 0x0000000100000000)
[30.125s][debug  ][gc,heap        ] GC(110)   eden space 199680K, 99% used [0x00000000f0000000,0x00000000fc1d09e8,0x00000000fc300000)
[30.125s][debug  ][gc,heap        ] GC(110)   from space 31232K, 0% used [0x00000000fe180000,0x00000000fe180000,0x0000000100000000)
[30.125s][debug  ][gc,heap        ] GC(110)   to   space 31232K, 0% used [0x00000000fc300000,0x00000000fc300000,0x00000000fe180000)
[30.125s][debug  ][gc,heap        ] GC(110)  ParOldGen       total 1835008K, used 851556K [0x0000000080000000, 0x00000000f0000000, 0x00000000f0000000)
[30.125s][debug  ][gc,heap        ] GC(110)   object space 1835008K, 46% used [0x0000000080000000,0x00000000b3f99048,0x00000000f0000000)
[30.126s][debug  ][gc,heap        ] GC(110)  Metaspace       used 1022K, committed 1216K, reserved 1056768K
[30.126s][debug  ][gc,heap        ] GC(110)   class space    used 83K, committed 192K, reserved 1048576K
[30.126s][debug  ][gc,tlab        ] GC(110) TLAB totals: thrds: 1  refills: 1 max: 1 slow allocs: 18 max 18 waste: 27.6% gc: 3998864B max: 3998864B slow: 0B max: 0B
[30.126s][info   ][gc,start       ] GC(110) Pause Young (Allocation Failure)
[30.126s][debug  ][gc,phases,start] GC(110) Scavenge
[30.128s][debug  ][gc,phases      ] GC(110) Scavenge 2.015ms
[30.128s][debug  ][gc,phases,start] GC(110) Reference Processing
[30.128s][debug  ][gc,ref         ] GC(110) Skipped phase 1 of Reference Processing: no references
[30.128s][debug  ][gc,ref         ] GC(110) Skipped phase 2 of Reference Processing: no references
[30.128s][debug  ][gc,ref         ] GC(110) Skipped phase 3 of Reference Processing: no references
[30.128s][debug  ][gc,ref         ] GC(110) Skipped phase 4 of Reference Processing: no references
[30.128s][debug  ][gc,phases,ref  ] GC(110) Reference Processing: 0.1ms
[30.128s][debug  ][gc,phases,ref  ] GC(110)   Reconsider SoftReferences: 0.0ms
[30.128s][debug  ][gc,phases,ref  ] GC(110)     SoftRef (ms):                  skipped
[30.128s][debug  ][gc,phases,ref  ] GC(110)   Notify Soft/WeakReferences: 0.0ms
[30.128s][debug  ][gc,phases,ref  ] GC(110)     SoftRef (ms):                  skipped
[30.128s][debug  ][gc,phases,ref  ] GC(110)     WeakRef (ms):                  skipped
[30.128s][debug  ][gc,phases,ref  ] GC(110)     FinalRef (ms):                 skipped
[30.128s][debug  ][gc,phases,ref  ] GC(110)     Total (ms):                    skipped
[30.128s][debug  ][gc,phases,ref  ] GC(110)   Notify and keep alive finalizable: 0.0ms
[30.128s][debug  ][gc,phases,ref  ] GC(110)     FinalRef (ms):                 skipped
[30.128s][debug  ][gc,phases,ref  ] GC(110)   Notify PhantomReferences: 0.0ms
[30.128s][debug  ][gc,phases,ref  ] GC(110)     PhantomRef (ms):               skipped
[30.128s][debug  ][gc,phases,ref  ] GC(110)   SoftReference:
[30.128s][debug  ][gc,phases,ref  ] GC(110)     Discovered: 0
[30.128s][debug  ][gc,phases,ref  ] GC(110)     Cleared: 0
[30.128s][debug  ][gc,phases,ref  ] GC(110)   WeakReference:
[30.128s][debug  ][gc,phases,ref  ] GC(110)     Discovered: 0
[30.128s][debug  ][gc,phases,ref  ] GC(110)     Cleared: 0
[30.128s][debug  ][gc,phases,ref  ] GC(110)   FinalReference:
[30.128s][debug  ][gc,phases,ref  ] GC(110)     Discovered: 0
[30.128s][debug  ][gc,phases,ref  ] GC(110)     Cleared: 0
[30.128s][debug  ][gc,phases,ref  ] GC(110)   PhantomReference:
[30.128s][debug  ][gc,phases,ref  ] GC(110)     Discovered: 0
[30.128s][debug  ][gc,phases,ref  ] GC(110)     Cleared: 0
[30.129s][debug  ][gc,phases      ] GC(110) Reference Processing 0.713ms
[30.129s][debug  ][gc,phases,start] GC(110) Weak Processing
[30.129s][debug  ][gc,phases      ] GC(110)   VM Weak                        Min:  0.0, Avg:  0.0, Max:  0.0, Diff:  0.0, Sum:  0.0, Workers: 6
[30.129s][debug  ][gc,phases      ] GC(110)     Dead                           Min: 0, Avg:  0.0, Max: 0, Diff: 0, Sum: 0, Workers: 6
[30.129s][debug  ][gc,phases      ] GC(110)     Total                          Min: 0, Avg:  1.3, Max: 8, Diff: 8, Sum: 8, Workers: 6
[30.129s][debug  ][gc,phases      ] GC(110)   ObjectSynchronizer Weak        Min:  0.0, Avg:  0.0, Max:  0.0, Diff:  0.0, Sum:  0.0, Workers: 6
[30.129s][debug  ][gc,phases      ] GC(110)     Dead                           Min: 0, Avg:  0.0, Max: 0, Diff: 0, Sum: 0, Workers: 6
[30.129s][debug  ][gc,phases      ] GC(110)     Total                          Min: 0, Avg:  0.5, Max: 3, Diff: 3, Sum: 3, Workers: 6
[30.129s][debug  ][gc,phases      ] GC(110)   JVMTI Tag Weak OopStorage      Min:  0.0, Avg:  0.0, Max:  0.0, Diff:  0.0, Sum:  0.0, Workers: 6
[30.129s][debug  ][gc,phases      ] GC(110)     Dead                           Min: 0, Avg:  0.0, Max: 0, Diff: 0, Sum: 0, Workers: 6
[30.129s][debug  ][gc,phases      ] GC(110)     Total                          Min: 0, Avg:  0.0, Max: 0, Diff: 0, Sum: 0, Workers: 6
[30.129s][debug  ][gc,phases      ] GC(110)   StringTable Weak               Min:  0.0, Avg:  0.0, Max:  0.0, Diff:  0.0, Sum:  0.0, Workers: 6
[30.129s][debug  ][gc,phases      ] GC(110)     Dead                           Min: 0, Avg:  0.0, Max: 0, Diff: 0, Sum: 0, Workers: 6
[30.129s][debug  ][gc,phases      ] GC(110)     Total                          Min: 767, Avg: 891.8, Max: 1128, Diff: 361, Sum: 5351, Workers: 6
[30.129s][debug  ][gc,phases      ] GC(110)   ResolvedMethodTable Weak       Min:  0.0, Avg:  0.0, Max:  0.0, Diff:  0.0, Sum:  0.0, Workers: 6
[30.129s][debug  ][gc,phases      ] GC(110)     Dead                           Min: 0, Avg:  0.0, Max: 0, Diff: 0, Sum: 0, Workers: 6
[30.129s][debug  ][gc,phases      ] GC(110)     Total                          Min: 0, Avg: 21.7, Max: 64, Diff: 64, Sum: 130, Workers: 6
[30.129s][debug  ][gc,phases      ] GC(110)   JNI Weak                       Min:  0.0, Avg:  0.0, Max:  0.0, Diff:  0.0, Sum:  0.0, Workers: 6
[30.129s][debug  ][gc,phases      ] GC(110)     Dead                           Min: 0, Avg:  0.0, Max: 0, Diff: 0, Sum: 0, Workers: 6
[30.129s][debug  ][gc,phases      ] GC(110)     Total                          Min: 0, Avg:  0.0, Max: 0, Diff: 0, Sum: 0, Workers: 6
[30.129s][debug  ][gc,phases      ] GC(110)   StringDedup Table Weak         Min:  0.0, Avg:  0.0, Max:  0.0, Diff:  0.0, Sum:  0.0, Workers: 6
[30.129s][debug  ][gc,phases      ] GC(110)     Dead                           Min: 0, Avg:  0.0, Max: 0, Diff: 0, Sum: 0, Workers: 6
[30.129s][debug  ][gc,phases      ] GC(110)     Total                          Min: 0, Avg:  0.0, Max: 0, Diff: 0, Sum: 0, Workers: 6
[30.129s][debug  ][gc,phases      ] GC(110)   StringDedup Requests0 Weak     Min:  0.0, Avg:  0.0, Max:  0.0, Diff:  0.0, Sum:  0.0, Workers: 6
[30.129s][debug  ][gc,phases      ] GC(110)     Dead                           Min: 0, Avg:  0.0, Max: 0, Diff: 0, Sum: 0, Workers: 6
[30.129s][debug  ][gc,phases      ] GC(110)     Total                          Min: 0, Avg:  0.0, Max: 0, Diff: 0, Sum: 0, Workers: 6
[30.129s][debug  ][gc,phases      ] GC(110)   StringDedup Requests1 Weak     Min:  0.0, Avg:  0.0, Max:  0.0, Diff:  0.0, Sum:  0.0, Workers: 6
[30.129s][debug  ][gc,phases      ] GC(110)     Dead                           Min: 0, Avg:  0.0, Max: 0, Diff: 0, Sum: 0, Workers: 6
[30.129s][debug  ][gc,phases      ] GC(110)     Total                          Min: 0, Avg:  0.0, Max: 0, Diff: 0, Sum: 0, Workers: 6
[30.129s][debug  ][gc,phases      ] GC(110)   Weak JFR Old Object Samples    Min:  0.0, Avg:  0.0, Max:  0.0, Diff:  0.0, Sum:  0.0, Workers: 6
[30.129s][debug  ][gc,phases      ] GC(110)     Dead                           Min: 0, Avg:  0.0, Max: 0, Diff: 0, Sum: 0, Workers: 6
[30.129s][debug  ][gc,phases      ] GC(110)     Total                          Min: 0, Avg:  0.0, Max: 0, Diff: 0, Sum: 0, Workers: 6
[30.129s][debug  ][gc,phases      ] GC(110) Weak Processing 0.804ms
[30.129s][debug  ][gc,ergo        ] GC(110) AdaptiveSizeStart:  collection: 111 
[30.129s][debug  ][gc,ergo        ] GC(110) avg_survived_padded_avg: 33676388.000000
[30.129s][debug  ][gc,ergo        ] GC(110) avg_promoted_padded_avg: 261745184.000000  avg_pretenured_padded_avg: 0.000000  tenuring_thresh: 10  target_size: 34078720
[30.129s][debug  ][gc,age         ] GC(110) Desired survivor size 34078720 bytes, new threshold 10 (max threshold 15)
[30.129s][debug  ][gc,ergo        ] GC(110) PSAdaptiveSizePolicy::compute_eden_space_size limits: desired_eden_size: 222657374 old_eden_size: 203948032 eden_limit: 204472320 cur_eden: 204472320 max_eden_size: 204472320 avg_young_live: 24781378
[30.129s][debug  ][gc,ergo        ] GC(110) PSAdaptiveSizePolicy::compute_eden_space_size: costs minor_time: 0.040336 major_cost: 0.050371 mutator_cost: 0.909293 throughput_goal: 0.990000
[30.129s][debug  ][gc,ergo        ] GC(110) Live_space: 1036282048 free_space: 1379401728
[30.130s][debug  ][gc,ergo        ] GC(110) Old eden_size: 203948032 desired_eden_size: 204472320
[30.130s][debug  ][gc,ergo        ] GC(110) AdaptiveSizeStop: collection: 111 
[30.130s][info   ][gc,heap        ] GC(110) PSYoungGen: 198466K(230912K)->20480K(220672K) Eden: 198466K(199680K)->0K(199680K) From: 0K(31232K)->20480K(20992K)
[30.130s][info   ][gc,heap        ] GC(110) ParOldGen: 851556K(1835008K)->851556K(1835008K)
[30.130s][info   ][gc,metaspace   ] GC(110) Metaspace: 1022K(1216K)->1022K(1216K) NonClass: 938K(1024K)->938K(1024K) Class: 83K(192K)->83K(192K)
[30.130s][info   ][gc             ] GC(110) Pause Young (Allocation Failure) 1025M->851M(2007M) 4.016ms
[30.130s][info   ][gc,cpu         ] GC(110) User=0.08s Sys=0.00s Real=0.00s
[30.130s][debug  ][gc,heap        ] GC(110) Heap after GC invocations=111 (full 18):
[30.130s][debug  ][gc,heap        ] GC(110)  PSYoungGen      total 220672K, used 20480K [0x00000000f0000000, 0x0000000100000000, 0x0000000100000000)
[30.130s][debug  ][gc,heap        ] GC(110)   eden space 199680K, 0% used [0x00000000f0000000,0x00000000f0000000,0x00000000fc300000)
[30.130s][debug  ][gc,heap        ] GC(110)   from space 20992K, 97% used [0x00000000fc300000,0x00000000fd700020,0x00000000fd780000)
[30.130s][debug  ][gc,heap        ] GC(110)   to   space 33280K, 0% used [0x00000000fdf80000,0x00000000fdf80000,0x0000000100000000)
[30.130s][debug  ][gc,heap        ] GC(110)  ParOldGen       total 1835008K, used 851556K [0x0000000080000000, 0x00000000f0000000, 0x00000000f0000000)
[30.130s][debug  ][gc,heap        ] GC(110)   object space 1835008K, 46% used [0x0000000080000000,0x00000000b3f99048,0x00000000f0000000)
[30.130s][debug  ][gc,heap        ] GC(110)  Metaspace       used 1022K, committed 1216K, reserved 1056768K
[30.130s][debug  ][gc,heap        ] GC(110)   class space    used 83K, committed 192K, reserved 1048576K
[30.130s][debug  ][gc,task,time   ] GC(110) VM-Thread 301251981 301277867 301299451
[30.425s][debug  ][gc,heap        ] GC(111) Heap before GC invocations=112 (full 18):
[30.425s][debug  ][gc,heap        ] GC(111)  PSYoungGen      total 220672K, used 218877K [0x00000000f0000000, 0x0000000100000000, 0x0000000100000000)
[30.425s][debug  ][gc,heap        ] GC(111)   eden space 199680K, 99% used [0x00000000f0000000,0x00000000fc1bf5c8,0x00000000fc300000)
[30.425s][debug  ][gc,heap        ] GC(111)   from space 20992K, 97% used [0x00000000fc300000,0x00000000fd700020,0x00000000fd780000)
[30.425s][debug  ][gc,heap        ] GC(111)   to   space 33280K, 0% used [0x00000000fdf80000,0x00000000fdf80000,0x0000000100000000)
[30.425s][debug  ][gc,heap        ] GC(111)  ParOldGen       total 1835008K, used 851556K [0x0000000080000000, 0x00000000f0000000, 0x00000000f0000000)
[30.426s][debug  ][gc,heap        ] GC(111)   object space 1835008K, 46% used [0x0000000080000000,0x00000000b3f99048,0x00000000f0000000)
[30.426s][debug  ][gc,heap        ] GC(111)  Metaspace       used 1022K, committed 1216K, reserved 1056768K
[30.426s][debug  ][gc,heap        ] GC(111)   class space    used 83K, committed 192K, reserved 1048576K
[30.426s][debug  ][gc,tlab        ] GC(111) TLAB totals: thrds: 1  refills: 1 max: 1 slow allocs: 18 max 18 waste: 27.3% gc: 3929240B max: 3929240B slow: 0B max: 0B
[30.426s][info   ][gc,start       ] GC(111) Pause Young (Allocation Failure)
[30.426s][debug  ][gc,phases,start] GC(111) Scavenge
[30.440s][debug  ][gc,phases      ] GC(111) Scavenge 14.368ms
[30.440s][debug  ][gc,phases,start] GC(111) Reference Processing
[30.440s][debug  ][gc,ref         ] GC(111) Skipped phase 1 of Reference Processing: no references
[30.440s][debug  ][gc,ref         ] GC(111) Skipped phase 2 of Reference Processing: no references
[30.440s][debug  ][gc,ref         ] GC(111) Skipped phase 3 of Reference Processing: no references
[30.440s][debug  ][gc,ref         ] GC(111) Skipped phase 4 of Reference Processing: no references
[30.440s][debug  ][gc,phases,ref  ] GC(111) Reference Processing: 0.1ms
[30.440s][debug  ][gc,phases,ref  ] GC(111)   Reconsider SoftReferences: 0.0ms
[30.440s][debug  ][gc,phases,ref  ] GC(111)     SoftRef (ms):                  skipped
[30.440s][debug  ][gc,phases,ref  ] GC(111)   Notify Soft/WeakReferences: 0.0ms
[30.440s][debug  ][gc,phases,ref  ] GC(111)     SoftRef (ms):                  skipped
[30.440s][debug  ][gc,phases,ref  ] GC(111)     WeakRef (ms):                  skipped
[30.440s][debug  ][gc,phases,ref  ] GC(111)     FinalRef (ms):                 skipped
[30.440s][debug  ][gc,phases,ref  ] GC(111)     Total (ms):                    skipped
[30.440s][debug  ][gc,phases,ref  ] GC(111)   Notify and keep alive finalizable: 0.0ms
[30.441s][debug  ][gc,phases,ref  ] GC(111)     FinalRef (ms):                 skipped
[30.441s][debug  ][gc,phases,ref  ] GC(111)   Notify PhantomReferences: 0.0ms
[30.441s][debug  ][gc,phases,ref  ] GC(111)     PhantomRef (ms):               skipped
[30.441s][debug  ][gc,phases,ref  ] GC(111)   SoftReference:
[30.441s][debug  ][gc,phases,ref  ] GC(111)     Discovered: 0
[30.441s][debug  ][gc,phases,ref  ] GC(111)     Cleared: 0
[30.441s][debug  ][gc,phases,ref  ] GC(111)   WeakReference:
[30.441s][debug  ][gc,phases,ref  ] GC(111)     Discovered: 0
[30.441s][debug  ][gc,phases,ref  ] GC(111)     Cleared: 0
[30.441s][debug  ][gc,phases,ref  ] GC(111)   FinalReference:
[30.441s][debug  ][gc,phases,ref  ] GC(111)     Discovered: 0
[30.441s][debug  ][gc,phases,ref  ] GC(111)     Cleared: 0
[30.441s][debug  ][gc,phases,ref  ] GC(111)   PhantomReference:
[30.441s][debug  ][gc,phases,ref  ] GC(111)     Discovered: 0
[30.441s][debug  ][gc,phases,ref  ] GC(111)     Cleared: 0
[30.441s][debug  ][gc,phases      ] GC(111) Reference Processing 0.693ms
[30.441s][debug  ][gc,phases,start] GC(111) Weak Processing
[30.441s][debug  ][gc,phases      ] GC(111)   VM Weak                        Min:  0.0, Avg:  0.0, Max:  0.0, Diff:  0.0, Sum:  0.0, Workers: 6
[30.441s][debug  ][gc,phases      ] GC(111)     Dead                           Min: 0, Avg:  0.0, Max: 0, Diff: 0, Sum: 0, Workers: 6
[30.441s][debug  ][gc,phases      ] GC(111)     Total                          Min: 0, Avg:  1.3, Max: 8, Diff: 8, Sum: 8, Workers: 6
[30.441s][debug  ][gc,phases      ] GC(111)   ObjectSynchronizer Weak        Min:  0.0, Avg:  0.0, Max:  0.0, Diff:  0.0, Sum:  0.0, Workers: 6
[30.441s][debug  ][gc,phases      ] GC(111)     Dead                           Min: 0, Avg:  0.0, Max: 0, Diff: 0, Sum: 0, Workers: 6
[30.441s][debug  ][gc,phases      ] GC(111)     Total                          Min: 0, Avg:  0.5, Max: 3, Diff: 3, Sum: 3, Workers: 6
[30.441s][debug  ][gc,phases      ] GC(111)   JVMTI Tag Weak OopStorage      Min:  0.0, Avg:  0.0, Max:  0.0, Diff:  0.0, Sum:  0.0, Workers: 6
[30.441s][debug  ][gc,phases      ] GC(111)     Dead                           Min: 0, Avg:  0.0, Max: 0, Diff: 0, Sum: 0, Workers: 6
[30.441s][debug  ][gc,phases      ] GC(111)     Total                          Min: 0, Avg:  0.0, Max: 0, Diff: 0, Sum: 0, Workers: 6
[30.441s][debug  ][gc,phases      ] GC(111)   StringTable Weak               Min:  0.0, Avg:  0.0, Max:  0.0, Diff:  0.0, Sum:  0.0, Workers: 6
[30.441s][debug  ][gc,phases      ] GC(111)     Dead                           Min: 0, Avg:  0.0, Max: 0, Diff: 0, Sum: 0, Workers: 6
[30.441s][debug  ][gc,phases      ] GC(111)     Total                          Min: 640, Avg: 891.8, Max: 1087, Diff: 447, Sum: 5351, Workers: 6
[30.441s][debug  ][gc,phases      ] GC(111)   ResolvedMethodTable Weak       Min:  0.0, Avg:  0.0, Max:  0.0, Diff:  0.0, Sum:  0.0, Workers: 6
[30.441s][debug  ][gc,phases      ] GC(111)     Dead                           Min: 0, Avg:  0.0, Max: 0, Diff: 0, Sum: 0, Workers: 6
[30.441s][debug  ][gc,phases      ] GC(111)     Total                          Min: 0, Avg: 21.7, Max: 64, Diff: 64, Sum: 130, Workers: 6
[30.441s][debug  ][gc,phases      ] GC(111)   JNI Weak                       Min:  0.0, Avg:  0.0, Max:  0.0, Diff:  0.0, Sum:  0.0, Workers: 6
[30.442s][debug  ][gc,phases      ] GC(111)     Dead                           Min: 0, Avg:  0.0, Max: 0, Diff: 0, Sum: 0, Workers: 6
[30.442s][debug  ][gc,phases      ] GC(111)     Total                          Min: 0, Avg:  0.0, Max: 0, Diff: 0, Sum: 0, Workers: 6
[30.442s][debug  ][gc,phases      ] GC(111)   StringDedup Table Weak         Min:  0.0, Avg:  0.0, Max:  0.0, Diff:  0.0, Sum:  0.0, Workers: 6
[30.442s][debug  ][gc,phases      ] GC(111)     Dead                           Min: 0, Avg:  0.0, Max: 0, Diff: 0, Sum: 0, Workers: 6
[30.442s][debug  ][gc,phases      ] GC(111)     Total                          Min: 0, Avg:  0.0, Max: 0, Diff: 0, Sum: 0, Workers: 6
[30.442s][debug  ][gc,phases      ] GC(111)   StringDedup Requests0 Weak     Min:  0.0, Avg:  0.0, Max:  0.0, Diff:  0.0, Sum:  0.0, Workers: 6
[30.442s][debug  ][gc,phases      ] GC(111)     Dead                           Min: 0, Avg:  0.0, Max: 0, Diff: 0, Sum: 0, Workers: 6
[30.442s][debug  ][gc,phases      ] GC(111)     Total                          Min: 0, Avg:  0.0, Max: 0, Diff: 0, Sum: 0, Workers: 6
[30.442s][debug  ][gc,phases      ] GC(111)   StringDedup Requests1 Weak     Min:  0.0, Avg:  0.0, Max:  0.0, Diff:  0.0, Sum:  0.0, Workers: 6
[30.442s][debug  ][gc,phases      ] GC(111)     Dead                           Min: 0, Avg:  0.0, Max: 0, Diff: 0, Sum: 0, Workers: 6
[30.442s][debug  ][gc,phases      ] GC(111)     Total                          Min: 0, Avg:  0.0, Max: 0, Diff: 0, Sum: 0, Workers: 6
[30.442s][debug  ][gc,phases      ] GC(111)   Weak JFR Old Object Samples    Min:  0.0, Avg:  0.0, Max:  0.0, Diff:  0.0, Sum:  0.0, Workers: 6
[30.442s][debug  ][gc,phases      ] GC(111)     Dead                           Min: 0, Avg:  0.0, Max: 0, Diff: 0, Sum: 0, Workers: 6
[30.442s][debug  ][gc,phases      ] GC(111)     Total                          Min: 0, Avg:  0.0, Max: 0, Diff: 0, Sum: 0, Workers: 6
[30.442s][debug  ][gc,phases      ] GC(111) Weak Processing 1.093ms
[30.442s][debug  ][gc,ergo        ] GC(111) AdaptiveSizeStart:  collection: 112 
[30.442s][debug  ][gc,ergo        ] GC(111) avg_survived_padded_avg: 33745796.000000
[30.442s][debug  ][gc,ergo        ] GC(111) avg_promoted_padded_avg: 263854720.000000  avg_pretenured_padded_avg: 0.000000  tenuring_thresh: 11  target_size: 34078720
[30.442s][debug  ][gc,age         ] GC(111) Desired survivor size 34078720 bytes, new threshold 11 (max threshold 15)
[30.442s][debug  ][gc,ergo        ] GC(111) PSAdaptiveSizePolicy::compute_eden_space_size limits: desired_eden_size: 223371517 old_eden_size: 204472320 eden_limit: 212860928 cur_eden: 204472320 max_eden_size: 212860928 avg_young_live: 25448972
[30.442s][debug  ][gc,ergo        ] GC(111) PSAdaptiveSizePolicy::compute_eden_space_size: costs minor_time: 0.043281 major_cost: 0.050371 mutator_cost: 0.906348 throughput_goal: 0.990000
[30.442s][debug  ][gc,ergo        ] GC(111) Live_space: 1036949632 free_space: 1379926016
[30.442s][debug  ][gc,ergo        ] GC(111) Old eden_size: 204472320 desired_eden_size: 212860928
[30.442s][debug  ][gc,ergo        ] GC(111) AdaptiveSizeStop: collection: 112 
[30.442s][info   ][gc,heap        ] GC(111) PSYoungGen: 218877K(220672K)->30720K(228864K) Eden: 198397K(199680K)->0K(195584K) From: 20480K(20992K)->30720K(33280K)
[30.442s][info   ][gc,heap        ] GC(111) ParOldGen: 851556K(1835008K)->1035876K(1835008K)
[30.442s][info   ][gc,metaspace   ] GC(111) Metaspace: 1022K(1216K)->1022K(1216K) NonClass: 938K(1024K)->938K(1024K) Class: 83K(192K)->83K(192K)
[30.442s][info   ][gc             ] GC(111) Pause Young (Allocation Failure) 1045M->1041M(2015M) 16.689ms
[30.442s][info   ][gc,cpu         ] GC(111) User=0.06s Sys=0.00s Real=0.02s
[30.442s][debug  ][gc,heap        ] GC(111) Heap after GC invocations=112 (full 18):
[30.442s][debug  ][gc,heap        ] GC(111)  PSYoungGen      total 228864K, used 30720K [0x00000000f0000000, 0x0000000100000000, 0x0000000100000000)
[30.442s][debug  ][gc,heap        ] GC(111)   eden space 195584K, 0% used [0x00000000f0000000,0x00000000f0000000,0x00000000fbf00000)
[30.442s][debug  ][gc,heap        ] GC(111)   from space 33280K, 92% used [0x00000000fdf80000,0x00000000ffd80030,0x0000000100000000)
[30.442s][debug  ][gc,heap        ] GC(111)   to   space 33280K, 0% used [0x00000000fbf00000,0x00000000fbf00000,0x00000000fdf80000)
[30.443s][debug  ][gc,heap        ] GC(111)  ParOldGen       total 1835008K, used 1035876K [0x0000000080000000, 0x00000000f0000000, 0x00000000f0000000)
[30.443s][debug  ][gc,heap        ] GC(111)   object space 1835008K, 56% used [0x0000000080000000,0x00000000bf399168,0x00000000f0000000)
[30.443s][debug  ][gc,heap        ] GC(111)  Metaspace       used 1022K, committed 1216K, reserved 1056768K
[30.443s][debug  ][gc,heap        ] GC(111)   class space    used 83K, committed 192K, reserved 1048576K
[30.443s][debug  ][gc,task,time   ] GC(111) VM-Thread 304252828 304401640 304425967
[30.727s][debug  ][gc,heap        ] GC(112) Heap before GC invocations=113 (full 18):
[30.728s][debug  ][gc,heap        ] GC(112)  PSYoungGen      total 228864K, used 218825K [0x00000000f0000000, 0x0000000100000000, 0x0000000100000000)
[30.728s][debug  ][gc,heap        ] GC(112)   eden space 195584K, 96% used [0x00000000f0000000,0x00000000fb7b2780,0x00000000fbf00000)
[30.728s][debug  ][gc,heap        ] GC(112)   from space 33280K, 92% used [0x00000000fdf80000,0x00000000ffd80030,0x0000000100000000)
[30.728s][debug  ][gc,heap        ] GC(112)   to   space 33280K, 0% used [0x00000000fbf00000,0x00000000fbf00000,0x00000000fdf80000)
[30.728s][debug  ][gc,heap        ] GC(112)  ParOldGen       total 1835008K, used 1035876K [0x0000000080000000, 0x00000000f0000000, 0x00000000f0000000)
[30.728s][debug  ][gc,heap        ] GC(112)   object space 1835008K, 56% used [0x0000000080000000,0x00000000bf399168,0x00000000f0000000)
[30.728s][debug  ][gc,heap        ] GC(112)  Metaspace       used 1022K, committed 1216K, reserved 1056768K
[30.728s][debug  ][gc,heap        ] GC(112)   class space    used 83K, committed 192K, reserved 1048576K
[30.728s][debug  ][gc,tlab        ] GC(112) TLAB totals: thrds: 1  refills: 1 max: 1 slow allocs: 17 max 17 waste: 27.0% gc: 3876448B max: 3876448B slow: 0B max: 0B
[30.728s][info   ][gc,start       ] GC(112) Pause Young (Allocation Failure)
[30.728s][debug  ][gc,phases,start] GC(112) Scavenge
[30.742s][debug  ][gc,phases      ] GC(112) Scavenge 14.026ms
[30.742s][debug  ][gc,phases,start] GC(112) Reference Processing
[30.742s][debug  ][gc,ref         ] GC(112) Skipped phase 1 of Reference Processing: no references
[30.742s][debug  ][gc,ref         ] GC(112) Skipped phase 2 of Reference Processing: no references
[30.742s][debug  ][gc,ref         ] GC(112) Skipped phase 3 of Reference Processing: no references
[30.742s][debug  ][gc,ref         ] GC(112) Skipped phase 4 of Reference Processing: no references
[30.742s][debug  ][gc,phases,ref  ] GC(112) Reference Processing: 0.1ms
[30.742s][debug  ][gc,phases,ref  ] GC(112)   Reconsider SoftReferences: 0.0ms
[30.742s][debug  ][gc,phases,ref  ] GC(112)     SoftRef (ms):                  skipped
[30.742s][debug  ][gc,phases,ref  ] GC(112)   Notify Soft/WeakReferences: 0.0ms
[30.742s][debug  ][gc,phases,ref  ] GC(112)     SoftRef (ms):                  skipped
[30.742s][debug  ][gc,phases,ref  ] GC(112)     WeakRef (ms):                  skipped
[30.742s][debug  ][gc,phases,ref  ] GC(112)     FinalRef (ms):                 skipped
[30.742s][debug  ][gc,phases,ref  ] GC(112)     Total (ms):                    skipped
[30.742s][debug  ][gc,phases,ref  ] GC(112)   Notify and keep alive finalizable: 0.0ms
[30.742s][debug  ][gc,phases,ref  ] GC(112)     FinalRef (ms):                 skipped
[30.742s][debug  ][gc,phases,ref  ] GC(112)   Notify PhantomReferences: 0.0ms
[30.742s][debug  ][gc,phases,ref  ] GC(112)     PhantomRef (ms):               skipped
[30.742s][debug  ][gc,phases,ref  ] GC(112)   SoftReference:
[30.742s][debug  ][gc,phases,ref  ] GC(112)     Discovered: 0
[30.742s][debug  ][gc,phases,ref  ] GC(112)     Cleared: 0
[30.742s][debug  ][gc,phases,ref  ] GC(112)   WeakReference:
[30.742s][debug  ][gc,phases,ref  ] GC(112)     Discovered: 0
[30.742s][debug  ][gc,phases,ref  ] GC(112)     Cleared: 0
[30.743s][debug  ][gc,phases,ref  ] GC(112)   FinalReference:
[30.743s][debug  ][gc,phases,ref  ] GC(112)     Discovered: 0
[30.743s][debug  ][gc,phases,ref  ] GC(112)     Cleared: 0
[30.743s][debug  ][gc,phases,ref  ] GC(112)   PhantomReference:
[30.743s][debug  ][gc,phases,ref  ] GC(112)     Discovered: 0
[30.743s][debug  ][gc,phases,ref  ] GC(112)     Cleared: 0
[30.743s][debug  ][gc,phases      ] GC(112) Reference Processing 0.675ms
[30.743s][debug  ][gc,phases,start] GC(112) Weak Processing
[30.743s][debug  ][gc,phases      ] GC(112)   VM Weak                        Min:  0.0, Avg:  0.0, Max:  0.0, Diff:  0.0, Sum:  0.0, Workers: 6
[30.743s][debug  ][gc,phases      ] GC(112)     Dead                           Min: 0, Avg:  0.0, Max: 0, Diff: 0, Sum: 0, Workers: 6
[30.743s][debug  ][gc,phases      ] GC(112)     Total                          Min: 0, Avg:  1.3, Max: 8, Diff: 8, Sum: 8, Workers: 6
[30.743s][debug  ][gc,phases      ] GC(112)   ObjectSynchronizer Weak        Min:  0.0, Avg:  0.0, Max:  0.0, Diff:  0.0, Sum:  0.0, Workers: 6
[30.743s][debug  ][gc,phases      ] GC(112)     Dead                           Min: 0, Avg:  0.0, Max: 0, Diff: 0, Sum: 0, Workers: 6
[30.743s][debug  ][gc,phases      ] GC(112)     Total                          Min: 0, Avg:  0.5, Max: 3, Diff: 3, Sum: 3, Workers: 6
[30.743s][debug  ][gc,phases      ] GC(112)   JVMTI Tag Weak OopStorage      Min:  0.0, Avg:  0.0, Max:  0.0, Diff:  0.0, Sum:  0.0, Workers: 6
[30.743s][debug  ][gc,phases      ] GC(112)     Dead                           Min: 0, Avg:  0.0, Max: 0, Diff: 0, Sum: 0, Workers: 6
[30.743s][debug  ][gc,phases      ] GC(112)     Total                          Min: 0, Avg:  0.0, Max: 0, Diff: 0, Sum: 0, Workers: 6
[30.743s][debug  ][gc,phases      ] GC(112)   StringTable Weak               Min:  0.0, Avg:  0.0, Max:  0.0, Diff:  0.0, Sum:  0.0, Workers: 6
[30.743s][debug  ][gc,phases      ] GC(112)     Dead                           Min: 0, Avg:  0.0, Max: 0, Diff: 0, Sum: 0, Workers: 6
[30.743s][debug  ][gc,phases      ] GC(112)     Total                          Min: 680, Avg: 891.8, Max: 1088, Diff: 408, Sum: 5351, Workers: 6
[30.743s][debug  ][gc,phases      ] GC(112)   ResolvedMethodTable Weak       Min:  0.0, Avg:  0.0, Max:  0.0, Diff:  0.0, Sum:  0.0, Workers: 6
[30.743s][debug  ][gc,phases      ] GC(112)     Dead                           Min: 0, Avg:  0.0, Max: 0, Diff: 0, Sum: 0, Workers: 6
[30.743s][debug  ][gc,phases      ] GC(112)     Total                          Min: 0, Avg: 21.7, Max: 64, Diff: 64, Sum: 130, Workers: 6
[30.743s][debug  ][gc,phases      ] GC(112)   JNI Weak                       Min:  0.0, Avg:  0.0, Max:  0.0, Diff:  0.0, Sum:  0.0, Workers: 6
[30.743s][debug  ][gc,phases      ] GC(112)     Dead                           Min: 0, Avg:  0.0, Max: 0, Diff: 0, Sum: 0, Workers: 6
[30.743s][debug  ][gc,phases      ] GC(112)     Total                          Min: 0, Avg:  0.0, Max: 0, Diff: 0, Sum: 0, Workers: 6
[30.743s][debug  ][gc,phases      ] GC(112)   StringDedup Table Weak         Min:  0.0, Avg:  0.0, Max:  0.0, Diff:  0.0, Sum:  0.0, Workers: 6
[30.743s][debug  ][gc,phases      ] GC(112)     Dead                           Min: 0, Avg:  0.0, Max: 0, Diff: 0, Sum: 0, Workers: 6
[30.743s][debug  ][gc,phases      ] GC(112)     Total                          Min: 0, Avg:  0.0, Max: 0, Diff: 0, Sum: 0, Workers: 6
[30.743s][debug  ][gc,phases      ] GC(112)   StringDedup Requests0 Weak     Min:  0.0, Avg:  0.0, Max:  0.0, Diff:  0.0, Sum:  0.0, Workers: 6
[30.743s][debug  ][gc,phases      ] GC(112)     Dead                           Min: 0, Avg:  0.0, Max: 0, Diff: 0, Sum: 0, Workers: 6
[30.743s][debug  ][gc,phases      ] GC(112)     Total                          Min: 0, Avg:  0.0, Max: 0, Diff: 0, Sum: 0, Workers: 6
[30.743s][debug  ][gc,phases      ] GC(112)   StringDedup Requests1 Weak     Min:  0.0, Avg:  0.0, Max:  0.0, Diff:  0.0, Sum:  0.0, Workers: 6
[30.743s][debug  ][gc,phases      ] GC(112)     Dead                           Min: 0, Avg:  0.0, Max: 0, Diff: 0, Sum: 0, Workers: 6
[30.743s][debug  ][gc,phases      ] GC(112)     Total                          Min: 0, Avg:  0.0, Max: 0, Diff: 0, Sum: 0, Workers: 6
[30.743s][debug  ][gc,phases      ] GC(112)   Weak JFR Old Object Samples    Min:  0.0, Avg:  0.0, Max:  0.0, Diff:  0.0, Sum:  0.0, Workers: 6
[30.743s][debug  ][gc,phases      ] GC(112)     Dead                           Min: 0, Avg:  0.0, Max: 0, Diff: 0, Sum: 0, Workers: 6
[30.743s][debug  ][gc,phases      ] GC(112)     Total                          Min: 0, Avg:  0.0, Max: 0, Diff: 0, Sum: 0, Workers: 6
[30.743s][debug  ][gc,phases      ] GC(112) Weak Processing 0.781ms
[30.743s][debug  ][gc,ergo        ] GC(112) AdaptiveSizeStart:  collection: 113 
[30.744s][debug  ][gc,ergo        ] GC(112) avg_survived_padded_avg: 33779136.000000
[30.744s][debug  ][gc,ergo        ] GC(112) avg_promoted_padded_avg: 264812336.000000  avg_pretenured_padded_avg: 0.000000  tenuring_thresh: 12  target_size: 34078720
[30.744s][debug  ][gc,age         ] GC(112) Desired survivor size 34078720 bytes, new threshold 12 (max threshold 15)
[30.744s][debug  ][gc,ergo        ] GC(112) PSAdaptiveSizePolicy::compute_eden_space_size limits: desired_eden_size: 219417048 old_eden_size: 212860928 eden_limit: 200278016 cur_eden: 200278016 max_eden_size: 200278016 avg_young_live: 26049806
[30.744s][debug  ][gc,ergo        ] GC(112) PSAdaptiveSizePolicy::compute_eden_space_size: costs minor_time: 0.045408 major_cost: 0.050371 mutator_cost: 0.904221 throughput_goal: 0.990000
[30.744s][debug  ][gc,ergo        ] GC(112) Live_space: 1037550464 free_space: 1388314624
[30.744s][debug  ][gc,ergo        ] GC(112) Old eden_size: 212860928 desired_eden_size: 200278016
[30.744s][debug  ][gc,ergo        ] GC(112) AdaptiveSizeStop: collection: 113 
[30.744s][info   ][gc,heap        ] GC(112) PSYoungGen: 218825K(228864K)->30720K(228864K) Eden: 188105K(195584K)->0K(195584K) From: 30720K(33280K)->30720K(33280K)
[30.744s][info   ][gc,heap        ] GC(112) ParOldGen: 1035876K(1835008K)->1220196K(1835008K)
[30.744s][info   ][gc,metaspace   ] GC(112) Metaspace: 1022K(1216K)->1022K(1216K) NonClass: 938K(1024K)->938K(1024K) Class: 83K(192K)->83K(192K)
[30.744s][info   ][gc             ] GC(112) Pause Young (Allocation Failure) 1225M->1221M(2015M) 15.952ms
[30.744s][info   ][gc,cpu         ] GC(112) User=0.09s Sys=0.00s Real=0.02s
[30.744s][debug  ][gc,heap        ] GC(112) Heap after GC invocations=113 (full 18):
[30.744s][debug  ][gc,heap        ] GC(112)  PSYoungGen      total 228864K, used 30720K [0x00000000f0000000, 0x0000000100000000, 0x0000000100000000)
[30.744s][debug  ][gc,heap        ] GC(112)   eden space 195584K, 0% used [0x00000000f0000000,0x00000000f0000000,0x00000000fbf00000)
[30.744s][debug  ][gc,heap        ] GC(112)   from space 33280K, 92% used [0x00000000fbf00000,0x00000000fdd00030,0x00000000fdf80000)
[30.744s][debug  ][gc,heap        ] GC(112)   to   space 33280K, 0% used [0x00000000fdf80000,0x00000000fdf80000,0x0000000100000000)
[30.744s][debug  ][gc,heap        ] GC(112)  ParOldGen       total 1835008K, used 1220196K [0x0000000080000000, 0x00000000f0000000, 0x00000000f0000000)
[30.744s][debug  ][gc,heap        ] GC(112)   object space 1835008K, 66% used [0x0000000080000000,0x00000000ca799288,0x00000000f0000000)
[30.744s][debug  ][gc,heap        ] GC(112)  Metaspace       used 1022K, committed 1216K, reserved 1056768K
[30.744s][debug  ][gc,heap        ] GC(112)   class space    used 83K, committed 192K, reserved 1048576K
[30.744s][debug  ][gc,task,time   ] GC(112) VM-Thread 307273980 307419753 307440184
[31.027s][debug  ][gc,heap        ] GC(113) Heap before GC invocations=114 (full 18):
[31.028s][debug  ][gc,heap        ] GC(113)  PSYoungGen      total 228864K, used 218842K [0x00000000f0000000, 0x0000000100000000, 0x0000000100000000)
[31.028s][debug  ][gc,heap        ] GC(113)   eden space 195584K, 96% used [0x00000000f0000000,0x00000000fb7b69d0,0x00000000fbf00000)
[31.028s][debug  ][gc,heap        ] GC(113)   from space 33280K, 92% used [0x00000000fbf00000,0x00000000fdd00030,0x00000000fdf80000)
[31.028s][debug  ][gc,heap        ] GC(113)   to   space 33280K, 0% used [0x00000000fdf80000,0x00000000fdf80000,0x0000000100000000)
[31.028s][debug  ][gc,heap        ] GC(113)  ParOldGen       total 1835008K, used 1220196K [0x0000000080000000, 0x00000000f0000000, 0x00000000f0000000)
[31.028s][debug  ][gc,heap        ] GC(113)   object space 1835008K, 66% used [0x0000000080000000,0x00000000ca799288,0x00000000f0000000)
[31.028s][debug  ][gc,heap        ] GC(113)  Metaspace       used 1022K, committed 1216K, reserved 1056768K
[31.028s][debug  ][gc,heap        ] GC(113)   class space    used 83K, committed 192K, reserved 1048576K
[31.028s][debug  ][gc,tlab        ] GC(113) TLAB totals: thrds: 1  refills: 1 max: 1 slow allocs: 17 max 17 waste: 27.1% gc: 3893424B max: 3893424B slow: 0B max: 0B
[31.028s][info   ][gc,start       ] GC(113) Pause Young (Allocation Failure)
[31.028s][debug  ][gc,phases,start] GC(113) Scavenge
[31.042s][debug  ][gc,phases      ] GC(113) Scavenge 14.359ms
[31.042s][debug  ][gc,phases,start] GC(113) Reference Processing
[31.042s][debug  ][gc,ref         ] GC(113) Skipped phase 1 of Reference Processing: no references
[31.042s][debug  ][gc,ref         ] GC(113) Skipped phase 2 of Reference Processing: no references
[31.042s][debug  ][gc,ref         ] GC(113) Skipped phase 3 of Reference Processing: no references
[31.042s][debug  ][gc,ref         ] GC(113) Skipped phase 4 of Reference Processing: no references
[31.042s][debug  ][gc,phases,ref  ] GC(113) Reference Processing: 0.1ms
[31.042s][debug  ][gc,phases,ref  ] GC(113)   Reconsider SoftReferences: 0.0ms
[31.042s][debug  ][gc,phases,ref  ] GC(113)     SoftRef (ms):                  skipped
[31.042s][debug  ][gc,phases,ref  ] GC(113)   Notify Soft/WeakReferences: 0.0ms
[31.043s][debug  ][gc,phases,ref  ] GC(113)     SoftRef (ms):                  skipped
[31.043s][debug  ][gc,phases,ref  ] GC(113)     WeakRef (ms):                  skipped
[31.043s][debug  ][gc,phases,ref  ] GC(113)     FinalRef (ms):                 skipped
[31.043s][debug  ][gc,phases,ref  ] GC(113)     Total (ms):                    skipped
[31.043s][debug  ][gc,phases,ref  ] GC(113)   Notify and keep alive finalizable: 0.0ms
[31.043s][debug  ][gc,phases,ref  ] GC(113)     FinalRef (ms):                 skipped
[31.043s][debug  ][gc,phases,ref  ] GC(113)   Notify PhantomReferences: 0.0ms
[31.043s][debug  ][gc,phases,ref  ] GC(113)     PhantomRef (ms):               skipped
[31.043s][debug  ][gc,phases,ref  ] GC(113)   SoftReference:
[31.043s][debug  ][gc,phases,ref  ] GC(113)     Discovered: 0
[31.043s][debug  ][gc,phases,ref  ] GC(113)     Cleared: 0
[31.043s][debug  ][gc,phases,ref  ] GC(113)   WeakReference:
[31.043s][debug  ][gc,phases,ref  ] GC(113)     Discovered: 0
[31.043s][debug  ][gc,phases,ref  ] GC(113)     Cleared: 0
[31.043s][debug  ][gc,phases,ref  ] GC(113)   FinalReference:
[31.043s][debug  ][gc,phases,ref  ] GC(113)     Discovered: 0
[31.043s][debug  ][gc,phases,ref  ] GC(113)     Cleared: 0
[31.043s][debug  ][gc,phases,ref  ] GC(113)   PhantomReference:
[31.043s][debug  ][gc,phases,ref  ] GC(113)     Discovered: 0
[31.043s][debug  ][gc,phases,ref  ] GC(113)     Cleared: 0
[31.043s][debug  ][gc,phases      ] GC(113) Reference Processing 0.694ms
[31.043s][debug  ][gc,phases,start] GC(113) Weak Processing
[31.043s][debug  ][gc,phases      ] GC(113)   VM Weak                        Min:  0.0, Avg:  0.0, Max:  0.0, Diff:  0.0, Sum:  0.0, Workers: 6
[31.043s][debug  ][gc,phases      ] GC(113)     Dead                           Min: 0, Avg:  0.0, Max: 0, Diff: 0, Sum: 0, Workers: 6
[31.043s][debug  ][gc,phases      ] GC(113)     Total                          Min: 0, Avg:  1.3, Max: 8, Diff: 8, Sum: 8, Workers: 6
[31.043s][debug  ][gc,phases      ] GC(113)   ObjectSynchronizer Weak        Min:  0.0, Avg:  0.0, Max:  0.0, Diff:  0.0, Sum:  0.0, Workers: 6
[31.043s][debug  ][gc,phases      ] GC(113)     Dead                           Min: 0, Avg:  0.0, Max: 0, Diff: 0, Sum: 0, Workers: 6
[31.043s][debug  ][gc,phases      ] GC(113)     Total                          Min: 0, Avg:  0.5, Max: 3, Diff: 3, Sum: 3, Workers: 6
[31.043s][debug  ][gc,phases      ] GC(113)   JVMTI Tag Weak OopStorage      Min:  0.0, Avg:  0.0, Max:  0.0, Diff:  0.0, Sum:  0.0, Workers: 6
[31.043s][debug  ][gc,phases      ] GC(113)     Dead                           Min: 0, Avg:  0.0, Max: 0, Diff: 0, Sum: 0, Workers: 6
[31.043s][debug  ][gc,phases      ] GC(113)     Total                          Min: 0, Avg:  0.0, Max: 0, Diff: 0, Sum: 0, Workers: 6
[31.043s][debug  ][gc,phases      ] GC(113)   StringTable Weak               Min:  0.0, Avg:  0.0, Max:  0.0, Diff:  0.0, Sum:  0.0, Workers: 6
[31.043s][debug  ][gc,phases      ] GC(113)     Dead                           Min: 0, Avg:  0.0, Max: 0, Diff: 0, Sum: 0, Workers: 6
[31.043s][debug  ][gc,phases      ] GC(113)     Total                          Min: 768, Avg: 891.8, Max: 1088, Diff: 320, Sum: 5351, Workers: 6
[31.043s][debug  ][gc,phases      ] GC(113)   ResolvedMethodTable Weak       Min:  0.0, Avg:  0.0, Max:  0.0, Diff:  0.0, Sum:  0.0, Workers: 6
[31.043s][debug  ][gc,phases      ] GC(113)     Dead                           Min: 0, Avg:  0.0, Max: 0, Diff: 0, Sum: 0, Workers: 6
[31.043s][debug  ][gc,phases      ] GC(113)     Total                          Min: 0, Avg: 21.7, Max: 66, Diff: 66, Sum: 130, Workers: 6
[31.043s][debug  ][gc,phases      ] GC(113)   JNI Weak                       Min:  0.0, Avg:  0.0, Max:  0.0, Diff:  0.0, Sum:  0.0, Workers: 6
[31.043s][debug  ][gc,phases      ] GC(113)     Dead                           Min: 0, Avg:  0.0, Max: 0, Diff: 0, Sum: 0, Workers: 6
[31.043s][debug  ][gc,phases      ] GC(113)     Total                          Min: 0, Avg:  0.0, Max: 0, Diff: 0, Sum: 0, Workers: 6
[31.044s][debug  ][gc,phases      ] GC(113)   StringDedup Table Weak         Min:  0.0, Avg:  0.0, Max:  0.0, Diff:  0.0, Sum:  0.0, Workers: 6
[31.044s][debug  ][gc,phases      ] GC(113)     Dead                           Min: 0, Avg:  0.0, Max: 0, Diff: 0, Sum: 0, Workers: 6
[31.044s][debug  ][gc,phases      ] GC(113)     Total                          Min: 0, Avg:  0.0, Max: 0, Diff: 0, Sum: 0, Workers: 6
[31.044s][debug  ][gc,phases      ] GC(113)   StringDedup Requests0 Weak     Min:  0.0, Avg:  0.0, Max:  0.0, Diff:  0.0, Sum:  0.0, Workers: 6
[31.044s][debug  ][gc,phases      ] GC(113)     Dead                           Min: 0, Avg:  0.0, Max: 0, Diff: 0, Sum: 0, Workers: 6
[31.044s][debug  ][gc,phases      ] GC(113)     Total                          Min: 0, Avg:  0.0, Max: 0, Diff: 0, Sum: 0, Workers: 6
[31.044s][debug  ][gc,phases      ] GC(113)   StringDedup Requests1 Weak     Min:  0.0, Avg:  0.0, Max:  0.0, Diff:  0.0, Sum:  0.0, Workers: 6
[31.044s][debug  ][gc,phases      ] GC(113)     Dead                           Min: 0, Avg:  0.0, Max: 0, Diff: 0, Sum: 0, Workers: 6
[31.044s][debug  ][gc,phases      ] GC(113)     Total                          Min: 0, Avg:  0.0, Max: 0, Diff: 0, Sum: 0, Workers: 6
[31.044s][debug  ][gc,phases      ] GC(113)   Weak JFR Old Object Samples    Min:  0.0, Avg:  0.0, Max:  0.0, Diff:  0.0, Sum:  0.0, Workers: 6
[31.044s][debug  ][gc,phases      ] GC(113)     Dead                           Min: 0, Avg:  0.0, Max: 0, Diff: 0, Sum: 0, Workers: 6
[31.044s][debug  ][gc,phases      ] GC(113)     Total                          Min: 0, Avg:  0.0, Max: 0, Diff: 0, Sum: 0, Workers: 6
[31.044s][debug  ][gc,phases      ] GC(113) Weak Processing 0.804ms
[31.044s][debug  ][gc,ergo        ] GC(113) AdaptiveSizeStart:  collection: 114 
[31.044s][debug  ][gc,ergo        ] GC(113) avg_survived_padded_avg: 33782920.000000
[31.044s][debug  ][gc,ergo        ] GC(113) avg_promoted_padded_avg: 264827312.000000  avg_pretenured_padded_avg: 0.000000  tenuring_thresh: 12  target_size: 34078720
[31.044s][debug  ][gc,age         ] GC(113) Desired survivor size 34078720 bytes, new threshold 12 (max threshold 15)
[31.044s][debug  ][gc,ergo        ] GC(113) PSAdaptiveSizePolicy::compute_eden_space_size limits: desired_eden_size: 219841549 old_eden_size: 200278016 eden_limit: 200278016 cur_eden: 200278016 max_eden_size: 200278016 avg_young_live: 26590558
[31.044s][debug  ][gc,ergo        ] GC(113) PSAdaptiveSizePolicy::compute_eden_space_size: costs minor_time: 0.047362 major_cost: 0.050371 mutator_cost: 0.902267 throughput_goal: 0.990000
[31.044s][debug  ][gc,ergo        ] GC(113) Live_space: 1038091264 free_space: 1375731712
[31.044s][debug  ][gc,ergo        ] GC(113) Old eden_size: 200278016 desired_eden_size: 200278016
[31.044s][debug  ][gc,ergo        ] GC(113) AdaptiveSizeStop: collection: 114 
[31.044s][info   ][gc,heap        ] GC(113) PSYoungGen: 218842K(228864K)->30720K(228864K) Eden: 188122K(195584K)->0K(195584K) From: 30720K(33280K)->30720K(33280K)
[31.044s][info   ][gc,heap        ] GC(113) ParOldGen: 1220196K(1835008K)->1404516K(1835008K)
[31.044s][info   ][gc,metaspace   ] GC(113) Metaspace: 1022K(1216K)->1022K(1216K) NonClass: 938K(1024K)->938K(1024K) Class: 83K(192K)->83K(192K)
[31.044s][info   ][gc             ] GC(113) Pause Young (Allocation Failure) 1405M->1401M(2015M) 16.365ms
[31.044s][info   ][gc,cpu         ] GC(113) User=0.09s Sys=0.00s Real=0.02s
[31.044s][debug  ][gc,heap        ] GC(113) Heap after GC invocations=114 (full 18):
[31.044s][debug  ][gc,heap        ] GC(113)  PSYoungGen      total 228864K, used 30720K [0x00000000f0000000, 0x0000000100000000, 0x0000000100000000)
[31.044s][debug  ][gc,heap        ] GC(113)   eden space 195584K, 0% used [0x00000000f0000000,0x00000000f0000000,0x00000000fbf00000)
[31.044s][debug  ][gc,heap        ] GC(113)   from space 33280K, 92% used [0x00000000fdf80000,0x00000000ffd80030,0x0000000100000000)
[31.044s][debug  ][gc,heap        ] GC(113)   to   space 33280K, 0% used [0x00000000fbf00000,0x00000000fbf00000,0x00000000fdf80000)
[31.044s][debug  ][gc,heap        ] GC(113)  ParOldGen       total 1835008K, used 1404516K [0x0000000080000000, 0x00000000f0000000, 0x00000000f0000000)
[31.044s][debug  ][gc,heap        ] GC(113)   object space 1835008K, 76% used [0x0000000080000000,0x00000000d5b993a8,0x00000000f0000000)
[31.044s][debug  ][gc,heap        ] GC(113)  Metaspace       used 1022K, committed 1216K, reserved 1056768K
[31.044s][debug  ][gc,heap        ] GC(113)   class space    used 83K, committed 192K, reserved 1048576K
[31.044s][debug  ][gc,task,time   ] GC(113) VM-Thread 310274560 310422792 310444103
[31.327s][debug  ][gc,heap        ] GC(114) Heap before GC invocations=115 (full 18):
[31.328s][debug  ][gc,heap        ] GC(114)  PSYoungGen      total 228864K, used 218853K [0x00000000f0000000, 0x0000000100000000, 0x0000000100000000)
[31.328s][debug  ][gc,heap        ] GC(114)   eden space 195584K, 96% used [0x00000000f0000000,0x00000000fb7b9470,0x00000000fbf00000)
[31.328s][debug  ][gc,heap        ] GC(114)   from space 33280K, 92% used [0x00000000fdf80000,0x00000000ffd80030,0x0000000100000000)
[31.328s][debug  ][gc,heap        ] GC(114)   to   space 33280K, 0% used [0x00000000fbf00000,0x00000000fbf00000,0x00000000fdf80000)
[31.328s][debug  ][gc,heap        ] GC(114)  ParOldGen       total 1835008K, used 1404516K [0x0000000080000000, 0x00000000f0000000, 0x00000000f0000000)
[31.328s][debug  ][gc,heap        ] GC(114)   object space 1835008K, 76% used [0x0000000080000000,0x00000000d5b993a8,0x00000000f0000000)
[31.328s][debug  ][gc,heap        ] GC(114)  Metaspace       used 1022K, committed 1216K, reserved 1056768K
[31.328s][debug  ][gc,heap        ] GC(114)   class space    used 83K, committed 192K, reserved 1048576K
[31.328s][debug  ][gc,tlab        ] GC(114) TLAB totals: thrds: 1  refills: 1 max: 1 slow allocs: 17 max 17 waste: 27.1% gc: 3904336B max: 3904336B slow: 0B max: 0B
[31.328s][info   ][gc,start       ] GC(114) Pause Young (Allocation Failure)
[31.328s][debug  ][gc,phases,start] GC(114) Scavenge
[31.343s][debug  ][gc,phases      ] GC(114) Scavenge 14.635ms
[31.343s][debug  ][gc,phases,start] GC(114) Reference Processing
[31.343s][debug  ][gc,ref         ] GC(114) Skipped phase 1 of Reference Processing: no references
[31.343s][debug  ][gc,ref         ] GC(114) Skipped phase 2 of Reference Processing: no references
[31.343s][debug  ][gc,ref         ] GC(114) Skipped phase 3 of Reference Processing: no references
[31.343s][debug  ][gc,ref         ] GC(114) Skipped phase 4 of Reference Processing: no references
[31.343s][debug  ][gc,phases,ref  ] GC(114) Reference Processing: 0.1ms
[31.343s][debug  ][gc,phases,ref  ] GC(114)   Reconsider SoftReferences: 0.0ms
[31.343s][debug  ][gc,phases,ref  ] GC(114)     SoftRef (ms):                  skipped
[31.343s][debug  ][gc,phases,ref  ] GC(114)   Notify Soft/WeakReferences: 0.0ms
[31.343s][debug  ][gc,phases,ref  ] GC(114)     SoftRef (ms):                  skipped
[31.343s][debug  ][gc,phases,ref  ] GC(114)     WeakRef (ms):                  skipped
[31.343s][debug  ][gc,phases,ref  ] GC(114)     FinalRef (ms):                 skipped
[31.343s][debug  ][gc,phases,ref  ] GC(114)     Total (ms):                    skipped
[31.343s][debug  ][gc,phases,ref  ] GC(114)   Notify and keep alive finalizable: 0.0ms
[31.343s][debug  ][gc,phases,ref  ] GC(114)     FinalRef (ms):                 skipped
[31.343s][debug  ][gc,phases,ref  ] GC(114)   Notify PhantomReferences: 0.0ms
[31.343s][debug  ][gc,phases,ref  ] GC(114)     PhantomRef (ms):               skipped
[31.343s][debug  ][gc,phases,ref  ] GC(114)   SoftReference:
[31.343s][debug  ][gc,phases,ref  ] GC(114)     Discovered: 0
[31.343s][debug  ][gc,phases,ref  ] GC(114)     Cleared: 0
[31.343s][debug  ][gc,phases,ref  ] GC(114)   WeakReference:
[31.343s][debug  ][gc,phases,ref  ] GC(114)     Discovered: 0
[31.343s][debug  ][gc,phases,ref  ] GC(114)     Cleared: 0
[31.343s][debug  ][gc,phases,ref  ] GC(114)   FinalReference:
[31.343s][debug  ][gc,phases,ref  ] GC(114)     Discovered: 0
[31.343s][debug  ][gc,phases,ref  ] GC(114)     Cleared: 0
[31.343s][debug  ][gc,phases,ref  ] GC(114)   PhantomReference:
[31.343s][debug  ][gc,phases,ref  ] GC(114)     Discovered: 0
[31.343s][debug  ][gc,phases,ref  ] GC(114)     Cleared: 0
[31.343s][debug  ][gc,phases      ] GC(114) Reference Processing 0.801ms
[31.343s][debug  ][gc,phases,start] GC(114) Weak Processing
[31.344s][debug  ][gc,phases      ] GC(114)   VM Weak                        Min:  0.0, Avg:  0.0, Max:  0.0, Diff:  0.0, Sum:  0.0, Workers: 6
[31.344s][debug  ][gc,phases      ] GC(114)     Dead                           Min: 0, Avg:  0.0, Max: 0, Diff: 0, Sum: 0, Workers: 6
[31.344s][debug  ][gc,phases      ] GC(114)     Total                          Min: 0, Avg:  1.3, Max: 8, Diff: 8, Sum: 8, Workers: 6
[31.344s][debug  ][gc,phases      ] GC(114)   ObjectSynchronizer Weak        Min:  0.0, Avg:  0.0, Max:  0.0, Diff:  0.0, Sum:  0.0, Workers: 6
[31.344s][debug  ][gc,phases      ] GC(114)     Dead                           Min: 0, Avg:  0.0, Max: 0, Diff: 0, Sum: 0, Workers: 6
[31.344s][debug  ][gc,phases      ] GC(114)     Total                          Min: 0, Avg:  0.5, Max: 3, Diff: 3, Sum: 3, Workers: 6
[31.344s][debug  ][gc,phases      ] GC(114)   JVMTI Tag Weak OopStorage      Min:  0.0, Avg:  0.0, Max:  0.0, Diff:  0.0, Sum:  0.0, Workers: 6
[31.344s][debug  ][gc,phases      ] GC(114)     Dead                           Min: 0, Avg:  0.0, Max: 0, Diff: 0, Sum: 0, Workers: 6
[31.344s][debug  ][gc,phases      ] GC(114)     Total                          Min: 0, Avg:  0.0, Max: 0, Diff: 0, Sum: 0, Workers: 6
[31.344s][debug  ][gc,phases      ] GC(114)   StringTable Weak               Min:  0.0, Avg:  0.0, Max:  0.0, Diff:  0.0, Sum:  0.0, Workers: 6
[31.344s][debug  ][gc,phases      ] GC(114)     Dead                           Min: 0, Avg:  0.0, Max: 0, Diff: 0, Sum: 0, Workers: 6
[31.344s][debug  ][gc,phases      ] GC(114)     Total                          Min: 704, Avg: 891.8, Max: 1064, Diff: 360, Sum: 5351, Workers: 6
[31.344s][debug  ][gc,phases      ] GC(114)   ResolvedMethodTable Weak       Min:  0.0, Avg:  0.0, Max:  0.0, Diff:  0.0, Sum:  0.0, Workers: 6
[31.344s][debug  ][gc,phases      ] GC(114)     Dead                           Min: 0, Avg:  0.0, Max: 0, Diff: 0, Sum: 0, Workers: 6
[31.344s][debug  ][gc,phases      ] GC(114)     Total                          Min: 0, Avg: 21.7, Max: 64, Diff: 64, Sum: 130, Workers: 6
[31.344s][debug  ][gc,phases      ] GC(114)   JNI Weak                       Min:  0.0, Avg:  0.0, Max:  0.0, Diff:  0.0, Sum:  0.0, Workers: 6
[31.344s][debug  ][gc,phases      ] GC(114)     Dead                           Min: 0, Avg:  0.0, Max: 0, Diff: 0, Sum: 0, Workers: 6
[31.344s][debug  ][gc,phases      ] GC(114)     Total                          Min: 0, Avg:  0.0, Max: 0, Diff: 0, Sum: 0, Workers: 6
[31.344s][debug  ][gc,phases      ] GC(114)   StringDedup Table Weak         Min:  0.0, Avg:  0.0, Max:  0.0, Diff:  0.0, Sum:  0.0, Workers: 6
[31.344s][debug  ][gc,phases      ] GC(114)     Dead                           Min: 0, Avg:  0.0, Max: 0, Diff: 0, Sum: 0, Workers: 6
[31.344s][debug  ][gc,phases      ] GC(114)     Total                          Min: 0, Avg:  0.0, Max: 0, Diff: 0, Sum: 0, Workers: 6
[31.344s][debug  ][gc,phases      ] GC(114)   StringDedup Requests0 Weak     Min:  0.0, Avg:  0.0, Max:  0.0, Diff:  0.0, Sum:  0.0, Workers: 6
[31.344s][debug  ][gc,phases      ] GC(114)     Dead                           Min: 0, Avg:  0.0, Max: 0, Diff: 0, Sum: 0, Workers: 6
[31.344s][debug  ][gc,phases      ] GC(114)     Total                          Min: 0, Avg:  0.0, Max: 0, Diff: 0, Sum: 0, Workers: 6
[31.344s][debug  ][gc,phases      ] GC(114)   StringDedup Requests1 Weak     Min:  0.0, Avg:  0.0, Max:  0.0, Diff:  0.0, Sum:  0.0, Workers: 6
[31.344s][debug  ][gc,phases      ] GC(114)     Dead                           Min: 0, Avg:  0.0, Max: 0, Diff: 0, Sum: 0, Workers: 6
[31.344s][debug  ][gc,phases      ] GC(114)     Total                          Min: 0, Avg:  0.0, Max: 0, Diff: 0, Sum: 0, Workers: 6
[31.344s][debug  ][gc,phases      ] GC(114)   Weak JFR Old Object Samples    Min:  0.0, Avg:  0.0, Max:  0.0, Diff:  0.0, Sum:  0.0, Workers: 6
[31.344s][debug  ][gc,phases      ] GC(114)     Dead                           Min: 0, Avg:  0.0, Max: 0, Diff: 0, Sum: 0, Workers: 6
[31.344s][debug  ][gc,phases      ] GC(114)     Total                          Min: 0, Avg:  0.0, Max: 0, Diff: 0, Sum: 0, Workers: 6
[31.344s][debug  ][gc,phases      ] GC(114) Weak Processing 0.838ms
[31.344s][debug  ][gc,ergo        ] GC(114) AdaptiveSizeStart:  collection: 115 
[31.344s][debug  ][gc,ergo        ] GC(114) avg_survived_padded_avg: 33762732.000000
[31.344s][debug  ][gc,ergo        ] GC(114) avg_promoted_padded_avg: 264078624.000000  avg_pretenured_padded_avg: 0.000000  tenuring_thresh: 12  target_size: 34078720
[31.344s][debug  ][gc,age         ] GC(114) Desired survivor size 34078720 bytes, new threshold 12 (max threshold 15)
[31.344s][debug  ][gc,ergo        ] GC(114) PSAdaptiveSizePolicy::compute_eden_space_size limits: desired_eden_size: 220220933 old_eden_size: 200278016 eden_limit: 200278016 cur_eden: 200278016 max_eden_size: 200278016 avg_young_live: 27077234
[31.344s][debug  ][gc,ergo        ] GC(114) PSAdaptiveSizePolicy::compute_eden_space_size: costs minor_time: 0.049177 major_cost: 0.050371 mutator_cost: 0.900452 throughput_goal: 0.990000
[31.344s][debug  ][gc,ergo        ] GC(114) Live_space: 1038577920 free_space: 1375731712
[31.344s][debug  ][gc,ergo        ] GC(114) Old eden_size: 200278016 desired_eden_size: 200278016
[31.344s][debug  ][gc,ergo        ] GC(114) AdaptiveSizeStop: collection: 115 
[31.345s][info   ][gc,heap        ] GC(114) PSYoungGen: 218853K(228864K)->30720K(228864K) Eden: 188133K(195584K)->0K(195584K) From: 30720K(33280K)->30720K(33280K)
[31.345s][info   ][gc,heap        ] GC(114) ParOldGen: 1404516K(1835008K)->1588837K(1835008K)
[31.345s][info   ][gc,metaspace   ] GC(114) Metaspace: 1022K(1216K)->1022K(1216K) NonClass: 938K(1024K)->938K(1024K) Class: 83K(192K)->83K(192K)
[31.345s][info   ][gc             ] GC(114) Pause Young (Allocation Failure) 1585M->1581M(2015M) 16.754ms
[31.345s][info   ][gc,cpu         ] GC(114) User=0.09s Sys=0.00s Real=0.02s
[31.345s][debug  ][gc,heap        ] GC(114) Heap after GC invocations=115 (full 18):
[31.345s][debug  ][gc,heap        ] GC(114)  PSYoungGen      total 228864K, used 30720K [0x00000000f0000000, 0x0000000100000000, 0x0000000100000000)
[31.345s][debug  ][gc,heap        ] GC(114)   eden space 195584K, 0% used [0x00000000f0000000,0x00000000f0000000,0x00000000fbf00000)
[31.345s][debug  ][gc,heap        ] GC(114)   from space 33280K, 92% used [0x00000000fbf00000,0x00000000fdd00030,0x00000000fdf80000)
[31.345s][debug  ][gc,heap        ] GC(114)   to   space 33280K, 0% used [0x00000000fdf80000,0x00000000fdf80000,0x0000000100000000)
[31.345s][debug  ][gc,heap        ] GC(114)  ParOldGen       total 1835008K, used 1588837K [0x0000000080000000, 0x00000000f0000000, 0x00000000f0000000)
[31.345s][debug  ][gc,heap        ] GC(114)   object space 1835008K, 86% used [0x0000000080000000,0x00000000e0f994c8,0x00000000f0000000)
[31.345s][debug  ][gc,heap        ] GC(114)  Metaspace       used 1022K, committed 1216K, reserved 1056768K
[31.345s][debug  ][gc,heap        ] GC(114)   class space    used 83K, committed 192K, reserved 1048576K
[31.345s][debug  ][gc,task,time   ] GC(114) VM-Thread 313274286 313426172 313448634
[31.345s][debug  ][gc,phases,start] GC(115) Pre Compact
[31.345s][debug  ][gc,heap        ] GC(115) Heap before GC invocations=116 (full 19):
[31.345s][debug  ][gc,heap        ] GC(115)  PSYoungGen      total 228864K, used 30720K [0x00000000f0000000, 0x0000000100000000, 0x0000000100000000)
[31.345s][debug  ][gc,heap        ] GC(115)   eden space 195584K, 0% used [0x00000000f0000000,0x00000000f0000000,0x00000000fbf00000)
[31.345s][debug  ][gc,heap        ] GC(115)   from space 33280K, 92% used [0x00000000fbf00000,0x00000000fdd00030,0x00000000fdf80000)
[31.345s][debug  ][gc,heap        ] GC(115)   to   space 33280K, 0% used [0x00000000fdf80000,0x00000000fdf80000,0x0000000100000000)
[31.345s][debug  ][gc,heap        ] GC(115)  ParOldGen       total 1835008K, used 1588837K [0x0000000080000000, 0x00000000f0000000, 0x00000000f0000000)
[31.345s][debug  ][gc,heap        ] GC(115)   object space 1835008K, 86% used [0x0000000080000000,0x00000000e0f994c8,0x00000000f0000000)
[31.345s][debug  ][gc,heap        ] GC(115)  Metaspace       used 1022K, committed 1216K, reserved 1056768K
[31.345s][debug  ][gc,heap        ] GC(115)   class space    used 83K, committed 192K, reserved 1048576K
[31.345s][debug  ][gc,phases      ] GC(115) Pre Compact 0.203ms
[31.345s][info   ][gc,start       ] GC(115) Pause Full (Ergonomics)
[31.345s][info   ][gc,phases,start] GC(115) Marking Phase
[31.345s][debug  ][gc,phases,start] GC(115) Par Mark
[31.346s][debug  ][gc,phases      ] GC(115) Par Mark 0.610ms
[31.346s][debug  ][gc,phases,start] GC(115) Reference Processing
[31.346s][debug  ][gc,ref         ] GC(115) Skipped phase 1 of Reference Processing: no references
[31.346s][debug  ][gc,ref         ] GC(115) ReferenceProcessor::execute queues: 1, RefProcThreadModel::Single, marks_oops_alive: false
[31.346s][debug  ][gc,ref         ] GC(115) Skipped phase 3 of Reference Processing: no references
[31.346s][debug  ][gc,ref         ] GC(115) ReferenceProcessor::execute queues: 1, RefProcThreadModel::Single, marks_oops_alive: false
[31.346s][debug  ][gc,phases,ref  ] GC(115) Reference Processing: 0.1ms
[31.346s][debug  ][gc,phases,ref  ] GC(115)   Reconsider SoftReferences: 0.0ms
[31.346s][debug  ][gc,phases,ref  ] GC(115)     SoftRef (ms):                  skipped
[31.346s][debug  ][gc,phases,ref  ] GC(115)   Notify Soft/WeakReferences: 0.0ms
[31.346s][debug  ][gc,phases,ref  ] GC(115)     SoftRef (ms):                  Min:  0.0, Avg:  0.0, Max:  0.0, Diff:  0.0, Sum:  0.0, Workers: 6
[31.346s][debug  ][gc,phases,ref  ] GC(115)     WeakRef (ms):                  Min:  0.0, Avg:  0.0, Max:  0.0, Diff:  0.0, Sum:  0.0, Workers: 6
[31.346s][debug  ][gc,phases,ref  ] GC(115)     FinalRef (ms):                 Min:  0.0, Avg:  0.0, Max:  0.0, Diff:  0.0, Sum:  0.0, Workers: 6
[31.346s][debug  ][gc,phases,ref  ] GC(115)     Total (ms):                    Min:  0.0, Avg:  0.0, Max:  0.0, Diff:  0.0, Sum:  0.0, Workers: 6
[31.346s][debug  ][gc,phases,ref  ] GC(115)   Notify and keep alive finalizable: 0.0ms
[31.346s][debug  ][gc,phases,ref  ] GC(115)     FinalRef (ms):                 skipped
[31.346s][debug  ][gc,phases,ref  ] GC(115)   Notify PhantomReferences: 0.0ms
[31.346s][debug  ][gc,phases,ref  ] GC(115)     PhantomRef (ms):               Min:  0.0, Avg:  0.0, Max:  0.0, Diff:  0.0, Sum:  0.0, Workers: 6
[31.346s][debug  ][gc,phases,ref  ] GC(115)   SoftReference:
[31.346s][debug  ][gc,phases,ref  ] GC(115)     Discovered: 0
[31.346s][debug  ][gc,phases,ref  ] GC(115)     Cleared: 0
[31.346s][debug  ][gc,phases,ref  ] GC(115)   WeakReference:
[31.346s][debug  ][gc,phases,ref  ] GC(115)     Discovered: 108
[31.346s][debug  ][gc,phases,ref  ] GC(115)     Cleared: 108
[31.346s][debug  ][gc,phases,ref  ] GC(115)   FinalReference:
[31.346s][debug  ][gc,phases,ref  ] GC(115)     Discovered: 0
[31.346s][debug  ][gc,phases,ref  ] GC(115)     Cleared: 0
[31.346s][debug  ][gc,phases,ref  ] GC(115)   PhantomReference:
[31.346s][debug  ][gc,phases,ref  ] GC(115)     Discovered: 3
[31.346s][debug  ][gc,phases,ref  ] GC(115)     Cleared: 3
[31.346s][debug  ][gc,phases      ] GC(115) Reference Processing 0.594ms
[31.346s][debug  ][gc,phases,start] GC(115) Weak Processing
[31.346s][debug  ][gc,phases      ] GC(115)   VM Weak                        Min:  0.0, Avg:  0.0, Max:  0.0, Diff:  0.0, Sum:  0.0, Workers: 6
[31.346s][debug  ][gc,phases      ] GC(115)     Dead                           Min: 0, Avg:  0.0, Max: 0, Diff: 0, Sum: 0, Workers: 6
[31.347s][debug  ][gc,phases      ] GC(115)     Total                          Min: 0, Avg:  1.3, Max: 8, Diff: 8, Sum: 8, Workers: 6
[31.347s][debug  ][gc,phases      ] GC(115)   ObjectSynchronizer Weak        Min:  0.0, Avg:  0.0, Max:  0.0, Diff:  0.0, Sum:  0.0, Workers: 6
[31.347s][debug  ][gc,phases      ] GC(115)     Dead                           Min: 0, Avg:  0.0, Max: 0, Diff: 0, Sum: 0, Workers: 6
[31.347s][debug  ][gc,phases      ] GC(115)     Total                          Min: 0, Avg:  0.5, Max: 3, Diff: 3, Sum: 3, Workers: 6
[31.347s][debug  ][gc,phases      ] GC(115)   JVMTI Tag Weak OopStorage      Min:  0.0, Avg:  0.0, Max:  0.0, Diff:  0.0, Sum:  0.0, Workers: 6
[31.347s][debug  ][gc,phases      ] GC(115)     Dead                           Min: 0, Avg:  0.0, Max: 0, Diff: 0, Sum: 0, Workers: 6
[31.347s][debug  ][gc,phases      ] GC(115)     Total                          Min: 0, Avg:  0.0, Max: 0, Diff: 0, Sum: 0, Workers: 6
[31.347s][debug  ][gc,phases      ] GC(115)   StringTable Weak               Min:  0.0, Avg:  0.0, Max:  0.0, Diff:  0.0, Sum:  0.0, Workers: 6
[31.347s][debug  ][gc,phases      ] GC(115)     Dead                           Min: 0, Avg:  0.0, Max: 0, Diff: 0, Sum: 0, Workers: 6
[31.347s][debug  ][gc,phases      ] GC(115)     Total                          Min: 640, Avg: 891.8, Max: 1088, Diff: 448, Sum: 5351, Workers: 6
[31.347s][debug  ][gc,phases      ] GC(115)   ResolvedMethodTable Weak       Min:  0.0, Avg:  0.0, Max:  0.0, Diff:  0.0, Sum:  0.0, Workers: 6
[31.347s][debug  ][gc,phases      ] GC(115)     Dead                           Min: 0, Avg:  0.0, Max: 0, Diff: 0, Sum: 0, Workers: 6
[31.347s][debug  ][gc,phases      ] GC(115)     Total                          Min: 0, Avg: 21.7, Max: 64, Diff: 64, Sum: 130, Workers: 6
[31.347s][debug  ][gc,phases      ] GC(115)   JNI Weak                       Min:  0.0, Avg:  0.0, Max:  0.0, Diff:  0.0, Sum:  0.0, Workers: 6
[31.347s][debug  ][gc,phases      ] GC(115)     Dead                           Min: 0, Avg:  0.0, Max: 0, Diff: 0, Sum: 0, Workers: 6
[31.347s][debug  ][gc,phases      ] GC(115)     Total                          Min: 0, Avg:  0.0, Max: 0, Diff: 0, Sum: 0, Workers: 6
[31.347s][debug  ][gc,phases      ] GC(115)   StringDedup Table Weak         Min:  0.0, Avg:  0.0, Max:  0.0, Diff:  0.0, Sum:  0.0, Workers: 6
[31.347s][debug  ][gc,phases      ] GC(115)     Dead                           Min: 0, Avg:  0.0, Max: 0, Diff: 0, Sum: 0, Workers: 6
[31.347s][debug  ][gc,phases      ] GC(115)     Total                          Min: 0, Avg:  0.0, Max: 0, Diff: 0, Sum: 0, Workers: 6
[31.347s][debug  ][gc,phases      ] GC(115)   StringDedup Requests0 Weak     Min:  0.0, Avg:  0.0, Max:  0.0, Diff:  0.0, Sum:  0.0, Workers: 6
[31.347s][debug  ][gc,phases      ] GC(115)     Dead                           Min: 0, Avg:  0.0, Max: 0, Diff: 0, Sum: 0, Workers: 6
[31.347s][debug  ][gc,phases      ] GC(115)     Total                          Min: 0, Avg:  0.0, Max: 0, Diff: 0, Sum: 0, Workers: 6
[31.347s][debug  ][gc,phases      ] GC(115)   StringDedup Requests1 Weak     Min:  0.0, Avg:  0.0, Max:  0.0, Diff:  0.0, Sum:  0.0, Workers: 6
[31.347s][debug  ][gc,phases      ] GC(115)     Dead                           Min: 0, Avg:  0.0, Max: 0, Diff: 0, Sum: 0, Workers: 6
[31.347s][debug  ][gc,phases      ] GC(115)     Total                          Min: 0, Avg:  0.0, Max: 0, Diff: 0, Sum: 0, Workers: 6
[31.347s][debug  ][gc,phases      ] GC(115)   Weak JFR Old Object Samples    Min:  0.0, Avg:  0.0, Max:  0.0, Diff:  0.0, Sum:  0.0, Workers: 6
[31.347s][debug  ][gc,phases      ] GC(115)     Dead                           Min: 0, Avg:  0.0, Max: 0, Diff: 0, Sum: 0, Workers: 6
[31.347s][debug  ][gc,phases      ] GC(115)     Total                          Min: 0, Avg:  0.0, Max: 0, Diff: 0, Sum: 0, Workers: 6
[31.347s][debug  ][gc,phases      ] GC(115) Weak Processing 0.653ms
[31.347s][debug  ][gc,phases,start] GC(115) Class Unloading
[31.347s][debug  ][gc,phases,start] GC(115) ClassLoaderData
[31.347s][debug  ][gc,phases      ] GC(115) ClassLoaderData 0.019ms
[31.347s][debug  ][gc,phases,start] GC(115) Trigger cleanups
[31.347s][debug  ][gc,phases      ] GC(115) Trigger cleanups 0.018ms
[31.347s][debug  ][gc,phases      ] GC(115) Class Unloading 0.255ms
[31.347s][info   ][gc,phases      ] GC(115) Marking Phase 2.234ms
[31.347s][info   ][gc,phases,start] GC(115) Summary Phase
[31.347s][info   ][gc,phases      ] GC(115) Summary Phase 0.036ms
[31.347s][info   ][gc,phases,start] GC(115) Adjust Roots
[31.348s][info   ][gc,phases      ] GC(115) Adjust Roots 0.133ms
[31.348s][info   ][gc,phases,start] GC(115) Compaction Phase
[31.430s][info   ][gc,phases      ] GC(115) Compaction Phase 82.029ms
[31.430s][info   ][gc,phases,start] GC(115) Post Compact
[31.435s][info   ][gc,phases      ] GC(115) Post Compact 5.462ms
[31.435s][debug  ][gc,ergo        ] GC(115) AdaptiveSizeStart: collection: 116 
[31.435s][debug  ][gc,ergo        ] GC(115) PSAdaptiveSizePolicy::compute_eden_space_size limits: desired_eden_size: 219942072 old_eden_size: 200278016 eden_limit: 200278016 cur_eden: 200278016 max_eden_size: 200278016 avg_young_live: 24369510
[31.435s][debug  ][gc,ergo        ] GC(115) PSAdaptiveSizePolicy::compute_eden_space_size: costs minor_time: 0.049177 major_cost: 0.051783 mutator_cost: 0.899040 throughput_goal: 0.990000
[31.435s][debug  ][gc,ergo        ] GC(115) Live_space: 1035870208 free_space: 1375731712
[31.435s][debug  ][gc,ergo        ] GC(115) Old eden_size: 200278016 desired_eden_size: 200278016
[31.435s][debug  ][gc,ergo        ] GC(115) PSAdaptiveSizePolicy::compute_old_gen_free_space limits: desired_promo_size: 1296194577 promo_limit: 1175453696 free_in_old_gen: 1131478784 max_old_gen_size: 1879048192 avg_old_live: 747569408
[31.435s][debug  ][gc,ergo        ] GC(115) PSAdaptiveSizePolicy::compute_old_gen_free_space: costs minor_time: 0.049177 major_cost: 0.051783  mutator_cost: 0.899040 throughput_goal: 0.990000
[31.435s][debug  ][gc,ergo        ] GC(115) Live_space: 1040374400 free_space: 1375731712
[31.435s][debug  ][gc,ergo        ] GC(115) Old promo_size: 1175453696 desired_promo_size: 1175453696
[31.435s][debug  ][gc,ergo        ] GC(115) AdaptiveSizeStop: collection: 116 
[31.436s][info   ][gc,heap        ] GC(115) PSYoungGen: 30720K(228864K)->0K(228864K) Eden: 0K(195584K)->0K(195584K) From: 30720K(33280K)->0K(33280K)
[31.436s][info   ][gc,heap        ] GC(115) ParOldGen: 1588837K(1835008K)->769635K(1835008K)
[31.436s][info   ][gc,metaspace   ] GC(115) Metaspace: 1022K(1216K)->1022K(1216K) NonClass: 938K(1024K)->938K(1024K) Class: 83K(192K)->83K(192K)
[31.436s][info   ][gc             ] GC(115) Pause Full (Ergonomics) 1581M->751M(2015M) 90.491ms
[31.436s][info   ][gc,cpu         ] GC(115) User=0.56s Sys=0.00s Real=0.09s
[31.436s][debug  ][gc,heap        ] GC(115) Heap after GC invocations=116 (full 19):
[31.436s][debug  ][gc,heap        ] GC(115)  PSYoungGen      total 228864K, used 0K [0x00000000f0000000, 0x0000000100000000, 0x0000000100000000)
[31.436s][debug  ][gc,heap        ] GC(115)   eden space 195584K, 0% used [0x00000000f0000000,0x00000000f0000000,0x00000000fbf00000)
[31.436s][debug  ][gc,heap        ] GC(115)   from space 33280K, 0% used [0x00000000fdf80000,0x00000000fdf80000,0x0000000100000000)
[31.436s][debug  ][gc,heap        ] GC(115)   to   space 33280K, 0% used [0x00000000fbf00000,0x00000000fbf00000,0x00000000fdf80000)
[31.436s][debug  ][gc,heap        ] GC(115)  ParOldGen       total 1835008K, used 769635K [0x0000000080000000, 0x00000000f0000000, 0x00000000f0000000)
[31.436s][debug  ][gc,heap        ] GC(115)   object space 1835008K, 41% used [0x0000000080000000,0x00000000aef98fc8,0x00000000f0000000)
[31.436s][debug  ][gc,heap        ] GC(115)  Metaspace       used 1022K, committed 1216K, reserved 1056768K
[31.436s][debug  ][gc,heap        ] GC(115)   class space    used 83K, committed 192K, reserved 1048576K
[31.436s][debug  ][gc,task,time   ] GC(115) VM-Thread 313451357 313476313 314356586
[31.721s][debug  ][gc,heap        ] GC(116) Heap before GC invocations=117 (full 19):
[31.721s][debug  ][gc,heap        ] GC(116)  PSYoungGen      total 228864K, used 188139K [0x00000000f0000000, 0x0000000100000000, 0x0000000100000000)
[31.721s][debug  ][gc,heap        ] GC(116)   eden space 195584K, 96% used [0x00000000f0000000,0x00000000fb7bafd8,0x00000000fbf00000)
[31.721s][debug  ][gc,heap        ] GC(116)   from space 33280K, 0% used [0x00000000fdf80000,0x00000000fdf80000,0x0000000100000000)
[31.721s][debug  ][gc,heap        ] GC(116)   to   space 33280K, 0% used [0x00000000fbf00000,0x00000000fbf00000,0x00000000fdf80000)
[31.721s][debug  ][gc,heap        ] GC(116)  ParOldGen       total 1835008K, used 769635K [0x0000000080000000, 0x00000000f0000000, 0x00000000f0000000)
[31.721s][debug  ][gc,heap        ] GC(116)   object space 1835008K, 41% used [0x0000000080000000,0x00000000aef98fc8,0x00000000f0000000)
[31.721s][debug  ][gc,heap        ] GC(116)  Metaspace       used 1022K, committed 1216K, reserved 1056768K
[31.721s][debug  ][gc,heap        ] GC(116)   class space    used 83K, committed 192K, reserved 1048576K
[31.722s][debug  ][gc,tlab        ] GC(116) TLAB totals: thrds: 1  refills: 1 max: 1 slow allocs: 17 max 17 waste: 27.2% gc: 3911352B max: 3911352B slow: 0B max: 0B
[31.722s][info   ][gc,start       ] GC(116) Pause Young (Allocation Failure)
[31.722s][debug  ][gc,phases,start] GC(116) Scavenge
[31.734s][debug  ][gc,phases      ] GC(116) Scavenge 12.757ms
[31.734s][debug  ][gc,phases,start] GC(116) Reference Processing
[31.734s][debug  ][gc,ref         ] GC(116) Skipped phase 1 of Reference Processing: no references
[31.735s][debug  ][gc,ref         ] GC(116) Skipped phase 2 of Reference Processing: no references
[31.735s][debug  ][gc,ref         ] GC(116) Skipped phase 3 of Reference Processing: no references
[31.735s][debug  ][gc,ref         ] GC(116) Skipped phase 4 of Reference Processing: no references
[31.735s][debug  ][gc,phases,ref  ] GC(116) Reference Processing: 0.1ms
[31.735s][debug  ][gc,phases,ref  ] GC(116)   Reconsider SoftReferences: 0.0ms
[31.735s][debug  ][gc,phases,ref  ] GC(116)     SoftRef (ms):                  skipped
[31.735s][debug  ][gc,phases,ref  ] GC(116)   Notify Soft/WeakReferences: 0.0ms
[31.735s][debug  ][gc,phases,ref  ] GC(116)     SoftRef (ms):                  skipped
[31.735s][debug  ][gc,phases,ref  ] GC(116)     WeakRef (ms):                  skipped
[31.735s][debug  ][gc,phases,ref  ] GC(116)     FinalRef (ms):                 skipped
[31.735s][debug  ][gc,phases,ref  ] GC(116)     Total (ms):                    skipped
[31.735s][debug  ][gc,phases,ref  ] GC(116)   Notify and keep alive finalizable: 0.0ms
[31.735s][debug  ][gc,phases,ref  ] GC(116)     FinalRef (ms):                 skipped
[31.735s][debug  ][gc,phases,ref  ] GC(116)   Notify PhantomReferences: 0.0ms
[31.735s][debug  ][gc,phases,ref  ] GC(116)     PhantomRef (ms):               skipped
[31.735s][debug  ][gc,phases,ref  ] GC(116)   SoftReference:
[31.735s][debug  ][gc,phases,ref  ] GC(116)     Discovered: 0
[31.735s][debug  ][gc,phases,ref  ] GC(116)     Cleared: 0
[31.735s][debug  ][gc,phases,ref  ] GC(116)   WeakReference:
[31.735s][debug  ][gc,phases,ref  ] GC(116)     Discovered: 0
[31.735s][debug  ][gc,phases,ref  ] GC(116)     Cleared: 0
[31.735s][debug  ][gc,phases,ref  ] GC(116)   FinalReference:
[31.735s][debug  ][gc,phases,ref  ] GC(116)     Discovered: 0
[31.735s][debug  ][gc,phases,ref  ] GC(116)     Cleared: 0
[31.735s][debug  ][gc,phases,ref  ] GC(116)   PhantomReference:
[31.735s][debug  ][gc,phases,ref  ] GC(116)     Discovered: 0
[31.735s][debug  ][gc,phases,ref  ] GC(116)     Cleared: 0
[31.735s][debug  ][gc,phases      ] GC(116) Reference Processing 0.693ms
[31.735s][debug  ][gc,phases,start] GC(116) Weak Processing
[31.735s][debug  ][gc,phases      ] GC(116)   VM Weak                        Min:  0.0, Avg:  0.0, Max:  0.0, Diff:  0.0, Sum:  0.0, Workers: 6
[31.735s][debug  ][gc,phases      ] GC(116)     Dead                           Min: 0, Avg:  0.0, Max: 0, Diff: 0, Sum: 0, Workers: 6
[31.735s][debug  ][gc,phases      ] GC(116)     Total                          Min: 0, Avg:  1.3, Max: 8, Diff: 8, Sum: 8, Workers: 6
[31.735s][debug  ][gc,phases      ] GC(116)   ObjectSynchronizer Weak        Min:  0.0, Avg:  0.0, Max:  0.0, Diff:  0.0, Sum:  0.0, Workers: 6
[31.735s][debug  ][gc,phases      ] GC(116)     Dead                           Min: 0, Avg:  0.0, Max: 0, Diff: 0, Sum: 0, Workers: 6
[31.735s][debug  ][gc,phases      ] GC(116)     Total                          Min: 0, Avg:  0.5, Max: 3, Diff: 3, Sum: 3, Workers: 6
[31.735s][debug  ][gc,phases      ] GC(116)   JVMTI Tag Weak OopStorage      Min:  0.0, Avg:  0.0, Max:  0.0, Diff:  0.0, Sum:  0.0, Workers: 6
[31.735s][debug  ][gc,phases      ] GC(116)     Dead                           Min: 0, Avg:  0.0, Max: 0, Diff: 0, Sum: 0, Workers: 6
[31.735s][debug  ][gc,phases      ] GC(116)     Total                          Min: 0, Avg:  0.0, Max: 0, Diff: 0, Sum: 0, Workers: 6
[31.735s][debug  ][gc,phases      ] GC(116)   StringTable Weak               Min:  0.0, Avg:  0.0, Max:  0.0, Diff:  0.0, Sum:  0.0, Workers: 6
[31.736s][debug  ][gc,phases      ] GC(116)     Dead                           Min: 0, Avg:  0.0, Max: 0, Diff: 0, Sum: 0, Workers: 6
[31.736s][debug  ][gc,phases      ] GC(116)     Total                          Min: 576, Avg: 891.8, Max: 1152, Diff: 576, Sum: 5351, Workers: 6
[31.736s][debug  ][gc,phases      ] GC(116)   ResolvedMethodTable Weak       Min:  0.0, Avg:  0.0, Max:  0.0, Diff:  0.0, Sum:  0.0, Workers: 6
[31.736s][debug  ][gc,phases      ] GC(116)     Dead                           Min: 0, Avg:  0.0, Max: 0, Diff: 0, Sum: 0, Workers: 6
[31.736s][debug  ][gc,phases      ] GC(116)     Total                          Min: 0, Avg: 21.7, Max: 64, Diff: 64, Sum: 130, Workers: 6
[31.736s][debug  ][gc,phases      ] GC(116)   JNI Weak                       Min:  0.0, Avg:  0.0, Max:  0.0, Diff:  0.0, Sum:  0.0, Workers: 6
[31.736s][debug  ][gc,phases      ] GC(116)     Dead                           Min: 0, Avg:  0.0, Max: 0, Diff: 0, Sum: 0, Workers: 6
[31.736s][debug  ][gc,phases      ] GC(116)     Total                          Min: 0, Avg:  0.0, Max: 0, Diff: 0, Sum: 0, Workers: 6
[31.736s][debug  ][gc,phases      ] GC(116)   StringDedup Table Weak         Min:  0.0, Avg:  0.0, Max:  0.0, Diff:  0.0, Sum:  0.0, Workers: 6
[31.736s][debug  ][gc,phases      ] GC(116)     Dead                           Min: 0, Avg:  0.0, Max: 0, Diff: 0, Sum: 0, Workers: 6
[31.736s][debug  ][gc,phases      ] GC(116)     Total                          Min: 0, Avg:  0.0, Max: 0, Diff: 0, Sum: 0, Workers: 6
[31.736s][debug  ][gc,phases      ] GC(116)   StringDedup Requests0 Weak     Min:  0.0, Avg:  0.0, Max:  0.0, Diff:  0.0, Sum:  0.0, Workers: 6
[31.736s][debug  ][gc,phases      ] GC(116)     Dead                           Min: 0, Avg:  0.0, Max: 0, Diff: 0, Sum: 0, Workers: 6
[31.736s][debug  ][gc,phases      ] GC(116)     Total                          Min: 0, Avg:  0.0, Max: 0, Diff: 0, Sum: 0, Workers: 6
[31.736s][debug  ][gc,phases      ] GC(116)   StringDedup Requests1 Weak     Min:  0.0, Avg:  0.0, Max:  0.0, Diff:  0.0, Sum:  0.0, Workers: 6
[31.736s][debug  ][gc,phases      ] GC(116)     Dead                           Min: 0, Avg:  0.0, Max: 0, Diff: 0, Sum: 0, Workers: 6
[31.736s][debug  ][gc,phases      ] GC(116)     Total                          Min: 0, Avg:  0.0, Max: 0, Diff: 0, Sum: 0, Workers: 6
[31.736s][debug  ][gc,phases      ] GC(116)   Weak JFR Old Object Samples    Min:  0.0, Avg:  0.0, Max:  0.0, Diff:  0.0, Sum:  0.0, Workers: 6
[31.736s][debug  ][gc,phases      ] GC(116)     Dead                           Min: 0, Avg:  0.0, Max: 0, Diff: 0, Sum: 0, Workers: 6
[31.736s][debug  ][gc,phases      ] GC(116)     Total                          Min: 0, Avg:  0.0, Max: 0, Diff: 0, Sum: 0, Workers: 6
[31.736s][debug  ][gc,phases      ] GC(116) Weak Processing 0.824ms
[31.736s][debug  ][gc,ergo        ] GC(116) AdaptiveSizeStart:  collection: 117 
[31.736s][debug  ][gc,ergo        ] GC(116) avg_survived_padded_avg: 33723324.000000
[31.736s][debug  ][gc,ergo        ] GC(116) avg_promoted_padded_avg: 255719232.000000  avg_pretenured_padded_avg: 0.000000  tenuring_thresh: 13  target_size: 34078720
[31.736s][debug  ][gc,age         ] GC(116) Desired survivor size 34078720 bytes, new threshold 13 (max threshold 15)
[31.736s][debug  ][gc,ergo        ] GC(116) PSAdaptiveSizePolicy::compute_eden_space_size limits: desired_eden_size: 219285852 old_eden_size: 200278016 eden_limit: 200278016 cur_eden: 200278016 max_eden_size: 200278016 avg_young_live: 25078292
[31.736s][debug  ][gc,ergo        ] GC(116) PSAdaptiveSizePolicy::compute_eden_space_size: costs minor_time: 0.046076 major_cost: 0.051783 mutator_cost: 0.902142 throughput_goal: 0.990000
[31.736s][debug  ][gc,ergo        ] GC(116) Live_space: 1041083136 free_space: 1375731712
[31.736s][debug  ][gc,ergo        ] GC(116) Old eden_size: 200278016 desired_eden_size: 200278016
[31.736s][debug  ][gc,ergo        ] GC(116) AdaptiveSizeStop: collection: 117 
[31.736s][info   ][gc,heap        ] GC(116) PSYoungGen: 188139K(228864K)->30720K(228864K) Eden: 188139K(195584K)->0K(195584K) From: 0K(33280K)->30720K(33280K)
[31.736s][info   ][gc,heap        ] GC(116) ParOldGen: 769635K(1835008K)->923236K(1835008K)
[31.736s][info   ][gc,metaspace   ] GC(116) Metaspace: 1022K(1216K)->1022K(1216K) NonClass: 938K(1024K)->938K(1024K) Class: 83K(192K)->83K(192K)
[31.736s][info   ][gc             ] GC(116) Pause Young (Allocation Failure) 935M->931M(2015M) 14.769ms
[31.736s][info   ][gc,cpu         ] GC(116) User=0.00s Sys=0.00s Real=0.01s
[31.736s][debug  ][gc,heap        ] GC(116) Heap after GC invocations=117 (full 19):
[31.736s][debug  ][gc,heap        ] GC(116)  PSYoungGen      total 228864K, used 30720K [0x00000000f0000000, 0x0000000100000000, 0x0000000100000000)
[31.736s][debug  ][gc,heap        ] GC(116)   eden space 195584K, 0% used [0x00000000f0000000,0x00000000f0000000,0x00000000fbf00000)
[31.736s][debug  ][gc,heap        ] GC(116)   from space 33280K, 92% used [0x00000000fbf00000,0x00000000fdd00030,0x00000000fdf80000)
[31.736s][debug  ][gc,heap        ] GC(116)   to   space 33280K, 0% used [0x00000000fdf80000,0x00000000fdf80000,0x0000000100000000)
[31.737s][debug  ][gc,heap        ] GC(116)  ParOldGen       total 1835008K, used 923236K [0x0000000080000000, 0x00000000f0000000, 0x00000000f0000000)
[31.737s][debug  ][gc,heap        ] GC(116)   object space 1835008K, 50% used [0x0000000080000000,0x00000000b85990b8,0x00000000f0000000)
[31.737s][debug  ][gc,heap        ] GC(116)  Metaspace       used 1022K, committed 1216K, reserved 1056768K
[31.737s][debug  ][gc,heap        ] GC(116)   class space    used 83K, committed 192K, reserved 1048576K
[31.737s][debug  ][gc,task,time   ] GC(116) VM-Thread 317211028 317344453 317366116
[32.024s][debug  ][gc,heap        ] GC(117) Heap before GC invocations=118 (full 19):
[32.024s][debug  ][gc,heap        ] GC(117)  PSYoungGen      total 228864K, used 218789K [0x00000000f0000000, 0x0000000100000000, 0x0000000100000000)
[32.025s][debug  ][gc,heap        ] GC(117)   eden space 195584K, 96% used [0x00000000f0000000,0x00000000fb7a9760,0x00000000fbf00000)
[32.025s][debug  ][gc,heap        ] GC(117)   from space 33280K, 92% used [0x00000000fbf00000,0x00000000fdd00030,0x00000000fdf80000)
[32.025s][debug  ][gc,heap        ] GC(117)   to   space 33280K, 0% used [0x00000000fdf80000,0x00000000fdf80000,0x0000000100000000)
[32.025s][debug  ][gc,heap        ] GC(117)  ParOldGen       total 1835008K, used 923236K [0x0000000080000000, 0x00000000f0000000, 0x00000000f0000000)
[32.025s][debug  ][gc,heap        ] GC(117)   object space 1835008K, 50% used [0x0000000080000000,0x00000000b85990b8,0x00000000f0000000)
[32.025s][debug  ][gc,heap        ] GC(117)  Metaspace       used 1022K, committed 1216K, reserved 1056768K
[32.025s][debug  ][gc,heap        ] GC(117)   class space    used 83K, committed 192K, reserved 1048576K
[32.025s][debug  ][gc,tlab        ] GC(117) TLAB totals: thrds: 1  refills: 1 max: 1 slow allocs: 17 max 17 waste: 26.8% gc: 3838488B max: 3838488B slow: 0B max: 0B
[32.025s][info   ][gc,start       ] GC(117) Pause Young (Allocation Failure)
[32.025s][debug  ][gc,phases,start] GC(117) Scavenge
[32.033s][debug  ][gc,phases      ] GC(117) Scavenge 8.076ms
[32.033s][debug  ][gc,phases,start] GC(117) Reference Processing
[32.033s][debug  ][gc,ref         ] GC(117) Skipped phase 1 of Reference Processing: no references
[32.033s][debug  ][gc,ref         ] GC(117) Skipped phase 2 of Reference Processing: no references
[32.033s][debug  ][gc,ref         ] GC(117) Skipped phase 3 of Reference Processing: no references
[32.033s][debug  ][gc,ref         ] GC(117) Skipped phase 4 of Reference Processing: no references
[32.033s][debug  ][gc,phases,ref  ] GC(117) Reference Processing: 0.1ms
[32.033s][debug  ][gc,phases,ref  ] GC(117)   Reconsider SoftReferences: 0.0ms
[32.033s][debug  ][gc,phases,ref  ] GC(117)     SoftRef (ms):                  skipped
[32.033s][debug  ][gc,phases,ref  ] GC(117)   Notify Soft/WeakReferences: 0.0ms
[32.033s][debug  ][gc,phases,ref  ] GC(117)     SoftRef (ms):                  skipped
[32.033s][debug  ][gc,phases,ref  ] GC(117)     WeakRef (ms):                  skipped
[32.033s][debug  ][gc,phases,ref  ] GC(117)     FinalRef (ms):                 skipped
[32.033s][debug  ][gc,phases,ref  ] GC(117)     Total (ms):                    skipped
[32.033s][debug  ][gc,phases,ref  ] GC(117)   Notify and keep alive finalizable: 0.0ms
[32.033s][debug  ][gc,phases,ref  ] GC(117)     FinalRef (ms):                 skipped
[32.033s][debug  ][gc,phases,ref  ] GC(117)   Notify PhantomReferences: 0.0ms
[32.033s][debug  ][gc,phases,ref  ] GC(117)     PhantomRef (ms):               skipped
[32.033s][debug  ][gc,phases,ref  ] GC(117)   SoftReference:
[32.033s][debug  ][gc,phases,ref  ] GC(117)     Discovered: 0
[32.033s][debug  ][gc,phases,ref  ] GC(117)     Cleared: 0
[32.033s][debug  ][gc,phases,ref  ] GC(117)   WeakReference:
[32.034s][debug  ][gc,phases,ref  ] GC(117)     Discovered: 0
[32.034s][debug  ][gc,phases,ref  ] GC(117)     Cleared: 0
[32.034s][debug  ][gc,phases,ref  ] GC(117)   FinalReference:
[32.034s][debug  ][gc,phases,ref  ] GC(117)     Discovered: 0
[32.034s][debug  ][gc,phases,ref  ] GC(117)     Cleared: 0
[32.034s][debug  ][gc,phases,ref  ] GC(117)   PhantomReference:
[32.034s][debug  ][gc,phases,ref  ] GC(117)     Discovered: 0
[32.034s][debug  ][gc,phases,ref  ] GC(117)     Cleared: 0
[32.034s][debug  ][gc,phases      ] GC(117) Reference Processing 0.678ms
[32.034s][debug  ][gc,phases,start] GC(117) Weak Processing
[32.034s][debug  ][gc,phases      ] GC(117)   VM Weak                        Min:  0.0, Avg:  0.0, Max:  0.0, Diff:  0.0, Sum:  0.0, Workers: 6
[32.034s][debug  ][gc,phases      ] GC(117)     Dead                           Min: 0, Avg:  0.0, Max: 0, Diff: 0, Sum: 0, Workers: 6
[32.034s][debug  ][gc,phases      ] GC(117)     Total                          Min: 0, Avg:  1.3, Max: 8, Diff: 8, Sum: 8, Workers: 6
[32.034s][debug  ][gc,phases      ] GC(117)   ObjectSynchronizer Weak        Min:  0.0, Avg:  0.0, Max:  0.0, Diff:  0.0, Sum:  0.0, Workers: 6
[32.034s][debug  ][gc,phases      ] GC(117)     Dead                           Min: 0, Avg:  0.0, Max: 0, Diff: 0, Sum: 0, Workers: 6
[32.034s][debug  ][gc,phases      ] GC(117)     Total                          Min: 0, Avg:  0.5, Max: 3, Diff: 3, Sum: 3, Workers: 6
[32.034s][debug  ][gc,phases      ] GC(117)   JVMTI Tag Weak OopStorage      Min:  0.0, Avg:  0.0, Max:  0.0, Diff:  0.0, Sum:  0.0, Workers: 6
[32.034s][debug  ][gc,phases      ] GC(117)     Dead                           Min: 0, Avg:  0.0, Max: 0, Diff: 0, Sum: 0, Workers: 6
[32.034s][debug  ][gc,phases      ] GC(117)     Total                          Min: 0, Avg:  0.0, Max: 0, Diff: 0, Sum: 0, Workers: 6
[32.034s][debug  ][gc,phases      ] GC(117)   StringTable Weak               Min:  0.0, Avg:  0.0, Max:  0.0, Diff:  0.0, Sum:  0.0, Workers: 6
[32.034s][debug  ][gc,phases      ] GC(117)     Dead                           Min: 0, Avg:  0.0, Max: 0, Diff: 0, Sum: 0, Workers: 6
[32.034s][debug  ][gc,phases      ] GC(117)     Total                          Min: 768, Avg: 891.8, Max: 1128, Diff: 360, Sum: 5351, Workers: 6
[32.034s][debug  ][gc,phases      ] GC(117)   ResolvedMethodTable Weak       Min:  0.0, Avg:  0.0, Max:  0.0, Diff:  0.0, Sum:  0.0, Workers: 6
[32.034s][debug  ][gc,phases      ] GC(117)     Dead                           Min: 0, Avg:  0.0, Max: 0, Diff: 0, Sum: 0, Workers: 6
[32.034s][debug  ][gc,phases      ] GC(117)     Total                          Min: 0, Avg: 21.7, Max: 64, Diff: 64, Sum: 130, Workers: 6
[32.034s][debug  ][gc,phases      ] GC(117)   JNI Weak                       Min:  0.0, Avg:  0.0, Max:  0.0, Diff:  0.0, Sum:  0.0, Workers: 6
[32.034s][debug  ][gc,phases      ] GC(117)     Dead                           Min: 0, Avg:  0.0, Max: 0, Diff: 0, Sum: 0, Workers: 6
[32.034s][debug  ][gc,phases      ] GC(117)     Total                          Min: 0, Avg:  0.0, Max: 0, Diff: 0, Sum: 0, Workers: 6
[32.034s][debug  ][gc,phases      ] GC(117)   StringDedup Table Weak         Min:  0.0, Avg:  0.0, Max:  0.0, Diff:  0.0, Sum:  0.0, Workers: 6
[32.034s][debug  ][gc,phases      ] GC(117)     Dead                           Min: 0, Avg:  0.0, Max: 0, Diff: 0, Sum: 0, Workers: 6
[32.034s][debug  ][gc,phases      ] GC(117)     Total                          Min: 0, Avg:  0.0, Max: 0, Diff: 0, Sum: 0, Workers: 6
[32.034s][debug  ][gc,phases      ] GC(117)   StringDedup Requests0 Weak     Min:  0.0, Avg:  0.0, Max:  0.0, Diff:  0.0, Sum:  0.0, Workers: 6
[32.034s][debug  ][gc,phases      ] GC(117)     Dead                           Min: 0, Avg:  0.0, Max: 0, Diff: 0, Sum: 0, Workers: 6
[32.035s][debug  ][gc,phases      ] GC(117)     Total                          Min: 0, Avg:  0.0, Max: 0, Diff: 0, Sum: 0, Workers: 6
[32.035s][debug  ][gc,phases      ] GC(117)   StringDedup Requests1 Weak     Min:  0.0, Avg:  0.0, Max:  0.0, Diff:  0.0, Sum:  0.0, Workers: 6
[32.035s][debug  ][gc,phases      ] GC(117)     Dead                           Min: 0, Avg:  0.0, Max: 0, Diff: 0, Sum: 0, Workers: 6
[32.035s][debug  ][gc,phases      ] GC(117)     Total                          Min: 0, Avg:  0.0, Max: 0, Diff: 0, Sum: 0, Workers: 6
[32.035s][debug  ][gc,phases      ] GC(117)   Weak JFR Old Object Samples    Min:  0.0, Avg:  0.0, Max:  0.0, Diff:  0.0, Sum:  0.0, Workers: 6
[32.035s][debug  ][gc,phases      ] GC(117)     Dead                           Min: 0, Avg:  0.0, Max: 0, Diff: 0, Sum: 0, Workers: 6
[32.035s][debug  ][gc,phases      ] GC(117)     Total                          Min: 0, Avg:  0.0, Max: 0, Diff: 0, Sum: 0, Workers: 6
[32.035s][debug  ][gc,phases      ] GC(117) Weak Processing 1.033ms
[32.035s][debug  ][gc,ergo        ] GC(117) AdaptiveSizeStart:  collection: 118 
[32.035s][debug  ][gc,ergo        ] GC(117) avg_survived_padded_avg: 33668744.000000
[32.035s][debug  ][gc,ergo        ] GC(117) avg_promoted_padded_avg: 260441872.000000  avg_pretenured_padded_avg: 0.000000  tenuring_thresh: 14  target_size: 34078720
[32.035s][debug  ][gc,age         ] GC(117) Desired survivor size 34078720 bytes, new threshold 14 (max threshold 15)
[32.035s][debug  ][gc,ergo        ] GC(117) PSAdaptiveSizePolicy::compute_eden_space_size limits: desired_eden_size: 218560829 old_eden_size: 200278016 eden_limit: 200278016 cur_eden: 200278016 max_eden_size: 200278016 avg_young_live: 25716194
[32.035s][debug  ][gc,ergo        ] GC(117) PSAdaptiveSizePolicy::compute_eden_space_size: costs minor_time: 0.042863 major_cost: 0.051783 mutator_cost: 0.905354 throughput_goal: 0.990000
[32.035s][debug  ][gc,ergo        ] GC(117) Live_space: 1041721088 free_space: 1375731712
[32.035s][debug  ][gc,ergo        ] GC(117) Old eden_size: 200278016 desired_eden_size: 200278016
[32.035s][debug  ][gc,ergo        ] GC(117) AdaptiveSizeStop: collection: 118 
[32.035s][info   ][gc,heap        ] GC(117) PSYoungGen: 218789K(228864K)->30720K(228864K) Eden: 188069K(195584K)->0K(195584K) From: 30720K(33280K)->30720K(33280K)
[32.035s][info   ][gc,heap        ] GC(117) ParOldGen: 923236K(1835008K)->1005156K(1835008K)
[32.035s][info   ][gc,metaspace   ] GC(117) Metaspace: 1022K(1216K)->1022K(1216K) NonClass: 938K(1024K)->938K(1024K) Class: 83K(192K)->83K(192K)
[32.035s][info   ][gc             ] GC(117) Pause Young (Allocation Failure) 1115M->1011M(2015M) 10.446ms
[32.035s][info   ][gc,cpu         ] GC(117) User=0.00s Sys=0.02s Real=0.01s
[32.035s][debug  ][gc,heap        ] GC(117) Heap after GC invocations=118 (full 19):
[32.035s][debug  ][gc,heap        ] GC(117)  PSYoungGen      total 228864K, used 30720K [0x00000000f0000000, 0x0000000100000000, 0x0000000100000000)
[32.035s][debug  ][gc,heap        ] GC(117)   eden space 195584K, 0% used [0x00000000f0000000,0x00000000f0000000,0x00000000fbf00000)
[32.035s][debug  ][gc,heap        ] GC(117)   from space 33280K, 92% used [0x00000000fdf80000,0x00000000ffd80030,0x0000000100000000)
[32.035s][debug  ][gc,heap        ] GC(117)   to   space 33280K, 0% used [0x00000000fbf00000,0x00000000fbf00000,0x00000000fdf80000)
[32.035s][debug  ][gc,heap        ] GC(117)  ParOldGen       total 1835008K, used 1005156K [0x0000000080000000, 0x00000000f0000000, 0x00000000f0000000)
[32.035s][debug  ][gc,heap        ] GC(117)   object space 1835008K, 54% used [0x0000000080000000,0x00000000bd599138,0x00000000f0000000)
[32.035s][debug  ][gc,heap        ] GC(117)  Metaspace       used 1022K, committed 1216K, reserved 1056768K
[32.036s][debug  ][gc,heap        ] GC(117)   class space    used 83K, committed 192K, reserved 1048576K
[32.036s][debug  ][gc,task,time   ] GC(117) VM-Thread 320242452 320330096 320355318
[32.325s][debug  ][gc,heap        ] GC(118) Heap before GC invocations=119 (full 19):
[32.325s][debug  ][gc,heap        ] GC(118)  PSYoungGen      total 228864K, used 218819K [0x00000000f0000000, 0x0000000100000000, 0x0000000100000000)
[32.325s][debug  ][gc,heap        ] GC(118)   eden space 195584K, 96% used [0x00000000f0000000,0x00000000fb7b0d28,0x00000000fbf00000)
[32.325s][debug  ][gc,heap        ] GC(118)   from space 33280K, 92% used [0x00000000fdf80000,0x00000000ffd80030,0x0000000100000000)
[32.325s][debug  ][gc,heap        ] GC(118)   to   space 33280K, 0% used [0x00000000fbf00000,0x00000000fbf00000,0x00000000fdf80000)
[32.325s][debug  ][gc,heap        ] GC(118)  ParOldGen       total 1835008K, used 1005156K [0x0000000080000000, 0x00000000f0000000, 0x00000000f0000000)
[32.325s][debug  ][gc,heap        ] GC(118)   object space 1835008K, 54% used [0x0000000080000000,0x00000000bd599138,0x00000000f0000000)
[32.326s][debug  ][gc,heap        ] GC(118)  Metaspace       used 1022K, committed 1216K, reserved 1056768K
[32.326s][debug  ][gc,heap        ] GC(118)   class space    used 83K, committed 192K, reserved 1048576K
[32.326s][debug  ][gc,tlab        ] GC(118) TLAB totals: thrds: 1  refills: 1 max: 1 slow allocs: 17 max 17 waste: 27.0% gc: 3869704B max: 3869704B slow: 0B max: 0B
[32.326s][info   ][gc,start       ] GC(118) Pause Young (Allocation Failure)
[32.326s][debug  ][gc,phases,start] GC(118) Scavenge
[32.340s][debug  ][gc,phases      ] GC(118) Scavenge 14.450ms
[32.340s][debug  ][gc,phases,start] GC(118) Reference Processing
[32.340s][debug  ][gc,ref         ] GC(118) Skipped phase 1 of Reference Processing: no references
[32.340s][debug  ][gc,ref         ] GC(118) Skipped phase 2 of Reference Processing: no references
[32.340s][debug  ][gc,ref         ] GC(118) Skipped phase 3 of Reference Processing: no references
[32.340s][debug  ][gc,ref         ] GC(118) Skipped phase 4 of Reference Processing: no references
[32.340s][debug  ][gc,phases,ref  ] GC(118) Reference Processing: 0.1ms
[32.340s][debug  ][gc,phases,ref  ] GC(118)   Reconsider SoftReferences: 0.0ms
[32.340s][debug  ][gc,phases,ref  ] GC(118)     SoftRef (ms):                  skipped
[32.340s][debug  ][gc,phases,ref  ] GC(118)   Notify Soft/WeakReferences: 0.0ms
[32.341s][debug  ][gc,phases,ref  ] GC(118)     SoftRef (ms):                  skipped
[32.341s][debug  ][gc,phases,ref  ] GC(118)     WeakRef (ms):                  skipped
[32.341s][debug  ][gc,phases,ref  ] GC(118)     FinalRef (ms):                 skipped
[32.341s][debug  ][gc,phases,ref  ] GC(118)     Total (ms):                    skipped
[32.341s][debug  ][gc,phases,ref  ] GC(118)   Notify and keep alive finalizable: 0.0ms
[32.341s][debug  ][gc,phases,ref  ] GC(118)     FinalRef (ms):                 skipped
[32.341s][debug  ][gc,phases,ref  ] GC(118)   Notify PhantomReferences: 0.0ms
[32.341s][debug  ][gc,phases,ref  ] GC(118)     PhantomRef (ms):               skipped
[32.341s][debug  ][gc,phases,ref  ] GC(118)   SoftReference:
[32.341s][debug  ][gc,phases,ref  ] GC(118)     Discovered: 0
[32.341s][debug  ][gc,phases,ref  ] GC(118)     Cleared: 0
[32.341s][debug  ][gc,phases,ref  ] GC(118)   WeakReference:
[32.341s][debug  ][gc,phases,ref  ] GC(118)     Discovered: 0
[32.341s][debug  ][gc,phases,ref  ] GC(118)     Cleared: 0
[32.341s][debug  ][gc,phases,ref  ] GC(118)   FinalReference:
[32.341s][debug  ][gc,phases,ref  ] GC(118)     Discovered: 0
[32.341s][debug  ][gc,phases,ref  ] GC(118)     Cleared: 0
[32.341s][debug  ][gc,phases,ref  ] GC(118)   PhantomReference:
[32.341s][debug  ][gc,phases,ref  ] GC(118)     Discovered: 0
[32.341s][debug  ][gc,phases,ref  ] GC(118)     Cleared: 0
[32.341s][debug  ][gc,phases      ] GC(118) Reference Processing 0.671ms
[32.341s][debug  ][gc,phases,start] GC(118) Weak Processing
[32.341s][debug  ][gc,phases      ] GC(118)   VM Weak                        Min:  0.0, Avg:  0.0, Max:  0.0, Diff:  0.0, Sum:  0.0, Workers: 6
[32.341s][debug  ][gc,phases      ] GC(118)     Dead                           Min: 0, Avg:  0.0, Max: 0, Diff: 0, Sum: 0, Workers: 6
[32.341s][debug  ][gc,phases      ] GC(118)     Total                          Min: 0, Avg:  1.3, Max: 8, Diff: 8, Sum: 8, Workers: 6
[32.341s][debug  ][gc,phases      ] GC(118)   ObjectSynchronizer Weak        Min:  0.0, Avg:  0.0, Max:  0.0, Diff:  0.0, Sum:  0.0, Workers: 6
[32.341s][debug  ][gc,phases      ] GC(118)     Dead                           Min: 0, Avg:  0.0, Max: 0, Diff: 0, Sum: 0, Workers: 6
[32.341s][debug  ][gc,phases      ] GC(118)     Total                          Min: 0, Avg:  0.5, Max: 3, Diff: 3, Sum: 3, Workers: 6
[32.341s][debug  ][gc,phases      ] GC(118)   JVMTI Tag Weak OopStorage      Min:  0.0, Avg:  0.0, Max:  0.0, Diff:  0.0, Sum:  0.0, Workers: 6
[32.341s][debug  ][gc,phases      ] GC(118)     Dead                           Min: 0, Avg:  0.0, Max: 0, Diff: 0, Sum: 0, Workers: 6
[32.341s][debug  ][gc,phases      ] GC(118)     Total                          Min: 0, Avg:  0.0, Max: 0, Diff: 0, Sum: 0, Workers: 6
[32.341s][debug  ][gc,phases      ] GC(118)   StringTable Weak               Min:  0.0, Avg:  0.0, Max:  0.0, Diff:  0.0, Sum:  0.0, Workers: 6
[32.341s][debug  ][gc,phases      ] GC(118)     Dead                           Min: 0, Avg:  0.0, Max: 0, Diff: 0, Sum: 0, Workers: 6
[32.341s][debug  ][gc,phases      ] GC(118)     Total                          Min: 744, Avg: 891.8, Max: 1024, Diff: 280, Sum: 5351, Workers: 6
[32.341s][debug  ][gc,phases      ] GC(118)   ResolvedMethodTable Weak       Min:  0.0, Avg:  0.0, Max:  0.0, Diff:  0.0, Sum:  0.0, Workers: 6
[32.341s][debug  ][gc,phases      ] GC(118)     Dead                           Min: 0, Avg:  0.0, Max: 0, Diff: 0, Sum: 0, Workers: 6
[32.342s][debug  ][gc,phases      ] GC(118)     Total                          Min: 0, Avg: 21.7, Max: 66, Diff: 66, Sum: 130, Workers: 6
[32.342s][debug  ][gc,phases      ] GC(118)   JNI Weak                       Min:  0.0, Avg:  0.0, Max:  0.0, Diff:  0.0, Sum:  0.0, Workers: 6
[32.342s][debug  ][gc,phases      ] GC(118)     Dead                           Min: 0, Avg:  0.0, Max: 0, Diff: 0, Sum: 0, Workers: 6
[32.342s][debug  ][gc,phases      ] GC(118)     Total                          Min: 0, Avg:  0.0, Max: 0, Diff: 0, Sum: 0, Workers: 6
[32.342s][debug  ][gc,phases      ] GC(118)   StringDedup Table Weak         Min:  0.0, Avg:  0.0, Max:  0.0, Diff:  0.0, Sum:  0.0, Workers: 6
[32.342s][debug  ][gc,phases      ] GC(118)     Dead                           Min: 0, Avg:  0.0, Max: 0, Diff: 0, Sum: 0, Workers: 6
[32.342s][debug  ][gc,phases      ] GC(118)     Total                          Min: 0, Avg:  0.0, Max: 0, Diff: 0, Sum: 0, Workers: 6
[32.342s][debug  ][gc,phases      ] GC(118)   StringDedup Requests0 Weak     Min:  0.0, Avg:  0.0, Max:  0.0, Diff:  0.0, Sum:  0.0, Workers: 6
[32.342s][debug  ][gc,phases      ] GC(118)     Dead                           Min: 0, Avg:  0.0, Max: 0, Diff: 0, Sum: 0, Workers: 6
[32.342s][debug  ][gc,phases      ] GC(118)     Total                          Min: 0, Avg:  0.0, Max: 0, Diff: 0, Sum: 0, Workers: 6
[32.342s][debug  ][gc,phases      ] GC(118)   StringDedup Requests1 Weak     Min:  0.0, Avg:  0.0, Max:  0.0, Diff:  0.0, Sum:  0.0, Workers: 6
[32.342s][debug  ][gc,phases      ] GC(118)     Dead                           Min: 0, Avg:  0.0, Max: 0, Diff: 0, Sum: 0, Workers: 6
[32.342s][debug  ][gc,phases      ] GC(118)     Total                          Min: 0, Avg:  0.0, Max: 0, Diff: 0, Sum: 0, Workers: 6
[32.342s][debug  ][gc,phases      ] GC(118)   Weak JFR Old Object Samples    Min:  0.0, Avg:  0.0, Max:  0.0, Diff:  0.0, Sum:  0.0, Workers: 6
[32.342s][debug  ][gc,phases      ] GC(118)     Dead                           Min: 0, Avg:  0.0, Max: 0, Diff: 0, Sum: 0, Workers: 6
[32.342s][debug  ][gc,phases      ] GC(118)     Total                          Min: 0, Avg:  0.0, Max: 0, Diff: 0, Sum: 0, Workers: 6
[32.342s][debug  ][gc,phases      ] GC(118) Weak Processing 0.894ms
[32.342s][debug  ][gc,ergo        ] GC(118) AdaptiveSizeStart:  collection: 119 
[32.342s][debug  ][gc,ergo        ] GC(118) avg_survived_padded_avg: 33602416.000000
[32.342s][debug  ][gc,ergo        ] GC(118) avg_promoted_padded_avg: 261868336.000000  avg_pretenured_padded_avg: 0.000000  tenuring_thresh: 15  target_size: 34078720
[32.342s][debug  ][gc,age         ] GC(118) Desired survivor size 34078720 bytes, new threshold 15 (max threshold 15)
[32.342s][debug  ][gc,ergo        ] GC(118) PSAdaptiveSizePolicy::compute_eden_space_size limits: desired_eden_size: 219112711 old_eden_size: 200278016 eden_limit: 200278016 cur_eden: 200278016 max_eden_size: 200278016 avg_young_live: 26290306
[32.342s][debug  ][gc,ergo        ] GC(118) PSAdaptiveSizePolicy::compute_eden_space_size: costs minor_time: 0.045289 major_cost: 0.051783 mutator_cost: 0.902928 throughput_goal: 0.990000
[32.342s][debug  ][gc,ergo        ] GC(118) Live_space: 1042295168 free_space: 1375731712
[32.342s][debug  ][gc,ergo        ] GC(118) Old eden_size: 200278016 desired_eden_size: 200278016
[32.342s][debug  ][gc,ergo        ] GC(118) AdaptiveSizeStop: collection: 119 
[32.342s][info   ][gc,heap        ] GC(118) PSYoungGen: 218819K(228864K)->30720K(228864K) Eden: 188099K(195584K)->0K(195584K) From: 30720K(33280K)->30720K(33280K)
[32.342s][info   ][gc,heap        ] GC(118) ParOldGen: 1005156K(1835008K)->1189476K(1835008K)
[32.342s][info   ][gc,metaspace   ] GC(118) Metaspace: 1022K(1216K)->1022K(1216K) NonClass: 938K(1024K)->938K(1024K) Class: 83K(192K)->83K(192K)
[32.342s][info   ][gc             ] GC(118) Pause Young (Allocation Failure) 1195M->1191M(2015M) 16.607ms
[32.342s][info   ][gc,cpu         ] GC(118) User=0.09s Sys=0.00s Real=0.02s
[32.342s][debug  ][gc,heap        ] GC(118) Heap after GC invocations=119 (full 19):
[32.342s][debug  ][gc,heap        ] GC(118)  PSYoungGen      total 228864K, used 30720K [0x00000000f0000000, 0x0000000100000000, 0x0000000100000000)
[32.342s][debug  ][gc,heap        ] GC(118)   eden space 195584K, 0% used [0x00000000f0000000,0x00000000f0000000,0x00000000fbf00000)
[32.342s][debug  ][gc,heap        ] GC(118)   from space 33280K, 92% used [0x00000000fbf00000,0x00000000fdd00030,0x00000000fdf80000)
[32.342s][debug  ][gc,heap        ] GC(118)   to   space 33280K, 0% used [0x00000000fdf80000,0x00000000fdf80000,0x0000000100000000)
[32.342s][debug  ][gc,heap        ] GC(118)  ParOldGen       total 1835008K, used 1189476K [0x0000000080000000, 0x00000000f0000000, 0x00000000f0000000)
[32.342s][debug  ][gc,heap        ] GC(118)   object space 1835008K, 64% used [0x0000000080000000,0x00000000c8999258,0x00000000f0000000)
[32.342s][debug  ][gc,heap        ] GC(118)  Metaspace       used 1022K, committed 1216K, reserved 1056768K
[32.342s][debug  ][gc,heap        ] GC(118)   class space    used 83K, committed 192K, reserved 1048576K
[32.342s][debug  ][gc,task,time   ] GC(118) VM-Thread 323251801 323402877 323424831
[32.628s][debug  ][gc,heap        ] GC(119) Heap before GC invocations=120 (full 19):
[32.628s][debug  ][gc,heap        ] GC(119)  PSYoungGen      total 228864K, used 218838K [0x00000000f0000000, 0x0000000100000000, 0x0000000100000000)
[32.628s][debug  ][gc,heap        ] GC(119)   eden space 195584K, 96% used [0x00000000f0000000,0x00000000fb7b58e8,0x00000000fbf00000)
[32.628s][debug  ][gc,heap        ] GC(119)   from space 33280K, 92% used [0x00000000fbf00000,0x00000000fdd00030,0x00000000fdf80000)
[32.628s][debug  ][gc,heap        ] GC(119)   to   space 33280K, 0% used [0x00000000fdf80000,0x00000000fdf80000,0x0000000100000000)
[32.628s][debug  ][gc,heap        ] GC(119)  ParOldGen       total 1835008K, used 1189476K [0x0000000080000000, 0x00000000f0000000, 0x00000000f0000000)
[32.629s][debug  ][gc,heap        ] GC(119)   object space 1835008K, 64% used [0x0000000080000000,0x00000000c8999258,0x00000000f0000000)
[32.629s][debug  ][gc,heap        ] GC(119)  Metaspace       used 1022K, committed 1216K, reserved 1056768K
[32.629s][debug  ][gc,heap        ] GC(119)   class space    used 83K, committed 192K, reserved 1048576K
[32.629s][debug  ][gc,tlab        ] GC(119) TLAB totals: thrds: 1  refills: 1 max: 1 slow allocs: 17 max 17 waste: 27.1% gc: 3889096B max: 3889096B slow: 0B max: 0B
[32.629s][info   ][gc,start       ] GC(119) Pause Young (Allocation Failure)
[32.629s][debug  ][gc,phases,start] GC(119) Scavenge
[32.643s][debug  ][gc,phases      ] GC(119) Scavenge 14.287ms
[32.643s][debug  ][gc,phases,start] GC(119) Reference Processing
[32.643s][debug  ][gc,ref         ] GC(119) Skipped phase 1 of Reference Processing: no references
[32.643s][debug  ][gc,ref         ] GC(119) Skipped phase 2 of Reference Processing: no references
[32.643s][debug  ][gc,ref         ] GC(119) Skipped phase 3 of Reference Processing: no references
[32.643s][debug  ][gc,ref         ] GC(119) Skipped phase 4 of Reference Processing: no references
[32.643s][debug  ][gc,phases,ref  ] GC(119) Reference Processing: 0.1ms
[32.643s][debug  ][gc,phases,ref  ] GC(119)   Reconsider SoftReferences: 0.0ms
[32.643s][debug  ][gc,phases,ref  ] GC(119)     SoftRef (ms):                  skipped
[32.643s][debug  ][gc,phases,ref  ] GC(119)   Notify Soft/WeakReferences: 0.0ms
[32.643s][debug  ][gc,phases,ref  ] GC(119)     SoftRef (ms):                  skipped
[32.643s][debug  ][gc,phases,ref  ] GC(119)     WeakRef (ms):                  skipped
[32.643s][debug  ][gc,phases,ref  ] GC(119)     FinalRef (ms):                 skipped
[32.643s][debug  ][gc,phases,ref  ] GC(119)     Total (ms):                    skipped
[32.643s][debug  ][gc,phases,ref  ] GC(119)   Notify and keep alive finalizable: 0.0ms
[32.643s][debug  ][gc,phases,ref  ] GC(119)     FinalRef (ms):                 skipped
[32.644s][debug  ][gc,phases,ref  ] GC(119)   Notify PhantomReferences: 0.0ms
[32.644s][debug  ][gc,phases,ref  ] GC(119)     PhantomRef (ms):               skipped
[32.644s][debug  ][gc,phases,ref  ] GC(119)   SoftReference:
[32.644s][debug  ][gc,phases,ref  ] GC(119)     Discovered: 0
[32.644s][debug  ][gc,phases,ref  ] GC(119)     Cleared: 0
[32.644s][debug  ][gc,phases,ref  ] GC(119)   WeakReference:
[32.644s][debug  ][gc,phases,ref  ] GC(119)     Discovered: 0
[32.644s][debug  ][gc,phases,ref  ] GC(119)     Cleared: 0
[32.644s][debug  ][gc,phases,ref  ] GC(119)   FinalReference:
[32.644s][debug  ][gc,phases,ref  ] GC(119)     Discovered: 0
[32.644s][debug  ][gc,phases,ref  ] GC(119)     Cleared: 0
[32.644s][debug  ][gc,phases,ref  ] GC(119)   PhantomReference:
[32.644s][debug  ][gc,phases,ref  ] GC(119)     Discovered: 0
[32.644s][debug  ][gc,phases,ref  ] GC(119)     Cleared: 0
[32.644s][debug  ][gc,phases      ] GC(119) Reference Processing 0.734ms
[32.644s][debug  ][gc,phases,start] GC(119) Weak Processing
[32.644s][debug  ][gc,phases      ] GC(119)   VM Weak                        Min:  0.0, Avg:  0.0, Max:  0.0, Diff:  0.0, Sum:  0.0, Workers: 6
[32.644s][debug  ][gc,phases      ] GC(119)     Dead                           Min: 0, Avg:  0.0, Max: 0, Diff: 0, Sum: 0, Workers: 6
[32.644s][debug  ][gc,phases      ] GC(119)     Total                          Min: 0, Avg:  1.3, Max: 8, Diff: 8, Sum: 8, Workers: 6
[32.644s][debug  ][gc,phases      ] GC(119)   ObjectSynchronizer Weak        Min:  0.0, Avg:  0.0, Max:  0.0, Diff:  0.0, Sum:  0.0, Workers: 6
[32.644s][debug  ][gc,phases      ] GC(119)     Dead                           Min: 0, Avg:  0.0, Max: 0, Diff: 0, Sum: 0, Workers: 6
[32.644s][debug  ][gc,phases      ] GC(119)     Total                          Min: 0, Avg:  0.5, Max: 3, Diff: 3, Sum: 3, Workers: 6
[32.644s][debug  ][gc,phases      ] GC(119)   JVMTI Tag Weak OopStorage      Min:  0.0, Avg:  0.0, Max:  0.0, Diff:  0.0, Sum:  0.0, Workers: 6
[32.644s][debug  ][gc,phases      ] GC(119)     Dead                           Min: 0, Avg:  0.0, Max: 0, Diff: 0, Sum: 0, Workers: 6
[32.644s][debug  ][gc,phases      ] GC(119)     Total                          Min: 0, Avg:  0.0, Max: 0, Diff: 0, Sum: 0, Workers: 6
[32.644s][debug  ][gc,phases      ] GC(119)   StringTable Weak               Min:  0.0, Avg:  0.0, Max:  0.0, Diff:  0.0, Sum:  0.0, Workers: 6
[32.644s][debug  ][gc,phases      ] GC(119)     Dead                           Min: 0, Avg:  0.0, Max: 0, Diff: 0, Sum: 0, Workers: 6
[32.644s][debug  ][gc,phases      ] GC(119)     Total                          Min: 640, Avg: 891.8, Max: 1088, Diff: 448, Sum: 5351, Workers: 6
[32.644s][debug  ][gc,phases      ] GC(119)   ResolvedMethodTable Weak       Min:  0.0, Avg:  0.0, Max:  0.0, Diff:  0.0, Sum:  0.0, Workers: 6
[32.644s][debug  ][gc,phases      ] GC(119)     Dead                           Min: 0, Avg:  0.0, Max: 0, Diff: 0, Sum: 0, Workers: 6
[32.644s][debug  ][gc,phases      ] GC(119)     Total                          Min: 0, Avg: 21.7, Max: 64, Diff: 64, Sum: 130, Workers: 6
[32.644s][debug  ][gc,phases      ] GC(119)   JNI Weak                       Min:  0.0, Avg:  0.0, Max:  0.0, Diff:  0.0, Sum:  0.0, Workers: 6
[32.644s][debug  ][gc,phases      ] GC(119)     Dead                           Min: 0, Avg:  0.0, Max: 0, Diff: 0, Sum: 0, Workers: 6
[32.644s][debug  ][gc,phases      ] GC(119)     Total                          Min: 0, Avg:  0.0, Max: 0, Diff: 0, Sum: 0, Workers: 6
[32.644s][debug  ][gc,phases      ] GC(119)   StringDedup Table Weak         Min:  0.0, Avg:  0.0, Max:  0.0, Diff:  0.0, Sum:  0.0, Workers: 6
[32.644s][debug  ][gc,phases      ] GC(119)     Dead                           Min: 0, Avg:  0.0, Max: 0, Diff: 0, Sum: 0, Workers: 6
[32.644s][debug  ][gc,phases      ] GC(119)     Total                          Min: 0, Avg:  0.0, Max: 0, Diff: 0, Sum: 0, Workers: 6
[32.645s][debug  ][gc,phases      ] GC(119)   StringDedup Requests0 Weak     Min:  0.0, Avg:  0.0, Max:  0.0, Diff:  0.0, Sum:  0.0, Workers: 6
[32.645s][debug  ][gc,phases      ] GC(119)     Dead                           Min: 0, Avg:  0.0, Max: 0, Diff: 0, Sum: 0, Workers: 6
[32.645s][debug  ][gc,phases      ] GC(119)     Total                          Min: 0, Avg:  0.0, Max: 0, Diff: 0, Sum: 0, Workers: 6
[32.645s][debug  ][gc,phases      ] GC(119)   StringDedup Requests1 Weak     Min:  0.0, Avg:  0.0, Max:  0.0, Diff:  0.0, Sum:  0.0, Workers: 6
[32.645s][debug  ][gc,phases      ] GC(119)     Dead                           Min: 0, Avg:  0.0, Max: 0, Diff: 0, Sum: 0, Workers: 6
[32.645s][debug  ][gc,phases      ] GC(119)     Total                          Min: 0, Avg:  0.0, Max: 0, Diff: 0, Sum: 0, Workers: 6
[32.645s][debug  ][gc,phases      ] GC(119)   Weak JFR Old Object Samples    Min:  0.0, Avg:  0.0, Max:  0.0, Diff:  0.0, Sum:  0.0, Workers: 6
[32.645s][debug  ][gc,phases      ] GC(119)     Dead                           Min: 0, Avg:  0.0, Max: 0, Diff: 0, Sum: 0, Workers: 6
[32.645s][debug  ][gc,phases      ] GC(119)     Total                          Min: 0, Avg:  0.0, Max: 0, Diff: 0, Sum: 0, Workers: 6
[32.645s][debug  ][gc,phases      ] GC(119) Weak Processing 0.876ms
[32.645s][debug  ][gc,ergo        ] GC(119) AdaptiveSizeStart:  collection: 120 
[32.645s][debug  ][gc,ergo        ] GC(119) avg_survived_padded_avg: 33527242.000000
[32.645s][debug  ][gc,ergo        ] GC(119) avg_promoted_padded_avg: 262292528.000000  avg_pretenured_padded_avg: 0.000000  tenuring_thresh: 15  target_size: 33554432
[32.645s][debug  ][gc,age         ] GC(119) Desired survivor size 33554432 bytes, new threshold 15 (max threshold 15)
[32.645s][debug  ][gc,ergo        ] GC(119) PSAdaptiveSizePolicy::compute_eden_space_size limits: desired_eden_size: 219526423 old_eden_size: 200278016 eden_limit: 200278016 cur_eden: 200278016 max_eden_size: 200278016 avg_young_live: 26807008
[32.645s][debug  ][gc,ergo        ] GC(119) PSAdaptiveSizePolicy::compute_eden_space_size: costs minor_time: 0.047190 major_cost: 0.051783 mutator_cost: 0.901027 throughput_goal: 0.990000
[32.645s][debug  ][gc,ergo        ] GC(119) Live_space: 1042811904 free_space: 1375731712
[32.645s][debug  ][gc,ergo        ] GC(119) Old eden_size: 200278016 desired_eden_size: 200278016
[32.645s][debug  ][gc,ergo        ] GC(119) AdaptiveSizeStop: collection: 120 
[32.645s][info   ][gc,heap        ] GC(119) PSYoungGen: 218838K(228864K)->30720K(229376K) Eden: 188118K(195584K)->0K(196096K) From: 30720K(33280K)->30720K(33280K)
[32.645s][info   ][gc,heap        ] GC(119) ParOldGen: 1189476K(1835008K)->1373796K(1835008K)
[32.645s][info   ][gc,metaspace   ] GC(119) Metaspace: 1022K(1216K)->1022K(1216K) NonClass: 938K(1024K)->938K(1024K) Class: 83K(192K)->83K(192K)
[32.645s][info   ][gc             ] GC(119) Pause Young (Allocation Failure) 1375M->1371M(2016M) 16.341ms
[32.645s][info   ][gc,cpu         ] GC(119) User=0.00s Sys=0.02s Real=0.02s
[32.645s][debug  ][gc,heap        ] GC(119) Heap after GC invocations=120 (full 19):
[32.645s][debug  ][gc,heap        ] GC(119)  PSYoungGen      total 229376K, used 30720K [0x00000000f0000000, 0x0000000100000000, 0x0000000100000000)
[32.645s][debug  ][gc,heap        ] GC(119)   eden space 196096K, 0% used [0x00000000f0000000,0x00000000f0000000,0x00000000fbf80000)
[32.645s][debug  ][gc,heap        ] GC(119)   from space 33280K, 92% used [0x00000000fdf80000,0x00000000ffd80030,0x0000000100000000)
[32.645s][debug  ][gc,heap        ] GC(119)   to   space 32768K, 0% used [0x00000000fbf80000,0x00000000fbf80000,0x00000000fdf80000)
[32.645s][debug  ][gc,heap        ] GC(119)  ParOldGen       total 1835008K, used 1373796K [0x0000000080000000, 0x00000000f0000000, 0x00000000f0000000)
[32.645s][debug  ][gc,heap        ] GC(119)   object space 1835008K, 74% used [0x0000000080000000,0x00000000d3d99378,0x00000000f0000000)
[32.645s][debug  ][gc,heap        ] GC(119)  Metaspace       used 1022K, committed 1216K, reserved 1056768K
[32.645s][debug  ][gc,heap        ] GC(119)   class space    used 83K, committed 192K, reserved 1048576K
[32.645s][debug  ][gc,task,time   ] GC(119) VM-Thread 326282421 326430728 326452890
[32.929s][debug  ][gc,heap        ] GC(120) Heap before GC invocations=121 (full 19):
[32.929s][debug  ][gc,heap        ] GC(120)  PSYoungGen      total 229376K, used 218860K [0x00000000f0000000, 0x0000000100000000, 0x0000000100000000)
[32.929s][debug  ][gc,heap        ] GC(120)   eden space 196096K, 95% used [0x00000000f0000000,0x00000000fb7bb178,0x00000000fbf80000)
[32.929s][debug  ][gc,heap        ] GC(120)   from space 33280K, 92% used [0x00000000fdf80000,0x00000000ffd80030,0x0000000100000000)
[32.929s][debug  ][gc,heap        ] GC(120)   to   space 32768K, 0% used [0x00000000fbf80000,0x00000000fbf80000,0x00000000fdf80000)
[32.929s][debug  ][gc,heap        ] GC(120)  ParOldGen       total 1835008K, used 1373796K [0x0000000080000000, 0x00000000f0000000, 0x00000000f0000000)
[32.929s][debug  ][gc,heap        ] GC(120)   object space 1835008K, 74% used [0x0000000080000000,0x00000000d3d99378,0x00000000f0000000)
[32.929s][debug  ][gc,heap        ] GC(120)  Metaspace       used 1022K, committed 1216K, reserved 1056768K
[32.929s][debug  ][gc,heap        ] GC(120)   class space    used 83K, committed 192K, reserved 1048576K
[32.930s][debug  ][gc,tlab        ] GC(120) TLAB totals: thrds: 1  refills: 1 max: 1 slow allocs: 17 max 17 waste: 27.2% gc: 3911768B max: 3911768B slow: 0B max: 0B
[32.930s][info   ][gc,start       ] GC(120) Pause Young (Allocation Failure)
[32.930s][debug  ][gc,phases,start] GC(120) Scavenge
[32.944s][debug  ][gc,phases      ] GC(120) Scavenge 14.066ms
[32.944s][debug  ][gc,phases,start] GC(120) Reference Processing
[32.944s][debug  ][gc,ref         ] GC(120) Skipped phase 1 of Reference Processing: no references
[32.944s][debug  ][gc,ref         ] GC(120) Skipped phase 2 of Reference Processing: no references
[32.944s][debug  ][gc,ref         ] GC(120) Skipped phase 3 of Reference Processing: no references
[32.944s][debug  ][gc,ref         ] GC(120) Skipped phase 4 of Reference Processing: no references
[32.944s][debug  ][gc,phases,ref  ] GC(120) Reference Processing: 0.1ms
[32.944s][debug  ][gc,phases,ref  ] GC(120)   Reconsider SoftReferences: 0.0ms
[32.944s][debug  ][gc,phases,ref  ] GC(120)     SoftRef (ms):                  skipped
[32.944s][debug  ][gc,phases,ref  ] GC(120)   Notify Soft/WeakReferences: 0.0ms
[32.944s][debug  ][gc,phases,ref  ] GC(120)     SoftRef (ms):                  skipped
[32.944s][debug  ][gc,phases,ref  ] GC(120)     WeakRef (ms):                  skipped
[32.944s][debug  ][gc,phases,ref  ] GC(120)     FinalRef (ms):                 skipped
[32.944s][debug  ][gc,phases,ref  ] GC(120)     Total (ms):                    skipped
[32.944s][debug  ][gc,phases,ref  ] GC(120)   Notify and keep alive finalizable: 0.0ms
[32.944s][debug  ][gc,phases,ref  ] GC(120)     FinalRef (ms):                 skipped
[32.944s][debug  ][gc,phases,ref  ] GC(120)   Notify PhantomReferences: 0.0ms
[32.944s][debug  ][gc,phases,ref  ] GC(120)     PhantomRef (ms):               skipped
[32.944s][debug  ][gc,phases,ref  ] GC(120)   SoftReference:
[32.944s][debug  ][gc,phases,ref  ] GC(120)     Discovered: 0
[32.944s][debug  ][gc,phases,ref  ] GC(120)     Cleared: 0
[32.944s][debug  ][gc,phases,ref  ] GC(120)   WeakReference:
[32.944s][debug  ][gc,phases,ref  ] GC(120)     Discovered: 0
[32.944s][debug  ][gc,phases,ref  ] GC(120)     Cleared: 0
[32.944s][debug  ][gc,phases,ref  ] GC(120)   FinalReference:
[32.944s][debug  ][gc,phases,ref  ] GC(120)     Discovered: 0
[32.944s][debug  ][gc,phases,ref  ] GC(120)     Cleared: 0
[32.944s][debug  ][gc,phases,ref  ] GC(120)   PhantomReference:
[32.944s][debug  ][gc,phases,ref  ] GC(120)     Discovered: 0
[32.944s][debug  ][gc,phases,ref  ] GC(120)     Cleared: 0
[32.944s][debug  ][gc,phases      ] GC(120) Reference Processing 0.723ms
[32.945s][debug  ][gc,phases,start] GC(120) Weak Processing
[32.945s][debug  ][gc,phases      ] GC(120)   VM Weak                        Min:  0.0, Avg:  0.0, Max:  0.0, Diff:  0.0, Sum:  0.0, Workers: 6
[32.945s][debug  ][gc,phases      ] GC(120)     Dead                           Min: 0, Avg:  0.0, Max: 0, Diff: 0, Sum: 0, Workers: 6
[32.945s][debug  ][gc,phases      ] GC(120)     Total                          Min: 0, Avg:  1.3, Max: 8, Diff: 8, Sum: 8, Workers: 6
[32.945s][debug  ][gc,phases      ] GC(120)   ObjectSynchronizer Weak        Min:  0.0, Avg:  0.0, Max:  0.0, Diff:  0.0, Sum:  0.0, Workers: 6
[32.945s][debug  ][gc,phases      ] GC(120)     Dead                           Min: 0, Avg:  0.0, Max: 0, Diff: 0, Sum: 0, Workers: 6
[32.945s][debug  ][gc,phases      ] GC(120)     Total                          Min: 0, Avg:  0.5, Max: 3, Diff: 3, Sum: 3, Workers: 6
[32.945s][debug  ][gc,phases      ] GC(120)   JVMTI Tag Weak OopStorage      Min:  0.0, Avg:  0.0, Max:  0.0, Diff:  0.0, Sum:  0.0, Workers: 6
[32.945s][debug  ][gc,phases      ] GC(120)     Dead                           Min: 0, Avg:  0.0, Max: 0, Diff: 0, Sum: 0, Workers: 6
[32.945s][debug  ][gc,phases      ] GC(120)     Total                          Min: 0, Avg:  0.0, Max: 0, Diff: 0, Sum: 0, Workers: 6
[32.945s][debug  ][gc,phases      ] GC(120)   StringTable Weak               Min:  0.0, Avg:  0.0, Max:  0.0, Diff:  0.0, Sum:  0.0, Workers: 6
[32.945s][debug  ][gc,phases      ] GC(120)     Dead                           Min: 0, Avg:  0.0, Max: 0, Diff: 0, Sum: 0, Workers: 6
[32.945s][debug  ][gc,phases      ] GC(120)     Total                          Min: 703, Avg: 891.8, Max: 1024, Diff: 321, Sum: 5351, Workers: 6
[32.945s][debug  ][gc,phases      ] GC(120)   ResolvedMethodTable Weak       Min:  0.0, Avg:  0.0, Max:  0.0, Diff:  0.0, Sum:  0.0, Workers: 6
[32.945s][debug  ][gc,phases      ] GC(120)     Dead                           Min: 0, Avg:  0.0, Max: 0, Diff: 0, Sum: 0, Workers: 6
[32.945s][debug  ][gc,phases      ] GC(120)     Total                          Min: 0, Avg: 21.7, Max: 64, Diff: 64, Sum: 130, Workers: 6
[32.945s][debug  ][gc,phases      ] GC(120)   JNI Weak                       Min:  0.0, Avg:  0.0, Max:  0.0, Diff:  0.0, Sum:  0.0, Workers: 6
[32.945s][debug  ][gc,phases      ] GC(120)     Dead                           Min: 0, Avg:  0.0, Max: 0, Diff: 0, Sum: 0, Workers: 6
[32.945s][debug  ][gc,phases      ] GC(120)     Total                          Min: 0, Avg:  0.0, Max: 0, Diff: 0, Sum: 0, Workers: 6
[32.945s][debug  ][gc,phases      ] GC(120)   StringDedup Table Weak         Min:  0.0, Avg:  0.0, Max:  0.0, Diff:  0.0, Sum:  0.0, Workers: 6
[32.945s][debug  ][gc,phases      ] GC(120)     Dead                           Min: 0, Avg:  0.0, Max: 0, Diff: 0, Sum: 0, Workers: 6
[32.945s][debug  ][gc,phases      ] GC(120)     Total                          Min: 0, Avg:  0.0, Max: 0, Diff: 0, Sum: 0, Workers: 6
[32.945s][debug  ][gc,phases      ] GC(120)   StringDedup Requests0 Weak     Min:  0.0, Avg:  0.0, Max:  0.0, Diff:  0.0, Sum:  0.0, Workers: 6
[32.945s][debug  ][gc,phases      ] GC(120)     Dead                           Min: 0, Avg:  0.0, Max: 0, Diff: 0, Sum: 0, Workers: 6
[32.945s][debug  ][gc,phases      ] GC(120)     Total                          Min: 0, Avg:  0.0, Max: 0, Diff: 0, Sum: 0, Workers: 6
[32.945s][debug  ][gc,phases      ] GC(120)   StringDedup Requests1 Weak     Min:  0.0, Avg:  0.0, Max:  0.0, Diff:  0.0, Sum:  0.0, Workers: 6
[32.945s][debug  ][gc,phases      ] GC(120)     Dead                           Min: 0, Avg:  0.0, Max: 0, Diff: 0, Sum: 0, Workers: 6
[32.945s][debug  ][gc,phases      ] GC(120)     Total                          Min: 0, Avg:  0.0, Max: 0, Diff: 0, Sum: 0, Workers: 6
[32.945s][debug  ][gc,phases      ] GC(120)   Weak JFR Old Object Samples    Min:  0.0, Avg:  0.0, Max:  0.0, Diff:  0.0, Sum:  0.0, Workers: 6
[32.945s][debug  ][gc,phases      ] GC(120)     Dead                           Min: 0, Avg:  0.0, Max: 0, Diff: 0, Sum: 0, Workers: 6
[32.945s][debug  ][gc,phases      ] GC(120)     Total                          Min: 0, Avg:  0.0, Max: 0, Diff: 0, Sum: 0, Workers: 6
[32.946s][debug  ][gc,phases      ] GC(120) Weak Processing 0.910ms
[32.946s][debug  ][gc,ergo        ] GC(120) AdaptiveSizeStart:  collection: 121 
[32.946s][debug  ][gc,ergo        ] GC(120) avg_survived_padded_avg: 33445652.000000
[32.946s][debug  ][gc,ergo        ] GC(120) avg_promoted_padded_avg: 261900640.000000  avg_pretenured_padded_avg: 0.000000  tenuring_thresh: 15  target_size: 33554432
[32.946s][debug  ][gc,age         ] GC(120) Desired survivor size 33554432 bytes, new threshold 15 (max threshold 15)
[32.946s][debug  ][gc,ergo        ] GC(120) PSAdaptiveSizePolicy::compute_eden_space_size limits: desired_eden_size: 220349828 old_eden_size: 200278016 eden_limit: 200802304 cur_eden: 200802304 max_eden_size: 200802304 avg_young_live: 27272040
[32.946s][debug  ][gc,ergo        ] GC(120) PSAdaptiveSizePolicy::compute_eden_space_size: costs minor_time: 0.048612 major_cost: 0.051783 mutator_cost: 0.899605 throughput_goal: 0.990000
[32.946s][debug  ][gc,ergo        ] GC(120) Live_space: 1043276928 free_space: 1375731712
[32.946s][debug  ][gc,ergo        ] GC(120) Old eden_size: 200278016 desired_eden_size: 200802304
[32.946s][debug  ][gc,ergo        ] GC(120) AdaptiveSizeStop: collection: 121 
[32.946s][info   ][gc,heap        ] GC(120) PSYoungGen: 218860K(229376K)->30720K(228864K) Eden: 188140K(196096K)->0K(196096K) From: 30720K(33280K)->30720K(32768K)
[32.946s][info   ][gc,heap        ] GC(120) ParOldGen: 1373796K(1835008K)->1558117K(1835008K)
[32.946s][info   ][gc,metaspace   ] GC(120) Metaspace: 1022K(1216K)->1022K(1216K) NonClass: 938K(1024K)->938K(1024K) Class: 83K(192K)->83K(192K)
[32.946s][info   ][gc             ] GC(120) Pause Young (Allocation Failure) 1555M->1551M(2015M) 16.252ms
[32.946s][info   ][gc,cpu         ] GC(120) User=0.09s Sys=0.00s Real=0.02s
[32.946s][debug  ][gc,heap        ] GC(120) Heap after GC invocations=121 (full 19):
[32.946s][debug  ][gc,heap        ] GC(120)  PSYoungGen      total 228864K, used 30720K [0x00000000f0000000, 0x0000000100000000, 0x0000000100000000)
[32.946s][debug  ][gc,heap        ] GC(120)   eden space 196096K, 0% used [0x00000000f0000000,0x00000000f0000000,0x00000000fbf80000)
[32.946s][debug  ][gc,heap        ] GC(120)   from space 32768K, 93% used [0x00000000fbf80000,0x00000000fdd80030,0x00000000fdf80000)
[32.946s][debug  ][gc,heap        ] GC(120)   to   space 32768K, 0% used [0x00000000fe000000,0x00000000fe000000,0x0000000100000000)
[32.946s][debug  ][gc,heap        ] GC(120)  ParOldGen       total 1835008K, used 1558117K [0x0000000080000000, 0x00000000f0000000, 0x00000000f0000000)
[32.946s][debug  ][gc,heap        ] GC(120)   object space 1835008K, 84% used [0x0000000080000000,0x00000000df199498,0x00000000f0000000)
[32.946s][debug  ][gc,heap        ] GC(120)  Metaspace       used 1022K, committed 1216K, reserved 1056768K
[32.946s][debug  ][gc,heap        ] GC(120)   class space    used 83K, committed 192K, reserved 1048576K
[32.946s][debug  ][gc,task,time   ] GC(120) VM-Thread 329291498 329437738 329460810
[33.228s][debug  ][gc,heap        ] GC(121) Heap before GC invocations=122 (full 19):
[33.229s][debug  ][gc,heap        ] GC(121)  PSYoungGen      total 228864K, used 218868K [0x00000000f0000000, 0x0000000100000000, 0x0000000100000000)
[33.229s][debug  ][gc,heap        ] GC(121)   eden space 196096K, 95% used [0x00000000f0000000,0x00000000fb7bd088,0x00000000fbf80000)
[33.229s][debug  ][gc,heap        ] GC(121)   from space 32768K, 93% used [0x00000000fbf80000,0x00000000fdd80030,0x00000000fdf80000)
[33.229s][debug  ][gc,heap        ] GC(121)   to   space 32768K, 0% used [0x00000000fe000000,0x00000000fe000000,0x0000000100000000)
[33.229s][debug  ][gc,heap        ] GC(121)  ParOldGen       total 1835008K, used 1558117K [0x0000000080000000, 0x00000000f0000000, 0x00000000f0000000)
[33.229s][debug  ][gc,heap        ] GC(121)   object space 1835008K, 84% used [0x0000000080000000,0x00000000df199498,0x00000000f0000000)
[33.229s][debug  ][gc,heap        ] GC(121)  Metaspace       used 1022K, committed 1216K, reserved 1056768K
[33.229s][debug  ][gc,heap        ] GC(121)   class space    used 83K, committed 192K, reserved 1048576K
[33.229s][debug  ][gc,tlab        ] GC(121) TLAB totals: thrds: 1  refills: 1 max: 1 slow allocs: 17 max 17 waste: 27.2% gc: 3919720B max: 3919720B slow: 0B max: 0B
[33.229s][info   ][gc,start       ] GC(121) Pause Young (Allocation Failure)
[33.229s][debug  ][gc,phases,start] GC(121) Scavenge
[33.245s][debug  ][gc,phases      ] GC(121) Scavenge 16.143ms
[33.245s][debug  ][gc,phases,start] GC(121) Reference Processing
[33.245s][debug  ][gc,ref         ] GC(121) Skipped phase 1 of Reference Processing: no references
[33.245s][debug  ][gc,ref         ] GC(121) Skipped phase 2 of Reference Processing: no references
[33.245s][debug  ][gc,ref         ] GC(121) Skipped phase 3 of Reference Processing: no references
[33.245s][debug  ][gc,ref         ] GC(121) Skipped phase 4 of Reference Processing: no references
[33.245s][debug  ][gc,phases,ref  ] GC(121) Reference Processing: 0.1ms
[33.245s][debug  ][gc,phases,ref  ] GC(121)   Reconsider SoftReferences: 0.0ms
[33.245s][debug  ][gc,phases,ref  ] GC(121)     SoftRef (ms):                  skipped
[33.245s][debug  ][gc,phases,ref  ] GC(121)   Notify Soft/WeakReferences: 0.0ms
[33.246s][debug  ][gc,phases,ref  ] GC(121)     SoftRef (ms):                  skipped
[33.246s][debug  ][gc,phases,ref  ] GC(121)     WeakRef (ms):                  skipped
[33.246s][debug  ][gc,phases,ref  ] GC(121)     FinalRef (ms):                 skipped
[33.246s][debug  ][gc,phases,ref  ] GC(121)     Total (ms):                    skipped
[33.246s][debug  ][gc,phases,ref  ] GC(121)   Notify and keep alive finalizable: 0.0ms
[33.246s][debug  ][gc,phases,ref  ] GC(121)     FinalRef (ms):                 skipped
[33.246s][debug  ][gc,phases,ref  ] GC(121)   Notify PhantomReferences: 0.0ms
[33.246s][debug  ][gc,phases,ref  ] GC(121)     PhantomRef (ms):               skipped
[33.246s][debug  ][gc,phases,ref  ] GC(121)   SoftReference:
[33.246s][debug  ][gc,phases,ref  ] GC(121)     Discovered: 0
[33.246s][debug  ][gc,phases,ref  ] GC(121)     Cleared: 0
[33.246s][debug  ][gc,phases,ref  ] GC(121)   WeakReference:
[33.246s][debug  ][gc,phases,ref  ] GC(121)     Discovered: 0
[33.246s][debug  ][gc,phases,ref  ] GC(121)     Cleared: 0
[33.246s][debug  ][gc,phases,ref  ] GC(121)   FinalReference:
[33.246s][debug  ][gc,phases,ref  ] GC(121)     Discovered: 0
[33.246s][debug  ][gc,phases,ref  ] GC(121)     Cleared: 0
[33.246s][debug  ][gc,phases,ref  ] GC(121)   PhantomReference:
[33.246s][debug  ][gc,phases,ref  ] GC(121)     Discovered: 0
[33.246s][debug  ][gc,phases,ref  ] GC(121)     Cleared: 0
[33.246s][debug  ][gc,phases      ] GC(121) Reference Processing 0.622ms
[33.246s][debug  ][gc,phases,start] GC(121) Weak Processing
[33.246s][debug  ][gc,phases      ] GC(121)   VM Weak                        Min:  0.0, Avg:  0.0, Max:  0.0, Diff:  0.0, Sum:  0.0, Workers: 6
[33.246s][debug  ][gc,phases      ] GC(121)     Dead                           Min: 0, Avg:  0.0, Max: 0, Diff: 0, Sum: 0, Workers: 6
[33.246s][debug  ][gc,phases      ] GC(121)     Total                          Min: 0, Avg:  1.3, Max: 8, Diff: 8, Sum: 8, Workers: 6
[33.246s][debug  ][gc,phases      ] GC(121)   ObjectSynchronizer Weak        Min:  0.0, Avg:  0.0, Max:  0.0, Diff:  0.0, Sum:  0.0, Workers: 6
[33.246s][debug  ][gc,phases      ] GC(121)     Dead                           Min: 0, Avg:  0.0, Max: 0, Diff: 0, Sum: 0, Workers: 6
[33.246s][debug  ][gc,phases      ] GC(121)     Total                          Min: 0, Avg:  0.5, Max: 3, Diff: 3, Sum: 3, Workers: 6
[33.246s][debug  ][gc,phases      ] GC(121)   JVMTI Tag Weak OopStorage      Min:  0.0, Avg:  0.0, Max:  0.0, Diff:  0.0, Sum:  0.0, Workers: 6
[33.246s][debug  ][gc,phases      ] GC(121)     Dead                           Min: 0, Avg:  0.0, Max: 0, Diff: 0, Sum: 0, Workers: 6
[33.246s][debug  ][gc,phases      ] GC(121)     Total                          Min: 0, Avg:  0.0, Max: 0, Diff: 0, Sum: 0, Workers: 6
[33.246s][debug  ][gc,phases      ] GC(121)   StringTable Weak               Min:  0.0, Avg:  0.0, Max:  0.0, Diff:  0.0, Sum:  0.0, Workers: 6
[33.246s][debug  ][gc,phases      ] GC(121)     Dead                           Min: 0, Avg:  0.0, Max: 0, Diff: 0, Sum: 0, Workers: 6
[33.246s][debug  ][gc,phases      ] GC(121)     Total                          Min: 703, Avg: 891.8, Max: 1024, Diff: 321, Sum: 5351, Workers: 6
[33.246s][debug  ][gc,phases      ] GC(121)   ResolvedMethodTable Weak       Min:  0.0, Avg:  0.0, Max:  0.0, Diff:  0.0, Sum:  0.0, Workers: 6
[33.246s][debug  ][gc,phases      ] GC(121)     Dead                           Min: 0, Avg:  0.0, Max: 0, Diff: 0, Sum: 0, Workers: 6
[33.246s][debug  ][gc,phases      ] GC(121)     Total                          Min: 0, Avg: 21.7, Max: 64, Diff: 64, Sum: 130, Workers: 6
[33.246s][debug  ][gc,phases      ] GC(121)   JNI Weak                       Min:  0.0, Avg:  0.0, Max:  0.0, Diff:  0.0, Sum:  0.0, Workers: 6
[33.246s][debug  ][gc,phases      ] GC(121)     Dead                           Min: 0, Avg:  0.0, Max: 0, Diff: 0, Sum: 0, Workers: 6
[33.246s][debug  ][gc,phases      ] GC(121)     Total                          Min: 0, Avg:  0.0, Max: 0, Diff: 0, Sum: 0, Workers: 6
[33.246s][debug  ][gc,phases      ] GC(121)   StringDedup Table Weak         Min:  0.0, Avg:  0.0, Max:  0.0, Diff:  0.0, Sum:  0.0, Workers: 6
[33.246s][debug  ][gc,phases      ] GC(121)     Dead                           Min: 0, Avg:  0.0, Max: 0, Diff: 0, Sum: 0, Workers: 6
[33.246s][debug  ][gc,phases      ] GC(121)     Total                          Min: 0, Avg:  0.0, Max: 0, Diff: 0, Sum: 0, Workers: 6
[33.246s][debug  ][gc,phases      ] GC(121)   StringDedup Requests0 Weak     Min:  0.0, Avg:  0.0, Max:  0.0, Diff:  0.0, Sum:  0.0, Workers: 6
[33.246s][debug  ][gc,phases      ] GC(121)     Dead                           Min: 0, Avg:  0.0, Max: 0, Diff: 0, Sum: 0, Workers: 6
[33.247s][debug  ][gc,phases      ] GC(121)     Total                          Min: 0, Avg:  0.0, Max: 0, Diff: 0, Sum: 0, Workers: 6
[33.247s][debug  ][gc,phases      ] GC(121)   StringDedup Requests1 Weak     Min:  0.0, Avg:  0.0, Max:  0.0, Diff:  0.0, Sum:  0.0, Workers: 6
[33.247s][debug  ][gc,phases      ] GC(121)     Dead                           Min: 0, Avg:  0.0, Max: 0, Diff: 0, Sum: 0, Workers: 6
[33.247s][debug  ][gc,phases      ] GC(121)     Total                          Min: 0, Avg:  0.0, Max: 0, Diff: 0, Sum: 0, Workers: 6
[33.247s][debug  ][gc,phases      ] GC(121)   Weak JFR Old Object Samples    Min:  0.0, Avg:  0.0, Max:  0.0, Diff:  0.0, Sum:  0.0, Workers: 6
[33.247s][debug  ][gc,phases      ] GC(121)     Dead                           Min: 0, Avg:  0.0, Max: 0, Diff: 0, Sum: 0, Workers: 6
[33.247s][debug  ][gc,phases      ] GC(121)     Total                          Min: 0, Avg:  0.0, Max: 0, Diff: 0, Sum: 0, Workers: 6
[33.247s][debug  ][gc,phases      ] GC(121) Weak Processing 0.744ms
[33.247s][debug  ][gc,ergo        ] GC(121) AdaptiveSizeStart:  collection: 122 
[33.247s][debug  ][gc,ergo        ] GC(121) avg_survived_padded_avg: 33359682.000000
[33.247s][debug  ][gc,ergo        ] GC(121) avg_promoted_padded_avg: 260851632.000000  avg_pretenured_padded_avg: 0.000000  tenuring_thresh: 15  target_size: 33554432
[33.247s][debug  ][gc,age         ] GC(121) Desired survivor size 33554432 bytes, new threshold 15 (max threshold 15)
[33.247s][debug  ][gc,ergo        ] GC(121) PSAdaptiveSizePolicy::compute_eden_space_size limits: desired_eden_size: 220852558 old_eden_size: 200802304 eden_limit: 201326592 cur_eden: 200802304 max_eden_size: 201326592 avg_young_live: 27690570
[33.247s][debug  ][gc,ergo        ] GC(121) PSAdaptiveSizePolicy::compute_eden_space_size: costs minor_time: 0.051096 major_cost: 0.051783 mutator_cost: 0.897121 throughput_goal: 0.990000
[33.247s][debug  ][gc,ergo        ] GC(121) Live_space: 1043695424 free_space: 1376256000
[33.247s][debug  ][gc,ergo        ] GC(121) Old eden_size: 200802304 desired_eden_size: 201326592
[33.247s][debug  ][gc,ergo        ] GC(121) AdaptiveSizeStop: collection: 122 
[33.247s][info   ][gc,heap        ] GC(121) PSYoungGen: 218868K(228864K)->30720K(229376K) Eden: 188148K(196096K)->0K(196608K) From: 30720K(32768K)->30720K(32768K)
[33.247s][info   ][gc,heap        ] GC(121) ParOldGen: 1558117K(1835008K)->1742437K(1835008K)
[33.247s][info   ][gc,metaspace   ] GC(121) Metaspace: 1022K(1216K)->1022K(1216K) NonClass: 938K(1024K)->938K(1024K) Class: 83K(192K)->83K(192K)
[33.247s][info   ][gc             ] GC(121) Pause Young (Allocation Failure) 1735M->1731M(2016M) 17.945ms
[33.247s][info   ][gc,cpu         ] GC(121) User=0.09s Sys=0.00s Real=0.02s
[33.247s][debug  ][gc,heap        ] GC(121) Heap after GC invocations=122 (full 19):
[33.247s][debug  ][gc,heap        ] GC(121)  PSYoungGen      total 229376K, used 30720K [0x00000000f0000000, 0x0000000100000000, 0x0000000100000000)
[33.247s][debug  ][gc,heap        ] GC(121)   eden space 196608K, 0% used [0x00000000f0000000,0x00000000f0000000,0x00000000fc000000)
[33.247s][debug  ][gc,heap        ] GC(121)   from space 32768K, 93% used [0x00000000fe000000,0x00000000ffe00030,0x0000000100000000)
[33.247s][debug  ][gc,heap        ] GC(121)   to   space 32768K, 0% used [0x00000000fc000000,0x00000000fc000000,0x00000000fe000000)
[33.247s][debug  ][gc,heap        ] GC(121)  ParOldGen       total 1835008K, used 1742437K [0x0000000080000000, 0x00000000f0000000, 0x00000000f0000000)
[33.247s][debug  ][gc,heap        ] GC(121)   object space 1835008K, 94% used [0x0000000080000000,0x00000000ea5995b8,0x00000000f0000000)
[33.247s][debug  ][gc,heap        ] GC(121)  Metaspace       used 1022K, committed 1216K, reserved 1056768K
[33.247s][debug  ][gc,heap        ] GC(121)   class space    used 83K, committed 192K, reserved 1048576K
[33.247s][debug  ][gc,task,time   ] GC(121) VM-Thread 332284912 332452687 332471784
[33.247s][debug  ][gc,phases,start] GC(122) Pre Compact
[33.247s][debug  ][gc,heap        ] GC(122) Heap before GC invocations=123 (full 20):
[33.247s][debug  ][gc,heap        ] GC(122)  PSYoungGen      total 229376K, used 30720K [0x00000000f0000000, 0x0000000100000000, 0x0000000100000000)
[33.247s][debug  ][gc,heap        ] GC(122)   eden space 196608K, 0% used [0x00000000f0000000,0x00000000f0000000,0x00000000fc000000)
[33.247s][debug  ][gc,heap        ] GC(122)   from space 32768K, 93% used [0x00000000fe000000,0x00000000ffe00030,0x0000000100000000)
[33.247s][debug  ][gc,heap        ] GC(122)   to   space 32768K, 0% used [0x00000000fc000000,0x00000000fc000000,0x00000000fe000000)
[33.247s][debug  ][gc,heap        ] GC(122)  ParOldGen       total 1835008K, used 1742437K [0x0000000080000000, 0x00000000f0000000, 0x00000000f0000000)
[33.247s][debug  ][gc,heap        ] GC(122)   object space 1835008K, 94% used [0x0000000080000000,0x00000000ea5995b8,0x00000000f0000000)
[33.247s][debug  ][gc,heap        ] GC(122)  Metaspace       used 1022K, committed 1216K, reserved 1056768K
[33.247s][debug  ][gc,heap        ] GC(122)   class space    used 83K, committed 192K, reserved 1048576K
[33.247s][debug  ][gc,phases      ] GC(122) Pre Compact 0.202ms
[33.247s][info   ][gc,start       ] GC(122) Pause Full (Ergonomics)
[33.247s][info   ][gc,phases,start] GC(122) Marking Phase
[33.247s][debug  ][gc,phases,start] GC(122) Par Mark
[33.248s][debug  ][gc,phases      ] GC(122) Par Mark 0.577ms
[33.248s][debug  ][gc,phases,start] GC(122) Reference Processing
[33.248s][debug  ][gc,ref         ] GC(122) Skipped phase 1 of Reference Processing: no references
[33.248s][debug  ][gc,ref         ] GC(122) ReferenceProcessor::execute queues: 1, RefProcThreadModel::Single, marks_oops_alive: false
[33.248s][debug  ][gc,ref         ] GC(122) Skipped phase 3 of Reference Processing: no references
[33.248s][debug  ][gc,ref         ] GC(122) ReferenceProcessor::execute queues: 1, RefProcThreadModel::Single, marks_oops_alive: false
[33.248s][debug  ][gc,phases,ref  ] GC(122) Reference Processing: 0.1ms
[33.248s][debug  ][gc,phases,ref  ] GC(122)   Reconsider SoftReferences: 0.0ms
[33.248s][debug  ][gc,phases,ref  ] GC(122)     SoftRef (ms):                  skipped
[33.248s][debug  ][gc,phases,ref  ] GC(122)   Notify Soft/WeakReferences: 0.0ms
[33.248s][debug  ][gc,phases,ref  ] GC(122)     SoftRef (ms):                  Min:  0.0, Avg:  0.0, Max:  0.0, Diff:  0.0, Sum:  0.0, Workers: 6
[33.248s][debug  ][gc,phases,ref  ] GC(122)     WeakRef (ms):                  Min:  0.0, Avg:  0.0, Max:  0.0, Diff:  0.0, Sum:  0.0, Workers: 6
[33.248s][debug  ][gc,phases,ref  ] GC(122)     FinalRef (ms):                 Min:  0.0, Avg:  0.0, Max:  0.0, Diff:  0.0, Sum:  0.0, Workers: 6
[33.248s][debug  ][gc,phases,ref  ] GC(122)     Total (ms):                    Min:  0.0, Avg:  0.0, Max:  0.0, Diff:  0.0, Sum:  0.0, Workers: 6
[33.248s][debug  ][gc,phases,ref  ] GC(122)   Notify and keep alive finalizable: 0.0ms
[33.248s][debug  ][gc,phases,ref  ] GC(122)     FinalRef (ms):                 skipped
[33.248s][debug  ][gc,phases,ref  ] GC(122)   Notify PhantomReferences: 0.0ms
[33.248s][debug  ][gc,phases,ref  ] GC(122)     PhantomRef (ms):               Min:  0.0, Avg:  0.0, Max:  0.0, Diff:  0.0, Sum:  0.0, Workers: 6
[33.248s][debug  ][gc,phases,ref  ] GC(122)   SoftReference:
[33.248s][debug  ][gc,phases,ref  ] GC(122)     Discovered: 0
[33.248s][debug  ][gc,phases,ref  ] GC(122)     Cleared: 0
[33.249s][debug  ][gc,phases,ref  ] GC(122)   WeakReference:
[33.249s][debug  ][gc,phases,ref  ] GC(122)     Discovered: 108
[33.249s][debug  ][gc,phases,ref  ] GC(122)     Cleared: 108
[33.249s][debug  ][gc,phases,ref  ] GC(122)   FinalReference:
[33.249s][debug  ][gc,phases,ref  ] GC(122)     Discovered: 0
[33.249s][debug  ][gc,phases,ref  ] GC(122)     Cleared: 0
[33.249s][debug  ][gc,phases,ref  ] GC(122)   PhantomReference:
[33.249s][debug  ][gc,phases,ref  ] GC(122)     Discovered: 3
[33.249s][debug  ][gc,phases,ref  ] GC(122)     Cleared: 3
[33.249s][debug  ][gc,phases      ] GC(122) Reference Processing 0.609ms
[33.249s][debug  ][gc,phases,start] GC(122) Weak Processing
[33.249s][debug  ][gc,phases      ] GC(122)   VM Weak                        Min:  0.0, Avg:  0.0, Max:  0.0, Diff:  0.0, Sum:  0.0, Workers: 6
[33.249s][debug  ][gc,phases      ] GC(122)     Dead                           Min: 0, Avg:  0.0, Max: 0, Diff: 0, Sum: 0, Workers: 6
[33.249s][debug  ][gc,phases      ] GC(122)     Total                          Min: 0, Avg:  1.3, Max: 8, Diff: 8, Sum: 8, Workers: 6
[33.249s][debug  ][gc,phases      ] GC(122)   ObjectSynchronizer Weak        Min:  0.0, Avg:  0.0, Max:  0.0, Diff:  0.0, Sum:  0.0, Workers: 6
[33.249s][debug  ][gc,phases      ] GC(122)     Dead                           Min: 0, Avg:  0.0, Max: 0, Diff: 0, Sum: 0, Workers: 6
[33.249s][debug  ][gc,phases      ] GC(122)     Total                          Min: 0, Avg:  0.5, Max: 3, Diff: 3, Sum: 3, Workers: 6
[33.249s][debug  ][gc,phases      ] GC(122)   JVMTI Tag Weak OopStorage      Min:  0.0, Avg:  0.0, Max:  0.0, Diff:  0.0, Sum:  0.0, Workers: 6
[33.249s][debug  ][gc,phases      ] GC(122)     Dead                           Min: 0, Avg:  0.0, Max: 0, Diff: 0, Sum: 0, Workers: 6
[33.249s][debug  ][gc,phases      ] GC(122)     Total                          Min: 0, Avg:  0.0, Max: 0, Diff: 0, Sum: 0, Workers: 6
[33.249s][debug  ][gc,phases      ] GC(122)   StringTable Weak               Min:  0.0, Avg:  0.0, Max:  0.0, Diff:  0.0, Sum:  0.0, Workers: 6
[33.249s][debug  ][gc,phases      ] GC(122)     Dead                           Min: 0, Avg:  0.0, Max: 0, Diff: 0, Sum: 0, Workers: 6
[33.249s][debug  ][gc,phases      ] GC(122)     Total                          Min: 640, Avg: 891.8, Max: 1151, Diff: 511, Sum: 5351, Workers: 6
[33.249s][debug  ][gc,phases      ] GC(122)   ResolvedMethodTable Weak       Min:  0.0, Avg:  0.0, Max:  0.0, Diff:  0.0, Sum:  0.0, Workers: 6
[33.249s][debug  ][gc,phases      ] GC(122)     Dead                           Min: 0, Avg:  0.0, Max: 0, Diff: 0, Sum: 0, Workers: 6
[33.249s][debug  ][gc,phases      ] GC(122)     Total                          Min: 0, Avg: 21.7, Max: 64, Diff: 64, Sum: 130, Workers: 6
[33.249s][debug  ][gc,phases      ] GC(122)   JNI Weak                       Min:  0.0, Avg:  0.0, Max:  0.0, Diff:  0.0, Sum:  0.0, Workers: 6
[33.249s][debug  ][gc,phases      ] GC(122)     Dead                           Min: 0, Avg:  0.0, Max: 0, Diff: 0, Sum: 0, Workers: 6
[33.249s][debug  ][gc,phases      ] GC(122)     Total                          Min: 0, Avg:  0.0, Max: 0, Diff: 0, Sum: 0, Workers: 6
[33.249s][debug  ][gc,phases      ] GC(122)   StringDedup Table Weak         Min:  0.0, Avg:  0.0, Max:  0.0, Diff:  0.0, Sum:  0.0, Workers: 6
[33.249s][debug  ][gc,phases      ] GC(122)     Dead                           Min: 0, Avg:  0.0, Max: 0, Diff: 0, Sum: 0, Workers: 6
[33.249s][debug  ][gc,phases      ] GC(122)     Total                          Min: 0, Avg:  0.0, Max: 0, Diff: 0, Sum: 0, Workers: 6
[33.249s][debug  ][gc,phases      ] GC(122)   StringDedup Requests0 Weak     Min:  0.0, Avg:  0.0, Max:  0.0, Diff:  0.0, Sum:  0.0, Workers: 6
[33.249s][debug  ][gc,phases      ] GC(122)     Dead                           Min: 0, Avg:  0.0, Max: 0, Diff: 0, Sum: 0, Workers: 6
[33.249s][debug  ][gc,phases      ] GC(122)     Total                          Min: 0, Avg:  0.0, Max: 0, Diff: 0, Sum: 0, Workers: 6
[33.249s][debug  ][gc,phases      ] GC(122)   StringDedup Requests1 Weak     Min:  0.0, Avg:  0.0, Max:  0.0, Diff:  0.0, Sum:  0.0, Workers: 6
[33.249s][debug  ][gc,phases      ] GC(122)     Dead                           Min: 0, Avg:  0.0, Max: 0, Diff: 0, Sum: 0, Workers: 6
[33.249s][debug  ][gc,phases      ] GC(122)     Total                          Min: 0, Avg:  0.0, Max: 0, Diff: 0, Sum: 0, Workers: 6
[33.249s][debug  ][gc,phases      ] GC(122)   Weak JFR Old Object Samples    Min:  0.0, Avg:  0.0, Max:  0.0, Diff:  0.0, Sum:  0.0, Workers: 6
[33.249s][debug  ][gc,phases      ] GC(122)     Dead                           Min: 0, Avg:  0.0, Max: 0, Diff: 0, Sum: 0, Workers: 6
[33.249s][debug  ][gc,phases      ] GC(122)     Total                          Min: 0, Avg:  0.0, Max: 0, Diff: 0, Sum: 0, Workers: 6
[33.249s][debug  ][gc,phases      ] GC(122) Weak Processing 0.704ms
[33.249s][debug  ][gc,phases,start] GC(122) Class Unloading
[33.249s][debug  ][gc,phases,start] GC(122) ClassLoaderData
[33.249s][debug  ][gc,phases      ] GC(122) ClassLoaderData 0.019ms
[33.249s][debug  ][gc,phases,start] GC(122) Trigger cleanups
[33.250s][debug  ][gc,phases      ] GC(122) Trigger cleanups 0.019ms
[33.250s][debug  ][gc,phases      ] GC(122) Class Unloading 0.252ms
[33.250s][info   ][gc,phases      ] GC(122) Marking Phase 2.255ms
[33.250s][info   ][gc,phases,start] GC(122) Summary Phase
[33.250s][info   ][gc,phases      ] GC(122) Summary Phase 0.037ms
[33.250s][info   ][gc,phases,start] GC(122) Adjust Roots
[33.250s][info   ][gc,phases      ] GC(122) Adjust Roots 0.161ms
[33.250s][info   ][gc,phases,start] GC(122) Compaction Phase
[33.342s][info   ][gc,phases      ] GC(122) Compaction Phase 92.196ms
[33.342s][info   ][gc,phases,start] GC(122) Post Compact
[33.348s][info   ][gc,phases      ] GC(122) Post Compact 5.542ms
[33.348s][debug  ][gc,ergo        ] GC(122) AdaptiveSizeStart: collection: 123 
[33.348s][debug  ][gc,ergo        ] GC(122) PSAdaptiveSizePolicy::compute_eden_space_size limits: desired_eden_size: 221341037 old_eden_size: 201326592 eden_limit: 201326592 cur_eden: 201326592 max_eden_size: 201326592 avg_young_live: 24921512
[33.348s][debug  ][gc,ergo        ] GC(122) PSAdaptiveSizePolicy::compute_eden_space_size: costs minor_time: 0.051096 major_cost: 0.051967 mutator_cost: 0.896937 throughput_goal: 0.990000
[33.348s][debug  ][gc,ergo        ] GC(122) Live_space: 1040926336 free_space: 1376780288
[33.348s][debug  ][gc,ergo        ] GC(122) Old eden_size: 201326592 desired_eden_size: 201326592
[33.348s][debug  ][gc,ergo        ] GC(122) PSAdaptiveSizePolicy::compute_old_gen_free_space limits: desired_promo_size: 1294151395 promo_limit: 1175453696 free_in_old_gen: 1119036416 max_old_gen_size: 1879048192 avg_old_live: 760011840
[33.348s][debug  ][gc,ergo        ] GC(122) PSAdaptiveSizePolicy::compute_old_gen_free_space: costs minor_time: 0.051096 major_cost: 0.051967  mutator_cost: 0.896937 throughput_goal: 0.990000
[33.348s][debug  ][gc,ergo        ] GC(122) Live_space: 1053368832 free_space: 1376780288
[33.348s][debug  ][gc,ergo        ] GC(122) Old promo_size: 1175453696 desired_promo_size: 1175453696
[33.348s][debug  ][gc,ergo        ] GC(122) AdaptiveSizeStop: collection: 123 
[33.348s][info   ][gc,heap        ] GC(122) PSYoungGen: 30720K(229376K)->0K(229376K) Eden: 0K(196608K)->0K(196608K) From: 30720K(32768K)->0K(32768K)
[33.348s][info   ][gc,heap        ] GC(122) ParOldGen: 1742437K(1835008K)->851556K(1835008K)
[33.348s][info   ][gc,metaspace   ] GC(122) Metaspace: 1022K(1216K)->1022K(1216K) NonClass: 938K(1024K)->938K(1024K) Class: 83K(192K)->83K(192K)
[33.348s][info   ][gc             ] GC(122) Pause Full (Ergonomics) 1731M->831M(2016M) 100.770ms
[33.348s][info   ][gc,cpu         ] GC(122) User=0.55s Sys=0.00s Real=0.10s
[33.348s][debug  ][gc,heap        ] GC(122) Heap after GC invocations=123 (full 20):
[33.348s][debug  ][gc,heap        ] GC(122)  PSYoungGen      total 229376K, used 0K [0x00000000f0000000, 0x0000000100000000, 0x0000000100000000)
[33.348s][debug  ][gc,heap        ] GC(122)   eden space 196608K, 0% used [0x00000000f0000000,0x00000000f0000000,0x00000000fc000000)
[33.348s][debug  ][gc,heap        ] GC(122)   from space 32768K, 0% used [0x00000000fc000000,0x00000000fc000000,0x00000000fe000000)
[33.348s][debug  ][gc,heap        ] GC(122)   to   space 32768K, 0% used [0x00000000fe000000,0x00000000fe000000,0x0000000100000000)
[33.348s][debug  ][gc,heap        ] GC(122)  ParOldGen       total 1835008K, used 851556K [0x0000000080000000, 0x00000000f0000000, 0x00000000f0000000)
[33.348s][debug  ][gc,heap        ] GC(122)   object space 1835008K, 46% used [0x0000000080000000,0x00000000b3f99048,0x00000000f0000000)
[33.348s][debug  ][gc,heap        ] GC(122)  Metaspace       used 1022K, committed 1216K, reserved 1056768K
[33.348s][debug  ][gc,heap        ] GC(122)   class space    used 83K, committed 192K, reserved 1048576K
[33.348s][debug  ][gc,task,time   ] GC(122) VM-Thread 332474484 332499817 333482466
[33.642s][debug  ][gc,heap        ] GC(123) Heap before GC invocations=124 (full 20):
[33.642s][debug  ][gc,heap        ] GC(123)  PSYoungGen      total 229376K, used 188163K [0x00000000f0000000, 0x0000000100000000, 0x0000000100000000)
[33.642s][debug  ][gc,heap        ] GC(123)   eden space 196608K, 95% used [0x00000000f0000000,0x00000000fb7c0c90,0x00000000fc000000)
[33.642s][debug  ][gc,heap        ] GC(123)   from space 32768K, 0% used [0x00000000fc000000,0x00000000fc000000,0x00000000fe000000)
[33.642s][debug  ][gc,heap        ] GC(123)   to   space 32768K, 0% used [0x00000000fe000000,0x00000000fe000000,0x0000000100000000)
[33.642s][debug  ][gc,heap        ] GC(123)  ParOldGen       total 1835008K, used 851556K [0x0000000080000000, 0x00000000f0000000, 0x00000000f0000000)
[33.642s][debug  ][gc,heap        ] GC(123)   object space 1835008K, 46% used [0x0000000080000000,0x00000000b3f99048,0x00000000f0000000)
[33.642s][debug  ][gc,heap        ] GC(123)  Metaspace       used 1022K, committed 1216K, reserved 1056768K
[33.642s][debug  ][gc,heap        ] GC(123)   class space    used 83K, committed 192K, reserved 1048576K
[33.643s][debug  ][gc,tlab        ] GC(123) TLAB totals: thrds: 1  refills: 1 max: 1 slow allocs: 17 max 17 waste: 27.3% gc: 3934024B max: 3934024B slow: 0B max: 0B
[33.643s][info   ][gc,start       ] GC(123) Pause Young (Allocation Failure)
[33.643s][debug  ][gc,phases,start] GC(123) Scavenge
[33.644s][debug  ][gc,phases      ] GC(123) Scavenge 1.539ms
[33.644s][debug  ][gc,phases,start] GC(123) Reference Processing
[33.644s][debug  ][gc,ref         ] GC(123) Skipped phase 1 of Reference Processing: no references
[33.644s][debug  ][gc,ref         ] GC(123) Skipped phase 2 of Reference Processing: no references
[33.644s][debug  ][gc,ref         ] GC(123) Skipped phase 3 of Reference Processing: no references
[33.644s][debug  ][gc,ref         ] GC(123) Skipped phase 4 of Reference Processing: no references
[33.644s][debug  ][gc,phases,ref  ] GC(123) Reference Processing: 0.1ms
[33.644s][debug  ][gc,phases,ref  ] GC(123)   Reconsider SoftReferences: 0.0ms
[33.644s][debug  ][gc,phases,ref  ] GC(123)     SoftRef (ms):                  skipped
[33.644s][debug  ][gc,phases,ref  ] GC(123)   Notify Soft/WeakReferences: 0.0ms
[33.644s][debug  ][gc,phases,ref  ] GC(123)     SoftRef (ms):                  skipped
[33.644s][debug  ][gc,phases,ref  ] GC(123)     WeakRef (ms):                  skipped
[33.644s][debug  ][gc,phases,ref  ] GC(123)     FinalRef (ms):                 skipped
[33.645s][debug  ][gc,phases,ref  ] GC(123)     Total (ms):                    skipped
[33.645s][debug  ][gc,phases,ref  ] GC(123)   Notify and keep alive finalizable: 0.0ms
[33.645s][debug  ][gc,phases,ref  ] GC(123)     FinalRef (ms):                 skipped
[33.645s][debug  ][gc,phases,ref  ] GC(123)   Notify PhantomReferences: 0.0ms
[33.645s][debug  ][gc,phases,ref  ] GC(123)     PhantomRef (ms):               skipped
[33.645s][debug  ][gc,phases,ref  ] GC(123)   SoftReference:
[33.645s][debug  ][gc,phases,ref  ] GC(123)     Discovered: 0
[33.645s][debug  ][gc,phases,ref  ] GC(123)     Cleared: 0
[33.645s][debug  ][gc,phases,ref  ] GC(123)   WeakReference:
[33.645s][debug  ][gc,phases,ref  ] GC(123)     Discovered: 0
[33.645s][debug  ][gc,phases,ref  ] GC(123)     Cleared: 0
[33.645s][debug  ][gc,phases,ref  ] GC(123)   FinalReference:
[33.645s][debug  ][gc,phases,ref  ] GC(123)     Discovered: 0
[33.645s][debug  ][gc,phases,ref  ] GC(123)     Cleared: 0
[33.645s][debug  ][gc,phases,ref  ] GC(123)   PhantomReference:
[33.645s][debug  ][gc,phases,ref  ] GC(123)     Discovered: 0
[33.645s][debug  ][gc,phases,ref  ] GC(123)     Cleared: 0
[33.645s][debug  ][gc,phases      ] GC(123) Reference Processing 0.680ms
[33.645s][debug  ][gc,phases,start] GC(123) Weak Processing
[33.645s][debug  ][gc,phases      ] GC(123)   VM Weak                        Min:  0.0, Avg:  0.0, Max:  0.0, Diff:  0.0, Sum:  0.0, Workers: 6
[33.645s][debug  ][gc,phases      ] GC(123)     Dead                           Min: 0, Avg:  0.0, Max: 0, Diff: 0, Sum: 0, Workers: 6
[33.645s][debug  ][gc,phases      ] GC(123)     Total                          Min: 0, Avg:  1.3, Max: 8, Diff: 8, Sum: 8, Workers: 6
[33.645s][debug  ][gc,phases      ] GC(123)   ObjectSynchronizer Weak        Min:  0.0, Avg:  0.0, Max:  0.0, Diff:  0.0, Sum:  0.0, Workers: 6
[33.645s][debug  ][gc,phases      ] GC(123)     Dead                           Min: 0, Avg:  0.0, Max: 0, Diff: 0, Sum: 0, Workers: 6
[33.645s][debug  ][gc,phases      ] GC(123)     Total                          Min: 0, Avg:  0.5, Max: 3, Diff: 3, Sum: 3, Workers: 6
[33.645s][debug  ][gc,phases      ] GC(123)   JVMTI Tag Weak OopStorage      Min:  0.0, Avg:  0.0, Max:  0.0, Diff:  0.0, Sum:  0.0, Workers: 6
[33.645s][debug  ][gc,phases      ] GC(123)     Dead                           Min: 0, Avg:  0.0, Max: 0, Diff: 0, Sum: 0, Workers: 6
[33.645s][debug  ][gc,phases      ] GC(123)     Total                          Min: 0, Avg:  0.0, Max: 0, Diff: 0, Sum: 0, Workers: 6
[33.645s][debug  ][gc,phases      ] GC(123)   StringTable Weak               Min:  0.0, Avg:  0.0, Max:  0.0, Diff:  0.0, Sum:  0.0, Workers: 6
[33.645s][debug  ][gc,phases      ] GC(123)     Dead                           Min: 0, Avg:  0.0, Max: 0, Diff: 0, Sum: 0, Workers: 6
[33.645s][debug  ][gc,phases      ] GC(123)     Total                          Min: 767, Avg: 891.8, Max: 1024, Diff: 257, Sum: 5351, Workers: 6
[33.645s][debug  ][gc,phases      ] GC(123)   ResolvedMethodTable Weak       Min:  0.0, Avg:  0.0, Max:  0.0, Diff:  0.0, Sum:  0.0, Workers: 6
[33.645s][debug  ][gc,phases      ] GC(123)     Dead                           Min: 0, Avg:  0.0, Max: 0, Diff: 0, Sum: 0, Workers: 6
[33.645s][debug  ][gc,phases      ] GC(123)     Total                          Min: 0, Avg: 21.7, Max: 64, Diff: 64, Sum: 130, Workers: 6
[33.645s][debug  ][gc,phases      ] GC(123)   JNI Weak                       Min:  0.0, Avg:  0.0, Max:  0.0, Diff:  0.0, Sum:  0.0, Workers: 6
[33.645s][debug  ][gc,phases      ] GC(123)     Dead                           Min: 0, Avg:  0.0, Max: 0, Diff: 0, Sum: 0, Workers: 6
[33.645s][debug  ][gc,phases      ] GC(123)     Total                          Min: 0, Avg:  0.0, Max: 0, Diff: 0, Sum: 0, Workers: 6
[33.645s][debug  ][gc,phases      ] GC(123)   StringDedup Table Weak         Min:  0.0, Avg:  0.0, Max:  0.0, Diff:  0.0, Sum:  0.0, Workers: 6
[33.645s][debug  ][gc,phases      ] GC(123)     Dead                           Min: 0, Avg:  0.0, Max: 0, Diff: 0, Sum: 0, Workers: 6
[33.645s][debug  ][gc,phases      ] GC(123)     Total                          Min: 0, Avg:  0.0, Max: 0, Diff: 0, Sum: 0, Workers: 6
[33.646s][debug  ][gc,phases      ] GC(123)   StringDedup Requests0 Weak     Min:  0.0, Avg:  0.0, Max:  0.0, Diff:  0.0, Sum:  0.0, Workers: 6
[33.646s][debug  ][gc,phases      ] GC(123)     Dead                           Min: 0, Avg:  0.0, Max: 0, Diff: 0, Sum: 0, Workers: 6
[33.646s][debug  ][gc,phases      ] GC(123)     Total                          Min: 0, Avg:  0.0, Max: 0, Diff: 0, Sum: 0, Workers: 6
[33.646s][debug  ][gc,phases      ] GC(123)   StringDedup Requests1 Weak     Min:  0.0, Avg:  0.0, Max:  0.0, Diff:  0.0, Sum:  0.0, Workers: 6
[33.646s][debug  ][gc,phases      ] GC(123)     Dead                           Min: 0, Avg:  0.0, Max: 0, Diff: 0, Sum: 0, Workers: 6
[33.646s][debug  ][gc,phases      ] GC(123)     Total                          Min: 0, Avg:  0.0, Max: 0, Diff: 0, Sum: 0, Workers: 6
[33.646s][debug  ][gc,phases      ] GC(123)   Weak JFR Old Object Samples    Min:  0.0, Avg:  0.0, Max:  0.0, Diff:  0.0, Sum:  0.0, Workers: 6
[33.646s][debug  ][gc,phases      ] GC(123)     Dead                           Min: 0, Avg:  0.0, Max: 0, Diff: 0, Sum: 0, Workers: 6
[33.646s][debug  ][gc,phases      ] GC(123)     Total                          Min: 0, Avg:  0.0, Max: 0, Diff: 0, Sum: 0, Workers: 6
[33.646s][debug  ][gc,phases      ] GC(123) Weak Processing 0.824ms
[33.646s][debug  ][gc,ergo        ] GC(123) AdaptiveSizeStart:  collection: 124 
[33.646s][debug  ][gc,ergo        ] GC(123) avg_survived_padded_avg: 36633036.000000
[33.646s][debug  ][gc,ergo        ] GC(123) avg_promoted_padded_avg: 244066112.000000  avg_pretenured_padded_avg: 0.000000  tenuring_thresh: 15  target_size: 36700160
[33.646s][debug  ][gc,age         ] GC(123) Desired survivor size 36700160 bytes, new threshold 15 (max threshold 15)
[33.646s][debug  ][gc,ergo        ] GC(123) PSAdaptiveSizePolicy::compute_eden_space_size limits: desired_eden_size: 218957531 old_eden_size: 201326592 eden_limit: 201326592 cur_eden: 201326592 max_eden_size: 201326592 avg_young_live: 23477938
[33.646s][debug  ][gc,ergo        ] GC(123) PSAdaptiveSizePolicy::compute_eden_space_size: costs minor_time: 0.040293 major_cost: 0.051967 mutator_cost: 0.907740 throughput_goal: 0.990000
[33.646s][debug  ][gc,ergo        ] GC(123) Live_space: 1051925248 free_space: 1376780288
[33.646s][debug  ][gc,ergo        ] GC(123) Old eden_size: 201326592 desired_eden_size: 201326592
[33.646s][debug  ][gc,ergo        ] GC(123) AdaptiveSizeStop: collection: 124 
[33.646s][info   ][gc,heap        ] GC(123) PSYoungGen: 188163K(229376K)->10240K(223232K) Eden: 188163K(196608K)->0K(190464K) From: 0K(32768K)->10240K(32768K)
[33.646s][info   ][gc,heap        ] GC(123) ParOldGen: 851556K(1835008K)->851556K(1835008K)
[33.646s][info   ][gc,metaspace   ] GC(123) Metaspace: 1022K(1216K)->1022K(1216K) NonClass: 938K(1024K)->938K(1024K) Class: 83K(192K)->83K(192K)
[33.646s][info   ][gc             ] GC(123) Pause Young (Allocation Failure) 1015M->841M(2010M) 3.515ms
[33.646s][info   ][gc,cpu         ] GC(123) User=0.09s Sys=0.00s Real=0.00s
[33.646s][debug  ][gc,heap        ] GC(123) Heap after GC invocations=124 (full 20):
[33.646s][debug  ][gc,heap        ] GC(123)  PSYoungGen      total 223232K, used 10240K [0x00000000f0000000, 0x0000000100000000, 0x0000000100000000)
[33.646s][debug  ][gc,heap        ] GC(123)   eden space 190464K, 0% used [0x00000000f0000000,0x00000000f0000000,0x00000000fba00000)
[33.646s][debug  ][gc,heap        ] GC(123)   from space 32768K, 31% used [0x00000000fe000000,0x00000000fea00010,0x0000000100000000)
[33.646s][debug  ][gc,heap        ] GC(123)   to   space 35840K, 0% used [0x00000000fba00000,0x00000000fba00000,0x00000000fdd00000)
[33.646s][debug  ][gc,heap        ] GC(123)  ParOldGen       total 1835008K, used 851556K [0x0000000080000000, 0x00000000f0000000, 0x00000000f0000000)
[33.646s][debug  ][gc,heap        ] GC(123)   object space 1835008K, 46% used [0x0000000080000000,0x00000000b3f99048,0x00000000f0000000)
[33.646s][debug  ][gc,heap        ] GC(123)  Metaspace       used 1022K, committed 1216K, reserved 1056768K
[33.646s][debug  ][gc,heap        ] GC(123)   class space    used 83K, committed 192K, reserved 1048576K
[33.646s][debug  ][gc,task,time   ] GC(123) VM-Thread 336421230 336442016 336463541
[33.929s][debug  ][gc,heap        ] GC(124) Heap before GC invocations=125 (full 20):
[33.929s][debug  ][gc,heap        ] GC(124)  PSYoungGen      total 223232K, used 198213K [0x00000000f0000000, 0x0000000100000000, 0x0000000100000000)
[33.929s][debug  ][gc,heap        ] GC(124)   eden space 190464K, 98% used [0x00000000f0000000,0x00000000fb791628,0x00000000fba00000)
[33.929s][debug  ][gc,heap        ] GC(124)   from space 32768K, 31% used [0x00000000fe000000,0x00000000fea00010,0x0000000100000000)
[33.929s][debug  ][gc,heap        ] GC(124)   to   space 35840K, 0% used [0x00000000fba00000,0x00000000fba00000,0x00000000fdd00000)
[33.929s][debug  ][gc,heap        ] GC(124)  ParOldGen       total 1835008K, used 851556K [0x0000000080000000, 0x00000000f0000000, 0x00000000f0000000)
[33.929s][debug  ][gc,heap        ] GC(124)   object space 1835008K, 46% used [0x0000000080000000,0x00000000b3f99048,0x00000000f0000000)
[33.929s][debug  ][gc,heap        ] GC(124)  Metaspace       used 1022K, committed 1216K, reserved 1056768K
[33.929s][debug  ][gc,heap        ] GC(124)   class space    used 83K, committed 192K, reserved 1048576K
[33.929s][debug  ][gc,tlab        ] GC(124) TLAB totals: thrds: 1  refills: 1 max: 1 slow allocs: 17 max 17 waste: 26.3% gc: 3740936B max: 3740936B slow: 0B max: 0B
[33.929s][info   ][gc,start       ] GC(124) Pause Young (Allocation Failure)
[33.929s][debug  ][gc,phases,start] GC(124) Scavenge
[33.942s][debug  ][gc,phases      ] GC(124) Scavenge 12.961ms
[33.942s][debug  ][gc,phases,start] GC(124) Reference Processing
[33.942s][debug  ][gc,ref         ] GC(124) Skipped phase 1 of Reference Processing: no references
[33.942s][debug  ][gc,ref         ] GC(124) Skipped phase 2 of Reference Processing: no references
[33.942s][debug  ][gc,ref         ] GC(124) Skipped phase 3 of Reference Processing: no references
[33.942s][debug  ][gc,ref         ] GC(124) Skipped phase 4 of Reference Processing: no references
[33.942s][debug  ][gc,phases,ref  ] GC(124) Reference Processing: 0.1ms
[33.942s][debug  ][gc,phases,ref  ] GC(124)   Reconsider SoftReferences: 0.0ms
[33.942s][debug  ][gc,phases,ref  ] GC(124)     SoftRef (ms):                  skipped
[33.942s][debug  ][gc,phases,ref  ] GC(124)   Notify Soft/WeakReferences: 0.0ms
[33.942s][debug  ][gc,phases,ref  ] GC(124)     SoftRef (ms):                  skipped
[33.942s][debug  ][gc,phases,ref  ] GC(124)     WeakRef (ms):                  skipped
[33.942s][debug  ][gc,phases,ref  ] GC(124)     FinalRef (ms):                 skipped
[33.942s][debug  ][gc,phases,ref  ] GC(124)     Total (ms):                    skipped
[33.942s][debug  ][gc,phases,ref  ] GC(124)   Notify and keep alive finalizable: 0.0ms
[33.942s][debug  ][gc,phases,ref  ] GC(124)     FinalRef (ms):                 skipped
[33.942s][debug  ][gc,phases,ref  ] GC(124)   Notify PhantomReferences: 0.0ms
[33.943s][debug  ][gc,phases,ref  ] GC(124)     PhantomRef (ms):               skipped
[33.943s][debug  ][gc,phases,ref  ] GC(124)   SoftReference:
[33.943s][debug  ][gc,phases,ref  ] GC(124)     Discovered: 0
[33.943s][debug  ][gc,phases,ref  ] GC(124)     Cleared: 0
[33.943s][debug  ][gc,phases,ref  ] GC(124)   WeakReference:
[33.943s][debug  ][gc,phases,ref  ] GC(124)     Discovered: 0
[33.943s][debug  ][gc,phases,ref  ] GC(124)     Cleared: 0
[33.943s][debug  ][gc,phases,ref  ] GC(124)   FinalReference:
[33.943s][debug  ][gc,phases,ref  ] GC(124)     Discovered: 0
[33.943s][debug  ][gc,phases,ref  ] GC(124)     Cleared: 0
[33.943s][debug  ][gc,phases,ref  ] GC(124)   PhantomReference:
[33.943s][debug  ][gc,phases,ref  ] GC(124)     Discovered: 0
[33.943s][debug  ][gc,phases,ref  ] GC(124)     Cleared: 0
[33.943s][debug  ][gc,phases      ] GC(124) Reference Processing 0.576ms
[33.943s][debug  ][gc,phases,start] GC(124) Weak Processing
[33.943s][debug  ][gc,phases      ] GC(124)   VM Weak                        Min:  0.0, Avg:  0.0, Max:  0.0, Diff:  0.0, Sum:  0.0, Workers: 6
[33.943s][debug  ][gc,phases      ] GC(124)     Dead                           Min: 0, Avg:  0.0, Max: 0, Diff: 0, Sum: 0, Workers: 6
[33.943s][debug  ][gc,phases      ] GC(124)     Total                          Min: 0, Avg:  1.3, Max: 8, Diff: 8, Sum: 8, Workers: 6
[33.943s][debug  ][gc,phases      ] GC(124)   ObjectSynchronizer Weak        Min:  0.0, Avg:  0.0, Max:  0.0, Diff:  0.0, Sum:  0.0, Workers: 6
[33.943s][debug  ][gc,phases      ] GC(124)     Dead                           Min: 0, Avg:  0.0, Max: 0, Diff: 0, Sum: 0, Workers: 6
[33.943s][debug  ][gc,phases      ] GC(124)     Total                          Min: 0, Avg:  0.5, Max: 3, Diff: 3, Sum: 3, Workers: 6
[33.943s][debug  ][gc,phases      ] GC(124)   JVMTI Tag Weak OopStorage      Min:  0.0, Avg:  0.0, Max:  0.0, Diff:  0.0, Sum:  0.0, Workers: 6
[33.943s][debug  ][gc,phases      ] GC(124)     Dead                           Min: 0, Avg:  0.0, Max: 0, Diff: 0, Sum: 0, Workers: 6
[33.943s][debug  ][gc,phases      ] GC(124)     Total                          Min: 0, Avg:  0.0, Max: 0, Diff: 0, Sum: 0, Workers: 6
[33.943s][debug  ][gc,phases      ] GC(124)   StringTable Weak               Min:  0.0, Avg:  0.0, Max:  0.0, Diff:  0.0, Sum:  0.0, Workers: 6
[33.943s][debug  ][gc,phases      ] GC(124)     Dead                           Min: 0, Avg:  0.0, Max: 0, Diff: 0, Sum: 0, Workers: 6
[33.943s][debug  ][gc,phases      ] GC(124)     Total                          Min: 768, Avg: 891.8, Max: 1063, Diff: 295, Sum: 5351, Workers: 6
[33.943s][debug  ][gc,phases      ] GC(124)   ResolvedMethodTable Weak       Min:  0.0, Avg:  0.0, Max:  0.0, Diff:  0.0, Sum:  0.0, Workers: 6
[33.943s][debug  ][gc,phases      ] GC(124)     Dead                           Min: 0, Avg:  0.0, Max: 0, Diff: 0, Sum: 0, Workers: 6
[33.943s][debug  ][gc,phases      ] GC(124)     Total                          Min: 0, Avg: 21.7, Max: 64, Diff: 64, Sum: 130, Workers: 6
[33.943s][debug  ][gc,phases      ] GC(124)   JNI Weak                       Min:  0.0, Avg:  0.0, Max:  0.0, Diff:  0.0, Sum:  0.0, Workers: 6
[33.943s][debug  ][gc,phases      ] GC(124)     Dead                           Min: 0, Avg:  0.0, Max: 0, Diff: 0, Sum: 0, Workers: 6
[33.943s][debug  ][gc,phases      ] GC(124)     Total                          Min: 0, Avg:  0.0, Max: 0, Diff: 0, Sum: 0, Workers: 6
[33.943s][debug  ][gc,phases      ] GC(124)   StringDedup Table Weak         Min:  0.0, Avg:  0.0, Max:  0.0, Diff:  0.0, Sum:  0.0, Workers: 6
[33.943s][debug  ][gc,phases      ] GC(124)     Dead                           Min: 0, Avg:  0.0, Max: 0, Diff: 0, Sum: 0, Workers: 6
[33.943s][debug  ][gc,phases      ] GC(124)     Total                          Min: 0, Avg:  0.0, Max: 0, Diff: 0, Sum: 0, Workers: 6
[33.943s][debug  ][gc,phases      ] GC(124)   StringDedup Requests0 Weak     Min:  0.0, Avg:  0.0, Max:  0.0, Diff:  0.0, Sum:  0.0, Workers: 6
[33.943s][debug  ][gc,phases      ] GC(124)     Dead                           Min: 0, Avg:  0.0, Max: 0, Diff: 0, Sum: 0, Workers: 6
[33.943s][debug  ][gc,phases      ] GC(124)     Total                          Min: 0, Avg:  0.0, Max: 0, Diff: 0, Sum: 0, Workers: 6
[33.943s][debug  ][gc,phases      ] GC(124)   StringDedup Requests1 Weak     Min:  0.0, Avg:  0.0, Max:  0.0, Diff:  0.0, Sum:  0.0, Workers: 6
[33.943s][debug  ][gc,phases      ] GC(124)     Dead                           Min: 0, Avg:  0.0, Max: 0, Diff: 0, Sum: 0, Workers: 6
[33.943s][debug  ][gc,phases      ] GC(124)     Total                          Min: 0, Avg:  0.0, Max: 0, Diff: 0, Sum: 0, Workers: 6
[33.943s][debug  ][gc,phases      ] GC(124)   Weak JFR Old Object Samples    Min:  0.0, Avg:  0.0, Max:  0.0, Diff:  0.0, Sum:  0.0, Workers: 6
[33.943s][debug  ][gc,phases      ] GC(124)     Dead                           Min: 0, Avg:  0.0, Max: 0, Diff: 0, Sum: 0, Workers: 6
[33.943s][debug  ][gc,phases      ] GC(124)     Total                          Min: 0, Avg:  0.0, Max: 0, Diff: 0, Sum: 0, Workers: 6
[33.943s][debug  ][gc,phases      ] GC(124) Weak Processing 0.672ms
[33.943s][debug  ][gc,ergo        ] GC(124) AdaptiveSizeStart:  collection: 125 
[33.944s][debug  ][gc,ergo        ] GC(124) avg_survived_padded_avg: 36773116.000000
[33.944s][debug  ][gc,ergo        ] GC(124) avg_promoted_padded_avg: 240946496.000000  avg_pretenured_padded_avg: 0.000000  tenuring_thresh: 15  target_size: 37224448
[33.944s][debug  ][gc,age         ] GC(124) Desired survivor size 37224448 bytes, new threshold 15 (max threshold 15)
[33.944s][debug  ][gc,ergo        ] GC(124) PSAdaptiveSizePolicy::compute_eden_space_size limits: desired_eden_size: 212668113 old_eden_size: 201326592 eden_limit: 198180864 cur_eden: 195035136 max_eden_size: 198180864 avg_young_live: 24275876
[33.944s][debug  ][gc,ergo        ] GC(124) PSAdaptiveSizePolicy::compute_eden_space_size: costs minor_time: 0.042249 major_cost: 0.051967 mutator_cost: 0.905784 throughput_goal: 0.990000
[33.944s][debug  ][gc,ergo        ] GC(124) Live_space: 1052723200 free_space: 1376780288
[33.944s][debug  ][gc,ergo        ] GC(124) Old eden_size: 201326592 desired_eden_size: 198180864
[33.944s][debug  ][gc,ergo        ] GC(124) AdaptiveSizeStop: collection: 125 
[33.944s][info   ][gc,heap        ] GC(124) PSYoungGen: 198213K(223232K)->30720K(221696K) Eden: 187973K(190464K)->0K(190464K) From: 10240K(32768K)->30720K(31232K)
[33.944s][info   ][gc,heap        ] GC(124) ParOldGen: 851556K(1835008K)->1015396K(1835008K)
[33.944s][info   ][gc,metaspace   ] GC(124) Metaspace: 1022K(1216K)->1022K(1216K) NonClass: 938K(1024K)->938K(1024K) Class: 83K(192K)->83K(192K)
[33.944s][info   ][gc             ] GC(124) Pause Young (Allocation Failure) 1025M->1021M(2008M) 14.654ms
[33.944s][info   ][gc,cpu         ] GC(124) User=0.08s Sys=0.02s Real=0.01s
[33.944s][debug  ][gc,heap        ] GC(124) Heap after GC invocations=125 (full 20):
[33.944s][debug  ][gc,heap        ] GC(124)  PSYoungGen      total 221696K, used 30720K [0x00000000f0000000, 0x0000000100000000, 0x0000000100000000)
[33.944s][debug  ][gc,heap        ] GC(124)   eden space 190464K, 0% used [0x00000000f0000000,0x00000000f0000000,0x00000000fba00000)
[33.944s][debug  ][gc,heap        ] GC(124)   from space 31232K, 98% used [0x00000000fba00000,0x00000000fd800030,0x00000000fd880000)
[33.944s][debug  ][gc,heap        ] GC(124)   to   space 36352K, 0% used [0x00000000fdc80000,0x00000000fdc80000,0x0000000100000000)
[33.944s][debug  ][gc,heap        ] GC(124)  ParOldGen       total 1835008K, used 1015396K [0x0000000080000000, 0x00000000f0000000, 0x00000000f0000000)
[33.944s][debug  ][gc,heap        ] GC(124)   object space 1835008K, 55% used [0x0000000080000000,0x00000000bdf99148,0x00000000f0000000)
[33.944s][debug  ][gc,heap        ] GC(124)  Metaspace       used 1022K, committed 1216K, reserved 1056768K
[33.944s][debug  ][gc,heap        ] GC(124)   class space    used 83K, committed 192K, reserved 1048576K
[33.944s][debug  ][gc,task,time   ] GC(124) VM-Thread 339287286 339421936 339440015
[34.231s][debug  ][gc,heap        ] GC(125) Heap before GC invocations=126 (full 20):
[34.231s][debug  ][gc,heap        ] GC(125)  PSYoungGen      total 221696K, used 218722K [0x00000000f0000000, 0x0000000100000000, 0x0000000100000000)
[34.231s][debug  ][gc,heap        ] GC(125)   eden space 190464K, 98% used [0x00000000f0000000,0x00000000fb7988f8,0x00000000fba00000)
[34.231s][debug  ][gc,heap        ] GC(125)   from space 31232K, 98% used [0x00000000fba00000,0x00000000fd800030,0x00000000fd880000)
[34.231s][debug  ][gc,heap        ] GC(125)   to   space 36352K, 0% used [0x00000000fdc80000,0x00000000fdc80000,0x0000000100000000)
[34.231s][debug  ][gc,heap        ] GC(125)  ParOldGen       total 1835008K, used 1015396K [0x0000000080000000, 0x00000000f0000000, 0x00000000f0000000)
[34.231s][debug  ][gc,heap        ] GC(125)   object space 1835008K, 55% used [0x0000000080000000,0x00000000bdf99148,0x00000000f0000000)
[34.231s][debug  ][gc,heap        ] GC(125)  Metaspace       used 1022K, committed 1216K, reserved 1056768K
[34.231s][debug  ][gc,heap        ] GC(125)   class space    used 83K, committed 192K, reserved 1048576K
[34.231s][debug  ][gc,tlab        ] GC(125) TLAB totals: thrds: 1  refills: 1 max: 1 slow allocs: 17 max 17 waste: 26.4% gc: 3770328B max: 3770328B slow: 0B max: 0B
[34.231s][info   ][gc,start       ] GC(125) Pause Young (Allocation Failure)
[34.231s][debug  ][gc,phases,start] GC(125) Scavenge
[34.246s][debug  ][gc,phases      ] GC(125) Scavenge 14.491ms
[34.246s][debug  ][gc,phases,start] GC(125) Reference Processing
[34.246s][debug  ][gc,ref         ] GC(125) Skipped phase 1 of Reference Processing: no references
[34.246s][debug  ][gc,ref         ] GC(125) Skipped phase 2 of Reference Processing: no references
[34.246s][debug  ][gc,ref         ] GC(125) Skipped phase 3 of Reference Processing: no references
[34.246s][debug  ][gc,ref         ] GC(125) Skipped phase 4 of Reference Processing: no references
[34.246s][debug  ][gc,phases,ref  ] GC(125) Reference Processing: 0.1ms
[34.246s][debug  ][gc,phases,ref  ] GC(125)   Reconsider SoftReferences: 0.0ms
[34.246s][debug  ][gc,phases,ref  ] GC(125)     SoftRef (ms):                  skipped
[34.246s][debug  ][gc,phases,ref  ] GC(125)   Notify Soft/WeakReferences: 0.0ms
[34.246s][debug  ][gc,phases,ref  ] GC(125)     SoftRef (ms):                  skipped
[34.246s][debug  ][gc,phases,ref  ] GC(125)     WeakRef (ms):                  skipped
[34.246s][debug  ][gc,phases,ref  ] GC(125)     FinalRef (ms):                 skipped
[34.246s][debug  ][gc,phases,ref  ] GC(125)     Total (ms):                    skipped
[34.246s][debug  ][gc,phases,ref  ] GC(125)   Notify and keep alive finalizable: 0.0ms
[34.246s][debug  ][gc,phases,ref  ] GC(125)     FinalRef (ms):                 skipped
[34.246s][debug  ][gc,phases,ref  ] GC(125)   Notify PhantomReferences: 0.0ms
[34.246s][debug  ][gc,phases,ref  ] GC(125)     PhantomRef (ms):               skipped
[34.246s][debug  ][gc,phases,ref  ] GC(125)   SoftReference:
[34.246s][debug  ][gc,phases,ref  ] GC(125)     Discovered: 0
[34.246s][debug  ][gc,phases,ref  ] GC(125)     Cleared: 0
[34.246s][debug  ][gc,phases,ref  ] GC(125)   WeakReference:
[34.246s][debug  ][gc,phases,ref  ] GC(125)     Discovered: 0
[34.246s][debug  ][gc,phases,ref  ] GC(125)     Cleared: 0
[34.246s][debug  ][gc,phases,ref  ] GC(125)   FinalReference:
[34.246s][debug  ][gc,phases,ref  ] GC(125)     Discovered: 0
[34.246s][debug  ][gc,phases,ref  ] GC(125)     Cleared: 0
[34.246s][debug  ][gc,phases,ref  ] GC(125)   PhantomReference:
[34.246s][debug  ][gc,phases,ref  ] GC(125)     Discovered: 0
[34.246s][debug  ][gc,phases,ref  ] GC(125)     Cleared: 0
[34.246s][debug  ][gc,phases      ] GC(125) Reference Processing 0.574ms
[34.246s][debug  ][gc,phases,start] GC(125) Weak Processing
[34.246s][debug  ][gc,phases      ] GC(125)   VM Weak                        Min:  0.0, Avg:  0.0, Max:  0.0, Diff:  0.0, Sum:  0.0, Workers: 6
[34.246s][debug  ][gc,phases      ] GC(125)     Dead                           Min: 0, Avg:  0.0, Max: 0, Diff: 0, Sum: 0, Workers: 6
[34.247s][debug  ][gc,phases      ] GC(125)     Total                          Min: 0, Avg:  1.3, Max: 8, Diff: 8, Sum: 8, Workers: 6
[34.247s][debug  ][gc,phases      ] GC(125)   ObjectSynchronizer Weak        Min:  0.0, Avg:  0.0, Max:  0.0, Diff:  0.0, Sum:  0.0, Workers: 6
[34.247s][debug  ][gc,phases      ] GC(125)     Dead                           Min: 0, Avg:  0.0, Max: 0, Diff: 0, Sum: 0, Workers: 6
[34.247s][debug  ][gc,phases      ] GC(125)     Total                          Min: 0, Avg:  0.5, Max: 3, Diff: 3, Sum: 3, Workers: 6
[34.247s][debug  ][gc,phases      ] GC(125)   JVMTI Tag Weak OopStorage      Min:  0.0, Avg:  0.0, Max:  0.0, Diff:  0.0, Sum:  0.0, Workers: 6
[34.247s][debug  ][gc,phases      ] GC(125)     Dead                           Min: 0, Avg:  0.0, Max: 0, Diff: 0, Sum: 0, Workers: 6
[34.247s][debug  ][gc,phases      ] GC(125)     Total                          Min: 0, Avg:  0.0, Max: 0, Diff: 0, Sum: 0, Workers: 6
[34.247s][debug  ][gc,phases      ] GC(125)   StringTable Weak               Min:  0.0, Avg:  0.0, Max:  0.0, Diff:  0.0, Sum:  0.0, Workers: 6
[34.247s][debug  ][gc,phases      ] GC(125)     Dead                           Min: 0, Avg:  0.0, Max: 0, Diff: 0, Sum: 0, Workers: 6
[34.247s][debug  ][gc,phases      ] GC(125)     Total                          Min: 767, Avg: 891.8, Max: 1024, Diff: 257, Sum: 5351, Workers: 6
[34.247s][debug  ][gc,phases      ] GC(125)   ResolvedMethodTable Weak       Min:  0.0, Avg:  0.0, Max:  0.0, Diff:  0.0, Sum:  0.0, Workers: 6
[34.247s][debug  ][gc,phases      ] GC(125)     Dead                           Min: 0, Avg:  0.0, Max: 0, Diff: 0, Sum: 0, Workers: 6
[34.247s][debug  ][gc,phases      ] GC(125)     Total                          Min: 0, Avg: 21.7, Max: 64, Diff: 64, Sum: 130, Workers: 6
[34.247s][debug  ][gc,phases      ] GC(125)   JNI Weak                       Min:  0.0, Avg:  0.0, Max:  0.0, Diff:  0.0, Sum:  0.0, Workers: 6
[34.247s][debug  ][gc,phases      ] GC(125)     Dead                           Min: 0, Avg:  0.0, Max: 0, Diff: 0, Sum: 0, Workers: 6
[34.247s][debug  ][gc,phases      ] GC(125)     Total                          Min: 0, Avg:  0.0, Max: 0, Diff: 0, Sum: 0, Workers: 6
[34.247s][debug  ][gc,phases      ] GC(125)   StringDedup Table Weak         Min:  0.0, Avg:  0.0, Max:  0.0, Diff:  0.0, Sum:  0.0, Workers: 6
[34.247s][debug  ][gc,phases      ] GC(125)     Dead                           Min: 0, Avg:  0.0, Max: 0, Diff: 0, Sum: 0, Workers: 6
[34.247s][debug  ][gc,phases      ] GC(125)     Total                          Min: 0, Avg:  0.0, Max: 0, Diff: 0, Sum: 0, Workers: 6
[34.247s][debug  ][gc,phases      ] GC(125)   StringDedup Requests0 Weak     Min:  0.0, Avg:  0.0, Max:  0.0, Diff:  0.0, Sum:  0.0, Workers: 6
[34.247s][debug  ][gc,phases      ] GC(125)     Dead                           Min: 0, Avg:  0.0, Max: 0, Diff: 0, Sum: 0, Workers: 6
[34.247s][debug  ][gc,phases      ] GC(125)     Total                          Min: 0, Avg:  0.0, Max: 0, Diff: 0, Sum: 0, Workers: 6
[34.247s][debug  ][gc,phases      ] GC(125)   StringDedup Requests1 Weak     Min:  0.0, Avg:  0.0, Max:  0.0, Diff:  0.0, Sum:  0.0, Workers: 6
[34.247s][debug  ][gc,phases      ] GC(125)     Dead                           Min: 0, Avg:  0.0, Max: 0, Diff: 0, Sum: 0, Workers: 6
[34.247s][debug  ][gc,phases      ] GC(125)     Total                          Min: 0, Avg:  0.0, Max: 0, Diff: 0, Sum: 0, Workers: 6
[34.247s][debug  ][gc,phases      ] GC(125)   Weak JFR Old Object Samples    Min:  0.0, Avg:  0.0, Max:  0.0, Diff:  0.0, Sum:  0.0, Workers: 6
[34.247s][debug  ][gc,phases      ] GC(125)     Dead                           Min: 0, Avg:  0.0, Max: 0, Diff: 0, Sum: 0, Workers: 6
[34.247s][debug  ][gc,phases      ] GC(125)     Total                          Min: 0, Avg:  0.0, Max: 0, Diff: 0, Sum: 0, Workers: 6
[34.247s][debug  ][gc,phases      ] GC(125) Weak Processing 0.698ms
[34.247s][debug  ][gc,ergo        ] GC(125) AdaptiveSizeStart:  collection: 126 
[34.247s][debug  ][gc,ergo        ] GC(125) avg_survived_padded_avg: 36833420.000000
[34.247s][debug  ][gc,ergo        ] GC(125) avg_promoted_padded_avg: 245447344.000000  avg_pretenured_padded_avg: 0.000000  tenuring_thresh: 15  target_size: 37224448
[34.247s][debug  ][gc,age         ] GC(125) Desired survivor size 37224448 bytes, new threshold 15 (max threshold 15)
[34.247s][debug  ][gc,ergo        ] GC(125) PSAdaptiveSizePolicy::compute_eden_space_size limits: desired_eden_size: 213231164 old_eden_size: 198180864 eden_limit: 199229440 cur_eden: 195035136 max_eden_size: 199229440 avg_young_live: 24994022
[34.247s][debug  ][gc,ergo        ] GC(125) PSAdaptiveSizePolicy::compute_eden_space_size: costs minor_time: 0.044761 major_cost: 0.051967 mutator_cost: 0.903272 throughput_goal: 0.990000
[34.247s][debug  ][gc,ergo        ] GC(125) Live_space: 1053441280 free_space: 1373634560
[34.247s][debug  ][gc,ergo        ] GC(125) Old eden_size: 198180864 desired_eden_size: 199229440
[34.247s][debug  ][gc,ergo        ] GC(125) AdaptiveSizeStop: collection: 126 
[34.247s][info   ][gc,heap        ] GC(125) PSYoungGen: 218722K(221696K)->30720K(225792K) Eden: 188002K(190464K)->0K(189440K) From: 30720K(31232K)->30720K(36352K)
[34.247s][info   ][gc,heap        ] GC(125) ParOldGen: 1015396K(1835008K)->1199716K(1835008K)
[34.247s][info   ][gc,metaspace   ] GC(125) Metaspace: 1022K(1216K)->1022K(1216K) NonClass: 938K(1024K)->938K(1024K) Class: 83K(192K)->83K(192K)
[34.247s][info   ][gc             ] GC(125) Pause Young (Allocation Failure) 1205M->1201M(2012M) 16.197ms
[34.247s][info   ][gc,cpu         ] GC(125) User=0.09s Sys=0.00s Real=0.02s
[34.247s][debug  ][gc,heap        ] GC(125) Heap after GC invocations=126 (full 20):
[34.247s][debug  ][gc,heap        ] GC(125)  PSYoungGen      total 225792K, used 30720K [0x00000000f0000000, 0x0000000100000000, 0x0000000100000000)
[34.247s][debug  ][gc,heap        ] GC(125)   eden space 189440K, 0% used [0x00000000f0000000,0x00000000f0000000,0x00000000fb900000)
[34.248s][debug  ][gc,heap        ] GC(125)   from space 36352K, 84% used [0x00000000fdc80000,0x00000000ffa80030,0x0000000100000000)
[34.248s][debug  ][gc,heap        ] GC(125)   to   space 36352K, 0% used [0x00000000fb900000,0x00000000fb900000,0x00000000fdc80000)
[34.248s][debug  ][gc,heap        ] GC(125)  ParOldGen       total 1835008K, used 1199716K [0x0000000080000000, 0x00000000f0000000, 0x00000000f0000000)
[34.248s][debug  ][gc,heap        ] GC(125)   object space 1835008K, 65% used [0x0000000080000000,0x00000000c9399268,0x00000000f0000000)
[34.248s][debug  ][gc,heap        ] GC(125)  Metaspace       used 1022K, committed 1216K, reserved 1056768K
[34.248s][debug  ][gc,heap        ] GC(125)   class space    used 83K, committed 192K, reserved 1048576K
[34.248s][debug  ][gc,task,time   ] GC(125) VM-Thread 342307820 342458142 342476323
[34.528s][debug  ][gc,heap        ] GC(126) Heap before GC invocations=127 (full 20):
[34.529s][debug  ][gc,heap        ] GC(126)  PSYoungGen      total 225792K, used 218720K [0x00000000f0000000, 0x0000000100000000, 0x0000000100000000)
[34.529s][debug  ][gc,heap        ] GC(126)   eden space 189440K, 99% used [0x00000000f0000000,0x00000000fb798330,0x00000000fb900000)
[34.529s][debug  ][gc,heap        ] GC(126)   from space 36352K, 84% used [0x00000000fdc80000,0x00000000ffa80030,0x0000000100000000)
[34.529s][debug  ][gc,heap        ] GC(126)   to   space 36352K, 0% used [0x00000000fb900000,0x00000000fb900000,0x00000000fdc80000)
[34.529s][debug  ][gc,heap        ] GC(126)  ParOldGen       total 1835008K, used 1199716K [0x0000000080000000, 0x00000000f0000000, 0x00000000f0000000)
[34.529s][debug  ][gc,heap        ] GC(126)   object space 1835008K, 65% used [0x0000000080000000,0x00000000c9399268,0x00000000f0000000)
[34.529s][debug  ][gc,heap        ] GC(126)  Metaspace       used 1022K, committed 1216K, reserved 1056768K
[34.529s][debug  ][gc,heap        ] GC(126)   class space    used 83K, committed 192K, reserved 1048576K
[34.529s][debug  ][gc,tlab        ] GC(126) TLAB totals: thrds: 1  refills: 1 max: 1 slow allocs: 17 max 17 waste: 26.4% gc: 3768848B max: 3768848B slow: 0B max: 0B
[34.529s][info   ][gc,start       ] GC(126) Pause Young (Allocation Failure)
[34.529s][debug  ][gc,phases,start] GC(126) Scavenge
[34.543s][debug  ][gc,phases      ] GC(126) Scavenge 14.245ms
[34.543s][debug  ][gc,phases,start] GC(126) Reference Processing
[34.543s][debug  ][gc,ref         ] GC(126) Skipped phase 1 of Reference Processing: no references
[34.543s][debug  ][gc,ref         ] GC(126) Skipped phase 2 of Reference Processing: no references
[34.543s][debug  ][gc,ref         ] GC(126) Skipped phase 3 of Reference Processing: no references
[34.543s][debug  ][gc,ref         ] GC(126) Skipped phase 4 of Reference Processing: no references
[34.543s][debug  ][gc,phases,ref  ] GC(126) Reference Processing: 0.1ms
[34.543s][debug  ][gc,phases,ref  ] GC(126)   Reconsider SoftReferences: 0.0ms
[34.543s][debug  ][gc,phases,ref  ] GC(126)     SoftRef (ms):                  skipped
[34.543s][debug  ][gc,phases,ref  ] GC(126)   Notify Soft/WeakReferences: 0.0ms
[34.543s][debug  ][gc,phases,ref  ] GC(126)     SoftRef (ms):                  skipped
[34.543s][debug  ][gc,phases,ref  ] GC(126)     WeakRef (ms):                  skipped
[34.543s][debug  ][gc,phases,ref  ] GC(126)     FinalRef (ms):                 skipped
[34.544s][debug  ][gc,phases,ref  ] GC(126)     Total (ms):                    skipped
[34.544s][debug  ][gc,phases,ref  ] GC(126)   Notify and keep alive finalizable: 0.0ms
[34.544s][debug  ][gc,phases,ref  ] GC(126)     FinalRef (ms):                 skipped
[34.544s][debug  ][gc,phases,ref  ] GC(126)   Notify PhantomReferences: 0.0ms
[34.544s][debug  ][gc,phases,ref  ] GC(126)     PhantomRef (ms):               skipped
[34.544s][debug  ][gc,phases,ref  ] GC(126)   SoftReference:
[34.544s][debug  ][gc,phases,ref  ] GC(126)     Discovered: 0
[34.544s][debug  ][gc,phases,ref  ] GC(126)     Cleared: 0
[34.544s][debug  ][gc,phases,ref  ] GC(126)   WeakReference:
[34.544s][debug  ][gc,phases,ref  ] GC(126)     Discovered: 0
[34.544s][debug  ][gc,phases,ref  ] GC(126)     Cleared: 0
[34.544s][debug  ][gc,phases,ref  ] GC(126)   FinalReference:
[34.544s][debug  ][gc,phases,ref  ] GC(126)     Discovered: 0
[34.544s][debug  ][gc,phases,ref  ] GC(126)     Cleared: 0
[34.544s][debug  ][gc,phases,ref  ] GC(126)   PhantomReference:
[34.544s][debug  ][gc,phases,ref  ] GC(126)     Discovered: 0
[34.544s][debug  ][gc,phases,ref  ] GC(126)     Cleared: 0
[34.544s][debug  ][gc,phases      ] GC(126) Reference Processing 0.760ms
[34.544s][debug  ][gc,phases,start] GC(126) Weak Processing
[34.544s][debug  ][gc,phases      ] GC(126)   VM Weak                        Min:  0.0, Avg:  0.0, Max:  0.0, Diff:  0.0, Sum:  0.0, Workers: 6
[34.544s][debug  ][gc,phases      ] GC(126)     Dead                           Min: 0, Avg:  0.0, Max: 0, Diff: 0, Sum: 0, Workers: 6
[34.544s][debug  ][gc,phases      ] GC(126)     Total                          Min: 0, Avg:  1.3, Max: 8, Diff: 8, Sum: 8, Workers: 6
[34.544s][debug  ][gc,phases      ] GC(126)   ObjectSynchronizer Weak        Min:  0.0, Avg:  0.0, Max:  0.0, Diff:  0.0, Sum:  0.0, Workers: 6
[34.544s][debug  ][gc,phases      ] GC(126)     Dead                           Min: 0, Avg:  0.0, Max: 0, Diff: 0, Sum: 0, Workers: 6
[34.544s][debug  ][gc,phases      ] GC(126)     Total                          Min: 0, Avg:  0.5, Max: 3, Diff: 3, Sum: 3, Workers: 6
[34.544s][debug  ][gc,phases      ] GC(126)   JVMTI Tag Weak OopStorage      Min:  0.0, Avg:  0.0, Max:  0.0, Diff:  0.0, Sum:  0.0, Workers: 6
[34.544s][debug  ][gc,phases      ] GC(126)     Dead                           Min: 0, Avg:  0.0, Max: 0, Diff: 0, Sum: 0, Workers: 6
[34.544s][debug  ][gc,phases      ] GC(126)     Total                          Min: 0, Avg:  0.0, Max: 0, Diff: 0, Sum: 0, Workers: 6
[34.544s][debug  ][gc,phases      ] GC(126)   StringTable Weak               Min:  0.0, Avg:  0.0, Max:  0.0, Diff:  0.0, Sum:  0.0, Workers: 6
[34.544s][debug  ][gc,phases      ] GC(126)     Dead                           Min: 0, Avg:  0.0, Max: 0, Diff: 0, Sum: 0, Workers: 6
[34.544s][debug  ][gc,phases      ] GC(126)     Total                          Min: 768, Avg: 891.8, Max: 1024, Diff: 256, Sum: 5351, Workers: 6
[34.544s][debug  ][gc,phases      ] GC(126)   ResolvedMethodTable Weak       Min:  0.0, Avg:  0.0, Max:  0.0, Diff:  0.0, Sum:  0.0, Workers: 6
[34.544s][debug  ][gc,phases      ] GC(126)     Dead                           Min: 0, Avg:  0.0, Max: 0, Diff: 0, Sum: 0, Workers: 6
[34.544s][debug  ][gc,phases      ] GC(126)     Total                          Min: 0, Avg: 21.7, Max: 64, Diff: 64, Sum: 130, Workers: 6
[34.545s][debug  ][gc,phases      ] GC(126)   JNI Weak                       Min:  0.0, Avg:  0.0, Max:  0.0, Diff:  0.0, Sum:  0.0, Workers: 6
[34.545s][debug  ][gc,phases      ] GC(126)     Dead                           Min: 0, Avg:  0.0, Max: 0, Diff: 0, Sum: 0, Workers: 6
[34.545s][debug  ][gc,phases      ] GC(126)     Total                          Min: 0, Avg:  0.0, Max: 0, Diff: 0, Sum: 0, Workers: 6
[34.545s][debug  ][gc,phases      ] GC(126)   StringDedup Table Weak         Min:  0.0, Avg:  0.0, Max:  0.0, Diff:  0.0, Sum:  0.0, Workers: 6
[34.545s][debug  ][gc,phases      ] GC(126)     Dead                           Min: 0, Avg:  0.0, Max: 0, Diff: 0, Sum: 0, Workers: 6
[34.545s][debug  ][gc,phases      ] GC(126)     Total                          Min: 0, Avg:  0.0, Max: 0, Diff: 0, Sum: 0, Workers: 6
[34.545s][debug  ][gc,phases      ] GC(126)   StringDedup Requests0 Weak     Min:  0.0, Avg:  0.0, Max:  0.0, Diff:  0.0, Sum:  0.0, Workers: 6
[34.545s][debug  ][gc,phases      ] GC(126)     Dead                           Min: 0, Avg:  0.0, Max: 0, Diff: 0, Sum: 0, Workers: 6
[34.545s][debug  ][gc,phases      ] GC(126)     Total                          Min: 0, Avg:  0.0, Max: 0, Diff: 0, Sum: 0, Workers: 6
[34.545s][debug  ][gc,phases      ] GC(126)   StringDedup Requests1 Weak     Min:  0.0, Avg:  0.0, Max:  0.0, Diff:  0.0, Sum:  0.0, Workers: 6
[34.545s][debug  ][gc,phases      ] GC(126)     Dead                           Min: 0, Avg:  0.0, Max: 0, Diff: 0, Sum: 0, Workers: 6
[34.545s][debug  ][gc,phases      ] GC(126)     Total                          Min: 0, Avg:  0.0, Max: 0, Diff: 0, Sum: 0, Workers: 6
[34.545s][debug  ][gc,phases      ] GC(126)   Weak JFR Old Object Samples    Min:  0.0, Avg:  0.0, Max:  0.0, Diff:  0.0, Sum:  0.0, Workers: 6
[34.545s][debug  ][gc,phases      ] GC(126)     Dead                           Min: 0, Avg:  0.0, Max: 0, Diff: 0, Sum: 0, Workers: 6
[34.545s][debug  ][gc,phases      ] GC(126)     Total                          Min: 0, Avg:  0.0, Max: 0, Diff: 0, Sum: 0, Workers: 6
[34.545s][debug  ][gc,phases      ] GC(126) Weak Processing 0.887ms
[34.545s][debug  ][gc,ergo        ] GC(126) AdaptiveSizeStart:  collection: 127 
[34.545s][debug  ][gc,ergo        ] GC(126) avg_survived_padded_avg: 36828508.000000
[34.545s][debug  ][gc,ergo        ] GC(126) avg_promoted_padded_avg: 248526000.000000  avg_pretenured_padded_avg: 0.000000  tenuring_thresh: 15  target_size: 37224448
[34.545s][debug  ][gc,age         ] GC(126) Desired survivor size 37224448 bytes, new threshold 15 (max threshold 15)
[34.545s][debug  ][gc,ergo        ] GC(126) PSAdaptiveSizePolicy::compute_eden_space_size limits: desired_eden_size: 212416548 old_eden_size: 199229440 eden_limit: 193986560 cur_eden: 193986560 max_eden_size: 193986560 avg_young_live: 25640352
[34.545s][debug  ][gc,ergo        ] GC(126) PSAdaptiveSizePolicy::compute_eden_space_size: costs minor_time: 0.047024 major_cost: 0.051967 mutator_cost: 0.901009 throughput_goal: 0.990000
[34.545s][debug  ][gc,ergo        ] GC(126) Live_space: 1054087680 free_space: 1374683136
[34.545s][debug  ][gc,ergo        ] GC(126) Old eden_size: 199229440 desired_eden_size: 193986560
[34.545s][debug  ][gc,ergo        ] GC(126) AdaptiveSizeStop: collection: 127 
[34.545s][info   ][gc,heap        ] GC(126) PSYoungGen: 218720K(225792K)->30720K(225792K) Eden: 188000K(189440K)->0K(189440K) From: 30720K(36352K)->30720K(36352K)
[34.545s][info   ][gc,heap        ] GC(126) ParOldGen: 1199716K(1835008K)->1384036K(1835008K)
[34.545s][info   ][gc,metaspace   ] GC(126) Metaspace: 1022K(1216K)->1022K(1216K) NonClass: 938K(1024K)->938K(1024K) Class: 83K(192K)->83K(192K)
[34.545s][info   ][gc             ] GC(126) Pause Young (Allocation Failure) 1385M->1381M(2012M) 16.395ms
[34.545s][info   ][gc,cpu         ] GC(126) User=0.09s Sys=0.00s Real=0.02s
[34.545s][debug  ][gc,heap        ] GC(126) Heap after GC invocations=127 (full 20):
[34.545s][debug  ][gc,heap        ] GC(126)  PSYoungGen      total 225792K, used 30720K [0x00000000f0000000, 0x0000000100000000, 0x0000000100000000)
[34.545s][debug  ][gc,heap        ] GC(126)   eden space 189440K, 0% used [0x00000000f0000000,0x00000000f0000000,0x00000000fb900000)
[34.545s][debug  ][gc,heap        ] GC(126)   from space 36352K, 84% used [0x00000000fb900000,0x00000000fd700030,0x00000000fdc80000)
[34.545s][debug  ][gc,heap        ] GC(126)   to   space 36352K, 0% used [0x00000000fdc80000,0x00000000fdc80000,0x0000000100000000)
[34.545s][debug  ][gc,heap        ] GC(126)  ParOldGen       total 1835008K, used 1384036K [0x0000000080000000, 0x00000000f0000000, 0x00000000f0000000)
[34.545s][debug  ][gc,heap        ] GC(126)   object space 1835008K, 75% used [0x0000000080000000,0x00000000d4799388,0x00000000f0000000)
[34.545s][debug  ][gc,heap        ] GC(126)  Metaspace       used 1022K, committed 1216K, reserved 1056768K
[34.545s][debug  ][gc,heap        ] GC(126)   class space    used 83K, committed 192K, reserved 1048576K
[34.545s][debug  ][gc,task,time   ] GC(126) VM-Thread 345284010 345432007 345454771
[34.828s][debug  ][gc,heap        ] GC(127) Heap before GC invocations=128 (full 20):
[34.828s][debug  ][gc,heap        ] GC(127)  PSYoungGen      total 225792K, used 218732K [0x00000000f0000000, 0x0000000100000000, 0x0000000100000000)
[34.828s][debug  ][gc,heap        ] GC(127)   eden space 189440K, 99% used [0x00000000f0000000,0x00000000fb79b2f0,0x00000000fb900000)
[34.828s][debug  ][gc,heap        ] GC(127)   from space 36352K, 84% used [0x00000000fb900000,0x00000000fd700030,0x00000000fdc80000)
[34.828s][debug  ][gc,heap        ] GC(127)   to   space 36352K, 0% used [0x00000000fdc80000,0x00000000fdc80000,0x0000000100000000)
[34.828s][debug  ][gc,heap        ] GC(127)  ParOldGen       total 1835008K, used 1384036K [0x0000000080000000, 0x00000000f0000000, 0x00000000f0000000)
[34.828s][debug  ][gc,heap        ] GC(127)   object space 1835008K, 75% used [0x0000000080000000,0x00000000d4799388,0x00000000f0000000)
[34.828s][debug  ][gc,heap        ] GC(127)  Metaspace       used 1022K, committed 1216K, reserved 1056768K
[34.828s][debug  ][gc,heap        ] GC(127)   class space    used 83K, committed 192K, reserved 1048576K
[34.828s][debug  ][gc,tlab        ] GC(127) TLAB totals: thrds: 1  refills: 1 max: 1 slow allocs: 17 max 17 waste: 26.5% gc: 3781072B max: 3781072B slow: 0B max: 0B
[34.828s][info   ][gc,start       ] GC(127) Pause Young (Allocation Failure)
[34.828s][debug  ][gc,phases,start] GC(127) Scavenge
[34.843s][debug  ][gc,phases      ] GC(127) Scavenge 14.548ms
[34.843s][debug  ][gc,phases,start] GC(127) Reference Processing
[34.843s][debug  ][gc,ref         ] GC(127) Skipped phase 1 of Reference Processing: no references
[34.843s][debug  ][gc,ref         ] GC(127) Skipped phase 2 of Reference Processing: no references
[34.843s][debug  ][gc,ref         ] GC(127) Skipped phase 3 of Reference Processing: no references
[34.843s][debug  ][gc,ref         ] GC(127) Skipped phase 4 of Reference Processing: no references
[34.843s][debug  ][gc,phases,ref  ] GC(127) Reference Processing: 0.1ms
[34.843s][debug  ][gc,phases,ref  ] GC(127)   Reconsider SoftReferences: 0.0ms
[34.843s][debug  ][gc,phases,ref  ] GC(127)     SoftRef (ms):                  skipped
[34.843s][debug  ][gc,phases,ref  ] GC(127)   Notify Soft/WeakReferences: 0.0ms
[34.843s][debug  ][gc,phases,ref  ] GC(127)     SoftRef (ms):                  skipped
[34.843s][debug  ][gc,phases,ref  ] GC(127)     WeakRef (ms):                  skipped
[34.843s][debug  ][gc,phases,ref  ] GC(127)     FinalRef (ms):                 skipped
[34.843s][debug  ][gc,phases,ref  ] GC(127)     Total (ms):                    skipped
[34.843s][debug  ][gc,phases,ref  ] GC(127)   Notify and keep alive finalizable: 0.0ms
[34.843s][debug  ][gc,phases,ref  ] GC(127)     FinalRef (ms):                 skipped
[34.843s][debug  ][gc,phases,ref  ] GC(127)   Notify PhantomReferences: 0.0ms
[34.843s][debug  ][gc,phases,ref  ] GC(127)     PhantomRef (ms):               skipped
[34.843s][debug  ][gc,phases,ref  ] GC(127)   SoftReference:
[34.843s][debug  ][gc,phases,ref  ] GC(127)     Discovered: 0
[34.843s][debug  ][gc,phases,ref  ] GC(127)     Cleared: 0
[34.843s][debug  ][gc,phases,ref  ] GC(127)   WeakReference:
[34.843s][debug  ][gc,phases,ref  ] GC(127)     Discovered: 0
[34.843s][debug  ][gc,phases,ref  ] GC(127)     Cleared: 0
[34.843s][debug  ][gc,phases,ref  ] GC(127)   FinalReference:
[34.843s][debug  ][gc,phases,ref  ] GC(127)     Discovered: 0
[34.843s][debug  ][gc,phases,ref  ] GC(127)     Cleared: 0
[34.843s][debug  ][gc,phases,ref  ] GC(127)   PhantomReference:
[34.843s][debug  ][gc,phases,ref  ] GC(127)     Discovered: 0
[34.843s][debug  ][gc,phases,ref  ] GC(127)     Cleared: 0
[34.843s][debug  ][gc,phases      ] GC(127) Reference Processing 0.640ms
[34.843s][debug  ][gc,phases,start] GC(127) Weak Processing
[34.843s][debug  ][gc,phases      ] GC(127)   VM Weak                        Min:  0.0, Avg:  0.0, Max:  0.0, Diff:  0.0, Sum:  0.0, Workers: 6
[34.843s][debug  ][gc,phases      ] GC(127)     Dead                           Min: 0, Avg:  0.0, Max: 0, Diff: 0, Sum: 0, Workers: 6
[34.843s][debug  ][gc,phases      ] GC(127)     Total                          Min: 0, Avg:  1.3, Max: 8, Diff: 8, Sum: 8, Workers: 6
[34.844s][debug  ][gc,phases      ] GC(127)   ObjectSynchronizer Weak        Min:  0.0, Avg:  0.0, Max:  0.0, Diff:  0.0, Sum:  0.0, Workers: 6
[34.844s][debug  ][gc,phases      ] GC(127)     Dead                           Min: 0, Avg:  0.0, Max: 0, Diff: 0, Sum: 0, Workers: 6
[34.844s][debug  ][gc,phases      ] GC(127)     Total                          Min: 0, Avg:  0.5, Max: 3, Diff: 3, Sum: 3, Workers: 6
[34.844s][debug  ][gc,phases      ] GC(127)   JVMTI Tag Weak OopStorage      Min:  0.0, Avg:  0.0, Max:  0.0, Diff:  0.0, Sum:  0.0, Workers: 6
[34.844s][debug  ][gc,phases      ] GC(127)     Dead                           Min: 0, Avg:  0.0, Max: 0, Diff: 0, Sum: 0, Workers: 6
[34.844s][debug  ][gc,phases      ] GC(127)     Total                          Min: 0, Avg:  0.0, Max: 0, Diff: 0, Sum: 0, Workers: 6
[34.844s][debug  ][gc,phases      ] GC(127)   StringTable Weak               Min:  0.0, Avg:  0.0, Max:  0.0, Diff:  0.0, Sum:  0.0, Workers: 6
[34.844s][debug  ][gc,phases      ] GC(127)     Dead                           Min: 0, Avg:  0.0, Max: 0, Diff: 0, Sum: 0, Workers: 6
[34.844s][debug  ][gc,phases      ] GC(127)     Total                          Min: 832, Avg: 891.8, Max: 960, Diff: 128, Sum: 5351, Workers: 6
[34.844s][debug  ][gc,phases      ] GC(127)   ResolvedMethodTable Weak       Min:  0.0, Avg:  0.0, Max:  0.0, Diff:  0.0, Sum:  0.0, Workers: 6
[34.844s][debug  ][gc,phases      ] GC(127)     Dead                           Min: 0, Avg:  0.0, Max: 0, Diff: 0, Sum: 0, Workers: 6
[34.844s][debug  ][gc,phases      ] GC(127)     Total                          Min: 0, Avg: 21.7, Max: 64, Diff: 64, Sum: 130, Workers: 6
[34.844s][debug  ][gc,phases      ] GC(127)   JNI Weak                       Min:  0.0, Avg:  0.0, Max:  0.0, Diff:  0.0, Sum:  0.0, Workers: 6
[34.844s][debug  ][gc,phases      ] GC(127)     Dead                           Min: 0, Avg:  0.0, Max: 0, Diff: 0, Sum: 0, Workers: 6
[34.844s][debug  ][gc,phases      ] GC(127)     Total                          Min: 0, Avg:  0.0, Max: 0, Diff: 0, Sum: 0, Workers: 6
[34.844s][debug  ][gc,phases      ] GC(127)   StringDedup Table Weak         Min:  0.0, Avg:  0.0, Max:  0.0, Diff:  0.0, Sum:  0.0, Workers: 6
[34.844s][debug  ][gc,phases      ] GC(127)     Dead                           Min: 0, Avg:  0.0, Max: 0, Diff: 0, Sum: 0, Workers: 6
[34.844s][debug  ][gc,phases      ] GC(127)     Total                          Min: 0, Avg:  0.0, Max: 0, Diff: 0, Sum: 0, Workers: 6
[34.844s][debug  ][gc,phases      ] GC(127)   StringDedup Requests0 Weak     Min:  0.0, Avg:  0.0, Max:  0.0, Diff:  0.0, Sum:  0.0, Workers: 6
[34.844s][debug  ][gc,phases      ] GC(127)     Dead                           Min: 0, Avg:  0.0, Max: 0, Diff: 0, Sum: 0, Workers: 6
[34.844s][debug  ][gc,phases      ] GC(127)     Total                          Min: 0, Avg:  0.0, Max: 0, Diff: 0, Sum: 0, Workers: 6
[34.844s][debug  ][gc,phases      ] GC(127)   StringDedup Requests1 Weak     Min:  0.0, Avg:  0.0, Max:  0.0, Diff:  0.0, Sum:  0.0, Workers: 6
[34.844s][debug  ][gc,phases      ] GC(127)     Dead                           Min: 0, Avg:  0.0, Max: 0, Diff: 0, Sum: 0, Workers: 6
[34.844s][debug  ][gc,phases      ] GC(127)     Total                          Min: 0, Avg:  0.0, Max: 0, Diff: 0, Sum: 0, Workers: 6
[34.844s][debug  ][gc,phases      ] GC(127)   Weak JFR Old Object Samples    Min:  0.0, Avg:  0.0, Max:  0.0, Diff:  0.0, Sum:  0.0, Workers: 6
[34.844s][debug  ][gc,phases      ] GC(127)     Dead                           Min: 0, Avg:  0.0, Max: 0, Diff: 0, Sum: 0, Workers: 6
[34.844s][debug  ][gc,phases      ] GC(127)     Total                          Min: 0, Avg:  0.0, Max: 0, Diff: 0, Sum: 0, Workers: 6
[34.844s][debug  ][gc,phases      ] GC(127) Weak Processing 0.944ms
[34.844s][debug  ][gc,ergo        ] GC(127) AdaptiveSizeStart:  collection: 128 
[34.844s][debug  ][gc,ergo        ] GC(127) avg_survived_padded_avg: 36770816.000000
[34.844s][debug  ][gc,ergo        ] GC(127) avg_promoted_padded_avg: 250421888.000000  avg_pretenured_padded_avg: 0.000000  tenuring_thresh: 15  target_size: 37224448
[34.844s][debug  ][gc,age         ] GC(127) Desired survivor size 37224448 bytes, new threshold 15 (max threshold 15)
[34.844s][debug  ][gc,ergo        ] GC(127) PSAdaptiveSizePolicy::compute_eden_space_size limits: desired_eden_size: 212782350 old_eden_size: 193986560 eden_limit: 193986560 cur_eden: 193986560 max_eden_size: 193986560 avg_young_live: 26222048
[34.844s][debug  ][gc,ergo        ] GC(127) PSAdaptiveSizePolicy::compute_eden_space_size: costs minor_time: 0.048834 major_cost: 0.051967 mutator_cost: 0.899199 throughput_goal: 0.990000
[34.844s][debug  ][gc,ergo        ] GC(127) Live_space: 1054669312 free_space: 1369440256
[34.844s][debug  ][gc,ergo        ] GC(127) Old eden_size: 193986560 desired_eden_size: 193986560
[34.845s][debug  ][gc,ergo        ] GC(127) AdaptiveSizeStop: collection: 128 
[34.845s][info   ][gc,heap        ] GC(127) PSYoungGen: 218732K(225792K)->30720K(225792K) Eden: 188012K(189440K)->0K(189440K) From: 30720K(36352K)->30720K(36352K)
[34.845s][info   ][gc,heap        ] GC(127) ParOldGen: 1384036K(1835008K)->1568357K(1835008K)
[34.845s][info   ][gc,metaspace   ] GC(127) Metaspace: 1022K(1216K)->1022K(1216K) NonClass: 938K(1024K)->938K(1024K) Class: 83K(192K)->83K(192K)
[34.845s][info   ][gc             ] GC(127) Pause Young (Allocation Failure) 1565M->1561M(2012M) 16.628ms
[34.845s][info   ][gc,cpu         ] GC(127) User=0.09s Sys=0.00s Real=0.02s
[34.845s][debug  ][gc,heap        ] GC(127) Heap after GC invocations=128 (full 20):
[34.845s][debug  ][gc,heap        ] GC(127)  PSYoungGen      total 225792K, used 30720K [0x00000000f0000000, 0x0000000100000000, 0x0000000100000000)
[34.845s][debug  ][gc,heap        ] GC(127)   eden space 189440K, 0% used [0x00000000f0000000,0x00000000f0000000,0x00000000fb900000)
[34.845s][debug  ][gc,heap        ] GC(127)   from space 36352K, 84% used [0x00000000fdc80000,0x00000000ffa80030,0x0000000100000000)
[34.845s][debug  ][gc,heap        ] GC(127)   to   space 36352K, 0% used [0x00000000fb900000,0x00000000fb900000,0x00000000fdc80000)
[34.845s][debug  ][gc,heap        ] GC(127)  ParOldGen       total 1835008K, used 1568357K [0x0000000080000000, 0x00000000f0000000, 0x00000000f0000000)
[34.845s][debug  ][gc,heap        ] GC(127)   object space 1835008K, 85% used [0x0000000080000000,0x00000000dfb994a8,0x00000000f0000000)
[34.845s][debug  ][gc,heap        ] GC(127)  Metaspace       used 1022K, committed 1216K, reserved 1056768K
[34.845s][debug  ][gc,heap        ] GC(127)   class space    used 83K, committed 192K, reserved 1048576K
[34.845s][debug  ][gc,task,time   ] GC(127) VM-Thread 348276384 348426784 348450134
[35.129s][debug  ][gc,heap        ] GC(128) Heap before GC invocations=129 (full 20):
[35.129s][debug  ][gc,heap        ] GC(128)  PSYoungGen      total 225792K, used 218740K [0x00000000f0000000, 0x0000000100000000, 0x0000000100000000)
[35.129s][debug  ][gc,heap        ] GC(128)   eden space 189440K, 99% used [0x00000000f0000000,0x00000000fb79d1a8,0x00000000fb900000)
[35.129s][debug  ][gc,heap        ] GC(128)   from space 36352K, 84% used [0x00000000fdc80000,0x00000000ffa80030,0x0000000100000000)
[35.129s][debug  ][gc,heap        ] GC(128)   to   space 36352K, 0% used [0x00000000fb900000,0x00000000fb900000,0x00000000fdc80000)
[35.129s][debug  ][gc,heap        ] GC(128)  ParOldGen       total 1835008K, used 1568357K [0x0000000080000000, 0x00000000f0000000, 0x00000000f0000000)
[35.129s][debug  ][gc,heap        ] GC(128)   object space 1835008K, 85% used [0x0000000080000000,0x00000000dfb994a8,0x00000000f0000000)
[35.129s][debug  ][gc,heap        ] GC(128)  Metaspace       used 1022K, committed 1216K, reserved 1056768K
[35.129s][debug  ][gc,heap        ] GC(128)   class space    used 83K, committed 192K, reserved 1048576K
[35.129s][debug  ][gc,tlab        ] GC(128) TLAB totals: thrds: 1  refills: 1 max: 1 slow allocs: 17 max 17 waste: 26.5% gc: 3788936B max: 3788936B slow: 0B max: 0B
[35.129s][info   ][gc,start       ] GC(128) Pause Young (Allocation Failure)
[35.129s][debug  ][gc,phases,start] GC(128) Scavenge
[35.146s][debug  ][gc,phases      ] GC(128) Scavenge 17.463ms
[35.146s][debug  ][gc,phases,start] GC(128) Reference Processing
[35.147s][debug  ][gc,ref         ] GC(128) Skipped phase 1 of Reference Processing: no references
[35.147s][debug  ][gc,ref         ] GC(128) Skipped phase 2 of Reference Processing: no references
[35.147s][debug  ][gc,ref         ] GC(128) Skipped phase 3 of Reference Processing: no references
[35.147s][debug  ][gc,ref         ] GC(128) Skipped phase 4 of Reference Processing: no references
[35.147s][debug  ][gc,phases,ref  ] GC(128) Reference Processing: 0.1ms
[35.147s][debug  ][gc,phases,ref  ] GC(128)   Reconsider SoftReferences: 0.0ms
[35.147s][debug  ][gc,phases,ref  ] GC(128)     SoftRef (ms):                  skipped
[35.147s][debug  ][gc,phases,ref  ] GC(128)   Notify Soft/WeakReferences: 0.0ms
[35.147s][debug  ][gc,phases,ref  ] GC(128)     SoftRef (ms):                  skipped
[35.147s][debug  ][gc,phases,ref  ] GC(128)     WeakRef (ms):                  skipped
[35.147s][debug  ][gc,phases,ref  ] GC(128)     FinalRef (ms):                 skipped
[35.147s][debug  ][gc,phases,ref  ] GC(128)     Total (ms):                    skipped
[35.147s][debug  ][gc,phases,ref  ] GC(128)   Notify and keep alive finalizable: 0.0ms
[35.147s][debug  ][gc,phases,ref  ] GC(128)     FinalRef (ms):                 skipped
[35.147s][debug  ][gc,phases,ref  ] GC(128)   Notify PhantomReferences: 0.0ms
[35.147s][debug  ][gc,phases,ref  ] GC(128)     PhantomRef (ms):               skipped
[35.147s][debug  ][gc,phases,ref  ] GC(128)   SoftReference:
[35.147s][debug  ][gc,phases,ref  ] GC(128)     Discovered: 0
[35.147s][debug  ][gc,phases,ref  ] GC(128)     Cleared: 0
[35.147s][debug  ][gc,phases,ref  ] GC(128)   WeakReference:
[35.147s][debug  ][gc,phases,ref  ] GC(128)     Discovered: 0
[35.147s][debug  ][gc,phases,ref  ] GC(128)     Cleared: 0
[35.147s][debug  ][gc,phases,ref  ] GC(128)   FinalReference:
[35.147s][debug  ][gc,phases,ref  ] GC(128)     Discovered: 0
[35.147s][debug  ][gc,phases,ref  ] GC(128)     Cleared: 0
[35.147s][debug  ][gc,phases,ref  ] GC(128)   PhantomReference:
[35.147s][debug  ][gc,phases,ref  ] GC(128)     Discovered: 0
[35.147s][debug  ][gc,phases,ref  ] GC(128)     Cleared: 0
[35.147s][debug  ][gc,phases      ] GC(128) Reference Processing 0.575ms
[35.147s][debug  ][gc,phases,start] GC(128) Weak Processing
[35.147s][debug  ][gc,phases      ] GC(128)   VM Weak                        Min:  0.0, Avg:  0.0, Max:  0.0, Diff:  0.0, Sum:  0.0, Workers: 6
[35.147s][debug  ][gc,phases      ] GC(128)     Dead                           Min: 0, Avg:  0.0, Max: 0, Diff: 0, Sum: 0, Workers: 6
[35.147s][debug  ][gc,phases      ] GC(128)     Total                          Min: 0, Avg:  1.3, Max: 8, Diff: 8, Sum: 8, Workers: 6
[35.147s][debug  ][gc,phases      ] GC(128)   ObjectSynchronizer Weak        Min:  0.0, Avg:  0.0, Max:  0.0, Diff:  0.0, Sum:  0.0, Workers: 6
[35.147s][debug  ][gc,phases      ] GC(128)     Dead                           Min: 0, Avg:  0.0, Max: 0, Diff: 0, Sum: 0, Workers: 6
[35.147s][debug  ][gc,phases      ] GC(128)     Total                          Min: 0, Avg:  0.5, Max: 3, Diff: 3, Sum: 3, Workers: 6
[35.147s][debug  ][gc,phases      ] GC(128)   JVMTI Tag Weak OopStorage      Min:  0.0, Avg:  0.0, Max:  0.0, Diff:  0.0, Sum:  0.0, Workers: 6
[35.147s][debug  ][gc,phases      ] GC(128)     Dead                           Min: 0, Avg:  0.0, Max: 0, Diff: 0, Sum: 0, Workers: 6
[35.147s][debug  ][gc,phases      ] GC(128)     Total                          Min: 0, Avg:  0.0, Max: 0, Diff: 0, Sum: 0, Workers: 6
[35.147s][debug  ][gc,phases      ] GC(128)   StringTable Weak               Min:  0.0, Avg:  0.0, Max:  0.0, Diff:  0.0, Sum:  0.0, Workers: 6
[35.147s][debug  ][gc,phases      ] GC(128)     Dead                           Min: 0, Avg:  0.0, Max: 0, Diff: 0, Sum: 0, Workers: 6
[35.147s][debug  ][gc,phases      ] GC(128)     Total                          Min: 576, Avg: 891.8, Max: 1023, Diff: 447, Sum: 5351, Workers: 6
[35.147s][debug  ][gc,phases      ] GC(128)   ResolvedMethodTable Weak       Min:  0.0, Avg:  0.0, Max:  0.0, Diff:  0.0, Sum:  0.0, Workers: 6
[35.147s][debug  ][gc,phases      ] GC(128)     Dead                           Min: 0, Avg:  0.0, Max: 0, Diff: 0, Sum: 0, Workers: 6
[35.147s][debug  ][gc,phases      ] GC(128)     Total                          Min: 0, Avg: 21.7, Max: 64, Diff: 64, Sum: 130, Workers: 6
[35.147s][debug  ][gc,phases      ] GC(128)   JNI Weak                       Min:  0.0, Avg:  0.0, Max:  0.0, Diff:  0.0, Sum:  0.0, Workers: 6
[35.147s][debug  ][gc,phases      ] GC(128)     Dead                           Min: 0, Avg:  0.0, Max: 0, Diff: 0, Sum: 0, Workers: 6
[35.147s][debug  ][gc,phases      ] GC(128)     Total                          Min: 0, Avg:  0.0, Max: 0, Diff: 0, Sum: 0, Workers: 6
[35.148s][debug  ][gc,phases      ] GC(128)   StringDedup Table Weak         Min:  0.0, Avg:  0.0, Max:  0.0, Diff:  0.0, Sum:  0.0, Workers: 6
[35.148s][debug  ][gc,phases      ] GC(128)     Dead                           Min: 0, Avg:  0.0, Max: 0, Diff: 0, Sum: 0, Workers: 6
[35.148s][debug  ][gc,phases      ] GC(128)     Total                          Min: 0, Avg:  0.0, Max: 0, Diff: 0, Sum: 0, Workers: 6
[35.148s][debug  ][gc,phases      ] GC(128)   StringDedup Requests0 Weak     Min:  0.0, Avg:  0.0, Max:  0.0, Diff:  0.0, Sum:  0.0, Workers: 6
[35.148s][debug  ][gc,phases      ] GC(128)     Dead                           Min: 0, Avg:  0.0, Max: 0, Diff: 0, Sum: 0, Workers: 6
[35.148s][debug  ][gc,phases      ] GC(128)     Total                          Min: 0, Avg:  0.0, Max: 0, Diff: 0, Sum: 0, Workers: 6
[35.148s][debug  ][gc,phases      ] GC(128)   StringDedup Requests1 Weak     Min:  0.0, Avg:  0.0, Max:  0.0, Diff:  0.0, Sum:  0.0, Workers: 6
[35.148s][debug  ][gc,phases      ] GC(128)     Dead                           Min: 0, Avg:  0.0, Max: 0, Diff: 0, Sum: 0, Workers: 6
[35.148s][debug  ][gc,phases      ] GC(128)     Total                          Min: 0, Avg:  0.0, Max: 0, Diff: 0, Sum: 0, Workers: 6
[35.148s][debug  ][gc,phases      ] GC(128)   Weak JFR Old Object Samples    Min:  0.0, Avg:  0.0, Max:  0.0, Diff:  0.0, Sum:  0.0, Workers: 6
[35.148s][debug  ][gc,phases      ] GC(128)     Dead                           Min: 0, Avg:  0.0, Max: 0, Diff: 0, Sum: 0, Workers: 6
[35.148s][debug  ][gc,phases      ] GC(128)     Total                          Min: 0, Avg:  0.0, Max: 0, Diff: 0, Sum: 0, Workers: 6
[35.148s][debug  ][gc,phases      ] GC(128) Weak Processing 0.735ms
[35.148s][debug  ][gc,ergo        ] GC(128) AdaptiveSizeStart:  collection: 129 
[35.148s][debug  ][gc,ergo        ] GC(128) avg_survived_padded_avg: 36670952.000000
[35.148s][debug  ][gc,ergo        ] GC(128) avg_promoted_padded_avg: 251340784.000000  avg_pretenured_padded_avg: 0.000000  tenuring_thresh: 15  target_size: 36700160
[35.148s][debug  ][gc,age         ] GC(128) Desired survivor size 36700160 bytes, new threshold 15 (max threshold 15)
[35.148s][debug  ][gc,ergo        ] GC(128) PSAdaptiveSizePolicy::compute_eden_space_size limits: desired_eden_size: 213423552 old_eden_size: 193986560 eden_limit: 193986560 cur_eden: 193986560 max_eden_size: 193986560 avg_young_live: 26745576
[35.148s][debug  ][gc,ergo        ] GC(128) PSAdaptiveSizePolicy::compute_eden_space_size: costs minor_time: 0.052173 major_cost: 0.051967 mutator_cost: 0.895860 throughput_goal: 0.990000
[35.148s][debug  ][gc,ergo        ] GC(128) Live_space: 1055192832 free_space: 1369440256
[35.148s][debug  ][gc,ergo        ] GC(128) Old eden_size: 193986560 desired_eden_size: 193986560
[35.148s][debug  ][gc,ergo        ] GC(128) AdaptiveSizeStop: collection: 129 
[35.148s][info   ][gc,heap        ] GC(128) PSYoungGen: 218740K(225792K)->30720K(225792K) Eden: 188020K(189440K)->0K(189440K) From: 30720K(36352K)->30720K(36352K)
[35.148s][info   ][gc,heap        ] GC(128) ParOldGen: 1568357K(1835008K)->1752677K(1835008K)
[35.148s][info   ][gc,metaspace   ] GC(128) Metaspace: 1022K(1216K)->1022K(1216K) NonClass: 938K(1024K)->938K(1024K) Class: 83K(192K)->83K(192K)
[35.148s][info   ][gc             ] GC(128) Pause Young (Allocation Failure) 1745M->1741M(2012M) 19.258ms
[35.148s][info   ][gc,cpu         ] GC(128) User=0.06s Sys=0.00s Real=0.02s
[35.148s][debug  ][gc,heap        ] GC(128) Heap after GC invocations=129 (full 20):
[35.148s][debug  ][gc,heap        ] GC(128)  PSYoungGen      total 225792K, used 30720K [0x00000000f0000000, 0x0000000100000000, 0x0000000100000000)
[35.148s][debug  ][gc,heap        ] GC(128)   eden space 189440K, 0% used [0x00000000f0000000,0x00000000f0000000,0x00000000fb900000)
[35.148s][debug  ][gc,heap        ] GC(128)   from space 36352K, 84% used [0x00000000fb900000,0x00000000fd700030,0x00000000fdc80000)
[35.148s][debug  ][gc,heap        ] GC(128)   to   space 35840K, 0% used [0x00000000fdd00000,0x00000000fdd00000,0x0000000100000000)
[35.148s][debug  ][gc,heap        ] GC(128)  ParOldGen       total 1835008K, used 1752677K [0x0000000080000000, 0x00000000f0000000, 0x00000000f0000000)
[35.148s][debug  ][gc,heap        ] GC(128)   object space 1835008K, 95% used [0x0000000080000000,0x00000000eaf995c8,0x00000000f0000000)
[35.148s][debug  ][gc,heap        ] GC(128)  Metaspace       used 1022K, committed 1216K, reserved 1056768K
[35.148s][debug  ][gc,heap        ] GC(128)   class space    used 83K, committed 192K, reserved 1048576K
[35.148s][debug  ][gc,task,time   ] GC(128) VM-Thread 351286277 351464874 351484205
[35.148s][debug  ][gc,phases,start] GC(129) Pre Compact
[35.148s][debug  ][gc,heap        ] GC(129) Heap before GC invocations=130 (full 21):
[35.148s][debug  ][gc,heap        ] GC(129)  PSYoungGen      total 225792K, used 30720K [0x00000000f0000000, 0x0000000100000000, 0x0000000100000000)
[35.149s][debug  ][gc,heap        ] GC(129)   eden space 189440K, 0% used [0x00000000f0000000,0x00000000f0000000,0x00000000fb900000)
[35.149s][debug  ][gc,heap        ] GC(129)   from space 36352K, 84% used [0x00000000fb900000,0x00000000fd700030,0x00000000fdc80000)
[35.149s][debug  ][gc,heap        ] GC(129)   to   space 35840K, 0% used [0x00000000fdd00000,0x00000000fdd00000,0x0000000100000000)
[35.149s][debug  ][gc,heap        ] GC(129)  ParOldGen       total 1835008K, used 1752677K [0x0000000080000000, 0x00000000f0000000, 0x00000000f0000000)
[35.149s][debug  ][gc,heap        ] GC(129)   object space 1835008K, 95% used [0x0000000080000000,0x00000000eaf995c8,0x00000000f0000000)
[35.149s][debug  ][gc,heap        ] GC(129)  Metaspace       used 1022K, committed 1216K, reserved 1056768K
[35.149s][debug  ][gc,heap        ] GC(129)   class space    used 83K, committed 192K, reserved 1048576K
[35.149s][debug  ][gc,phases      ] GC(129) Pre Compact 0.267ms
[35.149s][info   ][gc,start       ] GC(129) Pause Full (Ergonomics)
[35.149s][info   ][gc,phases,start] GC(129) Marking Phase
[35.149s][debug  ][gc,phases,start] GC(129) Par Mark
[35.149s][debug  ][gc,phases      ] GC(129) Par Mark 0.523ms
[35.149s][debug  ][gc,phases,start] GC(129) Reference Processing
[35.149s][debug  ][gc,ref         ] GC(129) Skipped phase 1 of Reference Processing: no references
[35.149s][debug  ][gc,ref         ] GC(129) ReferenceProcessor::execute queues: 1, RefProcThreadModel::Single, marks_oops_alive: false
[35.149s][debug  ][gc,ref         ] GC(129) Skipped phase 3 of Reference Processing: no references
[35.149s][debug  ][gc,ref         ] GC(129) ReferenceProcessor::execute queues: 1, RefProcThreadModel::Single, marks_oops_alive: false
[35.149s][debug  ][gc,phases,ref  ] GC(129) Reference Processing: 0.1ms
[35.149s][debug  ][gc,phases,ref  ] GC(129)   Reconsider SoftReferences: 0.0ms
[35.150s][debug  ][gc,phases,ref  ] GC(129)     SoftRef (ms):                  skipped
[35.150s][debug  ][gc,phases,ref  ] GC(129)   Notify Soft/WeakReferences: 0.0ms
[35.150s][debug  ][gc,phases,ref  ] GC(129)     SoftRef (ms):                  Min:  0.0, Avg:  0.0, Max:  0.0, Diff:  0.0, Sum:  0.0, Workers: 6
[35.150s][debug  ][gc,phases,ref  ] GC(129)     WeakRef (ms):                  Min:  0.0, Avg:  0.0, Max:  0.0, Diff:  0.0, Sum:  0.0, Workers: 6
[35.150s][debug  ][gc,phases,ref  ] GC(129)     FinalRef (ms):                 Min:  0.0, Avg:  0.0, Max:  0.0, Diff:  0.0, Sum:  0.0, Workers: 6
[35.150s][debug  ][gc,phases,ref  ] GC(129)     Total (ms):                    Min:  0.0, Avg:  0.0, Max:  0.0, Diff:  0.0, Sum:  0.0, Workers: 6
[35.150s][debug  ][gc,phases,ref  ] GC(129)   Notify and keep alive finalizable: 0.0ms
[35.150s][debug  ][gc,phases,ref  ] GC(129)     FinalRef (ms):                 skipped
[35.150s][debug  ][gc,phases,ref  ] GC(129)   Notify PhantomReferences: 0.0ms
[35.150s][debug  ][gc,phases,ref  ] GC(129)     PhantomRef (ms):               Min:  0.0, Avg:  0.0, Max:  0.0, Diff:  0.0, Sum:  0.0, Workers: 6
[35.150s][debug  ][gc,phases,ref  ] GC(129)   SoftReference:
[35.150s][debug  ][gc,phases,ref  ] GC(129)     Discovered: 0
[35.150s][debug  ][gc,phases,ref  ] GC(129)     Cleared: 0
[35.150s][debug  ][gc,phases,ref  ] GC(129)   WeakReference:
[35.150s][debug  ][gc,phases,ref  ] GC(129)     Discovered: 108
[35.150s][debug  ][gc,phases,ref  ] GC(129)     Cleared: 108
[35.150s][debug  ][gc,phases,ref  ] GC(129)   FinalReference:
[35.150s][debug  ][gc,phases,ref  ] GC(129)     Discovered: 0
[35.150s][debug  ][gc,phases,ref  ] GC(129)     Cleared: 0
[35.150s][debug  ][gc,phases,ref  ] GC(129)   PhantomReference:
[35.150s][debug  ][gc,phases,ref  ] GC(129)     Discovered: 3
[35.150s][debug  ][gc,phases,ref  ] GC(129)     Cleared: 3
[35.150s][debug  ][gc,phases      ] GC(129) Reference Processing 0.582ms
[35.150s][debug  ][gc,phases,start] GC(129) Weak Processing
[35.150s][debug  ][gc,phases      ] GC(129)   VM Weak                        Min:  0.0, Avg:  0.0, Max:  0.0, Diff:  0.0, Sum:  0.0, Workers: 6
[35.150s][debug  ][gc,phases      ] GC(129)     Dead                           Min: 0, Avg:  0.0, Max: 0, Diff: 0, Sum: 0, Workers: 6
[35.150s][debug  ][gc,phases      ] GC(129)     Total                          Min: 0, Avg:  1.3, Max: 8, Diff: 8, Sum: 8, Workers: 6
[35.150s][debug  ][gc,phases      ] GC(129)   ObjectSynchronizer Weak        Min:  0.0, Avg:  0.0, Max:  0.0, Diff:  0.0, Sum:  0.0, Workers: 6
[35.150s][debug  ][gc,phases      ] GC(129)     Dead                           Min: 0, Avg:  0.0, Max: 0, Diff: 0, Sum: 0, Workers: 6
[35.150s][debug  ][gc,phases      ] GC(129)     Total                          Min: 0, Avg:  0.5, Max: 3, Diff: 3, Sum: 3, Workers: 6
[35.150s][debug  ][gc,phases      ] GC(129)   JVMTI Tag Weak OopStorage      Min:  0.0, Avg:  0.0, Max:  0.0, Diff:  0.0, Sum:  0.0, Workers: 6
[35.150s][debug  ][gc,phases      ] GC(129)     Dead                           Min: 0, Avg:  0.0, Max: 0, Diff: 0, Sum: 0, Workers: 6
[35.150s][debug  ][gc,phases      ] GC(129)     Total                          Min: 0, Avg:  0.0, Max: 0, Diff: 0, Sum: 0, Workers: 6
[35.150s][debug  ][gc,phases      ] GC(129)   StringTable Weak               Min:  0.0, Avg:  0.0, Max:  0.0, Diff:  0.0, Sum:  0.0, Workers: 6
[35.150s][debug  ][gc,phases      ] GC(129)     Dead                           Min: 0, Avg:  0.0, Max: 0, Diff: 0, Sum: 0, Workers: 6
[35.150s][debug  ][gc,phases      ] GC(129)     Total                          Min: 703, Avg: 891.8, Max: 1088, Diff: 385, Sum: 5351, Workers: 6
[35.150s][debug  ][gc,phases      ] GC(129)   ResolvedMethodTable Weak       Min:  0.0, Avg:  0.0, Max:  0.0, Diff:  0.0, Sum:  0.0, Workers: 6
[35.150s][debug  ][gc,phases      ] GC(129)     Dead                           Min: 0, Avg:  0.0, Max: 0, Diff: 0, Sum: 0, Workers: 6
[35.150s][debug  ][gc,phases      ] GC(129)     Total                          Min: 0, Avg: 21.7, Max: 64, Diff: 64, Sum: 130, Workers: 6
[35.150s][debug  ][gc,phases      ] GC(129)   JNI Weak                       Min:  0.0, Avg:  0.0, Max:  0.0, Diff:  0.0, Sum:  0.0, Workers: 6
[35.150s][debug  ][gc,phases      ] GC(129)     Dead                           Min: 0, Avg:  0.0, Max: 0, Diff: 0, Sum: 0, Workers: 6
[35.150s][debug  ][gc,phases      ] GC(129)     Total                          Min: 0, Avg:  0.0, Max: 0, Diff: 0, Sum: 0, Workers: 6
[35.150s][debug  ][gc,phases      ] GC(129)   StringDedup Table Weak         Min:  0.0, Avg:  0.0, Max:  0.0, Diff:  0.0, Sum:  0.0, Workers: 6
[35.150s][debug  ][gc,phases      ] GC(129)     Dead                           Min: 0, Avg:  0.0, Max: 0, Diff: 0, Sum: 0, Workers: 6
[35.150s][debug  ][gc,phases      ] GC(129)     Total                          Min: 0, Avg:  0.0, Max: 0, Diff: 0, Sum: 0, Workers: 6
[35.150s][debug  ][gc,phases      ] GC(129)   StringDedup Requests0 Weak     Min:  0.0, Avg:  0.0, Max:  0.0, Diff:  0.0, Sum:  0.0, Workers: 6
[35.150s][debug  ][gc,phases      ] GC(129)     Dead                           Min: 0, Avg:  0.0, Max: 0, Diff: 0, Sum: 0, Workers: 6
[35.150s][debug  ][gc,phases      ] GC(129)     Total                          Min: 0, Avg:  0.0, Max: 0, Diff: 0, Sum: 0, Workers: 6
[35.150s][debug  ][gc,phases      ] GC(129)   StringDedup Requests1 Weak     Min:  0.0, Avg:  0.0, Max:  0.0, Diff:  0.0, Sum:  0.0, Workers: 6
[35.151s][debug  ][gc,phases      ] GC(129)     Dead                           Min: 0, Avg:  0.0, Max: 0, Diff: 0, Sum: 0, Workers: 6
[35.151s][debug  ][gc,phases      ] GC(129)     Total                          Min: 0, Avg:  0.0, Max: 0, Diff: 0, Sum: 0, Workers: 6
[35.151s][debug  ][gc,phases      ] GC(129)   Weak JFR Old Object Samples    Min:  0.0, Avg:  0.0, Max:  0.0, Diff:  0.0, Sum:  0.0, Workers: 6
[35.151s][debug  ][gc,phases      ] GC(129)     Dead                           Min: 0, Avg:  0.0, Max: 0, Diff: 0, Sum: 0, Workers: 6
[35.151s][debug  ][gc,phases      ] GC(129)     Total                          Min: 0, Avg:  0.0, Max: 0, Diff: 0, Sum: 0, Workers: 6
[35.151s][debug  ][gc,phases      ] GC(129) Weak Processing 0.663ms
[35.151s][debug  ][gc,phases,start] GC(129) Class Unloading
[35.151s][debug  ][gc,phases,start] GC(129) ClassLoaderData
[35.151s][debug  ][gc,phases      ] GC(129) ClassLoaderData 0.019ms
[35.151s][debug  ][gc,phases,start] GC(129) Trigger cleanups
[35.151s][debug  ][gc,phases      ] GC(129) Trigger cleanups 0.018ms
[35.151s][debug  ][gc,phases      ] GC(129) Class Unloading 0.251ms
[35.151s][info   ][gc,phases      ] GC(129) Marking Phase 2.140ms
[35.151s][info   ][gc,phases,start] GC(129) Summary Phase
[35.151s][info   ][gc,phases      ] GC(129) Summary Phase 0.040ms
[35.151s][info   ][gc,phases,start] GC(129) Adjust Roots
[35.151s][info   ][gc,phases      ] GC(129) Adjust Roots 0.147ms
[35.151s][info   ][gc,phases,start] GC(129) Compaction Phase
[35.260s][info   ][gc,phases      ] GC(129) Compaction Phase 108.946ms
[35.260s][info   ][gc,phases,start] GC(129) Post Compact
[35.266s][info   ][gc,phases      ] GC(129) Post Compact 6.132ms
[35.266s][debug  ][gc,ergo        ] GC(129) AdaptiveSizeStart: collection: 130 
[35.266s][debug  ][gc,ergo        ] GC(129) PSAdaptiveSizePolicy::compute_eden_space_size limits: desired_eden_size: 212995763 old_eden_size: 193986560 eden_limit: 194510848 cur_eden: 193986560 max_eden_size: 194510848 avg_young_live: 24071020
[35.267s][debug  ][gc,ergo        ] GC(129) PSAdaptiveSizePolicy::compute_eden_space_size: costs minor_time: 0.052173 major_cost: 0.054311 mutator_cost: 0.893517 throughput_goal: 0.990000
[35.267s][debug  ][gc,ergo        ] GC(129) Live_space: 1052518272 free_space: 1369440256
[35.267s][debug  ][gc,ergo        ] GC(129) Old eden_size: 193986560 desired_eden_size: 194510848
[35.267s][debug  ][gc,ergo        ] GC(129) PSAdaptiveSizePolicy::compute_old_gen_free_space limits: desired_promo_size: 1295519381 promo_limit: 1175453696 free_in_old_gen: 1099449600 max_old_gen_size: 1879048192 avg_old_live: 779598656
[35.267s][debug  ][gc,ergo        ] GC(129) PSAdaptiveSizePolicy::compute_old_gen_free_space: costs minor_time: 0.052173 major_cost: 0.054311  mutator_cost: 0.893517 throughput_goal: 0.990000
[35.267s][debug  ][gc,ergo        ] GC(129) Live_space: 1072105088 free_space: 1369964544
[35.267s][debug  ][gc,ergo        ] GC(129) Old promo_size: 1175453696 desired_promo_size: 1175453696
[35.267s][debug  ][gc,ergo        ] GC(129) AdaptiveSizeStop: collection: 130 
[35.267s][info   ][gc,heap        ] GC(129) PSYoungGen: 30720K(225792K)->0K(226304K) Eden: 0K(189440K)->0K(190464K) From: 30720K(36352K)->0K(35840K)
[35.267s][info   ][gc,heap        ] GC(129) ParOldGen: 1752677K(1835008K)->933476K(1835008K)
[35.267s][info   ][gc,metaspace   ] GC(129) Metaspace: 1022K(1216K)->1022K(1216K) NonClass: 938K(1024K)->938K(1024K) Class: 83K(192K)->83K(192K)
[35.267s][info   ][gc             ] GC(129) Pause Full (Ergonomics) 1741M->911M(2013M) 118.076ms
[35.267s][info   ][gc,cpu         ] GC(129) User=0.62s Sys=0.00s Real=0.12s
[35.267s][debug  ][gc,heap        ] GC(129) Heap after GC invocations=130 (full 21):
[35.267s][debug  ][gc,heap        ] GC(129)  PSYoungGen      total 226304K, used 0K [0x00000000f0000000, 0x0000000100000000, 0x0000000100000000)
[35.267s][debug  ][gc,heap        ] GC(129)   eden space 190464K, 0% used [0x00000000f0000000,0x00000000f0000000,0x00000000fba00000)
[35.267s][debug  ][gc,heap        ] GC(129)   from space 35840K, 0% used [0x00000000fdd00000,0x00000000fdd00000,0x0000000100000000)
[35.267s][debug  ][gc,heap        ] GC(129)   to   space 35840K, 0% used [0x00000000fba00000,0x00000000fba00000,0x00000000fdd00000)
[35.267s][debug  ][gc,heap        ] GC(129)  ParOldGen       total 1835008K, used 933476K [0x0000000080000000, 0x00000000f0000000, 0x00000000f0000000)
[35.267s][debug  ][gc,heap        ] GC(129)   object space 1835008K, 50% used [0x0000000080000000,0x00000000b8f990c8,0x00000000f0000000)
[35.267s][debug  ][gc,heap        ] GC(129)  Metaspace       used 1022K, committed 1216K, reserved 1056768K
[35.267s][debug  ][gc,heap        ] GC(129)   class space    used 83K, committed 192K, reserved 1048576K
[35.267s][debug  ][gc,task,time   ] GC(129) VM-Thread 351487688 351511942 352668898
[35.555s][debug  ][gc,heap        ] GC(130) Heap before GC invocations=131 (full 21):
[35.555s][debug  ][gc,heap        ] GC(130)  PSYoungGen      total 226304K, used 188045K [0x00000000f0000000, 0x0000000100000000, 0x0000000100000000)
[35.555s][debug  ][gc,heap        ] GC(130)   eden space 190464K, 98% used [0x00000000f0000000,0x00000000fb7a3580,0x00000000fba00000)
[35.555s][debug  ][gc,heap        ] GC(130)   from space 35840K, 0% used [0x00000000fdd00000,0x00000000fdd00000,0x0000000100000000)
[35.556s][debug  ][gc,heap        ] GC(130)   to   space 35840K, 0% used [0x00000000fba00000,0x00000000fba00000,0x00000000fdd00000)
[35.556s][debug  ][gc,heap        ] GC(130)  ParOldGen       total 1835008K, used 933476K [0x0000000080000000, 0x00000000f0000000, 0x00000000f0000000)
[35.556s][debug  ][gc,heap        ] GC(130)   object space 1835008K, 50% used [0x0000000080000000,0x00000000b8f990c8,0x00000000f0000000)
[35.556s][debug  ][gc,heap        ] GC(130)  Metaspace       used 1022K, committed 1216K, reserved 1056768K
[35.556s][debug  ][gc,heap        ] GC(130)   class space    used 83K, committed 192K, reserved 1048576K
[35.556s][debug  ][gc,tlab        ] GC(130) TLAB totals: thrds: 1  refills: 1 max: 1 slow allocs: 17 max 17 waste: 26.7% gc: 3813432B max: 3813432B slow: 0B max: 0B
[35.556s][info   ][gc,start       ] GC(130) Pause Young (Allocation Failure)
[35.556s][debug  ][gc,phases,start] GC(130) Scavenge
[35.562s][debug  ][gc,phases      ] GC(130) Scavenge 6.327ms
[35.562s][debug  ][gc,phases,start] GC(130) Reference Processing
[35.562s][debug  ][gc,ref         ] GC(130) Skipped phase 1 of Reference Processing: no references
[35.562s][debug  ][gc,ref         ] GC(130) Skipped phase 2 of Reference Processing: no references
[35.562s][debug  ][gc,ref         ] GC(130) Skipped phase 3 of Reference Processing: no references
[35.562s][debug  ][gc,ref         ] GC(130) Skipped phase 4 of Reference Processing: no references
[35.562s][debug  ][gc,phases,ref  ] GC(130) Reference Processing: 0.1ms
[35.562s][debug  ][gc,phases,ref  ] GC(130)   Reconsider SoftReferences: 0.0ms
[35.562s][debug  ][gc,phases,ref  ] GC(130)     SoftRef (ms):                  skipped
[35.562s][debug  ][gc,phases,ref  ] GC(130)   Notify Soft/WeakReferences: 0.0ms
[35.562s][debug  ][gc,phases,ref  ] GC(130)     SoftRef (ms):                  skipped
[35.563s][debug  ][gc,phases,ref  ] GC(130)     WeakRef (ms):                  skipped
[35.563s][debug  ][gc,phases,ref  ] GC(130)     FinalRef (ms):                 skipped
[35.563s][debug  ][gc,phases,ref  ] GC(130)     Total (ms):                    skipped
[35.563s][debug  ][gc,phases,ref  ] GC(130)   Notify and keep alive finalizable: 0.0ms
[35.563s][debug  ][gc,phases,ref  ] GC(130)     FinalRef (ms):                 skipped
[35.563s][debug  ][gc,phases,ref  ] GC(130)   Notify PhantomReferences: 0.0ms
[35.563s][debug  ][gc,phases,ref  ] GC(130)     PhantomRef (ms):               skipped
[35.563s][debug  ][gc,phases,ref  ] GC(130)   SoftReference:
[35.563s][debug  ][gc,phases,ref  ] GC(130)     Discovered: 0
[35.563s][debug  ][gc,phases,ref  ] GC(130)     Cleared: 0
[35.563s][debug  ][gc,phases,ref  ] GC(130)   WeakReference:
[35.563s][debug  ][gc,phases,ref  ] GC(130)     Discovered: 0
[35.563s][debug  ][gc,phases,ref  ] GC(130)     Cleared: 0
[35.563s][debug  ][gc,phases,ref  ] GC(130)   FinalReference:
[35.563s][debug  ][gc,phases,ref  ] GC(130)     Discovered: 0
[35.563s][debug  ][gc,phases,ref  ] GC(130)     Cleared: 0
[35.563s][debug  ][gc,phases,ref  ] GC(130)   PhantomReference:
[35.563s][debug  ][gc,phases,ref  ] GC(130)     Discovered: 0
[35.563s][debug  ][gc,phases,ref  ] GC(130)     Cleared: 0
[35.563s][debug  ][gc,phases      ] GC(130) Reference Processing 1.011ms
[35.563s][debug  ][gc,phases,start] GC(130) Weak Processing
[35.563s][debug  ][gc,phases      ] GC(130)   VM Weak                        Min:  0.0, Avg:  0.0, Max:  0.0, Diff:  0.0, Sum:  0.0, Workers: 6
[35.563s][debug  ][gc,phases      ] GC(130)     Dead                           Min: 0, Avg:  0.0, Max: 0, Diff: 0, Sum: 0, Workers: 6
[35.563s][debug  ][gc,phases      ] GC(130)     Total                          Min: 0, Avg:  1.3, Max: 8, Diff: 8, Sum: 8, Workers: 6
[35.563s][debug  ][gc,phases      ] GC(130)   ObjectSynchronizer Weak        Min:  0.0, Avg:  0.0, Max:  0.0, Diff:  0.0, Sum:  0.0, Workers: 6
[35.563s][debug  ][gc,phases      ] GC(130)     Dead                           Min: 0, Avg:  0.0, Max: 0, Diff: 0, Sum: 0, Workers: 6
[35.563s][debug  ][gc,phases      ] GC(130)     Total                          Min: 0, Avg:  0.5, Max: 3, Diff: 3, Sum: 3, Workers: 6
[35.564s][debug  ][gc,phases      ] GC(130)   JVMTI Tag Weak OopStorage      Min:  0.0, Avg:  0.0, Max:  0.0, Diff:  0.0, Sum:  0.0, Workers: 6
[35.564s][debug  ][gc,phases      ] GC(130)     Dead                           Min: 0, Avg:  0.0, Max: 0, Diff: 0, Sum: 0, Workers: 6
[35.564s][debug  ][gc,phases      ] GC(130)     Total                          Min: 0, Avg:  0.0, Max: 0, Diff: 0, Sum: 0, Workers: 6
[35.564s][debug  ][gc,phases      ] GC(130)   StringTable Weak               Min:  0.0, Avg:  0.0, Max:  0.0, Diff:  0.0, Sum:  0.1, Workers: 6
[35.564s][debug  ][gc,phases      ] GC(130)     Dead                           Min: 0, Avg:  0.0, Max: 0, Diff: 0, Sum: 0, Workers: 6
[35.564s][debug  ][gc,phases      ] GC(130)     Total                          Min: 767, Avg: 891.8, Max: 1088, Diff: 321, Sum: 5351, Workers: 6
[35.564s][debug  ][gc,phases      ] GC(130)   ResolvedMethodTable Weak       Min:  0.0, Avg:  0.0, Max:  0.0, Diff:  0.0, Sum:  0.0, Workers: 6
[35.564s][debug  ][gc,phases      ] GC(130)     Dead                           Min: 0, Avg:  0.0, Max: 0, Diff: 0, Sum: 0, Workers: 6
[35.564s][debug  ][gc,phases      ] GC(130)     Total                          Min: 0, Avg: 21.7, Max: 64, Diff: 64, Sum: 130, Workers: 6
[35.564s][debug  ][gc,phases      ] GC(130)   JNI Weak                       Min:  0.0, Avg:  0.0, Max:  0.0, Diff:  0.0, Sum:  0.0, Workers: 6
[35.564s][debug  ][gc,phases      ] GC(130)     Dead                           Min: 0, Avg:  0.0, Max: 0, Diff: 0, Sum: 0, Workers: 6
[35.564s][debug  ][gc,phases      ] GC(130)     Total                          Min: 0, Avg:  0.0, Max: 0, Diff: 0, Sum: 0, Workers: 6
[35.564s][debug  ][gc,phases      ] GC(130)   StringDedup Table Weak         Min:  0.0, Avg:  0.0, Max:  0.0, Diff:  0.0, Sum:  0.0, Workers: 6
[35.564s][debug  ][gc,phases      ] GC(130)     Dead                           Min: 0, Avg:  0.0, Max: 0, Diff: 0, Sum: 0, Workers: 6
[35.564s][debug  ][gc,phases      ] GC(130)     Total                          Min: 0, Avg:  0.0, Max: 0, Diff: 0, Sum: 0, Workers: 6
[35.564s][debug  ][gc,phases      ] GC(130)   StringDedup Requests0 Weak     Min:  0.0, Avg:  0.0, Max:  0.0, Diff:  0.0, Sum:  0.0, Workers: 6
[35.564s][debug  ][gc,phases      ] GC(130)     Dead                           Min: 0, Avg:  0.0, Max: 0, Diff: 0, Sum: 0, Workers: 6
[35.564s][debug  ][gc,phases      ] GC(130)     Total                          Min: 0, Avg:  0.0, Max: 0, Diff: 0, Sum: 0, Workers: 6
[35.564s][debug  ][gc,phases      ] GC(130)   StringDedup Requests1 Weak     Min:  0.0, Avg:  0.0, Max:  0.0, Diff:  0.0, Sum:  0.0, Workers: 6
[35.564s][debug  ][gc,phases      ] GC(130)     Dead                           Min: 0, Avg:  0.0, Max: 0, Diff: 0, Sum: 0, Workers: 6
[35.564s][debug  ][gc,phases      ] GC(130)     Total                          Min: 0, Avg:  0.0, Max: 0, Diff: 0, Sum: 0, Workers: 6
[35.564s][debug  ][gc,phases      ] GC(130)   Weak JFR Old Object Samples    Min:  0.0, Avg:  0.0, Max:  0.0, Diff:  0.0, Sum:  0.0, Workers: 6
[35.564s][debug  ][gc,phases      ] GC(130)     Dead                           Min: 0, Avg:  0.0, Max: 0, Diff: 0, Sum: 0, Workers: 6
[35.564s][debug  ][gc,phases      ] GC(130)     Total                          Min: 0, Avg:  0.0, Max: 0, Diff: 0, Sum: 0, Workers: 6
[35.564s][debug  ][gc,phases      ] GC(130) Weak Processing 1.222ms
[35.564s][debug  ][gc,ergo        ] GC(130) AdaptiveSizeStart:  collection: 131 
[35.564s][debug  ][gc,ergo        ] GC(130) avg_survived_padded_avg: 36537928.000000
[35.565s][debug  ][gc,ergo        ] GC(130) avg_promoted_padded_avg: 260094080.000000  avg_pretenured_padded_avg: 0.000000  tenuring_thresh: 15  target_size: 36700160
[35.565s][debug  ][gc,age         ] GC(130) Desired survivor size 36700160 bytes, new threshold 15 (max threshold 15)
[35.565s][debug  ][gc,ergo        ] GC(130) PSAdaptiveSizePolicy::compute_eden_space_size limits: desired_eden_size: 212709426 old_eden_size: 194510848 eden_limit: 195035136 cur_eden: 195035136 max_eden_size: 195035136 avg_young_live: 24809650
[35.565s][debug  ][gc,ergo        ] GC(130) PSAdaptiveSizePolicy::compute_eden_space_size: costs minor_time: 0.044343 major_cost: 0.054311 mutator_cost: 0.901347 throughput_goal: 0.990000
[35.565s][debug  ][gc,ergo        ] GC(130) Live_space: 1072843776 free_space: 1369964544
[35.565s][debug  ][gc,ergo        ] GC(130) Old eden_size: 194510848 desired_eden_size: 195035136
[35.565s][debug  ][gc,ergo        ] GC(130) AdaptiveSizeStop: collection: 131 
[35.565s][info   ][gc,heap        ] GC(130) PSYoungGen: 188045K(226304K)->30720K(226304K) Eden: 188045K(190464K)->0K(190464K) From: 0K(35840K)->30720K(35840K)
[35.565s][info   ][gc,heap        ] GC(130) ParOldGen: 933476K(1835008K)->994916K(1835008K)
[35.565s][info   ][gc,metaspace   ] GC(130) Metaspace: 1022K(1216K)->1022K(1216K) NonClass: 938K(1024K)->938K(1024K) Class: 83K(192K)->83K(192K)
[35.565s][info   ][gc             ] GC(130) Pause Young (Allocation Failure) 1095M->1001M(2013M) 9.174ms
[35.565s][info   ][gc,cpu         ] GC(130) User=0.00s Sys=0.00s Real=0.01s
[35.565s][debug  ][gc,heap        ] GC(130) Heap after GC invocations=131 (full 21):
[35.565s][debug  ][gc,heap        ] GC(130)  PSYoungGen      total 226304K, used 30720K [0x00000000f0000000, 0x0000000100000000, 0x0000000100000000)
[35.565s][debug  ][gc,heap        ] GC(130)   eden space 190464K, 0% used [0x00000000f0000000,0x00000000f0000000,0x00000000fba00000)
[35.565s][debug  ][gc,heap        ] GC(130)   from space 35840K, 85% used [0x00000000fba00000,0x00000000fd800030,0x00000000fdd00000)
[35.565s][debug  ][gc,heap        ] GC(130)   to   space 35840K, 0% used [0x00000000fdd00000,0x00000000fdd00000,0x0000000100000000)
[35.565s][debug  ][gc,heap        ] GC(130)  ParOldGen       total 1835008K, used 994916K [0x0000000080000000, 0x00000000f0000000, 0x00000000f0000000)
[35.565s][debug  ][gc,heap        ] GC(130)   object space 1835008K, 54% used [0x0000000080000000,0x00000000bcb99128,0x00000000f0000000)
[35.565s][debug  ][gc,heap        ] GC(130)  Metaspace       used 1022K, committed 1216K, reserved 1056768K
[35.565s][debug  ][gc,heap        ] GC(130)   class space    used 83K, committed 192K, reserved 1048576K
[35.565s][debug  ][gc,task,time   ] GC(130) VM-Thread 355553379 355621635 355653236
[35.856s][debug  ][gc,heap        ] GC(131) Heap before GC invocations=132 (full 21):
[35.856s][debug  ][gc,heap        ] GC(131)  PSYoungGen      total 226304K, used 218695K [0x00000000f0000000, 0x0000000100000000, 0x0000000100000000)
[35.856s][debug  ][gc,heap        ] GC(131)   eden space 190464K, 98% used [0x00000000f0000000,0x00000000fb791f50,0x00000000fba00000)
[35.856s][debug  ][gc,heap        ] GC(131)   from space 35840K, 85% used [0x00000000fba00000,0x00000000fd800030,0x00000000fdd00000)
[35.856s][debug  ][gc,heap        ] GC(131)   to   space 35840K, 0% used [0x00000000fdd00000,0x00000000fdd00000,0x0000000100000000)
[35.856s][debug  ][gc,heap        ] GC(131)  ParOldGen       total 1835008K, used 994916K [0x0000000080000000, 0x00000000f0000000, 0x00000000f0000000)
[35.856s][debug  ][gc,heap        ] GC(131)   object space 1835008K, 54% used [0x0000000080000000,0x00000000bcb99128,0x00000000f0000000)
[35.856s][debug  ][gc,heap        ] GC(131)  Metaspace       used 1022K, committed 1216K, reserved 1056768K
[35.856s][debug  ][gc,heap        ] GC(131)   class space    used 83K, committed 192K, reserved 1048576K
[35.856s][debug  ][gc,tlab        ] GC(131) TLAB totals: thrds: 1  refills: 1 max: 1 slow allocs: 17 max 17 waste: 26.3% gc: 3743280B max: 3743280B slow: 0B max: 0B
[35.856s][info   ][gc,start       ] GC(131) Pause Young (Allocation Failure)
[35.856s][debug  ][gc,phases,start] GC(131) Scavenge
[35.870s][debug  ][gc,phases      ] GC(131) Scavenge 13.813ms
[35.870s][debug  ][gc,phases,start] GC(131) Reference Processing
[35.870s][debug  ][gc,ref         ] GC(131) Skipped phase 1 of Reference Processing: no references
[35.870s][debug  ][gc,ref         ] GC(131) Skipped phase 2 of Reference Processing: no references
[35.870s][debug  ][gc,ref         ] GC(131) Skipped phase 3 of Reference Processing: no references
[35.870s][debug  ][gc,ref         ] GC(131) Skipped phase 4 of Reference Processing: no references
[35.870s][debug  ][gc,phases,ref  ] GC(131) Reference Processing: 0.1ms
[35.870s][debug  ][gc,phases,ref  ] GC(131)   Reconsider SoftReferences: 0.0ms
[35.870s][debug  ][gc,phases,ref  ] GC(131)     SoftRef (ms):                  skipped
[35.870s][debug  ][gc,phases,ref  ] GC(131)   Notify Soft/WeakReferences: 0.0ms
[35.870s][debug  ][gc,phases,ref  ] GC(131)     SoftRef (ms):                  skipped
[35.870s][debug  ][gc,phases,ref  ] GC(131)     WeakRef (ms):                  skipped
[35.870s][debug  ][gc,phases,ref  ] GC(131)     FinalRef (ms):                 skipped
[35.870s][debug  ][gc,phases,ref  ] GC(131)     Total (ms):                    skipped
[35.870s][debug  ][gc,phases,ref  ] GC(131)   Notify and keep alive finalizable: 0.0ms
[35.870s][debug  ][gc,phases,ref  ] GC(131)     FinalRef (ms):                 skipped
[35.870s][debug  ][gc,phases,ref  ] GC(131)   Notify PhantomReferences: 0.0ms
[35.870s][debug  ][gc,phases,ref  ] GC(131)     PhantomRef (ms):               skipped
[35.870s][debug  ][gc,phases,ref  ] GC(131)   SoftReference:
[35.870s][debug  ][gc,phases,ref  ] GC(131)     Discovered: 0
[35.870s][debug  ][gc,phases,ref  ] GC(131)     Cleared: 0
[35.870s][debug  ][gc,phases,ref  ] GC(131)   WeakReference:
[35.871s][debug  ][gc,phases,ref  ] GC(131)     Discovered: 0
[35.871s][debug  ][gc,phases,ref  ] GC(131)     Cleared: 0
[35.871s][debug  ][gc,phases,ref  ] GC(131)   FinalReference:
[35.871s][debug  ][gc,phases,ref  ] GC(131)     Discovered: 0
[35.871s][debug  ][gc,phases,ref  ] GC(131)     Cleared: 0
[35.871s][debug  ][gc,phases,ref  ] GC(131)   PhantomReference:
[35.871s][debug  ][gc,phases,ref  ] GC(131)     Discovered: 0
[35.871s][debug  ][gc,phases,ref  ] GC(131)     Cleared: 0
[35.871s][debug  ][gc,phases      ] GC(131) Reference Processing 0.804ms
[35.871s][debug  ][gc,phases,start] GC(131) Weak Processing
[35.871s][debug  ][gc,phases      ] GC(131)   VM Weak                        Min:  0.0, Avg:  0.0, Max:  0.0, Diff:  0.0, Sum:  0.0, Workers: 6
[35.871s][debug  ][gc,phases      ] GC(131)     Dead                           Min: 0, Avg:  0.0, Max: 0, Diff: 0, Sum: 0, Workers: 6
[35.871s][debug  ][gc,phases      ] GC(131)     Total                          Min: 0, Avg:  1.3, Max: 8, Diff: 8, Sum: 8, Workers: 6
[35.871s][debug  ][gc,phases      ] GC(131)   ObjectSynchronizer Weak        Min:  0.0, Avg:  0.0, Max:  0.0, Diff:  0.0, Sum:  0.0, Workers: 6
[35.871s][debug  ][gc,phases      ] GC(131)     Dead                           Min: 0, Avg:  0.0, Max: 0, Diff: 0, Sum: 0, Workers: 6
[35.871s][debug  ][gc,phases      ] GC(131)     Total                          Min: 0, Avg:  0.5, Max: 3, Diff: 3, Sum: 3, Workers: 6
[35.871s][debug  ][gc,phases      ] GC(131)   JVMTI Tag Weak OopStorage      Min:  0.0, Avg:  0.0, Max:  0.0, Diff:  0.0, Sum:  0.0, Workers: 6
[35.871s][debug  ][gc,phases      ] GC(131)     Dead                           Min: 0, Avg:  0.0, Max: 0, Diff: 0, Sum: 0, Workers: 6
[35.871s][debug  ][gc,phases      ] GC(131)     Total                          Min: 0, Avg:  0.0, Max: 0, Diff: 0, Sum: 0, Workers: 6
[35.871s][debug  ][gc,phases      ] GC(131)   StringTable Weak               Min:  0.0, Avg:  0.0, Max:  0.0, Diff:  0.0, Sum:  0.0, Workers: 6
[35.871s][debug  ][gc,phases      ] GC(131)     Dead                           Min: 0, Avg:  0.0, Max: 0, Diff: 0, Sum: 0, Workers: 6
[35.871s][debug  ][gc,phases      ] GC(131)     Total                          Min: 704, Avg: 891.8, Max: 1216, Diff: 512, Sum: 5351, Workers: 6
[35.871s][debug  ][gc,phases      ] GC(131)   ResolvedMethodTable Weak       Min:  0.0, Avg:  0.0, Max:  0.0, Diff:  0.0, Sum:  0.0, Workers: 6
[35.871s][debug  ][gc,phases      ] GC(131)     Dead                           Min: 0, Avg:  0.0, Max: 0, Diff: 0, Sum: 0, Workers: 6
[35.871s][debug  ][gc,phases      ] GC(131)     Total                          Min: 0, Avg: 21.7, Max: 64, Diff: 64, Sum: 130, Workers: 6
[35.871s][debug  ][gc,phases      ] GC(131)   JNI Weak                       Min:  0.0, Avg:  0.0, Max:  0.0, Diff:  0.0, Sum:  0.0, Workers: 6
[35.871s][debug  ][gc,phases      ] GC(131)     Dead                           Min: 0, Avg:  0.0, Max: 0, Diff: 0, Sum: 0, Workers: 6
[35.871s][debug  ][gc,phases      ] GC(131)     Total                          Min: 0, Avg:  0.0, Max: 0, Diff: 0, Sum: 0, Workers: 6
[35.871s][debug  ][gc,phases      ] GC(131)   StringDedup Table Weak         Min:  0.0, Avg:  0.0, Max:  0.0, Diff:  0.0, Sum:  0.0, Workers: 6
[35.871s][debug  ][gc,phases      ] GC(131)     Dead                           Min: 0, Avg:  0.0, Max: 0, Diff: 0, Sum: 0, Workers: 6
[35.871s][debug  ][gc,phases      ] GC(131)     Total                          Min: 0, Avg:  0.0, Max: 0, Diff: 0, Sum: 0, Workers: 6
[35.871s][debug  ][gc,phases      ] GC(131)   StringDedup Requests0 Weak     Min:  0.0, Avg:  0.0, Max:  0.0, Diff:  0.0, Sum:  0.0, Workers: 6
[35.872s][debug  ][gc,phases      ] GC(131)     Dead                           Min: 0, Avg:  0.0, Max: 0, Diff: 0, Sum: 0, Workers: 6
[35.872s][debug  ][gc,phases      ] GC(131)     Total                          Min: 0, Avg:  0.0, Max: 0, Diff: 0, Sum: 0, Workers: 6
[35.872s][debug  ][gc,phases      ] GC(131)   StringDedup Requests1 Weak     Min:  0.0, Avg:  0.0, Max:  0.0, Diff:  0.0, Sum:  0.0, Workers: 6
[35.872s][debug  ][gc,phases      ] GC(131)     Dead                           Min: 0, Avg:  0.0, Max: 0, Diff: 0, Sum: 0, Workers: 6
[35.872s][debug  ][gc,phases      ] GC(131)     Total                          Min: 0, Avg:  0.0, Max: 0, Diff: 0, Sum: 0, Workers: 6
[35.872s][debug  ][gc,phases      ] GC(131)   Weak JFR Old Object Samples    Min:  0.0, Avg:  0.0, Max:  0.0, Diff:  0.0, Sum:  0.0, Workers: 6
[35.872s][debug  ][gc,phases      ] GC(131)     Dead                           Min: 0, Avg:  0.0, Max: 0, Diff: 0, Sum: 0, Workers: 6
[35.872s][debug  ][gc,phases      ] GC(131)     Total                          Min: 0, Avg:  0.0, Max: 0, Diff: 0, Sum: 0, Workers: 6
[35.872s][debug  ][gc,phases      ] GC(131) Weak Processing 1.022ms
[35.872s][debug  ][gc,ergo        ] GC(131) AdaptiveSizeStart:  collection: 132 
[35.872s][debug  ][gc,ergo        ] GC(131) avg_survived_padded_avg: 36379368.000000
[35.872s][debug  ][gc,ergo        ] GC(131) avg_promoted_padded_avg: 262096672.000000  avg_pretenured_padded_avg: 0.000000  tenuring_thresh: 15  target_size: 36700160
[35.872s][debug  ][gc,age         ] GC(131) Desired survivor size 36700160 bytes, new threshold 15 (max threshold 15)
[35.872s][debug  ][gc,ergo        ] GC(131) PSAdaptiveSizePolicy::compute_eden_space_size limits: desired_eden_size: 213086873 old_eden_size: 195035136 eden_limit: 195035136 cur_eden: 195035136 max_eden_size: 195035136 avg_young_live: 25474418
[35.872s][debug  ][gc,ergo        ] GC(131) PSAdaptiveSizePolicy::compute_eden_space_size: costs minor_time: 0.046093 major_cost: 0.054311 mutator_cost: 0.899596 throughput_goal: 0.990000
[35.872s][debug  ][gc,ergo        ] GC(131) Live_space: 1073508544 free_space: 1370488832
[35.872s][debug  ][gc,ergo        ] GC(131) Old eden_size: 195035136 desired_eden_size: 195035136
[35.872s][debug  ][gc,ergo        ] GC(131) AdaptiveSizeStop: collection: 132 
[35.872s][info   ][gc,heap        ] GC(131) PSYoungGen: 218695K(226304K)->30720K(226304K) Eden: 187975K(190464K)->0K(190464K) From: 30720K(35840K)->30720K(35840K)
[35.872s][info   ][gc,heap        ] GC(131) ParOldGen: 994916K(1835008K)->1179236K(1835008K)
[35.872s][info   ][gc,metaspace   ] GC(131) Metaspace: 1022K(1216K)->1022K(1216K) NonClass: 938K(1024K)->938K(1024K) Class: 83K(192K)->83K(192K)
[35.872s][info   ][gc             ] GC(131) Pause Young (Allocation Failure) 1185M->1181M(2013M) 16.168ms
[35.872s][info   ][gc,cpu         ] GC(131) User=0.09s Sys=0.00s Real=0.02s
[35.872s][debug  ][gc,heap        ] GC(131) Heap after GC invocations=132 (full 21):
[35.872s][debug  ][gc,heap        ] GC(131)  PSYoungGen      total 226304K, used 30720K [0x00000000f0000000, 0x0000000100000000, 0x0000000100000000)
[35.872s][debug  ][gc,heap        ] GC(131)   eden space 190464K, 0% used [0x00000000f0000000,0x00000000f0000000,0x00000000fba00000)
[35.872s][debug  ][gc,heap        ] GC(131)   from space 35840K, 85% used [0x00000000fdd00000,0x00000000ffb00030,0x0000000100000000)
[35.872s][debug  ][gc,heap        ] GC(131)   to   space 35840K, 0% used [0x00000000fba00000,0x00000000fba00000,0x00000000fdd00000)
[35.872s][debug  ][gc,heap        ] GC(131)  ParOldGen       total 1835008K, used 1179236K [0x0000000080000000, 0x00000000f0000000, 0x00000000f0000000)
[35.872s][debug  ][gc,heap        ] GC(131)   object space 1835008K, 64% used [0x0000000080000000,0x00000000c7f99248,0x00000000f0000000)
[35.872s][debug  ][gc,heap        ] GC(131)  Metaspace       used 1022K, committed 1216K, reserved 1056768K
[35.872s][debug  ][gc,heap        ] GC(131)   class space    used 83K, committed 192K, reserved 1048576K
[35.872s][debug  ][gc,task,time   ] GC(131) VM-Thread 358555143 358698927 358724214
[36.157s][debug  ][gc,heap        ] GC(132) Heap before GC invocations=133 (full 21):
[36.157s][debug  ][gc,heap        ] GC(132)  PSYoungGen      total 226304K, used 218723K [0x00000000f0000000, 0x0000000100000000, 0x0000000100000000)
[36.157s][debug  ][gc,heap        ] GC(132)   eden space 190464K, 98% used [0x00000000f0000000,0x00000000fb798ed8,0x00000000fba00000)
[36.157s][debug  ][gc,heap        ] GC(132)   from space 35840K, 85% used [0x00000000fdd00000,0x00000000ffb00030,0x0000000100000000)
[36.157s][debug  ][gc,heap        ] GC(132)   to   space 35840K, 0% used [0x00000000fba00000,0x00000000fba00000,0x00000000fdd00000)
[36.157s][debug  ][gc,heap        ] GC(132)  ParOldGen       total 1835008K, used 1179236K [0x0000000080000000, 0x00000000f0000000, 0x00000000f0000000)
[36.157s][debug  ][gc,heap        ] GC(132)   object space 1835008K, 64% used [0x0000000080000000,0x00000000c7f99248,0x00000000f0000000)
[36.158s][debug  ][gc,heap        ] GC(132)  Metaspace       used 1022K, committed 1216K, reserved 1056768K
[36.158s][debug  ][gc,heap        ] GC(132)   class space    used 83K, committed 192K, reserved 1048576K
[36.158s][debug  ][gc,tlab        ] GC(132) TLAB totals: thrds: 1  refills: 1 max: 1 slow allocs: 17 max 17 waste: 26.5% gc: 3771832B max: 3771832B slow: 0B max: 0B
[36.158s][info   ][gc,start       ] GC(132) Pause Young (Allocation Failure)
[36.158s][debug  ][gc,phases,start] GC(132) Scavenge
[36.171s][debug  ][gc,phases      ] GC(132) Scavenge 13.656ms
[36.171s][debug  ][gc,phases,start] GC(132) Reference Processing
[36.172s][debug  ][gc,ref         ] GC(132) Skipped phase 1 of Reference Processing: no references
[36.172s][debug  ][gc,ref         ] GC(132) Skipped phase 2 of Reference Processing: no references
[36.172s][debug  ][gc,ref         ] GC(132) Skipped phase 3 of Reference Processing: no references
[36.172s][debug  ][gc,ref         ] GC(132) Skipped phase 4 of Reference Processing: no references
[36.172s][debug  ][gc,phases,ref  ] GC(132) Reference Processing: 0.1ms
[36.172s][debug  ][gc,phases,ref  ] GC(132)   Reconsider SoftReferences: 0.0ms
[36.172s][debug  ][gc,phases,ref  ] GC(132)     SoftRef (ms):                  skipped
[36.172s][debug  ][gc,phases,ref  ] GC(132)   Notify Soft/WeakReferences: 0.0ms
[36.172s][debug  ][gc,phases,ref  ] GC(132)     SoftRef (ms):                  skipped
[36.172s][debug  ][gc,phases,ref  ] GC(132)     WeakRef (ms):                  skipped
[36.172s][debug  ][gc,phases,ref  ] GC(132)     FinalRef (ms):                 skipped
[36.172s][debug  ][gc,phases,ref  ] GC(132)     Total (ms):                    skipped
[36.172s][debug  ][gc,phases,ref  ] GC(132)   Notify and keep alive finalizable: 0.0ms
[36.172s][debug  ][gc,phases,ref  ] GC(132)     FinalRef (ms):                 skipped
[36.172s][debug  ][gc,phases,ref  ] GC(132)   Notify PhantomReferences: 0.0ms
[36.172s][debug  ][gc,phases,ref  ] GC(132)     PhantomRef (ms):               skipped
[36.172s][debug  ][gc,phases,ref  ] GC(132)   SoftReference:
[36.172s][debug  ][gc,phases,ref  ] GC(132)     Discovered: 0
[36.172s][debug  ][gc,phases,ref  ] GC(132)     Cleared: 0
[36.172s][debug  ][gc,phases,ref  ] GC(132)   WeakReference:
[36.172s][debug  ][gc,phases,ref  ] GC(132)     Discovered: 0
[36.172s][debug  ][gc,phases,ref  ] GC(132)     Cleared: 0
[36.172s][debug  ][gc,phases,ref  ] GC(132)   FinalReference:
[36.172s][debug  ][gc,phases,ref  ] GC(132)     Discovered: 0
[36.172s][debug  ][gc,phases,ref  ] GC(132)     Cleared: 0
[36.172s][debug  ][gc,phases,ref  ] GC(132)   PhantomReference:
[36.172s][debug  ][gc,phases,ref  ] GC(132)     Discovered: 0
[36.172s][debug  ][gc,phases,ref  ] GC(132)     Cleared: 0
[36.172s][debug  ][gc,phases      ] GC(132) Reference Processing 0.688ms
[36.172s][debug  ][gc,phases,start] GC(132) Weak Processing
[36.172s][debug  ][gc,phases      ] GC(132)   VM Weak                        Min:  0.0, Avg:  0.0, Max:  0.0, Diff:  0.0, Sum:  0.0, Workers: 6
[36.172s][debug  ][gc,phases      ] GC(132)     Dead                           Min: 0, Avg:  0.0, Max: 0, Diff: 0, Sum: 0, Workers: 6
[36.172s][debug  ][gc,phases      ] GC(132)     Total                          Min: 0, Avg:  1.3, Max: 8, Diff: 8, Sum: 8, Workers: 6
[36.172s][debug  ][gc,phases      ] GC(132)   ObjectSynchronizer Weak        Min:  0.0, Avg:  0.0, Max:  0.0, Diff:  0.0, Sum:  0.0, Workers: 6
[36.172s][debug  ][gc,phases      ] GC(132)     Dead                           Min: 0, Avg:  0.0, Max: 0, Diff: 0, Sum: 0, Workers: 6
[36.172s][debug  ][gc,phases      ] GC(132)     Total                          Min: 0, Avg:  0.5, Max: 3, Diff: 3, Sum: 3, Workers: 6
[36.172s][debug  ][gc,phases      ] GC(132)   JVMTI Tag Weak OopStorage      Min:  0.0, Avg:  0.0, Max:  0.0, Diff:  0.0, Sum:  0.0, Workers: 6
[36.173s][debug  ][gc,phases      ] GC(132)     Dead                           Min: 0, Avg:  0.0, Max: 0, Diff: 0, Sum: 0, Workers: 6
[36.173s][debug  ][gc,phases      ] GC(132)     Total                          Min: 0, Avg:  0.0, Max: 0, Diff: 0, Sum: 0, Workers: 6
[36.173s][debug  ][gc,phases      ] GC(132)   StringTable Weak               Min:  0.0, Avg:  0.0, Max:  0.0, Diff:  0.0, Sum:  0.0, Workers: 6
[36.173s][debug  ][gc,phases      ] GC(132)     Dead                           Min: 0, Avg:  0.0, Max: 0, Diff: 0, Sum: 0, Workers: 6
[36.173s][debug  ][gc,phases      ] GC(132)     Total                          Min: 640, Avg: 891.8, Max: 1151, Diff: 511, Sum: 5351, Workers: 6
[36.173s][debug  ][gc,phases      ] GC(132)   ResolvedMethodTable Weak       Min:  0.0, Avg:  0.0, Max:  0.0, Diff:  0.0, Sum:  0.0, Workers: 6
[36.173s][debug  ][gc,phases      ] GC(132)     Dead                           Min: 0, Avg:  0.0, Max: 0, Diff: 0, Sum: 0, Workers: 6
[36.173s][debug  ][gc,phases      ] GC(132)     Total                          Min: 0, Avg: 21.7, Max: 64, Diff: 64, Sum: 130, Workers: 6
[36.173s][debug  ][gc,phases      ] GC(132)   JNI Weak                       Min:  0.0, Avg:  0.0, Max:  0.0, Diff:  0.0, Sum:  0.0, Workers: 6
[36.173s][debug  ][gc,phases      ] GC(132)     Dead                           Min: 0, Avg:  0.0, Max: 0, Diff: 0, Sum: 0, Workers: 6
[36.173s][debug  ][gc,phases      ] GC(132)     Total                          Min: 0, Avg:  0.0, Max: 0, Diff: 0, Sum: 0, Workers: 6
[36.173s][debug  ][gc,phases      ] GC(132)   StringDedup Table Weak         Min:  0.0, Avg:  0.0, Max:  0.0, Diff:  0.0, Sum:  0.0, Workers: 6
[36.173s][debug  ][gc,phases      ] GC(132)     Dead                           Min: 0, Avg:  0.0, Max: 0, Diff: 0, Sum: 0, Workers: 6
[36.173s][debug  ][gc,phases      ] GC(132)     Total                          Min: 0, Avg:  0.0, Max: 0, Diff: 0, Sum: 0, Workers: 6
[36.173s][debug  ][gc,phases      ] GC(132)   StringDedup Requests0 Weak     Min:  0.0, Avg:  0.0, Max:  0.0, Diff:  0.0, Sum:  0.0, Workers: 6
[36.173s][debug  ][gc,phases      ] GC(132)     Dead                           Min: 0, Avg:  0.0, Max: 0, Diff: 0, Sum: 0, Workers: 6
[36.173s][debug  ][gc,phases      ] GC(132)     Total                          Min: 0, Avg:  0.0, Max: 0, Diff: 0, Sum: 0, Workers: 6
[36.173s][debug  ][gc,phases      ] GC(132)   StringDedup Requests1 Weak     Min:  0.0, Avg:  0.0, Max:  0.0, Diff:  0.0, Sum:  0.0, Workers: 6
[36.173s][debug  ][gc,phases      ] GC(132)     Dead                           Min: 0, Avg:  0.0, Max: 0, Diff: 0, Sum: 0, Workers: 6
[36.173s][debug  ][gc,phases      ] GC(132)     Total                          Min: 0, Avg:  0.0, Max: 0, Diff: 0, Sum: 0, Workers: 6
[36.173s][debug  ][gc,phases      ] GC(132)   Weak JFR Old Object Samples    Min:  0.0, Avg:  0.0, Max:  0.0, Diff:  0.0, Sum:  0.0, Workers: 6
[36.173s][debug  ][gc,phases      ] GC(132)     Dead                           Min: 0, Avg:  0.0, Max: 0, Diff: 0, Sum: 0, Workers: 6
[36.173s][debug  ][gc,phases      ] GC(132)     Total                          Min: 0, Avg:  0.0, Max: 0, Diff: 0, Sum: 0, Workers: 6
[36.173s][debug  ][gc,phases      ] GC(132) Weak Processing 1.022ms
[36.173s][debug  ][gc,ergo        ] GC(132) AdaptiveSizeStart:  collection: 133 
[36.173s][debug  ][gc,ergo        ] GC(132) avg_survived_padded_avg: 36201720.000000
[36.173s][debug  ][gc,ergo        ] GC(132) avg_promoted_padded_avg: 262985248.000000  avg_pretenured_padded_avg: 0.000000  tenuring_thresh: 15  target_size: 36700160
[36.173s][debug  ][gc,age         ] GC(132) Desired survivor size 36700160 bytes, new threshold 15 (max threshold 15)
[36.173s][debug  ][gc,ergo        ] GC(132) PSAdaptiveSizePolicy::compute_eden_space_size limits: desired_eden_size: 213365376 old_eden_size: 195035136 eden_limit: 195035136 cur_eden: 195035136 max_eden_size: 195035136 avg_young_live: 26072708
[36.173s][debug  ][gc,ergo        ] GC(132) PSAdaptiveSizePolicy::compute_eden_space_size: costs minor_time: 0.047425 major_cost: 0.054311 mutator_cost: 0.898264 throughput_goal: 0.990000
[36.173s][debug  ][gc,ergo        ] GC(132) Live_space: 1074106880 free_space: 1370488832
[36.173s][debug  ][gc,ergo        ] GC(132) Old eden_size: 195035136 desired_eden_size: 195035136
[36.173s][debug  ][gc,ergo        ] GC(132) AdaptiveSizeStop: collection: 133 
[36.173s][info   ][gc,heap        ] GC(132) PSYoungGen: 218723K(226304K)->30720K(226304K) Eden: 188003K(190464K)->0K(190464K) From: 30720K(35840K)->30720K(35840K)
[36.174s][info   ][gc,heap        ] GC(132) ParOldGen: 1179236K(1835008K)->1363556K(1835008K)
[36.174s][info   ][gc,metaspace   ] GC(132) Metaspace: 1022K(1216K)->1022K(1216K) NonClass: 938K(1024K)->938K(1024K) Class: 83K(192K)->83K(192K)
[36.174s][info   ][gc             ] GC(132) Pause Young (Allocation Failure) 1365M->1361M(2013M) 15.908ms
[36.174s][info   ][gc,cpu         ] GC(132) User=0.09s Sys=0.00s Real=0.02s
[36.174s][debug  ][gc,heap        ] GC(132) Heap after GC invocations=133 (full 21):
[36.174s][debug  ][gc,heap        ] GC(132)  PSYoungGen      total 226304K, used 30720K [0x00000000f0000000, 0x0000000100000000, 0x0000000100000000)
[36.174s][debug  ][gc,heap        ] GC(132)   eden space 190464K, 0% used [0x00000000f0000000,0x00000000f0000000,0x00000000fba00000)
[36.174s][debug  ][gc,heap        ] GC(132)   from space 35840K, 85% used [0x00000000fba00000,0x00000000fd800030,0x00000000fdd00000)
[36.174s][debug  ][gc,heap        ] GC(132)   to   space 35840K, 0% used [0x00000000fdd00000,0x00000000fdd00000,0x0000000100000000)
[36.174s][debug  ][gc,heap        ] GC(132)  ParOldGen       total 1835008K, used 1363556K [0x0000000080000000, 0x00000000f0000000, 0x00000000f0000000)
[36.174s][debug  ][gc,heap        ] GC(132)   object space 1835008K, 74% used [0x0000000080000000,0x00000000d3399368,0x00000000f0000000)
[36.174s][debug  ][gc,heap        ] GC(132)  Metaspace       used 1022K, committed 1216K, reserved 1056768K
[36.174s][debug  ][gc,heap        ] GC(132)   class space    used 83K, committed 192K, reserved 1048576K
[36.174s][debug  ][gc,task,time   ] GC(132) VM-Thread 361571563 361714771 361738810
[36.458s][debug  ][gc,heap        ] GC(133) Heap before GC invocations=134 (full 21):
[36.458s][debug  ][gc,heap        ] GC(133)  PSYoungGen      total 226304K, used 218741K [0x00000000f0000000, 0x0000000100000000, 0x0000000100000000)
[36.458s][debug  ][gc,heap        ] GC(133)   eden space 190464K, 98% used [0x00000000f0000000,0x00000000fb79d688,0x00000000fba00000)
[36.458s][debug  ][gc,heap        ] GC(133)   from space 35840K, 85% used [0x00000000fba00000,0x00000000fd800030,0x00000000fdd00000)
[36.459s][debug  ][gc,heap        ] GC(133)   to   space 35840K, 0% used [0x00000000fdd00000,0x00000000fdd00000,0x0000000100000000)
[36.459s][debug  ][gc,heap        ] GC(133)  ParOldGen       total 1835008K, used 1363556K [0x0000000080000000, 0x00000000f0000000, 0x00000000f0000000)
[36.459s][debug  ][gc,heap        ] GC(133)   object space 1835008K, 74% used [0x0000000080000000,0x00000000d3399368,0x00000000f0000000)
[36.459s][debug  ][gc,heap        ] GC(133)  Metaspace       used 1022K, committed 1216K, reserved 1056768K
[36.459s][debug  ][gc,heap        ] GC(133)   class space    used 83K, committed 192K, reserved 1048576K
[36.459s][debug  ][gc,tlab        ] GC(133) TLAB totals: thrds: 1  refills: 1 max: 1 slow allocs: 17 max 17 waste: 26.5% gc: 3790184B max: 3790184B slow: 0B max: 0B
[36.459s][info   ][gc,start       ] GC(133) Pause Young (Allocation Failure)
[36.459s][debug  ][gc,phases,start] GC(133) Scavenge
[36.473s][debug  ][gc,phases      ] GC(133) Scavenge 14.038ms
[36.473s][debug  ][gc,phases,start] GC(133) Reference Processing
[36.473s][debug  ][gc,ref         ] GC(133) Skipped phase 1 of Reference Processing: no references
[36.473s][debug  ][gc,ref         ] GC(133) Skipped phase 2 of Reference Processing: no references
[36.473s][debug  ][gc,ref         ] GC(133) Skipped phase 3 of Reference Processing: no references
[36.473s][debug  ][gc,ref         ] GC(133) Skipped phase 4 of Reference Processing: no references
[36.473s][debug  ][gc,phases,ref  ] GC(133) Reference Processing: 0.1ms
[36.473s][debug  ][gc,phases,ref  ] GC(133)   Reconsider SoftReferences: 0.0ms
[36.473s][debug  ][gc,phases,ref  ] GC(133)     SoftRef (ms):                  skipped
[36.473s][debug  ][gc,phases,ref  ] GC(133)   Notify Soft/WeakReferences: 0.0ms
[36.473s][debug  ][gc,phases,ref  ] GC(133)     SoftRef (ms):                  skipped
[36.473s][debug  ][gc,phases,ref  ] GC(133)     WeakRef (ms):                  skipped
[36.473s][debug  ][gc,phases,ref  ] GC(133)     FinalRef (ms):                 skipped
[36.473s][debug  ][gc,phases,ref  ] GC(133)     Total (ms):                    skipped
[36.473s][debug  ][gc,phases,ref  ] GC(133)   Notify and keep alive finalizable: 0.0ms
[36.473s][debug  ][gc,phases,ref  ] GC(133)     FinalRef (ms):                 skipped
[36.473s][debug  ][gc,phases,ref  ] GC(133)   Notify PhantomReferences: 0.0ms
[36.473s][debug  ][gc,phases,ref  ] GC(133)     PhantomRef (ms):               skipped
[36.473s][debug  ][gc,phases,ref  ] GC(133)   SoftReference:
[36.473s][debug  ][gc,phases,ref  ] GC(133)     Discovered: 0
[36.473s][debug  ][gc,phases,ref  ] GC(133)     Cleared: 0
[36.473s][debug  ][gc,phases,ref  ] GC(133)   WeakReference:
[36.473s][debug  ][gc,phases,ref  ] GC(133)     Discovered: 0
[36.473s][debug  ][gc,phases,ref  ] GC(133)     Cleared: 0
[36.473s][debug  ][gc,phases,ref  ] GC(133)   FinalReference:
[36.473s][debug  ][gc,phases,ref  ] GC(133)     Discovered: 0
[36.473s][debug  ][gc,phases,ref  ] GC(133)     Cleared: 0
[36.473s][debug  ][gc,phases,ref  ] GC(133)   PhantomReference:
[36.473s][debug  ][gc,phases,ref  ] GC(133)     Discovered: 0
[36.473s][debug  ][gc,phases,ref  ] GC(133)     Cleared: 0
[36.473s][debug  ][gc,phases      ] GC(133) Reference Processing 0.582ms
[36.473s][debug  ][gc,phases,start] GC(133) Weak Processing
[36.474s][debug  ][gc,phases      ] GC(133)   VM Weak                        Min:  0.0, Avg:  0.0, Max:  0.0, Diff:  0.0, Sum:  0.0, Workers: 6
[36.474s][debug  ][gc,phases      ] GC(133)     Dead                           Min: 0, Avg:  0.0, Max: 0, Diff: 0, Sum: 0, Workers: 6
[36.474s][debug  ][gc,phases      ] GC(133)     Total                          Min: 0, Avg:  1.3, Max: 8, Diff: 8, Sum: 8, Workers: 6
[36.474s][debug  ][gc,phases      ] GC(133)   ObjectSynchronizer Weak        Min:  0.0, Avg:  0.0, Max:  0.0, Diff:  0.0, Sum:  0.0, Workers: 6
[36.474s][debug  ][gc,phases      ] GC(133)     Dead                           Min: 0, Avg:  0.0, Max: 0, Diff: 0, Sum: 0, Workers: 6
[36.474s][debug  ][gc,phases      ] GC(133)     Total                          Min: 0, Avg:  0.5, Max: 3, Diff: 3, Sum: 3, Workers: 6
[36.474s][debug  ][gc,phases      ] GC(133)   JVMTI Tag Weak OopStorage      Min:  0.0, Avg:  0.0, Max:  0.0, Diff:  0.0, Sum:  0.0, Workers: 6
[36.474s][debug  ][gc,phases      ] GC(133)     Dead                           Min: 0, Avg:  0.0, Max: 0, Diff: 0, Sum: 0, Workers: 6
[36.474s][debug  ][gc,phases      ] GC(133)     Total                          Min: 0, Avg:  0.0, Max: 0, Diff: 0, Sum: 0, Workers: 6
[36.474s][debug  ][gc,phases      ] GC(133)   StringTable Weak               Min:  0.0, Avg:  0.0, Max:  0.0, Diff:  0.0, Sum:  0.0, Workers: 6
[36.474s][debug  ][gc,phases      ] GC(133)     Dead                           Min: 0, Avg:  0.0, Max: 0, Diff: 0, Sum: 0, Workers: 6
[36.474s][debug  ][gc,phases      ] GC(133)     Total                          Min: 704, Avg: 891.8, Max: 1152, Diff: 448, Sum: 5351, Workers: 6
[36.474s][debug  ][gc,phases      ] GC(133)   ResolvedMethodTable Weak       Min:  0.0, Avg:  0.0, Max:  0.0, Diff:  0.0, Sum:  0.0, Workers: 6
[36.474s][debug  ][gc,phases      ] GC(133)     Dead                           Min: 0, Avg:  0.0, Max: 0, Diff: 0, Sum: 0, Workers: 6
[36.474s][debug  ][gc,phases      ] GC(133)     Total                          Min: 0, Avg: 21.7, Max: 64, Diff: 64, Sum: 130, Workers: 6
[36.474s][debug  ][gc,phases      ] GC(133)   JNI Weak                       Min:  0.0, Avg:  0.0, Max:  0.0, Diff:  0.0, Sum:  0.0, Workers: 6
[36.474s][debug  ][gc,phases      ] GC(133)     Dead                           Min: 0, Avg:  0.0, Max: 0, Diff: 0, Sum: 0, Workers: 6
[36.474s][debug  ][gc,phases      ] GC(133)     Total                          Min: 0, Avg:  0.0, Max: 0, Diff: 0, Sum: 0, Workers: 6
[36.474s][debug  ][gc,phases      ] GC(133)   StringDedup Table Weak         Min:  0.0, Avg:  0.0, Max:  0.0, Diff:  0.0, Sum:  0.0, Workers: 6
[36.474s][debug  ][gc,phases      ] GC(133)     Dead                           Min: 0, Avg:  0.0, Max: 0, Diff: 0, Sum: 0, Workers: 6
[36.474s][debug  ][gc,phases      ] GC(133)     Total                          Min: 0, Avg:  0.0, Max: 0, Diff: 0, Sum: 0, Workers: 6
[36.474s][debug  ][gc,phases      ] GC(133)   StringDedup Requests0 Weak     Min:  0.0, Avg:  0.0, Max:  0.0, Diff:  0.0, Sum:  0.0, Workers: 6
[36.474s][debug  ][gc,phases      ] GC(133)     Dead                           Min: 0, Avg:  0.0, Max: 0, Diff: 0, Sum: 0, Workers: 6
[36.474s][debug  ][gc,phases      ] GC(133)     Total                          Min: 0, Avg:  0.0, Max: 0, Diff: 0, Sum: 0, Workers: 6
[36.474s][debug  ][gc,phases      ] GC(133)   StringDedup Requests1 Weak     Min:  0.0, Avg:  0.0, Max:  0.0, Diff:  0.0, Sum:  0.0, Workers: 6
[36.474s][debug  ][gc,phases      ] GC(133)     Dead                           Min: 0, Avg:  0.0, Max: 0, Diff: 0, Sum: 0, Workers: 6
[36.474s][debug  ][gc,phases      ] GC(133)     Total                          Min: 0, Avg:  0.0, Max: 0, Diff: 0, Sum: 0, Workers: 6
[36.474s][debug  ][gc,phases      ] GC(133)   Weak JFR Old Object Samples    Min:  0.0, Avg:  0.0, Max:  0.0, Diff:  0.0, Sum:  0.0, Workers: 6
[36.474s][debug  ][gc,phases      ] GC(133)     Dead                           Min: 0, Avg:  0.0, Max: 0, Diff: 0, Sum: 0, Workers: 6
[36.474s][debug  ][gc,phases      ] GC(133)     Total                          Min: 0, Avg:  0.0, Max: 0, Diff: 0, Sum: 0, Workers: 6
[36.474s][debug  ][gc,phases      ] GC(133) Weak Processing 0.674ms
[36.474s][debug  ][gc,ergo        ] GC(133) AdaptiveSizeStart:  collection: 134 
[36.474s][debug  ][gc,ergo        ] GC(133) avg_survived_padded_avg: 36010376.000000
[36.474s][debug  ][gc,ergo        ] GC(133) avg_promoted_padded_avg: 262962592.000000  avg_pretenured_padded_avg: 0.000000  tenuring_thresh: 15  target_size: 36175872
[36.474s][debug  ][gc,age         ] GC(133) Desired survivor size 36175872 bytes, new threshold 15 (max threshold 15)
[36.474s][debug  ][gc,ergo        ] GC(133) PSAdaptiveSizePolicy::compute_eden_space_size limits: desired_eden_size: 213560819 old_eden_size: 195035136 eden_limit: 195035136 cur_eden: 195035136 max_eden_size: 195035136 avg_young_live: 26611168
[36.474s][debug  ][gc,ergo        ] GC(133) PSAdaptiveSizePolicy::compute_eden_space_size: costs minor_time: 0.048382 major_cost: 0.054311 mutator_cost: 0.897308 throughput_goal: 0.990000
[36.474s][debug  ][gc,ergo        ] GC(133) Live_space: 1074645248 free_space: 1370488832
[36.474s][debug  ][gc,ergo        ] GC(133) Old eden_size: 195035136 desired_eden_size: 195035136
[36.474s][debug  ][gc,ergo        ] GC(133) AdaptiveSizeStop: collection: 134 
[36.474s][info   ][gc,heap        ] GC(133) PSYoungGen: 218741K(226304K)->30720K(226816K) Eden: 188021K(190464K)->0K(190976K) From: 30720K(35840K)->30720K(35840K)
[36.474s][info   ][gc,heap        ] GC(133) ParOldGen: 1363556K(1835008K)->1547877K(1835008K)
[36.474s][info   ][gc,metaspace   ] GC(133) Metaspace: 1022K(1216K)->1022K(1216K) NonClass: 938K(1024K)->938K(1024K) Class: 83K(192K)->83K(192K)
[36.475s][info   ][gc             ] GC(133) Pause Young (Allocation Failure) 1545M->1541M(2013M) 15.796ms
[36.475s][info   ][gc,cpu         ] GC(133) User=0.09s Sys=0.00s Real=0.02s
[36.475s][debug  ][gc,heap        ] GC(133) Heap after GC invocations=134 (full 21):
[36.475s][debug  ][gc,heap        ] GC(133)  PSYoungGen      total 226816K, used 30720K [0x00000000f0000000, 0x0000000100000000, 0x0000000100000000)
[36.475s][debug  ][gc,heap        ] GC(133)   eden space 190976K, 0% used [0x00000000f0000000,0x00000000f0000000,0x00000000fba80000)
[36.475s][debug  ][gc,heap        ] GC(133)   from space 35840K, 85% used [0x00000000fdd00000,0x00000000ffb00030,0x0000000100000000)
[36.475s][debug  ][gc,heap        ] GC(133)   to   space 35328K, 0% used [0x00000000fba80000,0x00000000fba80000,0x00000000fdd00000)
[36.475s][debug  ][gc,heap        ] GC(133)  ParOldGen       total 1835008K, used 1547877K [0x0000000080000000, 0x00000000f0000000, 0x00000000f0000000)
[36.475s][debug  ][gc,heap        ] GC(133)   object space 1835008K, 84% used [0x0000000080000000,0x00000000de799488,0x00000000f0000000)
[36.475s][debug  ][gc,heap        ] GC(133)  Metaspace       used 1022K, committed 1216K, reserved 1056768K
[36.475s][debug  ][gc,heap        ] GC(133)   class space    used 83K, committed 192K, reserved 1048576K
[36.475s][debug  ][gc,task,time   ] GC(133) VM-Thread 364583048 364728961 364747727
[36.760s][debug  ][gc,heap        ] GC(134) Heap before GC invocations=135 (full 21):
[36.760s][debug  ][gc,heap        ] GC(134)  PSYoungGen      total 226816K, used 218763K [0x00000000f0000000, 0x0000000100000000, 0x0000000100000000)
[36.760s][debug  ][gc,heap        ] GC(134)   eden space 190976K, 98% used [0x00000000f0000000,0x00000000fb7a2c90,0x00000000fba80000)
[36.760s][debug  ][gc,heap        ] GC(134)   from space 35840K, 85% used [0x00000000fdd00000,0x00000000ffb00030,0x0000000100000000)
[36.761s][debug  ][gc,heap        ] GC(134)   to   space 35328K, 0% used [0x00000000fba80000,0x00000000fba80000,0x00000000fdd00000)
[36.761s][debug  ][gc,heap        ] GC(134)  ParOldGen       total 1835008K, used 1547877K [0x0000000080000000, 0x00000000f0000000, 0x00000000f0000000)
[36.761s][debug  ][gc,heap        ] GC(134)   object space 1835008K, 84% used [0x0000000080000000,0x00000000de799488,0x00000000f0000000)
[36.761s][debug  ][gc,heap        ] GC(134)  Metaspace       used 1022K, committed 1216K, reserved 1056768K
[36.761s][debug  ][gc,heap        ] GC(134)   class space    used 83K, committed 192K, reserved 1048576K
[36.761s][debug  ][gc,tlab        ] GC(134) TLAB totals: thrds: 1  refills: 1 max: 1 slow allocs: 17 max 17 waste: 26.7% gc: 3812208B max: 3812208B slow: 0B max: 0B
[36.761s][info   ][gc,start       ] GC(134) Pause Young (Allocation Failure)
[36.761s][debug  ][gc,phases,start] GC(134) Scavenge
[36.775s][debug  ][gc,phases      ] GC(134) Scavenge 14.242ms
[36.775s][debug  ][gc,phases,start] GC(134) Reference Processing
[36.775s][debug  ][gc,ref         ] GC(134) Skipped phase 1 of Reference Processing: no references
[36.775s][debug  ][gc,ref         ] GC(134) Skipped phase 2 of Reference Processing: no references
[36.775s][debug  ][gc,ref         ] GC(134) Skipped phase 3 of Reference Processing: no references
[36.775s][debug  ][gc,ref         ] GC(134) Skipped phase 4 of Reference Processing: no references
[36.775s][debug  ][gc,phases,ref  ] GC(134) Reference Processing: 0.1ms
[36.775s][debug  ][gc,phases,ref  ] GC(134)   Reconsider SoftReferences: 0.0ms
[36.775s][debug  ][gc,phases,ref  ] GC(134)     SoftRef (ms):                  skipped
[36.775s][debug  ][gc,phases,ref  ] GC(134)   Notify Soft/WeakReferences: 0.0ms
[36.775s][debug  ][gc,phases,ref  ] GC(134)     SoftRef (ms):                  skipped
[36.775s][debug  ][gc,phases,ref  ] GC(134)     WeakRef (ms):                  skipped
[36.775s][debug  ][gc,phases,ref  ] GC(134)     FinalRef (ms):                 skipped
[36.775s][debug  ][gc,phases,ref  ] GC(134)     Total (ms):                    skipped
[36.775s][debug  ][gc,phases,ref  ] GC(134)   Notify and keep alive finalizable: 0.0ms
[36.775s][debug  ][gc,phases,ref  ] GC(134)     FinalRef (ms):                 skipped
[36.776s][debug  ][gc,phases,ref  ] GC(134)   Notify PhantomReferences: 0.0ms
[36.776s][debug  ][gc,phases,ref  ] GC(134)     PhantomRef (ms):               skipped
[36.776s][debug  ][gc,phases,ref  ] GC(134)   SoftReference:
[36.776s][debug  ][gc,phases,ref  ] GC(134)     Discovered: 0
[36.776s][debug  ][gc,phases,ref  ] GC(134)     Cleared: 0
[36.776s][debug  ][gc,phases,ref  ] GC(134)   WeakReference:
[36.776s][debug  ][gc,phases,ref  ] GC(134)     Discovered: 0
[36.776s][debug  ][gc,phases,ref  ] GC(134)     Cleared: 0
[36.776s][debug  ][gc,phases,ref  ] GC(134)   FinalReference:
[36.776s][debug  ][gc,phases,ref  ] GC(134)     Discovered: 0
[36.776s][debug  ][gc,phases,ref  ] GC(134)     Cleared: 0
[36.776s][debug  ][gc,phases,ref  ] GC(134)   PhantomReference:
[36.776s][debug  ][gc,phases,ref  ] GC(134)     Discovered: 0
[36.776s][debug  ][gc,phases,ref  ] GC(134)     Cleared: 0
[36.776s][debug  ][gc,phases      ] GC(134) Reference Processing 0.792ms
[36.776s][debug  ][gc,phases,start] GC(134) Weak Processing
[36.776s][debug  ][gc,phases      ] GC(134)   VM Weak                        Min:  0.0, Avg:  0.0, Max:  0.0, Diff:  0.0, Sum:  0.0, Workers: 6
[36.776s][debug  ][gc,phases      ] GC(134)     Dead                           Min: 0, Avg:  0.0, Max: 0, Diff: 0, Sum: 0, Workers: 6
[36.776s][debug  ][gc,phases      ] GC(134)     Total                          Min: 0, Avg:  1.3, Max: 8, Diff: 8, Sum: 8, Workers: 6
[36.776s][debug  ][gc,phases      ] GC(134)   ObjectSynchronizer Weak        Min:  0.0, Avg:  0.0, Max:  0.0, Diff:  0.0, Sum:  0.0, Workers: 6
[36.776s][debug  ][gc,phases      ] GC(134)     Dead                           Min: 0, Avg:  0.0, Max: 0, Diff: 0, Sum: 0, Workers: 6
[36.776s][debug  ][gc,phases      ] GC(134)     Total                          Min: 0, Avg:  0.5, Max: 3, Diff: 3, Sum: 3, Workers: 6
[36.776s][debug  ][gc,phases      ] GC(134)   JVMTI Tag Weak OopStorage      Min:  0.0, Avg:  0.0, Max:  0.0, Diff:  0.0, Sum:  0.0, Workers: 6
[36.776s][debug  ][gc,phases      ] GC(134)     Dead                           Min: 0, Avg:  0.0, Max: 0, Diff: 0, Sum: 0, Workers: 6
[36.776s][debug  ][gc,phases      ] GC(134)     Total                          Min: 0, Avg:  0.0, Max: 0, Diff: 0, Sum: 0, Workers: 6
[36.776s][debug  ][gc,phases      ] GC(134)   StringTable Weak               Min:  0.0, Avg:  0.0, Max:  0.0, Diff:  0.0, Sum:  0.0, Workers: 6
[36.776s][debug  ][gc,phases      ] GC(134)     Dead                           Min: 0, Avg:  0.0, Max: 0, Diff: 0, Sum: 0, Workers: 6
[36.776s][debug  ][gc,phases      ] GC(134)     Total                          Min: 808, Avg: 891.8, Max: 1024, Diff: 216, Sum: 5351, Workers: 6
[36.776s][debug  ][gc,phases      ] GC(134)   ResolvedMethodTable Weak       Min:  0.0, Avg:  0.0, Max:  0.0, Diff:  0.0, Sum:  0.0, Workers: 6
[36.776s][debug  ][gc,phases      ] GC(134)     Dead                           Min: 0, Avg:  0.0, Max: 0, Diff: 0, Sum: 0, Workers: 6
[36.776s][debug  ][gc,phases      ] GC(134)     Total                          Min: 0, Avg: 21.7, Max: 66, Diff: 66, Sum: 130, Workers: 6
[36.776s][debug  ][gc,phases      ] GC(134)   JNI Weak                       Min:  0.0, Avg:  0.0, Max:  0.0, Diff:  0.0, Sum:  0.0, Workers: 6
[36.776s][debug  ][gc,phases      ] GC(134)     Dead                           Min: 0, Avg:  0.0, Max: 0, Diff: 0, Sum: 0, Workers: 6
[36.776s][debug  ][gc,phases      ] GC(134)     Total                          Min: 0, Avg:  0.0, Max: 0, Diff: 0, Sum: 0, Workers: 6
[36.776s][debug  ][gc,phases      ] GC(134)   StringDedup Table Weak         Min:  0.0, Avg:  0.0, Max:  0.0, Diff:  0.0, Sum:  0.0, Workers: 6
[36.776s][debug  ][gc,phases      ] GC(134)     Dead                           Min: 0, Avg:  0.0, Max: 0, Diff: 0, Sum: 0, Workers: 6
[36.777s][debug  ][gc,phases      ] GC(134)     Total                          Min: 0, Avg:  0.0, Max: 0, Diff: 0, Sum: 0, Workers: 6
[36.777s][debug  ][gc,phases      ] GC(134)   StringDedup Requests0 Weak     Min:  0.0, Avg:  0.0, Max:  0.0, Diff:  0.0, Sum:  0.0, Workers: 6
[36.777s][debug  ][gc,phases      ] GC(134)     Dead                           Min: 0, Avg:  0.0, Max: 0, Diff: 0, Sum: 0, Workers: 6
[36.777s][debug  ][gc,phases      ] GC(134)     Total                          Min: 0, Avg:  0.0, Max: 0, Diff: 0, Sum: 0, Workers: 6
[36.777s][debug  ][gc,phases      ] GC(134)   StringDedup Requests1 Weak     Min:  0.0, Avg:  0.0, Max:  0.0, Diff:  0.0, Sum:  0.0, Workers: 6
[36.777s][debug  ][gc,phases      ] GC(134)     Dead                           Min: 0, Avg:  0.0, Max: 0, Diff: 0, Sum: 0, Workers: 6
[36.777s][debug  ][gc,phases      ] GC(134)     Total                          Min: 0, Avg:  0.0, Max: 0, Diff: 0, Sum: 0, Workers: 6
[36.777s][debug  ][gc,phases      ] GC(134)   Weak JFR Old Object Samples    Min:  0.0, Avg:  0.0, Max:  0.0, Diff:  0.0, Sum:  0.0, Workers: 6
[36.777s][debug  ][gc,phases      ] GC(134)     Dead                           Min: 0, Avg:  0.0, Max: 0, Diff: 0, Sum: 0, Workers: 6
[36.777s][debug  ][gc,phases      ] GC(134)     Total                          Min: 0, Avg:  0.0, Max: 0, Diff: 0, Sum: 0, Workers: 6
[36.777s][debug  ][gc,phases      ] GC(134) Weak Processing 0.847ms
[36.777s][debug  ][gc,ergo        ] GC(134) AdaptiveSizeStart:  collection: 135 
[36.777s][debug  ][gc,ergo        ] GC(134) avg_survived_padded_avg: 35809864.000000
[36.777s][debug  ][gc,ergo        ] GC(134) avg_promoted_padded_avg: 262202032.000000  avg_pretenured_padded_avg: 0.000000  tenuring_thresh: 15  target_size: 36175872
[36.777s][debug  ][gc,age         ] GC(134) Desired survivor size 36175872 bytes, new threshold 15 (max threshold 15)
[36.777s][debug  ][gc,ergo        ] GC(134) PSAdaptiveSizePolicy::compute_eden_space_size limits: desired_eden_size: 214311516 old_eden_size: 195035136 eden_limit: 195559424 cur_eden: 195559424 max_eden_size: 195559424 avg_young_live: 27095784
[36.777s][debug  ][gc,ergo        ] GC(134) PSAdaptiveSizePolicy::compute_eden_space_size: costs minor_time: 0.049512 major_cost: 0.054311 mutator_cost: 0.896177 throughput_goal: 0.990000
[36.777s][debug  ][gc,ergo        ] GC(134) Live_space: 1075129856 free_space: 1370488832
[36.777s][debug  ][gc,ergo        ] GC(134) Old eden_size: 195035136 desired_eden_size: 195559424
[36.777s][debug  ][gc,ergo        ] GC(134) AdaptiveSizeStop: collection: 135 
[36.777s][info   ][gc,heap        ] GC(134) PSYoungGen: 218763K(226816K)->30720K(226304K) Eden: 188043K(190976K)->0K(190976K) From: 30720K(35840K)->30720K(35328K)
[36.777s][info   ][gc,heap        ] GC(134) ParOldGen: 1547877K(1835008K)->1732197K(1835008K)
[36.777s][info   ][gc,metaspace   ] GC(134) Metaspace: 1022K(1216K)->1022K(1216K) NonClass: 938K(1024K)->938K(1024K) Class: 83K(192K)->83K(192K)
[36.777s][info   ][gc             ] GC(134) Pause Young (Allocation Failure) 1725M->1721M(2013M) 16.364ms
[36.777s][info   ][gc,cpu         ] GC(134) User=0.09s Sys=0.00s Real=0.02s
[36.777s][debug  ][gc,heap        ] GC(134) Heap after GC invocations=135 (full 21):
[36.777s][debug  ][gc,heap        ] GC(134)  PSYoungGen      total 226304K, used 30720K [0x00000000f0000000, 0x0000000100000000, 0x0000000100000000)
[36.777s][debug  ][gc,heap        ] GC(134)   eden space 190976K, 0% used [0x00000000f0000000,0x00000000f0000000,0x00000000fba80000)
[36.777s][debug  ][gc,heap        ] GC(134)   from space 35328K, 86% used [0x00000000fba80000,0x00000000fd880030,0x00000000fdd00000)
[36.777s][debug  ][gc,heap        ] GC(134)   to   space 35328K, 0% used [0x00000000fdd80000,0x00000000fdd80000,0x0000000100000000)
[36.777s][debug  ][gc,heap        ] GC(134)  ParOldGen       total 1835008K, used 1732197K [0x0000000080000000, 0x00000000f0000000, 0x00000000f0000000)
[36.777s][debug  ][gc,heap        ] GC(134)   object space 1835008K, 94% used [0x0000000080000000,0x00000000e9b995a8,0x00000000f0000000)
[36.777s][debug  ][gc,heap        ] GC(134)  Metaspace       used 1022K, committed 1216K, reserved 1056768K
[36.777s][debug  ][gc,heap        ] GC(134)   class space    used 83K, committed 192K, reserved 1048576K
[36.777s][debug  ][gc,task,time   ] GC(134) VM-Thread 367602869 367750837 367773294
[36.777s][debug  ][gc,phases,start] GC(135) Pre Compact
[36.777s][debug  ][gc,heap        ] GC(135) Heap before GC invocations=136 (full 22):
[36.777s][debug  ][gc,heap        ] GC(135)  PSYoungGen      total 226304K, used 30720K [0x00000000f0000000, 0x0000000100000000, 0x0000000100000000)
[36.777s][debug  ][gc,heap        ] GC(135)   eden space 190976K, 0% used [0x00000000f0000000,0x00000000f0000000,0x00000000fba80000)
[36.777s][debug  ][gc,heap        ] GC(135)   from space 35328K, 86% used [0x00000000fba80000,0x00000000fd880030,0x00000000fdd00000)
[36.777s][debug  ][gc,heap        ] GC(135)   to   space 35328K, 0% used [0x00000000fdd80000,0x00000000fdd80000,0x0000000100000000)
[36.777s][debug  ][gc,heap        ] GC(135)  ParOldGen       total 1835008K, used 1732197K [0x0000000080000000, 0x00000000f0000000, 0x00000000f0000000)
[36.777s][debug  ][gc,heap        ] GC(135)   object space 1835008K, 94% used [0x0000000080000000,0x00000000e9b995a8,0x00000000f0000000)
[36.778s][debug  ][gc,heap        ] GC(135)  Metaspace       used 1022K, committed 1216K, reserved 1056768K
[36.778s][debug  ][gc,heap        ] GC(135)   class space    used 83K, committed 192K, reserved 1048576K
[36.778s][debug  ][gc,phases      ] GC(135) Pre Compact 0.202ms
[36.778s][info   ][gc,start       ] GC(135) Pause Full (Ergonomics)
[36.778s][info   ][gc,phases,start] GC(135) Marking Phase
[36.778s][debug  ][gc,phases,start] GC(135) Par Mark
[36.778s][debug  ][gc,phases      ] GC(135) Par Mark 0.524ms
[36.778s][debug  ][gc,phases,start] GC(135) Reference Processing
[36.778s][debug  ][gc,ref         ] GC(135) Skipped phase 1 of Reference Processing: no references
[36.778s][debug  ][gc,ref         ] GC(135) ReferenceProcessor::execute queues: 1, RefProcThreadModel::Single, marks_oops_alive: false
[36.778s][debug  ][gc,ref         ] GC(135) Skipped phase 3 of Reference Processing: no references
[36.778s][debug  ][gc,ref         ] GC(135) ReferenceProcessor::execute queues: 1, RefProcThreadModel::Single, marks_oops_alive: false
[36.778s][debug  ][gc,phases,ref  ] GC(135) Reference Processing: 0.1ms
[36.778s][debug  ][gc,phases,ref  ] GC(135)   Reconsider SoftReferences: 0.0ms
[36.778s][debug  ][gc,phases,ref  ] GC(135)     SoftRef (ms):                  skipped
[36.778s][debug  ][gc,phases,ref  ] GC(135)   Notify Soft/WeakReferences: 0.0ms
[36.778s][debug  ][gc,phases,ref  ] GC(135)     SoftRef (ms):                  Min:  0.0, Avg:  0.0, Max:  0.0, Diff:  0.0, Sum:  0.0, Workers: 6
[36.778s][debug  ][gc,phases,ref  ] GC(135)     WeakRef (ms):                  Min:  0.0, Avg:  0.0, Max:  0.0, Diff:  0.0, Sum:  0.0, Workers: 6
[36.778s][debug  ][gc,phases,ref  ] GC(135)     FinalRef (ms):                 Min:  0.0, Avg:  0.0, Max:  0.0, Diff:  0.0, Sum:  0.0, Workers: 6
[36.778s][debug  ][gc,phases,ref  ] GC(135)     Total (ms):                    Min:  0.0, Avg:  0.0, Max:  0.0, Diff:  0.0, Sum:  0.0, Workers: 6
[36.778s][debug  ][gc,phases,ref  ] GC(135)   Notify and keep alive finalizable: 0.0ms
[36.779s][debug  ][gc,phases,ref  ] GC(135)     FinalRef (ms):                 skipped
[36.779s][debug  ][gc,phases,ref  ] GC(135)   Notify PhantomReferences: 0.0ms
[36.779s][debug  ][gc,phases,ref  ] GC(135)     PhantomRef (ms):               Min:  0.0, Avg:  0.0, Max:  0.0, Diff:  0.0, Sum:  0.0, Workers: 6
[36.779s][debug  ][gc,phases,ref  ] GC(135)   SoftReference:
[36.779s][debug  ][gc,phases,ref  ] GC(135)     Discovered: 0
[36.779s][debug  ][gc,phases,ref  ] GC(135)     Cleared: 0
[36.779s][debug  ][gc,phases,ref  ] GC(135)   WeakReference:
[36.779s][debug  ][gc,phases,ref  ] GC(135)     Discovered: 108
[36.779s][debug  ][gc,phases,ref  ] GC(135)     Cleared: 108
[36.779s][debug  ][gc,phases,ref  ] GC(135)   FinalReference:
[36.779s][debug  ][gc,phases,ref  ] GC(135)     Discovered: 0
[36.779s][debug  ][gc,phases,ref  ] GC(135)     Cleared: 0
[36.779s][debug  ][gc,phases,ref  ] GC(135)   PhantomReference:
[36.779s][debug  ][gc,phases,ref  ] GC(135)     Discovered: 3
[36.779s][debug  ][gc,phases,ref  ] GC(135)     Cleared: 3
[36.779s][debug  ][gc,phases      ] GC(135) Reference Processing 0.587ms
[36.779s][debug  ][gc,phases,start] GC(135) Weak Processing
[36.779s][debug  ][gc,phases      ] GC(135)   VM Weak                        Min:  0.0, Avg:  0.0, Max:  0.0, Diff:  0.0, Sum:  0.0, Workers: 6
[36.779s][debug  ][gc,phases      ] GC(135)     Dead                           Min: 0, Avg:  0.0, Max: 0, Diff: 0, Sum: 0, Workers: 6
[36.779s][debug  ][gc,phases      ] GC(135)     Total                          Min: 0, Avg:  1.3, Max: 8, Diff: 8, Sum: 8, Workers: 6
[36.779s][debug  ][gc,phases      ] GC(135)   ObjectSynchronizer Weak        Min:  0.0, Avg:  0.0, Max:  0.0, Diff:  0.0, Sum:  0.0, Workers: 6
[36.779s][debug  ][gc,phases      ] GC(135)     Dead                           Min: 0, Avg:  0.0, Max: 0, Diff: 0, Sum: 0, Workers: 6
[36.779s][debug  ][gc,phases      ] GC(135)     Total                          Min: 0, Avg:  0.5, Max: 3, Diff: 3, Sum: 3, Workers: 6
[36.779s][debug  ][gc,phases      ] GC(135)   JVMTI Tag Weak OopStorage      Min:  0.0, Avg:  0.0, Max:  0.0, Diff:  0.0, Sum:  0.0, Workers: 6
[36.779s][debug  ][gc,phases      ] GC(135)     Dead                           Min: 0, Avg:  0.0, Max: 0, Diff: 0, Sum: 0, Workers: 6
[36.779s][debug  ][gc,phases      ] GC(135)     Total                          Min: 0, Avg:  0.0, Max: 0, Diff: 0, Sum: 0, Workers: 6
[36.779s][debug  ][gc,phases      ] GC(135)   StringTable Weak               Min:  0.0, Avg:  0.0, Max:  0.0, Diff:  0.0, Sum:  0.0, Workers: 6
[36.779s][debug  ][gc,phases      ] GC(135)     Dead                           Min: 0, Avg:  0.0, Max: 0, Diff: 0, Sum: 0, Workers: 6
[36.779s][debug  ][gc,phases      ] GC(135)     Total                          Min: 704, Avg: 891.8, Max: 1320, Diff: 616, Sum: 5351, Workers: 6
[36.779s][debug  ][gc,phases      ] GC(135)   ResolvedMethodTable Weak       Min:  0.0, Avg:  0.0, Max:  0.0, Diff:  0.0, Sum:  0.0, Workers: 6
[36.779s][debug  ][gc,phases      ] GC(135)     Dead                           Min: 0, Avg:  0.0, Max: 0, Diff: 0, Sum: 0, Workers: 6
[36.779s][debug  ][gc,phases      ] GC(135)     Total                          Min: 0, Avg: 21.7, Max: 64, Diff: 64, Sum: 130, Workers: 6
[36.779s][debug  ][gc,phases      ] GC(135)   JNI Weak                       Min:  0.0, Avg:  0.0, Max:  0.0, Diff:  0.0, Sum:  0.0, Workers: 6
[36.779s][debug  ][gc,phases      ] GC(135)     Dead                           Min: 0, Avg:  0.0, Max: 0, Diff: 0, Sum: 0, Workers: 6
[36.779s][debug  ][gc,phases      ] GC(135)     Total                          Min: 0, Avg:  0.0, Max: 0, Diff: 0, Sum: 0, Workers: 6
[36.779s][debug  ][gc,phases      ] GC(135)   StringDedup Table Weak         Min:  0.0, Avg:  0.0, Max:  0.0, Diff:  0.0, Sum:  0.0, Workers: 6
[36.779s][debug  ][gc,phases      ] GC(135)     Dead                           Min: 0, Avg:  0.0, Max: 0, Diff: 0, Sum: 0, Workers: 6
[36.779s][debug  ][gc,phases      ] GC(135)     Total                          Min: 0, Avg:  0.0, Max: 0, Diff: 0, Sum: 0, Workers: 6
[36.779s][debug  ][gc,phases      ] GC(135)   StringDedup Requests0 Weak     Min:  0.0, Avg:  0.0, Max:  0.0, Diff:  0.0, Sum:  0.0, Workers: 6
[36.779s][debug  ][gc,phases      ] GC(135)     Dead                           Min: 0, Avg:  0.0, Max: 0, Diff: 0, Sum: 0, Workers: 6
[36.779s][debug  ][gc,phases      ] GC(135)     Total                          Min: 0, Avg:  0.0, Max: 0, Diff: 0, Sum: 0, Workers: 6
[36.779s][debug  ][gc,phases      ] GC(135)   StringDedup Requests1 Weak     Min:  0.0, Avg:  0.0, Max:  0.0, Diff:  0.0, Sum:  0.0, Workers: 6
[36.779s][debug  ][gc,phases      ] GC(135)     Dead                           Min: 0, Avg:  0.0, Max: 0, Diff: 0, Sum: 0, Workers: 6
[36.779s][debug  ][gc,phases      ] GC(135)     Total                          Min: 0, Avg:  0.0, Max: 0, Diff: 0, Sum: 0, Workers: 6
[36.779s][debug  ][gc,phases      ] GC(135)   Weak JFR Old Object Samples    Min:  0.0, Avg:  0.0, Max:  0.0, Diff:  0.0, Sum:  0.0, Workers: 6
[36.779s][debug  ][gc,phases      ] GC(135)     Dead                           Min: 0, Avg:  0.0, Max: 0, Diff: 0, Sum: 0, Workers: 6
[36.779s][debug  ][gc,phases      ] GC(135)     Total                          Min: 0, Avg:  0.0, Max: 0, Diff: 0, Sum: 0, Workers: 6
[36.779s][debug  ][gc,phases      ] GC(135) Weak Processing 0.651ms
[36.779s][debug  ][gc,phases,start] GC(135) Class Unloading
[36.779s][debug  ][gc,phases,start] GC(135) ClassLoaderData
[36.780s][debug  ][gc,phases      ] GC(135) ClassLoaderData 0.019ms
[36.780s][debug  ][gc,phases,start] GC(135) Trigger cleanups
[36.780s][debug  ][gc,phases      ] GC(135) Trigger cleanups 0.018ms
[36.780s][debug  ][gc,phases      ] GC(135) Class Unloading 0.254ms
[36.780s][info   ][gc,phases      ] GC(135) Marking Phase 2.145ms
[36.780s][info   ][gc,phases,start] GC(135) Summary Phase
[36.780s][info   ][gc,phases      ] GC(135) Summary Phase 0.057ms
[36.780s][info   ][gc,phases,start] GC(135) Adjust Roots
[36.780s][info   ][gc,phases      ] GC(135) Adjust Roots 0.179ms
[36.780s][info   ][gc,phases,start] GC(135) Compaction Phase
[36.870s][info   ][gc,phases      ] GC(135) Compaction Phase 90.128ms
[36.870s][info   ][gc,phases,start] GC(135) Post Compact
[36.876s][info   ][gc,phases      ] GC(135) Post Compact 5.791ms
[36.876s][debug  ][gc,ergo        ] GC(135) AdaptiveSizeStart: collection: 136 
[36.876s][debug  ][gc,ergo        ] GC(135) PSAdaptiveSizePolicy::compute_eden_space_size limits: desired_eden_size: 214002389 old_eden_size: 195559424 eden_limit: 196083712 cur_eden: 195559424 max_eden_size: 196083712 avg_young_live: 24386206
[36.876s][debug  ][gc,ergo        ] GC(135) PSAdaptiveSizePolicy::compute_eden_space_size: costs minor_time: 0.049512 major_cost: 0.056051 mutator_cost: 0.894437 throughput_goal: 0.990000
[36.876s][debug  ][gc,ergo        ] GC(135) Live_space: 1072420352 free_space: 1371013120
[36.876s][debug  ][gc,ergo        ] GC(135) Old eden_size: 195559424 desired_eden_size: 196083712
[36.876s][debug  ][gc,ergo        ] GC(135) PSAdaptiveSizePolicy::compute_old_gen_free_space limits: desired_promo_size: 1300447120 promo_limit: 1175453696 free_in_old_gen: 1092307200 max_old_gen_size: 1879048192 avg_old_live: 786741056
[36.876s][debug  ][gc,ergo        ] GC(135) PSAdaptiveSizePolicy::compute_old_gen_free_space: costs minor_time: 0.049512 major_cost: 0.056051  mutator_cost: 0.894437 throughput_goal: 0.990000
[36.876s][debug  ][gc,ergo        ] GC(135) Live_space: 1079562752 free_space: 1371537408
[36.876s][debug  ][gc,ergo        ] GC(135) Old promo_size: 1175453696 desired_promo_size: 1175453696
[36.876s][debug  ][gc,ergo        ] GC(135) AdaptiveSizeStop: collection: 136 
[36.876s][info   ][gc,heap        ] GC(135) PSYoungGen: 30720K(226304K)->0K(226816K) Eden: 0K(190976K)->0K(191488K) From: 30720K(35328K)->0K(35328K)
[36.877s][info   ][gc,heap        ] GC(135) ParOldGen: 1732197K(1835008K)->831076K(1835008K)
[36.877s][info   ][gc,metaspace   ] GC(135) Metaspace: 1022K(1216K)->1022K(1216K) NonClass: 938K(1024K)->938K(1024K) Class: 83K(192K)->83K(192K)
[36.877s][info   ][gc             ] GC(135) Pause Full (Ergonomics) 1721M->811M(2013M) 99.003ms
[36.877s][info   ][gc,cpu         ] GC(135) User=0.53s Sys=0.02s Real=0.10s
[36.877s][debug  ][gc,heap        ] GC(135) Heap after GC invocations=136 (full 22):
[36.877s][debug  ][gc,heap        ] GC(135)  PSYoungGen      total 226816K, used 0K [0x00000000f0000000, 0x0000000100000000, 0x0000000100000000)
[36.877s][debug  ][gc,heap        ] GC(135)   eden space 191488K, 0% used [0x00000000f0000000,0x00000000f0000000,0x00000000fbb00000)
[36.877s][debug  ][gc,heap        ] GC(135)   from space 35328K, 0% used [0x00000000fdd80000,0x00000000fdd80000,0x0000000100000000)
[36.877s][debug  ][gc,heap        ] GC(135)   to   space 35328K, 0% used [0x00000000fbb00000,0x00000000fbb00000,0x00000000fdd80000)
[36.877s][debug  ][gc,heap        ] GC(135)  ParOldGen       total 1835008K, used 831076K [0x0000000080000000, 0x00000000f0000000, 0x00000000f0000000)
[36.877s][debug  ][gc,heap        ] GC(135)   object space 1835008K, 45% used [0x0000000080000000,0x00000000b2b99028,0x00000000f0000000)
[36.877s][debug  ][gc,heap        ] GC(135)  Metaspace       used 1022K, committed 1216K, reserved 1056768K
[36.877s][debug  ][gc,heap        ] GC(135)   class space    used 83K, committed 192K, reserved 1048576K
[36.877s][debug  ][gc,task,time   ] GC(135) VM-Thread 367776079 367801122 368766466
[37.172s][debug  ][gc,heap        ] GC(136) Heap before GC invocations=137 (full 22):
[37.172s][debug  ][gc,heap        ] GC(136)  PSYoungGen      total 226816K, used 188060K [0x00000000f0000000, 0x0000000100000000, 0x0000000100000000)
[37.172s][debug  ][gc,heap        ] GC(136)   eden space 191488K, 98% used [0x00000000f0000000,0x00000000fb7a7208,0x00000000fbb00000)
[37.172s][debug  ][gc,heap        ] GC(136)   from space 35328K, 0% used [0x00000000fdd80000,0x00000000fdd80000,0x0000000100000000)
[37.172s][debug  ][gc,heap        ] GC(136)   to   space 35328K, 0% used [0x00000000fbb00000,0x00000000fbb00000,0x00000000fdd80000)
[37.172s][debug  ][gc,heap        ] GC(136)  ParOldGen       total 1835008K, used 831076K [0x0000000080000000, 0x00000000f0000000, 0x00000000f0000000)
[37.172s][debug  ][gc,heap        ] GC(136)   object space 1835008K, 45% used [0x0000000080000000,0x00000000b2b99028,0x00000000f0000000)
[37.172s][debug  ][gc,heap        ] GC(136)  Metaspace       used 1022K, committed 1216K, reserved 1056768K
[37.172s][debug  ][gc,heap        ] GC(136)   class space    used 83K, committed 192K, reserved 1048576K
[37.172s][debug  ][gc,tlab        ] GC(136) TLAB totals: thrds: 1  refills: 1 max: 1 slow allocs: 17 max 17 waste: 26.8% gc: 3829992B max: 3829992B slow: 0B max: 0B
[37.172s][info   ][gc,start       ] GC(136) Pause Young (Allocation Failure)
[37.172s][debug  ][gc,phases,start] GC(136) Scavenge
[37.184s][debug  ][gc,phases      ] GC(136) Scavenge 11.695ms
[37.184s][debug  ][gc,phases,start] GC(136) Reference Processing
[37.184s][debug  ][gc,ref         ] GC(136) Skipped phase 1 of Reference Processing: no references
[37.184s][debug  ][gc,ref         ] GC(136) Skipped phase 2 of Reference Processing: no references
[37.184s][debug  ][gc,ref         ] GC(136) Skipped phase 3 of Reference Processing: no references
[37.184s][debug  ][gc,ref         ] GC(136) Skipped phase 4 of Reference Processing: no references
[37.184s][debug  ][gc,phases,ref  ] GC(136) Reference Processing: 0.1ms
[37.184s][debug  ][gc,phases,ref  ] GC(136)   Reconsider SoftReferences: 0.0ms
[37.184s][debug  ][gc,phases,ref  ] GC(136)     SoftRef (ms):                  skipped
[37.184s][debug  ][gc,phases,ref  ] GC(136)   Notify Soft/WeakReferences: 0.0ms
[37.184s][debug  ][gc,phases,ref  ] GC(136)     SoftRef (ms):                  skipped
[37.184s][debug  ][gc,phases,ref  ] GC(136)     WeakRef (ms):                  skipped
[37.184s][debug  ][gc,phases,ref  ] GC(136)     FinalRef (ms):                 skipped
[37.184s][debug  ][gc,phases,ref  ] GC(136)     Total (ms):                    skipped
[37.184s][debug  ][gc,phases,ref  ] GC(136)   Notify and keep alive finalizable: 0.0ms
[37.184s][debug  ][gc,phases,ref  ] GC(136)     FinalRef (ms):                 skipped
[37.184s][debug  ][gc,phases,ref  ] GC(136)   Notify PhantomReferences: 0.0ms
[37.184s][debug  ][gc,phases,ref  ] GC(136)     PhantomRef (ms):               skipped
[37.184s][debug  ][gc,phases,ref  ] GC(136)   SoftReference:
[37.184s][debug  ][gc,phases,ref  ] GC(136)     Discovered: 0
[37.184s][debug  ][gc,phases,ref  ] GC(136)     Cleared: 0
[37.184s][debug  ][gc,phases,ref  ] GC(136)   WeakReference:
[37.184s][debug  ][gc,phases,ref  ] GC(136)     Discovered: 0
[37.184s][debug  ][gc,phases,ref  ] GC(136)     Cleared: 0
[37.184s][debug  ][gc,phases,ref  ] GC(136)   FinalReference:
[37.184s][debug  ][gc,phases,ref  ] GC(136)     Discovered: 0
[37.184s][debug  ][gc,phases,ref  ] GC(136)     Cleared: 0
[37.185s][debug  ][gc,phases,ref  ] GC(136)   PhantomReference:
[37.185s][debug  ][gc,phases,ref  ] GC(136)     Discovered: 0
[37.185s][debug  ][gc,phases,ref  ] GC(136)     Cleared: 0
[37.185s][debug  ][gc,phases      ] GC(136) Reference Processing 0.685ms
[37.185s][debug  ][gc,phases,start] GC(136) Weak Processing
[37.185s][debug  ][gc,phases      ] GC(136)   VM Weak                        Min:  0.0, Avg:  0.0, Max:  0.0, Diff:  0.0, Sum:  0.0, Workers: 6
[37.185s][debug  ][gc,phases      ] GC(136)     Dead                           Min: 0, Avg:  0.0, Max: 0, Diff: 0, Sum: 0, Workers: 6
[37.185s][debug  ][gc,phases      ] GC(136)     Total                          Min: 0, Avg:  1.3, Max: 8, Diff: 8, Sum: 8, Workers: 6
[37.185s][debug  ][gc,phases      ] GC(136)   ObjectSynchronizer Weak        Min:  0.0, Avg:  0.0, Max:  0.0, Diff:  0.0, Sum:  0.0, Workers: 6
[37.185s][debug  ][gc,phases      ] GC(136)     Dead                           Min: 0, Avg:  0.0, Max: 0, Diff: 0, Sum: 0, Workers: 6
[37.185s][debug  ][gc,phases      ] GC(136)     Total                          Min: 0, Avg:  0.5, Max: 3, Diff: 3, Sum: 3, Workers: 6
[37.185s][debug  ][gc,phases      ] GC(136)   JVMTI Tag Weak OopStorage      Min:  0.0, Avg:  0.0, Max:  0.0, Diff:  0.0, Sum:  0.0, Workers: 6
[37.185s][debug  ][gc,phases      ] GC(136)     Dead                           Min: 0, Avg:  0.0, Max: 0, Diff: 0, Sum: 0, Workers: 6
[37.185s][debug  ][gc,phases      ] GC(136)     Total                          Min: 0, Avg:  0.0, Max: 0, Diff: 0, Sum: 0, Workers: 6
[37.185s][debug  ][gc,phases      ] GC(136)   StringTable Weak               Min:  0.0, Avg:  0.0, Max:  0.0, Diff:  0.0, Sum:  0.0, Workers: 6
[37.185s][debug  ][gc,phases      ] GC(136)     Dead                           Min: 0, Avg:  0.0, Max: 0, Diff: 0, Sum: 0, Workers: 6
[37.185s][debug  ][gc,phases      ] GC(136)     Total                          Min: 767, Avg: 891.8, Max: 1088, Diff: 321, Sum: 5351, Workers: 6
[37.185s][debug  ][gc,phases      ] GC(136)   ResolvedMethodTable Weak       Min:  0.0, Avg:  0.0, Max:  0.0, Diff:  0.0, Sum:  0.0, Workers: 6
[37.185s][debug  ][gc,phases      ] GC(136)     Dead                           Min: 0, Avg:  0.0, Max: 0, Diff: 0, Sum: 0, Workers: 6
[37.185s][debug  ][gc,phases      ] GC(136)     Total                          Min: 0, Avg: 21.7, Max: 66, Diff: 66, Sum: 130, Workers: 6
[37.185s][debug  ][gc,phases      ] GC(136)   JNI Weak                       Min:  0.0, Avg:  0.0, Max:  0.0, Diff:  0.0, Sum:  0.0, Workers: 6
[37.185s][debug  ][gc,phases      ] GC(136)     Dead                           Min: 0, Avg:  0.0, Max: 0, Diff: 0, Sum: 0, Workers: 6
[37.185s][debug  ][gc,phases      ] GC(136)     Total                          Min: 0, Avg:  0.0, Max: 0, Diff: 0, Sum: 0, Workers: 6
[37.185s][debug  ][gc,phases      ] GC(136)   StringDedup Table Weak         Min:  0.0, Avg:  0.0, Max:  0.0, Diff:  0.0, Sum:  0.0, Workers: 6
[37.185s][debug  ][gc,phases      ] GC(136)     Dead                           Min: 0, Avg:  0.0, Max: 0, Diff: 0, Sum: 0, Workers: 6
[37.185s][debug  ][gc,phases      ] GC(136)     Total                          Min: 0, Avg:  0.0, Max: 0, Diff: 0, Sum: 0, Workers: 6
[37.185s][debug  ][gc,phases      ] GC(136)   StringDedup Requests0 Weak     Min:  0.0, Avg:  0.0, Max:  0.0, Diff:  0.0, Sum:  0.0, Workers: 6
[37.185s][debug  ][gc,phases      ] GC(136)     Dead                           Min: 0, Avg:  0.0, Max: 0, Diff: 0, Sum: 0, Workers: 6
[37.185s][debug  ][gc,phases      ] GC(136)     Total                          Min: 0, Avg:  0.0, Max: 0, Diff: 0, Sum: 0, Workers: 6
[37.185s][debug  ][gc,phases      ] GC(136)   StringDedup Requests1 Weak     Min:  0.0, Avg:  0.0, Max:  0.0, Diff:  0.0, Sum:  0.0, Workers: 6
[37.185s][debug  ][gc,phases      ] GC(136)     Dead                           Min: 0, Avg:  0.0, Max: 0, Diff: 0, Sum: 0, Workers: 6
[37.185s][debug  ][gc,phases      ] GC(136)     Total                          Min: 0, Avg:  0.0, Max: 0, Diff: 0, Sum: 0, Workers: 6
[37.185s][debug  ][gc,phases      ] GC(136)   Weak JFR Old Object Samples    Min:  0.0, Avg:  0.0, Max:  0.0, Diff:  0.0, Sum:  0.0, Workers: 6
[37.185s][debug  ][gc,phases      ] GC(136)     Dead                           Min: 0, Avg:  0.0, Max: 0, Diff: 0, Sum: 0, Workers: 6
[37.185s][debug  ][gc,phases      ] GC(136)     Total                          Min: 0, Avg:  0.0, Max: 0, Diff: 0, Sum: 0, Workers: 6
[37.185s][debug  ][gc,phases      ] GC(136) Weak Processing 0.805ms
[37.185s][debug  ][gc,ergo        ] GC(136) AdaptiveSizeStart:  collection: 137 
[37.185s][debug  ][gc,ergo        ] GC(136) avg_survived_padded_avg: 35603920.000000
[37.186s][debug  ][gc,ergo        ] GC(136) avg_promoted_padded_avg: 254208784.000000  avg_pretenured_padded_avg: 0.000000  tenuring_thresh: 15  target_size: 35651584
[37.186s][debug  ][gc,age         ] GC(136) Desired survivor size 35651584 bytes, new threshold 15 (max threshold 15)
[37.186s][debug  ][gc,ergo        ] GC(136) PSAdaptiveSizePolicy::compute_eden_space_size limits: desired_eden_size: 213657657 old_eden_size: 196083712 eden_limit: 196083712 cur_eden: 196083712 max_eden_size: 196083712 avg_young_live: 25093318
[37.186s][debug  ][gc,ergo        ] GC(136) PSAdaptiveSizePolicy::compute_eden_space_size: costs minor_time: 0.045294 major_cost: 0.056051 mutator_cost: 0.898655 throughput_goal: 0.990000
[37.186s][debug  ][gc,ergo        ] GC(136) Live_space: 1080269824 free_space: 1371537408
[37.186s][debug  ][gc,ergo        ] GC(136) Old eden_size: 196083712 desired_eden_size: 196083712
[37.186s][debug  ][gc,ergo        ] GC(136) AdaptiveSizeStop: collection: 137 
[37.186s][info   ][gc,heap        ] GC(136) PSYoungGen: 188060K(226816K)->30720K(226816K) Eden: 188060K(191488K)->0K(191488K) From: 0K(35328K)->30720K(35328K)
[37.186s][info   ][gc,heap        ] GC(136) ParOldGen: 831076K(1835008K)->984676K(1835008K)
[37.186s][info   ][gc,metaspace   ] GC(136) Metaspace: 1022K(1216K)->1022K(1216K) NonClass: 938K(1024K)->938K(1024K) Class: 83K(192K)->83K(192K)
[37.186s][info   ][gc             ] GC(136) Pause Young (Allocation Failure) 995M->991M(2013M) 13.735ms
[37.186s][info   ][gc,cpu         ] GC(136) User=0.09s Sys=0.00s Real=0.01s
[37.186s][debug  ][gc,heap        ] GC(136) Heap after GC invocations=137 (full 22):
[37.186s][debug  ][gc,heap        ] GC(136)  PSYoungGen      total 226816K, used 30720K [0x00000000f0000000, 0x0000000100000000, 0x0000000100000000)
[37.186s][debug  ][gc,heap        ] GC(136)   eden space 191488K, 0% used [0x00000000f0000000,0x00000000f0000000,0x00000000fbb00000)
[37.186s][debug  ][gc,heap        ] GC(136)   from space 35328K, 86% used [0x00000000fbb00000,0x00000000fd900030,0x00000000fdd80000)
[37.186s][debug  ][gc,heap        ] GC(136)   to   space 34816K, 0% used [0x00000000fde00000,0x00000000fde00000,0x0000000100000000)
[37.186s][debug  ][gc,heap        ] GC(136)  ParOldGen       total 1835008K, used 984676K [0x0000000080000000, 0x00000000f0000000, 0x00000000f0000000)
[37.186s][debug  ][gc,heap        ] GC(136)   object space 1835008K, 53% used [0x0000000080000000,0x00000000bc199118,0x00000000f0000000)
[37.186s][debug  ][gc,heap        ] GC(136)  Metaspace       used 1022K, committed 1216K, reserved 1056768K
[37.186s][debug  ][gc,heap        ] GC(136)   class space    used 83K, committed 192K, reserved 1048576K
[37.186s][debug  ][gc,task,time   ] GC(136) VM-Thread 371716790 371838911 371861111
[37.470s][debug  ][gc,heap        ] GC(137) Heap before GC invocations=138 (full 22):
[37.470s][debug  ][gc,heap        ] GC(137)  PSYoungGen      total 226816K, used 218712K [0x00000000f0000000, 0x0000000100000000, 0x0000000100000000)
[37.470s][debug  ][gc,heap        ] GC(137)   eden space 191488K, 98% used [0x00000000f0000000,0x00000000fb7960e0,0x00000000fbb00000)
[37.470s][debug  ][gc,heap        ] GC(137)   from space 35328K, 86% used [0x00000000fbb00000,0x00000000fd900030,0x00000000fdd80000)
[37.470s][debug  ][gc,heap        ] GC(137)   to   space 34816K, 0% used [0x00000000fde00000,0x00000000fde00000,0x0000000100000000)
[37.470s][debug  ][gc,heap        ] GC(137)  ParOldGen       total 1835008K, used 984676K [0x0000000080000000, 0x00000000f0000000, 0x00000000f0000000)
[37.470s][debug  ][gc,heap        ] GC(137)   object space 1835008K, 53% used [0x0000000080000000,0x00000000bc199118,0x00000000f0000000)
[37.470s][debug  ][gc,heap        ] GC(137)  Metaspace       used 1022K, committed 1216K, reserved 1056768K
[37.470s][debug  ][gc,heap        ] GC(137)   class space    used 83K, committed 192K, reserved 1048576K
[37.470s][debug  ][gc,tlab        ] GC(137) TLAB totals: thrds: 1  refills: 1 max: 1 slow allocs: 18 max 18 waste: 100.0% gc: 3759000B max: 3759000B slow: 0B max: 0B
[37.470s][info   ][gc,start       ] GC(137) Pause Young (Allocation Failure)
[37.470s][debug  ][gc,phases,start] GC(137) Scavenge
[37.481s][debug  ][gc,phases      ] GC(137) Scavenge 11.360ms
[37.481s][debug  ][gc,phases,start] GC(137) Reference Processing
[37.482s][debug  ][gc,ref         ] GC(137) Skipped phase 1 of Reference Processing: no references
[37.482s][debug  ][gc,ref         ] GC(137) Skipped phase 2 of Reference Processing: no references
[37.482s][debug  ][gc,ref         ] GC(137) Skipped phase 3 of Reference Processing: no references
[37.482s][debug  ][gc,ref         ] GC(137) Skipped phase 4 of Reference Processing: no references
[37.482s][debug  ][gc,phases,ref  ] GC(137) Reference Processing: 0.1ms
[37.482s][debug  ][gc,phases,ref  ] GC(137)   Reconsider SoftReferences: 0.0ms
[37.482s][debug  ][gc,phases,ref  ] GC(137)     SoftRef (ms):                  skipped
[37.482s][debug  ][gc,phases,ref  ] GC(137)   Notify Soft/WeakReferences: 0.0ms
[37.482s][debug  ][gc,phases,ref  ] GC(137)     SoftRef (ms):                  skipped
[37.482s][debug  ][gc,phases,ref  ] GC(137)     WeakRef (ms):                  skipped
[37.482s][debug  ][gc,phases,ref  ] GC(137)     FinalRef (ms):                 skipped
[37.482s][debug  ][gc,phases,ref  ] GC(137)     Total (ms):                    skipped
[37.482s][debug  ][gc,phases,ref  ] GC(137)   Notify and keep alive finalizable: 0.0ms
[37.482s][debug  ][gc,phases,ref  ] GC(137)     FinalRef (ms):                 skipped
[37.482s][debug  ][gc,phases,ref  ] GC(137)   Notify PhantomReferences: 0.0ms
[37.482s][debug  ][gc,phases,ref  ] GC(137)     PhantomRef (ms):               skipped
[37.482s][debug  ][gc,phases,ref  ] GC(137)   SoftReference:
[37.482s][debug  ][gc,phases,ref  ] GC(137)     Discovered: 0
[37.482s][debug  ][gc,phases,ref  ] GC(137)     Cleared: 0
[37.482s][debug  ][gc,phases,ref  ] GC(137)   WeakReference:
[37.482s][debug  ][gc,phases,ref  ] GC(137)     Discovered: 0
[37.482s][debug  ][gc,phases,ref  ] GC(137)     Cleared: 0
[37.482s][debug  ][gc,phases,ref  ] GC(137)   FinalReference:
[37.482s][debug  ][gc,phases,ref  ] GC(137)     Discovered: 0
[37.482s][debug  ][gc,phases,ref  ] GC(137)     Cleared: 0
[37.482s][debug  ][gc,phases,ref  ] GC(137)   PhantomReference:
[37.482s][debug  ][gc,phases,ref  ] GC(137)     Discovered: 0
[37.482s][debug  ][gc,phases,ref  ] GC(137)     Cleared: 0
[37.482s][debug  ][gc,phases      ] GC(137) Reference Processing 0.573ms
[37.482s][debug  ][gc,phases,start] GC(137) Weak Processing
[37.482s][debug  ][gc,phases      ] GC(137)   VM Weak                        Min:  0.0, Avg:  0.0, Max:  0.0, Diff:  0.0, Sum:  0.0, Workers: 6
[37.482s][debug  ][gc,phases      ] GC(137)     Dead                           Min: 0, Avg:  0.0, Max: 0, Diff: 0, Sum: 0, Workers: 6
[37.482s][debug  ][gc,phases      ] GC(137)     Total                          Min: 0, Avg:  1.3, Max: 8, Diff: 8, Sum: 8, Workers: 6
[37.482s][debug  ][gc,phases      ] GC(137)   ObjectSynchronizer Weak        Min:  0.0, Avg:  0.0, Max:  0.0, Diff:  0.0, Sum:  0.0, Workers: 6
[37.482s][debug  ][gc,phases      ] GC(137)     Dead                           Min: 0, Avg:  0.0, Max: 0, Diff: 0, Sum: 0, Workers: 6
[37.482s][debug  ][gc,phases      ] GC(137)     Total                          Min: 0, Avg:  0.5, Max: 3, Diff: 3, Sum: 3, Workers: 6
[37.482s][debug  ][gc,phases      ] GC(137)   JVMTI Tag Weak OopStorage      Min:  0.0, Avg:  0.0, Max:  0.0, Diff:  0.0, Sum:  0.0, Workers: 6
[37.482s][debug  ][gc,phases      ] GC(137)     Dead                           Min: 0, Avg:  0.0, Max: 0, Diff: 0, Sum: 0, Workers: 6
[37.482s][debug  ][gc,phases      ] GC(137)     Total                          Min: 0, Avg:  0.0, Max: 0, Diff: 0, Sum: 0, Workers: 6
[37.482s][debug  ][gc,phases      ] GC(137)   StringTable Weak               Min:  0.0, Avg:  0.0, Max:  0.0, Diff:  0.0, Sum:  0.0, Workers: 6
[37.482s][debug  ][gc,phases      ] GC(137)     Dead                           Min: 0, Avg:  0.0, Max: 0, Diff: 0, Sum: 0, Workers: 6
[37.482s][debug  ][gc,phases      ] GC(137)     Total                          Min: 767, Avg: 891.8, Max: 1064, Diff: 297, Sum: 5351, Workers: 6
[37.482s][debug  ][gc,phases      ] GC(137)   ResolvedMethodTable Weak       Min:  0.0, Avg:  0.0, Max:  0.0, Diff:  0.0, Sum:  0.0, Workers: 6
[37.482s][debug  ][gc,phases      ] GC(137)     Dead                           Min: 0, Avg:  0.0, Max: 0, Diff: 0, Sum: 0, Workers: 6
[37.482s][debug  ][gc,phases      ] GC(137)     Total                          Min: 0, Avg: 21.7, Max: 64, Diff: 64, Sum: 130, Workers: 6
[37.482s][debug  ][gc,phases      ] GC(137)   JNI Weak                       Min:  0.0, Avg:  0.0, Max:  0.0, Diff:  0.0, Sum:  0.0, Workers: 6
[37.482s][debug  ][gc,phases      ] GC(137)     Dead                           Min: 0, Avg:  0.0, Max: 0, Diff: 0, Sum: 0, Workers: 6
[37.482s][debug  ][gc,phases      ] GC(137)     Total                          Min: 0, Avg:  0.0, Max: 0, Diff: 0, Sum: 0, Workers: 6
[37.483s][debug  ][gc,phases      ] GC(137)   StringDedup Table Weak         Min:  0.0, Avg:  0.0, Max:  0.0, Diff:  0.0, Sum:  0.0, Workers: 6
[37.483s][debug  ][gc,phases      ] GC(137)     Dead                           Min: 0, Avg:  0.0, Max: 0, Diff: 0, Sum: 0, Workers: 6
[37.483s][debug  ][gc,phases      ] GC(137)     Total                          Min: 0, Avg:  0.0, Max: 0, Diff: 0, Sum: 0, Workers: 6
[37.483s][debug  ][gc,phases      ] GC(137)   StringDedup Requests0 Weak     Min:  0.0, Avg:  0.0, Max:  0.0, Diff:  0.0, Sum:  0.0, Workers: 6
[37.483s][debug  ][gc,phases      ] GC(137)     Dead                           Min: 0, Avg:  0.0, Max: 0, Diff: 0, Sum: 0, Workers: 6
[37.483s][debug  ][gc,phases      ] GC(137)     Total                          Min: 0, Avg:  0.0, Max: 0, Diff: 0, Sum: 0, Workers: 6
[37.483s][debug  ][gc,phases      ] GC(137)   StringDedup Requests1 Weak     Min:  0.0, Avg:  0.0, Max:  0.0, Diff:  0.0, Sum:  0.0, Workers: 6
[37.483s][debug  ][gc,phases      ] GC(137)     Dead                           Min: 0, Avg:  0.0, Max: 0, Diff: 0, Sum: 0, Workers: 6
[37.483s][debug  ][gc,phases      ] GC(137)     Total                          Min: 0, Avg:  0.0, Max: 0, Diff: 0, Sum: 0, Workers: 6
[37.483s][debug  ][gc,phases      ] GC(137)   Weak JFR Old Object Samples    Min:  0.0, Avg:  0.0, Max:  0.0, Diff:  0.0, Sum:  0.0, Workers: 6
[37.483s][debug  ][gc,phases      ] GC(137)     Dead                           Min: 0, Avg:  0.0, Max: 0, Diff: 0, Sum: 0, Workers: 6
[37.483s][debug  ][gc,phases      ] GC(137)     Total                          Min: 0, Avg:  0.0, Max: 0, Diff: 0, Sum: 0, Workers: 6
[37.483s][debug  ][gc,phases      ] GC(137) Weak Processing 0.697ms
[37.483s][debug  ][gc,ergo        ] GC(137) AdaptiveSizeStart:  collection: 138 
[37.483s][debug  ][gc,ergo        ] GC(137) avg_survived_padded_avg: 35395640.000000
[37.483s][debug  ][gc,ergo        ] GC(137) avg_promoted_padded_avg: 248547616.000000  avg_pretenured_padded_avg: 0.000000  tenuring_thresh: 15  target_size: 35651584
[37.483s][debug  ][gc,age         ] GC(137) Desired survivor size 35651584 bytes, new threshold 15 (max threshold 15)
[37.483s][debug  ][gc,ergo        ] GC(137) PSAdaptiveSizePolicy::compute_eden_space_size limits: desired_eden_size: 213526871 old_eden_size: 196083712 eden_limit: 196608000 cur_eden: 196083712 max_eden_size: 196608000 avg_young_live: 25729720
[37.483s][debug  ][gc,ergo        ] GC(137) PSAdaptiveSizePolicy::compute_eden_space_size: costs minor_time: 0.044688 major_cost: 0.056051 mutator_cost: 0.899261 throughput_goal: 0.990000
[37.483s][debug  ][gc,ergo        ] GC(137) Live_space: 1080906240 free_space: 1371537408
[37.483s][debug  ][gc,ergo        ] GC(137) Old eden_size: 196083712 desired_eden_size: 196608000
[37.483s][debug  ][gc,ergo        ] GC(137) AdaptiveSizeStop: collection: 138 
[37.483s][info   ][gc,heap        ] GC(137) PSYoungGen: 218712K(226816K)->30720K(227328K) Eden: 187992K(191488K)->0K(192512K) From: 30720K(35328K)->30720K(34816K)
[37.483s][info   ][gc,heap        ] GC(137) ParOldGen: 984676K(1835008K)->1128036K(1835008K)
[37.483s][info   ][gc,metaspace   ] GC(137) Metaspace: 1022K(1216K)->1022K(1216K) NonClass: 938K(1024K)->938K(1024K) Class: 83K(192K)->83K(192K)
[37.483s][info   ][gc             ] GC(137) Pause Young (Allocation Failure) 1175M->1131M(2014M) 13.098ms
[37.483s][info   ][gc,cpu         ] GC(137) User=0.09s Sys=0.00s Real=0.01s
[37.483s][debug  ][gc,heap        ] GC(137) Heap after GC invocations=138 (full 22):
[37.483s][debug  ][gc,heap        ] GC(137)  PSYoungGen      total 227328K, used 30720K [0x00000000f0000000, 0x0000000100000000, 0x0000000100000000)
[37.483s][debug  ][gc,heap        ] GC(137)   eden space 192512K, 0% used [0x00000000f0000000,0x00000000f0000000,0x00000000fbc00000)
[37.483s][debug  ][gc,heap        ] GC(137)   from space 34816K, 88% used [0x00000000fde00000,0x00000000ffc00030,0x0000000100000000)
[37.483s][debug  ][gc,heap        ] GC(137)   to   space 34816K, 0% used [0x00000000fbc00000,0x00000000fbc00000,0x00000000fde00000)
[37.483s][debug  ][gc,heap        ] GC(137)  ParOldGen       total 1835008K, used 1128036K [0x0000000080000000, 0x00000000f0000000, 0x00000000f0000000)
[37.483s][debug  ][gc,heap        ] GC(137)   object space 1835008K, 61% used [0x0000000080000000,0x00000000c4d991f8,0x00000000f0000000)
[37.483s][debug  ][gc,heap        ] GC(137)  Metaspace       used 1022K, committed 1216K, reserved 1056768K
[37.483s][debug  ][gc,heap        ] GC(137)   class space    used 83K, committed 192K, reserved 1048576K
[37.483s][debug  ][gc,task,time   ] GC(137) VM-Thread 374695617 374814679 374833300
[37.773s][debug  ][gc,heap        ] GC(138) Heap before GC invocations=139 (full 22):
[37.773s][debug  ][gc,heap        ] GC(138)  PSYoungGen      total 227328K, used 218787K [0x00000000f0000000, 0x0000000100000000, 0x0000000100000000)
[37.773s][debug  ][gc,heap        ] GC(138)   eden space 192512K, 97% used [0x00000000f0000000,0x00000000fb7a8d80,0x00000000fbc00000)
[37.773s][debug  ][gc,heap        ] GC(138)   from space 34816K, 88% used [0x00000000fde00000,0x00000000ffc00030,0x0000000100000000)
[37.773s][debug  ][gc,heap        ] GC(138)   to   space 34816K, 0% used [0x00000000fbc00000,0x00000000fbc00000,0x00000000fde00000)
[37.773s][debug  ][gc,heap        ] GC(138)  ParOldGen       total 1835008K, used 1128036K [0x0000000080000000, 0x00000000f0000000, 0x00000000f0000000)
[37.773s][debug  ][gc,heap        ] GC(138)   object space 1835008K, 61% used [0x0000000080000000,0x00000000c4d991f8,0x00000000f0000000)
[37.773s][debug  ][gc,heap        ] GC(138)  Metaspace       used 1022K, committed 1216K, reserved 1056768K
[37.773s][debug  ][gc,heap        ] GC(138)   class space    used 83K, committed 192K, reserved 1048576K
[37.773s][debug  ][gc,tlab        ] GC(138) TLAB totals: thrds: 1  refills: 1 max: 1 slow allocs: 17 max 17 waste: 26.8% gc: 3837024B max: 3837024B slow: 0B max: 0B
[37.773s][info   ][gc,start       ] GC(138) Pause Young (Allocation Failure)
[37.773s][debug  ][gc,phases,start] GC(138) Scavenge
[37.787s][debug  ][gc,phases      ] GC(138) Scavenge 13.942ms
[37.787s][debug  ][gc,phases,start] GC(138) Reference Processing
[37.787s][debug  ][gc,ref         ] GC(138) Skipped phase 1 of Reference Processing: no references
[37.787s][debug  ][gc,ref         ] GC(138) Skipped phase 2 of Reference Processing: no references
[37.787s][debug  ][gc,ref         ] GC(138) Skipped phase 3 of Reference Processing: no references
[37.787s][debug  ][gc,ref         ] GC(138) Skipped phase 4 of Reference Processing: no references
[37.787s][debug  ][gc,phases,ref  ] GC(138) Reference Processing: 0.1ms
[37.787s][debug  ][gc,phases,ref  ] GC(138)   Reconsider SoftReferences: 0.0ms
[37.787s][debug  ][gc,phases,ref  ] GC(138)     SoftRef (ms):                  skipped
[37.787s][debug  ][gc,phases,ref  ] GC(138)   Notify Soft/WeakReferences: 0.0ms
[37.787s][debug  ][gc,phases,ref  ] GC(138)     SoftRef (ms):                  skipped
[37.787s][debug  ][gc,phases,ref  ] GC(138)     WeakRef (ms):                  skipped
[37.787s][debug  ][gc,phases,ref  ] GC(138)     FinalRef (ms):                 skipped
[37.787s][debug  ][gc,phases,ref  ] GC(138)     Total (ms):                    skipped
[37.787s][debug  ][gc,phases,ref  ] GC(138)   Notify and keep alive finalizable: 0.0ms
[37.787s][debug  ][gc,phases,ref  ] GC(138)     FinalRef (ms):                 skipped
[37.788s][debug  ][gc,phases,ref  ] GC(138)   Notify PhantomReferences: 0.0ms
[37.788s][debug  ][gc,phases,ref  ] GC(138)     PhantomRef (ms):               skipped
[37.788s][debug  ][gc,phases,ref  ] GC(138)   SoftReference:
[37.788s][debug  ][gc,phases,ref  ] GC(138)     Discovered: 0
[37.788s][debug  ][gc,phases,ref  ] GC(138)     Cleared: 0
[37.788s][debug  ][gc,phases,ref  ] GC(138)   WeakReference:
[37.788s][debug  ][gc,phases,ref  ] GC(138)     Discovered: 0
[37.788s][debug  ][gc,phases,ref  ] GC(138)     Cleared: 0
[37.788s][debug  ][gc,phases,ref  ] GC(138)   FinalReference:
[37.788s][debug  ][gc,phases,ref  ] GC(138)     Discovered: 0
[37.788s][debug  ][gc,phases,ref  ] GC(138)     Cleared: 0
[37.788s][debug  ][gc,phases,ref  ] GC(138)   PhantomReference:
[37.788s][debug  ][gc,phases,ref  ] GC(138)     Discovered: 0
[37.788s][debug  ][gc,phases,ref  ] GC(138)     Cleared: 0
[37.788s][debug  ][gc,phases      ] GC(138) Reference Processing 0.767ms
[37.788s][debug  ][gc,phases,start] GC(138) Weak Processing
[37.788s][debug  ][gc,phases      ] GC(138)   VM Weak                        Min:  0.0, Avg:  0.0, Max:  0.0, Diff:  0.0, Sum:  0.0, Workers: 6
[37.788s][debug  ][gc,phases      ] GC(138)     Dead                           Min: 0, Avg:  0.0, Max: 0, Diff: 0, Sum: 0, Workers: 6
[37.788s][debug  ][gc,phases      ] GC(138)     Total                          Min: 0, Avg:  1.3, Max: 8, Diff: 8, Sum: 8, Workers: 6
[37.788s][debug  ][gc,phases      ] GC(138)   ObjectSynchronizer Weak        Min:  0.0, Avg:  0.0, Max:  0.0, Diff:  0.0, Sum:  0.0, Workers: 6
[37.788s][debug  ][gc,phases      ] GC(138)     Dead                           Min: 0, Avg:  0.0, Max: 0, Diff: 0, Sum: 0, Workers: 6
[37.788s][debug  ][gc,phases      ] GC(138)     Total                          Min: 0, Avg:  0.5, Max: 3, Diff: 3, Sum: 3, Workers: 6
[37.788s][debug  ][gc,phases      ] GC(138)   JVMTI Tag Weak OopStorage      Min:  0.0, Avg:  0.0, Max:  0.0, Diff:  0.0, Sum:  0.0, Workers: 6
[37.788s][debug  ][gc,phases      ] GC(138)     Dead                           Min: 0, Avg:  0.0, Max: 0, Diff: 0, Sum: 0, Workers: 6
[37.788s][debug  ][gc,phases      ] GC(138)     Total                          Min: 0, Avg:  0.0, Max: 0, Diff: 0, Sum: 0, Workers: 6
[37.788s][debug  ][gc,phases      ] GC(138)   StringTable Weak               Min:  0.0, Avg:  0.0, Max:  0.0, Diff:  0.0, Sum:  0.0, Workers: 6
[37.788s][debug  ][gc,phases      ] GC(138)     Dead                           Min: 0, Avg:  0.0, Max: 0, Diff: 0, Sum: 0, Workers: 6
[37.788s][debug  ][gc,phases      ] GC(138)     Total                          Min: 768, Avg: 891.8, Max: 1128, Diff: 360, Sum: 5351, Workers: 6
[37.788s][debug  ][gc,phases      ] GC(138)   ResolvedMethodTable Weak       Min:  0.0, Avg:  0.0, Max:  0.0, Diff:  0.0, Sum:  0.0, Workers: 6
[37.788s][debug  ][gc,phases      ] GC(138)     Dead                           Min: 0, Avg:  0.0, Max: 0, Diff: 0, Sum: 0, Workers: 6
[37.788s][debug  ][gc,phases      ] GC(138)     Total                          Min: 0, Avg: 21.7, Max: 128, Diff: 128, Sum: 130, Workers: 6
[37.788s][debug  ][gc,phases      ] GC(138)   JNI Weak                       Min:  0.0, Avg:  0.0, Max:  0.0, Diff:  0.0, Sum:  0.0, Workers: 6
[37.788s][debug  ][gc,phases      ] GC(138)     Dead                           Min: 0, Avg:  0.0, Max: 0, Diff: 0, Sum: 0, Workers: 6
[37.788s][debug  ][gc,phases      ] GC(138)     Total                          Min: 0, Avg:  0.0, Max: 0, Diff: 0, Sum: 0, Workers: 6
[37.788s][debug  ][gc,phases      ] GC(138)   StringDedup Table Weak         Min:  0.0, Avg:  0.0, Max:  0.0, Diff:  0.0, Sum:  0.0, Workers: 6
[37.789s][debug  ][gc,phases      ] GC(138)     Dead                           Min: 0, Avg:  0.0, Max: 0, Diff: 0, Sum: 0, Workers: 6
[37.789s][debug  ][gc,phases      ] GC(138)     Total                          Min: 0, Avg:  0.0, Max: 0, Diff: 0, Sum: 0, Workers: 6
[37.789s][debug  ][gc,phases      ] GC(138)   StringDedup Requests0 Weak     Min:  0.0, Avg:  0.0, Max:  0.0, Diff:  0.0, Sum:  0.0, Workers: 6
[37.789s][debug  ][gc,phases      ] GC(138)     Dead                           Min: 0, Avg:  0.0, Max: 0, Diff: 0, Sum: 0, Workers: 6
[37.789s][debug  ][gc,phases      ] GC(138)     Total                          Min: 0, Avg:  0.0, Max: 0, Diff: 0, Sum: 0, Workers: 6
[37.789s][debug  ][gc,phases      ] GC(138)   StringDedup Requests1 Weak     Min:  0.0, Avg:  0.0, Max:  0.0, Diff:  0.0, Sum:  0.0, Workers: 6
[37.789s][debug  ][gc,phases      ] GC(138)     Dead                           Min: 0, Avg:  0.0, Max: 0, Diff: 0, Sum: 0, Workers: 6
[37.789s][debug  ][gc,phases      ] GC(138)     Total                          Min: 0, Avg:  0.0, Max: 0, Diff: 0, Sum: 0, Workers: 6
[37.789s][debug  ][gc,phases      ] GC(138)   Weak JFR Old Object Samples    Min:  0.0, Avg:  0.0, Max:  0.0, Diff:  0.0, Sum:  0.0, Workers: 6
[37.789s][debug  ][gc,phases      ] GC(138)     Dead                           Min: 0, Avg:  0.0, Max: 0, Diff: 0, Sum: 0, Workers: 6
[37.789s][debug  ][gc,phases      ] GC(138)     Total                          Min: 0, Avg:  0.0, Max: 0, Diff: 0, Sum: 0, Workers: 6
[37.789s][debug  ][gc,phases      ] GC(138) Weak Processing 0.917ms
[37.789s][debug  ][gc,ergo        ] GC(138) AdaptiveSizeStart:  collection: 139 
[37.789s][debug  ][gc,ergo        ] GC(138) avg_survived_padded_avg: 35187552.000000
[37.789s][debug  ][gc,ergo        ] GC(138) avg_promoted_padded_avg: 249320224.000000  avg_pretenured_padded_avg: 0.000000  tenuring_thresh: 15  target_size: 35651584
[37.789s][debug  ][gc,age         ] GC(138) Desired survivor size 35651584 bytes, new threshold 15 (max threshold 15)
[37.789s][debug  ][gc,ergo        ] GC(138) PSAdaptiveSizePolicy::compute_eden_space_size limits: desired_eden_size: 215175952 old_eden_size: 196608000 eden_limit: 197132288 cur_eden: 197132288 max_eden_size: 197132288 avg_young_live: 26302480
[37.789s][debug  ][gc,ergo        ] GC(138) PSAdaptiveSizePolicy::compute_eden_space_size: costs minor_time: 0.046388 major_cost: 0.056051 mutator_cost: 0.897561 throughput_goal: 0.990000
[37.789s][debug  ][gc,ergo        ] GC(138) Live_space: 1081478912 free_space: 1372061696
[37.789s][debug  ][gc,ergo        ] GC(138) Old eden_size: 196608000 desired_eden_size: 197132288
[37.789s][debug  ][gc,ergo        ] GC(138) AdaptiveSizeStop: collection: 139 
[37.789s][info   ][gc,heap        ] GC(138) PSYoungGen: 218787K(227328K)->30720K(227328K) Eden: 188067K(192512K)->0K(192512K) From: 30720K(34816K)->30720K(34816K)
[37.789s][info   ][gc,heap        ] GC(138) ParOldGen: 1128036K(1835008K)->1312356K(1835008K)
[37.789s][info   ][gc,metaspace   ] GC(138) Metaspace: 1022K(1216K)->1022K(1216K) NonClass: 938K(1024K)->938K(1024K) Class: 83K(192K)->83K(192K)
[37.789s][info   ][gc             ] GC(138) Pause Young (Allocation Failure) 1315M->1311M(2014M) 16.164ms
[37.789s][info   ][gc,cpu         ] GC(138) User=0.09s Sys=0.00s Real=0.02s
[37.789s][debug  ][gc,heap        ] GC(138) Heap after GC invocations=139 (full 22):
[37.789s][debug  ][gc,heap        ] GC(138)  PSYoungGen      total 227328K, used 30720K [0x00000000f0000000, 0x0000000100000000, 0x0000000100000000)
[37.789s][debug  ][gc,heap        ] GC(138)   eden space 192512K, 0% used [0x00000000f0000000,0x00000000f0000000,0x00000000fbc00000)
[37.789s][debug  ][gc,heap        ] GC(138)   from space 34816K, 88% used [0x00000000fbc00000,0x00000000fda00030,0x00000000fde00000)
[37.789s][debug  ][gc,heap        ] GC(138)   to   space 34816K, 0% used [0x00000000fde00000,0x00000000fde00000,0x0000000100000000)
[37.789s][debug  ][gc,heap        ] GC(138)  ParOldGen       total 1835008K, used 1312356K [0x0000000080000000, 0x00000000f0000000, 0x00000000f0000000)
[37.789s][debug  ][gc,heap        ] GC(138)   object space 1835008K, 71% used [0x0000000080000000,0x00000000d0199318,0x00000000f0000000)
[37.789s][debug  ][gc,heap        ] GC(138)  Metaspace       used 1022K, committed 1216K, reserved 1056768K
[37.789s][debug  ][gc,heap        ] GC(138)   class space    used 83K, committed 192K, reserved 1048576K
[37.790s][debug  ][gc,task,time   ] GC(138) VM-Thread 377726476 377871117 377895194
[38.074s][debug  ][gc,heap        ] GC(139) Heap before GC invocations=140 (full 22):
[38.074s][debug  ][gc,heap        ] GC(139)  PSYoungGen      total 227328K, used 218723K [0x00000000f0000000, 0x0000000100000000, 0x0000000100000000)
[38.074s][debug  ][gc,heap        ] GC(139)   eden space 192512K, 97% used [0x00000000f0000000,0x00000000fb798d08,0x00000000fbc00000)
[38.074s][debug  ][gc,heap        ] GC(139)   from space 34816K, 88% used [0x00000000fbc00000,0x00000000fda00030,0x00000000fde00000)
[38.074s][debug  ][gc,heap        ] GC(139)   to   space 34816K, 0% used [0x00000000fde00000,0x00000000fde00000,0x0000000100000000)
[38.074s][debug  ][gc,heap        ] GC(139)  ParOldGen       total 1835008K, used 1312356K [0x0000000080000000, 0x00000000f0000000, 0x00000000f0000000)
[38.074s][debug  ][gc,heap        ] GC(139)   object space 1835008K, 71% used [0x0000000080000000,0x00000000d0199318,0x00000000f0000000)
[38.074s][debug  ][gc,heap        ] GC(139)  Metaspace       used 1022K, committed 1216K, reserved 1056768K
[38.074s][debug  ][gc,heap        ] GC(139)   class space    used 83K, committed 192K, reserved 1048576K
[38.074s][debug  ][gc,tlab        ] GC(139) TLAB totals: thrds: 1  refills: 1 max: 1 slow allocs: 17 max 17 waste: 26.5% gc: 3771368B max: 3771368B slow: 0B max: 0B
[38.074s][info   ][gc,start       ] GC(139) Pause Young (Allocation Failure)
[38.074s][debug  ][gc,phases,start] GC(139) Scavenge
[38.088s][debug  ][gc,phases      ] GC(139) Scavenge 13.912ms
[38.088s][debug  ][gc,phases,start] GC(139) Reference Processing
[38.088s][debug  ][gc,ref         ] GC(139) Skipped phase 1 of Reference Processing: no references
[38.088s][debug  ][gc,ref         ] GC(139) Skipped phase 2 of Reference Processing: no references
[38.088s][debug  ][gc,ref         ] GC(139) Skipped phase 3 of Reference Processing: no references
[38.089s][debug  ][gc,ref         ] GC(139) Skipped phase 4 of Reference Processing: no references
[38.089s][debug  ][gc,phases,ref  ] GC(139) Reference Processing: 0.1ms
[38.089s][debug  ][gc,phases,ref  ] GC(139)   Reconsider SoftReferences: 0.0ms
[38.089s][debug  ][gc,phases,ref  ] GC(139)     SoftRef (ms):                  skipped
[38.089s][debug  ][gc,phases,ref  ] GC(139)   Notify Soft/WeakReferences: 0.0ms
[38.089s][debug  ][gc,phases,ref  ] GC(139)     SoftRef (ms):                  skipped
[38.089s][debug  ][gc,phases,ref  ] GC(139)     WeakRef (ms):                  skipped
[38.089s][debug  ][gc,phases,ref  ] GC(139)     FinalRef (ms):                 skipped
[38.089s][debug  ][gc,phases,ref  ] GC(139)     Total (ms):                    skipped
[38.089s][debug  ][gc,phases,ref  ] GC(139)   Notify and keep alive finalizable: 0.0ms
[38.089s][debug  ][gc,phases,ref  ] GC(139)     FinalRef (ms):                 skipped
[38.089s][debug  ][gc,phases,ref  ] GC(139)   Notify PhantomReferences: 0.0ms
[38.089s][debug  ][gc,phases,ref  ] GC(139)     PhantomRef (ms):               skipped
[38.089s][debug  ][gc,phases,ref  ] GC(139)   SoftReference:
[38.089s][debug  ][gc,phases,ref  ] GC(139)     Discovered: 0
[38.089s][debug  ][gc,phases,ref  ] GC(139)     Cleared: 0
[38.089s][debug  ][gc,phases,ref  ] GC(139)   WeakReference:
[38.089s][debug  ][gc,phases,ref  ] GC(139)     Discovered: 0
[38.089s][debug  ][gc,phases,ref  ] GC(139)     Cleared: 0
[38.089s][debug  ][gc,phases,ref  ] GC(139)   FinalReference:
[38.089s][debug  ][gc,phases,ref  ] GC(139)     Discovered: 0
[38.089s][debug  ][gc,phases,ref  ] GC(139)     Cleared: 0
[38.089s][debug  ][gc,phases,ref  ] GC(139)   PhantomReference:
[38.089s][debug  ][gc,phases,ref  ] GC(139)     Discovered: 0
[38.089s][debug  ][gc,phases,ref  ] GC(139)     Cleared: 0
[38.089s][debug  ][gc,phases      ] GC(139) Reference Processing 0.711ms
[38.089s][debug  ][gc,phases,start] GC(139) Weak Processing
[38.089s][debug  ][gc,phases      ] GC(139)   VM Weak                        Min:  0.0, Avg:  0.0, Max:  0.0, Diff:  0.0, Sum:  0.0, Workers: 6
[38.089s][debug  ][gc,phases      ] GC(139)     Dead                           Min: 0, Avg:  0.0, Max: 0, Diff: 0, Sum: 0, Workers: 6
[38.089s][debug  ][gc,phases      ] GC(139)     Total                          Min: 0, Avg:  1.3, Max: 8, Diff: 8, Sum: 8, Workers: 6
[38.089s][debug  ][gc,phases      ] GC(139)   ObjectSynchronizer Weak        Min:  0.0, Avg:  0.0, Max:  0.0, Diff:  0.0, Sum:  0.0, Workers: 6
[38.089s][debug  ][gc,phases      ] GC(139)     Dead                           Min: 0, Avg:  0.0, Max: 0, Diff: 0, Sum: 0, Workers: 6
[38.089s][debug  ][gc,phases      ] GC(139)     Total                          Min: 0, Avg:  0.5, Max: 3, Diff: 3, Sum: 3, Workers: 6
[38.089s][debug  ][gc,phases      ] GC(139)   JVMTI Tag Weak OopStorage      Min:  0.0, Avg:  0.0, Max:  0.0, Diff:  0.0, Sum:  0.0, Workers: 6
[38.089s][debug  ][gc,phases      ] GC(139)     Dead                           Min: 0, Avg:  0.0, Max: 0, Diff: 0, Sum: 0, Workers: 6
[38.089s][debug  ][gc,phases      ] GC(139)     Total                          Min: 0, Avg:  0.0, Max: 0, Diff: 0, Sum: 0, Workers: 6
[38.089s][debug  ][gc,phases      ] GC(139)   StringTable Weak               Min:  0.0, Avg:  0.0, Max:  0.0, Diff:  0.0, Sum:  0.0, Workers: 6
[38.089s][debug  ][gc,phases      ] GC(139)     Dead                           Min: 0, Avg:  0.0, Max: 0, Diff: 0, Sum: 0, Workers: 6
[38.089s][debug  ][gc,phases      ] GC(139)     Total                          Min: 576, Avg: 891.8, Max: 1088, Diff: 512, Sum: 5351, Workers: 6
[38.090s][debug  ][gc,phases      ] GC(139)   ResolvedMethodTable Weak       Min:  0.0, Avg:  0.0, Max:  0.0, Diff:  0.0, Sum:  0.0, Workers: 6
[38.090s][debug  ][gc,phases      ] GC(139)     Dead                           Min: 0, Avg:  0.0, Max: 0, Diff: 0, Sum: 0, Workers: 6
[38.090s][debug  ][gc,phases      ] GC(139)     Total                          Min: 0, Avg: 21.7, Max: 64, Diff: 64, Sum: 130, Workers: 6
[38.090s][debug  ][gc,phases      ] GC(139)   JNI Weak                       Min:  0.0, Avg:  0.0, Max:  0.0, Diff:  0.0, Sum:  0.0, Workers: 6
[38.090s][debug  ][gc,phases      ] GC(139)     Dead                           Min: 0, Avg:  0.0, Max: 0, Diff: 0, Sum: 0, Workers: 6
[38.090s][debug  ][gc,phases      ] GC(139)     Total                          Min: 0, Avg:  0.0, Max: 0, Diff: 0, Sum: 0, Workers: 6
[38.090s][debug  ][gc,phases      ] GC(139)   StringDedup Table Weak         Min:  0.0, Avg:  0.0, Max:  0.0, Diff:  0.0, Sum:  0.0, Workers: 6
[38.090s][debug  ][gc,phases      ] GC(139)     Dead                           Min: 0, Avg:  0.0, Max: 0, Diff: 0, Sum: 0, Workers: 6
[38.090s][debug  ][gc,phases      ] GC(139)     Total                          Min: 0, Avg:  0.0, Max: 0, Diff: 0, Sum: 0, Workers: 6
[38.090s][debug  ][gc,phases      ] GC(139)   StringDedup Requests0 Weak     Min:  0.0, Avg:  0.0, Max:  0.0, Diff:  0.0, Sum:  0.0, Workers: 6
[38.090s][debug  ][gc,phases      ] GC(139)     Dead                           Min: 0, Avg:  0.0, Max: 0, Diff: 0, Sum: 0, Workers: 6
[38.090s][debug  ][gc,phases      ] GC(139)     Total                          Min: 0, Avg:  0.0, Max: 0, Diff: 0, Sum: 0, Workers: 6
[38.090s][debug  ][gc,phases      ] GC(139)   StringDedup Requests1 Weak     Min:  0.0, Avg:  0.0, Max:  0.0, Diff:  0.0, Sum:  0.0, Workers: 6
[38.090s][debug  ][gc,phases      ] GC(139)     Dead                           Min: 0, Avg:  0.0, Max: 0, Diff: 0, Sum: 0, Workers: 6
[38.090s][debug  ][gc,phases      ] GC(139)     Total                          Min: 0, Avg:  0.0, Max: 0, Diff: 0, Sum: 0, Workers: 6
[38.090s][debug  ][gc,phases      ] GC(139)   Weak JFR Old Object Samples    Min:  0.0, Avg:  0.0, Max:  0.0, Diff:  0.0, Sum:  0.0, Workers: 6
[38.090s][debug  ][gc,phases      ] GC(139)     Dead                           Min: 0, Avg:  0.0, Max: 0, Diff: 0, Sum: 0, Workers: 6
[38.090s][debug  ][gc,phases      ] GC(139)     Total                          Min: 0, Avg:  0.0, Max: 0, Diff: 0, Sum: 0, Workers: 6
[38.090s][debug  ][gc,phases      ] GC(139) Weak Processing 0.829ms
[38.090s][debug  ][gc,ergo        ] GC(139) AdaptiveSizeStart:  collection: 140 
[38.090s][debug  ][gc,ergo        ] GC(139) avg_survived_padded_avg: 34981696.000000
[38.090s][debug  ][gc,ergo        ] GC(139) avg_promoted_padded_avg: 249340288.000000  avg_pretenured_padded_avg: 0.000000  tenuring_thresh: 15  target_size: 35127296
[38.090s][debug  ][gc,age         ] GC(139) Desired survivor size 35127296 bytes, new threshold 15 (max threshold 15)
[38.090s][debug  ][gc,ergo        ] GC(139) PSAdaptiveSizePolicy::compute_eden_space_size limits: desired_eden_size: 215457652 old_eden_size: 197132288 eden_limit: 197132288 cur_eden: 197132288 max_eden_size: 197132288 avg_young_live: 26817964
[38.090s][debug  ][gc,ergo        ] GC(139) PSAdaptiveSizePolicy::compute_eden_space_size: costs minor_time: 0.047729 major_cost: 0.056051 mutator_cost: 0.896220 throughput_goal: 0.990000
[38.090s][debug  ][gc,ergo        ] GC(139) Live_space: 1081994496 free_space: 1372585984
[38.090s][debug  ][gc,ergo        ] GC(139) Old eden_size: 197132288 desired_eden_size: 197132288
[38.090s][debug  ][gc,ergo        ] GC(139) AdaptiveSizeStop: collection: 140 
[38.090s][info   ][gc,heap        ] GC(139) PSYoungGen: 218723K(227328K)->30720K(227840K) Eden: 188003K(192512K)->0K(193024K) From: 30720K(34816K)->30720K(34816K)
[38.090s][info   ][gc,heap        ] GC(139) ParOldGen: 1312356K(1835008K)->1496677K(1835008K)
[38.090s][info   ][gc,metaspace   ] GC(139) Metaspace: 1022K(1216K)->1022K(1216K) NonClass: 938K(1024K)->938K(1024K) Class: 83K(192K)->83K(192K)
[38.090s][info   ][gc             ] GC(139) Pause Young (Allocation Failure) 1495M->1491M(2014M) 15.955ms
[38.090s][info   ][gc,cpu         ] GC(139) User=0.09s Sys=0.00s Real=0.02s
[38.090s][debug  ][gc,heap        ] GC(139) Heap after GC invocations=140 (full 22):
[38.090s][debug  ][gc,heap        ] GC(139)  PSYoungGen      total 227840K, used 30720K [0x00000000f0000000, 0x0000000100000000, 0x0000000100000000)
[38.090s][debug  ][gc,heap        ] GC(139)   eden space 193024K, 0% used [0x00000000f0000000,0x00000000f0000000,0x00000000fbc80000)
[38.090s][debug  ][gc,heap        ] GC(139)   from space 34816K, 88% used [0x00000000fde00000,0x00000000ffc00030,0x0000000100000000)
[38.090s][debug  ][gc,heap        ] GC(139)   to   space 34304K, 0% used [0x00000000fbc80000,0x00000000fbc80000,0x00000000fde00000)
[38.090s][debug  ][gc,heap        ] GC(139)  ParOldGen       total 1835008K, used 1496677K [0x0000000080000000, 0x00000000f0000000, 0x00000000f0000000)
[38.091s][debug  ][gc,heap        ] GC(139)   object space 1835008K, 81% used [0x0000000080000000,0x00000000db599438,0x00000000f0000000)
[38.091s][debug  ][gc,heap        ] GC(139)  Metaspace       used 1022K, committed 1216K, reserved 1056768K
[38.091s][debug  ][gc,heap        ] GC(139)   class space    used 83K, committed 192K, reserved 1048576K
[38.091s][debug  ][gc,task,time   ] GC(139) VM-Thread 380739542 380883878 380905708
[38.377s][debug  ][gc,heap        ] GC(140) Heap before GC invocations=141 (full 22):
[38.377s][debug  ][gc,heap        ] GC(140)  PSYoungGen      total 227840K, used 218765K [0x00000000f0000000, 0x0000000100000000, 0x0000000100000000)
[38.377s][debug  ][gc,heap        ] GC(140)   eden space 193024K, 97% used [0x00000000f0000000,0x00000000fb7a3520,0x00000000fbc80000)
[38.377s][debug  ][gc,heap        ] GC(140)   from space 34816K, 88% used [0x00000000fde00000,0x00000000ffc00030,0x0000000100000000)
[38.377s][debug  ][gc,heap        ] GC(140)   to   space 34304K, 0% used [0x00000000fbc80000,0x00000000fbc80000,0x00000000fde00000)
[38.377s][debug  ][gc,heap        ] GC(140)  ParOldGen       total 1835008K, used 1496677K [0x0000000080000000, 0x00000000f0000000, 0x00000000f0000000)
[38.377s][debug  ][gc,heap        ] GC(140)   object space 1835008K, 81% used [0x0000000080000000,0x00000000db599438,0x00000000f0000000)
[38.377s][debug  ][gc,heap        ] GC(140)  Metaspace       used 1022K, committed 1216K, reserved 1056768K
[38.377s][debug  ][gc,heap        ] GC(140)   class space    used 83K, committed 192K, reserved 1048576K
[38.377s][debug  ][gc,tlab        ] GC(140) TLAB totals: thrds: 1  refills: 1 max: 1 slow allocs: 17 max 17 waste: 26.7% gc: 3814400B max: 3814400B slow: 0B max: 0B
[38.377s][info   ][gc,start       ] GC(140) Pause Young (Allocation Failure)
[38.377s][debug  ][gc,phases,start] GC(140) Scavenge
[38.392s][debug  ][gc,phases      ] GC(140) Scavenge 14.353ms
[38.392s][debug  ][gc,phases,start] GC(140) Reference Processing
[38.392s][debug  ][gc,ref         ] GC(140) Skipped phase 1 of Reference Processing: no references
[38.392s][debug  ][gc,ref         ] GC(140) Skipped phase 2 of Reference Processing: no references
[38.392s][debug  ][gc,ref         ] GC(140) Skipped phase 3 of Reference Processing: no references
[38.392s][debug  ][gc,ref         ] GC(140) Skipped phase 4 of Reference Processing: no references
[38.392s][debug  ][gc,phases,ref  ] GC(140) Reference Processing: 0.1ms
[38.392s][debug  ][gc,phases,ref  ] GC(140)   Reconsider SoftReferences: 0.0ms
[38.392s][debug  ][gc,phases,ref  ] GC(140)     SoftRef (ms):                  skipped
[38.392s][debug  ][gc,phases,ref  ] GC(140)   Notify Soft/WeakReferences: 0.0ms
[38.392s][debug  ][gc,phases,ref  ] GC(140)     SoftRef (ms):                  skipped
[38.392s][debug  ][gc,phases,ref  ] GC(140)     WeakRef (ms):                  skipped
[38.392s][debug  ][gc,phases,ref  ] GC(140)     FinalRef (ms):                 skipped
[38.392s][debug  ][gc,phases,ref  ] GC(140)     Total (ms):                    skipped
[38.392s][debug  ][gc,phases,ref  ] GC(140)   Notify and keep alive finalizable: 0.0ms
[38.392s][debug  ][gc,phases,ref  ] GC(140)     FinalRef (ms):                 skipped
[38.392s][debug  ][gc,phases,ref  ] GC(140)   Notify PhantomReferences: 0.0ms
[38.392s][debug  ][gc,phases,ref  ] GC(140)     PhantomRef (ms):               skipped
[38.392s][debug  ][gc,phases,ref  ] GC(140)   SoftReference:
[38.392s][debug  ][gc,phases,ref  ] GC(140)     Discovered: 0
[38.392s][debug  ][gc,phases,ref  ] GC(140)     Cleared: 0
[38.392s][debug  ][gc,phases,ref  ] GC(140)   WeakReference:
[38.393s][debug  ][gc,phases,ref  ] GC(140)     Discovered: 0
[38.393s][debug  ][gc,phases,ref  ] GC(140)     Cleared: 0
[38.393s][debug  ][gc,phases,ref  ] GC(140)   FinalReference:
[38.393s][debug  ][gc,phases,ref  ] GC(140)     Discovered: 0
[38.393s][debug  ][gc,phases,ref  ] GC(140)     Cleared: 0
[38.393s][debug  ][gc,phases,ref  ] GC(140)   PhantomReference:
[38.393s][debug  ][gc,phases,ref  ] GC(140)     Discovered: 0
[38.393s][debug  ][gc,phases,ref  ] GC(140)     Cleared: 0
[38.393s][debug  ][gc,phases      ] GC(140) Reference Processing 0.792ms
[38.393s][debug  ][gc,phases,start] GC(140) Weak Processing
[38.393s][debug  ][gc,phases      ] GC(140)   VM Weak                        Min:  0.0, Avg:  0.0, Max:  0.0, Diff:  0.0, Sum:  0.0, Workers: 6
[38.393s][debug  ][gc,phases      ] GC(140)     Dead                           Min: 0, Avg:  0.0, Max: 0, Diff: 0, Sum: 0, Workers: 6
[38.393s][debug  ][gc,phases      ] GC(140)     Total                          Min: 0, Avg:  1.3, Max: 8, Diff: 8, Sum: 8, Workers: 6
[38.393s][debug  ][gc,phases      ] GC(140)   ObjectSynchronizer Weak        Min:  0.0, Avg:  0.0, Max:  0.0, Diff:  0.0, Sum:  0.0, Workers: 6
[38.393s][debug  ][gc,phases      ] GC(140)     Dead                           Min: 0, Avg:  0.0, Max: 0, Diff: 0, Sum: 0, Workers: 6
[38.393s][debug  ][gc,phases      ] GC(140)     Total                          Min: 0, Avg:  0.5, Max: 3, Diff: 3, Sum: 3, Workers: 6
[38.393s][debug  ][gc,phases      ] GC(140)   JVMTI Tag Weak OopStorage      Min:  0.0, Avg:  0.0, Max:  0.0, Diff:  0.0, Sum:  0.0, Workers: 6
[38.393s][debug  ][gc,phases      ] GC(140)     Dead                           Min: 0, Avg:  0.0, Max: 0, Diff: 0, Sum: 0, Workers: 6
[38.393s][debug  ][gc,phases      ] GC(140)     Total                          Min: 0, Avg:  0.0, Max: 0, Diff: 0, Sum: 0, Workers: 6
[38.393s][debug  ][gc,phases      ] GC(140)   StringTable Weak               Min:  0.0, Avg:  0.0, Max:  0.0, Diff:  0.0, Sum:  0.0, Workers: 6
[38.393s][debug  ][gc,phases      ] GC(140)     Dead                           Min: 0, Avg:  0.0, Max: 0, Diff: 0, Sum: 0, Workers: 6
[38.393s][debug  ][gc,phases      ] GC(140)     Total                          Min: 744, Avg: 891.8, Max: 1152, Diff: 408, Sum: 5351, Workers: 6
[38.393s][debug  ][gc,phases      ] GC(140)   ResolvedMethodTable Weak       Min:  0.0, Avg:  0.0, Max:  0.0, Diff:  0.0, Sum:  0.0, Workers: 6
[38.393s][debug  ][gc,phases      ] GC(140)     Dead                           Min: 0, Avg:  0.0, Max: 0, Diff: 0, Sum: 0, Workers: 6
[38.393s][debug  ][gc,phases      ] GC(140)     Total                          Min: 0, Avg: 21.7, Max: 64, Diff: 64, Sum: 130, Workers: 6
[38.393s][debug  ][gc,phases      ] GC(140)   JNI Weak                       Min:  0.0, Avg:  0.0, Max:  0.0, Diff:  0.0, Sum:  0.0, Workers: 6
[38.393s][debug  ][gc,phases      ] GC(140)     Dead                           Min: 0, Avg:  0.0, Max: 0, Diff: 0, Sum: 0, Workers: 6
[38.393s][debug  ][gc,phases      ] GC(140)     Total                          Min: 0, Avg:  0.0, Max: 0, Diff: 0, Sum: 0, Workers: 6
[38.393s][debug  ][gc,phases      ] GC(140)   StringDedup Table Weak         Min:  0.0, Avg:  0.0, Max:  0.0, Diff:  0.0, Sum:  0.0, Workers: 6
[38.393s][debug  ][gc,phases      ] GC(140)     Dead                           Min: 0, Avg:  0.0, Max: 0, Diff: 0, Sum: 0, Workers: 6
[38.393s][debug  ][gc,phases      ] GC(140)     Total                          Min: 0, Avg:  0.0, Max: 0, Diff: 0, Sum: 0, Workers: 6
[38.393s][debug  ][gc,phases      ] GC(140)   StringDedup Requests0 Weak     Min:  0.0, Avg:  0.0, Max:  0.0, Diff:  0.0, Sum:  0.0, Workers: 6
[38.393s][debug  ][gc,phases      ] GC(140)     Dead                           Min: 0, Avg:  0.0, Max: 0, Diff: 0, Sum: 0, Workers: 6
[38.393s][debug  ][gc,phases      ] GC(140)     Total                          Min: 0, Avg:  0.0, Max: 0, Diff: 0, Sum: 0, Workers: 6
[38.393s][debug  ][gc,phases      ] GC(140)   StringDedup Requests1 Weak     Min:  0.0, Avg:  0.0, Max:  0.0, Diff:  0.0, Sum:  0.0, Workers: 6
[38.393s][debug  ][gc,phases      ] GC(140)     Dead                           Min: 0, Avg:  0.0, Max: 0, Diff: 0, Sum: 0, Workers: 6
[38.393s][debug  ][gc,phases      ] GC(140)     Total                          Min: 0, Avg:  0.0, Max: 0, Diff: 0, Sum: 0, Workers: 6
[38.393s][debug  ][gc,phases      ] GC(140)   Weak JFR Old Object Samples    Min:  0.0, Avg:  0.0, Max:  0.0, Diff:  0.0, Sum:  0.0, Workers: 6
[38.394s][debug  ][gc,phases      ] GC(140)     Dead                           Min: 0, Avg:  0.0, Max: 0, Diff: 0, Sum: 0, Workers: 6
[38.394s][debug  ][gc,phases      ] GC(140)     Total                          Min: 0, Avg:  0.0, Max: 0, Diff: 0, Sum: 0, Workers: 6
[38.394s][debug  ][gc,phases      ] GC(140) Weak Processing 0.860ms
[38.394s][debug  ][gc,ergo        ] GC(140) AdaptiveSizeStart:  collection: 141 
[38.394s][debug  ][gc,ergo        ] GC(140) avg_survived_padded_avg: 34779708.000000
[38.394s][debug  ][gc,ergo        ] GC(140) avg_promoted_padded_avg: 248750560.000000  avg_pretenured_padded_avg: 0.000000  tenuring_thresh: 15  target_size: 35127296
[38.394s][debug  ][gc,age         ] GC(140) Desired survivor size 35127296 bytes, new threshold 15 (max threshold 15)
[38.394s][debug  ][gc,ergo        ] GC(140) PSAdaptiveSizePolicy::compute_eden_space_size limits: desired_eden_size: 216258726 old_eden_size: 197132288 eden_limit: 197656576 cur_eden: 197656576 max_eden_size: 197656576 avg_young_live: 27281898
[38.394s][debug  ][gc,ergo        ] GC(140) PSAdaptiveSizePolicy::compute_eden_space_size: costs minor_time: 0.049081 major_cost: 0.056051 mutator_cost: 0.894868 throughput_goal: 0.990000
[38.394s][debug  ][gc,ergo        ] GC(140) Live_space: 1082458368 free_space: 1372585984
[38.394s][debug  ][gc,ergo        ] GC(140) Old eden_size: 197132288 desired_eden_size: 197656576
[38.394s][debug  ][gc,ergo        ] GC(140) AdaptiveSizeStop: collection: 141 
[38.394s][info   ][gc,heap        ] GC(140) PSYoungGen: 218765K(227840K)->30720K(227328K) Eden: 188045K(193024K)->0K(193024K) From: 30720K(34816K)->30720K(34304K)
[38.394s][info   ][gc,heap        ] GC(140) ParOldGen: 1496677K(1835008K)->1680997K(1835008K)
[38.394s][info   ][gc,metaspace   ] GC(140) Metaspace: 1022K(1216K)->1022K(1216K) NonClass: 938K(1024K)->938K(1024K) Class: 83K(192K)->83K(192K)
[38.394s][info   ][gc             ] GC(140) Pause Young (Allocation Failure) 1675M->1671M(2014M) 16.510ms
[38.394s][info   ][gc,cpu         ] GC(140) User=0.00s Sys=0.02s Real=0.02s
[38.394s][debug  ][gc,heap        ] GC(140) Heap after GC invocations=141 (full 22):
[38.394s][debug  ][gc,heap        ] GC(140)  PSYoungGen      total 227328K, used 30720K [0x00000000f0000000, 0x0000000100000000, 0x0000000100000000)
[38.394s][debug  ][gc,heap        ] GC(140)   eden space 193024K, 0% used [0x00000000f0000000,0x00000000f0000000,0x00000000fbc80000)
[38.394s][debug  ][gc,heap        ] GC(140)   from space 34304K, 89% used [0x00000000fbc80000,0x00000000fda80030,0x00000000fde00000)
[38.394s][debug  ][gc,heap        ] GC(140)   to   space 34304K, 0% used [0x00000000fde80000,0x00000000fde80000,0x0000000100000000)
[38.394s][debug  ][gc,heap        ] GC(140)  ParOldGen       total 1835008K, used 1680997K [0x0000000080000000, 0x00000000f0000000, 0x00000000f0000000)
[38.394s][debug  ][gc,heap        ] GC(140)   object space 1835008K, 91% used [0x0000000080000000,0x00000000e6999558,0x00000000f0000000)
[38.394s][debug  ][gc,heap        ] GC(140)  Metaspace       used 1022K, committed 1216K, reserved 1056768K
[38.394s][debug  ][gc,heap        ] GC(140)   class space    used 83K, committed 192K, reserved 1048576K
[38.394s][debug  ][gc,task,time   ] GC(140) VM-Thread 383770527 383918972 383941910
[38.394s][debug  ][gc,phases,start] GC(141) Pre Compact
[38.394s][debug  ][gc,heap        ] GC(141) Heap before GC invocations=142 (full 23):
[38.394s][debug  ][gc,heap        ] GC(141)  PSYoungGen      total 227328K, used 30720K [0x00000000f0000000, 0x0000000100000000, 0x0000000100000000)
[38.394s][debug  ][gc,heap        ] GC(141)   eden space 193024K, 0% used [0x00000000f0000000,0x00000000f0000000,0x00000000fbc80000)
[38.394s][debug  ][gc,heap        ] GC(141)   from space 34304K, 89% used [0x00000000fbc80000,0x00000000fda80030,0x00000000fde00000)
[38.394s][debug  ][gc,heap        ] GC(141)   to   space 34304K, 0% used [0x00000000fde80000,0x00000000fde80000,0x0000000100000000)
[38.394s][debug  ][gc,heap        ] GC(141)  ParOldGen       total 1835008K, used 1680997K [0x0000000080000000, 0x00000000f0000000, 0x00000000f0000000)
[38.394s][debug  ][gc,heap        ] GC(141)   object space 1835008K, 91% used [0x0000000080000000,0x00000000e6999558,0x00000000f0000000)
[38.394s][debug  ][gc,heap        ] GC(141)  Metaspace       used 1022K, committed 1216K, reserved 1056768K
[38.394s][debug  ][gc,heap        ] GC(141)   class space    used 83K, committed 192K, reserved 1048576K
[38.394s][debug  ][gc,phases      ] GC(141) Pre Compact 0.205ms
[38.394s][info   ][gc,start       ] GC(141) Pause Full (Ergonomics)
[38.395s][info   ][gc,phases,start] GC(141) Marking Phase
[38.395s][debug  ][gc,phases,start] GC(141) Par Mark
[38.395s][debug  ][gc,phases      ] GC(141) Par Mark 0.530ms
[38.395s][debug  ][gc,phases,start] GC(141) Reference Processing
[38.395s][debug  ][gc,ref         ] GC(141) Skipped phase 1 of Reference Processing: no references
[38.395s][debug  ][gc,ref         ] GC(141) ReferenceProcessor::execute queues: 1, RefProcThreadModel::Single, marks_oops_alive: false
[38.395s][debug  ][gc,ref         ] GC(141) Skipped phase 3 of Reference Processing: no references
[38.395s][debug  ][gc,ref         ] GC(141) ReferenceProcessor::execute queues: 1, RefProcThreadModel::Single, marks_oops_alive: false
[38.395s][debug  ][gc,phases,ref  ] GC(141) Reference Processing: 0.1ms
[38.395s][debug  ][gc,phases,ref  ] GC(141)   Reconsider SoftReferences: 0.0ms
[38.395s][debug  ][gc,phases,ref  ] GC(141)     SoftRef (ms):                  skipped
[38.395s][debug  ][gc,phases,ref  ] GC(141)   Notify Soft/WeakReferences: 0.0ms
[38.395s][debug  ][gc,phases,ref  ] GC(141)     SoftRef (ms):                  Min:  0.0, Avg:  0.0, Max:  0.0, Diff:  0.0, Sum:  0.0, Workers: 6
[38.395s][debug  ][gc,phases,ref  ] GC(141)     WeakRef (ms):                  Min:  0.0, Avg:  0.0, Max:  0.0, Diff:  0.0, Sum:  0.0, Workers: 6
[38.395s][debug  ][gc,phases,ref  ] GC(141)     FinalRef (ms):                 Min:  0.0, Avg:  0.0, Max:  0.0, Diff:  0.0, Sum:  0.0, Workers: 6
[38.395s][debug  ][gc,phases,ref  ] GC(141)     Total (ms):                    Min:  0.0, Avg:  0.0, Max:  0.0, Diff:  0.0, Sum:  0.0, Workers: 6
[38.395s][debug  ][gc,phases,ref  ] GC(141)   Notify and keep alive finalizable: 0.0ms
[38.395s][debug  ][gc,phases,ref  ] GC(141)     FinalRef (ms):                 skipped
[38.395s][debug  ][gc,phases,ref  ] GC(141)   Notify PhantomReferences: 0.0ms
[38.395s][debug  ][gc,phases,ref  ] GC(141)     PhantomRef (ms):               Min:  0.0, Avg:  0.0, Max:  0.0, Diff:  0.0, Sum:  0.0, Workers: 6
[38.395s][debug  ][gc,phases,ref  ] GC(141)   SoftReference:
[38.395s][debug  ][gc,phases,ref  ] GC(141)     Discovered: 0
[38.396s][debug  ][gc,phases,ref  ] GC(141)     Cleared: 0
[38.396s][debug  ][gc,phases,ref  ] GC(141)   WeakReference:
[38.396s][debug  ][gc,phases,ref  ] GC(141)     Discovered: 108
[38.396s][debug  ][gc,phases,ref  ] GC(141)     Cleared: 108
[38.396s][debug  ][gc,phases,ref  ] GC(141)   FinalReference:
[38.396s][debug  ][gc,phases,ref  ] GC(141)     Discovered: 0
[38.396s][debug  ][gc,phases,ref  ] GC(141)     Cleared: 0
[38.396s][debug  ][gc,phases,ref  ] GC(141)   PhantomReference:
[38.396s][debug  ][gc,phases,ref  ] GC(141)     Discovered: 3
[38.396s][debug  ][gc,phases,ref  ] GC(141)     Cleared: 3
[38.396s][debug  ][gc,phases      ] GC(141) Reference Processing 0.622ms
[38.396s][debug  ][gc,phases,start] GC(141) Weak Processing
[38.396s][debug  ][gc,phases      ] GC(141)   VM Weak                        Min:  0.0, Avg:  0.0, Max:  0.0, Diff:  0.0, Sum:  0.0, Workers: 6
[38.396s][debug  ][gc,phases      ] GC(141)     Dead                           Min: 0, Avg:  0.0, Max: 0, Diff: 0, Sum: 0, Workers: 6
[38.396s][debug  ][gc,phases      ] GC(141)     Total                          Min: 0, Avg:  1.3, Max: 8, Diff: 8, Sum: 8, Workers: 6
[38.396s][debug  ][gc,phases      ] GC(141)   ObjectSynchronizer Weak        Min:  0.0, Avg:  0.0, Max:  0.0, Diff:  0.0, Sum:  0.0, Workers: 6
[38.396s][debug  ][gc,phases      ] GC(141)     Dead                           Min: 0, Avg:  0.0, Max: 0, Diff: 0, Sum: 0, Workers: 6
[38.396s][debug  ][gc,phases      ] GC(141)     Total                          Min: 0, Avg:  0.5, Max: 3, Diff: 3, Sum: 3, Workers: 6
[38.396s][debug  ][gc,phases      ] GC(141)   JVMTI Tag Weak OopStorage      Min:  0.0, Avg:  0.0, Max:  0.0, Diff:  0.0, Sum:  0.0, Workers: 6
[38.396s][debug  ][gc,phases      ] GC(141)     Dead                           Min: 0, Avg:  0.0, Max: 0, Diff: 0, Sum: 0, Workers: 6
[38.396s][debug  ][gc,phases      ] GC(141)     Total                          Min: 0, Avg:  0.0, Max: 0, Diff: 0, Sum: 0, Workers: 6
[38.396s][debug  ][gc,phases      ] GC(141)   StringTable Weak               Min:  0.0, Avg:  0.0, Max:  0.0, Diff:  0.0, Sum:  0.0, Workers: 6
[38.396s][debug  ][gc,phases      ] GC(141)     Dead                           Min: 0, Avg:  0.0, Max: 0, Diff: 0, Sum: 0, Workers: 6
[38.396s][debug  ][gc,phases      ] GC(141)     Total                          Min: 768, Avg: 891.8, Max: 1128, Diff: 360, Sum: 5351, Workers: 6
[38.396s][debug  ][gc,phases      ] GC(141)   ResolvedMethodTable Weak       Min:  0.0, Avg:  0.0, Max:  0.0, Diff:  0.0, Sum:  0.0, Workers: 6
[38.396s][debug  ][gc,phases      ] GC(141)     Dead                           Min: 0, Avg:  0.0, Max: 0, Diff: 0, Sum: 0, Workers: 6
[38.396s][debug  ][gc,phases      ] GC(141)     Total                          Min: 0, Avg: 21.7, Max: 64, Diff: 64, Sum: 130, Workers: 6
[38.396s][debug  ][gc,phases      ] GC(141)   JNI Weak                       Min:  0.0, Avg:  0.0, Max:  0.0, Diff:  0.0, Sum:  0.0, Workers: 6
[38.396s][debug  ][gc,phases      ] GC(141)     Dead                           Min: 0, Avg:  0.0, Max: 0, Diff: 0, Sum: 0, Workers: 6
[38.396s][debug  ][gc,phases      ] GC(141)     Total                          Min: 0, Avg:  0.0, Max: 0, Diff: 0, Sum: 0, Workers: 6
[38.396s][debug  ][gc,phases      ] GC(141)   StringDedup Table Weak         Min:  0.0, Avg:  0.0, Max:  0.0, Diff:  0.0, Sum:  0.0, Workers: 6
[38.396s][debug  ][gc,phases      ] GC(141)     Dead                           Min: 0, Avg:  0.0, Max: 0, Diff: 0, Sum: 0, Workers: 6
[38.396s][debug  ][gc,phases      ] GC(141)     Total                          Min: 0, Avg:  0.0, Max: 0, Diff: 0, Sum: 0, Workers: 6
[38.396s][debug  ][gc,phases      ] GC(141)   StringDedup Requests0 Weak     Min:  0.0, Avg:  0.0, Max:  0.0, Diff:  0.0, Sum:  0.0, Workers: 6
[38.396s][debug  ][gc,phases      ] GC(141)     Dead                           Min: 0, Avg:  0.0, Max: 0, Diff: 0, Sum: 0, Workers: 6
[38.396s][debug  ][gc,phases      ] GC(141)     Total                          Min: 0, Avg:  0.0, Max: 0, Diff: 0, Sum: 0, Workers: 6
[38.396s][debug  ][gc,phases      ] GC(141)   StringDedup Requests1 Weak     Min:  0.0, Avg:  0.0, Max:  0.0, Diff:  0.0, Sum:  0.0, Workers: 6
[38.396s][debug  ][gc,phases      ] GC(141)     Dead                           Min: 0, Avg:  0.0, Max: 0, Diff: 0, Sum: 0, Workers: 6
[38.396s][debug  ][gc,phases      ] GC(141)     Total                          Min: 0, Avg:  0.0, Max: 0, Diff: 0, Sum: 0, Workers: 6
[38.396s][debug  ][gc,phases      ] GC(141)   Weak JFR Old Object Samples    Min:  0.0, Avg:  0.0, Max:  0.0, Diff:  0.0, Sum:  0.0, Workers: 6
[38.396s][debug  ][gc,phases      ] GC(141)     Dead                           Min: 0, Avg:  0.0, Max: 0, Diff: 0, Sum: 0, Workers: 6
[38.396s][debug  ][gc,phases      ] GC(141)     Total                          Min: 0, Avg:  0.0, Max: 0, Diff: 0, Sum: 0, Workers: 6
[38.396s][debug  ][gc,phases      ] GC(141) Weak Processing 0.727ms
[38.397s][debug  ][gc,phases,start] GC(141) Class Unloading
[38.397s][debug  ][gc,phases,start] GC(141) ClassLoaderData
[38.397s][debug  ][gc,phases      ] GC(141) ClassLoaderData 0.020ms
[38.397s][debug  ][gc,phases,start] GC(141) Trigger cleanups
[38.397s][debug  ][gc,phases      ] GC(141) Trigger cleanups 0.019ms
[38.397s][debug  ][gc,phases      ] GC(141) Class Unloading 0.257ms
[38.397s][info   ][gc,phases      ] GC(141) Marking Phase 2.269ms
[38.397s][info   ][gc,phases,start] GC(141) Summary Phase
[38.397s][info   ][gc,phases      ] GC(141) Summary Phase 0.050ms
[38.397s][info   ][gc,phases,start] GC(141) Adjust Roots
[38.397s][info   ][gc,phases      ] GC(141) Adjust Roots 0.175ms
[38.397s][info   ][gc,phases,start] GC(141) Compaction Phase
[38.478s][info   ][gc,phases      ] GC(141) Compaction Phase 80.427ms
[38.478s][info   ][gc,phases,start] GC(141) Post Compact
[38.483s][info   ][gc,phases      ] GC(141) Post Compact 5.358ms
[38.483s][debug  ][gc,ergo        ] GC(141) AdaptiveSizeStart: collection: 142 
[38.483s][debug  ][gc,ergo        ] GC(141) PSAdaptiveSizePolicy::compute_eden_space_size limits: desired_eden_size: 216299170 old_eden_size: 197656576 eden_limit: 198180864 cur_eden: 197656576 max_eden_size: 198180864 avg_young_live: 24553708
[38.483s][debug  ][gc,ergo        ] GC(141) PSAdaptiveSizePolicy::compute_eden_space_size: costs minor_time: 0.049081 major_cost: 0.055823 mutator_cost: 0.895096 throughput_goal: 0.990000
[38.483s][debug  ][gc,ergo        ] GC(141) Live_space: 1079730176 free_space: 1373110272
[38.483s][debug  ][gc,ergo        ] GC(141) Old eden_size: 197656576 desired_eden_size: 198180864
[38.483s][debug  ][gc,ergo        ] GC(141) PSAdaptiveSizePolicy::compute_old_gen_free_space limits: desired_promo_size: 1300720519 promo_limit: 1175453696 free_in_old_gen: 1096364800 max_old_gen_size: 1879048192 avg_old_live: 782683392
[38.483s][debug  ][gc,ergo        ] GC(141) PSAdaptiveSizePolicy::compute_old_gen_free_space: costs minor_time: 0.049081 major_cost: 0.055823  mutator_cost: 0.895096 throughput_goal: 0.990000
[38.483s][debug  ][gc,ergo        ] GC(141) Live_space: 1075672576 free_space: 1373634560
[38.483s][debug  ][gc,ergo        ] GC(141) Old promo_size: 1175453696 desired_promo_size: 1175453696
[38.483s][debug  ][gc,ergo        ] GC(141) AdaptiveSizeStop: collection: 142 
[38.483s][info   ][gc,heap        ] GC(141) PSYoungGen: 30720K(227328K)->0K(227840K) Eden: 0K(193024K)->0K(193536K) From: 30720K(34304K)->0K(34304K)
[38.483s][info   ][gc,heap        ] GC(141) ParOldGen: 1680997K(1835008K)->728675K(1835008K)
[38.483s][info   ][gc,metaspace   ] GC(141) Metaspace: 1022K(1216K)->1022K(1216K) NonClass: 938K(1024K)->938K(1024K) Class: 83K(192K)->83K(192K)
[38.483s][info   ][gc             ] GC(141) Pause Full (Ergonomics) 1671M->711M(2014M) 88.955ms
[38.483s][info   ][gc,cpu         ] GC(141) User=0.44s Sys=0.00s Real=0.09s
[38.484s][debug  ][gc,heap        ] GC(141) Heap after GC invocations=142 (full 23):
[38.484s][debug  ][gc,heap        ] GC(141)  PSYoungGen      total 227840K, used 0K [0x00000000f0000000, 0x0000000100000000, 0x0000000100000000)
[38.484s][debug  ][gc,heap        ] GC(141)   eden space 193536K, 0% used [0x00000000f0000000,0x00000000f0000000,0x00000000fbd00000)
[38.484s][debug  ][gc,heap        ] GC(141)   from space 34304K, 0% used [0x00000000fde80000,0x00000000fde80000,0x0000000100000000)
[38.484s][debug  ][gc,heap        ] GC(141)   to   space 34304K, 0% used [0x00000000fbd00000,0x00000000fbd00000,0x00000000fde80000)
[38.484s][debug  ][gc,heap        ] GC(141)  ParOldGen       total 1835008K, used 728675K [0x0000000080000000, 0x00000000f0000000, 0x00000000f0000000)
[38.484s][debug  ][gc,heap        ] GC(141)   object space 1835008K, 39% used [0x0000000080000000,0x00000000ac798f88,0x00000000f0000000)
[38.484s][debug  ][gc,heap        ] GC(141)  Metaspace       used 1022K, committed 1216K, reserved 1056768K
[38.484s][debug  ][gc,heap        ] GC(141)   class space    used 83K, committed 192K, reserved 1048576K
[38.484s][debug  ][gc,task,time   ] GC(141) VM-Thread 383945178 383971296 384835052
[38.771s][debug  ][gc,heap        ] GC(142) Heap before GC invocations=143 (full 23):
[38.771s][debug  ][gc,heap        ] GC(142)  PSYoungGen      total 227840K, used 188075K [0x00000000f0000000, 0x0000000100000000, 0x0000000100000000)
[38.771s][debug  ][gc,heap        ] GC(142)   eden space 193536K, 97% used [0x00000000f0000000,0x00000000fb7aaf78,0x00000000fbd00000)
[38.771s][debug  ][gc,heap        ] GC(142)   from space 34304K, 0% used [0x00000000fde80000,0x00000000fde80000,0x0000000100000000)
[38.771s][debug  ][gc,heap        ] GC(142)   to   space 34304K, 0% used [0x00000000fbd00000,0x00000000fbd00000,0x00000000fde80000)
[38.771s][debug  ][gc,heap        ] GC(142)  ParOldGen       total 1835008K, used 728675K [0x0000000080000000, 0x00000000f0000000, 0x00000000f0000000)
[38.771s][debug  ][gc,heap        ] GC(142)   object space 1835008K, 39% used [0x0000000080000000,0x00000000ac798f88,0x00000000f0000000)
[38.771s][debug  ][gc,heap        ] GC(142)  Metaspace       used 1022K, committed 1216K, reserved 1056768K
[38.771s][debug  ][gc,heap        ] GC(142)   class space    used 83K, committed 192K, reserved 1048576K
[38.771s][debug  ][gc,tlab        ] GC(142) TLAB totals: thrds: 1  refills: 1 max: 1 slow allocs: 17 max 17 waste: 26.8% gc: 3845720B max: 3845720B slow: 0B max: 0B
[38.771s][info   ][gc,start       ] GC(142) Pause Young (Allocation Failure)
[38.772s][debug  ][gc,phases,start] GC(142) Scavenge
[38.784s][debug  ][gc,phases      ] GC(142) Scavenge 12.074ms
[38.784s][debug  ][gc,phases,start] GC(142) Reference Processing
[38.784s][debug  ][gc,ref         ] GC(142) Skipped phase 1 of Reference Processing: no references
[38.784s][debug  ][gc,ref         ] GC(142) Skipped phase 2 of Reference Processing: no references
[38.784s][debug  ][gc,ref         ] GC(142) Skipped phase 3 of Reference Processing: no references
[38.784s][debug  ][gc,ref         ] GC(142) Skipped phase 4 of Reference Processing: no references
[38.784s][debug  ][gc,phases,ref  ] GC(142) Reference Processing: 0.1ms
[38.784s][debug  ][gc,phases,ref  ] GC(142)   Reconsider SoftReferences: 0.0ms
[38.784s][debug  ][gc,phases,ref  ] GC(142)     SoftRef (ms):                  skipped
[38.784s][debug  ][gc,phases,ref  ] GC(142)   Notify Soft/WeakReferences: 0.0ms
[38.784s][debug  ][gc,phases,ref  ] GC(142)     SoftRef (ms):                  skipped
[38.784s][debug  ][gc,phases,ref  ] GC(142)     WeakRef (ms):                  skipped
[38.784s][debug  ][gc,phases,ref  ] GC(142)     FinalRef (ms):                 skipped
[38.784s][debug  ][gc,phases,ref  ] GC(142)     Total (ms):                    skipped
[38.784s][debug  ][gc,phases,ref  ] GC(142)   Notify and keep alive finalizable: 0.0ms
[38.784s][debug  ][gc,phases,ref  ] GC(142)     FinalRef (ms):                 skipped
[38.784s][debug  ][gc,phases,ref  ] GC(142)   Notify PhantomReferences: 0.0ms
[38.784s][debug  ][gc,phases,ref  ] GC(142)     PhantomRef (ms):               skipped
[38.784s][debug  ][gc,phases,ref  ] GC(142)   SoftReference:
[38.784s][debug  ][gc,phases,ref  ] GC(142)     Discovered: 0
[38.784s][debug  ][gc,phases,ref  ] GC(142)     Cleared: 0
[38.784s][debug  ][gc,phases,ref  ] GC(142)   WeakReference:
[38.784s][debug  ][gc,phases,ref  ] GC(142)     Discovered: 0
[38.784s][debug  ][gc,phases,ref  ] GC(142)     Cleared: 0
[38.784s][debug  ][gc,phases,ref  ] GC(142)   FinalReference:
[38.784s][debug  ][gc,phases,ref  ] GC(142)     Discovered: 0
[38.784s][debug  ][gc,phases,ref  ] GC(142)     Cleared: 0
[38.784s][debug  ][gc,phases,ref  ] GC(142)   PhantomReference:
[38.784s][debug  ][gc,phases,ref  ] GC(142)     Discovered: 0
[38.784s][debug  ][gc,phases,ref  ] GC(142)     Cleared: 0
[38.784s][debug  ][gc,phases      ] GC(142) Reference Processing 0.751ms
[38.784s][debug  ][gc,phases,start] GC(142) Weak Processing
[38.785s][debug  ][gc,phases      ] GC(142)   VM Weak                        Min:  0.0, Avg:  0.0, Max:  0.0, Diff:  0.0, Sum:  0.0, Workers: 6
[38.785s][debug  ][gc,phases      ] GC(142)     Dead                           Min: 0, Avg:  0.0, Max: 0, Diff: 0, Sum: 0, Workers: 6
[38.785s][debug  ][gc,phases      ] GC(142)     Total                          Min: 0, Avg:  1.3, Max: 8, Diff: 8, Sum: 8, Workers: 6
[38.785s][debug  ][gc,phases      ] GC(142)   ObjectSynchronizer Weak        Min:  0.0, Avg:  0.0, Max:  0.0, Diff:  0.0, Sum:  0.0, Workers: 6
[38.785s][debug  ][gc,phases      ] GC(142)     Dead                           Min: 0, Avg:  0.0, Max: 0, Diff: 0, Sum: 0, Workers: 6
[38.785s][debug  ][gc,phases      ] GC(142)     Total                          Min: 0, Avg:  0.5, Max: 3, Diff: 3, Sum: 3, Workers: 6
[38.785s][debug  ][gc,phases      ] GC(142)   JVMTI Tag Weak OopStorage      Min:  0.0, Avg:  0.0, Max:  0.0, Diff:  0.0, Sum:  0.0, Workers: 6
[38.785s][debug  ][gc,phases      ] GC(142)     Dead                           Min: 0, Avg:  0.0, Max: 0, Diff: 0, Sum: 0, Workers: 6
[38.785s][debug  ][gc,phases      ] GC(142)     Total                          Min: 0, Avg:  0.0, Max: 0, Diff: 0, Sum: 0, Workers: 6
[38.785s][debug  ][gc,phases      ] GC(142)   StringTable Weak               Min:  0.0, Avg:  0.0, Max:  0.0, Diff:  0.0, Sum:  0.0, Workers: 6
[38.785s][debug  ][gc,phases      ] GC(142)     Dead                           Min: 0, Avg:  0.0, Max: 0, Diff: 0, Sum: 0, Workers: 6
[38.785s][debug  ][gc,phases      ] GC(142)     Total                          Min: 744, Avg: 891.8, Max: 1024, Diff: 280, Sum: 5351, Workers: 6
[38.785s][debug  ][gc,phases      ] GC(142)   ResolvedMethodTable Weak       Min:  0.0, Avg:  0.0, Max:  0.0, Diff:  0.0, Sum:  0.0, Workers: 6
[38.785s][debug  ][gc,phases      ] GC(142)     Dead                           Min: 0, Avg:  0.0, Max: 0, Diff: 0, Sum: 0, Workers: 6
[38.785s][debug  ][gc,phases      ] GC(142)     Total                          Min: 0, Avg: 21.7, Max: 64, Diff: 64, Sum: 130, Workers: 6
[38.785s][debug  ][gc,phases      ] GC(142)   JNI Weak                       Min:  0.0, Avg:  0.0, Max:  0.0, Diff:  0.0, Sum:  0.0, Workers: 6
[38.785s][debug  ][gc,phases      ] GC(142)     Dead                           Min: 0, Avg:  0.0, Max: 0, Diff: 0, Sum: 0, Workers: 6
[38.785s][debug  ][gc,phases      ] GC(142)     Total                          Min: 0, Avg:  0.0, Max: 0, Diff: 0, Sum: 0, Workers: 6
[38.785s][debug  ][gc,phases      ] GC(142)   StringDedup Table Weak         Min:  0.0, Avg:  0.0, Max:  0.0, Diff:  0.0, Sum:  0.0, Workers: 6
[38.785s][debug  ][gc,phases      ] GC(142)     Dead                           Min: 0, Avg:  0.0, Max: 0, Diff: 0, Sum: 0, Workers: 6
[38.785s][debug  ][gc,phases      ] GC(142)     Total                          Min: 0, Avg:  0.0, Max: 0, Diff: 0, Sum: 0, Workers: 6
[38.785s][debug  ][gc,phases      ] GC(142)   StringDedup Requests0 Weak     Min:  0.0, Avg:  0.0, Max:  0.0, Diff:  0.0, Sum:  0.0, Workers: 6
[38.785s][debug  ][gc,phases      ] GC(142)     Dead                           Min: 0, Avg:  0.0, Max: 0, Diff: 0, Sum: 0, Workers: 6
[38.785s][debug  ][gc,phases      ] GC(142)     Total                          Min: 0, Avg:  0.0, Max: 0, Diff: 0, Sum: 0, Workers: 6
[38.785s][debug  ][gc,phases      ] GC(142)   StringDedup Requests1 Weak     Min:  0.0, Avg:  0.0, Max:  0.0, Diff:  0.0, Sum:  0.0, Workers: 6
[38.785s][debug  ][gc,phases      ] GC(142)     Dead                           Min: 0, Avg:  0.0, Max: 0, Diff: 0, Sum: 0, Workers: 6
[38.785s][debug  ][gc,phases      ] GC(142)     Total                          Min: 0, Avg:  0.0, Max: 0, Diff: 0, Sum: 0, Workers: 6
[38.785s][debug  ][gc,phases      ] GC(142)   Weak JFR Old Object Samples    Min:  0.0, Avg:  0.0, Max:  0.0, Diff:  0.0, Sum:  0.0, Workers: 6
[38.785s][debug  ][gc,phases      ] GC(142)     Dead                           Min: 0, Avg:  0.0, Max: 0, Diff: 0, Sum: 0, Workers: 6
[38.785s][debug  ][gc,phases      ] GC(142)     Total                          Min: 0, Avg:  0.0, Max: 0, Diff: 0, Sum: 0, Workers: 6
[38.785s][debug  ][gc,phases      ] GC(142) Weak Processing 0.850ms
[38.785s][debug  ][gc,ergo        ] GC(142) AdaptiveSizeStart:  collection: 143 
[38.785s][debug  ][gc,ergo        ] GC(142) avg_survived_padded_avg: 34582876.000000
[38.785s][debug  ][gc,ergo        ] GC(142) avg_promoted_padded_avg: 243174720.000000  avg_pretenured_padded_avg: 0.000000  tenuring_thresh: 15  target_size: 34603008
[38.785s][debug  ][gc,age         ] GC(142) Desired survivor size 34603008 bytes, new threshold 15 (max threshold 15)
[38.785s][debug  ][gc,ergo        ] GC(142) PSAdaptiveSizePolicy::compute_eden_space_size limits: desired_eden_size: 216100685 old_eden_size: 198180864 eden_limit: 198180864 cur_eden: 198180864 max_eden_size: 198180864 avg_young_live: 25244070
[38.785s][debug  ][gc,ergo        ] GC(142) PSAdaptiveSizePolicy::compute_eden_space_size: costs minor_time: 0.045623 major_cost: 0.055823 mutator_cost: 0.898554 throughput_goal: 0.990000
[38.785s][debug  ][gc,ergo        ] GC(142) Live_space: 1076362880 free_space: 1373634560
[38.786s][debug  ][gc,ergo        ] GC(142) Old eden_size: 198180864 desired_eden_size: 198180864
[38.786s][debug  ][gc,ergo        ] GC(142) AdaptiveSizeStop: collection: 143 
[38.786s][info   ][gc,heap        ] GC(142) PSYoungGen: 188075K(227840K)->30720K(227840K) Eden: 188075K(193536K)->0K(193536K) From: 0K(34304K)->30720K(34304K)
[38.786s][info   ][gc,heap        ] GC(142) ParOldGen: 728675K(1835008K)->882276K(1835008K)
[38.786s][info   ][gc,metaspace   ] GC(142) Metaspace: 1022K(1216K)->1022K(1216K) NonClass: 938K(1024K)->938K(1024K) Class: 83K(192K)->83K(192K)
[38.786s][info   ][gc             ] GC(142) Pause Young (Allocation Failure) 895M->891M(2014M) 14.173ms
[38.786s][info   ][gc,cpu         ] GC(142) User=0.06s Sys=0.02s Real=0.01s
[38.786s][debug  ][gc,heap        ] GC(142) Heap after GC invocations=143 (full 23):
[38.786s][debug  ][gc,heap        ] GC(142)  PSYoungGen      total 227840K, used 30720K [0x00000000f0000000, 0x0000000100000000, 0x0000000100000000)
[38.786s][debug  ][gc,heap        ] GC(142)   eden space 193536K, 0% used [0x00000000f0000000,0x00000000f0000000,0x00000000fbd00000)
[38.786s][debug  ][gc,heap        ] GC(142)   from space 34304K, 89% used [0x00000000fbd00000,0x00000000fdb00030,0x00000000fde80000)
[38.786s][debug  ][gc,heap        ] GC(142)   to   space 33792K, 0% used [0x00000000fdf00000,0x00000000fdf00000,0x0000000100000000)
[38.786s][debug  ][gc,heap        ] GC(142)  ParOldGen       total 1835008K, used 882276K [0x0000000080000000, 0x00000000f0000000, 0x00000000f0000000)
[38.786s][debug  ][gc,heap        ] GC(142)   object space 1835008K, 48% used [0x0000000080000000,0x00000000b5d99078,0x00000000f0000000)
[38.786s][debug  ][gc,heap        ] GC(142)  Metaspace       used 1022K, committed 1216K, reserved 1056768K
[38.786s][debug  ][gc,heap        ] GC(142)   class space    used 83K, committed 192K, reserved 1048576K
[38.786s][debug  ][gc,task,time   ] GC(142) VM-Thread 387710590 387836899 387859456
[39.070s][debug  ][gc,heap        ] GC(143) Heap before GC invocations=144 (full 23):
[39.070s][debug  ][gc,heap        ] GC(143)  PSYoungGen      total 227840K, used 218735K [0x00000000f0000000, 0x0000000100000000, 0x0000000100000000)
[39.070s][debug  ][gc,heap        ] GC(143)   eden space 193536K, 97% used [0x00000000f0000000,0x00000000fb79bd68,0x00000000fbd00000)
[39.070s][debug  ][gc,heap        ] GC(143)   from space 34304K, 89% used [0x00000000fbd00000,0x00000000fdb00030,0x00000000fde80000)
[39.070s][debug  ][gc,heap        ] GC(143)   to   space 33792K, 0% used [0x00000000fdf00000,0x00000000fdf00000,0x0000000100000000)
[39.070s][debug  ][gc,heap        ] GC(143)  ParOldGen       total 1835008K, used 882276K [0x0000000080000000, 0x00000000f0000000, 0x00000000f0000000)
[39.070s][debug  ][gc,heap        ] GC(143)   object space 1835008K, 48% used [0x0000000080000000,0x00000000b5d99078,0x00000000f0000000)
[39.071s][debug  ][gc,heap        ] GC(143)  Metaspace       used 1022K, committed 1216K, reserved 1056768K
[39.071s][debug  ][gc,heap        ] GC(143)   class space    used 83K, committed 192K, reserved 1048576K
[39.071s][debug  ][gc,tlab        ] GC(143) TLAB totals: thrds: 1  refills: 1 max: 1 slow allocs: 17 max 17 waste: 26.5% gc: 3782688B max: 3782688B slow: 0B max: 0B
[39.071s][info   ][gc,start       ] GC(143) Pause Young (Allocation Failure)
[39.071s][debug  ][gc,phases,start] GC(143) Scavenge
[39.076s][debug  ][gc,phases      ] GC(143) Scavenge 5.568ms
[39.076s][debug  ][gc,phases,start] GC(143) Reference Processing
[39.077s][debug  ][gc,ref         ] GC(143) Skipped phase 1 of Reference Processing: no references
[39.077s][debug  ][gc,ref         ] GC(143) Skipped phase 2 of Reference Processing: no references
[39.077s][debug  ][gc,ref         ] GC(143) Skipped phase 3 of Reference Processing: no references
[39.077s][debug  ][gc,ref         ] GC(143) Skipped phase 4 of Reference Processing: no references
[39.077s][debug  ][gc,phases,ref  ] GC(143) Reference Processing: 0.1ms
[39.077s][debug  ][gc,phases,ref  ] GC(143)   Reconsider SoftReferences: 0.0ms
[39.077s][debug  ][gc,phases,ref  ] GC(143)     SoftRef (ms):                  skipped
[39.077s][debug  ][gc,phases,ref  ] GC(143)   Notify Soft/WeakReferences: 0.0ms
[39.077s][debug  ][gc,phases,ref  ] GC(143)     SoftRef (ms):                  skipped
[39.077s][debug  ][gc,phases,ref  ] GC(143)     WeakRef (ms):                  skipped
[39.077s][debug  ][gc,phases,ref  ] GC(143)     FinalRef (ms):                 skipped
[39.077s][debug  ][gc,phases,ref  ] GC(143)     Total (ms):                    skipped
[39.077s][debug  ][gc,phases,ref  ] GC(143)   Notify and keep alive finalizable: 0.0ms
[39.077s][debug  ][gc,phases,ref  ] GC(143)     FinalRef (ms):                 skipped
[39.077s][debug  ][gc,phases,ref  ] GC(143)   Notify PhantomReferences: 0.0ms
[39.077s][debug  ][gc,phases,ref  ] GC(143)     PhantomRef (ms):               skipped
[39.077s][debug  ][gc,phases,ref  ] GC(143)   SoftReference:
[39.077s][debug  ][gc,phases,ref  ] GC(143)     Discovered: 0
[39.077s][debug  ][gc,phases,ref  ] GC(143)     Cleared: 0
[39.077s][debug  ][gc,phases,ref  ] GC(143)   WeakReference:
[39.077s][debug  ][gc,phases,ref  ] GC(143)     Discovered: 0
[39.077s][debug  ][gc,phases,ref  ] GC(143)     Cleared: 0
[39.077s][debug  ][gc,phases,ref  ] GC(143)   FinalReference:
[39.077s][debug  ][gc,phases,ref  ] GC(143)     Discovered: 0
[39.077s][debug  ][gc,phases,ref  ] GC(143)     Cleared: 0
[39.077s][debug  ][gc,phases,ref  ] GC(143)   PhantomReference:
[39.077s][debug  ][gc,phases,ref  ] GC(143)     Discovered: 0
[39.077s][debug  ][gc,phases,ref  ] GC(143)     Cleared: 0
[39.077s][debug  ][gc,phases      ] GC(143) Reference Processing 0.914ms
[39.077s][debug  ][gc,phases,start] GC(143) Weak Processing
[39.077s][debug  ][gc,phases      ] GC(143)   VM Weak                        Min:  0.0, Avg:  0.0, Max:  0.0, Diff:  0.0, Sum:  0.0, Workers: 6
[39.078s][debug  ][gc,phases      ] GC(143)     Dead                           Min: 0, Avg:  0.0, Max: 0, Diff: 0, Sum: 0, Workers: 6
[39.078s][debug  ][gc,phases      ] GC(143)     Total                          Min: 0, Avg:  1.3, Max: 8, Diff: 8, Sum: 8, Workers: 6
[39.078s][debug  ][gc,phases      ] GC(143)   ObjectSynchronizer Weak        Min:  0.0, Avg:  0.0, Max:  0.0, Diff:  0.0, Sum:  0.0, Workers: 6
[39.078s][debug  ][gc,phases      ] GC(143)     Dead                           Min: 0, Avg:  0.0, Max: 0, Diff: 0, Sum: 0, Workers: 6
[39.078s][debug  ][gc,phases      ] GC(143)     Total                          Min: 0, Avg:  0.5, Max: 3, Diff: 3, Sum: 3, Workers: 6
[39.078s][debug  ][gc,phases      ] GC(143)   JVMTI Tag Weak OopStorage      Min:  0.0, Avg:  0.0, Max:  0.0, Diff:  0.0, Sum:  0.0, Workers: 6
[39.078s][debug  ][gc,phases      ] GC(143)     Dead                           Min: 0, Avg:  0.0, Max: 0, Diff: 0, Sum: 0, Workers: 6
[39.078s][debug  ][gc,phases      ] GC(143)     Total                          Min: 0, Avg:  0.0, Max: 0, Diff: 0, Sum: 0, Workers: 6
[39.078s][debug  ][gc,phases      ] GC(143)   StringTable Weak               Min:  0.0, Avg:  0.0, Max:  0.0, Diff:  0.0, Sum:  0.0, Workers: 6
[39.078s][debug  ][gc,phases      ] GC(143)     Dead                           Min: 0, Avg:  0.0, Max: 0, Diff: 0, Sum: 0, Workers: 6
[39.078s][debug  ][gc,phases      ] GC(143)     Total                          Min: 832, Avg: 891.8, Max: 1024, Diff: 192, Sum: 5351, Workers: 6
[39.078s][debug  ][gc,phases      ] GC(143)   ResolvedMethodTable Weak       Min:  0.0, Avg:  0.0, Max:  0.0, Diff:  0.0, Sum:  0.0, Workers: 6
[39.078s][debug  ][gc,phases      ] GC(143)     Dead                           Min: 0, Avg:  0.0, Max: 0, Diff: 0, Sum: 0, Workers: 6
[39.078s][debug  ][gc,phases      ] GC(143)     Total                          Min: 0, Avg: 21.7, Max: 64, Diff: 64, Sum: 130, Workers: 6
[39.078s][debug  ][gc,phases      ] GC(143)   JNI Weak                       Min:  0.0, Avg:  0.0, Max:  0.0, Diff:  0.0, Sum:  0.0, Workers: 6
[39.078s][debug  ][gc,phases      ] GC(143)     Dead                           Min: 0, Avg:  0.0, Max: 0, Diff: 0, Sum: 0, Workers: 6
[39.078s][debug  ][gc,phases      ] GC(143)     Total                          Min: 0, Avg:  0.0, Max: 0, Diff: 0, Sum: 0, Workers: 6
[39.078s][debug  ][gc,phases      ] GC(143)   StringDedup Table Weak         Min:  0.0, Avg:  0.0, Max:  0.0, Diff:  0.0, Sum:  0.0, Workers: 6
[39.078s][debug  ][gc,phases      ] GC(143)     Dead                           Min: 0, Avg:  0.0, Max: 0, Diff: 0, Sum: 0, Workers: 6
[39.078s][debug  ][gc,phases      ] GC(143)     Total                          Min: 0, Avg:  0.0, Max: 0, Diff: 0, Sum: 0, Workers: 6
[39.078s][debug  ][gc,phases      ] GC(143)   StringDedup Requests0 Weak     Min:  0.0, Avg:  0.0, Max:  0.0, Diff:  0.0, Sum:  0.0, Workers: 6
[39.078s][debug  ][gc,phases      ] GC(143)     Dead                           Min: 0, Avg:  0.0, Max: 0, Diff: 0, Sum: 0, Workers: 6
[39.078s][debug  ][gc,phases      ] GC(143)     Total                          Min: 0, Avg:  0.0, Max: 0, Diff: 0, Sum: 0, Workers: 6
[39.078s][debug  ][gc,phases      ] GC(143)   StringDedup Requests1 Weak     Min:  0.0, Avg:  0.0, Max:  0.0, Diff:  0.0, Sum:  0.0, Workers: 6
[39.078s][debug  ][gc,phases      ] GC(143)     Dead                           Min: 0, Avg:  0.0, Max: 0, Diff: 0, Sum: 0, Workers: 6
[39.078s][debug  ][gc,phases      ] GC(143)     Total                          Min: 0, Avg:  0.0, Max: 0, Diff: 0, Sum: 0, Workers: 6
[39.078s][debug  ][gc,phases      ] GC(143)   Weak JFR Old Object Samples    Min:  0.0, Avg:  0.0, Max:  0.0, Diff:  0.0, Sum:  0.0, Workers: 6
[39.078s][debug  ][gc,phases      ] GC(143)     Dead                           Min: 0, Avg:  0.0, Max: 0, Diff: 0, Sum: 0, Workers: 6
[39.078s][debug  ][gc,phases      ] GC(143)     Total                          Min: 0, Avg:  0.0, Max: 0, Diff: 0, Sum: 0, Workers: 6
[39.079s][debug  ][gc,phases      ] GC(143) Weak Processing 1.111ms
[39.079s][debug  ][gc,ergo        ] GC(143) AdaptiveSizeStart:  collection: 144 
[39.079s][debug  ][gc,ergo        ] GC(143) avg_survived_padded_avg: 34392188.000000
[39.079s][debug  ][gc,ergo        ] GC(143) avg_promoted_padded_avg: 257407824.000000  avg_pretenured_padded_avg: 0.000000  tenuring_thresh: 15  target_size: 34603008
[39.079s][debug  ][gc,age         ] GC(143) Desired survivor size 34603008 bytes, new threshold 15 (max threshold 15)
[39.079s][debug  ][gc,ergo        ] GC(143) PSAdaptiveSizePolicy::compute_eden_space_size limits: desired_eden_size: 215012885 old_eden_size: 198180864 eden_limit: 198705152 cur_eden: 198180864 max_eden_size: 198705152 avg_young_live: 25865394
[39.079s][debug  ][gc,ergo        ] GC(143) PSAdaptiveSizePolicy::compute_eden_space_size: costs minor_time: 0.040828 major_cost: 0.055823 mutator_cost: 0.903349 throughput_goal: 0.990000
[39.079s][debug  ][gc,ergo        ] GC(143) Live_space: 1076984320 free_space: 1373634560
[39.079s][debug  ][gc,ergo        ] GC(143) Old eden_size: 198180864 desired_eden_size: 198705152
[39.079s][debug  ][gc,ergo        ] GC(143) AdaptiveSizeStop: collection: 144 
[39.079s][info   ][gc,heap        ] GC(143) PSYoungGen: 218735K(227840K)->30720K(228352K) Eden: 188015K(193536K)->0K(194560K) From: 30720K(34304K)->30720K(33792K)
[39.079s][info   ][gc,heap        ] GC(143) ParOldGen: 882276K(1835008K)->923236K(1835008K)
[39.079s][info   ][gc,metaspace   ] GC(143) Metaspace: 1022K(1216K)->1022K(1216K) NonClass: 938K(1024K)->938K(1024K) Class: 83K(192K)->83K(192K)
[39.079s][info   ][gc             ] GC(143) Pause Young (Allocation Failure) 1075M->931M(2015M) 8.264ms
[39.079s][info   ][gc,cpu         ] GC(143) User=0.00s Sys=0.00s Real=0.01s
[39.079s][debug  ][gc,heap        ] GC(143) Heap after GC invocations=144 (full 23):
[39.079s][debug  ][gc,heap        ] GC(143)  PSYoungGen      total 228352K, used 30720K [0x00000000f0000000, 0x0000000100000000, 0x0000000100000000)
[39.079s][debug  ][gc,heap        ] GC(143)   eden space 194560K, 0% used [0x00000000f0000000,0x00000000f0000000,0x00000000fbe00000)
[39.079s][debug  ][gc,heap        ] GC(143)   from space 33792K, 90% used [0x00000000fdf00000,0x00000000ffd00030,0x0000000100000000)
[39.079s][debug  ][gc,heap        ] GC(143)   to   space 33792K, 0% used [0x00000000fbe00000,0x00000000fbe00000,0x00000000fdf00000)
[39.079s][debug  ][gc,heap        ] GC(143)  ParOldGen       total 1835008K, used 923236K [0x0000000080000000, 0x00000000f0000000, 0x00000000f0000000)
[39.079s][debug  ][gc,heap        ] GC(143)   object space 1835008K, 50% used [0x0000000080000000,0x00000000b85990b8,0x00000000f0000000)
[39.079s][debug  ][gc,heap        ] GC(143)  Metaspace       used 1022K, committed 1216K, reserved 1056768K
[39.079s][debug  ][gc,heap        ] GC(143)   class space    used 83K, committed 192K, reserved 1048576K
[39.079s][debug  ][gc,task,time   ] GC(143) VM-Thread 390700721 390764583 390793120
[39.369s][debug  ][gc,heap        ] GC(144) Heap before GC invocations=145 (full 23):
[39.369s][debug  ][gc,heap        ] GC(144)  PSYoungGen      total 228352K, used 218789K [0x00000000f0000000, 0x0000000100000000, 0x0000000100000000)
[39.369s][debug  ][gc,heap        ] GC(144)   eden space 194560K, 96% used [0x00000000f0000000,0x00000000fb7a97c0,0x00000000fbe00000)
[39.369s][debug  ][gc,heap        ] GC(144)   from space 33792K, 90% used [0x00000000fdf00000,0x00000000ffd00030,0x0000000100000000)
[39.369s][debug  ][gc,heap        ] GC(144)   to   space 33792K, 0% used [0x00000000fbe00000,0x00000000fbe00000,0x00000000fdf00000)
[39.369s][debug  ][gc,heap        ] GC(144)  ParOldGen       total 1835008K, used 923236K [0x0000000080000000, 0x00000000f0000000, 0x00000000f0000000)
[39.369s][debug  ][gc,heap        ] GC(144)   object space 1835008K, 50% used [0x0000000080000000,0x00000000b85990b8,0x00000000f0000000)
[39.370s][debug  ][gc,heap        ] GC(144)  Metaspace       used 1022K, committed 1216K, reserved 1056768K
[39.370s][debug  ][gc,heap        ] GC(144)   class space    used 83K, committed 192K, reserved 1048576K
[39.370s][debug  ][gc,tlab        ] GC(144) TLAB totals: thrds: 1  refills: 1 max: 1 slow allocs: 17 max 17 waste: 26.8% gc: 3839648B max: 3839648B slow: 0B max: 0B
[39.370s][info   ][gc,start       ] GC(144) Pause Young (Allocation Failure)
[39.370s][debug  ][gc,phases,start] GC(144) Scavenge
[39.384s][debug  ][gc,phases      ] GC(144) Scavenge 14.108ms
[39.384s][debug  ][gc,phases,start] GC(144) Reference Processing
[39.384s][debug  ][gc,ref         ] GC(144) Skipped phase 1 of Reference Processing: no references
[39.384s][debug  ][gc,ref         ] GC(144) Skipped phase 2 of Reference Processing: no references
[39.384s][debug  ][gc,ref         ] GC(144) Skipped phase 3 of Reference Processing: no references
[39.384s][debug  ][gc,ref         ] GC(144) Skipped phase 4 of Reference Processing: no references
[39.384s][debug  ][gc,phases,ref  ] GC(144) Reference Processing: 0.1ms
[39.384s][debug  ][gc,phases,ref  ] GC(144)   Reconsider SoftReferences: 0.0ms
[39.384s][debug  ][gc,phases,ref  ] GC(144)     SoftRef (ms):                  skipped
[39.384s][debug  ][gc,phases,ref  ] GC(144)   Notify Soft/WeakReferences: 0.0ms
[39.384s][debug  ][gc,phases,ref  ] GC(144)     SoftRef (ms):                  skipped
[39.384s][debug  ][gc,phases,ref  ] GC(144)     WeakRef (ms):                  skipped
[39.384s][debug  ][gc,phases,ref  ] GC(144)     FinalRef (ms):                 skipped
[39.384s][debug  ][gc,phases,ref  ] GC(144)     Total (ms):                    skipped
[39.384s][debug  ][gc,phases,ref  ] GC(144)   Notify and keep alive finalizable: 0.0ms
[39.384s][debug  ][gc,phases,ref  ] GC(144)     FinalRef (ms):                 skipped
[39.384s][debug  ][gc,phases,ref  ] GC(144)   Notify PhantomReferences: 0.0ms
[39.384s][debug  ][gc,phases,ref  ] GC(144)     PhantomRef (ms):               skipped
[39.384s][debug  ][gc,phases,ref  ] GC(144)   SoftReference:
[39.384s][debug  ][gc,phases,ref  ] GC(144)     Discovered: 0
[39.384s][debug  ][gc,phases,ref  ] GC(144)     Cleared: 0
[39.384s][debug  ][gc,phases,ref  ] GC(144)   WeakReference:
[39.385s][debug  ][gc,phases,ref  ] GC(144)     Discovered: 0
[39.385s][debug  ][gc,phases,ref  ] GC(144)     Cleared: 0
[39.385s][debug  ][gc,phases,ref  ] GC(144)   FinalReference:
[39.385s][debug  ][gc,phases,ref  ] GC(144)     Discovered: 0
[39.385s][debug  ][gc,phases,ref  ] GC(144)     Cleared: 0
[39.385s][debug  ][gc,phases,ref  ] GC(144)   PhantomReference:
[39.385s][debug  ][gc,phases,ref  ] GC(144)     Discovered: 0
[39.385s][debug  ][gc,phases,ref  ] GC(144)     Cleared: 0
[39.385s][debug  ][gc,phases      ] GC(144) Reference Processing 0.817ms
[39.385s][debug  ][gc,phases,start] GC(144) Weak Processing
[39.386s][debug  ][gc,phases      ] GC(144)   VM Weak                        Min:  0.0, Avg:  0.0, Max:  0.0, Diff:  0.0, Sum:  0.0, Workers: 6
[39.386s][debug  ][gc,phases      ] GC(144)     Dead                           Min: 0, Avg:  0.0, Max: 0, Diff: 0, Sum: 0, Workers: 6
[39.386s][debug  ][gc,phases      ] GC(144)     Total                          Min: 0, Avg:  1.3, Max: 8, Diff: 8, Sum: 8, Workers: 6
[39.386s][debug  ][gc,phases      ] GC(144)   ObjectSynchronizer Weak        Min:  0.0, Avg:  0.0, Max:  0.0, Diff:  0.0, Sum:  0.0, Workers: 6
[39.386s][debug  ][gc,phases      ] GC(144)     Dead                           Min: 0, Avg:  0.0, Max: 0, Diff: 0, Sum: 0, Workers: 6
[39.386s][debug  ][gc,phases      ] GC(144)     Total                          Min: 0, Avg:  0.5, Max: 3, Diff: 3, Sum: 3, Workers: 6
[39.386s][debug  ][gc,phases      ] GC(144)   JVMTI Tag Weak OopStorage      Min:  0.0, Avg:  0.0, Max:  0.0, Diff:  0.0, Sum:  0.0, Workers: 6
[39.386s][debug  ][gc,phases      ] GC(144)     Dead                           Min: 0, Avg:  0.0, Max: 0, Diff: 0, Sum: 0, Workers: 6
[39.386s][debug  ][gc,phases      ] GC(144)     Total                          Min: 0, Avg:  0.0, Max: 0, Diff: 0, Sum: 0, Workers: 6
[39.386s][debug  ][gc,phases      ] GC(144)   StringTable Weak               Min:  0.0, Avg:  0.0, Max:  0.0, Diff:  0.0, Sum:  0.0, Workers: 6
[39.386s][debug  ][gc,phases      ] GC(144)     Dead                           Min: 0, Avg:  0.0, Max: 0, Diff: 0, Sum: 0, Workers: 6
[39.386s][debug  ][gc,phases      ] GC(144)     Total                          Min: 0, Avg: 891.8, Max: 1280, Diff: 1280, Sum: 5351, Workers: 6
[39.386s][debug  ][gc,phases      ] GC(144)   ResolvedMethodTable Weak       Min:  0.0, Avg:  0.0, Max:  0.0, Diff:  0.0, Sum:  0.0, Workers: 6
[39.386s][debug  ][gc,phases      ] GC(144)     Dead                           Min: 0, Avg:  0.0, Max: 0, Diff: 0, Sum: 0, Workers: 6
[39.386s][debug  ][gc,phases      ] GC(144)     Total                          Min: 0, Avg: 21.7, Max: 64, Diff: 64, Sum: 130, Workers: 6
[39.386s][debug  ][gc,phases      ] GC(144)   JNI Weak                       Min:  0.0, Avg:  0.0, Max:  0.0, Diff:  0.0, Sum:  0.0, Workers: 6
[39.386s][debug  ][gc,phases      ] GC(144)     Dead                           Min: 0, Avg:  0.0, Max: 0, Diff: 0, Sum: 0, Workers: 6
[39.386s][debug  ][gc,phases      ] GC(144)     Total                          Min: 0, Avg:  0.0, Max: 0, Diff: 0, Sum: 0, Workers: 6
[39.386s][debug  ][gc,phases      ] GC(144)   StringDedup Table Weak         Min:  0.0, Avg:  0.0, Max:  0.0, Diff:  0.0, Sum:  0.0, Workers: 6
[39.386s][debug  ][gc,phases      ] GC(144)     Dead                           Min: 0, Avg:  0.0, Max: 0, Diff: 0, Sum: 0, Workers: 6
[39.386s][debug  ][gc,phases      ] GC(144)     Total                          Min: 0, Avg:  0.0, Max: 0, Diff: 0, Sum: 0, Workers: 6
[39.386s][debug  ][gc,phases      ] GC(144)   StringDedup Requests0 Weak     Min:  0.0, Avg:  0.0, Max:  0.0, Diff:  0.0, Sum:  0.0, Workers: 6
[39.386s][debug  ][gc,phases      ] GC(144)     Dead                           Min: 0, Avg:  0.0, Max: 0, Diff: 0, Sum: 0, Workers: 6
[39.386s][debug  ][gc,phases      ] GC(144)     Total                          Min: 0, Avg:  0.0, Max: 0, Diff: 0, Sum: 0, Workers: 6
[39.386s][debug  ][gc,phases      ] GC(144)   StringDedup Requests1 Weak     Min:  0.0, Avg:  0.0, Max:  0.0, Diff:  0.0, Sum:  0.0, Workers: 6
[39.386s][debug  ][gc,phases      ] GC(144)     Dead                           Min: 0, Avg:  0.0, Max: 0, Diff: 0, Sum: 0, Workers: 6
[39.387s][debug  ][gc,phases      ] GC(144)     Total                          Min: 0, Avg:  0.0, Max: 0, Diff: 0, Sum: 0, Workers: 6
[39.387s][debug  ][gc,phases      ] GC(144)   Weak JFR Old Object Samples    Min:  0.0, Avg:  0.0, Max:  0.0, Diff:  0.0, Sum:  0.0, Workers: 6
[39.387s][debug  ][gc,phases      ] GC(144)     Dead                           Min: 0, Avg:  0.0, Max: 0, Diff: 0, Sum: 0, Workers: 6
[39.387s][debug  ][gc,phases      ] GC(144)     Total                          Min: 0, Avg:  0.0, Max: 0, Diff: 0, Sum: 0, Workers: 6
[39.387s][debug  ][gc,phases      ] GC(144) Weak Processing 1.863ms
[39.387s][debug  ][gc,ergo        ] GC(144) AdaptiveSizeStart:  collection: 145 
[39.387s][debug  ][gc,ergo        ] GC(144) avg_survived_padded_avg: 34208384.000000
[39.387s][debug  ][gc,ergo        ] GC(144) avg_promoted_padded_avg: 259257040.000000  avg_pretenured_padded_avg: 0.000000  tenuring_thresh: 15  target_size: 34603008
[39.387s][debug  ][gc,age         ] GC(144) Desired survivor size 34603008 bytes, new threshold 15 (max threshold 15)
[39.387s][debug  ][gc,ergo        ] GC(144) PSAdaptiveSizePolicy::compute_eden_space_size limits: desired_eden_size: 216870473 old_eden_size: 198705152 eden_limit: 199229440 cur_eden: 199229440 max_eden_size: 199229440 avg_young_live: 26424588
[39.387s][debug  ][gc,ergo        ] GC(144) PSAdaptiveSizePolicy::compute_eden_space_size: costs minor_time: 0.044349 major_cost: 0.055823 mutator_cost: 0.899828 throughput_goal: 0.990000
[39.387s][debug  ][gc,ergo        ] GC(144) Live_space: 1077543424 free_space: 1374158848
[39.387s][debug  ][gc,ergo        ] GC(144) Old eden_size: 198705152 desired_eden_size: 199229440
[39.387s][debug  ][gc,ergo        ] GC(144) AdaptiveSizeStop: collection: 145 
[39.387s][info   ][gc,heap        ] GC(144) PSYoungGen: 218789K(228352K)->30720K(228352K) Eden: 188069K(194560K)->0K(194560K) From: 30720K(33792K)->30720K(33792K)
[39.387s][info   ][gc,heap        ] GC(144) ParOldGen: 923236K(1835008K)->1107556K(1835008K)
[39.387s][info   ][gc,metaspace   ] GC(144) Metaspace: 1022K(1216K)->1022K(1216K) NonClass: 938K(1024K)->938K(1024K) Class: 83K(192K)->83K(192K)
[39.387s][info   ][gc             ] GC(144) Pause Young (Allocation Failure) 1115M->1111M(2015M) 17.265ms
[39.387s][info   ][gc,cpu         ] GC(144) User=0.09s Sys=0.00s Real=0.02s
[39.387s][debug  ][gc,heap        ] GC(144) Heap after GC invocations=145 (full 23):
[39.387s][debug  ][gc,heap        ] GC(144)  PSYoungGen      total 228352K, used 30720K [0x00000000f0000000, 0x0000000100000000, 0x0000000100000000)
[39.387s][debug  ][gc,heap        ] GC(144)   eden space 194560K, 0% used [0x00000000f0000000,0x00000000f0000000,0x00000000fbe00000)
[39.387s][debug  ][gc,heap        ] GC(144)   from space 33792K, 90% used [0x00000000fbe00000,0x00000000fdc00030,0x00000000fdf00000)
[39.387s][debug  ][gc,heap        ] GC(144)   to   space 33792K, 0% used [0x00000000fdf00000,0x00000000fdf00000,0x0000000100000000)
[39.387s][debug  ][gc,heap        ] GC(144)  ParOldGen       total 1835008K, used 1107556K [0x0000000080000000, 0x00000000f0000000, 0x00000000f0000000)
[39.387s][debug  ][gc,heap        ] GC(144)   object space 1835008K, 60% used [0x0000000080000000,0x00000000c39991d8,0x00000000f0000000)
[39.387s][debug  ][gc,heap        ] GC(144)  Metaspace       used 1022K, committed 1216K, reserved 1056768K
[39.387s][debug  ][gc,heap        ] GC(144)   class space    used 83K, committed 192K, reserved 1048576K
[39.387s][debug  ][gc,task,time   ] GC(144) VM-Thread 393691833 393838782 393871477
[39.672s][debug  ][gc,heap        ] GC(145) Heap before GC invocations=146 (full 23):
[39.673s][debug  ][gc,heap        ] GC(145)  PSYoungGen      total 228352K, used 218812K [0x00000000f0000000, 0x0000000100000000, 0x0000000100000000)
[39.673s][debug  ][gc,heap        ] GC(145)   eden space 194560K, 96% used [0x00000000f0000000,0x00000000fb7af150,0x00000000fbe00000)
[39.673s][debug  ][gc,heap        ] GC(145)   from space 33792K, 90% used [0x00000000fbe00000,0x00000000fdc00030,0x00000000fdf00000)
[39.673s][debug  ][gc,heap        ] GC(145)   to   space 33792K, 0% used [0x00000000fdf00000,0x00000000fdf00000,0x0000000100000000)
[39.673s][debug  ][gc,heap        ] GC(145)  ParOldGen       total 1835008K, used 1107556K [0x0000000080000000, 0x00000000f0000000, 0x00000000f0000000)
[39.673s][debug  ][gc,heap        ] GC(145)   object space 1835008K, 60% used [0x0000000080000000,0x00000000c39991d8,0x00000000f0000000)
[39.673s][debug  ][gc,heap        ] GC(145)  Metaspace       used 1022K, committed 1216K, reserved 1056768K
[39.673s][debug  ][gc,heap        ] GC(145)   class space    used 83K, committed 192K, reserved 1048576K
[39.673s][debug  ][gc,tlab        ] GC(145) TLAB totals: thrds: 1  refills: 1 max: 1 slow allocs: 17 max 17 waste: 26.9% gc: 3862576B max: 3862576B slow: 0B max: 0B
[39.673s][info   ][gc,start       ] GC(145) Pause Young (Allocation Failure)
[39.673s][debug  ][gc,phases,start] GC(145) Scavenge
[39.687s][debug  ][gc,phases      ] GC(145) Scavenge 14.009ms
[39.687s][debug  ][gc,phases,start] GC(145) Reference Processing
[39.687s][debug  ][gc,ref         ] GC(145) Skipped phase 1 of Reference Processing: no references
[39.687s][debug  ][gc,ref         ] GC(145) Skipped phase 2 of Reference Processing: no references
[39.687s][debug  ][gc,ref         ] GC(145) Skipped phase 3 of Reference Processing: no references
[39.687s][debug  ][gc,ref         ] GC(145) Skipped phase 4 of Reference Processing: no references
[39.687s][debug  ][gc,phases,ref  ] GC(145) Reference Processing: 0.1ms
[39.687s][debug  ][gc,phases,ref  ] GC(145)   Reconsider SoftReferences: 0.0ms
[39.687s][debug  ][gc,phases,ref  ] GC(145)     SoftRef (ms):                  skipped
[39.687s][debug  ][gc,phases,ref  ] GC(145)   Notify Soft/WeakReferences: 0.0ms
[39.687s][debug  ][gc,phases,ref  ] GC(145)     SoftRef (ms):                  skipped
[39.687s][debug  ][gc,phases,ref  ] GC(145)     WeakRef (ms):                  skipped
[39.687s][debug  ][gc,phases,ref  ] GC(145)     FinalRef (ms):                 skipped
[39.687s][debug  ][gc,phases,ref  ] GC(145)     Total (ms):                    skipped
[39.687s][debug  ][gc,phases,ref  ] GC(145)   Notify and keep alive finalizable: 0.0ms
[39.687s][debug  ][gc,phases,ref  ] GC(145)     FinalRef (ms):                 skipped
[39.687s][debug  ][gc,phases,ref  ] GC(145)   Notify PhantomReferences: 0.0ms
[39.687s][debug  ][gc,phases,ref  ] GC(145)     PhantomRef (ms):               skipped
[39.687s][debug  ][gc,phases,ref  ] GC(145)   SoftReference:
[39.687s][debug  ][gc,phases,ref  ] GC(145)     Discovered: 0
[39.688s][debug  ][gc,phases,ref  ] GC(145)     Cleared: 0
[39.688s][debug  ][gc,phases,ref  ] GC(145)   WeakReference:
[39.688s][debug  ][gc,phases,ref  ] GC(145)     Discovered: 0
[39.688s][debug  ][gc,phases,ref  ] GC(145)     Cleared: 0
[39.688s][debug  ][gc,phases,ref  ] GC(145)   FinalReference:
[39.688s][debug  ][gc,phases,ref  ] GC(145)     Discovered: 0
[39.688s][debug  ][gc,phases,ref  ] GC(145)     Cleared: 0
[39.688s][debug  ][gc,phases,ref  ] GC(145)   PhantomReference:
[39.688s][debug  ][gc,phases,ref  ] GC(145)     Discovered: 0
[39.688s][debug  ][gc,phases,ref  ] GC(145)     Cleared: 0
[39.688s][debug  ][gc,phases      ] GC(145) Reference Processing 0.695ms
[39.688s][debug  ][gc,phases,start] GC(145) Weak Processing
[39.688s][debug  ][gc,phases      ] GC(145)   VM Weak                        Min:  0.0, Avg:  0.0, Max:  0.0, Diff:  0.0, Sum:  0.0, Workers: 6
[39.688s][debug  ][gc,phases      ] GC(145)     Dead                           Min: 0, Avg:  0.0, Max: 0, Diff: 0, Sum: 0, Workers: 6
[39.688s][debug  ][gc,phases      ] GC(145)     Total                          Min: 0, Avg:  1.3, Max: 8, Diff: 8, Sum: 8, Workers: 6
[39.688s][debug  ][gc,phases      ] GC(145)   ObjectSynchronizer Weak        Min:  0.0, Avg:  0.0, Max:  0.0, Diff:  0.0, Sum:  0.0, Workers: 6
[39.688s][debug  ][gc,phases      ] GC(145)     Dead                           Min: 0, Avg:  0.0, Max: 0, Diff: 0, Sum: 0, Workers: 6
[39.688s][debug  ][gc,phases      ] GC(145)     Total                          Min: 0, Avg:  0.5, Max: 3, Diff: 3, Sum: 3, Workers: 6
[39.688s][debug  ][gc,phases      ] GC(145)   JVMTI Tag Weak OopStorage      Min:  0.0, Avg:  0.0, Max:  0.0, Diff:  0.0, Sum:  0.0, Workers: 6
[39.688s][debug  ][gc,phases      ] GC(145)     Dead                           Min: 0, Avg:  0.0, Max: 0, Diff: 0, Sum: 0, Workers: 6
[39.688s][debug  ][gc,phases      ] GC(145)     Total                          Min: 0, Avg:  0.0, Max: 0, Diff: 0, Sum: 0, Workers: 6
[39.688s][debug  ][gc,phases      ] GC(145)   StringTable Weak               Min:  0.0, Avg:  0.0, Max:  0.0, Diff:  0.0, Sum:  0.0, Workers: 6
[39.688s][debug  ][gc,phases      ] GC(145)     Dead                           Min: 0, Avg:  0.0, Max: 0, Diff: 0, Sum: 0, Workers: 6
[39.688s][debug  ][gc,phases      ] GC(145)     Total                          Min: 768, Avg: 891.8, Max: 1088, Diff: 320, Sum: 5351, Workers: 6
[39.688s][debug  ][gc,phases      ] GC(145)   ResolvedMethodTable Weak       Min:  0.0, Avg:  0.0, Max:  0.0, Diff:  0.0, Sum:  0.0, Workers: 6
[39.688s][debug  ][gc,phases      ] GC(145)     Dead                           Min: 0, Avg:  0.0, Max: 0, Diff: 0, Sum: 0, Workers: 6
[39.688s][debug  ][gc,phases      ] GC(145)     Total                          Min: 0, Avg: 21.7, Max: 64, Diff: 64, Sum: 130, Workers: 6
[39.688s][debug  ][gc,phases      ] GC(145)   JNI Weak                       Min:  0.0, Avg:  0.0, Max:  0.0, Diff:  0.0, Sum:  0.0, Workers: 6
[39.688s][debug  ][gc,phases      ] GC(145)     Dead                           Min: 0, Avg:  0.0, Max: 0, Diff: 0, Sum: 0, Workers: 6
[39.688s][debug  ][gc,phases      ] GC(145)     Total                          Min: 0, Avg:  0.0, Max: 0, Diff: 0, Sum: 0, Workers: 6
[39.688s][debug  ][gc,phases      ] GC(145)   StringDedup Table Weak         Min:  0.0, Avg:  0.0, Max:  0.0, Diff:  0.0, Sum:  0.0, Workers: 6
[39.688s][debug  ][gc,phases      ] GC(145)     Dead                           Min: 0, Avg:  0.0, Max: 0, Diff: 0, Sum: 0, Workers: 6
[39.689s][debug  ][gc,phases      ] GC(145)     Total                          Min: 0, Avg:  0.0, Max: 0, Diff: 0, Sum: 0, Workers: 6
[39.689s][debug  ][gc,phases      ] GC(145)   StringDedup Requests0 Weak     Min:  0.0, Avg:  0.0, Max:  0.0, Diff:  0.0, Sum:  0.0, Workers: 6
[39.689s][debug  ][gc,phases      ] GC(145)     Dead                           Min: 0, Avg:  0.0, Max: 0, Diff: 0, Sum: 0, Workers: 6
[39.689s][debug  ][gc,phases      ] GC(145)     Total                          Min: 0, Avg:  0.0, Max: 0, Diff: 0, Sum: 0, Workers: 6
[39.689s][debug  ][gc,phases      ] GC(145)   StringDedup Requests1 Weak     Min:  0.0, Avg:  0.0, Max:  0.0, Diff:  0.0, Sum:  0.0, Workers: 6
[39.689s][debug  ][gc,phases      ] GC(145)     Dead                           Min: 0, Avg:  0.0, Max: 0, Diff: 0, Sum: 0, Workers: 6
[39.689s][debug  ][gc,phases      ] GC(145)     Total                          Min: 0, Avg:  0.0, Max: 0, Diff: 0, Sum: 0, Workers: 6
[39.689s][debug  ][gc,phases      ] GC(145)   Weak JFR Old Object Samples    Min:  0.0, Avg:  0.0, Max:  0.0, Diff:  0.0, Sum:  0.0, Workers: 6
[39.689s][debug  ][gc,phases      ] GC(145)     Dead                           Min: 0, Avg:  0.0, Max: 0, Diff: 0, Sum: 0, Workers: 6
[39.689s][debug  ][gc,phases      ] GC(145)     Total                          Min: 0, Avg:  0.0, Max: 0, Diff: 0, Sum: 0, Workers: 6
[39.689s][debug  ][gc,phases      ] GC(145) Weak Processing 1.088ms
[39.689s][debug  ][gc,ergo        ] GC(145) AdaptiveSizeStart:  collection: 146 
[39.689s][debug  ][gc,ergo        ] GC(145) avg_survived_padded_avg: 34031988.000000
[39.689s][debug  ][gc,ergo        ] GC(145) avg_promoted_padded_avg: 260049760.000000  avg_pretenured_padded_avg: 0.000000  tenuring_thresh: 15  target_size: 34078720
[39.689s][debug  ][gc,age         ] GC(145) Desired survivor size 34078720 bytes, new threshold 15 (max threshold 15)
[39.689s][debug  ][gc,ergo        ] GC(145) PSAdaptiveSizePolicy::compute_eden_space_size limits: desired_eden_size: 217323830 old_eden_size: 199229440 eden_limit: 199229440 cur_eden: 199229440 max_eden_size: 199229440 avg_young_live: 26927860
[39.689s][debug  ][gc,ergo        ] GC(145) PSAdaptiveSizePolicy::compute_eden_space_size: costs minor_time: 0.046437 major_cost: 0.055823 mutator_cost: 0.897740 throughput_goal: 0.990000
[39.689s][debug  ][gc,ergo        ] GC(145) Live_space: 1078046720 free_space: 1374683136
[39.689s][debug  ][gc,ergo        ] GC(145) Old eden_size: 199229440 desired_eden_size: 199229440
[39.689s][debug  ][gc,ergo        ] GC(145) AdaptiveSizeStop: collection: 146 
[39.689s][info   ][gc,heap        ] GC(145) PSYoungGen: 218812K(228352K)->30720K(228864K) Eden: 188092K(194560K)->0K(195072K) From: 30720K(33792K)->30720K(33792K)
[39.689s][info   ][gc,heap        ] GC(145) ParOldGen: 1107556K(1835008K)->1291876K(1835008K)
[39.689s][info   ][gc,metaspace   ] GC(145) Metaspace: 1022K(1216K)->1022K(1216K) NonClass: 938K(1024K)->938K(1024K) Class: 83K(192K)->83K(192K)
[39.689s][info   ][gc             ] GC(145) Pause Young (Allocation Failure) 1295M->1291M(2015M) 16.305ms
[39.689s][info   ][gc,cpu         ] GC(145) User=0.09s Sys=0.00s Real=0.02s
[39.689s][debug  ][gc,heap        ] GC(145) Heap after GC invocations=146 (full 23):
[39.689s][debug  ][gc,heap        ] GC(145)  PSYoungGen      total 228864K, used 30720K [0x00000000f0000000, 0x0000000100000000, 0x0000000100000000)
[39.689s][debug  ][gc,heap        ] GC(145)   eden space 195072K, 0% used [0x00000000f0000000,0x00000000f0000000,0x00000000fbe80000)
[39.689s][debug  ][gc,heap        ] GC(145)   from space 33792K, 90% used [0x00000000fdf00000,0x00000000ffd00030,0x0000000100000000)
[39.689s][debug  ][gc,heap        ] GC(145)   to   space 33280K, 0% used [0x00000000fbe80000,0x00000000fbe80000,0x00000000fdf00000)
[39.689s][debug  ][gc,heap        ] GC(145)  ParOldGen       total 1835008K, used 1291876K [0x0000000080000000, 0x00000000f0000000, 0x00000000f0000000)
[39.689s][debug  ][gc,heap        ] GC(145)   object space 1835008K, 70% used [0x0000000080000000,0x00000000ced992f8,0x00000000f0000000)
[39.689s][debug  ][gc,heap        ] GC(145)  Metaspace       used 1022K, committed 1216K, reserved 1056768K
[39.689s][debug  ][gc,heap        ] GC(145)   class space    used 83K, committed 192K, reserved 1048576K
[39.689s][debug  ][gc,task,time   ] GC(145) VM-Thread 396724373 396870433 396894799
[39.973s][debug  ][gc,heap        ] GC(146) Heap before GC invocations=147 (full 23):
[39.973s][debug  ][gc,heap        ] GC(146)  PSYoungGen      total 228864K, used 218836K [0x00000000f0000000, 0x0000000100000000, 0x0000000100000000)
[39.973s][debug  ][gc,heap        ] GC(146)   eden space 195072K, 96% used [0x00000000f0000000,0x00000000fb7b52c0,0x00000000fbe80000)
[39.973s][debug  ][gc,heap        ] GC(146)   from space 33792K, 90% used [0x00000000fdf00000,0x00000000ffd00030,0x0000000100000000)
[39.973s][debug  ][gc,heap        ] GC(146)   to   space 33280K, 0% used [0x00000000fbe80000,0x00000000fbe80000,0x00000000fdf00000)
[39.973s][debug  ][gc,heap        ] GC(146)  ParOldGen       total 1835008K, used 1291876K [0x0000000080000000, 0x00000000f0000000, 0x00000000f0000000)
[39.973s][debug  ][gc,heap        ] GC(146)   object space 1835008K, 70% used [0x0000000080000000,0x00000000ced992f8,0x00000000f0000000)
[39.973s][debug  ][gc,heap        ] GC(146)  Metaspace       used 1022K, committed 1216K, reserved 1056768K
[39.973s][debug  ][gc,heap        ] GC(146)   class space    used 83K, committed 192K, reserved 1048576K
[39.973s][debug  ][gc,tlab        ] GC(146) TLAB totals: thrds: 1  refills: 1 max: 1 slow allocs: 17 max 17 waste: 27.0% gc: 3887520B max: 3887520B slow: 0B max: 0B
[39.973s][info   ][gc,start       ] GC(146) Pause Young (Allocation Failure)
[39.973s][debug  ][gc,phases,start] GC(146) Scavenge
[39.988s][debug  ][gc,phases      ] GC(146) Scavenge 14.097ms
[39.988s][debug  ][gc,phases,start] GC(146) Reference Processing
[39.988s][debug  ][gc,ref         ] GC(146) Skipped phase 1 of Reference Processing: no references
[39.988s][debug  ][gc,ref         ] GC(146) Skipped phase 2 of Reference Processing: no references
[39.988s][debug  ][gc,ref         ] GC(146) Skipped phase 3 of Reference Processing: no references
[39.988s][debug  ][gc,ref         ] GC(146) Skipped phase 4 of Reference Processing: no references
[39.988s][debug  ][gc,phases,ref  ] GC(146) Reference Processing: 0.1ms
[39.988s][debug  ][gc,phases,ref  ] GC(146)   Reconsider SoftReferences: 0.0ms
[39.988s][debug  ][gc,phases,ref  ] GC(146)     SoftRef (ms):                  skipped
[39.988s][debug  ][gc,phases,ref  ] GC(146)   Notify Soft/WeakReferences: 0.0ms
[39.988s][debug  ][gc,phases,ref  ] GC(146)     SoftRef (ms):                  skipped
[39.988s][debug  ][gc,phases,ref  ] GC(146)     WeakRef (ms):                  skipped
[39.988s][debug  ][gc,phases,ref  ] GC(146)     FinalRef (ms):                 skipped
[39.988s][debug  ][gc,phases,ref  ] GC(146)     Total (ms):                    skipped
[39.988s][debug  ][gc,phases,ref  ] GC(146)   Notify and keep alive finalizable: 0.0ms
[39.988s][debug  ][gc,phases,ref  ] GC(146)     FinalRef (ms):                 skipped
[39.988s][debug  ][gc,phases,ref  ] GC(146)   Notify PhantomReferences: 0.0ms
[39.988s][debug  ][gc,phases,ref  ] GC(146)     PhantomRef (ms):               skipped
[39.988s][debug  ][gc,phases,ref  ] GC(146)   SoftReference:
[39.988s][debug  ][gc,phases,ref  ] GC(146)     Discovered: 0
[39.988s][debug  ][gc,phases,ref  ] GC(146)     Cleared: 0
[39.988s][debug  ][gc,phases,ref  ] GC(146)   WeakReference:
[39.988s][debug  ][gc,phases,ref  ] GC(146)     Discovered: 0
[39.988s][debug  ][gc,phases,ref  ] GC(146)     Cleared: 0
[39.988s][debug  ][gc,phases,ref  ] GC(146)   FinalReference:
[39.988s][debug  ][gc,phases,ref  ] GC(146)     Discovered: 0
[39.988s][debug  ][gc,phases,ref  ] GC(146)     Cleared: 0
[39.988s][debug  ][gc,phases,ref  ] GC(146)   PhantomReference:
[39.988s][debug  ][gc,phases,ref  ] GC(146)     Discovered: 0
[39.988s][debug  ][gc,phases,ref  ] GC(146)     Cleared: 0
[39.988s][debug  ][gc,phases      ] GC(146) Reference Processing 0.606ms
[39.988s][debug  ][gc,phases,start] GC(146) Weak Processing
[39.988s][debug  ][gc,phases      ] GC(146)   VM Weak                        Min:  0.0, Avg:  0.0, Max:  0.0, Diff:  0.0, Sum:  0.0, Workers: 6
[39.988s][debug  ][gc,phases      ] GC(146)     Dead                           Min: 0, Avg:  0.0, Max: 0, Diff: 0, Sum: 0, Workers: 6
[39.988s][debug  ][gc,phases      ] GC(146)     Total                          Min: 0, Avg:  1.3, Max: 8, Diff: 8, Sum: 8, Workers: 6
[39.988s][debug  ][gc,phases      ] GC(146)   ObjectSynchronizer Weak        Min:  0.0, Avg:  0.0, Max:  0.0, Diff:  0.0, Sum:  0.0, Workers: 6
[39.988s][debug  ][gc,phases      ] GC(146)     Dead                           Min: 0, Avg:  0.0, Max: 0, Diff: 0, Sum: 0, Workers: 6
[39.988s][debug  ][gc,phases      ] GC(146)     Total                          Min: 0, Avg:  0.5, Max: 3, Diff: 3, Sum: 3, Workers: 6
[39.988s][debug  ][gc,phases      ] GC(146)   JVMTI Tag Weak OopStorage      Min:  0.0, Avg:  0.0, Max:  0.0, Diff:  0.0, Sum:  0.0, Workers: 6
[39.988s][debug  ][gc,phases      ] GC(146)     Dead                           Min: 0, Avg:  0.0, Max: 0, Diff: 0, Sum: 0, Workers: 6
[39.989s][debug  ][gc,phases      ] GC(146)     Total                          Min: 0, Avg:  0.0, Max: 0, Diff: 0, Sum: 0, Workers: 6
[39.989s][debug  ][gc,phases      ] GC(146)   StringTable Weak               Min:  0.0, Avg:  0.0, Max:  0.0, Diff:  0.0, Sum:  0.0, Workers: 6
[39.989s][debug  ][gc,phases      ] GC(146)     Dead                           Min: 0, Avg:  0.0, Max: 0, Diff: 0, Sum: 0, Workers: 6
[39.989s][debug  ][gc,phases      ] GC(146)     Total                          Min: 704, Avg: 891.8, Max: 1152, Diff: 448, Sum: 5351, Workers: 6
[39.989s][debug  ][gc,phases      ] GC(146)   ResolvedMethodTable Weak       Min:  0.0, Avg:  0.0, Max:  0.0, Diff:  0.0, Sum:  0.0, Workers: 6
[39.989s][debug  ][gc,phases      ] GC(146)     Dead                           Min: 0, Avg:  0.0, Max: 0, Diff: 0, Sum: 0, Workers: 6
[39.989s][debug  ][gc,phases      ] GC(146)     Total                          Min: 0, Avg: 21.7, Max: 64, Diff: 64, Sum: 130, Workers: 6
[39.989s][debug  ][gc,phases      ] GC(146)   JNI Weak                       Min:  0.0, Avg:  0.0, Max:  0.0, Diff:  0.0, Sum:  0.0, Workers: 6
[39.989s][debug  ][gc,phases      ] GC(146)     Dead                           Min: 0, Avg:  0.0, Max: 0, Diff: 0, Sum: 0, Workers: 6
[39.989s][debug  ][gc,phases      ] GC(146)     Total                          Min: 0, Avg:  0.0, Max: 0, Diff: 0, Sum: 0, Workers: 6
[39.989s][debug  ][gc,phases      ] GC(146)   StringDedup Table Weak         Min:  0.0, Avg:  0.0, Max:  0.0, Diff:  0.0, Sum:  0.0, Workers: 6
[39.989s][debug  ][gc,phases      ] GC(146)     Dead                           Min: 0, Avg:  0.0, Max: 0, Diff: 0, Sum: 0, Workers: 6
[39.989s][debug  ][gc,phases      ] GC(146)     Total                          Min: 0, Avg:  0.0, Max: 0, Diff: 0, Sum: 0, Workers: 6
[39.989s][debug  ][gc,phases      ] GC(146)   StringDedup Requests0 Weak     Min:  0.0, Avg:  0.0, Max:  0.0, Diff:  0.0, Sum:  0.0, Workers: 6
[39.989s][debug  ][gc,phases      ] GC(146)     Dead                           Min: 0, Avg:  0.0, Max: 0, Diff: 0, Sum: 0, Workers: 6
[39.989s][debug  ][gc,phases      ] GC(146)     Total                          Min: 0, Avg:  0.0, Max: 0, Diff: 0, Sum: 0, Workers: 6
[39.989s][debug  ][gc,phases      ] GC(146)   StringDedup Requests1 Weak     Min:  0.0, Avg:  0.0, Max:  0.0, Diff:  0.0, Sum:  0.0, Workers: 6
[39.989s][debug  ][gc,phases      ] GC(146)     Dead                           Min: 0, Avg:  0.0, Max: 0, Diff: 0, Sum: 0, Workers: 6
[39.989s][debug  ][gc,phases      ] GC(146)     Total                          Min: 0, Avg:  0.0, Max: 0, Diff: 0, Sum: 0, Workers: 6
[39.989s][debug  ][gc,phases      ] GC(146)   Weak JFR Old Object Samples    Min:  0.0, Avg:  0.0, Max:  0.0, Diff:  0.0, Sum:  0.0, Workers: 6
[39.989s][debug  ][gc,phases      ] GC(146)     Dead                           Min: 0, Avg:  0.0, Max: 0, Diff: 0, Sum: 0, Workers: 6
[39.989s][debug  ][gc,phases      ] GC(146)     Total                          Min: 0, Avg:  0.0, Max: 0, Diff: 0, Sum: 0, Workers: 6
[39.989s][debug  ][gc,phases      ] GC(146) Weak Processing 0.717ms
[39.989s][debug  ][gc,ergo        ] GC(146) AdaptiveSizeStart:  collection: 147 
[39.989s][debug  ][gc,ergo        ] GC(146) avg_survived_padded_avg: 33863364.000000
[39.989s][debug  ][gc,ergo        ] GC(146) avg_promoted_padded_avg: 259978848.000000  avg_pretenured_padded_avg: 0.000000  tenuring_thresh: 15  target_size: 34078720
[39.989s][debug  ][gc,age         ] GC(146) Desired survivor size 34078720 bytes, new threshold 15 (max threshold 15)
[39.989s][debug  ][gc,ergo        ] GC(146) PSAdaptiveSizePolicy::compute_eden_space_size limits: desired_eden_size: 218369868 old_eden_size: 199229440 eden_limit: 199753728 cur_eden: 199753728 max_eden_size: 199753728 avg_young_live: 27380806
[39.989s][debug  ][gc,ergo        ] GC(146) PSAdaptiveSizePolicy::compute_eden_space_size: costs minor_time: 0.047771 major_cost: 0.055823 mutator_cost: 0.896407 throughput_goal: 0.990000
[39.989s][debug  ][gc,ergo        ] GC(146) Live_space: 1078499584 free_space: 1374683136
[39.989s][debug  ][gc,ergo        ] GC(146) Old eden_size: 199229440 desired_eden_size: 199753728
[39.989s][debug  ][gc,ergo        ] GC(146) AdaptiveSizeStop: collection: 147 
[39.989s][info   ][gc,heap        ] GC(146) PSYoungGen: 218836K(228864K)->30720K(228352K) Eden: 188116K(195072K)->0K(195072K) From: 30720K(33792K)->30720K(33280K)
[39.989s][info   ][gc,heap        ] GC(146) ParOldGen: 1291876K(1835008K)->1476197K(1835008K)
[39.989s][info   ][gc,metaspace   ] GC(146) Metaspace: 1022K(1216K)->1022K(1216K) NonClass: 938K(1024K)->938K(1024K) Class: 83K(192K)->83K(192K)
[39.989s][info   ][gc             ] GC(146) Pause Young (Allocation Failure) 1475M->1471M(2015M) 15.935ms
[39.989s][info   ][gc,cpu         ] GC(146) User=0.08s Sys=0.02s Real=0.02s
[39.989s][debug  ][gc,heap        ] GC(146) Heap after GC invocations=147 (full 23):
[39.989s][debug  ][gc,heap        ] GC(146)  PSYoungGen      total 228352K, used 30720K [0x00000000f0000000, 0x0000000100000000, 0x0000000100000000)
[39.990s][debug  ][gc,heap        ] GC(146)   eden space 195072K, 0% used [0x00000000f0000000,0x00000000f0000000,0x00000000fbe80000)
[39.990s][debug  ][gc,heap        ] GC(146)   from space 33280K, 92% used [0x00000000fbe80000,0x00000000fdc80030,0x00000000fdf00000)
[39.990s][debug  ][gc,heap        ] GC(146)   to   space 33280K, 0% used [0x00000000fdf80000,0x00000000fdf80000,0x0000000100000000)
[39.990s][debug  ][gc,heap        ] GC(146)  ParOldGen       total 1835008K, used 1476197K [0x0000000080000000, 0x00000000f0000000, 0x00000000f0000000)
[39.990s][debug  ][gc,heap        ] GC(146)   object space 1835008K, 80% used [0x0000000080000000,0x00000000da199418,0x00000000f0000000)
[39.990s][debug  ][gc,heap        ] GC(146)  Metaspace       used 1022K, committed 1216K, reserved 1056768K
[39.990s][debug  ][gc,heap        ] GC(146)   class space    used 83K, committed 192K, reserved 1048576K
[39.990s][debug  ][gc,task,time   ] GC(146) VM-Thread 399731096 399876517 399896876
[40.274s][debug  ][gc,heap        ] GC(147) Heap before GC invocations=148 (full 23):
[40.274s][debug  ][gc,heap        ] GC(147)  PSYoungGen      total 228352K, used 218845K [0x00000000f0000000, 0x0000000100000000, 0x0000000100000000)
[40.274s][debug  ][gc,heap        ] GC(147)   eden space 195072K, 96% used [0x00000000f0000000,0x00000000fb7b7790,0x00000000fbe80000)
[40.274s][debug  ][gc,heap        ] GC(147)   from space 33280K, 92% used [0x00000000fbe80000,0x00000000fdc80030,0x00000000fdf00000)
[40.274s][debug  ][gc,heap        ] GC(147)   to   space 33280K, 0% used [0x00000000fdf80000,0x00000000fdf80000,0x0000000100000000)
[40.274s][debug  ][gc,heap        ] GC(147)  ParOldGen       total 1835008K, used 1476197K [0x0000000080000000, 0x00000000f0000000, 0x00000000f0000000)
[40.274s][debug  ][gc,heap        ] GC(147)   object space 1835008K, 80% used [0x0000000080000000,0x00000000da199418,0x00000000f0000000)
[40.274s][debug  ][gc,heap        ] GC(147)  Metaspace       used 1022K, committed 1216K, reserved 1056768K
[40.274s][debug  ][gc,heap        ] GC(147)   class space    used 83K, committed 192K, reserved 1048576K
[40.274s][debug  ][gc,tlab        ] GC(147) TLAB totals: thrds: 1  refills: 1 max: 1 slow allocs: 17 max 17 waste: 27.1% gc: 3896944B max: 3896944B slow: 0B max: 0B
[40.274s][info   ][gc,start       ] GC(147) Pause Young (Allocation Failure)
[40.274s][debug  ][gc,phases,start] GC(147) Scavenge
[40.289s][debug  ][gc,phases      ] GC(147) Scavenge 14.893ms
[40.289s][debug  ][gc,phases,start] GC(147) Reference Processing
[40.289s][debug  ][gc,ref         ] GC(147) Skipped phase 1 of Reference Processing: no references
[40.289s][debug  ][gc,ref         ] GC(147) Skipped phase 2 of Reference Processing: no references
[40.289s][debug  ][gc,ref         ] GC(147) Skipped phase 3 of Reference Processing: no references
[40.289s][debug  ][gc,ref         ] GC(147) Skipped phase 4 of Reference Processing: no references
[40.289s][debug  ][gc,phases,ref  ] GC(147) Reference Processing: 0.1ms
[40.289s][debug  ][gc,phases,ref  ] GC(147)   Reconsider SoftReferences: 0.0ms
[40.289s][debug  ][gc,phases,ref  ] GC(147)     SoftRef (ms):                  skipped
[40.289s][debug  ][gc,phases,ref  ] GC(147)   Notify Soft/WeakReferences: 0.0ms
[40.289s][debug  ][gc,phases,ref  ] GC(147)     SoftRef (ms):                  skipped
[40.289s][debug  ][gc,phases,ref  ] GC(147)     WeakRef (ms):                  skipped
[40.289s][debug  ][gc,phases,ref  ] GC(147)     FinalRef (ms):                 skipped
[40.289s][debug  ][gc,phases,ref  ] GC(147)     Total (ms):                    skipped
[40.289s][debug  ][gc,phases,ref  ] GC(147)   Notify and keep alive finalizable: 0.0ms
[40.289s][debug  ][gc,phases,ref  ] GC(147)     FinalRef (ms):                 skipped
[40.289s][debug  ][gc,phases,ref  ] GC(147)   Notify PhantomReferences: 0.0ms
[40.289s][debug  ][gc,phases,ref  ] GC(147)     PhantomRef (ms):               skipped
[40.289s][debug  ][gc,phases,ref  ] GC(147)   SoftReference:
[40.289s][debug  ][gc,phases,ref  ] GC(147)     Discovered: 0
[40.289s][debug  ][gc,phases,ref  ] GC(147)     Cleared: 0
[40.289s][debug  ][gc,phases,ref  ] GC(147)   WeakReference:
[40.289s][debug  ][gc,phases,ref  ] GC(147)     Discovered: 0
[40.289s][debug  ][gc,phases,ref  ] GC(147)     Cleared: 0
[40.289s][debug  ][gc,phases,ref  ] GC(147)   FinalReference:
[40.289s][debug  ][gc,phases,ref  ] GC(147)     Discovered: 0
[40.289s][debug  ][gc,phases,ref  ] GC(147)     Cleared: 0
[40.290s][debug  ][gc,phases,ref  ] GC(147)   PhantomReference:
[40.290s][debug  ][gc,phases,ref  ] GC(147)     Discovered: 0
[40.290s][debug  ][gc,phases,ref  ] GC(147)     Cleared: 0
[40.290s][debug  ][gc,phases      ] GC(147) Reference Processing 0.574ms
[40.290s][debug  ][gc,phases,start] GC(147) Weak Processing
[40.290s][debug  ][gc,phases      ] GC(147)   VM Weak                        Min:  0.0, Avg:  0.0, Max:  0.0, Diff:  0.0, Sum:  0.0, Workers: 6
[40.290s][debug  ][gc,phases      ] GC(147)     Dead                           Min: 0, Avg:  0.0, Max: 0, Diff: 0, Sum: 0, Workers: 6
[40.290s][debug  ][gc,phases      ] GC(147)     Total                          Min: 0, Avg:  1.3, Max: 8, Diff: 8, Sum: 8, Workers: 6
[40.290s][debug  ][gc,phases      ] GC(147)   ObjectSynchronizer Weak        Min:  0.0, Avg:  0.0, Max:  0.0, Diff:  0.0, Sum:  0.0, Workers: 6
[40.290s][debug  ][gc,phases      ] GC(147)     Dead                           Min: 0, Avg:  0.0, Max: 0, Diff: 0, Sum: 0, Workers: 6
[40.290s][debug  ][gc,phases      ] GC(147)     Total                          Min: 0, Avg:  0.5, Max: 3, Diff: 3, Sum: 3, Workers: 6
[40.290s][debug  ][gc,phases      ] GC(147)   JVMTI Tag Weak OopStorage      Min:  0.0, Avg:  0.0, Max:  0.0, Diff:  0.0, Sum:  0.0, Workers: 6
[40.290s][debug  ][gc,phases      ] GC(147)     Dead                           Min: 0, Avg:  0.0, Max: 0, Diff: 0, Sum: 0, Workers: 6
[40.290s][debug  ][gc,phases      ] GC(147)     Total                          Min: 0, Avg:  0.0, Max: 0, Diff: 0, Sum: 0, Workers: 6
[40.290s][debug  ][gc,phases      ] GC(147)   StringTable Weak               Min:  0.0, Avg:  0.0, Max:  0.0, Diff:  0.0, Sum:  0.0, Workers: 6
[40.290s][debug  ][gc,phases      ] GC(147)     Dead                           Min: 0, Avg:  0.0, Max: 0, Diff: 0, Sum: 0, Workers: 6
[40.290s][debug  ][gc,phases      ] GC(147)     Total                          Min: 0, Avg: 891.8, Max: 1216, Diff: 1216, Sum: 5351, Workers: 6
[40.290s][debug  ][gc,phases      ] GC(147)   ResolvedMethodTable Weak       Min:  0.0, Avg:  0.0, Max:  0.0, Diff:  0.0, Sum:  0.0, Workers: 6
[40.290s][debug  ][gc,phases      ] GC(147)     Dead                           Min: 0, Avg:  0.0, Max: 0, Diff: 0, Sum: 0, Workers: 6
[40.290s][debug  ][gc,phases      ] GC(147)     Total                          Min: 0, Avg: 21.7, Max: 64, Diff: 64, Sum: 130, Workers: 6
[40.290s][debug  ][gc,phases      ] GC(147)   JNI Weak                       Min:  0.0, Avg:  0.0, Max:  0.0, Diff:  0.0, Sum:  0.0, Workers: 6
[40.290s][debug  ][gc,phases      ] GC(147)     Dead                           Min: 0, Avg:  0.0, Max: 0, Diff: 0, Sum: 0, Workers: 6
[40.290s][debug  ][gc,phases      ] GC(147)     Total                          Min: 0, Avg:  0.0, Max: 0, Diff: 0, Sum: 0, Workers: 6
[40.290s][debug  ][gc,phases      ] GC(147)   StringDedup Table Weak         Min:  0.0, Avg:  0.0, Max:  0.0, Diff:  0.0, Sum:  0.0, Workers: 6
[40.290s][debug  ][gc,phases      ] GC(147)     Dead                           Min: 0, Avg:  0.0, Max: 0, Diff: 0, Sum: 0, Workers: 6
[40.290s][debug  ][gc,phases      ] GC(147)     Total                          Min: 0, Avg:  0.0, Max: 0, Diff: 0, Sum: 0, Workers: 6
[40.290s][debug  ][gc,phases      ] GC(147)   StringDedup Requests0 Weak     Min:  0.0, Avg:  0.0, Max:  0.0, Diff:  0.0, Sum:  0.0, Workers: 6
[40.290s][debug  ][gc,phases      ] GC(147)     Dead                           Min: 0, Avg:  0.0, Max: 0, Diff: 0, Sum: 0, Workers: 6
[40.290s][debug  ][gc,phases      ] GC(147)     Total                          Min: 0, Avg:  0.0, Max: 0, Diff: 0, Sum: 0, Workers: 6
[40.290s][debug  ][gc,phases      ] GC(147)   StringDedup Requests1 Weak     Min:  0.0, Avg:  0.0, Max:  0.0, Diff:  0.0, Sum:  0.0, Workers: 6
[40.290s][debug  ][gc,phases      ] GC(147)     Dead                           Min: 0, Avg:  0.0, Max: 0, Diff: 0, Sum: 0, Workers: 6
[40.290s][debug  ][gc,phases      ] GC(147)     Total                          Min: 0, Avg:  0.0, Max: 0, Diff: 0, Sum: 0, Workers: 6
[40.290s][debug  ][gc,phases      ] GC(147)   Weak JFR Old Object Samples    Min:  0.0, Avg:  0.0, Max:  0.0, Diff:  0.0, Sum:  0.0, Workers: 6
[40.290s][debug  ][gc,phases      ] GC(147)     Dead                           Min: 0, Avg:  0.0, Max: 0, Diff: 0, Sum: 0, Workers: 6
[40.290s][debug  ][gc,phases      ] GC(147)     Total                          Min: 0, Avg:  0.0, Max: 0, Diff: 0, Sum: 0, Workers: 6
[40.290s][debug  ][gc,phases      ] GC(147) Weak Processing 0.886ms
[40.290s][debug  ][gc,ergo        ] GC(147) AdaptiveSizeStart:  collection: 148 
[40.291s][debug  ][gc,ergo        ] GC(147) avg_survived_padded_avg: 33702720.000000
[40.291s][debug  ][gc,ergo        ] GC(147) avg_promoted_padded_avg: 259209024.000000  avg_pretenured_padded_avg: 0.000000  tenuring_thresh: 15  target_size: 34078720
[40.291s][debug  ][gc,age         ] GC(147) Desired survivor size 34078720 bytes, new threshold 15 (max threshold 15)
[40.291s][debug  ][gc,ergo        ] GC(147) PSAdaptiveSizePolicy::compute_eden_space_size limits: desired_eden_size: 218724050 old_eden_size: 199753728 eden_limit: 200278016 cur_eden: 199753728 max_eden_size: 200278016 avg_young_live: 27788458
[40.291s][debug  ][gc,ergo        ] GC(147) PSAdaptiveSizePolicy::compute_eden_space_size: costs minor_time: 0.049485 major_cost: 0.055823 mutator_cost: 0.894692 throughput_goal: 0.990000
[40.291s][debug  ][gc,ergo        ] GC(147) Live_space: 1078907264 free_space: 1375207424
[40.291s][debug  ][gc,ergo        ] GC(147) Old eden_size: 199753728 desired_eden_size: 200278016
[40.291s][debug  ][gc,ergo        ] GC(147) AdaptiveSizeStop: collection: 148 
[40.291s][info   ][gc,heap        ] GC(147) PSYoungGen: 218845K(228352K)->30720K(228864K) Eden: 188125K(195072K)->0K(195584K) From: 30720K(33280K)->30720K(33280K)
[40.291s][info   ][gc,heap        ] GC(147) ParOldGen: 1476197K(1835008K)->1660517K(1835008K)
[40.291s][info   ][gc,metaspace   ] GC(147) Metaspace: 1022K(1216K)->1022K(1216K) NonClass: 938K(1024K)->938K(1024K) Class: 83K(192K)->83K(192K)
[40.291s][info   ][gc             ] GC(147) Pause Young (Allocation Failure) 1655M->1651M(2015M) 16.850ms
[40.291s][info   ][gc,cpu         ] GC(147) User=0.09s Sys=0.00s Real=0.02s
[40.291s][debug  ][gc,heap        ] GC(147) Heap after GC invocations=148 (full 23):
[40.291s][debug  ][gc,heap        ] GC(147)  PSYoungGen      total 228864K, used 30720K [0x00000000f0000000, 0x0000000100000000, 0x0000000100000000)
[40.291s][debug  ][gc,heap        ] GC(147)   eden space 195584K, 0% used [0x00000000f0000000,0x00000000f0000000,0x00000000fbf00000)
[40.291s][debug  ][gc,heap        ] GC(147)   from space 33280K, 92% used [0x00000000fdf80000,0x00000000ffd80030,0x0000000100000000)
[40.291s][debug  ][gc,heap        ] GC(147)   to   space 33280K, 0% used [0x00000000fbf00000,0x00000000fbf00000,0x00000000fdf80000)
[40.291s][debug  ][gc,heap        ] GC(147)  ParOldGen       total 1835008K, used 1660517K [0x0000000080000000, 0x00000000f0000000, 0x00000000f0000000)
[40.291s][debug  ][gc,heap        ] GC(147)   object space 1835008K, 90% used [0x0000000080000000,0x00000000e5599538,0x00000000f0000000)
[40.291s][debug  ][gc,heap        ] GC(147)  Metaspace       used 1022K, committed 1216K, reserved 1056768K
[40.291s][debug  ][gc,heap        ] GC(147)   class space    used 83K, committed 192K, reserved 1048576K
[40.291s][debug  ][gc,task,time   ] GC(147) VM-Thread 402736575 402889904 402911123
[40.291s][debug  ][gc,phases,start] GC(148) Pre Compact
[40.291s][debug  ][gc,heap        ] GC(148) Heap before GC invocations=149 (full 24):
[40.291s][debug  ][gc,heap        ] GC(148)  PSYoungGen      total 228864K, used 30720K [0x00000000f0000000, 0x0000000100000000, 0x0000000100000000)
[40.291s][debug  ][gc,heap        ] GC(148)   eden space 195584K, 0% used [0x00000000f0000000,0x00000000f0000000,0x00000000fbf00000)
[40.291s][debug  ][gc,heap        ] GC(148)   from space 33280K, 92% used [0x00000000fdf80000,0x00000000ffd80030,0x0000000100000000)
[40.291s][debug  ][gc,heap        ] GC(148)   to   space 33280K, 0% used [0x00000000fbf00000,0x00000000fbf00000,0x00000000fdf80000)
[40.291s][debug  ][gc,heap        ] GC(148)  ParOldGen       total 1835008K, used 1660517K [0x0000000080000000, 0x00000000f0000000, 0x00000000f0000000)
[40.291s][debug  ][gc,heap        ] GC(148)   object space 1835008K, 90% used [0x0000000080000000,0x00000000e5599538,0x00000000f0000000)
[40.291s][debug  ][gc,heap        ] GC(148)  Metaspace       used 1022K, committed 1216K, reserved 1056768K
[40.291s][debug  ][gc,heap        ] GC(148)   class space    used 83K, committed 192K, reserved 1048576K
[40.291s][debug  ][gc,phases      ] GC(148) Pre Compact 0.205ms
[40.291s][info   ][gc,start       ] GC(148) Pause Full (Ergonomics)
[40.291s][info   ][gc,phases,start] GC(148) Marking Phase
[40.291s][debug  ][gc,phases,start] GC(148) Par Mark
[40.292s][debug  ][gc,phases      ] GC(148) Par Mark 0.519ms
[40.292s][debug  ][gc,phases,start] GC(148) Reference Processing
[40.292s][debug  ][gc,ref         ] GC(148) Skipped phase 1 of Reference Processing: no references
[40.292s][debug  ][gc,ref         ] GC(148) ReferenceProcessor::execute queues: 1, RefProcThreadModel::Single, marks_oops_alive: false
[40.292s][debug  ][gc,ref         ] GC(148) Skipped phase 3 of Reference Processing: no references
[40.292s][debug  ][gc,ref         ] GC(148) ReferenceProcessor::execute queues: 1, RefProcThreadModel::Single, marks_oops_alive: false
[40.292s][debug  ][gc,phases,ref  ] GC(148) Reference Processing: 0.1ms
[40.292s][debug  ][gc,phases,ref  ] GC(148)   Reconsider SoftReferences: 0.0ms
[40.292s][debug  ][gc,phases,ref  ] GC(148)     SoftRef (ms):                  skipped
[40.292s][debug  ][gc,phases,ref  ] GC(148)   Notify Soft/WeakReferences: 0.0ms
[40.292s][debug  ][gc,phases,ref  ] GC(148)     SoftRef (ms):                  Min:  0.0, Avg:  0.0, Max:  0.0, Diff:  0.0, Sum:  0.0, Workers: 6
[40.292s][debug  ][gc,phases,ref  ] GC(148)     WeakRef (ms):                  Min:  0.0, Avg:  0.0, Max:  0.0, Diff:  0.0, Sum:  0.0, Workers: 6
[40.292s][debug  ][gc,phases,ref  ] GC(148)     FinalRef (ms):                 Min:  0.0, Avg:  0.0, Max:  0.0, Diff:  0.0, Sum:  0.0, Workers: 6
[40.292s][debug  ][gc,phases,ref  ] GC(148)     Total (ms):                    Min:  0.0, Avg:  0.0, Max:  0.0, Diff:  0.0, Sum:  0.0, Workers: 6
[40.292s][debug  ][gc,phases,ref  ] GC(148)   Notify and keep alive finalizable: 0.0ms
[40.292s][debug  ][gc,phases,ref  ] GC(148)     FinalRef (ms):                 skipped
[40.292s][debug  ][gc,phases,ref  ] GC(148)   Notify PhantomReferences: 0.0ms
[40.292s][debug  ][gc,phases,ref  ] GC(148)     PhantomRef (ms):               Min:  0.0, Avg:  0.0, Max:  0.0, Diff:  0.0, Sum:  0.0, Workers: 6
[40.292s][debug  ][gc,phases,ref  ] GC(148)   SoftReference:
[40.292s][debug  ][gc,phases,ref  ] GC(148)     Discovered: 0
[40.292s][debug  ][gc,phases,ref  ] GC(148)     Cleared: 0
[40.292s][debug  ][gc,phases,ref  ] GC(148)   WeakReference:
[40.292s][debug  ][gc,phases,ref  ] GC(148)     Discovered: 108
[40.292s][debug  ][gc,phases,ref  ] GC(148)     Cleared: 108
[40.292s][debug  ][gc,phases,ref  ] GC(148)   FinalReference:
[40.292s][debug  ][gc,phases,ref  ] GC(148)     Discovered: 0
[40.292s][debug  ][gc,phases,ref  ] GC(148)     Cleared: 0
[40.293s][debug  ][gc,phases,ref  ] GC(148)   PhantomReference:
[40.293s][debug  ][gc,phases,ref  ] GC(148)     Discovered: 3
[40.293s][debug  ][gc,phases,ref  ] GC(148)     Cleared: 3
[40.293s][debug  ][gc,phases      ] GC(148) Reference Processing 0.585ms
[40.293s][debug  ][gc,phases,start] GC(148) Weak Processing
[40.293s][debug  ][gc,phases      ] GC(148)   VM Weak                        Min:  0.0, Avg:  0.0, Max:  0.0, Diff:  0.0, Sum:  0.0, Workers: 6
[40.293s][debug  ][gc,phases      ] GC(148)     Dead                           Min: 0, Avg:  0.0, Max: 0, Diff: 0, Sum: 0, Workers: 6
[40.293s][debug  ][gc,phases      ] GC(148)     Total                          Min: 0, Avg:  1.3, Max: 8, Diff: 8, Sum: 8, Workers: 6
[40.293s][debug  ][gc,phases      ] GC(148)   ObjectSynchronizer Weak        Min:  0.0, Avg:  0.0, Max:  0.0, Diff:  0.0, Sum:  0.0, Workers: 6
[40.293s][debug  ][gc,phases      ] GC(148)     Dead                           Min: 0, Avg:  0.0, Max: 0, Diff: 0, Sum: 0, Workers: 6
[40.293s][debug  ][gc,phases      ] GC(148)     Total                          Min: 0, Avg:  0.5, Max: 3, Diff: 3, Sum: 3, Workers: 6
[40.293s][debug  ][gc,phases      ] GC(148)   JVMTI Tag Weak OopStorage      Min:  0.0, Avg:  0.0, Max:  0.0, Diff:  0.0, Sum:  0.0, Workers: 6
[40.293s][debug  ][gc,phases      ] GC(148)     Dead                           Min: 0, Avg:  0.0, Max: 0, Diff: 0, Sum: 0, Workers: 6
[40.293s][debug  ][gc,phases      ] GC(148)     Total                          Min: 0, Avg:  0.0, Max: 0, Diff: 0, Sum: 0, Workers: 6
[40.293s][debug  ][gc,phases      ] GC(148)   StringTable Weak               Min:  0.0, Avg:  0.0, Max:  0.0, Diff:  0.0, Sum:  0.0, Workers: 6
[40.293s][debug  ][gc,phases      ] GC(148)     Dead                           Min: 0, Avg:  0.0, Max: 0, Diff: 0, Sum: 0, Workers: 6
[40.293s][debug  ][gc,phases      ] GC(148)     Total                          Min: 768, Avg: 891.8, Max: 1152, Diff: 384, Sum: 5351, Workers: 6
[40.293s][debug  ][gc,phases      ] GC(148)   ResolvedMethodTable Weak       Min:  0.0, Avg:  0.0, Max:  0.0, Diff:  0.0, Sum:  0.0, Workers: 6
[40.293s][debug  ][gc,phases      ] GC(148)     Dead                           Min: 0, Avg:  0.0, Max: 0, Diff: 0, Sum: 0, Workers: 6
[40.293s][debug  ][gc,phases      ] GC(148)     Total                          Min: 0, Avg: 21.7, Max: 64, Diff: 64, Sum: 130, Workers: 6
[40.293s][debug  ][gc,phases      ] GC(148)   JNI Weak                       Min:  0.0, Avg:  0.0, Max:  0.0, Diff:  0.0, Sum:  0.0, Workers: 6
[40.293s][debug  ][gc,phases      ] GC(148)     Dead                           Min: 0, Avg:  0.0, Max: 0, Diff: 0, Sum: 0, Workers: 6
[40.293s][debug  ][gc,phases      ] GC(148)     Total                          Min: 0, Avg:  0.0, Max: 0, Diff: 0, Sum: 0, Workers: 6
[40.293s][debug  ][gc,phases      ] GC(148)   StringDedup Table Weak         Min:  0.0, Avg:  0.0, Max:  0.0, Diff:  0.0, Sum:  0.0, Workers: 6
[40.293s][debug  ][gc,phases      ] GC(148)     Dead                           Min: 0, Avg:  0.0, Max: 0, Diff: 0, Sum: 0, Workers: 6
[40.293s][debug  ][gc,phases      ] GC(148)     Total                          Min: 0, Avg:  0.0, Max: 0, Diff: 0, Sum: 0, Workers: 6
[40.293s][debug  ][gc,phases      ] GC(148)   StringDedup Requests0 Weak     Min:  0.0, Avg:  0.0, Max:  0.0, Diff:  0.0, Sum:  0.0, Workers: 6
[40.293s][debug  ][gc,phases      ] GC(148)     Dead                           Min: 0, Avg:  0.0, Max: 0, Diff: 0, Sum: 0, Workers: 6
[40.293s][debug  ][gc,phases      ] GC(148)     Total                          Min: 0, Avg:  0.0, Max: 0, Diff: 0, Sum: 0, Workers: 6
[40.293s][debug  ][gc,phases      ] GC(148)   StringDedup Requests1 Weak     Min:  0.0, Avg:  0.0, Max:  0.0, Diff:  0.0, Sum:  0.0, Workers: 6
[40.293s][debug  ][gc,phases      ] GC(148)     Dead                           Min: 0, Avg:  0.0, Max: 0, Diff: 0, Sum: 0, Workers: 6
[40.293s][debug  ][gc,phases      ] GC(148)     Total                          Min: 0, Avg:  0.0, Max: 0, Diff: 0, Sum: 0, Workers: 6
[40.293s][debug  ][gc,phases      ] GC(148)   Weak JFR Old Object Samples    Min:  0.0, Avg:  0.0, Max:  0.0, Diff:  0.0, Sum:  0.0, Workers: 6
[40.293s][debug  ][gc,phases      ] GC(148)     Dead                           Min: 0, Avg:  0.0, Max: 0, Diff: 0, Sum: 0, Workers: 6
[40.293s][debug  ][gc,phases      ] GC(148)     Total                          Min: 0, Avg:  0.0, Max: 0, Diff: 0, Sum: 0, Workers: 6
[40.293s][debug  ][gc,phases      ] GC(148) Weak Processing 0.744ms
[40.293s][debug  ][gc,phases,start] GC(148) Class Unloading
[40.293s][debug  ][gc,phases,start] GC(148) ClassLoaderData
[40.293s][debug  ][gc,phases      ] GC(148) ClassLoaderData 0.024ms
[40.293s][debug  ][gc,phases,start] GC(148) Trigger cleanups
[40.293s][debug  ][gc,phases      ] GC(148) Trigger cleanups 0.023ms
[40.294s][debug  ][gc,phases      ] GC(148) Class Unloading 0.307ms
[40.294s][info   ][gc,phases      ] GC(148) Marking Phase 2.286ms
[40.294s][info   ][gc,phases,start] GC(148) Summary Phase
[40.294s][info   ][gc,phases      ] GC(148) Summary Phase 0.056ms
[40.294s][info   ][gc,phases,start] GC(148) Adjust Roots
[40.294s][info   ][gc,phases      ] GC(148) Adjust Roots 0.151ms
[40.294s][info   ][gc,phases,start] GC(148) Compaction Phase
[40.381s][info   ][gc,phases      ] GC(148) Compaction Phase 87.093ms
[40.381s][info   ][gc,phases,start] GC(148) Post Compact
[40.387s][info   ][gc,phases      ] GC(148) Post Compact 5.872ms
[40.387s][debug  ][gc,ergo        ] GC(148) AdaptiveSizeStart: collection: 149 
[40.387s][debug  ][gc,ergo        ] GC(148) PSAdaptiveSizePolicy::compute_eden_space_size limits: desired_eden_size: 219500225 old_eden_size: 200278016 eden_limit: 200278016 cur_eden: 200278016 max_eden_size: 200278016 avg_young_live: 25009612
[40.387s][debug  ][gc,ergo        ] GC(148) PSAdaptiveSizePolicy::compute_eden_space_size: costs minor_time: 0.049485 major_cost: 0.054443 mutator_cost: 0.896072 throughput_goal: 0.990000
[40.387s][debug  ][gc,ergo        ] GC(148) Live_space: 1076128512 free_space: 1375731712
[40.387s][debug  ][gc,ergo        ] GC(148) Old eden_size: 200278016 desired_eden_size: 200278016
[40.387s][debug  ][gc,ergo        ] GC(148) PSAdaptiveSizePolicy::compute_old_gen_free_space limits: desired_promo_size: 1298771061 promo_limit: 1175453696 free_in_old_gen: 1091628032 max_old_gen_size: 1879048192 avg_old_live: 787420160
[40.387s][debug  ][gc,ergo        ] GC(148) PSAdaptiveSizePolicy::compute_old_gen_free_space: costs minor_time: 0.049485 major_cost: 0.054443  mutator_cost: 0.896072 throughput_goal: 0.990000
[40.387s][debug  ][gc,ergo        ] GC(148) Live_space: 1080865280 free_space: 1375731712
[40.387s][debug  ][gc,ergo        ] GC(148) Old promo_size: 1175453696 desired_promo_size: 1175453696
[40.387s][debug  ][gc,ergo        ] GC(148) AdaptiveSizeStop: collection: 149 
[40.387s][info   ][gc,heap        ] GC(148) PSYoungGen: 30720K(228864K)->0K(228864K) Eden: 0K(195584K)->0K(195584K) From: 30720K(33280K)->0K(33280K)
[40.387s][info   ][gc,heap        ] GC(148) ParOldGen: 1660517K(1835008K)->810596K(1835008K)
[40.387s][info   ][gc,metaspace   ] GC(148) Metaspace: 1022K(1216K)->1022K(1216K) NonClass: 938K(1024K)->938K(1024K) Class: 83K(192K)->83K(192K)
[40.388s][info   ][gc             ] GC(148) Pause Full (Ergonomics) 1651M->791M(2015M) 96.142ms
[40.388s][info   ][gc,cpu         ] GC(148) User=0.55s Sys=0.02s Real=0.10s
[40.388s][debug  ][gc,heap        ] GC(148) Heap after GC invocations=149 (full 24):
[40.388s][debug  ][gc,heap        ] GC(148)  PSYoungGen      total 228864K, used 0K [0x00000000f0000000, 0x0000000100000000, 0x0000000100000000)
[40.388s][debug  ][gc,heap        ] GC(148)   eden space 195584K, 0% used [0x00000000f0000000,0x00000000f0000000,0x00000000fbf00000)
[40.388s][debug  ][gc,heap        ] GC(148)   from space 33280K, 0% used [0x00000000fbf00000,0x00000000fbf00000,0x00000000fdf80000)
[40.388s][debug  ][gc,heap        ] GC(148)   to   space 33280K, 0% used [0x00000000fdf80000,0x00000000fdf80000,0x0000000100000000)
[40.388s][debug  ][gc,heap        ] GC(148)  ParOldGen       total 1835008K, used 810596K [0x0000000080000000, 0x00000000f0000000, 0x00000000f0000000)
[40.388s][debug  ][gc,heap        ] GC(148)   object space 1835008K, 44% used [0x0000000080000000,0x00000000b1799008,0x00000000f0000000)
[40.388s][debug  ][gc,heap        ] GC(148)  Metaspace       used 1022K, committed 1216K, reserved 1056768K
[40.388s][debug  ][gc,heap        ] GC(148)   class space    used 83K, committed 192K, reserved 1048576K
[40.388s][debug  ][gc,task,time   ] GC(148) VM-Thread 402914015 402940122 403875736
[40.685s][debug  ][gc,heap        ] GC(149) Heap before GC invocations=150 (full 24):
[40.685s][debug  ][gc,heap        ] GC(149)  PSYoungGen      total 228864K, used 188141K [0x00000000f0000000, 0x0000000100000000, 0x0000000100000000)
[40.685s][debug  ][gc,heap        ] GC(149)   eden space 195584K, 96% used [0x00000000f0000000,0x00000000fb7bb740,0x00000000fbf00000)
[40.685s][debug  ][gc,heap        ] GC(149)   from space 33280K, 0% used [0x00000000fbf00000,0x00000000fbf00000,0x00000000fdf80000)
[40.685s][debug  ][gc,heap        ] GC(149)   to   space 33280K, 0% used [0x00000000fdf80000,0x00000000fdf80000,0x0000000100000000)
[40.685s][debug  ][gc,heap        ] GC(149)  ParOldGen       total 1835008K, used 810596K [0x0000000080000000, 0x00000000f0000000, 0x00000000f0000000)
[40.685s][debug  ][gc,heap        ] GC(149)   object space 1835008K, 44% used [0x0000000080000000,0x00000000b1799008,0x00000000f0000000)
[40.685s][debug  ][gc,heap        ] GC(149)  Metaspace       used 1022K, committed 1216K, reserved 1056768K
[40.685s][debug  ][gc,heap        ] GC(149)   class space    used 83K, committed 192K, reserved 1048576K
[40.685s][debug  ][gc,tlab        ] GC(149) TLAB totals: thrds: 1  refills: 1 max: 1 slow allocs: 17 max 17 waste: 27.2% gc: 3913248B max: 3913248B slow: 0B max: 0B
[40.685s][info   ][gc,start       ] GC(149) Pause Young (Allocation Failure)
[40.685s][debug  ][gc,phases,start] GC(149) Scavenge
[40.697s][debug  ][gc,phases      ] GC(149) Scavenge 12.142ms
[40.697s][debug  ][gc,phases,start] GC(149) Reference Processing
[40.697s][debug  ][gc,ref         ] GC(149) Skipped phase 1 of Reference Processing: no references
[40.697s][debug  ][gc,ref         ] GC(149) Skipped phase 2 of Reference Processing: no references
[40.697s][debug  ][gc,ref         ] GC(149) Skipped phase 3 of Reference Processing: no references
[40.697s][debug  ][gc,ref         ] GC(149) Skipped phase 4 of Reference Processing: no references
[40.698s][debug  ][gc,phases,ref  ] GC(149) Reference Processing: 0.1ms
[40.698s][debug  ][gc,phases,ref  ] GC(149)   Reconsider SoftReferences: 0.0ms
[40.698s][debug  ][gc,phases,ref  ] GC(149)     SoftRef (ms):                  skipped
[40.698s][debug  ][gc,phases,ref  ] GC(149)   Notify Soft/WeakReferences: 0.0ms
[40.698s][debug  ][gc,phases,ref  ] GC(149)     SoftRef (ms):                  skipped
[40.698s][debug  ][gc,phases,ref  ] GC(149)     WeakRef (ms):                  skipped
[40.698s][debug  ][gc,phases,ref  ] GC(149)     FinalRef (ms):                 skipped
[40.698s][debug  ][gc,phases,ref  ] GC(149)     Total (ms):                    skipped
[40.698s][debug  ][gc,phases,ref  ] GC(149)   Notify and keep alive finalizable: 0.0ms
[40.698s][debug  ][gc,phases,ref  ] GC(149)     FinalRef (ms):                 skipped
[40.698s][debug  ][gc,phases,ref  ] GC(149)   Notify PhantomReferences: 0.0ms
[40.698s][debug  ][gc,phases,ref  ] GC(149)     PhantomRef (ms):               skipped
[40.698s][debug  ][gc,phases,ref  ] GC(149)   SoftReference:
[40.698s][debug  ][gc,phases,ref  ] GC(149)     Discovered: 0
[40.698s][debug  ][gc,phases,ref  ] GC(149)     Cleared: 0
[40.698s][debug  ][gc,phases,ref  ] GC(149)   WeakReference:
[40.698s][debug  ][gc,phases,ref  ] GC(149)     Discovered: 0
[40.698s][debug  ][gc,phases,ref  ] GC(149)     Cleared: 0
[40.698s][debug  ][gc,phases,ref  ] GC(149)   FinalReference:
[40.698s][debug  ][gc,phases,ref  ] GC(149)     Discovered: 0
[40.698s][debug  ][gc,phases,ref  ] GC(149)     Cleared: 0
[40.698s][debug  ][gc,phases,ref  ] GC(149)   PhantomReference:
[40.698s][debug  ][gc,phases,ref  ] GC(149)     Discovered: 0
[40.698s][debug  ][gc,phases,ref  ] GC(149)     Cleared: 0
[40.698s][debug  ][gc,phases      ] GC(149) Reference Processing 0.692ms
[40.698s][debug  ][gc,phases,start] GC(149) Weak Processing
[40.698s][debug  ][gc,phases      ] GC(149)   VM Weak                        Min:  0.0, Avg:  0.0, Max:  0.0, Diff:  0.0, Sum:  0.0, Workers: 6
[40.698s][debug  ][gc,phases      ] GC(149)     Dead                           Min: 0, Avg:  0.0, Max: 0, Diff: 0, Sum: 0, Workers: 6
[40.698s][debug  ][gc,phases      ] GC(149)     Total                          Min: 0, Avg:  1.3, Max: 8, Diff: 8, Sum: 8, Workers: 6
[40.698s][debug  ][gc,phases      ] GC(149)   ObjectSynchronizer Weak        Min:  0.0, Avg:  0.0, Max:  0.0, Diff:  0.0, Sum:  0.0, Workers: 6
[40.698s][debug  ][gc,phases      ] GC(149)     Dead                           Min: 0, Avg:  0.0, Max: 0, Diff: 0, Sum: 0, Workers: 6
[40.698s][debug  ][gc,phases      ] GC(149)     Total                          Min: 0, Avg:  0.5, Max: 3, Diff: 3, Sum: 3, Workers: 6
[40.698s][debug  ][gc,phases      ] GC(149)   JVMTI Tag Weak OopStorage      Min:  0.0, Avg:  0.0, Max:  0.0, Diff:  0.0, Sum:  0.0, Workers: 6
[40.698s][debug  ][gc,phases      ] GC(149)     Dead                           Min: 0, Avg:  0.0, Max: 0, Diff: 0, Sum: 0, Workers: 6
[40.698s][debug  ][gc,phases      ] GC(149)     Total                          Min: 0, Avg:  0.0, Max: 0, Diff: 0, Sum: 0, Workers: 6
[40.698s][debug  ][gc,phases      ] GC(149)   StringTable Weak               Min:  0.0, Avg:  0.0, Max:  0.0, Diff:  0.0, Sum:  0.0, Workers: 6
[40.698s][debug  ][gc,phases      ] GC(149)     Dead                           Min: 0, Avg:  0.0, Max: 0, Diff: 0, Sum: 0, Workers: 6
[40.698s][debug  ][gc,phases      ] GC(149)     Total                          Min: 744, Avg: 891.8, Max: 1088, Diff: 344, Sum: 5351, Workers: 6
[40.698s][debug  ][gc,phases      ] GC(149)   ResolvedMethodTable Weak       Min:  0.0, Avg:  0.0, Max:  0.0, Diff:  0.0, Sum:  0.0, Workers: 6
[40.698s][debug  ][gc,phases      ] GC(149)     Dead                           Min: 0, Avg:  0.0, Max: 0, Diff: 0, Sum: 0, Workers: 6
[40.698s][debug  ][gc,phases      ] GC(149)     Total                          Min: 0, Avg: 21.7, Max: 64, Diff: 64, Sum: 130, Workers: 6
[40.699s][debug  ][gc,phases      ] GC(149)   JNI Weak                       Min:  0.0, Avg:  0.0, Max:  0.0, Diff:  0.0, Sum:  0.0, Workers: 6
[40.699s][debug  ][gc,phases      ] GC(149)     Dead                           Min: 0, Avg:  0.0, Max: 0, Diff: 0, Sum: 0, Workers: 6
[40.699s][debug  ][gc,phases      ] GC(149)     Total                          Min: 0, Avg:  0.0, Max: 0, Diff: 0, Sum: 0, Workers: 6
[40.699s][debug  ][gc,phases      ] GC(149)   StringDedup Table Weak         Min:  0.0, Avg:  0.0, Max:  0.0, Diff:  0.0, Sum:  0.0, Workers: 6
[40.699s][debug  ][gc,phases      ] GC(149)     Dead                           Min: 0, Avg:  0.0, Max: 0, Diff: 0, Sum: 0, Workers: 6
[40.699s][debug  ][gc,phases      ] GC(149)     Total                          Min: 0, Avg:  0.0, Max: 0, Diff: 0, Sum: 0, Workers: 6
[40.699s][debug  ][gc,phases      ] GC(149)   StringDedup Requests0 Weak     Min:  0.0, Avg:  0.0, Max:  0.0, Diff:  0.0, Sum:  0.0, Workers: 6
[40.699s][debug  ][gc,phases      ] GC(149)     Dead                           Min: 0, Avg:  0.0, Max: 0, Diff: 0, Sum: 0, Workers: 6
[40.699s][debug  ][gc,phases      ] GC(149)     Total                          Min: 0, Avg:  0.0, Max: 0, Diff: 0, Sum: 0, Workers: 6
[40.699s][debug  ][gc,phases      ] GC(149)   StringDedup Requests1 Weak     Min:  0.0, Avg:  0.0, Max:  0.0, Diff:  0.0, Sum:  0.0, Workers: 6
[40.699s][debug  ][gc,phases      ] GC(149)     Dead                           Min: 0, Avg:  0.0, Max: 0, Diff: 0, Sum: 0, Workers: 6
[40.699s][debug  ][gc,phases      ] GC(149)     Total                          Min: 0, Avg:  0.0, Max: 0, Diff: 0, Sum: 0, Workers: 6
[40.699s][debug  ][gc,phases      ] GC(149)   Weak JFR Old Object Samples    Min:  0.0, Avg:  0.0, Max:  0.0, Diff:  0.0, Sum:  0.0, Workers: 6
[40.699s][debug  ][gc,phases      ] GC(149)     Dead                           Min: 0, Avg:  0.0, Max: 0, Diff: 0, Sum: 0, Workers: 6
[40.699s][debug  ][gc,phases      ] GC(149)     Total                          Min: 0, Avg:  0.0, Max: 0, Diff: 0, Sum: 0, Workers: 6
[40.699s][debug  ][gc,phases      ] GC(149) Weak Processing 0.794ms
[40.699s][debug  ][gc,ergo        ] GC(149) AdaptiveSizeStart:  collection: 150 
[40.699s][debug  ][gc,ergo        ] GC(149) avg_survived_padded_avg: 33550140.000000
[40.699s][debug  ][gc,ergo        ] GC(149) avg_promoted_padded_avg: 251791952.000000  avg_pretenured_padded_avg: 0.000000  tenuring_thresh: 15  target_size: 33554432
[40.699s][debug  ][gc,age         ] GC(149) Desired survivor size 33554432 bytes, new threshold 15 (max threshold 15)
[40.699s][debug  ][gc,ergo        ] GC(149) PSAdaptiveSizePolicy::compute_eden_space_size limits: desired_eden_size: 218665009 old_eden_size: 200278016 eden_limit: 200278016 cur_eden: 200278016 max_eden_size: 200278016 avg_young_live: 25654384
[40.699s][debug  ][gc,ergo        ] GC(149) PSAdaptiveSizePolicy::compute_eden_space_size: costs minor_time: 0.045537 major_cost: 0.054443 mutator_cost: 0.900021 throughput_goal: 0.990000
[40.699s][debug  ][gc,ergo        ] GC(149) Live_space: 1081510016 free_space: 1375731712
[40.699s][debug  ][gc,ergo        ] GC(149) Old eden_size: 200278016 desired_eden_size: 200278016
[40.699s][debug  ][gc,ergo        ] GC(149) AdaptiveSizeStop: collection: 150 
[40.699s][info   ][gc,heap        ] GC(149) PSYoungGen: 188141K(228864K)->30720K(229376K) Eden: 188141K(195584K)->0K(196096K) From: 0K(33280K)->30720K(33280K)
[40.699s][info   ][gc,heap        ] GC(149) ParOldGen: 810596K(1835008K)->964196K(1835008K)
[40.699s][info   ][gc,metaspace   ] GC(149) Metaspace: 1022K(1216K)->1022K(1216K) NonClass: 938K(1024K)->938K(1024K) Class: 83K(192K)->83K(192K)
[40.699s][info   ][gc             ] GC(149) Pause Young (Allocation Failure) 975M->971M(2016M) 14.186ms
[40.699s][info   ][gc,cpu         ] GC(149) User=0.09s Sys=0.00s Real=0.01s
[40.699s][debug  ][gc,heap        ] GC(149) Heap after GC invocations=150 (full 24):
[40.699s][debug  ][gc,heap        ] GC(149)  PSYoungGen      total 229376K, used 30720K [0x00000000f0000000, 0x0000000100000000, 0x0000000100000000)
[40.699s][debug  ][gc,heap        ] GC(149)   eden space 196096K, 0% used [0x00000000f0000000,0x00000000f0000000,0x00000000fbf80000)
[40.699s][debug  ][gc,heap        ] GC(149)   from space 33280K, 92% used [0x00000000fdf80000,0x00000000ffd80030,0x0000000100000000)
[40.699s][debug  ][gc,heap        ] GC(149)   to   space 32768K, 0% used [0x00000000fbf80000,0x00000000fbf80000,0x00000000fdf80000)
[40.699s][debug  ][gc,heap        ] GC(149)  ParOldGen       total 1835008K, used 964196K [0x0000000080000000, 0x00000000f0000000, 0x00000000f0000000)
[40.700s][debug  ][gc,heap        ] GC(149)   object space 1835008K, 52% used [0x0000000080000000,0x00000000bad990f8,0x00000000f0000000)
[40.700s][debug  ][gc,heap        ] GC(149)  Metaspace       used 1022K, committed 1216K, reserved 1056768K
[40.700s][debug  ][gc,heap        ] GC(149)   class space    used 83K, committed 192K, reserved 1048576K
[40.700s][debug  ][gc,task,time   ] GC(149) VM-Thread 406846118 406973771 406995914
[40.985s][debug  ][gc,heap        ] GC(150) Heap before GC invocations=151 (full 24):
[40.985s][debug  ][gc,heap        ] GC(150)  PSYoungGen      total 229376K, used 218800K [0x00000000f0000000, 0x0000000100000000, 0x0000000100000000)
[40.985s][debug  ][gc,heap        ] GC(150)   eden space 196096K, 95% used [0x00000000f0000000,0x00000000fb7ac370,0x00000000fbf80000)
[40.985s][debug  ][gc,heap        ] GC(150)   from space 33280K, 92% used [0x00000000fdf80000,0x00000000ffd80030,0x0000000100000000)
[40.985s][debug  ][gc,heap        ] GC(150)   to   space 32768K, 0% used [0x00000000fbf80000,0x00000000fbf80000,0x00000000fdf80000)
[40.985s][debug  ][gc,heap        ] GC(150)  ParOldGen       total 1835008K, used 964196K [0x0000000080000000, 0x00000000f0000000, 0x00000000f0000000)
[40.985s][debug  ][gc,heap        ] GC(150)   object space 1835008K, 52% used [0x0000000080000000,0x00000000bad990f8,0x00000000f0000000)
[40.985s][debug  ][gc,heap        ] GC(150)  Metaspace       used 1022K, committed 1216K, reserved 1056768K
[40.985s][debug  ][gc,heap        ] GC(150)   class space    used 83K, committed 192K, reserved 1048576K
[40.985s][debug  ][gc,tlab        ] GC(150) TLAB totals: thrds: 1  refills: 1 max: 1 slow allocs: 17 max 17 waste: 26.9% gc: 3849768B max: 3849768B slow: 0B max: 0B
[40.985s][info   ][gc,start       ] GC(150) Pause Young (Allocation Failure)
[40.985s][debug  ][gc,phases,start] GC(150) Scavenge
[40.995s][debug  ][gc,phases      ] GC(150) Scavenge 10.118ms
[40.996s][debug  ][gc,phases,start] GC(150) Reference Processing
[40.996s][debug  ][gc,ref         ] GC(150) Skipped phase 1 of Reference Processing: no references
[40.996s][debug  ][gc,ref         ] GC(150) Skipped phase 2 of Reference Processing: no references
[40.996s][debug  ][gc,ref         ] GC(150) Skipped phase 3 of Reference Processing: no references
[40.996s][debug  ][gc,ref         ] GC(150) Skipped phase 4 of Reference Processing: no references
[40.996s][debug  ][gc,phases,ref  ] GC(150) Reference Processing: 0.1ms
[40.996s][debug  ][gc,phases,ref  ] GC(150)   Reconsider SoftReferences: 0.0ms
[40.996s][debug  ][gc,phases,ref  ] GC(150)     SoftRef (ms):                  skipped
[40.996s][debug  ][gc,phases,ref  ] GC(150)   Notify Soft/WeakReferences: 0.0ms
[40.996s][debug  ][gc,phases,ref  ] GC(150)     SoftRef (ms):                  skipped
[40.996s][debug  ][gc,phases,ref  ] GC(150)     WeakRef (ms):                  skipped
[40.996s][debug  ][gc,phases,ref  ] GC(150)     FinalRef (ms):                 skipped
[40.996s][debug  ][gc,phases,ref  ] GC(150)     Total (ms):                    skipped
[40.996s][debug  ][gc,phases,ref  ] GC(150)   Notify and keep alive finalizable: 0.0ms
[40.996s][debug  ][gc,phases,ref  ] GC(150)     FinalRef (ms):                 skipped
[40.996s][debug  ][gc,phases,ref  ] GC(150)   Notify PhantomReferences: 0.0ms
[40.996s][debug  ][gc,phases,ref  ] GC(150)     PhantomRef (ms):               skipped
[40.996s][debug  ][gc,phases,ref  ] GC(150)   SoftReference:
[40.996s][debug  ][gc,phases,ref  ] GC(150)     Discovered: 0
[40.996s][debug  ][gc,phases,ref  ] GC(150)     Cleared: 0
[40.996s][debug  ][gc,phases,ref  ] GC(150)   WeakReference:
[40.996s][debug  ][gc,phases,ref  ] GC(150)     Discovered: 0
[40.996s][debug  ][gc,phases,ref  ] GC(150)     Cleared: 0
[40.996s][debug  ][gc,phases,ref  ] GC(150)   FinalReference:
[40.996s][debug  ][gc,phases,ref  ] GC(150)     Discovered: 0
[40.996s][debug  ][gc,phases,ref  ] GC(150)     Cleared: 0
[40.996s][debug  ][gc,phases,ref  ] GC(150)   PhantomReference:
[40.996s][debug  ][gc,phases,ref  ] GC(150)     Discovered: 0
[40.996s][debug  ][gc,phases,ref  ] GC(150)     Cleared: 0
[40.996s][debug  ][gc,phases      ] GC(150) Reference Processing 0.837ms
[40.996s][debug  ][gc,phases,start] GC(150) Weak Processing
[40.996s][debug  ][gc,phases      ] GC(150)   VM Weak                        Min:  0.0, Avg:  0.0, Max:  0.0, Diff:  0.0, Sum:  0.0, Workers: 6
[40.997s][debug  ][gc,phases      ] GC(150)     Dead                           Min: 0, Avg:  0.0, Max: 0, Diff: 0, Sum: 0, Workers: 6
[40.997s][debug  ][gc,phases      ] GC(150)     Total                          Min: 0, Avg:  1.3, Max: 8, Diff: 8, Sum: 8, Workers: 6
[40.997s][debug  ][gc,phases      ] GC(150)   ObjectSynchronizer Weak        Min:  0.0, Avg:  0.0, Max:  0.0, Diff:  0.0, Sum:  0.0, Workers: 6
[40.997s][debug  ][gc,phases      ] GC(150)     Dead                           Min: 0, Avg:  0.0, Max: 0, Diff: 0, Sum: 0, Workers: 6
[40.997s][debug  ][gc,phases      ] GC(150)     Total                          Min: 0, Avg:  0.5, Max: 3, Diff: 3, Sum: 3, Workers: 6
[40.997s][debug  ][gc,phases      ] GC(150)   JVMTI Tag Weak OopStorage      Min:  0.0, Avg:  0.0, Max:  0.0, Diff:  0.0, Sum:  0.0, Workers: 6
[40.997s][debug  ][gc,phases      ] GC(150)     Dead                           Min: 0, Avg:  0.0, Max: 0, Diff: 0, Sum: 0, Workers: 6
[40.997s][debug  ][gc,phases      ] GC(150)     Total                          Min: 0, Avg:  0.0, Max: 0, Diff: 0, Sum: 0, Workers: 6
[40.997s][debug  ][gc,phases      ] GC(150)   StringTable Weak               Min:  0.0, Avg:  0.0, Max:  0.0, Diff:  0.0, Sum:  0.0, Workers: 6
[40.997s][debug  ][gc,phases      ] GC(150)     Dead                           Min: 0, Avg:  0.0, Max: 0, Diff: 0, Sum: 0, Workers: 6
[40.997s][debug  ][gc,phases      ] GC(150)     Total                          Min: 704, Avg: 891.8, Max: 1320, Diff: 616, Sum: 5351, Workers: 6
[40.997s][debug  ][gc,phases      ] GC(150)   ResolvedMethodTable Weak       Min:  0.0, Avg:  0.0, Max:  0.0, Diff:  0.0, Sum:  0.0, Workers: 6
[40.997s][debug  ][gc,phases      ] GC(150)     Dead                           Min: 0, Avg:  0.0, Max: 0, Diff: 0, Sum: 0, Workers: 6
[40.997s][debug  ][gc,phases      ] GC(150)     Total                          Min: 0, Avg: 21.7, Max: 64, Diff: 64, Sum: 130, Workers: 6
[40.997s][debug  ][gc,phases      ] GC(150)   JNI Weak                       Min:  0.0, Avg:  0.0, Max:  0.0, Diff:  0.0, Sum:  0.0, Workers: 6
[40.997s][debug  ][gc,phases      ] GC(150)     Dead                           Min: 0, Avg:  0.0, Max: 0, Diff: 0, Sum: 0, Workers: 6
[40.997s][debug  ][gc,phases      ] GC(150)     Total                          Min: 0, Avg:  0.0, Max: 0, Diff: 0, Sum: 0, Workers: 6
[40.997s][debug  ][gc,phases      ] GC(150)   StringDedup Table Weak         Min:  0.0, Avg:  0.0, Max:  0.0, Diff:  0.0, Sum:  0.0, Workers: 6
[40.997s][debug  ][gc,phases      ] GC(150)     Dead                           Min: 0, Avg:  0.0, Max: 0, Diff: 0, Sum: 0, Workers: 6
[40.997s][debug  ][gc,phases      ] GC(150)     Total                          Min: 0, Avg:  0.0, Max: 0, Diff: 0, Sum: 0, Workers: 6
[40.997s][debug  ][gc,phases      ] GC(150)   StringDedup Requests0 Weak     Min:  0.0, Avg:  0.0, Max:  0.0, Diff:  0.0, Sum:  0.0, Workers: 6
[40.997s][debug  ][gc,phases      ] GC(150)     Dead                           Min: 0, Avg:  0.0, Max: 0, Diff: 0, Sum: 0, Workers: 6
[40.997s][debug  ][gc,phases      ] GC(150)     Total                          Min: 0, Avg:  0.0, Max: 0, Diff: 0, Sum: 0, Workers: 6
[40.997s][debug  ][gc,phases      ] GC(150)   StringDedup Requests1 Weak     Min:  0.0, Avg:  0.0, Max:  0.0, Diff:  0.0, Sum:  0.0, Workers: 6
[40.997s][debug  ][gc,phases      ] GC(150)     Dead                           Min: 0, Avg:  0.0, Max: 0, Diff: 0, Sum: 0, Workers: 6
[40.997s][debug  ][gc,phases      ] GC(150)     Total                          Min: 0, Avg:  0.0, Max: 0, Diff: 0, Sum: 0, Workers: 6
[40.997s][debug  ][gc,phases      ] GC(150)   Weak JFR Old Object Samples    Min:  0.0, Avg:  0.0, Max:  0.0, Diff:  0.0, Sum:  0.0, Workers: 6
[40.997s][debug  ][gc,phases      ] GC(150)     Dead                           Min: 0, Avg:  0.0, Max: 0, Diff: 0, Sum: 0, Workers: 6
[40.997s][debug  ][gc,phases      ] GC(150)     Total                          Min: 0, Avg:  0.0, Max: 0, Diff: 0, Sum: 0, Workers: 6
[40.997s][debug  ][gc,phases      ] GC(150) Weak Processing 0.992ms
[40.997s][debug  ][gc,ergo        ] GC(150) AdaptiveSizeStart:  collection: 151 
[40.997s][debug  ][gc,ergo        ] GC(150) avg_survived_padded_avg: 33405624.000000
[40.997s][debug  ][gc,ergo        ] GC(150) avg_promoted_padded_avg: 250186816.000000  avg_pretenured_padded_avg: 0.000000  tenuring_thresh: 15  target_size: 33554432
[40.997s][debug  ][gc,age         ] GC(150) Desired survivor size 33554432 bytes, new threshold 15 (max threshold 15)
[40.998s][debug  ][gc,ergo        ] GC(150) PSAdaptiveSizePolicy::compute_eden_space_size limits: desired_eden_size: 218908287 old_eden_size: 200278016 eden_limit: 200802304 cur_eden: 200802304 max_eden_size: 200802304 avg_young_live: 26234676
[40.998s][debug  ][gc,ergo        ] GC(150) PSAdaptiveSizePolicy::compute_eden_space_size: costs minor_time: 0.044275 major_cost: 0.054443 mutator_cost: 0.901283 throughput_goal: 0.990000
[40.998s][debug  ][gc,ergo        ] GC(150) Live_space: 1082090240 free_space: 1375731712
[40.998s][debug  ][gc,ergo        ] GC(150) Old eden_size: 200278016 desired_eden_size: 200802304
[40.998s][debug  ][gc,ergo        ] GC(150) AdaptiveSizeStop: collection: 151 
[40.998s][info   ][gc,heap        ] GC(150) PSYoungGen: 218800K(229376K)->30720K(228864K) Eden: 188080K(196096K)->0K(196096K) From: 30720K(33280K)->30720K(32768K)
[40.998s][info   ][gc,heap        ] GC(150) ParOldGen: 964196K(1835008K)->1087076K(1835008K)
[40.998s][info   ][gc,metaspace   ] GC(150) Metaspace: 1022K(1216K)->1022K(1216K) NonClass: 938K(1024K)->938K(1024K) Class: 83K(192K)->83K(192K)
[40.998s][info   ][gc             ] GC(150) Pause Young (Allocation Failure) 1155M->1091M(2015M) 12.487ms
[40.998s][info   ][gc,cpu         ] GC(150) User=0.09s Sys=0.00s Real=0.01s
[40.998s][debug  ][gc,heap        ] GC(150) Heap after GC invocations=151 (full 24):
[40.998s][debug  ][gc,heap        ] GC(150)  PSYoungGen      total 228864K, used 30720K [0x00000000f0000000, 0x0000000100000000, 0x0000000100000000)
[40.998s][debug  ][gc,heap        ] GC(150)   eden space 196096K, 0% used [0x00000000f0000000,0x00000000f0000000,0x00000000fbf80000)
[40.998s][debug  ][gc,heap        ] GC(150)   from space 32768K, 93% used [0x00000000fbf80000,0x00000000fdd80030,0x00000000fdf80000)
[40.998s][debug  ][gc,heap        ] GC(150)   to   space 32768K, 0% used [0x00000000fe000000,0x00000000fe000000,0x0000000100000000)
[40.998s][debug  ][gc,heap        ] GC(150)  ParOldGen       total 1835008K, used 1087076K [0x0000000080000000, 0x00000000f0000000, 0x00000000f0000000)
[40.998s][debug  ][gc,heap        ] GC(150)   object space 1835008K, 59% used [0x0000000080000000,0x00000000c25991b8,0x00000000f0000000)
[40.998s][debug  ][gc,heap        ] GC(150)  Metaspace       used 1022K, committed 1216K, reserved 1056768K
[40.998s][debug  ][gc,heap        ] GC(150)   class space    used 83K, committed 192K, reserved 1048576K
[40.998s][debug  ][gc,task,time   ] GC(150) VM-Thread 409848845 409955421 409980768
[41.284s][debug  ][gc,heap        ] GC(151) Heap before GC invocations=152 (full 24):
[41.284s][debug  ][gc,heap        ] GC(151)  PSYoungGen      total 228864K, used 218829K [0x00000000f0000000, 0x0000000100000000, 0x0000000100000000)
[41.284s][debug  ][gc,heap        ] GC(151)   eden space 196096K, 95% used [0x00000000f0000000,0x00000000fb7b3788,0x00000000fbf80000)
[41.284s][debug  ][gc,heap        ] GC(151)   from space 32768K, 93% used [0x00000000fbf80000,0x00000000fdd80030,0x00000000fdf80000)
[41.284s][debug  ][gc,heap        ] GC(151)   to   space 32768K, 0% used [0x00000000fe000000,0x00000000fe000000,0x0000000100000000)
[41.284s][debug  ][gc,heap        ] GC(151)  ParOldGen       total 1835008K, used 1087076K [0x0000000080000000, 0x00000000f0000000, 0x00000000f0000000)
[41.284s][debug  ][gc,heap        ] GC(151)   object space 1835008K, 59% used [0x0000000080000000,0x00000000c25991b8,0x00000000f0000000)
[41.284s][debug  ][gc,heap        ] GC(151)  Metaspace       used 1022K, committed 1216K, reserved 1056768K
[41.285s][debug  ][gc,heap        ] GC(151)   class space    used 83K, committed 192K, reserved 1048576K
[41.285s][debug  ][gc,tlab        ] GC(151) TLAB totals: thrds: 1  refills: 1 max: 1 slow allocs: 17 max 17 waste: 27.0% gc: 3880552B max: 3880552B slow: 0B max: 0B
[41.285s][info   ][gc,start       ] GC(151) Pause Young (Allocation Failure)
[41.285s][debug  ][gc,phases,start] GC(151) Scavenge
[41.298s][debug  ][gc,phases      ] GC(151) Scavenge 13.800ms
[41.299s][debug  ][gc,phases,start] GC(151) Reference Processing
[41.299s][debug  ][gc,ref         ] GC(151) Skipped phase 1 of Reference Processing: no references
[41.299s][debug  ][gc,ref         ] GC(151) Skipped phase 2 of Reference Processing: no references
[41.299s][debug  ][gc,ref         ] GC(151) Skipped phase 3 of Reference Processing: no references
[41.299s][debug  ][gc,ref         ] GC(151) Skipped phase 4 of Reference Processing: no references
[41.299s][debug  ][gc,phases,ref  ] GC(151) Reference Processing: 0.1ms
[41.299s][debug  ][gc,phases,ref  ] GC(151)   Reconsider SoftReferences: 0.0ms
[41.299s][debug  ][gc,phases,ref  ] GC(151)     SoftRef (ms):                  skipped
[41.299s][debug  ][gc,phases,ref  ] GC(151)   Notify Soft/WeakReferences: 0.0ms
[41.299s][debug  ][gc,phases,ref  ] GC(151)     SoftRef (ms):                  skipped
[41.299s][debug  ][gc,phases,ref  ] GC(151)     WeakRef (ms):                  skipped
[41.299s][debug  ][gc,phases,ref  ] GC(151)     FinalRef (ms):                 skipped
[41.299s][debug  ][gc,phases,ref  ] GC(151)     Total (ms):                    skipped
[41.299s][debug  ][gc,phases,ref  ] GC(151)   Notify and keep alive finalizable: 0.0ms
[41.299s][debug  ][gc,phases,ref  ] GC(151)     FinalRef (ms):                 skipped
[41.299s][debug  ][gc,phases,ref  ] GC(151)   Notify PhantomReferences: 0.0ms
[41.299s][debug  ][gc,phases,ref  ] GC(151)     PhantomRef (ms):               skipped
[41.299s][debug  ][gc,phases,ref  ] GC(151)   SoftReference:
[41.299s][debug  ][gc,phases,ref  ] GC(151)     Discovered: 0
[41.299s][debug  ][gc,phases,ref  ] GC(151)     Cleared: 0
[41.299s][debug  ][gc,phases,ref  ] GC(151)   WeakReference:
[41.299s][debug  ][gc,phases,ref  ] GC(151)     Discovered: 0
[41.299s][debug  ][gc,phases,ref  ] GC(151)     Cleared: 0
[41.299s][debug  ][gc,phases,ref  ] GC(151)   FinalReference:
[41.299s][debug  ][gc,phases,ref  ] GC(151)     Discovered: 0
[41.299s][debug  ][gc,phases,ref  ] GC(151)     Cleared: 0
[41.299s][debug  ][gc,phases,ref  ] GC(151)   PhantomReference:
[41.299s][debug  ][gc,phases,ref  ] GC(151)     Discovered: 0
[41.299s][debug  ][gc,phases,ref  ] GC(151)     Cleared: 0
[41.299s][debug  ][gc,phases      ] GC(151) Reference Processing 0.684ms
[41.299s][debug  ][gc,phases,start] GC(151) Weak Processing
[41.299s][debug  ][gc,phases      ] GC(151)   VM Weak                        Min:  0.0, Avg:  0.0, Max:  0.0, Diff:  0.0, Sum:  0.0, Workers: 6
[41.299s][debug  ][gc,phases      ] GC(151)     Dead                           Min: 0, Avg:  0.0, Max: 0, Diff: 0, Sum: 0, Workers: 6
[41.299s][debug  ][gc,phases      ] GC(151)     Total                          Min: 0, Avg:  1.3, Max: 8, Diff: 8, Sum: 8, Workers: 6
[41.299s][debug  ][gc,phases      ] GC(151)   ObjectSynchronizer Weak        Min:  0.0, Avg:  0.0, Max:  0.0, Diff:  0.0, Sum:  0.0, Workers: 6
[41.299s][debug  ][gc,phases      ] GC(151)     Dead                           Min: 0, Avg:  0.0, Max: 0, Diff: 0, Sum: 0, Workers: 6
[41.300s][debug  ][gc,phases      ] GC(151)     Total                          Min: 0, Avg:  0.5, Max: 3, Diff: 3, Sum: 3, Workers: 6
[41.300s][debug  ][gc,phases      ] GC(151)   JVMTI Tag Weak OopStorage      Min:  0.0, Avg:  0.0, Max:  0.0, Diff:  0.0, Sum:  0.0, Workers: 6
[41.300s][debug  ][gc,phases      ] GC(151)     Dead                           Min: 0, Avg:  0.0, Max: 0, Diff: 0, Sum: 0, Workers: 6
[41.300s][debug  ][gc,phases      ] GC(151)     Total                          Min: 0, Avg:  0.0, Max: 0, Diff: 0, Sum: 0, Workers: 6
[41.300s][debug  ][gc,phases      ] GC(151)   StringTable Weak               Min:  0.0, Avg:  0.0, Max:  0.0, Diff:  0.0, Sum:  0.0, Workers: 6
[41.300s][debug  ][gc,phases      ] GC(151)     Dead                           Min: 0, Avg:  0.0, Max: 0, Diff: 0, Sum: 0, Workers: 6
[41.300s][debug  ][gc,phases      ] GC(151)     Total                          Min: 704, Avg: 891.8, Max: 1216, Diff: 512, Sum: 5351, Workers: 6
[41.300s][debug  ][gc,phases      ] GC(151)   ResolvedMethodTable Weak       Min:  0.0, Avg:  0.0, Max:  0.0, Diff:  0.0, Sum:  0.0, Workers: 6
[41.300s][debug  ][gc,phases      ] GC(151)     Dead                           Min: 0, Avg:  0.0, Max: 0, Diff: 0, Sum: 0, Workers: 6
[41.300s][debug  ][gc,phases      ] GC(151)     Total                          Min: 0, Avg: 21.7, Max: 64, Diff: 64, Sum: 130, Workers: 6
[41.300s][debug  ][gc,phases      ] GC(151)   JNI Weak                       Min:  0.0, Avg:  0.0, Max:  0.0, Diff:  0.0, Sum:  0.0, Workers: 6
[41.300s][debug  ][gc,phases      ] GC(151)     Dead                           Min: 0, Avg:  0.0, Max: 0, Diff: 0, Sum: 0, Workers: 6
[41.300s][debug  ][gc,phases      ] GC(151)     Total                          Min: 0, Avg:  0.0, Max: 0, Diff: 0, Sum: 0, Workers: 6
[41.300s][debug  ][gc,phases      ] GC(151)   StringDedup Table Weak         Min:  0.0, Avg:  0.0, Max:  0.0, Diff:  0.0, Sum:  0.0, Workers: 6
[41.300s][debug  ][gc,phases      ] GC(151)     Dead                           Min: 0, Avg:  0.0, Max: 0, Diff: 0, Sum: 0, Workers: 6
[41.300s][debug  ][gc,phases      ] GC(151)     Total                          Min: 0, Avg:  0.0, Max: 0, Diff: 0, Sum: 0, Workers: 6
[41.300s][debug  ][gc,phases      ] GC(151)   StringDedup Requests0 Weak     Min:  0.0, Avg:  0.0, Max:  0.0, Diff:  0.0, Sum:  0.0, Workers: 6
[41.300s][debug  ][gc,phases      ] GC(151)     Dead                           Min: 0, Avg:  0.0, Max: 0, Diff: 0, Sum: 0, Workers: 6
[41.300s][debug  ][gc,phases      ] GC(151)     Total                          Min: 0, Avg:  0.0, Max: 0, Diff: 0, Sum: 0, Workers: 6
[41.300s][debug  ][gc,phases      ] GC(151)   StringDedup Requests1 Weak     Min:  0.0, Avg:  0.0, Max:  0.0, Diff:  0.0, Sum:  0.0, Workers: 6
[41.300s][debug  ][gc,phases      ] GC(151)     Dead                           Min: 0, Avg:  0.0, Max: 0, Diff: 0, Sum: 0, Workers: 6
[41.300s][debug  ][gc,phases      ] GC(151)     Total                          Min: 0, Avg:  0.0, Max: 0, Diff: 0, Sum: 0, Workers: 6
[41.300s][debug  ][gc,phases      ] GC(151)   Weak JFR Old Object Samples    Min:  0.0, Avg:  0.0, Max:  0.0, Diff:  0.0, Sum:  0.0, Workers: 6
[41.300s][debug  ][gc,phases      ] GC(151)     Dead                           Min: 0, Avg:  0.0, Max: 0, Diff: 0, Sum: 0, Workers: 6
[41.300s][debug  ][gc,phases      ] GC(151)     Total                          Min: 0, Avg:  0.0, Max: 0, Diff: 0, Sum: 0, Workers: 6
[41.300s][debug  ][gc,phases      ] GC(151) Weak Processing 0.978ms
[41.300s][debug  ][gc,ergo        ] GC(151) AdaptiveSizeStart:  collection: 152 
[41.300s][debug  ][gc,ergo        ] GC(151) avg_survived_padded_avg: 33269082.000000
[41.300s][debug  ][gc,ergo        ] GC(151) avg_promoted_padded_avg: 251137472.000000  avg_pretenured_padded_avg: 0.000000  tenuring_thresh: 15  target_size: 33554432
[41.300s][debug  ][gc,age         ] GC(151) Desired survivor size 33554432 bytes, new threshold 15 (max threshold 15)
[41.300s][debug  ][gc,ergo        ] GC(151) PSAdaptiveSizePolicy::compute_eden_space_size limits: desired_eden_size: 219308226 old_eden_size: 200802304 eden_limit: 201326592 cur_eden: 200802304 max_eden_size: 201326592 avg_young_live: 26756940
[41.300s][debug  ][gc,ergo        ] GC(151) PSAdaptiveSizePolicy::compute_eden_space_size: costs minor_time: 0.046080 major_cost: 0.054443 mutator_cost: 0.899477 throughput_goal: 0.990000
[41.300s][debug  ][gc,ergo        ] GC(151) Live_space: 1082612480 free_space: 1376256000
[41.300s][debug  ][gc,ergo        ] GC(151) Old eden_size: 200802304 desired_eden_size: 201326592
[41.300s][debug  ][gc,ergo        ] GC(151) AdaptiveSizeStop: collection: 152 
[41.301s][info   ][gc,heap        ] GC(151) PSYoungGen: 218829K(228864K)->30720K(229376K) Eden: 188109K(196096K)->0K(196608K) From: 30720K(32768K)->30720K(32768K)
[41.301s][info   ][gc,heap        ] GC(151) ParOldGen: 1087076K(1835008K)->1271396K(1835008K)
[41.301s][info   ][gc,metaspace   ] GC(151) Metaspace: 1022K(1216K)->1022K(1216K) NonClass: 938K(1024K)->938K(1024K) Class: 83K(192K)->83K(192K)
[41.301s][info   ][gc             ] GC(151) Pause Young (Allocation Failure) 1275M->1271M(2016M) 16.029ms
[41.301s][info   ][gc,cpu         ] GC(151) User=0.00s Sys=0.02s Real=0.02s
[41.301s][debug  ][gc,heap        ] GC(151) Heap after GC invocations=152 (full 24):
[41.301s][debug  ][gc,heap        ] GC(151)  PSYoungGen      total 229376K, used 30720K [0x00000000f0000000, 0x0000000100000000, 0x0000000100000000)
[41.301s][debug  ][gc,heap        ] GC(151)   eden space 196608K, 0% used [0x00000000f0000000,0x00000000f0000000,0x00000000fc000000)
[41.301s][debug  ][gc,heap        ] GC(151)   from space 32768K, 93% used [0x00000000fe000000,0x00000000ffe00030,0x0000000100000000)
[41.301s][debug  ][gc,heap        ] GC(151)   to   space 32768K, 0% used [0x00000000fc000000,0x00000000fc000000,0x00000000fe000000)
[41.301s][debug  ][gc,heap        ] GC(151)  ParOldGen       total 1835008K, used 1271396K [0x0000000080000000, 0x00000000f0000000, 0x00000000f0000000)
[41.301s][debug  ][gc,heap        ] GC(151)   object space 1835008K, 69% used [0x0000000080000000,0x00000000cd9992d8,0x00000000f0000000)
[41.301s][debug  ][gc,heap        ] GC(151)  Metaspace       used 1022K, committed 1216K, reserved 1056768K
[41.301s][debug  ][gc,heap        ] GC(151)   class space    used 83K, committed 192K, reserved 1048576K
[41.301s][debug  ][gc,task,time   ] GC(151) VM-Thread 412841354 412985462 413009252
[41.585s][debug  ][gc,heap        ] GC(152) Heap before GC invocations=153 (full 24):
[41.585s][debug  ][gc,heap        ] GC(152)  PSYoungGen      total 229376K, used 218858K [0x00000000f0000000, 0x0000000100000000, 0x0000000100000000)
[41.585s][debug  ][gc,heap        ] GC(152)   eden space 196608K, 95% used [0x00000000f0000000,0x00000000fb7ba9f8,0x00000000fc000000)
[41.585s][debug  ][gc,heap        ] GC(152)   from space 32768K, 93% used [0x00000000fe000000,0x00000000ffe00030,0x0000000100000000)
[41.585s][debug  ][gc,heap        ] GC(152)   to   space 32768K, 0% used [0x00000000fc000000,0x00000000fc000000,0x00000000fe000000)
[41.586s][debug  ][gc,heap        ] GC(152)  ParOldGen       total 1835008K, used 1271396K [0x0000000080000000, 0x00000000f0000000, 0x00000000f0000000)
[41.586s][debug  ][gc,heap        ] GC(152)   object space 1835008K, 69% used [0x0000000080000000,0x00000000cd9992d8,0x00000000f0000000)
[41.586s][debug  ][gc,heap        ] GC(152)  Metaspace       used 1022K, committed 1216K, reserved 1056768K
[41.586s][debug  ][gc,heap        ] GC(152)   class space    used 83K, committed 192K, reserved 1048576K
[41.586s][debug  ][gc,tlab        ] GC(152) TLAB totals: thrds: 1  refills: 1 max: 1 slow allocs: 17 max 17 waste: 27.2% gc: 3909848B max: 3909848B slow: 0B max: 0B
[41.586s][info   ][gc,start       ] GC(152) Pause Young (Allocation Failure)
[41.586s][debug  ][gc,phases,start] GC(152) Scavenge
[41.600s][debug  ][gc,phases      ] GC(152) Scavenge 14.249ms
[41.600s][debug  ][gc,phases,start] GC(152) Reference Processing
[41.600s][debug  ][gc,ref         ] GC(152) Skipped phase 1 of Reference Processing: no references
[41.600s][debug  ][gc,ref         ] GC(152) Skipped phase 2 of Reference Processing: no references
[41.600s][debug  ][gc,ref         ] GC(152) Skipped phase 3 of Reference Processing: no references
[41.600s][debug  ][gc,ref         ] GC(152) Skipped phase 4 of Reference Processing: no references
[41.600s][debug  ][gc,phases,ref  ] GC(152) Reference Processing: 0.1ms
[41.600s][debug  ][gc,phases,ref  ] GC(152)   Reconsider SoftReferences: 0.0ms
[41.600s][debug  ][gc,phases,ref  ] GC(152)     SoftRef (ms):                  skipped
[41.600s][debug  ][gc,phases,ref  ] GC(152)   Notify Soft/WeakReferences: 0.0ms
[41.600s][debug  ][gc,phases,ref  ] GC(152)     SoftRef (ms):                  skipped
[41.601s][debug  ][gc,phases,ref  ] GC(152)     WeakRef (ms):                  skipped
[41.601s][debug  ][gc,phases,ref  ] GC(152)     FinalRef (ms):                 skipped
[41.601s][debug  ][gc,phases,ref  ] GC(152)     Total (ms):                    skipped
[41.601s][debug  ][gc,phases,ref  ] GC(152)   Notify and keep alive finalizable: 0.0ms
[41.601s][debug  ][gc,phases,ref  ] GC(152)     FinalRef (ms):                 skipped
[41.601s][debug  ][gc,phases,ref  ] GC(152)   Notify PhantomReferences: 0.0ms
[41.601s][debug  ][gc,phases,ref  ] GC(152)     PhantomRef (ms):               skipped
[41.601s][debug  ][gc,phases,ref  ] GC(152)   SoftReference:
[41.601s][debug  ][gc,phases,ref  ] GC(152)     Discovered: 0
[41.601s][debug  ][gc,phases,ref  ] GC(152)     Cleared: 0
[41.601s][debug  ][gc,phases,ref  ] GC(152)   WeakReference:
[41.601s][debug  ][gc,phases,ref  ] GC(152)     Discovered: 0
[41.601s][debug  ][gc,phases,ref  ] GC(152)     Cleared: 0
[41.601s][debug  ][gc,phases,ref  ] GC(152)   FinalReference:
[41.601s][debug  ][gc,phases,ref  ] GC(152)     Discovered: 0
[41.601s][debug  ][gc,phases,ref  ] GC(152)     Cleared: 0
[41.601s][debug  ][gc,phases,ref  ] GC(152)   PhantomReference:
[41.601s][debug  ][gc,phases,ref  ] GC(152)     Discovered: 0
[41.601s][debug  ][gc,phases,ref  ] GC(152)     Cleared: 0
[41.601s][debug  ][gc,phases      ] GC(152) Reference Processing 0.787ms
[41.601s][debug  ][gc,phases,start] GC(152) Weak Processing
[41.601s][debug  ][gc,phases      ] GC(152)   VM Weak                        Min:  0.0, Avg:  0.0, Max:  0.0, Diff:  0.0, Sum:  0.0, Workers: 6
[41.601s][debug  ][gc,phases      ] GC(152)     Dead                           Min: 0, Avg:  0.0, Max: 0, Diff: 0, Sum: 0, Workers: 6
[41.601s][debug  ][gc,phases      ] GC(152)     Total                          Min: 0, Avg:  1.3, Max: 8, Diff: 8, Sum: 8, Workers: 6
[41.601s][debug  ][gc,phases      ] GC(152)   ObjectSynchronizer Weak        Min:  0.0, Avg:  0.0, Max:  0.0, Diff:  0.0, Sum:  0.0, Workers: 6
[41.601s][debug  ][gc,phases      ] GC(152)     Dead                           Min: 0, Avg:  0.0, Max: 0, Diff: 0, Sum: 0, Workers: 6
[41.601s][debug  ][gc,phases      ] GC(152)     Total                          Min: 0, Avg:  0.5, Max: 3, Diff: 3, Sum: 3, Workers: 6
[41.601s][debug  ][gc,phases      ] GC(152)   JVMTI Tag Weak OopStorage      Min:  0.0, Avg:  0.0, Max:  0.0, Diff:  0.0, Sum:  0.0, Workers: 6
[41.601s][debug  ][gc,phases      ] GC(152)     Dead                           Min: 0, Avg:  0.0, Max: 0, Diff: 0, Sum: 0, Workers: 6
[41.601s][debug  ][gc,phases      ] GC(152)     Total                          Min: 0, Avg:  0.0, Max: 0, Diff: 0, Sum: 0, Workers: 6
[41.601s][debug  ][gc,phases      ] GC(152)   StringTable Weak               Min:  0.0, Avg:  0.0, Max:  0.0, Diff:  0.0, Sum:  0.0, Workers: 6
[41.601s][debug  ][gc,phases      ] GC(152)     Dead                           Min: 0, Avg:  0.0, Max: 0, Diff: 0, Sum: 0, Workers: 6
[41.601s][debug  ][gc,phases      ] GC(152)     Total                          Min: 768, Avg: 891.8, Max: 1255, Diff: 487, Sum: 5351, Workers: 6
[41.601s][debug  ][gc,phases      ] GC(152)   ResolvedMethodTable Weak       Min:  0.0, Avg:  0.0, Max:  0.0, Diff:  0.0, Sum:  0.0, Workers: 6
[41.601s][debug  ][gc,phases      ] GC(152)     Dead                           Min: 0, Avg:  0.0, Max: 0, Diff: 0, Sum: 0, Workers: 6
[41.601s][debug  ][gc,phases      ] GC(152)     Total                          Min: 0, Avg: 21.7, Max: 64, Diff: 64, Sum: 130, Workers: 6
[41.601s][debug  ][gc,phases      ] GC(152)   JNI Weak                       Min:  0.0, Avg:  0.0, Max:  0.0, Diff:  0.0, Sum:  0.0, Workers: 6
[41.602s][debug  ][gc,phases      ] GC(152)     Dead                           Min: 0, Avg:  0.0, Max: 0, Diff: 0, Sum: 0, Workers: 6
[41.602s][debug  ][gc,phases      ] GC(152)     Total                          Min: 0, Avg:  0.0, Max: 0, Diff: 0, Sum: 0, Workers: 6
[41.602s][debug  ][gc,phases      ] GC(152)   StringDedup Table Weak         Min:  0.0, Avg:  0.0, Max:  0.0, Diff:  0.0, Sum:  0.0, Workers: 6
[41.602s][debug  ][gc,phases      ] GC(152)     Dead                           Min: 0, Avg:  0.0, Max: 0, Diff: 0, Sum: 0, Workers: 6
[41.602s][debug  ][gc,phases      ] GC(152)     Total                          Min: 0, Avg:  0.0, Max: 0, Diff: 0, Sum: 0, Workers: 6
[41.602s][debug  ][gc,phases      ] GC(152)   StringDedup Requests0 Weak     Min:  0.0, Avg:  0.0, Max:  0.0, Diff:  0.0, Sum:  0.0, Workers: 6
[41.602s][debug  ][gc,phases      ] GC(152)     Dead                           Min: 0, Avg:  0.0, Max: 0, Diff: 0, Sum: 0, Workers: 6
[41.602s][debug  ][gc,phases      ] GC(152)     Total                          Min: 0, Avg:  0.0, Max: 0, Diff: 0, Sum: 0, Workers: 6
[41.602s][debug  ][gc,phases      ] GC(152)   StringDedup Requests1 Weak     Min:  0.0, Avg:  0.0, Max:  0.0, Diff:  0.0, Sum:  0.0, Workers: 6
[41.602s][debug  ][gc,phases      ] GC(152)     Dead                           Min: 0, Avg:  0.0, Max: 0, Diff: 0, Sum: 0, Workers: 6
[41.602s][debug  ][gc,phases      ] GC(152)     Total                          Min: 0, Avg:  0.0, Max: 0, Diff: 0, Sum: 0, Workers: 6
[41.602s][debug  ][gc,phases      ] GC(152)   Weak JFR Old Object Samples    Min:  0.0, Avg:  0.0, Max:  0.0, Diff:  0.0, Sum:  0.0, Workers: 6
[41.602s][debug  ][gc,phases      ] GC(152)     Dead                           Min: 0, Avg:  0.0, Max: 0, Diff: 0, Sum: 0, Workers: 6
[41.602s][debug  ][gc,phases      ] GC(152)     Total                          Min: 0, Avg:  0.0, Max: 0, Diff: 0, Sum: 0, Workers: 6
[41.602s][debug  ][gc,phases      ] GC(152) Weak Processing 0.870ms
[41.602s][debug  ][gc,ergo        ] GC(152) AdaptiveSizeStart:  collection: 153 
[41.602s][debug  ][gc,ergo        ] GC(152) avg_survived_padded_avg: 33140366.000000
[41.602s][debug  ][gc,ergo        ] GC(152) avg_promoted_padded_avg: 251283552.000000  avg_pretenured_padded_avg: 0.000000  tenuring_thresh: 15  target_size: 33554432
[41.602s][debug  ][gc,age         ] GC(152) Desired survivor size 33554432 bytes, new threshold 15 (max threshold 15)
[41.602s][debug  ][gc,ergo        ] GC(152) PSAdaptiveSizePolicy::compute_eden_space_size limits: desired_eden_size: 220214303 old_eden_size: 201326592 eden_limit: 201326592 cur_eden: 201326592 max_eden_size: 201326592 avg_young_live: 27226978
[41.602s][debug  ][gc,ergo        ] GC(152) PSAdaptiveSizePolicy::compute_eden_space_size: costs minor_time: 0.047867 major_cost: 0.054443 mutator_cost: 0.897690 throughput_goal: 0.990000
[41.602s][debug  ][gc,ergo        ] GC(152) Live_space: 1083082624 free_space: 1376780288
[41.602s][debug  ][gc,ergo        ] GC(152) Old eden_size: 201326592 desired_eden_size: 201326592
[41.602s][debug  ][gc,ergo        ] GC(152) AdaptiveSizeStop: collection: 153 
[41.602s][info   ][gc,heap        ] GC(152) PSYoungGen: 218858K(229376K)->30720K(229376K) Eden: 188138K(196608K)->0K(196608K) From: 30720K(32768K)->30720K(32768K)
[41.602s][info   ][gc,heap        ] GC(152) ParOldGen: 1271396K(1835008K)->1455716K(1835008K)
[41.602s][info   ][gc,metaspace   ] GC(152) Metaspace: 1022K(1216K)->1022K(1216K) NonClass: 938K(1024K)->938K(1024K) Class: 83K(192K)->83K(192K)
[41.602s][info   ][gc             ] GC(152) Pause Young (Allocation Failure) 1455M->1451M(2016M) 16.446ms
[41.602s][info   ][gc,cpu         ] GC(152) User=0.09s Sys=0.00s Real=0.02s
[41.602s][debug  ][gc,heap        ] GC(152) Heap after GC invocations=153 (full 24):
[41.602s][debug  ][gc,heap        ] GC(152)  PSYoungGen      total 229376K, used 30720K [0x00000000f0000000, 0x0000000100000000, 0x0000000100000000)
[41.602s][debug  ][gc,heap        ] GC(152)   eden space 196608K, 0% used [0x00000000f0000000,0x00000000f0000000,0x00000000fc000000)
[41.602s][debug  ][gc,heap        ] GC(152)   from space 32768K, 93% used [0x00000000fc000000,0x00000000fde00030,0x00000000fe000000)
[41.602s][debug  ][gc,heap        ] GC(152)   to   space 32768K, 0% used [0x00000000fe000000,0x00000000fe000000,0x0000000100000000)
[41.602s][debug  ][gc,heap        ] GC(152)  ParOldGen       total 1835008K, used 1455716K [0x0000000080000000, 0x00000000f0000000, 0x00000000f0000000)
[41.602s][debug  ][gc,heap        ] GC(152)   object space 1835008K, 79% used [0x0000000080000000,0x00000000d8d993f8,0x00000000f0000000)
[41.602s][debug  ][gc,heap        ] GC(152)  Metaspace       used 1022K, committed 1216K, reserved 1056768K
[41.602s][debug  ][gc,heap        ] GC(152)   class space    used 83K, committed 192K, reserved 1048576K
[41.602s][debug  ][gc,task,time   ] GC(152) VM-Thread 415852735 416001567 416024756
[41.886s][debug  ][gc,heap        ] GC(153) Heap before GC invocations=154 (full 24):
[41.886s][debug  ][gc,heap        ] GC(153)  PSYoungGen      total 229376K, used 218870K [0x00000000f0000000, 0x0000000100000000, 0x0000000100000000)
[41.886s][debug  ][gc,heap        ] GC(153)   eden space 196608K, 95% used [0x00000000f0000000,0x00000000fb7bd9c0,0x00000000fc000000)
[41.886s][debug  ][gc,heap        ] GC(153)   from space 32768K, 93% used [0x00000000fc000000,0x00000000fde00030,0x00000000fe000000)
[41.886s][debug  ][gc,heap        ] GC(153)   to   space 32768K, 0% used [0x00000000fe000000,0x00000000fe000000,0x0000000100000000)
[41.886s][debug  ][gc,heap        ] GC(153)  ParOldGen       total 1835008K, used 1455716K [0x0000000080000000, 0x00000000f0000000, 0x00000000f0000000)
[41.886s][debug  ][gc,heap        ] GC(153)   object space 1835008K, 79% used [0x0000000080000000,0x00000000d8d993f8,0x00000000f0000000)
[41.886s][debug  ][gc,heap        ] GC(153)  Metaspace       used 1022K, committed 1216K, reserved 1056768K
[41.886s][debug  ][gc,heap        ] GC(153)   class space    used 83K, committed 192K, reserved 1048576K
[41.886s][debug  ][gc,tlab        ] GC(153) TLAB totals: thrds: 1  refills: 1 max: 1 slow allocs: 17 max 17 waste: 27.2% gc: 3922080B max: 3922080B slow: 0B max: 0B
[41.886s][info   ][gc,start       ] GC(153) Pause Young (Allocation Failure)
[41.886s][debug  ][gc,phases,start] GC(153) Scavenge
[41.900s][debug  ][gc,phases      ] GC(153) Scavenge 13.549ms
[41.900s][debug  ][gc,phases,start] GC(153) Reference Processing
[41.900s][debug  ][gc,ref         ] GC(153) Skipped phase 1 of Reference Processing: no references
[41.900s][debug  ][gc,ref         ] GC(153) Skipped phase 2 of Reference Processing: no references
[41.900s][debug  ][gc,ref         ] GC(153) Skipped phase 3 of Reference Processing: no references
[41.900s][debug  ][gc,ref         ] GC(153) Skipped phase 4 of Reference Processing: no references
[41.900s][debug  ][gc,phases,ref  ] GC(153) Reference Processing: 0.1ms
[41.900s][debug  ][gc,phases,ref  ] GC(153)   Reconsider SoftReferences: 0.0ms
[41.900s][debug  ][gc,phases,ref  ] GC(153)     SoftRef (ms):                  skipped
[41.900s][debug  ][gc,phases,ref  ] GC(153)   Notify Soft/WeakReferences: 0.0ms
[41.900s][debug  ][gc,phases,ref  ] GC(153)     SoftRef (ms):                  skipped
[41.900s][debug  ][gc,phases,ref  ] GC(153)     WeakRef (ms):                  skipped
[41.900s][debug  ][gc,phases,ref  ] GC(153)     FinalRef (ms):                 skipped
[41.900s][debug  ][gc,phases,ref  ] GC(153)     Total (ms):                    skipped
[41.900s][debug  ][gc,phases,ref  ] GC(153)   Notify and keep alive finalizable: 0.0ms
[41.900s][debug  ][gc,phases,ref  ] GC(153)     FinalRef (ms):                 skipped
[41.900s][debug  ][gc,phases,ref  ] GC(153)   Notify PhantomReferences: 0.0ms
[41.900s][debug  ][gc,phases,ref  ] GC(153)     PhantomRef (ms):               skipped
[41.900s][debug  ][gc,phases,ref  ] GC(153)   SoftReference:
[41.900s][debug  ][gc,phases,ref  ] GC(153)     Discovered: 0
[41.900s][debug  ][gc,phases,ref  ] GC(153)     Cleared: 0
[41.900s][debug  ][gc,phases,ref  ] GC(153)   WeakReference:
[41.900s][debug  ][gc,phases,ref  ] GC(153)     Discovered: 0
[41.900s][debug  ][gc,phases,ref  ] GC(153)     Cleared: 0
[41.900s][debug  ][gc,phases,ref  ] GC(153)   FinalReference:
[41.900s][debug  ][gc,phases,ref  ] GC(153)     Discovered: 0
[41.900s][debug  ][gc,phases,ref  ] GC(153)     Cleared: 0
[41.900s][debug  ][gc,phases,ref  ] GC(153)   PhantomReference:
[41.900s][debug  ][gc,phases,ref  ] GC(153)     Discovered: 0
[41.900s][debug  ][gc,phases,ref  ] GC(153)     Cleared: 0
[41.900s][debug  ][gc,phases      ] GC(153) Reference Processing 0.683ms
[41.900s][debug  ][gc,phases,start] GC(153) Weak Processing
[41.901s][debug  ][gc,phases      ] GC(153)   VM Weak                        Min:  0.0, Avg:  0.0, Max:  0.0, Diff:  0.0, Sum:  0.0, Workers: 6
[41.901s][debug  ][gc,phases      ] GC(153)     Dead                           Min: 0, Avg:  0.0, Max: 0, Diff: 0, Sum: 0, Workers: 6
[41.901s][debug  ][gc,phases      ] GC(153)     Total                          Min: 0, Avg:  1.3, Max: 8, Diff: 8, Sum: 8, Workers: 6
[41.901s][debug  ][gc,phases      ] GC(153)   ObjectSynchronizer Weak        Min:  0.0, Avg:  0.0, Max:  0.0, Diff:  0.0, Sum:  0.0, Workers: 6
[41.901s][debug  ][gc,phases      ] GC(153)     Dead                           Min: 0, Avg:  0.0, Max: 0, Diff: 0, Sum: 0, Workers: 6
[41.901s][debug  ][gc,phases      ] GC(153)     Total                          Min: 0, Avg:  0.5, Max: 3, Diff: 3, Sum: 3, Workers: 6
[41.901s][debug  ][gc,phases      ] GC(153)   JVMTI Tag Weak OopStorage      Min:  0.0, Avg:  0.0, Max:  0.0, Diff:  0.0, Sum:  0.0, Workers: 6
[41.901s][debug  ][gc,phases      ] GC(153)     Dead                           Min: 0, Avg:  0.0, Max: 0, Diff: 0, Sum: 0, Workers: 6
[41.901s][debug  ][gc,phases      ] GC(153)     Total                          Min: 0, Avg:  0.0, Max: 0, Diff: 0, Sum: 0, Workers: 6
[41.901s][debug  ][gc,phases      ] GC(153)   StringTable Weak               Min:  0.0, Avg:  0.0, Max:  0.0, Diff:  0.0, Sum:  0.0, Workers: 6
[41.901s][debug  ][gc,phases      ] GC(153)     Dead                           Min: 0, Avg:  0.0, Max: 0, Diff: 0, Sum: 0, Workers: 6
[41.901s][debug  ][gc,phases      ] GC(153)     Total                          Min: 768, Avg: 891.8, Max: 1088, Diff: 320, Sum: 5351, Workers: 6
[41.901s][debug  ][gc,phases      ] GC(153)   ResolvedMethodTable Weak       Min:  0.0, Avg:  0.0, Max:  0.0, Diff:  0.0, Sum:  0.0, Workers: 6
[41.901s][debug  ][gc,phases      ] GC(153)     Dead                           Min: 0, Avg:  0.0, Max: 0, Diff: 0, Sum: 0, Workers: 6
[41.901s][debug  ][gc,phases      ] GC(153)     Total                          Min: 0, Avg: 21.7, Max: 64, Diff: 64, Sum: 130, Workers: 6
[41.901s][debug  ][gc,phases      ] GC(153)   JNI Weak                       Min:  0.0, Avg:  0.0, Max:  0.0, Diff:  0.0, Sum:  0.0, Workers: 6
[41.901s][debug  ][gc,phases      ] GC(153)     Dead                           Min: 0, Avg:  0.0, Max: 0, Diff: 0, Sum: 0, Workers: 6
[41.901s][debug  ][gc,phases      ] GC(153)     Total                          Min: 0, Avg:  0.0, Max: 0, Diff: 0, Sum: 0, Workers: 6
[41.901s][debug  ][gc,phases      ] GC(153)   StringDedup Table Weak         Min:  0.0, Avg:  0.0, Max:  0.0, Diff:  0.0, Sum:  0.0, Workers: 6
[41.901s][debug  ][gc,phases      ] GC(153)     Dead                           Min: 0, Avg:  0.0, Max: 0, Diff: 0, Sum: 0, Workers: 6
[41.901s][debug  ][gc,phases      ] GC(153)     Total                          Min: 0, Avg:  0.0, Max: 0, Diff: 0, Sum: 0, Workers: 6
[41.901s][debug  ][gc,phases      ] GC(153)   StringDedup Requests0 Weak     Min:  0.0, Avg:  0.0, Max:  0.0, Diff:  0.0, Sum:  0.0, Workers: 6
[41.901s][debug  ][gc,phases      ] GC(153)     Dead                           Min: 0, Avg:  0.0, Max: 0, Diff: 0, Sum: 0, Workers: 6
[41.901s][debug  ][gc,phases      ] GC(153)     Total                          Min: 0, Avg:  0.0, Max: 0, Diff: 0, Sum: 0, Workers: 6
[41.901s][debug  ][gc,phases      ] GC(153)   StringDedup Requests1 Weak     Min:  0.0, Avg:  0.0, Max:  0.0, Diff:  0.0, Sum:  0.0, Workers: 6
[41.901s][debug  ][gc,phases      ] GC(153)     Dead                           Min: 0, Avg:  0.0, Max: 0, Diff: 0, Sum: 0, Workers: 6
[41.901s][debug  ][gc,phases      ] GC(153)     Total                          Min: 0, Avg:  0.0, Max: 0, Diff: 0, Sum: 0, Workers: 6
[41.901s][debug  ][gc,phases      ] GC(153)   Weak JFR Old Object Samples    Min:  0.0, Avg:  0.0, Max:  0.0, Diff:  0.0, Sum:  0.0, Workers: 6
[41.901s][debug  ][gc,phases      ] GC(153)     Dead                           Min: 0, Avg:  0.0, Max: 0, Diff: 0, Sum: 0, Workers: 6
[41.901s][debug  ][gc,phases      ] GC(153)     Total                          Min: 0, Avg:  0.0, Max: 0, Diff: 0, Sum: 0, Workers: 6
[41.901s][debug  ][gc,phases      ] GC(153) Weak Processing 0.850ms
[41.901s][debug  ][gc,ergo        ] GC(153) AdaptiveSizeStart:  collection: 154 
[41.901s][debug  ][gc,ergo        ] GC(153) avg_survived_padded_avg: 33019276.000000
[41.901s][debug  ][gc,ergo        ] GC(153) avg_promoted_padded_avg: 250776512.000000  avg_pretenured_padded_avg: 0.000000  tenuring_thresh: 15  target_size: 33030144
[41.901s][debug  ][gc,age         ] GC(153) Desired survivor size 33030144 bytes, new threshold 15 (max threshold 15)
[41.901s][debug  ][gc,ergo        ] GC(153) PSAdaptiveSizePolicy::compute_eden_space_size limits: desired_eden_size: 220367823 old_eden_size: 201326592 eden_limit: 201326592 cur_eden: 201326592 max_eden_size: 201326592 avg_young_live: 27650012
[41.901s][debug  ][gc,ergo        ] GC(153) PSAdaptiveSizePolicy::compute_eden_space_size: costs minor_time: 0.048603 major_cost: 0.054443 mutator_cost: 0.896954 throughput_goal: 0.990000
[41.901s][debug  ][gc,ergo        ] GC(153) Live_space: 1083505664 free_space: 1376780288
[41.901s][debug  ][gc,ergo        ] GC(153) Old eden_size: 201326592 desired_eden_size: 201326592
[41.902s][debug  ][gc,ergo        ] GC(153) AdaptiveSizeStop: collection: 154 
[41.902s][info   ][gc,heap        ] GC(153) PSYoungGen: 218870K(229376K)->30720K(229888K) Eden: 188150K(196608K)->0K(197120K) From: 30720K(32768K)->30720K(32768K)
[41.902s][info   ][gc,heap        ] GC(153) ParOldGen: 1455716K(1835008K)->1640037K(1835008K)
[41.902s][info   ][gc,metaspace   ] GC(153) Metaspace: 1022K(1216K)->1022K(1216K) NonClass: 938K(1024K)->938K(1024K) Class: 83K(192K)->83K(192K)
[41.902s][info   ][gc             ] GC(153) Pause Young (Allocation Failure) 1635M->1631M(2016M) 15.604ms
[41.902s][info   ][gc,cpu         ] GC(153) User=0.09s Sys=0.00s Real=0.02s
[41.902s][debug  ][gc,heap        ] GC(153) Heap after GC invocations=154 (full 24):
[41.902s][debug  ][gc,heap        ] GC(153)  PSYoungGen      total 229888K, used 30720K [0x00000000f0000000, 0x0000000100000000, 0x0000000100000000)
[41.902s][debug  ][gc,heap        ] GC(153)   eden space 197120K, 0% used [0x00000000f0000000,0x00000000f0000000,0x00000000fc080000)
[41.902s][debug  ][gc,heap        ] GC(153)   from space 32768K, 93% used [0x00000000fe000000,0x00000000ffe00030,0x0000000100000000)
[41.902s][debug  ][gc,heap        ] GC(153)   to   space 32256K, 0% used [0x00000000fc080000,0x00000000fc080000,0x00000000fe000000)
[41.902s][debug  ][gc,heap        ] GC(153)  ParOldGen       total 1835008K, used 1640037K [0x0000000080000000, 0x00000000f0000000, 0x00000000f0000000)
[41.902s][debug  ][gc,heap        ] GC(153)   object space 1835008K, 89% used [0x0000000080000000,0x00000000e4199518,0x00000000f0000000)
[41.902s][debug  ][gc,heap        ] GC(153)  Metaspace       used 1022K, committed 1216K, reserved 1056768K
[41.902s][debug  ][gc,heap        ] GC(153)   class space    used 83K, committed 192K, reserved 1048576K
[41.902s][debug  ][gc,task,time   ] GC(153) VM-Thread 418856080 418997465 419019413
[41.902s][debug  ][gc,phases,start] GC(154) Pre Compact
[41.902s][debug  ][gc,heap        ] GC(154) Heap before GC invocations=155 (full 25):
[41.902s][debug  ][gc,heap        ] GC(154)  PSYoungGen      total 229888K, used 30720K [0x00000000f0000000, 0x0000000100000000, 0x0000000100000000)
[41.902s][debug  ][gc,heap        ] GC(154)   eden space 197120K, 0% used [0x00000000f0000000,0x00000000f0000000,0x00000000fc080000)
[41.902s][debug  ][gc,heap        ] GC(154)   from space 32768K, 93% used [0x00000000fe000000,0x00000000ffe00030,0x0000000100000000)
[41.902s][debug  ][gc,heap        ] GC(154)   to   space 32256K, 0% used [0x00000000fc080000,0x00000000fc080000,0x00000000fe000000)
[41.902s][debug  ][gc,heap        ] GC(154)  ParOldGen       total 1835008K, used 1640037K [0x0000000080000000, 0x00000000f0000000, 0x00000000f0000000)
[41.902s][debug  ][gc,heap        ] GC(154)   object space 1835008K, 89% used [0x0000000080000000,0x00000000e4199518,0x00000000f0000000)
[41.902s][debug  ][gc,heap        ] GC(154)  Metaspace       used 1022K, committed 1216K, reserved 1056768K
[41.902s][debug  ][gc,heap        ] GC(154)   class space    used 83K, committed 192K, reserved 1048576K
[41.902s][debug  ][gc,phases      ] GC(154) Pre Compact 0.222ms
[41.902s][info   ][gc,start       ] GC(154) Pause Full (Ergonomics)
[41.902s][info   ][gc,phases,start] GC(154) Marking Phase
[41.902s][debug  ][gc,phases,start] GC(154) Par Mark
[41.903s][debug  ][gc,phases      ] GC(154) Par Mark 0.558ms
[41.903s][debug  ][gc,phases,start] GC(154) Reference Processing
[41.903s][debug  ][gc,ref         ] GC(154) Skipped phase 1 of Reference Processing: no references
[41.903s][debug  ][gc,ref         ] GC(154) ReferenceProcessor::execute queues: 1, RefProcThreadModel::Single, marks_oops_alive: false
[41.903s][debug  ][gc,ref         ] GC(154) Skipped phase 3 of Reference Processing: no references
[41.903s][debug  ][gc,ref         ] GC(154) ReferenceProcessor::execute queues: 1, RefProcThreadModel::Single, marks_oops_alive: false
[41.903s][debug  ][gc,phases,ref  ] GC(154) Reference Processing: 0.1ms
[41.903s][debug  ][gc,phases,ref  ] GC(154)   Reconsider SoftReferences: 0.0ms
[41.903s][debug  ][gc,phases,ref  ] GC(154)     SoftRef (ms):                  skipped
[41.903s][debug  ][gc,phases,ref  ] GC(154)   Notify Soft/WeakReferences: 0.0ms
[41.903s][debug  ][gc,phases,ref  ] GC(154)     SoftRef (ms):                  Min:  0.0, Avg:  0.0, Max:  0.0, Diff:  0.0, Sum:  0.0, Workers: 6
[41.903s][debug  ][gc,phases,ref  ] GC(154)     WeakRef (ms):                  Min:  0.0, Avg:  0.0, Max:  0.0, Diff:  0.0, Sum:  0.0, Workers: 6
[41.903s][debug  ][gc,phases,ref  ] GC(154)     FinalRef (ms):                 Min:  0.0, Avg:  0.0, Max:  0.0, Diff:  0.0, Sum:  0.0, Workers: 6
[41.903s][debug  ][gc,phases,ref  ] GC(154)     Total (ms):                    Min:  0.0, Avg:  0.0, Max:  0.0, Diff:  0.0, Sum:  0.0, Workers: 6
[41.903s][debug  ][gc,phases,ref  ] GC(154)   Notify and keep alive finalizable: 0.0ms
[41.903s][debug  ][gc,phases,ref  ] GC(154)     FinalRef (ms):                 skipped
[41.903s][debug  ][gc,phases,ref  ] GC(154)   Notify PhantomReferences: 0.0ms
[41.903s][debug  ][gc,phases,ref  ] GC(154)     PhantomRef (ms):               Min:  0.0, Avg:  0.0, Max:  0.0, Diff:  0.0, Sum:  0.0, Workers: 6
[41.903s][debug  ][gc,phases,ref  ] GC(154)   SoftReference:
[41.903s][debug  ][gc,phases,ref  ] GC(154)     Discovered: 0
[41.903s][debug  ][gc,phases,ref  ] GC(154)     Cleared: 0
[41.903s][debug  ][gc,phases,ref  ] GC(154)   WeakReference:
[41.903s][debug  ][gc,phases,ref  ] GC(154)     Discovered: 108
[41.903s][debug  ][gc,phases,ref  ] GC(154)     Cleared: 108
[41.903s][debug  ][gc,phases,ref  ] GC(154)   FinalReference:
[41.903s][debug  ][gc,phases,ref  ] GC(154)     Discovered: 0
[41.903s][debug  ][gc,phases,ref  ] GC(154)     Cleared: 0
[41.903s][debug  ][gc,phases,ref  ] GC(154)   PhantomReference:
[41.903s][debug  ][gc,phases,ref  ] GC(154)     Discovered: 3
[41.903s][debug  ][gc,phases,ref  ] GC(154)     Cleared: 3
[41.903s][debug  ][gc,phases      ] GC(154) Reference Processing 0.600ms
[41.903s][debug  ][gc,phases,start] GC(154) Weak Processing
[41.904s][debug  ][gc,phases      ] GC(154)   VM Weak                        Min:  0.0, Avg:  0.0, Max:  0.0, Diff:  0.0, Sum:  0.0, Workers: 6
[41.904s][debug  ][gc,phases      ] GC(154)     Dead                           Min: 0, Avg:  0.0, Max: 0, Diff: 0, Sum: 0, Workers: 6
[41.904s][debug  ][gc,phases      ] GC(154)     Total                          Min: 0, Avg:  1.3, Max: 8, Diff: 8, Sum: 8, Workers: 6
[41.904s][debug  ][gc,phases      ] GC(154)   ObjectSynchronizer Weak        Min:  0.0, Avg:  0.0, Max:  0.0, Diff:  0.0, Sum:  0.0, Workers: 6
[41.904s][debug  ][gc,phases      ] GC(154)     Dead                           Min: 0, Avg:  0.0, Max: 0, Diff: 0, Sum: 0, Workers: 6
[41.904s][debug  ][gc,phases      ] GC(154)     Total                          Min: 0, Avg:  0.5, Max: 3, Diff: 3, Sum: 3, Workers: 6
[41.904s][debug  ][gc,phases      ] GC(154)   JVMTI Tag Weak OopStorage      Min:  0.0, Avg:  0.0, Max:  0.0, Diff:  0.0, Sum:  0.0, Workers: 6
[41.904s][debug  ][gc,phases      ] GC(154)     Dead                           Min: 0, Avg:  0.0, Max: 0, Diff: 0, Sum: 0, Workers: 6
[41.904s][debug  ][gc,phases      ] GC(154)     Total                          Min: 0, Avg:  0.0, Max: 0, Diff: 0, Sum: 0, Workers: 6
[41.904s][debug  ][gc,phases      ] GC(154)   StringTable Weak               Min:  0.0, Avg:  0.0, Max:  0.0, Diff:  0.0, Sum:  0.0, Workers: 6
[41.904s][debug  ][gc,phases      ] GC(154)     Dead                           Min: 0, Avg:  0.0, Max: 0, Diff: 0, Sum: 0, Workers: 6
[41.904s][debug  ][gc,phases      ] GC(154)     Total                          Min: 704, Avg: 891.8, Max: 1280, Diff: 576, Sum: 5351, Workers: 6
[41.904s][debug  ][gc,phases      ] GC(154)   ResolvedMethodTable Weak       Min:  0.0, Avg:  0.0, Max:  0.0, Diff:  0.0, Sum:  0.0, Workers: 6
[41.904s][debug  ][gc,phases      ] GC(154)     Dead                           Min: 0, Avg:  0.0, Max: 0, Diff: 0, Sum: 0, Workers: 6
[41.904s][debug  ][gc,phases      ] GC(154)     Total                          Min: 0, Avg: 21.7, Max: 64, Diff: 64, Sum: 130, Workers: 6
[41.904s][debug  ][gc,phases      ] GC(154)   JNI Weak                       Min:  0.0, Avg:  0.0, Max:  0.0, Diff:  0.0, Sum:  0.0, Workers: 6
[41.904s][debug  ][gc,phases      ] GC(154)     Dead                           Min: 0, Avg:  0.0, Max: 0, Diff: 0, Sum: 0, Workers: 6
[41.904s][debug  ][gc,phases      ] GC(154)     Total                          Min: 0, Avg:  0.0, Max: 0, Diff: 0, Sum: 0, Workers: 6
[41.904s][debug  ][gc,phases      ] GC(154)   StringDedup Table Weak         Min:  0.0, Avg:  0.0, Max:  0.0, Diff:  0.0, Sum:  0.0, Workers: 6
[41.904s][debug  ][gc,phases      ] GC(154)     Dead                           Min: 0, Avg:  0.0, Max: 0, Diff: 0, Sum: 0, Workers: 6
[41.904s][debug  ][gc,phases      ] GC(154)     Total                          Min: 0, Avg:  0.0, Max: 0, Diff: 0, Sum: 0, Workers: 6
[41.904s][debug  ][gc,phases      ] GC(154)   StringDedup Requests0 Weak     Min:  0.0, Avg:  0.0, Max:  0.0, Diff:  0.0, Sum:  0.0, Workers: 6
[41.904s][debug  ][gc,phases      ] GC(154)     Dead                           Min: 0, Avg:  0.0, Max: 0, Diff: 0, Sum: 0, Workers: 6
[41.904s][debug  ][gc,phases      ] GC(154)     Total                          Min: 0, Avg:  0.0, Max: 0, Diff: 0, Sum: 0, Workers: 6
[41.904s][debug  ][gc,phases      ] GC(154)   StringDedup Requests1 Weak     Min:  0.0, Avg:  0.0, Max:  0.0, Diff:  0.0, Sum:  0.0, Workers: 6
[41.904s][debug  ][gc,phases      ] GC(154)     Dead                           Min: 0, Avg:  0.0, Max: 0, Diff: 0, Sum: 0, Workers: 6
[41.904s][debug  ][gc,phases      ] GC(154)     Total                          Min: 0, Avg:  0.0, Max: 0, Diff: 0, Sum: 0, Workers: 6
[41.904s][debug  ][gc,phases      ] GC(154)   Weak JFR Old Object Samples    Min:  0.0, Avg:  0.0, Max:  0.0, Diff:  0.0, Sum:  0.0, Workers: 6
[41.904s][debug  ][gc,phases      ] GC(154)     Dead                           Min: 0, Avg:  0.0, Max: 0, Diff: 0, Sum: 0, Workers: 6
[41.904s][debug  ][gc,phases      ] GC(154)     Total                          Min: 0, Avg:  0.0, Max: 0, Diff: 0, Sum: 0, Workers: 6
[41.904s][debug  ][gc,phases      ] GC(154) Weak Processing 0.663ms
[41.904s][debug  ][gc,phases,start] GC(154) Class Unloading
[41.904s][debug  ][gc,phases,start] GC(154) ClassLoaderData
[41.904s][debug  ][gc,phases      ] GC(154) ClassLoaderData 0.020ms
[41.904s][debug  ][gc,phases,start] GC(154) Trigger cleanups
[41.904s][debug  ][gc,phases      ] GC(154) Trigger cleanups 0.018ms
[41.904s][debug  ][gc,phases      ] GC(154) Class Unloading 0.257ms
[41.904s][info   ][gc,phases      ] GC(154) Marking Phase 2.211ms
[41.904s][info   ][gc,phases,start] GC(154) Summary Phase
[41.905s][info   ][gc,phases      ] GC(154) Summary Phase 0.048ms
[41.905s][info   ][gc,phases,start] GC(154) Adjust Roots
[41.905s][info   ][gc,phases      ] GC(154) Adjust Roots 0.163ms
[41.905s][info   ][gc,phases,start] GC(154) Compaction Phase
[41.979s][info   ][gc,phases      ] GC(154) Compaction Phase 74.331ms
[41.979s][info   ][gc,phases,start] GC(154) Post Compact
[41.985s][info   ][gc,phases      ] GC(154) Post Compact 5.402ms
[41.985s][debug  ][gc,ergo        ] GC(154) AdaptiveSizeStart: collection: 155 
[41.985s][debug  ][gc,ergo        ] GC(154) PSAdaptiveSizePolicy::compute_eden_space_size limits: desired_eden_size: 221023342 old_eden_size: 201326592 eden_limit: 201850880 cur_eden: 201850880 max_eden_size: 201850880 avg_young_live: 24885010
[41.985s][debug  ][gc,ergo        ] GC(154) PSAdaptiveSizePolicy::compute_eden_space_size: costs minor_time: 0.048603 major_cost: 0.053737 mutator_cost: 0.897659 throughput_goal: 0.990000
[41.985s][debug  ][gc,ergo        ] GC(154) Live_space: 1080740608 free_space: 1376780288
[41.985s][debug  ][gc,ergo        ] GC(154) Old eden_size: 201326592 desired_eden_size: 201850880
[41.985s][debug  ][gc,ergo        ] GC(154) PSAdaptiveSizePolicy::compute_old_gen_free_space limits: desired_promo_size: 1299061140 promo_limit: 1175453696 free_in_old_gen: 1097850752 max_old_gen_size: 1879048192 avg_old_live: 781197440
[41.985s][debug  ][gc,ergo        ] GC(154) PSAdaptiveSizePolicy::compute_old_gen_free_space: costs minor_time: 0.048603 major_cost: 0.053737  mutator_cost: 0.897659 throughput_goal: 0.990000
[41.985s][debug  ][gc,ergo        ] GC(154) Live_space: 1074517888 free_space: 1377304576
[41.985s][debug  ][gc,ergo        ] GC(154) Old promo_size: 1175453696 desired_promo_size: 1175453696
[41.985s][debug  ][gc,ergo        ] GC(154) AdaptiveSizeStop: collection: 155 
[41.985s][info   ][gc,heap        ] GC(154) PSYoungGen: 30720K(229888K)->0K(229376K) Eden: 0K(197120K)->0K(197120K) From: 30720K(32768K)->0K(32256K)
[41.985s][info   ][gc,heap        ] GC(154) ParOldGen: 1640037K(1835008K)->708195K(1835008K)
[41.985s][info   ][gc,metaspace   ] GC(154) Metaspace: 1022K(1216K)->1022K(1216K) NonClass: 938K(1024K)->938K(1024K) Class: 83K(192K)->83K(192K)
[41.985s][info   ][gc             ] GC(154) Pause Full (Ergonomics) 1631M->691M(2016M) 82.902ms
[41.985s][info   ][gc,cpu         ] GC(154) User=0.44s Sys=0.00s Real=0.08s
[41.985s][debug  ][gc,heap        ] GC(154) Heap after GC invocations=155 (full 25):
[41.985s][debug  ][gc,heap        ] GC(154)  PSYoungGen      total 229376K, used 0K [0x00000000f0000000, 0x0000000100000000, 0x0000000100000000)
[41.985s][debug  ][gc,heap        ] GC(154)   eden space 197120K, 0% used [0x00000000f0000000,0x00000000f0000000,0x00000000fc080000)
[41.985s][debug  ][gc,heap        ] GC(154)   from space 32256K, 0% used [0x00000000fc080000,0x00000000fc080000,0x00000000fe000000)
[41.985s][debug  ][gc,heap        ] GC(154)   to   space 32256K, 0% used [0x00000000fe080000,0x00000000fe080000,0x0000000100000000)
[41.985s][debug  ][gc,heap        ] GC(154)  ParOldGen       total 1835008K, used 708195K [0x0000000080000000, 0x00000000f0000000, 0x00000000f0000000)
[41.985s][debug  ][gc,heap        ] GC(154)   object space 1835008K, 38% used [0x0000000080000000,0x00000000ab398f68,0x00000000f0000000)
[41.985s][debug  ][gc,heap        ] GC(154)  Metaspace       used 1022K, committed 1216K, reserved 1056768K
[41.985s][debug  ][gc,heap        ] GC(154)   class space    used 83K, committed 192K, reserved 1048576K
[41.985s][debug  ][gc,task,time   ] GC(154) VM-Thread 419022451 419047861 419851778
[42.280s][debug  ][gc,heap        ] GC(155) Heap before GC invocations=156 (full 25):
[42.280s][debug  ][gc,heap        ] GC(155)  PSYoungGen      total 229376K, used 188168K [0x00000000f0000000, 0x0000000100000000, 0x0000000100000000)
[42.280s][debug  ][gc,heap        ] GC(155)   eden space 197120K, 95% used [0x00000000f0000000,0x00000000fb7c2078,0x00000000fc080000)
[42.280s][debug  ][gc,heap        ] GC(155)   from space 32256K, 0% used [0x00000000fc080000,0x00000000fc080000,0x00000000fe000000)
[42.280s][debug  ][gc,heap        ] GC(155)   to   space 32256K, 0% used [0x00000000fe080000,0x00000000fe080000,0x0000000100000000)
[42.280s][debug  ][gc,heap        ] GC(155)  ParOldGen       total 1835008K, used 708195K [0x0000000080000000, 0x00000000f0000000, 0x00000000f0000000)
[42.280s][debug  ][gc,heap        ] GC(155)   object space 1835008K, 38% used [0x0000000080000000,0x00000000ab398f68,0x00000000f0000000)
[42.280s][debug  ][gc,heap        ] GC(155)  Metaspace       used 1022K, committed 1216K, reserved 1056768K
[42.280s][debug  ][gc,heap        ] GC(155)   class space    used 83K, committed 192K, reserved 1048576K
[42.280s][debug  ][gc,tlab        ] GC(155) TLAB totals: thrds: 1  refills: 1 max: 1 slow allocs: 17 max 17 waste: 27.3% gc: 3940184B max: 3940184B slow: 0B max: 0B
[42.280s][info   ][gc,start       ] GC(155) Pause Young (Allocation Failure)
[42.281s][debug  ][gc,phases,start] GC(155) Scavenge
[42.293s][debug  ][gc,phases      ] GC(155) Scavenge 12.064ms
[42.293s][debug  ][gc,phases,start] GC(155) Reference Processing
[42.293s][debug  ][gc,ref         ] GC(155) Skipped phase 1 of Reference Processing: no references
[42.293s][debug  ][gc,ref         ] GC(155) Skipped phase 2 of Reference Processing: no references
[42.293s][debug  ][gc,ref         ] GC(155) Skipped phase 3 of Reference Processing: no references
[42.293s][debug  ][gc,ref         ] GC(155) Skipped phase 4 of Reference Processing: no references
[42.293s][debug  ][gc,phases,ref  ] GC(155) Reference Processing: 0.1ms
[42.293s][debug  ][gc,phases,ref  ] GC(155)   Reconsider SoftReferences: 0.0ms
[42.293s][debug  ][gc,phases,ref  ] GC(155)     SoftRef (ms):                  skipped
[42.293s][debug  ][gc,phases,ref  ] GC(155)   Notify Soft/WeakReferences: 0.0ms
[42.293s][debug  ][gc,phases,ref  ] GC(155)     SoftRef (ms):                  skipped
[42.293s][debug  ][gc,phases,ref  ] GC(155)     WeakRef (ms):                  skipped
[42.293s][debug  ][gc,phases,ref  ] GC(155)     FinalRef (ms):                 skipped
[42.293s][debug  ][gc,phases,ref  ] GC(155)     Total (ms):                    skipped
[42.293s][debug  ][gc,phases,ref  ] GC(155)   Notify and keep alive finalizable: 0.0ms
[42.293s][debug  ][gc,phases,ref  ] GC(155)     FinalRef (ms):                 skipped
[42.293s][debug  ][gc,phases,ref  ] GC(155)   Notify PhantomReferences: 0.0ms
[42.293s][debug  ][gc,phases,ref  ] GC(155)     PhantomRef (ms):               skipped
[42.293s][debug  ][gc,phases,ref  ] GC(155)   SoftReference:
[42.293s][debug  ][gc,phases,ref  ] GC(155)     Discovered: 0
[42.293s][debug  ][gc,phases,ref  ] GC(155)     Cleared: 0
[42.293s][debug  ][gc,phases,ref  ] GC(155)   WeakReference:
[42.293s][debug  ][gc,phases,ref  ] GC(155)     Discovered: 0
[42.293s][debug  ][gc,phases,ref  ] GC(155)     Cleared: 0
[42.293s][debug  ][gc,phases,ref  ] GC(155)   FinalReference:
[42.293s][debug  ][gc,phases,ref  ] GC(155)     Discovered: 0
[42.293s][debug  ][gc,phases,ref  ] GC(155)     Cleared: 0
[42.293s][debug  ][gc,phases,ref  ] GC(155)   PhantomReference:
[42.293s][debug  ][gc,phases,ref  ] GC(155)     Discovered: 0
[42.293s][debug  ][gc,phases,ref  ] GC(155)     Cleared: 0
[42.293s][debug  ][gc,phases      ] GC(155) Reference Processing 0.682ms
[42.293s][debug  ][gc,phases,start] GC(155) Weak Processing
[42.293s][debug  ][gc,phases      ] GC(155)   VM Weak                        Min:  0.0, Avg:  0.0, Max:  0.0, Diff:  0.0, Sum:  0.0, Workers: 6
[42.293s][debug  ][gc,phases      ] GC(155)     Dead                           Min: 0, Avg:  0.0, Max: 0, Diff: 0, Sum: 0, Workers: 6
[42.293s][debug  ][gc,phases      ] GC(155)     Total                          Min: 0, Avg:  1.3, Max: 8, Diff: 8, Sum: 8, Workers: 6
[42.294s][debug  ][gc,phases      ] GC(155)   ObjectSynchronizer Weak        Min:  0.0, Avg:  0.0, Max:  0.0, Diff:  0.0, Sum:  0.0, Workers: 6
[42.294s][debug  ][gc,phases      ] GC(155)     Dead                           Min: 0, Avg:  0.0, Max: 0, Diff: 0, Sum: 0, Workers: 6
[42.294s][debug  ][gc,phases      ] GC(155)     Total                          Min: 0, Avg:  0.5, Max: 3, Diff: 3, Sum: 3, Workers: 6
[42.294s][debug  ][gc,phases      ] GC(155)   JVMTI Tag Weak OopStorage      Min:  0.0, Avg:  0.0, Max:  0.0, Diff:  0.0, Sum:  0.0, Workers: 6
[42.294s][debug  ][gc,phases      ] GC(155)     Dead                           Min: 0, Avg:  0.0, Max: 0, Diff: 0, Sum: 0, Workers: 6
[42.294s][debug  ][gc,phases      ] GC(155)     Total                          Min: 0, Avg:  0.0, Max: 0, Diff: 0, Sum: 0, Workers: 6
[42.294s][debug  ][gc,phases      ] GC(155)   StringTable Weak               Min:  0.0, Avg:  0.0, Max:  0.0, Diff:  0.0, Sum:  0.0, Workers: 6
[42.294s][debug  ][gc,phases      ] GC(155)     Dead                           Min: 0, Avg:  0.0, Max: 0, Diff: 0, Sum: 0, Workers: 6
[42.294s][debug  ][gc,phases      ] GC(155)     Total                          Min: 768, Avg: 891.8, Max: 1152, Diff: 384, Sum: 5351, Workers: 6
[42.294s][debug  ][gc,phases      ] GC(155)   ResolvedMethodTable Weak       Min:  0.0, Avg:  0.0, Max:  0.0, Diff:  0.0, Sum:  0.0, Workers: 6
[42.294s][debug  ][gc,phases      ] GC(155)     Dead                           Min: 0, Avg:  0.0, Max: 0, Diff: 0, Sum: 0, Workers: 6
[42.294s][debug  ][gc,phases      ] GC(155)     Total                          Min: 0, Avg: 21.7, Max: 66, Diff: 66, Sum: 130, Workers: 6
[42.294s][debug  ][gc,phases      ] GC(155)   JNI Weak                       Min:  0.0, Avg:  0.0, Max:  0.0, Diff:  0.0, Sum:  0.0, Workers: 6
[42.294s][debug  ][gc,phases      ] GC(155)     Dead                           Min: 0, Avg:  0.0, Max: 0, Diff: 0, Sum: 0, Workers: 6
[42.294s][debug  ][gc,phases      ] GC(155)     Total                          Min: 0, Avg:  0.0, Max: 0, Diff: 0, Sum: 0, Workers: 6
[42.294s][debug  ][gc,phases      ] GC(155)   StringDedup Table Weak         Min:  0.0, Avg:  0.0, Max:  0.0, Diff:  0.0, Sum:  0.0, Workers: 6
[42.294s][debug  ][gc,phases      ] GC(155)     Dead                           Min: 0, Avg:  0.0, Max: 0, Diff: 0, Sum: 0, Workers: 6
[42.294s][debug  ][gc,phases      ] GC(155)     Total                          Min: 0, Avg:  0.0, Max: 0, Diff: 0, Sum: 0, Workers: 6
[42.294s][debug  ][gc,phases      ] GC(155)   StringDedup Requests0 Weak     Min:  0.0, Avg:  0.0, Max:  0.0, Diff:  0.0, Sum:  0.0, Workers: 6
[42.294s][debug  ][gc,phases      ] GC(155)     Dead                           Min: 0, Avg:  0.0, Max: 0, Diff: 0, Sum: 0, Workers: 6
[42.294s][debug  ][gc,phases      ] GC(155)     Total                          Min: 0, Avg:  0.0, Max: 0, Diff: 0, Sum: 0, Workers: 6
[42.294s][debug  ][gc,phases      ] GC(155)   StringDedup Requests1 Weak     Min:  0.0, Avg:  0.0, Max:  0.0, Diff:  0.0, Sum:  0.0, Workers: 6
[42.294s][debug  ][gc,phases      ] GC(155)     Dead                           Min: 0, Avg:  0.0, Max: 0, Diff: 0, Sum: 0, Workers: 6
[42.294s][debug  ][gc,phases      ] GC(155)     Total                          Min: 0, Avg:  0.0, Max: 0, Diff: 0, Sum: 0, Workers: 6
[42.294s][debug  ][gc,phases      ] GC(155)   Weak JFR Old Object Samples    Min:  0.0, Avg:  0.0, Max:  0.0, Diff:  0.0, Sum:  0.0, Workers: 6
[42.294s][debug  ][gc,phases      ] GC(155)     Dead                           Min: 0, Avg:  0.0, Max: 0, Diff: 0, Sum: 0, Workers: 6
[42.294s][debug  ][gc,phases      ] GC(155)     Total                          Min: 0, Avg:  0.0, Max: 0, Diff: 0, Sum: 0, Workers: 6
[42.294s][debug  ][gc,phases      ] GC(155) Weak Processing 0.808ms
[42.294s][debug  ][gc,ergo        ] GC(155) AdaptiveSizeStart:  collection: 156 
[42.294s][debug  ][gc,ergo        ] GC(155) avg_survived_padded_avg: 32905576.000000
[42.294s][debug  ][gc,ergo        ] GC(155) avg_promoted_padded_avg: 244748768.000000  avg_pretenured_padded_avg: 0.000000  tenuring_thresh: 15  target_size: 33030144
[42.294s][debug  ][gc,age         ] GC(155) Desired survivor size 33030144 bytes, new threshold 15 (max threshold 15)
[42.294s][debug  ][gc,ergo        ] GC(155) PSAdaptiveSizePolicy::compute_eden_space_size limits: desired_eden_size: 220285544 old_eden_size: 201850880 eden_limit: 202375168 cur_eden: 201850880 max_eden_size: 202375168 avg_young_live: 25542240
[42.294s][debug  ][gc,ergo        ] GC(155) PSAdaptiveSizePolicy::compute_eden_space_size: costs minor_time: 0.045161 major_cost: 0.053737 mutator_cost: 0.901102 throughput_goal: 0.990000
[42.294s][debug  ][gc,ergo        ] GC(155) Live_space: 1075175168 free_space: 1377304576
[42.294s][debug  ][gc,ergo        ] GC(155) Old eden_size: 201850880 desired_eden_size: 202375168
[42.294s][debug  ][gc,ergo        ] GC(155) AdaptiveSizeStop: collection: 156 
[42.294s][info   ][gc,heap        ] GC(155) PSYoungGen: 188168K(229376K)->30720K(229888K) Eden: 188168K(197120K)->0K(197632K) From: 0K(32256K)->30720K(32256K)
[42.294s][info   ][gc,heap        ] GC(155) ParOldGen: 708195K(1835008K)->861796K(1835008K)
[42.295s][info   ][gc,metaspace   ] GC(155) Metaspace: 1022K(1216K)->1022K(1216K) NonClass: 938K(1024K)->938K(1024K) Class: 83K(192K)->83K(192K)
[42.295s][info   ][gc             ] GC(155) Pause Young (Allocation Failure) 875M->871M(2016M) 14.095ms
[42.295s][info   ][gc,cpu         ] GC(155) User=0.09s Sys=0.00s Real=0.01s
[42.295s][debug  ][gc,heap        ] GC(155) Heap after GC invocations=156 (full 25):
[42.295s][debug  ][gc,heap        ] GC(155)  PSYoungGen      total 229888K, used 30720K [0x00000000f0000000, 0x0000000100000000, 0x0000000100000000)
[42.295s][debug  ][gc,heap        ] GC(155)   eden space 197632K, 0% used [0x00000000f0000000,0x00000000f0000000,0x00000000fc100000)
[42.295s][debug  ][gc,heap        ] GC(155)   from space 32256K, 95% used [0x00000000fe080000,0x00000000ffe80030,0x0000000100000000)
[42.295s][debug  ][gc,heap        ] GC(155)   to   space 32256K, 0% used [0x00000000fc100000,0x00000000fc100000,0x00000000fe080000)
[42.295s][debug  ][gc,heap        ] GC(155)  ParOldGen       total 1835008K, used 861796K [0x0000000080000000, 0x00000000f0000000, 0x00000000f0000000)
[42.295s][debug  ][gc,heap        ] GC(155)   object space 1835008K, 46% used [0x0000000080000000,0x00000000b4999058,0x00000000f0000000)
[42.295s][debug  ][gc,heap        ] GC(155)  Metaspace       used 1022K, committed 1216K, reserved 1056768K
[42.295s][debug  ][gc,heap        ] GC(155)   class space    used 83K, committed 192K, reserved 1048576K
[42.295s][debug  ][gc,task,time   ] GC(155) VM-Thread 422799845 422926583 422948464
[42.581s][debug  ][gc,heap        ] GC(156) Heap before GC invocations=157 (full 25):
[42.581s][debug  ][gc,heap        ] GC(156)  PSYoungGen      total 229888K, used 218827K [0x00000000f0000000, 0x0000000100000000, 0x0000000100000000)
[42.581s][debug  ][gc,heap        ] GC(156)   eden space 197632K, 95% used [0x00000000f0000000,0x00000000fb7b2ee0,0x00000000fc100000)
[42.581s][debug  ][gc,heap        ] GC(156)   from space 32256K, 95% used [0x00000000fe080000,0x00000000ffe80030,0x0000000100000000)
[42.581s][debug  ][gc,heap        ] GC(156)   to   space 32256K, 0% used [0x00000000fc100000,0x00000000fc100000,0x00000000fe080000)
[42.581s][debug  ][gc,heap        ] GC(156)  ParOldGen       total 1835008K, used 861796K [0x0000000080000000, 0x00000000f0000000, 0x00000000f0000000)
[42.581s][debug  ][gc,heap        ] GC(156)   object space 1835008K, 46% used [0x0000000080000000,0x00000000b4999058,0x00000000f0000000)
[42.581s][debug  ][gc,heap        ] GC(156)  Metaspace       used 1022K, committed 1216K, reserved 1056768K
[42.581s][debug  ][gc,heap        ] GC(156)   class space    used 83K, committed 192K, reserved 1048576K
[42.581s][debug  ][gc,tlab        ] GC(156) TLAB totals: thrds: 1  refills: 1 max: 1 slow allocs: 17 max 17 waste: 27.0% gc: 3877272B max: 3877272B slow: 0B max: 0B
[42.581s][info   ][gc,start       ] GC(156) Pause Young (Allocation Failure)
[42.581s][debug  ][gc,phases,start] GC(156) Scavenge
[42.586s][debug  ][gc,phases      ] GC(156) Scavenge 4.031ms
[42.586s][debug  ][gc,phases,start] GC(156) Reference Processing
[42.586s][debug  ][gc,ref         ] GC(156) Skipped phase 1 of Reference Processing: no references
[42.586s][debug  ][gc,ref         ] GC(156) Skipped phase 2 of Reference Processing: no references
[42.586s][debug  ][gc,ref         ] GC(156) Skipped phase 3 of Reference Processing: no references
[42.586s][debug  ][gc,ref         ] GC(156) Skipped phase 4 of Reference Processing: no references
[42.586s][debug  ][gc,phases,ref  ] GC(156) Reference Processing: 0.1ms
[42.586s][debug  ][gc,phases,ref  ] GC(156)   Reconsider SoftReferences: 0.0ms
[42.586s][debug  ][gc,phases,ref  ] GC(156)     SoftRef (ms):                  skipped
[42.586s][debug  ][gc,phases,ref  ] GC(156)   Notify Soft/WeakReferences: 0.0ms
[42.586s][debug  ][gc,phases,ref  ] GC(156)     SoftRef (ms):                  skipped
[42.586s][debug  ][gc,phases,ref  ] GC(156)     WeakRef (ms):                  skipped
[42.586s][debug  ][gc,phases,ref  ] GC(156)     FinalRef (ms):                 skipped
[42.586s][debug  ][gc,phases,ref  ] GC(156)     Total (ms):                    skipped
[42.586s][debug  ][gc,phases,ref  ] GC(156)   Notify and keep alive finalizable: 0.0ms
[42.586s][debug  ][gc,phases,ref  ] GC(156)     FinalRef (ms):                 skipped
[42.586s][debug  ][gc,phases,ref  ] GC(156)   Notify PhantomReferences: 0.0ms
[42.586s][debug  ][gc,phases,ref  ] GC(156)     PhantomRef (ms):               skipped
[42.586s][debug  ][gc,phases,ref  ] GC(156)   SoftReference:
[42.586s][debug  ][gc,phases,ref  ] GC(156)     Discovered: 0
[42.586s][debug  ][gc,phases,ref  ] GC(156)     Cleared: 0
[42.586s][debug  ][gc,phases,ref  ] GC(156)   WeakReference:
[42.586s][debug  ][gc,phases,ref  ] GC(156)     Discovered: 0
[42.586s][debug  ][gc,phases,ref  ] GC(156)     Cleared: 0
[42.586s][debug  ][gc,phases,ref  ] GC(156)   FinalReference:
[42.586s][debug  ][gc,phases,ref  ] GC(156)     Discovered: 0
[42.586s][debug  ][gc,phases,ref  ] GC(156)     Cleared: 0
[42.586s][debug  ][gc,phases,ref  ] GC(156)   PhantomReference:
[42.586s][debug  ][gc,phases,ref  ] GC(156)     Discovered: 0
[42.586s][debug  ][gc,phases,ref  ] GC(156)     Cleared: 0
[42.586s][debug  ][gc,phases      ] GC(156) Reference Processing 0.827ms
[42.586s][debug  ][gc,phases,start] GC(156) Weak Processing
[42.587s][debug  ][gc,phases      ] GC(156)   VM Weak                        Min:  0.0, Avg:  0.0, Max:  0.0, Diff:  0.0, Sum:  0.0, Workers: 6
[42.587s][debug  ][gc,phases      ] GC(156)     Dead                           Min: 0, Avg:  0.0, Max: 0, Diff: 0, Sum: 0, Workers: 6
[42.587s][debug  ][gc,phases      ] GC(156)     Total                          Min: 0, Avg:  1.3, Max: 8, Diff: 8, Sum: 8, Workers: 6
[42.587s][debug  ][gc,phases      ] GC(156)   ObjectSynchronizer Weak        Min:  0.0, Avg:  0.0, Max:  0.0, Diff:  0.0, Sum:  0.0, Workers: 6
[42.587s][debug  ][gc,phases      ] GC(156)     Dead                           Min: 0, Avg:  0.0, Max: 0, Diff: 0, Sum: 0, Workers: 6
[42.587s][debug  ][gc,phases      ] GC(156)     Total                          Min: 0, Avg:  0.5, Max: 3, Diff: 3, Sum: 3, Workers: 6
[42.587s][debug  ][gc,phases      ] GC(156)   JVMTI Tag Weak OopStorage      Min:  0.0, Avg:  0.0, Max:  0.0, Diff:  0.0, Sum:  0.0, Workers: 6
[42.587s][debug  ][gc,phases      ] GC(156)     Dead                           Min: 0, Avg:  0.0, Max: 0, Diff: 0, Sum: 0, Workers: 6
[42.587s][debug  ][gc,phases      ] GC(156)     Total                          Min: 0, Avg:  0.0, Max: 0, Diff: 0, Sum: 0, Workers: 6
[42.587s][debug  ][gc,phases      ] GC(156)   StringTable Weak               Min:  0.0, Avg:  0.0, Max:  0.0, Diff:  0.0, Sum:  0.0, Workers: 6
[42.587s][debug  ][gc,phases      ] GC(156)     Dead                           Min: 0, Avg:  0.0, Max: 0, Diff: 0, Sum: 0, Workers: 6
[42.587s][debug  ][gc,phases      ] GC(156)     Total                          Min: 0, Avg: 891.8, Max: 1279, Diff: 1279, Sum: 5351, Workers: 6
[42.587s][debug  ][gc,phases      ] GC(156)   ResolvedMethodTable Weak       Min:  0.0, Avg:  0.0, Max:  0.0, Diff:  0.0, Sum:  0.0, Workers: 6
[42.587s][debug  ][gc,phases      ] GC(156)     Dead                           Min: 0, Avg:  0.0, Max: 0, Diff: 0, Sum: 0, Workers: 6
[42.587s][debug  ][gc,phases      ] GC(156)     Total                          Min: 0, Avg: 21.7, Max: 64, Diff: 64, Sum: 130, Workers: 6
[42.587s][debug  ][gc,phases      ] GC(156)   JNI Weak                       Min:  0.0, Avg:  0.0, Max:  0.0, Diff:  0.0, Sum:  0.0, Workers: 6
[42.587s][debug  ][gc,phases      ] GC(156)     Dead                           Min: 0, Avg:  0.0, Max: 0, Diff: 0, Sum: 0, Workers: 6
[42.587s][debug  ][gc,phases      ] GC(156)     Total                          Min: 0, Avg:  0.0, Max: 0, Diff: 0, Sum: 0, Workers: 6
[42.587s][debug  ][gc,phases      ] GC(156)   StringDedup Table Weak         Min:  0.0, Avg:  0.0, Max:  0.0, Diff:  0.0, Sum:  0.0, Workers: 6
[42.587s][debug  ][gc,phases      ] GC(156)     Dead                           Min: 0, Avg:  0.0, Max: 0, Diff: 0, Sum: 0, Workers: 6
[42.587s][debug  ][gc,phases      ] GC(156)     Total                          Min: 0, Avg:  0.0, Max: 0, Diff: 0, Sum: 0, Workers: 6
[42.587s][debug  ][gc,phases      ] GC(156)   StringDedup Requests0 Weak     Min:  0.0, Avg:  0.0, Max:  0.0, Diff:  0.0, Sum:  0.0, Workers: 6
[42.587s][debug  ][gc,phases      ] GC(156)     Dead                           Min: 0, Avg:  0.0, Max: 0, Diff: 0, Sum: 0, Workers: 6
[42.587s][debug  ][gc,phases      ] GC(156)     Total                          Min: 0, Avg:  0.0, Max: 0, Diff: 0, Sum: 0, Workers: 6
[42.587s][debug  ][gc,phases      ] GC(156)   StringDedup Requests1 Weak     Min:  0.0, Avg:  0.0, Max:  0.0, Diff:  0.0, Sum:  0.0, Workers: 6
[42.587s][debug  ][gc,phases      ] GC(156)     Dead                           Min: 0, Avg:  0.0, Max: 0, Diff: 0, Sum: 0, Workers: 6
[42.587s][debug  ][gc,phases      ] GC(156)     Total                          Min: 0, Avg:  0.0, Max: 0, Diff: 0, Sum: 0, Workers: 6
[42.587s][debug  ][gc,phases      ] GC(156)   Weak JFR Old Object Samples    Min:  0.0, Avg:  0.0, Max:  0.0, Diff:  0.0, Sum:  0.0, Workers: 6
[42.587s][debug  ][gc,phases      ] GC(156)     Dead                           Min: 0, Avg:  0.0, Max: 0, Diff: 0, Sum: 0, Workers: 6
[42.587s][debug  ][gc,phases      ] GC(156)     Total                          Min: 0, Avg:  0.0, Max: 0, Diff: 0, Sum: 0, Workers: 6
[42.588s][debug  ][gc,phases      ] GC(156) Weak Processing 1.053ms
[42.588s][debug  ][gc,ergo        ] GC(156) AdaptiveSizeStart:  collection: 157 
[42.588s][debug  ][gc,ergo        ] GC(156) avg_survived_padded_avg: 32798996.000000
[42.588s][debug  ][gc,ergo        ] GC(156) avg_promoted_padded_avg: 262165248.000000  avg_pretenured_padded_avg: 0.000000  tenuring_thresh: 15  target_size: 33030144
[42.588s][debug  ][gc,age         ] GC(156) Desired survivor size 33030144 bytes, new threshold 15 (max threshold 15)
[42.588s][debug  ][gc,ergo        ] GC(156) PSAdaptiveSizePolicy::compute_eden_space_size limits: desired_eden_size: 219580502 old_eden_size: 202375168 eden_limit: 202375168 cur_eden: 202375168 max_eden_size: 202375168 avg_young_live: 26133748
[42.588s][debug  ][gc,ergo        ] GC(156) PSAdaptiveSizePolicy::compute_eden_space_size: costs minor_time: 0.039029 major_cost: 0.053737 mutator_cost: 0.907233 throughput_goal: 0.990000
[42.588s][debug  ][gc,ergo        ] GC(156) Live_space: 1075766656 free_space: 1377828864
[42.588s][debug  ][gc,ergo        ] GC(156) Old eden_size: 202375168 desired_eden_size: 202375168
[42.588s][debug  ][gc,ergo        ] GC(156) AdaptiveSizeStop: collection: 157 
[42.588s][info   ][gc,heap        ] GC(156) PSYoungGen: 218827K(229888K)->30720K(229888K) Eden: 188107K(197632K)->0K(197632K) From: 30720K(32256K)->30720K(32256K)
[42.588s][info   ][gc,heap        ] GC(156) ParOldGen: 861796K(1835008K)->882276K(1835008K)
[42.588s][info   ][gc,metaspace   ] GC(156) Metaspace: 1022K(1216K)->1022K(1216K) NonClass: 938K(1024K)->938K(1024K) Class: 83K(192K)->83K(192K)
[42.588s][info   ][gc             ] GC(156) Pause Young (Allocation Failure) 1055M->891M(2016M) 6.463ms
[42.588s][info   ][gc,cpu         ] GC(156) User=0.00s Sys=0.00s Real=0.01s
[42.588s][debug  ][gc,heap        ] GC(156) Heap after GC invocations=157 (full 25):
[42.588s][debug  ][gc,heap        ] GC(156)  PSYoungGen      total 229888K, used 30720K [0x00000000f0000000, 0x0000000100000000, 0x0000000100000000)
[42.588s][debug  ][gc,heap        ] GC(156)   eden space 197632K, 0% used [0x00000000f0000000,0x00000000f0000000,0x00000000fc100000)
[42.588s][debug  ][gc,heap        ] GC(156)   from space 32256K, 95% used [0x00000000fc100000,0x00000000fdf00030,0x00000000fe080000)
[42.588s][debug  ][gc,heap        ] GC(156)   to   space 32256K, 0% used [0x00000000fe080000,0x00000000fe080000,0x0000000100000000)
[42.588s][debug  ][gc,heap        ] GC(156)  ParOldGen       total 1835008K, used 882276K [0x0000000080000000, 0x00000000f0000000, 0x00000000f0000000)
[42.588s][debug  ][gc,heap        ] GC(156)   object space 1835008K, 48% used [0x0000000080000000,0x00000000b5d99078,0x00000000f0000000)
[42.588s][debug  ][gc,heap        ] GC(156)  Metaspace       used 1022K, committed 1216K, reserved 1056768K
[42.588s][debug  ][gc,heap        ] GC(156)   class space    used 83K, committed 192K, reserved 1048576K
[42.588s][debug  ][gc,task,time   ] GC(156) VM-Thread 425809727 425856137 425881818
[42.880s][debug  ][gc,heap        ] GC(157) Heap before GC invocations=158 (full 25):
[42.880s][debug  ][gc,heap        ] GC(157)  PSYoungGen      total 229888K, used 218857K [0x00000000f0000000, 0x0000000100000000, 0x0000000100000000)
[42.880s][debug  ][gc,heap        ] GC(157)   eden space 197632K, 95% used [0x00000000f0000000,0x00000000fb7ba6c0,0x00000000fc100000)
[42.880s][debug  ][gc,heap        ] GC(157)   from space 32256K, 95% used [0x00000000fc100000,0x00000000fdf00030,0x00000000fe080000)
[42.880s][debug  ][gc,heap        ] GC(157)   to   space 32256K, 0% used [0x00000000fe080000,0x00000000fe080000,0x0000000100000000)
[42.880s][debug  ][gc,heap        ] GC(157)  ParOldGen       total 1835008K, used 882276K [0x0000000080000000, 0x00000000f0000000, 0x00000000f0000000)
[42.880s][debug  ][gc,heap        ] GC(157)   object space 1835008K, 48% used [0x0000000080000000,0x00000000b5d99078,0x00000000f0000000)
[42.880s][debug  ][gc,heap        ] GC(157)  Metaspace       used 1022K, committed 1216K, reserved 1056768K
[42.880s][debug  ][gc,heap        ] GC(157)   class space    used 83K, committed 192K, reserved 1048576K
[42.880s][debug  ][gc,tlab        ] GC(157) TLAB totals: thrds: 1  refills: 1 max: 1 slow allocs: 17 max 17 waste: 27.2% gc: 3909024B max: 3909024B slow: 0B max: 0B
[42.880s][info   ][gc,start       ] GC(157) Pause Young (Allocation Failure)
[42.881s][debug  ][gc,phases,start] GC(157) Scavenge
[42.894s][debug  ][gc,phases      ] GC(157) Scavenge 13.675ms
[42.894s][debug  ][gc,phases,start] GC(157) Reference Processing
[42.894s][debug  ][gc,ref         ] GC(157) Skipped phase 1 of Reference Processing: no references
[42.894s][debug  ][gc,ref         ] GC(157) Skipped phase 2 of Reference Processing: no references
[42.894s][debug  ][gc,ref         ] GC(157) Skipped phase 3 of Reference Processing: no references
[42.894s][debug  ][gc,ref         ] GC(157) Skipped phase 4 of Reference Processing: no references
[42.894s][debug  ][gc,phases,ref  ] GC(157) Reference Processing: 0.1ms
[42.894s][debug  ][gc,phases,ref  ] GC(157)   Reconsider SoftReferences: 0.0ms
[42.894s][debug  ][gc,phases,ref  ] GC(157)     SoftRef (ms):                  skipped
[42.895s][debug  ][gc,phases,ref  ] GC(157)   Notify Soft/WeakReferences: 0.0ms
[42.895s][debug  ][gc,phases,ref  ] GC(157)     SoftRef (ms):                  skipped
[42.895s][debug  ][gc,phases,ref  ] GC(157)     WeakRef (ms):                  skipped
[42.895s][debug  ][gc,phases,ref  ] GC(157)     FinalRef (ms):                 skipped
[42.895s][debug  ][gc,phases,ref  ] GC(157)     Total (ms):                    skipped
[42.895s][debug  ][gc,phases,ref  ] GC(157)   Notify and keep alive finalizable: 0.0ms
[42.895s][debug  ][gc,phases,ref  ] GC(157)     FinalRef (ms):                 skipped
[42.895s][debug  ][gc,phases,ref  ] GC(157)   Notify PhantomReferences: 0.0ms
[42.895s][debug  ][gc,phases,ref  ] GC(157)     PhantomRef (ms):               skipped
[42.895s][debug  ][gc,phases,ref  ] GC(157)   SoftReference:
[42.895s][debug  ][gc,phases,ref  ] GC(157)     Discovered: 0
[42.895s][debug  ][gc,phases,ref  ] GC(157)     Cleared: 0
[42.895s][debug  ][gc,phases,ref  ] GC(157)   WeakReference:
[42.895s][debug  ][gc,phases,ref  ] GC(157)     Discovered: 0
[42.895s][debug  ][gc,phases,ref  ] GC(157)     Cleared: 0
[42.895s][debug  ][gc,phases,ref  ] GC(157)   FinalReference:
[42.895s][debug  ][gc,phases,ref  ] GC(157)     Discovered: 0
[42.895s][debug  ][gc,phases,ref  ] GC(157)     Cleared: 0
[42.895s][debug  ][gc,phases,ref  ] GC(157)   PhantomReference:
[42.895s][debug  ][gc,phases,ref  ] GC(157)     Discovered: 0
[42.895s][debug  ][gc,phases,ref  ] GC(157)     Cleared: 0
[42.895s][debug  ][gc,phases      ] GC(157) Reference Processing 0.689ms
[42.895s][debug  ][gc,phases,start] GC(157) Weak Processing
[42.895s][debug  ][gc,phases      ] GC(157)   VM Weak                        Min:  0.0, Avg:  0.0, Max:  0.0, Diff:  0.0, Sum:  0.0, Workers: 6
[42.895s][debug  ][gc,phases      ] GC(157)     Dead                           Min: 0, Avg:  0.0, Max: 0, Diff: 0, Sum: 0, Workers: 6
[42.895s][debug  ][gc,phases      ] GC(157)     Total                          Min: 0, Avg:  1.3, Max: 8, Diff: 8, Sum: 8, Workers: 6
[42.895s][debug  ][gc,phases      ] GC(157)   ObjectSynchronizer Weak        Min:  0.0, Avg:  0.0, Max:  0.0, Diff:  0.0, Sum:  0.0, Workers: 6
[42.895s][debug  ][gc,phases      ] GC(157)     Dead                           Min: 0, Avg:  0.0, Max: 0, Diff: 0, Sum: 0, Workers: 6
[42.895s][debug  ][gc,phases      ] GC(157)     Total                          Min: 0, Avg:  0.5, Max: 3, Diff: 3, Sum: 3, Workers: 6
[42.895s][debug  ][gc,phases      ] GC(157)   JVMTI Tag Weak OopStorage      Min:  0.0, Avg:  0.0, Max:  0.0, Diff:  0.0, Sum:  0.0, Workers: 6
[42.895s][debug  ][gc,phases      ] GC(157)     Dead                           Min: 0, Avg:  0.0, Max: 0, Diff: 0, Sum: 0, Workers: 6
[42.895s][debug  ][gc,phases      ] GC(157)     Total                          Min: 0, Avg:  0.0, Max: 0, Diff: 0, Sum: 0, Workers: 6
[42.895s][debug  ][gc,phases      ] GC(157)   StringTable Weak               Min:  0.0, Avg:  0.0, Max:  0.0, Diff:  0.0, Sum:  0.0, Workers: 6
[42.895s][debug  ][gc,phases      ] GC(157)     Dead                           Min: 0, Avg:  0.0, Max: 0, Diff: 0, Sum: 0, Workers: 6
[42.895s][debug  ][gc,phases      ] GC(157)     Total                          Min: 808, Avg: 891.8, Max: 1088, Diff: 280, Sum: 5351, Workers: 6
[42.895s][debug  ][gc,phases      ] GC(157)   ResolvedMethodTable Weak       Min:  0.0, Avg:  0.0, Max:  0.0, Diff:  0.0, Sum:  0.0, Workers: 6
[42.895s][debug  ][gc,phases      ] GC(157)     Dead                           Min: 0, Avg:  0.0, Max: 0, Diff: 0, Sum: 0, Workers: 6
[42.895s][debug  ][gc,phases      ] GC(157)     Total                          Min: 0, Avg: 21.7, Max: 64, Diff: 64, Sum: 130, Workers: 6
[42.895s][debug  ][gc,phases      ] GC(157)   JNI Weak                       Min:  0.0, Avg:  0.0, Max:  0.0, Diff:  0.0, Sum:  0.0, Workers: 6
[42.895s][debug  ][gc,phases      ] GC(157)     Dead                           Min: 0, Avg:  0.0, Max: 0, Diff: 0, Sum: 0, Workers: 6
[42.895s][debug  ][gc,phases      ] GC(157)     Total                          Min: 0, Avg:  0.0, Max: 0, Diff: 0, Sum: 0, Workers: 6
[42.896s][debug  ][gc,phases      ] GC(157)   StringDedup Table Weak         Min:  0.0, Avg:  0.0, Max:  0.0, Diff:  0.0, Sum:  0.0, Workers: 6
[42.896s][debug  ][gc,phases      ] GC(157)     Dead                           Min: 0, Avg:  0.0, Max: 0, Diff: 0, Sum: 0, Workers: 6
[42.896s][debug  ][gc,phases      ] GC(157)     Total                          Min: 0, Avg:  0.0, Max: 0, Diff: 0, Sum: 0, Workers: 6
[42.896s][debug  ][gc,phases      ] GC(157)   StringDedup Requests0 Weak     Min:  0.0, Avg:  0.0, Max:  0.0, Diff:  0.0, Sum:  0.0, Workers: 6
[42.896s][debug  ][gc,phases      ] GC(157)     Dead                           Min: 0, Avg:  0.0, Max: 0, Diff: 0, Sum: 0, Workers: 6
[42.896s][debug  ][gc,phases      ] GC(157)     Total                          Min: 0, Avg:  0.0, Max: 0, Diff: 0, Sum: 0, Workers: 6
[42.896s][debug  ][gc,phases      ] GC(157)   StringDedup Requests1 Weak     Min:  0.0, Avg:  0.0, Max:  0.0, Diff:  0.0, Sum:  0.0, Workers: 6
[42.896s][debug  ][gc,phases      ] GC(157)     Dead                           Min: 0, Avg:  0.0, Max: 0, Diff: 0, Sum: 0, Workers: 6
[42.896s][debug  ][gc,phases      ] GC(157)     Total                          Min: 0, Avg:  0.0, Max: 0, Diff: 0, Sum: 0, Workers: 6
[42.896s][debug  ][gc,phases      ] GC(157)   Weak JFR Old Object Samples    Min:  0.0, Avg:  0.0, Max:  0.0, Diff:  0.0, Sum:  0.0, Workers: 6
[42.896s][debug  ][gc,phases      ] GC(157)     Dead                           Min: 0, Avg:  0.0, Max: 0, Diff: 0, Sum: 0, Workers: 6
[42.896s][debug  ][gc,phases      ] GC(157)     Total                          Min: 0, Avg:  0.0, Max: 0, Diff: 0, Sum: 0, Workers: 6
[42.896s][debug  ][gc,phases      ] GC(157) Weak Processing 0.778ms
[42.896s][debug  ][gc,ergo        ] GC(157) AdaptiveSizeStart:  collection: 158 
[42.896s][debug  ][gc,ergo        ] GC(157) avg_survived_padded_avg: 32699248.000000
[42.896s][debug  ][gc,ergo        ] GC(157) avg_promoted_padded_avg: 264306880.000000  avg_pretenured_padded_avg: 0.000000  tenuring_thresh: 15  target_size: 33030144
[42.896s][debug  ][gc,age         ] GC(157) Desired survivor size 33030144 bytes, new threshold 15 (max threshold 15)
[42.896s][debug  ][gc,ergo        ] GC(157) PSAdaptiveSizePolicy::compute_eden_space_size limits: desired_eden_size: 220233022 old_eden_size: 202375168 eden_limit: 202375168 cur_eden: 202375168 max_eden_size: 202375168 avg_young_live: 26666106
[42.896s][debug  ][gc,ergo        ] GC(157) PSAdaptiveSizePolicy::compute_eden_space_size: costs minor_time: 0.041657 major_cost: 0.053737 mutator_cost: 0.904606 throughput_goal: 0.990000
[42.896s][debug  ][gc,ergo        ] GC(157) Live_space: 1076299008 free_space: 1377828864
[42.896s][debug  ][gc,ergo        ] GC(157) Old eden_size: 202375168 desired_eden_size: 202375168
[42.896s][debug  ][gc,ergo        ] GC(157) AdaptiveSizeStop: collection: 158 
[42.896s][info   ][gc,heap        ] GC(157) PSYoungGen: 218857K(229888K)->30720K(229888K) Eden: 188137K(197632K)->0K(197632K) From: 30720K(32256K)->30720K(32256K)
[42.896s][info   ][gc,heap        ] GC(157) ParOldGen: 882276K(1835008K)->1066596K(1835008K)
[42.896s][info   ][gc,metaspace   ] GC(157) Metaspace: 1022K(1216K)->1022K(1216K) NonClass: 938K(1024K)->938K(1024K) Class: 83K(192K)->83K(192K)
[42.896s][info   ][gc             ] GC(157) Pause Young (Allocation Failure) 1075M->1071M(2016M) 15.697ms
[42.896s][info   ][gc,cpu         ] GC(157) User=0.09s Sys=0.00s Real=0.02s
[42.896s][debug  ][gc,heap        ] GC(157) Heap after GC invocations=158 (full 25):
[42.896s][debug  ][gc,heap        ] GC(157)  PSYoungGen      total 229888K, used 30720K [0x00000000f0000000, 0x0000000100000000, 0x0000000100000000)
[42.896s][debug  ][gc,heap        ] GC(157)   eden space 197632K, 0% used [0x00000000f0000000,0x00000000f0000000,0x00000000fc100000)
[42.896s][debug  ][gc,heap        ] GC(157)   from space 32256K, 95% used [0x00000000fe080000,0x00000000ffe80030,0x0000000100000000)
[42.896s][debug  ][gc,heap        ] GC(157)   to   space 32256K, 0% used [0x00000000fc100000,0x00000000fc100000,0x00000000fe080000)
[42.896s][debug  ][gc,heap        ] GC(157)  ParOldGen       total 1835008K, used 1066596K [0x0000000080000000, 0x00000000f0000000, 0x00000000f0000000)
[42.896s][debug  ][gc,heap        ] GC(157)   object space 1835008K, 58% used [0x0000000080000000,0x00000000c1199198,0x00000000f0000000)
[42.896s][debug  ][gc,heap        ] GC(157)  Metaspace       used 1022K, committed 1216K, reserved 1056768K
[42.896s][debug  ][gc,heap        ] GC(157)   class space    used 83K, committed 192K, reserved 1048576K
[42.896s][debug  ][gc,task,time   ] GC(157) VM-Thread 428800507 428943104 428964629
[43.179s][debug  ][gc,heap        ] GC(158) Heap before GC invocations=159 (full 25):
[43.179s][debug  ][gc,heap        ] GC(158)  PSYoungGen      total 229888K, used 218877K [0x00000000f0000000, 0x0000000100000000, 0x0000000100000000)
[43.179s][debug  ][gc,heap        ] GC(158)   eden space 197632K, 95% used [0x00000000f0000000,0x00000000fb7bf3d0,0x00000000fc100000)
[43.179s][debug  ][gc,heap        ] GC(158)   from space 32256K, 95% used [0x00000000fe080000,0x00000000ffe80030,0x0000000100000000)
[43.179s][debug  ][gc,heap        ] GC(158)   to   space 32256K, 0% used [0x00000000fc100000,0x00000000fc100000,0x00000000fe080000)
[43.179s][debug  ][gc,heap        ] GC(158)  ParOldGen       total 1835008K, used 1066596K [0x0000000080000000, 0x00000000f0000000, 0x00000000f0000000)
[43.179s][debug  ][gc,heap        ] GC(158)   object space 1835008K, 58% used [0x0000000080000000,0x00000000c1199198,0x00000000f0000000)
[43.179s][debug  ][gc,heap        ] GC(158)  Metaspace       used 1022K, committed 1216K, reserved 1056768K
[43.179s][debug  ][gc,heap        ] GC(158)   class space    used 83K, committed 192K, reserved 1048576K
[43.179s][debug  ][gc,tlab        ] GC(158) TLAB totals: thrds: 1  refills: 1 max: 1 slow allocs: 17 max 17 waste: 27.3% gc: 3928752B max: 3928752B slow: 0B max: 0B
[43.179s][info   ][gc,start       ] GC(158) Pause Young (Allocation Failure)
[43.180s][debug  ][gc,phases,start] GC(158) Scavenge
[43.193s][debug  ][gc,phases      ] GC(158) Scavenge 13.592ms
[43.193s][debug  ][gc,phases,start] GC(158) Reference Processing
[43.193s][debug  ][gc,ref         ] GC(158) Skipped phase 1 of Reference Processing: no references
[43.193s][debug  ][gc,ref         ] GC(158) Skipped phase 2 of Reference Processing: no references
[43.193s][debug  ][gc,ref         ] GC(158) Skipped phase 3 of Reference Processing: no references
[43.193s][debug  ][gc,ref         ] GC(158) Skipped phase 4 of Reference Processing: no references
[43.193s][debug  ][gc,phases,ref  ] GC(158) Reference Processing: 0.1ms
[43.193s][debug  ][gc,phases,ref  ] GC(158)   Reconsider SoftReferences: 0.0ms
[43.193s][debug  ][gc,phases,ref  ] GC(158)     SoftRef (ms):                  skipped
[43.193s][debug  ][gc,phases,ref  ] GC(158)   Notify Soft/WeakReferences: 0.0ms
[43.193s][debug  ][gc,phases,ref  ] GC(158)     SoftRef (ms):                  skipped
[43.193s][debug  ][gc,phases,ref  ] GC(158)     WeakRef (ms):                  skipped
[43.193s][debug  ][gc,phases,ref  ] GC(158)     FinalRef (ms):                 skipped
[43.193s][debug  ][gc,phases,ref  ] GC(158)     Total (ms):                    skipped
[43.194s][debug  ][gc,phases,ref  ] GC(158)   Notify and keep alive finalizable: 0.0ms
[43.194s][debug  ][gc,phases,ref  ] GC(158)     FinalRef (ms):                 skipped
[43.194s][debug  ][gc,phases,ref  ] GC(158)   Notify PhantomReferences: 0.0ms
[43.194s][debug  ][gc,phases,ref  ] GC(158)     PhantomRef (ms):               skipped
[43.194s][debug  ][gc,phases,ref  ] GC(158)   SoftReference:
[43.194s][debug  ][gc,phases,ref  ] GC(158)     Discovered: 0
[43.194s][debug  ][gc,phases,ref  ] GC(158)     Cleared: 0
[43.194s][debug  ][gc,phases,ref  ] GC(158)   WeakReference:
[43.194s][debug  ][gc,phases,ref  ] GC(158)     Discovered: 0
[43.194s][debug  ][gc,phases,ref  ] GC(158)     Cleared: 0
[43.194s][debug  ][gc,phases,ref  ] GC(158)   FinalReference:
[43.194s][debug  ][gc,phases,ref  ] GC(158)     Discovered: 0
[43.194s][debug  ][gc,phases,ref  ] GC(158)     Cleared: 0
[43.194s][debug  ][gc,phases,ref  ] GC(158)   PhantomReference:
[43.194s][debug  ][gc,phases,ref  ] GC(158)     Discovered: 0
[43.194s][debug  ][gc,phases,ref  ] GC(158)     Cleared: 0
[43.194s][debug  ][gc,phases      ] GC(158) Reference Processing 0.704ms
[43.194s][debug  ][gc,phases,start] GC(158) Weak Processing
[43.194s][debug  ][gc,phases      ] GC(158)   VM Weak                        Min:  0.0, Avg:  0.0, Max:  0.0, Diff:  0.0, Sum:  0.0, Workers: 6
[43.194s][debug  ][gc,phases      ] GC(158)     Dead                           Min: 0, Avg:  0.0, Max: 0, Diff: 0, Sum: 0, Workers: 6
[43.194s][debug  ][gc,phases      ] GC(158)     Total                          Min: 0, Avg:  1.3, Max: 8, Diff: 8, Sum: 8, Workers: 6
[43.194s][debug  ][gc,phases      ] GC(158)   ObjectSynchronizer Weak        Min:  0.0, Avg:  0.0, Max:  0.0, Diff:  0.0, Sum:  0.0, Workers: 6
[43.194s][debug  ][gc,phases      ] GC(158)     Dead                           Min: 0, Avg:  0.0, Max: 0, Diff: 0, Sum: 0, Workers: 6
[43.194s][debug  ][gc,phases      ] GC(158)     Total                          Min: 0, Avg:  0.5, Max: 3, Diff: 3, Sum: 3, Workers: 6
[43.194s][debug  ][gc,phases      ] GC(158)   JVMTI Tag Weak OopStorage      Min:  0.0, Avg:  0.0, Max:  0.0, Diff:  0.0, Sum:  0.0, Workers: 6
[43.194s][debug  ][gc,phases      ] GC(158)     Dead                           Min: 0, Avg:  0.0, Max: 0, Diff: 0, Sum: 0, Workers: 6
[43.194s][debug  ][gc,phases      ] GC(158)     Total                          Min: 0, Avg:  0.0, Max: 0, Diff: 0, Sum: 0, Workers: 6
[43.194s][debug  ][gc,phases      ] GC(158)   StringTable Weak               Min:  0.0, Avg:  0.0, Max:  0.0, Diff:  0.0, Sum:  0.0, Workers: 6
[43.194s][debug  ][gc,phases      ] GC(158)     Dead                           Min: 0, Avg:  0.0, Max: 0, Diff: 0, Sum: 0, Workers: 6
[43.194s][debug  ][gc,phases      ] GC(158)     Total                          Min: 767, Avg: 891.8, Max: 1152, Diff: 385, Sum: 5351, Workers: 6
[43.194s][debug  ][gc,phases      ] GC(158)   ResolvedMethodTable Weak       Min:  0.0, Avg:  0.0, Max:  0.0, Diff:  0.0, Sum:  0.0, Workers: 6
[43.194s][debug  ][gc,phases      ] GC(158)     Dead                           Min: 0, Avg:  0.0, Max: 0, Diff: 0, Sum: 0, Workers: 6
[43.194s][debug  ][gc,phases      ] GC(158)     Total                          Min: 0, Avg: 21.7, Max: 64, Diff: 64, Sum: 130, Workers: 6
[43.194s][debug  ][gc,phases      ] GC(158)   JNI Weak                       Min:  0.0, Avg:  0.0, Max:  0.0, Diff:  0.0, Sum:  0.0, Workers: 6
[43.194s][debug  ][gc,phases      ] GC(158)     Dead                           Min: 0, Avg:  0.0, Max: 0, Diff: 0, Sum: 0, Workers: 6
[43.194s][debug  ][gc,phases      ] GC(158)     Total                          Min: 0, Avg:  0.0, Max: 0, Diff: 0, Sum: 0, Workers: 6
[43.194s][debug  ][gc,phases      ] GC(158)   StringDedup Table Weak         Min:  0.0, Avg:  0.0, Max:  0.0, Diff:  0.0, Sum:  0.0, Workers: 6
[43.194s][debug  ][gc,phases      ] GC(158)     Dead                           Min: 0, Avg:  0.0, Max: 0, Diff: 0, Sum: 0, Workers: 6
[43.195s][debug  ][gc,phases      ] GC(158)     Total                          Min: 0, Avg:  0.0, Max: 0, Diff: 0, Sum: 0, Workers: 6
[43.195s][debug  ][gc,phases      ] GC(158)   StringDedup Requests0 Weak     Min:  0.0, Avg:  0.0, Max:  0.0, Diff:  0.0, Sum:  0.0, Workers: 6
[43.195s][debug  ][gc,phases      ] GC(158)     Dead                           Min: 0, Avg:  0.0, Max: 0, Diff: 0, Sum: 0, Workers: 6
[43.195s][debug  ][gc,phases      ] GC(158)     Total                          Min: 0, Avg:  0.0, Max: 0, Diff: 0, Sum: 0, Workers: 6
[43.195s][debug  ][gc,phases      ] GC(158)   StringDedup Requests1 Weak     Min:  0.0, Avg:  0.0, Max:  0.0, Diff:  0.0, Sum:  0.0, Workers: 6
[43.195s][debug  ][gc,phases      ] GC(158)     Dead                           Min: 0, Avg:  0.0, Max: 0, Diff: 0, Sum: 0, Workers: 6
[43.195s][debug  ][gc,phases      ] GC(158)     Total                          Min: 0, Avg:  0.0, Max: 0, Diff: 0, Sum: 0, Workers: 6
[43.195s][debug  ][gc,phases      ] GC(158)   Weak JFR Old Object Samples    Min:  0.0, Avg:  0.0, Max:  0.0, Diff:  0.0, Sum:  0.0, Workers: 6
[43.195s][debug  ][gc,phases      ] GC(158)     Dead                           Min: 0, Avg:  0.0, Max: 0, Diff: 0, Sum: 0, Workers: 6
[43.195s][debug  ][gc,phases      ] GC(158)     Total                          Min: 0, Avg:  0.0, Max: 0, Diff: 0, Sum: 0, Workers: 6
[43.195s][debug  ][gc,phases      ] GC(158) Weak Processing 0.816ms
[43.195s][debug  ][gc,ergo        ] GC(158) AdaptiveSizeStart:  collection: 159 
[43.195s][debug  ][gc,ergo        ] GC(158) avg_survived_padded_avg: 32606034.000000
[43.195s][debug  ][gc,ergo        ] GC(158) avg_promoted_padded_avg: 265285968.000000  avg_pretenured_padded_avg: 0.000000  tenuring_thresh: 15  target_size: 33030144
[43.195s][debug  ][gc,age         ] GC(158) Desired survivor size 33030144 bytes, new threshold 15 (max threshold 15)
[43.195s][debug  ][gc,ergo        ] GC(158) PSAdaptiveSizePolicy::compute_eden_space_size limits: desired_eden_size: 220783062 old_eden_size: 202375168 eden_limit: 202375168 cur_eden: 202375168 max_eden_size: 202375168 avg_young_live: 27145228
[43.195s][debug  ][gc,ergo        ] GC(158) PSAdaptiveSizePolicy::compute_eden_space_size: costs minor_time: 0.043990 major_cost: 0.053737 mutator_cost: 0.902272 throughput_goal: 0.990000
[43.195s][debug  ][gc,ergo        ] GC(158) Live_space: 1076778112 free_space: 1377828864
[43.195s][debug  ][gc,ergo        ] GC(158) Old eden_size: 202375168 desired_eden_size: 202375168
[43.195s][debug  ][gc,ergo        ] GC(158) AdaptiveSizeStop: collection: 159 
[43.195s][info   ][gc,heap        ] GC(158) PSYoungGen: 218877K(229888K)->30720K(229888K) Eden: 188156K(197632K)->0K(197632K) From: 30720K(32256K)->30720K(32256K)
[43.195s][info   ][gc,heap        ] GC(158) ParOldGen: 1066596K(1835008K)->1250916K(1835008K)
[43.195s][info   ][gc,metaspace   ] GC(158) Metaspace: 1022K(1216K)->1022K(1216K) NonClass: 938K(1024K)->938K(1024K) Class: 83K(192K)->83K(192K)
[43.195s][info   ][gc             ] GC(158) Pause Young (Allocation Failure) 1255M->1251M(2016M) 15.639ms
[43.195s][info   ][gc,cpu         ] GC(158) User=0.09s Sys=0.00s Real=0.02s
[43.195s][debug  ][gc,heap        ] GC(158) Heap after GC invocations=159 (full 25):
[43.195s][debug  ][gc,heap        ] GC(158)  PSYoungGen      total 229888K, used 30720K [0x00000000f0000000, 0x0000000100000000, 0x0000000100000000)
[43.195s][debug  ][gc,heap        ] GC(158)   eden space 197632K, 0% used [0x00000000f0000000,0x00000000f0000000,0x00000000fc100000)
[43.195s][debug  ][gc,heap        ] GC(158)   from space 32256K, 95% used [0x00000000fc100000,0x00000000fdf00030,0x00000000fe080000)
[43.195s][debug  ][gc,heap        ] GC(158)   to   space 32256K, 0% used [0x00000000fe080000,0x00000000fe080000,0x0000000100000000)
[43.195s][debug  ][gc,heap        ] GC(158)  ParOldGen       total 1835008K, used 1250916K [0x0000000080000000, 0x00000000f0000000, 0x00000000f0000000)
[43.195s][debug  ][gc,heap        ] GC(158)   object space 1835008K, 68% used [0x0000000080000000,0x00000000cc5992b8,0x00000000f0000000)
[43.195s][debug  ][gc,heap        ] GC(158)  Metaspace       used 1022K, committed 1216K, reserved 1056768K
[43.195s][debug  ][gc,heap        ] GC(158)   class space    used 83K, committed 192K, reserved 1048576K
[43.195s][debug  ][gc,task,time   ] GC(158) VM-Thread 431790032 431932013 431953854
[43.479s][debug  ][gc,heap        ] GC(159) Heap before GC invocations=160 (full 25):
[43.479s][debug  ][gc,heap        ] GC(159)  PSYoungGen      total 229888K, used 218889K [0x00000000f0000000, 0x0000000100000000, 0x0000000100000000)
[43.479s][debug  ][gc,heap        ] GC(159)   eden space 197632K, 95% used [0x00000000f0000000,0x00000000fb7c2550,0x00000000fc100000)
[43.479s][debug  ][gc,heap        ] GC(159)   from space 32256K, 95% used [0x00000000fc100000,0x00000000fdf00030,0x00000000fe080000)
[43.479s][debug  ][gc,heap        ] GC(159)   to   space 32256K, 0% used [0x00000000fe080000,0x00000000fe080000,0x0000000100000000)
[43.479s][debug  ][gc,heap        ] GC(159)  ParOldGen       total 1835008K, used 1250916K [0x0000000080000000, 0x00000000f0000000, 0x00000000f0000000)
[43.479s][debug  ][gc,heap        ] GC(159)   object space 1835008K, 68% used [0x0000000080000000,0x00000000cc5992b8,0x00000000f0000000)
[43.479s][debug  ][gc,heap        ] GC(159)  Metaspace       used 1022K, committed 1216K, reserved 1056768K
[43.479s][debug  ][gc,heap        ] GC(159)   class space    used 83K, committed 192K, reserved 1048576K
[43.479s][debug  ][gc,tlab        ] GC(159) TLAB totals: thrds: 1  refills: 1 max: 1 slow allocs: 17 max 17 waste: 27.3% gc: 3941424B max: 3941424B slow: 0B max: 0B
[43.479s][info   ][gc,start       ] GC(159) Pause Young (Allocation Failure)
[43.479s][debug  ][gc,phases,start] GC(159) Scavenge
[43.493s][debug  ][gc,phases      ] GC(159) Scavenge 13.982ms
[43.493s][debug  ][gc,phases,start] GC(159) Reference Processing
[43.493s][debug  ][gc,ref         ] GC(159) Skipped phase 1 of Reference Processing: no references
[43.493s][debug  ][gc,ref         ] GC(159) Skipped phase 2 of Reference Processing: no references
[43.493s][debug  ][gc,ref         ] GC(159) Skipped phase 3 of Reference Processing: no references
[43.493s][debug  ][gc,ref         ] GC(159) Skipped phase 4 of Reference Processing: no references
[43.493s][debug  ][gc,phases,ref  ] GC(159) Reference Processing: 0.1ms
[43.493s][debug  ][gc,phases,ref  ] GC(159)   Reconsider SoftReferences: 0.0ms
[43.493s][debug  ][gc,phases,ref  ] GC(159)     SoftRef (ms):                  skipped
[43.494s][debug  ][gc,phases,ref  ] GC(159)   Notify Soft/WeakReferences: 0.0ms
[43.494s][debug  ][gc,phases,ref  ] GC(159)     SoftRef (ms):                  skipped
[43.494s][debug  ][gc,phases,ref  ] GC(159)     WeakRef (ms):                  skipped
[43.494s][debug  ][gc,phases,ref  ] GC(159)     FinalRef (ms):                 skipped
[43.494s][debug  ][gc,phases,ref  ] GC(159)     Total (ms):                    skipped
[43.494s][debug  ][gc,phases,ref  ] GC(159)   Notify and keep alive finalizable: 0.0ms
[43.494s][debug  ][gc,phases,ref  ] GC(159)     FinalRef (ms):                 skipped
[43.494s][debug  ][gc,phases,ref  ] GC(159)   Notify PhantomReferences: 0.0ms
[43.494s][debug  ][gc,phases,ref  ] GC(159)     PhantomRef (ms):               skipped
[43.494s][debug  ][gc,phases,ref  ] GC(159)   SoftReference:
[43.494s][debug  ][gc,phases,ref  ] GC(159)     Discovered: 0
[43.494s][debug  ][gc,phases,ref  ] GC(159)     Cleared: 0
[43.494s][debug  ][gc,phases,ref  ] GC(159)   WeakReference:
[43.494s][debug  ][gc,phases,ref  ] GC(159)     Discovered: 0
[43.494s][debug  ][gc,phases,ref  ] GC(159)     Cleared: 0
[43.494s][debug  ][gc,phases,ref  ] GC(159)   FinalReference:
[43.494s][debug  ][gc,phases,ref  ] GC(159)     Discovered: 0
[43.494s][debug  ][gc,phases,ref  ] GC(159)     Cleared: 0
[43.494s][debug  ][gc,phases,ref  ] GC(159)   PhantomReference:
[43.494s][debug  ][gc,phases,ref  ] GC(159)     Discovered: 0
[43.494s][debug  ][gc,phases,ref  ] GC(159)     Cleared: 0
[43.494s][debug  ][gc,phases      ] GC(159) Reference Processing 0.869ms
[43.494s][debug  ][gc,phases,start] GC(159) Weak Processing
[43.494s][debug  ][gc,phases      ] GC(159)   VM Weak                        Min:  0.0, Avg:  0.0, Max:  0.0, Diff:  0.0, Sum:  0.0, Workers: 6
[43.494s][debug  ][gc,phases      ] GC(159)     Dead                           Min: 0, Avg:  0.0, Max: 0, Diff: 0, Sum: 0, Workers: 6
[43.494s][debug  ][gc,phases      ] GC(159)     Total                          Min: 0, Avg:  1.3, Max: 8, Diff: 8, Sum: 8, Workers: 6
[43.494s][debug  ][gc,phases      ] GC(159)   ObjectSynchronizer Weak        Min:  0.0, Avg:  0.0, Max:  0.0, Diff:  0.0, Sum:  0.0, Workers: 6
[43.494s][debug  ][gc,phases      ] GC(159)     Dead                           Min: 0, Avg:  0.0, Max: 0, Diff: 0, Sum: 0, Workers: 6
[43.494s][debug  ][gc,phases      ] GC(159)     Total                          Min: 0, Avg:  0.5, Max: 3, Diff: 3, Sum: 3, Workers: 6
[43.495s][debug  ][gc,phases      ] GC(159)   JVMTI Tag Weak OopStorage      Min:  0.0, Avg:  0.0, Max:  0.0, Diff:  0.0, Sum:  0.0, Workers: 6
[43.495s][debug  ][gc,phases      ] GC(159)     Dead                           Min: 0, Avg:  0.0, Max: 0, Diff: 0, Sum: 0, Workers: 6
[43.495s][debug  ][gc,phases      ] GC(159)     Total                          Min: 0, Avg:  0.0, Max: 0, Diff: 0, Sum: 0, Workers: 6
[43.495s][debug  ][gc,phases      ] GC(159)   StringTable Weak               Min:  0.0, Avg:  0.0, Max:  0.0, Diff:  0.0, Sum:  0.0, Workers: 6
[43.495s][debug  ][gc,phases      ] GC(159)     Dead                           Min: 0, Avg:  0.0, Max: 0, Diff: 0, Sum: 0, Workers: 6
[43.495s][debug  ][gc,phases      ] GC(159)     Total                          Min: 640, Avg: 891.8, Max: 1216, Diff: 576, Sum: 5351, Workers: 6
[43.495s][debug  ][gc,phases      ] GC(159)   ResolvedMethodTable Weak       Min:  0.0, Avg:  0.0, Max:  0.0, Diff:  0.0, Sum:  0.0, Workers: 6
[43.495s][debug  ][gc,phases      ] GC(159)     Dead                           Min: 0, Avg:  0.0, Max: 0, Diff: 0, Sum: 0, Workers: 6
[43.495s][debug  ][gc,phases      ] GC(159)     Total                          Min: 0, Avg: 21.7, Max: 64, Diff: 64, Sum: 130, Workers: 6
[43.495s][debug  ][gc,phases      ] GC(159)   JNI Weak                       Min:  0.0, Avg:  0.0, Max:  0.0, Diff:  0.0, Sum:  0.0, Workers: 6
[43.495s][debug  ][gc,phases      ] GC(159)     Dead                           Min: 0, Avg:  0.0, Max: 0, Diff: 0, Sum: 0, Workers: 6
[43.495s][debug  ][gc,phases      ] GC(159)     Total                          Min: 0, Avg:  0.0, Max: 0, Diff: 0, Sum: 0, Workers: 6
[43.495s][debug  ][gc,phases      ] GC(159)   StringDedup Table Weak         Min:  0.0, Avg:  0.0, Max:  0.0, Diff:  0.0, Sum:  0.0, Workers: 6
[43.495s][debug  ][gc,phases      ] GC(159)     Dead                           Min: 0, Avg:  0.0, Max: 0, Diff: 0, Sum: 0, Workers: 6
[43.495s][debug  ][gc,phases      ] GC(159)     Total                          Min: 0, Avg:  0.0, Max: 0, Diff: 0, Sum: 0, Workers: 6
[43.495s][debug  ][gc,phases      ] GC(159)   StringDedup Requests0 Weak     Min:  0.0, Avg:  0.0, Max:  0.0, Diff:  0.0, Sum:  0.0, Workers: 6
[43.495s][debug  ][gc,phases      ] GC(159)     Dead                           Min: 0, Avg:  0.0, Max: 0, Diff: 0, Sum: 0, Workers: 6
[43.495s][debug  ][gc,phases      ] GC(159)     Total                          Min: 0, Avg:  0.0, Max: 0, Diff: 0, Sum: 0, Workers: 6
[43.495s][debug  ][gc,phases      ] GC(159)   StringDedup Requests1 Weak     Min:  0.0, Avg:  0.0, Max:  0.0, Diff:  0.0, Sum:  0.0, Workers: 6
[43.495s][debug  ][gc,phases      ] GC(159)     Dead                           Min: 0, Avg:  0.0, Max: 0, Diff: 0, Sum: 0, Workers: 6
[43.495s][debug  ][gc,phases      ] GC(159)     Total                          Min: 0, Avg:  0.0, Max: 0, Diff: 0, Sum: 0, Workers: 6
[43.495s][debug  ][gc,phases      ] GC(159)   Weak JFR Old Object Samples    Min:  0.0, Avg:  0.0, Max:  0.0, Diff:  0.0, Sum:  0.0, Workers: 6
[43.495s][debug  ][gc,phases      ] GC(159)     Dead                           Min: 0, Avg:  0.0, Max: 0, Diff: 0, Sum: 0, Workers: 6
[43.495s][debug  ][gc,phases      ] GC(159)     Total                          Min: 0, Avg:  0.0, Max: 0, Diff: 0, Sum: 0, Workers: 6
[43.495s][debug  ][gc,phases      ] GC(159) Weak Processing 1.169ms
[43.495s][debug  ][gc,ergo        ] GC(159) AdaptiveSizeStart:  collection: 160 
[43.495s][debug  ][gc,ergo        ] GC(159) avg_survived_padded_avg: 32519044.000000
[43.495s][debug  ][gc,ergo        ] GC(159) avg_promoted_padded_avg: 265313632.000000  avg_pretenured_padded_avg: 0.000000  tenuring_thresh: 15  target_size: 33030144
[43.495s][debug  ][gc,age         ] GC(159) Desired survivor size 33030144 bytes, new threshold 15 (max threshold 15)
[43.495s][debug  ][gc,ergo        ] GC(159) PSAdaptiveSizePolicy::compute_eden_space_size limits: desired_eden_size: 221333023 old_eden_size: 202375168 eden_limit: 202375168 cur_eden: 202375168 max_eden_size: 202375168 avg_young_live: 27576436
[43.496s][debug  ][gc,ergo        ] GC(159) PSAdaptiveSizePolicy::compute_eden_space_size: costs minor_time: 0.046440 major_cost: 0.053737 mutator_cost: 0.899822 throughput_goal: 0.990000
[43.496s][debug  ][gc,ergo        ] GC(159) Live_space: 1077209344 free_space: 1377828864
[43.496s][debug  ][gc,ergo        ] GC(159) Old eden_size: 202375168 desired_eden_size: 202375168
[43.496s][debug  ][gc,ergo        ] GC(159) AdaptiveSizeStop: collection: 160 
[43.496s][info   ][gc,heap        ] GC(159) PSYoungGen: 218889K(229888K)->30720K(229888K) Eden: 188169K(197632K)->0K(197632K) From: 30720K(32256K)->30720K(32256K)
[43.496s][info   ][gc,heap        ] GC(159) ParOldGen: 1250916K(1835008K)->1435236K(1835008K)
[43.496s][info   ][gc,metaspace   ] GC(159) Metaspace: 1022K(1216K)->1022K(1216K) NonClass: 938K(1024K)->938K(1024K) Class: 83K(192K)->83K(192K)
[43.496s][info   ][gc             ] GC(159) Pause Young (Allocation Failure) 1435M->1431M(2016M) 16.577ms
[43.496s][info   ][gc,cpu         ] GC(159) User=0.09s Sys=0.00s Real=0.02s
[43.496s][debug  ][gc,heap        ] GC(159) Heap after GC invocations=160 (full 25):
[43.496s][debug  ][gc,heap        ] GC(159)  PSYoungGen      total 229888K, used 30720K [0x00000000f0000000, 0x0000000100000000, 0x0000000100000000)
[43.496s][debug  ][gc,heap        ] GC(159)   eden space 197632K, 0% used [0x00000000f0000000,0x00000000f0000000,0x00000000fc100000)
[43.496s][debug  ][gc,heap        ] GC(159)   from space 32256K, 95% used [0x00000000fe080000,0x00000000ffe80030,0x0000000100000000)
[43.496s][debug  ][gc,heap        ] GC(159)   to   space 32256K, 0% used [0x00000000fc100000,0x00000000fc100000,0x00000000fe080000)
[43.496s][debug  ][gc,heap        ] GC(159)  ParOldGen       total 1835008K, used 1435236K [0x0000000080000000, 0x00000000f0000000, 0x00000000f0000000)
[43.496s][debug  ][gc,heap        ] GC(159)   object space 1835008K, 78% used [0x0000000080000000,0x00000000d79993d8,0x00000000f0000000)
[43.496s][debug  ][gc,heap        ] GC(159)  Metaspace       used 1022K, committed 1216K, reserved 1056768K
[43.496s][debug  ][gc,heap        ] GC(159)   class space    used 83K, committed 192K, reserved 1048576K
[43.496s][debug  ][gc,task,time   ] GC(159) VM-Thread 434786788 434932713 434960501
[43.781s][debug  ][gc,heap        ] GC(160) Heap before GC invocations=161 (full 25):
[43.781s][debug  ][gc,heap        ] GC(160)  PSYoungGen      total 229888K, used 218897K [0x00000000f0000000, 0x0000000100000000, 0x0000000100000000)
[43.781s][debug  ][gc,heap        ] GC(160)   eden space 197632K, 95% used [0x00000000f0000000,0x00000000fb7c4528,0x00000000fc100000)
[43.781s][debug  ][gc,heap        ] GC(160)   from space 32256K, 95% used [0x00000000fe080000,0x00000000ffe80030,0x0000000100000000)
[43.781s][debug  ][gc,heap        ] GC(160)   to   space 32256K, 0% used [0x00000000fc100000,0x00000000fc100000,0x00000000fe080000)
[43.781s][debug  ][gc,heap        ] GC(160)  ParOldGen       total 1835008K, used 1435236K [0x0000000080000000, 0x00000000f0000000, 0x00000000f0000000)
[43.781s][debug  ][gc,heap        ] GC(160)   object space 1835008K, 78% used [0x0000000080000000,0x00000000d79993d8,0x00000000f0000000)
[43.781s][debug  ][gc,heap        ] GC(160)  Metaspace       used 1022K, committed 1216K, reserved 1056768K
[43.781s][debug  ][gc,heap        ] GC(160)   class space    used 83K, committed 192K, reserved 1048576K
[43.782s][debug  ][gc,tlab        ] GC(160) TLAB totals: thrds: 1  refills: 1 max: 1 slow allocs: 17 max 17 waste: 27.4% gc: 3949576B max: 3949576B slow: 0B max: 0B
[43.782s][info   ][gc,start       ] GC(160) Pause Young (Allocation Failure)
[43.782s][debug  ][gc,phases,start] GC(160) Scavenge
[43.796s][debug  ][gc,phases      ] GC(160) Scavenge 13.857ms
[43.796s][debug  ][gc,phases,start] GC(160) Reference Processing
[43.796s][debug  ][gc,ref         ] GC(160) Skipped phase 1 of Reference Processing: no references
[43.796s][debug  ][gc,ref         ] GC(160) Skipped phase 2 of Reference Processing: no references
[43.796s][debug  ][gc,ref         ] GC(160) Skipped phase 3 of Reference Processing: no references
[43.796s][debug  ][gc,ref         ] GC(160) Skipped phase 4 of Reference Processing: no references
[43.796s][debug  ][gc,phases,ref  ] GC(160) Reference Processing: 0.1ms
[43.796s][debug  ][gc,phases,ref  ] GC(160)   Reconsider SoftReferences: 0.0ms
[43.796s][debug  ][gc,phases,ref  ] GC(160)     SoftRef (ms):                  skipped
[43.796s][debug  ][gc,phases,ref  ] GC(160)   Notify Soft/WeakReferences: 0.0ms
[43.796s][debug  ][gc,phases,ref  ] GC(160)     SoftRef (ms):                  skipped
[43.796s][debug  ][gc,phases,ref  ] GC(160)     WeakRef (ms):                  skipped
[43.796s][debug  ][gc,phases,ref  ] GC(160)     FinalRef (ms):                 skipped
[43.796s][debug  ][gc,phases,ref  ] GC(160)     Total (ms):                    skipped
[43.796s][debug  ][gc,phases,ref  ] GC(160)   Notify and keep alive finalizable: 0.0ms
[43.796s][debug  ][gc,phases,ref  ] GC(160)     FinalRef (ms):                 skipped
[43.796s][debug  ][gc,phases,ref  ] GC(160)   Notify PhantomReferences: 0.0ms
[43.796s][debug  ][gc,phases,ref  ] GC(160)     PhantomRef (ms):               skipped
[43.796s][debug  ][gc,phases,ref  ] GC(160)   SoftReference:
[43.796s][debug  ][gc,phases,ref  ] GC(160)     Discovered: 0
[43.796s][debug  ][gc,phases,ref  ] GC(160)     Cleared: 0
[43.796s][debug  ][gc,phases,ref  ] GC(160)   WeakReference:
[43.796s][debug  ][gc,phases,ref  ] GC(160)     Discovered: 0
[43.796s][debug  ][gc,phases,ref  ] GC(160)     Cleared: 0
[43.796s][debug  ][gc,phases,ref  ] GC(160)   FinalReference:
[43.796s][debug  ][gc,phases,ref  ] GC(160)     Discovered: 0
[43.796s][debug  ][gc,phases,ref  ] GC(160)     Cleared: 0
[43.796s][debug  ][gc,phases,ref  ] GC(160)   PhantomReference:
[43.796s][debug  ][gc,phases,ref  ] GC(160)     Discovered: 0
[43.796s][debug  ][gc,phases,ref  ] GC(160)     Cleared: 0
[43.796s][debug  ][gc,phases      ] GC(160) Reference Processing 0.689ms
[43.796s][debug  ][gc,phases,start] GC(160) Weak Processing
[43.796s][debug  ][gc,phases      ] GC(160)   VM Weak                        Min:  0.0, Avg:  0.0, Max:  0.0, Diff:  0.0, Sum:  0.0, Workers: 6
[43.796s][debug  ][gc,phases      ] GC(160)     Dead                           Min: 0, Avg:  0.0, Max: 0, Diff: 0, Sum: 0, Workers: 6
[43.796s][debug  ][gc,phases      ] GC(160)     Total                          Min: 0, Avg:  1.3, Max: 8, Diff: 8, Sum: 8, Workers: 6
[43.796s][debug  ][gc,phases      ] GC(160)   ObjectSynchronizer Weak        Min:  0.0, Avg:  0.0, Max:  0.0, Diff:  0.0, Sum:  0.0, Workers: 6
[43.797s][debug  ][gc,phases      ] GC(160)     Dead                           Min: 0, Avg:  0.0, Max: 0, Diff: 0, Sum: 0, Workers: 6
[43.797s][debug  ][gc,phases      ] GC(160)     Total                          Min: 0, Avg:  0.5, Max: 3, Diff: 3, Sum: 3, Workers: 6
[43.797s][debug  ][gc,phases      ] GC(160)   JVMTI Tag Weak OopStorage      Min:  0.0, Avg:  0.0, Max:  0.0, Diff:  0.0, Sum:  0.0, Workers: 6
[43.797s][debug  ][gc,phases      ] GC(160)     Dead                           Min: 0, Avg:  0.0, Max: 0, Diff: 0, Sum: 0, Workers: 6
[43.797s][debug  ][gc,phases      ] GC(160)     Total                          Min: 0, Avg:  0.0, Max: 0, Diff: 0, Sum: 0, Workers: 6
[43.797s][debug  ][gc,phases      ] GC(160)   StringTable Weak               Min:  0.0, Avg:  0.0, Max:  0.0, Diff:  0.0, Sum:  0.1, Workers: 6
[43.797s][debug  ][gc,phases      ] GC(160)     Dead                           Min: 0, Avg:  0.0, Max: 0, Diff: 0, Sum: 0, Workers: 6
[43.797s][debug  ][gc,phases      ] GC(160)     Total                          Min: 832, Avg: 891.8, Max: 960, Diff: 128, Sum: 5351, Workers: 6
[43.797s][debug  ][gc,phases      ] GC(160)   ResolvedMethodTable Weak       Min:  0.0, Avg:  0.0, Max:  0.0, Diff:  0.0, Sum:  0.0, Workers: 6
[43.797s][debug  ][gc,phases      ] GC(160)     Dead                           Min: 0, Avg:  0.0, Max: 0, Diff: 0, Sum: 0, Workers: 6
[43.797s][debug  ][gc,phases      ] GC(160)     Total                          Min: 0, Avg: 21.7, Max: 64, Diff: 64, Sum: 130, Workers: 6
[43.797s][debug  ][gc,phases      ] GC(160)   JNI Weak                       Min:  0.0, Avg:  0.0, Max:  0.0, Diff:  0.0, Sum:  0.0, Workers: 6
[43.797s][debug  ][gc,phases      ] GC(160)     Dead                           Min: 0, Avg:  0.0, Max: 0, Diff: 0, Sum: 0, Workers: 6
[43.797s][debug  ][gc,phases      ] GC(160)     Total                          Min: 0, Avg:  0.0, Max: 0, Diff: 0, Sum: 0, Workers: 6
[43.797s][debug  ][gc,phases      ] GC(160)   StringDedup Table Weak         Min:  0.0, Avg:  0.0, Max:  0.0, Diff:  0.0, Sum:  0.0, Workers: 6
[43.797s][debug  ][gc,phases      ] GC(160)     Dead                           Min: 0, Avg:  0.0, Max: 0, Diff: 0, Sum: 0, Workers: 6
[43.797s][debug  ][gc,phases      ] GC(160)     Total                          Min: 0, Avg:  0.0, Max: 0, Diff: 0, Sum: 0, Workers: 6
[43.797s][debug  ][gc,phases      ] GC(160)   StringDedup Requests0 Weak     Min:  0.0, Avg:  0.0, Max:  0.0, Diff:  0.0, Sum:  0.0, Workers: 6
[43.797s][debug  ][gc,phases      ] GC(160)     Dead                           Min: 0, Avg:  0.0, Max: 0, Diff: 0, Sum: 0, Workers: 6
[43.797s][debug  ][gc,phases      ] GC(160)     Total                          Min: 0, Avg:  0.0, Max: 0, Diff: 0, Sum: 0, Workers: 6
[43.797s][debug  ][gc,phases      ] GC(160)   StringDedup Requests1 Weak     Min:  0.0, Avg:  0.0, Max:  0.0, Diff:  0.0, Sum:  0.0, Workers: 6
[43.797s][debug  ][gc,phases      ] GC(160)     Dead                           Min: 0, Avg:  0.0, Max: 0, Diff: 0, Sum: 0, Workers: 6
[43.797s][debug  ][gc,phases      ] GC(160)     Total                          Min: 0, Avg:  0.0, Max: 0, Diff: 0, Sum: 0, Workers: 6
[43.797s][debug  ][gc,phases      ] GC(160)   Weak JFR Old Object Samples    Min:  0.0, Avg:  0.0, Max:  0.0, Diff:  0.0, Sum:  0.0, Workers: 6
[43.797s][debug  ][gc,phases      ] GC(160)     Dead                           Min: 0, Avg:  0.0, Max: 0, Diff: 0, Sum: 0, Workers: 6
[43.797s][debug  ][gc,phases      ] GC(160)     Total                          Min: 0, Avg:  0.0, Max: 0, Diff: 0, Sum: 0, Workers: 6
[43.797s][debug  ][gc,phases      ] GC(160) Weak Processing 0.870ms
[43.797s][debug  ][gc,ergo        ] GC(160) AdaptiveSizeStart:  collection: 161 
[43.797s][debug  ][gc,ergo        ] GC(160) avg_survived_padded_avg: 32437966.000000
[43.797s][debug  ][gc,ergo        ] GC(160) avg_promoted_padded_avg: 264570320.000000  avg_pretenured_padded_avg: 0.000000  tenuring_thresh: 15  target_size: 32505856
[43.797s][debug  ][gc,age         ] GC(160) Desired survivor size 32505856 bytes, new threshold 15 (max threshold 15)
[43.797s][debug  ][gc,ergo        ] GC(160) PSAdaptiveSizePolicy::compute_eden_space_size limits: desired_eden_size: 221608214 old_eden_size: 202375168 eden_limit: 202375168 cur_eden: 202375168 max_eden_size: 202375168 avg_young_live: 27964524
[43.797s][debug  ][gc,ergo        ] GC(160) PSAdaptiveSizePolicy::compute_eden_space_size: costs minor_time: 0.047713 major_cost: 0.053737 mutator_cost: 0.898549 throughput_goal: 0.990000
[43.797s][debug  ][gc,ergo        ] GC(160) Live_space: 1077597440 free_space: 1377828864
[43.797s][debug  ][gc,ergo        ] GC(160) Old eden_size: 202375168 desired_eden_size: 202375168
[43.797s][debug  ][gc,ergo        ] GC(160) AdaptiveSizeStop: collection: 161 
[43.797s][info   ][gc,heap        ] GC(160) PSYoungGen: 218897K(229888K)->30720K(229888K) Eden: 188177K(197632K)->0K(197632K) From: 30720K(32256K)->30720K(32256K)
[43.797s][info   ][gc,heap        ] GC(160) ParOldGen: 1435236K(1835008K)->1619557K(1835008K)
[43.798s][info   ][gc,metaspace   ] GC(160) Metaspace: 1022K(1216K)->1022K(1216K) NonClass: 938K(1024K)->938K(1024K) Class: 83K(192K)->83K(192K)
[43.798s][info   ][gc             ] GC(160) Pause Young (Allocation Failure) 1615M->1611M(2016M) 15.950ms
[43.798s][info   ][gc,cpu         ] GC(160) User=0.09s Sys=0.00s Real=0.02s
[43.798s][debug  ][gc,heap        ] GC(160) Heap after GC invocations=161 (full 25):
[43.798s][debug  ][gc,heap        ] GC(160)  PSYoungGen      total 229888K, used 30720K [0x00000000f0000000, 0x0000000100000000, 0x0000000100000000)
[43.798s][debug  ][gc,heap        ] GC(160)   eden space 197632K, 0% used [0x00000000f0000000,0x00000000f0000000,0x00000000fc100000)
[43.798s][debug  ][gc,heap        ] GC(160)   from space 32256K, 95% used [0x00000000fc100000,0x00000000fdf00030,0x00000000fe080000)
[43.798s][debug  ][gc,heap        ] GC(160)   to   space 31744K, 0% used [0x00000000fe100000,0x00000000fe100000,0x0000000100000000)
[43.798s][debug  ][gc,heap        ] GC(160)  ParOldGen       total 1835008K, used 1619557K [0x0000000080000000, 0x00000000f0000000, 0x00000000f0000000)
[43.798s][debug  ][gc,heap        ] GC(160)   object space 1835008K, 88% used [0x0000000080000000,0x00000000e2d994f8,0x00000000f0000000)
[43.798s][debug  ][gc,heap        ] GC(160)  Metaspace       used 1022K, committed 1216K, reserved 1056768K
[43.798s][debug  ][gc,heap        ] GC(160)   class space    used 83K, committed 192K, reserved 1048576K
[43.798s][debug  ][gc,task,time   ] GC(160) VM-Thread 437810483 437955914 437978402
[43.798s][debug  ][gc,phases,start] GC(161) Pre Compact
[43.798s][debug  ][gc,heap        ] GC(161) Heap before GC invocations=162 (full 26):
[43.798s][debug  ][gc,heap        ] GC(161)  PSYoungGen      total 229888K, used 30720K [0x00000000f0000000, 0x0000000100000000, 0x0000000100000000)
[43.798s][debug  ][gc,heap        ] GC(161)   eden space 197632K, 0% used [0x00000000f0000000,0x00000000f0000000,0x00000000fc100000)
[43.798s][debug  ][gc,heap        ] GC(161)   from space 32256K, 95% used [0x00000000fc100000,0x00000000fdf00030,0x00000000fe080000)
[43.798s][debug  ][gc,heap        ] GC(161)   to   space 31744K, 0% used [0x00000000fe100000,0x00000000fe100000,0x0000000100000000)
[43.798s][debug  ][gc,heap        ] GC(161)  ParOldGen       total 1835008K, used 1619557K [0x0000000080000000, 0x00000000f0000000, 0x00000000f0000000)
[43.798s][debug  ][gc,heap        ] GC(161)   object space 1835008K, 88% used [0x0000000080000000,0x00000000e2d994f8,0x00000000f0000000)
[43.798s][debug  ][gc,heap        ] GC(161)  Metaspace       used 1022K, committed 1216K, reserved 1056768K
[43.798s][debug  ][gc,heap        ] GC(161)   class space    used 83K, committed 192K, reserved 1048576K
[43.798s][debug  ][gc,phases      ] GC(161) Pre Compact 0.223ms
[43.798s][info   ][gc,start       ] GC(161) Pause Full (Ergonomics)
[43.798s][info   ][gc,phases,start] GC(161) Marking Phase
[43.798s][debug  ][gc,phases,start] GC(161) Par Mark
[43.799s][debug  ][gc,phases      ] GC(161) Par Mark 0.536ms
[43.799s][debug  ][gc,phases,start] GC(161) Reference Processing
[43.799s][debug  ][gc,ref         ] GC(161) Skipped phase 1 of Reference Processing: no references
[43.799s][debug  ][gc,ref         ] GC(161) ReferenceProcessor::execute queues: 1, RefProcThreadModel::Single, marks_oops_alive: false
[43.799s][debug  ][gc,ref         ] GC(161) Skipped phase 3 of Reference Processing: no references
[43.799s][debug  ][gc,ref         ] GC(161) ReferenceProcessor::execute queues: 1, RefProcThreadModel::Single, marks_oops_alive: false
[43.799s][debug  ][gc,phases,ref  ] GC(161) Reference Processing: 0.1ms
[43.799s][debug  ][gc,phases,ref  ] GC(161)   Reconsider SoftReferences: 0.0ms
[43.799s][debug  ][gc,phases,ref  ] GC(161)     SoftRef (ms):                  skipped
[43.799s][debug  ][gc,phases,ref  ] GC(161)   Notify Soft/WeakReferences: 0.0ms
[43.799s][debug  ][gc,phases,ref  ] GC(161)     SoftRef (ms):                  Min:  0.0, Avg:  0.0, Max:  0.0, Diff:  0.0, Sum:  0.0, Workers: 6
[43.799s][debug  ][gc,phases,ref  ] GC(161)     WeakRef (ms):                  Min:  0.0, Avg:  0.0, Max:  0.0, Diff:  0.0, Sum:  0.0, Workers: 6
[43.799s][debug  ][gc,phases,ref  ] GC(161)     FinalRef (ms):                 Min:  0.0, Avg:  0.0, Max:  0.0, Diff:  0.0, Sum:  0.0, Workers: 6
[43.799s][debug  ][gc,phases,ref  ] GC(161)     Total (ms):                    Min:  0.0, Avg:  0.0, Max:  0.0, Diff:  0.0, Sum:  0.0, Workers: 6
[43.799s][debug  ][gc,phases,ref  ] GC(161)   Notify and keep alive finalizable: 0.0ms
[43.799s][debug  ][gc,phases,ref  ] GC(161)     FinalRef (ms):                 skipped
[43.799s][debug  ][gc,phases,ref  ] GC(161)   Notify PhantomReferences: 0.0ms
[43.799s][debug  ][gc,phases,ref  ] GC(161)     PhantomRef (ms):               Min:  0.0, Avg:  0.0, Max:  0.0, Diff:  0.0, Sum:  0.0, Workers: 6
[43.799s][debug  ][gc,phases,ref  ] GC(161)   SoftReference:
[43.799s][debug  ][gc,phases,ref  ] GC(161)     Discovered: 0
[43.799s][debug  ][gc,phases,ref  ] GC(161)     Cleared: 0
[43.799s][debug  ][gc,phases,ref  ] GC(161)   WeakReference:
[43.799s][debug  ][gc,phases,ref  ] GC(161)     Discovered: 107
[43.799s][debug  ][gc,phases,ref  ] GC(161)     Cleared: 107
[43.799s][debug  ][gc,phases,ref  ] GC(161)   FinalReference:
[43.799s][debug  ][gc,phases,ref  ] GC(161)     Discovered: 0
[43.799s][debug  ][gc,phases,ref  ] GC(161)     Cleared: 0
[43.799s][debug  ][gc,phases,ref  ] GC(161)   PhantomReference:
[43.799s][debug  ][gc,phases,ref  ] GC(161)     Discovered: 3
[43.800s][debug  ][gc,phases,ref  ] GC(161)     Cleared: 3
[43.800s][debug  ][gc,phases      ] GC(161) Reference Processing 0.772ms
[43.800s][debug  ][gc,phases,start] GC(161) Weak Processing
[43.800s][debug  ][gc,phases      ] GC(161)   VM Weak                        Min:  0.0, Avg:  0.0, Max:  0.0, Diff:  0.0, Sum:  0.0, Workers: 6
[43.800s][debug  ][gc,phases      ] GC(161)     Dead                           Min: 0, Avg:  0.0, Max: 0, Diff: 0, Sum: 0, Workers: 6
[43.800s][debug  ][gc,phases      ] GC(161)     Total                          Min: 0, Avg:  1.3, Max: 8, Diff: 8, Sum: 8, Workers: 6
[43.800s][debug  ][gc,phases      ] GC(161)   ObjectSynchronizer Weak        Min:  0.0, Avg:  0.0, Max:  0.0, Diff:  0.0, Sum:  0.0, Workers: 6
[43.800s][debug  ][gc,phases      ] GC(161)     Dead                           Min: 0, Avg:  0.0, Max: 0, Diff: 0, Sum: 0, Workers: 6
[43.800s][debug  ][gc,phases      ] GC(161)     Total                          Min: 0, Avg:  0.5, Max: 3, Diff: 3, Sum: 3, Workers: 6
[43.800s][debug  ][gc,phases      ] GC(161)   JVMTI Tag Weak OopStorage      Min:  0.0, Avg:  0.0, Max:  0.0, Diff:  0.0, Sum:  0.0, Workers: 6
[43.800s][debug  ][gc,phases      ] GC(161)     Dead                           Min: 0, Avg:  0.0, Max: 0, Diff: 0, Sum: 0, Workers: 6
[43.800s][debug  ][gc,phases      ] GC(161)     Total                          Min: 0, Avg:  0.0, Max: 0, Diff: 0, Sum: 0, Workers: 6
[43.800s][debug  ][gc,phases      ] GC(161)   StringTable Weak               Min:  0.0, Avg:  0.0, Max:  0.0, Diff:  0.0, Sum:  0.0, Workers: 6
[43.800s][debug  ][gc,phases      ] GC(161)     Dead                           Min: 0, Avg:  0.0, Max: 0, Diff: 0, Sum: 0, Workers: 6
[43.800s][debug  ][gc,phases      ] GC(161)     Total                          Min: 832, Avg: 891.8, Max: 960, Diff: 128, Sum: 5351, Workers: 6
[43.800s][debug  ][gc,phases      ] GC(161)   ResolvedMethodTable Weak       Min:  0.0, Avg:  0.0, Max:  0.0, Diff:  0.0, Sum:  0.0, Workers: 6
[43.800s][debug  ][gc,phases      ] GC(161)     Dead                           Min: 0, Avg:  0.0, Max: 0, Diff: 0, Sum: 0, Workers: 6
[43.800s][debug  ][gc,phases      ] GC(161)     Total                          Min: 0, Avg: 21.7, Max: 64, Diff: 64, Sum: 130, Workers: 6
[43.800s][debug  ][gc,phases      ] GC(161)   JNI Weak                       Min:  0.0, Avg:  0.0, Max:  0.0, Diff:  0.0, Sum:  0.0, Workers: 6
[43.800s][debug  ][gc,phases      ] GC(161)     Dead                           Min: 0, Avg:  0.0, Max: 0, Diff: 0, Sum: 0, Workers: 6
[43.800s][debug  ][gc,phases      ] GC(161)     Total                          Min: 0, Avg:  0.0, Max: 0, Diff: 0, Sum: 0, Workers: 6
[43.800s][debug  ][gc,phases      ] GC(161)   StringDedup Table Weak         Min:  0.0, Avg:  0.0, Max:  0.0, Diff:  0.0, Sum:  0.0, Workers: 6
[43.800s][debug  ][gc,phases      ] GC(161)     Dead                           Min: 0, Avg:  0.0, Max: 0, Diff: 0, Sum: 0, Workers: 6
[43.800s][debug  ][gc,phases      ] GC(161)     Total                          Min: 0, Avg:  0.0, Max: 0, Diff: 0, Sum: 0, Workers: 6
[43.800s][debug  ][gc,phases      ] GC(161)   StringDedup Requests0 Weak     Min:  0.0, Avg:  0.0, Max:  0.0, Diff:  0.0, Sum:  0.0, Workers: 6
[43.800s][debug  ][gc,phases      ] GC(161)     Dead                           Min: 0, Avg:  0.0, Max: 0, Diff: 0, Sum: 0, Workers: 6
[43.800s][debug  ][gc,phases      ] GC(161)     Total                          Min: 0, Avg:  0.0, Max: 0, Diff: 0, Sum: 0, Workers: 6
[43.800s][debug  ][gc,phases      ] GC(161)   StringDedup Requests1 Weak     Min:  0.0, Avg:  0.0, Max:  0.0, Diff:  0.0, Sum:  0.0, Workers: 6
[43.800s][debug  ][gc,phases      ] GC(161)     Dead                           Min: 0, Avg:  0.0, Max: 0, Diff: 0, Sum: 0, Workers: 6
[43.800s][debug  ][gc,phases      ] GC(161)     Total                          Min: 0, Avg:  0.0, Max: 0, Diff: 0, Sum: 0, Workers: 6
[43.800s][debug  ][gc,phases      ] GC(161)   Weak JFR Old Object Samples    Min:  0.0, Avg:  0.0, Max:  0.0, Diff:  0.0, Sum:  0.0, Workers: 6
[43.800s][debug  ][gc,phases      ] GC(161)     Dead                           Min: 0, Avg:  0.0, Max: 0, Diff: 0, Sum: 0, Workers: 6
[43.800s][debug  ][gc,phases      ] GC(161)     Total                          Min: 0, Avg:  0.0, Max: 0, Diff: 0, Sum: 0, Workers: 6
[43.800s][debug  ][gc,phases      ] GC(161) Weak Processing 0.735ms
[43.800s][debug  ][gc,phases,start] GC(161) Class Unloading
[43.800s][debug  ][gc,phases,start] GC(161) ClassLoaderData
[43.800s][debug  ][gc,phases      ] GC(161) ClassLoaderData 0.019ms
[43.800s][debug  ][gc,phases,start] GC(161) Trigger cleanups
[43.800s][debug  ][gc,phases      ] GC(161) Trigger cleanups 0.019ms
[43.801s][debug  ][gc,phases      ] GC(161) Class Unloading 0.249ms
[43.801s][info   ][gc,phases      ] GC(161) Marking Phase 2.435ms
[43.801s][info   ][gc,phases,start] GC(161) Summary Phase
[43.801s][info   ][gc,phases      ] GC(161) Summary Phase 0.045ms
[43.801s][info   ][gc,phases,start] GC(161) Adjust Roots
[43.801s][info   ][gc,phases      ] GC(161) Adjust Roots 0.174ms
[43.801s][info   ][gc,phases,start] GC(161) Compaction Phase
[43.884s][info   ][gc,phases      ] GC(161) Compaction Phase 83.444ms
[43.884s][info   ][gc,phases,start] GC(161) Post Compact
[43.890s][info   ][gc,phases      ] GC(161) Post Compact 5.221ms
[43.890s][debug  ][gc,ergo        ] GC(161) AdaptiveSizeStart: collection: 162 
[43.890s][debug  ][gc,ergo        ] GC(161) PSAdaptiveSizePolicy::compute_eden_space_size limits: desired_eden_size: 221878490 old_eden_size: 202375168 eden_limit: 202899456 cur_eden: 202375168 max_eden_size: 202899456 avg_young_live: 25168072
[43.890s][debug  ][gc,ergo        ] GC(161) PSAdaptiveSizePolicy::compute_eden_space_size: costs minor_time: 0.047713 major_cost: 0.052332 mutator_cost: 0.899955 throughput_goal: 0.990000
[43.890s][debug  ][gc,ergo        ] GC(161) Live_space: 1074800896 free_space: 1377828864
[43.890s][debug  ][gc,ergo        ] GC(161) Old eden_size: 202375168 desired_eden_size: 202899456
[43.890s][debug  ][gc,ergo        ] GC(161) PSAdaptiveSizePolicy::compute_old_gen_free_space limits: desired_promo_size: 1298589882 promo_limit: 1175453696 free_in_old_gen: 1095062656 max_old_gen_size: 1879048192 avg_old_live: 783985536
[43.890s][debug  ][gc,ergo        ] GC(161) PSAdaptiveSizePolicy::compute_old_gen_free_space: costs minor_time: 0.047713 major_cost: 0.052332  mutator_cost: 0.899955 throughput_goal: 0.990000
[43.890s][debug  ][gc,ergo        ] GC(161) Live_space: 1077588992 free_space: 1378353152
[43.890s][debug  ][gc,ergo        ] GC(161) Old promo_size: 1175453696 desired_promo_size: 1175453696
[43.890s][debug  ][gc,ergo        ] GC(161) AdaptiveSizeStop: collection: 162 
[43.890s][info   ][gc,heap        ] GC(161) PSYoungGen: 30720K(229888K)->0K(230400K) Eden: 0K(197632K)->0K(198656K) From: 30720K(32256K)->0K(31744K)
[43.890s][info   ][gc,heap        ] GC(161) ParOldGen: 1619557K(1835008K)->790115K(1835008K)
[43.890s][info   ][gc,metaspace   ] GC(161) Metaspace: 1022K(1216K)->1022K(1216K) NonClass: 938K(1024K)->938K(1024K) Class: 83K(192K)->83K(192K)
[43.890s][info   ][gc             ] GC(161) Pause Full (Ergonomics) 1611M->771M(2017M) 92.020ms
[43.890s][info   ][gc,cpu         ] GC(161) User=0.47s Sys=0.02s Real=0.09s
[43.890s][debug  ][gc,heap        ] GC(161) Heap after GC invocations=162 (full 26):
[43.890s][debug  ][gc,heap        ] GC(161)  PSYoungGen      total 230400K, used 0K [0x00000000f0000000, 0x0000000100000000, 0x0000000100000000)
[43.890s][debug  ][gc,heap        ] GC(161)   eden space 198656K, 0% used [0x00000000f0000000,0x00000000f0000000,0x00000000fc200000)
[43.890s][debug  ][gc,heap        ] GC(161)   from space 31744K, 0% used [0x00000000fe100000,0x00000000fe100000,0x0000000100000000)
[43.890s][debug  ][gc,heap        ] GC(161)   to   space 31744K, 0% used [0x00000000fc200000,0x00000000fc200000,0x00000000fe100000)
[43.890s][debug  ][gc,heap        ] GC(161)  ParOldGen       total 1835008K, used 790115K [0x0000000080000000, 0x00000000f0000000, 0x00000000f0000000)
[43.890s][debug  ][gc,heap        ] GC(161)   object space 1835008K, 43% used [0x0000000080000000,0x00000000b0398fe8,0x00000000f0000000)
[43.890s][debug  ][gc,heap        ] GC(161)  Metaspace       used 1022K, committed 1216K, reserved 1056768K
[43.890s][debug  ][gc,heap        ] GC(161)   class space    used 83K, committed 192K, reserved 1048576K
[43.890s][debug  ][gc,task,time   ] GC(161) VM-Thread 437981454 438009212 438902049
[44.189s][debug  ][gc,heap        ] GC(162) Heap before GC invocations=163 (full 26):
[44.189s][debug  ][gc,heap        ] GC(162)  PSYoungGen      total 230400K, used 198442K [0x00000000f0000000, 0x0000000100000000, 0x0000000100000000)
[44.189s][debug  ][gc,heap        ] GC(162)   eden space 198656K, 99% used [0x00000000f0000000,0x00000000fc1ca9b8,0x00000000fc200000)
[44.189s][debug  ][gc,heap        ] GC(162)   from space 31744K, 0% used [0x00000000fe100000,0x00000000fe100000,0x0000000100000000)
[44.189s][debug  ][gc,heap        ] GC(162)   to   space 31744K, 0% used [0x00000000fc200000,0x00000000fc200000,0x00000000fe100000)
[44.189s][debug  ][gc,heap        ] GC(162)  ParOldGen       total 1835008K, used 790115K [0x0000000080000000, 0x00000000f0000000, 0x00000000f0000000)
[44.189s][debug  ][gc,heap        ] GC(162)   object space 1835008K, 43% used [0x0000000080000000,0x00000000b0398fe8,0x00000000f0000000)
[44.189s][debug  ][gc,heap        ] GC(162)  Metaspace       used 1022K, committed 1216K, reserved 1056768K
[44.189s][debug  ][gc,heap        ] GC(162)   class space    used 83K, committed 192K, reserved 1048576K
[44.190s][debug  ][gc,tlab        ] GC(162) TLAB totals: thrds: 1  refills: 1 max: 1 slow allocs: 18 max 18 waste: 27.5% gc: 3975304B max: 3975304B slow: 0B max: 0B
[44.190s][info   ][gc,start       ] GC(162) Pause Young (Allocation Failure)
[44.190s][debug  ][gc,phases,start] GC(162) Scavenge
[44.202s][debug  ][gc,phases      ] GC(162) Scavenge 12.359ms
[44.202s][debug  ][gc,phases,start] GC(162) Reference Processing
[44.202s][debug  ][gc,ref         ] GC(162) Skipped phase 1 of Reference Processing: no references
[44.202s][debug  ][gc,ref         ] GC(162) Skipped phase 2 of Reference Processing: no references
[44.202s][debug  ][gc,ref         ] GC(162) Skipped phase 3 of Reference Processing: no references
[44.202s][debug  ][gc,ref         ] GC(162) Skipped phase 4 of Reference Processing: no references
[44.202s][debug  ][gc,phases,ref  ] GC(162) Reference Processing: 0.1ms
[44.202s][debug  ][gc,phases,ref  ] GC(162)   Reconsider SoftReferences: 0.0ms
[44.202s][debug  ][gc,phases,ref  ] GC(162)     SoftRef (ms):                  skipped
[44.202s][debug  ][gc,phases,ref  ] GC(162)   Notify Soft/WeakReferences: 0.0ms
[44.202s][debug  ][gc,phases,ref  ] GC(162)     SoftRef (ms):                  skipped
[44.202s][debug  ][gc,phases,ref  ] GC(162)     WeakRef (ms):                  skipped
[44.202s][debug  ][gc,phases,ref  ] GC(162)     FinalRef (ms):                 skipped
[44.202s][debug  ][gc,phases,ref  ] GC(162)     Total (ms):                    skipped
[44.202s][debug  ][gc,phases,ref  ] GC(162)   Notify and keep alive finalizable: 0.0ms
[44.202s][debug  ][gc,phases,ref  ] GC(162)     FinalRef (ms):                 skipped
[44.202s][debug  ][gc,phases,ref  ] GC(162)   Notify PhantomReferences: 0.0ms
[44.202s][debug  ][gc,phases,ref  ] GC(162)     PhantomRef (ms):               skipped
[44.202s][debug  ][gc,phases,ref  ] GC(162)   SoftReference:
[44.203s][debug  ][gc,phases,ref  ] GC(162)     Discovered: 0
[44.203s][debug  ][gc,phases,ref  ] GC(162)     Cleared: 0
[44.203s][debug  ][gc,phases,ref  ] GC(162)   WeakReference:
[44.203s][debug  ][gc,phases,ref  ] GC(162)     Discovered: 0
[44.203s][debug  ][gc,phases,ref  ] GC(162)     Cleared: 0
[44.203s][debug  ][gc,phases,ref  ] GC(162)   FinalReference:
[44.203s][debug  ][gc,phases,ref  ] GC(162)     Discovered: 0
[44.203s][debug  ][gc,phases,ref  ] GC(162)     Cleared: 0
[44.203s][debug  ][gc,phases,ref  ] GC(162)   PhantomReference:
[44.203s][debug  ][gc,phases,ref  ] GC(162)     Discovered: 0
[44.203s][debug  ][gc,phases,ref  ] GC(162)     Cleared: 0
[44.203s][debug  ][gc,phases      ] GC(162) Reference Processing 0.688ms
[44.203s][debug  ][gc,phases,start] GC(162) Weak Processing
[44.203s][debug  ][gc,phases      ] GC(162)   VM Weak                        Min:  0.0, Avg:  0.0, Max:  0.0, Diff:  0.0, Sum:  0.0, Workers: 6
[44.203s][debug  ][gc,phases      ] GC(162)     Dead                           Min: 0, Avg:  0.0, Max: 0, Diff: 0, Sum: 0, Workers: 6
[44.203s][debug  ][gc,phases      ] GC(162)     Total                          Min: 0, Avg:  1.3, Max: 8, Diff: 8, Sum: 8, Workers: 6
[44.203s][debug  ][gc,phases      ] GC(162)   ObjectSynchronizer Weak        Min:  0.0, Avg:  0.0, Max:  0.0, Diff:  0.0, Sum:  0.0, Workers: 6
[44.203s][debug  ][gc,phases      ] GC(162)     Dead                           Min: 0, Avg:  0.0, Max: 0, Diff: 0, Sum: 0, Workers: 6
[44.203s][debug  ][gc,phases      ] GC(162)     Total                          Min: 0, Avg:  0.5, Max: 3, Diff: 3, Sum: 3, Workers: 6
[44.203s][debug  ][gc,phases      ] GC(162)   JVMTI Tag Weak OopStorage      Min:  0.0, Avg:  0.0, Max:  0.0, Diff:  0.0, Sum:  0.0, Workers: 6
[44.203s][debug  ][gc,phases      ] GC(162)     Dead                           Min: 0, Avg:  0.0, Max: 0, Diff: 0, Sum: 0, Workers: 6
[44.203s][debug  ][gc,phases      ] GC(162)     Total                          Min: 0, Avg:  0.0, Max: 0, Diff: 0, Sum: 0, Workers: 6
[44.203s][debug  ][gc,phases      ] GC(162)   StringTable Weak               Min:  0.0, Avg:  0.0, Max:  0.0, Diff:  0.0, Sum:  0.0, Workers: 6
[44.203s][debug  ][gc,phases      ] GC(162)     Dead                           Min: 0, Avg:  0.0, Max: 0, Diff: 0, Sum: 0, Workers: 6
[44.203s][debug  ][gc,phases      ] GC(162)     Total                          Min: 808, Avg: 891.8, Max: 1087, Diff: 279, Sum: 5351, Workers: 6
[44.203s][debug  ][gc,phases      ] GC(162)   ResolvedMethodTable Weak       Min:  0.0, Avg:  0.0, Max:  0.0, Diff:  0.0, Sum:  0.0, Workers: 6
[44.203s][debug  ][gc,phases      ] GC(162)     Dead                           Min: 0, Avg:  0.0, Max: 0, Diff: 0, Sum: 0, Workers: 6
[44.203s][debug  ][gc,phases      ] GC(162)     Total                          Min: 0, Avg: 21.7, Max: 64, Diff: 64, Sum: 130, Workers: 6
[44.203s][debug  ][gc,phases      ] GC(162)   JNI Weak                       Min:  0.0, Avg:  0.0, Max:  0.0, Diff:  0.0, Sum:  0.0, Workers: 6
[44.203s][debug  ][gc,phases      ] GC(162)     Dead                           Min: 0, Avg:  0.0, Max: 0, Diff: 0, Sum: 0, Workers: 6
[44.203s][debug  ][gc,phases      ] GC(162)     Total                          Min: 0, Avg:  0.0, Max: 0, Diff: 0, Sum: 0, Workers: 6
[44.203s][debug  ][gc,phases      ] GC(162)   StringDedup Table Weak         Min:  0.0, Avg:  0.0, Max:  0.0, Diff:  0.0, Sum:  0.0, Workers: 6
[44.203s][debug  ][gc,phases      ] GC(162)     Dead                           Min: 0, Avg:  0.0, Max: 0, Diff: 0, Sum: 0, Workers: 6
[44.204s][debug  ][gc,phases      ] GC(162)     Total                          Min: 0, Avg:  0.0, Max: 0, Diff: 0, Sum: 0, Workers: 6
[44.204s][debug  ][gc,phases      ] GC(162)   StringDedup Requests0 Weak     Min:  0.0, Avg:  0.0, Max:  0.0, Diff:  0.0, Sum:  0.0, Workers: 6
[44.204s][debug  ][gc,phases      ] GC(162)     Dead                           Min: 0, Avg:  0.0, Max: 0, Diff: 0, Sum: 0, Workers: 6
[44.204s][debug  ][gc,phases      ] GC(162)     Total                          Min: 0, Avg:  0.0, Max: 0, Diff: 0, Sum: 0, Workers: 6
[44.204s][debug  ][gc,phases      ] GC(162)   StringDedup Requests1 Weak     Min:  0.0, Avg:  0.0, Max:  0.0, Diff:  0.0, Sum:  0.0, Workers: 6
[44.204s][debug  ][gc,phases      ] GC(162)     Dead                           Min: 0, Avg:  0.0, Max: 0, Diff: 0, Sum: 0, Workers: 6
[44.204s][debug  ][gc,phases      ] GC(162)     Total                          Min: 0, Avg:  0.0, Max: 0, Diff: 0, Sum: 0, Workers: 6
[44.204s][debug  ][gc,phases      ] GC(162)   Weak JFR Old Object Samples    Min:  0.0, Avg:  0.0, Max:  0.0, Diff:  0.0, Sum:  0.0, Workers: 6
[44.204s][debug  ][gc,phases      ] GC(162)     Dead                           Min: 0, Avg:  0.0, Max: 0, Diff: 0, Sum: 0, Workers: 6
[44.204s][debug  ][gc,phases      ] GC(162)     Total                          Min: 0, Avg:  0.0, Max: 0, Diff: 0, Sum: 0, Workers: 6
[44.204s][debug  ][gc,phases      ] GC(162) Weak Processing 1.035ms
[44.204s][debug  ][gc,ergo        ] GC(162) AdaptiveSizeStart:  collection: 163 
[44.204s][debug  ][gc,ergo        ] GC(162) avg_survived_padded_avg: 32362486.000000
[44.204s][debug  ][gc,ergo        ] GC(162) avg_promoted_padded_avg: 255450512.000000  avg_pretenured_padded_avg: 0.000000  tenuring_thresh: 15  target_size: 32505856
[44.204s][debug  ][gc,age         ] GC(162) Desired survivor size 32505856 bytes, new threshold 15 (max threshold 15)
[44.204s][debug  ][gc,ergo        ] GC(162) PSAdaptiveSizePolicy::compute_eden_space_size limits: desired_eden_size: 222222142 old_eden_size: 202899456 eden_limit: 203423744 cur_eden: 203423744 max_eden_size: 203423744 avg_young_live: 25796996
[44.204s][debug  ][gc,ergo        ] GC(162) PSAdaptiveSizePolicy::compute_eden_space_size: costs minor_time: 0.044521 major_cost: 0.052332 mutator_cost: 0.903147 throughput_goal: 0.990000
[44.204s][debug  ][gc,ergo        ] GC(162) Live_space: 1078217984 free_space: 1378353152
[44.204s][debug  ][gc,ergo        ] GC(162) Old eden_size: 202899456 desired_eden_size: 203423744
[44.204s][debug  ][gc,ergo        ] GC(162) AdaptiveSizeStop: collection: 163 
[44.204s][info   ][gc,heap        ] GC(162) PSYoungGen: 198442K(230400K)->30720K(230400K) Eden: 198442K(198656K)->0K(198656K) From: 0K(31744K)->30720K(31744K)
[44.204s][info   ][gc,heap        ] GC(162) ParOldGen: 790115K(1835008K)->953956K(1835008K)
[44.204s][info   ][gc,metaspace   ] GC(162) Metaspace: 1022K(1216K)->1022K(1216K) NonClass: 938K(1024K)->938K(1024K) Class: 83K(192K)->83K(192K)
[44.204s][info   ][gc             ] GC(162) Pause Young (Allocation Failure) 965M->961M(2017M) 14.622ms
[44.204s][info   ][gc,cpu         ] GC(162) User=0.09s Sys=0.00s Real=0.02s
[44.204s][debug  ][gc,heap        ] GC(162) Heap after GC invocations=163 (full 26):
[44.204s][debug  ][gc,heap        ] GC(162)  PSYoungGen      total 230400K, used 30720K [0x00000000f0000000, 0x0000000100000000, 0x0000000100000000)
[44.204s][debug  ][gc,heap        ] GC(162)   eden space 198656K, 0% used [0x00000000f0000000,0x00000000f0000000,0x00000000fc200000)
[44.204s][debug  ][gc,heap        ] GC(162)   from space 31744K, 96% used [0x00000000fc200000,0x00000000fe000030,0x00000000fe100000)
[44.204s][debug  ][gc,heap        ] GC(162)   to   space 31744K, 0% used [0x00000000fe100000,0x00000000fe100000,0x0000000100000000)
[44.204s][debug  ][gc,heap        ] GC(162)  ParOldGen       total 1835008K, used 953956K [0x0000000080000000, 0x00000000f0000000, 0x00000000f0000000)
[44.204s][debug  ][gc,heap        ] GC(162)   object space 1835008K, 51% used [0x0000000080000000,0x00000000ba3990e8,0x00000000f0000000)
[44.204s][debug  ][gc,heap        ] GC(162)  Metaspace       used 1022K, committed 1216K, reserved 1056768K
[44.204s][debug  ][gc,heap        ] GC(162)   class space    used 83K, committed 192K, reserved 1048576K
[44.205s][debug  ][gc,task,time   ] GC(162) VM-Thread 441892148 442020717 442045043
[44.509s][debug  ][gc,heap        ] GC(163) Heap before GC invocations=164 (full 26):
[44.509s][debug  ][gc,heap        ] GC(163)  PSYoungGen      total 230400K, used 229095K [0x00000000f0000000, 0x0000000100000000, 0x0000000100000000)
[44.509s][debug  ][gc,heap        ] GC(163)   eden space 198656K, 99% used [0x00000000f0000000,0x00000000fc1b9d40,0x00000000fc200000)
[44.509s][debug  ][gc,heap        ] GC(163)   from space 31744K, 96% used [0x00000000fc200000,0x00000000fe000030,0x00000000fe100000)
[44.510s][debug  ][gc,heap        ] GC(163)   to   space 31744K, 0% used [0x00000000fe100000,0x00000000fe100000,0x0000000100000000)
[44.510s][debug  ][gc,heap        ] GC(163)  ParOldGen       total 1835008K, used 953956K [0x0000000080000000, 0x00000000f0000000, 0x00000000f0000000)
[44.510s][debug  ][gc,heap        ] GC(163)   object space 1835008K, 51% used [0x0000000080000000,0x00000000ba3990e8,0x00000000f0000000)
[44.510s][debug  ][gc,heap        ] GC(163)  Metaspace       used 1022K, committed 1216K, reserved 1056768K
[44.510s][debug  ][gc,heap        ] GC(163)   class space    used 83K, committed 192K, reserved 1048576K
[44.510s][debug  ][gc,tlab        ] GC(163) TLAB totals: thrds: 1  refills: 1 max: 1 slow allocs: 18 max 18 waste: 27.1% gc: 3905512B max: 3905512B slow: 0B max: 0B
[44.510s][info   ][gc,start       ] GC(163) Pause Young (Allocation Failure)
[44.510s][debug  ][gc,phases,start] GC(163) Scavenge
[44.520s][debug  ][gc,phases      ] GC(163) Scavenge 10.343ms
[44.520s][debug  ][gc,phases,start] GC(163) Reference Processing
[44.520s][debug  ][gc,ref         ] GC(163) Skipped phase 1 of Reference Processing: no references
[44.520s][debug  ][gc,ref         ] GC(163) Skipped phase 2 of Reference Processing: no references
[44.520s][debug  ][gc,ref         ] GC(163) Skipped phase 3 of Reference Processing: no references
[44.520s][debug  ][gc,ref         ] GC(163) Skipped phase 4 of Reference Processing: no references
[44.520s][debug  ][gc,phases,ref  ] GC(163) Reference Processing: 0.1ms
[44.520s][debug  ][gc,phases,ref  ] GC(163)   Reconsider SoftReferences: 0.0ms
[44.520s][debug  ][gc,phases,ref  ] GC(163)     SoftRef (ms):                  skipped
[44.520s][debug  ][gc,phases,ref  ] GC(163)   Notify Soft/WeakReferences: 0.0ms
[44.521s][debug  ][gc,phases,ref  ] GC(163)     SoftRef (ms):                  skipped
[44.521s][debug  ][gc,phases,ref  ] GC(163)     WeakRef (ms):                  skipped
[44.521s][debug  ][gc,phases,ref  ] GC(163)     FinalRef (ms):                 skipped
[44.521s][debug  ][gc,phases,ref  ] GC(163)     Total (ms):                    skipped
[44.521s][debug  ][gc,phases,ref  ] GC(163)   Notify and keep alive finalizable: 0.0ms
[44.521s][debug  ][gc,phases,ref  ] GC(163)     FinalRef (ms):                 skipped
[44.521s][debug  ][gc,phases,ref  ] GC(163)   Notify PhantomReferences: 0.0ms
[44.521s][debug  ][gc,phases,ref  ] GC(163)     PhantomRef (ms):               skipped
[44.521s][debug  ][gc,phases,ref  ] GC(163)   SoftReference:
[44.521s][debug  ][gc,phases,ref  ] GC(163)     Discovered: 0
[44.521s][debug  ][gc,phases,ref  ] GC(163)     Cleared: 0
[44.521s][debug  ][gc,phases,ref  ] GC(163)   WeakReference:
[44.521s][debug  ][gc,phases,ref  ] GC(163)     Discovered: 0
[44.521s][debug  ][gc,phases,ref  ] GC(163)     Cleared: 0
[44.521s][debug  ][gc,phases,ref  ] GC(163)   FinalReference:
[44.521s][debug  ][gc,phases,ref  ] GC(163)     Discovered: 0
[44.521s][debug  ][gc,phases,ref  ] GC(163)     Cleared: 0
[44.521s][debug  ][gc,phases,ref  ] GC(163)   PhantomReference:
[44.521s][debug  ][gc,phases,ref  ] GC(163)     Discovered: 0
[44.521s][debug  ][gc,phases,ref  ] GC(163)     Cleared: 0
[44.521s][debug  ][gc,phases      ] GC(163) Reference Processing 0.733ms
[44.521s][debug  ][gc,phases,start] GC(163) Weak Processing
[44.521s][debug  ][gc,phases      ] GC(163)   VM Weak                        Min:  0.0, Avg:  0.0, Max:  0.0, Diff:  0.0, Sum:  0.0, Workers: 6
[44.521s][debug  ][gc,phases      ] GC(163)     Dead                           Min: 0, Avg:  0.0, Max: 0, Diff: 0, Sum: 0, Workers: 6
[44.521s][debug  ][gc,phases      ] GC(163)     Total                          Min: 0, Avg:  1.3, Max: 8, Diff: 8, Sum: 8, Workers: 6
[44.521s][debug  ][gc,phases      ] GC(163)   ObjectSynchronizer Weak        Min:  0.0, Avg:  0.0, Max:  0.0, Diff:  0.0, Sum:  0.0, Workers: 6
[44.521s][debug  ][gc,phases      ] GC(163)     Dead                           Min: 0, Avg:  0.0, Max: 0, Diff: 0, Sum: 0, Workers: 6
[44.521s][debug  ][gc,phases      ] GC(163)     Total                          Min: 0, Avg:  0.5, Max: 3, Diff: 3, Sum: 3, Workers: 6
[44.521s][debug  ][gc,phases      ] GC(163)   JVMTI Tag Weak OopStorage      Min:  0.0, Avg:  0.0, Max:  0.0, Diff:  0.0, Sum:  0.0, Workers: 6
[44.521s][debug  ][gc,phases      ] GC(163)     Dead                           Min: 0, Avg:  0.0, Max: 0, Diff: 0, Sum: 0, Workers: 6
[44.521s][debug  ][gc,phases      ] GC(163)     Total                          Min: 0, Avg:  0.0, Max: 0, Diff: 0, Sum: 0, Workers: 6
[44.522s][debug  ][gc,phases      ] GC(163)   StringTable Weak               Min:  0.0, Avg:  0.0, Max:  0.0, Diff:  0.0, Sum:  0.1, Workers: 6
[44.522s][debug  ][gc,phases      ] GC(163)     Dead                           Min: 0, Avg:  0.0, Max: 0, Diff: 0, Sum: 0, Workers: 6
[44.522s][debug  ][gc,phases      ] GC(163)     Total                          Min: 320, Avg: 891.8, Max: 1600, Diff: 1280, Sum: 5351, Workers: 6
[44.522s][debug  ][gc,phases      ] GC(163)   ResolvedMethodTable Weak       Min:  0.0, Avg:  0.0, Max:  0.0, Diff:  0.0, Sum:  0.0, Workers: 6
[44.522s][debug  ][gc,phases      ] GC(163)     Dead                           Min: 0, Avg:  0.0, Max: 0, Diff: 0, Sum: 0, Workers: 6
[44.522s][debug  ][gc,phases      ] GC(163)     Total                          Min: 0, Avg: 21.7, Max: 64, Diff: 64, Sum: 130, Workers: 6
[44.522s][debug  ][gc,phases      ] GC(163)   JNI Weak                       Min:  0.0, Avg:  0.0, Max:  0.0, Diff:  0.0, Sum:  0.0, Workers: 6
[44.522s][debug  ][gc,phases      ] GC(163)     Dead                           Min: 0, Avg:  0.0, Max: 0, Diff: 0, Sum: 0, Workers: 6
[44.522s][debug  ][gc,phases      ] GC(163)     Total                          Min: 0, Avg:  0.0, Max: 0, Diff: 0, Sum: 0, Workers: 6
[44.522s][debug  ][gc,phases      ] GC(163)   StringDedup Table Weak         Min:  0.0, Avg:  0.0, Max:  0.0, Diff:  0.0, Sum:  0.0, Workers: 6
[44.522s][debug  ][gc,phases      ] GC(163)     Dead                           Min: 0, Avg:  0.0, Max: 0, Diff: 0, Sum: 0, Workers: 6
[44.522s][debug  ][gc,phases      ] GC(163)     Total                          Min: 0, Avg:  0.0, Max: 0, Diff: 0, Sum: 0, Workers: 6
[44.522s][debug  ][gc,phases      ] GC(163)   StringDedup Requests0 Weak     Min:  0.0, Avg:  0.0, Max:  0.0, Diff:  0.0, Sum:  0.0, Workers: 6
[44.522s][debug  ][gc,phases      ] GC(163)     Dead                           Min: 0, Avg:  0.0, Max: 0, Diff: 0, Sum: 0, Workers: 6
[44.522s][debug  ][gc,phases      ] GC(163)     Total                          Min: 0, Avg:  0.0, Max: 0, Diff: 0, Sum: 0, Workers: 6
[44.522s][debug  ][gc,phases      ] GC(163)   StringDedup Requests1 Weak     Min:  0.0, Avg:  0.0, Max:  0.0, Diff:  0.0, Sum:  0.0, Workers: 6
[44.522s][debug  ][gc,phases      ] GC(163)     Dead                           Min: 0, Avg:  0.0, Max: 0, Diff: 0, Sum: 0, Workers: 6
[44.522s][debug  ][gc,phases      ] GC(163)     Total                          Min: 0, Avg:  0.0, Max: 0, Diff: 0, Sum: 0, Workers: 6
[44.522s][debug  ][gc,phases      ] GC(163)   Weak JFR Old Object Samples    Min:  0.0, Avg:  0.0, Max:  0.0, Diff:  0.0, Sum:  0.0, Workers: 6
[44.522s][debug  ][gc,phases      ] GC(163)     Dead                           Min: 0, Avg:  0.0, Max: 0, Diff: 0, Sum: 0, Workers: 6
[44.522s][debug  ][gc,phases      ] GC(163)     Total                          Min: 0, Avg:  0.0, Max: 0, Diff: 0, Sum: 0, Workers: 6
[44.522s][debug  ][gc,phases      ] GC(163) Weak Processing 1.025ms
[44.522s][debug  ][gc,ergo        ] GC(163) AdaptiveSizeStart:  collection: 164 
[44.522s][debug  ][gc,ergo        ] GC(163) avg_survived_padded_avg: 32292296.000000
[44.522s][debug  ][gc,ergo        ] GC(163) avg_promoted_padded_avg: 253309056.000000  avg_pretenured_padded_avg: 0.000000  tenuring_thresh: 15  target_size: 32505856
[44.522s][debug  ][gc,age         ] GC(163) Desired survivor size 32505856 bytes, new threshold 15 (max threshold 15)
[44.522s][debug  ][gc,ergo        ] GC(163) PSAdaptiveSizePolicy::compute_eden_space_size limits: desired_eden_size: 221872980 old_eden_size: 203423744 eden_limit: 203423744 cur_eden: 203423744 max_eden_size: 203423744 avg_young_live: 26363028
[44.522s][debug  ][gc,ergo        ] GC(163) PSAdaptiveSizePolicy::compute_eden_space_size: costs minor_time: 0.043015 major_cost: 0.052332 mutator_cost: 0.904654 throughput_goal: 0.990000
[44.522s][debug  ][gc,ergo        ] GC(163) Live_space: 1078784000 free_space: 1378877440
[44.522s][debug  ][gc,ergo        ] GC(163) Old eden_size: 203423744 desired_eden_size: 203423744
[44.522s][debug  ][gc,ergo        ] GC(163) AdaptiveSizeStop: collection: 164 
[44.522s][info   ][gc,heap        ] GC(163) PSYoungGen: 229095K(230400K)->30720K(230400K) Eden: 198375K(198656K)->0K(198656K) From: 30720K(31744K)->30720K(31744K)
[44.522s][info   ][gc,heap        ] GC(163) ParOldGen: 953956K(1835008K)->1076836K(1835008K)
[44.522s][info   ][gc,metaspace   ] GC(163) Metaspace: 1022K(1216K)->1022K(1216K) NonClass: 939K(1024K)->939K(1024K) Class: 83K(192K)->83K(192K)
[44.522s][info   ][gc             ] GC(163) Pause Young (Allocation Failure) 1155M->1081M(2017M) 12.641ms
[44.522s][info   ][gc,cpu         ] GC(163) User=0.09s Sys=0.00s Real=0.01s
[44.522s][debug  ][gc,heap        ] GC(163) Heap after GC invocations=164 (full 26):
[44.522s][debug  ][gc,heap        ] GC(163)  PSYoungGen      total 230400K, used 30720K [0x00000000f0000000, 0x0000000100000000, 0x0000000100000000)
[44.523s][debug  ][gc,heap        ] GC(163)   eden space 198656K, 0% used [0x00000000f0000000,0x00000000f0000000,0x00000000fc200000)
[44.523s][debug  ][gc,heap        ] GC(163)   from space 31744K, 96% used [0x00000000fe100000,0x00000000fff00030,0x0000000100000000)
[44.523s][debug  ][gc,heap        ] GC(163)   to   space 31744K, 0% used [0x00000000fc200000,0x00000000fc200000,0x00000000fe100000)
[44.523s][debug  ][gc,heap        ] GC(163)  ParOldGen       total 1835008K, used 1076836K [0x0000000080000000, 0x00000000f0000000, 0x00000000f0000000)
[44.523s][debug  ][gc,heap        ] GC(163)   object space 1835008K, 58% used [0x0000000080000000,0x00000000c1b991a8,0x00000000f0000000)
[44.523s][debug  ][gc,heap        ] GC(163)  Metaspace       used 1022K, committed 1216K, reserved 1056768K
[44.523s][debug  ][gc,heap        ] GC(163)   class space    used 83K, committed 192K, reserved 1048576K
[44.523s][debug  ][gc,task,time   ] GC(163) VM-Thread 445093144 445202234 445226844
[44.828s][debug  ][gc,heap        ] GC(164) Heap before GC invocations=165 (full 26):
[44.829s][debug  ][gc,heap        ] GC(164)  PSYoungGen      total 230400K, used 229123K [0x00000000f0000000, 0x0000000100000000, 0x0000000100000000)
[44.829s][debug  ][gc,heap        ] GC(164)   eden space 198656K, 99% used [0x00000000f0000000,0x00000000fc1c0fa0,0x00000000fc200000)
[44.829s][debug  ][gc,heap        ] GC(164)   from space 31744K, 96% used [0x00000000fe100000,0x00000000fff00030,0x0000000100000000)
[44.829s][debug  ][gc,heap        ] GC(164)   to   space 31744K, 0% used [0x00000000fc200000,0x00000000fc200000,0x00000000fe100000)
[44.829s][debug  ][gc,heap        ] GC(164)  ParOldGen       total 1835008K, used 1076836K [0x0000000080000000, 0x00000000f0000000, 0x00000000f0000000)
[44.829s][debug  ][gc,heap        ] GC(164)   object space 1835008K, 58% used [0x0000000080000000,0x00000000c1b991a8,0x00000000f0000000)
[44.829s][debug  ][gc,heap        ] GC(164)  Metaspace       used 1022K, committed 1216K, reserved 1056768K
[44.829s][debug  ][gc,heap        ] GC(164)   class space    used 83K, committed 192K, reserved 1048576K
[44.829s][debug  ][gc,tlab        ] GC(164) TLAB totals: thrds: 1  refills: 1 max: 1 slow allocs: 18 max 18 waste: 27.3% gc: 3935856B max: 3935856B slow: 0B max: 0B
[44.829s][info   ][gc,start       ] GC(164) Pause Young (Allocation Failure)
[44.829s][debug  ][gc,phases,start] GC(164) Scavenge
[44.844s][debug  ][gc,phases      ] GC(164) Scavenge 14.814ms
[44.844s][debug  ][gc,phases,start] GC(164) Reference Processing
[44.844s][debug  ][gc,ref         ] GC(164) Skipped phase 1 of Reference Processing: no references
[44.844s][debug  ][gc,ref         ] GC(164) Skipped phase 2 of Reference Processing: no references
[44.844s][debug  ][gc,ref         ] GC(164) Skipped phase 3 of Reference Processing: no references
[44.844s][debug  ][gc,ref         ] GC(164) Skipped phase 4 of Reference Processing: no references
[44.844s][debug  ][gc,phases,ref  ] GC(164) Reference Processing: 0.1ms
[44.844s][debug  ][gc,phases,ref  ] GC(164)   Reconsider SoftReferences: 0.0ms
[44.844s][debug  ][gc,phases,ref  ] GC(164)     SoftRef (ms):                  skipped
[44.844s][debug  ][gc,phases,ref  ] GC(164)   Notify Soft/WeakReferences: 0.0ms
[44.844s][debug  ][gc,phases,ref  ] GC(164)     SoftRef (ms):                  skipped
[44.844s][debug  ][gc,phases,ref  ] GC(164)     WeakRef (ms):                  skipped
[44.844s][debug  ][gc,phases,ref  ] GC(164)     FinalRef (ms):                 skipped
[44.844s][debug  ][gc,phases,ref  ] GC(164)     Total (ms):                    skipped
[44.844s][debug  ][gc,phases,ref  ] GC(164)   Notify and keep alive finalizable: 0.0ms
[44.844s][debug  ][gc,phases,ref  ] GC(164)     FinalRef (ms):                 skipped
[44.844s][debug  ][gc,phases,ref  ] GC(164)   Notify PhantomReferences: 0.0ms
[44.844s][debug  ][gc,phases,ref  ] GC(164)     PhantomRef (ms):               skipped
[44.844s][debug  ][gc,phases,ref  ] GC(164)   SoftReference:
[44.844s][debug  ][gc,phases,ref  ] GC(164)     Discovered: 0
[44.844s][debug  ][gc,phases,ref  ] GC(164)     Cleared: 0
[44.844s][debug  ][gc,phases,ref  ] GC(164)   WeakReference:
[44.844s][debug  ][gc,phases,ref  ] GC(164)     Discovered: 0
[44.844s][debug  ][gc,phases,ref  ] GC(164)     Cleared: 0
[44.844s][debug  ][gc,phases,ref  ] GC(164)   FinalReference:
[44.844s][debug  ][gc,phases,ref  ] GC(164)     Discovered: 0
[44.845s][debug  ][gc,phases,ref  ] GC(164)     Cleared: 0
[44.845s][debug  ][gc,phases,ref  ] GC(164)   PhantomReference:
[44.845s][debug  ][gc,phases,ref  ] GC(164)     Discovered: 0
[44.845s][debug  ][gc,phases,ref  ] GC(164)     Cleared: 0
[44.845s][debug  ][gc,phases      ] GC(164) Reference Processing 0.770ms
[44.845s][debug  ][gc,phases,start] GC(164) Weak Processing
[44.845s][debug  ][gc,phases      ] GC(164)   VM Weak                        Min:  0.0, Avg:  0.0, Max:  0.0, Diff:  0.0, Sum:  0.0, Workers: 6
[44.845s][debug  ][gc,phases      ] GC(164)     Dead                           Min: 0, Avg:  0.0, Max: 0, Diff: 0, Sum: 0, Workers: 6
[44.845s][debug  ][gc,phases      ] GC(164)     Total                          Min: 0, Avg:  1.3, Max: 8, Diff: 8, Sum: 8, Workers: 6
[44.845s][debug  ][gc,phases      ] GC(164)   ObjectSynchronizer Weak        Min:  0.0, Avg:  0.0, Max:  0.0, Diff:  0.0, Sum:  0.0, Workers: 6
[44.845s][debug  ][gc,phases      ] GC(164)     Dead                           Min: 0, Avg:  0.0, Max: 0, Diff: 0, Sum: 0, Workers: 6
[44.845s][debug  ][gc,phases      ] GC(164)     Total                          Min: 0, Avg:  0.5, Max: 3, Diff: 3, Sum: 3, Workers: 6
[44.845s][debug  ][gc,phases      ] GC(164)   JVMTI Tag Weak OopStorage      Min:  0.0, Avg:  0.0, Max:  0.0, Diff:  0.0, Sum:  0.0, Workers: 6
[44.845s][debug  ][gc,phases      ] GC(164)     Dead                           Min: 0, Avg:  0.0, Max: 0, Diff: 0, Sum: 0, Workers: 6
[44.845s][debug  ][gc,phases      ] GC(164)     Total                          Min: 0, Avg:  0.0, Max: 0, Diff: 0, Sum: 0, Workers: 6
[44.845s][debug  ][gc,phases      ] GC(164)   StringTable Weak               Min:  0.0, Avg:  0.0, Max:  0.0, Diff:  0.0, Sum:  0.0, Workers: 6
[44.845s][debug  ][gc,phases      ] GC(164)     Dead                           Min: 0, Avg:  0.0, Max: 0, Diff: 0, Sum: 0, Workers: 6
[44.845s][debug  ][gc,phases      ] GC(164)     Total                          Min: 832, Avg: 891.8, Max: 960, Diff: 128, Sum: 5351, Workers: 6
[44.845s][debug  ][gc,phases      ] GC(164)   ResolvedMethodTable Weak       Min:  0.0, Avg:  0.0, Max:  0.0, Diff:  0.0, Sum:  0.0, Workers: 6
[44.845s][debug  ][gc,phases      ] GC(164)     Dead                           Min: 0, Avg:  0.0, Max: 0, Diff: 0, Sum: 0, Workers: 6
[44.845s][debug  ][gc,phases      ] GC(164)     Total                          Min: 0, Avg: 21.7, Max: 64, Diff: 64, Sum: 130, Workers: 6
[44.845s][debug  ][gc,phases      ] GC(164)   JNI Weak                       Min:  0.0, Avg:  0.0, Max:  0.0, Diff:  0.0, Sum:  0.0, Workers: 6
[44.845s][debug  ][gc,phases      ] GC(164)     Dead                           Min: 0, Avg:  0.0, Max: 0, Diff: 0, Sum: 0, Workers: 6
[44.845s][debug  ][gc,phases      ] GC(164)     Total                          Min: 0, Avg:  0.0, Max: 0, Diff: 0, Sum: 0, Workers: 6
[44.845s][debug  ][gc,phases      ] GC(164)   StringDedup Table Weak         Min:  0.0, Avg:  0.0, Max:  0.0, Diff:  0.0, Sum:  0.0, Workers: 6
[44.845s][debug  ][gc,phases      ] GC(164)     Dead                           Min: 0, Avg:  0.0, Max: 0, Diff: 0, Sum: 0, Workers: 6
[44.845s][debug  ][gc,phases      ] GC(164)     Total                          Min: 0, Avg:  0.0, Max: 0, Diff: 0, Sum: 0, Workers: 6
[44.845s][debug  ][gc,phases      ] GC(164)   StringDedup Requests0 Weak     Min:  0.0, Avg:  0.0, Max:  0.0, Diff:  0.0, Sum:  0.0, Workers: 6
[44.845s][debug  ][gc,phases      ] GC(164)     Dead                           Min: 0, Avg:  0.0, Max: 0, Diff: 0, Sum: 0, Workers: 6
[44.845s][debug  ][gc,phases      ] GC(164)     Total                          Min: 0, Avg:  0.0, Max: 0, Diff: 0, Sum: 0, Workers: 6
[44.845s][debug  ][gc,phases      ] GC(164)   StringDedup Requests1 Weak     Min:  0.0, Avg:  0.0, Max:  0.0, Diff:  0.0, Sum:  0.0, Workers: 6
[44.845s][debug  ][gc,phases      ] GC(164)     Dead                           Min: 0, Avg:  0.0, Max: 0, Diff: 0, Sum: 0, Workers: 6
[44.845s][debug  ][gc,phases      ] GC(164)     Total                          Min: 0, Avg:  0.0, Max: 0, Diff: 0, Sum: 0, Workers: 6
[44.845s][debug  ][gc,phases      ] GC(164)   Weak JFR Old Object Samples    Min:  0.0, Avg:  0.0, Max:  0.0, Diff:  0.0, Sum:  0.0, Workers: 6
[44.845s][debug  ][gc,phases      ] GC(164)     Dead                           Min: 0, Avg:  0.0, Max: 0, Diff: 0, Sum: 0, Workers: 6
[44.845s][debug  ][gc,phases      ] GC(164)     Total                          Min: 0, Avg:  0.0, Max: 0, Diff: 0, Sum: 0, Workers: 6
[44.845s][debug  ][gc,phases      ] GC(164) Weak Processing 0.712ms
[44.845s][debug  ][gc,ergo        ] GC(164) AdaptiveSizeStart:  collection: 165 
[44.845s][debug  ][gc,ergo        ] GC(164) avg_survived_padded_avg: 32227092.000000
[44.845s][debug  ][gc,ergo        ] GC(164) avg_promoted_padded_avg: 257980640.000000  avg_pretenured_padded_avg: 0.000000  tenuring_thresh: 15  target_size: 32505856
[44.845s][debug  ][gc,age         ] GC(164) Desired survivor size 32505856 bytes, new threshold 15 (max threshold 15)
[44.845s][debug  ][gc,ergo        ] GC(164) PSAdaptiveSizePolicy::compute_eden_space_size limits: desired_eden_size: 222320616 old_eden_size: 203423744 eden_limit: 203423744 cur_eden: 203423744 max_eden_size: 203423744 avg_young_live: 26872458
[44.846s][debug  ][gc,ergo        ] GC(164) PSAdaptiveSizePolicy::compute_eden_space_size: costs minor_time: 0.044955 major_cost: 0.052332 mutator_cost: 0.902713 throughput_goal: 0.990000
[44.846s][debug  ][gc,ergo        ] GC(164) Live_space: 1079293440 free_space: 1378877440
[44.846s][debug  ][gc,ergo        ] GC(164) Old eden_size: 203423744 desired_eden_size: 203423744
[44.846s][debug  ][gc,ergo        ] GC(164) AdaptiveSizeStop: collection: 165 
[44.846s][info   ][gc,heap        ] GC(164) PSYoungGen: 229123K(230400K)->30720K(230400K) Eden: 198403K(198656K)->0K(198656K) From: 30720K(31744K)->30720K(31744K)
[44.846s][info   ][gc,heap        ] GC(164) ParOldGen: 1076836K(1835008K)->1271396K(1835008K)
[44.846s][info   ][gc,metaspace   ] GC(164) Metaspace: 1022K(1216K)->1022K(1216K) NonClass: 939K(1024K)->939K(1024K) Class: 83K(192K)->83K(192K)
[44.846s][info   ][gc             ] GC(164) Pause Young (Allocation Failure) 1275M->1271M(2017M) 16.837ms
[44.846s][info   ][gc,cpu         ] GC(164) User=0.09s Sys=0.00s Real=0.02s
[44.846s][debug  ][gc,heap        ] GC(164) Heap after GC invocations=165 (full 26):
[44.846s][debug  ][gc,heap        ] GC(164)  PSYoungGen      total 230400K, used 30720K [0x00000000f0000000, 0x0000000100000000, 0x0000000100000000)
[44.846s][debug  ][gc,heap        ] GC(164)   eden space 198656K, 0% used [0x00000000f0000000,0x00000000f0000000,0x00000000fc200000)
[44.846s][debug  ][gc,heap        ] GC(164)   from space 31744K, 96% used [0x00000000fc200000,0x00000000fe000030,0x00000000fe100000)
[44.846s][debug  ][gc,heap        ] GC(164)   to   space 31744K, 0% used [0x00000000fe100000,0x00000000fe100000,0x0000000100000000)
[44.846s][debug  ][gc,heap        ] GC(164)  ParOldGen       total 1835008K, used 1271396K [0x0000000080000000, 0x00000000f0000000, 0x00000000f0000000)
[44.846s][debug  ][gc,heap        ] GC(164)   object space 1835008K, 69% used [0x0000000080000000,0x00000000cd9992d8,0x00000000f0000000)
[44.846s][debug  ][gc,heap        ] GC(164)  Metaspace       used 1022K, committed 1216K, reserved 1056768K
[44.846s][debug  ][gc,heap        ] GC(164)   class space    used 83K, committed 192K, reserved 1048576K
[44.846s][debug  ][gc,task,time   ] GC(164) VM-Thread 448284480 448438477 448459964
[45.143s][debug  ][gc,heap        ] GC(165) Heap before GC invocations=166 (full 26):
[45.143s][debug  ][gc,heap        ] GC(165)  PSYoungGen      total 230400K, used 229142K [0x00000000f0000000, 0x0000000100000000, 0x0000000100000000)
[45.144s][debug  ][gc,heap        ] GC(165)   eden space 198656K, 99% used [0x00000000f0000000,0x00000000fc1c5930,0x00000000fc200000)
[45.144s][debug  ][gc,heap        ] GC(165)   from space 31744K, 96% used [0x00000000fc200000,0x00000000fe000030,0x00000000fe100000)
[45.144s][debug  ][gc,heap        ] GC(165)   to   space 31744K, 0% used [0x00000000fe100000,0x00000000fe100000,0x0000000100000000)
[45.144s][debug  ][gc,heap        ] GC(165)  ParOldGen       total 1835008K, used 1271396K [0x0000000080000000, 0x00000000f0000000, 0x00000000f0000000)
[45.144s][debug  ][gc,heap        ] GC(165)   object space 1835008K, 69% used [0x0000000080000000,0x00000000cd9992d8,0x00000000f0000000)
[45.144s][debug  ][gc,heap        ] GC(165)  Metaspace       used 1022K, committed 1216K, reserved 1056768K
[45.144s][debug  ][gc,heap        ] GC(165)   class space    used 83K, committed 192K, reserved 1048576K
[45.144s][debug  ][gc,tlab        ] GC(165) TLAB totals: thrds: 1  refills: 1 max: 1 slow allocs: 18 max 18 waste: 27.4% gc: 3954688B max: 3954688B slow: 0B max: 0B
[45.144s][info   ][gc,start       ] GC(165) Pause Young (Allocation Failure)
[45.144s][debug  ][gc,phases,start] GC(165) Scavenge
[45.159s][debug  ][gc,phases      ] GC(165) Scavenge 15.056ms
[45.159s][debug  ][gc,phases,start] GC(165) Reference Processing
[45.159s][debug  ][gc,ref         ] GC(165) Skipped phase 1 of Reference Processing: no references
[45.159s][debug  ][gc,ref         ] GC(165) Skipped phase 2 of Reference Processing: no references
[45.159s][debug  ][gc,ref         ] GC(165) Skipped phase 3 of Reference Processing: no references
[45.159s][debug  ][gc,ref         ] GC(165) Skipped phase 4 of Reference Processing: no references
[45.159s][debug  ][gc,phases,ref  ] GC(165) Reference Processing: 0.1ms
[45.159s][debug  ][gc,phases,ref  ] GC(165)   Reconsider SoftReferences: 0.0ms
[45.159s][debug  ][gc,phases,ref  ] GC(165)     SoftRef (ms):                  skipped
[45.159s][debug  ][gc,phases,ref  ] GC(165)   Notify Soft/WeakReferences: 0.0ms
[45.159s][debug  ][gc,phases,ref  ] GC(165)     SoftRef (ms):                  skipped
[45.159s][debug  ][gc,phases,ref  ] GC(165)     WeakRef (ms):                  skipped
[45.159s][debug  ][gc,phases,ref  ] GC(165)     FinalRef (ms):                 skipped
[45.159s][debug  ][gc,phases,ref  ] GC(165)     Total (ms):                    skipped
[45.159s][debug  ][gc,phases,ref  ] GC(165)   Notify and keep alive finalizable: 0.0ms
[45.159s][debug  ][gc,phases,ref  ] GC(165)     FinalRef (ms):                 skipped
[45.159s][debug  ][gc,phases,ref  ] GC(165)   Notify PhantomReferences: 0.0ms
[45.159s][debug  ][gc,phases,ref  ] GC(165)     PhantomRef (ms):               skipped
[45.159s][debug  ][gc,phases,ref  ] GC(165)   SoftReference:
[45.159s][debug  ][gc,phases,ref  ] GC(165)     Discovered: 0
[45.159s][debug  ][gc,phases,ref  ] GC(165)     Cleared: 0
[45.159s][debug  ][gc,phases,ref  ] GC(165)   WeakReference:
[45.160s][debug  ][gc,phases,ref  ] GC(165)     Discovered: 0
[45.160s][debug  ][gc,phases,ref  ] GC(165)     Cleared: 0
[45.160s][debug  ][gc,phases,ref  ] GC(165)   FinalReference:
[45.160s][debug  ][gc,phases,ref  ] GC(165)     Discovered: 0
[45.160s][debug  ][gc,phases,ref  ] GC(165)     Cleared: 0
[45.160s][debug  ][gc,phases,ref  ] GC(165)   PhantomReference:
[45.160s][debug  ][gc,phases,ref  ] GC(165)     Discovered: 0
[45.160s][debug  ][gc,phases,ref  ] GC(165)     Cleared: 0
[45.160s][debug  ][gc,phases      ] GC(165) Reference Processing 0.697ms
[45.160s][debug  ][gc,phases,start] GC(165) Weak Processing
[45.160s][debug  ][gc,phases      ] GC(165)   VM Weak                        Min:  0.0, Avg:  0.0, Max:  0.0, Diff:  0.0, Sum:  0.0, Workers: 6
[45.160s][debug  ][gc,phases      ] GC(165)     Dead                           Min: 0, Avg:  0.0, Max: 0, Diff: 0, Sum: 0, Workers: 6
[45.160s][debug  ][gc,phases      ] GC(165)     Total                          Min: 0, Avg:  1.3, Max: 8, Diff: 8, Sum: 8, Workers: 6
[45.160s][debug  ][gc,phases      ] GC(165)   ObjectSynchronizer Weak        Min:  0.0, Avg:  0.0, Max:  0.0, Diff:  0.0, Sum:  0.0, Workers: 6
[45.160s][debug  ][gc,phases      ] GC(165)     Dead                           Min: 0, Avg:  0.0, Max: 0, Diff: 0, Sum: 0, Workers: 6
[45.160s][debug  ][gc,phases      ] GC(165)     Total                          Min: 0, Avg:  0.5, Max: 3, Diff: 3, Sum: 3, Workers: 6
[45.160s][debug  ][gc,phases      ] GC(165)   JVMTI Tag Weak OopStorage      Min:  0.0, Avg:  0.0, Max:  0.0, Diff:  0.0, Sum:  0.0, Workers: 6
[45.160s][debug  ][gc,phases      ] GC(165)     Dead                           Min: 0, Avg:  0.0, Max: 0, Diff: 0, Sum: 0, Workers: 6
[45.160s][debug  ][gc,phases      ] GC(165)     Total                          Min: 0, Avg:  0.0, Max: 0, Diff: 0, Sum: 0, Workers: 6
[45.160s][debug  ][gc,phases      ] GC(165)   StringTable Weak               Min:  0.0, Avg:  0.0, Max:  0.0, Diff:  0.0, Sum:  0.0, Workers: 6
[45.160s][debug  ][gc,phases      ] GC(165)     Dead                           Min: 0, Avg:  0.0, Max: 0, Diff: 0, Sum: 0, Workers: 6
[45.160s][debug  ][gc,phases      ] GC(165)     Total                          Min: 0, Avg: 891.8, Max: 1216, Diff: 1216, Sum: 5351, Workers: 6
[45.160s][debug  ][gc,phases      ] GC(165)   ResolvedMethodTable Weak       Min:  0.0, Avg:  0.0, Max:  0.0, Diff:  0.0, Sum:  0.0, Workers: 6
[45.160s][debug  ][gc,phases      ] GC(165)     Dead                           Min: 0, Avg:  0.0, Max: 0, Diff: 0, Sum: 0, Workers: 6
[45.160s][debug  ][gc,phases      ] GC(165)     Total                          Min: 0, Avg: 21.7, Max: 64, Diff: 64, Sum: 130, Workers: 6
[45.160s][debug  ][gc,phases      ] GC(165)   JNI Weak                       Min:  0.0, Avg:  0.0, Max:  0.0, Diff:  0.0, Sum:  0.0, Workers: 6
[45.160s][debug  ][gc,phases      ] GC(165)     Dead                           Min: 0, Avg:  0.0, Max: 0, Diff: 0, Sum: 0, Workers: 6
[45.160s][debug  ][gc,phases      ] GC(165)     Total                          Min: 0, Avg:  0.0, Max: 0, Diff: 0, Sum: 0, Workers: 6
[45.160s][debug  ][gc,phases      ] GC(165)   StringDedup Table Weak         Min:  0.0, Avg:  0.0, Max:  0.0, Diff:  0.0, Sum:  0.0, Workers: 6
[45.160s][debug  ][gc,phases      ] GC(165)     Dead                           Min: 0, Avg:  0.0, Max: 0, Diff: 0, Sum: 0, Workers: 6
[45.160s][debug  ][gc,phases      ] GC(165)     Total                          Min: 0, Avg:  0.0, Max: 0, Diff: 0, Sum: 0, Workers: 6
[45.160s][debug  ][gc,phases      ] GC(165)   StringDedup Requests0 Weak     Min:  0.0, Avg:  0.0, Max:  0.0, Diff:  0.0, Sum:  0.0, Workers: 6
[45.160s][debug  ][gc,phases      ] GC(165)     Dead                           Min: 0, Avg:  0.0, Max: 0, Diff: 0, Sum: 0, Workers: 6
[45.160s][debug  ][gc,phases      ] GC(165)     Total                          Min: 0, Avg:  0.0, Max: 0, Diff: 0, Sum: 0, Workers: 6
[45.160s][debug  ][gc,phases      ] GC(165)   StringDedup Requests1 Weak     Min:  0.0, Avg:  0.0, Max:  0.0, Diff:  0.0, Sum:  0.0, Workers: 6
[45.160s][debug  ][gc,phases      ] GC(165)     Dead                           Min: 0, Avg:  0.0, Max: 0, Diff: 0, Sum: 0, Workers: 6
[45.160s][debug  ][gc,phases      ] GC(165)     Total                          Min: 0, Avg:  0.0, Max: 0, Diff: 0, Sum: 0, Workers: 6
[45.160s][debug  ][gc,phases      ] GC(165)   Weak JFR Old Object Samples    Min:  0.0, Avg:  0.0, Max:  0.0, Diff:  0.0, Sum:  0.0, Workers: 6
[45.160s][debug  ][gc,phases      ] GC(165)     Dead                           Min: 0, Avg:  0.0, Max: 0, Diff: 0, Sum: 0, Workers: 6
[45.161s][debug  ][gc,phases      ] GC(165)     Total                          Min: 0, Avg:  0.0, Max: 0, Diff: 0, Sum: 0, Workers: 6
[45.161s][debug  ][gc,phases      ] GC(165) Weak Processing 0.796ms
[45.161s][debug  ][gc,ergo        ] GC(165) AdaptiveSizeStart:  collection: 166 
[45.161s][debug  ][gc,ergo        ] GC(165) avg_survived_padded_avg: 32166582.000000
[45.161s][debug  ][gc,ergo        ] GC(165) avg_promoted_padded_avg: 261177120.000000  avg_pretenured_padded_avg: 0.000000  tenuring_thresh: 15  target_size: 32505856
[45.161s][debug  ][gc,age         ] GC(165) Desired survivor size 32505856 bytes, new threshold 15 (max threshold 15)
[45.161s][debug  ][gc,ergo        ] GC(165) PSAdaptiveSizePolicy::compute_eden_space_size limits: desired_eden_size: 222760836 old_eden_size: 203423744 eden_limit: 203423744 cur_eden: 203423744 max_eden_size: 203423744 avg_young_live: 27330946
[45.161s][debug  ][gc,ergo        ] GC(165) PSAdaptiveSizePolicy::compute_eden_space_size: costs minor_time: 0.046942 major_cost: 0.052332 mutator_cost: 0.900727 throughput_goal: 0.990000
[45.161s][debug  ][gc,ergo        ] GC(165) Live_space: 1079751936 free_space: 1378877440
[45.161s][debug  ][gc,ergo        ] GC(165) Old eden_size: 203423744 desired_eden_size: 203423744
[45.161s][debug  ][gc,ergo        ] GC(165) AdaptiveSizeStop: collection: 166 
[45.161s][info   ][gc,heap        ] GC(165) PSYoungGen: 229142K(230400K)->30720K(230400K) Eden: 198422K(198656K)->0K(198656K) From: 30720K(31744K)->30720K(31744K)
[45.161s][info   ][gc,heap        ] GC(165) ParOldGen: 1271396K(1835008K)->1465957K(1835008K)
[45.161s][info   ][gc,metaspace   ] GC(165) Metaspace: 1022K(1216K)->1022K(1216K) NonClass: 939K(1024K)->939K(1024K) Class: 83K(192K)->83K(192K)
[45.161s][info   ][gc             ] GC(165) Pause Young (Allocation Failure) 1465M->1461M(2017M) 17.027ms
[45.161s][info   ][gc,cpu         ] GC(165) User=0.05s Sys=0.00s Real=0.02s
[45.161s][debug  ][gc,heap        ] GC(165) Heap after GC invocations=166 (full 26):
[45.161s][debug  ][gc,heap        ] GC(165)  PSYoungGen      total 230400K, used 30720K [0x00000000f0000000, 0x0000000100000000, 0x0000000100000000)
[45.161s][debug  ][gc,heap        ] GC(165)   eden space 198656K, 0% used [0x00000000f0000000,0x00000000f0000000,0x00000000fc200000)
[45.161s][debug  ][gc,heap        ] GC(165)   from space 31744K, 96% used [0x00000000fe100000,0x00000000fff00030,0x0000000100000000)
[45.161s][debug  ][gc,heap        ] GC(165)   to   space 31744K, 0% used [0x00000000fc200000,0x00000000fc200000,0x00000000fe100000)
[45.161s][debug  ][gc,heap        ] GC(165)  ParOldGen       total 1835008K, used 1465957K [0x0000000080000000, 0x00000000f0000000, 0x00000000f0000000)
[45.161s][debug  ][gc,heap        ] GC(165)   object space 1835008K, 79% used [0x0000000080000000,0x00000000d9799408,0x00000000f0000000)
[45.161s][debug  ][gc,heap        ] GC(165)  Metaspace       used 1022K, committed 1216K, reserved 1056768K
[45.161s][debug  ][gc,heap        ] GC(165)   class space    used 83K, committed 192K, reserved 1048576K
[45.161s][debug  ][gc,task,time   ] GC(165) VM-Thread 451433612 451590097 451611062
[45.458s][debug  ][gc,heap        ] GC(166) Heap before GC invocations=167 (full 26):
[45.458s][debug  ][gc,heap        ] GC(166)  PSYoungGen      total 230400K, used 229154K [0x00000000f0000000, 0x0000000100000000, 0x0000000100000000)
[45.458s][debug  ][gc,heap        ] GC(166)   eden space 198656K, 99% used [0x00000000f0000000,0x00000000fc1c8880,0x00000000fc200000)
[45.458s][debug  ][gc,heap        ] GC(166)   from space 31744K, 96% used [0x00000000fe100000,0x00000000fff00030,0x0000000100000000)
[45.458s][debug  ][gc,heap        ] GC(166)   to   space 31744K, 0% used [0x00000000fc200000,0x00000000fc200000,0x00000000fe100000)
[45.458s][debug  ][gc,heap        ] GC(166)  ParOldGen       total 1835008K, used 1465957K [0x0000000080000000, 0x00000000f0000000, 0x00000000f0000000)
[45.458s][debug  ][gc,heap        ] GC(166)   object space 1835008K, 79% used [0x0000000080000000,0x00000000d9799408,0x00000000f0000000)
[45.458s][debug  ][gc,heap        ] GC(166)  Metaspace       used 1022K, committed 1216K, reserved 1056768K
[45.458s][debug  ][gc,heap        ] GC(166)   class space    used 83K, committed 192K, reserved 1048576K
[45.458s][debug  ][gc,tlab        ] GC(166) TLAB totals: thrds: 1  refills: 1 max: 1 slow allocs: 18 max 18 waste: 27.4% gc: 3966800B max: 3966800B slow: 0B max: 0B
[45.458s][info   ][gc,start       ] GC(166) Pause Young (Allocation Failure)
[45.458s][debug  ][gc,phases,start] GC(166) Scavenge
[45.472s][debug  ][gc,phases      ] GC(166) Scavenge 14.411ms
[45.472s][debug  ][gc,phases,start] GC(166) Reference Processing
[45.472s][debug  ][gc,ref         ] GC(166) Skipped phase 1 of Reference Processing: no references
[45.473s][debug  ][gc,ref         ] GC(166) Skipped phase 2 of Reference Processing: no references
[45.473s][debug  ][gc,ref         ] GC(166) Skipped phase 3 of Reference Processing: no references
[45.473s][debug  ][gc,ref         ] GC(166) Skipped phase 4 of Reference Processing: no references
[45.473s][debug  ][gc,phases,ref  ] GC(166) Reference Processing: 0.1ms
[45.473s][debug  ][gc,phases,ref  ] GC(166)   Reconsider SoftReferences: 0.0ms
[45.473s][debug  ][gc,phases,ref  ] GC(166)     SoftRef (ms):                  skipped
[45.473s][debug  ][gc,phases,ref  ] GC(166)   Notify Soft/WeakReferences: 0.0ms
[45.473s][debug  ][gc,phases,ref  ] GC(166)     SoftRef (ms):                  skipped
[45.473s][debug  ][gc,phases,ref  ] GC(166)     WeakRef (ms):                  skipped
[45.473s][debug  ][gc,phases,ref  ] GC(166)     FinalRef (ms):                 skipped
[45.473s][debug  ][gc,phases,ref  ] GC(166)     Total (ms):                    skipped
[45.473s][debug  ][gc,phases,ref  ] GC(166)   Notify and keep alive finalizable: 0.0ms
[45.473s][debug  ][gc,phases,ref  ] GC(166)     FinalRef (ms):                 skipped
[45.473s][debug  ][gc,phases,ref  ] GC(166)   Notify PhantomReferences: 0.0ms
[45.473s][debug  ][gc,phases,ref  ] GC(166)     PhantomRef (ms):               skipped
[45.473s][debug  ][gc,phases,ref  ] GC(166)   SoftReference:
[45.473s][debug  ][gc,phases,ref  ] GC(166)     Discovered: 0
[45.473s][debug  ][gc,phases,ref  ] GC(166)     Cleared: 0
[45.473s][debug  ][gc,phases,ref  ] GC(166)   WeakReference:
[45.473s][debug  ][gc,phases,ref  ] GC(166)     Discovered: 0
[45.473s][debug  ][gc,phases,ref  ] GC(166)     Cleared: 0
[45.473s][debug  ][gc,phases,ref  ] GC(166)   FinalReference:
[45.473s][debug  ][gc,phases,ref  ] GC(166)     Discovered: 0
[45.473s][debug  ][gc,phases,ref  ] GC(166)     Cleared: 0
[45.473s][debug  ][gc,phases,ref  ] GC(166)   PhantomReference:
[45.473s][debug  ][gc,phases,ref  ] GC(166)     Discovered: 0
[45.473s][debug  ][gc,phases,ref  ] GC(166)     Cleared: 0
[45.473s][debug  ][gc,phases      ] GC(166) Reference Processing 0.740ms
[45.473s][debug  ][gc,phases,start] GC(166) Weak Processing
[45.473s][debug  ][gc,phases      ] GC(166)   VM Weak                        Min:  0.0, Avg:  0.0, Max:  0.0, Diff:  0.0, Sum:  0.0, Workers: 6
[45.473s][debug  ][gc,phases      ] GC(166)     Dead                           Min: 0, Avg:  0.0, Max: 0, Diff: 0, Sum: 0, Workers: 6
[45.473s][debug  ][gc,phases      ] GC(166)     Total                          Min: 0, Avg:  1.3, Max: 8, Diff: 8, Sum: 8, Workers: 6
[45.473s][debug  ][gc,phases      ] GC(166)   ObjectSynchronizer Weak        Min:  0.0, Avg:  0.0, Max:  0.0, Diff:  0.0, Sum:  0.0, Workers: 6
[45.473s][debug  ][gc,phases      ] GC(166)     Dead                           Min: 0, Avg:  0.0, Max: 0, Diff: 0, Sum: 0, Workers: 6
[45.473s][debug  ][gc,phases      ] GC(166)     Total                          Min: 0, Avg:  0.5, Max: 3, Diff: 3, Sum: 3, Workers: 6
[45.473s][debug  ][gc,phases      ] GC(166)   JVMTI Tag Weak OopStorage      Min:  0.0, Avg:  0.0, Max:  0.0, Diff:  0.0, Sum:  0.0, Workers: 6
[45.473s][debug  ][gc,phases      ] GC(166)     Dead                           Min: 0, Avg:  0.0, Max: 0, Diff: 0, Sum: 0, Workers: 6
[45.473s][debug  ][gc,phases      ] GC(166)     Total                          Min: 0, Avg:  0.0, Max: 0, Diff: 0, Sum: 0, Workers: 6
[45.474s][debug  ][gc,phases      ] GC(166)   StringTable Weak               Min:  0.0, Avg:  0.0, Max:  0.0, Diff:  0.0, Sum:  0.0, Workers: 6
[45.474s][debug  ][gc,phases      ] GC(166)     Dead                           Min: 0, Avg:  0.0, Max: 0, Diff: 0, Sum: 0, Workers: 6
[45.474s][debug  ][gc,phases      ] GC(166)     Total                          Min: 640, Avg: 891.8, Max: 1192, Diff: 552, Sum: 5351, Workers: 6
[45.474s][debug  ][gc,phases      ] GC(166)   ResolvedMethodTable Weak       Min:  0.0, Avg:  0.0, Max:  0.0, Diff:  0.0, Sum:  0.0, Workers: 6
[45.474s][debug  ][gc,phases      ] GC(166)     Dead                           Min: 0, Avg:  0.0, Max: 0, Diff: 0, Sum: 0, Workers: 6
[45.474s][debug  ][gc,phases      ] GC(166)     Total                          Min: 0, Avg: 21.7, Max: 64, Diff: 64, Sum: 130, Workers: 6
[45.474s][debug  ][gc,phases      ] GC(166)   JNI Weak                       Min:  0.0, Avg:  0.0, Max:  0.0, Diff:  0.0, Sum:  0.0, Workers: 6
[45.474s][debug  ][gc,phases      ] GC(166)     Dead                           Min: 0, Avg:  0.0, Max: 0, Diff: 0, Sum: 0, Workers: 6
[45.474s][debug  ][gc,phases      ] GC(166)     Total                          Min: 0, Avg:  0.0, Max: 0, Diff: 0, Sum: 0, Workers: 6
[45.474s][debug  ][gc,phases      ] GC(166)   StringDedup Table Weak         Min:  0.0, Avg:  0.0, Max:  0.0, Diff:  0.0, Sum:  0.0, Workers: 6
[45.474s][debug  ][gc,phases      ] GC(166)     Dead                           Min: 0, Avg:  0.0, Max: 0, Diff: 0, Sum: 0, Workers: 6
[45.474s][debug  ][gc,phases      ] GC(166)     Total                          Min: 0, Avg:  0.0, Max: 0, Diff: 0, Sum: 0, Workers: 6
[45.474s][debug  ][gc,phases      ] GC(166)   StringDedup Requests0 Weak     Min:  0.0, Avg:  0.0, Max:  0.0, Diff:  0.0, Sum:  0.0, Workers: 6
[45.474s][debug  ][gc,phases      ] GC(166)     Dead                           Min: 0, Avg:  0.0, Max: 0, Diff: 0, Sum: 0, Workers: 6
[45.474s][debug  ][gc,phases      ] GC(166)     Total                          Min: 0, Avg:  0.0, Max: 0, Diff: 0, Sum: 0, Workers: 6
[45.474s][debug  ][gc,phases      ] GC(166)   StringDedup Requests1 Weak     Min:  0.0, Avg:  0.0, Max:  0.0, Diff:  0.0, Sum:  0.0, Workers: 6
[45.474s][debug  ][gc,phases      ] GC(166)     Dead                           Min: 0, Avg:  0.0, Max: 0, Diff: 0, Sum: 0, Workers: 6
[45.474s][debug  ][gc,phases      ] GC(166)     Total                          Min: 0, Avg:  0.0, Max: 0, Diff: 0, Sum: 0, Workers: 6
[45.474s][debug  ][gc,phases      ] GC(166)   Weak JFR Old Object Samples    Min:  0.0, Avg:  0.0, Max:  0.0, Diff:  0.0, Sum:  0.0, Workers: 6
[45.474s][debug  ][gc,phases      ] GC(166)     Dead                           Min: 0, Avg:  0.0, Max: 0, Diff: 0, Sum: 0, Workers: 6
[45.474s][debug  ][gc,phases      ] GC(166)     Total                          Min: 0, Avg:  0.0, Max: 0, Diff: 0, Sum: 0, Workers: 6
[45.474s][debug  ][gc,phases      ] GC(166) Weak Processing 0.869ms
[45.474s][debug  ][gc,ergo        ] GC(166) AdaptiveSizeStart:  collection: 167 
[45.474s][debug  ][gc,ergo        ] GC(166) avg_survived_padded_avg: 32110474.000000
[45.474s][debug  ][gc,ergo        ] GC(166) avg_promoted_padded_avg: 263146800.000000  avg_pretenured_padded_avg: 0.000000  tenuring_thresh: 15  target_size: 32505856
[45.474s][debug  ][gc,age         ] GC(166) Desired survivor size 32505856 bytes, new threshold 15 (max threshold 15)
[45.474s][debug  ][gc,ergo        ] GC(166) PSAdaptiveSizePolicy::compute_eden_space_size limits: desired_eden_size: 223004917 old_eden_size: 203423744 eden_limit: 203423744 cur_eden: 203423744 max_eden_size: 203423744 avg_young_live: 27743584
[45.474s][debug  ][gc,ergo        ] GC(166) PSAdaptiveSizePolicy::compute_eden_space_size: costs minor_time: 0.048079 major_cost: 0.052332 mutator_cost: 0.899590 throughput_goal: 0.990000
[45.474s][debug  ][gc,ergo        ] GC(166) Live_space: 1080164608 free_space: 1378877440
[45.474s][debug  ][gc,ergo        ] GC(166) Old eden_size: 203423744 desired_eden_size: 203423744
[45.474s][debug  ][gc,ergo        ] GC(166) AdaptiveSizeStop: collection: 167 
[45.474s][info   ][gc,heap        ] GC(166) PSYoungGen: 229154K(230400K)->30720K(230400K) Eden: 198434K(198656K)->0K(198656K) From: 30720K(31744K)->30720K(31744K)
[45.474s][info   ][gc,heap        ] GC(166) ParOldGen: 1465957K(1835008K)->1660517K(1835008K)
[45.474s][info   ][gc,metaspace   ] GC(166) Metaspace: 1022K(1216K)->1022K(1216K) NonClass: 939K(1024K)->939K(1024K) Class: 83K(192K)->83K(192K)
[45.474s][info   ][gc             ] GC(166) Pause Young (Allocation Failure) 1655M->1651M(2017M) 16.472ms
[45.474s][info   ][gc,cpu         ] GC(166) User=0.09s Sys=0.00s Real=0.02s
[45.474s][debug  ][gc,heap        ] GC(166) Heap after GC invocations=167 (full 26):
[45.474s][debug  ][gc,heap        ] GC(166)  PSYoungGen      total 230400K, used 30720K [0x00000000f0000000, 0x0000000100000000, 0x0000000100000000)
[45.474s][debug  ][gc,heap        ] GC(166)   eden space 198656K, 0% used [0x00000000f0000000,0x00000000f0000000,0x00000000fc200000)
[45.475s][debug  ][gc,heap        ] GC(166)   from space 31744K, 96% used [0x00000000fc200000,0x00000000fe000030,0x00000000fe100000)
[45.475s][debug  ][gc,heap        ] GC(166)   to   space 31744K, 0% used [0x00000000fe100000,0x00000000fe100000,0x0000000100000000)
[45.475s][debug  ][gc,heap        ] GC(166)  ParOldGen       total 1835008K, used 1660517K [0x0000000080000000, 0x00000000f0000000, 0x00000000f0000000)
[45.475s][debug  ][gc,heap        ] GC(166)   object space 1835008K, 90% used [0x0000000080000000,0x00000000e5599538,0x00000000f0000000)
[45.475s][debug  ][gc,heap        ] GC(166)  Metaspace       used 1022K, committed 1216K, reserved 1056768K
[45.475s][debug  ][gc,heap        ] GC(166)   class space    used 83K, committed 192K, reserved 1048576K
[45.475s][debug  ][gc,task,time   ] GC(166) VM-Thread 454575781 454724371 454746351
[45.475s][debug  ][gc,phases,start] GC(167) Pre Compact
[45.475s][debug  ][gc,heap        ] GC(167) Heap before GC invocations=168 (full 27):
[45.475s][debug  ][gc,heap        ] GC(167)  PSYoungGen      total 230400K, used 30720K [0x00000000f0000000, 0x0000000100000000, 0x0000000100000000)
[45.475s][debug  ][gc,heap        ] GC(167)   eden space 198656K, 0% used [0x00000000f0000000,0x00000000f0000000,0x00000000fc200000)
[45.475s][debug  ][gc,heap        ] GC(167)   from space 31744K, 96% used [0x00000000fc200000,0x00000000fe000030,0x00000000fe100000)
[45.475s][debug  ][gc,heap        ] GC(167)   to   space 31744K, 0% used [0x00000000fe100000,0x00000000fe100000,0x0000000100000000)
[45.475s][debug  ][gc,heap        ] GC(167)  ParOldGen       total 1835008K, used 1660517K [0x0000000080000000, 0x00000000f0000000, 0x00000000f0000000)
[45.475s][debug  ][gc,heap        ] GC(167)   object space 1835008K, 90% used [0x0000000080000000,0x00000000e5599538,0x00000000f0000000)
[45.475s][debug  ][gc,heap        ] GC(167)  Metaspace       used 1022K, committed 1216K, reserved 1056768K
[45.475s][debug  ][gc,heap        ] GC(167)   class space    used 83K, committed 192K, reserved 1048576K
[45.475s][debug  ][gc,phases      ] GC(167) Pre Compact 0.204ms
[45.475s][info   ][gc,start       ] GC(167) Pause Full (Ergonomics)
[45.475s][info   ][gc,phases,start] GC(167) Marking Phase
[45.475s][debug  ][gc,phases,start] GC(167) Par Mark
[45.475s][debug  ][gc,phases      ] GC(167) Par Mark 0.545ms
[45.476s][debug  ][gc,phases,start] GC(167) Reference Processing
[45.476s][debug  ][gc,ref         ] GC(167) Skipped phase 1 of Reference Processing: no references
[45.476s][debug  ][gc,ref         ] GC(167) ReferenceProcessor::execute queues: 1, RefProcThreadModel::Single, marks_oops_alive: false
[45.476s][debug  ][gc,ref         ] GC(167) Skipped phase 3 of Reference Processing: no references
[45.476s][debug  ][gc,ref         ] GC(167) ReferenceProcessor::execute queues: 1, RefProcThreadModel::Single, marks_oops_alive: false
[45.476s][debug  ][gc,phases,ref  ] GC(167) Reference Processing: 0.1ms
[45.476s][debug  ][gc,phases,ref  ] GC(167)   Reconsider SoftReferences: 0.0ms
[45.476s][debug  ][gc,phases,ref  ] GC(167)     SoftRef (ms):                  skipped
[45.476s][debug  ][gc,phases,ref  ] GC(167)   Notify Soft/WeakReferences: 0.0ms
[45.476s][debug  ][gc,phases,ref  ] GC(167)     SoftRef (ms):                  Min:  0.0, Avg:  0.0, Max:  0.0, Diff:  0.0, Sum:  0.0, Workers: 6
[45.476s][debug  ][gc,phases,ref  ] GC(167)     WeakRef (ms):                  Min:  0.0, Avg:  0.0, Max:  0.0, Diff:  0.0, Sum:  0.0, Workers: 6
[45.476s][debug  ][gc,phases,ref  ] GC(167)     FinalRef (ms):                 Min:  0.0, Avg:  0.0, Max:  0.0, Diff:  0.0, Sum:  0.0, Workers: 6
[45.476s][debug  ][gc,phases,ref  ] GC(167)     Total (ms):                    Min:  0.0, Avg:  0.0, Max:  0.0, Diff:  0.0, Sum:  0.0, Workers: 6
[45.476s][debug  ][gc,phases,ref  ] GC(167)   Notify and keep alive finalizable: 0.0ms
[45.476s][debug  ][gc,phases,ref  ] GC(167)     FinalRef (ms):                 skipped
[45.476s][debug  ][gc,phases,ref  ] GC(167)   Notify PhantomReferences: 0.0ms
[45.476s][debug  ][gc,phases,ref  ] GC(167)     PhantomRef (ms):               Min:  0.0, Avg:  0.0, Max:  0.0, Diff:  0.0, Sum:  0.0, Workers: 6
[45.476s][debug  ][gc,phases,ref  ] GC(167)   SoftReference:
[45.476s][debug  ][gc,phases,ref  ] GC(167)     Discovered: 0
[45.476s][debug  ][gc,phases,ref  ] GC(167)     Cleared: 0
[45.476s][debug  ][gc,phases,ref  ] GC(167)   WeakReference:
[45.476s][debug  ][gc,phases,ref  ] GC(167)     Discovered: 108
[45.476s][debug  ][gc,phases,ref  ] GC(167)     Cleared: 108
[45.476s][debug  ][gc,phases,ref  ] GC(167)   FinalReference:
[45.476s][debug  ][gc,phases,ref  ] GC(167)     Discovered: 0
[45.476s][debug  ][gc,phases,ref  ] GC(167)     Cleared: 0
[45.476s][debug  ][gc,phases,ref  ] GC(167)   PhantomReference:
[45.476s][debug  ][gc,phases,ref  ] GC(167)     Discovered: 3
[45.476s][debug  ][gc,phases,ref  ] GC(167)     Cleared: 3
[45.476s][debug  ][gc,phases      ] GC(167) Reference Processing 0.573ms
[45.476s][debug  ][gc,phases,start] GC(167) Weak Processing
[45.476s][debug  ][gc,phases      ] GC(167)   VM Weak                        Min:  0.0, Avg:  0.0, Max:  0.0, Diff:  0.0, Sum:  0.0, Workers: 6
[45.476s][debug  ][gc,phases      ] GC(167)     Dead                           Min: 0, Avg:  0.0, Max: 0, Diff: 0, Sum: 0, Workers: 6
[45.476s][debug  ][gc,phases      ] GC(167)     Total                          Min: 0, Avg:  1.3, Max: 8, Diff: 8, Sum: 8, Workers: 6
[45.476s][debug  ][gc,phases      ] GC(167)   ObjectSynchronizer Weak        Min:  0.0, Avg:  0.0, Max:  0.0, Diff:  0.0, Sum:  0.0, Workers: 6
[45.476s][debug  ][gc,phases      ] GC(167)     Dead                           Min: 0, Avg:  0.0, Max: 0, Diff: 0, Sum: 0, Workers: 6
[45.476s][debug  ][gc,phases      ] GC(167)     Total                          Min: 0, Avg:  0.5, Max: 3, Diff: 3, Sum: 3, Workers: 6
[45.476s][debug  ][gc,phases      ] GC(167)   JVMTI Tag Weak OopStorage      Min:  0.0, Avg:  0.0, Max:  0.0, Diff:  0.0, Sum:  0.0, Workers: 6
[45.476s][debug  ][gc,phases      ] GC(167)     Dead                           Min: 0, Avg:  0.0, Max: 0, Diff: 0, Sum: 0, Workers: 6
[45.476s][debug  ][gc,phases      ] GC(167)     Total                          Min: 0, Avg:  0.0, Max: 0, Diff: 0, Sum: 0, Workers: 6
[45.476s][debug  ][gc,phases      ] GC(167)   StringTable Weak               Min:  0.0, Avg:  0.0, Max:  0.0, Diff:  0.0, Sum:  0.0, Workers: 6
[45.476s][debug  ][gc,phases      ] GC(167)     Dead                           Min: 0, Avg:  0.0, Max: 0, Diff: 0, Sum: 0, Workers: 6
[45.476s][debug  ][gc,phases      ] GC(167)     Total                          Min: 679, Avg: 891.8, Max: 1216, Diff: 537, Sum: 5351, Workers: 6
[45.476s][debug  ][gc,phases      ] GC(167)   ResolvedMethodTable Weak       Min:  0.0, Avg:  0.0, Max:  0.0, Diff:  0.0, Sum:  0.0, Workers: 6
[45.476s][debug  ][gc,phases      ] GC(167)     Dead                           Min: 0, Avg:  0.0, Max: 0, Diff: 0, Sum: 0, Workers: 6
[45.476s][debug  ][gc,phases      ] GC(167)     Total                          Min: 0, Avg: 21.7, Max: 64, Diff: 64, Sum: 130, Workers: 6
[45.476s][debug  ][gc,phases      ] GC(167)   JNI Weak                       Min:  0.0, Avg:  0.0, Max:  0.0, Diff:  0.0, Sum:  0.0, Workers: 6
[45.476s][debug  ][gc,phases      ] GC(167)     Dead                           Min: 0, Avg:  0.0, Max: 0, Diff: 0, Sum: 0, Workers: 6
[45.477s][debug  ][gc,phases      ] GC(167)     Total                          Min: 0, Avg:  0.0, Max: 0, Diff: 0, Sum: 0, Workers: 6
[45.477s][debug  ][gc,phases      ] GC(167)   StringDedup Table Weak         Min:  0.0, Avg:  0.0, Max:  0.0, Diff:  0.0, Sum:  0.0, Workers: 6
[45.477s][debug  ][gc,phases      ] GC(167)     Dead                           Min: 0, Avg:  0.0, Max: 0, Diff: 0, Sum: 0, Workers: 6
[45.477s][debug  ][gc,phases      ] GC(167)     Total                          Min: 0, Avg:  0.0, Max: 0, Diff: 0, Sum: 0, Workers: 6
[45.477s][debug  ][gc,phases      ] GC(167)   StringDedup Requests0 Weak     Min:  0.0, Avg:  0.0, Max:  0.0, Diff:  0.0, Sum:  0.0, Workers: 6
[45.477s][debug  ][gc,phases      ] GC(167)     Dead                           Min: 0, Avg:  0.0, Max: 0, Diff: 0, Sum: 0, Workers: 6
[45.477s][debug  ][gc,phases      ] GC(167)     Total                          Min: 0, Avg:  0.0, Max: 0, Diff: 0, Sum: 0, Workers: 6
[45.477s][debug  ][gc,phases      ] GC(167)   StringDedup Requests1 Weak     Min:  0.0, Avg:  0.0, Max:  0.0, Diff:  0.0, Sum:  0.0, Workers: 6
[45.477s][debug  ][gc,phases      ] GC(167)     Dead                           Min: 0, Avg:  0.0, Max: 0, Diff: 0, Sum: 0, Workers: 6
[45.477s][debug  ][gc,phases      ] GC(167)     Total                          Min: 0, Avg:  0.0, Max: 0, Diff: 0, Sum: 0, Workers: 6
[45.477s][debug  ][gc,phases      ] GC(167)   Weak JFR Old Object Samples    Min:  0.0, Avg:  0.0, Max:  0.0, Diff:  0.0, Sum:  0.0, Workers: 6
[45.477s][debug  ][gc,phases      ] GC(167)     Dead                           Min: 0, Avg:  0.0, Max: 0, Diff: 0, Sum: 0, Workers: 6
[45.477s][debug  ][gc,phases      ] GC(167)     Total                          Min: 0, Avg:  0.0, Max: 0, Diff: 0, Sum: 0, Workers: 6
[45.477s][debug  ][gc,phases      ] GC(167) Weak Processing 0.695ms
[45.477s][debug  ][gc,phases,start] GC(167) Class Unloading
[45.477s][debug  ][gc,phases,start] GC(167) ClassLoaderData
[45.477s][debug  ][gc,phases      ] GC(167) ClassLoaderData 0.020ms
[45.477s][debug  ][gc,phases,start] GC(167) Trigger cleanups
[45.477s][debug  ][gc,phases      ] GC(167) Trigger cleanups 0.019ms
[45.477s][debug  ][gc,phases      ] GC(167) Class Unloading 0.259ms
[45.477s][info   ][gc,phases      ] GC(167) Marking Phase 2.192ms
[45.477s][info   ][gc,phases,start] GC(167) Summary Phase
[45.477s][info   ][gc,phases      ] GC(167) Summary Phase 0.044ms
[45.477s][info   ][gc,phases,start] GC(167) Adjust Roots
[45.477s][info   ][gc,phases      ] GC(167) Adjust Roots 0.173ms
[45.477s][info   ][gc,phases,start] GC(167) Compaction Phase
[45.556s][info   ][gc,phases      ] GC(167) Compaction Phase 78.916ms
[45.556s][info   ][gc,phases,start] GC(167) Post Compact
[45.562s][info   ][gc,phases      ] GC(167) Post Compact 5.827ms
[45.562s][debug  ][gc,ergo        ] GC(167) AdaptiveSizeStart: collection: 168 
[45.562s][debug  ][gc,ergo        ] GC(167) PSAdaptiveSizePolicy::compute_eden_space_size limits: desired_eden_size: 223007874 old_eden_size: 203423744 eden_limit: 203423744 cur_eden: 203423744 max_eden_size: 203423744 avg_young_live: 24969226
[45.562s][debug  ][gc,ergo        ] GC(167) PSAdaptiveSizePolicy::compute_eden_space_size: costs minor_time: 0.048079 major_cost: 0.052316 mutator_cost: 0.899605 throughput_goal: 0.990000
[45.562s][debug  ][gc,ergo        ] GC(167) Live_space: 1077390208 free_space: 1378877440
[45.562s][debug  ][gc,ergo        ] GC(167) Old eden_size: 203423744 desired_eden_size: 203423744
[45.562s][debug  ][gc,ergo        ] GC(167) PSAdaptiveSizePolicy::compute_old_gen_free_space limits: desired_promo_size: 1298124718 promo_limit: 1175453696 free_in_old_gen: 1097796224 max_old_gen_size: 1879048192 avg_old_live: 781251968
[45.563s][debug  ][gc,ergo        ] GC(167) PSAdaptiveSizePolicy::compute_old_gen_free_space: costs minor_time: 0.048079 major_cost: 0.052316  mutator_cost: 0.899605 throughput_goal: 0.990000
[45.563s][debug  ][gc,ergo        ] GC(167) Live_space: 1074656640 free_space: 1378877440
[45.563s][debug  ][gc,ergo        ] GC(167) Old promo_size: 1175453696 desired_promo_size: 1175453696
[45.563s][debug  ][gc,ergo        ] GC(167) AdaptiveSizeStop: collection: 168 
[45.563s][info   ][gc,heap        ] GC(167) PSYoungGen: 30720K(230400K)->0K(230400K) Eden: 0K(198656K)->0K(198656K) From: 30720K(31744K)->0K(31744K)
[45.563s][info   ][gc,heap        ] GC(167) ParOldGen: 1660517K(1835008K)->738915K(1835008K)
[45.563s][info   ][gc,metaspace   ] GC(167) Metaspace: 1022K(1216K)->1022K(1216K) NonClass: 939K(1024K)->939K(1024K) Class: 83K(192K)->83K(192K)
[45.563s][info   ][gc             ] GC(167) Pause Full (Ergonomics) 1651M->721M(2017M) 87.836ms
[45.563s][info   ][gc,cpu         ] GC(167) User=0.45s Sys=0.00s Real=0.09s
[45.563s][debug  ][gc,heap        ] GC(167) Heap after GC invocations=168 (full 27):
[45.563s][debug  ][gc,heap        ] GC(167)  PSYoungGen      total 230400K, used 0K [0x00000000f0000000, 0x0000000100000000, 0x0000000100000000)
[45.563s][debug  ][gc,heap        ] GC(167)   eden space 198656K, 0% used [0x00000000f0000000,0x00000000f0000000,0x00000000fc200000)
[45.563s][debug  ][gc,heap        ] GC(167)   from space 31744K, 0% used [0x00000000fe100000,0x00000000fe100000,0x0000000100000000)
[45.563s][debug  ][gc,heap        ] GC(167)   to   space 31744K, 0% used [0x00000000fc200000,0x00000000fc200000,0x00000000fe100000)
[45.563s][debug  ][gc,heap        ] GC(167)  ParOldGen       total 1835008K, used 738915K [0x0000000080000000, 0x00000000f0000000, 0x00000000f0000000)
[45.563s][debug  ][gc,heap        ] GC(167)   object space 1835008K, 40% used [0x0000000080000000,0x00000000ad198f98,0x00000000f0000000)
[45.563s][debug  ][gc,heap        ] GC(167)  Metaspace       used 1022K, committed 1216K, reserved 1056768K
[45.563s][debug  ][gc,heap        ] GC(167)   class space    used 83K, committed 192K, reserved 1048576K
[45.563s][debug  ][gc,task,time   ] GC(167) VM-Thread 454749156 454774443 455627895
[45.869s][debug  ][gc,heap        ] GC(168) Heap before GC invocations=169 (full 27):
[45.869s][debug  ][gc,heap        ] GC(168)  PSYoungGen      total 230400K, used 198441K [0x00000000f0000000, 0x0000000100000000, 0x0000000100000000)
[45.869s][debug  ][gc,heap        ] GC(168)   eden space 198656K, 99% used [0x00000000f0000000,0x00000000fc1ca6e8,0x00000000fc200000)
[45.869s][debug  ][gc,heap        ] GC(168)   from space 31744K, 0% used [0x00000000fe100000,0x00000000fe100000,0x0000000100000000)
[45.870s][debug  ][gc,heap        ] GC(168)   to   space 31744K, 0% used [0x00000000fc200000,0x00000000fc200000,0x00000000fe100000)
[45.870s][debug  ][gc,heap        ] GC(168)  ParOldGen       total 1835008K, used 738915K [0x0000000080000000, 0x00000000f0000000, 0x00000000f0000000)
[45.870s][debug  ][gc,heap        ] GC(168)   object space 1835008K, 40% used [0x0000000080000000,0x00000000ad198f98,0x00000000f0000000)
[45.870s][debug  ][gc,heap        ] GC(168)  Metaspace       used 1022K, committed 1216K, reserved 1056768K
[45.870s][debug  ][gc,heap        ] GC(168)   class space    used 83K, committed 192K, reserved 1048576K
[45.870s][debug  ][gc,tlab        ] GC(168) TLAB totals: thrds: 1  refills: 1 max: 1 slow allocs: 18 max 18 waste: 27.5% gc: 3974584B max: 3974584B slow: 0B max: 0B
[45.870s][info   ][gc,start       ] GC(168) Pause Young (Allocation Failure)
[45.870s][debug  ][gc,phases,start] GC(168) Scavenge
[45.882s][debug  ][gc,phases      ] GC(168) Scavenge 12.724ms
[45.883s][debug  ][gc,phases,start] GC(168) Reference Processing
[45.883s][debug  ][gc,ref         ] GC(168) Skipped phase 1 of Reference Processing: no references
[45.883s][debug  ][gc,ref         ] GC(168) Skipped phase 2 of Reference Processing: no references
[45.883s][debug  ][gc,ref         ] GC(168) Skipped phase 3 of Reference Processing: no references
[45.883s][debug  ][gc,ref         ] GC(168) Skipped phase 4 of Reference Processing: no references
[45.883s][debug  ][gc,phases,ref  ] GC(168) Reference Processing: 0.1ms
[45.883s][debug  ][gc,phases,ref  ] GC(168)   Reconsider SoftReferences: 0.0ms
[45.883s][debug  ][gc,phases,ref  ] GC(168)     SoftRef (ms):                  skipped
[45.883s][debug  ][gc,phases,ref  ] GC(168)   Notify Soft/WeakReferences: 0.0ms
[45.883s][debug  ][gc,phases,ref  ] GC(168)     SoftRef (ms):                  skipped
[45.883s][debug  ][gc,phases,ref  ] GC(168)     WeakRef (ms):                  skipped
[45.883s][debug  ][gc,phases,ref  ] GC(168)     FinalRef (ms):                 skipped
[45.883s][debug  ][gc,phases,ref  ] GC(168)     Total (ms):                    skipped
[45.883s][debug  ][gc,phases,ref  ] GC(168)   Notify and keep alive finalizable: 0.0ms
[45.883s][debug  ][gc,phases,ref  ] GC(168)     FinalRef (ms):                 skipped
[45.883s][debug  ][gc,phases,ref  ] GC(168)   Notify PhantomReferences: 0.0ms
[45.883s][debug  ][gc,phases,ref  ] GC(168)     PhantomRef (ms):               skipped
[45.883s][debug  ][gc,phases,ref  ] GC(168)   SoftReference:
[45.883s][debug  ][gc,phases,ref  ] GC(168)     Discovered: 0
[45.883s][debug  ][gc,phases,ref  ] GC(168)     Cleared: 0
[45.883s][debug  ][gc,phases,ref  ] GC(168)   WeakReference:
[45.883s][debug  ][gc,phases,ref  ] GC(168)     Discovered: 0
[45.883s][debug  ][gc,phases,ref  ] GC(168)     Cleared: 0
[45.883s][debug  ][gc,phases,ref  ] GC(168)   FinalReference:
[45.883s][debug  ][gc,phases,ref  ] GC(168)     Discovered: 0
[45.883s][debug  ][gc,phases,ref  ] GC(168)     Cleared: 0
[45.883s][debug  ][gc,phases,ref  ] GC(168)   PhantomReference:
[45.883s][debug  ][gc,phases,ref  ] GC(168)     Discovered: 0
[45.883s][debug  ][gc,phases,ref  ] GC(168)     Cleared: 0
[45.883s][debug  ][gc,phases      ] GC(168) Reference Processing 0.564ms
[45.883s][debug  ][gc,phases,start] GC(168) Weak Processing
[45.883s][debug  ][gc,phases      ] GC(168)   VM Weak                        Min:  0.0, Avg:  0.0, Max:  0.0, Diff:  0.0, Sum:  0.0, Workers: 6
[45.883s][debug  ][gc,phases      ] GC(168)     Dead                           Min: 0, Avg:  0.0, Max: 0, Diff: 0, Sum: 0, Workers: 6
[45.883s][debug  ][gc,phases      ] GC(168)     Total                          Min: 0, Avg:  1.3, Max: 8, Diff: 8, Sum: 8, Workers: 6
[45.883s][debug  ][gc,phases      ] GC(168)   ObjectSynchronizer Weak        Min:  0.0, Avg:  0.0, Max:  0.0, Diff:  0.0, Sum:  0.0, Workers: 6
[45.883s][debug  ][gc,phases      ] GC(168)     Dead                           Min: 0, Avg:  0.0, Max: 0, Diff: 0, Sum: 0, Workers: 6
[45.883s][debug  ][gc,phases      ] GC(168)     Total                          Min: 0, Avg:  0.5, Max: 3, Diff: 3, Sum: 3, Workers: 6
[45.883s][debug  ][gc,phases      ] GC(168)   JVMTI Tag Weak OopStorage      Min:  0.0, Avg:  0.0, Max:  0.0, Diff:  0.0, Sum:  0.0, Workers: 6
[45.883s][debug  ][gc,phases      ] GC(168)     Dead                           Min: 0, Avg:  0.0, Max: 0, Diff: 0, Sum: 0, Workers: 6
[45.883s][debug  ][gc,phases      ] GC(168)     Total                          Min: 0, Avg:  0.0, Max: 0, Diff: 0, Sum: 0, Workers: 6
[45.883s][debug  ][gc,phases      ] GC(168)   StringTable Weak               Min:  0.0, Avg:  0.0, Max:  0.0, Diff:  0.0, Sum:  0.0, Workers: 6
[45.883s][debug  ][gc,phases      ] GC(168)     Dead                           Min: 0, Avg:  0.0, Max: 0, Diff: 0, Sum: 0, Workers: 6
[45.883s][debug  ][gc,phases      ] GC(168)     Total                          Min: 744, Avg: 891.8, Max: 1152, Diff: 408, Sum: 5351, Workers: 6
[45.884s][debug  ][gc,phases      ] GC(168)   ResolvedMethodTable Weak       Min:  0.0, Avg:  0.0, Max:  0.0, Diff:  0.0, Sum:  0.0, Workers: 6
[45.884s][debug  ][gc,phases      ] GC(168)     Dead                           Min: 0, Avg:  0.0, Max: 0, Diff: 0, Sum: 0, Workers: 6
[45.884s][debug  ][gc,phases      ] GC(168)     Total                          Min: 0, Avg: 21.7, Max: 64, Diff: 64, Sum: 130, Workers: 6
[45.884s][debug  ][gc,phases      ] GC(168)   JNI Weak                       Min:  0.0, Avg:  0.0, Max:  0.0, Diff:  0.0, Sum:  0.0, Workers: 6
[45.884s][debug  ][gc,phases      ] GC(168)     Dead                           Min: 0, Avg:  0.0, Max: 0, Diff: 0, Sum: 0, Workers: 6
[45.884s][debug  ][gc,phases      ] GC(168)     Total                          Min: 0, Avg:  0.0, Max: 0, Diff: 0, Sum: 0, Workers: 6
[45.884s][debug  ][gc,phases      ] GC(168)   StringDedup Table Weak         Min:  0.0, Avg:  0.0, Max:  0.0, Diff:  0.0, Sum:  0.0, Workers: 6
[45.884s][debug  ][gc,phases      ] GC(168)     Dead                           Min: 0, Avg:  0.0, Max: 0, Diff: 0, Sum: 0, Workers: 6
[45.884s][debug  ][gc,phases      ] GC(168)     Total                          Min: 0, Avg:  0.0, Max: 0, Diff: 0, Sum: 0, Workers: 6
[45.884s][debug  ][gc,phases      ] GC(168)   StringDedup Requests0 Weak     Min:  0.0, Avg:  0.0, Max:  0.0, Diff:  0.0, Sum:  0.0, Workers: 6
[45.884s][debug  ][gc,phases      ] GC(168)     Dead                           Min: 0, Avg:  0.0, Max: 0, Diff: 0, Sum: 0, Workers: 6
[45.884s][debug  ][gc,phases      ] GC(168)     Total                          Min: 0, Avg:  0.0, Max: 0, Diff: 0, Sum: 0, Workers: 6
[45.884s][debug  ][gc,phases      ] GC(168)   StringDedup Requests1 Weak     Min:  0.0, Avg:  0.0, Max:  0.0, Diff:  0.0, Sum:  0.0, Workers: 6
[45.884s][debug  ][gc,phases      ] GC(168)     Dead                           Min: 0, Avg:  0.0, Max: 0, Diff: 0, Sum: 0, Workers: 6
[45.884s][debug  ][gc,phases      ] GC(168)     Total                          Min: 0, Avg:  0.0, Max: 0, Diff: 0, Sum: 0, Workers: 6
[45.884s][debug  ][gc,phases      ] GC(168)   Weak JFR Old Object Samples    Min:  0.0, Avg:  0.0, Max:  0.0, Diff:  0.0, Sum:  0.0, Workers: 6
[45.884s][debug  ][gc,phases      ] GC(168)     Dead                           Min: 0, Avg:  0.0, Max: 0, Diff: 0, Sum: 0, Workers: 6
[45.884s][debug  ][gc,phases      ] GC(168)     Total                          Min: 0, Avg:  0.0, Max: 0, Diff: 0, Sum: 0, Workers: 6
[45.884s][debug  ][gc,phases      ] GC(168) Weak Processing 0.743ms
[45.884s][debug  ][gc,ergo        ] GC(168) AdaptiveSizeStart:  collection: 169 
[45.884s][debug  ][gc,ergo        ] GC(168) avg_survived_padded_avg: 32058496.000000
[45.884s][debug  ][gc,ergo        ] GC(168) avg_promoted_padded_avg: 254754880.000000  avg_pretenured_padded_avg: 0.000000  tenuring_thresh: 15  target_size: 32505856
[45.884s][debug  ][gc,age         ] GC(168) Desired survivor size 32505856 bytes, new threshold 15 (max threshold 15)
[45.884s][debug  ][gc,ergo        ] GC(168) PSAdaptiveSizePolicy::compute_eden_space_size limits: desired_eden_size: 222263105 old_eden_size: 203423744 eden_limit: 203423744 cur_eden: 203423744 max_eden_size: 203423744 avg_young_live: 25618036
[45.884s][debug  ][gc,ergo        ] GC(168) PSAdaptiveSizePolicy::compute_eden_space_size: costs minor_time: 0.044688 major_cost: 0.052316 mutator_cost: 0.902995 throughput_goal: 0.990000
[45.884s][debug  ][gc,ergo        ] GC(168) Live_space: 1075305472 free_space: 1378877440
[45.884s][debug  ][gc,ergo        ] GC(168) Old eden_size: 203423744 desired_eden_size: 203423744
[45.884s][debug  ][gc,ergo        ] GC(168) AdaptiveSizeStop: collection: 169 
[45.884s][info   ][gc,heap        ] GC(168) PSYoungGen: 198441K(230400K)->30720K(230400K) Eden: 198441K(198656K)->0K(198656K) From: 0K(31744K)->30720K(31744K)
[45.884s][info   ][gc,heap        ] GC(168) ParOldGen: 738915K(1835008K)->902756K(1835008K)
[45.884s][info   ][gc,metaspace   ] GC(168) Metaspace: 1022K(1216K)->1022K(1216K) NonClass: 939K(1024K)->939K(1024K) Class: 83K(192K)->83K(192K)
[45.884s][info   ][gc             ] GC(168) Pause Young (Allocation Failure) 915M->911M(2017M) 14.474ms
[45.884s][info   ][gc,cpu         ] GC(168) User=0.09s Sys=0.00s Real=0.02s
[45.884s][debug  ][gc,heap        ] GC(168) Heap after GC invocations=169 (full 27):
[45.884s][debug  ][gc,heap        ] GC(168)  PSYoungGen      total 230400K, used 30720K [0x00000000f0000000, 0x0000000100000000, 0x0000000100000000)
[45.884s][debug  ][gc,heap        ] GC(168)   eden space 198656K, 0% used [0x00000000f0000000,0x00000000f0000000,0x00000000fc200000)
[45.884s][debug  ][gc,heap        ] GC(168)   from space 31744K, 96% used [0x00000000fc200000,0x00000000fe000030,0x00000000fe100000)
[45.884s][debug  ][gc,heap        ] GC(168)   to   space 31744K, 0% used [0x00000000fe100000,0x00000000fe100000,0x0000000100000000)
[45.884s][debug  ][gc,heap        ] GC(168)  ParOldGen       total 1835008K, used 902756K [0x0000000080000000, 0x00000000f0000000, 0x00000000f0000000)
[45.884s][debug  ][gc,heap        ] GC(168)   object space 1835008K, 49% used [0x0000000080000000,0x00000000b7199098,0x00000000f0000000)
[45.884s][debug  ][gc,heap        ] GC(168)  Metaspace       used 1022K, committed 1216K, reserved 1056768K
[45.884s][debug  ][gc,heap        ] GC(168)   class space    used 83K, committed 192K, reserved 1048576K
[45.884s][debug  ][gc,task,time   ] GC(168) VM-Thread 458692869 458825515 458844487
[46.183s][debug  ][gc,heap        ] GC(169) Heap before GC invocations=170 (full 27):
[46.184s][debug  ][gc,heap        ] GC(169)  PSYoungGen      total 230400K, used 229094K [0x00000000f0000000, 0x0000000100000000, 0x0000000100000000)
[46.184s][debug  ][gc,heap        ] GC(169)   eden space 198656K, 99% used [0x00000000f0000000,0x00000000fc1b9b70,0x00000000fc200000)
[46.184s][debug  ][gc,heap        ] GC(169)   from space 31744K, 96% used [0x00000000fc200000,0x00000000fe000030,0x00000000fe100000)
[46.184s][debug  ][gc,heap        ] GC(169)   to   space 31744K, 0% used [0x00000000fe100000,0x00000000fe100000,0x0000000100000000)
[46.184s][debug  ][gc,heap        ] GC(169)  ParOldGen       total 1835008K, used 902756K [0x0000000080000000, 0x00000000f0000000, 0x00000000f0000000)
[46.184s][debug  ][gc,heap        ] GC(169)   object space 1835008K, 49% used [0x0000000080000000,0x00000000b7199098,0x00000000f0000000)
[46.184s][debug  ][gc,heap        ] GC(169)  Metaspace       used 1024K, committed 1216K, reserved 1056768K
[46.184s][debug  ][gc,heap        ] GC(169)   class space    used 83K, committed 192K, reserved 1048576K
[46.184s][debug  ][gc,tlab        ] GC(169) TLAB totals: thrds: 1  refills: 1 max: 1 slow allocs: 18 max 18 waste: 27.1% gc: 3905048B max: 3905048B slow: 0B max: 0B
[46.184s][info   ][gc,start       ] GC(169) Pause Young (Allocation Failure)
[46.184s][debug  ][gc,phases,start] GC(169) Scavenge
[46.191s][debug  ][gc,phases      ] GC(169) Scavenge 6.957ms
[46.191s][debug  ][gc,phases,start] GC(169) Reference Processing
[46.191s][debug  ][gc,ref         ] GC(169) Skipped phase 1 of Reference Processing: no references
[46.191s][debug  ][gc,ref         ] GC(169) Skipped phase 2 of Reference Processing: no references
[46.191s][debug  ][gc,ref         ] GC(169) Skipped phase 3 of Reference Processing: no references
[46.191s][debug  ][gc,ref         ] GC(169) Skipped phase 4 of Reference Processing: no references
[46.191s][debug  ][gc,phases,ref  ] GC(169) Reference Processing: 0.1ms
[46.191s][debug  ][gc,phases,ref  ] GC(169)   Reconsider SoftReferences: 0.0ms
[46.191s][debug  ][gc,phases,ref  ] GC(169)     SoftRef (ms):                  skipped
[46.191s][debug  ][gc,phases,ref  ] GC(169)   Notify Soft/WeakReferences: 0.0ms
[46.191s][debug  ][gc,phases,ref  ] GC(169)     SoftRef (ms):                  skipped
[46.191s][debug  ][gc,phases,ref  ] GC(169)     WeakRef (ms):                  skipped
[46.191s][debug  ][gc,phases,ref  ] GC(169)     FinalRef (ms):                 skipped
[46.191s][debug  ][gc,phases,ref  ] GC(169)     Total (ms):                    skipped
[46.191s][debug  ][gc,phases,ref  ] GC(169)   Notify and keep alive finalizable: 0.0ms
[46.191s][debug  ][gc,phases,ref  ] GC(169)     FinalRef (ms):                 skipped
[46.191s][debug  ][gc,phases,ref  ] GC(169)   Notify PhantomReferences: 0.0ms
[46.191s][debug  ][gc,phases,ref  ] GC(169)     PhantomRef (ms):               skipped
[46.191s][debug  ][gc,phases,ref  ] GC(169)   SoftReference:
[46.191s][debug  ][gc,phases,ref  ] GC(169)     Discovered: 0
[46.191s][debug  ][gc,phases,ref  ] GC(169)     Cleared: 0
[46.191s][debug  ][gc,phases,ref  ] GC(169)   WeakReference:
[46.191s][debug  ][gc,phases,ref  ] GC(169)     Discovered: 0
[46.191s][debug  ][gc,phases,ref  ] GC(169)     Cleared: 0
[46.191s][debug  ][gc,phases,ref  ] GC(169)   FinalReference:
[46.191s][debug  ][gc,phases,ref  ] GC(169)     Discovered: 0
[46.191s][debug  ][gc,phases,ref  ] GC(169)     Cleared: 0
[46.192s][debug  ][gc,phases,ref  ] GC(169)   PhantomReference:
[46.192s][debug  ][gc,phases,ref  ] GC(169)     Discovered: 0
[46.192s][debug  ][gc,phases,ref  ] GC(169)     Cleared: 0
[46.192s][debug  ][gc,phases      ] GC(169) Reference Processing 0.722ms
[46.192s][debug  ][gc,phases,start] GC(169) Weak Processing
[46.192s][debug  ][gc,phases      ] GC(169)   VM Weak                        Min:  0.0, Avg:  0.0, Max:  0.0, Diff:  0.0, Sum:  0.0, Workers: 6
[46.192s][debug  ][gc,phases      ] GC(169)     Dead                           Min: 0, Avg:  0.0, Max: 0, Diff: 0, Sum: 0, Workers: 6
[46.192s][debug  ][gc,phases      ] GC(169)     Total                          Min: 0, Avg:  1.3, Max: 8, Diff: 8, Sum: 8, Workers: 6
[46.192s][debug  ][gc,phases      ] GC(169)   ObjectSynchronizer Weak        Min:  0.0, Avg:  0.0, Max:  0.0, Diff:  0.0, Sum:  0.0, Workers: 6
[46.192s][debug  ][gc,phases      ] GC(169)     Dead                           Min: 0, Avg:  0.0, Max: 0, Diff: 0, Sum: 0, Workers: 6
[46.192s][debug  ][gc,phases      ] GC(169)     Total                          Min: 0, Avg:  0.5, Max: 3, Diff: 3, Sum: 3, Workers: 6
[46.192s][debug  ][gc,phases      ] GC(169)   JVMTI Tag Weak OopStorage      Min:  0.0, Avg:  0.0, Max:  0.0, Diff:  0.0, Sum:  0.0, Workers: 6
[46.192s][debug  ][gc,phases      ] GC(169)     Dead                           Min: 0, Avg:  0.0, Max: 0, Diff: 0, Sum: 0, Workers: 6
[46.192s][debug  ][gc,phases      ] GC(169)     Total                          Min: 0, Avg:  0.0, Max: 0, Diff: 0, Sum: 0, Workers: 6
[46.192s][debug  ][gc,phases      ] GC(169)   StringTable Weak               Min:  0.0, Avg:  0.0, Max:  0.0, Diff:  0.0, Sum:  0.0, Workers: 6
[46.192s][debug  ][gc,phases      ] GC(169)     Dead                           Min: 0, Avg:  0.0, Max: 0, Diff: 0, Sum: 0, Workers: 6
[46.192s][debug  ][gc,phases      ] GC(169)     Total                          Min: 616, Avg: 891.8, Max: 1408, Diff: 792, Sum: 5351, Workers: 6
[46.192s][debug  ][gc,phases      ] GC(169)   ResolvedMethodTable Weak       Min:  0.0, Avg:  0.0, Max:  0.0, Diff:  0.0, Sum:  0.0, Workers: 6
[46.192s][debug  ][gc,phases      ] GC(169)     Dead                           Min: 0, Avg:  0.0, Max: 0, Diff: 0, Sum: 0, Workers: 6
[46.192s][debug  ][gc,phases      ] GC(169)     Total                          Min: 0, Avg: 21.7, Max: 66, Diff: 66, Sum: 130, Workers: 6
[46.192s][debug  ][gc,phases      ] GC(169)   JNI Weak                       Min:  0.0, Avg:  0.0, Max:  0.0, Diff:  0.0, Sum:  0.0, Workers: 6
[46.192s][debug  ][gc,phases      ] GC(169)     Dead                           Min: 0, Avg:  0.0, Max: 0, Diff: 0, Sum: 0, Workers: 6
[46.192s][debug  ][gc,phases      ] GC(169)     Total                          Min: 0, Avg:  0.0, Max: 0, Diff: 0, Sum: 0, Workers: 6
[46.192s][debug  ][gc,phases      ] GC(169)   StringDedup Table Weak         Min:  0.0, Avg:  0.0, Max:  0.0, Diff:  0.0, Sum:  0.0, Workers: 6
[46.192s][debug  ][gc,phases      ] GC(169)     Dead                           Min: 0, Avg:  0.0, Max: 0, Diff: 0, Sum: 0, Workers: 6
[46.192s][debug  ][gc,phases      ] GC(169)     Total                          Min: 0, Avg:  0.0, Max: 0, Diff: 0, Sum: 0, Workers: 6
[46.192s][debug  ][gc,phases      ] GC(169)   StringDedup Requests0 Weak     Min:  0.0, Avg:  0.0, Max:  0.0, Diff:  0.0, Sum:  0.0, Workers: 6
[46.192s][debug  ][gc,phases      ] GC(169)     Dead                           Min: 0, Avg:  0.0, Max: 0, Diff: 0, Sum: 0, Workers: 6
[46.192s][debug  ][gc,phases      ] GC(169)     Total                          Min: 0, Avg:  0.0, Max: 0, Diff: 0, Sum: 0, Workers: 6
[46.192s][debug  ][gc,phases      ] GC(169)   StringDedup Requests1 Weak     Min:  0.0, Avg:  0.0, Max:  0.0, Diff:  0.0, Sum:  0.0, Workers: 6
[46.192s][debug  ][gc,phases      ] GC(169)     Dead                           Min: 0, Avg:  0.0, Max: 0, Diff: 0, Sum: 0, Workers: 6
[46.192s][debug  ][gc,phases      ] GC(169)     Total                          Min: 0, Avg:  0.0, Max: 0, Diff: 0, Sum: 0, Workers: 6
[46.192s][debug  ][gc,phases      ] GC(169)   Weak JFR Old Object Samples    Min:  0.0, Avg:  0.0, Max:  0.0, Diff:  0.0, Sum:  0.0, Workers: 6
[46.192s][debug  ][gc,phases      ] GC(169)     Dead                           Min: 0, Avg:  0.0, Max: 0, Diff: 0, Sum: 0, Workers: 6
[46.192s][debug  ][gc,phases      ] GC(169)     Total                          Min: 0, Avg:  0.0, Max: 0, Diff: 0, Sum: 0, Workers: 6
[46.192s][debug  ][gc,phases      ] GC(169) Weak Processing 0.888ms
[46.192s][debug  ][gc,ergo        ] GC(169) AdaptiveSizeStart:  collection: 170 
[46.193s][debug  ][gc,ergo        ] GC(169) avg_survived_padded_avg: 32010382.000000
[46.193s][debug  ][gc,ergo        ] GC(169) avg_promoted_padded_avg: 263130816.000000  avg_pretenured_padded_avg: 0.000000  tenuring_thresh: 15  target_size: 32505856
[46.193s][debug  ][gc,age         ] GC(169) Desired survivor size 32505856 bytes, new threshold 15 (max threshold 15)
[46.193s][debug  ][gc,ergo        ] GC(169) PSAdaptiveSizePolicy::compute_eden_space_size limits: desired_eden_size: 221279903 old_eden_size: 203423744 eden_limit: 203423744 cur_eden: 203423744 max_eden_size: 203423744 avg_young_live: 26201964
[46.193s][debug  ][gc,ergo        ] GC(169) PSAdaptiveSizePolicy::compute_eden_space_size: costs minor_time: 0.040549 major_cost: 0.052316 mutator_cost: 0.907135 throughput_goal: 0.990000
[46.193s][debug  ][gc,ergo        ] GC(169) Live_space: 1075889408 free_space: 1378877440
[46.193s][debug  ][gc,ergo        ] GC(169) Old eden_size: 203423744 desired_eden_size: 203423744
[46.193s][debug  ][gc,ergo        ] GC(169) AdaptiveSizeStop: collection: 170 
[46.193s][info   ][gc,heap        ] GC(169) PSYoungGen: 229094K(230400K)->30720K(230400K) Eden: 198374K(198656K)->0K(198656K) From: 30720K(31744K)->30720K(31744K)
[46.193s][info   ][gc,heap        ] GC(169) ParOldGen: 902756K(1835008K)->974436K(1835008K)
[46.193s][info   ][gc,metaspace   ] GC(169) Metaspace: 1024K(1216K)->1024K(1216K) NonClass: 940K(1024K)->940K(1024K) Class: 83K(192K)->83K(192K)
[46.193s][info   ][gc             ] GC(169) Pause Young (Allocation Failure) 1105M->981M(2017M) 9.006ms
[46.193s][info   ][gc,cpu         ] GC(169) User=0.09s Sys=0.00s Real=0.01s
[46.193s][debug  ][gc,heap        ] GC(169) Heap after GC invocations=170 (full 27):
[46.193s][debug  ][gc,heap        ] GC(169)  PSYoungGen      total 230400K, used 30720K [0x00000000f0000000, 0x0000000100000000, 0x0000000100000000)
[46.193s][debug  ][gc,heap        ] GC(169)   eden space 198656K, 0% used [0x00000000f0000000,0x00000000f0000000,0x00000000fc200000)
[46.193s][debug  ][gc,heap        ] GC(169)   from space 31744K, 96% used [0x00000000fe100000,0x00000000fff00030,0x0000000100000000)
[46.193s][debug  ][gc,heap        ] GC(169)   to   space 31744K, 0% used [0x00000000fc200000,0x00000000fc200000,0x00000000fe100000)
[46.193s][debug  ][gc,heap        ] GC(169)  ParOldGen       total 1835008K, used 974436K [0x0000000080000000, 0x00000000f0000000, 0x00000000f0000000)
[46.193s][debug  ][gc,heap        ] GC(169)   object space 1835008K, 53% used [0x0000000080000000,0x00000000bb799108,0x00000000f0000000)
[46.193s][debug  ][gc,heap        ] GC(169)  Metaspace       used 1024K, committed 1216K, reserved 1056768K
[46.193s][debug  ][gc,heap        ] GC(169)   class space    used 83K, committed 192K, reserved 1048576K
[46.193s][debug  ][gc,task,time   ] GC(169) VM-Thread 461834816 461908465 461930823
[46.500s][debug  ][gc,heap        ] GC(170) Heap before GC invocations=171 (full 27):
[46.500s][debug  ][gc,heap        ] GC(170)  PSYoungGen      total 230400K, used 229123K [0x00000000f0000000, 0x0000000100000000, 0x0000000100000000)
[46.500s][debug  ][gc,heap        ] GC(170)   eden space 198656K, 99% used [0x00000000f0000000,0x00000000fc1c0e78,0x00000000fc200000)
[46.500s][debug  ][gc,heap        ] GC(170)   from space 31744K, 96% used [0x00000000fe100000,0x00000000fff00030,0x0000000100000000)
[46.500s][debug  ][gc,heap        ] GC(170)   to   space 31744K, 0% used [0x00000000fc200000,0x00000000fc200000,0x00000000fe100000)
[46.500s][debug  ][gc,heap        ] GC(170)  ParOldGen       total 1835008K, used 974436K [0x0000000080000000, 0x00000000f0000000, 0x00000000f0000000)
[46.500s][debug  ][gc,heap        ] GC(170)   object space 1835008K, 53% used [0x0000000080000000,0x00000000bb799108,0x00000000f0000000)
[46.500s][debug  ][gc,heap        ] GC(170)  Metaspace       used 1024K, committed 1216K, reserved 1056768K
[46.500s][debug  ][gc,heap        ] GC(170)   class space    used 83K, committed 192K, reserved 1048576K
[46.500s][debug  ][gc,tlab        ] GC(170) TLAB totals: thrds: 1  refills: 1 max: 1 slow allocs: 18 max 18 waste: 27.3% gc: 3935560B max: 3935560B slow: 0B max: 0B
[46.500s][info   ][gc,start       ] GC(170) Pause Young (Allocation Failure)
[46.500s][debug  ][gc,phases,start] GC(170) Scavenge
[46.515s][debug  ][gc,phases      ] GC(170) Scavenge 14.667ms
[46.515s][debug  ][gc,phases,start] GC(170) Reference Processing
[46.515s][debug  ][gc,ref         ] GC(170) Skipped phase 1 of Reference Processing: no references
[46.515s][debug  ][gc,ref         ] GC(170) Skipped phase 2 of Reference Processing: no references
[46.515s][debug  ][gc,ref         ] GC(170) Skipped phase 3 of Reference Processing: no references
[46.515s][debug  ][gc,ref         ] GC(170) Skipped phase 4 of Reference Processing: no references
[46.515s][debug  ][gc,phases,ref  ] GC(170) Reference Processing: 0.1ms
[46.515s][debug  ][gc,phases,ref  ] GC(170)   Reconsider SoftReferences: 0.0ms
[46.515s][debug  ][gc,phases,ref  ] GC(170)     SoftRef (ms):                  skipped
[46.515s][debug  ][gc,phases,ref  ] GC(170)   Notify Soft/WeakReferences: 0.0ms
[46.515s][debug  ][gc,phases,ref  ] GC(170)     SoftRef (ms):                  skipped
[46.515s][debug  ][gc,phases,ref  ] GC(170)     WeakRef (ms):                  skipped
[46.515s][debug  ][gc,phases,ref  ] GC(170)     FinalRef (ms):                 skipped
[46.515s][debug  ][gc,phases,ref  ] GC(170)     Total (ms):                    skipped
[46.515s][debug  ][gc,phases,ref  ] GC(170)   Notify and keep alive finalizable: 0.0ms
[46.515s][debug  ][gc,phases,ref  ] GC(170)     FinalRef (ms):                 skipped
[46.515s][debug  ][gc,phases,ref  ] GC(170)   Notify PhantomReferences: 0.0ms
[46.515s][debug  ][gc,phases,ref  ] GC(170)     PhantomRef (ms):               skipped
[46.515s][debug  ][gc,phases,ref  ] GC(170)   SoftReference:
[46.515s][debug  ][gc,phases,ref  ] GC(170)     Discovered: 0
[46.515s][debug  ][gc,phases,ref  ] GC(170)     Cleared: 0
[46.515s][debug  ][gc,phases,ref  ] GC(170)   WeakReference:
[46.515s][debug  ][gc,phases,ref  ] GC(170)     Discovered: 0
[46.515s][debug  ][gc,phases,ref  ] GC(170)     Cleared: 0
[46.515s][debug  ][gc,phases,ref  ] GC(170)   FinalReference:
[46.515s][debug  ][gc,phases,ref  ] GC(170)     Discovered: 0
[46.516s][debug  ][gc,phases,ref  ] GC(170)     Cleared: 0
[46.516s][debug  ][gc,phases,ref  ] GC(170)   PhantomReference:
[46.516s][debug  ][gc,phases,ref  ] GC(170)     Discovered: 0
[46.516s][debug  ][gc,phases,ref  ] GC(170)     Cleared: 0
[46.516s][debug  ][gc,phases      ] GC(170) Reference Processing 0.758ms
[46.516s][debug  ][gc,phases,start] GC(170) Weak Processing
[46.516s][debug  ][gc,phases      ] GC(170)   VM Weak                        Min:  0.0, Avg:  0.0, Max:  0.0, Diff:  0.0, Sum:  0.0, Workers: 6
[46.516s][debug  ][gc,phases      ] GC(170)     Dead                           Min: 0, Avg:  0.0, Max: 0, Diff: 0, Sum: 0, Workers: 6
[46.516s][debug  ][gc,phases      ] GC(170)     Total                          Min: 0, Avg:  1.3, Max: 8, Diff: 8, Sum: 8, Workers: 6
[46.516s][debug  ][gc,phases      ] GC(170)   ObjectSynchronizer Weak        Min:  0.0, Avg:  0.0, Max:  0.0, Diff:  0.0, Sum:  0.0, Workers: 6
[46.516s][debug  ][gc,phases      ] GC(170)     Dead                           Min: 0, Avg:  0.0, Max: 0, Diff: 0, Sum: 0, Workers: 6
[46.516s][debug  ][gc,phases      ] GC(170)     Total                          Min: 0, Avg:  0.5, Max: 3, Diff: 3, Sum: 3, Workers: 6
[46.516s][debug  ][gc,phases      ] GC(170)   JVMTI Tag Weak OopStorage      Min:  0.0, Avg:  0.0, Max:  0.0, Diff:  0.0, Sum:  0.0, Workers: 6
[46.516s][debug  ][gc,phases      ] GC(170)     Dead                           Min: 0, Avg:  0.0, Max: 0, Diff: 0, Sum: 0, Workers: 6
[46.516s][debug  ][gc,phases      ] GC(170)     Total                          Min: 0, Avg:  0.0, Max: 0, Diff: 0, Sum: 0, Workers: 6
[46.516s][debug  ][gc,phases      ] GC(170)   StringTable Weak               Min:  0.0, Avg:  0.0, Max:  0.0, Diff:  0.0, Sum:  0.1, Workers: 6
[46.516s][debug  ][gc,phases      ] GC(170)     Dead                           Min: 0, Avg:  0.0, Max: 0, Diff: 0, Sum: 0, Workers: 6
[46.516s][debug  ][gc,phases      ] GC(170)     Total                          Min: 0, Avg: 891.8, Max: 1151, Diff: 1151, Sum: 5351, Workers: 6
[46.516s][debug  ][gc,phases      ] GC(170)   ResolvedMethodTable Weak       Min:  0.0, Avg:  0.0, Max:  0.0, Diff:  0.0, Sum:  0.0, Workers: 6
[46.516s][debug  ][gc,phases      ] GC(170)     Dead                           Min: 0, Avg:  0.0, Max: 0, Diff: 0, Sum: 0, Workers: 6
[46.516s][debug  ][gc,phases      ] GC(170)     Total                          Min: 0, Avg: 21.7, Max: 64, Diff: 64, Sum: 130, Workers: 6
[46.516s][debug  ][gc,phases      ] GC(170)   JNI Weak                       Min:  0.0, Avg:  0.0, Max:  0.0, Diff:  0.0, Sum:  0.0, Workers: 6
[46.516s][debug  ][gc,phases      ] GC(170)     Dead                           Min: 0, Avg:  0.0, Max: 0, Diff: 0, Sum: 0, Workers: 6
[46.516s][debug  ][gc,phases      ] GC(170)     Total                          Min: 0, Avg:  0.0, Max: 0, Diff: 0, Sum: 0, Workers: 6
[46.516s][debug  ][gc,phases      ] GC(170)   StringDedup Table Weak         Min:  0.0, Avg:  0.0, Max:  0.0, Diff:  0.0, Sum:  0.0, Workers: 6
[46.516s][debug  ][gc,phases      ] GC(170)     Dead                           Min: 0, Avg:  0.0, Max: 0, Diff: 0, Sum: 0, Workers: 6
[46.516s][debug  ][gc,phases      ] GC(170)     Total                          Min: 0, Avg:  0.0, Max: 0, Diff: 0, Sum: 0, Workers: 6
[46.516s][debug  ][gc,phases      ] GC(170)   StringDedup Requests0 Weak     Min:  0.0, Avg:  0.0, Max:  0.0, Diff:  0.0, Sum:  0.0, Workers: 6
[46.516s][debug  ][gc,phases      ] GC(170)     Dead                           Min: 0, Avg:  0.0, Max: 0, Diff: 0, Sum: 0, Workers: 6
[46.516s][debug  ][gc,phases      ] GC(170)     Total                          Min: 0, Avg:  0.0, Max: 0, Diff: 0, Sum: 0, Workers: 6
[46.516s][debug  ][gc,phases      ] GC(170)   StringDedup Requests1 Weak     Min:  0.0, Avg:  0.0, Max:  0.0, Diff:  0.0, Sum:  0.0, Workers: 6
[46.516s][debug  ][gc,phases      ] GC(170)     Dead                           Min: 0, Avg:  0.0, Max: 0, Diff: 0, Sum: 0, Workers: 6
[46.516s][debug  ][gc,phases      ] GC(170)     Total                          Min: 0, Avg:  0.0, Max: 0, Diff: 0, Sum: 0, Workers: 6
[46.516s][debug  ][gc,phases      ] GC(170)   Weak JFR Old Object Samples    Min:  0.0, Avg:  0.0, Max:  0.0, Diff:  0.0, Sum:  0.0, Workers: 6
[46.516s][debug  ][gc,phases      ] GC(170)     Dead                           Min: 0, Avg:  0.0, Max: 0, Diff: 0, Sum: 0, Workers: 6
[46.517s][debug  ][gc,phases      ] GC(170)     Total                          Min: 0, Avg:  0.0, Max: 0, Diff: 0, Sum: 0, Workers: 6
[46.517s][debug  ][gc,phases      ] GC(170) Weak Processing 0.902ms
[46.517s][debug  ][gc,ergo        ] GC(170) AdaptiveSizeStart:  collection: 171 
[46.517s][debug  ][gc,ergo        ] GC(170) avg_survived_padded_avg: 31965878.000000
[46.517s][debug  ][gc,ergo        ] GC(170) avg_promoted_padded_avg: 266854384.000000  avg_pretenured_padded_avg: 0.000000  tenuring_thresh: 15  target_size: 31981568
[46.517s][debug  ][gc,age         ] GC(170) Desired survivor size 31981568 bytes, new threshold 15 (max threshold 15)
[46.517s][debug  ][gc,ergo        ] GC(170) PSAdaptiveSizePolicy::compute_eden_space_size limits: desired_eden_size: 221899382 old_eden_size: 203423744 eden_limit: 203423744 cur_eden: 203423744 max_eden_size: 203423744 avg_young_live: 26727500
[46.517s][debug  ][gc,ergo        ] GC(170) PSAdaptiveSizePolicy::compute_eden_space_size: costs minor_time: 0.043115 major_cost: 0.052316 mutator_cost: 0.904569 throughput_goal: 0.990000
[46.517s][debug  ][gc,ergo        ] GC(170) Live_space: 1076414976 free_space: 1378877440
[46.517s][debug  ][gc,ergo        ] GC(170) Old eden_size: 203423744 desired_eden_size: 203423744
[46.517s][debug  ][gc,ergo        ] GC(170) AdaptiveSizeStop: collection: 171 
[46.517s][info   ][gc,heap        ] GC(170) PSYoungGen: 229123K(230400K)->30720K(230400K) Eden: 198403K(198656K)->0K(198656K) From: 30720K(31744K)->30720K(31744K)
[46.517s][info   ][gc,heap        ] GC(170) ParOldGen: 974436K(1835008K)->1168996K(1835008K)
[46.517s][info   ][gc,metaspace   ] GC(170) Metaspace: 1024K(1216K)->1024K(1216K) NonClass: 940K(1024K)->940K(1024K) Class: 83K(192K)->83K(192K)
[46.517s][info   ][gc             ] GC(170) Pause Young (Allocation Failure) 1175M->1171M(2017M) 16.830ms
[46.517s][info   ][gc,cpu         ] GC(170) User=0.09s Sys=0.00s Real=0.02s
[46.517s][debug  ][gc,heap        ] GC(170) Heap after GC invocations=171 (full 27):
[46.517s][debug  ][gc,heap        ] GC(170)  PSYoungGen      total 230400K, used 30720K [0x00000000f0000000, 0x0000000100000000, 0x0000000100000000)
[46.517s][debug  ][gc,heap        ] GC(170)   eden space 198656K, 0% used [0x00000000f0000000,0x00000000f0000000,0x00000000fc200000)
[46.517s][debug  ][gc,heap        ] GC(170)   from space 31744K, 96% used [0x00000000fc200000,0x00000000fe000030,0x00000000fe100000)
[46.517s][debug  ][gc,heap        ] GC(170)   to   space 31232K, 0% used [0x00000000fe180000,0x00000000fe180000,0x0000000100000000)
[46.517s][debug  ][gc,heap        ] GC(170)  ParOldGen       total 1835008K, used 1168996K [0x0000000080000000, 0x00000000f0000000, 0x00000000f0000000)
[46.517s][debug  ][gc,heap        ] GC(170)   object space 1835008K, 63% used [0x0000000080000000,0x00000000c7599238,0x00000000f0000000)
[46.517s][debug  ][gc,heap        ] GC(170)  Metaspace       used 1024K, committed 1216K, reserved 1056768K
[46.517s][debug  ][gc,heap        ] GC(170)   class space    used 83K, committed 192K, reserved 1048576K
[46.517s][debug  ][gc,task,time   ] GC(170) VM-Thread 464995617 465148476 465171556
[46.815s][debug  ][gc,heap        ] GC(171) Heap before GC invocations=172 (full 27):
[46.815s][debug  ][gc,heap        ] GC(171)  PSYoungGen      total 230400K, used 229142K [0x00000000f0000000, 0x0000000100000000, 0x0000000100000000)
[46.815s][debug  ][gc,heap        ] GC(171)   eden space 198656K, 99% used [0x00000000f0000000,0x00000000fc1c5878,0x00000000fc200000)
[46.815s][debug  ][gc,heap        ] GC(171)   from space 31744K, 96% used [0x00000000fc200000,0x00000000fe000030,0x00000000fe100000)
[46.815s][debug  ][gc,heap        ] GC(171)   to   space 31232K, 0% used [0x00000000fe180000,0x00000000fe180000,0x0000000100000000)
[46.815s][debug  ][gc,heap        ] GC(171)  ParOldGen       total 1835008K, used 1168996K [0x0000000080000000, 0x00000000f0000000, 0x00000000f0000000)
[46.815s][debug  ][gc,heap        ] GC(171)   object space 1835008K, 63% used [0x0000000080000000,0x00000000c7599238,0x00000000f0000000)
[46.815s][debug  ][gc,heap        ] GC(171)  Metaspace       used 1024K, committed 1216K, reserved 1056768K
[46.815s][debug  ][gc,heap        ] GC(171)   class space    used 83K, committed 192K, reserved 1048576K
[46.815s][debug  ][gc,tlab        ] GC(171) TLAB totals: thrds: 1  refills: 1 max: 1 slow allocs: 18 max 18 waste: 27.4% gc: 3954504B max: 3954504B slow: 0B max: 0B
[46.815s][info   ][gc,start       ] GC(171) Pause Young (Allocation Failure)
[46.815s][debug  ][gc,phases,start] GC(171) Scavenge
[46.830s][debug  ][gc,phases      ] GC(171) Scavenge 15.210ms
[46.831s][debug  ][gc,phases,start] GC(171) Reference Processing
[46.831s][debug  ][gc,ref         ] GC(171) Skipped phase 1 of Reference Processing: no references
[46.831s][debug  ][gc,ref         ] GC(171) Skipped phase 2 of Reference Processing: no references
[46.831s][debug  ][gc,ref         ] GC(171) Skipped phase 3 of Reference Processing: no references
[46.831s][debug  ][gc,ref         ] GC(171) Skipped phase 4 of Reference Processing: no references
[46.831s][debug  ][gc,phases,ref  ] GC(171) Reference Processing: 0.1ms
[46.831s][debug  ][gc,phases,ref  ] GC(171)   Reconsider SoftReferences: 0.0ms
[46.831s][debug  ][gc,phases,ref  ] GC(171)     SoftRef (ms):                  skipped
[46.831s][debug  ][gc,phases,ref  ] GC(171)   Notify Soft/WeakReferences: 0.0ms
[46.831s][debug  ][gc,phases,ref  ] GC(171)     SoftRef (ms):                  skipped
[46.831s][debug  ][gc,phases,ref  ] GC(171)     WeakRef (ms):                  skipped
[46.831s][debug  ][gc,phases,ref  ] GC(171)     FinalRef (ms):                 skipped
[46.831s][debug  ][gc,phases,ref  ] GC(171)     Total (ms):                    skipped
[46.831s][debug  ][gc,phases,ref  ] GC(171)   Notify and keep alive finalizable: 0.0ms
[46.831s][debug  ][gc,phases,ref  ] GC(171)     FinalRef (ms):                 skipped
[46.831s][debug  ][gc,phases,ref  ] GC(171)   Notify PhantomReferences: 0.0ms
[46.831s][debug  ][gc,phases,ref  ] GC(171)     PhantomRef (ms):               skipped
[46.831s][debug  ][gc,phases,ref  ] GC(171)   SoftReference:
[46.831s][debug  ][gc,phases,ref  ] GC(171)     Discovered: 0
[46.831s][debug  ][gc,phases,ref  ] GC(171)     Cleared: 0
[46.831s][debug  ][gc,phases,ref  ] GC(171)   WeakReference:
[46.831s][debug  ][gc,phases,ref  ] GC(171)     Discovered: 0
[46.831s][debug  ][gc,phases,ref  ] GC(171)     Cleared: 0
[46.831s][debug  ][gc,phases,ref  ] GC(171)   FinalReference:
[46.831s][debug  ][gc,phases,ref  ] GC(171)     Discovered: 0
[46.831s][debug  ][gc,phases,ref  ] GC(171)     Cleared: 0
[46.831s][debug  ][gc,phases,ref  ] GC(171)   PhantomReference:
[46.831s][debug  ][gc,phases,ref  ] GC(171)     Discovered: 0
[46.831s][debug  ][gc,phases,ref  ] GC(171)     Cleared: 0
[46.831s][debug  ][gc,phases      ] GC(171) Reference Processing 0.669ms
[46.831s][debug  ][gc,phases,start] GC(171) Weak Processing
[46.831s][debug  ][gc,phases      ] GC(171)   VM Weak                        Min:  0.0, Avg:  0.0, Max:  0.0, Diff:  0.0, Sum:  0.0, Workers: 6
[46.831s][debug  ][gc,phases      ] GC(171)     Dead                           Min: 0, Avg:  0.0, Max: 0, Diff: 0, Sum: 0, Workers: 6
[46.831s][debug  ][gc,phases      ] GC(171)     Total                          Min: 0, Avg:  1.3, Max: 8, Diff: 8, Sum: 8, Workers: 6
[46.831s][debug  ][gc,phases      ] GC(171)   ObjectSynchronizer Weak        Min:  0.0, Avg:  0.0, Max:  0.0, Diff:  0.0, Sum:  0.0, Workers: 6
[46.832s][debug  ][gc,phases      ] GC(171)     Dead                           Min: 0, Avg:  0.0, Max: 0, Diff: 0, Sum: 0, Workers: 6
[46.832s][debug  ][gc,phases      ] GC(171)     Total                          Min: 0, Avg:  0.5, Max: 3, Diff: 3, Sum: 3, Workers: 6
[46.832s][debug  ][gc,phases      ] GC(171)   JVMTI Tag Weak OopStorage      Min:  0.0, Avg:  0.0, Max:  0.0, Diff:  0.0, Sum:  0.0, Workers: 6
[46.832s][debug  ][gc,phases      ] GC(171)     Dead                           Min: 0, Avg:  0.0, Max: 0, Diff: 0, Sum: 0, Workers: 6
[46.832s][debug  ][gc,phases      ] GC(171)     Total                          Min: 0, Avg:  0.0, Max: 0, Diff: 0, Sum: 0, Workers: 6
[46.832s][debug  ][gc,phases      ] GC(171)   StringTable Weak               Min:  0.0, Avg:  0.0, Max:  0.0, Diff:  0.0, Sum:  0.1, Workers: 6
[46.832s][debug  ][gc,phases      ] GC(171)     Dead                           Min: 0, Avg:  0.0, Max: 0, Diff: 0, Sum: 0, Workers: 6
[46.832s][debug  ][gc,phases      ] GC(171)     Total                          Min: 744, Avg: 891.8, Max: 1023, Diff: 279, Sum: 5351, Workers: 6
[46.832s][debug  ][gc,phases      ] GC(171)   ResolvedMethodTable Weak       Min:  0.0, Avg:  0.0, Max:  0.0, Diff:  0.0, Sum:  0.0, Workers: 6
[46.832s][debug  ][gc,phases      ] GC(171)     Dead                           Min: 0, Avg:  0.0, Max: 0, Diff: 0, Sum: 0, Workers: 6
[46.832s][debug  ][gc,phases      ] GC(171)     Total                          Min: 0, Avg: 21.7, Max: 66, Diff: 66, Sum: 130, Workers: 6
[46.832s][debug  ][gc,phases      ] GC(171)   JNI Weak                       Min:  0.0, Avg:  0.0, Max:  0.0, Diff:  0.0, Sum:  0.0, Workers: 6
[46.832s][debug  ][gc,phases      ] GC(171)     Dead                           Min: 0, Avg:  0.0, Max: 0, Diff: 0, Sum: 0, Workers: 6
[46.832s][debug  ][gc,phases      ] GC(171)     Total                          Min: 0, Avg:  0.0, Max: 0, Diff: 0, Sum: 0, Workers: 6
[46.832s][debug  ][gc,phases      ] GC(171)   StringDedup Table Weak         Min:  0.0, Avg:  0.0, Max:  0.0, Diff:  0.0, Sum:  0.0, Workers: 6
[46.832s][debug  ][gc,phases      ] GC(171)     Dead                           Min: 0, Avg:  0.0, Max: 0, Diff: 0, Sum: 0, Workers: 6
[46.832s][debug  ][gc,phases      ] GC(171)     Total                          Min: 0, Avg:  0.0, Max: 0, Diff: 0, Sum: 0, Workers: 6
[46.832s][debug  ][gc,phases      ] GC(171)   StringDedup Requests0 Weak     Min:  0.0, Avg:  0.0, Max:  0.0, Diff:  0.0, Sum:  0.0, Workers: 6
[46.832s][debug  ][gc,phases      ] GC(171)     Dead                           Min: 0, Avg:  0.0, Max: 0, Diff: 0, Sum: 0, Workers: 6
[46.832s][debug  ][gc,phases      ] GC(171)     Total                          Min: 0, Avg:  0.0, Max: 0, Diff: 0, Sum: 0, Workers: 6
[46.832s][debug  ][gc,phases      ] GC(171)   StringDedup Requests1 Weak     Min:  0.0, Avg:  0.0, Max:  0.0, Diff:  0.0, Sum:  0.0, Workers: 6
[46.832s][debug  ][gc,phases      ] GC(171)     Dead                           Min: 0, Avg:  0.0, Max: 0, Diff: 0, Sum: 0, Workers: 6
[46.832s][debug  ][gc,phases      ] GC(171)     Total                          Min: 0, Avg:  0.0, Max: 0, Diff: 0, Sum: 0, Workers: 6
[46.832s][debug  ][gc,phases      ] GC(171)   Weak JFR Old Object Samples    Min:  0.0, Avg:  0.0, Max:  0.0, Diff:  0.0, Sum:  0.0, Workers: 6
[46.832s][debug  ][gc,phases      ] GC(171)     Dead                           Min: 0, Avg:  0.0, Max: 0, Diff: 0, Sum: 0, Workers: 6
[46.832s][debug  ][gc,phases      ] GC(171)     Total                          Min: 0, Avg:  0.0, Max: 0, Diff: 0, Sum: 0, Workers: 6
[46.832s][debug  ][gc,phases      ] GC(171) Weak Processing 0.912ms
[46.832s][debug  ][gc,ergo        ] GC(171) AdaptiveSizeStart:  collection: 172 
[46.832s][debug  ][gc,ergo        ] GC(171) avg_survived_padded_avg: 31924748.000000
[46.832s][debug  ][gc,ergo        ] GC(171) avg_promoted_padded_avg: 269194208.000000  avg_pretenured_padded_avg: 0.000000  tenuring_thresh: 15  target_size: 31981568
[46.832s][debug  ][gc,age         ] GC(171) Desired survivor size 31981568 bytes, new threshold 15 (max threshold 15)
[46.832s][debug  ][gc,ergo        ] GC(171) PSAdaptiveSizePolicy::compute_eden_space_size limits: desired_eden_size: 222509658 old_eden_size: 203423744 eden_limit: 203948032 cur_eden: 203423744 max_eden_size: 203948032 avg_young_live: 27200482
[46.832s][debug  ][gc,ergo        ] GC(171) PSAdaptiveSizePolicy::compute_eden_space_size: costs minor_time: 0.045785 major_cost: 0.052316 mutator_cost: 0.901899 throughput_goal: 0.990000
[46.832s][debug  ][gc,ergo        ] GC(171) Live_space: 1076887936 free_space: 1378877440
[46.832s][debug  ][gc,ergo        ] GC(171) Old eden_size: 203423744 desired_eden_size: 203948032
[46.832s][debug  ][gc,ergo        ] GC(171) AdaptiveSizeStop: collection: 172 
[46.832s][info   ][gc,heap        ] GC(171) PSYoungGen: 229142K(230400K)->30720K(230912K) Eden: 198422K(198656K)->0K(199680K) From: 30720K(31744K)->30720K(31232K)
[46.832s][info   ][gc,heap        ] GC(171) ParOldGen: 1168996K(1835008K)->1363556K(1835008K)
[46.832s][info   ][gc,metaspace   ] GC(171) Metaspace: 1024K(1216K)->1024K(1216K) NonClass: 940K(1024K)->940K(1024K) Class: 83K(192K)->83K(192K)
[46.833s][info   ][gc             ] GC(171) Pause Young (Allocation Failure) 1365M->1361M(2017M) 17.366ms
[46.833s][info   ][gc,cpu         ] GC(171) User=0.02s Sys=0.00s Real=0.02s
[46.833s][debug  ][gc,heap        ] GC(171) Heap after GC invocations=172 (full 27):
[46.833s][debug  ][gc,heap        ] GC(171)  PSYoungGen      total 230912K, used 30720K [0x00000000f0000000, 0x0000000100000000, 0x0000000100000000)
[46.833s][debug  ][gc,heap        ] GC(171)   eden space 199680K, 0% used [0x00000000f0000000,0x00000000f0000000,0x00000000fc300000)
[46.833s][debug  ][gc,heap        ] GC(171)   from space 31232K, 98% used [0x00000000fe180000,0x00000000fff80030,0x0000000100000000)
[46.833s][debug  ][gc,heap        ] GC(171)   to   space 31232K, 0% used [0x00000000fc300000,0x00000000fc300000,0x00000000fe180000)
[46.833s][debug  ][gc,heap        ] GC(171)  ParOldGen       total 1835008K, used 1363556K [0x0000000080000000, 0x00000000f0000000, 0x00000000f0000000)
[46.833s][debug  ][gc,heap        ] GC(171)   object space 1835008K, 74% used [0x0000000080000000,0x00000000d3399368,0x00000000f0000000)
[46.833s][debug  ][gc,heap        ] GC(171)  Metaspace       used 1024K, committed 1216K, reserved 1056768K
[46.833s][debug  ][gc,heap        ] GC(171)   class space    used 83K, committed 192K, reserved 1048576K
[46.833s][debug  ][gc,task,time   ] GC(171) VM-Thread 468147237 468305080 468328203
[47.135s][debug  ][gc,heap        ] GC(172) Heap before GC invocations=173 (full 27):
[47.135s][debug  ][gc,heap        ] GC(172)  PSYoungGen      total 230912K, used 229174K [0x00000000f0000000, 0x0000000100000000, 0x0000000100000000)
[47.135s][debug  ][gc,heap        ] GC(172)   eden space 199680K, 99% used [0x00000000f0000000,0x00000000fc1cd7e0,0x00000000fc300000)
[47.135s][debug  ][gc,heap        ] GC(172)   from space 31232K, 98% used [0x00000000fe180000,0x00000000fff80030,0x0000000100000000)
[47.135s][debug  ][gc,heap        ] GC(172)   to   space 31232K, 0% used [0x00000000fc300000,0x00000000fc300000,0x00000000fe180000)
[47.135s][debug  ][gc,heap        ] GC(172)  ParOldGen       total 1835008K, used 1363556K [0x0000000080000000, 0x00000000f0000000, 0x00000000f0000000)
[47.135s][debug  ][gc,heap        ] GC(172)   object space 1835008K, 74% used [0x0000000080000000,0x00000000d3399368,0x00000000f0000000)
[47.135s][debug  ][gc,heap        ] GC(172)  Metaspace       used 1024K, committed 1216K, reserved 1056768K
[47.135s][debug  ][gc,heap        ] GC(172)   class space    used 83K, committed 192K, reserved 1048576K
[47.135s][debug  ][gc,tlab        ] GC(172) TLAB totals: thrds: 1  refills: 1 max: 1 slow allocs: 18 max 18 waste: 27.5% gc: 3987120B max: 3987120B slow: 0B max: 0B
[47.135s][info   ][gc,start       ] GC(172) Pause Young (Allocation Failure)
[47.135s][debug  ][gc,phases,start] GC(172) Scavenge
[47.150s][debug  ][gc,phases      ] GC(172) Scavenge 14.825ms
[47.150s][debug  ][gc,phases,start] GC(172) Reference Processing
[47.150s][debug  ][gc,ref         ] GC(172) Skipped phase 1 of Reference Processing: no references
[47.150s][debug  ][gc,ref         ] GC(172) Skipped phase 2 of Reference Processing: no references
[47.150s][debug  ][gc,ref         ] GC(172) Skipped phase 3 of Reference Processing: no references
[47.150s][debug  ][gc,ref         ] GC(172) Skipped phase 4 of Reference Processing: no references
[47.150s][debug  ][gc,phases,ref  ] GC(172) Reference Processing: 0.1ms
[47.150s][debug  ][gc,phases,ref  ] GC(172)   Reconsider SoftReferences: 0.0ms
[47.150s][debug  ][gc,phases,ref  ] GC(172)     SoftRef (ms):                  skipped
[47.150s][debug  ][gc,phases,ref  ] GC(172)   Notify Soft/WeakReferences: 0.0ms
[47.150s][debug  ][gc,phases,ref  ] GC(172)     SoftRef (ms):                  skipped
[47.151s][debug  ][gc,phases,ref  ] GC(172)     WeakRef (ms):                  skipped
[47.151s][debug  ][gc,phases,ref  ] GC(172)     FinalRef (ms):                 skipped
[47.151s][debug  ][gc,phases,ref  ] GC(172)     Total (ms):                    skipped
[47.151s][debug  ][gc,phases,ref  ] GC(172)   Notify and keep alive finalizable: 0.0ms
[47.151s][debug  ][gc,phases,ref  ] GC(172)     FinalRef (ms):                 skipped
[47.151s][debug  ][gc,phases,ref  ] GC(172)   Notify PhantomReferences: 0.0ms
[47.151s][debug  ][gc,phases,ref  ] GC(172)     PhantomRef (ms):               skipped
[47.151s][debug  ][gc,phases,ref  ] GC(172)   SoftReference:
[47.151s][debug  ][gc,phases,ref  ] GC(172)     Discovered: 0
[47.151s][debug  ][gc,phases,ref  ] GC(172)     Cleared: 0
[47.151s][debug  ][gc,phases,ref  ] GC(172)   WeakReference:
[47.151s][debug  ][gc,phases,ref  ] GC(172)     Discovered: 0
[47.151s][debug  ][gc,phases,ref  ] GC(172)     Cleared: 0
[47.151s][debug  ][gc,phases,ref  ] GC(172)   FinalReference:
[47.151s][debug  ][gc,phases,ref  ] GC(172)     Discovered: 0
[47.151s][debug  ][gc,phases,ref  ] GC(172)     Cleared: 0
[47.151s][debug  ][gc,phases,ref  ] GC(172)   PhantomReference:
[47.151s][debug  ][gc,phases,ref  ] GC(172)     Discovered: 0
[47.151s][debug  ][gc,phases,ref  ] GC(172)     Cleared: 0
[47.151s][debug  ][gc,phases      ] GC(172) Reference Processing 0.886ms
[47.151s][debug  ][gc,phases,start] GC(172) Weak Processing
[47.151s][debug  ][gc,phases      ] GC(172)   VM Weak                        Min:  0.0, Avg:  0.0, Max:  0.0, Diff:  0.0, Sum:  0.0, Workers: 6
[47.151s][debug  ][gc,phases      ] GC(172)     Dead                           Min: 0, Avg:  0.0, Max: 0, Diff: 0, Sum: 0, Workers: 6
[47.151s][debug  ][gc,phases      ] GC(172)     Total                          Min: 0, Avg:  1.3, Max: 8, Diff: 8, Sum: 8, Workers: 6
[47.151s][debug  ][gc,phases      ] GC(172)   ObjectSynchronizer Weak        Min:  0.0, Avg:  0.0, Max:  0.0, Diff:  0.0, Sum:  0.0, Workers: 6
[47.151s][debug  ][gc,phases      ] GC(172)     Dead                           Min: 0, Avg:  0.0, Max: 0, Diff: 0, Sum: 0, Workers: 6
[47.151s][debug  ][gc,phases      ] GC(172)     Total                          Min: 0, Avg:  0.5, Max: 3, Diff: 3, Sum: 3, Workers: 6
[47.151s][debug  ][gc,phases      ] GC(172)   JVMTI Tag Weak OopStorage      Min:  0.0, Avg:  0.0, Max:  0.0, Diff:  0.0, Sum:  0.0, Workers: 6
[47.151s][debug  ][gc,phases      ] GC(172)     Dead                           Min: 0, Avg:  0.0, Max: 0, Diff: 0, Sum: 0, Workers: 6
[47.151s][debug  ][gc,phases      ] GC(172)     Total                          Min: 0, Avg:  0.0, Max: 0, Diff: 0, Sum: 0, Workers: 6
[47.151s][debug  ][gc,phases      ] GC(172)   StringTable Weak               Min:  0.0, Avg:  0.0, Max:  0.0, Diff:  0.0, Sum:  0.0, Workers: 6
[47.151s][debug  ][gc,phases      ] GC(172)     Dead                           Min: 0, Avg:  0.0, Max: 0, Diff: 0, Sum: 0, Workers: 6
[47.151s][debug  ][gc,phases      ] GC(172)     Total                          Min: 768, Avg: 891.8, Max: 1023, Diff: 255, Sum: 5351, Workers: 6
[47.151s][debug  ][gc,phases      ] GC(172)   ResolvedMethodTable Weak       Min:  0.0, Avg:  0.0, Max:  0.0, Diff:  0.0, Sum:  0.0, Workers: 6
[47.152s][debug  ][gc,phases      ] GC(172)     Dead                           Min: 0, Avg:  0.0, Max: 0, Diff: 0, Sum: 0, Workers: 6
[47.152s][debug  ][gc,phases      ] GC(172)     Total                          Min: 0, Avg: 21.7, Max: 64, Diff: 64, Sum: 130, Workers: 6
[47.152s][debug  ][gc,phases      ] GC(172)   JNI Weak                       Min:  0.0, Avg:  0.0, Max:  0.0, Diff:  0.0, Sum:  0.0, Workers: 6
[47.152s][debug  ][gc,phases      ] GC(172)     Dead                           Min: 0, Avg:  0.0, Max: 0, Diff: 0, Sum: 0, Workers: 6
[47.152s][debug  ][gc,phases      ] GC(172)     Total                          Min: 0, Avg:  0.0, Max: 0, Diff: 0, Sum: 0, Workers: 6
[47.152s][debug  ][gc,phases      ] GC(172)   StringDedup Table Weak         Min:  0.0, Avg:  0.0, Max:  0.0, Diff:  0.0, Sum:  0.0, Workers: 6
[47.152s][debug  ][gc,phases      ] GC(172)     Dead                           Min: 0, Avg:  0.0, Max: 0, Diff: 0, Sum: 0, Workers: 6
[47.152s][debug  ][gc,phases      ] GC(172)     Total                          Min: 0, Avg:  0.0, Max: 0, Diff: 0, Sum: 0, Workers: 6
[47.152s][debug  ][gc,phases      ] GC(172)   StringDedup Requests0 Weak     Min:  0.0, Avg:  0.0, Max:  0.0, Diff:  0.0, Sum:  0.0, Workers: 6
[47.152s][debug  ][gc,phases      ] GC(172)     Dead                           Min: 0, Avg:  0.0, Max: 0, Diff: 0, Sum: 0, Workers: 6
[47.152s][debug  ][gc,phases      ] GC(172)     Total                          Min: 0, Avg:  0.0, Max: 0, Diff: 0, Sum: 0, Workers: 6
[47.152s][debug  ][gc,phases      ] GC(172)   StringDedup Requests1 Weak     Min:  0.0, Avg:  0.0, Max:  0.0, Diff:  0.0, Sum:  0.0, Workers: 6
[47.152s][debug  ][gc,phases      ] GC(172)     Dead                           Min: 0, Avg:  0.0, Max: 0, Diff: 0, Sum: 0, Workers: 6
[47.152s][debug  ][gc,phases      ] GC(172)     Total                          Min: 0, Avg:  0.0, Max: 0, Diff: 0, Sum: 0, Workers: 6
[47.152s][debug  ][gc,phases      ] GC(172)   Weak JFR Old Object Samples    Min:  0.0, Avg:  0.0, Max:  0.0, Diff:  0.0, Sum:  0.0, Workers: 6
[47.152s][debug  ][gc,phases      ] GC(172)     Dead                           Min: 0, Avg:  0.0, Max: 0, Diff: 0, Sum: 0, Workers: 6
[47.152s][debug  ][gc,phases      ] GC(172)     Total                          Min: 0, Avg:  0.0, Max: 0, Diff: 0, Sum: 0, Workers: 6
[47.152s][debug  ][gc,phases      ] GC(172) Weak Processing 0.806ms
[47.152s][debug  ][gc,ergo        ] GC(172) AdaptiveSizeStart:  collection: 173 
[47.152s][debug  ][gc,ergo        ] GC(172) avg_survived_padded_avg: 31886756.000000
[47.152s][debug  ][gc,ergo        ] GC(172) avg_promoted_padded_avg: 270389824.000000  avg_pretenured_padded_avg: 0.000000  tenuring_thresh: 15  target_size: 31981568
[47.152s][debug  ][gc,age         ] GC(172) Desired survivor size 31981568 bytes, new threshold 15 (max threshold 15)
[47.152s][debug  ][gc,ergo        ] GC(172) PSAdaptiveSizePolicy::compute_eden_space_size limits: desired_eden_size: 223903685 old_eden_size: 203948032 eden_limit: 204472320 cur_eden: 204472320 max_eden_size: 204472320 avg_young_live: 27626164
[47.152s][debug  ][gc,ergo        ] GC(172) PSAdaptiveSizePolicy::compute_eden_space_size: costs minor_time: 0.047364 major_cost: 0.052316 mutator_cost: 0.900320 throughput_goal: 0.990000
[47.152s][debug  ][gc,ergo        ] GC(172) Live_space: 1077313536 free_space: 1379401728
[47.152s][debug  ][gc,ergo        ] GC(172) Old eden_size: 203948032 desired_eden_size: 204472320
[47.152s][debug  ][gc,ergo        ] GC(172) AdaptiveSizeStop: collection: 173 
[47.152s][info   ][gc,heap        ] GC(172) PSYoungGen: 229174K(230912K)->30720K(230912K) Eden: 198453K(199680K)->0K(199680K) From: 30720K(31232K)->30720K(31232K)
[47.152s][info   ][gc,heap        ] GC(172) ParOldGen: 1363556K(1835008K)->1558117K(1835008K)
[47.152s][info   ][gc,metaspace   ] GC(172) Metaspace: 1024K(1216K)->1024K(1216K) NonClass: 940K(1024K)->940K(1024K) Class: 83K(192K)->83K(192K)
[47.152s][info   ][gc             ] GC(172) Pause Young (Allocation Failure) 1555M->1551M(2017M) 17.042ms
[47.152s][info   ][gc,cpu         ] GC(172) User=0.09s Sys=0.00s Real=0.02s
[47.152s][debug  ][gc,heap        ] GC(172) Heap after GC invocations=173 (full 27):
[47.152s][debug  ][gc,heap        ] GC(172)  PSYoungGen      total 230912K, used 30720K [0x00000000f0000000, 0x0000000100000000, 0x0000000100000000)
[47.152s][debug  ][gc,heap        ] GC(172)   eden space 199680K, 0% used [0x00000000f0000000,0x00000000f0000000,0x00000000fc300000)
[47.152s][debug  ][gc,heap        ] GC(172)   from space 31232K, 98% used [0x00000000fc300000,0x00000000fe100030,0x00000000fe180000)
[47.152s][debug  ][gc,heap        ] GC(172)   to   space 31232K, 0% used [0x00000000fe180000,0x00000000fe180000,0x0000000100000000)
[47.152s][debug  ][gc,heap        ] GC(172)  ParOldGen       total 1835008K, used 1558117K [0x0000000080000000, 0x00000000f0000000, 0x00000000f0000000)
[47.152s][debug  ][gc,heap        ] GC(172)   object space 1835008K, 84% used [0x0000000080000000,0x00000000df199498,0x00000000f0000000)
[47.152s][debug  ][gc,heap        ] GC(172)  Metaspace       used 1024K, committed 1216K, reserved 1056768K
[47.153s][debug  ][gc,heap        ] GC(172)   class space    used 83K, committed 192K, reserved 1048576K
[47.153s][debug  ][gc,task,time   ] GC(172) VM-Thread 471347927 471502032 471525323
[47.454s][debug  ][gc,heap        ] GC(173) Heap before GC invocations=174 (full 27):
[47.454s][debug  ][gc,heap        ] GC(173)  PSYoungGen      total 230912K, used 229181K [0x00000000f0000000, 0x0000000100000000, 0x0000000100000000)
[47.454s][debug  ][gc,heap        ] GC(173)   eden space 199680K, 99% used [0x00000000f0000000,0x00000000fc1cf618,0x00000000fc300000)
[47.454s][debug  ][gc,heap        ] GC(173)   from space 31232K, 98% used [0x00000000fc300000,0x00000000fe100030,0x00000000fe180000)
[47.454s][debug  ][gc,heap        ] GC(173)   to   space 31232K, 0% used [0x00000000fe180000,0x00000000fe180000,0x0000000100000000)
[47.454s][debug  ][gc,heap        ] GC(173)  ParOldGen       total 1835008K, used 1558117K [0x0000000080000000, 0x00000000f0000000, 0x00000000f0000000)
[47.454s][debug  ][gc,heap        ] GC(173)   object space 1835008K, 84% used [0x0000000080000000,0x00000000df199498,0x00000000f0000000)
[47.454s][debug  ][gc,heap        ] GC(173)  Metaspace       used 1024K, committed 1216K, reserved 1056768K
[47.454s][debug  ][gc,heap        ] GC(173)   class space    used 83K, committed 192K, reserved 1048576K
[47.454s][debug  ][gc,tlab        ] GC(173) TLAB totals: thrds: 1  refills: 1 max: 1 slow allocs: 18 max 18 waste: 27.6% gc: 3994856B max: 3994856B slow: 0B max: 0B
[47.454s][info   ][gc,start       ] GC(173) Pause Young (Allocation Failure)
[47.454s][debug  ][gc,phases,start] GC(173) Scavenge
[47.469s][debug  ][gc,phases      ] GC(173) Scavenge 15.118ms
[47.469s][debug  ][gc,phases,start] GC(173) Reference Processing
[47.469s][debug  ][gc,ref         ] GC(173) Skipped phase 1 of Reference Processing: no references
[47.469s][debug  ][gc,ref         ] GC(173) Skipped phase 2 of Reference Processing: no references
[47.469s][debug  ][gc,ref         ] GC(173) Skipped phase 3 of Reference Processing: no references
[47.470s][debug  ][gc,ref         ] GC(173) Skipped phase 4 of Reference Processing: no references
[47.470s][debug  ][gc,phases,ref  ] GC(173) Reference Processing: 0.1ms
[47.470s][debug  ][gc,phases,ref  ] GC(173)   Reconsider SoftReferences: 0.0ms
[47.470s][debug  ][gc,phases,ref  ] GC(173)     SoftRef (ms):                  skipped
[47.470s][debug  ][gc,phases,ref  ] GC(173)   Notify Soft/WeakReferences: 0.0ms
[47.470s][debug  ][gc,phases,ref  ] GC(173)     SoftRef (ms):                  skipped
[47.470s][debug  ][gc,phases,ref  ] GC(173)     WeakRef (ms):                  skipped
[47.470s][debug  ][gc,phases,ref  ] GC(173)     FinalRef (ms):                 skipped
[47.470s][debug  ][gc,phases,ref  ] GC(173)     Total (ms):                    skipped
[47.470s][debug  ][gc,phases,ref  ] GC(173)   Notify and keep alive finalizable: 0.0ms
[47.470s][debug  ][gc,phases,ref  ] GC(173)     FinalRef (ms):                 skipped
[47.470s][debug  ][gc,phases,ref  ] GC(173)   Notify PhantomReferences: 0.0ms
[47.470s][debug  ][gc,phases,ref  ] GC(173)     PhantomRef (ms):               skipped
[47.470s][debug  ][gc,phases,ref  ] GC(173)   SoftReference:
[47.470s][debug  ][gc,phases,ref  ] GC(173)     Discovered: 0
[47.470s][debug  ][gc,phases,ref  ] GC(173)     Cleared: 0
[47.470s][debug  ][gc,phases,ref  ] GC(173)   WeakReference:
[47.470s][debug  ][gc,phases,ref  ] GC(173)     Discovered: 0
[47.470s][debug  ][gc,phases,ref  ] GC(173)     Cleared: 0
[47.470s][debug  ][gc,phases,ref  ] GC(173)   FinalReference:
[47.470s][debug  ][gc,phases,ref  ] GC(173)     Discovered: 0
[47.470s][debug  ][gc,phases,ref  ] GC(173)     Cleared: 0
[47.470s][debug  ][gc,phases,ref  ] GC(173)   PhantomReference:
[47.470s][debug  ][gc,phases,ref  ] GC(173)     Discovered: 0
[47.470s][debug  ][gc,phases,ref  ] GC(173)     Cleared: 0
[47.470s][debug  ][gc,phases      ] GC(173) Reference Processing 0.670ms
[47.470s][debug  ][gc,phases,start] GC(173) Weak Processing
[47.470s][debug  ][gc,phases      ] GC(173)   VM Weak                        Min:  0.0, Avg:  0.0, Max:  0.0, Diff:  0.0, Sum:  0.0, Workers: 6
[47.470s][debug  ][gc,phases      ] GC(173)     Dead                           Min: 0, Avg:  0.0, Max: 0, Diff: 0, Sum: 0, Workers: 6
[47.470s][debug  ][gc,phases      ] GC(173)     Total                          Min: 0, Avg:  1.3, Max: 8, Diff: 8, Sum: 8, Workers: 6
[47.470s][debug  ][gc,phases      ] GC(173)   ObjectSynchronizer Weak        Min:  0.0, Avg:  0.0, Max:  0.0, Diff:  0.0, Sum:  0.0, Workers: 6
[47.470s][debug  ][gc,phases      ] GC(173)     Dead                           Min: 0, Avg:  0.0, Max: 0, Diff: 0, Sum: 0, Workers: 6
[47.470s][debug  ][gc,phases      ] GC(173)     Total                          Min: 0, Avg:  0.5, Max: 3, Diff: 3, Sum: 3, Workers: 6
[47.470s][debug  ][gc,phases      ] GC(173)   JVMTI Tag Weak OopStorage      Min:  0.0, Avg:  0.0, Max:  0.0, Diff:  0.0, Sum:  0.0, Workers: 6
[47.470s][debug  ][gc,phases      ] GC(173)     Dead                           Min: 0, Avg:  0.0, Max: 0, Diff: 0, Sum: 0, Workers: 6
[47.470s][debug  ][gc,phases      ] GC(173)     Total                          Min: 0, Avg:  0.0, Max: 0, Diff: 0, Sum: 0, Workers: 6
[47.470s][debug  ][gc,phases      ] GC(173)   StringTable Weak               Min:  0.0, Avg:  0.0, Max:  0.0, Diff:  0.0, Sum:  0.0, Workers: 6
[47.470s][debug  ][gc,phases      ] GC(173)     Dead                           Min: 0, Avg:  0.0, Max: 0, Diff: 0, Sum: 0, Workers: 6
[47.470s][debug  ][gc,phases      ] GC(173)     Total                          Min: 704, Avg: 891.8, Max: 1128, Diff: 424, Sum: 5351, Workers: 6
[47.470s][debug  ][gc,phases      ] GC(173)   ResolvedMethodTable Weak       Min:  0.0, Avg:  0.0, Max:  0.0, Diff:  0.0, Sum:  0.0, Workers: 6
[47.471s][debug  ][gc,phases      ] GC(173)     Dead                           Min: 0, Avg:  0.0, Max: 0, Diff: 0, Sum: 0, Workers: 6
[47.471s][debug  ][gc,phases      ] GC(173)     Total                          Min: 0, Avg: 21.7, Max: 64, Diff: 64, Sum: 130, Workers: 6
[47.471s][debug  ][gc,phases      ] GC(173)   JNI Weak                       Min:  0.0, Avg:  0.0, Max:  0.0, Diff:  0.0, Sum:  0.0, Workers: 6
[47.471s][debug  ][gc,phases      ] GC(173)     Dead                           Min: 0, Avg:  0.0, Max: 0, Diff: 0, Sum: 0, Workers: 6
[47.471s][debug  ][gc,phases      ] GC(173)     Total                          Min: 0, Avg:  0.0, Max: 0, Diff: 0, Sum: 0, Workers: 6
[47.471s][debug  ][gc,phases      ] GC(173)   StringDedup Table Weak         Min:  0.0, Avg:  0.0, Max:  0.0, Diff:  0.0, Sum:  0.0, Workers: 6
[47.471s][debug  ][gc,phases      ] GC(173)     Dead                           Min: 0, Avg:  0.0, Max: 0, Diff: 0, Sum: 0, Workers: 6
[47.471s][debug  ][gc,phases      ] GC(173)     Total                          Min: 0, Avg:  0.0, Max: 0, Diff: 0, Sum: 0, Workers: 6
[47.471s][debug  ][gc,phases      ] GC(173)   StringDedup Requests0 Weak     Min:  0.0, Avg:  0.0, Max:  0.0, Diff:  0.0, Sum:  0.0, Workers: 6
[47.471s][debug  ][gc,phases      ] GC(173)     Dead                           Min: 0, Avg:  0.0, Max: 0, Diff: 0, Sum: 0, Workers: 6
[47.471s][debug  ][gc,phases      ] GC(173)     Total                          Min: 0, Avg:  0.0, Max: 0, Diff: 0, Sum: 0, Workers: 6
[47.471s][debug  ][gc,phases      ] GC(173)   StringDedup Requests1 Weak     Min:  0.0, Avg:  0.0, Max:  0.0, Diff:  0.0, Sum:  0.0, Workers: 6
[47.471s][debug  ][gc,phases      ] GC(173)     Dead                           Min: 0, Avg:  0.0, Max: 0, Diff: 0, Sum: 0, Workers: 6
[47.471s][debug  ][gc,phases      ] GC(173)     Total                          Min: 0, Avg:  0.0, Max: 0, Diff: 0, Sum: 0, Workers: 6
[47.471s][debug  ][gc,phases      ] GC(173)   Weak JFR Old Object Samples    Min:  0.0, Avg:  0.0, Max:  0.0, Diff:  0.0, Sum:  0.0, Workers: 6
[47.471s][debug  ][gc,phases      ] GC(173)     Dead                           Min: 0, Avg:  0.0, Max: 0, Diff: 0, Sum: 0, Workers: 6
[47.471s][debug  ][gc,phases      ] GC(173)     Total                          Min: 0, Avg:  0.0, Max: 0, Diff: 0, Sum: 0, Workers: 6
[47.471s][debug  ][gc,phases      ] GC(173) Weak Processing 0.808ms
[47.471s][debug  ][gc,ergo        ] GC(173) AdaptiveSizeStart:  collection: 174 
[47.471s][debug  ][gc,ergo        ] GC(173) avg_survived_padded_avg: 31851690.000000
[47.471s][debug  ][gc,ergo        ] GC(173) avg_promoted_padded_avg: 270646656.000000  avg_pretenured_padded_avg: 0.000000  tenuring_thresh: 15  target_size: 31981568
[47.471s][debug  ][gc,age         ] GC(173) Desired survivor size 31981568 bytes, new threshold 15 (max threshold 15)
[47.471s][debug  ][gc,ergo        ] GC(173) PSAdaptiveSizePolicy::compute_eden_space_size limits: desired_eden_size: 224170938 old_eden_size: 204472320 eden_limit: 204472320 cur_eden: 204472320 max_eden_size: 204472320 avg_young_live: 28009278
[47.471s][debug  ][gc,ergo        ] GC(173) PSAdaptiveSizePolicy::compute_eden_space_size: costs minor_time: 0.048621 major_cost: 0.052316 mutator_cost: 0.899063 throughput_goal: 0.990000
[47.471s][debug  ][gc,ergo        ] GC(173) Live_space: 1077696768 free_space: 1379926016
[47.471s][debug  ][gc,ergo        ] GC(173) Old eden_size: 204472320 desired_eden_size: 204472320
[47.471s][debug  ][gc,ergo        ] GC(173) AdaptiveSizeStop: collection: 174 
[47.471s][info   ][gc,heap        ] GC(173) PSYoungGen: 229181K(230912K)->30720K(230912K) Eden: 198461K(199680K)->0K(199680K) From: 30720K(31232K)->30720K(31232K)
[47.471s][info   ][gc,heap        ] GC(173) ParOldGen: 1558117K(1835008K)->1752677K(1835008K)
[47.471s][info   ][gc,metaspace   ] GC(173) Metaspace: 1024K(1216K)->1024K(1216K) NonClass: 940K(1024K)->940K(1024K) Class: 83K(192K)->83K(192K)
[47.471s][info   ][gc             ] GC(173) Pause Young (Allocation Failure) 1745M->1741M(2017M) 17.047ms
[47.471s][info   ][gc,cpu         ] GC(173) User=0.09s Sys=0.00s Real=0.02s
[47.471s][debug  ][gc,heap        ] GC(173) Heap after GC invocations=174 (full 27):
[47.471s][debug  ][gc,heap        ] GC(173)  PSYoungGen      total 230912K, used 30720K [0x00000000f0000000, 0x0000000100000000, 0x0000000100000000)
[47.471s][debug  ][gc,heap        ] GC(173)   eden space 199680K, 0% used [0x00000000f0000000,0x00000000f0000000,0x00000000fc300000)
[47.471s][debug  ][gc,heap        ] GC(173)   from space 31232K, 98% used [0x00000000fe180000,0x00000000fff80030,0x0000000100000000)
[47.471s][debug  ][gc,heap        ] GC(173)   to   space 31232K, 0% used [0x00000000fc300000,0x00000000fc300000,0x00000000fe180000)
[47.471s][debug  ][gc,heap        ] GC(173)  ParOldGen       total 1835008K, used 1752677K [0x0000000080000000, 0x00000000f0000000, 0x00000000f0000000)
[47.471s][debug  ][gc,heap        ] GC(173)   object space 1835008K, 95% used [0x0000000080000000,0x00000000eaf995c8,0x00000000f0000000)
[47.471s][debug  ][gc,heap        ] GC(173)  Metaspace       used 1024K, committed 1216K, reserved 1056768K
[47.471s][debug  ][gc,heap        ] GC(173)   class space    used 83K, committed 192K, reserved 1048576K
[47.472s][debug  ][gc,task,time   ] GC(173) VM-Thread 474537743 474694156 474715226
[47.472s][debug  ][gc,phases,start] GC(174) Pre Compact
[47.472s][debug  ][gc,heap        ] GC(174) Heap before GC invocations=175 (full 28):
[47.472s][debug  ][gc,heap        ] GC(174)  PSYoungGen      total 230912K, used 30720K [0x00000000f0000000, 0x0000000100000000, 0x0000000100000000)
[47.472s][debug  ][gc,heap        ] GC(174)   eden space 199680K, 0% used [0x00000000f0000000,0x00000000f0000000,0x00000000fc300000)
[47.472s][debug  ][gc,heap        ] GC(174)   from space 31232K, 98% used [0x00000000fe180000,0x00000000fff80030,0x0000000100000000)
[47.472s][debug  ][gc,heap        ] GC(174)   to   space 31232K, 0% used [0x00000000fc300000,0x00000000fc300000,0x00000000fe180000)
[47.472s][debug  ][gc,heap        ] GC(174)  ParOldGen       total 1835008K, used 1752677K [0x0000000080000000, 0x00000000f0000000, 0x00000000f0000000)
[47.472s][debug  ][gc,heap        ] GC(174)   object space 1835008K, 95% used [0x0000000080000000,0x00000000eaf995c8,0x00000000f0000000)
[47.472s][debug  ][gc,heap        ] GC(174)  Metaspace       used 1024K, committed 1216K, reserved 1056768K
[47.472s][debug  ][gc,heap        ] GC(174)   class space    used 83K, committed 192K, reserved 1048576K
[47.472s][debug  ][gc,phases      ] GC(174) Pre Compact 0.229ms
[47.472s][info   ][gc,start       ] GC(174) Pause Full (Ergonomics)
[47.472s][info   ][gc,phases,start] GC(174) Marking Phase
[47.472s][debug  ][gc,phases,start] GC(174) Par Mark
[47.472s][debug  ][gc,phases      ] GC(174) Par Mark 0.603ms
[47.473s][debug  ][gc,phases,start] GC(174) Reference Processing
[47.473s][debug  ][gc,ref         ] GC(174) Skipped phase 1 of Reference Processing: no references
[47.473s][debug  ][gc,ref         ] GC(174) ReferenceProcessor::execute queues: 1, RefProcThreadModel::Single, marks_oops_alive: false
[47.473s][debug  ][gc,ref         ] GC(174) Skipped phase 3 of Reference Processing: no references
[47.473s][debug  ][gc,ref         ] GC(174) ReferenceProcessor::execute queues: 1, RefProcThreadModel::Single, marks_oops_alive: false
[47.473s][debug  ][gc,phases,ref  ] GC(174) Reference Processing: 0.1ms
[47.473s][debug  ][gc,phases,ref  ] GC(174)   Reconsider SoftReferences: 0.0ms
[47.473s][debug  ][gc,phases,ref  ] GC(174)     SoftRef (ms):                  skipped
[47.473s][debug  ][gc,phases,ref  ] GC(174)   Notify Soft/WeakReferences: 0.0ms
[47.473s][debug  ][gc,phases,ref  ] GC(174)     SoftRef (ms):                  Min:  0.0, Avg:  0.0, Max:  0.0, Diff:  0.0, Sum:  0.0, Workers: 6
[47.473s][debug  ][gc,phases,ref  ] GC(174)     WeakRef (ms):                  Min:  0.0, Avg:  0.0, Max:  0.0, Diff:  0.0, Sum:  0.0, Workers: 6
[47.473s][debug  ][gc,phases,ref  ] GC(174)     FinalRef (ms):                 Min:  0.0, Avg:  0.0, Max:  0.0, Diff:  0.0, Sum:  0.0, Workers: 6
[47.473s][debug  ][gc,phases,ref  ] GC(174)     Total (ms):                    Min:  0.0, Avg:  0.0, Max:  0.0, Diff:  0.0, Sum:  0.0, Workers: 6
[47.473s][debug  ][gc,phases,ref  ] GC(174)   Notify and keep alive finalizable: 0.0ms
[47.473s][debug  ][gc,phases,ref  ] GC(174)     FinalRef (ms):                 skipped
[47.473s][debug  ][gc,phases,ref  ] GC(174)   Notify PhantomReferences: 0.0ms
[47.473s][debug  ][gc,phases,ref  ] GC(174)     PhantomRef (ms):               Min:  0.0, Avg:  0.0, Max:  0.0, Diff:  0.0, Sum:  0.0, Workers: 6
[47.473s][debug  ][gc,phases,ref  ] GC(174)   SoftReference:
[47.473s][debug  ][gc,phases,ref  ] GC(174)     Discovered: 0
[47.473s][debug  ][gc,phases,ref  ] GC(174)     Cleared: 0
[47.473s][debug  ][gc,phases,ref  ] GC(174)   WeakReference:
[47.473s][debug  ][gc,phases,ref  ] GC(174)     Discovered: 108
[47.473s][debug  ][gc,phases,ref  ] GC(174)     Cleared: 108
[47.473s][debug  ][gc,phases,ref  ] GC(174)   FinalReference:
[47.473s][debug  ][gc,phases,ref  ] GC(174)     Discovered: 0
[47.473s][debug  ][gc,phases,ref  ] GC(174)     Cleared: 0
[47.473s][debug  ][gc,phases,ref  ] GC(174)   PhantomReference:
[47.473s][debug  ][gc,phases,ref  ] GC(174)     Discovered: 3
[47.473s][debug  ][gc,phases,ref  ] GC(174)     Cleared: 3
[47.473s][debug  ][gc,phases      ] GC(174) Reference Processing 0.645ms
[47.473s][debug  ][gc,phases,start] GC(174) Weak Processing
[47.473s][debug  ][gc,phases      ] GC(174)   VM Weak                        Min:  0.0, Avg:  0.0, Max:  0.0, Diff:  0.0, Sum:  0.0, Workers: 6
[47.473s][debug  ][gc,phases      ] GC(174)     Dead                           Min: 0, Avg:  0.0, Max: 0, Diff: 0, Sum: 0, Workers: 6
[47.473s][debug  ][gc,phases      ] GC(174)     Total                          Min: 0, Avg:  1.3, Max: 8, Diff: 8, Sum: 8, Workers: 6
[47.473s][debug  ][gc,phases      ] GC(174)   ObjectSynchronizer Weak        Min:  0.0, Avg:  0.0, Max:  0.0, Diff:  0.0, Sum:  0.0, Workers: 6
[47.473s][debug  ][gc,phases      ] GC(174)     Dead                           Min: 0, Avg:  0.0, Max: 0, Diff: 0, Sum: 0, Workers: 6
[47.473s][debug  ][gc,phases      ] GC(174)     Total                          Min: 0, Avg:  0.5, Max: 3, Diff: 3, Sum: 3, Workers: 6
[47.473s][debug  ][gc,phases      ] GC(174)   JVMTI Tag Weak OopStorage      Min:  0.0, Avg:  0.0, Max:  0.0, Diff:  0.0, Sum:  0.0, Workers: 6
[47.473s][debug  ][gc,phases      ] GC(174)     Dead                           Min: 0, Avg:  0.0, Max: 0, Diff: 0, Sum: 0, Workers: 6
[47.473s][debug  ][gc,phases      ] GC(174)     Total                          Min: 0, Avg:  0.0, Max: 0, Diff: 0, Sum: 0, Workers: 6
[47.473s][debug  ][gc,phases      ] GC(174)   StringTable Weak               Min:  0.0, Avg:  0.0, Max:  0.0, Diff:  0.0, Sum:  0.0, Workers: 6
[47.473s][debug  ][gc,phases      ] GC(174)     Dead                           Min: 0, Avg:  0.0, Max: 0, Diff: 0, Sum: 0, Workers: 6
[47.473s][debug  ][gc,phases      ] GC(174)     Total                          Min: 704, Avg: 891.8, Max: 1064, Diff: 360, Sum: 5351, Workers: 6
[47.473s][debug  ][gc,phases      ] GC(174)   ResolvedMethodTable Weak       Min:  0.0, Avg:  0.0, Max:  0.0, Diff:  0.0, Sum:  0.0, Workers: 6
[47.474s][debug  ][gc,phases      ] GC(174)     Dead                           Min: 0, Avg:  0.0, Max: 0, Diff: 0, Sum: 0, Workers: 6
[47.474s][debug  ][gc,phases      ] GC(174)     Total                          Min: 0, Avg: 21.7, Max: 64, Diff: 64, Sum: 130, Workers: 6
[47.474s][debug  ][gc,phases      ] GC(174)   JNI Weak                       Min:  0.0, Avg:  0.0, Max:  0.0, Diff:  0.0, Sum:  0.0, Workers: 6
[47.474s][debug  ][gc,phases      ] GC(174)     Dead                           Min: 0, Avg:  0.0, Max: 0, Diff: 0, Sum: 0, Workers: 6
[47.474s][debug  ][gc,phases      ] GC(174)     Total                          Min: 0, Avg:  0.0, Max: 0, Diff: 0, Sum: 0, Workers: 6
[47.474s][debug  ][gc,phases      ] GC(174)   StringDedup Table Weak         Min:  0.0, Avg:  0.0, Max:  0.0, Diff:  0.0, Sum:  0.0, Workers: 6
[47.474s][debug  ][gc,phases      ] GC(174)     Dead                           Min: 0, Avg:  0.0, Max: 0, Diff: 0, Sum: 0, Workers: 6
[47.474s][debug  ][gc,phases      ] GC(174)     Total                          Min: 0, Avg:  0.0, Max: 0, Diff: 0, Sum: 0, Workers: 6
[47.474s][debug  ][gc,phases      ] GC(174)   StringDedup Requests0 Weak     Min:  0.0, Avg:  0.0, Max:  0.0, Diff:  0.0, Sum:  0.0, Workers: 6
[47.474s][debug  ][gc,phases      ] GC(174)     Dead                           Min: 0, Avg:  0.0, Max: 0, Diff: 0, Sum: 0, Workers: 6
[47.474s][debug  ][gc,phases      ] GC(174)     Total                          Min: 0, Avg:  0.0, Max: 0, Diff: 0, Sum: 0, Workers: 6
[47.474s][debug  ][gc,phases      ] GC(174)   StringDedup Requests1 Weak     Min:  0.0, Avg:  0.0, Max:  0.0, Diff:  0.0, Sum:  0.0, Workers: 6
[47.474s][debug  ][gc,phases      ] GC(174)     Dead                           Min: 0, Avg:  0.0, Max: 0, Diff: 0, Sum: 0, Workers: 6
[47.474s][debug  ][gc,phases      ] GC(174)     Total                          Min: 0, Avg:  0.0, Max: 0, Diff: 0, Sum: 0, Workers: 6
[47.474s][debug  ][gc,phases      ] GC(174)   Weak JFR Old Object Samples    Min:  0.0, Avg:  0.0, Max:  0.0, Diff:  0.0, Sum:  0.0, Workers: 6
[47.474s][debug  ][gc,phases      ] GC(174)     Dead                           Min: 0, Avg:  0.0, Max: 0, Diff: 0, Sum: 0, Workers: 6
[47.474s][debug  ][gc,phases      ] GC(174)     Total                          Min: 0, Avg:  0.0, Max: 0, Diff: 0, Sum: 0, Workers: 6
[47.474s][debug  ][gc,phases      ] GC(174) Weak Processing 0.689ms
[47.474s][debug  ][gc,phases,start] GC(174) Class Unloading
[47.474s][debug  ][gc,phases,start] GC(174) ClassLoaderData
[47.474s][debug  ][gc,phases      ] GC(174) ClassLoaderData 0.019ms
[47.474s][debug  ][gc,phases,start] GC(174) Trigger cleanups
[47.474s][debug  ][gc,phases      ] GC(174) Trigger cleanups 0.022ms
[47.474s][debug  ][gc,phases      ] GC(174) Class Unloading 0.270ms
[47.474s][info   ][gc,phases      ] GC(174) Marking Phase 2.345ms
[47.474s][info   ][gc,phases,start] GC(174) Summary Phase
[47.474s][info   ][gc,phases      ] GC(174) Summary Phase 0.048ms
[47.474s][info   ][gc,phases,start] GC(174) Adjust Roots
[47.474s][info   ][gc,phases      ] GC(174) Adjust Roots 0.168ms
[47.475s][info   ][gc,phases,start] GC(174) Compaction Phase
[47.572s][info   ][gc,phases      ] GC(174) Compaction Phase 97.486ms
[47.572s][info   ][gc,phases,start] GC(174) Post Compact
[47.578s][info   ][gc,phases      ] GC(174) Post Compact 5.935ms
[47.578s][debug  ][gc,ergo        ] GC(174) AdaptiveSizeStart: collection: 175 
[47.578s][debug  ][gc,ergo        ] GC(174) PSAdaptiveSizePolicy::compute_eden_space_size limits: desired_eden_size: 224149666 old_eden_size: 204472320 eden_limit: 204472320 cur_eden: 204472320 max_eden_size: 204472320 avg_young_live: 25208350
[47.578s][debug  ][gc,ergo        ] GC(174) PSAdaptiveSizePolicy::compute_eden_space_size: costs minor_time: 0.048621 major_cost: 0.052425 mutator_cost: 0.898954 throughput_goal: 0.990000
[47.578s][debug  ][gc,ergo        ] GC(174) Live_space: 1074895744 free_space: 1379926016
[47.578s][debug  ][gc,ergo        ] GC(174) Old eden_size: 204472320 desired_eden_size: 204472320
[47.578s][debug  ][gc,ergo        ] GC(174) PSAdaptiveSizePolicy::compute_old_gen_free_space limits: desired_promo_size: 1297588126 promo_limit: 1175453696 free_in_old_gen: 1085576448 max_old_gen_size: 1879048192 avg_old_live: 793471808
[47.578s][debug  ][gc,ergo        ] GC(174) PSAdaptiveSizePolicy::compute_old_gen_free_space: costs minor_time: 0.048621 major_cost: 0.052425  mutator_cost: 0.898954 throughput_goal: 0.990000
[47.578s][debug  ][gc,ergo        ] GC(174) Live_space: 1087115648 free_space: 1379926016
[47.578s][debug  ][gc,ergo        ] GC(174) Old promo_size: 1175453696 desired_promo_size: 1175453696
[47.578s][debug  ][gc,ergo        ] GC(174) AdaptiveSizeStop: collection: 175 
[47.578s][info   ][gc,heap        ] GC(174) PSYoungGen: 30720K(230912K)->0K(230912K) Eden: 0K(199680K)->0K(199680K) From: 30720K(31232K)->0K(31232K)
[47.578s][info   ][gc,heap        ] GC(174) ParOldGen: 1752677K(1835008K)->882276K(1835008K)
[47.578s][info   ][gc,metaspace   ] GC(174) Metaspace: 1024K(1216K)->1024K(1216K) NonClass: 940K(1024K)->940K(1024K) Class: 83K(192K)->83K(192K)
[47.578s][info   ][gc             ] GC(174) Pause Full (Ergonomics) 1741M->861M(2017M) 106.694ms
[47.579s][info   ][gc,cpu         ] GC(174) User=0.55s Sys=0.00s Real=0.11s
[47.579s][debug  ][gc,heap        ] GC(174) Heap after GC invocations=175 (full 28):
[47.579s][debug  ][gc,heap        ] GC(174)  PSYoungGen      total 230912K, used 0K [0x00000000f0000000, 0x0000000100000000, 0x0000000100000000)
[47.579s][debug  ][gc,heap        ] GC(174)   eden space 199680K, 0% used [0x00000000f0000000,0x00000000f0000000,0x00000000fc300000)
[47.579s][debug  ][gc,heap        ] GC(174)   from space 31232K, 0% used [0x00000000fc300000,0x00000000fc300000,0x00000000fe180000)
[47.579s][debug  ][gc,heap        ] GC(174)   to   space 31232K, 0% used [0x00000000fe180000,0x00000000fe180000,0x0000000100000000)
[47.579s][debug  ][gc,heap        ] GC(174)  ParOldGen       total 1835008K, used 882276K [0x0000000080000000, 0x00000000f0000000, 0x00000000f0000000)
[47.579s][debug  ][gc,heap        ] GC(174)   object space 1835008K, 48% used [0x0000000080000000,0x00000000b5d99078,0x00000000f0000000)
[47.579s][debug  ][gc,heap        ] GC(174)  Metaspace       used 1024K, committed 1216K, reserved 1056768K
[47.579s][debug  ][gc,heap        ] GC(174)   class space    used 83K, committed 192K, reserved 1048576K
[47.579s][debug  ][gc,task,time   ] GC(174) VM-Thread 474718346 474745219 475785625
[47.881s][debug  ][gc,heap        ] GC(175) Heap before GC invocations=176 (full 28):
[47.882s][debug  ][gc,heap        ] GC(175)  PSYoungGen      total 230912K, used 198466K [0x00000000f0000000, 0x0000000100000000, 0x0000000100000000)
[47.882s][debug  ][gc,heap        ] GC(175)   eden space 199680K, 99% used [0x00000000f0000000,0x00000000fc1d0980,0x00000000fc300000)
[47.882s][debug  ][gc,heap        ] GC(175)   from space 31232K, 0% used [0x00000000fc300000,0x00000000fc300000,0x00000000fe180000)
[47.882s][debug  ][gc,heap        ] GC(175)   to   space 31232K, 0% used [0x00000000fe180000,0x00000000fe180000,0x0000000100000000)
[47.882s][debug  ][gc,heap        ] GC(175)  ParOldGen       total 1835008K, used 882276K [0x0000000080000000, 0x00000000f0000000, 0x00000000f0000000)
[47.882s][debug  ][gc,heap        ] GC(175)   object space 1835008K, 48% used [0x0000000080000000,0x00000000b5d99078,0x00000000f0000000)
[47.882s][debug  ][gc,heap        ] GC(175)  Metaspace       used 1025K, committed 1216K, reserved 1056768K
[47.882s][debug  ][gc,heap        ] GC(175)   class space    used 83K, committed 192K, reserved 1048576K
[47.882s][debug  ][gc,tlab        ] GC(175) TLAB totals: thrds: 1  refills: 1 max: 1 slow allocs: 18 max 18 waste: 27.6% gc: 3998760B max: 3998760B slow: 0B max: 0B
[47.882s][info   ][gc,start       ] GC(175) Pause Young (Allocation Failure)
[47.882s][debug  ][gc,phases,start] GC(175) Scavenge
[47.886s][debug  ][gc,phases      ] GC(175) Scavenge 3.859ms
[47.886s][debug  ][gc,phases,start] GC(175) Reference Processing
[47.886s][debug  ][gc,ref         ] GC(175) Skipped phase 1 of Reference Processing: no references
[47.886s][debug  ][gc,ref         ] GC(175) Skipped phase 2 of Reference Processing: no references
[47.886s][debug  ][gc,ref         ] GC(175) Skipped phase 3 of Reference Processing: no references
[47.886s][debug  ][gc,ref         ] GC(175) Skipped phase 4 of Reference Processing: no references
[47.886s][debug  ][gc,phases,ref  ] GC(175) Reference Processing: 0.1ms
[47.886s][debug  ][gc,phases,ref  ] GC(175)   Reconsider SoftReferences: 0.0ms
[47.886s][debug  ][gc,phases,ref  ] GC(175)     SoftRef (ms):                  skipped
[47.886s][debug  ][gc,phases,ref  ] GC(175)   Notify Soft/WeakReferences: 0.0ms
[47.886s][debug  ][gc,phases,ref  ] GC(175)     SoftRef (ms):                  skipped
[47.886s][debug  ][gc,phases,ref  ] GC(175)     WeakRef (ms):                  skipped
[47.886s][debug  ][gc,phases,ref  ] GC(175)     FinalRef (ms):                 skipped
[47.886s][debug  ][gc,phases,ref  ] GC(175)     Total (ms):                    skipped
[47.886s][debug  ][gc,phases,ref  ] GC(175)   Notify and keep alive finalizable: 0.0ms
[47.886s][debug  ][gc,phases,ref  ] GC(175)     FinalRef (ms):                 skipped
[47.886s][debug  ][gc,phases,ref  ] GC(175)   Notify PhantomReferences: 0.0ms
[47.886s][debug  ][gc,phases,ref  ] GC(175)     PhantomRef (ms):               skipped
[47.886s][debug  ][gc,phases,ref  ] GC(175)   SoftReference:
[47.886s][debug  ][gc,phases,ref  ] GC(175)     Discovered: 0
[47.886s][debug  ][gc,phases,ref  ] GC(175)     Cleared: 0
[47.886s][debug  ][gc,phases,ref  ] GC(175)   WeakReference:
[47.886s][debug  ][gc,phases,ref  ] GC(175)     Discovered: 0
[47.886s][debug  ][gc,phases,ref  ] GC(175)     Cleared: 0
[47.886s][debug  ][gc,phases,ref  ] GC(175)   FinalReference:
[47.886s][debug  ][gc,phases,ref  ] GC(175)     Discovered: 0
[47.886s][debug  ][gc,phases,ref  ] GC(175)     Cleared: 0
[47.886s][debug  ][gc,phases,ref  ] GC(175)   PhantomReference:
[47.886s][debug  ][gc,phases,ref  ] GC(175)     Discovered: 0
[47.886s][debug  ][gc,phases,ref  ] GC(175)     Cleared: 0
[47.886s][debug  ][gc,phases      ] GC(175) Reference Processing 0.689ms
[47.887s][debug  ][gc,phases,start] GC(175) Weak Processing
[47.887s][debug  ][gc,phases      ] GC(175)   VM Weak                        Min:  0.0, Avg:  0.0, Max:  0.0, Diff:  0.0, Sum:  0.0, Workers: 6
[47.887s][debug  ][gc,phases      ] GC(175)     Dead                           Min: 0, Avg:  0.0, Max: 0, Diff: 0, Sum: 0, Workers: 6
[47.887s][debug  ][gc,phases      ] GC(175)     Total                          Min: 0, Avg:  1.3, Max: 8, Diff: 8, Sum: 8, Workers: 6
[47.887s][debug  ][gc,phases      ] GC(175)   ObjectSynchronizer Weak        Min:  0.0, Avg:  0.0, Max:  0.0, Diff:  0.0, Sum:  0.0, Workers: 6
[47.887s][debug  ][gc,phases      ] GC(175)     Dead                           Min: 0, Avg:  0.0, Max: 0, Diff: 0, Sum: 0, Workers: 6
[47.887s][debug  ][gc,phases      ] GC(175)     Total                          Min: 0, Avg:  0.5, Max: 3, Diff: 3, Sum: 3, Workers: 6
[47.887s][debug  ][gc,phases      ] GC(175)   JVMTI Tag Weak OopStorage      Min:  0.0, Avg:  0.0, Max:  0.0, Diff:  0.0, Sum:  0.0, Workers: 6
[47.887s][debug  ][gc,phases      ] GC(175)     Dead                           Min: 0, Avg:  0.0, Max: 0, Diff: 0, Sum: 0, Workers: 6
[47.887s][debug  ][gc,phases      ] GC(175)     Total                          Min: 0, Avg:  0.0, Max: 0, Diff: 0, Sum: 0, Workers: 6
[47.887s][debug  ][gc,phases      ] GC(175)   StringTable Weak               Min:  0.0, Avg:  0.0, Max:  0.0, Diff:  0.0, Sum:  0.1, Workers: 6
[47.887s][debug  ][gc,phases      ] GC(175)     Dead                           Min: 0, Avg:  0.0, Max: 0, Diff: 0, Sum: 0, Workers: 6
[47.887s][debug  ][gc,phases      ] GC(175)     Total                          Min: 831, Avg: 891.8, Max: 1024, Diff: 193, Sum: 5351, Workers: 6
[47.887s][debug  ][gc,phases      ] GC(175)   ResolvedMethodTable Weak       Min:  0.0, Avg:  0.0, Max:  0.0, Diff:  0.0, Sum:  0.0, Workers: 6
[47.887s][debug  ][gc,phases      ] GC(175)     Dead                           Min: 0, Avg:  0.0, Max: 0, Diff: 0, Sum: 0, Workers: 6
[47.887s][debug  ][gc,phases      ] GC(175)     Total                          Min: 0, Avg: 21.7, Max: 64, Diff: 64, Sum: 130, Workers: 6
[47.887s][debug  ][gc,phases      ] GC(175)   JNI Weak                       Min:  0.0, Avg:  0.0, Max:  0.0, Diff:  0.0, Sum:  0.0, Workers: 6
[47.887s][debug  ][gc,phases      ] GC(175)     Dead                           Min: 0, Avg:  0.0, Max: 0, Diff: 0, Sum: 0, Workers: 6
[47.887s][debug  ][gc,phases      ] GC(175)     Total                          Min: 0, Avg:  0.0, Max: 0, Diff: 0, Sum: 0, Workers: 6
[47.887s][debug  ][gc,phases      ] GC(175)   StringDedup Table Weak         Min:  0.0, Avg:  0.0, Max:  0.0, Diff:  0.0, Sum:  0.0, Workers: 6
[47.887s][debug  ][gc,phases      ] GC(175)     Dead                           Min: 0, Avg:  0.0, Max: 0, Diff: 0, Sum: 0, Workers: 6
[47.887s][debug  ][gc,phases      ] GC(175)     Total                          Min: 0, Avg:  0.0, Max: 0, Diff: 0, Sum: 0, Workers: 6
[47.887s][debug  ][gc,phases      ] GC(175)   StringDedup Requests0 Weak     Min:  0.0, Avg:  0.0, Max:  0.0, Diff:  0.0, Sum:  0.0, Workers: 6
[47.887s][debug  ][gc,phases      ] GC(175)     Dead                           Min: 0, Avg:  0.0, Max: 0, Diff: 0, Sum: 0, Workers: 6
[47.887s][debug  ][gc,phases      ] GC(175)     Total                          Min: 0, Avg:  0.0, Max: 0, Diff: 0, Sum: 0, Workers: 6
[47.887s][debug  ][gc,phases      ] GC(175)   StringDedup Requests1 Weak     Min:  0.0, Avg:  0.0, Max:  0.0, Diff:  0.0, Sum:  0.0, Workers: 6
[47.887s][debug  ][gc,phases      ] GC(175)     Dead                           Min: 0, Avg:  0.0, Max: 0, Diff: 0, Sum: 0, Workers: 6
[47.887s][debug  ][gc,phases      ] GC(175)     Total                          Min: 0, Avg:  0.0, Max: 0, Diff: 0, Sum: 0, Workers: 6
[47.887s][debug  ][gc,phases      ] GC(175)   Weak JFR Old Object Samples    Min:  0.0, Avg:  0.0, Max:  0.0, Diff:  0.0, Sum:  0.0, Workers: 6
[47.887s][debug  ][gc,phases      ] GC(175)     Dead                           Min: 0, Avg:  0.0, Max: 0, Diff: 0, Sum: 0, Workers: 6
[47.887s][debug  ][gc,phases      ] GC(175)     Total                          Min: 0, Avg:  0.0, Max: 0, Diff: 0, Sum: 0, Workers: 6
[47.888s][debug  ][gc,phases      ] GC(175) Weak Processing 1.004ms
[47.888s][debug  ][gc,ergo        ] GC(175) AdaptiveSizeStart:  collection: 176 
[47.888s][debug  ][gc,ergo        ] GC(175) avg_survived_padded_avg: 31819340.000000
[47.888s][debug  ][gc,ergo        ] GC(175) avg_promoted_padded_avg: 287173312.000000  avg_pretenured_padded_avg: 0.000000  tenuring_thresh: 15  target_size: 31981568
[47.888s][debug  ][gc,age         ] GC(175) Desired survivor size 31981568 bytes, new threshold 15 (max threshold 15)
[47.888s][debug  ][gc,ergo        ] GC(175) PSAdaptiveSizePolicy::compute_eden_space_size limits: desired_eden_size: 222136708 old_eden_size: 204472320 eden_limit: 204472320 cur_eden: 204472320 max_eden_size: 204472320 avg_young_live: 25833248
[47.888s][debug  ][gc,ergo        ] GC(175) PSAdaptiveSizePolicy::compute_eden_space_size: costs minor_time: 0.039865 major_cost: 0.052425 mutator_cost: 0.907710 throughput_goal: 0.990000
[47.888s][debug  ][gc,ergo        ] GC(175) Live_space: 1087740544 free_space: 1379926016
[47.888s][debug  ][gc,ergo        ] GC(175) Old eden_size: 204472320 desired_eden_size: 204472320
[47.888s][debug  ][gc,ergo        ] GC(175) AdaptiveSizeStop: collection: 176 
[47.888s][info   ][gc,heap        ] GC(175) PSYoungGen: 198466K(230912K)->30720K(230912K) Eden: 198466K(199680K)->0K(199680K) From: 0K(31232K)->30720K(31232K)
[47.888s][info   ][gc,heap        ] GC(175) ParOldGen: 882276K(1835008K)->902756K(1835008K)
[47.888s][info   ][gc,metaspace   ] GC(175) Metaspace: 1025K(1216K)->1025K(1216K) NonClass: 941K(1024K)->941K(1024K) Class: 83K(192K)->83K(192K)
[47.888s][info   ][gc             ] GC(175) Pause Young (Allocation Failure) 1055M->911M(2017M) 6.057ms
[47.888s][info   ][gc,cpu         ] GC(175) User=0.00s Sys=0.00s Real=0.01s
[47.888s][debug  ][gc,heap        ] GC(175) Heap after GC invocations=176 (full 28):
[47.888s][debug  ][gc,heap        ] GC(175)  PSYoungGen      total 230912K, used 30720K [0x00000000f0000000, 0x0000000100000000, 0x0000000100000000)
[47.888s][debug  ][gc,heap        ] GC(175)   eden space 199680K, 0% used [0x00000000f0000000,0x00000000f0000000,0x00000000fc300000)
[47.888s][debug  ][gc,heap        ] GC(175)   from space 31232K, 98% used [0x00000000fe180000,0x00000000fff80030,0x0000000100000000)
[47.888s][debug  ][gc,heap        ] GC(175)   to   space 31232K, 0% used [0x00000000fc300000,0x00000000fc300000,0x00000000fe180000)
[47.888s][debug  ][gc,heap        ] GC(175)  ParOldGen       total 1835008K, used 902756K [0x0000000080000000, 0x00000000f0000000, 0x00000000f0000000)
[47.888s][debug  ][gc,heap        ] GC(175)   object space 1835008K, 49% used [0x0000000080000000,0x00000000b7199098,0x00000000f0000000)
[47.888s][debug  ][gc,heap        ] GC(175)  Metaspace       used 1025K, committed 1216K, reserved 1056768K
[47.888s][debug  ][gc,heap        ] GC(175)   class space    used 83K, committed 192K, reserved 1048576K
[47.888s][debug  ][gc,task,time   ] GC(175) VM-Thread 478813861 478858063 478881997
[48.197s][debug  ][gc,heap        ] GC(176) Heap before GC invocations=177 (full 28):
[48.198s][debug  ][gc,heap        ] GC(176)  PSYoungGen      total 230912K, used 229117K [0x00000000f0000000, 0x0000000100000000, 0x0000000100000000)
[48.198s][debug  ][gc,heap        ] GC(176)   eden space 199680K, 99% used [0x00000000f0000000,0x00000000fc1bf580,0x00000000fc300000)
[48.198s][debug  ][gc,heap        ] GC(176)   from space 31232K, 98% used [0x00000000fe180000,0x00000000fff80030,0x0000000100000000)
[48.198s][debug  ][gc,heap        ] GC(176)   to   space 31232K, 0% used [0x00000000fc300000,0x00000000fc300000,0x00000000fe180000)
[48.198s][debug  ][gc,heap        ] GC(176)  ParOldGen       total 1835008K, used 902756K [0x0000000080000000, 0x00000000f0000000, 0x00000000f0000000)
[48.198s][debug  ][gc,heap        ] GC(176)   object space 1835008K, 49% used [0x0000000080000000,0x00000000b7199098,0x00000000f0000000)
[48.198s][debug  ][gc,heap        ] GC(176)  Metaspace       used 1025K, committed 1216K, reserved 1056768K
[48.198s][debug  ][gc,heap        ] GC(176)   class space    used 83K, committed 192K, reserved 1048576K
[48.198s][debug  ][gc,tlab        ] GC(176) TLAB totals: thrds: 1  refills: 1 max: 1 slow allocs: 18 max 18 waste: 27.3% gc: 3929168B max: 3929168B slow: 0B max: 0B
[48.198s][info   ][gc,start       ] GC(176) Pause Young (Allocation Failure)
[48.198s][debug  ][gc,phases,start] GC(176) Scavenge
[48.213s][debug  ][gc,phases      ] GC(176) Scavenge 15.107ms
[48.213s][debug  ][gc,phases,start] GC(176) Reference Processing
[48.213s][debug  ][gc,ref         ] GC(176) Skipped phase 1 of Reference Processing: no references
[48.213s][debug  ][gc,ref         ] GC(176) Skipped phase 2 of Reference Processing: no references
[48.213s][debug  ][gc,ref         ] GC(176) Skipped phase 3 of Reference Processing: no references
[48.213s][debug  ][gc,ref         ] GC(176) Skipped phase 4 of Reference Processing: no references
[48.213s][debug  ][gc,phases,ref  ] GC(176) Reference Processing: 0.1ms
[48.213s][debug  ][gc,phases,ref  ] GC(176)   Reconsider SoftReferences: 0.0ms
[48.213s][debug  ][gc,phases,ref  ] GC(176)     SoftRef (ms):                  skipped
[48.213s][debug  ][gc,phases,ref  ] GC(176)   Notify Soft/WeakReferences: 0.0ms
[48.213s][debug  ][gc,phases,ref  ] GC(176)     SoftRef (ms):                  skipped
[48.213s][debug  ][gc,phases,ref  ] GC(176)     WeakRef (ms):                  skipped
[48.213s][debug  ][gc,phases,ref  ] GC(176)     FinalRef (ms):                 skipped
[48.214s][debug  ][gc,phases,ref  ] GC(176)     Total (ms):                    skipped
[48.214s][debug  ][gc,phases,ref  ] GC(176)   Notify and keep alive finalizable: 0.0ms
[48.214s][debug  ][gc,phases,ref  ] GC(176)     FinalRef (ms):                 skipped
[48.214s][debug  ][gc,phases,ref  ] GC(176)   Notify PhantomReferences: 0.0ms
[48.214s][debug  ][gc,phases,ref  ] GC(176)     PhantomRef (ms):               skipped
[48.214s][debug  ][gc,phases,ref  ] GC(176)   SoftReference:
[48.214s][debug  ][gc,phases,ref  ] GC(176)     Discovered: 0
[48.214s][debug  ][gc,phases,ref  ] GC(176)     Cleared: 0
[48.214s][debug  ][gc,phases,ref  ] GC(176)   WeakReference:
[48.214s][debug  ][gc,phases,ref  ] GC(176)     Discovered: 0
[48.214s][debug  ][gc,phases,ref  ] GC(176)     Cleared: 0
[48.214s][debug  ][gc,phases,ref  ] GC(176)   FinalReference:
[48.214s][debug  ][gc,phases,ref  ] GC(176)     Discovered: 0
[48.214s][debug  ][gc,phases,ref  ] GC(176)     Cleared: 0
[48.214s][debug  ][gc,phases,ref  ] GC(176)   PhantomReference:
[48.214s][debug  ][gc,phases,ref  ] GC(176)     Discovered: 0
[48.214s][debug  ][gc,phases,ref  ] GC(176)     Cleared: 0
[48.214s][debug  ][gc,phases      ] GC(176) Reference Processing 0.736ms
[48.214s][debug  ][gc,phases,start] GC(176) Weak Processing
[48.214s][debug  ][gc,phases      ] GC(176)   VM Weak                        Min:  0.0, Avg:  0.0, Max:  0.0, Diff:  0.0, Sum:  0.0, Workers: 6
[48.214s][debug  ][gc,phases      ] GC(176)     Dead                           Min: 0, Avg:  0.0, Max: 0, Diff: 0, Sum: 0, Workers: 6
[48.214s][debug  ][gc,phases      ] GC(176)     Total                          Min: 0, Avg:  1.3, Max: 8, Diff: 8, Sum: 8, Workers: 6
[48.214s][debug  ][gc,phases      ] GC(176)   ObjectSynchronizer Weak        Min:  0.0, Avg:  0.0, Max:  0.0, Diff:  0.0, Sum:  0.0, Workers: 6
[48.214s][debug  ][gc,phases      ] GC(176)     Dead                           Min: 0, Avg:  0.0, Max: 0, Diff: 0, Sum: 0, Workers: 6
[48.214s][debug  ][gc,phases      ] GC(176)     Total                          Min: 0, Avg:  0.5, Max: 3, Diff: 3, Sum: 3, Workers: 6
[48.214s][debug  ][gc,phases      ] GC(176)   JVMTI Tag Weak OopStorage      Min:  0.0, Avg:  0.0, Max:  0.0, Diff:  0.0, Sum:  0.0, Workers: 6
[48.214s][debug  ][gc,phases      ] GC(176)     Dead                           Min: 0, Avg:  0.0, Max: 0, Diff: 0, Sum: 0, Workers: 6
[48.214s][debug  ][gc,phases      ] GC(176)     Total                          Min: 0, Avg:  0.0, Max: 0, Diff: 0, Sum: 0, Workers: 6
[48.214s][debug  ][gc,phases      ] GC(176)   StringTable Weak               Min:  0.0, Avg:  0.0, Max:  0.0, Diff:  0.0, Sum:  0.0, Workers: 6
[48.214s][debug  ][gc,phases      ] GC(176)     Dead                           Min: 0, Avg:  0.0, Max: 0, Diff: 0, Sum: 0, Workers: 6
[48.214s][debug  ][gc,phases      ] GC(176)     Total                          Min: 767, Avg: 891.8, Max: 1152, Diff: 385, Sum: 5351, Workers: 6
[48.214s][debug  ][gc,phases      ] GC(176)   ResolvedMethodTable Weak       Min:  0.0, Avg:  0.0, Max:  0.0, Diff:  0.0, Sum:  0.0, Workers: 6
[48.214s][debug  ][gc,phases      ] GC(176)     Dead                           Min: 0, Avg:  0.0, Max: 0, Diff: 0, Sum: 0, Workers: 6
[48.214s][debug  ][gc,phases      ] GC(176)     Total                          Min: 0, Avg: 21.7, Max: 66, Diff: 66, Sum: 130, Workers: 6
[48.214s][debug  ][gc,phases      ] GC(176)   JNI Weak                       Min:  0.0, Avg:  0.0, Max:  0.0, Diff:  0.0, Sum:  0.0, Workers: 6
[48.214s][debug  ][gc,phases      ] GC(176)     Dead                           Min: 0, Avg:  0.0, Max: 0, Diff: 0, Sum: 0, Workers: 6
[48.214s][debug  ][gc,phases      ] GC(176)     Total                          Min: 0, Avg:  0.0, Max: 0, Diff: 0, Sum: 0, Workers: 6
[48.214s][debug  ][gc,phases      ] GC(176)   StringDedup Table Weak         Min:  0.0, Avg:  0.0, Max:  0.0, Diff:  0.0, Sum:  0.0, Workers: 6
[48.214s][debug  ][gc,phases      ] GC(176)     Dead                           Min: 0, Avg:  0.0, Max: 0, Diff: 0, Sum: 0, Workers: 6
[48.215s][debug  ][gc,phases      ] GC(176)     Total                          Min: 0, Avg:  0.0, Max: 0, Diff: 0, Sum: 0, Workers: 6
[48.215s][debug  ][gc,phases      ] GC(176)   StringDedup Requests0 Weak     Min:  0.0, Avg:  0.0, Max:  0.0, Diff:  0.0, Sum:  0.0, Workers: 6
[48.215s][debug  ][gc,phases      ] GC(176)     Dead                           Min: 0, Avg:  0.0, Max: 0, Diff: 0, Sum: 0, Workers: 6
[48.215s][debug  ][gc,phases      ] GC(176)     Total                          Min: 0, Avg:  0.0, Max: 0, Diff: 0, Sum: 0, Workers: 6
[48.215s][debug  ][gc,phases      ] GC(176)   StringDedup Requests1 Weak     Min:  0.0, Avg:  0.0, Max:  0.0, Diff:  0.0, Sum:  0.0, Workers: 6
[48.215s][debug  ][gc,phases      ] GC(176)     Dead                           Min: 0, Avg:  0.0, Max: 0, Diff: 0, Sum: 0, Workers: 6
[48.215s][debug  ][gc,phases      ] GC(176)     Total                          Min: 0, Avg:  0.0, Max: 0, Diff: 0, Sum: 0, Workers: 6
[48.215s][debug  ][gc,phases      ] GC(176)   Weak JFR Old Object Samples    Min:  0.0, Avg:  0.0, Max:  0.0, Diff:  0.0, Sum:  0.0, Workers: 6
[48.215s][debug  ][gc,phases      ] GC(176)     Dead                           Min: 0, Avg:  0.0, Max: 0, Diff: 0, Sum: 0, Workers: 6
[48.215s][debug  ][gc,phases      ] GC(176)     Total                          Min: 0, Avg:  0.0, Max: 0, Diff: 0, Sum: 0, Workers: 6
[48.215s][debug  ][gc,phases      ] GC(176) Weak Processing 0.776ms
[48.215s][debug  ][gc,ergo        ] GC(176) AdaptiveSizeStart:  collection: 177 
[48.215s][debug  ][gc,ergo        ] GC(176) avg_survived_padded_avg: 31789520.000000
[48.215s][debug  ][gc,ergo        ] GC(176) avg_promoted_padded_avg: 289163904.000000  avg_pretenured_padded_avg: 0.000000  tenuring_thresh: 15  target_size: 31981568
[48.215s][debug  ][gc,age         ] GC(176) Desired survivor size 31981568 bytes, new threshold 15 (max threshold 15)
[48.215s][debug  ][gc,ergo        ] GC(176) PSAdaptiveSizePolicy::compute_eden_space_size limits: desired_eden_size: 222827097 old_eden_size: 204472320 eden_limit: 204472320 cur_eden: 204472320 max_eden_size: 204472320 avg_young_live: 26395654
[48.215s][debug  ][gc,ergo        ] GC(176) PSAdaptiveSizePolicy::compute_eden_space_size: costs minor_time: 0.042692 major_cost: 0.052425 mutator_cost: 0.904883 throughput_goal: 0.990000
[48.215s][debug  ][gc,ergo        ] GC(176) Live_space: 1088302848 free_space: 1379926016
[48.215s][debug  ][gc,ergo        ] GC(176) Old eden_size: 204472320 desired_eden_size: 204472320
[48.215s][debug  ][gc,ergo        ] GC(176) AdaptiveSizeStop: collection: 177 
[48.215s][info   ][gc,heap        ] GC(176) PSYoungGen: 229117K(230912K)->30720K(230912K) Eden: 198397K(199680K)->0K(199680K) From: 30720K(31232K)->30720K(31232K)
[48.215s][info   ][gc,heap        ] GC(176) ParOldGen: 902756K(1835008K)->1097316K(1835008K)
[48.215s][info   ][gc,metaspace   ] GC(176) Metaspace: 1025K(1216K)->1025K(1216K) NonClass: 941K(1024K)->941K(1024K) Class: 83K(192K)->83K(192K)
[48.215s][info   ][gc             ] GC(176) Pause Young (Allocation Failure) 1105M->1101M(2017M) 17.121ms
[48.215s][info   ][gc,cpu         ] GC(176) User=0.09s Sys=0.00s Real=0.02s
[48.215s][debug  ][gc,heap        ] GC(176) Heap after GC invocations=177 (full 28):
[48.215s][debug  ][gc,heap        ] GC(176)  PSYoungGen      total 230912K, used 30720K [0x00000000f0000000, 0x0000000100000000, 0x0000000100000000)
[48.215s][debug  ][gc,heap        ] GC(176)   eden space 199680K, 0% used [0x00000000f0000000,0x00000000f0000000,0x00000000fc300000)
[48.215s][debug  ][gc,heap        ] GC(176)   from space 31232K, 98% used [0x00000000fc300000,0x00000000fe100030,0x00000000fe180000)
[48.215s][debug  ][gc,heap        ] GC(176)   to   space 31232K, 0% used [0x00000000fe180000,0x00000000fe180000,0x0000000100000000)
[48.215s][debug  ][gc,heap        ] GC(176)  ParOldGen       total 1835008K, used 1097316K [0x0000000080000000, 0x00000000f0000000, 0x00000000f0000000)
[48.215s][debug  ][gc,heap        ] GC(176)   object space 1835008K, 59% used [0x0000000080000000,0x00000000c2f991c8,0x00000000f0000000)
[48.215s][debug  ][gc,heap        ] GC(176)  Metaspace       used 1025K, committed 1216K, reserved 1056768K
[48.215s][debug  ][gc,heap        ] GC(176)   class space    used 83K, committed 192K, reserved 1048576K
[48.215s][debug  ][gc,task,time   ] GC(176) VM-Thread 481974802 482131916 482153309
[48.513s][debug  ][gc,heap        ] GC(177) Heap before GC invocations=178 (full 28):
[48.513s][debug  ][gc,heap        ] GC(177)  PSYoungGen      total 230912K, used 229145K [0x00000000f0000000, 0x0000000100000000, 0x0000000100000000)
[48.513s][debug  ][gc,heap        ] GC(177)   eden space 199680K, 99% used [0x00000000f0000000,0x00000000fc1c6488,0x00000000fc300000)
[48.513s][debug  ][gc,heap        ] GC(177)   from space 31232K, 98% used [0x00000000fc300000,0x00000000fe100030,0x00000000fe180000)
[48.513s][debug  ][gc,heap        ] GC(177)   to   space 31232K, 0% used [0x00000000fe180000,0x00000000fe180000,0x0000000100000000)
[48.513s][debug  ][gc,heap        ] GC(177)  ParOldGen       total 1835008K, used 1097316K [0x0000000080000000, 0x00000000f0000000, 0x00000000f0000000)
[48.513s][debug  ][gc,heap        ] GC(177)   object space 1835008K, 59% used [0x0000000080000000,0x00000000c2f991c8,0x00000000f0000000)
[48.513s][debug  ][gc,heap        ] GC(177)  Metaspace       used 1025K, committed 1216K, reserved 1056768K
[48.513s][debug  ][gc,heap        ] GC(177)   class space    used 83K, committed 192K, reserved 1048576K
[48.513s][debug  ][gc,tlab        ] GC(177) TLAB totals: thrds: 1  refills: 1 max: 1 slow allocs: 18 max 18 waste: 27.4% gc: 3957592B max: 3957592B slow: 0B max: 0B
[48.513s][info   ][gc,start       ] GC(177) Pause Young (Allocation Failure)
[48.513s][debug  ][gc,phases,start] GC(177) Scavenge
[48.528s][debug  ][gc,phases      ] GC(177) Scavenge 15.141ms
[48.528s][debug  ][gc,phases,start] GC(177) Reference Processing
[48.528s][debug  ][gc,ref         ] GC(177) Skipped phase 1 of Reference Processing: no references
[48.528s][debug  ][gc,ref         ] GC(177) Skipped phase 2 of Reference Processing: no references
[48.528s][debug  ][gc,ref         ] GC(177) Skipped phase 3 of Reference Processing: no references
[48.528s][debug  ][gc,ref         ] GC(177) Skipped phase 4 of Reference Processing: no references
[48.528s][debug  ][gc,phases,ref  ] GC(177) Reference Processing: 0.1ms
[48.528s][debug  ][gc,phases,ref  ] GC(177)   Reconsider SoftReferences: 0.0ms
[48.529s][debug  ][gc,phases,ref  ] GC(177)     SoftRef (ms):                  skipped
[48.529s][debug  ][gc,phases,ref  ] GC(177)   Notify Soft/WeakReferences: 0.0ms
[48.529s][debug  ][gc,phases,ref  ] GC(177)     SoftRef (ms):                  skipped
[48.529s][debug  ][gc,phases,ref  ] GC(177)     WeakRef (ms):                  skipped
[48.529s][debug  ][gc,phases,ref  ] GC(177)     FinalRef (ms):                 skipped
[48.529s][debug  ][gc,phases,ref  ] GC(177)     Total (ms):                    skipped
[48.529s][debug  ][gc,phases,ref  ] GC(177)   Notify and keep alive finalizable: 0.0ms
[48.529s][debug  ][gc,phases,ref  ] GC(177)     FinalRef (ms):                 skipped
[48.529s][debug  ][gc,phases,ref  ] GC(177)   Notify PhantomReferences: 0.0ms
[48.529s][debug  ][gc,phases,ref  ] GC(177)     PhantomRef (ms):               skipped
[48.529s][debug  ][gc,phases,ref  ] GC(177)   SoftReference:
[48.529s][debug  ][gc,phases,ref  ] GC(177)     Discovered: 0
[48.529s][debug  ][gc,phases,ref  ] GC(177)     Cleared: 0
[48.529s][debug  ][gc,phases,ref  ] GC(177)   WeakReference:
[48.529s][debug  ][gc,phases,ref  ] GC(177)     Discovered: 0
[48.529s][debug  ][gc,phases,ref  ] GC(177)     Cleared: 0
[48.529s][debug  ][gc,phases,ref  ] GC(177)   FinalReference:
[48.529s][debug  ][gc,phases,ref  ] GC(177)     Discovered: 0
[48.529s][debug  ][gc,phases,ref  ] GC(177)     Cleared: 0
[48.529s][debug  ][gc,phases,ref  ] GC(177)   PhantomReference:
[48.529s][debug  ][gc,phases,ref  ] GC(177)     Discovered: 0
[48.529s][debug  ][gc,phases,ref  ] GC(177)     Cleared: 0
[48.529s][debug  ][gc,phases      ] GC(177) Reference Processing 0.763ms
[48.529s][debug  ][gc,phases,start] GC(177) Weak Processing
[48.530s][debug  ][gc,phases      ] GC(177)   VM Weak                        Min:  0.0, Avg:  0.0, Max:  0.0, Diff:  0.0, Sum:  0.0, Workers: 6
[48.530s][debug  ][gc,phases      ] GC(177)     Dead                           Min: 0, Avg:  0.0, Max: 0, Diff: 0, Sum: 0, Workers: 6
[48.530s][debug  ][gc,phases      ] GC(177)     Total                          Min: 0, Avg:  1.3, Max: 8, Diff: 8, Sum: 8, Workers: 6
[48.530s][debug  ][gc,phases      ] GC(177)   ObjectSynchronizer Weak        Min:  0.0, Avg:  0.0, Max:  0.0, Diff:  0.0, Sum:  0.0, Workers: 6
[48.530s][debug  ][gc,phases      ] GC(177)     Dead                           Min: 0, Avg:  0.0, Max: 0, Diff: 0, Sum: 0, Workers: 6
[48.530s][debug  ][gc,phases      ] GC(177)     Total                          Min: 0, Avg:  0.5, Max: 3, Diff: 3, Sum: 3, Workers: 6
[48.530s][debug  ][gc,phases      ] GC(177)   JVMTI Tag Weak OopStorage      Min:  0.0, Avg:  0.0, Max:  0.0, Diff:  0.0, Sum:  0.0, Workers: 6
[48.530s][debug  ][gc,phases      ] GC(177)     Dead                           Min: 0, Avg:  0.0, Max: 0, Diff: 0, Sum: 0, Workers: 6
[48.530s][debug  ][gc,phases      ] GC(177)     Total                          Min: 0, Avg:  0.0, Max: 0, Diff: 0, Sum: 0, Workers: 6
[48.530s][debug  ][gc,phases      ] GC(177)   StringTable Weak               Min:  0.0, Avg:  0.0, Max:  0.0, Diff:  0.0, Sum:  0.0, Workers: 6
[48.530s][debug  ][gc,phases      ] GC(177)     Dead                           Min: 0, Avg:  0.0, Max: 0, Diff: 0, Sum: 0, Workers: 6
[48.530s][debug  ][gc,phases      ] GC(177)     Total                          Min: 0, Avg: 891.8, Max: 1343, Diff: 1343, Sum: 5351, Workers: 6
[48.530s][debug  ][gc,phases      ] GC(177)   ResolvedMethodTable Weak       Min:  0.0, Avg:  0.0, Max:  0.0, Diff:  0.0, Sum:  0.0, Workers: 6
[48.530s][debug  ][gc,phases      ] GC(177)     Dead                           Min: 0, Avg:  0.0, Max: 0, Diff: 0, Sum: 0, Workers: 6
[48.530s][debug  ][gc,phases      ] GC(177)     Total                          Min: 0, Avg: 21.7, Max: 64, Diff: 64, Sum: 130, Workers: 6
[48.530s][debug  ][gc,phases      ] GC(177)   JNI Weak                       Min:  0.0, Avg:  0.0, Max:  0.0, Diff:  0.0, Sum:  0.0, Workers: 6
[48.530s][debug  ][gc,phases      ] GC(177)     Dead                           Min: 0, Avg:  0.0, Max: 0, Diff: 0, Sum: 0, Workers: 6
[48.530s][debug  ][gc,phases      ] GC(177)     Total                          Min: 0, Avg:  0.0, Max: 0, Diff: 0, Sum: 0, Workers: 6
[48.530s][debug  ][gc,phases      ] GC(177)   StringDedup Table Weak         Min:  0.0, Avg:  0.0, Max:  0.0, Diff:  0.0, Sum:  0.0, Workers: 6
[48.530s][debug  ][gc,phases      ] GC(177)     Dead                           Min: 0, Avg:  0.0, Max: 0, Diff: 0, Sum: 0, Workers: 6
[48.530s][debug  ][gc,phases      ] GC(177)     Total                          Min: 0, Avg:  0.0, Max: 0, Diff: 0, Sum: 0, Workers: 6
[48.531s][debug  ][gc,phases      ] GC(177)   StringDedup Requests0 Weak     Min:  0.0, Avg:  0.0, Max:  0.0, Diff:  0.0, Sum:  0.0, Workers: 6
[48.531s][debug  ][gc,phases      ] GC(177)     Dead                           Min: 0, Avg:  0.0, Max: 0, Diff: 0, Sum: 0, Workers: 6
[48.531s][debug  ][gc,phases      ] GC(177)     Total                          Min: 0, Avg:  0.0, Max: 0, Diff: 0, Sum: 0, Workers: 6
[48.531s][debug  ][gc,phases      ] GC(177)   StringDedup Requests1 Weak     Min:  0.0, Avg:  0.0, Max:  0.0, Diff:  0.0, Sum:  0.0, Workers: 6
[48.531s][debug  ][gc,phases      ] GC(177)     Dead                           Min: 0, Avg:  0.0, Max: 0, Diff: 0, Sum: 0, Workers: 6
[48.531s][debug  ][gc,phases      ] GC(177)     Total                          Min: 0, Avg:  0.0, Max: 0, Diff: 0, Sum: 0, Workers: 6
[48.531s][debug  ][gc,phases      ] GC(177)   Weak JFR Old Object Samples    Min:  0.0, Avg:  0.0, Max:  0.0, Diff:  0.0, Sum:  0.0, Workers: 6
[48.531s][debug  ][gc,phases      ] GC(177)     Dead                           Min: 0, Avg:  0.0, Max: 0, Diff: 0, Sum: 0, Workers: 6
[48.531s][debug  ][gc,phases      ] GC(177)     Total                          Min: 0, Avg:  0.0, Max: 0, Diff: 0, Sum: 0, Workers: 6
[48.531s][debug  ][gc,phases      ] GC(177) Weak Processing 1.622ms
[48.531s][debug  ][gc,ergo        ] GC(177) AdaptiveSizeStart:  collection: 178 
[48.531s][debug  ][gc,ergo        ] GC(177) avg_survived_padded_avg: 31762044.000000
[48.531s][debug  ][gc,ergo        ] GC(177) avg_promoted_padded_avg: 289876992.000000  avg_pretenured_padded_avg: 0.000000  tenuring_thresh: 15  target_size: 31981568
[48.531s][debug  ][gc,age         ] GC(177) Desired survivor size 31981568 bytes, new threshold 15 (max threshold 15)
[48.531s][debug  ][gc,ergo        ] GC(177) PSAdaptiveSizePolicy::compute_eden_space_size limits: desired_eden_size: 223583855 old_eden_size: 204472320 eden_limit: 204472320 cur_eden: 204472320 max_eden_size: 204472320 avg_young_live: 26901820
[48.531s][debug  ][gc,ergo        ] GC(177) PSAdaptiveSizePolicy::compute_eden_space_size: costs minor_time: 0.045996 major_cost: 0.052425 mutator_cost: 0.901578 throughput_goal: 0.990000
[48.531s][debug  ][gc,ergo        ] GC(177) Live_space: 1088809088 free_space: 1379926016
[48.531s][debug  ][gc,ergo        ] GC(177) Old eden_size: 204472320 desired_eden_size: 204472320
[48.531s][debug  ][gc,ergo        ] GC(177) AdaptiveSizeStop: collection: 178 
[48.531s][info   ][gc,heap        ] GC(177) PSYoungGen: 229145K(230912K)->30720K(230912K) Eden: 198425K(199680K)->0K(199680K) From: 30720K(31232K)->30720K(31232K)
[48.531s][info   ][gc,heap        ] GC(177) ParOldGen: 1097316K(1835008K)->1291876K(1835008K)
[48.531s][info   ][gc,metaspace   ] GC(177) Metaspace: 1025K(1216K)->1025K(1216K) NonClass: 941K(1024K)->941K(1024K) Class: 83K(192K)->83K(192K)
[48.531s][info   ][gc             ] GC(177) Pause Young (Allocation Failure) 1295M->1291M(2017M) 18.024ms
[48.531s][info   ][gc,cpu         ] GC(177) User=0.09s Sys=0.00s Real=0.02s
[48.531s][debug  ][gc,heap        ] GC(177) Heap after GC invocations=178 (full 28):
[48.531s][debug  ][gc,heap        ] GC(177)  PSYoungGen      total 230912K, used 30720K [0x00000000f0000000, 0x0000000100000000, 0x0000000100000000)
[48.531s][debug  ][gc,heap        ] GC(177)   eden space 199680K, 0% used [0x00000000f0000000,0x00000000f0000000,0x00000000fc300000)
[48.531s][debug  ][gc,heap        ] GC(177)   from space 31232K, 98% used [0x00000000fe180000,0x00000000fff80030,0x0000000100000000)
[48.531s][debug  ][gc,heap        ] GC(177)   to   space 31232K, 0% used [0x00000000fc300000,0x00000000fc300000,0x00000000fe180000)
[48.531s][debug  ][gc,heap        ] GC(177)  ParOldGen       total 1835008K, used 1291876K [0x0000000080000000, 0x00000000f0000000, 0x00000000f0000000)
[48.531s][debug  ][gc,heap        ] GC(177)   object space 1835008K, 70% used [0x0000000080000000,0x00000000ced992f8,0x00000000f0000000)
[48.531s][debug  ][gc,heap        ] GC(177)  Metaspace       used 1025K, committed 1216K, reserved 1056768K
[48.531s][debug  ][gc,heap        ] GC(177)   class space    used 83K, committed 192K, reserved 1048576K
[48.531s][debug  ][gc,task,time   ] GC(177) VM-Thread 485125676 485282881 485312702
[48.831s][debug  ][gc,heap        ] GC(178) Heap before GC invocations=179 (full 28):
[48.831s][debug  ][gc,heap        ] GC(178)  PSYoungGen      total 230912K, used 229163K [0x00000000f0000000, 0x0000000100000000, 0x0000000100000000)
[48.831s][debug  ][gc,heap        ] GC(178)   eden space 199680K, 99% used [0x00000000f0000000,0x00000000fc1cabe8,0x00000000fc300000)
[48.831s][debug  ][gc,heap        ] GC(178)   from space 31232K, 98% used [0x00000000fe180000,0x00000000fff80030,0x0000000100000000)
[48.831s][debug  ][gc,heap        ] GC(178)   to   space 31232K, 0% used [0x00000000fc300000,0x00000000fc300000,0x00000000fe180000)
[48.831s][debug  ][gc,heap        ] GC(178)  ParOldGen       total 1835008K, used 1291876K [0x0000000080000000, 0x00000000f0000000, 0x00000000f0000000)
[48.831s][debug  ][gc,heap        ] GC(178)   object space 1835008K, 70% used [0x0000000080000000,0x00000000ced992f8,0x00000000f0000000)
[48.831s][debug  ][gc,heap        ] GC(178)  Metaspace       used 1025K, committed 1216K, reserved 1056768K
[48.832s][debug  ][gc,heap        ] GC(178)   class space    used 83K, committed 192K, reserved 1048576K
[48.832s][debug  ][gc,tlab        ] GC(178) TLAB totals: thrds: 1  refills: 1 max: 1 slow allocs: 18 max 18 waste: 27.5% gc: 3975864B max: 3975864B slow: 0B max: 0B
[48.832s][info   ][gc,start       ] GC(178) Pause Young (Allocation Failure)
[48.832s][debug  ][gc,phases,start] GC(178) Scavenge
[48.847s][debug  ][gc,phases      ] GC(178) Scavenge 15.572ms
[48.847s][debug  ][gc,phases,start] GC(178) Reference Processing
[48.847s][debug  ][gc,ref         ] GC(178) Skipped phase 1 of Reference Processing: no references
[48.847s][debug  ][gc,ref         ] GC(178) Skipped phase 2 of Reference Processing: no references
[48.847s][debug  ][gc,ref         ] GC(178) Skipped phase 3 of Reference Processing: no references
[48.847s][debug  ][gc,ref         ] GC(178) Skipped phase 4 of Reference Processing: no references
[48.847s][debug  ][gc,phases,ref  ] GC(178) Reference Processing: 0.1ms
[48.847s][debug  ][gc,phases,ref  ] GC(178)   Reconsider SoftReferences: 0.0ms
[48.847s][debug  ][gc,phases,ref  ] GC(178)     SoftRef (ms):                  skipped
[48.847s][debug  ][gc,phases,ref  ] GC(178)   Notify Soft/WeakReferences: 0.0ms
[48.848s][debug  ][gc,phases,ref  ] GC(178)     SoftRef (ms):                  skipped
[48.848s][debug  ][gc,phases,ref  ] GC(178)     WeakRef (ms):                  skipped
[48.848s][debug  ][gc,phases,ref  ] GC(178)     FinalRef (ms):                 skipped
[48.848s][debug  ][gc,phases,ref  ] GC(178)     Total (ms):                    skipped
[48.848s][debug  ][gc,phases,ref  ] GC(178)   Notify and keep alive finalizable: 0.0ms
[48.848s][debug  ][gc,phases,ref  ] GC(178)     FinalRef (ms):                 skipped
[48.848s][debug  ][gc,phases,ref  ] GC(178)   Notify PhantomReferences: 0.0ms
[48.848s][debug  ][gc,phases,ref  ] GC(178)     PhantomRef (ms):               skipped
[48.848s][debug  ][gc,phases,ref  ] GC(178)   SoftReference:
[48.848s][debug  ][gc,phases,ref  ] GC(178)     Discovered: 0
[48.848s][debug  ][gc,phases,ref  ] GC(178)     Cleared: 0
[48.848s][debug  ][gc,phases,ref  ] GC(178)   WeakReference:
[48.848s][debug  ][gc,phases,ref  ] GC(178)     Discovered: 0
[48.848s][debug  ][gc,phases,ref  ] GC(178)     Cleared: 0
[48.848s][debug  ][gc,phases,ref  ] GC(178)   FinalReference:
[48.848s][debug  ][gc,phases,ref  ] GC(178)     Discovered: 0
[48.848s][debug  ][gc,phases,ref  ] GC(178)     Cleared: 0
[48.848s][debug  ][gc,phases,ref  ] GC(178)   PhantomReference:
[48.848s][debug  ][gc,phases,ref  ] GC(178)     Discovered: 0
[48.848s][debug  ][gc,phases,ref  ] GC(178)     Cleared: 0
[48.848s][debug  ][gc,phases      ] GC(178) Reference Processing 0.590ms
[48.848s][debug  ][gc,phases,start] GC(178) Weak Processing
[48.848s][debug  ][gc,phases      ] GC(178)   VM Weak                        Min:  0.0, Avg:  0.0, Max:  0.0, Diff:  0.0, Sum:  0.0, Workers: 6
[48.848s][debug  ][gc,phases      ] GC(178)     Dead                           Min: 0, Avg:  0.0, Max: 0, Diff: 0, Sum: 0, Workers: 6
[48.848s][debug  ][gc,phases      ] GC(178)     Total                          Min: 0, Avg:  1.3, Max: 8, Diff: 8, Sum: 8, Workers: 6
[48.848s][debug  ][gc,phases      ] GC(178)   ObjectSynchronizer Weak        Min:  0.0, Avg:  0.0, Max:  0.0, Diff:  0.0, Sum:  0.0, Workers: 6
[48.848s][debug  ][gc,phases      ] GC(178)     Dead                           Min: 0, Avg:  0.0, Max: 0, Diff: 0, Sum: 0, Workers: 6
[48.848s][debug  ][gc,phases      ] GC(178)     Total                          Min: 0, Avg:  0.5, Max: 3, Diff: 3, Sum: 3, Workers: 6
[48.848s][debug  ][gc,phases      ] GC(178)   JVMTI Tag Weak OopStorage      Min:  0.0, Avg:  0.0, Max:  0.0, Diff:  0.0, Sum:  0.0, Workers: 6
[48.848s][debug  ][gc,phases      ] GC(178)     Dead                           Min: 0, Avg:  0.0, Max: 0, Diff: 0, Sum: 0, Workers: 6
[48.848s][debug  ][gc,phases      ] GC(178)     Total                          Min: 0, Avg:  0.0, Max: 0, Diff: 0, Sum: 0, Workers: 6
[48.848s][debug  ][gc,phases      ] GC(178)   StringTable Weak               Min:  0.0, Avg:  0.0, Max:  0.0, Diff:  0.0, Sum:  0.0, Workers: 6
[48.848s][debug  ][gc,phases      ] GC(178)     Dead                           Min: 0, Avg:  0.0, Max: 0, Diff: 0, Sum: 0, Workers: 6
[48.848s][debug  ][gc,phases      ] GC(178)     Total                          Min: 703, Avg: 891.8, Max: 1064, Diff: 361, Sum: 5351, Workers: 6
[48.848s][debug  ][gc,phases      ] GC(178)   ResolvedMethodTable Weak       Min:  0.0, Avg:  0.0, Max:  0.0, Diff:  0.0, Sum:  0.0, Workers: 6
[48.848s][debug  ][gc,phases      ] GC(178)     Dead                           Min: 0, Avg:  0.0, Max: 0, Diff: 0, Sum: 0, Workers: 6
[48.848s][debug  ][gc,phases      ] GC(178)     Total                          Min: 0, Avg: 21.7, Max: 64, Diff: 64, Sum: 130, Workers: 6
[48.848s][debug  ][gc,phases      ] GC(178)   JNI Weak                       Min:  0.0, Avg:  0.0, Max:  0.0, Diff:  0.0, Sum:  0.0, Workers: 6
[48.848s][debug  ][gc,phases      ] GC(178)     Dead                           Min: 0, Avg:  0.0, Max: 0, Diff: 0, Sum: 0, Workers: 6
[48.848s][debug  ][gc,phases      ] GC(178)     Total                          Min: 0, Avg:  0.0, Max: 0, Diff: 0, Sum: 0, Workers: 6
[48.848s][debug  ][gc,phases      ] GC(178)   StringDedup Table Weak         Min:  0.0, Avg:  0.0, Max:  0.0, Diff:  0.0, Sum:  0.0, Workers: 6
[48.849s][debug  ][gc,phases      ] GC(178)     Dead                           Min: 0, Avg:  0.0, Max: 0, Diff: 0, Sum: 0, Workers: 6
[48.849s][debug  ][gc,phases      ] GC(178)     Total                          Min: 0, Avg:  0.0, Max: 0, Diff: 0, Sum: 0, Workers: 6
[48.849s][debug  ][gc,phases      ] GC(178)   StringDedup Requests0 Weak     Min:  0.0, Avg:  0.0, Max:  0.0, Diff:  0.0, Sum:  0.0, Workers: 6
[48.849s][debug  ][gc,phases      ] GC(178)     Dead                           Min: 0, Avg:  0.0, Max: 0, Diff: 0, Sum: 0, Workers: 6
[48.849s][debug  ][gc,phases      ] GC(178)     Total                          Min: 0, Avg:  0.0, Max: 0, Diff: 0, Sum: 0, Workers: 6
[48.849s][debug  ][gc,phases      ] GC(178)   StringDedup Requests1 Weak     Min:  0.0, Avg:  0.0, Max:  0.0, Diff:  0.0, Sum:  0.0, Workers: 6
[48.849s][debug  ][gc,phases      ] GC(178)     Dead                           Min: 0, Avg:  0.0, Max: 0, Diff: 0, Sum: 0, Workers: 6
[48.849s][debug  ][gc,phases      ] GC(178)     Total                          Min: 0, Avg:  0.0, Max: 0, Diff: 0, Sum: 0, Workers: 6
[48.849s][debug  ][gc,phases      ] GC(178)   Weak JFR Old Object Samples    Min:  0.0, Avg:  0.0, Max:  0.0, Diff:  0.0, Sum:  0.0, Workers: 6
[48.849s][debug  ][gc,phases      ] GC(178)     Dead                           Min: 0, Avg:  0.0, Max: 0, Diff: 0, Sum: 0, Workers: 6
[48.849s][debug  ][gc,phases      ] GC(178)     Total                          Min: 0, Avg:  0.0, Max: 0, Diff: 0, Sum: 0, Workers: 6
[48.849s][debug  ][gc,phases      ] GC(178) Weak Processing 0.813ms
[48.849s][debug  ][gc,ergo        ] GC(178) AdaptiveSizeStart:  collection: 179 
[48.849s][debug  ][gc,ergo        ] GC(178) avg_survived_padded_avg: 31736738.000000
[48.849s][debug  ][gc,ergo        ] GC(178) avg_promoted_padded_avg: 289548128.000000  avg_pretenured_padded_avg: 0.000000  tenuring_thresh: 15  target_size: 31981568
[48.849s][debug  ][gc,age         ] GC(178) Desired survivor size 31981568 bytes, new threshold 15 (max threshold 15)
[48.849s][debug  ][gc,ergo        ] GC(178) PSAdaptiveSizePolicy::compute_eden_space_size limits: desired_eden_size: 224006836 old_eden_size: 204472320 eden_limit: 204472320 cur_eden: 204472320 max_eden_size: 204472320 avg_young_live: 27357370
[48.849s][debug  ][gc,ergo        ] GC(178) PSAdaptiveSizePolicy::compute_eden_space_size: costs minor_time: 0.047945 major_cost: 0.052425 mutator_cost: 0.899629 throughput_goal: 0.990000
[48.849s][debug  ][gc,ergo        ] GC(178) Live_space: 1089264640 free_space: 1379926016
[48.849s][debug  ][gc,ergo        ] GC(178) Old eden_size: 204472320 desired_eden_size: 204472320
[48.849s][debug  ][gc,ergo        ] GC(178) AdaptiveSizeStop: collection: 179 
[48.849s][info   ][gc,heap        ] GC(178) PSYoungGen: 229163K(230912K)->30720K(230912K) Eden: 198442K(199680K)->0K(199680K) From: 30720K(31232K)->30720K(31232K)
[48.849s][info   ][gc,heap        ] GC(178) ParOldGen: 1291876K(1835008K)->1486437K(1835008K)
[48.849s][info   ][gc,metaspace   ] GC(178) Metaspace: 1025K(1216K)->1025K(1216K) NonClass: 941K(1024K)->941K(1024K) Class: 83K(192K)->83K(192K)
[48.849s][info   ][gc             ] GC(178) Pause Young (Allocation Failure) 1485M->1481M(2017M) 17.455ms
[48.849s][info   ][gc,cpu         ] GC(178) User=0.09s Sys=0.00s Real=0.02s
[48.849s][debug  ][gc,heap        ] GC(178) Heap after GC invocations=179 (full 28):
[48.849s][debug  ][gc,heap        ] GC(178)  PSYoungGen      total 230912K, used 30720K [0x00000000f0000000, 0x0000000100000000, 0x0000000100000000)
[48.849s][debug  ][gc,heap        ] GC(178)   eden space 199680K, 0% used [0x00000000f0000000,0x00000000f0000000,0x00000000fc300000)
[48.849s][debug  ][gc,heap        ] GC(178)   from space 31232K, 98% used [0x00000000fc300000,0x00000000fe100030,0x00000000fe180000)
[48.849s][debug  ][gc,heap        ] GC(178)   to   space 31232K, 0% used [0x00000000fe180000,0x00000000fe180000,0x0000000100000000)
[48.849s][debug  ][gc,heap        ] GC(178)  ParOldGen       total 1835008K, used 1486437K [0x0000000080000000, 0x00000000f0000000, 0x00000000f0000000)
[48.849s][debug  ][gc,heap        ] GC(178)   object space 1835008K, 81% used [0x0000000080000000,0x00000000dab99428,0x00000000f0000000)
[48.849s][debug  ][gc,heap        ] GC(178)  Metaspace       used 1025K, committed 1216K, reserved 1056768K
[48.849s][debug  ][gc,heap        ] GC(178)   class space    used 83K, committed 192K, reserved 1048576K
[48.849s][debug  ][gc,task,time   ] GC(178) VM-Thread 488312191 488473054 488493593
[49.142s][debug  ][gc,heap        ] GC(179) Heap before GC invocations=180 (full 28):
[49.142s][debug  ][gc,heap        ] GC(179)  PSYoungGen      total 230912K, used 229174K [0x00000000f0000000, 0x0000000100000000, 0x0000000100000000)
[49.142s][debug  ][gc,heap        ] GC(179)   eden space 199680K, 99% used [0x00000000f0000000,0x00000000fc1cd9c8,0x00000000fc300000)
[49.143s][debug  ][gc,heap        ] GC(179)   from space 31232K, 98% used [0x00000000fc300000,0x00000000fe100030,0x00000000fe180000)
[49.143s][debug  ][gc,heap        ] GC(179)   to   space 31232K, 0% used [0x00000000fe180000,0x00000000fe180000,0x0000000100000000)
[49.143s][debug  ][gc,heap        ] GC(179)  ParOldGen       total 1835008K, used 1486437K [0x0000000080000000, 0x00000000f0000000, 0x00000000f0000000)
[49.143s][debug  ][gc,heap        ] GC(179)   object space 1835008K, 81% used [0x0000000080000000,0x00000000dab99428,0x00000000f0000000)
[49.143s][debug  ][gc,heap        ] GC(179)  Metaspace       used 1025K, committed 1216K, reserved 1056768K
[49.143s][debug  ][gc,heap        ] GC(179)   class space    used 83K, committed 192K, reserved 1048576K
[49.143s][debug  ][gc,tlab        ] GC(179) TLAB totals: thrds: 1  refills: 1 max: 1 slow allocs: 18 max 18 waste: 27.6% gc: 3987608B max: 3987608B slow: 0B max: 0B
[49.143s][info   ][gc,start       ] GC(179) Pause Young (Allocation Failure)
[49.143s][debug  ][gc,phases,start] GC(179) Scavenge
[49.158s][debug  ][gc,phases      ] GC(179) Scavenge 15.705ms
[49.159s][debug  ][gc,phases,start] GC(179) Reference Processing
[49.159s][debug  ][gc,ref         ] GC(179) Skipped phase 1 of Reference Processing: no references
[49.159s][debug  ][gc,ref         ] GC(179) Skipped phase 2 of Reference Processing: no references
[49.159s][debug  ][gc,ref         ] GC(179) Skipped phase 3 of Reference Processing: no references
[49.159s][debug  ][gc,ref         ] GC(179) Skipped phase 4 of Reference Processing: no references
[49.159s][debug  ][gc,phases,ref  ] GC(179) Reference Processing: 0.1ms
[49.159s][debug  ][gc,phases,ref  ] GC(179)   Reconsider SoftReferences: 0.0ms
[49.159s][debug  ][gc,phases,ref  ] GC(179)     SoftRef (ms):                  skipped
[49.159s][debug  ][gc,phases,ref  ] GC(179)   Notify Soft/WeakReferences: 0.0ms
[49.159s][debug  ][gc,phases,ref  ] GC(179)     SoftRef (ms):                  skipped
[49.159s][debug  ][gc,phases,ref  ] GC(179)     WeakRef (ms):                  skipped
[49.159s][debug  ][gc,phases,ref  ] GC(179)     FinalRef (ms):                 skipped
[49.159s][debug  ][gc,phases,ref  ] GC(179)     Total (ms):                    skipped
[49.159s][debug  ][gc,phases,ref  ] GC(179)   Notify and keep alive finalizable: 0.0ms
[49.159s][debug  ][gc,phases,ref  ] GC(179)     FinalRef (ms):                 skipped
[49.159s][debug  ][gc,phases,ref  ] GC(179)   Notify PhantomReferences: 0.0ms
[49.159s][debug  ][gc,phases,ref  ] GC(179)     PhantomRef (ms):               skipped
[49.159s][debug  ][gc,phases,ref  ] GC(179)   SoftReference:
[49.159s][debug  ][gc,phases,ref  ] GC(179)     Discovered: 0
[49.159s][debug  ][gc,phases,ref  ] GC(179)     Cleared: 0
[49.159s][debug  ][gc,phases,ref  ] GC(179)   WeakReference:
[49.159s][debug  ][gc,phases,ref  ] GC(179)     Discovered: 0
[49.159s][debug  ][gc,phases,ref  ] GC(179)     Cleared: 0
[49.159s][debug  ][gc,phases,ref  ] GC(179)   FinalReference:
[49.159s][debug  ][gc,phases,ref  ] GC(179)     Discovered: 0
[49.159s][debug  ][gc,phases,ref  ] GC(179)     Cleared: 0
[49.159s][debug  ][gc,phases,ref  ] GC(179)   PhantomReference:
[49.159s][debug  ][gc,phases,ref  ] GC(179)     Discovered: 0
[49.159s][debug  ][gc,phases,ref  ] GC(179)     Cleared: 0
[49.159s][debug  ][gc,phases      ] GC(179) Reference Processing 0.758ms
[49.159s][debug  ][gc,phases,start] GC(179) Weak Processing
[49.159s][debug  ][gc,phases      ] GC(179)   VM Weak                        Min:  0.0, Avg:  0.0, Max:  0.0, Diff:  0.0, Sum:  0.0, Workers: 6
[49.159s][debug  ][gc,phases      ] GC(179)     Dead                           Min: 0, Avg:  0.0, Max: 0, Diff: 0, Sum: 0, Workers: 6
[49.159s][debug  ][gc,phases      ] GC(179)     Total                          Min: 0, Avg:  1.3, Max: 8, Diff: 8, Sum: 8, Workers: 6
[49.159s][debug  ][gc,phases      ] GC(179)   ObjectSynchronizer Weak        Min:  0.0, Avg:  0.0, Max:  0.0, Diff:  0.0, Sum:  0.0, Workers: 6
[49.160s][debug  ][gc,phases      ] GC(179)     Dead                           Min: 0, Avg:  0.0, Max: 0, Diff: 0, Sum: 0, Workers: 6
[49.160s][debug  ][gc,phases      ] GC(179)     Total                          Min: 0, Avg:  0.5, Max: 3, Diff: 3, Sum: 3, Workers: 6
[49.160s][debug  ][gc,phases      ] GC(179)   JVMTI Tag Weak OopStorage      Min:  0.0, Avg:  0.0, Max:  0.0, Diff:  0.0, Sum:  0.0, Workers: 6
[49.160s][debug  ][gc,phases      ] GC(179)     Dead                           Min: 0, Avg:  0.0, Max: 0, Diff: 0, Sum: 0, Workers: 6
[49.160s][debug  ][gc,phases      ] GC(179)     Total                          Min: 0, Avg:  0.0, Max: 0, Diff: 0, Sum: 0, Workers: 6
[49.160s][debug  ][gc,phases      ] GC(179)   StringTable Weak               Min:  0.0, Avg:  0.0, Max:  0.0, Diff:  0.0, Sum:  0.0, Workers: 6
[49.160s][debug  ][gc,phases      ] GC(179)     Dead                           Min: 0, Avg:  0.0, Max: 0, Diff: 0, Sum: 0, Workers: 6
[49.160s][debug  ][gc,phases      ] GC(179)     Total                          Min: 831, Avg: 891.8, Max: 960, Diff: 129, Sum: 5351, Workers: 6
[49.160s][debug  ][gc,phases      ] GC(179)   ResolvedMethodTable Weak       Min:  0.0, Avg:  0.0, Max:  0.0, Diff:  0.0, Sum:  0.0, Workers: 6
[49.160s][debug  ][gc,phases      ] GC(179)     Dead                           Min: 0, Avg:  0.0, Max: 0, Diff: 0, Sum: 0, Workers: 6
[49.160s][debug  ][gc,phases      ] GC(179)     Total                          Min: 0, Avg: 21.7, Max: 64, Diff: 64, Sum: 130, Workers: 6
[49.160s][debug  ][gc,phases      ] GC(179)   JNI Weak                       Min:  0.0, Avg:  0.0, Max:  0.0, Diff:  0.0, Sum:  0.0, Workers: 6
[49.160s][debug  ][gc,phases      ] GC(179)     Dead                           Min: 0, Avg:  0.0, Max: 0, Diff: 0, Sum: 0, Workers: 6
[49.160s][debug  ][gc,phases      ] GC(179)     Total                          Min: 0, Avg:  0.0, Max: 0, Diff: 0, Sum: 0, Workers: 6
[49.160s][debug  ][gc,phases      ] GC(179)   StringDedup Table Weak         Min:  0.0, Avg:  0.0, Max:  0.0, Diff:  0.0, Sum:  0.0, Workers: 6
[49.160s][debug  ][gc,phases      ] GC(179)     Dead                           Min: 0, Avg:  0.0, Max: 0, Diff: 0, Sum: 0, Workers: 6
[49.160s][debug  ][gc,phases      ] GC(179)     Total                          Min: 0, Avg:  0.0, Max: 0, Diff: 0, Sum: 0, Workers: 6
[49.160s][debug  ][gc,phases      ] GC(179)   StringDedup Requests0 Weak     Min:  0.0, Avg:  0.0, Max:  0.0, Diff:  0.0, Sum:  0.0, Workers: 6
