[0.004s][warning][gc] -XX:+PrintGCDetails is deprecated. Will use -Xlog:gc* instead.
[0.010s][debug  ][gc,heap] Minimum heap 536870912  Initial heap 536870912  Maximum heap 1073741824
[0.011s][info   ][gc     ] Using Parallel
[0.011s][debug  ][gc,heap,coops] Heap address: 0x00000000c0000000, size: 1024 MB, Compressed Oops mode: 32-bit
[0.012s][info   ][gc,init      ] Version: 17.0.2+8-86 (release)
[0.012s][info   ][gc,init      ] CPUs: 12 total, 12 available
[0.012s][info   ][gc,init      ] Memory: 14188M
[0.012s][info   ][gc,init      ] Large Page Support: Disabled
[0.012s][info   ][gc,init      ] NUMA Support: Disabled
[0.012s][info   ][gc,init      ] Compressed Oops: Enabled (32-bit)
[0.012s][info   ][gc,init      ] Alignments: Space 512K, Generation 512K, Heap 2M
[0.012s][info   ][gc,init      ] Heap Min Capacity: 512M
[0.012s][info   ][gc,init      ] Heap Initial Capacity: 512M
[0.012s][info   ][gc,init      ] Heap Max Capacity: 1G
[0.012s][info   ][gc,init      ] Pre-touch: Disabled
[0.012s][info   ][gc,init      ] Parallel Workers: 10
[0.013s][info   ][gc,metaspace ] CDS archive(s) mapped at: [0x0000000800000000-0x0000000800bc0000-0x0000000800bc0000), size 12320768, SharedBaseAddress: 0x0000000800000000, ArchiveRelocationMode: 0.
[0.013s][info   ][gc,metaspace ] Compressed class space mapped at: 0x0000000800c00000-0x0000000840c00000, reserved size: 1073741824
[0.013s][info   ][gc,metaspace ] Narrow klass base: 0x0000000800000000, Narrow klass shift: 0, Narrow klass range: 0x100000000
[2.778s][debug  ][gc,heap      ] GC(0) Heap before GC invocations=1 (full 0):
[2.778s][debug  ][gc,heap      ] GC(0)  PSYoungGen      total 229376K, used 195791K [0x00000000f0000000, 0x0000000100000000, 0x0000000100000000)
[2.778s][debug  ][gc,heap      ] GC(0)   eden space 196608K, 99% used [0x00000000f0000000,0x00000000fbf33fc8,0x00000000fc000000)
[2.778s][debug  ][gc,heap      ] GC(0)   from space 32768K, 0% used [0x00000000fe000000,0x00000000fe000000,0x0000000100000000)
[2.778s][debug  ][gc,heap      ] GC(0)   to   space 32768K, 0% used [0x00000000fc000000,0x00000000fc000000,0x00000000fe000000)
[2.778s][debug  ][gc,heap      ] GC(0)  ParOldGen       total 262144K, used 0K [0x00000000c0000000, 0x00000000d0000000, 0x00000000f0000000)
[2.778s][debug  ][gc,heap      ] GC(0)   object space 262144K, 0% used [0x00000000c0000000,0x00000000c0000000,0x00000000d0000000)
[2.778s][debug  ][gc,heap      ] GC(0)  Metaspace       used 1020K, committed 1216K, reserved 1056768K
[2.778s][debug  ][gc,heap      ] GC(0)   class space    used 83K, committed 192K, reserved 1048576K
[2.778s][debug  ][gc,tlab      ] GC(0) TLAB totals: thrds: 5  refills: 5 max: 1 slow allocs: 173 max 173 waste: 76.1% gc: 15313376B max: 4026448B slow: 0B max: 0B
[2.778s][info   ][gc,start     ] GC(0) Pause Young (Allocation Failure)
[2.778s][debug  ][gc,phases,start] GC(0) Scavenge
[2.792s][debug  ][gc,phases      ] GC(0) Scavenge 13.711ms
[2.792s][debug  ][gc,phases,start] GC(0) Reference Processing
[2.792s][debug  ][gc,ref         ] GC(0) Skipped phase 1 of Reference Processing: no references
[2.792s][debug  ][gc,ref         ] GC(0) ReferenceProcessor::execute queues: 1, RefProcThreadModel::Single, marks_oops_alive: false
[2.792s][debug  ][gc,ref         ] GC(0) Skipped phase 3 of Reference Processing: no references
[2.792s][debug  ][gc,ref         ] GC(0) ReferenceProcessor::execute queues: 1, RefProcThreadModel::Single, marks_oops_alive: false
[2.792s][debug  ][gc,phases,ref  ] GC(0) Reference Processing: 0.1ms
[2.792s][debug  ][gc,phases,ref  ] GC(0)   Reconsider SoftReferences: 0.0ms
[2.792s][debug  ][gc,phases,ref  ] GC(0)     SoftRef (ms):                  skipped
[2.793s][debug  ][gc,phases,ref  ] GC(0)   Notify Soft/WeakReferences: 0.0ms
[2.793s][debug  ][gc,phases,ref  ] GC(0)     SoftRef (ms):                  Min:  0.0, Avg:  0.0, Max:  0.0, Diff:  0.0, Sum:  0.0, Workers: 10
[2.793s][debug  ][gc,phases,ref  ] GC(0)     WeakRef (ms):                  Min:  0.0, Avg:  0.0, Max:  0.0, Diff:  0.0, Sum:  0.0, Workers: 10
[2.793s][debug  ][gc,phases,ref  ] GC(0)     FinalRef (ms):                 Min:  0.0, Avg:  0.0, Max:  0.0, Diff:  0.0, Sum:  0.0, Workers: 10
[2.793s][debug  ][gc,phases,ref  ] GC(0)     Total (ms):                    Min:  0.0, Avg:  0.0, Max:  0.0, Diff:  0.0, Sum:  0.0, Workers: 10
[2.793s][debug  ][gc,phases,ref  ] GC(0)   Notify and keep alive finalizable: 0.0ms
[2.793s][debug  ][gc,phases,ref  ] GC(0)     FinalRef (ms):                 skipped
[2.793s][debug  ][gc,phases,ref  ] GC(0)   Notify PhantomReferences: 0.0ms
[2.793s][debug  ][gc,phases,ref  ] GC(0)     PhantomRef (ms):               Min:  0.0, Avg:  0.0, Max:  0.0, Diff:  0.0, Sum:  0.0, Workers: 10
[2.793s][debug  ][gc,phases,ref  ] GC(0)   SoftReference:
[2.793s][debug  ][gc,phases,ref  ] GC(0)     Discovered: 0
[2.793s][debug  ][gc,phases,ref  ] GC(0)     Cleared: 0
[2.793s][debug  ][gc,phases,ref  ] GC(0)   WeakReference:
[2.793s][debug  ][gc,phases,ref  ] GC(0)     Discovered: 150
[2.793s][debug  ][gc,phases,ref  ] GC(0)     Cleared: 106
[2.793s][debug  ][gc,phases,ref  ] GC(0)   FinalReference:
[2.793s][debug  ][gc,phases,ref  ] GC(0)     Discovered: 0
[2.793s][debug  ][gc,phases,ref  ] GC(0)     Cleared: 0
[2.793s][debug  ][gc,phases,ref  ] GC(0)   PhantomReference:
[2.793s][debug  ][gc,phases,ref  ] GC(0)     Discovered: 35
[2.793s][debug  ][gc,phases,ref  ] GC(0)     Cleared: 5
[2.793s][debug  ][gc,phases      ] GC(0) Reference Processing 0.905ms
[2.793s][debug  ][gc,phases,start] GC(0) Weak Processing
[2.793s][debug  ][gc,phases      ] GC(0)   VM Weak                        Min:  0.0, Avg:  0.0, Max:  0.0, Diff:  0.0, Sum:  0.0, Workers: 6
[2.793s][debug  ][gc,phases      ] GC(0)     Dead                           Min: 0, Avg:  0.0, Max: 0, Diff: 0, Sum: 0, Workers: 6
[2.793s][debug  ][gc,phases      ] GC(0)     Total                          Min: 0, Avg:  1.3, Max: 8, Diff: 8, Sum: 8, Workers: 6
[2.793s][debug  ][gc,phases      ] GC(0)   ObjectSynchronizer Weak        Min:  0.0, Avg:  0.0, Max:  0.0, Diff:  0.0, Sum:  0.0, Workers: 6
[2.793s][debug  ][gc,phases      ] GC(0)     Dead                           Min: 0, Avg:  0.0, Max: 0, Diff: 0, Sum: 0, Workers: 6
[2.793s][debug  ][gc,phases      ] GC(0)     Total                          Min: 0, Avg:  0.5, Max: 3, Diff: 3, Sum: 3, Workers: 6
[2.794s][debug  ][gc,phases      ] GC(0)   JVMTI Tag Weak OopStorage      Min:  0.0, Avg:  0.0, Max:  0.0, Diff:  0.0, Sum:  0.0, Workers: 6
[2.794s][debug  ][gc,phases      ] GC(0)     Dead                           Min: 0, Avg:  0.0, Max: 0, Diff: 0, Sum: 0, Workers: 6
[2.794s][debug  ][gc,phases      ] GC(0)     Total                          Min: 0, Avg:  0.0, Max: 0, Diff: 0, Sum: 0, Workers: 6
[2.794s][debug  ][gc,phases      ] GC(0)   StringTable Weak               Min:  0.0, Avg:  0.0, Max:  0.0, Diff:  0.0, Sum:  0.3, Workers: 6
[2.794s][debug  ][gc,phases      ] GC(0)     Dead                           Min: 0, Avg:  0.8, Max: 3, Diff: 3, Sum: 5, Workers: 6
[2.794s][debug  ][gc,phases      ] GC(0)     Total                          Min: 512, Avg: 892.8, Max: 1344, Diff: 832, Sum: 5357, Workers: 6
[2.794s][debug  ][gc,phases      ] GC(0)   ResolvedMethodTable Weak       Min:  0.0, Avg:  0.0, Max:  0.0, Diff:  0.0, Sum:  0.0, Workers: 6
[2.794s][debug  ][gc,phases      ] GC(0)     Dead                           Min: 0, Avg:  0.2, Max: 1, Diff: 1, Sum: 1, Workers: 6
[2.794s][debug  ][gc,phases      ] GC(0)     Total                          Min: 0, Avg: 21.7, Max: 64, Diff: 64, Sum: 130, Workers: 6
[2.794s][debug  ][gc,phases      ] GC(0)   JNI Weak                       Min:  0.0, Avg:  0.0, Max:  0.0, Diff:  0.0, Sum:  0.0, Workers: 6
[2.794s][debug  ][gc,phases      ] GC(0)     Dead                           Min: 0, Avg:  0.0, Max: 0, Diff: 0, Sum: 0, Workers: 6
[2.794s][debug  ][gc,phases      ] GC(0)     Total                          Min: 0, Avg:  0.0, Max: 0, Diff: 0, Sum: 0, Workers: 6
[2.794s][debug  ][gc,phases      ] GC(0)   StringDedup Table Weak         Min:  0.0, Avg:  0.0, Max:  0.0, Diff:  0.0, Sum:  0.0, Workers: 6
[2.794s][debug  ][gc,phases      ] GC(0)     Dead                           Min: 0, Avg:  0.0, Max: 0, Diff: 0, Sum: 0, Workers: 6
[2.794s][debug  ][gc,phases      ] GC(0)     Total                          Min: 0, Avg:  0.0, Max: 0, Diff: 0, Sum: 0, Workers: 6
[2.794s][debug  ][gc,phases      ] GC(0)   StringDedup Requests0 Weak     Min:  0.0, Avg:  0.0, Max:  0.0, Diff:  0.0, Sum:  0.0, Workers: 6
[2.794s][debug  ][gc,phases      ] GC(0)     Dead                           Min: 0, Avg:  0.0, Max: 0, Diff: 0, Sum: 0, Workers: 6
[2.794s][debug  ][gc,phases      ] GC(0)     Total                          Min: 0, Avg:  0.0, Max: 0, Diff: 0, Sum: 0, Workers: 6
[2.794s][debug  ][gc,phases      ] GC(0)   StringDedup Requests1 Weak     Min:  0.0, Avg:  0.0, Max:  0.0, Diff:  0.0, Sum:  0.0, Workers: 6
[2.794s][debug  ][gc,phases      ] GC(0)     Dead                           Min: 0, Avg:  0.0, Max: 0, Diff: 0, Sum: 0, Workers: 6
[2.794s][debug  ][gc,phases      ] GC(0)     Total                          Min: 0, Avg:  0.0, Max: 0, Diff: 0, Sum: 0, Workers: 6
[2.794s][debug  ][gc,phases      ] GC(0)   Weak JFR Old Object Samples    Min:  0.0, Avg:  0.0, Max:  0.0, Diff:  0.0, Sum:  0.0, Workers: 6
[2.794s][debug  ][gc,phases      ] GC(0)     Dead                           Min: 0, Avg:  0.0, Max: 0, Diff: 0, Sum: 0, Workers: 6
[2.794s][debug  ][gc,phases      ] GC(0)     Total                          Min: 0, Avg:  0.0, Max: 0, Diff: 0, Sum: 0, Workers: 6
[2.794s][debug  ][gc,phases      ] GC(0) Weak Processing 0.991ms
[2.794s][debug  ][gc,ergo        ] GC(0) AdaptiveSizeStart:  collection: 1 
[2.794s][debug  ][gc,age         ] GC(0) Desired survivor size 33554432 bytes, new threshold 7 (max threshold 15)
[2.794s][debug  ][gc,ergo        ] GC(0) PSAdaptiveSizePolicy::compute_eden_space_size: costs minor_time: 0.005778 major_cost: 0.000000 mutator_cost: 0.994222 throughput_goal: 0.990000
[2.794s][debug  ][gc,ergo        ] GC(0) Live_space: 301752832 free_space: 402653184
[2.794s][debug  ][gc,ergo        ] GC(0) Old eden_size: 201326592 desired_eden_size: 201326592
[2.794s][debug  ][gc,ergo        ] GC(0) AdaptiveSizeStop: collection: 1 
[2.794s][info   ][gc,heap        ] GC(0) PSYoungGen: 195791K(229376K)->32536K(229376K) Eden: 195791K(196608K)->0K(196608K) From: 0K(32768K)->32536K(32768K)
[2.794s][info   ][gc,heap        ] GC(0) ParOldGen: 0K(262144K)->45064K(262144K)
[2.794s][info   ][gc,metaspace   ] GC(0) Metaspace: 1020K(1216K)->1020K(1216K) NonClass: 936K(1024K)->936K(1024K) Class: 83K(192K)->83K(192K)
[2.794s][info   ][gc             ] GC(0) Pause Young (Allocation Failure) 191M->75M(480M) 16.341ms
[2.794s][info   ][gc,cpu         ] GC(0) User=0.02s Sys=0.14s Real=0.02s
[2.794s][debug  ][gc,heap        ] GC(0) Heap after GC invocations=1 (full 0):
[2.795s][debug  ][gc,heap        ] GC(0)  PSYoungGen      total 229376K, used 32536K [0x00000000f0000000, 0x0000000100000000, 0x0000000100000000)
[2.795s][debug  ][gc,heap        ] GC(0)   eden space 196608K, 0% used [0x00000000f0000000,0x00000000f0000000,0x00000000fc000000)
[2.795s][debug  ][gc,heap        ] GC(0)   from space 32768K, 99% used [0x00000000fc000000,0x00000000fdfc61f0,0x00000000fe000000)
[2.795s][debug  ][gc,heap        ] GC(0)   to   space 32768K, 0% used [0x00000000fe000000,0x00000000fe000000,0x0000000100000000)
[2.795s][debug  ][gc,heap        ] GC(0)  ParOldGen       total 262144K, used 45064K [0x00000000c0000000, 0x00000000d0000000, 0x00000000f0000000)
[2.795s][debug  ][gc,heap        ] GC(0)   object space 262144K, 17% used [0x00000000c0000000,0x00000000c2c022c0,0x00000000d0000000)
[2.795s][debug  ][gc,heap        ] GC(0)  Metaspace       used 1020K, committed 1216K, reserved 1056768K
[2.795s][debug  ][gc,heap        ] GC(0)   class space    used 83K, committed 192K, reserved 1048576K
[2.795s][debug  ][gc,task,time   ] GC(0) VM-Thread 27775491 27922759 27946859
[5.767s][debug  ][gc,heap        ] GC(1) Heap before GC invocations=2 (full 0):
[5.768s][debug  ][gc,heap        ] GC(1)  PSYoungGen      total 229376K, used 228786K [0x00000000f0000000, 0x0000000100000000, 0x0000000100000000)
[5.768s][debug  ][gc,heap        ] GC(1)   eden space 196608K, 99% used [0x00000000f0000000,0x00000000fbfa66a0,0x00000000fc000000)
[5.768s][debug  ][gc,heap        ] GC(1)   from space 32768K, 99% used [0x00000000fc000000,0x00000000fdfc61f0,0x00000000fe000000)
[5.768s][debug  ][gc,heap        ] GC(1)   to   space 32768K, 0% used [0x00000000fe000000,0x00000000fe000000,0x0000000100000000)
[5.768s][debug  ][gc,heap        ] GC(1)  ParOldGen       total 262144K, used 45064K [0x00000000c0000000, 0x00000000d0000000, 0x00000000f0000000)
[5.768s][debug  ][gc,heap        ] GC(1)   object space 262144K, 17% used [0x00000000c0000000,0x00000000c2c022c0,0x00000000d0000000)
[5.768s][debug  ][gc,heap        ] GC(1)  Metaspace       used 1022K, committed 1216K, reserved 1056768K
[5.768s][debug  ][gc,heap        ] GC(1)   class space    used 83K, committed 192K, reserved 1048576K
[5.768s][debug  ][gc,tlab        ] GC(1) TLAB totals: thrds: 1  refills: 1 max: 1 slow allocs: 187 max 187 waste: 13.9% gc: 676240B max: 676240B slow: 0B max: 0B
[5.768s][info   ][gc,start       ] GC(1) Pause Young (Allocation Failure)
[5.768s][debug  ][gc,phases,start] GC(1) Scavenge
[5.779s][debug  ][gc,phases      ] GC(1) Scavenge 11.062ms
[5.779s][debug  ][gc,phases,start] GC(1) Reference Processing
[5.779s][debug  ][gc,ref         ] GC(1) Skipped phase 1 of Reference Processing: no references
[5.779s][debug  ][gc,ref         ] GC(1) ReferenceProcessor::execute queues: 1, RefProcThreadModel::Single, marks_oops_alive: false
[5.779s][debug  ][gc,ref         ] GC(1) Skipped phase 3 of Reference Processing: no references
[5.779s][debug  ][gc,ref         ] GC(1) ReferenceProcessor::execute queues: 1, RefProcThreadModel::Single, marks_oops_alive: false
[5.779s][debug  ][gc,phases,ref  ] GC(1) Reference Processing: 0.1ms
[5.779s][debug  ][gc,phases,ref  ] GC(1)   Reconsider SoftReferences: 0.0ms
[5.779s][debug  ][gc,phases,ref  ] GC(1)     SoftRef (ms):                  skipped
[5.779s][debug  ][gc,phases,ref  ] GC(1)   Notify Soft/WeakReferences: 0.0ms
[5.779s][debug  ][gc,phases,ref  ] GC(1)     SoftRef (ms):                  Min:  0.0, Avg:  0.0, Max:  0.0, Diff:  0.0, Sum:  0.0, Workers: 10
[5.779s][debug  ][gc,phases,ref  ] GC(1)     WeakRef (ms):                  Min:  0.0, Avg:  0.0, Max:  0.0, Diff:  0.0, Sum:  0.0, Workers: 10
[5.779s][debug  ][gc,phases,ref  ] GC(1)     FinalRef (ms):                 Min:  0.0, Avg:  0.0, Max:  0.0, Diff:  0.0, Sum:  0.0, Workers: 10
[5.779s][debug  ][gc,phases,ref  ] GC(1)     Total (ms):                    Min:  0.0, Avg:  0.0, Max:  0.0, Diff:  0.0, Sum:  0.0, Workers: 10
[5.779s][debug  ][gc,phases,ref  ] GC(1)   Notify and keep alive finalizable: 0.0ms
[5.779s][debug  ][gc,phases,ref  ] GC(1)     FinalRef (ms):                 skipped
[5.779s][debug  ][gc,phases,ref  ] GC(1)   Notify PhantomReferences: 0.0ms
[5.779s][debug  ][gc,phases,ref  ] GC(1)     PhantomRef (ms):               Min:  0.0, Avg:  0.0, Max:  0.0, Diff:  0.0, Sum:  0.0, Workers: 10
[5.779s][debug  ][gc,phases,ref  ] GC(1)   SoftReference:
[5.779s][debug  ][gc,phases,ref  ] GC(1)     Discovered: 0
[5.779s][debug  ][gc,phases,ref  ] GC(1)     Cleared: 0
[5.779s][debug  ][gc,phases,ref  ] GC(1)   WeakReference:
[5.779s][debug  ][gc,phases,ref  ] GC(1)     Discovered: 123
[5.779s][debug  ][gc,phases,ref  ] GC(1)     Cleared: 123
[5.779s][debug  ][gc,phases,ref  ] GC(1)   FinalReference:
[5.779s][debug  ][gc,phases,ref  ] GC(1)     Discovered: 0
[5.779s][debug  ][gc,phases,ref  ] GC(1)     Cleared: 0
[5.780s][debug  ][gc,phases,ref  ] GC(1)   PhantomReference:
[5.780s][debug  ][gc,phases,ref  ] GC(1)     Discovered: 4
[5.780s][debug  ][gc,phases,ref  ] GC(1)     Cleared: 4
[5.780s][debug  ][gc,phases      ] GC(1) Reference Processing 0.715ms
[5.780s][debug  ][gc,phases,start] GC(1) Weak Processing
[5.780s][debug  ][gc,phases      ] GC(1)   VM Weak                        Min:  0.0, Avg:  0.0, Max:  0.0, Diff:  0.0, Sum:  0.0, Workers: 6
[5.780s][debug  ][gc,phases      ] GC(1)     Dead                           Min: 0, Avg:  0.0, Max: 0, Diff: 0, Sum: 0, Workers: 6
[5.780s][debug  ][gc,phases      ] GC(1)     Total                          Min: 0, Avg:  1.3, Max: 8, Diff: 8, Sum: 8, Workers: 6
[5.780s][debug  ][gc,phases      ] GC(1)   ObjectSynchronizer Weak        Min:  0.0, Avg:  0.0, Max:  0.0, Diff:  0.0, Sum:  0.0, Workers: 6
[5.780s][debug  ][gc,phases      ] GC(1)     Dead                           Min: 0, Avg:  0.0, Max: 0, Diff: 0, Sum: 0, Workers: 6
[5.780s][debug  ][gc,phases      ] GC(1)     Total                          Min: 0, Avg:  0.5, Max: 3, Diff: 3, Sum: 3, Workers: 6
[5.780s][debug  ][gc,phases      ] GC(1)   JVMTI Tag Weak OopStorage      Min:  0.0, Avg:  0.0, Max:  0.0, Diff:  0.0, Sum:  0.0, Workers: 6
[5.780s][debug  ][gc,phases      ] GC(1)     Dead                           Min: 0, Avg:  0.0, Max: 0, Diff: 0, Sum: 0, Workers: 6
[5.780s][debug  ][gc,phases      ] GC(1)     Total                          Min: 0, Avg:  0.0, Max: 0, Diff: 0, Sum: 0, Workers: 6
[5.780s][debug  ][gc,phases      ] GC(1)   StringTable Weak               Min:  0.0, Avg:  0.0, Max:  0.0, Diff:  0.0, Sum:  0.2, Workers: 6
[5.780s][debug  ][gc,phases      ] GC(1)     Dead                           Min: 0, Avg:  0.0, Max: 0, Diff: 0, Sum: 0, Workers: 6
[5.780s][debug  ][gc,phases      ] GC(1)     Total                          Min: 512, Avg: 892.8, Max: 1600, Diff: 1088, Sum: 5357, Workers: 6
[5.780s][debug  ][gc,phases      ] GC(1)   ResolvedMethodTable Weak       Min:  0.0, Avg:  0.0, Max:  0.0, Diff:  0.0, Sum:  0.0, Workers: 6
[5.780s][debug  ][gc,phases      ] GC(1)     Dead                           Min: 0, Avg:  0.0, Max: 0, Diff: 0, Sum: 0, Workers: 6
[5.780s][debug  ][gc,phases      ] GC(1)     Total                          Min: 0, Avg: 21.7, Max: 64, Diff: 64, Sum: 130, Workers: 6
[5.780s][debug  ][gc,phases      ] GC(1)   JNI Weak                       Min:  0.0, Avg:  0.0, Max:  0.0, Diff:  0.0, Sum:  0.0, Workers: 6
[5.780s][debug  ][gc,phases      ] GC(1)     Dead                           Min: 0, Avg:  0.0, Max: 0, Diff: 0, Sum: 0, Workers: 6
[5.780s][debug  ][gc,phases      ] GC(1)     Total                          Min: 0, Avg:  0.0, Max: 0, Diff: 0, Sum: 0, Workers: 6
[5.780s][debug  ][gc,phases      ] GC(1)   StringDedup Table Weak         Min:  0.0, Avg:  0.0, Max:  0.0, Diff:  0.0, Sum:  0.0, Workers: 6
[5.780s][debug  ][gc,phases      ] GC(1)     Dead                           Min: 0, Avg:  0.0, Max: 0, Diff: 0, Sum: 0, Workers: 6
[5.780s][debug  ][gc,phases      ] GC(1)     Total                          Min: 0, Avg:  0.0, Max: 0, Diff: 0, Sum: 0, Workers: 6
[5.780s][debug  ][gc,phases      ] GC(1)   StringDedup Requests0 Weak     Min:  0.0, Avg:  0.0, Max:  0.0, Diff:  0.0, Sum:  0.0, Workers: 6
[5.780s][debug  ][gc,phases      ] GC(1)     Dead                           Min: 0, Avg:  0.0, Max: 0, Diff: 0, Sum: 0, Workers: 6
[5.780s][debug  ][gc,phases      ] GC(1)     Total                          Min: 0, Avg:  0.0, Max: 0, Diff: 0, Sum: 0, Workers: 6
[5.780s][debug  ][gc,phases      ] GC(1)   StringDedup Requests1 Weak     Min:  0.0, Avg:  0.0, Max:  0.0, Diff:  0.0, Sum:  0.0, Workers: 6
[5.780s][debug  ][gc,phases      ] GC(1)     Dead                           Min: 0, Avg:  0.0, Max: 0, Diff: 0, Sum: 0, Workers: 6
[5.780s][debug  ][gc,phases      ] GC(1)     Total                          Min: 0, Avg:  0.0, Max: 0, Diff: 0, Sum: 0, Workers: 6
[5.781s][debug  ][gc,phases      ] GC(1)   Weak JFR Old Object Samples    Min:  0.0, Avg:  0.0, Max:  0.0, Diff:  0.0, Sum:  0.0, Workers: 6
[5.781s][debug  ][gc,phases      ] GC(1)     Dead                           Min: 0, Avg:  0.0, Max: 0, Diff: 0, Sum: 0, Workers: 6
[5.781s][debug  ][gc,phases      ] GC(1)     Total                          Min: 0, Avg:  0.0, Max: 0, Diff: 0, Sum: 0, Workers: 6
[5.781s][debug  ][gc,phases      ] GC(1) Weak Processing 0.942ms
[5.781s][debug  ][gc,ergo        ] GC(1) AdaptiveSizeStart:  collection: 2 
[5.781s][debug  ][gc,age         ] GC(1) Desired survivor size 33554432 bytes, new threshold 7 (max threshold 15)
[5.781s][debug  ][gc,ergo        ] GC(1) PSAdaptiveSizePolicy::compute_eden_space_size: costs minor_time: 0.005039 major_cost: 0.000000 mutator_cost: 0.994961 throughput_goal: 0.990000
[5.781s][debug  ][gc,ergo        ] GC(1) Live_space: 301744640 free_space: 402653184
[5.781s][debug  ][gc,ergo        ] GC(1) Old eden_size: 201326592 desired_eden_size: 201326592
[5.781s][debug  ][gc,ergo        ] GC(1) AdaptiveSizeStop: collection: 2 
[5.781s][info   ][gc,heap        ] GC(1) PSYoungGen: 228786K(229376K)->32520K(229376K) Eden: 196249K(196608K)->0K(196608K) From: 32536K(32768K)->32520K(32768K)
[5.781s][info   ][gc,heap        ] GC(1) ParOldGen: 45064K(262144K)->80913K(262144K)
[5.781s][info   ][gc,metaspace   ] GC(1) Metaspace: 1022K(1216K)->1022K(1216K) NonClass: 938K(1024K)->938K(1024K) Class: 83K(192K)->83K(192K)
[5.781s][info   ][gc             ] GC(1) Pause Young (Allocation Failure) 267M->110M(480M) 13.100ms
[5.781s][info   ][gc,cpu         ] GC(1) User=0.06s Sys=0.09s Real=0.01s
[5.781s][debug  ][gc,heap        ] GC(1) Heap after GC invocations=2 (full 0):
[5.781s][debug  ][gc,heap        ] GC(1)  PSYoungGen      total 229376K, used 32520K [0x00000000f0000000, 0x0000000100000000, 0x0000000100000000)
[5.781s][debug  ][gc,heap        ] GC(1)   eden space 196608K, 0% used [0x00000000f0000000,0x00000000f0000000,0x00000000fc000000)
[5.781s][debug  ][gc,heap        ] GC(1)   from space 32768K, 99% used [0x00000000fe000000,0x00000000fffc2200,0x0000000100000000)
[5.781s][debug  ][gc,heap        ] GC(1)   to   space 32768K, 0% used [0x00000000fc000000,0x00000000fc000000,0x00000000fe000000)
[5.781s][debug  ][gc,heap        ] GC(1)  ParOldGen       total 262144K, used 80913K [0x00000000c0000000, 0x00000000d0000000, 0x00000000f0000000)
[5.781s][debug  ][gc,heap        ] GC(1)   object space 262144K, 30% used [0x00000000c0000000,0x00000000c4f044f0,0x00000000d0000000)
[5.781s][debug  ][gc,heap        ] GC(1)  Metaspace       used 1022K, committed 1216K, reserved 1056768K
[5.781s][debug  ][gc,heap        ] GC(1)   class space    used 83K, committed 192K, reserved 1048576K
[5.781s][debug  ][gc,task,time   ] GC(1) VM-Thread 57674611 57789071 57810634
[8.737s][debug  ][gc,heap        ] GC(2) Heap before GC invocations=3 (full 0):
[8.737s][debug  ][gc,heap        ] GC(2)  PSYoungGen      total 229376K, used 228832K [0x00000000f0000000, 0x0000000100000000, 0x0000000100000000)
[8.737s][debug  ][gc,heap        ] GC(2)   eden space 196608K, 99% used [0x00000000f0000000,0x00000000fbfb6198,0x00000000fc000000)
[8.737s][debug  ][gc,heap        ] GC(2)   from space 32768K, 99% used [0x00000000fe000000,0x00000000fffc2200,0x0000000100000000)
[8.737s][debug  ][gc,heap        ] GC(2)   to   space 32768K, 0% used [0x00000000fc000000,0x00000000fc000000,0x00000000fe000000)
[8.737s][debug  ][gc,heap        ] GC(2)  ParOldGen       total 262144K, used 80913K [0x00000000c0000000, 0x00000000d0000000, 0x00000000f0000000)
[8.737s][debug  ][gc,heap        ] GC(2)   object space 262144K, 30% used [0x00000000c0000000,0x00000000c4f044f0,0x00000000d0000000)
[8.737s][debug  ][gc,heap        ] GC(2)  Metaspace       used 1022K, committed 1216K, reserved 1056768K
[8.737s][debug  ][gc,heap        ] GC(2)   class space    used 83K, committed 192K, reserved 1048576K
[8.737s][debug  ][gc,tlab        ] GC(2) TLAB totals: thrds: 1  refills: 1 max: 1 slow allocs: 187 max 187 waste: 15.0% gc: 740488B max: 740488B slow: 0B max: 0B
[8.737s][info   ][gc,start       ] GC(2) Pause Young (Allocation Failure)
[8.737s][debug  ][gc,phases,start] GC(2) Scavenge
[8.744s][debug  ][gc,phases      ] GC(2) Scavenge 6.184ms
[8.744s][debug  ][gc,phases,start] GC(2) Reference Processing
[8.744s][debug  ][gc,ref         ] GC(2) Skipped phase 1 of Reference Processing: no references
[8.744s][debug  ][gc,ref         ] GC(2) ReferenceProcessor::execute queues: 1, RefProcThreadModel::Single, marks_oops_alive: false
[8.744s][debug  ][gc,ref         ] GC(2) Skipped phase 3 of Reference Processing: no references
[8.744s][debug  ][gc,ref         ] GC(2) ReferenceProcessor::execute queues: 1, RefProcThreadModel::Single, marks_oops_alive: false
[8.744s][debug  ][gc,phases,ref  ] GC(2) Reference Processing: 0.1ms
[8.744s][debug  ][gc,phases,ref  ] GC(2)   Reconsider SoftReferences: 0.0ms
[8.744s][debug  ][gc,phases,ref  ] GC(2)     SoftRef (ms):                  skipped
[8.744s][debug  ][gc,phases,ref  ] GC(2)   Notify Soft/WeakReferences: 0.0ms
[8.744s][debug  ][gc,phases,ref  ] GC(2)     SoftRef (ms):                  Min:  0.0, Avg:  0.0, Max:  0.0, Diff:  0.0, Sum:  0.0, Workers: 10
[8.744s][debug  ][gc,phases,ref  ] GC(2)     WeakRef (ms):                  Min:  0.0, Avg:  0.0, Max:  0.0, Diff:  0.0, Sum:  0.0, Workers: 10
[8.744s][debug  ][gc,phases,ref  ] GC(2)     FinalRef (ms):                 Min:  0.0, Avg:  0.0, Max:  0.0, Diff:  0.0, Sum:  0.0, Workers: 10
[8.744s][debug  ][gc,phases,ref  ] GC(2)     Total (ms):                    Min:  0.0, Avg:  0.0, Max:  0.0, Diff:  0.0, Sum:  0.0, Workers: 10
[8.744s][debug  ][gc,phases,ref  ] GC(2)   Notify and keep alive finalizable: 0.0ms
[8.744s][debug  ][gc,phases,ref  ] GC(2)     FinalRef (ms):                 skipped
[8.744s][debug  ][gc,phases,ref  ] GC(2)   Notify PhantomReferences: 0.0ms
[8.744s][debug  ][gc,phases,ref  ] GC(2)     PhantomRef (ms):               Min:  0.0, Avg:  0.0, Max:  0.0, Diff:  0.0, Sum:  0.0, Workers: 10
[8.744s][debug  ][gc,phases,ref  ] GC(2)   SoftReference:
[8.744s][debug  ][gc,phases,ref  ] GC(2)     Discovered: 0
[8.744s][debug  ][gc,phases,ref  ] GC(2)     Cleared: 0
[8.744s][debug  ][gc,phases,ref  ] GC(2)   WeakReference:
[8.744s][debug  ][gc,phases,ref  ] GC(2)     Discovered: 144
[8.744s][debug  ][gc,phases,ref  ] GC(2)     Cleared: 144
[8.744s][debug  ][gc,phases,ref  ] GC(2)   FinalReference:
[8.744s][debug  ][gc,phases,ref  ] GC(2)     Discovered: 0
[8.744s][debug  ][gc,phases,ref  ] GC(2)     Cleared: 0
[8.744s][debug  ][gc,phases,ref  ] GC(2)   PhantomReference:
[8.744s][debug  ][gc,phases,ref  ] GC(2)     Discovered: 5
[8.744s][debug  ][gc,phases,ref  ] GC(2)     Cleared: 5
[8.744s][debug  ][gc,phases      ] GC(2) Reference Processing 0.735ms
[8.744s][debug  ][gc,phases,start] GC(2) Weak Processing
[8.745s][debug  ][gc,phases      ] GC(2)   VM Weak                        Min:  0.0, Avg:  0.0, Max:  0.0, Diff:  0.0, Sum:  0.0, Workers: 6
[8.745s][debug  ][gc,phases      ] GC(2)     Dead                           Min: 0, Avg:  0.0, Max: 0, Diff: 0, Sum: 0, Workers: 6
[8.745s][debug  ][gc,phases      ] GC(2)     Total                          Min: 0, Avg:  1.3, Max: 8, Diff: 8, Sum: 8, Workers: 6
[8.745s][debug  ][gc,phases      ] GC(2)   ObjectSynchronizer Weak        Min:  0.0, Avg:  0.0, Max:  0.0, Diff:  0.0, Sum:  0.0, Workers: 6
[8.745s][debug  ][gc,phases      ] GC(2)     Dead                           Min: 0, Avg:  0.0, Max: 0, Diff: 0, Sum: 0, Workers: 6
[8.745s][debug  ][gc,phases      ] GC(2)     Total                          Min: 0, Avg:  0.5, Max: 3, Diff: 3, Sum: 3, Workers: 6
[8.745s][debug  ][gc,phases      ] GC(2)   JVMTI Tag Weak OopStorage      Min:  0.0, Avg:  0.0, Max:  0.0, Diff:  0.0, Sum:  0.0, Workers: 6
[8.745s][debug  ][gc,phases      ] GC(2)     Dead                           Min: 0, Avg:  0.0, Max: 0, Diff: 0, Sum: 0, Workers: 6
[8.745s][debug  ][gc,phases      ] GC(2)     Total                          Min: 0, Avg:  0.0, Max: 0, Diff: 0, Sum: 0, Workers: 6
[8.745s][debug  ][gc,phases      ] GC(2)   StringTable Weak               Min:  0.0, Avg:  0.1, Max:  0.1, Diff:  0.0, Sum:  0.3, Workers: 6
[8.745s][debug  ][gc,phases      ] GC(2)     Dead                           Min: 0, Avg:  0.0, Max: 0, Diff: 0, Sum: 0, Workers: 6
[8.745s][debug  ][gc,phases      ] GC(2)     Total                          Min: 448, Avg: 892.8, Max: 1344, Diff: 896, Sum: 5357, Workers: 6
[8.745s][debug  ][gc,phases      ] GC(2)   ResolvedMethodTable Weak       Min:  0.0, Avg:  0.0, Max:  0.0, Diff:  0.0, Sum:  0.0, Workers: 6
[8.745s][debug  ][gc,phases      ] GC(2)     Dead                           Min: 0, Avg:  0.0, Max: 0, Diff: 0, Sum: 0, Workers: 6
[8.745s][debug  ][gc,phases      ] GC(2)     Total                          Min: 0, Avg: 21.7, Max: 64, Diff: 64, Sum: 130, Workers: 6
[8.745s][debug  ][gc,phases      ] GC(2)   JNI Weak                       Min:  0.0, Avg:  0.0, Max:  0.0, Diff:  0.0, Sum:  0.0, Workers: 6
[8.745s][debug  ][gc,phases      ] GC(2)     Dead                           Min: 0, Avg:  0.0, Max: 0, Diff: 0, Sum: 0, Workers: 6
[8.745s][debug  ][gc,phases      ] GC(2)     Total                          Min: 0, Avg:  0.0, Max: 0, Diff: 0, Sum: 0, Workers: 6
[8.745s][debug  ][gc,phases      ] GC(2)   StringDedup Table Weak         Min:  0.0, Avg:  0.0, Max:  0.0, Diff:  0.0, Sum:  0.0, Workers: 6
[8.745s][debug  ][gc,phases      ] GC(2)     Dead                           Min: 0, Avg:  0.0, Max: 0, Diff: 0, Sum: 0, Workers: 6
[8.745s][debug  ][gc,phases      ] GC(2)     Total                          Min: 0, Avg:  0.0, Max: 0, Diff: 0, Sum: 0, Workers: 6
[8.745s][debug  ][gc,phases      ] GC(2)   StringDedup Requests0 Weak     Min:  0.0, Avg:  0.0, Max:  0.0, Diff:  0.0, Sum:  0.0, Workers: 6
[8.745s][debug  ][gc,phases      ] GC(2)     Dead                           Min: 0, Avg:  0.0, Max: 0, Diff: 0, Sum: 0, Workers: 6
[8.745s][debug  ][gc,phases      ] GC(2)     Total                          Min: 0, Avg:  0.0, Max: 0, Diff: 0, Sum: 0, Workers: 6
[8.745s][debug  ][gc,phases      ] GC(2)   StringDedup Requests1 Weak     Min:  0.0, Avg:  0.0, Max:  0.0, Diff:  0.0, Sum:  0.0, Workers: 6
[8.745s][debug  ][gc,phases      ] GC(2)     Dead                           Min: 0, Avg:  0.0, Max: 0, Diff: 0, Sum: 0, Workers: 6
[8.745s][debug  ][gc,phases      ] GC(2)     Total                          Min: 0, Avg:  0.0, Max: 0, Diff: 0, Sum: 0, Workers: 6
[8.745s][debug  ][gc,phases      ] GC(2)   Weak JFR Old Object Samples    Min:  0.0, Avg:  0.0, Max:  0.0, Diff:  0.0, Sum:  0.0, Workers: 6
[8.745s][debug  ][gc,phases      ] GC(2)     Dead                           Min: 0, Avg:  0.0, Max: 0, Diff: 0, Sum: 0, Workers: 6
[8.745s][debug  ][gc,phases      ] GC(2)     Total                          Min: 0, Avg:  0.0, Max: 0, Diff: 0, Sum: 0, Workers: 6
[8.745s][debug  ][gc,phases      ] GC(2) Weak Processing 0.852ms
[8.745s][debug  ][gc,ergo        ] GC(2) AdaptiveSizeStart:  collection: 3 
[8.745s][debug  ][gc,age         ] GC(2) Desired survivor size 33554432 bytes, new threshold 7 (max threshold 15)
[8.745s][debug  ][gc,ergo        ] GC(2) PSAdaptiveSizePolicy::compute_eden_space_size: costs minor_time: 0.004258 major_cost: 0.000000 mutator_cost: 0.995742 throughput_goal: 0.990000
[8.745s][debug  ][gc,ergo        ] GC(2) Live_space: 301741920 free_space: 402653184
[8.745s][debug  ][gc,ergo        ] GC(2) Old eden_size: 201326592 desired_eden_size: 201326592
[8.745s][debug  ][gc,ergo        ] GC(2) AdaptiveSizeStop: collection: 3 
[8.746s][info   ][gc,heap        ] GC(2) PSYoungGen: 228832K(229376K)->32520K(229376K) Eden: 196312K(196608K)->0K(196608K) From: 32520K(32768K)->32520K(32768K)
[8.746s][info   ][gc,heap        ] GC(2) ParOldGen: 80913K(262144K)->107537K(262144K)
[8.746s][info   ][gc,metaspace   ] GC(2) Metaspace: 1022K(1216K)->1022K(1216K) NonClass: 938K(1024K)->938K(1024K) Class: 83K(192K)->83K(192K)
[8.746s][info   ][gc             ] GC(2) Pause Young (Allocation Failure) 302M->136M(480M) 8.208ms
[8.746s][info   ][gc,cpu         ] GC(2) User=0.00s Sys=0.00s Real=0.01s
[8.746s][debug  ][gc,heap        ] GC(2) Heap after GC invocations=3 (full 0):
[8.746s][debug  ][gc,heap        ] GC(2)  PSYoungGen      total 229376K, used 32520K [0x00000000f0000000, 0x0000000100000000, 0x0000000100000000)
[8.746s][debug  ][gc,heap        ] GC(2)   eden space 196608K, 0% used [0x00000000f0000000,0x00000000f0000000,0x00000000fc000000)
[8.746s][debug  ][gc,heap        ] GC(2)   from space 32768K, 99% used [0x00000000fc000000,0x00000000fdfc2200,0x00000000fe000000)
[8.746s][debug  ][gc,heap        ] GC(2)   to   space 32768K, 0% used [0x00000000fe000000,0x00000000fe000000,0x0000000100000000)
[8.746s][debug  ][gc,heap        ] GC(2)  ParOldGen       total 262144K, used 107537K [0x00000000c0000000, 0x00000000d0000000, 0x00000000f0000000)
[8.746s][debug  ][gc,heap        ] GC(2)   object space 262144K, 41% used [0x00000000c0000000,0x00000000c6904690,0x00000000d0000000)
[8.746s][debug  ][gc,heap        ] GC(2)  Metaspace       used 1022K, committed 1216K, reserved 1056768K
[8.746s][debug  ][gc,heap        ] GC(2)   class space    used 83K, committed 192K, reserved 1048576K
[8.746s][debug  ][gc,task,time   ] GC(2) VM-Thread 87369431 87437191 87459673
[11.718s][debug  ][gc,heap        ] GC(3) Heap before GC invocations=4 (full 0):
[11.718s][debug  ][gc,heap        ] GC(3)  PSYoungGen      total 229376K, used 228874K [0x00000000f0000000, 0x0000000100000000, 0x0000000100000000)
[11.719s][debug  ][gc,heap        ] GC(3)   eden space 196608K, 99% used [0x00000000f0000000,0x00000000fbfc09e0,0x00000000fc000000)
[11.719s][debug  ][gc,heap        ] GC(3)   from space 32768K, 99% used [0x00000000fc000000,0x00000000fdfc2200,0x00000000fe000000)
[11.719s][debug  ][gc,heap        ] GC(3)   to   space 32768K, 0% used [0x00000000fe000000,0x00000000fe000000,0x0000000100000000)
[11.719s][debug  ][gc,heap        ] GC(3)  ParOldGen       total 262144K, used 107537K [0x00000000c0000000, 0x00000000d0000000, 0x00000000f0000000)
[11.719s][debug  ][gc,heap        ] GC(3)   object space 262144K, 41% used [0x00000000c0000000,0x00000000c6904690,0x00000000d0000000)
[11.719s][debug  ][gc,heap        ] GC(3)  Metaspace       used 1022K, committed 1216K, reserved 1056768K
[11.719s][debug  ][gc,heap        ] GC(3)   class space    used 83K, committed 192K, reserved 1048576K
[11.719s][debug  ][gc,tlab        ] GC(3) TLAB totals: thrds: 1  refills: 1 max: 1 slow allocs: 187 max 187 waste: 15.7% gc: 783568B max: 783568B slow: 0B max: 0B
[11.719s][info   ][gc,start       ] GC(3) Pause Young (Allocation Failure)
[11.719s][debug  ][gc,phases,start] GC(3) Scavenge
[11.725s][debug  ][gc,phases      ] GC(3) Scavenge 6.364ms
[11.725s][debug  ][gc,phases,start] GC(3) Reference Processing
[11.725s][debug  ][gc,ref         ] GC(3) Skipped phase 1 of Reference Processing: no references
[11.725s][debug  ][gc,ref         ] GC(3) ReferenceProcessor::execute queues: 1, RefProcThreadModel::Single, marks_oops_alive: false
[11.726s][debug  ][gc,ref         ] GC(3) Skipped phase 3 of Reference Processing: no references
[11.726s][debug  ][gc,ref         ] GC(3) ReferenceProcessor::execute queues: 1, RefProcThreadModel::Single, marks_oops_alive: false
[11.726s][debug  ][gc,phases,ref  ] GC(3) Reference Processing: 0.2ms
[11.726s][debug  ][gc,phases,ref  ] GC(3)   Reconsider SoftReferences: 0.0ms
[11.726s][debug  ][gc,phases,ref  ] GC(3)     SoftRef (ms):                  skipped
[11.726s][debug  ][gc,phases,ref  ] GC(3)   Notify Soft/WeakReferences: 0.1ms
[11.726s][debug  ][gc,phases,ref  ] GC(3)     SoftRef (ms):                  Min:  0.0, Avg:  0.0, Max:  0.0, Diff:  0.0, Sum:  0.0, Workers: 10
[11.726s][debug  ][gc,phases,ref  ] GC(3)     WeakRef (ms):                  Min:  0.0, Avg:  0.0, Max:  0.0, Diff:  0.0, Sum:  0.0, Workers: 10
[11.726s][debug  ][gc,phases,ref  ] GC(3)     FinalRef (ms):                 Min:  0.0, Avg:  0.0, Max:  0.0, Diff:  0.0, Sum:  0.0, Workers: 10
[11.726s][debug  ][gc,phases,ref  ] GC(3)     Total (ms):                    Min:  0.0, Avg:  0.0, Max:  0.0, Diff:  0.0, Sum:  0.0, Workers: 10
[11.726s][debug  ][gc,phases,ref  ] GC(3)   Notify and keep alive finalizable: 0.0ms
[11.726s][debug  ][gc,phases,ref  ] GC(3)     FinalRef (ms):                 skipped
[11.726s][debug  ][gc,phases,ref  ] GC(3)   Notify PhantomReferences: 0.0ms
[11.726s][debug  ][gc,phases,ref  ] GC(3)     PhantomRef (ms):               Min:  0.0, Avg:  0.0, Max:  0.0, Diff:  0.0, Sum:  0.0, Workers: 10
[11.726s][debug  ][gc,phases,ref  ] GC(3)   SoftReference:
[11.726s][debug  ][gc,phases,ref  ] GC(3)     Discovered: 0
[11.726s][debug  ][gc,phases,ref  ] GC(3)     Cleared: 0
[11.726s][debug  ][gc,phases,ref  ] GC(3)   WeakReference:
[11.726s][debug  ][gc,phases,ref  ] GC(3)     Discovered: 103
[11.726s][debug  ][gc,phases,ref  ] GC(3)     Cleared: 103
[11.726s][debug  ][gc,phases,ref  ] GC(3)   FinalReference:
[11.726s][debug  ][gc,phases,ref  ] GC(3)     Discovered: 0
[11.726s][debug  ][gc,phases,ref  ] GC(3)     Cleared: 0
[11.726s][debug  ][gc,phases,ref  ] GC(3)   PhantomReference:
[11.726s][debug  ][gc,phases,ref  ] GC(3)     Discovered: 4
[11.726s][debug  ][gc,phases,ref  ] GC(3)     Cleared: 4
[11.726s][debug  ][gc,phases      ] GC(3) Reference Processing 0.857ms
[11.726s][debug  ][gc,phases,start] GC(3) Weak Processing
[11.726s][debug  ][gc,phases      ] GC(3)   VM Weak                        Min:  0.0, Avg:  0.0, Max:  0.0, Diff:  0.0, Sum:  0.0, Workers: 6
[11.726s][debug  ][gc,phases      ] GC(3)     Dead                           Min: 0, Avg:  0.0, Max: 0, Diff: 0, Sum: 0, Workers: 6
[11.726s][debug  ][gc,phases      ] GC(3)     Total                          Min: 0, Avg:  1.3, Max: 8, Diff: 8, Sum: 8, Workers: 6
[11.726s][debug  ][gc,phases      ] GC(3)   ObjectSynchronizer Weak        Min:  0.0, Avg:  0.0, Max:  0.0, Diff:  0.0, Sum:  0.0, Workers: 6
[11.726s][debug  ][gc,phases      ] GC(3)     Dead                           Min: 0, Avg:  0.0, Max: 0, Diff: 0, Sum: 0, Workers: 6
[11.727s][debug  ][gc,phases      ] GC(3)     Total                          Min: 0, Avg:  0.5, Max: 3, Diff: 3, Sum: 3, Workers: 6
[11.727s][debug  ][gc,phases      ] GC(3)   JVMTI Tag Weak OopStorage      Min:  0.0, Avg:  0.0, Max:  0.0, Diff:  0.0, Sum:  0.0, Workers: 6
[11.727s][debug  ][gc,phases      ] GC(3)     Dead                           Min: 0, Avg:  0.0, Max: 0, Diff: 0, Sum: 0, Workers: 6
[11.727s][debug  ][gc,phases      ] GC(3)     Total                          Min: 0, Avg:  0.0, Max: 0, Diff: 0, Sum: 0, Workers: 6
[11.727s][debug  ][gc,phases      ] GC(3)   StringTable Weak               Min:  0.0, Avg:  0.0, Max:  0.0, Diff:  0.0, Sum:  0.2, Workers: 6
[11.727s][debug  ][gc,phases      ] GC(3)     Dead                           Min: 0, Avg:  0.0, Max: 0, Diff: 0, Sum: 0, Workers: 6
[11.727s][debug  ][gc,phases      ] GC(3)     Total                          Min: 512, Avg: 892.8, Max: 1389, Diff: 877, Sum: 5357, Workers: 6
[11.727s][debug  ][gc,phases      ] GC(3)   ResolvedMethodTable Weak       Min:  0.0, Avg:  0.0, Max:  0.0, Diff:  0.0, Sum:  0.0, Workers: 6
[11.727s][debug  ][gc,phases      ] GC(3)     Dead                           Min: 0, Avg:  0.0, Max: 0, Diff: 0, Sum: 0, Workers: 6
[11.727s][debug  ][gc,phases      ] GC(3)     Total                          Min: 0, Avg: 21.7, Max: 64, Diff: 64, Sum: 130, Workers: 6
[11.727s][debug  ][gc,phases      ] GC(3)   JNI Weak                       Min:  0.0, Avg:  0.0, Max:  0.0, Diff:  0.0, Sum:  0.0, Workers: 6
[11.727s][debug  ][gc,phases      ] GC(3)     Dead                           Min: 0, Avg:  0.0, Max: 0, Diff: 0, Sum: 0, Workers: 6
[11.727s][debug  ][gc,phases      ] GC(3)     Total                          Min: 0, Avg:  0.0, Max: 0, Diff: 0, Sum: 0, Workers: 6
[11.727s][debug  ][gc,phases      ] GC(3)   StringDedup Table Weak         Min:  0.0, Avg:  0.0, Max:  0.0, Diff:  0.0, Sum:  0.0, Workers: 6
[11.727s][debug  ][gc,phases      ] GC(3)     Dead                           Min: 0, Avg:  0.0, Max: 0, Diff: 0, Sum: 0, Workers: 6
[11.727s][debug  ][gc,phases      ] GC(3)     Total                          Min: 0, Avg:  0.0, Max: 0, Diff: 0, Sum: 0, Workers: 6
[11.727s][debug  ][gc,phases      ] GC(3)   StringDedup Requests0 Weak     Min:  0.0, Avg:  0.0, Max:  0.0, Diff:  0.0, Sum:  0.0, Workers: 6
[11.727s][debug  ][gc,phases      ] GC(3)     Dead                           Min: 0, Avg:  0.0, Max: 0, Diff: 0, Sum: 0, Workers: 6
[11.727s][debug  ][gc,phases      ] GC(3)     Total                          Min: 0, Avg:  0.0, Max: 0, Diff: 0, Sum: 0, Workers: 6
[11.727s][debug  ][gc,phases      ] GC(3)   StringDedup Requests1 Weak     Min:  0.0, Avg:  0.0, Max:  0.0, Diff:  0.0, Sum:  0.0, Workers: 6
[11.727s][debug  ][gc,phases      ] GC(3)     Dead                           Min: 0, Avg:  0.0, Max: 0, Diff: 0, Sum: 0, Workers: 6
[11.727s][debug  ][gc,phases      ] GC(3)     Total                          Min: 0, Avg:  0.0, Max: 0, Diff: 0, Sum: 0, Workers: 6
[11.727s][debug  ][gc,phases      ] GC(3)   Weak JFR Old Object Samples    Min:  0.0, Avg:  0.0, Max:  0.0, Diff:  0.0, Sum:  0.0, Workers: 6
[11.727s][debug  ][gc,phases      ] GC(3)     Dead                           Min: 0, Avg:  0.0, Max: 0, Diff: 0, Sum: 0, Workers: 6
[11.727s][debug  ][gc,phases      ] GC(3)     Total                          Min: 0, Avg:  0.0, Max: 0, Diff: 0, Sum: 0, Workers: 6
[11.727s][debug  ][gc,phases      ] GC(3) Weak Processing 0.850ms
[11.727s][debug  ][gc,ergo        ] GC(3) AdaptiveSizeStart:  collection: 4 
[11.727s][debug  ][gc,age         ] GC(3) Desired survivor size 33554432 bytes, new threshold 7 (max threshold 15)
[11.727s][debug  ][gc,ergo        ] GC(3) PSAdaptiveSizePolicy::compute_eden_space_size: costs minor_time: 0.003886 major_cost: 0.000000 mutator_cost: 0.996114 throughput_goal: 0.990000
[11.727s][debug  ][gc,ergo        ] GC(3) Live_space: 301752832 free_space: 402653184
[11.727s][debug  ][gc,ergo        ] GC(3) Old eden_size: 201326592 desired_eden_size: 201326592
[11.727s][debug  ][gc,ergo        ] GC(3) AdaptiveSizeStop: collection: 4 
[11.727s][info   ][gc,heap        ] GC(3) PSYoungGen: 228874K(229376K)->32568K(229376K) Eden: 196354K(196608K)->0K(196608K) From: 32520K(32768K)->32568K(32768K)
[11.727s][info   ][gc,heap        ] GC(3) ParOldGen: 107537K(262144K)->124945K(262144K)
[11.727s][info   ][gc,metaspace   ] GC(3) Metaspace: 1022K(1216K)->1022K(1216K) NonClass: 938K(1024K)->938K(1024K) Class: 83K(192K)->83K(192K)
[11.727s][info   ][gc             ] GC(3) Pause Young (Allocation Failure) 328M->153M(480M) 8.572ms
[11.727s][info   ][gc,cpu         ] GC(3) User=0.16s Sys=0.00s Real=0.01s
[11.727s][debug  ][gc,heap        ] GC(3) Heap after GC invocations=4 (full 0):
[11.727s][debug  ][gc,heap        ] GC(3)  PSYoungGen      total 229376K, used 32568K [0x00000000f0000000, 0x0000000100000000, 0x0000000100000000)
[11.728s][debug  ][gc,heap        ] GC(3)   eden space 196608K, 0% used [0x00000000f0000000,0x00000000f0000000,0x00000000fc000000)
[11.728s][debug  ][gc,heap        ] GC(3)   from space 32768K, 99% used [0x00000000fe000000,0x00000000fffce1f0,0x0000000100000000)
[11.728s][debug  ][gc,heap        ] GC(3)   to   space 32768K, 0% used [0x00000000fc000000,0x00000000fc000000,0x00000000fe000000)
[11.728s][debug  ][gc,heap        ] GC(3)  ParOldGen       total 262144K, used 124945K [0x00000000c0000000, 0x00000000d0000000, 0x00000000f0000000)
[11.728s][debug  ][gc,heap        ] GC(3)   object space 262144K, 47% used [0x00000000c0000000,0x00000000c7a047a0,0x00000000d0000000)
[11.728s][debug  ][gc,heap        ] GC(3)  Metaspace       used 1022K, committed 1216K, reserved 1056768K
[11.728s][debug  ][gc,heap        ] GC(3)   class space    used 83K, committed 192K, reserved 1048576K
[11.728s][debug  ][gc,task,time   ] GC(3) VM-Thread 117183172 117253930 117276788
[14.709s][debug  ][gc,heap        ] GC(4) Heap before GC invocations=5 (full 0):
[14.709s][debug  ][gc,heap        ] GC(4)  PSYoungGen      total 229376K, used 228950K [0x00000000f0000000, 0x0000000100000000, 0x0000000100000000)
[14.709s][debug  ][gc,heap        ] GC(4)   eden space 196608K, 99% used [0x00000000f0000000,0x00000000fbfc7618,0x00000000fc000000)
[14.709s][debug  ][gc,heap        ] GC(4)   from space 32768K, 99% used [0x00000000fe000000,0x00000000fffce1f0,0x0000000100000000)
[14.709s][debug  ][gc,heap        ] GC(4)   to   space 32768K, 0% used [0x00000000fc000000,0x00000000fc000000,0x00000000fe000000)
[14.709s][debug  ][gc,heap        ] GC(4)  ParOldGen       total 262144K, used 124945K [0x00000000c0000000, 0x00000000d0000000, 0x00000000f0000000)
[14.709s][debug  ][gc,heap        ] GC(4)   object space 262144K, 47% used [0x00000000c0000000,0x00000000c7a047a0,0x00000000d0000000)
[14.709s][debug  ][gc,heap        ] GC(4)  Metaspace       used 1024K, committed 1216K, reserved 1056768K
[14.709s][debug  ][gc,heap        ] GC(4)   class space    used 83K, committed 192K, reserved 1048576K
[14.709s][debug  ][gc,tlab        ] GC(4) TLAB totals: thrds: 1  refills: 1 max: 1 slow allocs: 187 max 187 waste: 16.2% gc: 811272B max: 811272B slow: 0B max: 0B
[14.709s][info   ][gc,start       ] GC(4) Pause Young (Allocation Failure)
[14.709s][debug  ][gc,phases,start] GC(4) Scavenge
[14.714s][debug  ][gc,phases      ] GC(4) Scavenge 4.933ms
[14.714s][debug  ][gc,phases,start] GC(4) Reference Processing
[14.714s][debug  ][gc,ref         ] GC(4) Skipped phase 1 of Reference Processing: no references
[14.714s][debug  ][gc,ref         ] GC(4) ReferenceProcessor::execute queues: 1, RefProcThreadModel::Single, marks_oops_alive: false
[14.714s][debug  ][gc,ref         ] GC(4) Skipped phase 3 of Reference Processing: no references
[14.714s][debug  ][gc,ref         ] GC(4) ReferenceProcessor::execute queues: 1, RefProcThreadModel::Single, marks_oops_alive: false
[14.714s][debug  ][gc,phases,ref  ] GC(4) Reference Processing: 0.1ms
[14.714s][debug  ][gc,phases,ref  ] GC(4)   Reconsider SoftReferences: 0.0ms
[14.714s][debug  ][gc,phases,ref  ] GC(4)     SoftRef (ms):                  skipped
[14.714s][debug  ][gc,phases,ref  ] GC(4)   Notify Soft/WeakReferences: 0.0ms
[14.714s][debug  ][gc,phases,ref  ] GC(4)     SoftRef (ms):                  Min:  0.0, Avg:  0.0, Max:  0.0, Diff:  0.0, Sum:  0.0, Workers: 10
[14.714s][debug  ][gc,phases,ref  ] GC(4)     WeakRef (ms):                  Min:  0.0, Avg:  0.0, Max:  0.0, Diff:  0.0, Sum:  0.0, Workers: 10
[14.715s][debug  ][gc,phases,ref  ] GC(4)     FinalRef (ms):                 Min:  0.0, Avg:  0.0, Max:  0.0, Diff:  0.0, Sum:  0.0, Workers: 10
[14.715s][debug  ][gc,phases,ref  ] GC(4)     Total (ms):                    Min:  0.0, Avg:  0.0, Max:  0.0, Diff:  0.0, Sum:  0.0, Workers: 10
[14.715s][debug  ][gc,phases,ref  ] GC(4)   Notify and keep alive finalizable: 0.0ms
[14.715s][debug  ][gc,phases,ref  ] GC(4)     FinalRef (ms):                 skipped
[14.715s][debug  ][gc,phases,ref  ] GC(4)   Notify PhantomReferences: 0.0ms
[14.715s][debug  ][gc,phases,ref  ] GC(4)     PhantomRef (ms):               Min:  0.0, Avg:  0.0, Max:  0.0, Diff:  0.0, Sum:  0.0, Workers: 10
[14.715s][debug  ][gc,phases,ref  ] GC(4)   SoftReference:
[14.715s][debug  ][gc,phases,ref  ] GC(4)     Discovered: 0
[14.715s][debug  ][gc,phases,ref  ] GC(4)     Cleared: 0
[14.715s][debug  ][gc,phases,ref  ] GC(4)   WeakReference:
[14.715s][debug  ][gc,phases,ref  ] GC(4)     Discovered: 103
[14.715s][debug  ][gc,phases,ref  ] GC(4)     Cleared: 103
[14.715s][debug  ][gc,phases,ref  ] GC(4)   FinalReference:
[14.715s][debug  ][gc,phases,ref  ] GC(4)     Discovered: 0
[14.715s][debug  ][gc,phases,ref  ] GC(4)     Cleared: 0
[14.715s][debug  ][gc,phases,ref  ] GC(4)   PhantomReference:
[14.715s][debug  ][gc,phases,ref  ] GC(4)     Discovered: 5
[14.715s][debug  ][gc,phases,ref  ] GC(4)     Cleared: 5
[14.715s][debug  ][gc,phases      ] GC(4) Reference Processing 0.610ms
[14.715s][debug  ][gc,phases,start] GC(4) Weak Processing
[14.715s][debug  ][gc,phases      ] GC(4)   VM Weak                        Min:  0.0, Avg:  0.0, Max:  0.0, Diff:  0.0, Sum:  0.0, Workers: 6
[14.715s][debug  ][gc,phases      ] GC(4)     Dead                           Min: 0, Avg:  0.0, Max: 0, Diff: 0, Sum: 0, Workers: 6
[14.715s][debug  ][gc,phases      ] GC(4)     Total                          Min: 0, Avg:  1.3, Max: 8, Diff: 8, Sum: 8, Workers: 6
[14.715s][debug  ][gc,phases      ] GC(4)   ObjectSynchronizer Weak        Min:  0.0, Avg:  0.0, Max:  0.0, Diff:  0.0, Sum:  0.0, Workers: 6
[14.715s][debug  ][gc,phases      ] GC(4)     Dead                           Min: 0, Avg:  0.0, Max: 0, Diff: 0, Sum: 0, Workers: 6
[14.715s][debug  ][gc,phases      ] GC(4)     Total                          Min: 0, Avg:  0.5, Max: 3, Diff: 3, Sum: 3, Workers: 6
[14.715s][debug  ][gc,phases      ] GC(4)   JVMTI Tag Weak OopStorage      Min:  0.0, Avg:  0.0, Max:  0.0, Diff:  0.0, Sum:  0.0, Workers: 6
[14.715s][debug  ][gc,phases      ] GC(4)     Dead                           Min: 0, Avg:  0.0, Max: 0, Diff: 0, Sum: 0, Workers: 6
[14.715s][debug  ][gc,phases      ] GC(4)     Total                          Min: 0, Avg:  0.0, Max: 0, Diff: 0, Sum: 0, Workers: 6
[14.715s][debug  ][gc,phases      ] GC(4)   StringTable Weak               Min:  0.0, Avg:  0.0, Max:  0.0, Diff:  0.0, Sum:  0.2, Workers: 6
[14.715s][debug  ][gc,phases      ] GC(4)     Dead                           Min: 0, Avg:  0.0, Max: 0, Diff: 0, Sum: 0, Workers: 6
[14.715s][debug  ][gc,phases      ] GC(4)     Total                          Min: 704, Avg: 892.8, Max: 1024, Diff: 320, Sum: 5357, Workers: 6
[14.715s][debug  ][gc,phases      ] GC(4)   ResolvedMethodTable Weak       Min:  0.0, Avg:  0.0, Max:  0.0, Diff:  0.0, Sum:  0.0, Workers: 6
[14.715s][debug  ][gc,phases      ] GC(4)     Dead                           Min: 0, Avg:  0.0, Max: 0, Diff: 0, Sum: 0, Workers: 6
[14.715s][debug  ][gc,phases      ] GC(4)     Total                          Min: 0, Avg: 21.7, Max: 64, Diff: 64, Sum: 130, Workers: 6
[14.715s][debug  ][gc,phases      ] GC(4)   JNI Weak                       Min:  0.0, Avg:  0.0, Max:  0.0, Diff:  0.0, Sum:  0.0, Workers: 6
[14.715s][debug  ][gc,phases      ] GC(4)     Dead                           Min: 0, Avg:  0.0, Max: 0, Diff: 0, Sum: 0, Workers: 6
[14.715s][debug  ][gc,phases      ] GC(4)     Total                          Min: 0, Avg:  0.0, Max: 0, Diff: 0, Sum: 0, Workers: 6
[14.715s][debug  ][gc,phases      ] GC(4)   StringDedup Table Weak         Min:  0.0, Avg:  0.0, Max:  0.0, Diff:  0.0, Sum:  0.0, Workers: 6
[14.715s][debug  ][gc,phases      ] GC(4)     Dead                           Min: 0, Avg:  0.0, Max: 0, Diff: 0, Sum: 0, Workers: 6
[14.715s][debug  ][gc,phases      ] GC(4)     Total                          Min: 0, Avg:  0.0, Max: 0, Diff: 0, Sum: 0, Workers: 6
[14.715s][debug  ][gc,phases      ] GC(4)   StringDedup Requests0 Weak     Min:  0.0, Avg:  0.0, Max:  0.0, Diff:  0.0, Sum:  0.0, Workers: 6
[14.715s][debug  ][gc,phases      ] GC(4)     Dead                           Min: 0, Avg:  0.0, Max: 0, Diff: 0, Sum: 0, Workers: 6
[14.715s][debug  ][gc,phases      ] GC(4)     Total                          Min: 0, Avg:  0.0, Max: 0, Diff: 0, Sum: 0, Workers: 6
[14.715s][debug  ][gc,phases      ] GC(4)   StringDedup Requests1 Weak     Min:  0.0, Avg:  0.0, Max:  0.0, Diff:  0.0, Sum:  0.0, Workers: 6
[14.716s][debug  ][gc,phases      ] GC(4)     Dead                           Min: 0, Avg:  0.0, Max: 0, Diff: 0, Sum: 0, Workers: 6
[14.716s][debug  ][gc,phases      ] GC(4)     Total                          Min: 0, Avg:  0.0, Max: 0, Diff: 0, Sum: 0, Workers: 6
[14.716s][debug  ][gc,phases      ] GC(4)   Weak JFR Old Object Samples    Min:  0.0, Avg:  0.0, Max:  0.0, Diff:  0.0, Sum:  0.0, Workers: 6
[14.716s][debug  ][gc,phases      ] GC(4)     Dead                           Min: 0, Avg:  0.0, Max: 0, Diff: 0, Sum: 0, Workers: 6
[14.716s][debug  ][gc,phases      ] GC(4)     Total                          Min: 0, Avg:  0.0, Max: 0, Diff: 0, Sum: 0, Workers: 6
[14.716s][debug  ][gc,phases      ] GC(4) Weak Processing 0.735ms
[14.716s][debug  ][gc,ergo        ] GC(4) AdaptiveSizeStart:  collection: 5 
[14.716s][debug  ][gc,ergo        ] GC(4) avg_survived_padded_avg: 33378640.000000
[14.716s][debug  ][gc,ergo        ] GC(4) avg_promoted_padded_avg: 55638472.000000  avg_pretenured_padded_avg: 0.000000  tenuring_thresh: 6  target_size: 33554432
[14.716s][debug  ][gc,age         ] GC(4) Desired survivor size 33554432 bytes, new threshold 6 (max threshold 15)
[14.716s][debug  ][gc,ergo        ] GC(4) PSAdaptiveSizePolicy::compute_eden_space_size: costs minor_time: 0.003452 major_cost: 0.000000 mutator_cost: 0.996548 throughput_goal: 0.990000
[14.716s][debug  ][gc,ergo        ] GC(4) Live_space: 301762688 free_space: 402653184
[14.716s][debug  ][gc,ergo        ] GC(4) Old eden_size: 201326592 desired_eden_size: 196608000
[14.716s][debug  ][gc,ergo        ] GC(4) AdaptiveSizeStop: collection: 5 
[14.716s][info   ][gc,heap        ] GC(4) PSYoungGen: 228950K(229376K)->32584K(229376K) Eden: 196381K(196608K)->0K(196608K) From: 32568K(32768K)->32584K(32768K)
[14.716s][info   ][gc,heap        ] GC(4) ParOldGen: 124945K(262144K)->133138K(262144K)
[14.716s][info   ][gc,metaspace   ] GC(4) Metaspace: 1024K(1216K)->1024K(1216K) NonClass: 940K(1024K)->940K(1024K) Class: 83K(192K)->83K(192K)
[14.716s][info   ][gc             ] GC(4) Pause Young (Allocation Failure) 345M->161M(480M) 6.731ms
[14.716s][info   ][gc,cpu         ] GC(4) User=0.00s Sys=0.00s Real=0.01s
[14.716s][debug  ][gc,heap        ] GC(4) Heap after GC invocations=5 (full 0):
[14.716s][debug  ][gc,heap        ] GC(4)  PSYoungGen      total 229376K, used 32584K [0x00000000f0000000, 0x0000000100000000, 0x0000000100000000)
[14.716s][debug  ][gc,heap        ] GC(4)   eden space 196608K, 0% used [0x00000000f0000000,0x00000000f0000000,0x00000000fc000000)
[14.716s][debug  ][gc,heap        ] GC(4)   from space 32768K, 99% used [0x00000000fc000000,0x00000000fdfd2200,0x00000000fe000000)
[14.716s][debug  ][gc,heap        ] GC(4)   to   space 32768K, 0% used [0x00000000fe000000,0x00000000fe000000,0x0000000100000000)
[14.716s][debug  ][gc,heap        ] GC(4)  ParOldGen       total 262144K, used 133138K [0x00000000c0000000, 0x00000000d0000000, 0x00000000f0000000)
[14.716s][debug  ][gc,heap        ] GC(4)   object space 262144K, 50% used [0x00000000c0000000,0x00000000c8204820,0x00000000d0000000)
[14.716s][debug  ][gc,heap        ] GC(4)  Metaspace       used 1024K, committed 1216K, reserved 1056768K
[14.716s][debug  ][gc,heap        ] GC(4)   class space    used 83K, committed 192K, reserved 1048576K
[14.716s][debug  ][gc,task,time   ] GC(4) VM-Thread 147087045 147142495 147161291
[17.697s][debug  ][gc,heap        ] GC(5) Heap before GC invocations=6 (full 0):
[17.697s][debug  ][gc,heap        ] GC(5)  PSYoungGen      total 229376K, used 228983K [0x00000000f0000000, 0x0000000100000000, 0x0000000100000000)
[17.697s][debug  ][gc,heap        ] GC(5)   eden space 196608K, 99% used [0x00000000f0000000,0x00000000fbfcbbb0,0x00000000fc000000)
[17.697s][debug  ][gc,heap        ] GC(5)   from space 32768K, 99% used [0x00000000fc000000,0x00000000fdfd2200,0x00000000fe000000)
[17.697s][debug  ][gc,heap        ] GC(5)   to   space 32768K, 0% used [0x00000000fe000000,0x00000000fe000000,0x0000000100000000)
[17.697s][debug  ][gc,heap        ] GC(5)  ParOldGen       total 262144K, used 133138K [0x00000000c0000000, 0x00000000d0000000, 0x00000000f0000000)
[17.697s][debug  ][gc,heap        ] GC(5)   object space 262144K, 50% used [0x00000000c0000000,0x00000000c8204820,0x00000000d0000000)
[17.697s][debug  ][gc,heap        ] GC(5)  Metaspace       used 1024K, committed 1216K, reserved 1056768K
[17.697s][debug  ][gc,heap        ] GC(5)   class space    used 83K, committed 192K, reserved 1048576K
[17.697s][debug  ][gc,tlab        ] GC(5) TLAB totals: thrds: 1  refills: 1 max: 1 slow allocs: 187 max 187 waste: 16.5% gc: 829296B max: 829296B slow: 0B max: 0B
[17.697s][info   ][gc,start       ] GC(5) Pause Young (Allocation Failure)
[17.697s][debug  ][gc,phases,start] GC(5) Scavenge
[17.700s][debug  ][gc,phases      ] GC(5) Scavenge 3.197ms
[17.700s][debug  ][gc,phases,start] GC(5) Reference Processing
[17.700s][debug  ][gc,ref         ] GC(5) Skipped phase 1 of Reference Processing: no references
[17.700s][debug  ][gc,ref         ] GC(5) ReferenceProcessor::execute queues: 1, RefProcThreadModel::Single, marks_oops_alive: false
[17.700s][debug  ][gc,ref         ] GC(5) Skipped phase 3 of Reference Processing: no references
[17.700s][debug  ][gc,ref         ] GC(5) ReferenceProcessor::execute queues: 1, RefProcThreadModel::Single, marks_oops_alive: false
[17.700s][debug  ][gc,phases,ref  ] GC(5) Reference Processing: 0.1ms
[17.701s][debug  ][gc,phases,ref  ] GC(5)   Reconsider SoftReferences: 0.0ms
[17.701s][debug  ][gc,phases,ref  ] GC(5)     SoftRef (ms):                  skipped
[17.701s][debug  ][gc,phases,ref  ] GC(5)   Notify Soft/WeakReferences: 0.0ms
[17.701s][debug  ][gc,phases,ref  ] GC(5)     SoftRef (ms):                  Min:  0.0, Avg:  0.0, Max:  0.0, Diff:  0.0, Sum:  0.0, Workers: 10
[17.701s][debug  ][gc,phases,ref  ] GC(5)     WeakRef (ms):                  Min:  0.0, Avg:  0.0, Max:  0.0, Diff:  0.0, Sum:  0.0, Workers: 10
[17.701s][debug  ][gc,phases,ref  ] GC(5)     FinalRef (ms):                 Min:  0.0, Avg:  0.0, Max:  0.0, Diff:  0.0, Sum:  0.0, Workers: 10
[17.701s][debug  ][gc,phases,ref  ] GC(5)     Total (ms):                    Min:  0.0, Avg:  0.0, Max:  0.0, Diff:  0.0, Sum:  0.0, Workers: 10
[17.701s][debug  ][gc,phases,ref  ] GC(5)   Notify and keep alive finalizable: 0.0ms
[17.701s][debug  ][gc,phases,ref  ] GC(5)     FinalRef (ms):                 skipped
[17.701s][debug  ][gc,phases,ref  ] GC(5)   Notify PhantomReferences: 0.0ms
[17.701s][debug  ][gc,phases,ref  ] GC(5)     PhantomRef (ms):               Min:  0.0, Avg:  0.0, Max:  0.0, Diff:  0.0, Sum:  0.0, Workers: 10
[17.701s][debug  ][gc,phases,ref  ] GC(5)   SoftReference:
[17.701s][debug  ][gc,phases,ref  ] GC(5)     Discovered: 0
[17.701s][debug  ][gc,phases,ref  ] GC(5)     Cleared: 0
[17.701s][debug  ][gc,phases,ref  ] GC(5)   WeakReference:
[17.701s][debug  ][gc,phases,ref  ] GC(5)     Discovered: 106
[17.701s][debug  ][gc,phases,ref  ] GC(5)     Cleared: 106
[17.701s][debug  ][gc,phases,ref  ] GC(5)   FinalReference:
[17.701s][debug  ][gc,phases,ref  ] GC(5)     Discovered: 0
[17.701s][debug  ][gc,phases,ref  ] GC(5)     Cleared: 0
[17.701s][debug  ][gc,phases,ref  ] GC(5)   PhantomReference:
[17.701s][debug  ][gc,phases,ref  ] GC(5)     Discovered: 5
[17.701s][debug  ][gc,phases,ref  ] GC(5)     Cleared: 5
[17.701s][debug  ][gc,phases      ] GC(5) Reference Processing 0.742ms
[17.701s][debug  ][gc,phases,start] GC(5) Weak Processing
[17.701s][debug  ][gc,phases      ] GC(5)   VM Weak                        Min:  0.0, Avg:  0.0, Max:  0.0, Diff:  0.0, Sum:  0.0, Workers: 6
[17.701s][debug  ][gc,phases      ] GC(5)     Dead                           Min: 0, Avg:  0.0, Max: 0, Diff: 0, Sum: 0, Workers: 6
[17.701s][debug  ][gc,phases      ] GC(5)     Total                          Min: 0, Avg:  1.3, Max: 8, Diff: 8, Sum: 8, Workers: 6
[17.701s][debug  ][gc,phases      ] GC(5)   ObjectSynchronizer Weak        Min:  0.0, Avg:  0.0, Max:  0.0, Diff:  0.0, Sum:  0.0, Workers: 6
[17.701s][debug  ][gc,phases      ] GC(5)     Dead                           Min: 0, Avg:  0.0, Max: 0, Diff: 0, Sum: 0, Workers: 6
[17.701s][debug  ][gc,phases      ] GC(5)     Total                          Min: 0, Avg:  0.5, Max: 3, Diff: 3, Sum: 3, Workers: 6
[17.701s][debug  ][gc,phases      ] GC(5)   JVMTI Tag Weak OopStorage      Min:  0.0, Avg:  0.0, Max:  0.0, Diff:  0.0, Sum:  0.0, Workers: 6
[17.701s][debug  ][gc,phases      ] GC(5)     Dead                           Min: 0, Avg:  0.0, Max: 0, Diff: 0, Sum: 0, Workers: 6
[17.701s][debug  ][gc,phases      ] GC(5)     Total                          Min: 0, Avg:  0.0, Max: 0, Diff: 0, Sum: 0, Workers: 6
[17.701s][debug  ][gc,phases      ] GC(5)   StringTable Weak               Min:  0.0, Avg:  0.0, Max:  0.0, Diff:  0.0, Sum:  0.2, Workers: 6
[17.701s][debug  ][gc,phases      ] GC(5)     Dead                           Min: 0, Avg:  0.0, Max: 0, Diff: 0, Sum: 0, Workers: 6
[17.701s][debug  ][gc,phases      ] GC(5)     Total                          Min: 704, Avg: 892.8, Max: 1152, Diff: 448, Sum: 5357, Workers: 6
[17.702s][debug  ][gc,phases      ] GC(5)   ResolvedMethodTable Weak       Min:  0.0, Avg:  0.0, Max:  0.0, Diff:  0.0, Sum:  0.0, Workers: 6
[17.702s][debug  ][gc,phases      ] GC(5)     Dead                           Min: 0, Avg:  0.0, Max: 0, Diff: 0, Sum: 0, Workers: 6
[17.702s][debug  ][gc,phases      ] GC(5)     Total                          Min: 0, Avg: 21.7, Max: 64, Diff: 64, Sum: 130, Workers: 6
[17.702s][debug  ][gc,phases      ] GC(5)   JNI Weak                       Min:  0.0, Avg:  0.0, Max:  0.0, Diff:  0.0, Sum:  0.0, Workers: 6
[17.702s][debug  ][gc,phases      ] GC(5)     Dead                           Min: 0, Avg:  0.0, Max: 0, Diff: 0, Sum: 0, Workers: 6
[17.702s][debug  ][gc,phases      ] GC(5)     Total                          Min: 0, Avg:  0.0, Max: 0, Diff: 0, Sum: 0, Workers: 6
[17.702s][debug  ][gc,phases      ] GC(5)   StringDedup Table Weak         Min:  0.0, Avg:  0.0, Max:  0.0, Diff:  0.0, Sum:  0.0, Workers: 6
[17.702s][debug  ][gc,phases      ] GC(5)     Dead                           Min: 0, Avg:  0.0, Max: 0, Diff: 0, Sum: 0, Workers: 6
[17.702s][debug  ][gc,phases      ] GC(5)     Total                          Min: 0, Avg:  0.0, Max: 0, Diff: 0, Sum: 0, Workers: 6
[17.702s][debug  ][gc,phases      ] GC(5)   StringDedup Requests0 Weak     Min:  0.0, Avg:  0.0, Max:  0.0, Diff:  0.0, Sum:  0.0, Workers: 6
[17.702s][debug  ][gc,phases      ] GC(5)     Dead                           Min: 0, Avg:  0.0, Max: 0, Diff: 0, Sum: 0, Workers: 6
[17.702s][debug  ][gc,phases      ] GC(5)     Total                          Min: 0, Avg:  0.0, Max: 0, Diff: 0, Sum: 0, Workers: 6
[17.702s][debug  ][gc,phases      ] GC(5)   StringDedup Requests1 Weak     Min:  0.0, Avg:  0.0, Max:  0.0, Diff:  0.0, Sum:  0.0, Workers: 6
[17.702s][debug  ][gc,phases      ] GC(5)     Dead                           Min: 0, Avg:  0.0, Max: 0, Diff: 0, Sum: 0, Workers: 6
[17.702s][debug  ][gc,phases      ] GC(5)     Total                          Min: 0, Avg:  0.0, Max: 0, Diff: 0, Sum: 0, Workers: 6
[17.702s][debug  ][gc,phases      ] GC(5)   Weak JFR Old Object Samples    Min:  0.0, Avg:  0.0, Max:  0.0, Diff:  0.0, Sum:  0.0, Workers: 6
[17.702s][debug  ][gc,phases      ] GC(5)     Dead                           Min: 0, Avg:  0.0, Max: 0, Diff: 0, Sum: 0, Workers: 6
[17.702s][debug  ][gc,phases      ] GC(5)     Total                          Min: 0, Avg:  0.0, Max: 0, Diff: 0, Sum: 0, Workers: 6
[17.702s][debug  ][gc,phases      ] GC(5) Weak Processing 0.842ms
[17.702s][debug  ][gc,ergo        ] GC(5) AdaptiveSizeStart:  collection: 6 
[17.702s][debug  ][gc,ergo        ] GC(5) avg_survived_padded_avg: 33611884.000000
[17.702s][debug  ][gc,ergo        ] GC(5) avg_promoted_padded_avg: 51271272.000000  avg_pretenured_padded_avg: 0.000000  tenuring_thresh: 5  target_size: 34078720
[17.702s][debug  ][gc,age         ] GC(5) Desired survivor size 34078720 bytes, new threshold 5 (max threshold 15)
[17.702s][debug  ][gc,ergo        ] GC(5) PSAdaptiveSizePolicy::compute_eden_space_size: costs minor_time: 0.003002 major_cost: 0.000000 mutator_cost: 0.996998 throughput_goal: 0.990000
[17.702s][debug  ][gc,ergo        ] GC(5) Live_space: 301603808 free_space: 397934592
[17.702s][debug  ][gc,ergo        ] GC(5) Old eden_size: 196608000 desired_eden_size: 196608000
[17.702s][debug  ][gc,ergo        ] GC(5) AdaptiveSizeStop: collection: 6 
[17.702s][info   ][gc,heap        ] GC(5) PSYoungGen: 228983K(229376K)->31576K(228352K) Eden: 196398K(196608K)->0K(195584K) From: 32584K(32768K)->31576K(32768K)
[17.702s][info   ][gc,heap        ] GC(5) ParOldGen: 133138K(262144K)->133138K(262144K)
[17.702s][info   ][gc,metaspace   ] GC(5) Metaspace: 1024K(1216K)->1024K(1216K) NonClass: 940K(1024K)->940K(1024K) Class: 83K(192K)->83K(192K)
[17.702s][info   ][gc             ] GC(5) Pause Young (Allocation Failure) 353M->160M(479M) 5.270ms
[17.702s][info   ][gc,cpu         ] GC(5) User=0.00s Sys=0.00s Real=0.01s
[17.702s][debug  ][gc,heap        ] GC(5) Heap after GC invocations=6 (full 0):
[17.702s][debug  ][gc,heap        ] GC(5)  PSYoungGen      total 228352K, used 31576K [0x00000000f0000000, 0x0000000100000000, 0x0000000100000000)
[17.702s][debug  ][gc,heap        ] GC(5)   eden space 195584K, 0% used [0x00000000f0000000,0x00000000f0000000,0x00000000fbf00000)
[17.702s][debug  ][gc,heap        ] GC(5)   from space 32768K, 96% used [0x00000000fe000000,0x00000000ffed61e0,0x0000000100000000)
[17.702s][debug  ][gc,heap        ] GC(5)   to   space 33280K, 0% used [0x00000000fbf00000,0x00000000fbf00000,0x00000000fdf80000)
[17.702s][debug  ][gc,heap        ] GC(5)  ParOldGen       total 262144K, used 133138K [0x00000000c0000000, 0x00000000d0000000, 0x00000000f0000000)
[17.703s][debug  ][gc,heap        ] GC(5)   object space 262144K, 50% used [0x00000000c0000000,0x00000000c8204820,0x00000000d0000000)
[17.703s][debug  ][gc,heap        ] GC(5)  Metaspace       used 1024K, committed 1216K, reserved 1056768K
[17.703s][debug  ][gc,heap        ] GC(5)   class space    used 83K, committed 192K, reserved 1048576K
[17.703s][debug  ][gc,task,time   ] GC(5) VM-Thread 176965683 177003332 177026041
[20.644s][debug  ][gc,heap        ] GC(6) Heap before GC invocations=7 (full 0):
[20.644s][debug  ][gc,heap        ] GC(6)  PSYoungGen      total 228352K, used 226942K [0x00000000f0000000, 0x0000000100000000, 0x0000000100000000)
[20.644s][debug  ][gc,heap        ] GC(6)   eden space 195584K, 99% used [0x00000000f0000000,0x00000000fbec9738,0x00000000fbf00000)
[20.644s][debug  ][gc,heap        ] GC(6)   from space 32768K, 96% used [0x00000000fe000000,0x00000000ffed61e0,0x0000000100000000)
[20.644s][debug  ][gc,heap        ] GC(6)   to   space 33280K, 0% used [0x00000000fbf00000,0x00000000fbf00000,0x00000000fdf80000)
[20.644s][debug  ][gc,heap        ] GC(6)  ParOldGen       total 262144K, used 133138K [0x00000000c0000000, 0x00000000d0000000, 0x00000000f0000000)
[20.644s][debug  ][gc,heap        ] GC(6)   object space 262144K, 50% used [0x00000000c0000000,0x00000000c8204820,0x00000000d0000000)
[20.644s][debug  ][gc,heap        ] GC(6)  Metaspace       used 1024K, committed 1216K, reserved 1056768K
[20.644s][debug  ][gc,heap        ] GC(6)   class space    used 83K, committed 192K, reserved 1048576K
[20.644s][debug  ][gc,tlab        ] GC(6) TLAB totals: thrds: 1  refills: 1 max: 1 slow allocs: 186 max 186 waste: 16.3% gc: 819976B max: 819976B slow: 0B max: 0B
[20.644s][info   ][gc,start       ] GC(6) Pause Young (Allocation Failure)
[20.644s][debug  ][gc,phases,start] GC(6) Scavenge
[20.647s][debug  ][gc,phases      ] GC(6) Scavenge 2.219ms
[20.647s][debug  ][gc,phases,start] GC(6) Reference Processing
[20.647s][debug  ][gc,ref         ] GC(6) Skipped phase 1 of Reference Processing: no references
[20.647s][debug  ][gc,ref         ] GC(6) Skipped phase 2 of Reference Processing: no references
[20.647s][debug  ][gc,ref         ] GC(6) Skipped phase 3 of Reference Processing: no references
[20.647s][debug  ][gc,ref         ] GC(6) Skipped phase 4 of Reference Processing: no references
[20.647s][debug  ][gc,phases,ref  ] GC(6) Reference Processing: 0.1ms
[20.647s][debug  ][gc,phases,ref  ] GC(6)   Reconsider SoftReferences: 0.0ms
[20.647s][debug  ][gc,phases,ref  ] GC(6)     SoftRef (ms):                  skipped
[20.647s][debug  ][gc,phases,ref  ] GC(6)   Notify Soft/WeakReferences: 0.0ms
[20.647s][debug  ][gc,phases,ref  ] GC(6)     SoftRef (ms):                  skipped
[20.647s][debug  ][gc,phases,ref  ] GC(6)     WeakRef (ms):                  skipped
[20.647s][debug  ][gc,phases,ref  ] GC(6)     FinalRef (ms):                 skipped
[20.647s][debug  ][gc,phases,ref  ] GC(6)     Total (ms):                    skipped
[20.647s][debug  ][gc,phases,ref  ] GC(6)   Notify and keep alive finalizable: 0.0ms
[20.647s][debug  ][gc,phases,ref  ] GC(6)     FinalRef (ms):                 skipped
[20.647s][debug  ][gc,phases,ref  ] GC(6)   Notify PhantomReferences: 0.0ms
[20.647s][debug  ][gc,phases,ref  ] GC(6)     PhantomRef (ms):               skipped
[20.647s][debug  ][gc,phases,ref  ] GC(6)   SoftReference:
[20.647s][debug  ][gc,phases,ref  ] GC(6)     Discovered: 0
[20.647s][debug  ][gc,phases,ref  ] GC(6)     Cleared: 0
[20.647s][debug  ][gc,phases,ref  ] GC(6)   WeakReference:
[20.647s][debug  ][gc,phases,ref  ] GC(6)     Discovered: 0
[20.647s][debug  ][gc,phases,ref  ] GC(6)     Cleared: 0
[20.647s][debug  ][gc,phases,ref  ] GC(6)   FinalReference:
[20.647s][debug  ][gc,phases,ref  ] GC(6)     Discovered: 0
[20.647s][debug  ][gc,phases,ref  ] GC(6)     Cleared: 0
[20.647s][debug  ][gc,phases,ref  ] GC(6)   PhantomReference:
[20.647s][debug  ][gc,phases,ref  ] GC(6)     Discovered: 0
[20.647s][debug  ][gc,phases,ref  ] GC(6)     Cleared: 0
[20.647s][debug  ][gc,phases      ] GC(6) Reference Processing 0.813ms
[20.647s][debug  ][gc,phases,start] GC(6) Weak Processing
[20.648s][debug  ][gc,phases      ] GC(6)   VM Weak                        Min:  0.0, Avg:  0.0, Max:  0.0, Diff:  0.0, Sum:  0.0, Workers: 6
[20.648s][debug  ][gc,phases      ] GC(6)     Dead                           Min: 0, Avg:  0.0, Max: 0, Diff: 0, Sum: 0, Workers: 6
[20.648s][debug  ][gc,phases      ] GC(6)     Total                          Min: 0, Avg:  1.3, Max: 8, Diff: 8, Sum: 8, Workers: 6
[20.648s][debug  ][gc,phases      ] GC(6)   ObjectSynchronizer Weak        Min:  0.0, Avg:  0.0, Max:  0.0, Diff:  0.0, Sum:  0.0, Workers: 6
[20.648s][debug  ][gc,phases      ] GC(6)     Dead                           Min: 0, Avg:  0.0, Max: 0, Diff: 0, Sum: 0, Workers: 6
[20.648s][debug  ][gc,phases      ] GC(6)     Total                          Min: 0, Avg:  0.5, Max: 3, Diff: 3, Sum: 3, Workers: 6
[20.648s][debug  ][gc,phases      ] GC(6)   JVMTI Tag Weak OopStorage      Min:  0.0, Avg:  0.0, Max:  0.0, Diff:  0.0, Sum:  0.0, Workers: 6
[20.648s][debug  ][gc,phases      ] GC(6)     Dead                           Min: 0, Avg:  0.0, Max: 0, Diff: 0, Sum: 0, Workers: 6
[20.648s][debug  ][gc,phases      ] GC(6)     Total                          Min: 0, Avg:  0.0, Max: 0, Diff: 0, Sum: 0, Workers: 6
[20.648s][debug  ][gc,phases      ] GC(6)   StringTable Weak               Min:  0.0, Avg:  0.0, Max:  0.0, Diff:  0.0, Sum:  0.2, Workers: 6
[20.648s][debug  ][gc,phases      ] GC(6)     Dead                           Min: 0, Avg:  0.0, Max: 0, Diff: 0, Sum: 0, Workers: 6
[20.648s][debug  ][gc,phases      ] GC(6)     Total                          Min: 768, Avg: 892.8, Max: 1088, Diff: 320, Sum: 5357, Workers: 6
[20.648s][debug  ][gc,phases      ] GC(6)   ResolvedMethodTable Weak       Min:  0.0, Avg:  0.0, Max:  0.0, Diff:  0.0, Sum:  0.0, Workers: 6
[20.648s][debug  ][gc,phases      ] GC(6)     Dead                           Min: 0, Avg:  0.0, Max: 0, Diff: 0, Sum: 0, Workers: 6
[20.648s][debug  ][gc,phases      ] GC(6)     Total                          Min: 0, Avg: 21.7, Max: 64, Diff: 64, Sum: 130, Workers: 6
[20.648s][debug  ][gc,phases      ] GC(6)   JNI Weak                       Min:  0.0, Avg:  0.0, Max:  0.0, Diff:  0.0, Sum:  0.0, Workers: 6
[20.648s][debug  ][gc,phases      ] GC(6)     Dead                           Min: 0, Avg:  0.0, Max: 0, Diff: 0, Sum: 0, Workers: 6
[20.648s][debug  ][gc,phases      ] GC(6)     Total                          Min: 0, Avg:  0.0, Max: 0, Diff: 0, Sum: 0, Workers: 6
[20.648s][debug  ][gc,phases      ] GC(6)   StringDedup Table Weak         Min:  0.0, Avg:  0.0, Max:  0.0, Diff:  0.0, Sum:  0.0, Workers: 6
[20.648s][debug  ][gc,phases      ] GC(6)     Dead                           Min: 0, Avg:  0.0, Max: 0, Diff: 0, Sum: 0, Workers: 6
[20.648s][debug  ][gc,phases      ] GC(6)     Total                          Min: 0, Avg:  0.0, Max: 0, Diff: 0, Sum: 0, Workers: 6
[20.648s][debug  ][gc,phases      ] GC(6)   StringDedup Requests0 Weak     Min:  0.0, Avg:  0.0, Max:  0.0, Diff:  0.0, Sum:  0.0, Workers: 6
[20.648s][debug  ][gc,phases      ] GC(6)     Dead                           Min: 0, Avg:  0.0, Max: 0, Diff: 0, Sum: 0, Workers: 6
[20.648s][debug  ][gc,phases      ] GC(6)     Total                          Min: 0, Avg:  0.0, Max: 0, Diff: 0, Sum: 0, Workers: 6
[20.648s][debug  ][gc,phases      ] GC(6)   StringDedup Requests1 Weak     Min:  0.0, Avg:  0.0, Max:  0.0, Diff:  0.0, Sum:  0.0, Workers: 6
[20.648s][debug  ][gc,phases      ] GC(6)     Dead                           Min: 0, Avg:  0.0, Max: 0, Diff: 0, Sum: 0, Workers: 6
[20.648s][debug  ][gc,phases      ] GC(6)     Total                          Min: 0, Avg:  0.0, Max: 0, Diff: 0, Sum: 0, Workers: 6
[20.648s][debug  ][gc,phases      ] GC(6)   Weak JFR Old Object Samples    Min:  0.0, Avg:  0.0, Max:  0.0, Diff:  0.0, Sum:  0.0, Workers: 6
[20.648s][debug  ][gc,phases      ] GC(6)     Dead                           Min: 0, Avg:  0.0, Max: 0, Diff: 0, Sum: 0, Workers: 6
[20.648s][debug  ][gc,phases      ] GC(6)     Total                          Min: 0, Avg:  0.0, Max: 0, Diff: 0, Sum: 0, Workers: 6
[20.648s][debug  ][gc,phases      ] GC(6) Weak Processing 0.865ms
[20.648s][debug  ][gc,ergo        ] GC(6) AdaptiveSizeStart:  collection: 7 
[20.648s][debug  ][gc,ergo        ] GC(6) avg_survived_padded_avg: 36479608.000000
[20.648s][debug  ][gc,ergo        ] GC(6) avg_promoted_padded_avg: 51991472.000000  avg_pretenured_padded_avg: 0.000000  tenuring_thresh: 4  target_size: 36700160
[20.648s][debug  ][gc,age         ] GC(6) Desired survivor size 36700160 bytes, new threshold 4 (max threshold 15)
[20.648s][debug  ][gc,ergo        ] GC(6) PSAdaptiveSizePolicy::compute_eden_space_size: costs minor_time: 0.002595 major_cost: 0.000000 mutator_cost: 0.997405 throughput_goal: 0.990000
[20.648s][debug  ][gc,ergo        ] GC(6) Live_space: 299749504 free_space: 397934592
[20.648s][debug  ][gc,ergo        ] GC(6) Old eden_size: 196608000 desired_eden_size: 195559424
[20.649s][debug  ][gc,ergo        ] GC(6) AdaptiveSizeStop: collection: 7 
[20.649s][info   ][gc,heap        ] GC(6) PSYoungGen: 226942K(228352K)->19456K(210944K) Eden: 195365K(195584K)->0K(190976K) From: 31576K(32768K)->19456K(19968K)
[20.649s][info   ][gc,heap        ] GC(6) ParOldGen: 133138K(262144K)->134830K(262144K)
[20.649s][info   ][gc,metaspace   ] GC(6) Metaspace: 1024K(1216K)->1024K(1216K) NonClass: 940K(1024K)->940K(1024K) Class: 83K(192K)->83K(192K)
[20.649s][info   ][gc             ] GC(6) Pause Young (Allocation Failure) 351M->150M(462M) 4.381ms
[20.649s][info   ][gc,cpu         ] GC(6) User=0.00s Sys=0.00s Real=0.00s
[20.649s][debug  ][gc,heap        ] GC(6) Heap after GC invocations=7 (full 0):
[20.649s][debug  ][gc,heap        ] GC(6)  PSYoungGen      total 210944K, used 19456K [0x00000000f0000000, 0x0000000100000000, 0x0000000100000000)
[20.649s][debug  ][gc,heap        ] GC(6)   eden space 190976K, 0% used [0x00000000f0000000,0x00000000f0000000,0x00000000fba80000)
[20.649s][debug  ][gc,heap        ] GC(6)   from space 19968K, 97% used [0x00000000fbf00000,0x00000000fd200130,0x00000000fd280000)
[20.649s][debug  ][gc,heap        ] GC(6)   to   space 35840K, 0% used [0x00000000fdd00000,0x00000000fdd00000,0x0000000100000000)
[20.649s][debug  ][gc,heap        ] GC(6)  ParOldGen       total 262144K, used 134830K [0x00000000c0000000, 0x00000000d0000000, 0x00000000f0000000)
[20.649s][debug  ][gc,heap        ] GC(6)   object space 262144K, 51% used [0x00000000c0000000,0x00000000c83ab9b8,0x00000000d0000000)
[20.649s][debug  ][gc,heap        ] GC(6)  Metaspace       used 1024K, committed 1216K, reserved 1056768K
[20.649s][debug  ][gc,heap        ] GC(6)   class space    used 83K, committed 192K, reserved 1048576K
[20.649s][debug  ][gc,task,time   ] GC(6) VM-Thread 206437739 206466142 206489107
[23.523s][debug  ][gc,heap        ] GC(7) Heap before GC invocations=8 (full 0):
[23.523s][debug  ][gc,heap        ] GC(7)  PSYoungGen      total 210944K, used 209617K [0x00000000f0000000, 0x0000000100000000, 0x0000000100000000)
[23.523s][debug  ][gc,heap        ] GC(7)   eden space 190976K, 99% used [0x00000000f0000000,0x00000000fb9b4620,0x00000000fba80000)
[23.524s][debug  ][gc,heap        ] GC(7)   from space 19968K, 97% used [0x00000000fbf00000,0x00000000fd200130,0x00000000fd280000)
[23.524s][debug  ][gc,heap        ] GC(7)   to   space 35840K, 0% used [0x00000000fdd00000,0x00000000fdd00000,0x0000000100000000)
[23.524s][debug  ][gc,heap        ] GC(7)  ParOldGen       total 262144K, used 134830K [0x00000000c0000000, 0x00000000d0000000, 0x00000000f0000000)
[23.524s][debug  ][gc,heap        ] GC(7)   object space 262144K, 51% used [0x00000000c0000000,0x00000000c83ab9b8,0x00000000d0000000)
[23.524s][debug  ][gc,heap        ] GC(7)  Metaspace       used 1024K, committed 1216K, reserved 1056768K
[23.524s][debug  ][gc,heap        ] GC(7)   class space    used 83K, committed 192K, reserved 1048576K
[23.524s][debug  ][gc,tlab        ] GC(7) TLAB totals: thrds: 1  refills: 1 max: 1 slow allocs: 181 max 181 waste: 14.9% gc: 733760B max: 733760B slow: 0B max: 0B
[23.524s][info   ][gc,start       ] GC(7) Pause Young (Allocation Failure)
[23.524s][debug  ][gc,phases,start] GC(7) Scavenge
[23.524s][debug  ][gc,phases      ] GC(7) Scavenge 0.573ms
[23.524s][debug  ][gc,phases,start] GC(7) Reference Processing
[23.524s][debug  ][gc,ref         ] GC(7) Skipped phase 1 of Reference Processing: no references
[23.524s][debug  ][gc,ref         ] GC(7) Skipped phase 2 of Reference Processing: no references
[23.524s][debug  ][gc,ref         ] GC(7) Skipped phase 3 of Reference Processing: no references
[23.525s][debug  ][gc,ref         ] GC(7) Skipped phase 4 of Reference Processing: no references
[23.525s][debug  ][gc,phases,ref  ] GC(7) Reference Processing: 0.1ms
[23.525s][debug  ][gc,phases,ref  ] GC(7)   Reconsider SoftReferences: 0.0ms
[23.525s][debug  ][gc,phases,ref  ] GC(7)     SoftRef (ms):                  skipped
[23.525s][debug  ][gc,phases,ref  ] GC(7)   Notify Soft/WeakReferences: 0.0ms
[23.525s][debug  ][gc,phases,ref  ] GC(7)     SoftRef (ms):                  skipped
[23.525s][debug  ][gc,phases,ref  ] GC(7)     WeakRef (ms):                  skipped
[23.525s][debug  ][gc,phases,ref  ] GC(7)     FinalRef (ms):                 skipped
[23.525s][debug  ][gc,phases,ref  ] GC(7)     Total (ms):                    skipped
[23.525s][debug  ][gc,phases,ref  ] GC(7)   Notify and keep alive finalizable: 0.0ms
[23.525s][debug  ][gc,phases,ref  ] GC(7)     FinalRef (ms):                 skipped
[23.525s][debug  ][gc,phases,ref  ] GC(7)   Notify PhantomReferences: 0.0ms
[23.525s][debug  ][gc,phases,ref  ] GC(7)     PhantomRef (ms):               skipped
[23.525s][debug  ][gc,phases,ref  ] GC(7)   SoftReference:
[23.525s][debug  ][gc,phases,ref  ] GC(7)     Discovered: 0
[23.525s][debug  ][gc,phases,ref  ] GC(7)     Cleared: 0
[23.525s][debug  ][gc,phases,ref  ] GC(7)   WeakReference:
[23.525s][debug  ][gc,phases,ref  ] GC(7)     Discovered: 0
[23.525s][debug  ][gc,phases,ref  ] GC(7)     Cleared: 0
[23.525s][debug  ][gc,phases,ref  ] GC(7)   FinalReference:
[23.525s][debug  ][gc,phases,ref  ] GC(7)     Discovered: 0
[23.525s][debug  ][gc,phases,ref  ] GC(7)     Cleared: 0
[23.525s][debug  ][gc,phases,ref  ] GC(7)   PhantomReference:
[23.525s][debug  ][gc,phases,ref  ] GC(7)     Discovered: 0
[23.525s][debug  ][gc,phases,ref  ] GC(7)     Cleared: 0
[23.525s][debug  ][gc,phases      ] GC(7) Reference Processing 0.607ms
[23.525s][debug  ][gc,phases,start] GC(7) Weak Processing
[23.525s][debug  ][gc,phases      ] GC(7)   VM Weak                        Min:  0.0, Avg:  0.0, Max:  0.0, Diff:  0.0, Sum:  0.0, Workers: 6
[23.525s][debug  ][gc,phases      ] GC(7)     Dead                           Min: 0, Avg:  0.0, Max: 0, Diff: 0, Sum: 0, Workers: 6
[23.525s][debug  ][gc,phases      ] GC(7)     Total                          Min: 0, Avg:  1.3, Max: 8, Diff: 8, Sum: 8, Workers: 6
[23.525s][debug  ][gc,phases      ] GC(7)   ObjectSynchronizer Weak        Min:  0.0, Avg:  0.0, Max:  0.0, Diff:  0.0, Sum:  0.0, Workers: 6
[23.525s][debug  ][gc,phases      ] GC(7)     Dead                           Min: 0, Avg:  0.0, Max: 0, Diff: 0, Sum: 0, Workers: 6
[23.525s][debug  ][gc,phases      ] GC(7)     Total                          Min: 0, Avg:  0.5, Max: 3, Diff: 3, Sum: 3, Workers: 6
[23.525s][debug  ][gc,phases      ] GC(7)   JVMTI Tag Weak OopStorage      Min:  0.0, Avg:  0.0, Max:  0.0, Diff:  0.0, Sum:  0.0, Workers: 6
[23.525s][debug  ][gc,phases      ] GC(7)     Dead                           Min: 0, Avg:  0.0, Max: 0, Diff: 0, Sum: 0, Workers: 6
[23.525s][debug  ][gc,phases      ] GC(7)     Total                          Min: 0, Avg:  0.0, Max: 0, Diff: 0, Sum: 0, Workers: 6
[23.525s][debug  ][gc,phases      ] GC(7)   StringTable Weak               Min:  0.0, Avg:  0.0, Max:  0.0, Diff:  0.0, Sum:  0.0, Workers: 6
[23.525s][debug  ][gc,phases      ] GC(7)     Dead                           Min: 0, Avg:  0.0, Max: 0, Diff: 0, Sum: 0, Workers: 6
[23.525s][debug  ][gc,phases      ] GC(7)     Total                          Min: 813, Avg: 892.8, Max: 960, Diff: 147, Sum: 5357, Workers: 6
[23.525s][debug  ][gc,phases      ] GC(7)   ResolvedMethodTable Weak       Min:  0.0, Avg:  0.0, Max:  0.0, Diff:  0.0, Sum:  0.0, Workers: 6
[23.525s][debug  ][gc,phases      ] GC(7)     Dead                           Min: 0, Avg:  0.0, Max: 0, Diff: 0, Sum: 0, Workers: 6
[23.525s][debug  ][gc,phases      ] GC(7)     Total                          Min: 0, Avg: 21.7, Max: 64, Diff: 64, Sum: 130, Workers: 6
[23.525s][debug  ][gc,phases      ] GC(7)   JNI Weak                       Min:  0.0, Avg:  0.0, Max:  0.0, Diff:  0.0, Sum:  0.0, Workers: 6
[23.525s][debug  ][gc,phases      ] GC(7)     Dead                           Min: 0, Avg:  0.0, Max: 0, Diff: 0, Sum: 0, Workers: 6
[23.525s][debug  ][gc,phases      ] GC(7)     Total                          Min: 0, Avg:  0.0, Max: 0, Diff: 0, Sum: 0, Workers: 6
[23.525s][debug  ][gc,phases      ] GC(7)   StringDedup Table Weak         Min:  0.0, Avg:  0.0, Max:  0.0, Diff:  0.0, Sum:  0.0, Workers: 6
[23.525s][debug  ][gc,phases      ] GC(7)     Dead                           Min: 0, Avg:  0.0, Max: 0, Diff: 0, Sum: 0, Workers: 6
[23.526s][debug  ][gc,phases      ] GC(7)     Total                          Min: 0, Avg:  0.0, Max: 0, Diff: 0, Sum: 0, Workers: 6
[23.526s][debug  ][gc,phases      ] GC(7)   StringDedup Requests0 Weak     Min:  0.0, Avg:  0.0, Max:  0.0, Diff:  0.0, Sum:  0.0, Workers: 6
[23.526s][debug  ][gc,phases      ] GC(7)     Dead                           Min: 0, Avg:  0.0, Max: 0, Diff: 0, Sum: 0, Workers: 6
[23.526s][debug  ][gc,phases      ] GC(7)     Total                          Min: 0, Avg:  0.0, Max: 0, Diff: 0, Sum: 0, Workers: 6
[23.526s][debug  ][gc,phases      ] GC(7)   StringDedup Requests1 Weak     Min:  0.0, Avg:  0.0, Max:  0.0, Diff:  0.0, Sum:  0.0, Workers: 6
[23.526s][debug  ][gc,phases      ] GC(7)     Dead                           Min: 0, Avg:  0.0, Max: 0, Diff: 0, Sum: 0, Workers: 6
[23.526s][debug  ][gc,phases      ] GC(7)     Total                          Min: 0, Avg:  0.0, Max: 0, Diff: 0, Sum: 0, Workers: 6
[23.526s][debug  ][gc,phases      ] GC(7)   Weak JFR Old Object Samples    Min:  0.0, Avg:  0.0, Max:  0.0, Diff:  0.0, Sum:  0.0, Workers: 6
[23.526s][debug  ][gc,phases      ] GC(7)     Dead                           Min: 0, Avg:  0.0, Max: 0, Diff: 0, Sum: 0, Workers: 6
[23.526s][debug  ][gc,phases      ] GC(7)     Total                          Min: 0, Avg:  0.0, Max: 0, Diff: 0, Sum: 0, Workers: 6
[23.526s][debug  ][gc,phases      ] GC(7) Weak Processing 0.678ms
[23.526s][debug  ][gc,ergo        ] GC(7) AdaptiveSizeStart:  collection: 8 
[23.526s][debug  ][gc,ergo        ] GC(7) avg_survived_padded_avg: 41196888.000000
[23.526s][debug  ][gc,ergo        ] GC(7) avg_promoted_padded_avg: 49596208.000000  avg_pretenured_padded_avg: 0.000000  tenuring_thresh: 3  target_size: 41418752
[23.526s][debug  ][gc,age         ] GC(7) Desired survivor size 41418752 bytes, new threshold 3 (max threshold 15)
[23.526s][debug  ][gc,ergo        ] GC(7) PSAdaptiveSizePolicy::compute_eden_space_size: costs minor_time: 0.002115 major_cost: 0.000000 mutator_cost: 0.997885 throughput_goal: 0.990000
[23.526s][debug  ][gc,ergo        ] GC(7) Live_space: 296495136 free_space: 396886016
[23.526s][debug  ][gc,ergo        ] GC(7) Old eden_size: 195559424 desired_eden_size: 190840832
[23.526s][debug  ][gc,ergo        ] GC(7) AdaptiveSizeStop: collection: 8 
[23.526s][info   ][gc,heap        ] GC(7) PSYoungGen: 209617K(210944K)->4096K(217088K) Eden: 190161K(190976K)->0K(181248K) From: 19456K(19968K)->4096K(35840K)
[23.526s][info   ][gc,heap        ] GC(7) ParOldGen: 134830K(262144K)->134830K(262144K)
[23.526s][info   ][gc,metaspace   ] GC(7) Metaspace: 1024K(1216K)->1024K(1216K) NonClass: 940K(1024K)->940K(1024K) Class: 83K(192K)->83K(192K)
[23.526s][info   ][gc             ] GC(7) Pause Young (Allocation Failure) 336M->135M(468M) 2.227ms
[23.526s][info   ][gc,cpu         ] GC(7) User=0.00s Sys=0.00s Real=0.00s
[23.526s][debug  ][gc,heap        ] GC(7) Heap after GC invocations=8 (full 0):
[23.526s][debug  ][gc,heap        ] GC(7)  PSYoungGen      total 217088K, used 4096K [0x00000000f0000000, 0x0000000100000000, 0x0000000100000000)
[23.526s][debug  ][gc,heap        ] GC(7)   eden space 181248K, 0% used [0x00000000f0000000,0x00000000f0000000,0x00000000fb100000)
[23.526s][debug  ][gc,heap        ] GC(7)   from space 35840K, 11% used [0x00000000fdd00000,0x00000000fe100040,0x0000000100000000)
[23.526s][debug  ][gc,heap        ] GC(7)   to   space 40448K, 0% used [0x00000000fb100000,0x00000000fb100000,0x00000000fd880000)
[23.526s][debug  ][gc,heap        ] GC(7)  ParOldGen       total 262144K, used 134830K [0x00000000c0000000, 0x00000000d0000000, 0x00000000f0000000)
[23.526s][debug  ][gc,heap        ] GC(7)   object space 262144K, 51% used [0x00000000c0000000,0x00000000c83ab9b8,0x00000000d0000000)
[23.526s][debug  ][gc,heap        ] GC(7)  Metaspace       used 1024K, committed 1216K, reserved 1056768K
[23.526s][debug  ][gc,heap        ] GC(7)   class space    used 83K, committed 192K, reserved 1048576K
[23.526s][debug  ][gc,task,time   ] GC(7) VM-Thread 235233676 235244066 235262018
[26.259s][debug  ][gc,heap        ] GC(8) Heap before GC invocations=9 (full 0):
[26.259s][debug  ][gc,heap        ] GC(8)  PSYoungGen      total 217088K, used 184853K [0x00000000f0000000, 0x0000000100000000, 0x0000000100000000)
[26.259s][debug  ][gc,heap        ] GC(8)   eden space 181248K, 99% used [0x00000000f0000000,0x00000000fb085460,0x00000000fb100000)
[26.259s][debug  ][gc,heap        ] GC(8)   from space 35840K, 11% used [0x00000000fdd00000,0x00000000fe100040,0x0000000100000000)
[26.259s][debug  ][gc,heap        ] GC(8)   to   space 40448K, 0% used [0x00000000fb100000,0x00000000fb100000,0x00000000fd880000)
[26.259s][debug  ][gc,heap        ] GC(8)  ParOldGen       total 262144K, used 134830K [0x00000000c0000000, 0x00000000d0000000, 0x00000000f0000000)
[26.259s][debug  ][gc,heap        ] GC(8)   object space 262144K, 51% used [0x00000000c0000000,0x00000000c83ab9b8,0x00000000d0000000)
[26.259s][debug  ][gc,heap        ] GC(8)  Metaspace       used 1024K, committed 1216K, reserved 1056768K
[26.259s][debug  ][gc,heap        ] GC(8)   class space    used 83K, committed 192K, reserved 1048576K
[26.259s][debug  ][gc,tlab        ] GC(8) TLAB totals: thrds: 1  refills: 1 max: 1 slow allocs: 172 max 172 waste: 11.4% gc: 542008B max: 542008B slow: 0B max: 0B
[26.259s][info   ][gc,start       ] GC(8) Pause Young (Allocation Failure)
[26.259s][debug  ][gc,phases,start] GC(8) Scavenge
[26.269s][debug  ][gc,phases      ] GC(8) Scavenge 9.612ms
[26.269s][debug  ][gc,phases,start] GC(8) Reference Processing
[26.269s][debug  ][gc,ref         ] GC(8) Skipped phase 1 of Reference Processing: no references
[26.269s][debug  ][gc,ref         ] GC(8) Skipped phase 2 of Reference Processing: no references
[26.269s][debug  ][gc,ref         ] GC(8) Skipped phase 3 of Reference Processing: no references
[26.269s][debug  ][gc,ref         ] GC(8) Skipped phase 4 of Reference Processing: no references
[26.269s][debug  ][gc,phases,ref  ] GC(8) Reference Processing: 0.1ms
[26.269s][debug  ][gc,phases,ref  ] GC(8)   Reconsider SoftReferences: 0.0ms
[26.269s][debug  ][gc,phases,ref  ] GC(8)     SoftRef (ms):                  skipped
[26.269s][debug  ][gc,phases,ref  ] GC(8)   Notify Soft/WeakReferences: 0.0ms
[26.269s][debug  ][gc,phases,ref  ] GC(8)     SoftRef (ms):                  skipped
[26.269s][debug  ][gc,phases,ref  ] GC(8)     WeakRef (ms):                  skipped
[26.269s][debug  ][gc,phases,ref  ] GC(8)     FinalRef (ms):                 skipped
[26.269s][debug  ][gc,phases,ref  ] GC(8)     Total (ms):                    skipped
[26.269s][debug  ][gc,phases,ref  ] GC(8)   Notify and keep alive finalizable: 0.0ms
[26.269s][debug  ][gc,phases,ref  ] GC(8)     FinalRef (ms):                 skipped
[26.269s][debug  ][gc,phases,ref  ] GC(8)   Notify PhantomReferences: 0.0ms
[26.269s][debug  ][gc,phases,ref  ] GC(8)     PhantomRef (ms):               skipped
[26.269s][debug  ][gc,phases,ref  ] GC(8)   SoftReference:
[26.269s][debug  ][gc,phases,ref  ] GC(8)     Discovered: 0
[26.269s][debug  ][gc,phases,ref  ] GC(8)     Cleared: 0
[26.269s][debug  ][gc,phases,ref  ] GC(8)   WeakReference:
[26.269s][debug  ][gc,phases,ref  ] GC(8)     Discovered: 0
[26.269s][debug  ][gc,phases,ref  ] GC(8)     Cleared: 0
[26.269s][debug  ][gc,phases,ref  ] GC(8)   FinalReference:
[26.269s][debug  ][gc,phases,ref  ] GC(8)     Discovered: 0
[26.269s][debug  ][gc,phases,ref  ] GC(8)     Cleared: 0
[26.269s][debug  ][gc,phases,ref  ] GC(8)   PhantomReference:
[26.269s][debug  ][gc,phases,ref  ] GC(8)     Discovered: 0
[26.269s][debug  ][gc,phases,ref  ] GC(8)     Cleared: 0
[26.269s][debug  ][gc,phases      ] GC(8) Reference Processing 0.595ms
[26.269s][debug  ][gc,phases,start] GC(8) Weak Processing
[26.270s][debug  ][gc,phases      ] GC(8)   VM Weak                        Min:  0.0, Avg:  0.0, Max:  0.0, Diff:  0.0, Sum:  0.0, Workers: 6
[26.270s][debug  ][gc,phases      ] GC(8)     Dead                           Min: 0, Avg:  0.0, Max: 0, Diff: 0, Sum: 0, Workers: 6
[26.270s][debug  ][gc,phases      ] GC(8)     Total                          Min: 0, Avg:  1.3, Max: 8, Diff: 8, Sum: 8, Workers: 6
[26.270s][debug  ][gc,phases      ] GC(8)   ObjectSynchronizer Weak        Min:  0.0, Avg:  0.0, Max:  0.0, Diff:  0.0, Sum:  0.0, Workers: 6
[26.270s][debug  ][gc,phases      ] GC(8)     Dead                           Min: 0, Avg:  0.0, Max: 0, Diff: 0, Sum: 0, Workers: 6
[26.270s][debug  ][gc,phases      ] GC(8)     Total                          Min: 0, Avg:  0.5, Max: 3, Diff: 3, Sum: 3, Workers: 6
[26.270s][debug  ][gc,phases      ] GC(8)   JVMTI Tag Weak OopStorage      Min:  0.0, Avg:  0.0, Max:  0.0, Diff:  0.0, Sum:  0.0, Workers: 6
[26.270s][debug  ][gc,phases      ] GC(8)     Dead                           Min: 0, Avg:  0.0, Max: 0, Diff: 0, Sum: 0, Workers: 6
[26.270s][debug  ][gc,phases      ] GC(8)     Total                          Min: 0, Avg:  0.0, Max: 0, Diff: 0, Sum: 0, Workers: 6
[26.270s][debug  ][gc,phases      ] GC(8)   StringTable Weak               Min:  0.0, Avg:  0.0, Max:  0.0, Diff:  0.0, Sum:  0.0, Workers: 6
[26.270s][debug  ][gc,phases      ] GC(8)     Dead                           Min: 0, Avg:  0.0, Max: 0, Diff: 0, Sum: 0, Workers: 6
[26.270s][debug  ][gc,phases      ] GC(8)     Total                          Min: 768, Avg: 892.8, Max: 1088, Diff: 320, Sum: 5357, Workers: 6
[26.270s][debug  ][gc,phases      ] GC(8)   ResolvedMethodTable Weak       Min:  0.0, Avg:  0.0, Max:  0.0, Diff:  0.0, Sum:  0.0, Workers: 6
[26.270s][debug  ][gc,phases      ] GC(8)     Dead                           Min: 0, Avg:  0.0, Max: 0, Diff: 0, Sum: 0, Workers: 6
[26.270s][debug  ][gc,phases      ] GC(8)     Total                          Min: 0, Avg: 21.7, Max: 64, Diff: 64, Sum: 130, Workers: 6
[26.270s][debug  ][gc,phases      ] GC(8)   JNI Weak                       Min:  0.0, Avg:  0.0, Max:  0.0, Diff:  0.0, Sum:  0.0, Workers: 6
[26.270s][debug  ][gc,phases      ] GC(8)     Dead                           Min: 0, Avg:  0.0, Max: 0, Diff: 0, Sum: 0, Workers: 6
[26.270s][debug  ][gc,phases      ] GC(8)     Total                          Min: 0, Avg:  0.0, Max: 0, Diff: 0, Sum: 0, Workers: 6
[26.270s][debug  ][gc,phases      ] GC(8)   StringDedup Table Weak         Min:  0.0, Avg:  0.0, Max:  0.0, Diff:  0.0, Sum:  0.0, Workers: 6
[26.270s][debug  ][gc,phases      ] GC(8)     Dead                           Min: 0, Avg:  0.0, Max: 0, Diff: 0, Sum: 0, Workers: 6
[26.270s][debug  ][gc,phases      ] GC(8)     Total                          Min: 0, Avg:  0.0, Max: 0, Diff: 0, Sum: 0, Workers: 6
[26.270s][debug  ][gc,phases      ] GC(8)   StringDedup Requests0 Weak     Min:  0.0, Avg:  0.0, Max:  0.0, Diff:  0.0, Sum:  0.0, Workers: 6
[26.270s][debug  ][gc,phases      ] GC(8)     Dead                           Min: 0, Avg:  0.0, Max: 0, Diff: 0, Sum: 0, Workers: 6
[26.270s][debug  ][gc,phases      ] GC(8)     Total                          Min: 0, Avg:  0.0, Max: 0, Diff: 0, Sum: 0, Workers: 6
[26.270s][debug  ][gc,phases      ] GC(8)   StringDedup Requests1 Weak     Min:  0.0, Avg:  0.0, Max:  0.0, Diff:  0.0, Sum:  0.0, Workers: 6
[26.270s][debug  ][gc,phases      ] GC(8)     Dead                           Min: 0, Avg:  0.0, Max: 0, Diff: 0, Sum: 0, Workers: 6
[26.270s][debug  ][gc,phases      ] GC(8)     Total                          Min: 0, Avg:  0.0, Max: 0, Diff: 0, Sum: 0, Workers: 6
[26.270s][debug  ][gc,phases      ] GC(8)   Weak JFR Old Object Samples    Min:  0.0, Avg:  0.0, Max:  0.0, Diff:  0.0, Sum:  0.0, Workers: 6
[26.270s][debug  ][gc,phases      ] GC(8)     Dead                           Min: 0, Avg:  0.0, Max: 0, Diff: 0, Sum: 0, Workers: 6
[26.270s][debug  ][gc,phases      ] GC(8)     Total                          Min: 0, Avg:  0.0, Max: 0, Diff: 0, Sum: 0, Workers: 6
[26.270s][debug  ][gc,phases      ] GC(8) Weak Processing 0.665ms
[26.270s][debug  ][gc,ergo        ] GC(8) AdaptiveSizeStart:  collection: 9 
[26.270s][debug  ][gc,ergo        ] GC(8) avg_survived_padded_avg: 44933452.000000
[26.270s][debug  ][gc,ergo        ] GC(8) avg_promoted_padded_avg: 56337688.000000  avg_pretenured_padded_avg: 0.000000  tenuring_thresh: 2  target_size: 45088768
[26.270s][debug  ][gc,age         ] GC(8) Desired survivor size 45088768 bytes, new threshold 2 (max threshold 15)
[26.270s][debug  ][gc,ergo        ] GC(8) PSAdaptiveSizePolicy::compute_eden_space_size: costs minor_time: 0.002588 major_cost: 0.000000 mutator_cost: 0.997412 throughput_goal: 0.990000
[26.270s][debug  ][gc,ergo        ] GC(8) Live_space: 297907040 free_space: 392167424
[26.270s][debug  ][gc,ergo        ] GC(8) Old eden_size: 190840832 desired_eden_size: 181403648
[26.270s][debug  ][gc,ergo        ] GC(8) AdaptiveSizeStop: collection: 9 
[26.270s][info   ][gc,heap        ] GC(8) PSYoungGen: 184853K(217088K)->39936K(217600K) Eden: 180757K(181248K)->0K(177152K) From: 4096K(35840K)->39936K(40448K)
[26.270s][info   ][gc,heap        ] GC(8) ParOldGen: 134830K(262144K)->176815K(262144K)
[26.270s][info   ][gc,metaspace   ] GC(8) Metaspace: 1024K(1216K)->1024K(1216K) NonClass: 941K(1024K)->941K(1024K) Class: 83K(192K)->83K(192K)
[26.270s][info   ][gc             ] GC(8) Pause Young (Allocation Failure) 312M->211M(468M) 11.286ms
[26.270s][info   ][gc,cpu         ] GC(8) User=0.03s Sys=0.00s Real=0.01s
[26.270s][debug  ][gc,heap        ] GC(8) Heap after GC invocations=9 (full 0):
[26.271s][debug  ][gc,heap        ] GC(8)  PSYoungGen      total 217600K, used 39936K [0x00000000f0000000, 0x0000000100000000, 0x0000000100000000)
[26.271s][debug  ][gc,heap        ] GC(8)   eden space 177152K, 0% used [0x00000000f0000000,0x00000000f0000000,0x00000000fad00000)
[26.271s][debug  ][gc,heap        ] GC(8)   from space 40448K, 98% used [0x00000000fb100000,0x00000000fd800270,0x00000000fd880000)
[26.271s][debug  ][gc,heap        ] GC(8)   to   space 40448K, 0% used [0x00000000fd880000,0x00000000fd880000,0x0000000100000000)
[26.271s][debug  ][gc,heap        ] GC(8)  ParOldGen       total 262144K, used 176815K [0x00000000c0000000, 0x00000000d0000000, 0x00000000f0000000)
[26.271s][debug  ][gc,heap        ] GC(8)   object space 262144K, 67% used [0x00000000c0000000,0x00000000cacabc48,0x00000000d0000000)
[26.271s][debug  ][gc,heap        ] GC(8)  Metaspace       used 1024K, committed 1216K, reserved 1056768K
[26.271s][debug  ][gc,heap        ] GC(8)   class space    used 83K, committed 192K, reserved 1048576K
[26.271s][debug  ][gc,task,time   ] GC(8) VM-Thread 262587531 262688818 262706674
[28.952s][debug  ][gc,heap        ] GC(9) Heap before GC invocations=10 (full 0):
[28.952s][debug  ][gc,heap        ] GC(9)  PSYoungGen      total 217600K, used 216520K [0x00000000f0000000, 0x0000000100000000, 0x0000000100000000)
[28.952s][debug  ][gc,heap        ] GC(9)   eden space 177152K, 99% used [0x00000000f0000000,0x00000000fac71ee0,0x00000000fad00000)
[28.952s][debug  ][gc,heap        ] GC(9)   from space 40448K, 98% used [0x00000000fb100000,0x00000000fd800270,0x00000000fd880000)
[28.952s][debug  ][gc,heap        ] GC(9)   to   space 40448K, 0% used [0x00000000fd880000,0x00000000fd880000,0x0000000100000000)
[28.952s][debug  ][gc,heap        ] GC(9)  ParOldGen       total 262144K, used 176815K [0x00000000c0000000, 0x00000000d0000000, 0x00000000f0000000)
[28.952s][debug  ][gc,heap        ] GC(9)   object space 262144K, 67% used [0x00000000c0000000,0x00000000cacabc48,0x00000000d0000000)
[28.952s][debug  ][gc,heap        ] GC(9)  Metaspace       used 1025K, committed 1216K, reserved 1056768K
[28.952s][debug  ][gc,heap        ] GC(9)   class space    used 83K, committed 192K, reserved 1048576K
[28.952s][debug  ][gc,tlab        ] GC(9) TLAB totals: thrds: 1  refills: 1 max: 1 slow allocs: 168 max 168 waste:  9.9% gc: 461776B max: 461776B slow: 0B max: 0B
[28.952s][info   ][gc,start       ] GC(9) Pause Young (Allocation Failure)
[28.952s][debug  ][gc,phases,start] GC(9) Scavenge
[28.958s][debug  ][gc,phases      ] GC(9) Scavenge 5.796ms
[28.958s][debug  ][gc,phases,start] GC(9) Reference Processing
[28.958s][debug  ][gc,ref         ] GC(9) Skipped phase 1 of Reference Processing: no references
[28.958s][debug  ][gc,ref         ] GC(9) Skipped phase 2 of Reference Processing: no references
[28.958s][debug  ][gc,ref         ] GC(9) Skipped phase 3 of Reference Processing: no references
[28.958s][debug  ][gc,ref         ] GC(9) Skipped phase 4 of Reference Processing: no references
[28.958s][debug  ][gc,phases,ref  ] GC(9) Reference Processing: 0.1ms
[28.958s][debug  ][gc,phases,ref  ] GC(9)   Reconsider SoftReferences: 0.0ms
[28.958s][debug  ][gc,phases,ref  ] GC(9)     SoftRef (ms):                  skipped
[28.958s][debug  ][gc,phases,ref  ] GC(9)   Notify Soft/WeakReferences: 0.0ms
[28.958s][debug  ][gc,phases,ref  ] GC(9)     SoftRef (ms):                  skipped
[28.958s][debug  ][gc,phases,ref  ] GC(9)     WeakRef (ms):                  skipped
[28.958s][debug  ][gc,phases,ref  ] GC(9)     FinalRef (ms):                 skipped
[28.959s][debug  ][gc,phases,ref  ] GC(9)     Total (ms):                    skipped
[28.959s][debug  ][gc,phases,ref  ] GC(9)   Notify and keep alive finalizable: 0.0ms
[28.959s][debug  ][gc,phases,ref  ] GC(9)     FinalRef (ms):                 skipped
[28.959s][debug  ][gc,phases,ref  ] GC(9)   Notify PhantomReferences: 0.0ms
[28.959s][debug  ][gc,phases,ref  ] GC(9)     PhantomRef (ms):               skipped
[28.959s][debug  ][gc,phases,ref  ] GC(9)   SoftReference:
[28.959s][debug  ][gc,phases,ref  ] GC(9)     Discovered: 0
[28.959s][debug  ][gc,phases,ref  ] GC(9)     Cleared: 0
[28.959s][debug  ][gc,phases,ref  ] GC(9)   WeakReference:
[28.959s][debug  ][gc,phases,ref  ] GC(9)     Discovered: 0
[28.959s][debug  ][gc,phases,ref  ] GC(9)     Cleared: 0
[28.959s][debug  ][gc,phases,ref  ] GC(9)   FinalReference:
[28.959s][debug  ][gc,phases,ref  ] GC(9)     Discovered: 0
[28.959s][debug  ][gc,phases,ref  ] GC(9)     Cleared: 0
[28.959s][debug  ][gc,phases,ref  ] GC(9)   PhantomReference:
[28.959s][debug  ][gc,phases,ref  ] GC(9)     Discovered: 0
[28.959s][debug  ][gc,phases,ref  ] GC(9)     Cleared: 0
[28.959s][debug  ][gc,phases      ] GC(9) Reference Processing 0.674ms
[28.959s][debug  ][gc,phases,start] GC(9) Weak Processing
[28.959s][debug  ][gc,phases      ] GC(9)   VM Weak                        Min:  0.0, Avg:  0.0, Max:  0.0, Diff:  0.0, Sum:  0.0, Workers: 6
[28.959s][debug  ][gc,phases      ] GC(9)     Dead                           Min: 0, Avg:  0.0, Max: 0, Diff: 0, Sum: 0, Workers: 6
[28.959s][debug  ][gc,phases      ] GC(9)     Total                          Min: 0, Avg:  1.3, Max: 8, Diff: 8, Sum: 8, Workers: 6
[28.959s][debug  ][gc,phases      ] GC(9)   ObjectSynchronizer Weak        Min:  0.0, Avg:  0.0, Max:  0.0, Diff:  0.0, Sum:  0.0, Workers: 6
[28.959s][debug  ][gc,phases      ] GC(9)     Dead                           Min: 0, Avg:  0.0, Max: 0, Diff: 0, Sum: 0, Workers: 6
[28.959s][debug  ][gc,phases      ] GC(9)     Total                          Min: 0, Avg:  0.5, Max: 3, Diff: 3, Sum: 3, Workers: 6
[28.959s][debug  ][gc,phases      ] GC(9)   JVMTI Tag Weak OopStorage      Min:  0.0, Avg:  0.0, Max:  0.0, Diff:  0.0, Sum:  0.0, Workers: 6
[28.959s][debug  ][gc,phases      ] GC(9)     Dead                           Min: 0, Avg:  0.0, Max: 0, Diff: 0, Sum: 0, Workers: 6
[28.959s][debug  ][gc,phases      ] GC(9)     Total                          Min: 0, Avg:  0.0, Max: 0, Diff: 0, Sum: 0, Workers: 6
[28.959s][debug  ][gc,phases      ] GC(9)   StringTable Weak               Min:  0.0, Avg:  0.0, Max:  0.0, Diff:  0.0, Sum:  0.1, Workers: 6
[28.959s][debug  ][gc,phases      ] GC(9)     Dead                           Min: 0, Avg:  0.0, Max: 0, Diff: 0, Sum: 0, Workers: 6
[28.959s][debug  ][gc,phases      ] GC(9)     Total                          Min: 768, Avg: 892.8, Max: 1024, Diff: 256, Sum: 5357, Workers: 6
[28.959s][debug  ][gc,phases      ] GC(9)   ResolvedMethodTable Weak       Min:  0.0, Avg:  0.0, Max:  0.0, Diff:  0.0, Sum:  0.0, Workers: 6
[28.959s][debug  ][gc,phases      ] GC(9)     Dead                           Min: 0, Avg:  0.0, Max: 0, Diff: 0, Sum: 0, Workers: 6
[28.959s][debug  ][gc,phases      ] GC(9)     Total                          Min: 0, Avg: 21.7, Max: 64, Diff: 64, Sum: 130, Workers: 6
[28.959s][debug  ][gc,phases      ] GC(9)   JNI Weak                       Min:  0.0, Avg:  0.0, Max:  0.0, Diff:  0.0, Sum:  0.0, Workers: 6
[28.959s][debug  ][gc,phases      ] GC(9)     Dead                           Min: 0, Avg:  0.0, Max: 0, Diff: 0, Sum: 0, Workers: 6
[28.959s][debug  ][gc,phases      ] GC(9)     Total                          Min: 0, Avg:  0.0, Max: 0, Diff: 0, Sum: 0, Workers: 6
[28.959s][debug  ][gc,phases      ] GC(9)   StringDedup Table Weak         Min:  0.0, Avg:  0.0, Max:  0.0, Diff:  0.0, Sum:  0.0, Workers: 6
[28.959s][debug  ][gc,phases      ] GC(9)     Dead                           Min: 0, Avg:  0.0, Max: 0, Diff: 0, Sum: 0, Workers: 6
[28.959s][debug  ][gc,phases      ] GC(9)     Total                          Min: 0, Avg:  0.0, Max: 0, Diff: 0, Sum: 0, Workers: 6
[28.960s][debug  ][gc,phases      ] GC(9)   StringDedup Requests0 Weak     Min:  0.0, Avg:  0.0, Max:  0.0, Diff:  0.0, Sum:  0.0, Workers: 6
[28.960s][debug  ][gc,phases      ] GC(9)     Dead                           Min: 0, Avg:  0.0, Max: 0, Diff: 0, Sum: 0, Workers: 6
[28.960s][debug  ][gc,phases      ] GC(9)     Total                          Min: 0, Avg:  0.0, Max: 0, Diff: 0, Sum: 0, Workers: 6
[28.960s][debug  ][gc,phases      ] GC(9)   StringDedup Requests1 Weak     Min:  0.0, Avg:  0.0, Max:  0.0, Diff:  0.0, Sum:  0.0, Workers: 6
[28.960s][debug  ][gc,phases      ] GC(9)     Dead                           Min: 0, Avg:  0.0, Max: 0, Diff: 0, Sum: 0, Workers: 6
[28.960s][debug  ][gc,phases      ] GC(9)     Total                          Min: 0, Avg:  0.0, Max: 0, Diff: 0, Sum: 0, Workers: 6
[28.960s][debug  ][gc,phases      ] GC(9)   Weak JFR Old Object Samples    Min:  0.0, Avg:  0.0, Max:  0.0, Diff:  0.0, Sum:  0.0, Workers: 6
[28.960s][debug  ][gc,phases      ] GC(9)     Dead                           Min: 0, Avg:  0.0, Max: 0, Diff: 0, Sum: 0, Workers: 6
[28.960s][debug  ][gc,phases      ] GC(9)     Total                          Min: 0, Avg:  0.0, Max: 0, Diff: 0, Sum: 0, Workers: 6
[28.960s][debug  ][gc,phases      ] GC(9) Weak Processing 0.802ms
[28.960s][debug  ][gc,ergo        ] GC(9) AdaptiveSizeStart:  collection: 10 
[28.960s][debug  ][gc,ergo        ] GC(9) avg_survived_padded_avg: 47613968.000000
[28.960s][debug  ][gc,ergo        ] GC(9) avg_promoted_padded_avg: 53884336.000000  avg_pretenured_padded_avg: 0.000000  tenuring_thresh: 1  target_size: 47710208
[28.960s][debug  ][gc,age         ] GC(9) Desired survivor size 47710208 bytes, new threshold 1 (max threshold 15)
[28.960s][debug  ][gc,ergo        ] GC(9) PSAdaptiveSizePolicy::compute_eden_space_size: costs minor_time: 0.002629 major_cost: 0.000000 mutator_cost: 0.997371 throughput_goal: 0.990000
[28.960s][debug  ][gc,ergo        ] GC(9) Live_space: 299049376 free_space: 382730240
[28.960s][debug  ][gc,ergo        ] GC(9) Old eden_size: 181403648 desired_eden_size: 177209344
[28.960s][debug  ][gc,ergo        ] GC(9) AdaptiveSizeStop: collection: 10 
[28.960s][info   ][gc,heap        ] GC(9) PSYoungGen: 216520K(217600K)->39936K(209408K) Eden: 176583K(177152K)->0K(168960K) From: 39936K(40448K)->39936K(40448K)
[28.960s][info   ][gc,heap        ] GC(9) ParOldGen: 176815K(262144K)->190127K(262144K)
[28.960s][info   ][gc,metaspace   ] GC(9) Metaspace: 1025K(1216K)->1025K(1216K) NonClass: 941K(1024K)->941K(1024K) Class: 83K(192K)->83K(192K)
[28.960s][info   ][gc             ] GC(9) Pause Young (Allocation Failure) 384M->224M(460M) 7.744ms
[28.960s][info   ][gc,cpu         ] GC(9) User=0.16s Sys=0.00s Real=0.01s
[28.960s][debug  ][gc,heap        ] GC(9) Heap after GC invocations=10 (full 0):
[28.960s][debug  ][gc,heap        ] GC(9)  PSYoungGen      total 209408K, used 39936K [0x00000000f0000000, 0x0000000100000000, 0x0000000100000000)
[28.960s][debug  ][gc,heap        ] GC(9)   eden space 168960K, 0% used [0x00000000f0000000,0x00000000f0000000,0x00000000fa500000)
[28.960s][debug  ][gc,heap        ] GC(9)   from space 40448K, 98% used [0x00000000fd880000,0x00000000fff80270,0x0000000100000000)
[28.960s][debug  ][gc,heap        ] GC(9)   to   space 46592K, 0% used [0x00000000fa500000,0x00000000fa500000,0x00000000fd280000)
[28.960s][debug  ][gc,heap        ] GC(9)  ParOldGen       total 262144K, used 190127K [0x00000000c0000000, 0x00000000d0000000, 0x00000000f0000000)
[28.960s][debug  ][gc,heap        ] GC(9)   object space 262144K, 72% used [0x00000000c0000000,0x00000000cb9abd18,0x00000000d0000000)
[28.960s][debug  ][gc,heap        ] GC(9)  Metaspace       used 1025K, committed 1216K, reserved 1056768K
[28.960s][debug  ][gc,heap        ] GC(9)   class space    used 83K, committed 192K, reserved 1048576K
[28.960s][debug  ][gc,task,time   ] GC(9) VM-Thread 289519277 289582261 289603318
[31.514s][debug  ][gc,heap        ] GC(10) Heap before GC invocations=11 (full 0):
[31.514s][debug  ][gc,heap        ] GC(10)  PSYoungGen      total 209408K, used 208168K [0x00000000f0000000, 0x0000000100000000, 0x0000000100000000)
[31.514s][debug  ][gc,heap        ] GC(10)   eden space 168960K, 99% used [0x00000000f0000000,0x00000000fa449e30,0x00000000fa500000)
[31.514s][debug  ][gc,heap        ] GC(10)   from space 40448K, 98% used [0x00000000fd880000,0x00000000fff80270,0x0000000100000000)
[31.515s][debug  ][gc,heap        ] GC(10)   to   space 46592K, 0% used [0x00000000fa500000,0x00000000fa500000,0x00000000fd280000)
[31.515s][debug  ][gc,heap        ] GC(10)  ParOldGen       total 262144K, used 190127K [0x00000000c0000000, 0x00000000d0000000, 0x00000000f0000000)
[31.515s][debug  ][gc,heap        ] GC(10)   object space 262144K, 72% used [0x00000000c0000000,0x00000000cb9abd18,0x00000000d0000000)
[31.515s][debug  ][gc,heap        ] GC(10)  Metaspace       used 1025K, committed 1216K, reserved 1056768K
[31.515s][debug  ][gc,heap        ] GC(10)   class space    used 83K, committed 192K, reserved 1048576K
[31.515s][debug  ][gc,tlab        ] GC(10) TLAB totals: thrds: 1  refills: 1 max: 1 slow allocs: 160 max 160 waste:  6.6% gc: 297888B max: 297888B slow: 0B max: 0B
[31.515s][info   ][gc,start       ] GC(10) Pause Young (Allocation Failure)
[31.515s][debug  ][gc,phases,start] GC(10) Scavenge
[31.516s][debug  ][gc,phases      ] GC(10) Scavenge 1.592ms
[31.516s][debug  ][gc,phases,start] GC(10) Reference Processing
[31.516s][debug  ][gc,ref         ] GC(10) Skipped phase 1 of Reference Processing: no references
[31.517s][debug  ][gc,ref         ] GC(10) Skipped phase 2 of Reference Processing: no references
[31.517s][debug  ][gc,ref         ] GC(10) Skipped phase 3 of Reference Processing: no references
[31.517s][debug  ][gc,ref         ] GC(10) Skipped phase 4 of Reference Processing: no references
[31.517s][debug  ][gc,phases,ref  ] GC(10) Reference Processing: 0.1ms
[31.517s][debug  ][gc,phases,ref  ] GC(10)   Reconsider SoftReferences: 0.0ms
[31.517s][debug  ][gc,phases,ref  ] GC(10)     SoftRef (ms):                  skipped
[31.517s][debug  ][gc,phases,ref  ] GC(10)   Notify Soft/WeakReferences: 0.0ms
[31.517s][debug  ][gc,phases,ref  ] GC(10)     SoftRef (ms):                  skipped
[31.517s][debug  ][gc,phases,ref  ] GC(10)     WeakRef (ms):                  skipped
[31.517s][debug  ][gc,phases,ref  ] GC(10)     FinalRef (ms):                 skipped
[31.517s][debug  ][gc,phases,ref  ] GC(10)     Total (ms):                    skipped
[31.517s][debug  ][gc,phases,ref  ] GC(10)   Notify and keep alive finalizable: 0.0ms
[31.517s][debug  ][gc,phases,ref  ] GC(10)     FinalRef (ms):                 skipped
[31.517s][debug  ][gc,phases,ref  ] GC(10)   Notify PhantomReferences: 0.0ms
[31.517s][debug  ][gc,phases,ref  ] GC(10)     PhantomRef (ms):               skipped
[31.517s][debug  ][gc,phases,ref  ] GC(10)   SoftReference:
[31.517s][debug  ][gc,phases,ref  ] GC(10)     Discovered: 0
[31.517s][debug  ][gc,phases,ref  ] GC(10)     Cleared: 0
[31.517s][debug  ][gc,phases,ref  ] GC(10)   WeakReference:
[31.517s][debug  ][gc,phases,ref  ] GC(10)     Discovered: 0
[31.517s][debug  ][gc,phases,ref  ] GC(10)     Cleared: 0
[31.517s][debug  ][gc,phases,ref  ] GC(10)   FinalReference:
[31.517s][debug  ][gc,phases,ref  ] GC(10)     Discovered: 0
[31.517s][debug  ][gc,phases,ref  ] GC(10)     Cleared: 0
[31.517s][debug  ][gc,phases,ref  ] GC(10)   PhantomReference:
[31.517s][debug  ][gc,phases,ref  ] GC(10)     Discovered: 0
[31.517s][debug  ][gc,phases,ref  ] GC(10)     Cleared: 0
[31.517s][debug  ][gc,phases      ] GC(10) Reference Processing 0.684ms
[31.517s][debug  ][gc,phases,start] GC(10) Weak Processing
[31.517s][debug  ][gc,phases      ] GC(10)   VM Weak                        Min:  0.0, Avg:  0.0, Max:  0.0, Diff:  0.0, Sum:  0.0, Workers: 6
[31.517s][debug  ][gc,phases      ] GC(10)     Dead                           Min: 0, Avg:  0.0, Max: 0, Diff: 0, Sum: 0, Workers: 6
[31.517s][debug  ][gc,phases      ] GC(10)     Total                          Min: 0, Avg:  1.3, Max: 8, Diff: 8, Sum: 8, Workers: 6
[31.517s][debug  ][gc,phases      ] GC(10)   ObjectSynchronizer Weak        Min:  0.0, Avg:  0.0, Max:  0.0, Diff:  0.0, Sum:  0.0, Workers: 6
[31.517s][debug  ][gc,phases      ] GC(10)     Dead                           Min: 0, Avg:  0.0, Max: 0, Diff: 0, Sum: 0, Workers: 6
[31.517s][debug  ][gc,phases      ] GC(10)     Total                          Min: 0, Avg:  0.5, Max: 3, Diff: 3, Sum: 3, Workers: 6
[31.517s][debug  ][gc,phases      ] GC(10)   JVMTI Tag Weak OopStorage      Min:  0.0, Avg:  0.0, Max:  0.0, Diff:  0.0, Sum:  0.0, Workers: 6
[31.517s][debug  ][gc,phases      ] GC(10)     Dead                           Min: 0, Avg:  0.0, Max: 0, Diff: 0, Sum: 0, Workers: 6
[31.517s][debug  ][gc,phases      ] GC(10)     Total                          Min: 0, Avg:  0.0, Max: 0, Diff: 0, Sum: 0, Workers: 6
[31.517s][debug  ][gc,phases      ] GC(10)   StringTable Weak               Min:  0.0, Avg:  0.0, Max:  0.0, Diff:  0.0, Sum:  0.0, Workers: 6
[31.517s][debug  ][gc,phases      ] GC(10)     Dead                           Min: 0, Avg:  0.0, Max: 0, Diff: 0, Sum: 0, Workers: 6
[31.517s][debug  ][gc,phases      ] GC(10)     Total                          Min: 832, Avg: 892.8, Max: 1024, Diff: 192, Sum: 5357, Workers: 6
[31.518s][debug  ][gc,phases      ] GC(10)   ResolvedMethodTable Weak       Min:  0.0, Avg:  0.0, Max:  0.0, Diff:  0.0, Sum:  0.0, Workers: 6
[31.518s][debug  ][gc,phases      ] GC(10)     Dead                           Min: 0, Avg:  0.0, Max: 0, Diff: 0, Sum: 0, Workers: 6
[31.518s][debug  ][gc,phases      ] GC(10)     Total                          Min: 0, Avg: 21.7, Max: 64, Diff: 64, Sum: 130, Workers: 6
[31.518s][debug  ][gc,phases      ] GC(10)   JNI Weak                       Min:  0.0, Avg:  0.0, Max:  0.0, Diff:  0.0, Sum:  0.0, Workers: 6
[31.518s][debug  ][gc,phases      ] GC(10)     Dead                           Min: 0, Avg:  0.0, Max: 0, Diff: 0, Sum: 0, Workers: 6
[31.518s][debug  ][gc,phases      ] GC(10)     Total                          Min: 0, Avg:  0.0, Max: 0, Diff: 0, Sum: 0, Workers: 6
[31.518s][debug  ][gc,phases      ] GC(10)   StringDedup Table Weak         Min:  0.0, Avg:  0.0, Max:  0.0, Diff:  0.0, Sum:  0.0, Workers: 6
[31.518s][debug  ][gc,phases      ] GC(10)     Dead                           Min: 0, Avg:  0.0, Max: 0, Diff: 0, Sum: 0, Workers: 6
[31.518s][debug  ][gc,phases      ] GC(10)     Total                          Min: 0, Avg:  0.0, Max: 0, Diff: 0, Sum: 0, Workers: 6
[31.518s][debug  ][gc,phases      ] GC(10)   StringDedup Requests0 Weak     Min:  0.0, Avg:  0.0, Max:  0.0, Diff:  0.0, Sum:  0.0, Workers: 6
[31.518s][debug  ][gc,phases      ] GC(10)     Dead                           Min: 0, Avg:  0.0, Max: 0, Diff: 0, Sum: 0, Workers: 6
[31.518s][debug  ][gc,phases      ] GC(10)     Total                          Min: 0, Avg:  0.0, Max: 0, Diff: 0, Sum: 0, Workers: 6
[31.518s][debug  ][gc,phases      ] GC(10)   StringDedup Requests1 Weak     Min:  0.0, Avg:  0.0, Max:  0.0, Diff:  0.0, Sum:  0.0, Workers: 6
[31.518s][debug  ][gc,phases      ] GC(10)     Dead                           Min: 0, Avg:  0.0, Max: 0, Diff: 0, Sum: 0, Workers: 6
[31.518s][debug  ][gc,phases      ] GC(10)     Total                          Min: 0, Avg:  0.0, Max: 0, Diff: 0, Sum: 0, Workers: 6
[31.518s][debug  ][gc,phases      ] GC(10)   Weak JFR Old Object Samples    Min:  0.0, Avg:  0.0, Max:  0.0, Diff:  0.0, Sum:  0.0, Workers: 6
[31.518s][debug  ][gc,phases      ] GC(10)     Dead                           Min: 0, Avg:  0.0, Max: 0, Diff: 0, Sum: 0, Workers: 6
[31.518s][debug  ][gc,phases      ] GC(10)     Total                          Min: 0, Avg:  0.0, Max: 0, Diff: 0, Sum: 0, Workers: 6
[31.518s][debug  ][gc,phases      ] GC(10) Weak Processing 0.793ms
[31.518s][debug  ][gc,ergo        ] GC(10) AdaptiveSizeStart:  collection: 11 
[31.518s][debug  ][gc,ergo        ] GC(10) avg_survived_padded_avg: 48266160.000000
[31.518s][debug  ][gc,ergo        ] GC(10) avg_promoted_padded_avg: 51915416.000000  avg_pretenured_padded_avg: 0.000000  tenuring_thresh: 1  target_size: 48758784
[31.518s][debug  ][gc,age         ] GC(10) Desired survivor size 48758784 bytes, new threshold 1 (max threshold 15)
[31.518s][debug  ][gc,ergo        ] GC(10) PSAdaptiveSizePolicy::compute_eden_space_size: costs minor_time: 0.002283 major_cost: 0.000000 mutator_cost: 0.997717 throughput_goal: 0.990000
[31.518s][debug  ][gc,ergo        ] GC(10) Live_space: 297665728 free_space: 378535936
[31.518s][debug  ][gc,ergo        ] GC(10) Old eden_size: 177209344 desired_eden_size: 169345024
[31.518s][debug  ][gc,ergo        ] GC(10) AdaptiveSizeStop: collection: 11 
[31.518s][info   ][gc,heap        ] GC(10) PSYoungGen: 208168K(209408K)->16384K(185856K) Eden: 168231K(168960K)->0K(168960K) From: 39936K(40448K)->16384K(16896K)
[31.518s][info   ][gc,heap        ] GC(10) ParOldGen: 190127K(262144K)->190127K(262144K)
[31.518s][info   ][gc,metaspace   ] GC(10) Metaspace: 1025K(1216K)->1025K(1216K) NonClass: 941K(1024K)->941K(1024K) Class: 83K(192K)->83K(192K)
[31.518s][info   ][gc             ] GC(10) Pause Young (Allocation Failure) 388M->201M(437M) 3.522ms
[31.518s][info   ][gc,cpu         ] GC(10) User=0.02s Sys=0.00s Real=0.00s
[31.518s][debug  ][gc,heap        ] GC(10) Heap after GC invocations=11 (full 0):
[31.518s][debug  ][gc,heap        ] GC(10)  PSYoungGen      total 185856K, used 16384K [0x00000000f0000000, 0x0000000100000000, 0x0000000100000000)
[31.518s][debug  ][gc,heap        ] GC(10)   eden space 168960K, 0% used [0x00000000f0000000,0x00000000f0000000,0x00000000fa500000)
[31.518s][debug  ][gc,heap        ] GC(10)   from space 16896K, 96% used [0x00000000fa500000,0x00000000fb500100,0x00000000fb580000)
[31.518s][debug  ][gc,heap        ] GC(10)   to   space 47616K, 0% used [0x00000000fd180000,0x00000000fd180000,0x0000000100000000)
[31.518s][debug  ][gc,heap        ] GC(10)  ParOldGen       total 262144K, used 190127K [0x00000000c0000000, 0x00000000d0000000, 0x00000000f0000000)
[31.518s][debug  ][gc,heap        ] GC(10)   object space 262144K, 72% used [0x00000000c0000000,0x00000000cb9abd18,0x00000000d0000000)
[31.518s][debug  ][gc,heap        ] GC(10)  Metaspace       used 1025K, committed 1216K, reserved 1056768K
[31.519s][debug  ][gc,heap        ] GC(10)   class space    used 83K, committed 192K, reserved 1048576K
[31.519s][debug  ][gc,task,time   ] GC(10) VM-Thread 315142956 315164451 315185441
[34.066s][debug  ][gc,heap        ] GC(11) Heap before GC invocations=12 (full 0):
[34.066s][debug  ][gc,heap        ] GC(11)  PSYoungGen      total 185856K, used 184618K [0x00000000f0000000, 0x0000000100000000, 0x0000000100000000)
[34.066s][debug  ][gc,heap        ] GC(11)   eden space 168960K, 99% used [0x00000000f0000000,0x00000000fa44a9d8,0x00000000fa500000)
[34.066s][debug  ][gc,heap        ] GC(11)   from space 16896K, 96% used [0x00000000fa500000,0x00000000fb500100,0x00000000fb580000)
[34.066s][debug  ][gc,heap        ] GC(11)   to   space 47616K, 0% used [0x00000000fd180000,0x00000000fd180000,0x0000000100000000)
[34.066s][debug  ][gc,heap        ] GC(11)  ParOldGen       total 262144K, used 190127K [0x00000000c0000000, 0x00000000d0000000, 0x00000000f0000000)
[34.066s][debug  ][gc,heap        ] GC(11)   object space 262144K, 72% used [0x00000000c0000000,0x00000000cb9abd18,0x00000000d0000000)
[34.067s][debug  ][gc,heap        ] GC(11)  Metaspace       used 1025K, committed 1216K, reserved 1056768K
[34.067s][debug  ][gc,heap        ] GC(11)   class space    used 83K, committed 192K, reserved 1048576K
[34.067s][debug  ][gc,tlab        ] GC(11) TLAB totals: thrds: 1  refills: 1 max: 1 slow allocs: 160 max 160 waste:  6.7% gc: 301936B max: 301936B slow: 0B max: 0B
[34.067s][info   ][gc,start       ] GC(11) Pause Young (Allocation Failure)
[34.067s][debug  ][gc,phases,start] GC(11) Scavenge
[34.076s][debug  ][gc,phases      ] GC(11) Scavenge 8.872ms
[34.076s][debug  ][gc,phases,start] GC(11) Reference Processing
[34.076s][debug  ][gc,ref         ] GC(11) Skipped phase 1 of Reference Processing: no references
[34.076s][debug  ][gc,ref         ] GC(11) Skipped phase 2 of Reference Processing: no references
[34.076s][debug  ][gc,ref         ] GC(11) Skipped phase 3 of Reference Processing: no references
[34.076s][debug  ][gc,ref         ] GC(11) Skipped phase 4 of Reference Processing: no references
[34.076s][debug  ][gc,phases,ref  ] GC(11) Reference Processing: 0.1ms
[34.076s][debug  ][gc,phases,ref  ] GC(11)   Reconsider SoftReferences: 0.0ms
[34.076s][debug  ][gc,phases,ref  ] GC(11)     SoftRef (ms):                  skipped
[34.076s][debug  ][gc,phases,ref  ] GC(11)   Notify Soft/WeakReferences: 0.0ms
[34.076s][debug  ][gc,phases,ref  ] GC(11)     SoftRef (ms):                  skipped
[34.076s][debug  ][gc,phases,ref  ] GC(11)     WeakRef (ms):                  skipped
[34.076s][debug  ][gc,phases,ref  ] GC(11)     FinalRef (ms):                 skipped
[34.076s][debug  ][gc,phases,ref  ] GC(11)     Total (ms):                    skipped
[34.076s][debug  ][gc,phases,ref  ] GC(11)   Notify and keep alive finalizable: 0.0ms
[34.076s][debug  ][gc,phases,ref  ] GC(11)     FinalRef (ms):                 skipped
[34.076s][debug  ][gc,phases,ref  ] GC(11)   Notify PhantomReferences: 0.0ms
[34.076s][debug  ][gc,phases,ref  ] GC(11)     PhantomRef (ms):               skipped
[34.076s][debug  ][gc,phases,ref  ] GC(11)   SoftReference:
[34.076s][debug  ][gc,phases,ref  ] GC(11)     Discovered: 0
[34.076s][debug  ][gc,phases,ref  ] GC(11)     Cleared: 0
[34.076s][debug  ][gc,phases,ref  ] GC(11)   WeakReference:
[34.076s][debug  ][gc,phases,ref  ] GC(11)     Discovered: 0
[34.076s][debug  ][gc,phases,ref  ] GC(11)     Cleared: 0
[34.076s][debug  ][gc,phases,ref  ] GC(11)   FinalReference:
[34.076s][debug  ][gc,phases,ref  ] GC(11)     Discovered: 0
[34.076s][debug  ][gc,phases,ref  ] GC(11)     Cleared: 0
[34.076s][debug  ][gc,phases,ref  ] GC(11)   PhantomReference:
[34.076s][debug  ][gc,phases,ref  ] GC(11)     Discovered: 0
[34.076s][debug  ][gc,phases,ref  ] GC(11)     Cleared: 0
[34.076s][debug  ][gc,phases      ] GC(11) Reference Processing 0.685ms
[34.076s][debug  ][gc,phases,start] GC(11) Weak Processing
[34.076s][debug  ][gc,phases      ] GC(11)   VM Weak                        Min:  0.0, Avg:  0.0, Max:  0.0, Diff:  0.0, Sum:  0.0, Workers: 6
[34.076s][debug  ][gc,phases      ] GC(11)     Dead                           Min: 0, Avg:  0.0, Max: 0, Diff: 0, Sum: 0, Workers: 6
[34.076s][debug  ][gc,phases      ] GC(11)     Total                          Min: 0, Avg:  1.3, Max: 8, Diff: 8, Sum: 8, Workers: 6
[34.077s][debug  ][gc,phases      ] GC(11)   ObjectSynchronizer Weak        Min:  0.0, Avg:  0.0, Max:  0.0, Diff:  0.0, Sum:  0.0, Workers: 6
[34.077s][debug  ][gc,phases      ] GC(11)     Dead                           Min: 0, Avg:  0.0, Max: 0, Diff: 0, Sum: 0, Workers: 6
[34.077s][debug  ][gc,phases      ] GC(11)     Total                          Min: 0, Avg:  0.5, Max: 3, Diff: 3, Sum: 3, Workers: 6
[34.077s][debug  ][gc,phases      ] GC(11)   JVMTI Tag Weak OopStorage      Min:  0.0, Avg:  0.0, Max:  0.0, Diff:  0.0, Sum:  0.0, Workers: 6
[34.077s][debug  ][gc,phases      ] GC(11)     Dead                           Min: 0, Avg:  0.0, Max: 0, Diff: 0, Sum: 0, Workers: 6
[34.077s][debug  ][gc,phases      ] GC(11)     Total                          Min: 0, Avg:  0.0, Max: 0, Diff: 0, Sum: 0, Workers: 6
[34.077s][debug  ][gc,phases      ] GC(11)   StringTable Weak               Min:  0.0, Avg:  0.0, Max:  0.0, Diff:  0.0, Sum:  0.0, Workers: 6
[34.077s][debug  ][gc,phases      ] GC(11)     Dead                           Min: 0, Avg:  0.0, Max: 0, Diff: 0, Sum: 0, Workers: 6
[34.077s][debug  ][gc,phases      ] GC(11)     Total                          Min: 768, Avg: 892.8, Max: 960, Diff: 192, Sum: 5357, Workers: 6
[34.077s][debug  ][gc,phases      ] GC(11)   ResolvedMethodTable Weak       Min:  0.0, Avg:  0.0, Max:  0.0, Diff:  0.0, Sum:  0.0, Workers: 6
[34.077s][debug  ][gc,phases      ] GC(11)     Dead                           Min: 0, Avg:  0.0, Max: 0, Diff: 0, Sum: 0, Workers: 6
[34.077s][debug  ][gc,phases      ] GC(11)     Total                          Min: 0, Avg: 21.7, Max: 64, Diff: 64, Sum: 130, Workers: 6
[34.077s][debug  ][gc,phases      ] GC(11)   JNI Weak                       Min:  0.0, Avg:  0.0, Max:  0.0, Diff:  0.0, Sum:  0.0, Workers: 6
[34.077s][debug  ][gc,phases      ] GC(11)     Dead                           Min: 0, Avg:  0.0, Max: 0, Diff: 0, Sum: 0, Workers: 6
[34.077s][debug  ][gc,phases      ] GC(11)     Total                          Min: 0, Avg:  0.0, Max: 0, Diff: 0, Sum: 0, Workers: 6
[34.077s][debug  ][gc,phases      ] GC(11)   StringDedup Table Weak         Min:  0.0, Avg:  0.0, Max:  0.0, Diff:  0.0, Sum:  0.0, Workers: 6
[34.077s][debug  ][gc,phases      ] GC(11)     Dead                           Min: 0, Avg:  0.0, Max: 0, Diff: 0, Sum: 0, Workers: 6
[34.077s][debug  ][gc,phases      ] GC(11)     Total                          Min: 0, Avg:  0.0, Max: 0, Diff: 0, Sum: 0, Workers: 6
[34.077s][debug  ][gc,phases      ] GC(11)   StringDedup Requests0 Weak     Min:  0.0, Avg:  0.0, Max:  0.0, Diff:  0.0, Sum:  0.0, Workers: 6
[34.077s][debug  ][gc,phases      ] GC(11)     Dead                           Min: 0, Avg:  0.0, Max: 0, Diff: 0, Sum: 0, Workers: 6
[34.077s][debug  ][gc,phases      ] GC(11)     Total                          Min: 0, Avg:  0.0, Max: 0, Diff: 0, Sum: 0, Workers: 6
[34.077s][debug  ][gc,phases      ] GC(11)   StringDedup Requests1 Weak     Min:  0.0, Avg:  0.0, Max:  0.0, Diff:  0.0, Sum:  0.0, Workers: 6
[34.077s][debug  ][gc,phases      ] GC(11)     Dead                           Min: 0, Avg:  0.0, Max: 0, Diff: 0, Sum: 0, Workers: 6
[34.077s][debug  ][gc,phases      ] GC(11)     Total                          Min: 0, Avg:  0.0, Max: 0, Diff: 0, Sum: 0, Workers: 6
[34.077s][debug  ][gc,phases      ] GC(11)   Weak JFR Old Object Samples    Min:  0.0, Avg:  0.0, Max:  0.0, Diff:  0.0, Sum:  0.0, Workers: 6
[34.077s][debug  ][gc,phases      ] GC(11)     Dead                           Min: 0, Avg:  0.0, Max: 0, Diff: 0, Sum: 0, Workers: 6
[34.077s][debug  ][gc,phases      ] GC(11)     Total                          Min: 0, Avg:  0.0, Max: 0, Diff: 0, Sum: 0, Workers: 6
[34.077s][debug  ][gc,phases      ] GC(11) Weak Processing 0.833ms
[34.077s][debug  ][gc,ergo        ] GC(11) AdaptiveSizeStart:  collection: 12 
[34.077s][debug  ][gc,ergo        ] GC(11) avg_survived_padded_avg: 53394404.000000
[34.077s][debug  ][gc,ergo        ] GC(11) avg_promoted_padded_avg: 55130688.000000  avg_pretenured_padded_avg: 0.000000  tenuring_thresh: 1  target_size: 53477376
[34.077s][debug  ][gc,age         ] GC(11) Desired survivor size 53477376 bytes, new threshold 1 (max threshold 15)
[34.077s][debug  ][gc,ergo        ] GC(11) PSAdaptiveSizePolicy::compute_eden_space_size: costs minor_time: 0.002740 major_cost: 0.000000 mutator_cost: 0.997260 throughput_goal: 0.990000
[34.077s][debug  ][gc,ergo        ] GC(11) Live_space: 299566240 free_space: 370671616
[34.077s][debug  ][gc,ergo        ] GC(11) Old eden_size: 169345024 desired_eden_size: 169345024
[34.077s][debug  ][gc,ergo        ] GC(11) AdaptiveSizeStop: collection: 12 
[34.077s][info   ][gc,heap        ] GC(11) PSYoungGen: 184618K(185856K)->47104K(205312K) Eden: 168234K(168960K)->0K(157696K) From: 16384K(16896K)->47104K(47616K)
[34.077s][info   ][gc,heap        ] GC(11) ParOldGen: 190127K(262144K)->224943K(262144K)
[34.077s][info   ][gc,metaspace   ] GC(11) Metaspace: 1025K(1216K)->1025K(1216K) NonClass: 941K(1024K)->941K(1024K) Class: 83K(192K)->83K(192K)
[34.077s][info   ][gc             ] GC(11) Pause Young (Allocation Failure) 365M->265M(456M) 10.864ms
[34.078s][info   ][gc,cpu         ] GC(11) User=0.00s Sys=0.00s Real=0.01s
[34.078s][debug  ][gc,heap        ] GC(11) Heap after GC invocations=12 (full 0):
[34.078s][debug  ][gc,heap        ] GC(11)  PSYoungGen      total 205312K, used 47104K [0x00000000f0000000, 0x0000000100000000, 0x0000000100000000)
[34.078s][debug  ][gc,heap        ] GC(11)   eden space 157696K, 0% used [0x00000000f0000000,0x00000000f0000000,0x00000000f9a00000)
[34.078s][debug  ][gc,heap        ] GC(11)   from space 47616K, 98% used [0x00000000fd180000,0x00000000fff802e0,0x0000000100000000)
[34.078s][debug  ][gc,heap        ] GC(11)   to   space 52224K, 0% used [0x00000000f9a00000,0x00000000f9a00000,0x00000000fcd00000)
[34.078s][debug  ][gc,heap        ] GC(11)  ParOldGen       total 262144K, used 224943K [0x00000000c0000000, 0x00000000d0000000, 0x00000000f0000000)
[34.078s][debug  ][gc,heap        ] GC(11)   object space 262144K, 85% used [0x00000000c0000000,0x00000000cdbabf38,0x00000000d0000000)
[34.078s][debug  ][gc,heap        ] GC(11)  Metaspace       used 1025K, committed 1216K, reserved 1056768K
[34.078s][debug  ][gc,heap        ] GC(11)   class space    used 83K, committed 192K, reserved 1048576K
[34.078s][debug  ][gc,task,time   ] GC(11) VM-Thread 340662001 340756297 340777746
[34.078s][debug  ][gc,phases,start] GC(12) Pre Compact
[34.078s][debug  ][gc,heap        ] GC(12) Heap before GC invocations=13 (full 1):
[34.078s][debug  ][gc,heap        ] GC(12)  PSYoungGen      total 205312K, used 47104K [0x00000000f0000000, 0x0000000100000000, 0x0000000100000000)
[34.078s][debug  ][gc,heap        ] GC(12)   eden space 157696K, 0% used [0x00000000f0000000,0x00000000f0000000,0x00000000f9a00000)
[34.078s][debug  ][gc,heap        ] GC(12)   from space 47616K, 98% used [0x00000000fd180000,0x00000000fff802e0,0x0000000100000000)
[34.078s][debug  ][gc,heap        ] GC(12)   to   space 52224K, 0% used [0x00000000f9a00000,0x00000000f9a00000,0x00000000fcd00000)
[34.078s][debug  ][gc,heap        ] GC(12)  ParOldGen       total 262144K, used 224943K [0x00000000c0000000, 0x00000000d0000000, 0x00000000f0000000)
[34.078s][debug  ][gc,heap        ] GC(12)   object space 262144K, 85% used [0x00000000c0000000,0x00000000cdbabf38,0x00000000d0000000)
[34.078s][debug  ][gc,heap        ] GC(12)  Metaspace       used 1025K, committed 1216K, reserved 1056768K
[34.078s][debug  ][gc,heap        ] GC(12)   class space    used 83K, committed 192K, reserved 1048576K
[34.078s][debug  ][gc,phases      ] GC(12) Pre Compact 0.244ms
[34.078s][info   ][gc,start       ] GC(12) Pause Full (Ergonomics)
[34.078s][info   ][gc,phases,start] GC(12) Marking Phase
[34.078s][debug  ][gc,phases,start] GC(12) Par Mark
[34.079s][debug  ][gc,phases      ] GC(12) Par Mark 0.703ms
[34.079s][debug  ][gc,phases,start] GC(12) Reference Processing
[34.079s][debug  ][gc,ref         ] GC(12) Skipped phase 1 of Reference Processing: no references
[34.079s][debug  ][gc,ref         ] GC(12) ReferenceProcessor::execute queues: 1, RefProcThreadModel::Single, marks_oops_alive: false
[34.079s][debug  ][gc,ref         ] GC(12) Skipped phase 3 of Reference Processing: no references
[34.079s][debug  ][gc,ref         ] GC(12) ReferenceProcessor::execute queues: 1, RefProcThreadModel::Single, marks_oops_alive: false
[34.079s][debug  ][gc,phases,ref  ] GC(12) Reference Processing: 0.1ms
[34.079s][debug  ][gc,phases,ref  ] GC(12)   Reconsider SoftReferences: 0.0ms
[34.079s][debug  ][gc,phases,ref  ] GC(12)     SoftRef (ms):                  skipped
[34.079s][debug  ][gc,phases,ref  ] GC(12)   Notify Soft/WeakReferences: 0.0ms
[34.079s][debug  ][gc,phases,ref  ] GC(12)     SoftRef (ms):                  Min:  0.0, Avg:  0.0, Max:  0.0, Diff:  0.0, Sum:  0.0, Workers: 10
[34.079s][debug  ][gc,phases,ref  ] GC(12)     WeakRef (ms):                  Min:  0.0, Avg:  0.0, Max:  0.0, Diff:  0.0, Sum:  0.0, Workers: 10
[34.079s][debug  ][gc,phases,ref  ] GC(12)     FinalRef (ms):                 Min:  0.0, Avg:  0.0, Max:  0.0, Diff:  0.0, Sum:  0.0, Workers: 10
[34.079s][debug  ][gc,phases,ref  ] GC(12)     Total (ms):                    Min:  0.0, Avg:  0.0, Max:  0.0, Diff:  0.0, Sum:  0.0, Workers: 10
[34.079s][debug  ][gc,phases,ref  ] GC(12)   Notify and keep alive finalizable: 0.0ms
[34.079s][debug  ][gc,phases,ref  ] GC(12)     FinalRef (ms):                 skipped
[34.079s][debug  ][gc,phases,ref  ] GC(12)   Notify PhantomReferences: 0.0ms
[34.079s][debug  ][gc,phases,ref  ] GC(12)     PhantomRef (ms):               Min:  0.0, Avg:  0.0, Max:  0.0, Diff:  0.0, Sum:  0.0, Workers: 10
[34.079s][debug  ][gc,phases,ref  ] GC(12)   SoftReference:
[34.079s][debug  ][gc,phases,ref  ] GC(12)     Discovered: 0
[34.079s][debug  ][gc,phases,ref  ] GC(12)     Cleared: 0
[34.079s][debug  ][gc,phases,ref  ] GC(12)   WeakReference:
[34.079s][debug  ][gc,phases,ref  ] GC(12)     Discovered: 37
[34.079s][debug  ][gc,phases,ref  ] GC(12)     Cleared: 37
[34.079s][debug  ][gc,phases,ref  ] GC(12)   FinalReference:
[34.079s][debug  ][gc,phases,ref  ] GC(12)     Discovered: 0
[34.079s][debug  ][gc,phases,ref  ] GC(12)     Cleared: 0
[34.079s][debug  ][gc,phases,ref  ] GC(12)   PhantomReference:
[34.080s][debug  ][gc,phases,ref  ] GC(12)     Discovered: 5
[34.080s][debug  ][gc,phases,ref  ] GC(12)     Cleared: 5
[34.080s][debug  ][gc,phases      ] GC(12) Reference Processing 0.693ms
[34.080s][debug  ][gc,phases,start] GC(12) Weak Processing
[34.080s][debug  ][gc,phases      ] GC(12)   VM Weak                        Min:  0.0, Avg:  0.0, Max:  0.0, Diff:  0.0, Sum:  0.0, Workers: 6
[34.080s][debug  ][gc,phases      ] GC(12)     Dead                           Min: 0, Avg:  0.0, Max: 0, Diff: 0, Sum: 0, Workers: 6
[34.080s][debug  ][gc,phases      ] GC(12)     Total                          Min: 0, Avg:  1.3, Max: 8, Diff: 8, Sum: 8, Workers: 6
[34.080s][debug  ][gc,phases      ] GC(12)   ObjectSynchronizer Weak        Min:  0.0, Avg:  0.0, Max:  0.0, Diff:  0.0, Sum:  0.0, Workers: 6
[34.080s][debug  ][gc,phases      ] GC(12)     Dead                           Min: 0, Avg:  0.0, Max: 0, Diff: 0, Sum: 0, Workers: 6
[34.080s][debug  ][gc,phases      ] GC(12)     Total                          Min: 0, Avg:  0.5, Max: 3, Diff: 3, Sum: 3, Workers: 6
[34.080s][debug  ][gc,phases      ] GC(12)   JVMTI Tag Weak OopStorage      Min:  0.0, Avg:  0.0, Max:  0.0, Diff:  0.0, Sum:  0.0, Workers: 6
[34.080s][debug  ][gc,phases      ] GC(12)     Dead                           Min: 0, Avg:  0.0, Max: 0, Diff: 0, Sum: 0, Workers: 6
[34.080s][debug  ][gc,phases      ] GC(12)     Total                          Min: 0, Avg:  0.0, Max: 0, Diff: 0, Sum: 0, Workers: 6
[34.080s][debug  ][gc,phases      ] GC(12)   StringTable Weak               Min:  0.0, Avg:  0.0, Max:  0.0, Diff:  0.0, Sum:  0.0, Workers: 6
[34.080s][debug  ][gc,phases      ] GC(12)     Dead                           Min: 0, Avg:  0.0, Max: 0, Diff: 0, Sum: 0, Workers: 6
[34.080s][debug  ][gc,phases      ] GC(12)     Total                          Min: 576, Avg: 892.8, Max: 1088, Diff: 512, Sum: 5357, Workers: 6
[34.080s][debug  ][gc,phases      ] GC(12)   ResolvedMethodTable Weak       Min:  0.0, Avg:  0.0, Max:  0.0, Diff:  0.0, Sum:  0.0, Workers: 6
[34.080s][debug  ][gc,phases      ] GC(12)     Dead                           Min: 0, Avg:  0.0, Max: 0, Diff: 0, Sum: 0, Workers: 6
[34.080s][debug  ][gc,phases      ] GC(12)     Total                          Min: 0, Avg: 21.7, Max: 64, Diff: 64, Sum: 130, Workers: 6
[34.080s][debug  ][gc,phases      ] GC(12)   JNI Weak                       Min:  0.0, Avg:  0.0, Max:  0.0, Diff:  0.0, Sum:  0.0, Workers: 6
[34.080s][debug  ][gc,phases      ] GC(12)     Dead                           Min: 0, Avg:  0.0, Max: 0, Diff: 0, Sum: 0, Workers: 6
[34.080s][debug  ][gc,phases      ] GC(12)     Total                          Min: 0, Avg:  0.0, Max: 0, Diff: 0, Sum: 0, Workers: 6
[34.080s][debug  ][gc,phases      ] GC(12)   StringDedup Table Weak         Min:  0.0, Avg:  0.0, Max:  0.0, Diff:  0.0, Sum:  0.0, Workers: 6
[34.080s][debug  ][gc,phases      ] GC(12)     Dead                           Min: 0, Avg:  0.0, Max: 0, Diff: 0, Sum: 0, Workers: 6
[34.080s][debug  ][gc,phases      ] GC(12)     Total                          Min: 0, Avg:  0.0, Max: 0, Diff: 0, Sum: 0, Workers: 6
[34.080s][debug  ][gc,phases      ] GC(12)   StringDedup Requests0 Weak     Min:  0.0, Avg:  0.0, Max:  0.0, Diff:  0.0, Sum:  0.0, Workers: 6
[34.080s][debug  ][gc,phases      ] GC(12)     Dead                           Min: 0, Avg:  0.0, Max: 0, Diff: 0, Sum: 0, Workers: 6
[34.080s][debug  ][gc,phases      ] GC(12)     Total                          Min: 0, Avg:  0.0, Max: 0, Diff: 0, Sum: 0, Workers: 6
[34.080s][debug  ][gc,phases      ] GC(12)   StringDedup Requests1 Weak     Min:  0.0, Avg:  0.0, Max:  0.0, Diff:  0.0, Sum:  0.0, Workers: 6
[34.080s][debug  ][gc,phases      ] GC(12)     Dead                           Min: 0, Avg:  0.0, Max: 0, Diff: 0, Sum: 0, Workers: 6
[34.080s][debug  ][gc,phases      ] GC(12)     Total                          Min: 0, Avg:  0.0, Max: 0, Diff: 0, Sum: 0, Workers: 6
[34.080s][debug  ][gc,phases      ] GC(12)   Weak JFR Old Object Samples    Min:  0.0, Avg:  0.0, Max:  0.0, Diff:  0.0, Sum:  0.0, Workers: 6
[34.080s][debug  ][gc,phases      ] GC(12)     Dead                           Min: 0, Avg:  0.0, Max: 0, Diff: 0, Sum: 0, Workers: 6
[34.080s][debug  ][gc,phases      ] GC(12)     Total                          Min: 0, Avg:  0.0, Max: 0, Diff: 0, Sum: 0, Workers: 6
[34.080s][debug  ][gc,phases      ] GC(12) Weak Processing 0.793ms
[34.080s][debug  ][gc,phases,start] GC(12) Class Unloading
[34.080s][debug  ][gc,phases,start] GC(12) ClassLoaderData
[34.080s][debug  ][gc,phases      ] GC(12) ClassLoaderData 0.025ms
[34.080s][debug  ][gc,phases,start] GC(12) Trigger cleanups
[34.081s][debug  ][gc,phases      ] GC(12) Trigger cleanups 0.022ms
[34.081s][debug  ][gc,phases      ] GC(12) Class Unloading 0.297ms
[34.081s][info   ][gc,phases      ] GC(12) Marking Phase 2.621ms
[34.081s][info   ][gc,phases,start] GC(12) Summary Phase
[34.081s][info   ][gc,phases      ] GC(12) Summary Phase 0.032ms
[34.081s][info   ][gc,phases,start] GC(12) Adjust Roots
[34.081s][info   ][gc,phases      ] GC(12) Adjust Roots 0.331ms
[34.081s][info   ][gc,phases,start] GC(12) Compaction Phase
[34.090s][info   ][gc,phases      ] GC(12) Compaction Phase 8.951ms
[34.090s][info   ][gc,phases,start] GC(12) Post Compact
[34.093s][info   ][gc,phases      ] GC(12) Post Compact 2.493ms
[34.093s][debug  ][gc,ergo        ] GC(12) AdaptiveSizeStart: collection: 13 
[34.093s][debug  ][gc,ergo        ] GC(12) PSAdaptiveSizePolicy::compute_eden_space_size: costs minor_time: 0.002740 major_cost: 0.000430 mutator_cost: 0.996829 throughput_goal: 0.990000
[34.093s][debug  ][gc,ergo        ] GC(12) Live_space: 296453152 free_space: 370671616
[34.093s][debug  ][gc,ergo        ] GC(12) Old eden_size: 169345024 desired_eden_size: 158334976
[34.093s][debug  ][gc,ergo        ] GC(12) PSAdaptiveSizePolicy::compute_old_gen_free_space: costs minor_time: 0.002740 major_cost: 0.000430  mutator_cost: 0.996829 throughput_goal: 0.990000
[34.093s][debug  ][gc,ergo        ] GC(12) Live_space: 382016320 free_space: 359661568
[34.093s][debug  ][gc,ergo        ] GC(12) Old promo_size: 201326592 desired_promo_size: 196083712
[34.093s][debug  ][gc             ] GC(12) Expanding ParOldGen from 262144K by 67072K to 329216K
[34.093s][debug  ][gc,ergo        ] GC(12) AdaptiveSizeStop: collection: 13 
[34.093s][info   ][gc,heap        ] GC(12) PSYoungGen: 47104K(205312K)->0K(209920K) Eden: 0K(157696K)->0K(157696K) From: 47104K(47616K)->0K(52224K)
[34.093s][info   ][gc,heap        ] GC(12) ParOldGen: 224943K(262144K)->83557K(329216K)
[34.093s][info   ][gc,metaspace   ] GC(12) Metaspace: 1025K(1216K)->1025K(1216K) NonClass: 941K(1024K)->941K(1024K) Class: 83K(192K)->83K(192K)
[34.093s][info   ][gc             ] GC(12) Pause Full (Ergonomics) 265M->81M(526M) 15.154ms
[34.093s][info   ][gc,cpu         ] GC(12) User=0.02s Sys=0.00s Real=0.02s
[34.093s][debug  ][gc,heap        ] GC(12) Heap after GC invocations=13 (full 1):
[34.093s][debug  ][gc,heap        ] GC(12)  PSYoungGen      total 209920K, used 0K [0x00000000f0000000, 0x0000000100000000, 0x0000000100000000)
[34.093s][debug  ][gc,heap        ] GC(12)   eden space 157696K, 0% used [0x00000000f0000000,0x00000000f0000000,0x00000000f9a00000)
[34.093s][debug  ][gc,heap        ] GC(12)   from space 52224K, 0% used [0x00000000f9a00000,0x00000000f9a00000,0x00000000fcd00000)
[34.093s][debug  ][gc,heap        ] GC(12)   to   space 52224K, 0% used [0x00000000fcd00000,0x00000000fcd00000,0x0000000100000000)
[34.093s][debug  ][gc,heap        ] GC(12)  ParOldGen       total 329216K, used 83557K [0x00000000c0000000, 0x00000000d4180000, 0x00000000f0000000)
[34.093s][debug  ][gc,heap        ] GC(12)   object space 329216K, 25% used [0x00000000c0000000,0x00000000c5199720,0x00000000d4180000)
[34.093s][debug  ][gc,heap        ] GC(12)  Metaspace       used 1025K, committed 1216K, reserved 1056768K
[34.093s][debug  ][gc,heap        ] GC(12)   class space    used 83K, committed 192K, reserved 1048576K
[34.093s][debug  ][gc,task,time   ] GC(12) VM-Thread 340781018 340811830 340932772
[36.471s][debug  ][gc,heap        ] GC(13) Heap before GC invocations=14 (full 1):
[36.471s][debug  ][gc,heap        ] GC(13)  PSYoungGen      total 209920K, used 156747K [0x00000000f0000000, 0x0000000100000000, 0x0000000100000000)
[36.471s][debug  ][gc,heap        ] GC(13)   eden space 157696K, 99% used [0x00000000f0000000,0x00000000f9912e08,0x00000000f9a00000)
[36.471s][debug  ][gc,heap        ] GC(13)   from space 52224K, 0% used [0x00000000f9a00000,0x00000000f9a00000,0x00000000fcd00000)
[36.471s][debug  ][gc,heap        ] GC(13)   to   space 52224K, 0% used [0x00000000fcd00000,0x00000000fcd00000,0x0000000100000000)
[36.471s][debug  ][gc,heap        ] GC(13)  ParOldGen       total 329216K, used 83557K [0x00000000c0000000, 0x00000000d4180000, 0x00000000f0000000)
[36.471s][debug  ][gc,heap        ] GC(13)   object space 329216K, 25% used [0x00000000c0000000,0x00000000c5199720,0x00000000d4180000)
[36.471s][debug  ][gc,heap        ] GC(13)  Metaspace       used 1025K, committed 1216K, reserved 1056768K
[36.471s][debug  ][gc,heap        ] GC(13)   class space    used 83K, committed 192K, reserved 1048576K
[36.471s][debug  ][gc,tlab        ] GC(13) TLAB totals: thrds: 1  refills: 1 max: 1 slow allocs: 149 max 149 waste:  1.7% gc: 72744B max: 72744B slow: 0B max: 0B
[36.471s][info   ][gc,start       ] GC(13) Pause Young (Allocation Failure)
[36.472s][debug  ][gc,phases,start] GC(13) Scavenge
[36.475s][debug  ][gc,phases      ] GC(13) Scavenge 3.212ms
[36.475s][debug  ][gc,phases,start] GC(13) Reference Processing
[36.475s][debug  ][gc,ref         ] GC(13) Skipped phase 1 of Reference Processing: no references
[36.475s][debug  ][gc,ref         ] GC(13) Skipped phase 2 of Reference Processing: no references
[36.475s][debug  ][gc,ref         ] GC(13) Skipped phase 3 of Reference Processing: no references
[36.475s][debug  ][gc,ref         ] GC(13) Skipped phase 4 of Reference Processing: no references
[36.475s][debug  ][gc,phases,ref  ] GC(13) Reference Processing: 0.1ms
[36.475s][debug  ][gc,phases,ref  ] GC(13)   Reconsider SoftReferences: 0.0ms
[36.475s][debug  ][gc,phases,ref  ] GC(13)     SoftRef (ms):                  skipped
[36.475s][debug  ][gc,phases,ref  ] GC(13)   Notify Soft/WeakReferences: 0.0ms
[36.475s][debug  ][gc,phases,ref  ] GC(13)     SoftRef (ms):                  skipped
[36.475s][debug  ][gc,phases,ref  ] GC(13)     WeakRef (ms):                  skipped
[36.475s][debug  ][gc,phases,ref  ] GC(13)     FinalRef (ms):                 skipped
[36.475s][debug  ][gc,phases,ref  ] GC(13)     Total (ms):                    skipped
[36.475s][debug  ][gc,phases,ref  ] GC(13)   Notify and keep alive finalizable: 0.0ms
[36.475s][debug  ][gc,phases,ref  ] GC(13)     FinalRef (ms):                 skipped
[36.475s][debug  ][gc,phases,ref  ] GC(13)   Notify PhantomReferences: 0.0ms
[36.475s][debug  ][gc,phases,ref  ] GC(13)     PhantomRef (ms):               skipped
[36.475s][debug  ][gc,phases,ref  ] GC(13)   SoftReference:
[36.475s][debug  ][gc,phases,ref  ] GC(13)     Discovered: 0
[36.475s][debug  ][gc,phases,ref  ] GC(13)     Cleared: 0
[36.475s][debug  ][gc,phases,ref  ] GC(13)   WeakReference:
[36.475s][debug  ][gc,phases,ref  ] GC(13)     Discovered: 0
[36.475s][debug  ][gc,phases,ref  ] GC(13)     Cleared: 0
[36.475s][debug  ][gc,phases,ref  ] GC(13)   FinalReference:
[36.475s][debug  ][gc,phases,ref  ] GC(13)     Discovered: 0
[36.475s][debug  ][gc,phases,ref  ] GC(13)     Cleared: 0
[36.475s][debug  ][gc,phases,ref  ] GC(13)   PhantomReference:
[36.475s][debug  ][gc,phases,ref  ] GC(13)     Discovered: 0
[36.475s][debug  ][gc,phases,ref  ] GC(13)     Cleared: 0
[36.475s][debug  ][gc,phases      ] GC(13) Reference Processing 0.671ms
[36.475s][debug  ][gc,phases,start] GC(13) Weak Processing
[36.476s][debug  ][gc,phases      ] GC(13)   VM Weak                        Min:  0.0, Avg:  0.0, Max:  0.0, Diff:  0.0, Sum:  0.0, Workers: 6
[36.476s][debug  ][gc,phases      ] GC(13)     Dead                           Min: 0, Avg:  0.0, Max: 0, Diff: 0, Sum: 0, Workers: 6
[36.476s][debug  ][gc,phases      ] GC(13)     Total                          Min: 0, Avg:  1.3, Max: 8, Diff: 8, Sum: 8, Workers: 6
[36.476s][debug  ][gc,phases      ] GC(13)   ObjectSynchronizer Weak        Min:  0.0, Avg:  0.0, Max:  0.0, Diff:  0.0, Sum:  0.0, Workers: 6
[36.476s][debug  ][gc,phases      ] GC(13)     Dead                           Min: 0, Avg:  0.0, Max: 0, Diff: 0, Sum: 0, Workers: 6
[36.476s][debug  ][gc,phases      ] GC(13)     Total                          Min: 0, Avg:  0.5, Max: 3, Diff: 3, Sum: 3, Workers: 6
[36.476s][debug  ][gc,phases      ] GC(13)   JVMTI Tag Weak OopStorage      Min:  0.0, Avg:  0.0, Max:  0.0, Diff:  0.0, Sum:  0.0, Workers: 6
[36.476s][debug  ][gc,phases      ] GC(13)     Dead                           Min: 0, Avg:  0.0, Max: 0, Diff: 0, Sum: 0, Workers: 6
[36.476s][debug  ][gc,phases      ] GC(13)     Total                          Min: 0, Avg:  0.0, Max: 0, Diff: 0, Sum: 0, Workers: 6
[36.476s][debug  ][gc,phases      ] GC(13)   StringTable Weak               Min:  0.0, Avg:  0.0, Max:  0.0, Diff:  0.0, Sum:  0.0, Workers: 6
[36.476s][debug  ][gc,phases      ] GC(13)     Dead                           Min: 0, Avg:  0.0, Max: 0, Diff: 0, Sum: 0, Workers: 6
[36.476s][debug  ][gc,phases      ] GC(13)     Total                          Min: 704, Avg: 892.8, Max: 1088, Diff: 384, Sum: 5357, Workers: 6
[36.476s][debug  ][gc,phases      ] GC(13)   ResolvedMethodTable Weak       Min:  0.0, Avg:  0.0, Max:  0.0, Diff:  0.0, Sum:  0.0, Workers: 6
[36.476s][debug  ][gc,phases      ] GC(13)     Dead                           Min: 0, Avg:  0.0, Max: 0, Diff: 0, Sum: 0, Workers: 6
[36.476s][debug  ][gc,phases      ] GC(13)     Total                          Min: 0, Avg: 21.7, Max: 64, Diff: 64, Sum: 130, Workers: 6
[36.476s][debug  ][gc,phases      ] GC(13)   JNI Weak                       Min:  0.0, Avg:  0.0, Max:  0.0, Diff:  0.0, Sum:  0.0, Workers: 6
[36.476s][debug  ][gc,phases      ] GC(13)     Dead                           Min: 0, Avg:  0.0, Max: 0, Diff: 0, Sum: 0, Workers: 6
[36.476s][debug  ][gc,phases      ] GC(13)     Total                          Min: 0, Avg:  0.0, Max: 0, Diff: 0, Sum: 0, Workers: 6
[36.476s][debug  ][gc,phases      ] GC(13)   StringDedup Table Weak         Min:  0.0, Avg:  0.0, Max:  0.0, Diff:  0.0, Sum:  0.0, Workers: 6
[36.476s][debug  ][gc,phases      ] GC(13)     Dead                           Min: 0, Avg:  0.0, Max: 0, Diff: 0, Sum: 0, Workers: 6
[36.476s][debug  ][gc,phases      ] GC(13)     Total                          Min: 0, Avg:  0.0, Max: 0, Diff: 0, Sum: 0, Workers: 6
[36.476s][debug  ][gc,phases      ] GC(13)   StringDedup Requests0 Weak     Min:  0.0, Avg:  0.0, Max:  0.0, Diff:  0.0, Sum:  0.0, Workers: 6
[36.476s][debug  ][gc,phases      ] GC(13)     Dead                           Min: 0, Avg:  0.0, Max: 0, Diff: 0, Sum: 0, Workers: 6
[36.476s][debug  ][gc,phases      ] GC(13)     Total                          Min: 0, Avg:  0.0, Max: 0, Diff: 0, Sum: 0, Workers: 6
[36.476s][debug  ][gc,phases      ] GC(13)   StringDedup Requests1 Weak     Min:  0.0, Avg:  0.0, Max:  0.0, Diff:  0.0, Sum:  0.0, Workers: 6
[36.476s][debug  ][gc,phases      ] GC(13)     Dead                           Min: 0, Avg:  0.0, Max: 0, Diff: 0, Sum: 0, Workers: 6
[36.476s][debug  ][gc,phases      ] GC(13)     Total                          Min: 0, Avg:  0.0, Max: 0, Diff: 0, Sum: 0, Workers: 6
[36.476s][debug  ][gc,phases      ] GC(13)   Weak JFR Old Object Samples    Min:  0.0, Avg:  0.0, Max:  0.0, Diff:  0.0, Sum:  0.0, Workers: 6
[36.476s][debug  ][gc,phases      ] GC(13)     Dead                           Min: 0, Avg:  0.0, Max: 0, Diff: 0, Sum: 0, Workers: 6
[36.476s][debug  ][gc,phases      ] GC(13)     Total                          Min: 0, Avg:  0.0, Max: 0, Diff: 0, Sum: 0, Workers: 6
[36.476s][debug  ][gc,phases      ] GC(13) Weak Processing 0.800ms
[36.476s][debug  ][gc,ergo        ] GC(13) AdaptiveSizeStart:  collection: 14 
[36.476s][debug  ][gc,ergo        ] GC(13) avg_survived_padded_avg: 52452960.000000
[36.476s][debug  ][gc,ergo        ] GC(13) avg_promoted_padded_avg: 53179344.000000  avg_pretenured_padded_avg: 0.000000  tenuring_thresh: 1  target_size: 52953088
[36.476s][debug  ][gc,age         ] GC(13) Desired survivor size 52953088 bytes, new threshold 1 (max threshold 15)
[36.476s][debug  ][gc,ergo        ] GC(13) PSAdaptiveSizePolicy::compute_eden_space_size: costs minor_time: 0.002556 major_cost: 0.000430 mutator_cost: 0.997014 throughput_goal: 0.990000
[36.476s][debug  ][gc,ergo        ] GC(13) Live_space: 382674912 free_space: 354418688
[36.476s][debug  ][gc,ergo        ] GC(13) Old eden_size: 158334976 desired_eden_size: 158334976
[36.476s][debug  ][gc,ergo        ] GC(13) AdaptiveSizeStop: collection: 14 
[36.477s][info   ][gc,heap        ] GC(13) PSYoungGen: 156747K(209920K)->33792K(210432K) Eden: 156747K(157696K)->0K(158208K) From: 0K(52224K)->33792K(52224K)
[36.477s][info   ][gc,heap        ] GC(13) ParOldGen: 83557K(329216K)->83557K(329216K)
[36.477s][info   ][gc,metaspace   ] GC(13) Metaspace: 1025K(1216K)->1025K(1216K) NonClass: 941K(1024K)->941K(1024K) Class: 83K(192K)->83K(192K)
[36.477s][info   ][gc             ] GC(13) Pause Young (Allocation Failure) 234M->114M(527M) 5.151ms
[36.477s][info   ][gc,cpu         ] GC(13) User=0.16s Sys=0.00s Real=0.01s
[36.477s][debug  ][gc,heap        ] GC(13) Heap after GC invocations=14 (full 1):
[36.477s][debug  ][gc,heap        ] GC(13)  PSYoungGen      total 210432K, used 33792K [0x00000000f0000000, 0x0000000100000000, 0x0000000100000000)
[36.477s][debug  ][gc,heap        ] GC(13)   eden space 158208K, 0% used [0x00000000f0000000,0x00000000f0000000,0x00000000f9a80000)
[36.477s][debug  ][gc,heap        ] GC(13)   from space 52224K, 64% used [0x00000000fcd00000,0x00000000fee00210,0x0000000100000000)
[36.477s][debug  ][gc,heap        ] GC(13)   to   space 51712K, 0% used [0x00000000f9a80000,0x00000000f9a80000,0x00000000fcd00000)
[36.477s][debug  ][gc,heap        ] GC(13)  ParOldGen       total 329216K, used 83557K [0x00000000c0000000, 0x00000000d4180000, 0x00000000f0000000)
[36.477s][debug  ][gc,heap        ] GC(13)   object space 329216K, 25% used [0x00000000c0000000,0x00000000c5199720,0x00000000d4180000)
[36.477s][debug  ][gc,heap        ] GC(13)  Metaspace       used 1025K, committed 1216K, reserved 1056768K
[36.477s][debug  ][gc,heap        ] GC(13)   class space    used 83K, committed 192K, reserved 1048576K
[36.477s][debug  ][gc,task,time   ] GC(13) VM-Thread 364710453 364747965 364768958
[38.882s][debug  ][gc,heap        ] GC(14) Heap before GC invocations=15 (full 1):
[38.882s][debug  ][gc,heap        ] GC(14)  PSYoungGen      total 210432K, used 191547K [0x00000000f0000000, 0x0000000100000000, 0x0000000100000000)
[38.882s][debug  ][gc,heap        ] GC(14)   eden space 158208K, 99% used [0x00000000f0000000,0x00000000f9a0ed68,0x00000000f9a80000)
[38.882s][debug  ][gc,heap        ] GC(14)   from space 52224K, 64% used [0x00000000fcd00000,0x00000000fee00210,0x0000000100000000)
[38.882s][debug  ][gc,heap        ] GC(14)   to   space 51712K, 0% used [0x00000000f9a80000,0x00000000f9a80000,0x00000000fcd00000)
[38.882s][debug  ][gc,heap        ] GC(14)  ParOldGen       total 329216K, used 83557K [0x00000000c0000000, 0x00000000d4180000, 0x00000000f0000000)
[38.882s][debug  ][gc,heap        ] GC(14)   object space 329216K, 25% used [0x00000000c0000000,0x00000000c5199720,0x00000000d4180000)
[38.882s][debug  ][gc,heap        ] GC(14)  Metaspace       used 1025K, committed 1216K, reserved 1056768K
[38.882s][debug  ][gc,heap        ] GC(14)   class space    used 83K, committed 192K, reserved 1048576K
[38.882s][debug  ][gc,tlab        ] GC(14) TLAB totals: thrds: 1  refills: 1 max: 1 slow allocs: 150 max 150 waste:  1.3% gc: 57248B max: 57248B slow: 0B max: 0B
[38.882s][info   ][gc,start       ] GC(14) Pause Young (Allocation Failure)
[38.882s][debug  ][gc,phases,start] GC(14) Scavenge
[38.892s][debug  ][gc,phases      ] GC(14) Scavenge 9.507ms
[38.892s][debug  ][gc,phases,start] GC(14) Reference Processing
[38.892s][debug  ][gc,ref         ] GC(14) Skipped phase 1 of Reference Processing: no references
[38.892s][debug  ][gc,ref         ] GC(14) Skipped phase 2 of Reference Processing: no references
[38.892s][debug  ][gc,ref         ] GC(14) Skipped phase 3 of Reference Processing: no references
[38.892s][debug  ][gc,ref         ] GC(14) Skipped phase 4 of Reference Processing: no references
[38.892s][debug  ][gc,phases,ref  ] GC(14) Reference Processing: 0.1ms
[38.892s][debug  ][gc,phases,ref  ] GC(14)   Reconsider SoftReferences: 0.0ms
[38.892s][debug  ][gc,phases,ref  ] GC(14)     SoftRef (ms):                  skipped
[38.892s][debug  ][gc,phases,ref  ] GC(14)   Notify Soft/WeakReferences: 0.0ms
[38.892s][debug  ][gc,phases,ref  ] GC(14)     SoftRef (ms):                  skipped
[38.892s][debug  ][gc,phases,ref  ] GC(14)     WeakRef (ms):                  skipped
[38.892s][debug  ][gc,phases,ref  ] GC(14)     FinalRef (ms):                 skipped
[38.892s][debug  ][gc,phases,ref  ] GC(14)     Total (ms):                    skipped
[38.892s][debug  ][gc,phases,ref  ] GC(14)   Notify and keep alive finalizable: 0.0ms
[38.892s][debug  ][gc,phases,ref  ] GC(14)     FinalRef (ms):                 skipped
[38.892s][debug  ][gc,phases,ref  ] GC(14)   Notify PhantomReferences: 0.0ms
[38.892s][debug  ][gc,phases,ref  ] GC(14)     PhantomRef (ms):               skipped
[38.892s][debug  ][gc,phases,ref  ] GC(14)   SoftReference:
[38.892s][debug  ][gc,phases,ref  ] GC(14)     Discovered: 0
[38.892s][debug  ][gc,phases,ref  ] GC(14)     Cleared: 0
[38.892s][debug  ][gc,phases,ref  ] GC(14)   WeakReference:
[38.892s][debug  ][gc,phases,ref  ] GC(14)     Discovered: 0
[38.892s][debug  ][gc,phases,ref  ] GC(14)     Cleared: 0
[38.892s][debug  ][gc,phases,ref  ] GC(14)   FinalReference:
[38.892s][debug  ][gc,phases,ref  ] GC(14)     Discovered: 0
[38.892s][debug  ][gc,phases,ref  ] GC(14)     Cleared: 0
[38.892s][debug  ][gc,phases,ref  ] GC(14)   PhantomReference:
[38.892s][debug  ][gc,phases,ref  ] GC(14)     Discovered: 0
[38.892s][debug  ][gc,phases,ref  ] GC(14)     Cleared: 0
[38.892s][debug  ][gc,phases      ] GC(14) Reference Processing 0.641ms
[38.892s][debug  ][gc,phases,start] GC(14) Weak Processing
[38.892s][debug  ][gc,phases      ] GC(14)   VM Weak                        Min:  0.0, Avg:  0.0, Max:  0.0, Diff:  0.0, Sum:  0.0, Workers: 6
[38.893s][debug  ][gc,phases      ] GC(14)     Dead                           Min: 0, Avg:  0.0, Max: 0, Diff: 0, Sum: 0, Workers: 6
[38.893s][debug  ][gc,phases      ] GC(14)     Total                          Min: 0, Avg:  1.3, Max: 8, Diff: 8, Sum: 8, Workers: 6
[38.893s][debug  ][gc,phases      ] GC(14)   ObjectSynchronizer Weak        Min:  0.0, Avg:  0.0, Max:  0.0, Diff:  0.0, Sum:  0.0, Workers: 6
[38.893s][debug  ][gc,phases      ] GC(14)     Dead                           Min: 0, Avg:  0.0, Max: 0, Diff: 0, Sum: 0, Workers: 6
[38.893s][debug  ][gc,phases      ] GC(14)     Total                          Min: 0, Avg:  0.5, Max: 3, Diff: 3, Sum: 3, Workers: 6
[38.893s][debug  ][gc,phases      ] GC(14)   JVMTI Tag Weak OopStorage      Min:  0.0, Avg:  0.0, Max:  0.0, Diff:  0.0, Sum:  0.0, Workers: 6
[38.893s][debug  ][gc,phases      ] GC(14)     Dead                           Min: 0, Avg:  0.0, Max: 0, Diff: 0, Sum: 0, Workers: 6
[38.893s][debug  ][gc,phases      ] GC(14)     Total                          Min: 0, Avg:  0.0, Max: 0, Diff: 0, Sum: 0, Workers: 6
[38.893s][debug  ][gc,phases      ] GC(14)   StringTable Weak               Min:  0.0, Avg:  0.0, Max:  0.0, Diff:  0.0, Sum:  0.1, Workers: 6
[38.893s][debug  ][gc,phases      ] GC(14)     Dead                           Min: 0, Avg:  0.0, Max: 0, Diff: 0, Sum: 0, Workers: 6
[38.893s][debug  ][gc,phases      ] GC(14)     Total                          Min: 768, Avg: 892.8, Max: 1088, Diff: 320, Sum: 5357, Workers: 6
[38.893s][debug  ][gc,phases      ] GC(14)   ResolvedMethodTable Weak       Min:  0.0, Avg:  0.0, Max:  0.0, Diff:  0.0, Sum:  0.0, Workers: 6
[38.893s][debug  ][gc,phases      ] GC(14)     Dead                           Min: 0, Avg:  0.0, Max: 0, Diff: 0, Sum: 0, Workers: 6
[38.893s][debug  ][gc,phases      ] GC(14)     Total                          Min: 0, Avg: 21.7, Max: 64, Diff: 64, Sum: 130, Workers: 6
[38.893s][debug  ][gc,phases      ] GC(14)   JNI Weak                       Min:  0.0, Avg:  0.0, Max:  0.0, Diff:  0.0, Sum:  0.0, Workers: 6
[38.893s][debug  ][gc,phases      ] GC(14)     Dead                           Min: 0, Avg:  0.0, Max: 0, Diff: 0, Sum: 0, Workers: 6
[38.893s][debug  ][gc,phases      ] GC(14)     Total                          Min: 0, Avg:  0.0, Max: 0, Diff: 0, Sum: 0, Workers: 6
[38.893s][debug  ][gc,phases      ] GC(14)   StringDedup Table Weak         Min:  0.0, Avg:  0.0, Max:  0.0, Diff:  0.0, Sum:  0.0, Workers: 6
[38.893s][debug  ][gc,phases      ] GC(14)     Dead                           Min: 0, Avg:  0.0, Max: 0, Diff: 0, Sum: 0, Workers: 6
[38.893s][debug  ][gc,phases      ] GC(14)     Total                          Min: 0, Avg:  0.0, Max: 0, Diff: 0, Sum: 0, Workers: 6
[38.893s][debug  ][gc,phases      ] GC(14)   StringDedup Requests0 Weak     Min:  0.0, Avg:  0.0, Max:  0.0, Diff:  0.0, Sum:  0.0, Workers: 6
[38.893s][debug  ][gc,phases      ] GC(14)     Dead                           Min: 0, Avg:  0.0, Max: 0, Diff: 0, Sum: 0, Workers: 6
[38.893s][debug  ][gc,phases      ] GC(14)     Total                          Min: 0, Avg:  0.0, Max: 0, Diff: 0, Sum: 0, Workers: 6
[38.893s][debug  ][gc,phases      ] GC(14)   StringDedup Requests1 Weak     Min:  0.0, Avg:  0.0, Max:  0.0, Diff:  0.0, Sum:  0.0, Workers: 6
[38.893s][debug  ][gc,phases      ] GC(14)     Dead                           Min: 0, Avg:  0.0, Max: 0, Diff: 0, Sum: 0, Workers: 6
[38.893s][debug  ][gc,phases      ] GC(14)     Total                          Min: 0, Avg:  0.0, Max: 0, Diff: 0, Sum: 0, Workers: 6
[38.893s][debug  ][gc,phases      ] GC(14)   Weak JFR Old Object Samples    Min:  0.0, Avg:  0.0, Max:  0.0, Diff:  0.0, Sum:  0.0, Workers: 6
[38.893s][debug  ][gc,phases      ] GC(14)     Dead                           Min: 0, Avg:  0.0, Max: 0, Diff: 0, Sum: 0, Workers: 6
[38.893s][debug  ][gc,phases      ] GC(14)     Total                          Min: 0, Avg:  0.0, Max: 0, Diff: 0, Sum: 0, Workers: 6
[38.893s][debug  ][gc,phases      ] GC(14) Weak Processing 0.698ms
[38.893s][debug  ][gc,ergo        ] GC(14) AdaptiveSizeStart:  collection: 15 
[38.893s][debug  ][gc,ergo        ] GC(14) avg_survived_padded_avg: 58107544.000000
[38.893s][debug  ][gc,ergo        ] GC(14) avg_promoted_padded_avg: 57474872.000000  avg_pretenured_padded_avg: 0.000000  tenuring_thresh: 1  target_size: 58195968
[38.893s][debug  ][gc,age         ] GC(14) Desired survivor size 58195968 bytes, new threshold 1 (max threshold 15)
[38.893s][debug  ][gc,ergo        ] GC(14) PSAdaptiveSizePolicy::compute_eden_space_size: costs minor_time: 0.003055 major_cost: 0.000430 mutator_cost: 0.996514 throughput_goal: 0.990000
[38.893s][debug  ][gc,ergo        ] GC(14) Live_space: 385050240 free_space: 354418688
[38.893s][debug  ][gc,ergo        ] GC(14) Old eden_size: 158334976 desired_eden_size: 158859264
[38.893s][debug  ][gc,ergo        ] GC(14) AdaptiveSizeStop: collection: 15 
[38.893s][info   ][gc,heap        ] GC(14) PSYoungGen: 191547K(210432K)->51200K(206848K) Eden: 157755K(158208K)->0K(155136K) From: 33792K(52224K)->51200K(51712K)
[38.893s][info   ][gc,heap        ] GC(14) ParOldGen: 83557K(329216K)->121446K(329216K)
[38.893s][info   ][gc,metaspace   ] GC(14) Metaspace: 1025K(1216K)->1025K(1216K) NonClass: 941K(1024K)->941K(1024K) Class: 83K(192K)->83K(192K)
[38.893s][info   ][gc             ] GC(14) Pause Young (Allocation Failure) 268M->168M(523M) 11.293ms
[38.893s][info   ][gc,cpu         ] GC(14) User=0.00s Sys=0.00s Real=0.01s
[38.893s][debug  ][gc,heap        ] GC(14) Heap after GC invocations=15 (full 1):
[38.893s][debug  ][gc,heap        ] GC(14)  PSYoungGen      total 206848K, used 51200K [0x00000000f0000000, 0x0000000100000000, 0x0000000100000000)
[38.893s][debug  ][gc,heap        ] GC(14)   eden space 155136K, 0% used [0x00000000f0000000,0x00000000f0000000,0x00000000f9780000)
[38.894s][debug  ][gc,heap        ] GC(14)   from space 51712K, 99% used [0x00000000f9a80000,0x00000000fcc80320,0x00000000fcd00000)
[38.894s][debug  ][gc,heap        ] GC(14)   to   space 52224K, 0% used [0x00000000fcd00000,0x00000000fcd00000,0x0000000100000000)
[38.894s][debug  ][gc,heap        ] GC(14)  ParOldGen       total 329216K, used 121446K [0x00000000c0000000, 0x00000000d4180000, 0x00000000f0000000)
[38.894s][debug  ][gc,heap        ] GC(14)   object space 329216K, 36% used [0x00000000c0000000,0x00000000c7699970,0x00000000d4180000)
[38.894s][debug  ][gc,heap        ] GC(14)  Metaspace       used 1025K, committed 1216K, reserved 1056768K
[38.894s][debug  ][gc,heap        ] GC(14)   class space    used 83K, committed 192K, reserved 1048576K
[38.894s][debug  ][gc,task,time   ] GC(14) VM-Thread 388817723 388917694 388936391
[41.242s][debug  ][gc,heap        ] GC(15) Heap before GC invocations=16 (full 1):
[41.243s][debug  ][gc,heap        ] GC(15)  PSYoungGen      total 206848K, used 206336K [0x00000000f0000000, 0x0000000100000000, 0x0000000100000000)
[41.243s][debug  ][gc,heap        ] GC(15)   eden space 155136K, 100% used [0x00000000f0000000,0x00000000f9780000,0x00000000f9780000)
[41.243s][debug  ][gc,heap        ] GC(15)   from space 51712K, 99% used [0x00000000f9a80000,0x00000000fcc80320,0x00000000fcd00000)
[41.243s][debug  ][gc,heap        ] GC(15)   to   space 52224K, 0% used [0x00000000fcd00000,0x00000000fcd00000,0x0000000100000000)
[41.243s][debug  ][gc,heap        ] GC(15)  ParOldGen       total 329216K, used 121446K [0x00000000c0000000, 0x00000000d4180000, 0x00000000f0000000)
[41.243s][debug  ][gc,heap        ] GC(15)   object space 329216K, 36% used [0x00000000c0000000,0x00000000c7699970,0x00000000d4180000)
[41.243s][debug  ][gc,heap        ] GC(15)  Metaspace       used 1026K, committed 1216K, reserved 1056768K
[41.243s][debug  ][gc,heap        ] GC(15)   class space    used 83K, committed 192K, reserved 1048576K
[41.243s][debug  ][gc,tlab        ] GC(15) TLAB totals: thrds: 1  refills: 38 max: 38 slow allocs: 1 max 1 waste:  0.3% gc: 223504B max: 223504B slow: 296240B max: 296240B
[41.243s][info   ][gc,start       ] GC(15) Pause Young (Allocation Failure)
[41.243s][debug  ][gc,phases,start] GC(15) Scavenge
[41.247s][debug  ][gc,phases      ] GC(15) Scavenge 4.030ms
[41.247s][debug  ][gc,phases,start] GC(15) Reference Processing
[41.247s][debug  ][gc,ref         ] GC(15) Skipped phase 1 of Reference Processing: no references
[41.247s][debug  ][gc,ref         ] GC(15) Skipped phase 2 of Reference Processing: no references
[41.247s][debug  ][gc,ref         ] GC(15) Skipped phase 3 of Reference Processing: no references
[41.247s][debug  ][gc,ref         ] GC(15) Skipped phase 4 of Reference Processing: no references
[41.247s][debug  ][gc,phases,ref  ] GC(15) Reference Processing: 0.1ms
[41.247s][debug  ][gc,phases,ref  ] GC(15)   Reconsider SoftReferences: 0.0ms
[41.247s][debug  ][gc,phases,ref  ] GC(15)     SoftRef (ms):                  skipped
[41.247s][debug  ][gc,phases,ref  ] GC(15)   Notify Soft/WeakReferences: 0.0ms
[41.247s][debug  ][gc,phases,ref  ] GC(15)     SoftRef (ms):                  skipped
[41.247s][debug  ][gc,phases,ref  ] GC(15)     WeakRef (ms):                  skipped
[41.247s][debug  ][gc,phases,ref  ] GC(15)     FinalRef (ms):                 skipped
[41.247s][debug  ][gc,phases,ref  ] GC(15)     Total (ms):                    skipped
[41.247s][debug  ][gc,phases,ref  ] GC(15)   Notify and keep alive finalizable: 0.0ms
[41.247s][debug  ][gc,phases,ref  ] GC(15)     FinalRef (ms):                 skipped
[41.247s][debug  ][gc,phases,ref  ] GC(15)   Notify PhantomReferences: 0.0ms
[41.247s][debug  ][gc,phases,ref  ] GC(15)     PhantomRef (ms):               skipped
[41.247s][debug  ][gc,phases,ref  ] GC(15)   SoftReference:
[41.248s][debug  ][gc,phases,ref  ] GC(15)     Discovered: 0
[41.248s][debug  ][gc,phases,ref  ] GC(15)     Cleared: 0
[41.248s][debug  ][gc,phases,ref  ] GC(15)   WeakReference:
[41.248s][debug  ][gc,phases,ref  ] GC(15)     Discovered: 0
[41.248s][debug  ][gc,phases,ref  ] GC(15)     Cleared: 0
[41.248s][debug  ][gc,phases,ref  ] GC(15)   FinalReference:
[41.248s][debug  ][gc,phases,ref  ] GC(15)     Discovered: 0
[41.248s][debug  ][gc,phases,ref  ] GC(15)     Cleared: 0
[41.248s][debug  ][gc,phases,ref  ] GC(15)   PhantomReference:
[41.248s][debug  ][gc,phases,ref  ] GC(15)     Discovered: 0
[41.248s][debug  ][gc,phases,ref  ] GC(15)     Cleared: 0
[41.248s][debug  ][gc,phases      ] GC(15) Reference Processing 0.732ms
[41.248s][debug  ][gc,phases,start] GC(15) Weak Processing
[41.248s][debug  ][gc,phases      ] GC(15)   VM Weak                        Min:  0.0, Avg:  0.0, Max:  0.0, Diff:  0.0, Sum:  0.0, Workers: 6
[41.248s][debug  ][gc,phases      ] GC(15)     Dead                           Min: 0, Avg:  0.0, Max: 0, Diff: 0, Sum: 0, Workers: 6
[41.248s][debug  ][gc,phases      ] GC(15)     Total                          Min: 0, Avg:  1.3, Max: 8, Diff: 8, Sum: 8, Workers: 6
[41.248s][debug  ][gc,phases      ] GC(15)   ObjectSynchronizer Weak        Min:  0.0, Avg:  0.0, Max:  0.0, Diff:  0.0, Sum:  0.0, Workers: 6
[41.248s][debug  ][gc,phases      ] GC(15)     Dead                           Min: 0, Avg:  0.0, Max: 0, Diff: 0, Sum: 0, Workers: 6
[41.248s][debug  ][gc,phases      ] GC(15)     Total                          Min: 0, Avg:  0.5, Max: 3, Diff: 3, Sum: 3, Workers: 6
[41.248s][debug  ][gc,phases      ] GC(15)   JVMTI Tag Weak OopStorage      Min:  0.0, Avg:  0.0, Max:  0.0, Diff:  0.0, Sum:  0.0, Workers: 6
[41.248s][debug  ][gc,phases      ] GC(15)     Dead                           Min: 0, Avg:  0.0, Max: 0, Diff: 0, Sum: 0, Workers: 6
[41.248s][debug  ][gc,phases      ] GC(15)     Total                          Min: 0, Avg:  0.0, Max: 0, Diff: 0, Sum: 0, Workers: 6
[41.248s][debug  ][gc,phases      ] GC(15)   StringTable Weak               Min:  0.0, Avg:  0.0, Max:  0.0, Diff:  0.0, Sum:  0.1, Workers: 6
[41.248s][debug  ][gc,phases      ] GC(15)     Dead                           Min: 0, Avg:  0.0, Max: 0, Diff: 0, Sum: 0, Workers: 6
[41.248s][debug  ][gc,phases      ] GC(15)     Total                          Min: 704, Avg: 892.8, Max: 1152, Diff: 448, Sum: 5357, Workers: 6
[41.248s][debug  ][gc,phases      ] GC(15)   ResolvedMethodTable Weak       Min:  0.0, Avg:  0.0, Max:  0.0, Diff:  0.0, Sum:  0.0, Workers: 6
[41.248s][debug  ][gc,phases      ] GC(15)     Dead                           Min: 0, Avg:  0.0, Max: 0, Diff: 0, Sum: 0, Workers: 6
[41.248s][debug  ][gc,phases      ] GC(15)     Total                          Min: 0, Avg: 21.7, Max: 64, Diff: 64, Sum: 130, Workers: 6
[41.248s][debug  ][gc,phases      ] GC(15)   JNI Weak                       Min:  0.0, Avg:  0.0, Max:  0.0, Diff:  0.0, Sum:  0.0, Workers: 6
[41.248s][debug  ][gc,phases      ] GC(15)     Dead                           Min: 0, Avg:  0.0, Max: 0, Diff: 0, Sum: 0, Workers: 6
[41.248s][debug  ][gc,phases      ] GC(15)     Total                          Min: 0, Avg:  0.0, Max: 0, Diff: 0, Sum: 0, Workers: 6
[41.248s][debug  ][gc,phases      ] GC(15)   StringDedup Table Weak         Min:  0.0, Avg:  0.0, Max:  0.0, Diff:  0.0, Sum:  0.0, Workers: 6
[41.248s][debug  ][gc,phases      ] GC(15)     Dead                           Min: 0, Avg:  0.0, Max: 0, Diff: 0, Sum: 0, Workers: 6
[41.248s][debug  ][gc,phases      ] GC(15)     Total                          Min: 0, Avg:  0.0, Max: 0, Diff: 0, Sum: 0, Workers: 6
[41.248s][debug  ][gc,phases      ] GC(15)   StringDedup Requests0 Weak     Min:  0.0, Avg:  0.0, Max:  0.0, Diff:  0.0, Sum:  0.0, Workers: 6
[41.248s][debug  ][gc,phases      ] GC(15)     Dead                           Min: 0, Avg:  0.0, Max: 0, Diff: 0, Sum: 0, Workers: 6
[41.248s][debug  ][gc,phases      ] GC(15)     Total                          Min: 0, Avg:  0.0, Max: 0, Diff: 0, Sum: 0, Workers: 6
[41.248s][debug  ][gc,phases      ] GC(15)   StringDedup Requests1 Weak     Min:  0.0, Avg:  0.0, Max:  0.0, Diff:  0.0, Sum:  0.0, Workers: 6
[41.248s][debug  ][gc,phases      ] GC(15)     Dead                           Min: 0, Avg:  0.0, Max: 0, Diff: 0, Sum: 0, Workers: 6
[41.249s][debug  ][gc,phases      ] GC(15)     Total                          Min: 0, Avg:  0.0, Max: 0, Diff: 0, Sum: 0, Workers: 6
[41.249s][debug  ][gc,phases      ] GC(15)   Weak JFR Old Object Samples    Min:  0.0, Avg:  0.0, Max:  0.0, Diff:  0.0, Sum:  0.0, Workers: 6
[41.249s][debug  ][gc,phases      ] GC(15)     Dead                           Min: 0, Avg:  0.0, Max: 0, Diff: 0, Sum: 0, Workers: 6
[41.249s][debug  ][gc,phases      ] GC(15)     Total                          Min: 0, Avg:  0.0, Max: 0, Diff: 0, Sum: 0, Workers: 6
[41.249s][debug  ][gc,phases      ] GC(15) Weak Processing 0.825ms
[41.249s][debug  ][gc,ergo        ] GC(15) AdaptiveSizeStart:  collection: 16 
[41.249s][debug  ][gc,ergo        ] GC(15) avg_survived_padded_avg: 57975228.000000
[41.249s][debug  ][gc,ergo        ] GC(15) avg_promoted_padded_avg: 55506304.000000  avg_pretenured_padded_avg: 0.000000  tenuring_thresh: 1  target_size: 58195968
[41.249s][debug  ][gc,age         ] GC(15) Desired survivor size 58195968 bytes, new threshold 1 (max threshold 15)
[41.249s][debug  ][gc,ergo        ] GC(15) PSAdaptiveSizePolicy::compute_eden_space_size: costs minor_time: 0.002900 major_cost: 0.000430 mutator_cost: 0.996669 throughput_goal: 0.990000
[41.249s][debug  ][gc,ergo        ] GC(15) Live_space: 385929728 free_space: 354942976
[41.249s][debug  ][gc,ergo        ] GC(15) Old eden_size: 158859264 desired_eden_size: 155713536
[41.249s][debug  ][gc,ergo        ] GC(15) AdaptiveSizeStop: collection: 16 
[41.249s][info   ][gc,heap        ] GC(15) PSYoungGen: 206336K(206848K)->38912K(200704K) Eden: 155136K(155136K)->0K(148480K) From: 51200K(51712K)->38912K(52224K)
[41.249s][info   ][gc,heap        ] GC(15) ParOldGen: 121446K(329216K)->121446K(329216K)
[41.249s][info   ][gc,metaspace   ] GC(15) Metaspace: 1026K(1216K)->1026K(1216K) NonClass: 943K(1024K)->943K(1024K) Class: 83K(192K)->83K(192K)
[41.249s][info   ][gc             ] GC(15) Pause Young (Allocation Failure) 320M->156M(517M) 6.077ms
[41.249s][info   ][gc,cpu         ] GC(15) User=0.00s Sys=0.00s Real=0.01s
[41.249s][debug  ][gc,heap        ] GC(15) Heap after GC invocations=16 (full 1):
[41.249s][debug  ][gc,heap        ] GC(15)  PSYoungGen      total 200704K, used 38912K [0x00000000f0000000, 0x0000000100000000, 0x0000000100000000)
[41.249s][debug  ][gc,heap        ] GC(15)   eden space 148480K, 0% used [0x00000000f0000000,0x00000000f0000000,0x00000000f9100000)
[41.249s][debug  ][gc,heap        ] GC(15)   from space 52224K, 74% used [0x00000000fcd00000,0x00000000ff300260,0x0000000100000000)
[41.249s][debug  ][gc,heap        ] GC(15)   to   space 56832K, 0% used [0x00000000f9100000,0x00000000f9100000,0x00000000fc880000)
[41.249s][debug  ][gc,heap        ] GC(15)  ParOldGen       total 329216K, used 121446K [0x00000000c0000000, 0x00000000d4180000, 0x00000000f0000000)
[41.249s][debug  ][gc,heap        ] GC(15)   object space 329216K, 36% used [0x00000000c0000000,0x00000000c7699970,0x00000000d4180000)
[41.249s][debug  ][gc,heap        ] GC(15)  Metaspace       used 1026K, committed 1216K, reserved 1056768K
[41.249s][debug  ][gc,heap        ] GC(15)   class space    used 83K, committed 192K, reserved 1048576K
[41.249s][debug  ][gc,task,time   ] GC(15) VM-Thread 412424012 412470211 412492028
[43.499s][debug  ][gc,heap        ] GC(16) Heap before GC invocations=17 (full 1):
[43.499s][debug  ][gc,heap        ] GC(16)  PSYoungGen      total 200704K, used 187278K [0x00000000f0000000, 0x0000000100000000, 0x0000000100000000)
[43.499s][debug  ][gc,heap        ] GC(16)   eden space 148480K, 99% used [0x00000000f0000000,0x00000000f90e3690,0x00000000f9100000)
[43.499s][debug  ][gc,heap        ] GC(16)   from space 52224K, 74% used [0x00000000fcd00000,0x00000000ff300260,0x0000000100000000)
[43.499s][debug  ][gc,heap        ] GC(16)   to   space 56832K, 0% used [0x00000000f9100000,0x00000000f9100000,0x00000000fc880000)
[43.499s][debug  ][gc,heap        ] GC(16)  ParOldGen       total 329216K, used 121446K [0x00000000c0000000, 0x00000000d4180000, 0x00000000f0000000)
[43.499s][debug  ][gc,heap        ] GC(16)   object space 329216K, 36% used [0x00000000c0000000,0x00000000c7699970,0x00000000d4180000)
[43.499s][debug  ][gc,heap        ] GC(16)  Metaspace       used 1028K, committed 1216K, reserved 1056768K
[43.499s][debug  ][gc,heap        ] GC(16)   class space    used 83K, committed 192K, reserved 1048576K
[43.499s][debug  ][gc,tlab        ] GC(16) TLAB totals: thrds: 1  refills: 1 max: 1 slow allocs: 141 max 141 waste: 22.8% gc: 928104B max: 928104B slow: 0B max: 0B
[43.499s][info   ][gc,start       ] GC(16) Pause Young (Allocation Failure)
[43.499s][debug  ][gc,phases,start] GC(16) Scavenge
[43.508s][debug  ][gc,phases      ] GC(16) Scavenge 8.617ms
[43.508s][debug  ][gc,phases,start] GC(16) Reference Processing
[43.508s][debug  ][gc,ref         ] GC(16) Skipped phase 1 of Reference Processing: no references
[43.508s][debug  ][gc,ref         ] GC(16) Skipped phase 2 of Reference Processing: no references
[43.508s][debug  ][gc,ref         ] GC(16) Skipped phase 3 of Reference Processing: no references
[43.508s][debug  ][gc,ref         ] GC(16) Skipped phase 4 of Reference Processing: no references
[43.508s][debug  ][gc,phases,ref  ] GC(16) Reference Processing: 0.1ms
[43.508s][debug  ][gc,phases,ref  ] GC(16)   Reconsider SoftReferences: 0.0ms
[43.508s][debug  ][gc,phases,ref  ] GC(16)     SoftRef (ms):                  skipped
[43.508s][debug  ][gc,phases,ref  ] GC(16)   Notify Soft/WeakReferences: 0.0ms
[43.508s][debug  ][gc,phases,ref  ] GC(16)     SoftRef (ms):                  skipped
[43.508s][debug  ][gc,phases,ref  ] GC(16)     WeakRef (ms):                  skipped
[43.508s][debug  ][gc,phases,ref  ] GC(16)     FinalRef (ms):                 skipped
[43.508s][debug  ][gc,phases,ref  ] GC(16)     Total (ms):                    skipped
[43.508s][debug  ][gc,phases,ref  ] GC(16)   Notify and keep alive finalizable: 0.0ms
[43.508s][debug  ][gc,phases,ref  ] GC(16)     FinalRef (ms):                 skipped
[43.509s][debug  ][gc,phases,ref  ] GC(16)   Notify PhantomReferences: 0.0ms
[43.509s][debug  ][gc,phases,ref  ] GC(16)     PhantomRef (ms):               skipped
[43.509s][debug  ][gc,phases,ref  ] GC(16)   SoftReference:
[43.509s][debug  ][gc,phases,ref  ] GC(16)     Discovered: 0
[43.509s][debug  ][gc,phases,ref  ] GC(16)     Cleared: 0
[43.509s][debug  ][gc,phases,ref  ] GC(16)   WeakReference:
[43.509s][debug  ][gc,phases,ref  ] GC(16)     Discovered: 0
[43.509s][debug  ][gc,phases,ref  ] GC(16)     Cleared: 0
[43.509s][debug  ][gc,phases,ref  ] GC(16)   FinalReference:
[43.509s][debug  ][gc,phases,ref  ] GC(16)     Discovered: 0
[43.509s][debug  ][gc,phases,ref  ] GC(16)     Cleared: 0
[43.509s][debug  ][gc,phases,ref  ] GC(16)   PhantomReference:
[43.509s][debug  ][gc,phases,ref  ] GC(16)     Discovered: 0
[43.509s][debug  ][gc,phases,ref  ] GC(16)     Cleared: 0
[43.509s][debug  ][gc,phases      ] GC(16) Reference Processing 0.694ms
[43.509s][debug  ][gc,phases,start] GC(16) Weak Processing
[43.509s][debug  ][gc,phases      ] GC(16)   VM Weak                        Min:  0.0, Avg:  0.0, Max:  0.0, Diff:  0.0, Sum:  0.0, Workers: 6
[43.509s][debug  ][gc,phases      ] GC(16)     Dead                           Min: 0, Avg:  0.0, Max: 0, Diff: 0, Sum: 0, Workers: 6
[43.509s][debug  ][gc,phases      ] GC(16)     Total                          Min: 0, Avg:  1.3, Max: 8, Diff: 8, Sum: 8, Workers: 6
[43.509s][debug  ][gc,phases      ] GC(16)   ObjectSynchronizer Weak        Min:  0.0, Avg:  0.0, Max:  0.0, Diff:  0.0, Sum:  0.0, Workers: 6
[43.509s][debug  ][gc,phases      ] GC(16)     Dead                           Min: 0, Avg:  0.0, Max: 0, Diff: 0, Sum: 0, Workers: 6
[43.509s][debug  ][gc,phases      ] GC(16)     Total                          Min: 0, Avg:  0.5, Max: 3, Diff: 3, Sum: 3, Workers: 6
[43.509s][debug  ][gc,phases      ] GC(16)   JVMTI Tag Weak OopStorage      Min:  0.0, Avg:  0.0, Max:  0.0, Diff:  0.0, Sum:  0.0, Workers: 6
[43.509s][debug  ][gc,phases      ] GC(16)     Dead                           Min: 0, Avg:  0.0, Max: 0, Diff: 0, Sum: 0, Workers: 6
[43.509s][debug  ][gc,phases      ] GC(16)     Total                          Min: 0, Avg:  0.0, Max: 0, Diff: 0, Sum: 0, Workers: 6
[43.509s][debug  ][gc,phases      ] GC(16)   StringTable Weak               Min:  0.0, Avg:  0.0, Max:  0.0, Diff:  0.0, Sum:  0.1, Workers: 6
[43.509s][debug  ][gc,phases      ] GC(16)     Dead                           Min: 0, Avg:  0.0, Max: 0, Diff: 0, Sum: 0, Workers: 6
[43.509s][debug  ][gc,phases      ] GC(16)     Total                          Min: 768, Avg: 892.8, Max: 1024, Diff: 256, Sum: 5357, Workers: 6
[43.509s][debug  ][gc,phases      ] GC(16)   ResolvedMethodTable Weak       Min:  0.0, Avg:  0.0, Max:  0.0, Diff:  0.0, Sum:  0.0, Workers: 6
[43.509s][debug  ][gc,phases      ] GC(16)     Dead                           Min: 0, Avg:  0.0, Max: 0, Diff: 0, Sum: 0, Workers: 6
[43.509s][debug  ][gc,phases      ] GC(16)     Total                          Min: 0, Avg: 21.7, Max: 64, Diff: 64, Sum: 130, Workers: 6
[43.509s][debug  ][gc,phases      ] GC(16)   JNI Weak                       Min:  0.0, Avg:  0.0, Max:  0.0, Diff:  0.0, Sum:  0.0, Workers: 6
[43.509s][debug  ][gc,phases      ] GC(16)     Dead                           Min: 0, Avg:  0.0, Max: 0, Diff: 0, Sum: 0, Workers: 6
[43.509s][debug  ][gc,phases      ] GC(16)     Total                          Min: 0, Avg:  0.0, Max: 0, Diff: 0, Sum: 0, Workers: 6
[43.509s][debug  ][gc,phases      ] GC(16)   StringDedup Table Weak         Min:  0.0, Avg:  0.0, Max:  0.0, Diff:  0.0, Sum:  0.0, Workers: 6
[43.509s][debug  ][gc,phases      ] GC(16)     Dead                           Min: 0, Avg:  0.0, Max: 0, Diff: 0, Sum: 0, Workers: 6
[43.509s][debug  ][gc,phases      ] GC(16)     Total                          Min: 0, Avg:  0.0, Max: 0, Diff: 0, Sum: 0, Workers: 6
[43.509s][debug  ][gc,phases      ] GC(16)   StringDedup Requests0 Weak     Min:  0.0, Avg:  0.0, Max:  0.0, Diff:  0.0, Sum:  0.0, Workers: 6
[43.509s][debug  ][gc,phases      ] GC(16)     Dead                           Min: 0, Avg:  0.0, Max: 0, Diff: 0, Sum: 0, Workers: 6
[43.509s][debug  ][gc,phases      ] GC(16)     Total                          Min: 0, Avg:  0.0, Max: 0, Diff: 0, Sum: 0, Workers: 6
[43.510s][debug  ][gc,phases      ] GC(16)   StringDedup Requests1 Weak     Min:  0.0, Avg:  0.0, Max:  0.0, Diff:  0.0, Sum:  0.0, Workers: 6
[43.510s][debug  ][gc,phases      ] GC(16)     Dead                           Min: 0, Avg:  0.0, Max: 0, Diff: 0, Sum: 0, Workers: 6
[43.510s][debug  ][gc,phases      ] GC(16)     Total                          Min: 0, Avg:  0.0, Max: 0, Diff: 0, Sum: 0, Workers: 6
[43.510s][debug  ][gc,phases      ] GC(16)   Weak JFR Old Object Samples    Min:  0.0, Avg:  0.0, Max:  0.0, Diff:  0.0, Sum:  0.0, Workers: 6
[43.510s][debug  ][gc,phases      ] GC(16)     Dead                           Min: 0, Avg:  0.0, Max: 0, Diff: 0, Sum: 0, Workers: 6
[43.510s][debug  ][gc,phases      ] GC(16)     Total                          Min: 0, Avg:  0.0, Max: 0, Diff: 0, Sum: 0, Workers: 6
[43.510s][debug  ][gc,phases      ] GC(16) Weak Processing 0.800ms
[43.510s][debug  ][gc,ergo        ] GC(16) AdaptiveSizeStart:  collection: 17 
[43.510s][debug  ][gc,ergo        ] GC(16) avg_survived_padded_avg: 64282408.000000
[43.510s][debug  ][gc,ergo        ] GC(16) avg_promoted_padded_avg: 55647488.000000  avg_pretenured_padded_avg: 0.000000  tenuring_thresh: 1  target_size: 64487424
[43.510s][debug  ][gc,age         ] GC(16) Desired survivor size 64487424 bytes, new threshold 1 (max threshold 15)
[43.510s][debug  ][gc,ergo        ] GC(16) PSAdaptiveSizePolicy::compute_eden_space_size: costs minor_time: 0.003312 major_cost: 0.000430 mutator_cost: 0.996258 throughput_goal: 0.990000
[43.510s][debug  ][gc,ergo        ] GC(16) Live_space: 388503872 free_space: 351797248
[43.510s][debug  ][gc,ergo        ] GC(16) Old eden_size: 155713536 desired_eden_size: 148897792
[43.510s][debug  ][gc,ergo        ] GC(16) AdaptiveSizeStop: collection: 17 
[43.510s][info   ][gc,heap        ] GC(16) PSYoungGen: 187278K(200704K)->56320K(202240K) Eden: 148365K(148480K)->0K(145408K) From: 38912K(52224K)->56320K(56832K)
[43.510s][info   ][gc,heap        ] GC(16) ParOldGen: 121446K(329216K)->149094K(329216K)
[43.510s][info   ][gc,metaspace   ] GC(16) Metaspace: 1028K(1216K)->1028K(1216K) NonClass: 944K(1024K)->944K(1024K) Class: 83K(192K)->83K(192K)
[43.510s][info   ][gc             ] GC(16) Pause Young (Allocation Failure) 301M->200M(519M) 10.619ms
[43.510s][info   ][gc,cpu         ] GC(16) User=0.16s Sys=0.00s Real=0.01s
[43.510s][debug  ][gc,heap        ] GC(16) Heap after GC invocations=17 (full 1):
[43.510s][debug  ][gc,heap        ] GC(16)  PSYoungGen      total 202240K, used 56320K [0x00000000f0000000, 0x0000000100000000, 0x0000000100000000)
[43.510s][debug  ][gc,heap        ] GC(16)   eden space 145408K, 0% used [0x00000000f0000000,0x00000000f0000000,0x00000000f8e00000)
[43.510s][debug  ][gc,heap        ] GC(16)   from space 56832K, 99% used [0x00000000f9100000,0x00000000fc800370,0x00000000fc880000)
[43.510s][debug  ][gc,heap        ] GC(16)   to   space 56832K, 0% used [0x00000000fc880000,0x00000000fc880000,0x0000000100000000)
[43.510s][debug  ][gc,heap        ] GC(16)  ParOldGen       total 329216K, used 149094K [0x00000000c0000000, 0x00000000d4180000, 0x00000000f0000000)
[43.510s][debug  ][gc,heap        ] GC(16)   object space 329216K, 45% used [0x00000000c0000000,0x00000000c9199b20,0x00000000d4180000)
[43.510s][debug  ][gc,heap        ] GC(16)  Metaspace       used 1028K, committed 1216K, reserved 1056768K
[43.510s][debug  ][gc,heap        ] GC(16)   class space    used 83K, committed 192K, reserved 1048576K
[43.510s][debug  ][gc,task,time   ] GC(16) VM-Thread 434989371 435081337 435102593
[45.710s][debug  ][gc,heap        ] GC(17) Heap before GC invocations=18 (full 1):
[45.710s][debug  ][gc,heap        ] GC(17)  PSYoungGen      total 202240K, used 201544K [0x00000000f0000000, 0x0000000100000000, 0x0000000100000000)
[45.710s][debug  ][gc,heap        ] GC(17)   eden space 145408K, 99% used [0x00000000f0000000,0x00000000f8dd2038,0x00000000f8e00000)
[45.710s][debug  ][gc,heap        ] GC(17)   from space 56832K, 99% used [0x00000000f9100000,0x00000000fc800370,0x00000000fc880000)
[45.710s][debug  ][gc,heap        ] GC(17)   to   space 56832K, 0% used [0x00000000fc880000,0x00000000fc880000,0x0000000100000000)
[45.710s][debug  ][gc,heap        ] GC(17)  ParOldGen       total 329216K, used 149094K [0x00000000c0000000, 0x00000000d4180000, 0x00000000f0000000)
[45.710s][debug  ][gc,heap        ] GC(17)   object space 329216K, 45% used [0x00000000c0000000,0x00000000c9199b20,0x00000000d4180000)
[45.710s][debug  ][gc,heap        ] GC(17)  Metaspace       used 1028K, committed 1216K, reserved 1056768K
[45.710s][debug  ][gc,heap        ] GC(17)   class space    used 83K, committed 192K, reserved 1048576K
[45.710s][debug  ][gc,tlab        ] GC(17) TLAB totals: thrds: 1  refills: 1 max: 1 slow allocs: 138 max 138 waste: 21.4% gc: 855832B max: 855832B slow: 0B max: 0B
[45.710s][info   ][gc,start       ] GC(17) Pause Young (Allocation Failure)
[45.710s][debug  ][gc,phases,start] GC(17) Scavenge
[45.713s][debug  ][gc,phases      ] GC(17) Scavenge 3.000ms
[45.714s][debug  ][gc,phases,start] GC(17) Reference Processing
[45.714s][debug  ][gc,ref         ] GC(17) Skipped phase 1 of Reference Processing: no references
[45.714s][debug  ][gc,ref         ] GC(17) Skipped phase 2 of Reference Processing: no references
[45.714s][debug  ][gc,ref         ] GC(17) Skipped phase 3 of Reference Processing: no references
[45.714s][debug  ][gc,ref         ] GC(17) Skipped phase 4 of Reference Processing: no references
[45.714s][debug  ][gc,phases,ref  ] GC(17) Reference Processing: 0.1ms
[45.714s][debug  ][gc,phases,ref  ] GC(17)   Reconsider SoftReferences: 0.0ms
[45.714s][debug  ][gc,phases,ref  ] GC(17)     SoftRef (ms):                  skipped
[45.714s][debug  ][gc,phases,ref  ] GC(17)   Notify Soft/WeakReferences: 0.0ms
[45.714s][debug  ][gc,phases,ref  ] GC(17)     SoftRef (ms):                  skipped
[45.714s][debug  ][gc,phases,ref  ] GC(17)     WeakRef (ms):                  skipped
[45.714s][debug  ][gc,phases,ref  ] GC(17)     FinalRef (ms):                 skipped
[45.714s][debug  ][gc,phases,ref  ] GC(17)     Total (ms):                    skipped
[45.714s][debug  ][gc,phases,ref  ] GC(17)   Notify and keep alive finalizable: 0.0ms
[45.714s][debug  ][gc,phases,ref  ] GC(17)     FinalRef (ms):                 skipped
[45.714s][debug  ][gc,phases,ref  ] GC(17)   Notify PhantomReferences: 0.0ms
[45.714s][debug  ][gc,phases,ref  ] GC(17)     PhantomRef (ms):               skipped
[45.714s][debug  ][gc,phases,ref  ] GC(17)   SoftReference:
[45.714s][debug  ][gc,phases,ref  ] GC(17)     Discovered: 0
[45.714s][debug  ][gc,phases,ref  ] GC(17)     Cleared: 0
[45.714s][debug  ][gc,phases,ref  ] GC(17)   WeakReference:
[45.714s][debug  ][gc,phases,ref  ] GC(17)     Discovered: 0
[45.714s][debug  ][gc,phases,ref  ] GC(17)     Cleared: 0
[45.714s][debug  ][gc,phases,ref  ] GC(17)   FinalReference:
[45.714s][debug  ][gc,phases,ref  ] GC(17)     Discovered: 0
[45.714s][debug  ][gc,phases,ref  ] GC(17)     Cleared: 0
[45.714s][debug  ][gc,phases,ref  ] GC(17)   PhantomReference:
[45.714s][debug  ][gc,phases,ref  ] GC(17)     Discovered: 0
[45.714s][debug  ][gc,phases,ref  ] GC(17)     Cleared: 0
[45.714s][debug  ][gc,phases      ] GC(17) Reference Processing 0.679ms
[45.714s][debug  ][gc,phases,start] GC(17) Weak Processing
[45.714s][debug  ][gc,phases      ] GC(17)   VM Weak                        Min:  0.0, Avg:  0.0, Max:  0.0, Diff:  0.0, Sum:  0.0, Workers: 6
[45.714s][debug  ][gc,phases      ] GC(17)     Dead                           Min: 0, Avg:  0.0, Max: 0, Diff: 0, Sum: 0, Workers: 6
[45.714s][debug  ][gc,phases      ] GC(17)     Total                          Min: 0, Avg:  1.3, Max: 8, Diff: 8, Sum: 8, Workers: 6
[45.714s][debug  ][gc,phases      ] GC(17)   ObjectSynchronizer Weak        Min:  0.0, Avg:  0.0, Max:  0.0, Diff:  0.0, Sum:  0.0, Workers: 6
[45.714s][debug  ][gc,phases      ] GC(17)     Dead                           Min: 0, Avg:  0.0, Max: 0, Diff: 0, Sum: 0, Workers: 6
[45.714s][debug  ][gc,phases      ] GC(17)     Total                          Min: 0, Avg:  0.5, Max: 3, Diff: 3, Sum: 3, Workers: 6
[45.714s][debug  ][gc,phases      ] GC(17)   JVMTI Tag Weak OopStorage      Min:  0.0, Avg:  0.0, Max:  0.0, Diff:  0.0, Sum:  0.0, Workers: 6
[45.714s][debug  ][gc,phases      ] GC(17)     Dead                           Min: 0, Avg:  0.0, Max: 0, Diff: 0, Sum: 0, Workers: 6
[45.714s][debug  ][gc,phases      ] GC(17)     Total                          Min: 0, Avg:  0.0, Max: 0, Diff: 0, Sum: 0, Workers: 6
[45.715s][debug  ][gc,phases      ] GC(17)   StringTable Weak               Min:  0.0, Avg:  0.0, Max:  0.0, Diff:  0.0, Sum:  0.1, Workers: 6
[45.715s][debug  ][gc,phases      ] GC(17)     Dead                           Min: 0, Avg:  0.0, Max: 0, Diff: 0, Sum: 0, Workers: 6
[45.715s][debug  ][gc,phases      ] GC(17)     Total                          Min: 704, Avg: 892.8, Max: 1133, Diff: 429, Sum: 5357, Workers: 6
[45.715s][debug  ][gc,phases      ] GC(17)   ResolvedMethodTable Weak       Min:  0.0, Avg:  0.0, Max:  0.0, Diff:  0.0, Sum:  0.0, Workers: 6
[45.715s][debug  ][gc,phases      ] GC(17)     Dead                           Min: 0, Avg:  0.0, Max: 0, Diff: 0, Sum: 0, Workers: 6
[45.715s][debug  ][gc,phases      ] GC(17)     Total                          Min: 0, Avg: 21.7, Max: 64, Diff: 64, Sum: 130, Workers: 6
[45.715s][debug  ][gc,phases      ] GC(17)   JNI Weak                       Min:  0.0, Avg:  0.0, Max:  0.0, Diff:  0.0, Sum:  0.0, Workers: 6
[45.715s][debug  ][gc,phases      ] GC(17)     Dead                           Min: 0, Avg:  0.0, Max: 0, Diff: 0, Sum: 0, Workers: 6
[45.715s][debug  ][gc,phases      ] GC(17)     Total                          Min: 0, Avg:  0.0, Max: 0, Diff: 0, Sum: 0, Workers: 6
[45.715s][debug  ][gc,phases      ] GC(17)   StringDedup Table Weak         Min:  0.0, Avg:  0.0, Max:  0.0, Diff:  0.0, Sum:  0.0, Workers: 6
[45.715s][debug  ][gc,phases      ] GC(17)     Dead                           Min: 0, Avg:  0.0, Max: 0, Diff: 0, Sum: 0, Workers: 6
[45.715s][debug  ][gc,phases      ] GC(17)     Total                          Min: 0, Avg:  0.0, Max: 0, Diff: 0, Sum: 0, Workers: 6
[45.715s][debug  ][gc,phases      ] GC(17)   StringDedup Requests0 Weak     Min:  0.0, Avg:  0.0, Max:  0.0, Diff:  0.0, Sum:  0.0, Workers: 6
[45.715s][debug  ][gc,phases      ] GC(17)     Dead                           Min: 0, Avg:  0.0, Max: 0, Diff: 0, Sum: 0, Workers: 6
[45.715s][debug  ][gc,phases      ] GC(17)     Total                          Min: 0, Avg:  0.0, Max: 0, Diff: 0, Sum: 0, Workers: 6
[45.715s][debug  ][gc,phases      ] GC(17)   StringDedup Requests1 Weak     Min:  0.0, Avg:  0.0, Max:  0.0, Diff:  0.0, Sum:  0.0, Workers: 6
[45.715s][debug  ][gc,phases      ] GC(17)     Dead                           Min: 0, Avg:  0.0, Max: 0, Diff: 0, Sum: 0, Workers: 6
[45.715s][debug  ][gc,phases      ] GC(17)     Total                          Min: 0, Avg:  0.0, Max: 0, Diff: 0, Sum: 0, Workers: 6
[45.715s][debug  ][gc,phases      ] GC(17)   Weak JFR Old Object Samples    Min:  0.0, Avg:  0.0, Max:  0.0, Diff:  0.0, Sum:  0.0, Workers: 6
[45.715s][debug  ][gc,phases      ] GC(17)     Dead                           Min: 0, Avg:  0.0, Max: 0, Diff: 0, Sum: 0, Workers: 6
[45.715s][debug  ][gc,phases      ] GC(17)     Total                          Min: 0, Avg:  0.0, Max: 0, Diff: 0, Sum: 0, Workers: 6
[45.715s][debug  ][gc,phases      ] GC(17) Weak Processing 0.790ms
[45.715s][debug  ][gc,ergo        ] GC(17) AdaptiveSizeStart:  collection: 18 
[45.715s][debug  ][gc,ergo        ] GC(17) avg_survived_padded_avg: 63622060.000000
[45.715s][debug  ][gc,ergo        ] GC(17) avg_promoted_padded_avg: 53769824.000000  avg_pretenured_padded_avg: 0.000000  tenuring_thresh: 1  target_size: 63963136
[45.715s][debug  ][gc,age         ] GC(17) Desired survivor size 63963136 bytes, new threshold 1 (max threshold 15)
[45.715s][debug  ][gc,ergo        ] GC(17) PSAdaptiveSizePolicy::compute_eden_space_size: costs minor_time: 0.003007 major_cost: 0.000430 mutator_cost: 0.996563 throughput_goal: 0.990000
[45.715s][debug  ][gc,ergo        ] GC(17) Live_space: 387465120 free_space: 344981504
[45.715s][debug  ][gc,ergo        ] GC(17) Old eden_size: 148897792 desired_eden_size: 145752064
[45.715s][debug  ][gc,ergo        ] GC(17) AdaptiveSizeStop: collection: 18 
[45.715s][info   ][gc,heap        ] GC(17) PSYoungGen: 201544K(202240K)->23552K(194048K) Eden: 145224K(145408K)->0K(137216K) From: 56320K(56832K)->23552K(56832K)
[45.715s][info   ][gc,heap        ] GC(17) ParOldGen: 149094K(329216K)->149094K(329216K)
[45.715s][info   ][gc,metaspace   ] GC(17) Metaspace: 1028K(1216K)->1028K(1216K) NonClass: 944K(1024K)->944K(1024K) Class: 83K(192K)->83K(192K)
[45.715s][info   ][gc             ] GC(17) Pause Young (Allocation Failure) 342M->168M(511M) 4.972ms
[45.715s][info   ][gc,cpu         ] GC(17) User=0.00s Sys=0.00s Real=0.00s
[45.715s][debug  ][gc,heap        ] GC(17) Heap after GC invocations=18 (full 1):
[45.715s][debug  ][gc,heap        ] GC(17)  PSYoungGen      total 194048K, used 23552K [0x00000000f0000000, 0x0000000100000000, 0x0000000100000000)
[45.715s][debug  ][gc,heap        ] GC(17)   eden space 137216K, 0% used [0x00000000f0000000,0x00000000f0000000,0x00000000f8600000)
[45.715s][debug  ][gc,heap        ] GC(17)   from space 56832K, 41% used [0x00000000fc880000,0x00000000fdf80170,0x0000000100000000)
[45.715s][debug  ][gc,heap        ] GC(17)   to   space 62464K, 0% used [0x00000000f8600000,0x00000000f8600000,0x00000000fc300000)
[45.716s][debug  ][gc,heap        ] GC(17)  ParOldGen       total 329216K, used 149094K [0x00000000c0000000, 0x00000000d4180000, 0x00000000f0000000)
[45.716s][debug  ][gc,heap        ] GC(17)   object space 329216K, 45% used [0x00000000c0000000,0x00000000c9199b20,0x00000000d4180000)
[45.716s][debug  ][gc,heap        ] GC(17)  Metaspace       used 1028K, committed 1216K, reserved 1056768K
[45.716s][debug  ][gc,heap        ] GC(17)   class space    used 83K, committed 192K, reserved 1048576K
[45.716s][debug  ][gc,task,time   ] GC(17) VM-Thread 457099333 457135161 457156116
[46.915s][info   ][gc,heap,exit   ] Heap
[46.915s][info   ][gc,heap,exit   ]  PSYoungGen      total 194048K, used 107195K [0x00000000f0000000, 0x0000000100000000, 0x0000000100000000)
[46.915s][info   ][gc,heap,exit   ]   eden space 137216K, 60% used [0x00000000f0000000,0x00000000f51aec90,0x00000000f8600000)
[46.915s][info   ][gc,heap,exit   ]   from space 56832K, 41% used [0x00000000fc880000,0x00000000fdf80170,0x0000000100000000)
[46.915s][info   ][gc,heap,exit   ]   to   space 62464K, 0% used [0x00000000f8600000,0x00000000f8600000,0x00000000fc300000)
[46.915s][info   ][gc,heap,exit   ]  ParOldGen       total 329216K, used 149094K [0x00000000c0000000, 0x00000000d4180000, 0x00000000f0000000)
[46.915s][info   ][gc,heap,exit   ]   object space 329216K, 45% used [0x00000000c0000000,0x00000000c9199b20,0x00000000d4180000)
[46.915s][info   ][gc,heap,exit   ]  Metaspace       used 1076K, committed 1216K, reserved 1056768K
[46.915s][info   ][gc,heap,exit   ]   class space    used 87K, committed 192K, reserved 1048576K
[46.915s][debug  ][gc,ergo        ] UseAdaptiveSizePolicy actions to meet  *** reduced footprint ***
[46.915s][debug  ][gc,ergo        ]                        GC overhead (%)
[46.915s][debug  ][gc,ergo        ]     Young generation:        0.30	  (attempted to shrink)
[46.915s][debug  ][gc,ergo        ]     Tenured generation:      0.04	  (attempted to shrink)
[46.915s][debug  ][gc,ergo        ] Tenuring threshold: (attempted to decrease to balance GC costs) = 1
[46.915s][debug  ][gc,heap,exit   ] Accumulated young generation GC time 0.1340225 secs
[46.915s][debug  ][gc,heap,exit   ] Accumulated old generation GC time 0.0150462 secs
