[0.004s][warning][gc] -XX:+PrintGCDetails is deprecated. Will use -Xlog:gc* instead.
[0.012s][debug  ][gc,heap] Minimum heap 536870912  Initial heap 536870912  Maximum heap 1073741824
[0.012s][info   ][gc     ] Using Serial
[0.012s][debug  ][gc,heap,coops] Heap address: 0x00000000c0000000, size: 1024 MB, Compressed Oops mode: 32-bit
[0.013s][info   ][gc,init      ] Version: 17.0.2+8-86 (release)
[0.013s][info   ][gc,init      ] CPUs: 12 total, 12 available
[0.013s][info   ][gc,init      ] Memory: 14188M
[0.013s][info   ][gc,init      ] Large Page Support: Disabled
[0.013s][info   ][gc,init      ] NUMA Support: Disabled
[0.013s][info   ][gc,init      ] Compressed Oops: Enabled (32-bit)
[0.013s][info   ][gc,init      ] Heap Min Capacity: 512M
[0.013s][info   ][gc,init      ] Heap Initial Capacity: 512M
[0.013s][info   ][gc,init      ] Heap Max Capacity: 1G
[0.013s][info   ][gc,init      ] Pre-touch: Disabled
[0.014s][info   ][gc,metaspace ] CDS archive(s) mapped at: [0x0000000800000000-0x0000000800bc0000-0x0000000800bc0000), size 12320768, SharedBaseAddress: 0x0000000800000000, ArchiveRelocationMode: 0.
[0.014s][info   ][gc,metaspace ] Compressed class space mapped at: 0x0000000800c00000-0x0000000840c00000, reserved size: 1073741824
[0.014s][info   ][gc,metaspace ] Narrow klass base: 0x0000000800000000, Narrow klass shift: 0, Narrow klass range: 0x100000000
[2.997s][info   ][gc,start     ] GC(0) Pause Young (Allocation Failure)
[2.997s][debug  ][gc,heap      ] GC(0) Heap before GC invocations=0 (full 0):
[2.997s][debug  ][gc,heap      ] GC(0)  def new generation   total 235968K, used 209398K [0x00000000c0000000, 0x00000000d0000000, 0x00000000d0000000)
[2.997s][debug  ][gc,heap      ] GC(0)   eden space 209792K,  99% used [0x00000000c0000000, 0x00000000ccc7da20, 0x00000000ccce0000)
[2.997s][debug  ][gc,heap      ] GC(0)   from space 26176K,   0% used [0x00000000ccce0000, 0x00000000ccce0000, 0x00000000ce670000)
[2.997s][debug  ][gc,heap      ] GC(0)   to   space 26176K,   0% used [0x00000000ce670000, 0x00000000ce670000, 0x00000000d0000000)
[2.997s][debug  ][gc,heap      ] GC(0)  tenured generation   total 262144K, used 0K [0x00000000d0000000, 0x00000000e0000000, 0x0000000100000000)
[2.997s][debug  ][gc,heap      ] GC(0)    the space 262144K,   0% used [0x00000000d0000000, 0x00000000d0000000, 0x00000000d0000200, 0x00000000e0000000)
[2.997s][debug  ][gc,heap      ] GC(0)  Metaspace       used 1019K, committed 1152K, reserved 1056768K
[2.997s][debug  ][gc,heap      ] GC(0)   class space    used 83K, committed 192K, reserved 1048576K
[2.997s][debug  ][gc,tlab      ] GC(0) TLAB totals: thrds: 5  refills: 5 max: 1 slow allocs: 185 max 185 waste: 77.6% gc: 16663856B max: 4296456B slow: 0B max: 0B
[3.032s][debug  ][gc,ref       ] GC(0) Skipped phase 1 of Reference Processing: no references
[3.033s][debug  ][gc,ref       ] GC(0) ReferenceProcessor::execute queues: 1, RefProcThreadModel::Single, marks_oops_alive: false
[3.033s][debug  ][gc,ref       ] GC(0) Skipped phase 3 of Reference Processing: no references
[3.033s][debug  ][gc,ref       ] GC(0) ReferenceProcessor::execute queues: 1, RefProcThreadModel::Single, marks_oops_alive: false
[3.033s][debug  ][gc,phases,ref] GC(0) Reference Processing: 0.2ms
[3.033s][debug  ][gc,phases,ref] GC(0)   Reconsider SoftReferences: 0.1ms
[3.033s][debug  ][gc,phases,ref] GC(0)     SoftRef: skipped
[3.033s][debug  ][gc,phases,ref] GC(0)   Notify Soft/WeakReferences: 0.0ms
[3.033s][debug  ][gc,phases,ref] GC(0)     SoftRef: 0.0ms
[3.033s][debug  ][gc,phases,ref] GC(0)     WeakRef: 0.0ms
[3.033s][debug  ][gc,phases,ref] GC(0)     FinalRef: 0.0ms
[3.033s][debug  ][gc,phases,ref] GC(0)     Total: 0.0ms
[3.033s][debug  ][gc,phases,ref] GC(0)   Notify and keep alive finalizable: 0.0ms
[3.033s][debug  ][gc,phases,ref] GC(0)     FinalRef: skipped
[3.033s][debug  ][gc,phases,ref] GC(0)   Notify PhantomReferences: 0.0ms
[3.033s][debug  ][gc,phases,ref] GC(0)     PhantomRef: 0.0ms
[3.033s][debug  ][gc,phases,ref] GC(0)   SoftReference:
[3.033s][debug  ][gc,phases,ref] GC(0)     Discovered: 0
[3.033s][debug  ][gc,phases,ref] GC(0)     Cleared: 0
[3.033s][debug  ][gc,phases,ref] GC(0)   WeakReference:
[3.033s][debug  ][gc,phases,ref] GC(0)     Discovered: 84
[3.033s][debug  ][gc,phases,ref] GC(0)     Cleared: 40
[3.033s][debug  ][gc,phases,ref] GC(0)   FinalReference:
[3.033s][debug  ][gc,phases,ref] GC(0)     Discovered: 0
[3.033s][debug  ][gc,phases,ref] GC(0)     Cleared: 0
[3.033s][debug  ][gc,phases,ref] GC(0)   PhantomReference:
[3.033s][debug  ][gc,phases,ref] GC(0)     Discovered: 30
[3.033s][debug  ][gc,phases,ref] GC(0)     Cleared: 1
[3.033s][debug  ][gc,age       ] GC(0) Desired survivor size 13402112 bytes, new threshold 1 (max threshold 15)
[3.033s][info   ][gc,heap      ] GC(0) DefNew: 209398K(235968K)->26175K(235968K) Eden: 209398K(209792K)->0K(209792K) From: 0K(26176K)->26175K(26176K)
[3.033s][info   ][gc,heap      ] GC(0) Tenured: 0K(262144K)->63527K(262144K)
[3.034s][info   ][gc,metaspace ] GC(0) Metaspace: 1019K(1152K)->1019K(1152K) NonClass: 935K(960K)->935K(960K) Class: 83K(192K)->83K(192K)
[3.034s][debug  ][gc,heap      ] GC(0) Heap after GC invocations=1 (full 0):
[3.034s][debug  ][gc,heap      ] GC(0)  def new generation   total 235968K, used 26175K [0x00000000c0000000, 0x00000000d0000000, 0x00000000d0000000)
[3.034s][debug  ][gc,heap      ] GC(0)   eden space 209792K,   0% used [0x00000000c0000000, 0x00000000c0000000, 0x00000000ccce0000)
[3.034s][debug  ][gc,heap      ] GC(0)   from space 26176K,  99% used [0x00000000ce670000, 0x00000000cffffff8, 0x00000000d0000000)
[3.034s][debug  ][gc,heap      ] GC(0)   to   space 26176K,   0% used [0x00000000ccce0000, 0x00000000ccce0000, 0x00000000ce670000)
[3.034s][debug  ][gc,heap      ] GC(0)  tenured generation   total 262144K, used 63527K [0x00000000d0000000, 0x00000000e0000000, 0x0000000100000000)
[3.034s][debug  ][gc,heap      ] GC(0)    the space 262144K,  24% used [0x00000000d0000000, 0x00000000d3e09f60, 0x00000000d3e0a000, 0x00000000e0000000)
[3.034s][debug  ][gc,heap      ] GC(0)  Metaspace       used 1019K, committed 1152K, reserved 1056768K
[3.034s][debug  ][gc,heap      ] GC(0)   class space    used 83K, committed 192K, reserved 1048576K
[3.034s][info   ][gc           ] GC(0) Pause Young (Allocation Failure) 204M->87M(486M) 37.070ms
[3.034s][info   ][gc,cpu       ] GC(0) User=0.02s Sys=0.03s Real=0.04s
[6.185s][info   ][gc,start     ] GC(1) Pause Young (Allocation Failure)
[6.185s][debug  ][gc,heap      ] GC(1) Heap before GC invocations=1 (full 0):
[6.185s][debug  ][gc,heap      ] GC(1)  def new generation   total 235968K, used 234964K [0x00000000c0000000, 0x00000000d0000000, 0x00000000d0000000)
[6.185s][debug  ][gc,heap      ] GC(1)   eden space 209792K,  99% used [0x00000000c0000000, 0x00000000ccbe5310, 0x00000000ccce0000)
[6.185s][debug  ][gc,heap      ] GC(1)   from space 26176K,  99% used [0x00000000ce670000, 0x00000000cffffff8, 0x00000000d0000000)
[6.185s][debug  ][gc,heap      ] GC(1)   to   space 26176K,   0% used [0x00000000ccce0000, 0x00000000ccce0000, 0x00000000ce670000)
[6.185s][debug  ][gc,heap      ] GC(1)  tenured generation   total 262144K, used 63527K [0x00000000d0000000, 0x00000000e0000000, 0x0000000100000000)
[6.185s][debug  ][gc,heap      ] GC(1)    the space 262144K,  24% used [0x00000000d0000000, 0x00000000d3e09f60, 0x00000000d3e0a000, 0x00000000e0000000)
[6.185s][debug  ][gc,heap      ] GC(1)  Metaspace       used 1021K, committed 1216K, reserved 1056768K
[6.185s][debug  ][gc,heap      ] GC(1)   class space    used 83K, committed 192K, reserved 1048576K
[6.185s][debug  ][gc,tlab      ] GC(1) TLAB totals: thrds: 1  refills: 1 max: 1 slow allocs: 199 max 199 waste: 18.2% gc: 933184B max: 933184B slow: 0B max: 0B
[6.220s][debug  ][gc,ref       ] GC(1) Skipped phase 1 of Reference Processing: no references
[6.221s][debug  ][gc,ref       ] GC(1) Skipped phase 2 of Reference Processing: no references
[6.221s][debug  ][gc,ref       ] GC(1) Skipped phase 3 of Reference Processing: no references
[6.221s][debug  ][gc,ref       ] GC(1) Skipped phase 4 of Reference Processing: no references
[6.221s][debug  ][gc,phases,ref] GC(1) Reference Processing: 0.2ms
[6.221s][debug  ][gc,phases,ref] GC(1)   Reconsider SoftReferences: 0.1ms
[6.221s][debug  ][gc,phases,ref] GC(1)     SoftRef: skipped
[6.221s][debug  ][gc,phases,ref] GC(1)   Notify Soft/WeakReferences: 0.0ms
[6.221s][debug  ][gc,phases,ref] GC(1)     SoftRef: skipped
[6.221s][debug  ][gc,phases,ref] GC(1)     WeakRef: skipped
[6.221s][debug  ][gc,phases,ref] GC(1)     FinalRef: skipped
[6.221s][debug  ][gc,phases,ref] GC(1)     Total: skipped
[6.221s][debug  ][gc,phases,ref] GC(1)   Notify and keep alive finalizable: 0.0ms
[6.221s][debug  ][gc,phases,ref] GC(1)     FinalRef: skipped
[6.221s][debug  ][gc,phases,ref] GC(1)   Notify PhantomReferences: 0.1ms
[6.221s][debug  ][gc,phases,ref] GC(1)     PhantomRef: skipped
[6.221s][debug  ][gc,phases,ref] GC(1)   SoftReference:
[6.221s][debug  ][gc,phases,ref] GC(1)     Discovered: 0
[6.221s][debug  ][gc,phases,ref] GC(1)     Cleared: 0
[6.221s][debug  ][gc,phases,ref] GC(1)   WeakReference:
[6.221s][debug  ][gc,phases,ref] GC(1)     Discovered: 0
[6.221s][debug  ][gc,phases,ref] GC(1)     Cleared: 0
[6.221s][debug  ][gc,phases,ref] GC(1)   FinalReference:
[6.221s][debug  ][gc,phases,ref] GC(1)     Discovered: 0
[6.221s][debug  ][gc,phases,ref] GC(1)     Cleared: 0
[6.221s][debug  ][gc,phases,ref] GC(1)   PhantomReference:
[6.221s][debug  ][gc,phases,ref] GC(1)     Discovered: 0
[6.221s][debug  ][gc,phases,ref] GC(1)     Cleared: 0
[6.221s][debug  ][gc,age       ] GC(1) Desired survivor size 13402112 bytes, new threshold 1 (max threshold 15)
[6.221s][info   ][gc,heap      ] GC(1) DefNew: 234964K(235968K)->25600K(235968K) Eden: 208788K(209792K)->0K(209792K) From: 26175K(26176K)->25600K(26176K)
[6.221s][info   ][gc,heap      ] GC(1) Tenured: 63527K(262144K)->130662K(262144K)
[6.221s][info   ][gc,metaspace ] GC(1) Metaspace: 1021K(1216K)->1021K(1216K) NonClass: 937K(1024K)->937K(1024K) Class: 83K(192K)->83K(192K)
[6.221s][debug  ][gc,heap      ] GC(1) Heap after GC invocations=2 (full 0):
[6.221s][debug  ][gc,heap      ] GC(1)  def new generation   total 235968K, used 25600K [0x00000000c0000000, 0x00000000d0000000, 0x00000000d0000000)
[6.221s][debug  ][gc,heap      ] GC(1)   eden space 209792K,   0% used [0x00000000c0000000, 0x00000000c0000000, 0x00000000ccce0000)
[6.221s][debug  ][gc,heap      ] GC(1)   from space 26176K,  97% used [0x00000000ccce0000, 0x00000000ce5e0190, 0x00000000ce670000)
[6.221s][debug  ][gc,heap      ] GC(1)   to   space 26176K,   0% used [0x00000000ce670000, 0x00000000ce670000, 0x00000000d0000000)
[6.221s][debug  ][gc,heap      ] GC(1)  tenured generation   total 262144K, used 130662K [0x00000000d0000000, 0x00000000e0000000, 0x0000000100000000)
[6.221s][debug  ][gc,heap      ] GC(1)    the space 262144K,  49% used [0x00000000d0000000, 0x00000000d7f99908, 0x00000000d7f99a00, 0x00000000e0000000)
[6.222s][debug  ][gc,heap      ] GC(1)  Metaspace       used 1021K, committed 1216K, reserved 1056768K
[6.222s][debug  ][gc,heap      ] GC(1)   class space    used 83K, committed 192K, reserved 1048576K
[6.222s][info   ][gc           ] GC(1) Pause Young (Allocation Failure) 291M->152M(486M) 36.911ms
[6.222s][info   ][gc,cpu       ] GC(1) User=0.02s Sys=0.02s Real=0.04s
[9.375s][info   ][gc,start     ] GC(2) Pause Young (Allocation Failure)
[9.375s][debug  ][gc,heap      ] GC(2) Heap before GC invocations=2 (full 0):
[9.375s][debug  ][gc,heap      ] GC(2)  def new generation   total 235968K, used 234454K [0x00000000c0000000, 0x00000000d0000000, 0x00000000d0000000)
[9.375s][debug  ][gc,heap      ] GC(2)   eden space 209792K,  99% used [0x00000000c0000000, 0x00000000ccbf58c0, 0x00000000ccce0000)
[9.375s][debug  ][gc,heap      ] GC(2)   from space 26176K,  97% used [0x00000000ccce0000, 0x00000000ce5e0190, 0x00000000ce670000)
[9.375s][debug  ][gc,heap      ] GC(2)   to   space 26176K,   0% used [0x00000000ce670000, 0x00000000ce670000, 0x00000000d0000000)
[9.375s][debug  ][gc,heap      ] GC(2)  tenured generation   total 262144K, used 130662K [0x00000000d0000000, 0x00000000e0000000, 0x0000000100000000)
[9.375s][debug  ][gc,heap      ] GC(2)    the space 262144K,  49% used [0x00000000d0000000, 0x00000000d7f99908, 0x00000000d7f99a00, 0x00000000e0000000)
[9.375s][debug  ][gc,heap      ] GC(2)  Metaspace       used 1021K, committed 1216K, reserved 1056768K
[9.375s][debug  ][gc,heap      ] GC(2)   class space    used 83K, committed 192K, reserved 1048576K
[9.375s][debug  ][gc,tlab      ] GC(2) TLAB totals: thrds: 1  refills: 1 max: 1 slow allocs: 199 max 199 waste: 19.2% gc: 1000176B max: 1000176B slow: 0B max: 0B
[9.404s][debug  ][gc,ref       ] GC(2) Skipped phase 1 of Reference Processing: no references
[9.404s][debug  ][gc,ref       ] GC(2) Skipped phase 2 of Reference Processing: no references
[9.404s][debug  ][gc,ref       ] GC(2) Skipped phase 3 of Reference Processing: no references
[9.404s][debug  ][gc,ref       ] GC(2) Skipped phase 4 of Reference Processing: no references
[9.404s][debug  ][gc,phases,ref] GC(2) Reference Processing: 0.1ms
[9.404s][debug  ][gc,phases,ref] GC(2)   Reconsider SoftReferences: 0.1ms
[9.404s][debug  ][gc,phases,ref] GC(2)     SoftRef: skipped
[9.404s][debug  ][gc,phases,ref] GC(2)   Notify Soft/WeakReferences: 0.0ms
[9.404s][debug  ][gc,phases,ref] GC(2)     SoftRef: skipped
[9.404s][debug  ][gc,phases,ref] GC(2)     WeakRef: skipped
[9.404s][debug  ][gc,phases,ref] GC(2)     FinalRef: skipped
[9.404s][debug  ][gc,phases,ref] GC(2)     Total: skipped
[9.404s][debug  ][gc,phases,ref] GC(2)   Notify and keep alive finalizable: 0.0ms
[9.404s][debug  ][gc,phases,ref] GC(2)     FinalRef: skipped
[9.404s][debug  ][gc,phases,ref] GC(2)   Notify PhantomReferences: 0.0ms
[9.404s][debug  ][gc,phases,ref] GC(2)     PhantomRef: skipped
[9.404s][debug  ][gc,phases,ref] GC(2)   SoftReference:
[9.404s][debug  ][gc,phases,ref] GC(2)     Discovered: 0
[9.404s][debug  ][gc,phases,ref] GC(2)     Cleared: 0
[9.404s][debug  ][gc,phases,ref] GC(2)   WeakReference:
[9.404s][debug  ][gc,phases,ref] GC(2)     Discovered: 0
[9.404s][debug  ][gc,phases,ref] GC(2)     Cleared: 0
[9.404s][debug  ][gc,phases,ref] GC(2)   FinalReference:
[9.404s][debug  ][gc,phases,ref] GC(2)     Discovered: 0
[9.404s][debug  ][gc,phases,ref] GC(2)     Cleared: 0
[9.404s][debug  ][gc,phases,ref] GC(2)   PhantomReference:
[9.404s][debug  ][gc,phases,ref] GC(2)     Discovered: 0
[9.404s][debug  ][gc,phases,ref] GC(2)     Cleared: 0
[9.404s][debug  ][gc,age       ] GC(2) Desired survivor size 13402112 bytes, new threshold 1 (max threshold 15)
[9.404s][info   ][gc,heap      ] GC(2) DefNew: 234454K(235968K)->25600K(235968K) Eden: 208854K(209792K)->0K(209792K) From: 25600K(26176K)->25600K(26176K)
[9.404s][info   ][gc,heap      ] GC(2) Tenured: 130662K(262144K)->199271K(262144K)
[9.405s][info   ][gc,metaspace ] GC(2) Metaspace: 1021K(1216K)->1021K(1216K) NonClass: 937K(1024K)->937K(1024K) Class: 83K(192K)->83K(192K)
[9.405s][debug  ][gc,heap      ] GC(2) Heap after GC invocations=3 (full 0):
[9.405s][debug  ][gc,heap      ] GC(2)  def new generation   total 235968K, used 25600K [0x00000000c0000000, 0x00000000d0000000, 0x00000000d0000000)
[9.405s][debug  ][gc,heap      ] GC(2)   eden space 209792K,   0% used [0x00000000c0000000, 0x00000000c0000000, 0x00000000ccce0000)
[9.405s][debug  ][gc,heap      ] GC(2)   from space 26176K,  97% used [0x00000000ce670000, 0x00000000cff70190, 0x00000000d0000000)
[9.405s][debug  ][gc,heap      ] GC(2)   to   space 26176K,   0% used [0x00000000ccce0000, 0x00000000ccce0000, 0x00000000ce670000)
[9.405s][debug  ][gc,heap      ] GC(2)  tenured generation   total 262144K, used 199271K [0x00000000d0000000, 0x00000000e0000000, 0x0000000100000000)
[9.405s][debug  ][gc,heap      ] GC(2)    the space 262144K,  76% used [0x00000000d0000000, 0x00000000dc299d38, 0x00000000dc299e00, 0x00000000e0000000)
[9.405s][debug  ][gc,heap      ] GC(2)  Metaspace       used 1021K, committed 1216K, reserved 1056768K
[9.405s][debug  ][gc,heap      ] GC(2)   class space    used 83K, committed 192K, reserved 1048576K
[9.405s][info   ][gc           ] GC(2) Pause Young (Allocation Failure) 356M->219M(486M) 30.098ms
[9.405s][info   ][gc,cpu       ] GC(2) User=0.03s Sys=0.00s Real=0.03s
[12.560s][info   ][gc,start     ] GC(3) Pause Young (Allocation Failure)
[12.560s][debug  ][gc,heap      ] GC(3) Heap before GC invocations=3 (full 0):
[12.560s][debug  ][gc,heap      ] GC(3)  def new generation   total 235968K, used 234498K [0x00000000c0000000, 0x00000000d0000000, 0x00000000d0000000)
[12.560s][debug  ][gc,heap      ] GC(3)   eden space 209792K,  99% used [0x00000000c0000000, 0x00000000ccc007f8, 0x00000000ccce0000)
[12.560s][debug  ][gc,heap      ] GC(3)   from space 26176K,  97% used [0x00000000ce670000, 0x00000000cff70190, 0x00000000d0000000)
[12.560s][debug  ][gc,heap      ] GC(3)   to   space 26176K,   0% used [0x00000000ccce0000, 0x00000000ccce0000, 0x00000000ce670000)
[12.561s][debug  ][gc,heap      ] GC(3)  tenured generation   total 262144K, used 199271K [0x00000000d0000000, 0x00000000e0000000, 0x0000000100000000)
[12.561s][debug  ][gc,heap      ] GC(3)    the space 262144K,  76% used [0x00000000d0000000, 0x00000000dc299d38, 0x00000000dc299e00, 0x00000000e0000000)
[12.561s][debug  ][gc,heap      ] GC(3)  Metaspace       used 1021K, committed 1216K, reserved 1056768K
[12.561s][debug  ][gc,heap      ] GC(3)   class space    used 83K, committed 192K, reserved 1048576K
[12.561s][debug  ][gc,tlab      ] GC(3) TLAB totals: thrds: 1  refills: 1 max: 1 slow allocs: 199 max 199 waste: 19.9% gc: 1045032B max: 1045032B slow: 0B max: 0B
[12.589s][debug  ][gc,ref       ] GC(3) Skipped phase 1 of Reference Processing: no references
[12.589s][debug  ][gc,ref       ] GC(3) Skipped phase 2 of Reference Processing: no references
[12.589s][debug  ][gc,ref       ] GC(3) Skipped phase 3 of Reference Processing: no references
[12.589s][debug  ][gc,ref       ] GC(3) Skipped phase 4 of Reference Processing: no references
[12.589s][debug  ][gc,phases,ref] GC(3) Reference Processing: 0.1ms
[12.589s][debug  ][gc,phases,ref] GC(3)   Reconsider SoftReferences: 0.1ms
[12.589s][debug  ][gc,phases,ref] GC(3)     SoftRef: skipped
[12.589s][debug  ][gc,phases,ref] GC(3)   Notify Soft/WeakReferences: 0.0ms
[12.589s][debug  ][gc,phases,ref] GC(3)     SoftRef: skipped
[12.589s][debug  ][gc,phases,ref] GC(3)     WeakRef: skipped
[12.589s][debug  ][gc,phases,ref] GC(3)     FinalRef: skipped
[12.589s][debug  ][gc,phases,ref] GC(3)     Total: skipped
[12.589s][debug  ][gc,phases,ref] GC(3)   Notify and keep alive finalizable: 0.0ms
[12.589s][debug  ][gc,phases,ref] GC(3)     FinalRef: skipped
[12.589s][debug  ][gc,phases,ref] GC(3)   Notify PhantomReferences: 0.0ms
[12.589s][debug  ][gc,phases,ref] GC(3)     PhantomRef: skipped
[12.589s][debug  ][gc,phases,ref] GC(3)   SoftReference:
[12.589s][debug  ][gc,phases,ref] GC(3)     Discovered: 0
[12.589s][debug  ][gc,phases,ref] GC(3)     Cleared: 0
[12.589s][debug  ][gc,phases,ref] GC(3)   WeakReference:
[12.589s][debug  ][gc,phases,ref] GC(3)     Discovered: 0
[12.589s][debug  ][gc,phases,ref] GC(3)     Cleared: 0
[12.589s][debug  ][gc,phases,ref] GC(3)   FinalReference:
[12.589s][debug  ][gc,phases,ref] GC(3)     Discovered: 0
[12.589s][debug  ][gc,phases,ref] GC(3)     Cleared: 0
[12.589s][debug  ][gc,phases,ref] GC(3)   PhantomReference:
[12.589s][debug  ][gc,phases,ref] GC(3)     Discovered: 0
[12.589s][debug  ][gc,phases,ref] GC(3)     Cleared: 0
[12.589s][debug  ][gc,age       ] GC(3) Desired survivor size 13402112 bytes, new threshold 1 (max threshold 15)
[12.589s][debug  ][gc,heap      ] GC(3) Heap after GC invocations=4 (full 0):
[12.590s][debug  ][gc,heap      ] GC(3)  def new generation   total 235968K, used 25600K [0x00000000c0000000, 0x00000000d0000000, 0x00000000d0000000)
[12.590s][debug  ][gc,heap      ] GC(3)   eden space 209792K,   0% used [0x00000000c0000000, 0x00000000c0000000, 0x00000000ccce0000)
[12.590s][debug  ][gc,heap      ] GC(3)   from space 26176K,  97% used [0x00000000ccce0000, 0x00000000ce5e0190, 0x00000000ce670000)
[12.590s][debug  ][gc,heap      ] GC(3)   to   space 26176K,   0% used [0x00000000ce670000, 0x00000000ce670000, 0x00000000d0000000)
[12.590s][debug  ][gc,heap      ] GC(3)  tenured generation   total 271396K, used 270952K [0x00000000d0000000, 0x00000000e0909000, 0x0000000100000000)
[12.590s][debug  ][gc,heap      ] GC(3)    the space 271396K,  99% used [0x00000000d0000000, 0x00000000e089a198, 0x00000000e089a200, 0x00000000e0909000)
[12.590s][debug  ][gc,heap      ] GC(3)  Metaspace       used 1021K, committed 1216K, reserved 1056768K
[12.590s][debug  ][gc,heap      ] GC(3)   class space    used 83K, committed 192K, reserved 1048576K
[12.590s][info   ][gc           ] GC(3) Pause Young (Allocation Failure) 423M->289M(495M) 29.449ms
[12.590s][info   ][gc,cpu       ] GC(3) User=0.00s Sys=0.02s Real=0.03s
[12.590s][info   ][gc,start     ] GC(4) Pause Full (Allocation Failure)
[12.590s][debug  ][gc,heap      ] GC(4) Heap before GC invocations=4 (full 0):
[12.590s][debug  ][gc,heap      ] GC(4)  def new generation   total 235968K, used 25600K [0x00000000c0000000, 0x00000000d0000000, 0x00000000d0000000)
[12.590s][debug  ][gc,heap      ] GC(4)   eden space 209792K,   0% used [0x00000000c0000000, 0x00000000c0000000, 0x00000000ccce0000)
[12.590s][debug  ][gc,heap      ] GC(4)   from space 26176K,  97% used [0x00000000ccce0000, 0x00000000ce5e0190, 0x00000000ce670000)
[12.590s][debug  ][gc,heap      ] GC(4)   to   space 26176K,   0% used [0x00000000ce670000, 0x00000000ce670000, 0x00000000d0000000)
[12.590s][debug  ][gc,heap      ] GC(4)  tenured generation   total 271396K, used 270952K [0x00000000d0000000, 0x00000000e0909000, 0x0000000100000000)
[12.590s][debug  ][gc,heap      ] GC(4)    the space 271396K,  99% used [0x00000000d0000000, 0x00000000e089a198, 0x00000000e089a200, 0x00000000e0909000)
[12.590s][debug  ][gc,heap      ] GC(4)  Metaspace       used 1021K, committed 1216K, reserved 1056768K
[12.590s][debug  ][gc,heap      ] GC(4)   class space    used 83K, committed 192K, reserved 1048576K
[12.590s][info   ][gc,phases,start] GC(4) Phase 1: Mark live objects
[12.591s][debug  ][gc,phases,start] GC(4) Reference Processing
[12.591s][debug  ][gc,ref         ] GC(4) Skipped phase 1 of Reference Processing: no references
[12.591s][debug  ][gc,ref         ] GC(4) Skipped phase 2 of Reference Processing: no references
[12.591s][debug  ][gc,ref         ] GC(4) Skipped phase 3 of Reference Processing: no references
[12.591s][debug  ][gc,ref         ] GC(4) ReferenceProcessor::execute queues: 1, RefProcThreadModel::Single, marks_oops_alive: false
[12.591s][debug  ][gc,phases,ref  ] GC(4) Reference Processing: 0.1ms
[12.591s][debug  ][gc,phases,ref  ] GC(4)   Reconsider SoftReferences: 0.0ms
[12.591s][debug  ][gc,phases,ref  ] GC(4)     SoftRef: skipped
[12.591s][debug  ][gc,phases,ref  ] GC(4)   Notify Soft/WeakReferences: 0.0ms
[12.591s][debug  ][gc,phases,ref  ] GC(4)     SoftRef: skipped
[12.591s][debug  ][gc,phases,ref  ] GC(4)     WeakRef: skipped
[12.591s][debug  ][gc,phases,ref  ] GC(4)     FinalRef: skipped
[12.591s][debug  ][gc,phases,ref  ] GC(4)     Total: skipped
[12.591s][debug  ][gc,phases,ref  ] GC(4)   Notify and keep alive finalizable: 0.0ms
[12.591s][debug  ][gc,phases,ref  ] GC(4)     FinalRef: skipped
[12.591s][debug  ][gc,phases,ref  ] GC(4)   Notify PhantomReferences: 0.0ms
[12.591s][debug  ][gc,phases,ref  ] GC(4)     PhantomRef: 0.0ms
[12.591s][debug  ][gc,phases,ref  ] GC(4)   SoftReference:
[12.591s][debug  ][gc,phases,ref  ] GC(4)     Discovered: 0
[12.591s][debug  ][gc,phases,ref  ] GC(4)     Cleared: 0
[12.591s][debug  ][gc,phases,ref  ] GC(4)   WeakReference:
[12.591s][debug  ][gc,phases,ref  ] GC(4)     Discovered: 0
[12.591s][debug  ][gc,phases,ref  ] GC(4)     Cleared: 0
[12.591s][debug  ][gc,phases,ref  ] GC(4)   FinalReference:
[12.591s][debug  ][gc,phases,ref  ] GC(4)     Discovered: 0
[12.592s][debug  ][gc,phases,ref  ] GC(4)     Cleared: 0
[12.592s][debug  ][gc,phases,ref  ] GC(4)   PhantomReference:
[12.592s][debug  ][gc,phases,ref  ] GC(4)     Discovered: 7
[12.592s][debug  ][gc,phases,ref  ] GC(4)     Cleared: 6
[12.592s][debug  ][gc,phases      ] GC(4) Reference Processing 0.571ms
[12.592s][debug  ][gc,phases,start] GC(4) Weak Processing
[12.592s][debug  ][gc,phases      ] GC(4) Weak Processing 0.037ms
[12.592s][debug  ][gc,phases,start] GC(4) Class Unloading
[12.592s][debug  ][gc,phases,start] GC(4) ClassLoaderData
[12.592s][debug  ][gc,phases      ] GC(4) ClassLoaderData 0.025ms
[12.592s][debug  ][gc,phases,start] GC(4) Trigger cleanups
[12.592s][debug  ][gc,phases      ] GC(4) Trigger cleanups 0.026ms
[12.592s][debug  ][gc,phases      ] GC(4) Class Unloading 0.424ms
[12.592s][info   ][gc,phases      ] GC(4) Phase 1: Mark live objects 2.148ms
[12.592s][info   ][gc,phases,start] GC(4) Phase 2: Compute new object addresses
[12.592s][info   ][gc,phases      ] GC(4) Phase 2: Compute new object addresses 0.307ms
[12.592s][info   ][gc,phases,start] GC(4) Phase 3: Adjust pointers
[12.593s][info   ][gc,phases      ] GC(4) Phase 3: Adjust pointers 0.519ms
[12.593s][info   ][gc,phases,start] GC(4) Phase 4: Move objects
[12.604s][info   ][gc,phases      ] GC(4) Phase 4: Move objects 11.121ms
[12.605s][info   ][gc,heap        ] GC(4) DefNew: 234498K(235968K)->0K(235968K) Eden: 208897K(209792K)->0K(209792K) From: 25600K(26176K)->0K(26176K)
[12.605s][info   ][gc,heap        ] GC(4) Tenured: 199271K(262144K)->98917K(262144K)
[12.605s][info   ][gc,metaspace   ] GC(4) Metaspace: 1021K(1216K)->1021K(1216K) NonClass: 937K(1024K)->937K(1024K) Class: 83K(192K)->83K(192K)
[12.605s][debug  ][gc,heap        ] GC(4) Heap after GC invocations=4 (full 1):
[12.605s][debug  ][gc,heap        ] GC(4)  def new generation   total 235968K, used 0K [0x00000000c0000000, 0x00000000d0000000, 0x00000000d0000000)
[12.605s][debug  ][gc,heap        ] GC(4)   eden space 209792K,   0% used [0x00000000c0000000, 0x00000000c0000000, 0x00000000ccce0000)
[12.605s][debug  ][gc,heap        ] GC(4)   from space 26176K,   0% used [0x00000000ccce0000, 0x00000000ccce0000, 0x00000000ce670000)
[12.605s][debug  ][gc,heap        ] GC(4)   to   space 26176K,   0% used [0x00000000ce670000, 0x00000000ce670000, 0x00000000d0000000)
[12.605s][debug  ][gc,heap        ] GC(4)  tenured generation   total 262144K, used 98917K [0x00000000d0000000, 0x00000000e0000000, 0x0000000100000000)
[12.605s][debug  ][gc,heap        ] GC(4)    the space 262144K,  37% used [0x00000000d0000000, 0x00000000d60996c0, 0x00000000d6099800, 0x00000000e0000000)
[12.605s][debug  ][gc,heap        ] GC(4)  Metaspace       used 1021K, committed 1216K, reserved 1056768K
[12.605s][debug  ][gc,heap        ] GC(4)   class space    used 83K, committed 192K, reserved 1048576K
[12.605s][info   ][gc             ] GC(4) Pause Full (Allocation Failure) 289M->96M(486M) 15.114ms
[12.605s][info   ][gc,cpu         ] GC(4) User=0.02s Sys=0.00s Real=0.02s
[15.754s][info   ][gc,start       ] GC(5) Pause Young (Allocation Failure)
[15.754s][debug  ][gc,heap        ] GC(5) Heap before GC invocations=4 (full 1):
[15.754s][debug  ][gc,heap        ] GC(5)  def new generation   total 235968K, used 209792K [0x00000000c0000000, 0x00000000d0000000, 0x00000000d0000000)
[15.754s][debug  ][gc,heap        ] GC(5)   eden space 209792K, 100% used [0x00000000c0000000, 0x00000000ccce0000, 0x00000000ccce0000)
[15.754s][debug  ][gc,heap        ] GC(5)   from space 26176K,   0% used [0x00000000ccce0000, 0x00000000ccce0000, 0x00000000ce670000)
[15.754s][debug  ][gc,heap        ] GC(5)   to   space 26176K,   0% used [0x00000000ce670000, 0x00000000ce670000, 0x00000000d0000000)
[15.754s][debug  ][gc,heap        ] GC(5)  tenured generation   total 262144K, used 98917K [0x00000000d0000000, 0x00000000e0000000, 0x0000000100000000)
[15.754s][debug  ][gc,heap        ] GC(5)    the space 262144K,  37% used [0x00000000d0000000, 0x00000000d60996c0, 0x00000000d6099800, 0x00000000e0000000)
[15.755s][debug  ][gc,heap        ] GC(5)  Metaspace       used 1023K, committed 1216K, reserved 1056768K
[15.755s][debug  ][gc,heap        ] GC(5)   class space    used 83K, committed 192K, reserved 1048576K
[15.755s][debug  ][gc,tlab        ] GC(5) TLAB totals: thrds: 1  refills: 41 max: 41 slow allocs: 1 max 1 waste:  0.9% gc: 858192B max: 858192B slow: 1102304B max: 1102304B
[15.767s][debug  ][gc,ref         ] GC(5) Skipped phase 1 of Reference Processing: no references
[15.767s][debug  ][gc,ref         ] GC(5) Skipped phase 2 of Reference Processing: no references
[15.767s][debug  ][gc,ref         ] GC(5) Skipped phase 3 of Reference Processing: no references
[15.767s][debug  ][gc,ref         ] GC(5) Skipped phase 4 of Reference Processing: no references
[15.767s][debug  ][gc,phases,ref  ] GC(5) Reference Processing: 0.1ms
[15.767s][debug  ][gc,phases,ref  ] GC(5)   Reconsider SoftReferences: 0.1ms
[15.768s][debug  ][gc,phases,ref  ] GC(5)     SoftRef: skipped
[15.768s][debug  ][gc,phases,ref  ] GC(5)   Notify Soft/WeakReferences: 0.0ms
[15.768s][debug  ][gc,phases,ref  ] GC(5)     SoftRef: skipped
[15.768s][debug  ][gc,phases,ref  ] GC(5)     WeakRef: skipped
[15.768s][debug  ][gc,phases,ref  ] GC(5)     FinalRef: skipped
[15.768s][debug  ][gc,phases,ref  ] GC(5)     Total: skipped
[15.768s][debug  ][gc,phases,ref  ] GC(5)   Notify and keep alive finalizable: 0.0ms
[15.768s][debug  ][gc,phases,ref  ] GC(5)     FinalRef: skipped
[15.768s][debug  ][gc,phases,ref  ] GC(5)   Notify PhantomReferences: 0.0ms
[15.768s][debug  ][gc,phases,ref  ] GC(5)     PhantomRef: skipped
[15.768s][debug  ][gc,phases,ref  ] GC(5)   SoftReference:
[15.768s][debug  ][gc,phases,ref  ] GC(5)     Discovered: 0
[15.768s][debug  ][gc,phases,ref  ] GC(5)     Cleared: 0
[15.768s][debug  ][gc,phases,ref  ] GC(5)   WeakReference:
[15.768s][debug  ][gc,phases,ref  ] GC(5)     Discovered: 0
[15.768s][debug  ][gc,phases,ref  ] GC(5)     Cleared: 0
[15.768s][debug  ][gc,phases,ref  ] GC(5)   FinalReference:
[15.768s][debug  ][gc,phases,ref  ] GC(5)     Discovered: 0
[15.768s][debug  ][gc,phases,ref  ] GC(5)     Cleared: 0
[15.768s][debug  ][gc,phases,ref  ] GC(5)   PhantomReference:
[15.768s][debug  ][gc,phases,ref  ] GC(5)     Discovered: 0
[15.768s][debug  ][gc,phases,ref  ] GC(5)     Cleared: 0
[15.768s][debug  ][gc,age         ] GC(5) Desired survivor size 13402112 bytes, new threshold 1 (max threshold 15)
[15.768s][info   ][gc,heap        ] GC(5) DefNew: 209792K(235968K)->25600K(235968K) Eden: 209792K(209792K)->0K(209792K) From: 0K(26176K)->25600K(26176K)
[15.768s][info   ][gc,heap        ] GC(5) Tenured: 98917K(262144K)->173670K(262144K)
[15.768s][info   ][gc,metaspace   ] GC(5) Metaspace: 1023K(1216K)->1023K(1216K) NonClass: 939K(1024K)->939K(1024K) Class: 83K(192K)->83K(192K)
[15.768s][debug  ][gc,heap        ] GC(5) Heap after GC invocations=5 (full 1):
[15.768s][debug  ][gc,heap        ] GC(5)  def new generation   total 235968K, used 25600K [0x00000000c0000000, 0x00000000d0000000, 0x00000000d0000000)
[15.768s][debug  ][gc,heap        ] GC(5)   eden space 209792K,   0% used [0x00000000c0000000, 0x00000000c0000000, 0x00000000ccce0000)
[15.768s][debug  ][gc,heap        ] GC(5)   from space 26176K,  97% used [0x00000000ce670000, 0x00000000cff70190, 0x00000000d0000000)
[15.768s][debug  ][gc,heap        ] GC(5)   to   space 26176K,   0% used [0x00000000ccce0000, 0x00000000ccce0000, 0x00000000ce670000)
[15.768s][debug  ][gc,heap        ] GC(5)  tenured generation   total 262144K, used 173670K [0x00000000d0000000, 0x00000000e0000000, 0x0000000100000000)
[15.768s][debug  ][gc,heap        ] GC(5)    the space 262144K,  66% used [0x00000000d0000000, 0x00000000da999b50, 0x00000000da999c00, 0x00000000e0000000)
[15.768s][debug  ][gc,heap        ] GC(5)  Metaspace       used 1023K, committed 1216K, reserved 1056768K
[15.768s][debug  ][gc,heap        ] GC(5)   class space    used 83K, committed 192K, reserved 1048576K
[15.768s][info   ][gc             ] GC(5) Pause Young (Allocation Failure) 301M->194M(486M) 14.305ms
[15.768s][info   ][gc,cpu         ] GC(5) User=0.02s Sys=0.00s Real=0.01s
[18.893s][info   ][gc,start       ] GC(6) Pause Young (Allocation Failure)
[18.893s][debug  ][gc,heap        ] GC(6) Heap before GC invocations=5 (full 1):
[18.894s][debug  ][gc,heap        ] GC(6)  def new generation   total 235968K, used 235392K [0x00000000c0000000, 0x00000000d0000000, 0x00000000d0000000)
[18.894s][debug  ][gc,heap        ] GC(6)   eden space 209792K, 100% used [0x00000000c0000000, 0x00000000ccce0000, 0x00000000ccce0000)
[18.894s][debug  ][gc,heap        ] GC(6)   from space 26176K,  97% used [0x00000000ce670000, 0x00000000cff70190, 0x00000000d0000000)
[18.894s][debug  ][gc,heap        ] GC(6)   to   space 26176K,   0% used [0x00000000ccce0000, 0x00000000ccce0000, 0x00000000ce670000)
[18.894s][debug  ][gc,heap        ] GC(6)  tenured generation   total 262144K, used 173670K [0x00000000d0000000, 0x00000000e0000000, 0x0000000100000000)
[18.894s][debug  ][gc,heap        ] GC(6)    the space 262144K,  66% used [0x00000000d0000000, 0x00000000da999b50, 0x00000000da999c00, 0x00000000e0000000)
[18.894s][debug  ][gc,heap        ] GC(6)  Metaspace       used 1023K, committed 1216K, reserved 1056768K
[18.894s][debug  ][gc,heap        ] GC(6)   class space    used 83K, committed 192K, reserved 1048576K
[18.894s][debug  ][gc,tlab        ] GC(6) TLAB totals: thrds: 1  refills: 41 max: 41 slow allocs: 1 max 1 waste:  1.4% gc: 861880B max: 861880B slow: 2146352B max: 2146352B
[18.894s][debug  ][gc,ref         ] GC(6) Skipped phase 1 of Reference Processing: no references
[18.894s][debug  ][gc,ref         ] GC(6) Skipped phase 2 of Reference Processing: no references
[18.894s][debug  ][gc,ref         ] GC(6) Skipped phase 3 of Reference Processing: no references
[18.894s][debug  ][gc,ref         ] GC(6) Skipped phase 4 of Reference Processing: no references
[18.894s][debug  ][gc,phases,ref  ] GC(6) Reference Processing: 0.2ms
[18.894s][debug  ][gc,phases,ref  ] GC(6)   Reconsider SoftReferences: 0.1ms
[18.894s][debug  ][gc,phases,ref  ] GC(6)     SoftRef: skipped
[18.894s][debug  ][gc,phases,ref  ] GC(6)   Notify Soft/WeakReferences: 0.0ms
[18.894s][debug  ][gc,phases,ref  ] GC(6)     SoftRef: skipped
[18.894s][debug  ][gc,phases,ref  ] GC(6)     WeakRef: skipped
[18.894s][debug  ][gc,phases,ref  ] GC(6)     FinalRef: skipped
[18.894s][debug  ][gc,phases,ref  ] GC(6)     Total: skipped
[18.895s][debug  ][gc,phases,ref  ] GC(6)   Notify and keep alive finalizable: 0.0ms
[18.895s][debug  ][gc,phases,ref  ] GC(6)     FinalRef: skipped
[18.895s][debug  ][gc,phases,ref  ] GC(6)   Notify PhantomReferences: 0.0ms
[18.895s][debug  ][gc,phases,ref  ] GC(6)     PhantomRef: skipped
[18.895s][debug  ][gc,phases,ref  ] GC(6)   SoftReference:
[18.895s][debug  ][gc,phases,ref  ] GC(6)     Discovered: 0
[18.895s][debug  ][gc,phases,ref  ] GC(6)     Cleared: 0
[18.895s][debug  ][gc,phases,ref  ] GC(6)   WeakReference:
[18.895s][debug  ][gc,phases,ref  ] GC(6)     Discovered: 0
[18.895s][debug  ][gc,phases,ref  ] GC(6)     Cleared: 0
[18.895s][debug  ][gc,phases,ref  ] GC(6)   FinalReference:
[18.895s][debug  ][gc,phases,ref  ] GC(6)     Discovered: 0
[18.895s][debug  ][gc,phases,ref  ] GC(6)     Cleared: 0
[18.895s][debug  ][gc,phases,ref  ] GC(6)   PhantomReference:
[18.895s][debug  ][gc,phases,ref  ] GC(6)     Discovered: 0
[18.895s][debug  ][gc,phases,ref  ] GC(6)     Cleared: 0
[18.895s][debug  ][gc,age         ] GC(6) Desired survivor size 13402112 bytes, new threshold 15 (max threshold 15)
[18.895s][info   ][gc,heap        ] GC(6) DefNew: 235392K(235968K)->0K(235968K) Eden: 209792K(209792K)->0K(209792K) From: 25600K(26176K)->0K(26176K)
[18.895s][info   ][gc,heap        ] GC(6) Tenured: 173670K(262144K)->173670K(262144K)
[18.895s][info   ][gc,metaspace   ] GC(6) Metaspace: 1023K(1216K)->1023K(1216K) NonClass: 939K(1024K)->939K(1024K) Class: 83K(192K)->83K(192K)
[18.895s][debug  ][gc,heap        ] GC(6) Heap after GC invocations=6 (full 1):
[18.895s][debug  ][gc,heap        ] GC(6)  def new generation   total 235968K, used 0K [0x00000000c0000000, 0x00000000d0000000, 0x00000000d0000000)
[18.895s][debug  ][gc,heap        ] GC(6)   eden space 209792K,   0% used [0x00000000c0000000, 0x00000000c0000000, 0x00000000ccce0000)
[18.895s][debug  ][gc,heap        ] GC(6)   from space 26176K,   0% used [0x00000000ccce0000, 0x00000000ccce0000, 0x00000000ce670000)
[18.895s][debug  ][gc,heap        ] GC(6)   to   space 26176K,   0% used [0x00000000ce670000, 0x00000000ce670000, 0x00000000d0000000)
[18.895s][debug  ][gc,heap        ] GC(6)  tenured generation   total 262144K, used 173670K [0x00000000d0000000, 0x00000000e0000000, 0x0000000100000000)
[18.895s][debug  ][gc,heap        ] GC(6)    the space 262144K,  66% used [0x00000000d0000000, 0x00000000da999b50, 0x00000000da999c00, 0x00000000e0000000)
[18.895s][debug  ][gc,heap        ] GC(6)  Metaspace       used 1023K, committed 1216K, reserved 1056768K
[18.895s][debug  ][gc,heap        ] GC(6)   class space    used 83K, committed 192K, reserved 1048576K
[18.895s][info   ][gc             ] GC(6) Pause Young (Allocation Failure) 399M->169M(486M) 2.000ms
[18.895s][info   ][gc,cpu         ] GC(6) User=0.00s Sys=0.00s Real=0.00s
[22.027s][info   ][gc,start       ] GC(7) Pause Young (Allocation Failure)
[22.027s][debug  ][gc,heap        ] GC(7) Heap before GC invocations=6 (full 1):
[22.027s][debug  ][gc,heap        ] GC(7)  def new generation   total 235968K, used 209792K [0x00000000c0000000, 0x00000000d0000000, 0x00000000d0000000)
[22.027s][debug  ][gc,heap        ] GC(7)   eden space 209792K, 100% used [0x00000000c0000000, 0x00000000ccce0000, 0x00000000ccce0000)
[22.027s][debug  ][gc,heap        ] GC(7)   from space 26176K,   0% used [0x00000000ccce0000, 0x00000000ccce0000, 0x00000000ce670000)
[22.027s][debug  ][gc,heap        ] GC(7)   to   space 26176K,   0% used [0x00000000ce670000, 0x00000000ce670000, 0x00000000d0000000)
[22.027s][debug  ][gc,heap        ] GC(7)  tenured generation   total 262144K, used 173670K [0x00000000d0000000, 0x00000000e0000000, 0x0000000100000000)
[22.027s][debug  ][gc,heap        ] GC(7)    the space 262144K,  66% used [0x00000000d0000000, 0x00000000da999b50, 0x00000000da999c00, 0x00000000e0000000)
[22.027s][debug  ][gc,heap        ] GC(7)  Metaspace       used 1023K, committed 1216K, reserved 1056768K
[22.027s][debug  ][gc,heap        ] GC(7)   class space    used 83K, committed 192K, reserved 1048576K
[22.027s][debug  ][gc,tlab        ] GC(7) TLAB totals: thrds: 1  refills: 41 max: 41 slow allocs: 1 max 1 waste:  1.4% gc: 733664B max: 733664B slow: 2275632B max: 2275632B
[22.027s][debug  ][gc,ref         ] GC(7) Skipped phase 1 of Reference Processing: no references
[22.027s][debug  ][gc,ref         ] GC(7) Skipped phase 2 of Reference Processing: no references
[22.027s][debug  ][gc,ref         ] GC(7) Skipped phase 3 of Reference Processing: no references
[22.027s][debug  ][gc,ref         ] GC(7) Skipped phase 4 of Reference Processing: no references
[22.027s][debug  ][gc,phases,ref  ] GC(7) Reference Processing: 0.1ms
[22.027s][debug  ][gc,phases,ref  ] GC(7)   Reconsider SoftReferences: 0.0ms
[22.028s][debug  ][gc,phases,ref  ] GC(7)     SoftRef: skipped
[22.028s][debug  ][gc,phases,ref  ] GC(7)   Notify Soft/WeakReferences: 0.0ms
[22.028s][debug  ][gc,phases,ref  ] GC(7)     SoftRef: skipped
[22.028s][debug  ][gc,phases,ref  ] GC(7)     WeakRef: skipped
[22.028s][debug  ][gc,phases,ref  ] GC(7)     FinalRef: skipped
[22.028s][debug  ][gc,phases,ref  ] GC(7)     Total: skipped
[22.028s][debug  ][gc,phases,ref  ] GC(7)   Notify and keep alive finalizable: 0.0ms
[22.028s][debug  ][gc,phases,ref  ] GC(7)     FinalRef: skipped
[22.028s][debug  ][gc,phases,ref  ] GC(7)   Notify PhantomReferences: 0.0ms
[22.028s][debug  ][gc,phases,ref  ] GC(7)     PhantomRef: skipped
[22.028s][debug  ][gc,phases,ref  ] GC(7)   SoftReference:
[22.028s][debug  ][gc,phases,ref  ] GC(7)     Discovered: 0
[22.028s][debug  ][gc,phases,ref  ] GC(7)     Cleared: 0
[22.028s][debug  ][gc,phases,ref  ] GC(7)   WeakReference:
[22.028s][debug  ][gc,phases,ref  ] GC(7)     Discovered: 0
[22.028s][debug  ][gc,phases,ref  ] GC(7)     Cleared: 0
[22.028s][debug  ][gc,phases,ref  ] GC(7)   FinalReference:
[22.028s][debug  ][gc,phases,ref  ] GC(7)     Discovered: 0
[22.028s][debug  ][gc,phases,ref  ] GC(7)     Cleared: 0
[22.028s][debug  ][gc,phases,ref  ] GC(7)   PhantomReference:
[22.028s][debug  ][gc,phases,ref  ] GC(7)     Discovered: 0
[22.028s][debug  ][gc,phases,ref  ] GC(7)     Cleared: 0
[22.028s][debug  ][gc,age         ] GC(7) Desired survivor size 13402112 bytes, new threshold 15 (max threshold 15)
[22.028s][info   ][gc,heap        ] GC(7) DefNew: 209792K(235968K)->2048K(235968K) Eden: 209792K(209792K)->0K(209792K) From: 0K(26176K)->2048K(26176K)
[22.028s][info   ][gc,heap        ] GC(7) Tenured: 173670K(262144K)->173670K(262144K)
[22.028s][info   ][gc,metaspace   ] GC(7) Metaspace: 1023K(1216K)->1023K(1216K) NonClass: 939K(1024K)->939K(1024K) Class: 83K(192K)->83K(192K)
[22.028s][debug  ][gc,heap        ] GC(7) Heap after GC invocations=7 (full 1):
[22.028s][debug  ][gc,heap        ] GC(7)  def new generation   total 235968K, used 2048K [0x00000000c0000000, 0x00000000d0000000, 0x00000000d0000000)
[22.028s][debug  ][gc,heap        ] GC(7)   eden space 209792K,   0% used [0x00000000c0000000, 0x00000000c0000000, 0x00000000ccce0000)
[22.028s][debug  ][gc,heap        ] GC(7)   from space 26176K,   7% used [0x00000000ce670000, 0x00000000ce870020, 0x00000000d0000000)
[22.028s][debug  ][gc,heap        ] GC(7)   to   space 26176K,   0% used [0x00000000ccce0000, 0x00000000ccce0000, 0x00000000ce670000)
[22.028s][debug  ][gc,heap        ] GC(7)  tenured generation   total 262144K, used 173670K [0x00000000d0000000, 0x00000000e0000000, 0x0000000100000000)
[22.028s][debug  ][gc,heap        ] GC(7)    the space 262144K,  66% used [0x00000000d0000000, 0x00000000da999b50, 0x00000000da999c00, 0x00000000e0000000)
[22.028s][debug  ][gc,heap        ] GC(7)  Metaspace       used 1023K, committed 1216K, reserved 1056768K
[22.028s][debug  ][gc,heap        ] GC(7)   class space    used 83K, committed 192K, reserved 1048576K
[22.028s][info   ][gc             ] GC(7) Pause Young (Allocation Failure) 374M->171M(486M) 1.843ms
[22.028s][info   ][gc,cpu         ] GC(7) User=0.02s Sys=0.00s Real=0.00s
[25.149s][info   ][gc,start       ] GC(8) Pause Young (Allocation Failure)
[25.149s][debug  ][gc,heap        ] GC(8) Heap before GC invocations=7 (full 1):
[25.149s][debug  ][gc,heap        ] GC(8)  def new generation   total 235968K, used 211840K [0x00000000c0000000, 0x00000000d0000000, 0x00000000d0000000)
[25.149s][debug  ][gc,heap        ] GC(8)   eden space 209792K, 100% used [0x00000000c0000000, 0x00000000ccce0000, 0x00000000ccce0000)
[25.149s][debug  ][gc,heap        ] GC(8)   from space 26176K,   7% used [0x00000000ce670000, 0x00000000ce870020, 0x00000000d0000000)
[25.149s][debug  ][gc,heap        ] GC(8)   to   space 26176K,   0% used [0x00000000ccce0000, 0x00000000ccce0000, 0x00000000ce670000)
[25.149s][debug  ][gc,heap        ] GC(8)  tenured generation   total 262144K, used 173670K [0x00000000d0000000, 0x00000000e0000000, 0x0000000100000000)
[25.149s][debug  ][gc,heap        ] GC(8)    the space 262144K,  66% used [0x00000000d0000000, 0x00000000da999b50, 0x00000000da999c00, 0x00000000e0000000)
[25.149s][debug  ][gc,heap        ] GC(8)  Metaspace       used 1023K, committed 1216K, reserved 1056768K
[25.149s][debug  ][gc,heap        ] GC(8)   class space    used 83K, committed 192K, reserved 1048576K
[25.149s][debug  ][gc,tlab        ] GC(8) TLAB totals: thrds: 1  refills: 41 max: 41 slow allocs: 1 max 1 waste:  1.4% gc: 942944B max: 942944B slow: 2066352B max: 2066352B
[25.150s][debug  ][gc,ref         ] GC(8) Skipped phase 1 of Reference Processing: no references
[25.150s][debug  ][gc,ref         ] GC(8) Skipped phase 2 of Reference Processing: no references
[25.150s][debug  ][gc,ref         ] GC(8) Skipped phase 3 of Reference Processing: no references
[25.150s][debug  ][gc,ref         ] GC(8) Skipped phase 4 of Reference Processing: no references
[25.150s][debug  ][gc,phases,ref  ] GC(8) Reference Processing: 0.1ms
[25.150s][debug  ][gc,phases,ref  ] GC(8)   Reconsider SoftReferences: 0.1ms
[25.150s][debug  ][gc,phases,ref  ] GC(8)     SoftRef: skipped
[25.150s][debug  ][gc,phases,ref  ] GC(8)   Notify Soft/WeakReferences: 0.0ms
[25.150s][debug  ][gc,phases,ref  ] GC(8)     SoftRef: skipped
[25.150s][debug  ][gc,phases,ref  ] GC(8)     WeakRef: skipped
[25.150s][debug  ][gc,phases,ref  ] GC(8)     FinalRef: skipped
[25.150s][debug  ][gc,phases,ref  ] GC(8)     Total: skipped
[25.150s][debug  ][gc,phases,ref  ] GC(8)   Notify and keep alive finalizable: 0.0ms
[25.150s][debug  ][gc,phases,ref  ] GC(8)     FinalRef: skipped
[25.150s][debug  ][gc,phases,ref  ] GC(8)   Notify PhantomReferences: 0.0ms
[25.150s][debug  ][gc,phases,ref  ] GC(8)     PhantomRef: skipped
[25.150s][debug  ][gc,phases,ref  ] GC(8)   SoftReference:
[25.150s][debug  ][gc,phases,ref  ] GC(8)     Discovered: 0
[25.150s][debug  ][gc,phases,ref  ] GC(8)     Cleared: 0
[25.150s][debug  ][gc,phases,ref  ] GC(8)   WeakReference:
[25.150s][debug  ][gc,phases,ref  ] GC(8)     Discovered: 0
[25.150s][debug  ][gc,phases,ref  ] GC(8)     Cleared: 0
[25.150s][debug  ][gc,phases,ref  ] GC(8)   FinalReference:
[25.150s][debug  ][gc,phases,ref  ] GC(8)     Discovered: 0
[25.150s][debug  ][gc,phases,ref  ] GC(8)     Cleared: 0
[25.150s][debug  ][gc,phases,ref  ] GC(8)   PhantomReference:
[25.150s][debug  ][gc,phases,ref  ] GC(8)     Discovered: 0
[25.150s][debug  ][gc,phases,ref  ] GC(8)     Cleared: 0
[25.150s][debug  ][gc,age         ] GC(8) Desired survivor size 13402112 bytes, new threshold 15 (max threshold 15)
[25.150s][info   ][gc,heap        ] GC(8) DefNew: 211840K(235968K)->4096K(235968K) Eden: 209792K(209792K)->0K(209792K) From: 2048K(26176K)->4096K(26176K)
[25.150s][info   ][gc,heap        ] GC(8) Tenured: 173670K(262144K)->173670K(262144K)
[25.150s][info   ][gc,metaspace   ] GC(8) Metaspace: 1023K(1216K)->1023K(1216K) NonClass: 940K(1024K)->940K(1024K) Class: 83K(192K)->83K(192K)
[25.150s][debug  ][gc,heap        ] GC(8) Heap after GC invocations=8 (full 1):
[25.150s][debug  ][gc,heap        ] GC(8)  def new generation   total 235968K, used 4096K [0x00000000c0000000, 0x00000000d0000000, 0x00000000d0000000)
[25.151s][debug  ][gc,heap        ] GC(8)   eden space 209792K,   0% used [0x00000000c0000000, 0x00000000c0000000, 0x00000000ccce0000)
[25.151s][debug  ][gc,heap        ] GC(8)   from space 26176K,  15% used [0x00000000ccce0000, 0x00000000cd0e0040, 0x00000000ce670000)
[25.151s][debug  ][gc,heap        ] GC(8)   to   space 26176K,   0% used [0x00000000ce670000, 0x00000000ce670000, 0x00000000d0000000)
[25.151s][debug  ][gc,heap        ] GC(8)  tenured generation   total 262144K, used 173670K [0x00000000d0000000, 0x00000000e0000000, 0x0000000100000000)
[25.151s][debug  ][gc,heap        ] GC(8)    the space 262144K,  66% used [0x00000000d0000000, 0x00000000da999b50, 0x00000000da999c00, 0x00000000e0000000)
[25.151s][debug  ][gc,heap        ] GC(8)  Metaspace       used 1023K, committed 1216K, reserved 1056768K
[25.151s][debug  ][gc,heap        ] GC(8)   class space    used 83K, committed 192K, reserved 1048576K
[25.151s][info   ][gc             ] GC(8) Pause Young (Allocation Failure) 376M->173M(486M) 1.960ms
[25.151s][info   ][gc,cpu         ] GC(8) User=0.00s Sys=0.00s Real=0.00s
[28.299s][info   ][gc,start       ] GC(9) Pause Young (Allocation Failure)
[28.300s][debug  ][gc,heap        ] GC(9) Heap before GC invocations=8 (full 1):
[28.300s][debug  ][gc,heap        ] GC(9)  def new generation   total 235968K, used 213888K [0x00000000c0000000, 0x00000000d0000000, 0x00000000d0000000)
[28.300s][debug  ][gc,heap        ] GC(9)   eden space 209792K, 100% used [0x00000000c0000000, 0x00000000ccce0000, 0x00000000ccce0000)
[28.300s][debug  ][gc,heap        ] GC(9)   from space 26176K,  15% used [0x00000000ccce0000, 0x00000000cd0e0040, 0x00000000ce670000)
[28.300s][debug  ][gc,heap        ] GC(9)   to   space 26176K,   0% used [0x00000000ce670000, 0x00000000ce670000, 0x00000000d0000000)
[28.300s][debug  ][gc,heap        ] GC(9)  tenured generation   total 262144K, used 173670K [0x00000000d0000000, 0x00000000e0000000, 0x0000000100000000)
[28.300s][debug  ][gc,heap        ] GC(9)    the space 262144K,  66% used [0x00000000d0000000, 0x00000000da999b50, 0x00000000da999c00, 0x00000000e0000000)
[28.300s][debug  ][gc,heap        ] GC(9)  Metaspace       used 1024K, committed 1216K, reserved 1056768K
[28.300s][debug  ][gc,heap        ] GC(9)   class space    used 83K, committed 192K, reserved 1048576K
[28.300s][debug  ][gc,tlab        ] GC(9) TLAB totals: thrds: 1  refills: 41 max: 41 slow allocs: 0 max 0 waste:  0.9% gc: 0B max: 0B slow: 1960704B max: 1960704B
[28.301s][debug  ][gc,ref         ] GC(9) Skipped phase 1 of Reference Processing: no references
[28.301s][debug  ][gc,ref         ] GC(9) Skipped phase 2 of Reference Processing: no references
[28.301s][debug  ][gc,ref         ] GC(9) Skipped phase 3 of Reference Processing: no references
[28.301s][debug  ][gc,ref         ] GC(9) Skipped phase 4 of Reference Processing: no references
[28.301s][debug  ][gc,phases,ref  ] GC(9) Reference Processing: 0.1ms
[28.301s][debug  ][gc,phases,ref  ] GC(9)   Reconsider SoftReferences: 0.1ms
[28.301s][debug  ][gc,phases,ref  ] GC(9)     SoftRef: skipped
[28.301s][debug  ][gc,phases,ref  ] GC(9)   Notify Soft/WeakReferences: 0.0ms
[28.301s][debug  ][gc,phases,ref  ] GC(9)     SoftRef: skipped
[28.301s][debug  ][gc,phases,ref  ] GC(9)     WeakRef: skipped
[28.301s][debug  ][gc,phases,ref  ] GC(9)     FinalRef: skipped
[28.301s][debug  ][gc,phases,ref  ] GC(9)     Total: skipped
[28.301s][debug  ][gc,phases,ref  ] GC(9)   Notify and keep alive finalizable: 0.0ms
[28.301s][debug  ][gc,phases,ref  ] GC(9)     FinalRef: skipped
[28.301s][debug  ][gc,phases,ref  ] GC(9)   Notify PhantomReferences: 0.0ms
[28.301s][debug  ][gc,phases,ref  ] GC(9)     PhantomRef: skipped
[28.301s][debug  ][gc,phases,ref  ] GC(9)   SoftReference:
[28.301s][debug  ][gc,phases,ref  ] GC(9)     Discovered: 0
[28.301s][debug  ][gc,phases,ref  ] GC(9)     Cleared: 0
[28.301s][debug  ][gc,phases,ref  ] GC(9)   WeakReference:
[28.301s][debug  ][gc,phases,ref  ] GC(9)     Discovered: 0
[28.301s][debug  ][gc,phases,ref  ] GC(9)     Cleared: 0
[28.301s][debug  ][gc,phases,ref  ] GC(9)   FinalReference:
[28.301s][debug  ][gc,phases,ref  ] GC(9)     Discovered: 0
[28.301s][debug  ][gc,phases,ref  ] GC(9)     Cleared: 0
[28.301s][debug  ][gc,phases,ref  ] GC(9)   PhantomReference:
[28.301s][debug  ][gc,phases,ref  ] GC(9)     Discovered: 0
[28.301s][debug  ][gc,phases,ref  ] GC(9)     Cleared: 0
[28.301s][debug  ][gc,age         ] GC(9) Desired survivor size 13402112 bytes, new threshold 15 (max threshold 15)
[28.301s][info   ][gc,heap        ] GC(9) DefNew: 213888K(235968K)->7168K(235968K) Eden: 209792K(209792K)->0K(209792K) From: 4096K(26176K)->7168K(26176K)
[28.301s][info   ][gc,heap        ] GC(9) Tenured: 173670K(262144K)->173670K(262144K)
[28.302s][info   ][gc,metaspace   ] GC(9) Metaspace: 1024K(1216K)->1024K(1216K) NonClass: 940K(1024K)->940K(1024K) Class: 83K(192K)->83K(192K)
[28.302s][debug  ][gc,heap        ] GC(9) Heap after GC invocations=9 (full 1):
[28.302s][debug  ][gc,heap        ] GC(9)  def new generation   total 235968K, used 7168K [0x00000000c0000000, 0x00000000d0000000, 0x00000000d0000000)
[28.302s][debug  ][gc,heap        ] GC(9)   eden space 209792K,   0% used [0x00000000c0000000, 0x00000000c0000000, 0x00000000ccce0000)
[28.302s][debug  ][gc,heap        ] GC(9)   from space 26176K,  27% used [0x00000000ce670000, 0x00000000ced70070, 0x00000000d0000000)
[28.302s][debug  ][gc,heap        ] GC(9)   to   space 26176K,   0% used [0x00000000ccce0000, 0x00000000ccce0000, 0x00000000ce670000)
[28.302s][debug  ][gc,heap        ] GC(9)  tenured generation   total 262144K, used 173670K [0x00000000d0000000, 0x00000000e0000000, 0x0000000100000000)
[28.302s][debug  ][gc,heap        ] GC(9)    the space 262144K,  66% used [0x00000000d0000000, 0x00000000da999b50, 0x00000000da999c00, 0x00000000e0000000)
[28.302s][debug  ][gc,heap        ] GC(9)  Metaspace       used 1024K, committed 1216K, reserved 1056768K
[28.302s][debug  ][gc,heap        ] GC(9)   class space    used 83K, committed 192K, reserved 1048576K
[28.302s][info   ][gc             ] GC(9) Pause Young (Allocation Failure) 378M->176M(486M) 2.281ms
[28.302s][info   ][gc,cpu         ] GC(9) User=0.00s Sys=0.00s Real=0.00s
[31.439s][info   ][gc,start       ] GC(10) Pause Young (Allocation Failure)
[31.440s][debug  ][gc,heap        ] GC(10) Heap before GC invocations=9 (full 1):
[31.440s][debug  ][gc,heap        ] GC(10)  def new generation   total 235968K, used 216960K [0x00000000c0000000, 0x00000000d0000000, 0x00000000d0000000)
[31.440s][debug  ][gc,heap        ] GC(10)   eden space 209792K, 100% used [0x00000000c0000000, 0x00000000ccce0000, 0x00000000ccce0000)
[31.440s][debug  ][gc,heap        ] GC(10)   from space 26176K,  27% used [0x00000000ce670000, 0x00000000ced70070, 0x00000000d0000000)
[31.440s][debug  ][gc,heap        ] GC(10)   to   space 26176K,   0% used [0x00000000ccce0000, 0x00000000ccce0000, 0x00000000ce670000)
[31.440s][debug  ][gc,heap        ] GC(10)  tenured generation   total 262144K, used 173670K [0x00000000d0000000, 0x00000000e0000000, 0x0000000100000000)
[31.440s][debug  ][gc,heap        ] GC(10)    the space 262144K,  66% used [0x00000000d0000000, 0x00000000da999b50, 0x00000000da999c00, 0x00000000e0000000)
[31.440s][debug  ][gc,heap        ] GC(10)  Metaspace       used 1024K, committed 1216K, reserved 1056768K
[31.440s][debug  ][gc,heap        ] GC(10)   class space    used 83K, committed 192K, reserved 1048576K
[31.440s][debug  ][gc,tlab        ] GC(10) TLAB totals: thrds: 1  refills: 41 max: 41 slow allocs: 1 max 1 waste:  1.4% gc: 580384B max: 580384B slow: 2428912B max: 2428912B
[31.441s][debug  ][gc,ref         ] GC(10) Skipped phase 1 of Reference Processing: no references
[31.441s][debug  ][gc,ref         ] GC(10) Skipped phase 2 of Reference Processing: no references
[31.441s][debug  ][gc,ref         ] GC(10) Skipped phase 3 of Reference Processing: no references
[31.441s][debug  ][gc,ref         ] GC(10) Skipped phase 4 of Reference Processing: no references
[31.441s][debug  ][gc,phases,ref  ] GC(10) Reference Processing: 0.1ms
[31.441s][debug  ][gc,phases,ref  ] GC(10)   Reconsider SoftReferences: 0.0ms
[31.441s][debug  ][gc,phases,ref  ] GC(10)     SoftRef: skipped
[31.441s][debug  ][gc,phases,ref  ] GC(10)   Notify Soft/WeakReferences: 0.0ms
[31.441s][debug  ][gc,phases,ref  ] GC(10)     SoftRef: skipped
[31.441s][debug  ][gc,phases,ref  ] GC(10)     WeakRef: skipped
[31.441s][debug  ][gc,phases,ref  ] GC(10)     FinalRef: skipped
[31.441s][debug  ][gc,phases,ref  ] GC(10)     Total: skipped
[31.441s][debug  ][gc,phases,ref  ] GC(10)   Notify and keep alive finalizable: 0.0ms
[31.441s][debug  ][gc,phases,ref  ] GC(10)     FinalRef: skipped
[31.441s][debug  ][gc,phases,ref  ] GC(10)   Notify PhantomReferences: 0.0ms
[31.441s][debug  ][gc,phases,ref  ] GC(10)     PhantomRef: skipped
[31.441s][debug  ][gc,phases,ref  ] GC(10)   SoftReference:
[31.441s][debug  ][gc,phases,ref  ] GC(10)     Discovered: 0
[31.441s][debug  ][gc,phases,ref  ] GC(10)     Cleared: 0
[31.441s][debug  ][gc,phases,ref  ] GC(10)   WeakReference:
[31.441s][debug  ][gc,phases,ref  ] GC(10)     Discovered: 0
[31.441s][debug  ][gc,phases,ref  ] GC(10)     Cleared: 0
[31.441s][debug  ][gc,phases,ref  ] GC(10)   FinalReference:
[31.441s][debug  ][gc,phases,ref  ] GC(10)     Discovered: 0
[31.441s][debug  ][gc,phases,ref  ] GC(10)     Cleared: 0
[31.441s][debug  ][gc,phases,ref  ] GC(10)   PhantomReference:
[31.441s][debug  ][gc,phases,ref  ] GC(10)     Discovered: 0
[31.441s][debug  ][gc,phases,ref  ] GC(10)     Cleared: 0
[31.441s][debug  ][gc,age         ] GC(10) Desired survivor size 13402112 bytes, new threshold 15 (max threshold 15)
[31.441s][info   ][gc,heap        ] GC(10) DefNew: 216960K(235968K)->9216K(235968K) Eden: 209792K(209792K)->0K(209792K) From: 7168K(26176K)->9216K(26176K)
[31.442s][info   ][gc,heap        ] GC(10) Tenured: 173670K(262144K)->173670K(262144K)
[31.442s][info   ][gc,metaspace   ] GC(10) Metaspace: 1024K(1216K)->1024K(1216K) NonClass: 940K(1024K)->940K(1024K) Class: 83K(192K)->83K(192K)
[31.442s][debug  ][gc,heap        ] GC(10) Heap after GC invocations=10 (full 1):
[31.442s][debug  ][gc,heap        ] GC(10)  def new generation   total 235968K, used 9216K [0x00000000c0000000, 0x00000000d0000000, 0x00000000d0000000)
[31.442s][debug  ][gc,heap        ] GC(10)   eden space 209792K,   0% used [0x00000000c0000000, 0x00000000c0000000, 0x00000000ccce0000)
[31.442s][debug  ][gc,heap        ] GC(10)   from space 26176K,  35% used [0x00000000ccce0000, 0x00000000cd5e0090, 0x00000000ce670000)
[31.442s][debug  ][gc,heap        ] GC(10)   to   space 26176K,   0% used [0x00000000ce670000, 0x00000000ce670000, 0x00000000d0000000)
[31.442s][debug  ][gc,heap        ] GC(10)  tenured generation   total 262144K, used 173670K [0x00000000d0000000, 0x00000000e0000000, 0x0000000100000000)
[31.442s][debug  ][gc,heap        ] GC(10)    the space 262144K,  66% used [0x00000000d0000000, 0x00000000da999b50, 0x00000000da999c00, 0x00000000e0000000)
[31.442s][debug  ][gc,heap        ] GC(10)  Metaspace       used 1024K, committed 1216K, reserved 1056768K
[31.442s][debug  ][gc,heap        ] GC(10)   class space    used 83K, committed 192K, reserved 1048576K
[31.442s][info   ][gc             ] GC(10) Pause Young (Allocation Failure) 381M->178M(486M) 2.372ms
[31.442s][info   ][gc,cpu         ] GC(10) User=0.00s Sys=0.00s Real=0.00s
[34.596s][info   ][gc,start       ] GC(11) Pause Young (Allocation Failure)
[34.596s][debug  ][gc,heap        ] GC(11) Heap before GC invocations=10 (full 1):
[34.596s][debug  ][gc,heap        ] GC(11)  def new generation   total 235968K, used 219008K [0x00000000c0000000, 0x00000000d0000000, 0x00000000d0000000)
[34.596s][debug  ][gc,heap        ] GC(11)   eden space 209792K, 100% used [0x00000000c0000000, 0x00000000ccce0000, 0x00000000ccce0000)
[34.596s][debug  ][gc,heap        ] GC(11)   from space 26176K,  35% used [0x00000000ccce0000, 0x00000000cd5e0090, 0x00000000ce670000)
[34.596s][debug  ][gc,heap        ] GC(11)   to   space 26176K,   0% used [0x00000000ce670000, 0x00000000ce670000, 0x00000000d0000000)
[34.596s][debug  ][gc,heap        ] GC(11)  tenured generation   total 262144K, used 173670K [0x00000000d0000000, 0x00000000e0000000, 0x0000000100000000)
[34.596s][debug  ][gc,heap        ] GC(11)    the space 262144K,  66% used [0x00000000d0000000, 0x00000000da999b50, 0x00000000da999c00, 0x00000000e0000000)
[34.596s][debug  ][gc,heap        ] GC(11)  Metaspace       used 1024K, committed 1216K, reserved 1056768K
[34.596s][debug  ][gc,heap        ] GC(11)   class space    used 83K, committed 192K, reserved 1048576K
[34.596s][debug  ][gc,tlab        ] GC(11) TLAB totals: thrds: 1  refills: 41 max: 41 slow allocs: 1 max 1 waste:  0.9% gc: 88592B max: 88592B slow: 1872112B max: 1872112B
[34.599s][debug  ][gc,ref         ] GC(11) Skipped phase 1 of Reference Processing: no references
[34.599s][debug  ][gc,ref         ] GC(11) Skipped phase 2 of Reference Processing: no references
[34.599s][debug  ][gc,ref         ] GC(11) Skipped phase 3 of Reference Processing: no references
[34.599s][debug  ][gc,ref         ] GC(11) Skipped phase 4 of Reference Processing: no references
[34.599s][debug  ][gc,phases,ref  ] GC(11) Reference Processing: 0.2ms
[34.599s][debug  ][gc,phases,ref  ] GC(11)   Reconsider SoftReferences: 0.1ms
[34.599s][debug  ][gc,phases,ref  ] GC(11)     SoftRef: skipped
[34.599s][debug  ][gc,phases,ref  ] GC(11)   Notify Soft/WeakReferences: 0.0ms
[34.599s][debug  ][gc,phases,ref  ] GC(11)     SoftRef: skipped
[34.599s][debug  ][gc,phases,ref  ] GC(11)     WeakRef: skipped
[34.599s][debug  ][gc,phases,ref  ] GC(11)     FinalRef: skipped
[34.599s][debug  ][gc,phases,ref  ] GC(11)     Total: skipped
[34.599s][debug  ][gc,phases,ref  ] GC(11)   Notify and keep alive finalizable: 0.0ms
[34.599s][debug  ][gc,phases,ref  ] GC(11)     FinalRef: skipped
[34.599s][debug  ][gc,phases,ref  ] GC(11)   Notify PhantomReferences: 0.0ms
[34.599s][debug  ][gc,phases,ref  ] GC(11)     PhantomRef: skipped
[34.599s][debug  ][gc,phases,ref  ] GC(11)   SoftReference:
[34.600s][debug  ][gc,phases,ref  ] GC(11)     Discovered: 0
[34.600s][debug  ][gc,phases,ref  ] GC(11)     Cleared: 0
[34.600s][debug  ][gc,phases,ref  ] GC(11)   WeakReference:
[34.600s][debug  ][gc,phases,ref  ] GC(11)     Discovered: 0
[34.600s][debug  ][gc,phases,ref  ] GC(11)     Cleared: 0
[34.600s][debug  ][gc,phases,ref  ] GC(11)   FinalReference:
[34.600s][debug  ][gc,phases,ref  ] GC(11)     Discovered: 0
[34.600s][debug  ][gc,phases,ref  ] GC(11)     Cleared: 0
[34.600s][debug  ][gc,phases,ref  ] GC(11)   PhantomReference:
[34.600s][debug  ][gc,phases,ref  ] GC(11)     Discovered: 0
[34.600s][debug  ][gc,phases,ref  ] GC(11)     Cleared: 0
[34.600s][debug  ][gc,age         ] GC(11) Desired survivor size 13402112 bytes, new threshold 15 (max threshold 15)
[34.600s][info   ][gc,heap        ] GC(11) DefNew: 219008K(235968K)->12288K(235968K) Eden: 209792K(209792K)->0K(209792K) From: 9216K(26176K)->12288K(26176K)
[34.600s][info   ][gc,heap        ] GC(11) Tenured: 173670K(262144K)->173670K(262144K)
[34.600s][info   ][gc,metaspace   ] GC(11) Metaspace: 1024K(1216K)->1024K(1216K) NonClass: 940K(1024K)->940K(1024K) Class: 83K(192K)->83K(192K)
[34.600s][debug  ][gc,heap        ] GC(11) Heap after GC invocations=11 (full 1):
[34.600s][debug  ][gc,heap        ] GC(11)  def new generation   total 235968K, used 12288K [0x00000000c0000000, 0x00000000d0000000, 0x00000000d0000000)
[34.600s][debug  ][gc,heap        ] GC(11)   eden space 209792K,   0% used [0x00000000c0000000, 0x00000000c0000000, 0x00000000ccce0000)
[34.600s][debug  ][gc,heap        ] GC(11)   from space 26176K,  46% used [0x00000000ce670000, 0x00000000cf2700c0, 0x00000000d0000000)
[34.600s][debug  ][gc,heap        ] GC(11)   to   space 26176K,   0% used [0x00000000ccce0000, 0x00000000ccce0000, 0x00000000ce670000)
[34.600s][debug  ][gc,heap        ] GC(11)  tenured generation   total 262144K, used 173670K [0x00000000d0000000, 0x00000000e0000000, 0x0000000100000000)
[34.600s][debug  ][gc,heap        ] GC(11)    the space 262144K,  66% used [0x00000000d0000000, 0x00000000da999b50, 0x00000000da999c00, 0x00000000e0000000)
[34.600s][debug  ][gc,heap        ] GC(11)  Metaspace       used 1024K, committed 1216K, reserved 1056768K
[34.600s][debug  ][gc,heap        ] GC(11)   class space    used 83K, committed 192K, reserved 1048576K
[34.600s][info   ][gc             ] GC(11) Pause Young (Allocation Failure) 383M->181M(486M) 4.595ms
[34.600s][info   ][gc,cpu         ] GC(11) User=0.00s Sys=0.00s Real=0.00s
[37.758s][info   ][gc,start       ] GC(12) Pause Young (Allocation Failure)
[37.758s][debug  ][gc,heap        ] GC(12) Heap before GC invocations=11 (full 1):
[37.758s][debug  ][gc,heap        ] GC(12)  def new generation   total 235968K, used 222080K [0x00000000c0000000, 0x00000000d0000000, 0x00000000d0000000)
[37.758s][debug  ][gc,heap        ] GC(12)   eden space 209792K, 100% used [0x00000000c0000000, 0x00000000ccce0000, 0x00000000ccce0000)
[37.758s][debug  ][gc,heap        ] GC(12)   from space 26176K,  46% used [0x00000000ce670000, 0x00000000cf2700c0, 0x00000000d0000000)
[37.758s][debug  ][gc,heap        ] GC(12)   to   space 26176K,   0% used [0x00000000ccce0000, 0x00000000ccce0000, 0x00000000ce670000)
[37.758s][debug  ][gc,heap        ] GC(12)  tenured generation   total 262144K, used 173670K [0x00000000d0000000, 0x00000000e0000000, 0x0000000100000000)
[37.758s][debug  ][gc,heap        ] GC(12)    the space 262144K,  66% used [0x00000000d0000000, 0x00000000da999b50, 0x00000000da999c00, 0x00000000e0000000)
[37.759s][debug  ][gc,heap        ] GC(12)  Metaspace       used 1024K, committed 1216K, reserved 1056768K
[37.759s][debug  ][gc,heap        ] GC(12)   class space    used 83K, committed 192K, reserved 1048576K
[37.759s][debug  ][gc,tlab        ] GC(12) TLAB totals: thrds: 1  refills: 41 max: 41 slow allocs: 1 max 1 waste:  0.9% gc: 156752B max: 156752B slow: 1803952B max: 1803952B
[37.760s][debug  ][gc,ref         ] GC(12) Skipped phase 1 of Reference Processing: no references
[37.760s][debug  ][gc,ref         ] GC(12) Skipped phase 2 of Reference Processing: no references
[37.760s][debug  ][gc,ref         ] GC(12) Skipped phase 3 of Reference Processing: no references
[37.760s][debug  ][gc,ref         ] GC(12) Skipped phase 4 of Reference Processing: no references
[37.760s][debug  ][gc,phases,ref  ] GC(12) Reference Processing: 0.2ms
[37.760s][debug  ][gc,phases,ref  ] GC(12)   Reconsider SoftReferences: 0.1ms
[37.760s][debug  ][gc,phases,ref  ] GC(12)     SoftRef: skipped
[37.760s][debug  ][gc,phases,ref  ] GC(12)   Notify Soft/WeakReferences: 0.1ms
[37.760s][debug  ][gc,phases,ref  ] GC(12)     SoftRef: skipped
[37.760s][debug  ][gc,phases,ref  ] GC(12)     WeakRef: skipped
[37.760s][debug  ][gc,phases,ref  ] GC(12)     FinalRef: skipped
[37.760s][debug  ][gc,phases,ref  ] GC(12)     Total: skipped
[37.761s][debug  ][gc,phases,ref  ] GC(12)   Notify and keep alive finalizable: 0.0ms
[37.761s][debug  ][gc,phases,ref  ] GC(12)     FinalRef: skipped
[37.761s][debug  ][gc,phases,ref  ] GC(12)   Notify PhantomReferences: 0.0ms
[37.761s][debug  ][gc,phases,ref  ] GC(12)     PhantomRef: skipped
[37.761s][debug  ][gc,phases,ref  ] GC(12)   SoftReference:
[37.761s][debug  ][gc,phases,ref  ] GC(12)     Discovered: 0
[37.761s][debug  ][gc,phases,ref  ] GC(12)     Cleared: 0
[37.761s][debug  ][gc,phases,ref  ] GC(12)   WeakReference:
[37.761s][debug  ][gc,phases,ref  ] GC(12)     Discovered: 0
[37.761s][debug  ][gc,phases,ref  ] GC(12)     Cleared: 0
[37.761s][debug  ][gc,phases,ref  ] GC(12)   FinalReference:
[37.761s][debug  ][gc,phases,ref  ] GC(12)     Discovered: 0
[37.761s][debug  ][gc,phases,ref  ] GC(12)     Cleared: 0
[37.761s][debug  ][gc,phases,ref  ] GC(12)   PhantomReference:
[37.761s][debug  ][gc,phases,ref  ] GC(12)     Discovered: 0
[37.761s][debug  ][gc,phases,ref  ] GC(12)     Cleared: 0
[37.761s][debug  ][gc,age         ] GC(12) Desired survivor size 13402112 bytes, new threshold 1 (max threshold 15)
[37.761s][info   ][gc,heap        ] GC(12) DefNew: 222080K(235968K)->15360K(235968K) Eden: 209792K(209792K)->0K(209792K) From: 12288K(26176K)->15360K(26176K)
[37.761s][info   ][gc,heap        ] GC(12) Tenured: 173670K(262144K)->173670K(262144K)
[37.761s][info   ][gc,metaspace   ] GC(12) Metaspace: 1024K(1216K)->1024K(1216K) NonClass: 940K(1024K)->940K(1024K) Class: 83K(192K)->83K(192K)
[37.761s][debug  ][gc,heap        ] GC(12) Heap after GC invocations=12 (full 1):
[37.761s][debug  ][gc,heap        ] GC(12)  def new generation   total 235968K, used 15360K [0x00000000c0000000, 0x00000000d0000000, 0x00000000d0000000)
[37.761s][debug  ][gc,heap        ] GC(12)   eden space 209792K,   0% used [0x00000000c0000000, 0x00000000c0000000, 0x00000000ccce0000)
[37.761s][debug  ][gc,heap        ] GC(12)   from space 26176K,  58% used [0x00000000ccce0000, 0x00000000cdbe00f0, 0x00000000ce670000)
[37.761s][debug  ][gc,heap        ] GC(12)   to   space 26176K,   0% used [0x00000000ce670000, 0x00000000ce670000, 0x00000000d0000000)
[37.761s][debug  ][gc,heap        ] GC(12)  tenured generation   total 262144K, used 173670K [0x00000000d0000000, 0x00000000e0000000, 0x0000000100000000)
[37.761s][debug  ][gc,heap        ] GC(12)    the space 262144K,  66% used [0x00000000d0000000, 0x00000000da999b50, 0x00000000da999c00, 0x00000000e0000000)
[37.761s][debug  ][gc,heap        ] GC(12)  Metaspace       used 1024K, committed 1216K, reserved 1056768K
[37.761s][debug  ][gc,heap        ] GC(12)   class space    used 83K, committed 192K, reserved 1048576K
[37.761s][info   ][gc             ] GC(12) Pause Young (Allocation Failure) 386M->184M(486M) 2.946ms
[37.761s][info   ][gc,cpu         ] GC(12) User=0.00s Sys=0.00s Real=0.00s
[40.890s][info   ][gc,start       ] GC(13) Pause Young (Allocation Failure)
[40.890s][debug  ][gc,heap        ] GC(13) Heap before GC invocations=12 (full 1):
[40.890s][debug  ][gc,heap        ] GC(13)  def new generation   total 235968K, used 225152K [0x00000000c0000000, 0x00000000d0000000, 0x00000000d0000000)
[40.891s][debug  ][gc,heap        ] GC(13)   eden space 209792K, 100% used [0x00000000c0000000, 0x00000000ccce0000, 0x00000000ccce0000)
[40.891s][debug  ][gc,heap        ] GC(13)   from space 26176K,  58% used [0x00000000ccce0000, 0x00000000cdbe00f0, 0x00000000ce670000)
[40.891s][debug  ][gc,heap        ] GC(13)   to   space 26176K,   0% used [0x00000000ce670000, 0x00000000ce670000, 0x00000000d0000000)
[40.891s][debug  ][gc,heap        ] GC(13)  tenured generation   total 262144K, used 173670K [0x00000000d0000000, 0x00000000e0000000, 0x0000000100000000)
[40.891s][debug  ][gc,heap        ] GC(13)    the space 262144K,  66% used [0x00000000d0000000, 0x00000000da999b50, 0x00000000da999c00, 0x00000000e0000000)
[40.891s][debug  ][gc,heap        ] GC(13)  Metaspace       used 1025K, committed 1216K, reserved 1056768K
[40.891s][debug  ][gc,heap        ] GC(13)   class space    used 83K, committed 192K, reserved 1048576K
[40.891s][debug  ][gc,tlab        ] GC(13) TLAB totals: thrds: 1  refills: 41 max: 41 slow allocs: 1 max 1 waste:  1.4% gc: 956064B max: 956064B slow: 2053232B max: 2053232B
[40.893s][debug  ][gc,ref         ] GC(13) Skipped phase 1 of Reference Processing: no references
[40.893s][debug  ][gc,ref         ] GC(13) Skipped phase 2 of Reference Processing: no references
[40.893s][debug  ][gc,ref         ] GC(13) Skipped phase 3 of Reference Processing: no references
[40.893s][debug  ][gc,ref         ] GC(13) Skipped phase 4 of Reference Processing: no references
[40.893s][debug  ][gc,phases,ref  ] GC(13) Reference Processing: 0.2ms
[40.893s][debug  ][gc,phases,ref  ] GC(13)   Reconsider SoftReferences: 0.1ms
[40.893s][debug  ][gc,phases,ref  ] GC(13)     SoftRef: skipped
[40.893s][debug  ][gc,phases,ref  ] GC(13)   Notify Soft/WeakReferences: 0.0ms
[40.893s][debug  ][gc,phases,ref  ] GC(13)     SoftRef: skipped
[40.893s][debug  ][gc,phases,ref  ] GC(13)     WeakRef: skipped
[40.893s][debug  ][gc,phases,ref  ] GC(13)     FinalRef: skipped
[40.893s][debug  ][gc,phases,ref  ] GC(13)     Total: skipped
[40.893s][debug  ][gc,phases,ref  ] GC(13)   Notify and keep alive finalizable: 0.1ms
[40.893s][debug  ][gc,phases,ref  ] GC(13)     FinalRef: skipped
[40.893s][debug  ][gc,phases,ref  ] GC(13)   Notify PhantomReferences: 0.0ms
[40.893s][debug  ][gc,phases,ref  ] GC(13)     PhantomRef: skipped
[40.893s][debug  ][gc,phases,ref  ] GC(13)   SoftReference:
[40.893s][debug  ][gc,phases,ref  ] GC(13)     Discovered: 0
[40.893s][debug  ][gc,phases,ref  ] GC(13)     Cleared: 0
[40.893s][debug  ][gc,phases,ref  ] GC(13)   WeakReference:
[40.893s][debug  ][gc,phases,ref  ] GC(13)     Discovered: 0
[40.893s][debug  ][gc,phases,ref  ] GC(13)     Cleared: 0
[40.893s][debug  ][gc,phases,ref  ] GC(13)   FinalReference:
[40.893s][debug  ][gc,phases,ref  ] GC(13)     Discovered: 0
[40.893s][debug  ][gc,phases,ref  ] GC(13)     Cleared: 0
[40.893s][debug  ][gc,phases,ref  ] GC(13)   PhantomReference:
[40.893s][debug  ][gc,phases,ref  ] GC(13)     Discovered: 0
[40.893s][debug  ][gc,phases,ref  ] GC(13)     Cleared: 0
[40.894s][debug  ][gc,age         ] GC(13) Desired survivor size 13402112 bytes, new threshold 1 (max threshold 15)
[40.894s][info   ][gc,heap        ] GC(13) DefNew: 225152K(235968K)->17408K(235968K) Eden: 209792K(209792K)->0K(209792K) From: 15360K(26176K)->17408K(26176K)
[40.894s][info   ][gc,heap        ] GC(13) Tenured: 173670K(262144K)->173670K(262144K)
[40.894s][info   ][gc,metaspace   ] GC(13) Metaspace: 1025K(1216K)->1025K(1216K) NonClass: 942K(1024K)->942K(1024K) Class: 83K(192K)->83K(192K)
[40.894s][debug  ][gc,heap        ] GC(13) Heap after GC invocations=13 (full 1):
[40.894s][debug  ][gc,heap        ] GC(13)  def new generation   total 235968K, used 17408K [0x00000000c0000000, 0x00000000d0000000, 0x00000000d0000000)
[40.894s][debug  ][gc,heap        ] GC(13)   eden space 209792K,   0% used [0x00000000c0000000, 0x00000000c0000000, 0x00000000ccce0000)
[40.894s][debug  ][gc,heap        ] GC(13)   from space 26176K,  66% used [0x00000000ce670000, 0x00000000cf770110, 0x00000000d0000000)
[40.894s][debug  ][gc,heap        ] GC(13)   to   space 26176K,   0% used [0x00000000ccce0000, 0x00000000ccce0000, 0x00000000ce670000)
[40.894s][debug  ][gc,heap        ] GC(13)  tenured generation   total 262144K, used 173670K [0x00000000d0000000, 0x00000000e0000000, 0x0000000100000000)
[40.894s][debug  ][gc,heap        ] GC(13)    the space 262144K,  66% used [0x00000000d0000000, 0x00000000da999b50, 0x00000000da999c00, 0x00000000e0000000)
[40.894s][debug  ][gc,heap        ] GC(13)  Metaspace       used 1025K, committed 1216K, reserved 1056768K
[40.894s][debug  ][gc,heap        ] GC(13)   class space    used 83K, committed 192K, reserved 1048576K
[40.894s][info   ][gc             ] GC(13) Pause Young (Allocation Failure) 389M->186M(486M) 3.576ms
[40.894s][info   ][gc,cpu         ] GC(13) User=0.00s Sys=0.00s Real=0.00s
[44.035s][info   ][gc,start       ] GC(14) Pause Young (Allocation Failure)
[44.035s][debug  ][gc,heap        ] GC(14) Heap before GC invocations=13 (full 1):
[44.035s][debug  ][gc,heap        ] GC(14)  def new generation   total 235968K, used 227200K [0x00000000c0000000, 0x00000000d0000000, 0x00000000d0000000)
[44.035s][debug  ][gc,heap        ] GC(14)   eden space 209792K, 100% used [0x00000000c0000000, 0x00000000ccce0000, 0x00000000ccce0000)
[44.035s][debug  ][gc,heap        ] GC(14)   from space 26176K,  66% used [0x00000000ce670000, 0x00000000cf770110, 0x00000000d0000000)
[44.035s][debug  ][gc,heap        ] GC(14)   to   space 26176K,   0% used [0x00000000ccce0000, 0x00000000ccce0000, 0x00000000ce670000)
[44.035s][debug  ][gc,heap        ] GC(14)  tenured generation   total 262144K, used 173670K [0x00000000d0000000, 0x00000000e0000000, 0x0000000100000000)
[44.035s][debug  ][gc,heap        ] GC(14)    the space 262144K,  66% used [0x00000000d0000000, 0x00000000da999b50, 0x00000000da999c00, 0x00000000e0000000)
[44.035s][debug  ][gc,heap        ] GC(14)  Metaspace       used 1027K, committed 1216K, reserved 1056768K
[44.035s][debug  ][gc,heap        ] GC(14)   class space    used 83K, committed 192K, reserved 1048576K
[44.035s][debug  ][gc,tlab        ] GC(14) TLAB totals: thrds: 1  refills: 41 max: 41 slow allocs: 1 max 1 waste:  1.4% gc: 794144B max: 794144B slow: 2215152B max: 2215152B
[44.038s][debug  ][gc,ref         ] GC(14) Skipped phase 1 of Reference Processing: no references
[44.038s][debug  ][gc,ref         ] GC(14) Skipped phase 2 of Reference Processing: no references
[44.038s][debug  ][gc,ref         ] GC(14) Skipped phase 3 of Reference Processing: no references
[44.038s][debug  ][gc,ref         ] GC(14) Skipped phase 4 of Reference Processing: no references
[44.038s][debug  ][gc,phases,ref  ] GC(14) Reference Processing: 0.1ms
[44.038s][debug  ][gc,phases,ref  ] GC(14)   Reconsider SoftReferences: 0.1ms
[44.038s][debug  ][gc,phases,ref  ] GC(14)     SoftRef: skipped
[44.038s][debug  ][gc,phases,ref  ] GC(14)   Notify Soft/WeakReferences: 0.0ms
[44.038s][debug  ][gc,phases,ref  ] GC(14)     SoftRef: skipped
[44.038s][debug  ][gc,phases,ref  ] GC(14)     WeakRef: skipped
[44.038s][debug  ][gc,phases,ref  ] GC(14)     FinalRef: skipped
[44.038s][debug  ][gc,phases,ref  ] GC(14)     Total: skipped
[44.038s][debug  ][gc,phases,ref  ] GC(14)   Notify and keep alive finalizable: 0.0ms
[44.038s][debug  ][gc,phases,ref  ] GC(14)     FinalRef: skipped
[44.038s][debug  ][gc,phases,ref  ] GC(14)   Notify PhantomReferences: 0.0ms
[44.038s][debug  ][gc,phases,ref  ] GC(14)     PhantomRef: skipped
[44.038s][debug  ][gc,phases,ref  ] GC(14)   SoftReference:
[44.038s][debug  ][gc,phases,ref  ] GC(14)     Discovered: 0
[44.038s][debug  ][gc,phases,ref  ] GC(14)     Cleared: 0
[44.038s][debug  ][gc,phases,ref  ] GC(14)   WeakReference:
[44.038s][debug  ][gc,phases,ref  ] GC(14)     Discovered: 0
[44.038s][debug  ][gc,phases,ref  ] GC(14)     Cleared: 0
[44.038s][debug  ][gc,phases,ref  ] GC(14)   FinalReference:
[44.038s][debug  ][gc,phases,ref  ] GC(14)     Discovered: 0
[44.038s][debug  ][gc,phases,ref  ] GC(14)     Cleared: 0
[44.038s][debug  ][gc,phases,ref  ] GC(14)   PhantomReference:
[44.038s][debug  ][gc,phases,ref  ] GC(14)     Discovered: 0
[44.038s][debug  ][gc,phases,ref  ] GC(14)     Cleared: 0
[44.038s][debug  ][gc,age         ] GC(14) Desired survivor size 13402112 bytes, new threshold 1 (max threshold 15)
[44.038s][info   ][gc,heap        ] GC(14) DefNew: 227200K(235968K)->19456K(235968K) Eden: 209792K(209792K)->0K(209792K) From: 17408K(26176K)->19456K(26176K)
[44.038s][info   ][gc,heap        ] GC(14) Tenured: 173670K(262144K)->173670K(262144K)
[44.039s][info   ][gc,metaspace   ] GC(14) Metaspace: 1027K(1216K)->1027K(1216K) NonClass: 943K(1024K)->943K(1024K) Class: 83K(192K)->83K(192K)
[44.039s][debug  ][gc,heap        ] GC(14) Heap after GC invocations=14 (full 1):
[44.039s][debug  ][gc,heap        ] GC(14)  def new generation   total 235968K, used 19456K [0x00000000c0000000, 0x00000000d0000000, 0x00000000d0000000)
[44.039s][debug  ][gc,heap        ] GC(14)   eden space 209792K,   0% used [0x00000000c0000000, 0x00000000c0000000, 0x00000000ccce0000)
[44.039s][debug  ][gc,heap        ] GC(14)   from space 26176K,  74% used [0x00000000ccce0000, 0x00000000cdfe0130, 0x00000000ce670000)
[44.039s][debug  ][gc,heap        ] GC(14)   to   space 26176K,   0% used [0x00000000ce670000, 0x00000000ce670000, 0x00000000d0000000)
[44.039s][debug  ][gc,heap        ] GC(14)  tenured generation   total 262144K, used 173670K [0x00000000d0000000, 0x00000000e0000000, 0x0000000100000000)
[44.039s][debug  ][gc,heap        ] GC(14)    the space 262144K,  66% used [0x00000000d0000000, 0x00000000da999b50, 0x00000000da999c00, 0x00000000e0000000)
[44.039s][debug  ][gc,heap        ] GC(14)  Metaspace       used 1027K, committed 1216K, reserved 1056768K
[44.039s][debug  ][gc,heap        ] GC(14)   class space    used 83K, committed 192K, reserved 1048576K
[44.039s][info   ][gc             ] GC(14) Pause Young (Allocation Failure) 391M->188M(486M) 3.721ms
[44.039s][info   ][gc,cpu         ] GC(14) User=0.00s Sys=0.00s Real=0.00s
[46.861s][info   ][gc,heap,exit   ] Heap
[46.861s][info   ][gc,heap,exit   ]  def new generation   total 235968K, used 217027K [0x00000000c0000000, 0x00000000d0000000, 0x00000000d0000000)
[46.861s][info   ][gc,heap,exit   ]   eden space 209792K,  94% used [0x00000000c0000000, 0x00000000cc0f0ba0, 0x00000000ccce0000)
[46.861s][info   ][gc,heap,exit   ]   from space 26176K,  74% used [0x00000000ccce0000, 0x00000000cdfe0130, 0x00000000ce670000)
[46.861s][info   ][gc,heap,exit   ]   to   space 26176K,   0% used [0x00000000ce670000, 0x00000000ce670000, 0x00000000d0000000)
[46.861s][info   ][gc,heap,exit   ]  tenured generation   total 262144K, used 173670K [0x00000000d0000000, 0x00000000e0000000, 0x0000000100000000)
[46.861s][info   ][gc,heap,exit   ]    the space 262144K,  66% used [0x00000000d0000000, 0x00000000da999b50, 0x00000000da999c00, 0x00000000e0000000)
[46.861s][info   ][gc,heap,exit   ]  Metaspace       used 1089K, committed 1280K, reserved 1056768K
[46.861s][info   ][gc,heap,exit   ]   class space    used 87K, committed 192K, reserved 1048576K
[46.861s][debug  ][gc,heap,exit   ] Accumulated young generation GC time 0.1617571 secs, 14 GC's, avg GC time 0.0115541
[46.861s][debug  ][gc,heap,exit   ] Accumulated old generation GC time 0.0143417 secs, 1 GC's, avg GC time 0.0143417
